[0.012s][debug][gc,heap] Minimum heap 1073741824  Initial heap 1073741824  Maximum heap 1073741824
[0.012s][info ][gc     ] Using G1
[0.012s][debug][gc,heap,coops] Heap address: 0x00000000c0000000, size: 1024 MB, Compressed Oops mode: 32-bit
[0.013s][debug][gc           ] ConcGCThreads: 1 offset 8
[0.013s][debug][gc           ] ParallelGCThreads: 4
[0.013s][debug][gc           ] Initialize mark stack with 4096 chunks, maximum 524288
[0.013s][debug][gc,ergo,heap ] Expand the heap. requested expansion amount: 1073741824B expansion amount: 1073741824B
[0.023s][debug][gc,heap,region] Activate regions [0, 1024)
[0.023s][debug][gc,ihop       ] Target occupancy update: old: 0B, new: 1073741824B
[0.023s][debug][gc,ergo,refine] Initial Refinement Zones: green: 1024, yellow: 3072, red: 5120, min yellow size: 2048
[0.044s][debug][gc,task       ] G1 Service Thread (Remembered Set Sampling Task) (register)
[0.044s][debug][gc,task       ] G1 Service Thread (Periodic GC Task) (register)
[0.045s][info ][gc,init       ] Version: 17+35-LTS (release)
[0.045s][info ][gc,init       ] CPUs: 4 total, 4 available
[0.045s][info ][gc,init       ] Memory: 16282M
[0.045s][info ][gc,init       ] Large Page Support: Disabled
[0.045s][info ][gc,init       ] NUMA Support: Disabled
[0.045s][info ][gc,init       ] Compressed Oops: Enabled (32-bit)
[0.045s][info ][gc,init       ] Heap Region Size: 1M
[0.045s][info ][gc,init       ] Heap Min Capacity: 1G
[0.045s][info ][gc,init       ] Heap Initial Capacity: 1G
[0.045s][info ][gc,init       ] Heap Max Capacity: 1G
[0.045s][info ][gc,init       ] Pre-touch: Disabled
[0.045s][info ][gc,init       ] Parallel Workers: 4
[0.045s][info ][gc,init       ] Concurrent Workers: 1
[0.045s][info ][gc,init       ] Concurrent Refinement Workers: 4
[0.045s][info ][gc,init       ] Periodic GC: Disabled
[0.047s][info ][gc,metaspace  ] CDS archive(s) mapped at: [0x0000000800000000-0x0000000800bc0000-0x0000000800bc0000), size 12320768, SharedBaseAddress: 0x0000000800000000, ArchiveRelocationMode: 0.
[0.047s][info ][gc,metaspace  ] Compressed class space mapped at: 0x0000000800c00000-0x0000000840c00000, reserved size: 1073741824
[0.047s][info ][gc,metaspace  ] Narrow klass base: 0x0000000800000000, Narrow klass shift: 0, Narrow klass range: 0x100000000
[0.070s][debug][gc,task,start ] G1 Service Thread (Remembered Set Sampling Task) (run)
[0.070s][debug][gc,task       ] G1 Service Thread (Remembered Set Sampling Task) (run) 0.081ms (cpu: 0.000ms)
[0.070s][debug][gc,task,start ] G1 Service Thread (Periodic GC Task) (run)
[0.070s][debug][gc,task       ] G1 Service Thread (Periodic GC Task) (run) 0.026ms (cpu: 0.000ms)
[0.192s][debug][gc,refine     ] Activated worker 0, on threshold: 1536, current: 4608
[0.195s][debug][gc,refine     ] Activated worker 1, on threshold: 2048, current: 2560
[0.196s][debug][gc,refine     ] Deactivated worker 1, off threshold: 1536, current: 1536, refined cards: 512
[0.197s][debug][gc,refine     ] Deactivated worker 0, off threshold: 1024, current: 1024, refined cards: 3840
[0.201s][debug][gc,refine     ] Activated worker 0, on threshold: 1536, current: 4352
[0.201s][debug][gc,refine     ] Activated worker 1, on threshold: 2048, current: 4096
[0.203s][debug][gc,refine     ] Deactivated worker 1, off threshold: 1536, current: 1536, refined cards: 1280
[0.203s][debug][gc,refine     ] Deactivated worker 0, off threshold: 1024, current: 1024, refined cards: 2048
[0.204s][debug][gc,refine     ] Activated worker 2, on threshold: 2560, current: 1280
[0.204s][debug][gc,refine     ] Deactivated worker 2, off threshold: 2048, current: 1280, refined cards: 0
[0.212s][debug][gc,refine     ] Activated worker 0, on threshold: 1536, current: 3840
[0.212s][debug][gc,refine     ] Activated worker 1, on threshold: 2048, current: 4864
[0.212s][debug][gc,refine     ] Activated worker 2, on threshold: 2560, current: 4608
[0.213s][debug][gc,refine     ] Deactivated worker 2, off threshold: 2048, current: 1536, refined cards: 1024
[0.214s][debug][gc,refine     ] Deactivated worker 1, off threshold: 1536, current: 1280, refined cards: 1280
[0.214s][debug][gc,refine     ] Activated worker 1, on threshold: 2048, current: 2304
[0.215s][debug][gc,refine     ] Deactivated worker 1, off threshold: 1536, current: 1280, refined cards: 512
[0.215s][debug][gc,refine     ] Deactivated worker 0, off threshold: 1024, current: 1024, refined cards: 2560
[0.215s][debug][gc,refine     ] Activated worker 3, on threshold: 3072, current: 1024
[0.215s][debug][gc,refine     ] Deactivated worker 3, off threshold: 2560, current: 1024, refined cards: 0
[0.226s][debug][gc,refine     ] Activated worker 0, on threshold: 1536, current: 4096
[0.226s][debug][gc,refine     ] Activated worker 1, on threshold: 2048, current: 4864
[0.226s][debug][gc,refine     ] Activated worker 2, on threshold: 2560, current: 4608
[0.226s][debug][gc,refine     ] Activated worker 3, on threshold: 3072, current: 4352
[0.227s][debug][gc,refine     ] Deactivated worker 3, off threshold: 2560, current: 2304, refined cards: 512
[0.227s][debug][gc,refine     ] Deactivated worker 2, off threshold: 2048, current: 2048, refined cards: 768
[0.228s][debug][gc,refine     ] Activated worker 2, on threshold: 2560, current: 4864
[0.228s][debug][gc,refine     ] Activated worker 3, on threshold: 3072, current: 4608
[0.229s][debug][gc,refine     ] Deactivated worker 3, off threshold: 2560, current: 2560, refined cards: 512
[0.229s][debug][gc,refine     ] Deactivated worker 2, off threshold: 2048, current: 2048, refined cards: 768
[0.230s][debug][gc,refine     ] Deactivated worker 1, off threshold: 1536, current: 1280, refined cards: 2560
[0.230s][debug][gc,refine     ] Deactivated worker 0, off threshold: 1024, current: 1024, refined cards: 2816
[0.238s][debug][gc,refine     ] Activated worker 0, on threshold: 1536, current: 3328
[0.238s][debug][gc,refine     ] Activated worker 1, on threshold: 2048, current: 3072
[0.238s][debug][gc,refine     ] Activated worker 2, on threshold: 2560, current: 2816
[0.238s][debug][gc,refine     ] Deactivated worker 2, off threshold: 2048, current: 2048, refined cards: 256
[0.239s][debug][gc,refine     ] Deactivated worker 1, off threshold: 1536, current: 1280, refined cards: 768
[0.240s][debug][gc,refine     ] Deactivated worker 0, off threshold: 1024, current: 1024, refined cards: 1536
[0.247s][debug][gc,refine     ] Activated worker 0, on threshold: 1536, current: 4096
[0.247s][debug][gc,refine     ] Activated worker 1, on threshold: 2048, current: 4864
[0.247s][debug][gc,refine     ] Activated worker 2, on threshold: 2560, current: 4608
[0.247s][debug][gc,refine     ] Activated worker 3, on threshold: 3072, current: 4352
[0.247s][debug][gc,refine     ] Deactivated worker 3, off threshold: 2560, current: 2304, refined cards: 512
[0.248s][debug][gc,refine     ] Deactivated worker 2, off threshold: 2048, current: 1792, refined cards: 768
[0.248s][debug][gc,refine     ] Activated worker 2, on threshold: 2560, current: 4864
[0.248s][debug][gc,refine     ] Activated worker 3, on threshold: 3072, current: 4608
[0.249s][debug][gc,refine     ] Deactivated worker 2, off threshold: 2048, current: 2048, refined cards: 768
[0.249s][debug][gc,refine     ] Deactivated worker 3, off threshold: 2560, current: 2048, refined cards: 768
[0.250s][debug][gc,refine     ] Deactivated worker 1, off threshold: 1536, current: 1280, refined cards: 2048
[0.250s][debug][gc,refine     ] Activated worker 1, on threshold: 2048, current: 2304
[0.251s][debug][gc,refine     ] Deactivated worker 1, off threshold: 1536, current: 1536, refined cards: 512
[0.252s][debug][gc,refine     ] Deactivated worker 0, off threshold: 1024, current: 1024, refined cards: 4352
[0.260s][debug][gc,refine     ] Activated worker 0, on threshold: 1536, current: 3328
[0.260s][debug][gc,refine     ] Activated worker 1, on threshold: 2048, current: 3072
[0.261s][debug][gc,refine     ] Activated worker 2, on threshold: 2560, current: 2816
[0.261s][debug][gc,refine     ] Deactivated worker 2, off threshold: 2048, current: 2048, refined cards: 256
[0.261s][debug][gc,refine     ] Deactivated worker 1, off threshold: 1536, current: 1280, refined cards: 768
[0.262s][debug][gc,refine     ] Deactivated worker 0, off threshold: 1024, current: 1024, refined cards: 1536
[0.279s][debug][gc,refine     ] Activated worker 0, on threshold: 1536, current: 4608
[0.280s][debug][gc,refine     ] Activated worker 1, on threshold: 2048, current: 4864
[0.280s][debug][gc,refine     ] Activated worker 2, on threshold: 2560, current: 4608
[0.280s][debug][gc,refine     ] Activated worker 3, on threshold: 3072, current: 4352
[0.280s][debug][gc,refine     ] Deactivated worker 3, off threshold: 2560, current: 2304, refined cards: 512
[0.281s][debug][gc,refine     ] Deactivated worker 2, off threshold: 2048, current: 1792, refined cards: 768
[0.281s][debug][gc,refine     ] Activated worker 2, on threshold: 2560, current: 4608
[0.281s][debug][gc,refine     ] Activated worker 3, on threshold: 3072, current: 4352
[0.282s][debug][gc,refine     ] Deactivated worker 3, off threshold: 2560, current: 2304, refined cards: 512
[0.282s][debug][gc,refine     ] Deactivated worker 2, off threshold: 2048, current: 2048, refined cards: 768
[0.282s][debug][gc,refine     ] Activated worker 2, on threshold: 2560, current: 4608
[0.282s][debug][gc,refine     ] Activated worker 3, on threshold: 3072, current: 4352
[0.283s][debug][gc,refine     ] Deactivated worker 3, off threshold: 2560, current: 2304, refined cards: 512
[0.283s][debug][gc,refine     ] Deactivated worker 2, off threshold: 2048, current: 2048, refined cards: 768
[0.284s][debug][gc,refine     ] Activated worker 2, on threshold: 2560, current: 4864
[0.284s][debug][gc,refine     ] Activated worker 3, on threshold: 3072, current: 4608
[0.284s][debug][gc,refine     ] Deactivated worker 3, off threshold: 2560, current: 2560, refined cards: 512
[0.285s][debug][gc,refine     ] Deactivated worker 2, off threshold: 2048, current: 2048, refined cards: 768
[0.286s][debug][gc,refine     ] Deactivated worker 1, off threshold: 1536, current: 1536, refined cards: 4864
[0.287s][debug][gc,refine     ] Deactivated worker 0, off threshold: 1024, current: 1024, refined cards: 5376
[0.300s][debug][gc,refine     ] Activated worker 0, on threshold: 1536, current: 3328
[0.300s][debug][gc,refine     ] Activated worker 1, on threshold: 2048, current: 3072
[0.300s][debug][gc,refine     ] Activated worker 2, on threshold: 2560, current: 2816
[0.301s][debug][gc,refine     ] Deactivated worker 1, off threshold: 1536, current: 1536, refined cards: 512
[0.301s][debug][gc,refine     ] Deactivated worker 2, off threshold: 2048, current: 1536, refined cards: 512
[0.302s][debug][gc,refine     ] Deactivated worker 0, off threshold: 1024, current: 1024, refined cards: 1280
[0.314s][debug][gc,task,start ] G1 Service Thread (Remembered Set Sampling Task) (run)
[0.314s][debug][gc,task       ] G1 Service Thread (Remembered Set Sampling Task) (run) 0.072ms (cpu: 0.000ms)
[0.314s][debug][gc,refine     ] Activated worker 0, on threshold: 1536, current: 3328
[0.314s][debug][gc,refine     ] Activated worker 1, on threshold: 2048, current: 3072
[0.314s][debug][gc,refine     ] Activated worker 2, on threshold: 2560, current: 2816
[0.315s][debug][gc,refine     ] Deactivated worker 2, off threshold: 2048, current: 2048, refined cards: 256
[0.315s][debug][gc,refine     ] Deactivated worker 1, off threshold: 1536, current: 1536, refined cards: 768
[0.316s][debug][gc,refine     ] Deactivated worker 0, off threshold: 1024, current: 1024, refined cards: 1280
[0.325s][debug][gc,refine     ] Activated worker 0, on threshold: 1536, current: 3328
[0.325s][debug][gc,refine     ] Activated worker 1, on threshold: 2048, current: 3072
[0.325s][debug][gc,refine     ] Activated worker 2, on threshold: 2560, current: 2816
[0.326s][debug][gc,refine     ] Deactivated worker 2, off threshold: 2048, current: 2048, refined cards: 256
[0.326s][debug][gc,refine     ] Deactivated worker 1, off threshold: 1536, current: 1280, refined cards: 768
[0.327s][debug][gc,refine     ] Deactivated worker 0, off threshold: 1024, current: 1024, refined cards: 1280
[0.339s][debug][gc,refine     ] Activated worker 0, on threshold: 1536, current: 4864
[0.339s][debug][gc,refine     ] Activated worker 1, on threshold: 2048, current: 4864
[0.339s][debug][gc,refine     ] Activated worker 2, on threshold: 2560, current: 4608
[0.339s][debug][gc,refine     ] Activated worker 3, on threshold: 3072, current: 4352
[0.339s][debug][gc,refine     ] Deactivated worker 3, off threshold: 2560, current: 2304, refined cards: 512
[0.340s][debug][gc,refine     ] Deactivated worker 2, off threshold: 2048, current: 1792, refined cards: 768
[0.340s][debug][gc,refine     ] Activated worker 2, on threshold: 2560, current: 4864
[0.340s][debug][gc,refine     ] Activated worker 3, on threshold: 3072, current: 4608
[0.341s][debug][gc,refine     ] Deactivated worker 3, off threshold: 2560, current: 2560, refined cards: 512
[0.341s][debug][gc,refine     ] Deactivated worker 2, off threshold: 2048, current: 2048, refined cards: 768
[0.342s][debug][gc,refine     ] Activated worker 2, on threshold: 2560, current: 4864
[0.342s][debug][gc,refine     ] Activated worker 3, on threshold: 3072, current: 4608
[0.342s][debug][gc,refine     ] Deactivated worker 3, off threshold: 2560, current: 2560, refined cards: 512
[0.343s][debug][gc,refine     ] Deactivated worker 2, off threshold: 2048, current: 2048, refined cards: 768
[0.343s][debug][gc,refine     ] Deactivated worker 1, off threshold: 1536, current: 1280, refined cards: 3584
[0.344s][debug][gc,refine     ] Activated worker 1, on threshold: 2048, current: 4864
[0.344s][debug][gc,refine     ] Activated worker 2, on threshold: 2560, current: 4608
[0.344s][debug][gc,refine     ] Activated worker 3, on threshold: 3072, current: 4352
[0.345s][debug][gc,refine     ] Deactivated worker 3, off threshold: 2560, current: 2304, refined cards: 512
[0.345s][debug][gc,refine     ] Deactivated worker 2, off threshold: 2048, current: 1792, refined cards: 768
[0.345s][debug][gc,refine     ] Deactivated worker 1, off threshold: 1536, current: 1536, refined cards: 1024
[0.346s][debug][gc,refine     ] Activated worker 1, on threshold: 2048, current: 4864
[0.346s][debug][gc,refine     ] Activated worker 2, on threshold: 2560, current: 4608
[0.346s][debug][gc,refine     ] Activated worker 3, on threshold: 3072, current: 3840
[0.347s][debug][gc,refine     ] Deactivated worker 3, off threshold: 2560, current: 1792, refined cards: 512
[0.347s][debug][gc,refine     ] Deactivated worker 2, off threshold: 2048, current: 1792, refined cards: 768
[0.348s][debug][gc,refine     ] Deactivated worker 1, off threshold: 1536, current: 1536, refined cards: 1536
[0.349s][debug][gc,refine     ] Deactivated worker 0, off threshold: 1024, current: 1024, refined cards: 7936
[0.351s][debug][gc,heap       ] GC(0) Heap before GC invocations=0 (full 0):
[0.351s][debug][gc,heap       ] GC(0)  garbage-first heap   total 1048576K, used 103424K [0x00000000c0000000, 0x0000000100000000)
[0.351s][debug][gc,heap       ] GC(0)   region size 1024K, 51 young (52224K), 0 survivors (0K)
[0.351s][debug][gc,heap       ] GC(0)  Metaspace       used 482K, committed 640K, reserved 1056768K
[0.351s][debug][gc,heap       ] GC(0)   class space    used 37K, committed 128K, reserved 1048576K
[0.351s][info ][gc,start      ] GC(0) Pause Young (Normal) (G1 Evacuation Pause)
[0.351s][info ][gc,task       ] GC(0) Using 4 workers of 4 for evacuation
[0.351s][debug][gc,tlab       ] GC(0) TLAB totals: thrds: 3  refills: 150 max: 148 slow allocs: 11 max 11 waste:  1.2% gc: 525048B max: 524008B slow: 85296B max: 85296B
[0.351s][debug][gc,age        ] GC(0) Desired survivor size 3670016 bytes, new threshold 15 (max threshold 15)
[0.352s][debug][gc,refine,stats] GC(0) Mutator refinement: 22.52ms, refined: 3584, precleaned: 0, dirtied: 83761
[0.352s][debug][gc,refine,stats] GC(0) Concurrent refinement: 101.66ms, refined: 78592, precleaned: 0, dirtied: 0
[0.352s][debug][gc,refine,stats] GC(0) Total refinement: 124.19ms, refined: 82176, precleaned: 0, dirtied: 83761
[0.352s][debug][gc,refine,stats] GC(0) Concurrent refinement rate: 661.71 cards/ms
[0.352s][debug][gc,refine,stats] GC(0) Generate dirty cards rate: 246.96 cards/ms
[0.352s][debug][gc,alloc,region] GC(0) Mutator Allocation stats, regions: 51, wasted size: 0B ( 0.0%)
[0.352s][debug][gc,humongous   ] GC(0) Humongous region 0 (object size 640280 @ 0x00000000c0000000) remset 0 code roots 0 marked 0 reclaim candidate 0 type array 0
[0.352s][debug][gc,humongous   ] GC(0) Humongous region 4 (object size 2160888 @ 0x00000000c0400000) remset 0 code roots 0 marked 0 reclaim candidate 0 type array 0
[0.352s][debug][gc,humongous   ] GC(0) Humongous region 2 (object size 1440600 @ 0x00000000c0200000) remset 0 code roots 0 marked 0 reclaim candidate 0 type array 0
[0.352s][debug][gc,humongous   ] GC(0) Humongous region 1 (object size 960408 @ 0x00000000c0100000) remset 0 code roots 0 marked 0 reclaim candidate 0 type array 0
[0.352s][debug][gc,humongous   ] GC(0) Humongous region 7 (object size 3241320 @ 0x00000000c0700000) remset 0 code roots 0 marked 0 reclaim candidate 0 type array 0
[0.352s][debug][gc,humongous   ] GC(0) Humongous region 11 (object size 4861968 @ 0x00000000c0b00000) remset 0 code roots 0 marked 0 reclaim candidate 0 type array 0
[0.352s][debug][gc,humongous   ] GC(0) Humongous region 16 (object size 7292936 @ 0x00000000c1000000) remset 0 code roots 0 marked 0 reclaim candidate 0 type array 0
[0.352s][debug][gc,humongous   ] GC(0) Humongous region 23 (object size 10939400 @ 0x00000000c1700000) remset 0 code roots 0 marked 0 reclaim candidate 0 type array 0
[0.352s][debug][gc,humongous   ] GC(0) Humongous region 34 (object size 16409088 @ 0x00000000c2200000) remset 0 code roots 0 marked 0 reclaim candidate 0 type array 0
[0.352s][debug][gc,ergo        ] GC(0) Running G1 Merge Heap Roots using 4 workers for 51 regions
[0.352s][debug][gc,remset      ] GC(0) Visited cards 84736 Total dirty 92160 (91.94%) Total old 311296 (27.22%)
[0.505s][debug][gc,ref         ] GC(0) Skipped phase 1 of Reference Processing: no references
[0.505s][debug][gc,ref         ] GC(0) ReferenceProcessor::execute queues: 1, RefProcThreadModel::Single, marks_oops_alive: false
[0.505s][debug][gc,ref         ] GC(0) Skipped phase 3 of Reference Processing: no references
[0.505s][debug][gc,ref         ] GC(0) ReferenceProcessor::execute queues: 1, RefProcThreadModel::Single, marks_oops_alive: false
[0.505s][debug][gc,ergo        ] GC(0) Running G1 Rebuild Free List Task using 4 workers for rebuilding free list of regions
[0.505s][debug][gc,plab        ] GC(0) Young PLAB allocation: allocated: 7290816B, wasted: 5312B, unused: 0B, used: 7285504B, undo waste: 0B, 
[0.505s][debug][gc,plab        ] GC(0) Young other allocation: region end waste: 0B, regions filled: 7, direct allocated: 49216B, failure used: 0B, failure wasted: 0B
[0.505s][debug][gc,plab        ] GC(0) Young sizing: calculated: 1457096B, actual: 1457096B
[0.505s][debug][gc,plab        ] GC(0) Old PLAB allocation: allocated: 39247872B, wasted: 76600B, unused: 9192B, used: 39162080B, undo waste: 0B, 
[0.505s][debug][gc,plab        ] GC(0) Old other allocation: region end waste: 0B, regions filled: 38, direct allocated: 0B, failure used: 0B, failure wasted: 0B
[0.505s][debug][gc,plab        ] GC(0) Old sizing: calculated: 7832416B, actual: 7832416B
[0.505s][debug][gc,ergo,heap   ] GC(0) Heap expansion: short term pause time ratio 0.00% long term pause time ratio 0.00% threshold 7.69% pause time ratio 7.69% fully expanded true resize by 0B
[0.505s][debug][gc,mmu         ] GC(0) MMU: 154.0ms (200.0ms/201.0ms)
[0.505s][debug][gc,alloc,stats ] Old generation allocation in the last mutator period, old gen allocated: 39247872B, humongous allocated: 52428800B,old gen growth: 91676672B.
[0.506s][debug][gc,ihop        ] GC(0) Basic information (value update), threshold: 483183820B (45.00), target occupancy: 1073741824B, current occupancy: 99016704B, recent allocation size: 91676672B, recent allocation duration: 339.16ms, recent old gen allocation rate: 270303011.00B/s, recent marking phase length: 0.00ms
[0.506s][debug][gc,ihop        ] GC(0) Adaptive IHOP information (value update), threshold: 483183820B (52.94), internal target occupancy: 912680550B, occupancy: 99016704B, additional buffer size: 53477376B, predicted old gen allocation rate: 540606022.01B/s, predicted marking phase length: 0.00ms, prediction active: false
[0.506s][debug][gc,ergo,refine ] GC(0) Concurrent refinement times: Logged Cards Scan time goal: 20.00ms Logged Cards Scan time: 0.84ms HCC time: 0.00ms
[0.506s][debug][gc,ergo,refine ] GC(0) Updated Refinement Zones: green: 1126, yellow: 3378, red: 5630
[0.506s][info ][gc,phases      ] GC(0)   Pre Evacuate Collection Set: 0.5ms
[0.506s][debug][gc,phases      ] GC(0)     Prepare TLABs: 0.0ms
[0.506s][debug][gc,phases      ] GC(0)     Concatenate Dirty Card Logs: 0.0ms
[0.506s][debug][gc,refine      ] Activated worker 0, on threshold: 1638, current: 17280
[0.506s][debug][gc,phases      ] GC(0)     Choose Collection Set: 0.0ms
[0.506s][debug][gc,phases      ] GC(0)     Region Register: 0.4ms
[0.506s][debug][gc,phases      ] GC(0)     Prepare Heap Roots: 0.0ms
[0.506s][info ][gc,phases      ] GC(0)   Merge Heap Roots: 0.3ms
[0.506s][debug][gc,phases      ] GC(0)     Prepare Merge Heap Roots: 0.0ms
[0.506s][debug][gc,phases      ] GC(0)     Eager Reclaim (ms):            skipped
[0.506s][debug][gc,phases      ] GC(0)     Remembered Sets (ms):          Min:  0.2, Avg:  0.2, Max:  0.2, Diff:  0.0, Sum:  0.8, Workers: 4
[0.506s][debug][gc,phases      ] GC(0)       Merged Sparse:                 Min: 0, Avg:  4.5, Max: 18, Diff: 18, Sum: 18, Workers: 4
[0.506s][debug][gc,phases      ] GC(0)       Merged Fine:                   Min: 47, Avg: 62.5, Max: 91, Diff: 44, Sum: 250, Workers: 4
[0.506s][debug][gc,phases      ] GC(0)       Merged Coarse:                 Min: 0, Avg:  0.0, Max: 0, Diff: 0, Sum: 0, Workers: 4
[0.506s][debug][gc,phases      ] GC(0)       Dirty Cards:                   Min: 20269, Avg: 20537.5, Max: 21006, Diff: 737, Sum: 82150, Workers: 4
[0.506s][debug][gc,phases      ] GC(0)     Hot Card Cache (ms):           Min:  0.0, Avg:  0.0, Max:  0.0, Diff:  0.0, Sum:  0.0, Workers: 4
[0.506s][debug][gc,phases      ] GC(0)       Dirty Cards:                   Min: 0, Avg:  0.0, Max: 0, Diff: 0, Sum: 0, Workers: 4
[0.506s][debug][gc,phases      ] GC(0)       Skipped Cards:                 Min: 0, Avg:  0.0, Max: 0, Diff: 0, Sum: 0, Workers: 4
[0.506s][debug][gc,phases      ] GC(0)     Log Buffers (ms):              Min:  0.0, Avg:  0.0, Max:  0.0, Diff:  0.0, Sum:  0.0, Workers: 4
[0.506s][debug][gc,phases      ] GC(0)       Dirty Cards:                   Min: 41, Avg: 388.3, Max: 504, Diff: 463, Sum: 1553, Workers: 4
[0.506s][debug][gc,phases      ] GC(0)       Skipped Cards:                 Min: 0, Avg:  0.0, Max: 0, Diff: 0, Sum: 0, Workers: 4
[0.506s][info ][gc,phases      ] GC(0)   Evacuate Collection Set: 152.1ms
[0.506s][debug][gc,phases      ] GC(0)     Ext Root Scanning (ms):        Min:  0.1, Avg:  0.1, Max:  0.3, Diff:  0.3, Sum:  0.6, Workers: 4
[0.506s][debug][gc,phases      ] GC(0)     Scan Heap Roots (ms):          Min: 26.3, Avg: 44.9, Max: 68.3, Diff: 42.0, Sum: 179.5, Workers: 4
[0.506s][debug][gc,phases      ] GC(0)       Scanned Cards:                 Min: 15223, Avg: 20940.3, Max: 27671, Diff: 12448, Sum: 83761, Workers: 4
[0.507s][debug][gc,phases      ] GC(0)       Scanned Blocks:                Min: 60, Avg: 82.8, Max: 109, Diff: 49, Sum: 331, Workers: 4
[0.507s][debug][gc,phases      ] GC(0)       Claimed Chunks:                Min: 60, Avg: 82.8, Max: 109, Diff: 49, Sum: 331, Workers: 4
[0.507s][debug][gc,phases      ] GC(0)     Code Root Scan (ms):           Min:  0.0, Avg:  0.0, Max:  0.1, Diff:  0.1, Sum:  0.1, Workers: 4
[0.507s][debug][gc,phases      ] GC(0)     Object Copy (ms):              Min: 83.0, Avg: 106.4, Max: 124.8, Diff: 41.9, Sum: 425.8, Workers: 4
[0.507s][debug][gc,phases      ] GC(0)     Termination (ms):              Min:  0.0, Avg:  0.4, Max:  0.7, Diff:  0.7, Sum:  1.8, Workers: 4
[0.507s][debug][gc,phases      ] GC(0)       Termination Attempts:          Min: 1, Avg:  2.0, Max: 4, Diff: 3, Sum: 8, Workers: 4
[0.507s][debug][gc,phases      ] GC(0)     GC Worker Other (ms):          Min:  0.0, Avg:  0.0, Max:  0.1, Diff:  0.0, Sum:  0.2, Workers: 4
[0.507s][debug][gc,phases      ] GC(0)     GC Worker Total (ms):          Min: 151.9, Avg: 152.0, Max: 152.1, Diff:  0.2, Sum: 607.9, Workers: 4
[0.507s][info ][gc,phases      ] GC(0)   Post Evacuate Collection Set: 0.6ms
[0.507s][debug][gc,phases      ] GC(0)     Code Roots Fixup: 0.0ms
[0.507s][debug][gc,phases      ] GC(0)     Reference Processing: 0.2ms
[0.507s][debug][gc,phases,ref  ] GC(0)       Reconsider SoftReferences: 0.1ms
[0.507s][debug][gc,phases,ref  ] GC(0)         SoftRef (ms):                  skipped
[0.507s][debug][gc,phases,ref  ] GC(0)       Notify Soft/WeakReferences: 0.1ms
[0.507s][debug][gc,phases,ref  ] GC(0)         SoftRef (ms):                  Min:  0.0, Avg:  0.0, Max:  0.0, Diff:  0.0, Sum:  0.0, Workers: 4
[0.507s][debug][gc,phases,ref  ] GC(0)         WeakRef (ms):                  Min:  0.0, Avg:  0.0, Max:  0.0, Diff:  0.0, Sum:  0.0, Workers: 4
[0.507s][debug][gc,phases,ref  ] GC(0)         FinalRef (ms):                 Min:  0.0, Avg:  0.0, Max:  0.0, Diff:  0.0, Sum:  0.0, Workers: 4
[0.507s][debug][gc,phases,ref  ] GC(0)         Total (ms):                    Min:  0.0, Avg:  0.0, Max:  0.0, Diff:  0.0, Sum:  0.0, Workers: 4
[0.507s][debug][gc,phases,ref  ] GC(0)       Notify and keep alive finalizable: 0.0ms
[0.507s][debug][gc,phases,ref  ] GC(0)         FinalRef (ms):                 skipped
[0.507s][debug][gc,phases,ref  ] GC(0)       Notify PhantomReferences: 0.0ms
[0.507s][debug][gc,phases,ref  ] GC(0)         PhantomRef (ms):               Min:  0.0, Avg:  0.0, Max:  0.0, Diff:  0.0, Sum:  0.0, Workers: 4
[0.507s][debug][gc,phases,ref  ] GC(0)       SoftReference:
[0.507s][debug][gc,phases,ref  ] GC(0)         Discovered: 0
[0.507s][debug][gc,phases,ref  ] GC(0)         Cleared: 0
[0.507s][debug][gc,phases,ref  ] GC(0)       WeakReference:
[0.507s][debug][gc,phases,ref  ] GC(0)         Discovered: 190
[0.507s][debug][gc,phases,ref  ] GC(0)         Cleared: 154
[0.507s][debug][gc,phases,ref  ] GC(0)       FinalReference:
[0.507s][debug][gc,phases,ref  ] GC(0)         Discovered: 0
[0.507s][debug][gc,phases,ref  ] GC(0)         Cleared: 0
[0.507s][debug][gc,phases,ref  ] GC(0)       PhantomReference:
[0.507s][debug][gc,phases,ref  ] GC(0)         Discovered: 2
[0.507s][debug][gc,phases,ref  ] GC(0)         Cleared: 0
[0.507s][debug][gc,phases      ] GC(0)     Weak Processing: 0.1ms
[0.507s][debug][gc,phases      ] GC(0)       VM Weak                        Min:  0.0, Avg:  0.0, Max:  0.0, Diff:  0.0, Sum:  0.0, Workers: 3
[0.507s][debug][gc,phases      ] GC(0)         Dead                           Min: 0, Avg:  0.0, Max: 0, Diff: 0, Sum: 0, Workers: 3
[0.507s][debug][gc,phases      ] GC(0)         Total                          Min: 0, Avg:  4.7, Max: 14, Diff: 14, Sum: 14, Workers: 3
[0.507s][debug][gc,phases      ] GC(0)       ObjectSynchronizer Weak        Min:  0.0, Avg:  0.0, Max:  0.0, Diff:  0.0, Sum:  0.0, Workers: 3
[0.507s][debug][gc,phases      ] GC(0)         Dead                           Min: 0, Avg:  0.0, Max: 0, Diff: 0, Sum: 0, Workers: 3
[0.508s][debug][gc,phases      ] GC(0)         Total                          Min: 0, Avg:  1.0, Max: 3, Diff: 3, Sum: 3, Workers: 3
[0.508s][debug][gc,phases      ] GC(0)       JVMTI Tag Weak OopStorage      Min:  0.0, Avg:  0.0, Max:  0.0, Diff:  0.0, Sum:  0.0, Workers: 3
[0.508s][debug][gc,phases      ] GC(0)         Dead                           Min: 0, Avg:  0.0, Max: 0, Diff: 0, Sum: 0, Workers: 3
[0.508s][debug][gc,phases      ] GC(0)         Total                          Min: 0, Avg:  0.0, Max: 0, Diff: 0, Sum: 0, Workers: 3
[0.508s][debug][gc,phases      ] GC(0)       StringTable Weak               Min:  0.0, Avg:  0.0, Max:  0.0, Diff:  0.0, Sum:  0.1, Workers: 3
[0.508s][debug][gc,phases      ] GC(0)         Dead                           Min: 0, Avg:  0.7, Max: 2, Diff: 2, Sum: 2, Workers: 3
[0.508s][debug][gc,phases      ] GC(0)         Total                          Min: 576, Avg: 821.3, Max: 960, Diff: 384, Sum: 2464, Workers: 3
[0.508s][debug][gc,phases      ] GC(0)       ResolvedMethodTable Weak       Min:  0.0, Avg:  0.0, Max:  0.0, Diff:  0.0, Sum:  0.0, Workers: 3
[0.508s][debug][gc,phases      ] GC(0)         Dead                           Min: 0, Avg:  0.0, Max: 0, Diff: 0, Sum: 0, Workers: 3
[0.508s][debug][gc,phases      ] GC(0)         Total                          Min: 9, Avg: 45.7, Max: 64, Diff: 55, Sum: 137, Workers: 3
[0.508s][debug][gc,phases      ] GC(0)       JNI Weak                       Min:  0.0, Avg:  0.0, Max:  0.0, Diff:  0.0, Sum:  0.0, Workers: 3
[0.508s][debug][gc,phases      ] GC(0)         Dead                           Min: 0, Avg:  0.0, Max: 0, Diff: 0, Sum: 0, Workers: 3
[0.508s][debug][gc,phases      ] GC(0)         Total                          Min: 0, Avg:  0.0, Max: 0, Diff: 0, Sum: 0, Workers: 3
[0.508s][debug][gc,phases      ] GC(0)       StringDedup Table Weak         Min:  0.0, Avg:  0.0, Max:  0.0, Diff:  0.0, Sum:  0.0, Workers: 3
[0.508s][debug][gc,phases      ] GC(0)         Dead                           Min: 0, Avg:  0.0, Max: 0, Diff: 0, Sum: 0, Workers: 3
[0.508s][debug][gc,phases      ] GC(0)         Total                          Min: 0, Avg:  0.0, Max: 0, Diff: 0, Sum: 0, Workers: 3
[0.508s][debug][gc,phases      ] GC(0)       StringDedup Requests0 Weak     Min:  0.0, Avg:  0.0, Max:  0.0, Diff:  0.0, Sum:  0.0, Workers: 3
[0.508s][debug][gc,phases      ] GC(0)         Dead                           Min: 0, Avg:  0.0, Max: 0, Diff: 0, Sum: 0, Workers: 3
[0.508s][debug][gc,phases      ] GC(0)         Total                          Min: 0, Avg:  0.0, Max: 0, Diff: 0, Sum: 0, Workers: 3
[0.508s][debug][gc,phases      ] GC(0)       StringDedup Requests1 Weak     Min:  0.0, Avg:  0.0, Max:  0.0, Diff:  0.0, Sum:  0.0, Workers: 3
[0.508s][debug][gc,phases      ] GC(0)         Dead                           Min: 0, Avg:  0.0, Max: 0, Diff: 0, Sum: 0, Workers: 3
[0.508s][debug][gc,phases      ] GC(0)         Total                          Min: 0, Avg:  0.0, Max: 0, Diff: 0, Sum: 0, Workers: 3
[0.508s][debug][gc,phases      ] GC(0)       Weak JFR Old Object Samples    Min:  0.0, Avg:  0.0, Max:  0.0, Diff:  0.0, Sum:  0.0, Workers: 3
[0.508s][debug][gc,phases      ] GC(0)         Dead                           Min: 0, Avg:  0.0, Max: 0, Diff: 0, Sum: 0, Workers: 3
[0.508s][debug][gc,phases      ] GC(0)         Total                          Min: 0, Avg:  0.0, Max: 0, Diff: 0, Sum: 0, Workers: 3
[0.508s][debug][gc,phases      ] GC(0)     Post Evacuate Cleanup 1: 0.0ms
[0.508s][debug][gc,phases      ] GC(0)       Merge Per-Thread State (ms):   Min:  0.0, Avg:  0.0, Max:  0.0, Diff:  0.0, Sum:  0.0, Workers: 1
[0.508s][debug][gc,phases      ] GC(0)         Copied Bytes                   Min: 7325504, Avg: 11624200.0, Max: 14656224, Diff: 7330720, Sum: 46496800, Workers: 4
[0.508s][debug][gc,phases      ] GC(0)         LAB Waste                      Min: 12864, Avg: 20478.0, Max: 26336, Diff: 13472, Sum: 81912, Workers: 4
[0.508s][debug][gc,phases      ] GC(0)         LAB Undo Waste                 Min: 0, Avg:  0.0, Max: 0, Diff: 0, Sum: 0, Workers: 4
[0.508s][debug][gc,phases      ] GC(0)       Clear Logged Cards (ms):       Min:  0.0, Avg:  0.0, Max:  0.0, Diff:  0.0, Sum:  0.0, Workers: 3
[0.508s][debug][gc,phases      ] GC(0)       Recalculate Used Memory (ms):  Min:  0.0, Avg:  0.0, Max:  0.0, Diff:  0.0, Sum:  0.0, Workers: 1
[0.508s][debug][gc,phases      ] GC(0)     Post Evacuate Cleanup 2: 0.1ms
[0.508s][debug][gc,phases      ] GC(0)       Reset Hot Card Cache (ms):     Min:  0.0, Avg:  0.0, Max:  0.0, Diff:  0.0, Sum:  0.0, Workers: 1
[0.508s][debug][gc,phases      ] GC(0)       Purge Code Roots (ms):         Min:  0.0, Avg:  0.0, Max:  0.0, Diff:  0.0, Sum:  0.0, Workers: 1
[0.508s][debug][gc,phases      ] GC(0)       Update Derived Pointers (ms):  Min:  0.0, Avg:  0.0, Max:  0.0, Diff:  0.0, Sum:  0.0, Workers: 1
[0.508s][debug][gc,phases      ] GC(0)       Eagerly Reclaim Humongous Objects (ms): Min:  0.0, Avg:  0.0, Max:  0.0, Diff:  0.0, Sum:  0.0, Workers: 1
[0.509s][debug][gc,phases      ] GC(0)         Humongous Total                Min: 9, Avg:  9.0, Max: 9, Diff: 0, Sum: 9, Workers: 1
[0.509s][debug][gc,phases      ] GC(0)         Humongous Candidates           Min: 0, Avg:  0.0, Max: 0, Diff: 0, Sum: 0, Workers: 1
[0.509s][debug][gc,phases      ] GC(0)         Humongous Reclaimed            Min: 0, Avg:  0.0, Max: 0, Diff: 0, Sum: 0, Workers: 1
[0.509s][debug][gc,phases      ] GC(0)       Redirty Logged Cards (ms):     Min:  0.0, Avg:  0.0, Max:  0.0, Diff:  0.0, Sum:  0.1, Workers: 4
[0.509s][debug][gc,phases      ] GC(0)         Redirtied Cards:               Min: 0, Avg: 4320.0, Max: 7623, Diff: 7623, Sum: 17280, Workers: 4
[0.509s][debug][gc,phases      ] GC(0)       Free Collection Set (ms):      Min:  0.0, Avg:  0.0, Max:  0.0, Diff:  0.0, Sum:  0.1, Workers: 4
[0.509s][debug][gc,phases      ] GC(0)     Rebuild Free List: 0.1ms
[0.509s][debug][gc,phases      ] GC(0)     Start New Collection Set: 0.0ms
[0.509s][debug][gc,phases      ] GC(0)     Resize TLABs: 0.0ms
[0.509s][debug][gc,phases      ] GC(0)     Expand Heap After Collection: 0.0ms
[0.509s][info ][gc,phases      ] GC(0)   Other: 1.3ms
[0.509s][info ][gc,heap        ] GC(0) Eden regions: 51->0(44)
[0.509s][info ][gc,heap        ] GC(0) Survivor regions: 0->7(7)
[0.509s][info ][gc,heap        ] GC(0) Old regions: 0->38
[0.509s][info ][gc,heap        ] GC(0) Archive regions: 0->0
[0.509s][info ][gc,heap        ] GC(0) Humongous regions: 50->50
[0.509s][info ][gc,metaspace   ] GC(0) Metaspace: 482K(640K)->482K(640K) NonClass: 444K(512K)->444K(512K) Class: 37K(128K)->37K(128K)
[0.509s][debug][gc,heap        ] GC(0) Heap after GC invocations=1 (full 0):
[0.509s][debug][gc,heap        ] GC(0)  garbage-first heap   total 1048576K, used 96696K [0x00000000c0000000, 0x0000000100000000)
[0.509s][debug][gc,heap        ] GC(0)   region size 1024K, 7 young (7168K), 7 survivors (7168K)
[0.509s][debug][gc,heap        ] GC(0)  Metaspace       used 482K, committed 640K, reserved 1056768K
[0.509s][debug][gc,heap        ] GC(0)   class space    used 37K, committed 128K, reserved 1048576K
[0.509s][info ][gc             ] GC(0) Pause Young (Normal) (G1 Evacuation Pause) 101M->94M(1024M) 158.038ms
[0.509s][info ][gc,cpu         ] GC(0) User=0.39s Sys=0.02s Real=0.16s
[0.509s][debug][gc,refine      ] Activated worker 1, on threshold: 2252, current: 17155
[0.509s][debug][gc,refine      ] Activated worker 2, on threshold: 2815, current: 16899
[0.509s][debug][gc,refine      ] Activated worker 3, on threshold: 3378, current: 16643
[0.514s][debug][gc,refine      ] Deactivated worker 3, off threshold: 2815, current: 2759, refined cards: 4096
[0.515s][debug][gc,refine      ] Deactivated worker 2, off threshold: 2252, current: 1991, refined cards: 4608
[0.515s][debug][gc,refine      ] Deactivated worker 1, off threshold: 1689, current: 1280, refined cards: 4466
[0.516s][debug][gc,refine      ] Deactivated worker 0, off threshold: 1126, current: 1024, refined cards: 3086
[0.520s][debug][gc,refine      ] Activated worker 0, on threshold: 1638, current: 1792
[0.521s][debug][gc,refine      ] Deactivated worker 0, off threshold: 1126, current: 1024, refined cards: 1024
[0.523s][debug][gc,refine      ] Activated worker 0, on threshold: 1638, current: 1792
[0.524s][debug][gc,refine      ] Deactivated worker 0, off threshold: 1126, current: 1024, refined cards: 1024
[0.527s][debug][gc,refine      ] Activated worker 0, on threshold: 1638, current: 1792
[0.528s][debug][gc,refine      ] Deactivated worker 0, off threshold: 1126, current: 1024, refined cards: 768
[0.530s][debug][gc,refine      ] Activated worker 0, on threshold: 1638, current: 1792
[0.531s][debug][gc,refine      ] Deactivated worker 0, off threshold: 1126, current: 1024, refined cards: 1024
[0.534s][debug][gc,refine      ] Activated worker 0, on threshold: 1638, current: 1792
[0.535s][debug][gc,refine      ] Deactivated worker 0, off threshold: 1126, current: 1024, refined cards: 1024
[0.538s][debug][gc,refine      ] Activated worker 0, on threshold: 1638, current: 1792
[0.539s][debug][gc,refine      ] Deactivated worker 0, off threshold: 1126, current: 1024, refined cards: 1024
[0.542s][debug][gc,refine      ] Activated worker 0, on threshold: 1638, current: 1792
[0.543s][debug][gc,refine      ] Deactivated worker 0, off threshold: 1126, current: 1024, refined cards: 768
[0.545s][debug][gc,refine      ] Activated worker 0, on threshold: 1638, current: 1792
[0.546s][debug][gc,refine      ] Deactivated worker 0, off threshold: 1126, current: 1024, refined cards: 768
[0.548s][debug][gc,refine      ] Activated worker 0, on threshold: 1638, current: 1792
[0.549s][debug][gc,refine      ] Deactivated worker 0, off threshold: 1126, current: 1024, refined cards: 768
[0.551s][debug][gc,refine      ] Activated worker 0, on threshold: 1638, current: 1792
[0.552s][debug][gc,refine      ] Deactivated worker 0, off threshold: 1126, current: 1024, refined cards: 768
[0.555s][debug][gc,refine      ] Activated worker 0, on threshold: 1638, current: 1792
[0.556s][debug][gc,refine      ] Deactivated worker 0, off threshold: 1126, current: 1024, refined cards: 768
[0.577s][debug][gc,refine      ] Activated worker 0, on threshold: 1638, current: 2816
[0.577s][debug][gc,refine      ] Activated worker 1, on threshold: 2252, current: 5120
[0.577s][debug][gc,refine      ] Activated worker 2, on threshold: 2815, current: 4864
[0.579s][debug][gc,refine      ] Deactivated worker 2, off threshold: 2252, current: 2048, refined cards: 1024
[0.579s][debug][gc,refine      ] Activated worker 3, on threshold: 3378, current: 1792
[0.579s][debug][gc,refine      ] Deactivated worker 3, off threshold: 2815, current: 1792, refined cards: 0
[0.579s][debug][gc,refine      ] Deactivated worker 1, off threshold: 1689, current: 1536, refined cards: 1280
[0.580s][debug][gc,refine      ] Activated worker 1, on threshold: 2252, current: 5120
[0.580s][debug][gc,refine      ] Activated worker 2, on threshold: 2815, current: 4864
[0.580s][debug][gc,refine      ] Activated worker 3, on threshold: 3378, current: 4608
[0.580s][debug][gc,refine      ] Deactivated worker 3, off threshold: 2815, current: 2560, refined cards: 512
[0.580s][debug][gc,refine      ] Deactivated worker 2, off threshold: 2252, current: 2048, refined cards: 768
[0.581s][debug][gc,refine      ] Deactivated worker 1, off threshold: 1689, current: 1280, refined cards: 1280
[0.581s][debug][gc,refine      ] Activated worker 1, on threshold: 2252, current: 5120
[0.581s][debug][gc,refine      ] Activated worker 2, on threshold: 2815, current: 4864
[0.581s][debug][gc,refine      ] Activated worker 3, on threshold: 3378, current: 4608
[0.581s][debug][gc,refine      ] Deactivated worker 3, off threshold: 2815, current: 2560, refined cards: 512
[0.582s][debug][gc,refine      ] Deactivated worker 2, off threshold: 2252, current: 2048, refined cards: 768
[0.582s][debug][gc,refine      ] Deactivated worker 1, off threshold: 1689, current: 1536, refined cards: 1280
[0.583s][debug][gc,refine      ] Deactivated worker 0, off threshold: 1126, current: 1024, refined cards: 5376
[0.583s][debug][gc,refine      ] Activated worker 0, on threshold: 1638, current: 2560
[0.583s][debug][gc,refine      ] Activated worker 1, on threshold: 2252, current: 5120
[0.583s][debug][gc,refine      ] Activated worker 2, on threshold: 2815, current: 4864
[0.583s][debug][gc,refine      ] Activated worker 3, on threshold: 3378, current: 4608
[0.584s][debug][gc,refine      ] Deactivated worker 3, off threshold: 2815, current: 2304, refined cards: 768
[0.584s][debug][gc,refine      ] Deactivated worker 2, off threshold: 2252, current: 2048, refined cards: 1024
[0.584s][debug][gc,refine      ] Deactivated worker 1, off threshold: 1689, current: 1280, refined cards: 1536
[0.585s][debug][gc,refine      ] Deactivated worker 0, off threshold: 1126, current: 1024, refined cards: 1024
[0.585s][debug][gc,refine      ] Activated worker 0, on threshold: 1638, current: 2304
[0.585s][debug][gc,refine      ] Activated worker 1, on threshold: 2252, current: 5120
[0.585s][debug][gc,refine      ] Activated worker 2, on threshold: 2815, current: 4864
[0.587s][debug][gc,refine      ] Deactivated worker 2, off threshold: 2252, current: 1536, refined cards: 512
[0.587s][debug][gc,refine      ] Activated worker 3, on threshold: 3378, current: 1536
[0.587s][debug][gc,refine      ] Deactivated worker 1, off threshold: 1689, current: 1536, refined cards: 1536
[0.587s][debug][gc,refine      ] Deactivated worker 3, off threshold: 2815, current: 1536, refined cards: 0
[0.587s][debug][gc,refine      ] Activated worker 1, on threshold: 2252, current: 5120
[0.587s][debug][gc,refine      ] Activated worker 2, on threshold: 2815, current: 4864
[0.587s][debug][gc,refine      ] Activated worker 3, on threshold: 3378, current: 4608
[0.588s][debug][gc,refine      ] Deactivated worker 3, off threshold: 2815, current: 2560, refined cards: 512
[0.588s][debug][gc,refine      ] Deactivated worker 2, off threshold: 2252, current: 2048, refined cards: 768
[0.589s][debug][gc,refine      ] Deactivated worker 1, off threshold: 1689, current: 1280, refined cards: 1280
[0.589s][debug][gc,refine      ] Activated worker 1, on threshold: 2252, current: 5120
[0.590s][debug][gc,refine      ] Activated worker 2, on threshold: 2815, current: 4864
[0.590s][debug][gc,refine      ] Activated worker 3, on threshold: 3378, current: 4608
[0.590s][debug][gc,refine      ] Deactivated worker 3, off threshold: 2815, current: 2560, refined cards: 512
[0.591s][debug][gc,refine      ] Deactivated worker 2, off threshold: 2252, current: 1536, refined cards: 1024
[0.591s][debug][gc,refine      ] Deactivated worker 1, off threshold: 1689, current: 1536, refined cards: 1024
[0.592s][debug][gc,refine      ] Deactivated worker 0, off threshold: 1126, current: 1024, refined cards: 6144
[0.595s][debug][gc,refine      ] Activated worker 0, on threshold: 1638, current: 1792
[0.596s][debug][gc,refine      ] Deactivated worker 0, off threshold: 1126, current: 1024, refined cards: 768
[0.599s][debug][gc,refine      ] Activated worker 0, on threshold: 1638, current: 1792
[0.600s][debug][gc,refine      ] Deactivated worker 0, off threshold: 1126, current: 1024, refined cards: 768
[0.602s][debug][gc,refine      ] Activated worker 0, on threshold: 1638, current: 1792
[0.603s][debug][gc,refine      ] Deactivated worker 0, off threshold: 1126, current: 1024, refined cards: 768
[0.605s][debug][gc,refine      ] Activated worker 0, on threshold: 1638, current: 1792
[0.606s][debug][gc,refine      ] Deactivated worker 0, off threshold: 1126, current: 1024, refined cards: 768
[0.608s][debug][gc,refine      ] Activated worker 0, on threshold: 1638, current: 1792
[0.609s][debug][gc,refine      ] Deactivated worker 0, off threshold: 1126, current: 1024, refined cards: 768
[0.612s][debug][gc,refine      ] Activated worker 0, on threshold: 1638, current: 1792
[0.613s][debug][gc,refine      ] Deactivated worker 0, off threshold: 1126, current: 1024, refined cards: 1024
[0.614s][debug][gc,task,start  ] G1 Service Thread (Remembered Set Sampling Task) (run)
[0.614s][debug][gc,task        ] G1 Service Thread (Remembered Set Sampling Task) (run) 0.079ms (cpu: 0.000ms)
[0.615s][debug][gc,refine      ] Activated worker 0, on threshold: 1638, current: 1792
[0.617s][debug][gc,refine      ] Deactivated worker 0, off threshold: 1126, current: 1024, refined cards: 768
[0.619s][debug][gc,refine      ] Activated worker 0, on threshold: 1638, current: 1792
[0.620s][debug][gc,refine      ] Deactivated worker 0, off threshold: 1126, current: 1024, refined cards: 768
[0.622s][debug][gc,refine      ] Activated worker 0, on threshold: 1638, current: 1792
[0.623s][debug][gc,refine      ] Deactivated worker 0, off threshold: 1126, current: 1024, refined cards: 768
[0.625s][debug][gc,refine      ] Activated worker 0, on threshold: 1638, current: 1792
[0.626s][debug][gc,refine      ] Deactivated worker 0, off threshold: 1126, current: 1024, refined cards: 768
[0.629s][debug][gc,refine      ] Activated worker 0, on threshold: 1638, current: 1792
[0.630s][debug][gc,refine      ] Deactivated worker 0, off threshold: 1126, current: 1024, refined cards: 768
[0.632s][debug][gc,refine      ] Activated worker 0, on threshold: 1638, current: 1792
[0.633s][debug][gc,refine      ] Deactivated worker 0, off threshold: 1126, current: 1024, refined cards: 768
[0.637s][debug][gc,refine      ] Activated worker 0, on threshold: 1638, current: 1792
[0.638s][debug][gc,refine      ] Deactivated worker 0, off threshold: 1126, current: 1024, refined cards: 768
[0.639s][debug][gc,refine      ] Activated worker 0, on threshold: 1638, current: 1792
[0.640s][debug][gc,refine      ] Deactivated worker 0, off threshold: 1126, current: 1024, refined cards: 768
[0.643s][debug][gc,refine      ] Activated worker 0, on threshold: 1638, current: 1792
[0.643s][debug][gc,refine      ] Deactivated worker 0, off threshold: 1126, current: 1024, refined cards: 768
[0.647s][debug][gc,refine      ] Activated worker 0, on threshold: 1638, current: 1792
[0.647s][debug][gc,heap        ] GC(1) Heap before GC invocations=1 (full 0):
[0.647s][debug][gc,heap        ] GC(1)  garbage-first heap   total 1048576K, used 166328K [0x00000000c0000000, 0x0000000100000000)
[0.647s][debug][gc,heap        ] GC(1)   region size 1024K, 51 young (52224K), 7 survivors (7168K)
[0.647s][debug][gc,heap        ] GC(1)  Metaspace       used 482K, committed 640K, reserved 1056768K
[0.647s][debug][gc,heap        ] GC(1)   class space    used 37K, committed 128K, reserved 1048576K
[0.647s][info ][gc,start       ] GC(1) Pause Young (Normal) (G1 Evacuation Pause)
[0.647s][info ][gc,task        ] GC(1) Using 4 workers of 4 for evacuation
[0.647s][debug][gc,tlab        ] GC(1) TLAB totals: thrds: 1  refills: 132 max: 132 slow allocs: 1 max 1 waste:  0.2% gc: 0B max: 0B slow: 76032B max: 76032B
[0.647s][debug][gc,age         ] GC(1) Desired survivor size 3670016 bytes, new threshold 1 (max threshold 15)
[0.647s][debug][gc,refine,stats] GC(1) Mutator refinement: 14.13ms, refined: 1792, precleaned: 0, dirtied: 54541
[0.647s][debug][gc,refine,stats] GC(1) Concurrent refinement: 83.79ms, refined: 68224, precleaned: 139, dirtied: 0
[0.647s][debug][gc,refine,stats] GC(1) Total refinement: 97.92ms, refined: 70016, precleaned: 139, dirtied: 54541
[0.647s][debug][gc,refine,stats] GC(1) Concurrent refinement rate: 715.00 cards/ms
[0.647s][debug][gc,refine,stats] GC(1) Generate dirty cards rate: 385.51 cards/ms
[0.647s][debug][gc,alloc,region] GC(1) Mutator Allocation stats, regions: 44, wasted size: 0B ( 0.0%)
[0.647s][debug][gc,humongous   ] GC(1) Humongous region 0 (object size 640280 @ 0x00000000c0000000) remset 0 code roots 0 marked 0 reclaim candidate 0 type array 0
[0.647s][debug][gc,humongous   ] GC(1) Humongous region 1 (object size 960408 @ 0x00000000c0100000) remset 0 code roots 0 marked 0 reclaim candidate 0 type array 0
[0.647s][debug][gc,humongous   ] GC(1) Humongous region 2 (object size 1440600 @ 0x00000000c0200000) remset 0 code roots 0 marked 0 reclaim candidate 0 type array 0
[0.647s][debug][gc,humongous   ] GC(1) Humongous region 4 (object size 2160888 @ 0x00000000c0400000) remset 0 code roots 0 marked 0 reclaim candidate 0 type array 0
[0.647s][debug][gc,humongous   ] GC(1) Humongous region 7 (object size 3241320 @ 0x00000000c0700000) remset 0 code roots 0 marked 0 reclaim candidate 0 type array 0
[0.647s][debug][gc,humongous   ] GC(1) Humongous region 16 (object size 7292936 @ 0x00000000c1000000) remset 0 code roots 0 marked 0 reclaim candidate 0 type array 0
[0.647s][debug][gc,humongous   ] GC(1) Humongous region 11 (object size 4861968 @ 0x00000000c0b00000) remset 0 code roots 0 marked 0 reclaim candidate 0 type array 0
[0.647s][debug][gc,humongous   ] GC(1) Humongous region 23 (object size 10939400 @ 0x00000000c1700000) remset 0 code roots 0 marked 0 reclaim candidate 0 type array 0
[0.647s][debug][gc,humongous   ] GC(1) Humongous region 34 (object size 16409088 @ 0x00000000c2200000) remset 0 code roots 0 marked 0 reclaim candidate 0 type array 0
[0.647s][debug][gc,humongous   ] GC(1) Humongous region 88 (object size 24613616 @ 0x00000000c5800000) remset 0 code roots 0 marked 0 reclaim candidate 0 type array 0
[0.648s][debug][gc,ergo        ] GC(1) Running G1 Merge Heap Roots using 4 workers for 51 regions
[0.648s][debug][gc,remset      ] GC(1) Visited cards 58112 Total dirty 92160 (63.06%) Total old 438272 (13.26%)
[0.771s][debug][gc,ref         ] GC(1) Skipped phase 1 of Reference Processing: no references
[0.771s][debug][gc,ref         ] GC(1) Skipped phase 2 of Reference Processing: no references
[0.771s][debug][gc,ref         ] GC(1) Skipped phase 3 of Reference Processing: no references
[0.771s][debug][gc,ref         ] GC(1) Skipped phase 4 of Reference Processing: no references
[0.772s][debug][gc,ergo        ] GC(1) Running G1 Rebuild Free List Task using 4 workers for rebuilding free list of regions
[0.772s][debug][gc,plab        ] GC(1) Young PLAB allocation: allocated: 7340032B, wasted: 336B, unused: 0B, used: 7339696B, undo waste: 0B, 
[0.772s][debug][gc,plab        ] GC(1) Young other allocation: region end waste: 0B, regions filled: 7, direct allocated: 0B, failure used: 0B, failure wasted: 0B
[0.772s][debug][gc,plab        ] GC(1) Young sizing: calculated: 1467936B, actual: 1465224B
[0.772s][debug][gc,plab        ] GC(1) Old PLAB allocation: allocated: 47259648B, wasted: 11624B, unused: 1191848B, used: 46056176B, undo waste: 0B, 
[0.772s][debug][gc,plab        ] GC(1) Old other allocation: region end waste: 0B, regions filled: 46, direct allocated: 0B, failure used: 0B, failure wasted: 0B
[0.772s][debug][gc,plab        ] GC(1) Old sizing: calculated: 9211232B, actual: 8866528B
[0.772s][debug][gc,ergo,heap   ] GC(1) Heap expansion: short term pause time ratio 31.22% long term pause time ratio 31.22% threshold 7.69% pause time ratio 7.69% fully expanded true resize by 0B
[0.772s][debug][gc,mmu         ] GC(1) MMU: 125.1ms (200.0ms/201.0ms)
[0.772s][debug][gc,alloc,stats ] Old generation allocation in the last mutator period, old gen allocated: 47259648B, humongous allocated: 25165824B,old gen growth: 72425472B.
[0.772s][debug][gc,ihop        ] GC(1) Basic information (value update), threshold: 483183820B (45.00), target occupancy: 1073741824B, current occupancy: 171442176B, recent allocation size: 72425472B, recent allocation duration: 141.48ms, recent old gen allocation rate: 511917850.53B/s, recent marking phase length: 0.00ms
[0.772s][debug][gc,ihop        ] GC(1) Adaptive IHOP information (value update), threshold: 483183820B (52.94), internal target occupancy: 912680550B, occupancy: 171442176B, additional buffer size: 53477376B, predicted old gen allocation rate: 494171567.72B/s, predicted marking phase length: 0.00ms, prediction active: false
[0.772s][debug][gc,ergo,refine ] GC(1) Concurrent refinement times: Logged Cards Scan time goal: 20.00ms Logged Cards Scan time: 0.76ms HCC time: 0.00ms
[0.772s][debug][gc,ergo,refine ] GC(1) Updated Refinement Zones: green: 1238, yellow: 3714, red: 6190
[0.772s][info ][gc,phases      ] GC(1)   Pre Evacuate Collection Set: 0.4ms
[0.772s][debug][gc,phases      ] GC(1)     Prepare TLABs: 0.0ms
[0.772s][debug][gc,phases      ] GC(1)     Concatenate Dirty Card Logs: 0.0ms
[0.772s][debug][gc,phases      ] GC(1)     Choose Collection Set: 0.0ms
[0.772s][debug][gc,phases      ] GC(1)     Region Register: 0.4ms
[0.772s][debug][gc,phases      ] GC(1)     Prepare Heap Roots: 0.0ms
[0.772s][info ][gc,phases      ] GC(1)   Merge Heap Roots: 0.3ms
[0.772s][debug][gc,phases      ] GC(1)     Prepare Merge Heap Roots: 0.0ms
[0.772s][debug][gc,phases      ] GC(1)     Eager Reclaim (ms):            skipped
[0.772s][debug][gc,phases      ] GC(1)     Remembered Sets (ms):          Min:  0.0, Avg:  0.1, Max:  0.2, Diff:  0.2, Sum:  0.6, Workers: 4
[0.772s][debug][gc,phases      ] GC(1)       Merged Sparse:                 Min: 0, Avg:  1.5, Max: 5, Diff: 5, Sum: 6, Workers: 4
[0.773s][debug][gc,phases      ] GC(1)       Merged Fine:                   Min: 23, Avg: 61.0, Max: 86, Diff: 63, Sum: 244, Workers: 4
[0.773s][debug][gc,phases      ] GC(1)       Merged Coarse:                 Min: 0, Avg:  0.0, Max: 0, Diff: 0, Sum: 0, Workers: 4
[0.773s][debug][gc,phases      ] GC(1)       Dirty Cards:                   Min: 2839, Avg: 12684.5, Max: 20056, Diff: 17217, Sum: 50738, Workers: 4
[0.773s][debug][gc,phases      ] GC(1)     Hot Card Cache (ms):           Min:  0.0, Avg:  0.0, Max:  0.0, Diff:  0.0, Sum:  0.0, Workers: 4
[0.773s][debug][gc,phases      ] GC(1)       Dirty Cards:                   Min: 0, Avg:  0.0, Max: 0, Diff: 0, Sum: 0, Workers: 4
[0.773s][debug][gc,phases      ] GC(1)       Skipped Cards:                 Min: 0, Avg:  0.0, Max: 0, Diff: 0, Sum: 0, Workers: 4
[0.773s][debug][gc,phases      ] GC(1)     Log Buffers (ms):              Min:  0.0, Avg:  0.0, Max:  0.0, Diff:  0.0, Sum:  0.0, Workers: 4
[0.773s][debug][gc,phases      ] GC(1)       Dirty Cards:                   Min: 0, Avg: 445.3, Max: 773, Diff: 773, Sum: 1781, Workers: 4
[0.773s][debug][gc,phases      ] GC(1)       Skipped Cards:                 Min: 0, Avg:  0.0, Max: 0, Diff: 0, Sum: 0, Workers: 4
[0.773s][info ][gc,phases      ] GC(1)   Evacuate Collection Set: 123.5ms
[0.773s][debug][gc,phases      ] GC(1)     Ext Root Scanning (ms):        Min:  0.0, Avg:  0.1, Max:  0.5, Diff:  0.5, Sum:  0.5, Workers: 4
[0.773s][debug][gc,phases      ] GC(1)     Scan Heap Roots (ms):          Min: 14.2, Avg: 22.0, Max: 31.8, Diff: 17.6, Sum: 88.2, Workers: 4
[0.773s][debug][gc,phases      ] GC(1)       Scanned Cards:                 Min: 9359, Avg: 13143.0, Max: 18001, Diff: 8642, Sum: 52572, Workers: 4
[0.773s][debug][gc,phases      ] GC(1)       Scanned Blocks:                Min: 42, Avg: 57.3, Max: 80, Diff: 38, Sum: 229, Workers: 4
[0.773s][debug][gc,phases      ] GC(1)       Claimed Chunks:                Min: 40, Avg: 56.8, Max: 80, Diff: 40, Sum: 227, Workers: 4
[0.773s][debug][gc,phases      ] GC(1)     Code Root Scan (ms):           Min:  0.0, Avg:  0.0, Max:  0.1, Diff:  0.1, Sum:  0.1, Workers: 4
[0.773s][debug][gc,phases      ] GC(1)     Object Copy (ms):              Min: 91.6, Avg: 100.7, Max: 108.7, Diff: 17.1, Sum: 402.8, Workers: 4
[0.773s][debug][gc,phases      ] GC(1)     Termination (ms):              Min:  0.0, Avg:  0.0, Max:  0.0, Diff:  0.0, Sum:  0.0, Workers: 4
[0.773s][debug][gc,phases      ] GC(1)       Termination Attempts:          Min: 1, Avg: 25.5, Max: 44, Diff: 43, Sum: 102, Workers: 4
[0.773s][debug][gc,phases      ] GC(1)     GC Worker Other (ms):          Min:  0.0, Avg:  0.5, Max:  1.9, Diff:  1.9, Sum:  2.0, Workers: 4
[0.773s][debug][gc,phases      ] GC(1)     GC Worker Total (ms):          Min: 123.4, Avg: 123.4, Max: 123.4, Diff:  0.0, Sum: 493.8, Workers: 4
[0.773s][info ][gc,phases      ] GC(1)   Post Evacuate Collection Set: 0.5ms
[0.773s][debug][gc,phases      ] GC(1)     Code Roots Fixup: 0.0ms
[0.773s][debug][gc,phases      ] GC(1)     Reference Processing: 0.2ms
[0.773s][debug][gc,phases,ref  ] GC(1)       Reconsider SoftReferences: 0.1ms
[0.773s][debug][gc,phases,ref  ] GC(1)         SoftRef (ms):                  skipped
[0.773s][debug][gc,phases,ref  ] GC(1)       Notify Soft/WeakReferences: 0.0ms
[0.773s][debug][gc,phases,ref  ] GC(1)         SoftRef (ms):                  skipped
[0.773s][debug][gc,phases,ref  ] GC(1)         WeakRef (ms):                  skipped
[0.773s][debug][gc,phases,ref  ] GC(1)         FinalRef (ms):                 skipped
[0.773s][debug][gc,phases,ref  ] GC(1)         Total (ms):                    skipped
[0.773s][debug][gc,phases,ref  ] GC(1)       Notify and keep alive finalizable: 0.0ms
[0.773s][debug][gc,phases,ref  ] GC(1)         FinalRef (ms):                 skipped
[0.773s][debug][gc,phases,ref  ] GC(1)       Notify PhantomReferences: 0.0ms
[0.773s][debug][gc,phases,ref  ] GC(1)         PhantomRef (ms):               skipped
[0.773s][debug][gc,phases,ref  ] GC(1)       SoftReference:
[0.773s][debug][gc,phases,ref  ] GC(1)         Discovered: 0
[0.774s][debug][gc,phases,ref  ] GC(1)         Cleared: 0
[0.774s][debug][gc,phases,ref  ] GC(1)       WeakReference:
[0.774s][debug][gc,phases,ref  ] GC(1)         Discovered: 0
[0.774s][debug][gc,phases,ref  ] GC(1)         Cleared: 0
[0.774s][debug][gc,phases,ref  ] GC(1)       FinalReference:
[0.774s][debug][gc,phases,ref  ] GC(1)         Discovered: 0
[0.774s][debug][gc,phases,ref  ] GC(1)         Cleared: 0
[0.774s][debug][gc,phases,ref  ] GC(1)       PhantomReference:
[0.774s][debug][gc,phases,ref  ] GC(1)         Discovered: 0
[0.774s][debug][gc,phases,ref  ] GC(1)         Cleared: 0
[0.774s][debug][gc,phases      ] GC(1)     Weak Processing: 0.1ms
[0.774s][debug][gc,phases      ] GC(1)       VM Weak                        Min:  0.0, Avg:  0.0, Max:  0.0, Diff:  0.0, Sum:  0.0, Workers: 3
[0.774s][debug][gc,phases      ] GC(1)         Dead                           Min: 0, Avg:  0.0, Max: 0, Diff: 0, Sum: 0, Workers: 3
[0.774s][debug][gc,phases      ] GC(1)         Total                          Min: 0, Avg:  4.7, Max: 14, Diff: 14, Sum: 14, Workers: 3
[0.774s][debug][gc,phases      ] GC(1)       ObjectSynchronizer Weak        Min:  0.0, Avg:  0.0, Max:  0.0, Diff:  0.0, Sum:  0.0, Workers: 3
[0.774s][debug][gc,phases      ] GC(1)         Dead                           Min: 0, Avg:  0.0, Max: 0, Diff: 0, Sum: 0, Workers: 3
[0.774s][debug][gc,phases      ] GC(1)         Total                          Min: 0, Avg:  1.0, Max: 3, Diff: 3, Sum: 3, Workers: 3
[0.774s][debug][gc,phases      ] GC(1)       JVMTI Tag Weak OopStorage      Min:  0.0, Avg:  0.0, Max:  0.0, Diff:  0.0, Sum:  0.0, Workers: 3
[0.774s][debug][gc,phases      ] GC(1)         Dead                           Min: 0, Avg:  0.0, Max: 0, Diff: 0, Sum: 0, Workers: 3
[0.774s][debug][gc,phases      ] GC(1)         Total                          Min: 0, Avg:  0.0, Max: 0, Diff: 0, Sum: 0, Workers: 3
[0.774s][debug][gc,phases      ] GC(1)       StringTable Weak               Min:  0.0, Avg:  0.0, Max:  0.0, Diff:  0.0, Sum:  0.1, Workers: 3
[0.774s][debug][gc,phases      ] GC(1)         Dead                           Min: 0, Avg:  0.0, Max: 0, Diff: 0, Sum: 0, Workers: 3
[0.774s][debug][gc,phases      ] GC(1)         Total                          Min: 768, Avg: 821.3, Max: 896, Diff: 128, Sum: 2464, Workers: 3
[0.774s][debug][gc,phases      ] GC(1)       ResolvedMethodTable Weak       Min:  0.0, Avg:  0.0, Max:  0.0, Diff:  0.0, Sum:  0.0, Workers: 3
[0.774s][debug][gc,phases      ] GC(1)         Dead                           Min: 0, Avg:  0.0, Max: 0, Diff: 0, Sum: 0, Workers: 3
[0.774s][debug][gc,phases      ] GC(1)         Total                          Min: 9, Avg: 45.7, Max: 64, Diff: 55, Sum: 137, Workers: 3
[0.774s][debug][gc,phases      ] GC(1)       JNI Weak                       Min:  0.0, Avg:  0.0, Max:  0.0, Diff:  0.0, Sum:  0.0, Workers: 3
[0.774s][debug][gc,phases      ] GC(1)         Dead                           Min: 0, Avg:  0.0, Max: 0, Diff: 0, Sum: 0, Workers: 3
[0.774s][debug][gc,phases      ] GC(1)         Total                          Min: 0, Avg:  0.0, Max: 0, Diff: 0, Sum: 0, Workers: 3
[0.774s][debug][gc,phases      ] GC(1)       StringDedup Table Weak         Min:  0.0, Avg:  0.0, Max:  0.0, Diff:  0.0, Sum:  0.0, Workers: 3
[0.774s][debug][gc,phases      ] GC(1)         Dead                           Min: 0, Avg:  0.0, Max: 0, Diff: 0, Sum: 0, Workers: 3
[0.774s][debug][gc,phases      ] GC(1)         Total                          Min: 0, Avg:  0.0, Max: 0, Diff: 0, Sum: 0, Workers: 3
[0.774s][debug][gc,phases      ] GC(1)       StringDedup Requests0 Weak     Min:  0.0, Avg:  0.0, Max:  0.0, Diff:  0.0, Sum:  0.0, Workers: 3
[0.774s][debug][gc,phases      ] GC(1)         Dead                           Min: 0, Avg:  0.0, Max: 0, Diff: 0, Sum: 0, Workers: 3
[0.774s][debug][gc,phases      ] GC(1)         Total                          Min: 0, Avg:  0.0, Max: 0, Diff: 0, Sum: 0, Workers: 3
[0.774s][debug][gc,phases      ] GC(1)       StringDedup Requests1 Weak     Min:  0.0, Avg:  0.0, Max:  0.0, Diff:  0.0, Sum:  0.0, Workers: 3
[0.774s][debug][gc,phases      ] GC(1)         Dead                           Min: 0, Avg:  0.0, Max: 0, Diff: 0, Sum: 0, Workers: 3
[0.774s][debug][gc,phases      ] GC(1)         Total                          Min: 0, Avg:  0.0, Max: 0, Diff: 0, Sum: 0, Workers: 3
[0.774s][debug][gc,phases      ] GC(1)       Weak JFR Old Object Samples    Min:  0.0, Avg:  0.0, Max:  0.0, Diff:  0.0, Sum:  0.0, Workers: 3
[0.774s][debug][gc,phases      ] GC(1)         Dead                           Min: 0, Avg:  0.0, Max: 0, Diff: 0, Sum: 0, Workers: 3
[0.774s][debug][gc,phases      ] GC(1)         Total                          Min: 0, Avg:  0.0, Max: 0, Diff: 0, Sum: 0, Workers: 3
[0.775s][debug][gc,phases      ] GC(1)     Post Evacuate Cleanup 1: 0.0ms
[0.775s][debug][gc,phases      ] GC(1)       Merge Per-Thread State (ms):   Min:  0.0, Avg:  0.0, Max:  0.0, Diff:  0.0, Sum:  0.0, Workers: 1
[0.775s][debug][gc,phases      ] GC(1)         Copied Bytes                   Min: 11900440, Avg: 13348968.0, Max: 14870608, Diff: 2970168, Sum: 53395872, Workers: 4
[0.775s][debug][gc,phases      ] GC(1)         LAB Waste                      Min: 384, Avg: 2990.0, Max: 10696, Diff: 10312, Sum: 11960, Workers: 4
[0.775s][debug][gc,phases      ] GC(1)         LAB Undo Waste                 Min: 0, Avg:  0.0, Max: 0, Diff: 0, Sum: 0, Workers: 4
[0.775s][debug][gc,phases      ] GC(1)       Clear Logged Cards (ms):       Min:  0.0, Avg:  0.0, Max:  0.0, Diff:  0.0, Sum:  0.0, Workers: 3
[0.775s][debug][gc,phases      ] GC(1)       Recalculate Used Memory (ms):  Min:  0.0, Avg:  0.0, Max:  0.0, Diff:  0.0, Sum:  0.0, Workers: 1
[0.775s][debug][gc,phases      ] GC(1)     Post Evacuate Cleanup 2: 0.1ms
[0.775s][debug][gc,phases      ] GC(1)       Reset Hot Card Cache (ms):     Min:  0.0, Avg:  0.0, Max:  0.0, Diff:  0.0, Sum:  0.0, Workers: 1
[0.775s][debug][gc,phases      ] GC(1)       Purge Code Roots (ms):         Min:  0.0, Avg:  0.0, Max:  0.0, Diff:  0.0, Sum:  0.0, Workers: 1
[0.775s][debug][gc,phases      ] GC(1)       Update Derived Pointers (ms):  Min:  0.0, Avg:  0.0, Max:  0.0, Diff:  0.0, Sum:  0.0, Workers: 1
[0.775s][debug][gc,phases      ] GC(1)       Eagerly Reclaim Humongous Objects (ms): Min:  0.0, Avg:  0.0, Max:  0.0, Diff:  0.0, Sum:  0.0, Workers: 1
[0.775s][debug][gc,phases      ] GC(1)         Humongous Total                Min: 10, Avg: 10.0, Max: 10, Diff: 0, Sum: 10, Workers: 1
[0.775s][debug][gc,phases      ] GC(1)         Humongous Candidates           Min: 0, Avg:  0.0, Max: 0, Diff: 0, Sum: 0, Workers: 1
[0.775s][debug][gc,phases      ] GC(1)         Humongous Reclaimed            Min: 0, Avg:  0.0, Max: 0, Diff: 0, Sum: 0, Workers: 1
[0.775s][debug][gc,phases      ] GC(1)       Redirty Logged Cards (ms):     Min:  0.0, Avg:  0.0, Max:  0.0, Diff:  0.0, Sum:  0.0, Workers: 4
[0.775s][debug][gc,phases      ] GC(1)         Redirtied Cards:               Min: 0, Avg: 1136.8, Max: 2433, Diff: 2433, Sum: 4547, Workers: 4
[0.775s][debug][gc,phases      ] GC(1)       Free Collection Set (ms):      Min:  0.0, Avg:  0.0, Max:  0.0, Diff:  0.0, Sum:  0.0, Workers: 4
[0.775s][debug][gc,phases      ] GC(1)     Rebuild Free List: 0.1ms
[0.775s][debug][gc,phases      ] GC(1)     Start New Collection Set: 0.0ms
[0.775s][debug][gc,phases      ] GC(1)     Resize TLABs: 0.0ms
[0.775s][debug][gc,phases      ] GC(1)     Expand Heap After Collection: 0.0ms
[0.775s][info ][gc,phases      ] GC(1)   Other: 0.8ms
[0.775s][info ][gc,heap        ] GC(1) Eden regions: 44->0(44)
[0.775s][info ][gc,heap        ] GC(1) Survivor regions: 7->7(7)
[0.775s][info ][gc,heap        ] GC(1) Old regions: 38->83
[0.775s][info ][gc,heap        ] GC(1) Archive regions: 0->0
[0.775s][info ][gc,heap        ] GC(1) Humongous regions: 74->74
[0.775s][info ][gc,metaspace   ] GC(1) Metaspace: 482K(640K)->482K(640K) NonClass: 444K(512K)->444K(512K) Class: 37K(128K)->37K(128K)
[0.775s][debug][gc,heap        ] GC(1) Heap after GC invocations=2 (full 0):
[0.775s][debug][gc,heap        ] GC(1)  garbage-first heap   total 1048576K, used 167424K [0x00000000c0000000, 0x0000000100000000)
[0.775s][debug][gc,heap        ] GC(1)   region size 1024K, 7 young (7168K), 7 survivors (7168K)
[0.775s][debug][gc,heap        ] GC(1)  Metaspace       used 482K, committed 640K, reserved 1056768K
[0.776s][debug][gc,heap        ] GC(1)   class space    used 37K, committed 128K, reserved 1048576K
[0.776s][info ][gc             ] GC(1) Pause Young (Normal) (G1 Evacuation Pause) 162M->163M(1024M) 128.730ms
[0.776s][info ][gc,cpu         ] GC(1) User=0.36s Sys=0.02s Real=0.13s
[0.778s][debug][gc,refine      ] Activated worker 1, on threshold: 2476, current: 4354
[0.778s][debug][gc,refine      ] Activated worker 2, on threshold: 3095, current: 4098
[0.778s][debug][gc,refine      ] Activated worker 3, on threshold: 3714, current: 3138
[0.779s][debug][gc,refine      ] Deactivated worker 2, off threshold: 2476, current: 1914, refined cards: 768
[0.779s][debug][gc,refine      ] Deactivated worker 1, off threshold: 1857, current: 1658, refined cards: 904
[0.779s][debug][gc,refine      ] Deactivated worker 3, off threshold: 3095, current: 1658, refined cards: 256
[0.780s][debug][gc,refine      ] Deactivated worker 0, off threshold: 1238, current: 1146, refined cards: 1473
[0.782s][debug][gc,refine      ] Activated worker 0, on threshold: 1750, current: 1914
[0.783s][debug][gc,refine      ] Deactivated worker 0, off threshold: 1238, current: 1024, refined cards: 890
[0.785s][debug][gc,refine      ] Activated worker 0, on threshold: 1750, current: 1792
[0.786s][debug][gc,refine      ] Deactivated worker 0, off threshold: 1238, current: 1024, refined cards: 768
[0.790s][debug][gc,refine      ] Activated worker 0, on threshold: 1750, current: 1792
[0.791s][debug][gc,refine      ] Deactivated worker 0, off threshold: 1238, current: 1024, refined cards: 768
[0.795s][debug][gc,refine      ] Activated worker 0, on threshold: 1750, current: 1792
[0.796s][debug][gc,refine      ] Deactivated worker 0, off threshold: 1238, current: 1024, refined cards: 768
[0.808s][debug][gc,task,start  ] G1 Service Thread (Remembered Set Sampling Task) (run)
[0.808s][debug][gc,task        ] G1 Service Thread (Remembered Set Sampling Task) (run) 0.072ms (cpu: 0.000ms)
[0.832s][debug][gc,refine      ] Activated worker 0, on threshold: 1750, current: 3328
[0.832s][debug][gc,refine      ] Activated worker 1, on threshold: 2476, current: 5888
[0.832s][debug][gc,refine      ] Activated worker 2, on threshold: 3095, current: 5632
[0.832s][debug][gc,refine      ] Activated worker 3, on threshold: 3714, current: 5376
[0.833s][debug][gc,refine      ] Deactivated worker 3, off threshold: 3095, current: 2304, refined cards: 768
[0.833s][debug][gc,refine      ] Deactivated worker 2, off threshold: 2476, current: 1792, refined cards: 1024
[0.833s][debug][gc,refine      ] Deactivated worker 1, off threshold: 1857, current: 1792, refined cards: 1280
[0.834s][debug][gc,refine      ] Activated worker 1, on threshold: 2476, current: 5888
[0.834s][debug][gc,refine      ] Activated worker 2, on threshold: 3095, current: 5632
[0.834s][debug][gc,refine      ] Activated worker 3, on threshold: 3714, current: 5376
[0.835s][debug][gc,refine      ] Deactivated worker 3, off threshold: 3095, current: 2304, refined cards: 768
[0.835s][debug][gc,refine      ] Deactivated worker 2, off threshold: 2476, current: 1792, refined cards: 1024
[0.835s][debug][gc,refine      ] Deactivated worker 1, off threshold: 1857, current: 1536, refined cards: 1280
[0.835s][debug][gc,refine      ] Activated worker 1, on threshold: 2476, current: 5888
[0.835s][debug][gc,refine      ] Activated worker 2, on threshold: 3095, current: 5632
[0.835s][debug][gc,refine      ] Activated worker 3, on threshold: 3714, current: 5376
[0.836s][debug][gc,refine      ] Deactivated worker 3, off threshold: 3095, current: 2816, refined cards: 1024
[0.837s][debug][gc,refine      ] Deactivated worker 2, off threshold: 2476, current: 1792, refined cards: 768
[0.837s][debug][gc,refine      ] Deactivated worker 1, off threshold: 1857, current: 1536, refined cards: 1024
[0.837s][debug][gc,refine      ] Activated worker 1, on threshold: 2476, current: 5888
[0.837s][debug][gc,refine      ] Activated worker 2, on threshold: 3095, current: 5632
[0.837s][debug][gc,refine      ] Activated worker 3, on threshold: 3714, current: 5376
[0.838s][debug][gc,refine      ] Deactivated worker 3, off threshold: 3095, current: 2304, refined cards: 768
[0.838s][debug][gc,refine      ] Deactivated worker 2, off threshold: 2476, current: 1792, refined cards: 1024
[0.839s][debug][gc,refine      ] Deactivated worker 1, off threshold: 1857, current: 1536, refined cards: 1280
[0.839s][debug][gc,refine      ] Activated worker 1, on threshold: 2476, current: 5888
[0.839s][debug][gc,refine      ] Activated worker 2, on threshold: 3095, current: 5632
[0.839s][debug][gc,refine      ] Activated worker 3, on threshold: 3714, current: 5376
[0.840s][debug][gc,refine      ] Deactivated worker 3, off threshold: 3095, current: 2304, refined cards: 768
[0.840s][debug][gc,refine      ] Deactivated worker 2, off threshold: 2476, current: 1792, refined cards: 1024
[0.840s][debug][gc,refine      ] Activated worker 2, on threshold: 3095, current: 5632
[0.840s][debug][gc,refine      ] Activated worker 3, on threshold: 3714, current: 5376
[0.841s][debug][gc,refine      ] Deactivated worker 3, off threshold: 3095, current: 2304, refined cards: 768
[0.841s][debug][gc,refine      ] Deactivated worker 2, off threshold: 2476, current: 1792, refined cards: 1024
[0.841s][debug][gc,refine      ] Activated worker 2, on threshold: 3095, current: 5888
[0.841s][debug][gc,refine      ] Activated worker 3, on threshold: 3714, current: 5632
[0.842s][debug][gc,refine      ] Deactivated worker 3, off threshold: 3095, current: 2304, refined cards: 768
[0.842s][debug][gc,refine      ] Deactivated worker 2, off threshold: 2476, current: 1792, refined cards: 1024
[0.843s][debug][gc,refine      ] Activated worker 2, on threshold: 3095, current: 5888
[0.843s][debug][gc,refine      ] Activated worker 3, on threshold: 3714, current: 5376
[0.843s][debug][gc,refine      ] Deactivated worker 3, off threshold: 3095, current: 2304, refined cards: 768
[0.844s][debug][gc,refine      ] Deactivated worker 2, off threshold: 2476, current: 2048, refined cards: 1024
[0.844s][debug][gc,refine      ] Activated worker 2, on threshold: 3095, current: 5888
[0.844s][debug][gc,refine      ] Activated worker 3, on threshold: 3714, current: 5632
[0.845s][debug][gc,refine      ] Deactivated worker 3, off threshold: 3095, current: 2304, refined cards: 768
[0.845s][debug][gc,refine      ] Deactivated worker 2, off threshold: 2476, current: 2048, refined cards: 1024
[0.845s][debug][gc,refine      ] Activated worker 2, on threshold: 3095, current: 5120
[0.845s][debug][gc,refine      ] Activated worker 3, on threshold: 3714, current: 4864
[0.846s][debug][gc,refine      ] Deactivated worker 3, off threshold: 3095, current: 2816, refined cards: 512
[0.846s][debug][gc,refine      ] Deactivated worker 2, off threshold: 2476, current: 1536, refined cards: 1024
[0.847s][debug][gc,refine      ] Deactivated worker 1, off threshold: 1857, current: 1536, refined cards: 7680
[0.847s][debug][gc,refine      ] Deactivated worker 0, off threshold: 1238, current: 1024, refined cards: 15872
[0.849s][debug][gc,refine      ] Activated worker 0, on threshold: 1750, current: 1792
[0.851s][debug][gc,refine      ] Deactivated worker 0, off threshold: 1238, current: 1024, refined cards: 1024
[0.853s][debug][gc,refine      ] Activated worker 0, on threshold: 1750, current: 1792
[0.854s][debug][gc,refine      ] Deactivated worker 0, off threshold: 1238, current: 1024, refined cards: 1024
[0.856s][debug][gc,refine      ] Activated worker 0, on threshold: 1750, current: 1792
[0.857s][debug][gc,refine      ] Deactivated worker 0, off threshold: 1238, current: 1024, refined cards: 1024
[0.874s][debug][gc,refine      ] Activated worker 0, on threshold: 1750, current: 1792
[0.874s][debug][gc,refine      ] Deactivated worker 0, off threshold: 1238, current: 1024, refined cards: 768
[0.880s][debug][gc,refine      ] Activated worker 0, on threshold: 1750, current: 1792
[0.881s][debug][gc,refine      ] Deactivated worker 0, off threshold: 1238, current: 1024, refined cards: 768
[0.886s][debug][gc,refine      ] Activated worker 0, on threshold: 1750, current: 1792
[0.887s][debug][gc,refine      ] Deactivated worker 0, off threshold: 1238, current: 1024, refined cards: 768
[0.889s][debug][gc,refine      ] Activated worker 0, on threshold: 1750, current: 1792
[0.890s][debug][gc,refine      ] Deactivated worker 0, off threshold: 1238, current: 1024, refined cards: 768
[0.892s][debug][gc,refine      ] Activated worker 0, on threshold: 1750, current: 1792
[0.893s][debug][gc,refine      ] Deactivated worker 0, off threshold: 1238, current: 1024, refined cards: 768
[0.894s][debug][gc,refine      ] Activated worker 0, on threshold: 1750, current: 1792
[0.895s][debug][gc,refine      ] Deactivated worker 0, off threshold: 1238, current: 1024, refined cards: 768
[0.897s][debug][gc,refine      ] Activated worker 0, on threshold: 1750, current: 1792
[0.899s][debug][gc,refine      ] Deactivated worker 0, off threshold: 1238, current: 1024, refined cards: 1024
[0.901s][debug][gc,refine      ] Activated worker 0, on threshold: 1750, current: 1792
[0.902s][debug][gc,refine      ] Deactivated worker 0, off threshold: 1238, current: 1024, refined cards: 768
[0.904s][debug][gc,refine      ] Activated worker 0, on threshold: 1750, current: 1792
[0.905s][debug][gc,refine      ] Deactivated worker 0, off threshold: 1238, current: 1024, refined cards: 1024
[0.908s][debug][gc,refine      ] Activated worker 0, on threshold: 1750, current: 1792
[0.909s][debug][gc,refine      ] Deactivated worker 0, off threshold: 1238, current: 1024, refined cards: 768
[0.910s][debug][gc,refine      ] Activated worker 0, on threshold: 1750, current: 1792
[0.911s][debug][gc,refine      ] Deactivated worker 0, off threshold: 1238, current: 1024, refined cards: 768
[0.913s][debug][gc,refine      ] Activated worker 0, on threshold: 1750, current: 1792
[0.914s][debug][gc,refine      ] Deactivated worker 0, off threshold: 1238, current: 1024, refined cards: 1024
[0.918s][debug][gc,refine      ] Activated worker 0, on threshold: 1750, current: 1792
[0.919s][debug][gc,refine      ] Deactivated worker 0, off threshold: 1238, current: 1024, refined cards: 1024
[0.921s][debug][gc,refine      ] Activated worker 0, on threshold: 1750, current: 1792
[0.922s][debug][gc,refine      ] Deactivated worker 0, off threshold: 1238, current: 1024, refined cards: 768
[0.923s][debug][gc,refine      ] Activated worker 0, on threshold: 1750, current: 1792
[0.924s][debug][gc,refine      ] Deactivated worker 0, off threshold: 1238, current: 1024, refined cards: 768
[0.926s][debug][gc,refine      ] Activated worker 0, on threshold: 1750, current: 1792
[0.927s][debug][gc,refine      ] Deactivated worker 0, off threshold: 1238, current: 1024, refined cards: 768
[0.928s][debug][gc,refine      ] Activated worker 0, on threshold: 1750, current: 1792
[0.929s][debug][gc,heap        ] GC(2) Heap before GC invocations=2 (full 0):
[0.929s][debug][gc,heap        ] GC(2)  garbage-first heap   total 1048576K, used 249344K [0x00000000c0000000, 0x0000000100000000)
[0.929s][debug][gc,heap        ] GC(2)   region size 1024K, 51 young (52224K), 7 survivors (7168K)
[0.929s][debug][gc,heap        ] GC(2)  Metaspace       used 482K, committed 640K, reserved 1056768K
[0.929s][debug][gc,heap        ] GC(2)   class space    used 37K, committed 128K, reserved 1048576K
[0.929s][info ][gc,start       ] GC(2) Pause Young (Normal) (G1 Evacuation Pause)
[0.929s][info ][gc,task        ] GC(2) Using 4 workers of 4 for evacuation
[0.929s][debug][gc,tlab        ] GC(2) TLAB totals: thrds: 1  refills: 132 max: 132 slow allocs: 1 max 1 waste:  0.2% gc: 0B max: 0B slow: 76032B max: 76032B
[0.929s][debug][gc,age         ] GC(2) Desired survivor size 3670016 bytes, new threshold 1 (max threshold 15)
[0.929s][debug][gc,refine,stats] GC(2) Mutator refinement: 12.85ms, refined: 2304, precleaned: 0, dirtied: 68776
[0.929s][debug][gc,refine,stats] GC(2) Concurrent refinement: 73.11ms, refined: 69647, precleaned: 0, dirtied: 0
[0.929s][debug][gc,refine,stats] GC(2) Total refinement: 85.97ms, refined: 71951, precleaned: 0, dirtied: 68776
[0.930s][debug][gc,refine,stats] GC(2) Concurrent refinement rate: 836.95 cards/ms
[0.930s][debug][gc,refine,stats] GC(2) Generate dirty cards rate: 436.84 cards/ms
[0.930s][debug][gc,alloc,region] GC(2) Mutator Allocation stats, regions: 44, wasted size: 0B ( 0.0%)
[0.930s][debug][gc,humongous   ] GC(2) Humongous region 0 (object size 640280 @ 0x00000000c0000000) remset 0 code roots 0 marked 0 reclaim candidate 0 type array 0
[0.930s][debug][gc,humongous   ] GC(2) Humongous region 7 (object size 3241320 @ 0x00000000c0700000) remset 0 code roots 0 marked 0 reclaim candidate 0 type array 0
[0.930s][debug][gc,humongous   ] GC(2) Humongous region 2 (object size 1440600 @ 0x00000000c0200000) remset 0 code roots 0 marked 0 reclaim candidate 0 type array 0
[0.930s][debug][gc,humongous   ] GC(2) Humongous region 1 (object size 960408 @ 0x00000000c0100000) remset 0 code roots 0 marked 0 reclaim candidate 0 type array 0
[0.930s][debug][gc,humongous   ] GC(2) Humongous region 4 (object size 2160888 @ 0x00000000c0400000) remset 0 code roots 0 marked 0 reclaim candidate 0 type array 0
[0.930s][debug][gc,humongous   ] GC(2) Humongous region 11 (object size 4861968 @ 0x00000000c0b00000) remset 0 code roots 0 marked 0 reclaim candidate 0 type array 0
[0.930s][debug][gc,humongous   ] GC(2) Humongous region 16 (object size 7292936 @ 0x00000000c1000000) remset 0 code roots 0 marked 0 reclaim candidate 0 type array 0
[0.930s][debug][gc,humongous   ] GC(2) Humongous region 23 (object size 10939400 @ 0x00000000c1700000) remset 0 code roots 0 marked 0 reclaim candidate 0 type array 0
[0.930s][debug][gc,humongous   ] GC(2) Humongous region 34 (object size 16409088 @ 0x00000000c2200000) remset 0 code roots 0 marked 0 reclaim candidate 0 type array 0
[0.930s][debug][gc,humongous   ] GC(2) Humongous region 88 (object size 24613616 @ 0x00000000c5800000) remset 1 code roots 0 marked 0 reclaim candidate 0 type array 0
[0.930s][debug][gc,humongous   ] GC(2) Humongous region 157 (object size 36920416 @ 0x00000000c9d00000) remset 1 code roots 0 marked 0 reclaim candidate 0 type array 0
[0.930s][debug][gc,ergo        ] GC(2) Running G1 Merge Heap Roots using 4 workers for 51 regions
[0.930s][debug][gc,remset      ] GC(2) Visited cards 31744 Total dirty 43008 (73.81%) Total old 604160 (5.25%)
[0.992s][debug][gc,ref         ] GC(2) Skipped phase 1 of Reference Processing: no references
[0.992s][debug][gc,ref         ] GC(2) Skipped phase 2 of Reference Processing: no references
[0.992s][debug][gc,ref         ] GC(2) Skipped phase 3 of Reference Processing: no references
[0.992s][debug][gc,ref         ] GC(2) Skipped phase 4 of Reference Processing: no references
[0.992s][debug][gc,ergo        ] GC(2) Running G1 Rebuild Free List Task using 4 workers for rebuilding free list of regions
[0.992s][debug][gc,plab        ] GC(2) Young PLAB allocation: allocated: 7340032B, wasted: 336B, unused: 0B, used: 7339696B, undo waste: 0B, 
[0.992s][debug][gc,plab        ] GC(2) Young other allocation: region end waste: 0B, regions filled: 7, direct allocated: 0B, failure used: 0B, failure wasted: 0B
[0.992s][debug][gc,plab        ] GC(2) Young sizing: calculated: 1467936B, actual: 1467256B
[0.992s][debug][gc,plab        ] GC(2) Old PLAB allocation: allocated: 36175872B, wasted: 1040B, unused: 929120B, used: 35245712B, undo waste: 0B, 
[0.992s][debug][gc,plab        ] GC(2) Old other allocation: region end waste: 0B, regions filled: 35, direct allocated: 0B, failure used: 0B, failure wasted: 0B
[0.992s][debug][gc,plab        ] GC(2) Old sizing: calculated: 7049136B, actual: 7503480B
[0.992s][debug][gc,ergo,heap   ] GC(2) Heap expansion: short term pause time ratio 46.92% long term pause time ratio 16.46% threshold 7.69% pause time ratio 7.69% fully expanded true resize by 0B
[0.992s][debug][gc,mmu         ] GC(2) MMU: 62.9ms (200.0ms/201.0ms)
[0.992s][debug][gc,alloc,stats ] Old generation allocation in the last mutator period, old gen allocated: 36175872B, humongous allocated: 37748736B,old gen growth: 73924608B.
[0.992s][debug][gc,ihop        ] GC(2) Basic information (value update), threshold: 483183820B (45.00), target occupancy: 1073741824B, current occupancy: 245366784B, recent allocation size: 73924608B, recent allocation duration: 157.44ms, recent old gen allocation rate: 469538182.85B/s, recent marking phase length: 0.00ms
[0.992s][debug][gc,ihop        ] GC(2) Adaptive IHOP information (value update), threshold: 483183820B (52.94), internal target occupancy: 912680550B, occupancy: 245366784B, additional buffer size: 53477376B, predicted old gen allocation rate: 437612211.71B/s, predicted marking phase length: 0.00ms, prediction active: false
[0.992s][debug][gc,ergo,refine ] GC(2) Concurrent refinement times: Logged Cards Scan time goal: 20.00ms Logged Cards Scan time: 0.42ms HCC time: 0.00ms
[0.993s][debug][gc,ergo,refine ] GC(2) Updated Refinement Zones: green: 1361, yellow: 4083, red: 6805
[0.993s][info ][gc,phases      ] GC(2)   Pre Evacuate Collection Set: 0.5ms
[0.993s][debug][gc,phases      ] GC(2)     Prepare TLABs: 0.1ms
[0.993s][debug][gc,phases      ] GC(2)     Concatenate Dirty Card Logs: 0.0ms
[0.993s][debug][gc,phases      ] GC(2)     Choose Collection Set: 0.0ms
[0.993s][debug][gc,phases      ] GC(2)     Region Register: 0.4ms
[0.993s][debug][gc,phases      ] GC(2)     Prepare Heap Roots: 0.0ms
[0.993s][info ][gc,phases      ] GC(2)   Merge Heap Roots: 0.2ms
[0.993s][debug][gc,phases      ] GC(2)     Prepare Merge Heap Roots: 0.0ms
[0.993s][debug][gc,phases      ] GC(2)     Eager Reclaim (ms):            skipped
[0.993s][debug][gc,phases      ] GC(2)     Remembered Sets (ms):          Min:  0.1, Avg:  0.1, Max:  0.1, Diff:  0.0, Sum:  0.3, Workers: 4
[0.993s][debug][gc,phases      ] GC(2)       Merged Sparse:                 Min: 0, Avg:  0.0, Max: 0, Diff: 0, Sum: 0, Workers: 4
[0.993s][debug][gc,phases      ] GC(2)       Merged Fine:                   Min: 18, Avg: 24.3, Max: 37, Diff: 19, Sum: 97, Workers: 4
[0.993s][debug][gc,phases      ] GC(2)       Merged Coarse:                 Min: 0, Avg:  0.0, Max: 0, Diff: 0, Sum: 0, Workers: 4
[0.993s][debug][gc,phases      ] GC(2)       Dirty Cards:                   Min: 7100, Avg: 7343.0, Max: 7662, Diff: 562, Sum: 29372, Workers: 4
[0.993s][debug][gc,phases      ] GC(2)     Hot Card Cache (ms):           Min:  0.0, Avg:  0.0, Max:  0.0, Diff:  0.0, Sum:  0.0, Workers: 4
[0.993s][debug][gc,phases      ] GC(2)       Dirty Cards:                   Min: 0, Avg:  0.0, Max: 0, Diff: 0, Sum: 0, Workers: 4
[0.993s][debug][gc,phases      ] GC(2)       Skipped Cards:                 Min: 0, Avg:  0.0, Max: 0, Diff: 0, Sum: 0, Workers: 4
[0.993s][debug][gc,phases      ] GC(2)     Log Buffers (ms):              Min:  0.0, Avg:  0.0, Max:  0.0, Diff:  0.0, Sum:  0.0, Workers: 4
[0.993s][debug][gc,phases      ] GC(2)       Dirty Cards:                   Min: 248, Avg: 335.0, Max: 428, Diff: 180, Sum: 1340, Workers: 4
[0.993s][debug][gc,phases      ] GC(2)       Skipped Cards:                 Min: 0, Avg:  0.0, Max: 0, Diff: 0, Sum: 0, Workers: 4
[0.993s][info ][gc,phases      ] GC(2)   Evacuate Collection Set: 61.4ms
[0.993s][debug][gc,phases      ] GC(2)     Ext Root Scanning (ms):        Min:  0.0, Avg:  0.0, Max:  0.0, Diff:  0.0, Sum:  0.1, Workers: 4
[0.993s][debug][gc,phases      ] GC(2)     Scan Heap Roots (ms):          Min:  8.3, Avg:  9.5, Max: 10.9, Diff:  2.6, Sum: 38.0, Workers: 4
[0.993s][debug][gc,phases      ] GC(2)       Scanned Cards:                 Min: 6522, Avg: 7693.3, Max: 8485, Diff: 1963, Sum: 30773, Workers: 4
[0.993s][debug][gc,phases      ] GC(2)       Scanned Blocks:                Min: 26, Avg: 31.0, Max: 34, Diff: 8, Sum: 124, Workers: 4
[0.993s][debug][gc,phases      ] GC(2)       Claimed Chunks:                Min: 26, Avg: 31.0, Max: 34, Diff: 8, Sum: 124, Workers: 4
[0.993s][debug][gc,phases      ] GC(2)     Code Root Scan (ms):           Min:  0.0, Avg:  0.0, Max:  0.0, Diff:  0.0, Sum:  0.0, Workers: 4
[0.993s][debug][gc,phases      ] GC(2)     Object Copy (ms):              Min: 50.5, Avg: 51.8, Max: 53.0, Diff:  2.6, Sum: 207.3, Workers: 4
[0.993s][debug][gc,phases      ] GC(2)     Termination (ms):              Min:  0.0, Avg:  0.0, Max:  0.1, Diff:  0.0, Sum:  0.2, Workers: 4
[0.993s][debug][gc,phases      ] GC(2)       Termination Attempts:          Min: 1, Avg:  3.8, Max: 9, Diff: 8, Sum: 15, Workers: 4
[0.993s][debug][gc,phases      ] GC(2)     GC Worker Other (ms):          Min:  0.0, Avg:  0.0, Max:  0.0, Diff:  0.0, Sum:  0.1, Workers: 4
[0.993s][debug][gc,phases      ] GC(2)     GC Worker Total (ms):          Min: 61.4, Avg: 61.4, Max: 61.4, Diff:  0.0, Sum: 245.6, Workers: 4
[0.993s][info ][gc,phases      ] GC(2)   Post Evacuate Collection Set: 0.5ms
[0.993s][debug][gc,phases      ] GC(2)     Code Roots Fixup: 0.0ms
[0.993s][debug][gc,phases      ] GC(2)     Reference Processing: 0.2ms
[0.993s][debug][gc,phases,ref  ] GC(2)       Reconsider SoftReferences: 0.1ms
[0.993s][debug][gc,phases,ref  ] GC(2)         SoftRef (ms):                  skipped
[0.993s][debug][gc,phases,ref  ] GC(2)       Notify Soft/WeakReferences: 0.0ms
[0.994s][debug][gc,phases,ref  ] GC(2)         SoftRef (ms):                  skipped
[0.994s][debug][gc,phases,ref  ] GC(2)         WeakRef (ms):                  skipped
[0.994s][debug][gc,phases,ref  ] GC(2)         FinalRef (ms):                 skipped
[0.994s][debug][gc,phases,ref  ] GC(2)         Total (ms):                    skipped
[0.994s][debug][gc,phases,ref  ] GC(2)       Notify and keep alive finalizable: 0.0ms
[0.994s][debug][gc,phases,ref  ] GC(2)         FinalRef (ms):                 skipped
[0.994s][debug][gc,phases,ref  ] GC(2)       Notify PhantomReferences: 0.0ms
[0.994s][debug][gc,phases,ref  ] GC(2)         PhantomRef (ms):               skipped
[0.994s][debug][gc,phases,ref  ] GC(2)       SoftReference:
[0.994s][debug][gc,phases,ref  ] GC(2)         Discovered: 0
[0.994s][debug][gc,phases,ref  ] GC(2)         Cleared: 0
[0.994s][debug][gc,phases,ref  ] GC(2)       WeakReference:
[0.994s][debug][gc,phases,ref  ] GC(2)         Discovered: 0
[0.994s][debug][gc,phases,ref  ] GC(2)         Cleared: 0
[0.994s][debug][gc,phases,ref  ] GC(2)       FinalReference:
[0.994s][debug][gc,phases,ref  ] GC(2)         Discovered: 0
[0.994s][debug][gc,phases,ref  ] GC(2)         Cleared: 0
[0.994s][debug][gc,phases,ref  ] GC(2)       PhantomReference:
[0.994s][debug][gc,phases,ref  ] GC(2)         Discovered: 0
[0.994s][debug][gc,phases,ref  ] GC(2)         Cleared: 0
[0.994s][debug][gc,phases      ] GC(2)     Weak Processing: 0.1ms
[0.994s][debug][gc,phases      ] GC(2)       VM Weak                        Min:  0.0, Avg:  0.0, Max:  0.0, Diff:  0.0, Sum:  0.0, Workers: 3
[0.994s][debug][gc,phases      ] GC(2)         Dead                           Min: 0, Avg:  0.0, Max: 0, Diff: 0, Sum: 0, Workers: 3
[0.994s][debug][gc,phases      ] GC(2)         Total                          Min: 0, Avg:  4.7, Max: 14, Diff: 14, Sum: 14, Workers: 3
[0.994s][debug][gc,phases      ] GC(2)       ObjectSynchronizer Weak        Min:  0.0, Avg:  0.0, Max:  0.0, Diff:  0.0, Sum:  0.0, Workers: 3
[0.994s][debug][gc,phases      ] GC(2)         Dead                           Min: 0, Avg:  0.0, Max: 0, Diff: 0, Sum: 0, Workers: 3
[0.994s][debug][gc,phases      ] GC(2)         Total                          Min: 0, Avg:  1.0, Max: 3, Diff: 3, Sum: 3, Workers: 3
[0.994s][debug][gc,phases      ] GC(2)       JVMTI Tag Weak OopStorage      Min:  0.0, Avg:  0.0, Max:  0.0, Diff:  0.0, Sum:  0.0, Workers: 3
[0.994s][debug][gc,phases      ] GC(2)         Dead                           Min: 0, Avg:  0.0, Max: 0, Diff: 0, Sum: 0, Workers: 3
[0.994s][debug][gc,phases      ] GC(2)         Total                          Min: 0, Avg:  0.0, Max: 0, Diff: 0, Sum: 0, Workers: 3
[0.994s][debug][gc,phases      ] GC(2)       StringTable Weak               Min:  0.0, Avg:  0.0, Max:  0.0, Diff:  0.0, Sum:  0.0, Workers: 3
[0.994s][debug][gc,phases      ] GC(2)         Dead                           Min: 0, Avg:  0.0, Max: 0, Diff: 0, Sum: 0, Workers: 3
[0.994s][debug][gc,phases      ] GC(2)         Total                          Min: 0, Avg: 821.3, Max: 1248, Diff: 1248, Sum: 2464, Workers: 3
[0.994s][debug][gc,phases      ] GC(2)       ResolvedMethodTable Weak       Min:  0.0, Avg:  0.0, Max:  0.0, Diff:  0.0, Sum:  0.0, Workers: 3
[0.994s][debug][gc,phases      ] GC(2)         Dead                           Min: 0, Avg:  0.0, Max: 0, Diff: 0, Sum: 0, Workers: 3
[0.995s][debug][gc,phases      ] GC(2)         Total                          Min: 0, Avg: 45.7, Max: 137, Diff: 137, Sum: 137, Workers: 3
[0.995s][debug][gc,phases      ] GC(2)       JNI Weak                       Min:  0.0, Avg:  0.0, Max:  0.0, Diff:  0.0, Sum:  0.0, Workers: 3
[0.995s][debug][gc,phases      ] GC(2)         Dead                           Min: 0, Avg:  0.0, Max: 0, Diff: 0, Sum: 0, Workers: 3
[0.995s][debug][gc,phases      ] GC(2)         Total                          Min: 0, Avg:  0.0, Max: 0, Diff: 0, Sum: 0, Workers: 3
[0.995s][debug][gc,phases      ] GC(2)       StringDedup Table Weak         Min:  0.0, Avg:  0.0, Max:  0.0, Diff:  0.0, Sum:  0.0, Workers: 3
[0.995s][debug][gc,phases      ] GC(2)         Dead                           Min: 0, Avg:  0.0, Max: 0, Diff: 0, Sum: 0, Workers: 3
[0.995s][debug][gc,phases      ] GC(2)         Total                          Min: 0, Avg:  0.0, Max: 0, Diff: 0, Sum: 0, Workers: 3
[0.995s][debug][gc,phases      ] GC(2)       StringDedup Requests0 Weak     Min:  0.0, Avg:  0.0, Max:  0.0, Diff:  0.0, Sum:  0.0, Workers: 3
[0.995s][debug][gc,phases      ] GC(2)         Dead                           Min: 0, Avg:  0.0, Max: 0, Diff: 0, Sum: 0, Workers: 3
[0.995s][debug][gc,phases      ] GC(2)         Total                          Min: 0, Avg:  0.0, Max: 0, Diff: 0, Sum: 0, Workers: 3
[0.995s][debug][gc,phases      ] GC(2)       StringDedup Requests1 Weak     Min:  0.0, Avg:  0.0, Max:  0.0, Diff:  0.0, Sum:  0.0, Workers: 3
[0.995s][debug][gc,phases      ] GC(2)         Dead                           Min: 0, Avg:  0.0, Max: 0, Diff: 0, Sum: 0, Workers: 3
[0.995s][debug][gc,phases      ] GC(2)         Total                          Min: 0, Avg:  0.0, Max: 0, Diff: 0, Sum: 0, Workers: 3
[0.995s][debug][gc,phases      ] GC(2)       Weak JFR Old Object Samples    Min:  0.0, Avg:  0.0, Max:  0.0, Diff:  0.0, Sum:  0.0, Workers: 3
[0.995s][debug][gc,phases      ] GC(2)         Dead                           Min: 0, Avg:  0.0, Max: 0, Diff: 0, Sum: 0, Workers: 3
[0.995s][debug][gc,phases      ] GC(2)         Total                          Min: 0, Avg:  0.0, Max: 0, Diff: 0, Sum: 0, Workers: 3
[0.995s][debug][gc,phases      ] GC(2)     Post Evacuate Cleanup 1: 0.1ms
[0.995s][debug][gc,phases      ] GC(2)       Merge Per-Thread State (ms):   Min:  0.0, Avg:  0.0, Max:  0.0, Diff:  0.0, Sum:  0.0, Workers: 1
[0.995s][debug][gc,phases      ] GC(2)         Copied Bytes                   Min: 8991552, Avg: 10646352.0, Max: 11569632, Diff: 2578080, Sum: 42585408, Workers: 4
[0.995s][debug][gc,phases      ] GC(2)         LAB Waste                      Min: 320, Avg: 344.0, Max: 400, Diff: 80, Sum: 1376, Workers: 4
[0.995s][debug][gc,phases      ] GC(2)         LAB Undo Waste                 Min: 0, Avg:  0.0, Max: 0, Diff: 0, Sum: 0, Workers: 4
[0.995s][debug][gc,phases      ] GC(2)       Clear Logged Cards (ms):       Min:  0.0, Avg:  0.0, Max:  0.0, Diff:  0.0, Sum:  0.0, Workers: 3
[0.995s][debug][gc,phases      ] GC(2)       Recalculate Used Memory (ms):  Min:  0.0, Avg:  0.0, Max:  0.0, Diff:  0.0, Sum:  0.0, Workers: 1
[0.995s][debug][gc,phases      ] GC(2)     Post Evacuate Cleanup 2: 0.1ms
[0.995s][debug][gc,phases      ] GC(2)       Reset Hot Card Cache (ms):     Min:  0.0, Avg:  0.0, Max:  0.0, Diff:  0.0, Sum:  0.0, Workers: 1
[0.995s][debug][gc,phases      ] GC(2)       Purge Code Roots (ms):         Min:  0.0, Avg:  0.0, Max:  0.0, Diff:  0.0, Sum:  0.0, Workers: 1
[0.995s][debug][gc,phases      ] GC(2)       Update Derived Pointers (ms):  Min:  0.0, Avg:  0.0, Max:  0.0, Diff:  0.0, Sum:  0.0, Workers: 1
[0.995s][debug][gc,phases      ] GC(2)       Eagerly Reclaim Humongous Objects (ms): Min:  0.0, Avg:  0.0, Max:  0.0, Diff:  0.0, Sum:  0.0, Workers: 1
[0.995s][debug][gc,phases      ] GC(2)         Humongous Total                Min: 11, Avg: 11.0, Max: 11, Diff: 0, Sum: 11, Workers: 1
[0.995s][debug][gc,phases      ] GC(2)         Humongous Candidates           Min: 0, Avg:  0.0, Max: 0, Diff: 0, Sum: 0, Workers: 1
[0.995s][debug][gc,phases      ] GC(2)         Humongous Reclaimed            Min: 0, Avg:  0.0, Max: 0, Diff: 0, Sum: 0, Workers: 1
[0.995s][debug][gc,phases      ] GC(2)       Redirty Logged Cards (ms):     Min:  0.0, Avg:  0.0, Max:  0.0, Diff:  0.0, Sum:  0.0, Workers: 4
[0.995s][debug][gc,phases      ] GC(2)         Redirtied Cards:               Min: 0, Avg: 896.5, Max: 1794, Diff: 1794, Sum: 3586, Workers: 4
[0.995s][debug][gc,phases      ] GC(2)       Free Collection Set (ms):      Min:  0.0, Avg:  0.0, Max:  0.0, Diff:  0.0, Sum:  0.0, Workers: 4
[0.995s][debug][gc,phases      ] GC(2)     Rebuild Free List: 0.1ms
[0.995s][debug][gc,phases      ] GC(2)     Start New Collection Set: 0.0ms
[0.996s][debug][gc,phases      ] GC(2)     Resize TLABs: 0.0ms
[0.996s][debug][gc,phases      ] GC(2)     Expand Heap After Collection: 0.0ms
[0.996s][info ][gc,phases      ] GC(2)   Other: 0.9ms
[0.996s][info ][gc,heap        ] GC(2) Eden regions: 44->0(44)
[0.996s][info ][gc,heap        ] GC(2) Survivor regions: 7->7(7)
[0.996s][info ][gc,heap        ] GC(2) Old regions: 83->117
[0.996s][info ][gc,heap        ] GC(2) Archive regions: 0->0
[0.996s][info ][gc,heap        ] GC(2) Humongous regions: 110->110
[0.996s][info ][gc,metaspace   ] GC(2) Metaspace: 482K(640K)->482K(640K) NonClass: 445K(512K)->445K(512K) Class: 37K(128K)->37K(128K)
[0.996s][debug][gc,heap        ] GC(2) Heap after GC invocations=3 (full 0):
[0.996s][debug][gc,heap        ] GC(2)  garbage-first heap   total 1048576K, used 239616K [0x00000000c0000000, 0x0000000100000000)
[0.996s][debug][gc,heap        ] GC(2)   region size 1024K, 7 young (7168K), 7 survivors (7168K)
[0.996s][debug][gc,heap        ] GC(2)  Metaspace       used 482K, committed 640K, reserved 1056768K
[0.996s][debug][gc,heap        ] GC(2)   class space    used 37K, committed 128K, reserved 1048576K
[0.996s][info ][gc             ] GC(2) Pause Young (Normal) (G1 Evacuation Pause) 243M->234M(1024M) 66.698ms
[0.996s][info ][gc,cpu         ] GC(2) User=0.23s Sys=0.00s Real=0.07s
[0.996s][debug][gc,refine      ] Activated worker 1, on threshold: 2722, current: 3354
[0.997s][debug][gc,refine      ] Deactivated worker 1, off threshold: 2041, current: 1537, refined cards: 1024
[0.998s][debug][gc,refine      ] Deactivated worker 0, off threshold: 1361, current: 1280, refined cards: 1870
[1.001s][debug][gc,refine      ] Activated worker 0, on threshold: 1873, current: 2048
[1.002s][debug][gc,refine      ] Deactivated worker 0, off threshold: 1361, current: 1280, refined cards: 768
[1.004s][debug][gc,refine      ] Activated worker 0, on threshold: 1873, current: 2048
[1.006s][debug][gc,refine      ] Deactivated worker 0, off threshold: 1361, current: 1280, refined cards: 1024
[1.008s][debug][gc,refine      ] Activated worker 0, on threshold: 1873, current: 2048
[1.010s][debug][gc,refine      ] Deactivated worker 0, off threshold: 1361, current: 1280, refined cards: 768
[1.012s][debug][gc,refine      ] Activated worker 0, on threshold: 1873, current: 2048
[1.013s][debug][gc,refine      ] Deactivated worker 0, off threshold: 1361, current: 1280, refined cards: 768
[1.014s][debug][gc,refine      ] Activated worker 0, on threshold: 1873, current: 2048
[1.015s][debug][gc,refine      ] Deactivated worker 0, off threshold: 1361, current: 1280, refined cards: 1024
[1.019s][debug][gc,refine      ] Activated worker 0, on threshold: 1873, current: 2048
[1.020s][debug][gc,refine      ] Deactivated worker 0, off threshold: 1361, current: 1280, refined cards: 1024
[1.022s][debug][gc,refine      ] Activated worker 0, on threshold: 1873, current: 2048
[1.023s][debug][gc,refine      ] Deactivated worker 0, off threshold: 1361, current: 1280, refined cards: 768
[1.025s][debug][gc,refine      ] Activated worker 0, on threshold: 1873, current: 2048
[1.026s][debug][gc,refine      ] Deactivated worker 0, off threshold: 1361, current: 1280, refined cards: 768
[1.029s][debug][gc,refine      ] Activated worker 0, on threshold: 1873, current: 2048
[1.030s][debug][gc,refine      ] Deactivated worker 0, off threshold: 1361, current: 1280, refined cards: 768
[1.032s][debug][gc,refine      ] Activated worker 0, on threshold: 1873, current: 2048
[1.033s][debug][gc,refine      ] Deactivated worker 0, off threshold: 1361, current: 1280, refined cards: 768
[1.035s][debug][gc,refine      ] Activated worker 0, on threshold: 1873, current: 2048
[1.036s][debug][gc,refine      ] Deactivated worker 0, off threshold: 1361, current: 1280, refined cards: 768
[1.039s][debug][gc,refine      ] Activated worker 0, on threshold: 1873, current: 2048
[1.040s][debug][gc,refine      ] Deactivated worker 0, off threshold: 1361, current: 1280, refined cards: 768
[1.043s][debug][gc,refine      ] Activated worker 0, on threshold: 1873, current: 2048
[1.044s][debug][gc,refine      ] Deactivated worker 0, off threshold: 1361, current: 1280, refined cards: 1024
[1.046s][debug][gc,refine      ] Activated worker 0, on threshold: 1873, current: 2048
[1.047s][debug][gc,refine      ] Deactivated worker 0, off threshold: 1361, current: 1280, refined cards: 768
[1.050s][debug][gc,refine      ] Activated worker 0, on threshold: 1873, current: 2048
[1.051s][debug][gc,refine      ] Deactivated worker 0, off threshold: 1361, current: 1280, refined cards: 768
[1.057s][debug][gc,refine      ] Activated worker 0, on threshold: 1873, current: 2048
[1.058s][debug][gc,refine      ] Deactivated worker 0, off threshold: 1361, current: 1280, refined cards: 768
[1.064s][debug][gc,refine      ] Activated worker 0, on threshold: 1873, current: 2048
[1.065s][debug][gc,refine      ] Deactivated worker 0, off threshold: 1361, current: 1280, refined cards: 768
[1.070s][debug][gc,refine      ] Activated worker 0, on threshold: 1873, current: 2048
[1.071s][debug][gc,refine      ] Deactivated worker 0, off threshold: 1361, current: 1280, refined cards: 768
[1.071s][debug][gc,task,start  ] G1 Service Thread (Periodic GC Task) (run)
[1.071s][debug][gc,task        ] G1 Service Thread (Periodic GC Task) (run) 0.054ms (cpu: 0.000ms)
[1.073s][debug][gc,task,start  ] G1 Service Thread (Remembered Set Sampling Task) (run)
[1.073s][debug][gc,task        ] G1 Service Thread (Remembered Set Sampling Task) (run) 0.067ms (cpu: 0.000ms)
[1.074s][debug][gc,refine      ] Activated worker 0, on threshold: 1873, current: 2048
[1.075s][debug][gc,refine      ] Deactivated worker 0, off threshold: 1361, current: 1280, refined cards: 768
[1.078s][debug][gc,refine      ] Activated worker 0, on threshold: 1873, current: 2048
[1.079s][debug][gc,refine      ] Deactivated worker 0, off threshold: 1361, current: 1280, refined cards: 1024
[1.082s][debug][gc,refine      ] Activated worker 0, on threshold: 1873, current: 2048
[1.083s][debug][gc,refine      ] Deactivated worker 0, off threshold: 1361, current: 1280, refined cards: 1024
[1.085s][debug][gc,refine      ] Activated worker 0, on threshold: 1873, current: 2048
[1.086s][debug][gc,refine      ] Deactivated worker 0, off threshold: 1361, current: 1280, refined cards: 768
[1.089s][debug][gc,refine      ] Activated worker 0, on threshold: 1873, current: 2048
[1.090s][debug][gc,refine      ] Deactivated worker 0, off threshold: 1361, current: 1280, refined cards: 768
[1.092s][debug][gc,refine      ] Activated worker 0, on threshold: 1873, current: 2048
[1.092s][debug][gc,heap        ] GC(3) Heap before GC invocations=3 (full 0):
[1.092s][debug][gc,heap        ] GC(3)  garbage-first heap   total 1048576K, used 284672K [0x00000000c0000000, 0x0000000100000000)
[1.092s][debug][gc,heap        ] GC(3)   region size 1024K, 51 young (52224K), 7 survivors (7168K)
[1.092s][debug][gc,heap        ] GC(3)  Metaspace       used 482K, committed 640K, reserved 1056768K
[1.092s][debug][gc,heap        ] GC(3)   class space    used 37K, committed 128K, reserved 1048576K
[1.092s][info ][gc,start       ] GC(3) Pause Young (Normal) (G1 Evacuation Pause)
[1.092s][info ][gc,task        ] GC(3) Using 4 workers of 4 for evacuation
[1.092s][debug][gc,tlab        ] GC(3) TLAB totals: thrds: 1  refills: 132 max: 132 slow allocs: 0 max 0 waste:  0.2% gc: 0B max: 0B slow: 76040B max: 76040B
[1.092s][debug][gc,age         ] GC(3) Desired survivor size 3670016 bytes, new threshold 1 (max threshold 15)
[1.092s][debug][gc,refine,stats] GC(3) Mutator refinement: 0.00ms, refined: 0, precleaned: 0, dirtied: 19996
[1.092s][debug][gc,refine,stats] GC(3) Concurrent refinement: 25.08ms, refined: 21514, precleaned: 0, dirtied: 0
[1.092s][debug][gc,refine,stats] GC(3) Total refinement: 25.08ms, refined: 21514, precleaned: 0, dirtied: 19996
[1.092s][debug][gc,refine,stats] GC(3) Concurrent refinement rate: 857.77 cards/ms
[1.092s][debug][gc,refine,stats] GC(3) Generate dirty cards rate: 200.13 cards/ms
[1.092s][debug][gc,alloc,region] GC(3) Mutator Allocation stats, regions: 44, wasted size: 0B ( 0.0%)
[1.092s][debug][gc,humongous   ] GC(3) Humongous region 0 (object size 640280 @ 0x00000000c0000000) remset 0 code roots 0 marked 0 reclaim candidate 0 type array 0
[1.092s][debug][gc,humongous   ] GC(3) Humongous region 2 (object size 1440600 @ 0x00000000c0200000) remset 0 code roots 0 marked 0 reclaim candidate 0 type array 0
[1.092s][debug][gc,humongous   ] GC(3) Humongous region 4 (object size 2160888 @ 0x00000000c0400000) remset 0 code roots 0 marked 0 reclaim candidate 0 type array 0
[1.092s][debug][gc,humongous   ] GC(3) Humongous region 1 (object size 960408 @ 0x00000000c0100000) remset 0 code roots 0 marked 0 reclaim candidate 0 type array 0
[1.092s][debug][gc,humongous   ] GC(3) Humongous region 7 (object size 3241320 @ 0x00000000c0700000) remset 0 code roots 0 marked 0 reclaim candidate 0 type array 0
[1.092s][debug][gc,humongous   ] GC(3) Humongous region 11 (object size 4861968 @ 0x00000000c0b00000) remset 0 code roots 0 marked 0 reclaim candidate 0 type array 0
[1.093s][debug][gc,humongous   ] GC(3) Humongous region 16 (object size 7292936 @ 0x00000000c1000000) remset 0 code roots 0 marked 0 reclaim candidate 0 type array 0
[1.093s][debug][gc,humongous   ] GC(3) Humongous region 23 (object size 10939400 @ 0x00000000c1700000) remset 0 code roots 0 marked 0 reclaim candidate 0 type array 0
[1.093s][debug][gc,humongous   ] GC(3) Humongous region 34 (object size 16409088 @ 0x00000000c2200000) remset 0 code roots 0 marked 0 reclaim candidate 0 type array 0
[1.093s][debug][gc,humongous   ] GC(3) Humongous region 88 (object size 24613616 @ 0x00000000c5800000) remset 1 code roots 0 marked 0 reclaim candidate 0 type array 0
[1.093s][debug][gc,humongous   ] GC(3) Humongous region 157 (object size 36920416 @ 0x00000000c9d00000) remset 1 code roots 0 marked 0 reclaim candidate 0 type array 0
[1.093s][debug][gc,ergo        ] GC(3) Running G1 Merge Heap Roots using 4 workers for 51 regions
[1.093s][debug][gc,remset      ] GC(3) Visited cards 24576 Total dirty 30720 (80.00%) Total old 673792 (3.65%)
[1.169s][debug][gc,ref         ] GC(3) Skipped phase 1 of Reference Processing: no references
[1.169s][debug][gc,ref         ] GC(3) Skipped phase 2 of Reference Processing: no references
[1.169s][debug][gc,ref         ] GC(3) Skipped phase 3 of Reference Processing: no references
[1.169s][debug][gc,ref         ] GC(3) Skipped phase 4 of Reference Processing: no references
[1.169s][debug][gc,ergo        ] GC(3) Running G1 Rebuild Free List Task using 4 workers for rebuilding free list of regions
[1.169s][debug][gc,plab        ] GC(3) Young PLAB allocation: allocated: 7340032B, wasted: 448B, unused: 0B, used: 7339584B, undo waste: 0B, 
[1.169s][debug][gc,plab        ] GC(3) Young other allocation: region end waste: 0B, regions filled: 7, direct allocated: 0B, failure used: 0B, failure wasted: 0B
[1.169s][debug][gc,plab        ] GC(3) Young sizing: calculated: 1467912B, actual: 1467744B
[1.169s][debug][gc,plab        ] GC(3) Old PLAB allocation: allocated: 41943040B, wasted: 1216B, unused: 993056B, used: 40948768B, undo waste: 0B, 
[1.169s][debug][gc,plab        ] GC(3) Old other allocation: region end waste: 0B, regions filled: 40, direct allocated: 0B, failure used: 0B, failure wasted: 0B
[1.170s][debug][gc,plab        ] GC(3) Old sizing: calculated: 8189752B, actual: 8018184B
[1.170s][debug][gc,ergo,heap   ] GC(3) Heap expansion: short term pause time ratio 28.55% long term pause time ratio 19.18% threshold 7.69% pause time ratio 7.69% fully expanded true resize by 0B
[1.170s][debug][gc,mmu         ] GC(3) MMU: 101.1ms (200.0ms/201.0ms)
[1.170s][debug][gc,alloc,stats ] Old generation allocation in the last mutator period, old gen allocated: 41943040B, humongous allocated: 0B,old gen growth: 41943040B.
[1.170s][debug][gc,ihop        ] GC(3) Basic information (value update), threshold: 483183820B (45.00), target occupancy: 1073741824B, current occupancy: 287309824B, recent allocation size: 41943040B, recent allocation duration: 99.91ms, recent old gen allocation rate: 419791840.77B/s, recent marking phase length: 0.00ms
[1.170s][debug][gc,ihop        ] GC(3) Adaptive IHOP information (value update), threshold: 483183820B (52.94), internal target occupancy: 912680550B, occupancy: 287309824B, additional buffer size: 53477376B, predicted old gen allocation rate: 372679990.99B/s, predicted marking phase length: 0.00ms, prediction active: false
[1.170s][debug][gc,ergo,refine ] GC(3) Concurrent refinement times: Logged Cards Scan time goal: 20.00ms Logged Cards Scan time: 0.90ms HCC time: 0.00ms
[1.170s][debug][gc,ergo,refine ] GC(3) Updated Refinement Zones: green: 1497, yellow: 4491, red: 7485
[1.170s][info ][gc,phases      ] GC(3)   Pre Evacuate Collection Set: 0.5ms
[1.170s][debug][gc,phases      ] GC(3)     Prepare TLABs: 0.0ms
[1.170s][debug][gc,phases      ] GC(3)     Concatenate Dirty Card Logs: 0.0ms
[1.170s][debug][gc,phases      ] GC(3)     Choose Collection Set: 0.0ms
[1.170s][debug][gc,phases      ] GC(3)     Region Register: 0.4ms
[1.170s][debug][gc,phases      ] GC(3)     Prepare Heap Roots: 0.0ms
[1.170s][info ][gc,phases      ] GC(3)   Merge Heap Roots: 0.2ms
[1.170s][debug][gc,phases      ] GC(3)     Prepare Merge Heap Roots: 0.0ms
[1.170s][debug][gc,phases      ] GC(3)     Eager Reclaim (ms):            skipped
[1.170s][debug][gc,phases      ] GC(3)     Remembered Sets (ms):          Min:  0.0, Avg:  0.0, Max:  0.1, Diff:  0.1, Sum:  0.2, Workers: 4
[1.170s][debug][gc,phases      ] GC(3)       Merged Sparse:                 Min: 0, Avg:  0.3, Max: 1, Diff: 1, Sum: 1, Workers: 4
[1.170s][debug][gc,phases      ] GC(3)       Merged Fine:                   Min: 0, Avg: 16.5, Max: 25, Diff: 25, Sum: 66, Workers: 4
[1.170s][debug][gc,phases      ] GC(3)       Merged Coarse:                 Min: 0, Avg:  0.0, Max: 0, Diff: 0, Sum: 0, Workers: 4
[1.170s][debug][gc,phases      ] GC(3)       Dirty Cards:                   Min: 0, Avg: 5373.3, Max: 8427, Diff: 8427, Sum: 21493, Workers: 4
[1.170s][debug][gc,phases      ] GC(3)     Hot Card Cache (ms):           Min:  0.0, Avg:  0.0, Max:  0.0, Diff:  0.0, Sum:  0.0, Workers: 4
[1.170s][debug][gc,phases      ] GC(3)       Dirty Cards:                   Min: 0, Avg:  0.0, Max: 0, Diff: 0, Sum: 0, Workers: 4
[1.170s][debug][gc,phases      ] GC(3)       Skipped Cards:                 Min: 0, Avg:  0.0, Max: 0, Diff: 0, Sum: 0, Workers: 4
[1.170s][debug][gc,phases      ] GC(3)     Log Buffers (ms):              Min:  0.0, Avg:  0.0, Max:  0.0, Diff:  0.0, Sum:  0.0, Workers: 4
[1.170s][debug][gc,phases      ] GC(3)       Dirty Cards:                   Min: 0, Avg: 511.0, Max: 780, Diff: 780, Sum: 2044, Workers: 4
[1.170s][debug][gc,phases      ] GC(3)       Skipped Cards:                 Min: 0, Avg:  0.0, Max: 0, Diff: 0, Sum: 0, Workers: 4
[1.170s][info ][gc,phases      ] GC(3)   Evacuate Collection Set: 75.8ms
[1.170s][debug][gc,phases      ] GC(3)     Ext Root Scanning (ms):        Min:  0.0, Avg:  0.0, Max:  0.0, Diff:  0.0, Sum:  0.1, Workers: 4
[1.170s][debug][gc,phases      ] GC(3)     Scan Heap Roots (ms):          Min:  6.9, Avg: 10.3, Max: 13.6, Diff:  6.7, Sum: 41.3, Workers: 4
[1.170s][debug][gc,phases      ] GC(3)       Scanned Cards:                 Min: 3840, Avg: 5895.5, Max: 6685, Diff: 2845, Sum: 23582, Workers: 4
[1.170s][debug][gc,phases      ] GC(3)       Scanned Blocks:                Min: 15, Avg: 24.0, Max: 29, Diff: 14, Sum: 96, Workers: 4
[1.170s][debug][gc,phases      ] GC(3)       Claimed Chunks:                Min: 15, Avg: 24.0, Max: 29, Diff: 14, Sum: 96, Workers: 4
[1.170s][debug][gc,phases      ] GC(3)     Code Root Scan (ms):           Min:  0.0, Avg:  0.0, Max:  0.0, Diff:  0.0, Sum:  0.0, Workers: 4
[1.171s][debug][gc,phases      ] GC(3)     Object Copy (ms):              Min: 61.5, Avg: 64.5, Max: 68.2, Diff:  6.7, Sum: 258.1, Workers: 4
[1.171s][debug][gc,phases      ] GC(3)     Termination (ms):              Min:  0.0, Avg:  0.2, Max:  0.7, Diff:  0.6, Sum:  1.0, Workers: 4
[1.171s][debug][gc,phases      ] GC(3)       Termination Attempts:          Min: 1, Avg:  1.0, Max: 1, Diff: 0, Sum: 4, Workers: 4
[1.171s][debug][gc,phases      ] GC(3)     GC Worker Other (ms):          Min:  0.0, Avg:  0.0, Max:  0.0, Diff:  0.0, Sum:  0.1, Workers: 4
[1.171s][debug][gc,phases      ] GC(3)     GC Worker Total (ms):          Min: 74.1, Avg: 75.1, Max: 75.8, Diff:  1.7, Sum: 300.5, Workers: 4
[1.171s][info ][gc,phases      ] GC(3)   Post Evacuate Collection Set: 0.5ms
[1.171s][debug][gc,phases      ] GC(3)     Code Roots Fixup: 0.0ms
[1.171s][debug][gc,phases      ] GC(3)     Reference Processing: 0.2ms
[1.171s][debug][gc,phases,ref  ] GC(3)       Reconsider SoftReferences: 0.1ms
[1.171s][debug][gc,phases,ref  ] GC(3)         SoftRef (ms):                  skipped
[1.171s][debug][gc,phases,ref  ] GC(3)       Notify Soft/WeakReferences: 0.1ms
[1.171s][debug][gc,phases,ref  ] GC(3)         SoftRef (ms):                  skipped
[1.171s][debug][gc,phases,ref  ] GC(3)         WeakRef (ms):                  skipped
[1.171s][debug][gc,phases,ref  ] GC(3)         FinalRef (ms):                 skipped
[1.171s][debug][gc,phases,ref  ] GC(3)         Total (ms):                    skipped
[1.171s][debug][gc,phases,ref  ] GC(3)       Notify and keep alive finalizable: 0.0ms
[1.171s][debug][gc,phases,ref  ] GC(3)         FinalRef (ms):                 skipped
[1.171s][debug][gc,phases,ref  ] GC(3)       Notify PhantomReferences: 0.0ms
[1.171s][debug][gc,phases,ref  ] GC(3)         PhantomRef (ms):               skipped
[1.171s][debug][gc,phases,ref  ] GC(3)       SoftReference:
[1.171s][debug][gc,phases,ref  ] GC(3)         Discovered: 0
[1.171s][debug][gc,phases,ref  ] GC(3)         Cleared: 0
[1.171s][debug][gc,phases,ref  ] GC(3)       WeakReference:
[1.171s][debug][gc,phases,ref  ] GC(3)         Discovered: 0
[1.171s][debug][gc,phases,ref  ] GC(3)         Cleared: 0
[1.171s][debug][gc,phases,ref  ] GC(3)       FinalReference:
[1.171s][debug][gc,phases,ref  ] GC(3)         Discovered: 0
[1.171s][debug][gc,phases,ref  ] GC(3)         Cleared: 0
[1.171s][debug][gc,phases,ref  ] GC(3)       PhantomReference:
[1.171s][debug][gc,phases,ref  ] GC(3)         Discovered: 0
[1.171s][debug][gc,phases,ref  ] GC(3)         Cleared: 0
[1.171s][debug][gc,phases      ] GC(3)     Weak Processing: 0.1ms
[1.171s][debug][gc,phases      ] GC(3)       VM Weak                        Min:  0.0, Avg:  0.0, Max:  0.0, Diff:  0.0, Sum:  0.0, Workers: 3
[1.171s][debug][gc,phases      ] GC(3)         Dead                           Min: 0, Avg:  0.0, Max: 0, Diff: 0, Sum: 0, Workers: 3
[1.171s][debug][gc,phases      ] GC(3)         Total                          Min: 0, Avg:  4.7, Max: 14, Diff: 14, Sum: 14, Workers: 3
[1.171s][debug][gc,phases      ] GC(3)       ObjectSynchronizer Weak        Min:  0.0, Avg:  0.0, Max:  0.0, Diff:  0.0, Sum:  0.0, Workers: 3
[1.171s][debug][gc,phases      ] GC(3)         Dead                           Min: 0, Avg:  0.0, Max: 0, Diff: 0, Sum: 0, Workers: 3
[1.171s][debug][gc,phases      ] GC(3)         Total                          Min: 0, Avg:  1.0, Max: 3, Diff: 3, Sum: 3, Workers: 3
[1.171s][debug][gc,phases      ] GC(3)       JVMTI Tag Weak OopStorage      Min:  0.0, Avg:  0.0, Max:  0.0, Diff:  0.0, Sum:  0.0, Workers: 3
[1.172s][debug][gc,phases      ] GC(3)         Dead                           Min: 0, Avg:  0.0, Max: 0, Diff: 0, Sum: 0, Workers: 3
[1.172s][debug][gc,phases      ] GC(3)         Total                          Min: 0, Avg:  0.0, Max: 0, Diff: 0, Sum: 0, Workers: 3
[1.172s][debug][gc,phases      ] GC(3)       StringTable Weak               Min:  0.0, Avg:  0.0, Max:  0.0, Diff:  0.0, Sum:  0.0, Workers: 3
[1.172s][debug][gc,phases      ] GC(3)         Dead                           Min: 0, Avg:  0.0, Max: 0, Diff: 0, Sum: 0, Workers: 3
[1.172s][debug][gc,phases      ] GC(3)         Total                          Min: 0, Avg: 821.3, Max: 1632, Diff: 1632, Sum: 2464, Workers: 3
[1.172s][debug][gc,phases      ] GC(3)       ResolvedMethodTable Weak       Min:  0.0, Avg:  0.0, Max:  0.0, Diff:  0.0, Sum:  0.0, Workers: 3
[1.172s][debug][gc,phases      ] GC(3)         Dead                           Min: 0, Avg:  0.0, Max: 0, Diff: 0, Sum: 0, Workers: 3
[1.172s][debug][gc,phases      ] GC(3)         Total                          Min: 0, Avg: 45.7, Max: 73, Diff: 73, Sum: 137, Workers: 3
[1.172s][debug][gc,phases      ] GC(3)       JNI Weak                       Min:  0.0, Avg:  0.0, Max:  0.0, Diff:  0.0, Sum:  0.0, Workers: 3
[1.172s][debug][gc,phases      ] GC(3)         Dead                           Min: 0, Avg:  0.0, Max: 0, Diff: 0, Sum: 0, Workers: 3
[1.172s][debug][gc,phases      ] GC(3)         Total                          Min: 0, Avg:  0.0, Max: 0, Diff: 0, Sum: 0, Workers: 3
[1.172s][debug][gc,phases      ] GC(3)       StringDedup Table Weak         Min:  0.0, Avg:  0.0, Max:  0.0, Diff:  0.0, Sum:  0.0, Workers: 3
[1.172s][debug][gc,phases      ] GC(3)         Dead                           Min: 0, Avg:  0.0, Max: 0, Diff: 0, Sum: 0, Workers: 3
[1.172s][debug][gc,phases      ] GC(3)         Total                          Min: 0, Avg:  0.0, Max: 0, Diff: 0, Sum: 0, Workers: 3
[1.172s][debug][gc,phases      ] GC(3)       StringDedup Requests0 Weak     Min:  0.0, Avg:  0.0, Max:  0.0, Diff:  0.0, Sum:  0.0, Workers: 3
[1.172s][debug][gc,phases      ] GC(3)         Dead                           Min: 0, Avg:  0.0, Max: 0, Diff: 0, Sum: 0, Workers: 3
[1.172s][debug][gc,phases      ] GC(3)         Total                          Min: 0, Avg:  0.0, Max: 0, Diff: 0, Sum: 0, Workers: 3
[1.172s][debug][gc,phases      ] GC(3)       StringDedup Requests1 Weak     Min:  0.0, Avg:  0.0, Max:  0.0, Diff:  0.0, Sum:  0.0, Workers: 3
[1.172s][debug][gc,phases      ] GC(3)         Dead                           Min: 0, Avg:  0.0, Max: 0, Diff: 0, Sum: 0, Workers: 3
[1.172s][debug][gc,phases      ] GC(3)         Total                          Min: 0, Avg:  0.0, Max: 0, Diff: 0, Sum: 0, Workers: 3
[1.172s][debug][gc,phases      ] GC(3)       Weak JFR Old Object Samples    Min:  0.0, Avg:  0.0, Max:  0.0, Diff:  0.0, Sum:  0.0, Workers: 3
[1.172s][debug][gc,phases      ] GC(3)         Dead                           Min: 0, Avg:  0.0, Max: 0, Diff: 0, Sum: 0, Workers: 3
[1.172s][debug][gc,phases      ] GC(3)         Total                          Min: 0, Avg:  0.0, Max: 0, Diff: 0, Sum: 0, Workers: 3
[1.172s][debug][gc,phases      ] GC(3)     Post Evacuate Cleanup 1: 0.0ms
[1.172s][debug][gc,phases      ] GC(3)       Merge Per-Thread State (ms):   Min:  0.0, Avg:  0.0, Max:  0.0, Diff:  0.0, Sum:  0.0, Workers: 1
[1.172s][debug][gc,phases      ] GC(3)         Copied Bytes                   Min: 8046080, Avg: 12072088.0, Max: 13637040, Diff: 5590960, Sum: 48288352, Workers: 4
[1.172s][debug][gc,phases      ] GC(3)         LAB Waste                      Min: 328, Avg: 416.0, Max: 480, Diff: 152, Sum: 1664, Workers: 4
[1.172s][debug][gc,phases      ] GC(3)         LAB Undo Waste                 Min: 0, Avg:  0.0, Max: 0, Diff: 0, Sum: 0, Workers: 4
[1.172s][debug][gc,phases      ] GC(3)       Clear Logged Cards (ms):       Min:  0.0, Avg:  0.0, Max:  0.0, Diff:  0.0, Sum:  0.0, Workers: 3
[1.172s][debug][gc,phases      ] GC(3)       Recalculate Used Memory (ms):  Min:  0.0, Avg:  0.0, Max:  0.0, Diff:  0.0, Sum:  0.0, Workers: 1
[1.172s][debug][gc,phases      ] GC(3)     Post Evacuate Cleanup 2: 0.1ms
[1.172s][debug][gc,phases      ] GC(3)       Reset Hot Card Cache (ms):     Min:  0.0, Avg:  0.0, Max:  0.0, Diff:  0.0, Sum:  0.0, Workers: 1
[1.172s][debug][gc,phases      ] GC(3)       Purge Code Roots (ms):         Min:  0.0, Avg:  0.0, Max:  0.0, Diff:  0.0, Sum:  0.0, Workers: 1
[1.172s][debug][gc,phases      ] GC(3)       Update Derived Pointers (ms):  Min:  0.0, Avg:  0.0, Max:  0.0, Diff:  0.0, Sum:  0.0, Workers: 1
[1.172s][debug][gc,phases      ] GC(3)       Eagerly Reclaim Humongous Objects (ms): Min:  0.0, Avg:  0.0, Max:  0.0, Diff:  0.0, Sum:  0.0, Workers: 1
[1.172s][debug][gc,phases      ] GC(3)         Humongous Total                Min: 11, Avg: 11.0, Max: 11, Diff: 0, Sum: 11, Workers: 1
[1.172s][debug][gc,phases      ] GC(3)         Humongous Candidates           Min: 0, Avg:  0.0, Max: 0, Diff: 0, Sum: 0, Workers: 1
[1.172s][debug][gc,phases      ] GC(3)         Humongous Reclaimed            Min: 0, Avg:  0.0, Max: 0, Diff: 0, Sum: 0, Workers: 1
[1.172s][debug][gc,phases      ] GC(3)       Redirty Logged Cards (ms):     Min:  0.0, Avg:  0.0, Max:  0.0, Diff:  0.0, Sum:  0.0, Workers: 4
[1.172s][debug][gc,phases      ] GC(3)         Redirtied Cards:               Min: 0, Avg: 896.8, Max: 2051, Diff: 2051, Sum: 3587, Workers: 4
[1.172s][debug][gc,phases      ] GC(3)       Free Collection Set (ms):      Min:  0.0, Avg:  0.0, Max:  0.0, Diff:  0.0, Sum:  0.0, Workers: 4
[1.173s][debug][gc,phases      ] GC(3)     Rebuild Free List: 0.1ms
[1.173s][debug][gc,phases      ] GC(3)     Start New Collection Set: 0.0ms
[1.173s][debug][gc,phases      ] GC(3)     Resize TLABs: 0.0ms
[1.173s][debug][gc,phases      ] GC(3)     Expand Heap After Collection: 0.0ms
[1.173s][info ][gc,phases      ] GC(3)   Other: 0.7ms
[1.173s][info ][gc,heap        ] GC(3) Eden regions: 44->0(44)
[1.173s][info ][gc,heap        ] GC(3) Survivor regions: 7->7(7)
[1.173s][info ][gc,heap        ] GC(3) Old regions: 117->157
[1.173s][info ][gc,heap        ] GC(3) Archive regions: 0->0
[1.173s][info ][gc,heap        ] GC(3) Humongous regions: 110->110
[1.173s][info ][gc,metaspace   ] GC(3) Metaspace: 482K(640K)->482K(640K) NonClass: 445K(512K)->445K(512K) Class: 37K(128K)->37K(128K)
[1.173s][debug][gc,heap        ] GC(3) Heap after GC invocations=4 (full 0):
[1.173s][debug][gc,heap        ] GC(3)  garbage-first heap   total 1048576K, used 280576K [0x00000000c0000000, 0x0000000100000000)
[1.173s][debug][gc,heap        ] GC(3)   region size 1024K, 7 young (7168K), 7 survivors (7168K)
[1.173s][debug][gc,heap        ] GC(3)  Metaspace       used 482K, committed 640K, reserved 1056768K
[1.173s][debug][gc,heap        ] GC(3)   class space    used 37K, committed 128K, reserved 1048576K
[1.173s][info ][gc             ] GC(3) Pause Young (Normal) (G1 Evacuation Pause) 278M->274M(1024M) 80.691ms
[1.173s][info ][gc,cpu         ] GC(3) User=0.22s Sys=0.00s Real=0.08s
[1.173s][debug][gc,refine      ] Activated worker 1, on threshold: 2994, current: 3560
[1.174s][debug][gc,refine      ] Deactivated worker 1, off threshold: 2245, current: 1767, refined cards: 768
[1.175s][debug][gc,refine      ] Deactivated worker 0, off threshold: 1497, current: 1255, refined cards: 1572
[1.177s][debug][gc,refine      ] Activated worker 0, on threshold: 2009, current: 2023
[1.178s][debug][gc,refine      ] Deactivated worker 0, off threshold: 1497, current: 1280, refined cards: 743
[1.181s][debug][gc,refine      ] Activated worker 0, on threshold: 2009, current: 2048
[1.182s][debug][gc,refine      ] Deactivated worker 0, off threshold: 1497, current: 1280, refined cards: 768
[1.184s][debug][gc,refine      ] Activated worker 0, on threshold: 2009, current: 2048
[1.185s][debug][gc,refine      ] Deactivated worker 0, off threshold: 1497, current: 1280, refined cards: 768
[1.187s][debug][gc,refine      ] Activated worker 0, on threshold: 2009, current: 2048
[1.188s][debug][gc,refine      ] Deactivated worker 0, off threshold: 1497, current: 1280, refined cards: 768
[1.191s][debug][gc,refine      ] Activated worker 0, on threshold: 2009, current: 2048
[1.192s][debug][gc,refine      ] Deactivated worker 0, off threshold: 1497, current: 1280, refined cards: 768
[1.194s][debug][gc,refine      ] Activated worker 0, on threshold: 2009, current: 2048
[1.195s][debug][gc,refine      ] Deactivated worker 0, off threshold: 1497, current: 1280, refined cards: 768
[1.198s][debug][gc,refine      ] Activated worker 0, on threshold: 2009, current: 2048
[1.199s][debug][gc,refine      ] Deactivated worker 0, off threshold: 1497, current: 1280, refined cards: 768
[1.201s][debug][gc,refine      ] Activated worker 0, on threshold: 2009, current: 2048
[1.202s][debug][gc,refine      ] Deactivated worker 0, off threshold: 1497, current: 1280, refined cards: 768
[1.205s][debug][gc,refine      ] Activated worker 0, on threshold: 2009, current: 2048
[1.206s][debug][gc,refine      ] Deactivated worker 0, off threshold: 1497, current: 1280, refined cards: 768
[1.208s][debug][gc,refine      ] Activated worker 0, on threshold: 2009, current: 2048
[1.209s][debug][gc,refine      ] Deactivated worker 0, off threshold: 1497, current: 1280, refined cards: 768
[1.212s][debug][gc,refine      ] Activated worker 0, on threshold: 2009, current: 2048
[1.213s][debug][gc,refine      ] Deactivated worker 0, off threshold: 1497, current: 1280, refined cards: 768
[1.215s][debug][gc,refine      ] Activated worker 0, on threshold: 2009, current: 2048
[1.217s][debug][gc,refine      ] Deactivated worker 0, off threshold: 1497, current: 1280, refined cards: 768
[1.219s][debug][gc,refine      ] Activated worker 0, on threshold: 2009, current: 2048
[1.220s][debug][gc,refine      ] Deactivated worker 0, off threshold: 1497, current: 1280, refined cards: 768
[1.223s][debug][gc,refine      ] Activated worker 0, on threshold: 2009, current: 2048
[1.224s][debug][gc,refine      ] Deactivated worker 0, off threshold: 1497, current: 1280, refined cards: 768
[1.227s][debug][gc,refine      ] Activated worker 0, on threshold: 2009, current: 2048
[1.228s][debug][gc,refine      ] Deactivated worker 0, off threshold: 1497, current: 1280, refined cards: 768
[1.231s][debug][gc,refine      ] Activated worker 0, on threshold: 2009, current: 2048
[1.232s][debug][gc,refine      ] Deactivated worker 0, off threshold: 1497, current: 1280, refined cards: 768
[1.235s][debug][gc,refine      ] Activated worker 0, on threshold: 2009, current: 2048
[1.236s][debug][gc,refine      ] Deactivated worker 0, off threshold: 1497, current: 1280, refined cards: 768
[1.239s][debug][gc,refine      ] Activated worker 0, on threshold: 2009, current: 2048
[1.240s][debug][gc,refine      ] Deactivated worker 0, off threshold: 1497, current: 1280, refined cards: 768
[1.242s][debug][gc,refine      ] Activated worker 0, on threshold: 2009, current: 2048
[1.243s][debug][gc,refine      ] Deactivated worker 0, off threshold: 1497, current: 1280, refined cards: 1024
[1.246s][debug][gc,refine      ] Activated worker 0, on threshold: 2009, current: 2048
[1.247s][debug][gc,refine      ] Deactivated worker 0, off threshold: 1497, current: 1280, refined cards: 1024
[1.250s][debug][gc,refine      ] Activated worker 0, on threshold: 2009, current: 2048
[1.251s][debug][gc,refine      ] Deactivated worker 0, off threshold: 1497, current: 1280, refined cards: 768
[1.253s][debug][gc,refine      ] Activated worker 0, on threshold: 2009, current: 2048
[1.254s][debug][gc,refine      ] Deactivated worker 0, off threshold: 1497, current: 1280, refined cards: 768
[1.270s][debug][gc,refine      ] Activated worker 0, on threshold: 2009, current: 2048
[1.270s][debug][gc,refine      ] Deactivated worker 0, off threshold: 1497, current: 1280, refined cards: 768
[1.272s][debug][gc,refine      ] Activated worker 0, on threshold: 2009, current: 2048
[1.272s][debug][gc,refine      ] Deactivated worker 0, off threshold: 1497, current: 1280, refined cards: 768
[1.274s][debug][gc,refine      ] Activated worker 0, on threshold: 2009, current: 2048
[1.275s][debug][gc,refine      ] Deactivated worker 0, off threshold: 1497, current: 1280, refined cards: 768
[1.278s][debug][gc,refine      ] Activated worker 0, on threshold: 2009, current: 2048
[1.279s][debug][gc,refine      ] Deactivated worker 0, off threshold: 1497, current: 1280, refined cards: 1024
[1.282s][debug][gc,refine      ] Activated worker 0, on threshold: 2009, current: 2048
[1.283s][debug][gc,refine      ] Deactivated worker 0, off threshold: 1497, current: 1280, refined cards: 768
[1.284s][debug][gc,refine      ] Activated worker 0, on threshold: 2009, current: 2048
[1.285s][debug][gc,refine      ] Deactivated worker 0, off threshold: 1497, current: 1280, refined cards: 768
[1.285s][debug][gc,heap        ] GC(4) Heap before GC invocations=4 (full 0):
[1.285s][debug][gc,heap        ] GC(4)  garbage-first heap   total 1048576K, used 325632K [0x00000000c0000000, 0x0000000100000000)
[1.285s][debug][gc,heap        ] GC(4)   region size 1024K, 51 young (52224K), 7 survivors (7168K)
[1.285s][debug][gc,heap        ] GC(4)  Metaspace       used 482K, committed 640K, reserved 1056768K
[1.285s][debug][gc,heap        ] GC(4)   class space    used 37K, committed 128K, reserved 1048576K
[1.285s][info ][gc,start       ] GC(4) Pause Young (Normal) (G1 Evacuation Pause)
[1.285s][info ][gc,task        ] GC(4) Using 4 workers of 4 for evacuation
[1.285s][debug][gc,tlab        ] GC(4) TLAB totals: thrds: 1  refills: 132 max: 132 slow allocs: 0 max 0 waste:  0.2% gc: 0B max: 0B slow: 76032B max: 76032B
[1.286s][debug][gc,age         ] GC(4) Desired survivor size 3670016 bytes, new threshold 1 (max threshold 15)
[1.286s][debug][gc,refine,stats] GC(4) Mutator refinement: 0.00ms, refined: 0, precleaned: 0, dirtied: 22493
[1.286s][debug][gc,refine,stats] GC(4) Concurrent refinement: 28.20ms, refined: 24579, precleaned: 0, dirtied: 0
[1.286s][debug][gc,refine,stats] GC(4) Total refinement: 28.20ms, refined: 24579, precleaned: 0, dirtied: 22493
[1.286s][debug][gc,refine,stats] GC(4) Concurrent refinement rate: 871.57 cards/ms
[1.286s][debug][gc,refine,stats] GC(4) Generate dirty cards rate: 194.04 cards/ms
[1.286s][debug][gc,alloc,region] GC(4) Mutator Allocation stats, regions: 44, wasted size: 0B ( 0.0%)
[1.286s][debug][gc,humongous   ] GC(4) Humongous region 0 (object size 640280 @ 0x00000000c0000000) remset 0 code roots 0 marked 0 reclaim candidate 0 type array 0
[1.286s][debug][gc,humongous   ] GC(4) Humongous region 1 (object size 960408 @ 0x00000000c0100000) remset 0 code roots 0 marked 0 reclaim candidate 0 type array 0
[1.286s][debug][gc,humongous   ] GC(4) Humongous region 2 (object size 1440600 @ 0x00000000c0200000) remset 0 code roots 0 marked 0 reclaim candidate 0 type array 0
[1.286s][debug][gc,humongous   ] GC(4) Humongous region 4 (object size 2160888 @ 0x00000000c0400000) remset 0 code roots 0 marked 0 reclaim candidate 0 type array 0
[1.286s][debug][gc,humongous   ] GC(4) Humongous region 7 (object size 3241320 @ 0x00000000c0700000) remset 0 code roots 0 marked 0 reclaim candidate 0 type array 0
[1.286s][debug][gc,humongous   ] GC(4) Humongous region 11 (object size 4861968 @ 0x00000000c0b00000) remset 0 code roots 0 marked 0 reclaim candidate 0 type array 0
[1.286s][debug][gc,humongous   ] GC(4) Humongous region 16 (object size 7292936 @ 0x00000000c1000000) remset 0 code roots 0 marked 0 reclaim candidate 0 type array 0
[1.286s][debug][gc,humongous   ] GC(4) Humongous region 23 (object size 10939400 @ 0x00000000c1700000) remset 0 code roots 0 marked 0 reclaim candidate 0 type array 0
[1.286s][debug][gc,humongous   ] GC(4) Humongous region 34 (object size 16409088 @ 0x00000000c2200000) remset 0 code roots 0 marked 0 reclaim candidate 0 type array 0
[1.286s][debug][gc,humongous   ] GC(4) Humongous region 88 (object size 24613616 @ 0x00000000c5800000) remset 1 code roots 0 marked 0 reclaim candidate 0 type array 0
[1.286s][debug][gc,humongous   ] GC(4) Humongous region 157 (object size 36920416 @ 0x00000000c9d00000) remset 1 code roots 0 marked 0 reclaim candidate 0 type array 0
[1.286s][debug][gc,ergo        ] GC(4) Running G1 Merge Heap Roots using 4 workers for 51 regions
[1.286s][debug][gc,remset      ] GC(4) Visited cards 25344 Total dirty 30720 (82.50%) Total old 755712 (3.35%)
[1.303s][debug][gc,ref         ] GC(4) Skipped phase 1 of Reference Processing: no references
[1.303s][debug][gc,ref         ] GC(4) Skipped phase 2 of Reference Processing: no references
[1.303s][debug][gc,ref         ] GC(4) Skipped phase 3 of Reference Processing: no references
[1.303s][debug][gc,ref         ] GC(4) Skipped phase 4 of Reference Processing: no references
[1.303s][debug][gc,ergo        ] GC(4) Running G1 Rebuild Free List Task using 4 workers for rebuilding free list of regions
[1.303s][debug][gc,plab        ] GC(4) Young PLAB allocation: allocated: 7340032B, wasted: 448B, unused: 0B, used: 7339584B, undo waste: 0B, 
[1.303s][debug][gc,task,start  ] G1 Service Thread (Remembered Set Sampling Task) (run)
[1.303s][debug][gc,plab        ] GC(4) Young other allocation: region end waste: 0B, regions filled: 7, direct allocated: 0B, failure used: 0B, failure wasted: 0B
[1.303s][debug][gc,plab        ] GC(4) Young sizing: calculated: 1467912B, actual: 1467864B
[1.303s][debug][gc,plab        ] GC(4) Old PLAB allocation: allocated: 3145728B, wasted: 32B, unused: 841280B, used: 2304416B, undo waste: 0B, 
[1.303s][debug][gc,plab        ] GC(4) Old other allocation: region end waste: 0B, regions filled: 3, direct allocated: 0B, failure used: 0B, failure wasted: 0B
[1.303s][debug][gc,plab        ] GC(4) Old sizing: calculated: 460880B, actual: 2350200B
[1.303s][debug][gc,ergo,heap   ] GC(4) Heap expansion: short term pause time ratio 43.63% long term pause time ratio 22.93% threshold 7.69% pause time ratio 7.69% fully expanded true resize by 0B
[1.303s][debug][gc,mmu         ] GC(4) MMU: 85.1ms (200.0ms/201.0ms)
[1.303s][debug][gc,alloc,stats ] Old generation allocation in the last mutator period, old gen allocated: 3145728B, humongous allocated: 0B,old gen growth: 3145728B.
[1.303s][debug][gc,ihop        ] GC(4) Basic information (value update), threshold: 483183820B (45.00), target occupancy: 1073741824B, current occupancy: 290455552B, recent allocation size: 3145728B, recent allocation duration: 115.92ms, recent old gen allocation rate: 27136896.17B/s, recent marking phase length: 0.00ms
[1.304s][debug][gc,ihop        ] GC(4) Adaptive IHOP information (value update), threshold: 483183820B (52.94), internal target occupancy: 912680550B, occupancy: 290455552B, additional buffer size: 53477376B, predicted old gen allocation rate: 329614593.57B/s, predicted marking phase length: 0.00ms, prediction active: false
[1.304s][debug][gc,ergo,refine ] GC(4) Concurrent refinement times: Logged Cards Scan time goal: 20.00ms Logged Cards Scan time: 0.36ms HCC time: 0.00ms
[1.304s][debug][gc,ergo,refine ] GC(4) Updated Refinement Zones: green: 1497, yellow: 4491, red: 7485
[1.304s][debug][gc,refine      ] Activated worker 0, on threshold: 2009, current: 3589
[1.304s][info ][gc,phases      ] GC(4)   Pre Evacuate Collection Set: 0.5ms
[1.304s][debug][gc,phases      ] GC(4)     Prepare TLABs: 0.0ms
[1.304s][debug][gc,phases      ] GC(4)     Concatenate Dirty Card Logs: 0.0ms
[1.304s][debug][gc,phases      ] GC(4)     Choose Collection Set: 0.0ms
[1.304s][debug][gc,phases      ] GC(4)     Region Register: 0.5ms
[1.304s][debug][gc,phases      ] GC(4)     Prepare Heap Roots: 0.0ms
[1.304s][info ][gc,phases      ] GC(4)   Merge Heap Roots: 0.2ms
[1.304s][debug][gc,phases      ] GC(4)     Prepare Merge Heap Roots: 0.0ms
[1.304s][debug][gc,phases      ] GC(4)     Eager Reclaim (ms):            skipped
[1.304s][debug][gc,phases      ] GC(4)     Remembered Sets (ms):          Min:  0.1, Avg:  0.1, Max:  0.1, Diff:  0.0, Sum:  0.2, Workers: 4
[1.304s][debug][gc,phases      ] GC(4)       Merged Sparse:                 Min: 0, Avg:  0.0, Max: 0, Diff: 0, Sum: 0, Workers: 4
[1.304s][debug][gc,phases      ] GC(4)       Merged Fine:                   Min: 13, Avg: 17.3, Max: 25, Diff: 12, Sum: 69, Workers: 4
[1.304s][debug][gc,phases      ] GC(4)       Merged Coarse:                 Min: 0, Avg:  0.0, Max: 0, Diff: 0, Sum: 0, Workers: 4
[1.304s][debug][gc,phases      ] GC(4)       Dirty Cards:                   Min: 5615, Avg: 5724.0, Max: 6006, Diff: 391, Sum: 22896, Workers: 4
[1.304s][debug][gc,phases      ] GC(4)     Hot Card Cache (ms):           Min:  0.0, Avg:  0.0, Max:  0.0, Diff:  0.0, Sum:  0.0, Workers: 4
[1.304s][debug][gc,phases      ] GC(4)       Dirty Cards:                   Min: 0, Avg:  0.0, Max: 0, Diff: 0, Sum: 0, Workers: 4
[1.304s][debug][gc,phases      ] GC(4)       Skipped Cards:                 Min: 0, Avg:  0.0, Max: 0, Diff: 0, Sum: 0, Workers: 4
[1.304s][debug][gc,phases      ] GC(4)     Log Buffers (ms):              Min:  0.0, Avg:  0.0, Max:  0.0, Diff:  0.0, Sum:  0.0, Workers: 4
[1.304s][debug][gc,phases      ] GC(4)       Dirty Cards:                   Min: 248, Avg: 367.3, Max: 504, Diff: 256, Sum: 1469, Workers: 4
[1.304s][debug][gc,phases      ] GC(4)       Skipped Cards:                 Min: 0, Avg:  0.0, Max: 0, Diff: 0, Sum: 0, Workers: 4
[1.304s][info ][gc,phases      ] GC(4)   Evacuate Collection Set: 16.2ms
[1.304s][debug][gc,phases      ] GC(4)     Ext Root Scanning (ms):        Min:  0.0, Avg:  0.0, Max:  0.0, Diff:  0.0, Sum:  0.1, Workers: 4
[1.304s][debug][gc,phases      ] GC(4)     Scan Heap Roots (ms):          Min:  3.7, Avg:  5.9, Max:  7.3, Diff:  3.6, Sum: 23.8, Workers: 4
[1.304s][debug][gc,phases      ] GC(4)       Scanned Cards:                 Min: 3304, Avg: 6106.3, Max: 9972, Diff: 6668, Sum: 24425, Workers: 4
[1.304s][debug][gc,phases      ] GC(4)       Scanned Blocks:                Min: 14, Avg: 24.8, Max: 39, Diff: 25, Sum: 99, Workers: 4
[1.304s][debug][gc,phases      ] GC(4)       Claimed Chunks:                Min: 14, Avg: 24.8, Max: 39, Diff: 25, Sum: 99, Workers: 4
[1.304s][debug][gc,phases      ] GC(4)     Code Root Scan (ms):           Min:  0.0, Avg:  0.0, Max:  0.0, Diff:  0.0, Sum:  0.0, Workers: 4
[1.304s][debug][gc,phases      ] GC(4)     Object Copy (ms):              Min:  8.8, Avg: 10.1, Max: 12.4, Diff:  3.6, Sum: 40.5, Workers: 4
[1.304s][debug][gc,phases      ] GC(4)     Termination (ms):              Min:  0.0, Avg:  0.0, Max:  0.1, Diff:  0.1, Sum:  0.1, Workers: 4
[1.304s][debug][gc,phases      ] GC(4)       Termination Attempts:          Min: 1, Avg:  3.5, Max: 8, Diff: 7, Sum: 14, Workers: 4
[1.304s][debug][gc,phases      ] GC(4)     GC Worker Other (ms):          Min:  0.0, Avg:  0.0, Max:  0.0, Diff:  0.0, Sum:  0.0, Workers: 4
[1.304s][debug][gc,phases      ] GC(4)     GC Worker Total (ms):          Min: 16.1, Avg: 16.1, Max: 16.2, Diff:  0.1, Sum: 64.5, Workers: 4
[1.304s][info ][gc,phases      ] GC(4)   Post Evacuate Collection Set: 0.4ms
[1.304s][debug][gc,phases      ] GC(4)     Code Roots Fixup: 0.0ms
[1.304s][debug][gc,phases      ] GC(4)     Reference Processing: 0.2ms
[1.305s][debug][gc,phases,ref  ] GC(4)       Reconsider SoftReferences: 0.1ms
[1.305s][debug][gc,phases,ref  ] GC(4)         SoftRef (ms):                  skipped
[1.305s][debug][gc,phases,ref  ] GC(4)       Notify Soft/WeakReferences: 0.0ms
[1.305s][debug][gc,phases,ref  ] GC(4)         SoftRef (ms):                  skipped
[1.305s][debug][gc,phases,ref  ] GC(4)         WeakRef (ms):                  skipped
[1.305s][debug][gc,phases,ref  ] GC(4)         FinalRef (ms):                 skipped
[1.305s][debug][gc,phases,ref  ] GC(4)         Total (ms):                    skipped
[1.305s][debug][gc,phases,ref  ] GC(4)       Notify and keep alive finalizable: 0.0ms
[1.305s][debug][gc,phases,ref  ] GC(4)         FinalRef (ms):                 skipped
[1.305s][debug][gc,phases,ref  ] GC(4)       Notify PhantomReferences: 0.0ms
[1.305s][debug][gc,phases,ref  ] GC(4)         PhantomRef (ms):               skipped
[1.305s][debug][gc,phases,ref  ] GC(4)       SoftReference:
[1.305s][debug][gc,phases,ref  ] GC(4)         Discovered: 0
[1.305s][debug][gc,phases,ref  ] GC(4)         Cleared: 0
[1.305s][debug][gc,phases,ref  ] GC(4)       WeakReference:
[1.305s][debug][gc,phases,ref  ] GC(4)         Discovered: 0
[1.305s][debug][gc,phases,ref  ] GC(4)         Cleared: 0
[1.305s][debug][gc,phases,ref  ] GC(4)       FinalReference:
[1.305s][debug][gc,phases,ref  ] GC(4)         Discovered: 0
[1.305s][debug][gc,phases,ref  ] GC(4)         Cleared: 0
[1.305s][debug][gc,phases,ref  ] GC(4)       PhantomReference:
[1.305s][debug][gc,phases,ref  ] GC(4)         Discovered: 0
[1.305s][debug][gc,phases,ref  ] GC(4)         Cleared: 0
[1.305s][debug][gc,phases      ] GC(4)     Weak Processing: 0.0ms
[1.305s][debug][gc,phases      ] GC(4)       VM Weak                        Min:  0.0, Avg:  0.0, Max:  0.0, Diff:  0.0, Sum:  0.0, Workers: 3
[1.305s][debug][gc,phases      ] GC(4)         Dead                           Min: 0, Avg:  0.0, Max: 0, Diff: 0, Sum: 0, Workers: 3
[1.305s][debug][gc,phases      ] GC(4)         Total                          Min: 0, Avg:  4.7, Max: 14, Diff: 14, Sum: 14, Workers: 3
[1.305s][debug][gc,phases      ] GC(4)       ObjectSynchronizer Weak        Min:  0.0, Avg:  0.0, Max:  0.0, Diff:  0.0, Sum:  0.0, Workers: 3
[1.305s][debug][gc,phases      ] GC(4)         Dead                           Min: 0, Avg:  0.0, Max: 0, Diff: 0, Sum: 0, Workers: 3
[1.305s][debug][gc,phases      ] GC(4)         Total                          Min: 0, Avg:  1.0, Max: 3, Diff: 3, Sum: 3, Workers: 3
[1.305s][debug][gc,phases      ] GC(4)       JVMTI Tag Weak OopStorage      Min:  0.0, Avg:  0.0, Max:  0.0, Diff:  0.0, Sum:  0.0, Workers: 3
[1.305s][debug][gc,phases      ] GC(4)         Dead                           Min: 0, Avg:  0.0, Max: 0, Diff: 0, Sum: 0, Workers: 3
[1.305s][debug][gc,phases      ] GC(4)         Total                          Min: 0, Avg:  0.0, Max: 0, Diff: 0, Sum: 0, Workers: 3
[1.305s][debug][gc,phases      ] GC(4)       StringTable Weak               Min:  0.0, Avg:  0.0, Max:  0.0, Diff:  0.0, Sum:  0.0, Workers: 3
[1.305s][debug][gc,phases      ] GC(4)         Dead                           Min: 0, Avg:  0.0, Max: 0, Diff: 0, Sum: 0, Workers: 3
[1.305s][debug][gc,phases      ] GC(4)         Total                          Min: 640, Avg: 821.3, Max: 1024, Diff: 384, Sum: 2464, Workers: 3
[1.305s][debug][gc,phases      ] GC(4)       ResolvedMethodTable Weak       Min:  0.0, Avg:  0.0, Max:  0.0, Diff:  0.0, Sum:  0.0, Workers: 3
[1.305s][debug][gc,phases      ] GC(4)         Dead                           Min: 0, Avg:  0.0, Max: 0, Diff: 0, Sum: 0, Workers: 3
[1.305s][debug][gc,phases      ] GC(4)         Total                          Min: 9, Avg: 45.7, Max: 64, Diff: 55, Sum: 137, Workers: 3
[1.305s][debug][gc,phases      ] GC(4)       JNI Weak                       Min:  0.0, Avg:  0.0, Max:  0.0, Diff:  0.0, Sum:  0.0, Workers: 3
[1.305s][debug][gc,phases      ] GC(4)         Dead                           Min: 0, Avg:  0.0, Max: 0, Diff: 0, Sum: 0, Workers: 3
[1.305s][debug][gc,phases      ] GC(4)         Total                          Min: 0, Avg:  0.0, Max: 0, Diff: 0, Sum: 0, Workers: 3
[1.305s][debug][gc,phases      ] GC(4)       StringDedup Table Weak         Min:  0.0, Avg:  0.0, Max:  0.0, Diff:  0.0, Sum:  0.0, Workers: 3
[1.306s][debug][gc,phases      ] GC(4)         Dead                           Min: 0, Avg:  0.0, Max: 0, Diff: 0, Sum: 0, Workers: 3
[1.306s][debug][gc,phases      ] GC(4)         Total                          Min: 0, Avg:  0.0, Max: 0, Diff: 0, Sum: 0, Workers: 3
[1.306s][debug][gc,phases      ] GC(4)       StringDedup Requests0 Weak     Min:  0.0, Avg:  0.0, Max:  0.0, Diff:  0.0, Sum:  0.0, Workers: 3
[1.306s][debug][gc,phases      ] GC(4)         Dead                           Min: 0, Avg:  0.0, Max: 0, Diff: 0, Sum: 0, Workers: 3
[1.306s][debug][gc,phases      ] GC(4)         Total                          Min: 0, Avg:  0.0, Max: 0, Diff: 0, Sum: 0, Workers: 3
[1.306s][debug][gc,phases      ] GC(4)       StringDedup Requests1 Weak     Min:  0.0, Avg:  0.0, Max:  0.0, Diff:  0.0, Sum:  0.0, Workers: 3
[1.306s][debug][gc,phases      ] GC(4)         Dead                           Min: 0, Avg:  0.0, Max: 0, Diff: 0, Sum: 0, Workers: 3
[1.306s][debug][gc,phases      ] GC(4)         Total                          Min: 0, Avg:  0.0, Max: 0, Diff: 0, Sum: 0, Workers: 3
[1.306s][debug][gc,phases      ] GC(4)       Weak JFR Old Object Samples    Min:  0.0, Avg:  0.0, Max:  0.0, Diff:  0.0, Sum:  0.0, Workers: 3
[1.306s][debug][gc,phases      ] GC(4)         Dead                           Min: 0, Avg:  0.0, Max: 0, Diff: 0, Sum: 0, Workers: 3
[1.306s][debug][gc,phases      ] GC(4)         Total                          Min: 0, Avg:  0.0, Max: 0, Diff: 0, Sum: 0, Workers: 3
[1.306s][debug][gc,phases      ] GC(4)     Post Evacuate Cleanup 1: 0.1ms
[1.306s][debug][gc,phases      ] GC(4)       Merge Per-Thread State (ms):   Min:  0.0, Avg:  0.0, Max:  0.0, Diff:  0.0, Sum:  0.0, Workers: 1
[1.306s][debug][gc,phases      ] GC(4)         Copied Bytes                   Min: 2120672, Avg: 2411000.0, Max: 3172544, Diff: 1051872, Sum: 9644000, Workers: 4
[1.306s][debug][gc,phases      ] GC(4)         LAB Waste                      Min: 96, Avg: 120.0, Max: 168, Diff: 72, Sum: 480, Workers: 4
[1.306s][debug][gc,phases      ] GC(4)         LAB Undo Waste                 Min: 0, Avg:  0.0, Max: 0, Diff: 0, Sum: 0, Workers: 4
[1.306s][debug][gc,phases      ] GC(4)       Clear Logged Cards (ms):       Min:  0.0, Avg:  0.0, Max:  0.0, Diff:  0.0, Sum:  0.0, Workers: 3
[1.306s][debug][gc,phases      ] GC(4)       Recalculate Used Memory (ms):  Min:  0.0, Avg:  0.0, Max:  0.0, Diff:  0.0, Sum:  0.0, Workers: 1
[1.306s][debug][gc,phases      ] GC(4)     Post Evacuate Cleanup 2: 0.1ms
[1.306s][debug][gc,phases      ] GC(4)       Reset Hot Card Cache (ms):     Min:  0.0, Avg:  0.0, Max:  0.0, Diff:  0.0, Sum:  0.0, Workers: 1
[1.306s][debug][gc,phases      ] GC(4)       Purge Code Roots (ms):         Min:  0.0, Avg:  0.0, Max:  0.0, Diff:  0.0, Sum:  0.0, Workers: 1
[1.306s][debug][gc,phases      ] GC(4)       Update Derived Pointers (ms):  Min:  0.0, Avg:  0.0, Max:  0.0, Diff:  0.0, Sum:  0.0, Workers: 1
[1.306s][debug][gc,phases      ] GC(4)       Eagerly Reclaim Humongous Objects (ms): Min:  0.0, Avg:  0.0, Max:  0.0, Diff:  0.0, Sum:  0.0, Workers: 1
[1.306s][debug][gc,phases      ] GC(4)         Humongous Total                Min: 11, Avg: 11.0, Max: 11, Diff: 0, Sum: 11, Workers: 1
[1.306s][debug][gc,phases      ] GC(4)         Humongous Candidates           Min: 0, Avg:  0.0, Max: 0, Diff: 0, Sum: 0, Workers: 1
[1.306s][debug][gc,phases      ] GC(4)         Humongous Reclaimed            Min: 0, Avg:  0.0, Max: 0, Diff: 0, Sum: 0, Workers: 1
[1.306s][debug][gc,phases      ] GC(4)       Redirty Logged Cards (ms):     Min:  0.0, Avg:  0.0, Max:  0.0, Diff:  0.0, Sum:  0.0, Workers: 4
[1.306s][debug][gc,phases      ] GC(4)         Redirtied Cards:               Min: 0, Avg: 897.3, Max: 2053, Diff: 2053, Sum: 3589, Workers: 4
[1.306s][debug][gc,phases      ] GC(4)       Free Collection Set (ms):      Min:  0.0, Avg:  0.0, Max:  0.0, Diff:  0.0, Sum:  0.0, Workers: 4
[1.306s][debug][gc,phases      ] GC(4)     Rebuild Free List: 0.1ms
[1.306s][debug][gc,phases      ] GC(4)     Start New Collection Set: 0.0ms
[1.307s][debug][gc,phases      ] GC(4)     Resize TLABs: 0.0ms
[1.307s][debug][gc,phases      ] GC(4)     Expand Heap After Collection: 0.0ms
[1.307s][info ][gc,phases      ] GC(4)   Other: 1.0ms
[1.307s][info ][gc,heap        ] GC(4) Eden regions: 44->0(44)
[1.307s][info ][gc,heap        ] GC(4) Survivor regions: 7->7(7)
[1.307s][info ][gc,heap        ] GC(4) Old regions: 157->160
[1.307s][info ][gc,heap        ] GC(4) Archive regions: 0->0
[1.307s][info ][gc,heap        ] GC(4) Humongous regions: 110->110
[1.307s][info ][gc,metaspace   ] GC(4) Metaspace: 482K(640K)->482K(640K) NonClass: 445K(512K)->445K(512K) Class: 37K(128K)->37K(128K)
[1.307s][debug][gc,heap        ] GC(4) Heap after GC invocations=5 (full 0):
[1.307s][debug][gc,heap        ] GC(4)  garbage-first heap   total 1048576K, used 283648K [0x00000000c0000000, 0x0000000100000000)
[1.307s][debug][gc,heap        ] GC(4)   region size 1024K, 7 young (7168K), 7 survivors (7168K)
[1.307s][debug][gc,heap        ] GC(4)  Metaspace       used 482K, committed 640K, reserved 1056768K
[1.307s][debug][gc,heap        ] GC(4)   class space    used 37K, committed 128K, reserved 1048576K
[1.307s][info ][gc             ] GC(4) Pause Young (Normal) (G1 Evacuation Pause) 318M->277M(1024M) 21.452ms
[1.307s][info ][gc,cpu         ] GC(4) User=0.06s Sys=0.00s Real=0.02s
[1.307s][debug][gc,task        ] G1 Service Thread (Remembered Set Sampling Task) (run) 3.843ms (cpu: 0.000ms)
[1.307s][debug][gc,refine      ] Activated worker 1, on threshold: 2994, current: 3433
[1.308s][debug][gc,refine      ] Deactivated worker 1, off threshold: 2245, current: 2050, refined cards: 512
[1.309s][debug][gc,refine      ] Deactivated worker 0, off threshold: 1497, current: 1358, refined cards: 1719
[1.311s][debug][gc,refine      ] Activated worker 0, on threshold: 2009, current: 2126
[1.312s][debug][gc,refine      ] Deactivated worker 0, off threshold: 1497, current: 1280, refined cards: 846
[1.315s][debug][gc,refine      ] Activated worker 0, on threshold: 2009, current: 2048
[1.315s][debug][gc,refine      ] Deactivated worker 0, off threshold: 1497, current: 1280, refined cards: 768
[1.320s][debug][gc,refine      ] Activated worker 0, on threshold: 2009, current: 2048
[1.321s][debug][gc,refine      ] Deactivated worker 0, off threshold: 1497, current: 1280, refined cards: 768
[1.324s][debug][gc,refine      ] Activated worker 0, on threshold: 2009, current: 2048
[1.325s][debug][gc,refine      ] Deactivated worker 0, off threshold: 1497, current: 1280, refined cards: 768
[1.328s][debug][gc,refine      ] Activated worker 0, on threshold: 2009, current: 2048
[1.329s][debug][gc,refine      ] Deactivated worker 0, off threshold: 1497, current: 1280, refined cards: 768
[1.332s][debug][gc,refine      ] Activated worker 0, on threshold: 2009, current: 2048
[1.333s][debug][gc,refine      ] Deactivated worker 0, off threshold: 1497, current: 1280, refined cards: 768
[1.334s][debug][gc,refine      ] Activated worker 0, on threshold: 2009, current: 2048
[1.335s][debug][gc,refine      ] Deactivated worker 0, off threshold: 1497, current: 1280, refined cards: 768
[1.337s][debug][gc,refine      ] Activated worker 0, on threshold: 2009, current: 2048
[1.338s][debug][gc,refine      ] Deactivated worker 0, off threshold: 1497, current: 1280, refined cards: 768
[1.340s][debug][gc,refine      ] Activated worker 0, on threshold: 2009, current: 2048
[1.341s][debug][gc,refine      ] Deactivated worker 0, off threshold: 1497, current: 1280, refined cards: 768
[1.343s][debug][gc,refine      ] Activated worker 0, on threshold: 2009, current: 2048
[1.344s][debug][gc,refine      ] Deactivated worker 0, off threshold: 1497, current: 1280, refined cards: 768
[1.346s][debug][gc,refine      ] Activated worker 0, on threshold: 2009, current: 2048
[1.347s][debug][gc,refine      ] Deactivated worker 0, off threshold: 1497, current: 1280, refined cards: 768
[1.349s][debug][gc,refine      ] Activated worker 0, on threshold: 2009, current: 2048
[1.351s][debug][gc,refine      ] Deactivated worker 0, off threshold: 1497, current: 1280, refined cards: 1024
[1.353s][debug][gc,refine      ] Activated worker 0, on threshold: 2009, current: 2048
[1.354s][debug][gc,refine      ] Deactivated worker 0, off threshold: 1497, current: 1280, refined cards: 768
[1.357s][debug][gc,refine      ] Activated worker 0, on threshold: 2009, current: 2048
[1.358s][debug][gc,refine      ] Deactivated worker 0, off threshold: 1497, current: 1280, refined cards: 768
[1.359s][debug][gc,refine      ] Activated worker 0, on threshold: 2009, current: 2048
[1.360s][debug][gc,refine      ] Deactivated worker 0, off threshold: 1497, current: 1280, refined cards: 768
[1.362s][debug][gc,refine      ] Activated worker 0, on threshold: 2009, current: 2048
[1.363s][debug][gc,refine      ] Deactivated worker 0, off threshold: 1497, current: 1280, refined cards: 768
[1.365s][debug][gc,refine      ] Activated worker 0, on threshold: 2009, current: 2048
[1.366s][debug][gc,refine      ] Deactivated worker 0, off threshold: 1497, current: 1280, refined cards: 768
[1.368s][debug][gc,refine      ] Activated worker 0, on threshold: 2009, current: 2048
[1.369s][debug][gc,refine      ] Deactivated worker 0, off threshold: 1497, current: 1280, refined cards: 768
[1.372s][debug][gc,refine      ] Activated worker 0, on threshold: 2009, current: 2048
[1.373s][debug][gc,refine      ] Deactivated worker 0, off threshold: 1497, current: 1280, refined cards: 768
[1.375s][debug][gc,refine      ] Activated worker 0, on threshold: 2009, current: 2048
[1.375s][debug][gc,refine      ] Deactivated worker 0, off threshold: 1497, current: 1280, refined cards: 768
[1.378s][debug][gc,refine      ] Activated worker 0, on threshold: 2009, current: 2048
[1.379s][debug][gc,refine      ] Deactivated worker 0, off threshold: 1497, current: 1280, refined cards: 768
[1.381s][debug][gc,refine      ] Activated worker 0, on threshold: 2009, current: 2048
[1.382s][debug][gc,refine      ] Deactivated worker 0, off threshold: 1497, current: 1280, refined cards: 768
[1.384s][debug][gc,refine      ] Activated worker 0, on threshold: 2009, current: 2048
[1.385s][debug][gc,refine      ] Deactivated worker 0, off threshold: 1497, current: 1280, refined cards: 1024
[1.388s][debug][gc,refine      ] Activated worker 0, on threshold: 2009, current: 2048
[1.389s][debug][gc,refine      ] Deactivated worker 0, off threshold: 1497, current: 1280, refined cards: 768
[1.390s][debug][gc,refine      ] Activated worker 0, on threshold: 2009, current: 2048
[1.391s][debug][gc,refine      ] Deactivated worker 0, off threshold: 1497, current: 1280, refined cards: 768
[1.392s][debug][gc,refine      ] Activated worker 0, on threshold: 2009, current: 2048
[1.393s][debug][gc,refine      ] Deactivated worker 0, off threshold: 1497, current: 1280, refined cards: 768
[1.395s][debug][gc,refine      ] Activated worker 0, on threshold: 2009, current: 2048
[1.395s][debug][gc,refine      ] Deactivated worker 0, off threshold: 1497, current: 1280, refined cards: 768
[1.398s][debug][gc,refine      ] Activated worker 0, on threshold: 2009, current: 2048
[1.398s][debug][gc,refine      ] Deactivated worker 0, off threshold: 1497, current: 1280, refined cards: 768
[1.399s][debug][gc,heap        ] GC(5) Heap before GC invocations=5 (full 0):
[1.399s][debug][gc,heap        ] GC(5)  garbage-first heap   total 1048576K, used 328704K [0x00000000c0000000, 0x0000000100000000)
[1.399s][debug][gc,heap        ] GC(5)   region size 1024K, 51 young (52224K), 7 survivors (7168K)
[1.399s][debug][gc,heap        ] GC(5)  Metaspace       used 482K, committed 640K, reserved 1056768K
[1.399s][debug][gc,heap        ] GC(5)   class space    used 37K, committed 128K, reserved 1048576K
[1.399s][info ][gc,start       ] GC(5) Pause Young (Normal) (G1 Evacuation Pause)
[1.399s][info ][gc,task        ] GC(5) Using 4 workers of 4 for evacuation
[1.399s][debug][gc,tlab        ] GC(5) TLAB totals: thrds: 1  refills: 132 max: 132 slow allocs: 0 max 0 waste:  0.2% gc: 0B max: 0B slow: 76032B max: 76032B
[1.399s][debug][gc,age         ] GC(5) Desired survivor size 3670016 bytes, new threshold 1 (max threshold 15)
[1.399s][debug][gc,refine,stats] GC(5) Mutator refinement: 0.00ms, refined: 0, precleaned: 0, dirtied: 22491
[1.399s][debug][gc,refine,stats] GC(5) Concurrent refinement: 25.29ms, refined: 24325, precleaned: 1024, dirtied: 0
[1.399s][debug][gc,refine,stats] GC(5) Total refinement: 25.29ms, refined: 24325, precleaned: 1024, dirtied: 22491
[1.399s][debug][gc,refine,stats] GC(5) Concurrent refinement rate: 961.81 cards/ms
[1.399s][debug][gc,refine,stats] GC(5) Generate dirty cards rate: 235.32 cards/ms
[1.399s][debug][gc,alloc,region] GC(5) Mutator Allocation stats, regions: 44, wasted size: 0B ( 0.0%)
[1.399s][debug][gc,humongous   ] GC(5) Humongous region 0 (object size 640280 @ 0x00000000c0000000) remset 0 code roots 0 marked 0 reclaim candidate 0 type array 0
[1.399s][debug][gc,humongous   ] GC(5) Humongous region 2 (object size 1440600 @ 0x00000000c0200000) remset 0 code roots 0 marked 0 reclaim candidate 0 type array 0
[1.399s][debug][gc,humongous   ] GC(5) Humongous region 1 (object size 960408 @ 0x00000000c0100000) remset 0 code roots 0 marked 0 reclaim candidate 0 type array 0
[1.399s][debug][gc,humongous   ] GC(5) Humongous region 4 (object size 2160888 @ 0x00000000c0400000) remset 0 code roots 0 marked 0 reclaim candidate 0 type array 0
[1.399s][debug][gc,humongous   ] GC(5) Humongous region 7 (object size 3241320 @ 0x00000000c0700000) remset 0 code roots 0 marked 0 reclaim candidate 0 type array 0
[1.399s][debug][gc,humongous   ] GC(5) Humongous region 11 (object size 4861968 @ 0x00000000c0b00000) remset 0 code roots 0 marked 0 reclaim candidate 0 type array 0
[1.399s][debug][gc,humongous   ] GC(5) Humongous region 16 (object size 7292936 @ 0x00000000c1000000) remset 0 code roots 0 marked 0 reclaim candidate 0 type array 0
[1.399s][debug][gc,humongous   ] GC(5) Humongous region 23 (object size 10939400 @ 0x00000000c1700000) remset 0 code roots 0 marked 0 reclaim candidate 0 type array 0
[1.399s][debug][gc,humongous   ] GC(5) Humongous region 34 (object size 16409088 @ 0x00000000c2200000) remset 0 code roots 0 marked 0 reclaim candidate 0 type array 0
[1.399s][debug][gc,humongous   ] GC(5) Humongous region 88 (object size 24613616 @ 0x00000000c5800000) remset 1 code roots 0 marked 0 reclaim candidate 0 type array 0
[1.399s][debug][gc,humongous   ] GC(5) Humongous region 157 (object size 36920416 @ 0x00000000c9d00000) remset 1 code roots 0 marked 0 reclaim candidate 0 type array 0
[1.400s][debug][gc,ergo        ] GC(5) Running G1 Merge Heap Roots using 4 workers for 51 regions
[1.400s][debug][gc,remset      ] GC(5) Visited cards 26880 Total dirty 28672 (93.75%) Total old 761856 (3.53%)
[1.483s][debug][gc,ref         ] GC(5) Skipped phase 1 of Reference Processing: no references
[1.483s][debug][gc,ref         ] GC(5) Skipped phase 2 of Reference Processing: no references
[1.483s][debug][gc,ref         ] GC(5) Skipped phase 3 of Reference Processing: no references
[1.483s][debug][gc,ref         ] GC(5) Skipped phase 4 of Reference Processing: no references
[1.484s][debug][gc,ergo        ] GC(5) Running G1 Rebuild Free List Task using 4 workers for rebuilding free list of regions
[1.484s][debug][gc,plab        ] GC(5) Young PLAB allocation: allocated: 7340032B, wasted: 336B, unused: 0B, used: 7339696B, undo waste: 0B, 
[1.484s][debug][gc,plab        ] GC(5) Young other allocation: region end waste: 0B, regions filled: 7, direct allocated: 0B, failure used: 0B, failure wasted: 0B
[1.484s][debug][gc,plab        ] GC(5) Young sizing: calculated: 1467936B, actual: 1467912B
[1.484s][debug][gc,plab        ] GC(5) Old PLAB allocation: allocated: 47185920B, wasted: 1376B, unused: 1123344B, used: 46061200B, undo waste: 0B, 
[1.484s][debug][gc,plab        ] GC(5) Old other allocation: region end waste: 0B, regions filled: 45, direct allocated: 0B, failure used: 0B, failure wasted: 0B
[1.484s][debug][gc,plab        ] GC(5) Old sizing: calculated: 9212240B, actual: 7496728B
[1.484s][debug][gc,ergo,heap   ] GC(5) Heap expansion: short term pause time ratio 13.38% long term pause time ratio 21.94% threshold 7.69% pause time ratio 7.69% fully expanded true resize by 0B
[1.484s][debug][gc,mmu         ] GC(5) MMU: 102.9ms (200.0ms/201.0ms)
[1.484s][debug][gc,alloc,stats ] Old generation allocation in the last mutator period, old gen allocated: 47185920B, humongous allocated: 0B,old gen growth: 47185920B.
[1.484s][debug][gc,ihop        ] GC(5) Basic information (value update), threshold: 483183820B (45.00), target occupancy: 1073741824B, current occupancy: 337641472B, recent allocation size: 47185920B, recent allocation duration: 95.58ms, recent old gen allocation rate: 493702576.81B/s, recent marking phase length: 0.00ms
[1.484s][debug][gc,ihop        ] GC(5) Adaptive IHOP information (value update), threshold: 483183820B (52.94), internal target occupancy: 912680550B, occupancy: 337641472B, additional buffer size: 53477376B, predicted old gen allocation rate: 344493952.01B/s, predicted marking phase length: 0.00ms, prediction active: false
[1.484s][debug][gc,ergo,refine ] GC(5) Concurrent refinement times: Logged Cards Scan time goal: 20.00ms Logged Cards Scan time: 0.74ms HCC time: 0.00ms
[1.484s][debug][gc,ergo,refine ] GC(5) Updated Refinement Zones: green: 1646, yellow: 4938, red: 8230
[1.484s][info ][gc,phases      ] GC(5)   Pre Evacuate Collection Set: 0.5ms
[1.484s][debug][gc,refine      ] Activated worker 0, on threshold: 2158, current: 3587
[1.484s][debug][gc,phases      ] GC(5)     Prepare TLABs: 0.0ms
[1.484s][debug][gc,phases      ] GC(5)     Concatenate Dirty Card Logs: 0.0ms
[1.484s][debug][gc,phases      ] GC(5)     Choose Collection Set: 0.0ms
[1.484s][debug][gc,phases      ] GC(5)     Region Register: 0.5ms
[1.484s][debug][gc,phases      ] GC(5)     Prepare Heap Roots: 0.0ms
[1.484s][info ][gc,phases      ] GC(5)   Merge Heap Roots: 0.2ms
[1.484s][debug][gc,phases      ] GC(5)     Prepare Merge Heap Roots: 0.0ms
[1.484s][debug][gc,phases      ] GC(5)     Eager Reclaim (ms):            skipped
[1.484s][debug][gc,phases      ] GC(5)     Remembered Sets (ms):          Min:  0.1, Avg:  0.1, Max:  0.1, Diff:  0.0, Sum:  0.4, Workers: 4
[1.484s][debug][gc,phases      ] GC(5)       Merged Sparse:                 Min: 0, Avg:  0.0, Max: 0, Diff: 0, Sum: 0, Workers: 4
[1.484s][debug][gc,phases      ] GC(5)       Merged Fine:                   Min: 4, Avg: 16.3, Max: 27, Diff: 23, Sum: 65, Workers: 4
[1.484s][debug][gc,phases      ] GC(5)       Merged Coarse:                 Min: 0, Avg:  0.0, Max: 0, Diff: 0, Sum: 0, Workers: 4
[1.485s][debug][gc,phases      ] GC(5)       Dirty Cards:                   Min: 1528, Avg: 5817.5, Max: 8169, Diff: 6641, Sum: 23270, Workers: 4
[1.485s][debug][gc,phases      ] GC(5)     Hot Card Cache (ms):           Min:  0.0, Avg:  0.0, Max:  0.0, Diff:  0.0, Sum:  0.0, Workers: 4
[1.485s][debug][gc,phases      ] GC(5)       Dirty Cards:                   Min: 0, Avg: 252.0, Max: 504, Diff: 504, Sum: 1008, Workers: 4
[1.485s][debug][gc,phases      ] GC(5)       Skipped Cards:                 Min: 0, Avg:  0.0, Max: 0, Diff: 0, Sum: 0, Workers: 4
[1.485s][debug][gc,phases      ] GC(5)     Log Buffers (ms):              Min:  0.0, Avg:  0.0, Max:  0.0, Diff:  0.0, Sum:  0.0, Workers: 4
[1.485s][debug][gc,phases      ] GC(5)       Dirty Cards:                   Min: 0, Avg: 434.8, Max: 979, Diff: 979, Sum: 1739, Workers: 4
[1.485s][debug][gc,phases      ] GC(5)       Skipped Cards:                 Min: 0, Avg:  0.0, Max: 0, Diff: 0, Sum: 0, Workers: 4
[1.485s][info ][gc,phases      ] GC(5)   Evacuate Collection Set: 83.4ms
[1.485s][debug][gc,phases      ] GC(5)     Ext Root Scanning (ms):        Min:  0.0, Avg:  0.0, Max:  0.0, Diff:  0.0, Sum:  0.1, Workers: 4
[1.485s][debug][gc,phases      ] GC(5)     Scan Heap Roots (ms):          Min:  9.3, Avg: 11.0, Max: 13.1, Diff:  3.8, Sum: 43.8, Workers: 4
[1.485s][debug][gc,phases      ] GC(5)       Scanned Cards:                 Min: 6144, Avg: 6519.8, Max: 7071, Diff: 927, Sum: 26079, Workers: 4
[1.485s][debug][gc,phases      ] GC(5)       Scanned Blocks:                Min: 24, Avg: 26.3, Max: 30, Diff: 6, Sum: 105, Workers: 4
[1.485s][debug][gc,phases      ] GC(5)       Claimed Chunks:                Min: 24, Avg: 26.3, Max: 30, Diff: 6, Sum: 105, Workers: 4
[1.485s][debug][gc,phases      ] GC(5)     Code Root Scan (ms):           Min:  0.0, Avg:  0.0, Max:  0.0, Diff:  0.0, Sum:  0.0, Workers: 4
[1.485s][debug][gc,phases      ] GC(5)     Object Copy (ms):              Min: 70.2, Avg: 72.3, Max: 74.0, Diff:  3.8, Sum: 289.0, Workers: 4
[1.485s][debug][gc,phases      ] GC(5)     Termination (ms):              Min:  0.0, Avg:  0.0, Max:  0.0, Diff:  0.0, Sum:  0.0, Workers: 4
[1.485s][debug][gc,phases      ] GC(5)       Termination Attempts:          Min: 1, Avg:  4.8, Max: 10, Diff: 9, Sum: 19, Workers: 4
[1.485s][debug][gc,phases      ] GC(5)     GC Worker Other (ms):          Min:  0.0, Avg:  0.0, Max:  0.0, Diff:  0.0, Sum:  0.1, Workers: 4
[1.485s][debug][gc,phases      ] GC(5)     GC Worker Total (ms):          Min: 82.9, Avg: 83.2, Max: 83.4, Diff:  0.4, Sum: 333.0, Workers: 4
[1.485s][info ][gc,phases      ] GC(5)   Post Evacuate Collection Set: 0.5ms
[1.485s][debug][gc,phases      ] GC(5)     Code Roots Fixup: 0.0ms
[1.485s][debug][gc,phases      ] GC(5)     Reference Processing: 0.2ms
[1.485s][debug][gc,phases,ref  ] GC(5)       Reconsider SoftReferences: 0.1ms
[1.485s][debug][gc,phases,ref  ] GC(5)         SoftRef (ms):                  skipped
[1.485s][debug][gc,phases,ref  ] GC(5)       Notify Soft/WeakReferences: 0.0ms
[1.485s][debug][gc,phases,ref  ] GC(5)         SoftRef (ms):                  skipped
[1.485s][debug][gc,phases,ref  ] GC(5)         WeakRef (ms):                  skipped
[1.485s][debug][gc,phases,ref  ] GC(5)         FinalRef (ms):                 skipped
[1.485s][debug][gc,phases,ref  ] GC(5)         Total (ms):                    skipped
[1.485s][debug][gc,phases,ref  ] GC(5)       Notify and keep alive finalizable: 0.0ms
[1.485s][debug][gc,phases,ref  ] GC(5)         FinalRef (ms):                 skipped
[1.485s][debug][gc,phases,ref  ] GC(5)       Notify PhantomReferences: 0.0ms
[1.485s][debug][gc,phases,ref  ] GC(5)         PhantomRef (ms):               skipped
[1.485s][debug][gc,phases,ref  ] GC(5)       SoftReference:
[1.485s][debug][gc,phases,ref  ] GC(5)         Discovered: 0
[1.485s][debug][gc,phases,ref  ] GC(5)         Cleared: 0
[1.485s][debug][gc,phases,ref  ] GC(5)       WeakReference:
[1.485s][debug][gc,phases,ref  ] GC(5)         Discovered: 0
[1.485s][debug][gc,phases,ref  ] GC(5)         Cleared: 0
[1.485s][debug][gc,phases,ref  ] GC(5)       FinalReference:
[1.485s][debug][gc,phases,ref  ] GC(5)         Discovered: 0
[1.485s][debug][gc,phases,ref  ] GC(5)         Cleared: 0
[1.485s][debug][gc,phases,ref  ] GC(5)       PhantomReference:
[1.485s][debug][gc,phases,ref  ] GC(5)         Discovered: 0
[1.485s][debug][gc,phases,ref  ] GC(5)         Cleared: 0
[1.485s][debug][gc,phases      ] GC(5)     Weak Processing: 0.1ms
[1.485s][debug][gc,phases      ] GC(5)       VM Weak                        Min:  0.0, Avg:  0.0, Max:  0.0, Diff:  0.0, Sum:  0.0, Workers: 3
[1.485s][debug][gc,phases      ] GC(5)         Dead                           Min: 0, Avg:  0.0, Max: 0, Diff: 0, Sum: 0, Workers: 3
[1.485s][debug][gc,phases      ] GC(5)         Total                          Min: 0, Avg:  4.7, Max: 14, Diff: 14, Sum: 14, Workers: 3
[1.485s][debug][gc,phases      ] GC(5)       ObjectSynchronizer Weak        Min:  0.0, Avg:  0.0, Max:  0.0, Diff:  0.0, Sum:  0.0, Workers: 3
[1.485s][debug][gc,phases      ] GC(5)         Dead                           Min: 0, Avg:  0.0, Max: 0, Diff: 0, Sum: 0, Workers: 3
[1.486s][debug][gc,phases      ] GC(5)         Total                          Min: 0, Avg:  1.0, Max: 3, Diff: 3, Sum: 3, Workers: 3
[1.486s][debug][gc,phases      ] GC(5)       JVMTI Tag Weak OopStorage      Min:  0.0, Avg:  0.0, Max:  0.0, Diff:  0.0, Sum:  0.0, Workers: 3
[1.486s][debug][gc,phases      ] GC(5)         Dead                           Min: 0, Avg:  0.0, Max: 0, Diff: 0, Sum: 0, Workers: 3
[1.486s][debug][gc,phases      ] GC(5)         Total                          Min: 0, Avg:  0.0, Max: 0, Diff: 0, Sum: 0, Workers: 3
[1.486s][debug][gc,phases      ] GC(5)       StringTable Weak               Min:  0.0, Avg:  0.0, Max:  0.0, Diff:  0.0, Sum:  0.0, Workers: 3
[1.486s][debug][gc,phases      ] GC(5)         Dead                           Min: 0, Avg:  0.0, Max: 0, Diff: 0, Sum: 0, Workers: 3
[1.486s][debug][gc,phases      ] GC(5)         Total                          Min: 576, Avg: 821.3, Max: 960, Diff: 384, Sum: 2464, Workers: 3
[1.486s][debug][gc,phases      ] GC(5)       ResolvedMethodTable Weak       Min:  0.0, Avg:  0.0, Max:  0.0, Diff:  0.0, Sum:  0.0, Workers: 3
[1.486s][debug][gc,phases      ] GC(5)         Dead                           Min: 0, Avg:  0.0, Max: 0, Diff: 0, Sum: 0, Workers: 3
[1.486s][debug][gc,phases      ] GC(5)         Total                          Min: 9, Avg: 45.7, Max: 64, Diff: 55, Sum: 137, Workers: 3
[1.486s][debug][gc,phases      ] GC(5)       JNI Weak                       Min:  0.0, Avg:  0.0, Max:  0.0, Diff:  0.0, Sum:  0.0, Workers: 3
[1.486s][debug][gc,phases      ] GC(5)         Dead                           Min: 0, Avg:  0.0, Max: 0, Diff: 0, Sum: 0, Workers: 3
[1.486s][debug][gc,phases      ] GC(5)         Total                          Min: 0, Avg:  0.0, Max: 0, Diff: 0, Sum: 0, Workers: 3
[1.486s][debug][gc,phases      ] GC(5)       StringDedup Table Weak         Min:  0.0, Avg:  0.0, Max:  0.0, Diff:  0.0, Sum:  0.0, Workers: 3
[1.486s][debug][gc,phases      ] GC(5)         Dead                           Min: 0, Avg:  0.0, Max: 0, Diff: 0, Sum: 0, Workers: 3
[1.486s][debug][gc,phases      ] GC(5)         Total                          Min: 0, Avg:  0.0, Max: 0, Diff: 0, Sum: 0, Workers: 3
[1.486s][debug][gc,phases      ] GC(5)       StringDedup Requests0 Weak     Min:  0.0, Avg:  0.0, Max:  0.0, Diff:  0.0, Sum:  0.0, Workers: 3
[1.486s][debug][gc,phases      ] GC(5)         Dead                           Min: 0, Avg:  0.0, Max: 0, Diff: 0, Sum: 0, Workers: 3
[1.486s][debug][gc,phases      ] GC(5)         Total                          Min: 0, Avg:  0.0, Max: 0, Diff: 0, Sum: 0, Workers: 3
[1.486s][debug][gc,phases      ] GC(5)       StringDedup Requests1 Weak     Min:  0.0, Avg:  0.0, Max:  0.0, Diff:  0.0, Sum:  0.0, Workers: 3
[1.486s][debug][gc,phases      ] GC(5)         Dead                           Min: 0, Avg:  0.0, Max: 0, Diff: 0, Sum: 0, Workers: 3
[1.486s][debug][gc,phases      ] GC(5)         Total                          Min: 0, Avg:  0.0, Max: 0, Diff: 0, Sum: 0, Workers: 3
[1.486s][debug][gc,phases      ] GC(5)       Weak JFR Old Object Samples    Min:  0.0, Avg:  0.0, Max:  0.0, Diff:  0.0, Sum:  0.0, Workers: 3
[1.486s][debug][gc,phases      ] GC(5)         Dead                           Min: 0, Avg:  0.0, Max: 0, Diff: 0, Sum: 0, Workers: 3
[1.486s][debug][gc,phases      ] GC(5)         Total                          Min: 0, Avg:  0.0, Max: 0, Diff: 0, Sum: 0, Workers: 3
[1.486s][debug][gc,phases      ] GC(5)     Post Evacuate Cleanup 1: 0.1ms
[1.486s][debug][gc,phases      ] GC(5)       Merge Per-Thread State (ms):   Min:  0.0, Avg:  0.0, Max:  0.0, Diff:  0.0, Sum:  0.0, Workers: 1
[1.486s][debug][gc,phases      ] GC(5)         Copied Bytes                   Min: 12654928, Avg: 13350224.0, Max: 14258928, Diff: 1604000, Sum: 53400896, Workers: 4
[1.486s][debug][gc,phases      ] GC(5)         LAB Waste                      Min: 400, Avg: 428.0, Max: 448, Diff: 48, Sum: 1712, Workers: 4
[1.486s][debug][gc,phases      ] GC(5)         LAB Undo Waste                 Min: 0, Avg:  0.0, Max: 0, Diff: 0, Sum: 0, Workers: 4
[1.486s][debug][gc,phases      ] GC(5)       Clear Logged Cards (ms):       Min:  0.0, Avg:  0.0, Max:  0.0, Diff:  0.0, Sum:  0.0, Workers: 3
[1.486s][debug][gc,phases      ] GC(5)       Recalculate Used Memory (ms):  Min:  0.0, Avg:  0.0, Max:  0.0, Diff:  0.0, Sum:  0.0, Workers: 1
[1.486s][debug][gc,phases      ] GC(5)     Post Evacuate Cleanup 2: 0.1ms
[1.487s][debug][gc,phases      ] GC(5)       Reset Hot Card Cache (ms):     Min:  0.0, Avg:  0.0, Max:  0.0, Diff:  0.0, Sum:  0.0, Workers: 1
[1.487s][debug][gc,phases      ] GC(5)       Purge Code Roots (ms):         Min:  0.0, Avg:  0.0, Max:  0.0, Diff:  0.0, Sum:  0.0, Workers: 1
[1.487s][debug][gc,phases      ] GC(5)       Update Derived Pointers (ms):  Min:  0.0, Avg:  0.0, Max:  0.0, Diff:  0.0, Sum:  0.0, Workers: 1
[1.487s][debug][gc,phases      ] GC(5)       Eagerly Reclaim Humongous Objects (ms): Min:  0.0, Avg:  0.0, Max:  0.0, Diff:  0.0, Sum:  0.0, Workers: 1
[1.487s][debug][gc,phases      ] GC(5)         Humongous Total                Min: 11, Avg: 11.0, Max: 11, Diff: 0, Sum: 11, Workers: 1
[1.487s][debug][gc,phases      ] GC(5)         Humongous Candidates           Min: 0, Avg:  0.0, Max: 0, Diff: 0, Sum: 0, Workers: 1
[1.487s][debug][gc,phases      ] GC(5)         Humongous Reclaimed            Min: 0, Avg:  0.0, Max: 0, Diff: 0, Sum: 0, Workers: 1
[1.487s][debug][gc,phases      ] GC(5)       Redirty Logged Cards (ms):     Min:  0.0, Avg:  0.0, Max:  0.0, Diff:  0.0, Sum:  0.0, Workers: 4
[1.487s][debug][gc,phases      ] GC(5)         Redirtied Cards:               Min: 0, Avg: 896.8, Max: 1795, Diff: 1795, Sum: 3587, Workers: 4
[1.487s][debug][gc,phases      ] GC(5)       Free Collection Set (ms):      Min:  0.0, Avg:  0.0, Max:  0.0, Diff:  0.0, Sum:  0.1, Workers: 4
[1.487s][debug][gc,phases      ] GC(5)     Rebuild Free List: 0.1ms
[1.487s][debug][gc,phases      ] GC(5)     Start New Collection Set: 0.0ms
[1.487s][debug][gc,phases      ] GC(5)     Resize TLABs: 0.0ms
[1.487s][debug][gc,phases      ] GC(5)     Expand Heap After Collection: 0.0ms
[1.487s][info ][gc,phases      ] GC(5)   Other: 0.7ms
[1.487s][info ][gc,heap        ] GC(5) Eden regions: 44->0(44)
[1.487s][info ][gc,heap        ] GC(5) Survivor regions: 7->7(7)
[1.487s][info ][gc,heap        ] GC(5) Old regions: 160->205
[1.487s][info ][gc,heap        ] GC(5) Archive regions: 0->0
[1.487s][info ][gc,heap        ] GC(5) Humongous regions: 110->110
[1.487s][info ][gc,metaspace   ] GC(5) Metaspace: 482K(640K)->482K(640K) NonClass: 445K(512K)->445K(512K) Class: 37K(128K)->37K(128K)
[1.487s][debug][gc,heap        ] GC(5) Heap after GC invocations=6 (full 0):
[1.487s][debug][gc,heap        ] GC(5)  garbage-first heap   total 1048576K, used 329728K [0x00000000c0000000, 0x0000000100000000)
[1.487s][debug][gc,heap        ] GC(5)   region size 1024K, 7 young (7168K), 7 survivors (7168K)
[1.487s][debug][gc,heap        ] GC(5)  Metaspace       used 482K, committed 640K, reserved 1056768K
[1.487s][debug][gc,heap        ] GC(5)   class space    used 37K, committed 128K, reserved 1048576K
[1.487s][info ][gc             ] GC(5) Pause Young (Normal) (G1 Evacuation Pause) 321M->322M(1024M) 88.056ms
[1.487s][info ][gc,cpu         ] GC(5) User=0.20s Sys=0.00s Real=0.09s
[1.487s][debug][gc,refine      ] Activated worker 1, on threshold: 3292, current: 3509
[1.488s][debug][gc,refine      ] Deactivated worker 1, off threshold: 2469, current: 2177, refined cards: 512
[1.489s][debug][gc,refine      ] Deactivated worker 0, off threshold: 1646, current: 1409, refined cards: 1922
[1.491s][debug][gc,refine      ] Activated worker 0, on threshold: 2158, current: 2177
[1.492s][debug][gc,refine      ] Deactivated worker 0, off threshold: 1646, current: 1536, refined cards: 641
[1.494s][debug][gc,refine      ] Activated worker 0, on threshold: 2158, current: 2304
[1.494s][debug][gc,refine      ] Deactivated worker 0, off threshold: 1646, current: 1536, refined cards: 768
[1.496s][debug][gc,refine      ] Activated worker 0, on threshold: 2158, current: 2304
[1.497s][debug][gc,refine      ] Deactivated worker 0, off threshold: 1646, current: 1536, refined cards: 768
[1.499s][debug][gc,refine      ] Activated worker 0, on threshold: 2158, current: 2304
[1.500s][debug][gc,refine      ] Deactivated worker 0, off threshold: 1646, current: 1536, refined cards: 1024
[1.502s][debug][gc,refine      ] Activated worker 0, on threshold: 2158, current: 2304
[1.502s][debug][gc,refine      ] Deactivated worker 0, off threshold: 1646, current: 1536, refined cards: 768
[1.504s][debug][gc,refine      ] Activated worker 0, on threshold: 2158, current: 2304
[1.505s][debug][gc,refine      ] Deactivated worker 0, off threshold: 1646, current: 1536, refined cards: 768
[1.507s][debug][gc,refine      ] Activated worker 0, on threshold: 2158, current: 2304
[1.507s][debug][gc,refine      ] Deactivated worker 0, off threshold: 1646, current: 1536, refined cards: 768
[1.509s][debug][gc,refine      ] Activated worker 0, on threshold: 2158, current: 2304
[1.509s][debug][gc,refine      ] Deactivated worker 0, off threshold: 1646, current: 1536, refined cards: 768
[1.511s][debug][gc,refine      ] Activated worker 0, on threshold: 2158, current: 2304
[1.512s][debug][gc,refine      ] Deactivated worker 0, off threshold: 1646, current: 1536, refined cards: 1024
[1.514s][debug][gc,refine      ] Activated worker 0, on threshold: 2158, current: 2304
[1.515s][debug][gc,refine      ] Deactivated worker 0, off threshold: 1646, current: 1536, refined cards: 1024
[1.518s][debug][gc,refine      ] Activated worker 0, on threshold: 2158, current: 2304
[1.518s][debug][gc,refine      ] Deactivated worker 0, off threshold: 1646, current: 1536, refined cards: 768
[1.520s][debug][gc,refine      ] Activated worker 0, on threshold: 2158, current: 2304
[1.521s][debug][gc,refine      ] Deactivated worker 0, off threshold: 1646, current: 1536, refined cards: 768
[1.522s][debug][gc,refine      ] Activated worker 0, on threshold: 2158, current: 2304
[1.523s][debug][gc,refine      ] Deactivated worker 0, off threshold: 1646, current: 1536, refined cards: 768
[1.525s][debug][gc,refine      ] Activated worker 0, on threshold: 2158, current: 2304
[1.525s][debug][gc,refine      ] Deactivated worker 0, off threshold: 1646, current: 1536, refined cards: 768
[1.527s][debug][gc,refine      ] Activated worker 0, on threshold: 2158, current: 2304
[1.528s][debug][gc,refine      ] Deactivated worker 0, off threshold: 1646, current: 1536, refined cards: 768
[1.529s][debug][gc,refine      ] Activated worker 0, on threshold: 2158, current: 2304
[1.530s][debug][gc,refine      ] Deactivated worker 0, off threshold: 1646, current: 1792, refined cards: 768
[1.532s][debug][gc,refine      ] Activated worker 0, on threshold: 2158, current: 2304
[1.533s][debug][gc,refine      ] Deactivated worker 0, off threshold: 1646, current: 1536, refined cards: 1024
[1.534s][debug][gc,refine      ] Activated worker 0, on threshold: 2158, current: 2304
[1.535s][debug][gc,refine      ] Deactivated worker 0, off threshold: 1646, current: 1536, refined cards: 768
[1.537s][debug][gc,refine      ] Activated worker 0, on threshold: 2158, current: 2304
[1.537s][debug][gc,refine      ] Deactivated worker 0, off threshold: 1646, current: 1536, refined cards: 768
[1.539s][debug][gc,refine      ] Activated worker 0, on threshold: 2158, current: 2304
[1.539s][debug][gc,refine      ] Deactivated worker 0, off threshold: 1646, current: 1536, refined cards: 768
[1.541s][debug][gc,refine      ] Activated worker 0, on threshold: 2158, current: 2304
[1.541s][debug][gc,refine      ] Deactivated worker 0, off threshold: 1646, current: 1536, refined cards: 768
[1.543s][debug][gc,refine      ] Activated worker 0, on threshold: 2158, current: 2304
[1.543s][debug][gc,refine      ] Deactivated worker 0, off threshold: 1646, current: 1536, refined cards: 768
[1.545s][debug][gc,refine      ] Activated worker 0, on threshold: 2158, current: 2304
[1.545s][debug][gc,refine      ] Deactivated worker 0, off threshold: 1646, current: 1536, refined cards: 768
[1.547s][debug][gc,refine      ] Activated worker 0, on threshold: 2158, current: 2304
[1.548s][debug][gc,refine      ] Deactivated worker 0, off threshold: 1646, current: 1536, refined cards: 768
[1.549s][debug][gc,refine      ] Activated worker 0, on threshold: 2158, current: 2304
[1.550s][debug][gc,refine      ] Deactivated worker 0, off threshold: 1646, current: 1536, refined cards: 768
[1.551s][debug][gc,refine      ] Activated worker 0, on threshold: 2158, current: 2304
[1.552s][debug][gc,refine      ] Deactivated worker 0, off threshold: 1646, current: 1536, refined cards: 768
[1.553s][debug][gc,refine      ] Activated worker 0, on threshold: 2158, current: 2304
[1.554s][debug][gc,refine      ] Deactivated worker 0, off threshold: 1646, current: 1536, refined cards: 768
[1.554s][debug][gc,heap        ] GC(6) Heap before GC invocations=6 (full 0):
[1.554s][debug][gc,heap        ] GC(6)  garbage-first heap   total 1048576K, used 374784K [0x00000000c0000000, 0x0000000100000000)
[1.554s][debug][gc,heap        ] GC(6)   region size 1024K, 51 young (52224K), 7 survivors (7168K)
[1.554s][debug][gc,heap        ] GC(6)  Metaspace       used 482K, committed 640K, reserved 1056768K
[1.554s][debug][gc,heap        ] GC(6)   class space    used 37K, committed 128K, reserved 1048576K
[1.554s][info ][gc,start       ] GC(6) Pause Young (Normal) (G1 Evacuation Pause)
[1.555s][info ][gc,task        ] GC(6) Using 4 workers of 4 for evacuation
[1.555s][debug][gc,tlab        ] GC(6) TLAB totals: thrds: 1  refills: 132 max: 132 slow allocs: 0 max 0 waste:  0.2% gc: 0B max: 0B slow: 76032B max: 76032B
[1.555s][debug][gc,age         ] GC(6) Desired survivor size 3670016 bytes, new threshold 1 (max threshold 15)
[1.555s][debug][gc,refine,stats] GC(6) Mutator refinement: 0.00ms, refined: 0, precleaned: 0, dirtied: 22492
[1.555s][debug][gc,refine,stats] GC(6) Concurrent refinement: 22.11ms, refined: 24067, precleaned: 0, dirtied: 0
[1.555s][debug][gc,refine,stats] GC(6) Total refinement: 22.11ms, refined: 24067, precleaned: 0, dirtied: 22492
[1.555s][debug][gc,refine,stats] GC(6) Concurrent refinement rate: 1088.70 cards/ms
[1.555s][debug][gc,refine,stats] GC(6) Generate dirty cards rate: 318.52 cards/ms
[1.555s][debug][gc,alloc,region] GC(6) Mutator Allocation stats, regions: 44, wasted size: 0B ( 0.0%)
[1.555s][debug][gc,humongous   ] GC(6) Humongous region 0 (object size 640280 @ 0x00000000c0000000) remset 0 code roots 0 marked 0 reclaim candidate 0 type array 0
[1.555s][debug][gc,humongous   ] GC(6) Humongous region 1 (object size 960408 @ 0x00000000c0100000) remset 0 code roots 0 marked 0 reclaim candidate 0 type array 0
[1.555s][debug][gc,humongous   ] GC(6) Humongous region 2 (object size 1440600 @ 0x00000000c0200000) remset 0 code roots 0 marked 0 reclaim candidate 0 type array 0
[1.555s][debug][gc,humongous   ] GC(6) Humongous region 4 (object size 2160888 @ 0x00000000c0400000) remset 0 code roots 0 marked 0 reclaim candidate 0 type array 0
[1.555s][debug][gc,humongous   ] GC(6) Humongous region 7 (object size 3241320 @ 0x00000000c0700000) remset 0 code roots 0 marked 0 reclaim candidate 0 type array 0
[1.555s][debug][gc,humongous   ] GC(6) Humongous region 11 (object size 4861968 @ 0x00000000c0b00000) remset 0 code roots 0 marked 0 reclaim candidate 0 type array 0
[1.555s][debug][gc,humongous   ] GC(6) Humongous region 16 (object size 7292936 @ 0x00000000c1000000) remset 0 code roots 0 marked 0 reclaim candidate 0 type array 0
[1.555s][debug][gc,humongous   ] GC(6) Humongous region 23 (object size 10939400 @ 0x00000000c1700000) remset 0 code roots 0 marked 0 reclaim candidate 0 type array 0
[1.555s][debug][gc,humongous   ] GC(6) Humongous region 34 (object size 16409088 @ 0x00000000c2200000) remset 0 code roots 0 marked 0 reclaim candidate 0 type array 0
[1.555s][debug][gc,humongous   ] GC(6) Humongous region 88 (object size 24613616 @ 0x00000000c5800000) remset 1 code roots 0 marked 0 reclaim candidate 0 type array 0
[1.555s][debug][gc,humongous   ] GC(6) Humongous region 157 (object size 36920416 @ 0x00000000c9d00000) remset 1 code roots 0 marked 0 reclaim candidate 0 type array 0
[1.555s][debug][gc,ergo        ] GC(6) Running G1 Merge Heap Roots using 4 workers for 51 regions
[1.555s][debug][gc,remset      ] GC(6) Visited cards 26880 Total dirty 30720 (87.50%) Total old 854016 (3.15%)
[1.621s][debug][gc,task,start  ] G1 Service Thread (Remembered Set Sampling Task) (run)
[1.623s][debug][gc,ref         ] GC(6) Skipped phase 1 of Reference Processing: no references
[1.623s][debug][gc,ref         ] GC(6) Skipped phase 2 of Reference Processing: no references
[1.623s][debug][gc,ref         ] GC(6) Skipped phase 3 of Reference Processing: no references
[1.623s][debug][gc,ref         ] GC(6) Skipped phase 4 of Reference Processing: no references
[1.623s][debug][gc,ergo        ] GC(6) Running G1 Rebuild Free List Task using 4 workers for rebuilding free list of regions
[1.623s][debug][gc,plab        ] GC(6) Young PLAB allocation: allocated: 7340032B, wasted: 336B, unused: 0B, used: 7339696B, undo waste: 0B, 
[1.623s][debug][gc,plab        ] GC(6) Young other allocation: region end waste: 0B, regions filled: 7, direct allocated: 0B, failure used: 0B, failure wasted: 0B
[1.623s][debug][gc,plab        ] GC(6) Young sizing: calculated: 1467936B, actual: 1467928B
[1.623s][debug][gc,plab        ] GC(6) Old PLAB allocation: allocated: 47185920B, wasted: 1376B, unused: 1123232B, used: 46061312B, undo waste: 0B, 
[1.623s][debug][gc,plab        ] GC(6) Old other allocation: region end waste: 0B, regions filled: 45, direct allocated: 0B, failure used: 0B, failure wasted: 0B
[1.624s][debug][gc,plab        ] GC(6) Old sizing: calculated: 9212256B, actual: 8783368B
[1.624s][debug][gc,ergo,heap   ] GC(6) Heap expansion: short term pause time ratio 47.06% long term pause time ratio 25.02% threshold 7.69% pause time ratio 7.69% fully expanded true resize by 0B
[1.624s][debug][gc,mmu         ] GC(6) MMU: 130.4ms (200.0ms/201.0ms)
[1.624s][debug][gc,alloc,stats ] Old generation allocation in the last mutator period, old gen allocated: 47185920B, humongous allocated: 0B,old gen growth: 47185920B.
[1.624s][debug][gc,ihop        ] GC(6) Basic information (value update), threshold: 483183820B (45.00), target occupancy: 1073741824B, current occupancy: 384827392B, recent allocation size: 47185920B, recent allocation duration: 70.61ms, recent old gen allocation rate: 668221405.89B/s, recent marking phase length: 0.00ms
[1.624s][debug][gc,ihop        ] GC(6) Adaptive IHOP information (value update), threshold: 483183820B (52.94), internal target occupancy: 912680550B, occupancy: 384827392B, additional buffer size: 53477376B, predicted old gen allocation rate: 376765126.49B/s, predicted marking phase length: 0.00ms, prediction active: false
[1.624s][debug][gc,ergo,refine ] GC(6) Concurrent refinement times: Logged Cards Scan time goal: 20.00ms Logged Cards Scan time: 0.77ms HCC time: 0.00ms
[1.624s][debug][gc,ergo,refine ] GC(6) Updated Refinement Zones: green: 1810, yellow: 5430, red: 9050
[1.624s][debug][gc,refine      ] Activated worker 0, on threshold: 2322, current: 3588
[1.624s][info ][gc,phases      ] GC(6)   Pre Evacuate Collection Set: 0.4ms
[1.624s][debug][gc,phases      ] GC(6)     Prepare TLABs: 0.0ms
[1.624s][debug][gc,phases      ] GC(6)     Concatenate Dirty Card Logs: 0.0ms
[1.624s][debug][gc,phases      ] GC(6)     Choose Collection Set: 0.0ms
[1.624s][debug][gc,phases      ] GC(6)     Region Register: 0.4ms
[1.624s][debug][gc,phases      ] GC(6)     Prepare Heap Roots: 0.0ms
[1.624s][info ][gc,phases      ] GC(6)   Merge Heap Roots: 0.2ms
[1.624s][debug][gc,phases      ] GC(6)     Prepare Merge Heap Roots: 0.0ms
[1.624s][debug][gc,phases      ] GC(6)     Eager Reclaim (ms):            skipped
[1.624s][debug][gc,phases      ] GC(6)     Remembered Sets (ms):          Min:  0.1, Avg:  0.1, Max:  0.1, Diff:  0.0, Sum:  0.2, Workers: 4
[1.624s][debug][gc,phases      ] GC(6)       Merged Sparse:                 Min: 0, Avg:  0.0, Max: 0, Diff: 0, Sum: 0, Workers: 4
[1.624s][debug][gc,phases      ] GC(6)       Merged Fine:                   Min: 14, Avg: 17.5, Max: 26, Diff: 12, Sum: 70, Workers: 4
[1.624s][debug][gc,phases      ] GC(6)       Merged Coarse:                 Min: 0, Avg:  0.0, Max: 0, Diff: 0, Sum: 0, Workers: 4
[1.624s][debug][gc,phases      ] GC(6)       Dirty Cards:                   Min: 5615, Avg: 6009.5, Max: 6169, Diff: 554, Sum: 24038, Workers: 4
[1.624s][debug][gc,phases      ] GC(6)     Hot Card Cache (ms):           Min:  0.0, Avg:  0.0, Max:  0.0, Diff:  0.0, Sum:  0.0, Workers: 4
[1.624s][debug][gc,phases      ] GC(6)       Dirty Cards:                   Min: 0, Avg:  0.0, Max: 0, Diff: 0, Sum: 0, Workers: 4
[1.624s][debug][gc,phases      ] GC(6)       Skipped Cards:                 Min: 0, Avg:  0.0, Max: 0, Diff: 0, Sum: 0, Workers: 4
[1.624s][debug][gc,phases      ] GC(6)     Log Buffers (ms):              Min:  0.0, Avg:  0.0, Max:  0.0, Diff:  0.0, Sum:  0.0, Workers: 4
[1.624s][debug][gc,phases      ] GC(6)       Dirty Cards:                   Min: 468, Avg: 495.0, Max: 504, Diff: 36, Sum: 1980, Workers: 4
[1.624s][debug][gc,phases      ] GC(6)       Skipped Cards:                 Min: 0, Avg:  0.0, Max: 0, Diff: 0, Sum: 0, Workers: 4
[1.624s][info ][gc,phases      ] GC(6)   Evacuate Collection Set: 67.7ms
[1.624s][debug][gc,phases      ] GC(6)     Ext Root Scanning (ms):        Min:  0.0, Avg:  0.0, Max:  0.0, Diff:  0.0, Sum:  0.1, Workers: 4
[1.624s][debug][gc,phases      ] GC(6)     Scan Heap Roots (ms):          Min:  9.3, Avg: 10.1, Max: 10.7, Diff:  1.5, Sum: 40.2, Workers: 4
[1.624s][debug][gc,phases      ] GC(6)       Scanned Cards:                 Min: 6400, Avg: 6519.8, Max: 6620, Diff: 220, Sum: 26079, Workers: 4
[1.624s][debug][gc,phases      ] GC(6)       Scanned Blocks:                Min: 25, Avg: 26.3, Max: 27, Diff: 2, Sum: 105, Workers: 4
[1.624s][debug][gc,phases      ] GC(6)       Claimed Chunks:                Min: 25, Avg: 26.3, Max: 27, Diff: 2, Sum: 105, Workers: 4
[1.624s][debug][gc,phases      ] GC(6)     Code Root Scan (ms):           Min:  0.0, Avg:  0.0, Max:  0.0, Diff:  0.0, Sum:  0.0, Workers: 4
[1.624s][debug][gc,phases      ] GC(6)     Object Copy (ms):              Min: 56.9, Avg: 57.4, Max: 57.9, Diff:  1.0, Sum: 229.7, Workers: 4
[1.624s][debug][gc,phases      ] GC(6)     Termination (ms):              Min:  0.0, Avg:  0.0, Max:  0.0, Diff:  0.0, Sum:  0.0, Workers: 4
[1.624s][debug][gc,phases      ] GC(6)       Termination Attempts:          Min: 1, Avg:  1.0, Max: 1, Diff: 0, Sum: 4, Workers: 4
[1.624s][debug][gc,phases      ] GC(6)     GC Worker Other (ms):          Min:  0.0, Avg:  0.0, Max:  0.0, Diff:  0.0, Sum:  0.1, Workers: 4
[1.625s][debug][gc,phases      ] GC(6)     GC Worker Total (ms):          Min: 67.2, Avg: 67.5, Max: 67.6, Diff:  0.5, Sum: 270.1, Workers: 4
[1.625s][info ][gc,phases      ] GC(6)   Post Evacuate Collection Set: 0.4ms
[1.625s][debug][gc,phases      ] GC(6)     Code Roots Fixup: 0.0ms
[1.625s][debug][gc,phases      ] GC(6)     Reference Processing: 0.2ms
[1.625s][debug][gc,phases,ref  ] GC(6)       Reconsider SoftReferences: 0.1ms
[1.625s][debug][gc,phases,ref  ] GC(6)         SoftRef (ms):                  skipped
[1.625s][debug][gc,phases,ref  ] GC(6)       Notify Soft/WeakReferences: 0.0ms
[1.625s][debug][gc,phases,ref  ] GC(6)         SoftRef (ms):                  skipped
[1.625s][debug][gc,phases,ref  ] GC(6)         WeakRef (ms):                  skipped
[1.625s][debug][gc,phases,ref  ] GC(6)         FinalRef (ms):                 skipped
[1.625s][debug][gc,phases,ref  ] GC(6)         Total (ms):                    skipped
[1.625s][debug][gc,phases,ref  ] GC(6)       Notify and keep alive finalizable: 0.0ms
[1.625s][debug][gc,phases,ref  ] GC(6)         FinalRef (ms):                 skipped
[1.625s][debug][gc,phases,ref  ] GC(6)       Notify PhantomReferences: 0.0ms
[1.625s][debug][gc,phases,ref  ] GC(6)         PhantomRef (ms):               skipped
[1.625s][debug][gc,phases,ref  ] GC(6)       SoftReference:
[1.625s][debug][gc,phases,ref  ] GC(6)         Discovered: 0
[1.625s][debug][gc,phases,ref  ] GC(6)         Cleared: 0
[1.625s][debug][gc,phases,ref  ] GC(6)       WeakReference:
[1.625s][debug][gc,phases,ref  ] GC(6)         Discovered: 0
[1.625s][debug][gc,phases,ref  ] GC(6)         Cleared: 0
[1.625s][debug][gc,phases,ref  ] GC(6)       FinalReference:
[1.625s][debug][gc,phases,ref  ] GC(6)         Discovered: 0
[1.625s][debug][gc,phases,ref  ] GC(6)         Cleared: 0
[1.625s][debug][gc,phases,ref  ] GC(6)       PhantomReference:
[1.625s][debug][gc,phases,ref  ] GC(6)         Discovered: 0
[1.625s][debug][gc,phases,ref  ] GC(6)         Cleared: 0
[1.625s][debug][gc,phases      ] GC(6)     Weak Processing: 0.0ms
[1.625s][debug][gc,phases      ] GC(6)       VM Weak                        Min:  0.0, Avg:  0.0, Max:  0.0, Diff:  0.0, Sum:  0.0, Workers: 3
[1.625s][debug][gc,phases      ] GC(6)         Dead                           Min: 0, Avg:  0.0, Max: 0, Diff: 0, Sum: 0, Workers: 3
[1.625s][debug][gc,phases      ] GC(6)         Total                          Min: 0, Avg:  4.7, Max: 14, Diff: 14, Sum: 14, Workers: 3
[1.625s][debug][gc,phases      ] GC(6)       ObjectSynchronizer Weak        Min:  0.0, Avg:  0.0, Max:  0.0, Diff:  0.0, Sum:  0.0, Workers: 3
[1.625s][debug][gc,phases      ] GC(6)         Dead                           Min: 0, Avg:  0.0, Max: 0, Diff: 0, Sum: 0, Workers: 3
[1.625s][debug][gc,phases      ] GC(6)         Total                          Min: 0, Avg:  1.0, Max: 3, Diff: 3, Sum: 3, Workers: 3
[1.625s][debug][gc,phases      ] GC(6)       JVMTI Tag Weak OopStorage      Min:  0.0, Avg:  0.0, Max:  0.0, Diff:  0.0, Sum:  0.0, Workers: 3
[1.625s][debug][gc,phases      ] GC(6)         Dead                           Min: 0, Avg:  0.0, Max: 0, Diff: 0, Sum: 0, Workers: 3
[1.625s][debug][gc,phases      ] GC(6)         Total                          Min: 0, Avg:  0.0, Max: 0, Diff: 0, Sum: 0, Workers: 3
[1.625s][debug][gc,phases      ] GC(6)       StringTable Weak               Min:  0.0, Avg:  0.0, Max:  0.0, Diff:  0.0, Sum:  0.0, Workers: 3
[1.625s][debug][gc,phases      ] GC(6)         Dead                           Min: 0, Avg:  0.0, Max: 0, Diff: 0, Sum: 0, Workers: 3
[1.625s][debug][gc,phases      ] GC(6)         Total                          Min: 192, Avg: 821.3, Max: 1280, Diff: 1088, Sum: 2464, Workers: 3
[1.625s][debug][gc,phases      ] GC(6)       ResolvedMethodTable Weak       Min:  0.0, Avg:  0.0, Max:  0.0, Diff:  0.0, Sum:  0.0, Workers: 3
[1.625s][debug][gc,phases      ] GC(6)         Dead                           Min: 0, Avg:  0.0, Max: 0, Diff: 0, Sum: 0, Workers: 3
[1.625s][debug][gc,phases      ] GC(6)         Total                          Min: 9, Avg: 45.7, Max: 64, Diff: 55, Sum: 137, Workers: 3
[1.625s][debug][gc,phases      ] GC(6)       JNI Weak                       Min:  0.0, Avg:  0.0, Max:  0.0, Diff:  0.0, Sum:  0.0, Workers: 3
[1.625s][debug][gc,phases      ] GC(6)         Dead                           Min: 0, Avg:  0.0, Max: 0, Diff: 0, Sum: 0, Workers: 3
[1.625s][debug][gc,phases      ] GC(6)         Total                          Min: 0, Avg:  0.0, Max: 0, Diff: 0, Sum: 0, Workers: 3
[1.625s][debug][gc,phases      ] GC(6)       StringDedup Table Weak         Min:  0.0, Avg:  0.0, Max:  0.0, Diff:  0.0, Sum:  0.0, Workers: 3
[1.625s][debug][gc,phases      ] GC(6)         Dead                           Min: 0, Avg:  0.0, Max: 0, Diff: 0, Sum: 0, Workers: 3
[1.625s][debug][gc,phases      ] GC(6)         Total                          Min: 0, Avg:  0.0, Max: 0, Diff: 0, Sum: 0, Workers: 3
[1.625s][debug][gc,phases      ] GC(6)       StringDedup Requests0 Weak     Min:  0.0, Avg:  0.0, Max:  0.0, Diff:  0.0, Sum:  0.0, Workers: 3
[1.625s][debug][gc,phases      ] GC(6)         Dead                           Min: 0, Avg:  0.0, Max: 0, Diff: 0, Sum: 0, Workers: 3
[1.625s][debug][gc,phases      ] GC(6)         Total                          Min: 0, Avg:  0.0, Max: 0, Diff: 0, Sum: 0, Workers: 3
[1.625s][debug][gc,phases      ] GC(6)       StringDedup Requests1 Weak     Min:  0.0, Avg:  0.0, Max:  0.0, Diff:  0.0, Sum:  0.0, Workers: 3
[1.625s][debug][gc,phases      ] GC(6)         Dead                           Min: 0, Avg:  0.0, Max: 0, Diff: 0, Sum: 0, Workers: 3
[1.625s][debug][gc,phases      ] GC(6)         Total                          Min: 0, Avg:  0.0, Max: 0, Diff: 0, Sum: 0, Workers: 3
[1.625s][debug][gc,phases      ] GC(6)       Weak JFR Old Object Samples    Min:  0.0, Avg:  0.0, Max:  0.0, Diff:  0.0, Sum:  0.0, Workers: 3
[1.625s][debug][gc,phases      ] GC(6)         Dead                           Min: 0, Avg:  0.0, Max: 0, Diff: 0, Sum: 0, Workers: 3
[1.625s][debug][gc,phases      ] GC(6)         Total                          Min: 0, Avg:  0.0, Max: 0, Diff: 0, Sum: 0, Workers: 3
[1.625s][debug][gc,phases      ] GC(6)     Post Evacuate Cleanup 1: 0.0ms
[1.626s][debug][gc,phases      ] GC(6)       Merge Per-Thread State (ms):   Min:  0.0, Avg:  0.0, Max:  0.0, Diff:  0.0, Sum:  0.0, Workers: 1
[1.626s][debug][gc,phases      ] GC(6)         Copied Bytes                   Min: 13080352, Avg: 13350252.0, Max: 13693488, Diff: 613136, Sum: 53401008, Workers: 4
[1.626s][debug][gc,phases      ] GC(6)         LAB Waste                      Min: 416, Avg: 428.0, Max: 448, Diff: 32, Sum: 1712, Workers: 4
[1.626s][debug][gc,phases      ] GC(6)         LAB Undo Waste                 Min: 0, Avg:  0.0, Max: 0, Diff: 0, Sum: 0, Workers: 4
[1.626s][debug][gc,phases      ] GC(6)       Clear Logged Cards (ms):       Min:  0.0, Avg:  0.0, Max:  0.0, Diff:  0.0, Sum:  0.0, Workers: 3
[1.626s][debug][gc,phases      ] GC(6)       Recalculate Used Memory (ms):  Min:  0.0, Avg:  0.0, Max:  0.0, Diff:  0.0, Sum:  0.0, Workers: 1
[1.626s][debug][gc,phases      ] GC(6)     Post Evacuate Cleanup 2: 0.1ms
[1.626s][debug][gc,phases      ] GC(6)       Reset Hot Card Cache (ms):     Min:  0.0, Avg:  0.0, Max:  0.0, Diff:  0.0, Sum:  0.0, Workers: 1
[1.626s][debug][gc,phases      ] GC(6)       Purge Code Roots (ms):         Min:  0.0, Avg:  0.0, Max:  0.0, Diff:  0.0, Sum:  0.0, Workers: 1
[1.626s][debug][gc,phases      ] GC(6)       Update Derived Pointers (ms):  Min:  0.0, Avg:  0.0, Max:  0.0, Diff:  0.0, Sum:  0.0, Workers: 1
[1.626s][debug][gc,phases      ] GC(6)       Eagerly Reclaim Humongous Objects (ms): Min:  0.0, Avg:  0.0, Max:  0.0, Diff:  0.0, Sum:  0.0, Workers: 1
[1.626s][debug][gc,phases      ] GC(6)         Humongous Total                Min: 11, Avg: 11.0, Max: 11, Diff: 0, Sum: 11, Workers: 1
[1.626s][debug][gc,phases      ] GC(6)         Humongous Candidates           Min: 0, Avg:  0.0, Max: 0, Diff: 0, Sum: 0, Workers: 1
[1.626s][debug][gc,phases      ] GC(6)         Humongous Reclaimed            Min: 0, Avg:  0.0, Max: 0, Diff: 0, Sum: 0, Workers: 1
[1.626s][debug][gc,phases      ] GC(6)       Redirty Logged Cards (ms):     Min:  0.0, Avg:  0.0, Max:  0.0, Diff:  0.0, Sum:  0.0, Workers: 4
[1.626s][debug][gc,phases      ] GC(6)         Redirtied Cards:               Min: 0, Avg: 897.0, Max: 1536, Diff: 1536, Sum: 3588, Workers: 4
[1.626s][debug][gc,phases      ] GC(6)       Free Collection Set (ms):      Min:  0.0, Avg:  0.0, Max:  0.0, Diff:  0.0, Sum:  0.0, Workers: 4
[1.626s][debug][gc,phases      ] GC(6)     Rebuild Free List: 0.1ms
[1.626s][debug][gc,phases      ] GC(6)     Start New Collection Set: 0.0ms
[1.626s][debug][gc,phases      ] GC(6)     Resize TLABs: 0.0ms
[1.626s][debug][gc,phases      ] GC(6)     Expand Heap After Collection: 0.0ms
[1.626s][info ][gc,phases      ] GC(6)   Other: 0.8ms
[1.626s][info ][gc,heap        ] GC(6) Eden regions: 44->0(44)
[1.626s][info ][gc,heap        ] GC(6) Survivor regions: 7->7(7)
[1.626s][info ][gc,heap        ] GC(6) Old regions: 205->250
[1.626s][info ][gc,heap        ] GC(6) Archive regions: 0->0
[1.626s][info ][gc,heap        ] GC(6) Humongous regions: 110->110
[1.626s][info ][gc,metaspace   ] GC(6) Metaspace: 482K(640K)->482K(640K) NonClass: 445K(512K)->445K(512K) Class: 37K(128K)->37K(128K)
[1.626s][debug][gc,heap        ] GC(6) Heap after GC invocations=7 (full 0):
[1.626s][debug][gc,heap        ] GC(6)  garbage-first heap   total 1048576K, used 375808K [0x00000000c0000000, 0x0000000100000000)
[1.626s][debug][gc,heap        ] GC(6)   region size 1024K, 7 young (7168K), 7 survivors (7168K)
[1.626s][debug][gc,heap        ] GC(6)  Metaspace       used 482K, committed 640K, reserved 1056768K
[1.626s][debug][gc,heap        ] GC(6)   class space    used 37K, committed 128K, reserved 1048576K
[1.626s][info ][gc             ] GC(6) Pause Young (Normal) (G1 Evacuation Pause) 366M->367M(1024M) 71.699ms
[1.626s][info ][gc,cpu         ] GC(6) User=0.23s Sys=0.00s Real=0.07s
[1.626s][debug][gc,task        ] G1 Service Thread (Remembered Set Sampling Task) (run) 5.443ms (cpu: 0.000ms)
[1.628s][debug][gc,refine      ] Deactivated worker 0, off threshold: 1810, current: 1665, refined cards: 2435
[1.630s][debug][gc,refine      ] Activated worker 0, on threshold: 2322, current: 2433
[1.630s][debug][gc,refine      ] Deactivated worker 0, off threshold: 1810, current: 1792, refined cards: 641
[1.635s][debug][gc,refine      ] Activated worker 0, on threshold: 2322, current: 2560
[1.635s][debug][gc,refine      ] Deactivated worker 0, off threshold: 1810, current: 1792, refined cards: 768
[1.637s][debug][gc,refine      ] Activated worker 0, on threshold: 2322, current: 2560
[1.638s][debug][gc,refine      ] Deactivated worker 0, off threshold: 1810, current: 1792, refined cards: 768
[1.640s][debug][gc,refine      ] Activated worker 0, on threshold: 2322, current: 2560
[1.640s][debug][gc,refine      ] Deactivated worker 0, off threshold: 1810, current: 1792, refined cards: 768
[1.642s][debug][gc,refine      ] Activated worker 0, on threshold: 2322, current: 2560
[1.642s][debug][gc,refine      ] Deactivated worker 0, off threshold: 1810, current: 1792, refined cards: 768
[1.644s][debug][gc,refine      ] Activated worker 0, on threshold: 2322, current: 2560
[1.644s][debug][gc,refine      ] Deactivated worker 0, off threshold: 1810, current: 1792, refined cards: 768
[1.646s][debug][gc,refine      ] Activated worker 0, on threshold: 2322, current: 2560
[1.647s][debug][gc,refine      ] Deactivated worker 0, off threshold: 1810, current: 1792, refined cards: 768
[1.648s][debug][gc,refine      ] Activated worker 0, on threshold: 2322, current: 2560
[1.649s][debug][gc,refine      ] Deactivated worker 0, off threshold: 1810, current: 1792, refined cards: 768
[1.650s][debug][gc,refine      ] Activated worker 0, on threshold: 2322, current: 2560
[1.651s][debug][gc,refine      ] Deactivated worker 0, off threshold: 1810, current: 1792, refined cards: 768
[1.652s][debug][gc,refine      ] Activated worker 0, on threshold: 2322, current: 2560
[1.653s][debug][gc,refine      ] Deactivated worker 0, off threshold: 1810, current: 1792, refined cards: 1024
[1.655s][debug][gc,refine      ] Activated worker 0, on threshold: 2322, current: 2560
[1.655s][debug][gc,refine      ] Deactivated worker 0, off threshold: 1810, current: 1792, refined cards: 768
[1.657s][debug][gc,refine      ] Activated worker 0, on threshold: 2322, current: 2560
[1.658s][debug][gc,refine      ] Deactivated worker 0, off threshold: 1810, current: 1792, refined cards: 768
[1.659s][debug][gc,refine      ] Activated worker 0, on threshold: 2322, current: 2560
[1.659s][debug][gc,refine      ] Deactivated worker 0, off threshold: 1810, current: 1792, refined cards: 768
[1.661s][debug][gc,refine      ] Activated worker 0, on threshold: 2322, current: 2560
[1.661s][debug][gc,refine      ] Deactivated worker 0, off threshold: 1810, current: 1792, refined cards: 768
[1.663s][debug][gc,refine      ] Activated worker 0, on threshold: 2322, current: 2560
[1.664s][debug][gc,refine      ] Deactivated worker 0, off threshold: 1810, current: 1792, refined cards: 768
[1.665s][debug][gc,refine      ] Activated worker 0, on threshold: 2322, current: 2560
[1.666s][debug][gc,refine      ] Deactivated worker 0, off threshold: 1810, current: 1792, refined cards: 768
[1.667s][debug][gc,refine      ] Activated worker 0, on threshold: 2322, current: 2560
[1.668s][debug][gc,refine      ] Deactivated worker 0, off threshold: 1810, current: 1792, refined cards: 768
[1.669s][debug][gc,refine      ] Activated worker 0, on threshold: 2322, current: 2560
[1.670s][debug][gc,refine      ] Deactivated worker 0, off threshold: 1810, current: 1792, refined cards: 768
[1.671s][debug][gc,refine      ] Activated worker 0, on threshold: 2322, current: 2560
[1.672s][debug][gc,refine      ] Deactivated worker 0, off threshold: 1810, current: 1792, refined cards: 768
[1.673s][debug][gc,refine      ] Activated worker 0, on threshold: 2322, current: 2560
[1.674s][debug][gc,refine      ] Deactivated worker 0, off threshold: 1810, current: 1792, refined cards: 768
[1.675s][debug][gc,refine      ] Activated worker 0, on threshold: 2322, current: 2560
[1.676s][debug][gc,refine      ] Deactivated worker 0, off threshold: 1810, current: 1792, refined cards: 768
[1.678s][debug][gc,refine      ] Activated worker 0, on threshold: 2322, current: 2560
[1.678s][debug][gc,refine      ] Deactivated worker 0, off threshold: 1810, current: 1792, refined cards: 768
[1.680s][debug][gc,refine      ] Activated worker 0, on threshold: 2322, current: 2560
[1.680s][debug][gc,refine      ] Deactivated worker 0, off threshold: 1810, current: 1792, refined cards: 768
[1.682s][debug][gc,refine      ] Activated worker 0, on threshold: 2322, current: 2560
[1.682s][debug][gc,refine      ] Deactivated worker 0, off threshold: 1810, current: 1792, refined cards: 768
[1.684s][debug][gc,refine      ] Activated worker 0, on threshold: 2322, current: 2560
[1.684s][debug][gc,refine      ] Deactivated worker 0, off threshold: 1810, current: 1792, refined cards: 768
[1.686s][debug][gc,refine      ] Activated worker 0, on threshold: 2322, current: 2560
[1.686s][debug][gc,refine      ] Deactivated worker 0, off threshold: 1810, current: 1792, refined cards: 768
[1.688s][debug][gc,refine      ] Activated worker 0, on threshold: 2322, current: 2560
[1.689s][debug][gc,refine      ] Deactivated worker 0, off threshold: 1810, current: 1792, refined cards: 768
[1.690s][debug][gc,refine      ] Activated worker 0, on threshold: 2322, current: 2560
[1.691s][debug][gc,heap        ] GC(7) Heap before GC invocations=7 (full 0):
[1.691s][debug][gc,heap        ] GC(7)  garbage-first heap   total 1048576K, used 420864K [0x00000000c0000000, 0x0000000100000000)
[1.691s][debug][gc,heap        ] GC(7)   region size 1024K, 51 young (52224K), 7 survivors (7168K)
[1.691s][debug][gc,heap        ] GC(7)  Metaspace       used 482K, committed 640K, reserved 1056768K
[1.691s][debug][gc,heap        ] GC(7)   class space    used 37K, committed 128K, reserved 1048576K
[1.691s][info ][gc,start       ] GC(7) Pause Young (Normal) (G1 Evacuation Pause)
[1.691s][info ][gc,task        ] GC(7) Using 4 workers of 4 for evacuation
[1.691s][debug][gc,tlab        ] GC(7) TLAB totals: thrds: 1  refills: 132 max: 132 slow allocs: 0 max 0 waste:  0.2% gc: 0B max: 0B slow: 76040B max: 76040B
[1.691s][debug][gc,age         ] GC(7) Desired survivor size 3670016 bytes, new threshold 1 (max threshold 15)
[1.691s][debug][gc,refine,stats] GC(7) Mutator refinement: 0.00ms, refined: 0, precleaned: 0, dirtied: 22492
[1.691s][debug][gc,refine,stats] GC(7) Concurrent refinement: 16.71ms, refined: 23982, precleaned: 1024, dirtied: 0
[1.691s][debug][gc,refine,stats] GC(7) Total refinement: 16.71ms, refined: 23982, precleaned: 1024, dirtied: 22492
[1.691s][debug][gc,refine,stats] GC(7) Concurrent refinement rate: 1434.85 cards/ms
[1.691s][debug][gc,refine,stats] GC(7) Generate dirty cards rate: 334.29 cards/ms
[1.691s][debug][gc,alloc,region] GC(7) Mutator Allocation stats, regions: 44, wasted size: 0B ( 0.0%)
[1.691s][debug][gc,humongous   ] GC(7) Humongous region 0 (object size 640280 @ 0x00000000c0000000) remset 0 code roots 0 marked 0 reclaim candidate 0 type array 0
[1.691s][debug][gc,humongous   ] GC(7) Humongous region 1 (object size 960408 @ 0x00000000c0100000) remset 0 code roots 0 marked 0 reclaim candidate 0 type array 0
[1.691s][debug][gc,humongous   ] GC(7) Humongous region 2 (object size 1440600 @ 0x00000000c0200000) remset 0 code roots 0 marked 0 reclaim candidate 0 type array 0
[1.691s][debug][gc,humongous   ] GC(7) Humongous region 11 (object size 4861968 @ 0x00000000c0b00000) remset 0 code roots 0 marked 0 reclaim candidate 0 type array 0
[1.691s][debug][gc,humongous   ] GC(7) Humongous region 4 (object size 2160888 @ 0x00000000c0400000) remset 0 code roots 0 marked 0 reclaim candidate 0 type array 0
[1.691s][debug][gc,humongous   ] GC(7) Humongous region 7 (object size 3241320 @ 0x00000000c0700000) remset 0 code roots 0 marked 0 reclaim candidate 0 type array 0
[1.691s][debug][gc,humongous   ] GC(7) Humongous region 16 (object size 7292936 @ 0x00000000c1000000) remset 0 code roots 0 marked 0 reclaim candidate 0 type array 0
[1.691s][debug][gc,humongous   ] GC(7) Humongous region 23 (object size 10939400 @ 0x00000000c1700000) remset 0 code roots 0 marked 0 reclaim candidate 0 type array 0
[1.691s][debug][gc,humongous   ] GC(7) Humongous region 34 (object size 16409088 @ 0x00000000c2200000) remset 0 code roots 0 marked 0 reclaim candidate 0 type array 0
[1.691s][debug][gc,humongous   ] GC(7) Humongous region 88 (object size 24613616 @ 0x00000000c5800000) remset 1 code roots 0 marked 0 reclaim candidate 0 type array 0
[1.691s][debug][gc,humongous   ] GC(7) Humongous region 157 (object size 36920416 @ 0x00000000c9d00000) remset 1 code roots 0 marked 0 reclaim candidate 0 type array 0
[1.692s][debug][gc,ergo        ] GC(7) Running G1 Merge Heap Roots using 4 workers for 51 regions
[1.692s][debug][gc,remset      ] GC(7) Visited cards 24320 Total dirty 30720 (79.17%) Total old 946176 (2.57%)
[1.745s][debug][gc,ref         ] GC(7) Skipped phase 1 of Reference Processing: no references
[1.745s][debug][gc,ref         ] GC(7) Skipped phase 2 of Reference Processing: no references
[1.745s][debug][gc,ref         ] GC(7) Skipped phase 3 of Reference Processing: no references
[1.745s][debug][gc,ref         ] GC(7) Skipped phase 4 of Reference Processing: no references
[1.746s][debug][gc,ergo        ] GC(7) Running G1 Rebuild Free List Task using 4 workers for rebuilding free list of regions
[1.746s][debug][gc,plab        ] GC(7) Young PLAB allocation: allocated: 7340032B, wasted: 336B, unused: 0B, used: 7339696B, undo waste: 0B, 
[1.746s][debug][gc,plab        ] GC(7) Young other allocation: region end waste: 0B, regions filled: 7, direct allocated: 0B, failure used: 0B, failure wasted: 0B
[1.746s][debug][gc,plab        ] GC(7) Young sizing: calculated: 1467936B, actual: 1467928B
[1.746s][debug][gc,plab        ] GC(7) Old PLAB allocation: allocated: 35651584B, wasted: 1024B, unused: 763200B, used: 34887360B, undo waste: 0B, 
[1.746s][debug][gc,plab        ] GC(7) Old other allocation: region end waste: 0B, regions filled: 34, direct allocated: 0B, failure used: 0B, failure wasted: 0B
[1.746s][debug][gc,plab        ] GC(7) Old sizing: calculated: 6977472B, actual: 7428944B
[1.746s][debug][gc,ergo,heap   ] GC(7) Heap expansion: short term pause time ratio 49.44% long term pause time ratio 27.13% threshold 7.69% pause time ratio 7.69% fully expanded true resize by 0B
[1.746s][debug][gc,mmu         ] GC(7) MMU: 124.2ms (200.0ms/201.0ms)
[1.746s][debug][gc,alloc,stats ] Old generation allocation in the last mutator period, old gen allocated: 35651584B, humongous allocated: 0B,old gen growth: 35651584B.
[1.746s][debug][gc,ihop        ] GC(7) Basic information (value update), threshold: 483183820B (45.00), target occupancy: 1073741824B, current occupancy: 420478976B, recent allocation size: 35651584B, recent allocation duration: 67.28ms, recent old gen allocation rate: 529882152.91B/s, recent marking phase length: 0.00ms
[1.746s][debug][gc,ihop        ] GC(7) Adaptive IHOP information (value update), threshold: 483183820B (52.94), internal target occupancy: 912680550B, occupancy: 420478976B, additional buffer size: 53477376B, predicted old gen allocation rate: 390337106.24B/s, predicted marking phase length: 0.00ms, prediction active: false
[1.746s][debug][gc,ergo,refine ] GC(7) Concurrent refinement times: Logged Cards Scan time goal: 19.99ms Logged Cards Scan time: 0.72ms HCC time: 0.01ms
[1.746s][debug][gc,ergo,refine ] GC(7) Updated Refinement Zones: green: 1991, yellow: 5973, red: 9955
[1.746s][info ][gc,phases      ] GC(7)   Pre Evacuate Collection Set: 0.5ms
[1.746s][debug][gc,phases      ] GC(7)     Prepare TLABs: 0.0ms
[1.746s][debug][gc,phases      ] GC(7)     Concatenate Dirty Card Logs: 0.0ms
[1.746s][debug][gc,phases      ] GC(7)     Choose Collection Set: 0.0ms
[1.746s][debug][gc,phases      ] GC(7)     Region Register: 0.5ms
[1.746s][debug][gc,phases      ] GC(7)     Prepare Heap Roots: 0.0ms
[1.746s][info ][gc,phases      ] GC(7)   Merge Heap Roots: 0.2ms
[1.746s][debug][gc,phases      ] GC(7)     Prepare Merge Heap Roots: 0.0ms
[1.746s][debug][gc,phases      ] GC(7)     Eager Reclaim (ms):            skipped
[1.747s][debug][gc,phases      ] GC(7)     Remembered Sets (ms):          Min:  0.0, Avg:  0.1, Max:  0.1, Diff:  0.0, Sum:  0.2, Workers: 4
[1.747s][debug][gc,phases      ] GC(7)       Merged Sparse:                 Min: 0, Avg:  0.0, Max: 0, Diff: 0, Sum: 0, Workers: 4
[1.747s][debug][gc,phases      ] GC(7)       Merged Fine:                   Min: 12, Avg: 16.3, Max: 25, Diff: 13, Sum: 65, Workers: 4
[1.747s][debug][gc,phases      ] GC(7)       Merged Coarse:                 Min: 0, Avg:  0.0, Max: 0, Diff: 0, Sum: 0, Workers: 4
[1.747s][debug][gc,phases      ] GC(7)       Dirty Cards:                   Min: 4766, Avg: 5136.0, Max: 5614, Diff: 848, Sum: 20544, Workers: 4
[1.747s][debug][gc,phases      ] GC(7)     Hot Card Cache (ms):           Min:  0.0, Avg:  0.0, Max:  0.0, Diff:  0.0, Sum:  0.0, Workers: 4
[1.747s][debug][gc,phases      ] GC(7)       Dirty Cards:                   Min: 120, Avg: 248.0, Max: 312, Diff: 192, Sum: 992, Workers: 4
[1.747s][debug][gc,phases      ] GC(7)       Skipped Cards:                 Min: 0, Avg:  0.0, Max: 0, Diff: 0, Sum: 0, Workers: 4
[1.747s][debug][gc,phases      ] GC(7)     Log Buffers (ms):              Min:  0.0, Avg:  0.0, Max:  0.0, Diff:  0.0, Sum:  0.0, Workers: 4
[1.747s][debug][gc,phases      ] GC(7)       Dirty Cards:                   Min: 468, Avg: 516.5, Max: 590, Diff: 122, Sum: 2066, Workers: 4
[1.747s][debug][gc,phases      ] GC(7)       Skipped Cards:                 Min: 0, Avg:  0.0, Max: 0, Diff: 0, Sum: 0, Workers: 4
[1.747s][info ][gc,phases      ] GC(7)   Evacuate Collection Set: 53.5ms
[1.747s][debug][gc,phases      ] GC(7)     Ext Root Scanning (ms):        Min:  0.0, Avg:  0.0, Max:  0.0, Diff:  0.0, Sum:  0.1, Workers: 4
[1.747s][debug][gc,phases      ] GC(7)     Scan Heap Roots (ms):          Min:  7.5, Avg:  8.2, Max:  9.4, Diff:  2.0, Sum: 32.6, Workers: 4
[1.747s][debug][gc,phases      ] GC(7)       Scanned Cards:                 Min: 5003, Avg: 5923.8, Max: 8196, Diff: 3193, Sum: 23695, Workers: 4
[1.747s][debug][gc,phases      ] GC(7)       Scanned Blocks:                Min: 20, Avg: 23.8, Max: 34, Diff: 14, Sum: 95, Workers: 4
[1.747s][debug][gc,phases      ] GC(7)       Claimed Chunks:                Min: 20, Avg: 23.8, Max: 34, Diff: 14, Sum: 95, Workers: 4
[1.747s][debug][gc,phases      ] GC(7)     Code Root Scan (ms):           Min:  0.0, Avg:  0.0, Max:  0.0, Diff:  0.0, Sum:  0.0, Workers: 4
[1.747s][debug][gc,phases      ] GC(7)     Object Copy (ms):              Min: 44.0, Avg: 45.3, Max: 45.9, Diff:  2.0, Sum: 181.1, Workers: 4
[1.747s][debug][gc,phases      ] GC(7)     Termination (ms):              Min:  0.0, Avg:  0.0, Max:  0.0, Diff:  0.0, Sum:  0.0, Workers: 4
[1.747s][debug][gc,phases      ] GC(7)       Termination Attempts:          Min: 1, Avg:  2.3, Max: 4, Diff: 3, Sum: 9, Workers: 4
[1.747s][debug][gc,phases      ] GC(7)     GC Worker Other (ms):          Min:  0.0, Avg:  0.0, Max:  0.0, Diff:  0.0, Sum:  0.0, Workers: 4
[1.747s][debug][gc,phases      ] GC(7)     GC Worker Total (ms):          Min: 53.5, Avg: 53.5, Max: 53.5, Diff:  0.0, Sum: 213.8, Workers: 4
[1.747s][info ][gc,phases      ] GC(7)   Post Evacuate Collection Set: 0.6ms
[1.747s][debug][gc,phases      ] GC(7)     Code Roots Fixup: 0.0ms
[1.747s][debug][gc,phases      ] GC(7)     Reference Processing: 0.2ms
[1.747s][debug][gc,phases,ref  ] GC(7)       Reconsider SoftReferences: 0.1ms
[1.747s][debug][gc,phases,ref  ] GC(7)         SoftRef (ms):                  skipped
[1.747s][debug][gc,phases,ref  ] GC(7)       Notify Soft/WeakReferences: 0.0ms
[1.747s][debug][gc,phases,ref  ] GC(7)         SoftRef (ms):                  skipped
[1.747s][debug][gc,phases,ref  ] GC(7)         WeakRef (ms):                  skipped
[1.747s][debug][gc,phases,ref  ] GC(7)         FinalRef (ms):                 skipped
[1.747s][debug][gc,phases,ref  ] GC(7)         Total (ms):                    skipped
[1.747s][debug][gc,phases,ref  ] GC(7)       Notify and keep alive finalizable: 0.0ms
[1.747s][debug][gc,phases,ref  ] GC(7)         FinalRef (ms):                 skipped
[1.747s][debug][gc,phases,ref  ] GC(7)       Notify PhantomReferences: 0.0ms
[1.747s][debug][gc,phases,ref  ] GC(7)         PhantomRef (ms):               skipped
[1.747s][debug][gc,phases,ref  ] GC(7)       SoftReference:
[1.747s][debug][gc,phases,ref  ] GC(7)         Discovered: 0
[1.747s][debug][gc,phases,ref  ] GC(7)         Cleared: 0
[1.747s][debug][gc,phases,ref  ] GC(7)       WeakReference:
[1.747s][debug][gc,phases,ref  ] GC(7)         Discovered: 0
[1.747s][debug][gc,phases,ref  ] GC(7)         Cleared: 0
[1.747s][debug][gc,phases,ref  ] GC(7)       FinalReference:
[1.747s][debug][gc,phases,ref  ] GC(7)         Discovered: 0
[1.747s][debug][gc,phases,ref  ] GC(7)         Cleared: 0
[1.747s][debug][gc,phases,ref  ] GC(7)       PhantomReference:
[1.747s][debug][gc,phases,ref  ] GC(7)         Discovered: 0
[1.747s][debug][gc,phases,ref  ] GC(7)         Cleared: 0
[1.747s][debug][gc,phases      ] GC(7)     Weak Processing: 0.1ms
[1.747s][debug][gc,phases      ] GC(7)       VM Weak                        Min:  0.0, Avg:  0.0, Max:  0.0, Diff:  0.0, Sum:  0.0, Workers: 3
[1.747s][debug][gc,phases      ] GC(7)         Dead                           Min: 0, Avg:  0.0, Max: 0, Diff: 0, Sum: 0, Workers: 3
[1.747s][debug][gc,phases      ] GC(7)         Total                          Min: 0, Avg:  4.7, Max: 14, Diff: 14, Sum: 14, Workers: 3
[1.747s][debug][gc,phases      ] GC(7)       ObjectSynchronizer Weak        Min:  0.0, Avg:  0.0, Max:  0.0, Diff:  0.0, Sum:  0.0, Workers: 3
[1.747s][debug][gc,phases      ] GC(7)         Dead                           Min: 0, Avg:  0.0, Max: 0, Diff: 0, Sum: 0, Workers: 3
[1.747s][debug][gc,phases      ] GC(7)         Total                          Min: 0, Avg:  1.0, Max: 3, Diff: 3, Sum: 3, Workers: 3
[1.747s][debug][gc,phases      ] GC(7)       JVMTI Tag Weak OopStorage      Min:  0.0, Avg:  0.0, Max:  0.0, Diff:  0.0, Sum:  0.0, Workers: 3
[1.747s][debug][gc,phases      ] GC(7)         Dead                           Min: 0, Avg:  0.0, Max: 0, Diff: 0, Sum: 0, Workers: 3
[1.747s][debug][gc,phases      ] GC(7)         Total                          Min: 0, Avg:  0.0, Max: 0, Diff: 0, Sum: 0, Workers: 3
[1.747s][debug][gc,phases      ] GC(7)       StringTable Weak               Min:  0.0, Avg:  0.0, Max:  0.0, Diff:  0.0, Sum:  0.0, Workers: 3
[1.747s][debug][gc,phases      ] GC(7)         Dead                           Min: 0, Avg:  0.0, Max: 0, Diff: 0, Sum: 0, Workers: 3
[1.748s][debug][gc,phases      ] GC(7)         Total                          Min: 0, Avg: 821.3, Max: 2464, Diff: 2464, Sum: 2464, Workers: 3
[1.748s][debug][gc,phases      ] GC(7)       ResolvedMethodTable Weak       Min:  0.0, Avg:  0.0, Max:  0.0, Diff:  0.0, Sum:  0.0, Workers: 3
[1.748s][debug][gc,phases      ] GC(7)         Dead                           Min: 0, Avg:  0.0, Max: 0, Diff: 0, Sum: 0, Workers: 3
[1.748s][debug][gc,phases      ] GC(7)         Total                          Min: 0, Avg: 45.7, Max: 137, Diff: 137, Sum: 137, Workers: 3
[1.748s][debug][gc,phases      ] GC(7)       JNI Weak                       Min:  0.0, Avg:  0.0, Max:  0.0, Diff:  0.0, Sum:  0.0, Workers: 3
[1.748s][debug][gc,phases      ] GC(7)         Dead                           Min: 0, Avg:  0.0, Max: 0, Diff: 0, Sum: 0, Workers: 3
[1.748s][debug][gc,phases      ] GC(7)         Total                          Min: 0, Avg:  0.0, Max: 0, Diff: 0, Sum: 0, Workers: 3
[1.748s][debug][gc,phases      ] GC(7)       StringDedup Table Weak         Min:  0.0, Avg:  0.0, Max:  0.0, Diff:  0.0, Sum:  0.0, Workers: 3
[1.748s][debug][gc,phases      ] GC(7)         Dead                           Min: 0, Avg:  0.0, Max: 0, Diff: 0, Sum: 0, Workers: 3
[1.748s][debug][gc,phases      ] GC(7)         Total                          Min: 0, Avg:  0.0, Max: 0, Diff: 0, Sum: 0, Workers: 3
[1.748s][debug][gc,phases      ] GC(7)       StringDedup Requests0 Weak     Min:  0.0, Avg:  0.0, Max:  0.0, Diff:  0.0, Sum:  0.0, Workers: 3
[1.748s][debug][gc,phases      ] GC(7)         Dead                           Min: 0, Avg:  0.0, Max: 0, Diff: 0, Sum: 0, Workers: 3
[1.748s][debug][gc,phases      ] GC(7)         Total                          Min: 0, Avg:  0.0, Max: 0, Diff: 0, Sum: 0, Workers: 3
[1.748s][debug][gc,phases      ] GC(7)       StringDedup Requests1 Weak     Min:  0.0, Avg:  0.0, Max:  0.0, Diff:  0.0, Sum:  0.0, Workers: 3
[1.748s][debug][gc,phases      ] GC(7)         Dead                           Min: 0, Avg:  0.0, Max: 0, Diff: 0, Sum: 0, Workers: 3
[1.748s][debug][gc,phases      ] GC(7)         Total                          Min: 0, Avg:  0.0, Max: 0, Diff: 0, Sum: 0, Workers: 3
[1.748s][debug][gc,phases      ] GC(7)       Weak JFR Old Object Samples    Min:  0.0, Avg:  0.0, Max:  0.0, Diff:  0.0, Sum:  0.0, Workers: 3
[1.748s][debug][gc,phases      ] GC(7)         Dead                           Min: 0, Avg:  0.0, Max: 0, Diff: 0, Sum: 0, Workers: 3
[1.748s][debug][gc,phases      ] GC(7)         Total                          Min: 0, Avg:  0.0, Max: 0, Diff: 0, Sum: 0, Workers: 3
[1.748s][debug][gc,phases      ] GC(7)     Post Evacuate Cleanup 1: 0.1ms
[1.748s][debug][gc,phases      ] GC(7)       Merge Per-Thread State (ms):   Min:  0.0, Avg:  0.0, Max:  0.0, Diff:  0.0, Sum:  0.0, Workers: 1
[1.748s][debug][gc,phases      ] GC(7)         Copied Bytes                   Min: 10245424, Avg: 10556764.0, Max: 10817312, Diff: 571888, Sum: 42227056, Workers: 4
[1.748s][debug][gc,phases      ] GC(7)         LAB Waste                      Min: 336, Avg: 340.0, Max: 352, Diff: 16, Sum: 1360, Workers: 4
[1.748s][debug][gc,phases      ] GC(7)         LAB Undo Waste                 Min: 0, Avg:  0.0, Max: 0, Diff: 0, Sum: 0, Workers: 4
[1.748s][debug][gc,phases      ] GC(7)       Clear Logged Cards (ms):       Min:  0.0, Avg:  0.0, Max:  0.0, Diff:  0.0, Sum:  0.0, Workers: 3
[1.748s][debug][gc,phases      ] GC(7)       Recalculate Used Memory (ms):  Min:  0.0, Avg:  0.0, Max:  0.0, Diff:  0.0, Sum:  0.0, Workers: 1
[1.748s][debug][gc,phases      ] GC(7)     Post Evacuate Cleanup 2: 0.1ms
[1.748s][debug][gc,phases      ] GC(7)       Reset Hot Card Cache (ms):     Min:  0.0, Avg:  0.0, Max:  0.0, Diff:  0.0, Sum:  0.0, Workers: 1
[1.748s][debug][gc,phases      ] GC(7)       Purge Code Roots (ms):         Min:  0.0, Avg:  0.0, Max:  0.0, Diff:  0.0, Sum:  0.0, Workers: 1
[1.748s][debug][gc,phases      ] GC(7)       Update Derived Pointers (ms):  Min:  0.0, Avg:  0.0, Max:  0.0, Diff:  0.0, Sum:  0.0, Workers: 1
[1.748s][debug][gc,phases      ] GC(7)       Eagerly Reclaim Humongous Objects (ms): Min:  0.0, Avg:  0.0, Max:  0.0, Diff:  0.0, Sum:  0.0, Workers: 1
[1.748s][debug][gc,phases      ] GC(7)         Humongous Total                Min: 11, Avg: 11.0, Max: 11, Diff: 0, Sum: 11, Workers: 1
[1.748s][debug][gc,phases      ] GC(7)         Humongous Candidates           Min: 0, Avg:  0.0, Max: 0, Diff: 0, Sum: 0, Workers: 1
[1.748s][debug][gc,phases      ] GC(7)         Humongous Reclaimed            Min: 0, Avg:  0.0, Max: 0, Diff: 0, Sum: 0, Workers: 1
[1.748s][debug][gc,phases      ] GC(7)       Redirty Logged Cards (ms):     Min:  0.0, Avg:  0.0, Max:  0.0, Diff:  0.0, Sum:  0.1, Workers: 4
[1.748s][debug][gc,phases      ] GC(7)         Redirtied Cards:               Min: 0, Avg: 896.8, Max: 2485, Diff: 2485, Sum: 3587, Workers: 4
[1.748s][debug][gc,phases      ] GC(7)       Free Collection Set (ms):      Min:  0.0, Avg:  0.0, Max:  0.0, Diff:  0.0, Sum:  0.1, Workers: 4
[1.748s][debug][gc,phases      ] GC(7)     Rebuild Free List: 0.1ms
[1.748s][debug][gc,phases      ] GC(7)     Start New Collection Set: 0.0ms
[1.748s][debug][gc,phases      ] GC(7)     Resize TLABs: 0.0ms
[1.748s][debug][gc,phases      ] GC(7)     Expand Heap After Collection: 0.0ms
[1.748s][info ][gc,phases      ] GC(7)   Other: 0.7ms
[1.748s][info ][gc,heap        ] GC(7) Eden regions: 44->0(44)
[1.748s][info ][gc,heap        ] GC(7) Survivor regions: 7->7(7)
[1.748s][info ][gc,heap        ] GC(7) Old regions: 250->284
[1.748s][info ][gc,heap        ] GC(7) Archive regions: 0->0
[1.748s][info ][gc,heap        ] GC(7) Humongous regions: 110->110
[1.748s][info ][gc,metaspace   ] GC(7) Metaspace: 482K(640K)->482K(640K) NonClass: 445K(512K)->445K(512K) Class: 37K(128K)->37K(128K)
[1.748s][debug][gc,heap        ] GC(7) Heap after GC invocations=8 (full 0):
[1.748s][debug][gc,heap        ] GC(7)  garbage-first heap   total 1048576K, used 410624K [0x00000000c0000000, 0x0000000100000000)
[1.748s][debug][gc,heap        ] GC(7)   region size 1024K, 7 young (7168K), 7 survivors (7168K)
[1.748s][debug][gc,heap        ] GC(7)  Metaspace       used 482K, committed 640K, reserved 1056768K
[1.748s][debug][gc,heap        ] GC(7)   class space    used 37K, committed 128K, reserved 1048576K
[1.748s][info ][gc             ] GC(7) Pause Young (Normal) (G1 Evacuation Pause) 411M->401M(1024M) 57.587ms
[1.748s][info ][gc,cpu         ] GC(7) User=0.17s Sys=0.02s Real=0.06s
[1.749s][debug][gc,refine      ] Deactivated worker 0, off threshold: 1991, current: 1973, refined cards: 2296
[1.751s][debug][gc,refine      ] Activated worker 0, on threshold: 2503, current: 2741
[1.752s][debug][gc,refine      ] Deactivated worker 0, off threshold: 1991, current: 1870, refined cards: 1127
[1.754s][debug][gc,refine      ] Activated worker 0, on threshold: 2503, current: 2638
[1.755s][debug][gc,refine      ] Deactivated worker 0, off threshold: 1991, current: 1792, refined cards: 846
[1.757s][debug][gc,refine      ] Activated worker 0, on threshold: 2503, current: 2560
[1.759s][debug][gc,refine      ] Deactivated worker 0, off threshold: 1991, current: 1792, refined cards: 1024
[1.760s][debug][gc,refine      ] Activated worker 0, on threshold: 2503, current: 2560
[1.761s][debug][gc,refine      ] Deactivated worker 0, off threshold: 1991, current: 1792, refined cards: 768
[1.763s][debug][gc,refine      ] Activated worker 0, on threshold: 2503, current: 2560
[1.764s][debug][gc,refine      ] Deactivated worker 0, off threshold: 1991, current: 1792, refined cards: 1024
[1.766s][debug][gc,refine      ] Activated worker 0, on threshold: 2503, current: 2560
[1.767s][debug][gc,refine      ] Deactivated worker 0, off threshold: 1991, current: 1792, refined cards: 768
[1.769s][debug][gc,refine      ] Activated worker 0, on threshold: 2503, current: 2560
[1.770s][debug][gc,refine      ] Deactivated worker 0, off threshold: 1991, current: 1792, refined cards: 768
[1.772s][debug][gc,refine      ] Activated worker 0, on threshold: 2503, current: 2560
[1.772s][debug][gc,refine      ] Deactivated worker 0, off threshold: 1991, current: 1792, refined cards: 768
[1.774s][debug][gc,refine      ] Activated worker 0, on threshold: 2503, current: 2560
[1.774s][debug][gc,refine      ] Deactivated worker 0, off threshold: 1991, current: 1792, refined cards: 768
[1.776s][debug][gc,refine      ] Activated worker 0, on threshold: 2503, current: 2560
[1.777s][debug][gc,refine      ] Deactivated worker 0, off threshold: 1991, current: 1792, refined cards: 768
[1.778s][debug][gc,refine      ] Activated worker 0, on threshold: 2503, current: 2560
[1.779s][debug][gc,refine      ] Deactivated worker 0, off threshold: 1991, current: 1792, refined cards: 768
[1.780s][debug][gc,refine      ] Activated worker 0, on threshold: 2503, current: 2560
[1.781s][debug][gc,refine      ] Deactivated worker 0, off threshold: 1991, current: 1792, refined cards: 768
[1.782s][debug][gc,refine      ] Activated worker 0, on threshold: 2503, current: 2560
[1.783s][debug][gc,refine      ] Deactivated worker 0, off threshold: 1991, current: 1792, refined cards: 768
[1.784s][debug][gc,refine      ] Activated worker 0, on threshold: 2503, current: 2560
[1.785s][debug][gc,refine      ] Deactivated worker 0, off threshold: 1991, current: 1792, refined cards: 768
[1.787s][debug][gc,refine      ] Activated worker 0, on threshold: 2503, current: 2560
[1.787s][debug][gc,refine      ] Deactivated worker 0, off threshold: 1991, current: 1792, refined cards: 768
[1.789s][debug][gc,refine      ] Activated worker 0, on threshold: 2503, current: 2560
[1.789s][debug][gc,refine      ] Deactivated worker 0, off threshold: 1991, current: 1792, refined cards: 768
[1.791s][debug][gc,refine      ] Activated worker 0, on threshold: 2503, current: 2560
[1.791s][debug][gc,refine      ] Deactivated worker 0, off threshold: 1991, current: 1792, refined cards: 768
[1.793s][debug][gc,refine      ] Activated worker 0, on threshold: 2503, current: 2560
[1.793s][debug][gc,refine      ] Deactivated worker 0, off threshold: 1991, current: 1792, refined cards: 768
[1.795s][debug][gc,refine      ] Activated worker 0, on threshold: 2503, current: 2560
[1.795s][debug][gc,refine      ] Deactivated worker 0, off threshold: 1991, current: 1792, refined cards: 768
[1.797s][debug][gc,refine      ] Activated worker 0, on threshold: 2503, current: 2560
[1.797s][debug][gc,refine      ] Deactivated worker 0, off threshold: 1991, current: 1792, refined cards: 768
[1.799s][debug][gc,refine      ] Activated worker 0, on threshold: 2503, current: 2560
[1.800s][debug][gc,refine      ] Deactivated worker 0, off threshold: 1991, current: 1792, refined cards: 768
[1.801s][debug][gc,refine      ] Activated worker 0, on threshold: 2503, current: 2560
[1.802s][debug][gc,refine      ] Deactivated worker 0, off threshold: 1991, current: 1792, refined cards: 768
[1.803s][debug][gc,refine      ] Activated worker 0, on threshold: 2503, current: 2560
[1.804s][debug][gc,refine      ] Deactivated worker 0, off threshold: 1991, current: 1792, refined cards: 768
[1.806s][debug][gc,refine      ] Activated worker 0, on threshold: 2503, current: 2560
[1.807s][debug][gc,refine      ] Deactivated worker 0, off threshold: 1991, current: 1792, refined cards: 768
[1.809s][debug][gc,refine      ] Activated worker 0, on threshold: 2503, current: 2560
[1.810s][debug][gc,refine      ] Deactivated worker 0, off threshold: 1991, current: 1792, refined cards: 768
[1.812s][debug][gc,refine      ] Activated worker 0, on threshold: 2503, current: 2560
[1.812s][debug][gc,refine      ] Deactivated worker 0, off threshold: 1991, current: 1792, refined cards: 768
[1.814s][debug][gc,refine      ] Activated worker 0, on threshold: 2503, current: 2560
[1.815s][debug][gc,refine      ] Deactivated worker 0, off threshold: 1991, current: 1792, refined cards: 768
[1.817s][debug][gc,refine      ] Activated worker 0, on threshold: 2503, current: 2560
[1.818s][debug][gc,heap        ] GC(8) Heap before GC invocations=8 (full 0):
[1.818s][debug][gc,heap        ] GC(8)  garbage-first heap   total 1048576K, used 455680K [0x00000000c0000000, 0x0000000100000000)
[1.818s][debug][gc,heap        ] GC(8)   region size 1024K, 51 young (52224K), 7 survivors (7168K)
[1.818s][debug][gc,heap        ] GC(8)  Metaspace       used 482K, committed 640K, reserved 1056768K
[1.818s][debug][gc,heap        ] GC(8)   class space    used 37K, committed 128K, reserved 1048576K
[1.818s][info ][gc,start       ] GC(8) Pause Young (Normal) (G1 Evacuation Pause)
[1.818s][info ][gc,task        ] GC(8) Using 4 workers of 4 for evacuation
[1.818s][debug][gc,tlab        ] GC(8) TLAB totals: thrds: 1  refills: 132 max: 132 slow allocs: 0 max 0 waste:  0.2% gc: 0B max: 0B slow: 76032B max: 76032B
[1.818s][debug][gc,age         ] GC(8) Desired survivor size 3670016 bytes, new threshold 1 (max threshold 15)
[1.818s][debug][gc,refine,stats] GC(8) Mutator refinement: 0.00ms, refined: 0, precleaned: 0, dirtied: 22492
[1.818s][debug][gc,refine,stats] GC(8) Concurrent refinement: 21.07ms, refined: 24024, precleaned: 1024, dirtied: 0
[1.818s][debug][gc,refine,stats] GC(8) Total refinement: 21.07ms, refined: 24024, precleaned: 1024, dirtied: 22492
[1.818s][debug][gc,refine,stats] GC(8) Concurrent refinement rate: 1140.24 cards/ms
[1.818s][debug][gc,refine,stats] GC(8) Generate dirty cards rate: 311.73 cards/ms
[1.818s][debug][gc,alloc,region] GC(8) Mutator Allocation stats, regions: 44, wasted size: 0B ( 0.0%)
[1.818s][debug][gc,humongous   ] GC(8) Humongous region 0 (object size 640280 @ 0x00000000c0000000) remset 0 code roots 0 marked 0 reclaim candidate 0 type array 0
[1.818s][debug][gc,humongous   ] GC(8) Humongous region 4 (object size 2160888 @ 0x00000000c0400000) remset 0 code roots 0 marked 0 reclaim candidate 0 type array 0
[1.818s][debug][gc,humongous   ] GC(8) Humongous region 2 (object size 1440600 @ 0x00000000c0200000) remset 0 code roots 0 marked 0 reclaim candidate 0 type array 0
[1.818s][debug][gc,humongous   ] GC(8) Humongous region 1 (object size 960408 @ 0x00000000c0100000) remset 0 code roots 0 marked 0 reclaim candidate 0 type array 0
[1.818s][debug][gc,humongous   ] GC(8) Humongous region 7 (object size 3241320 @ 0x00000000c0700000) remset 0 code roots 0 marked 0 reclaim candidate 0 type array 0
[1.818s][debug][gc,humongous   ] GC(8) Humongous region 11 (object size 4861968 @ 0x00000000c0b00000) remset 0 code roots 0 marked 0 reclaim candidate 0 type array 0
[1.818s][debug][gc,humongous   ] GC(8) Humongous region 16 (object size 7292936 @ 0x00000000c1000000) remset 0 code roots 0 marked 0 reclaim candidate 0 type array 0
[1.818s][debug][gc,humongous   ] GC(8) Humongous region 23 (object size 10939400 @ 0x00000000c1700000) remset 0 code roots 0 marked 0 reclaim candidate 0 type array 0
[1.818s][debug][gc,humongous   ] GC(8) Humongous region 34 (object size 16409088 @ 0x00000000c2200000) remset 0 code roots 0 marked 0 reclaim candidate 0 type array 0
[1.819s][debug][gc,humongous   ] GC(8) Humongous region 88 (object size 24613616 @ 0x00000000c5800000) remset 1 code roots 0 marked 0 reclaim candidate 0 type array 0
[1.819s][debug][gc,humongous   ] GC(8) Humongous region 157 (object size 36920416 @ 0x00000000c9d00000) remset 1 code roots 0 marked 0 reclaim candidate 0 type array 0
[1.819s][debug][gc,ergo        ] GC(8) Running G1 Merge Heap Roots using 4 workers for 51 regions
[1.819s][debug][gc,remset      ] GC(8) Visited cards 26880 Total dirty 32768 (82.03%) Total old 1015808 (2.65%)
[1.885s][debug][gc,ref         ] GC(8) Skipped phase 1 of Reference Processing: no references
[1.885s][debug][gc,ref         ] GC(8) Skipped phase 2 of Reference Processing: no references
[1.885s][debug][gc,ref         ] GC(8) Skipped phase 3 of Reference Processing: no references
[1.885s][debug][gc,ref         ] GC(8) Skipped phase 4 of Reference Processing: no references
[1.885s][debug][gc,ergo        ] GC(8) Running G1 Rebuild Free List Task using 4 workers for rebuilding free list of regions
[1.885s][debug][gc,plab        ] GC(8) Young PLAB allocation: allocated: 7340032B, wasted: 336B, unused: 0B, used: 7339696B, undo waste: 0B, 
[1.885s][debug][gc,plab        ] GC(8) Young other allocation: region end waste: 0B, regions filled: 7, direct allocated: 0B, failure used: 0B, failure wasted: 0B
[1.885s][debug][gc,plab        ] GC(8) Young sizing: calculated: 1467936B, actual: 1467928B
[1.885s][debug][gc,plab        ] GC(8) Old PLAB allocation: allocated: 47185920B, wasted: 1376B, unused: 1123232B, used: 46061312B, undo waste: 0B, 
[1.885s][debug][gc,plab        ] GC(8) Old other allocation: region end waste: 0B, regions filled: 45, direct allocated: 0B, failure used: 0B, failure wasted: 0B
[1.885s][debug][gc,plab        ] GC(8) Old sizing: calculated: 9212256B, actual: 8766424B
[1.885s][debug][gc,ergo,heap   ] GC(8) Heap expansion: short term pause time ratio 45.03% long term pause time ratio 28.40% threshold 7.69% pause time ratio 7.69% fully expanded true resize by 0B
[1.885s][debug][gc,mmu         ] GC(8) MMU: 122.2ms (200.0ms/201.0ms)
[1.885s][debug][gc,alloc,stats ] Old generation allocation in the last mutator period, old gen allocated: 47185920B, humongous allocated: 0B,old gen growth: 47185920B.
[1.885s][debug][gc,ihop        ] GC(8) Basic information (value update), threshold: 483183820B (45.00), target occupancy: 1073741824B, current occupancy: 467664896B, recent allocation size: 47185920B, recent allocation duration: 72.15ms, recent old gen allocation rate: 653981189.66B/s, recent marking phase length: 0.00ms
[1.885s][debug][gc,ihop        ] GC(8) Adaptive IHOP information (value update), threshold: 483183820B (52.94), internal target occupancy: 912680550B, occupancy: 467664896B, additional buffer size: 53477376B, predicted old gen allocation rate: 414506599.78B/s, predicted marking phase length: 0.00ms, prediction active: false
[1.885s][debug][gc,ergo,refine ] GC(8) Concurrent refinement times: Logged Cards Scan time goal: 20.00ms Logged Cards Scan time: 0.73ms HCC time: 0.00ms
[1.885s][debug][gc,ergo,refine ] GC(8) Updated Refinement Zones: green: 2190, yellow: 6570, red: 10950
[1.885s][info ][gc,phases      ] GC(8)   Pre Evacuate Collection Set: 0.4ms
[1.886s][debug][gc,phases      ] GC(8)     Prepare TLABs: 0.0ms
[1.886s][debug][gc,phases      ] GC(8)     Concatenate Dirty Card Logs: 0.0ms
[1.886s][debug][gc,phases      ] GC(8)     Choose Collection Set: 0.0ms
[1.886s][debug][gc,phases      ] GC(8)     Region Register: 0.4ms
[1.886s][debug][gc,phases      ] GC(8)     Prepare Heap Roots: 0.0ms
[1.886s][info ][gc,phases      ] GC(8)   Merge Heap Roots: 0.2ms
[1.886s][debug][gc,phases      ] GC(8)     Prepare Merge Heap Roots: 0.0ms
[1.886s][debug][gc,phases      ] GC(8)     Eager Reclaim (ms):            skipped
[1.886s][debug][gc,phases      ] GC(8)     Remembered Sets (ms):          Min:  0.1, Avg:  0.1, Max:  0.1, Diff:  0.0, Sum:  0.2, Workers: 4
[1.886s][debug][gc,phases      ] GC(8)       Merged Sparse:                 Min: 0, Avg:  0.0, Max: 0, Diff: 0, Sum: 0, Workers: 4
[1.886s][debug][gc,phases      ] GC(8)       Merged Fine:                   Min: 13, Avg: 17.5, Max: 29, Diff: 16, Sum: 70, Workers: 4
[1.886s][debug][gc,phases      ] GC(8)       Merged Coarse:                 Min: 0, Avg:  0.0, Max: 0, Diff: 0, Sum: 0, Workers: 4
[1.886s][debug][gc,phases      ] GC(8)       Dirty Cards:                   Min: 5614, Avg: 5743.0, Max: 6079, Diff: 465, Sum: 22972, Workers: 4
[1.886s][debug][gc,phases      ] GC(8)     Hot Card Cache (ms):           Min:  0.0, Avg:  0.0, Max:  0.0, Diff:  0.0, Sum:  0.0, Workers: 4
[1.886s][debug][gc,phases      ] GC(8)       Dirty Cards:                   Min: 120, Avg: 248.0, Max: 440, Diff: 320, Sum: 992, Workers: 4
[1.886s][debug][gc,phases      ] GC(8)       Skipped Cards:                 Min: 0, Avg:  0.0, Max: 0, Diff: 0, Sum: 0, Workers: 4
[1.886s][debug][gc,phases      ] GC(8)     Log Buffers (ms):              Min:  0.0, Avg:  0.0, Max:  0.0, Diff:  0.0, Sum:  0.0, Workers: 4
[1.886s][debug][gc,phases      ] GC(8)       Dirty Cards:                   Min: 468, Avg: 505.8, Max: 547, Diff: 79, Sum: 2023, Workers: 4
[1.886s][debug][gc,phases      ] GC(8)       Skipped Cards:                 Min: 0, Avg:  0.0, Max: 0, Diff: 0, Sum: 0, Workers: 4
[1.886s][info ][gc,phases      ] GC(8)   Evacuate Collection Set: 65.7ms
[1.886s][debug][gc,phases      ] GC(8)     Ext Root Scanning (ms):        Min:  0.0, Avg:  0.0, Max:  0.0, Diff:  0.0, Sum:  0.1, Workers: 4
[1.886s][debug][gc,phases      ] GC(8)     Scan Heap Roots (ms):          Min:  9.0, Avg:  9.4, Max: 10.2, Diff:  1.2, Sum: 37.4, Workers: 4
[1.886s][debug][gc,phases      ] GC(8)       Scanned Cards:                 Min: 6364, Avg: 6519.8, Max: 6656, Diff: 292, Sum: 26079, Workers: 4
[1.886s][debug][gc,phases      ] GC(8)       Scanned Blocks:                Min: 26, Avg: 26.3, Max: 27, Diff: 1, Sum: 105, Workers: 4
[1.886s][debug][gc,phases      ] GC(8)       Claimed Chunks:                Min: 26, Avg: 26.3, Max: 27, Diff: 1, Sum: 105, Workers: 4
[1.886s][debug][gc,phases      ] GC(8)     Code Root Scan (ms):           Min:  0.0, Avg:  0.0, Max:  0.0, Diff:  0.0, Sum:  0.0, Workers: 4
[1.886s][debug][gc,phases      ] GC(8)     Object Copy (ms):              Min: 55.5, Avg: 56.3, Max: 56.7, Diff:  1.2, Sum: 225.3, Workers: 4
[1.886s][debug][gc,phases      ] GC(8)     Termination (ms):              Min:  0.0, Avg:  0.0, Max:  0.0, Diff:  0.0, Sum:  0.0, Workers: 4
[1.886s][debug][gc,phases      ] GC(8)       Termination Attempts:          Min: 1, Avg:  1.0, Max: 1, Diff: 0, Sum: 4, Workers: 4
[1.886s][debug][gc,phases      ] GC(8)     GC Worker Other (ms):          Min:  0.0, Avg:  0.0, Max:  0.0, Diff:  0.0, Sum:  0.1, Workers: 4
[1.886s][debug][gc,phases      ] GC(8)     GC Worker Total (ms):          Min: 65.7, Avg: 65.7, Max: 65.7, Diff:  0.0, Sum: 262.9, Workers: 4
[1.886s][info ][gc,phases      ] GC(8)   Post Evacuate Collection Set: 0.5ms
[1.886s][debug][gc,phases      ] GC(8)     Code Roots Fixup: 0.0ms
[1.886s][debug][gc,phases      ] GC(8)     Reference Processing: 0.2ms
[1.886s][debug][gc,phases,ref  ] GC(8)       Reconsider SoftReferences: 0.1ms
[1.886s][debug][gc,phases,ref  ] GC(8)         SoftRef (ms):                  skipped
[1.886s][debug][gc,phases,ref  ] GC(8)       Notify Soft/WeakReferences: 0.0ms
[1.886s][debug][gc,phases,ref  ] GC(8)         SoftRef (ms):                  skipped
[1.886s][debug][gc,phases,ref  ] GC(8)         WeakRef (ms):                  skipped
[1.886s][debug][gc,phases,ref  ] GC(8)         FinalRef (ms):                 skipped
[1.887s][debug][gc,phases,ref  ] GC(8)         Total (ms):                    skipped
[1.887s][debug][gc,phases,ref  ] GC(8)       Notify and keep alive finalizable: 0.0ms
[1.887s][debug][gc,phases,ref  ] GC(8)         FinalRef (ms):                 skipped
[1.887s][debug][gc,phases,ref  ] GC(8)       Notify PhantomReferences: 0.0ms
[1.887s][debug][gc,phases,ref  ] GC(8)         PhantomRef (ms):               skipped
[1.887s][debug][gc,phases,ref  ] GC(8)       SoftReference:
[1.887s][debug][gc,phases,ref  ] GC(8)         Discovered: 0
[1.887s][debug][gc,phases,ref  ] GC(8)         Cleared: 0
[1.887s][debug][gc,phases,ref  ] GC(8)       WeakReference:
[1.887s][debug][gc,phases,ref  ] GC(8)         Discovered: 0
[1.887s][debug][gc,phases,ref  ] GC(8)         Cleared: 0
[1.887s][debug][gc,phases,ref  ] GC(8)       FinalReference:
[1.887s][debug][gc,phases,ref  ] GC(8)         Discovered: 0
[1.887s][debug][gc,phases,ref  ] GC(8)         Cleared: 0
[1.887s][debug][gc,phases,ref  ] GC(8)       PhantomReference:
[1.887s][debug][gc,phases,ref  ] GC(8)         Discovered: 0
[1.887s][debug][gc,phases,ref  ] GC(8)         Cleared: 0
[1.887s][debug][gc,phases      ] GC(8)     Weak Processing: 0.0ms
[1.887s][debug][gc,phases      ] GC(8)       VM Weak                        Min:  0.0, Avg:  0.0, Max:  0.0, Diff:  0.0, Sum:  0.0, Workers: 3
[1.887s][debug][gc,phases      ] GC(8)         Dead                           Min: 0, Avg:  0.0, Max: 0, Diff: 0, Sum: 0, Workers: 3
[1.887s][debug][gc,phases      ] GC(8)         Total                          Min: 0, Avg:  4.7, Max: 14, Diff: 14, Sum: 14, Workers: 3
[1.887s][debug][gc,phases      ] GC(8)       ObjectSynchronizer Weak        Min:  0.0, Avg:  0.0, Max:  0.0, Diff:  0.0, Sum:  0.0, Workers: 3
[1.887s][debug][gc,phases      ] GC(8)         Dead                           Min: 0, Avg:  0.0, Max: 0, Diff: 0, Sum: 0, Workers: 3
[1.887s][debug][gc,phases      ] GC(8)         Total                          Min: 0, Avg:  1.0, Max: 3, Diff: 3, Sum: 3, Workers: 3
[1.887s][debug][gc,phases      ] GC(8)       JVMTI Tag Weak OopStorage      Min:  0.0, Avg:  0.0, Max:  0.0, Diff:  0.0, Sum:  0.0, Workers: 3
[1.887s][debug][gc,phases      ] GC(8)         Dead                           Min: 0, Avg:  0.0, Max: 0, Diff: 0, Sum: 0, Workers: 3
[1.887s][debug][gc,phases      ] GC(8)         Total                          Min: 0, Avg:  0.0, Max: 0, Diff: 0, Sum: 0, Workers: 3
[1.887s][debug][gc,phases      ] GC(8)       StringTable Weak               Min:  0.0, Avg:  0.0, Max:  0.0, Diff:  0.0, Sum:  0.0, Workers: 3
[1.887s][debug][gc,phases      ] GC(8)         Dead                           Min: 0, Avg:  0.0, Max: 0, Diff: 0, Sum: 0, Workers: 3
[1.887s][debug][gc,phases      ] GC(8)         Total                          Min: 640, Avg: 821.3, Max: 928, Diff: 288, Sum: 2464, Workers: 3
[1.887s][debug][gc,phases      ] GC(8)       ResolvedMethodTable Weak       Min:  0.0, Avg:  0.0, Max:  0.0, Diff:  0.0, Sum:  0.0, Workers: 3
[1.887s][debug][gc,phases      ] GC(8)         Dead                           Min: 0, Avg:  0.0, Max: 0, Diff: 0, Sum: 0, Workers: 3
[1.887s][debug][gc,phases      ] GC(8)         Total                          Min: 0, Avg: 45.7, Max: 73, Diff: 73, Sum: 137, Workers: 3
[1.887s][debug][gc,phases      ] GC(8)       JNI Weak                       Min:  0.0, Avg:  0.0, Max:  0.0, Diff:  0.0, Sum:  0.0, Workers: 3
[1.887s][debug][gc,phases      ] GC(8)         Dead                           Min: 0, Avg:  0.0, Max: 0, Diff: 0, Sum: 0, Workers: 3
[1.887s][debug][gc,phases      ] GC(8)         Total                          Min: 0, Avg:  0.0, Max: 0, Diff: 0, Sum: 0, Workers: 3
[1.887s][debug][gc,phases      ] GC(8)       StringDedup Table Weak         Min:  0.0, Avg:  0.0, Max:  0.0, Diff:  0.0, Sum:  0.0, Workers: 3
[1.887s][debug][gc,phases      ] GC(8)         Dead                           Min: 0, Avg:  0.0, Max: 0, Diff: 0, Sum: 0, Workers: 3
[1.887s][debug][gc,phases      ] GC(8)         Total                          Min: 0, Avg:  0.0, Max: 0, Diff: 0, Sum: 0, Workers: 3
[1.887s][debug][gc,phases      ] GC(8)       StringDedup Requests0 Weak     Min:  0.0, Avg:  0.0, Max:  0.0, Diff:  0.0, Sum:  0.0, Workers: 3
[1.887s][debug][gc,phases      ] GC(8)         Dead                           Min: 0, Avg:  0.0, Max: 0, Diff: 0, Sum: 0, Workers: 3
[1.887s][debug][gc,phases      ] GC(8)         Total                          Min: 0, Avg:  0.0, Max: 0, Diff: 0, Sum: 0, Workers: 3
[1.888s][debug][gc,phases      ] GC(8)       StringDedup Requests1 Weak     Min:  0.0, Avg:  0.0, Max:  0.0, Diff:  0.0, Sum:  0.0, Workers: 3
[1.888s][debug][gc,phases      ] GC(8)         Dead                           Min: 0, Avg:  0.0, Max: 0, Diff: 0, Sum: 0, Workers: 3
[1.888s][debug][gc,phases      ] GC(8)         Total                          Min: 0, Avg:  0.0, Max: 0, Diff: 0, Sum: 0, Workers: 3
[1.888s][debug][gc,phases      ] GC(8)       Weak JFR Old Object Samples    Min:  0.0, Avg:  0.0, Max:  0.0, Diff:  0.0, Sum:  0.0, Workers: 3
[1.888s][debug][gc,phases      ] GC(8)         Dead                           Min: 0, Avg:  0.0, Max: 0, Diff: 0, Sum: 0, Workers: 3
[1.888s][debug][gc,phases      ] GC(8)         Total                          Min: 0, Avg:  0.0, Max: 0, Diff: 0, Sum: 0, Workers: 3
[1.888s][debug][gc,phases      ] GC(8)     Post Evacuate Cleanup 1: 0.1ms
[1.888s][debug][gc,phases      ] GC(8)       Merge Per-Thread State (ms):   Min:  0.0, Avg:  0.0, Max:  0.0, Diff:  0.0, Sum:  0.0, Workers: 1
[1.888s][debug][gc,phases      ] GC(8)         Copied Bytes                   Min: 13027232, Avg: 13350252.0, Max: 13662992, Diff: 635760, Sum: 53401008, Workers: 4
[1.888s][debug][gc,phases      ] GC(8)         LAB Waste                      Min: 400, Avg: 428.0, Max: 448, Diff: 48, Sum: 1712, Workers: 4
[1.888s][debug][gc,phases      ] GC(8)         LAB Undo Waste                 Min: 0, Avg:  0.0, Max: 0, Diff: 0, Sum: 0, Workers: 4
[1.888s][debug][gc,phases      ] GC(8)       Clear Logged Cards (ms):       Min:  0.0, Avg:  0.0, Max:  0.0, Diff:  0.0, Sum:  0.0, Workers: 3
[1.888s][debug][gc,phases      ] GC(8)       Recalculate Used Memory (ms):  Min:  0.0, Avg:  0.0, Max:  0.0, Diff:  0.0, Sum:  0.0, Workers: 1
[1.888s][debug][gc,phases      ] GC(8)     Post Evacuate Cleanup 2: 0.1ms
[1.888s][debug][gc,phases      ] GC(8)       Reset Hot Card Cache (ms):     Min:  0.0, Avg:  0.0, Max:  0.0, Diff:  0.0, Sum:  0.0, Workers: 1
[1.888s][debug][gc,phases      ] GC(8)       Purge Code Roots (ms):         Min:  0.0, Avg:  0.0, Max:  0.0, Diff:  0.0, Sum:  0.0, Workers: 1
[1.888s][debug][gc,phases      ] GC(8)       Update Derived Pointers (ms):  Min:  0.0, Avg:  0.0, Max:  0.0, Diff:  0.0, Sum:  0.0, Workers: 1
[1.888s][debug][gc,phases      ] GC(8)       Eagerly Reclaim Humongous Objects (ms): Min:  0.1, Avg:  0.1, Max:  0.1, Diff:  0.0, Sum:  0.1, Workers: 1
[1.888s][debug][gc,phases      ] GC(8)         Humongous Total                Min: 11, Avg: 11.0, Max: 11, Diff: 0, Sum: 11, Workers: 1
[1.888s][debug][gc,phases      ] GC(8)         Humongous Candidates           Min: 0, Avg:  0.0, Max: 0, Diff: 0, Sum: 0, Workers: 1
[1.888s][debug][gc,phases      ] GC(8)         Humongous Reclaimed            Min: 0, Avg:  0.0, Max: 0, Diff: 0, Sum: 0, Workers: 1
[1.888s][debug][gc,phases      ] GC(8)       Redirty Logged Cards (ms):     Min:  0.0, Avg:  0.0, Max:  0.0, Diff:  0.0, Sum:  0.1, Workers: 4
[1.888s][debug][gc,phases      ] GC(8)         Redirtied Cards:               Min: 0, Avg: 896.8, Max: 2766, Diff: 2766, Sum: 3587, Workers: 4
[1.888s][debug][gc,phases      ] GC(8)       Free Collection Set (ms):      Min:  0.0, Avg:  0.0, Max:  0.0, Diff:  0.0, Sum:  0.1, Workers: 4
[1.888s][debug][gc,phases      ] GC(8)     Rebuild Free List: 0.1ms
[1.888s][debug][gc,phases      ] GC(8)     Start New Collection Set: 0.0ms
[1.888s][debug][gc,phases      ] GC(8)     Resize TLABs: 0.0ms
[1.888s][debug][gc,phases      ] GC(8)     Expand Heap After Collection: 0.0ms
[1.888s][info ][gc,phases      ] GC(8)   Other: 0.7ms
[1.888s][info ][gc,heap        ] GC(8) Eden regions: 44->0(44)
[1.888s][info ][gc,heap        ] GC(8) Survivor regions: 7->7(7)
[1.888s][info ][gc,heap        ] GC(8) Old regions: 284->329
[1.888s][info ][gc,heap        ] GC(8) Archive regions: 0->0
[1.888s][info ][gc,heap        ] GC(8) Humongous regions: 110->110
[1.888s][info ][gc,metaspace   ] GC(8) Metaspace: 482K(640K)->482K(640K) NonClass: 445K(512K)->445K(512K) Class: 37K(128K)->37K(128K)
[1.888s][debug][gc,heap        ] GC(8) Heap after GC invocations=9 (full 0):
[1.888s][debug][gc,heap        ] GC(8)  garbage-first heap   total 1048576K, used 456704K [0x00000000c0000000, 0x0000000100000000)
[1.888s][debug][gc,heap        ] GC(8)   region size 1024K, 7 young (7168K), 7 survivors (7168K)
[1.888s][debug][gc,heap        ] GC(8)  Metaspace       used 482K, committed 640K, reserved 1056768K
[1.888s][debug][gc,heap        ] GC(8)   class space    used 37K, committed 128K, reserved 1048576K
[1.889s][info ][gc             ] GC(8) Pause Young (Normal) (G1 Evacuation Pause) 445M->446M(1024M) 70.444ms
[1.889s][info ][gc,cpu         ] GC(8) User=0.23s Sys=0.02s Real=0.07s
[1.889s][debug][gc,refine      ] Deactivated worker 0, off threshold: 2190, current: 2126, refined cards: 2186
[1.891s][debug][gc,refine      ] Activated worker 0, on threshold: 2702, current: 2894
[1.892s][debug][gc,refine      ] Deactivated worker 0, off threshold: 2190, current: 2126, refined cards: 768
[1.893s][debug][gc,refine      ] Activated worker 0, on threshold: 2702, current: 2894
[1.894s][debug][gc,refine      ] Deactivated worker 0, off threshold: 2190, current: 2048, refined cards: 1102
[1.896s][debug][gc,refine      ] Activated worker 0, on threshold: 2702, current: 2816
[1.897s][debug][gc,refine      ] Deactivated worker 0, off threshold: 2190, current: 2048, refined cards: 768
[1.898s][debug][gc,refine      ] Activated worker 0, on threshold: 2702, current: 2816
[1.899s][debug][gc,refine      ] Deactivated worker 0, off threshold: 2190, current: 2048, refined cards: 768
[1.900s][debug][gc,refine      ] Activated worker 0, on threshold: 2702, current: 2816
[1.901s][debug][gc,refine      ] Deactivated worker 0, off threshold: 2190, current: 2048, refined cards: 768
[1.902s][debug][gc,refine      ] Activated worker 0, on threshold: 2702, current: 2816
[1.903s][debug][gc,refine      ] Deactivated worker 0, off threshold: 2190, current: 2048, refined cards: 768
[1.904s][debug][gc,refine      ] Activated worker 0, on threshold: 2702, current: 2816
[1.905s][debug][gc,refine      ] Deactivated worker 0, off threshold: 2190, current: 2048, refined cards: 768
[1.906s][debug][gc,refine      ] Activated worker 0, on threshold: 2702, current: 2816
[1.907s][debug][gc,refine      ] Deactivated worker 0, off threshold: 2190, current: 2048, refined cards: 768
[1.908s][debug][gc,refine      ] Activated worker 0, on threshold: 2702, current: 2816
[1.909s][debug][gc,refine      ] Deactivated worker 0, off threshold: 2190, current: 2048, refined cards: 768
[1.910s][debug][gc,refine      ] Activated worker 0, on threshold: 2702, current: 2816
[1.911s][debug][gc,refine      ] Deactivated worker 0, off threshold: 2190, current: 2048, refined cards: 768
[1.915s][debug][gc,refine      ] Activated worker 0, on threshold: 2702, current: 2816
[1.916s][debug][gc,refine      ] Deactivated worker 0, off threshold: 2190, current: 2048, refined cards: 768
[1.918s][debug][gc,refine      ] Activated worker 0, on threshold: 2702, current: 2816
[1.918s][debug][gc,refine      ] Deactivated worker 0, off threshold: 2190, current: 2048, refined cards: 768
[1.920s][debug][gc,refine      ] Activated worker 0, on threshold: 2702, current: 2816
[1.920s][debug][gc,refine      ] Deactivated worker 0, off threshold: 2190, current: 2048, refined cards: 768
[1.922s][debug][gc,refine      ] Activated worker 0, on threshold: 2702, current: 2816
[1.922s][debug][gc,refine      ] Deactivated worker 0, off threshold: 2190, current: 2048, refined cards: 768
[1.924s][debug][gc,refine      ] Activated worker 0, on threshold: 2702, current: 2816
[1.924s][debug][gc,refine      ] Deactivated worker 0, off threshold: 2190, current: 2048, refined cards: 768
[1.925s][debug][gc,task,start  ] G1 Service Thread (Remembered Set Sampling Task) (run)
[1.925s][debug][gc,task        ] G1 Service Thread (Remembered Set Sampling Task) (run) 0.031ms (cpu: 0.000ms)
[1.926s][debug][gc,refine      ] Activated worker 0, on threshold: 2702, current: 2816
[1.927s][debug][gc,refine      ] Deactivated worker 0, off threshold: 2190, current: 2048, refined cards: 768
[1.928s][debug][gc,refine      ] Activated worker 0, on threshold: 2702, current: 2816
[1.929s][debug][gc,refine      ] Deactivated worker 0, off threshold: 2190, current: 2048, refined cards: 768
[1.931s][debug][gc,refine      ] Activated worker 0, on threshold: 2702, current: 2816
[1.932s][debug][gc,refine      ] Deactivated worker 0, off threshold: 2190, current: 2048, refined cards: 1024
[1.934s][debug][gc,refine      ] Activated worker 0, on threshold: 2702, current: 2816
[1.934s][debug][gc,refine      ] Deactivated worker 0, off threshold: 2190, current: 2048, refined cards: 768
[1.936s][debug][gc,refine      ] Activated worker 0, on threshold: 2702, current: 2816
[1.937s][debug][gc,refine      ] Deactivated worker 0, off threshold: 2190, current: 2048, refined cards: 768
[1.939s][debug][gc,refine      ] Activated worker 0, on threshold: 2702, current: 2816
[1.939s][debug][gc,refine      ] Deactivated worker 0, off threshold: 2190, current: 2048, refined cards: 768
[1.941s][debug][gc,refine      ] Activated worker 0, on threshold: 2702, current: 2816
[1.942s][debug][gc,refine      ] Deactivated worker 0, off threshold: 2190, current: 2048, refined cards: 768
[1.943s][debug][gc,refine      ] Activated worker 0, on threshold: 2702, current: 2816
[1.944s][debug][gc,refine      ] Deactivated worker 0, off threshold: 2190, current: 2048, refined cards: 768
[1.945s][debug][gc,refine      ] Activated worker 0, on threshold: 2702, current: 2816
[1.946s][debug][gc,refine      ] Deactivated worker 0, off threshold: 2190, current: 2048, refined cards: 768
[1.948s][debug][gc,refine      ] Activated worker 0, on threshold: 2702, current: 2816
[1.949s][debug][gc,refine      ] Deactivated worker 0, off threshold: 2190, current: 2048, refined cards: 1024
[1.951s][debug][gc,refine      ] Activated worker 0, on threshold: 2702, current: 2816
[1.951s][debug][gc,refine      ] Deactivated worker 0, off threshold: 2190, current: 2048, refined cards: 768
[1.953s][debug][gc,refine      ] Activated worker 0, on threshold: 2702, current: 2816
[1.954s][debug][gc,refine      ] Deactivated worker 0, off threshold: 2190, current: 2048, refined cards: 1024
[1.956s][debug][gc,heap        ] GC(9) Heap before GC invocations=9 (full 0):
[1.956s][debug][gc,heap        ] GC(9)  garbage-first heap   total 1048576K, used 501760K [0x00000000c0000000, 0x0000000100000000)
[1.956s][debug][gc,heap        ] GC(9)   region size 1024K, 51 young (52224K), 7 survivors (7168K)
[1.956s][debug][gc,heap        ] GC(9)  Metaspace       used 482K, committed 640K, reserved 1056768K
[1.956s][debug][gc,heap        ] GC(9)   class space    used 37K, committed 128K, reserved 1048576K
[1.956s][info ][gc,start       ] GC(9) Pause Young (Normal) (G1 Evacuation Pause)
[1.956s][info ][gc,task        ] GC(9) Using 4 workers of 4 for evacuation
[1.956s][debug][gc,tlab        ] GC(9) TLAB totals: thrds: 1  refills: 132 max: 132 slow allocs: 0 max 0 waste:  0.2% gc: 0B max: 0B slow: 76032B max: 76032B
[1.956s][debug][gc,age         ] GC(9) Desired survivor size 3670016 bytes, new threshold 1 (max threshold 15)
[1.956s][debug][gc,refine      ] Activated worker 0, on threshold: 2702, current: 2780
[1.956s][debug][gc,refine,stats] GC(9) Mutator refinement: 0.00ms, refined: 0, precleaned: 0, dirtied: 22492
[1.956s][debug][gc,refine,stats] GC(9) Concurrent refinement: 18.27ms, refined: 23299, precleaned: 1024, dirtied: 0
[1.956s][debug][gc,refine,stats] GC(9) Total refinement: 18.27ms, refined: 23299, precleaned: 1024, dirtied: 22492
[1.956s][debug][gc,refine,stats] GC(9) Concurrent refinement rate: 1275.04 cards/ms
[1.956s][debug][gc,refine,stats] GC(9) Generate dirty cards rate: 317.21 cards/ms
[1.956s][debug][gc,alloc,region] GC(9) Mutator Allocation stats, regions: 44, wasted size: 0B ( 0.0%)
[1.956s][debug][gc,humongous   ] GC(9) Humongous region 0 (object size 640280 @ 0x00000000c0000000) remset 0 code roots 0 marked 0 reclaim candidate 0 type array 0
[1.956s][debug][gc,humongous   ] GC(9) Humongous region 1 (object size 960408 @ 0x00000000c0100000) remset 0 code roots 0 marked 0 reclaim candidate 0 type array 0
[1.957s][debug][gc,humongous   ] GC(9) Humongous region 11 (object size 4861968 @ 0x00000000c0b00000) remset 0 code roots 0 marked 0 reclaim candidate 0 type array 0
[1.957s][debug][gc,humongous   ] GC(9) Humongous region 7 (object size 3241320 @ 0x00000000c0700000) remset 0 code roots 0 marked 0 reclaim candidate 0 type array 0
[1.957s][debug][gc,humongous   ] GC(9) Humongous region 2 (object size 1440600 @ 0x00000000c0200000) remset 0 code roots 0 marked 0 reclaim candidate 0 type array 0
[1.957s][debug][gc,humongous   ] GC(9) Humongous region 4 (object size 2160888 @ 0x00000000c0400000) remset 0 code roots 0 marked 0 reclaim candidate 0 type array 0
[1.957s][debug][gc,humongous   ] GC(9) Humongous region 16 (object size 7292936 @ 0x00000000c1000000) remset 0 code roots 0 marked 0 reclaim candidate 0 type array 0
[1.957s][debug][gc,humongous   ] GC(9) Humongous region 23 (object size 10939400 @ 0x00000000c1700000) remset 0 code roots 0 marked 0 reclaim candidate 0 type array 0
[1.957s][debug][gc,humongous   ] GC(9) Humongous region 34 (object size 16409088 @ 0x00000000c2200000) remset 0 code roots 0 marked 0 reclaim candidate 0 type array 0
[1.957s][debug][gc,humongous   ] GC(9) Humongous region 88 (object size 24613616 @ 0x00000000c5800000) remset 1 code roots 0 marked 0 reclaim candidate 0 type array 0
[1.957s][debug][gc,humongous   ] GC(9) Humongous region 157 (object size 36920416 @ 0x00000000c9d00000) remset 1 code roots 0 marked 0 reclaim candidate 0 type array 0
[1.957s][debug][gc,ergo        ] GC(9) Running G1 Merge Heap Roots using 4 workers for 51 regions
[1.957s][debug][gc,remset      ] GC(9) Visited cards 23808 Total dirty 28672 (83.04%) Total old 1107968 (2.15%)
[1.999s][debug][gc,ref         ] GC(9) Skipped phase 1 of Reference Processing: no references
[1.999s][debug][gc,ref         ] GC(9) Skipped phase 2 of Reference Processing: no references
[1.999s][debug][gc,ref         ] GC(9) Skipped phase 3 of Reference Processing: no references
[1.999s][debug][gc,ref         ] GC(9) Skipped phase 4 of Reference Processing: no references
[1.999s][debug][gc,ergo        ] GC(9) Running G1 Rebuild Free List Task using 4 workers for rebuilding free list of regions
[1.999s][debug][gc,plab        ] GC(9) Young PLAB allocation: allocated: 7340032B, wasted: 336B, unused: 0B, used: 7339696B, undo waste: 0B, 
[2.000s][debug][gc,plab        ] GC(9) Young other allocation: region end waste: 0B, regions filled: 7, direct allocated: 0B, failure used: 0B, failure wasted: 0B
[2.000s][debug][gc,plab        ] GC(9) Young sizing: calculated: 1467936B, actual: 1467928B
[2.000s][debug][gc,plab        ] GC(9) Old PLAB allocation: allocated: 22544384B, wasted: 624B, unused: 1133776B, used: 21409984B, undo waste: 0B, 
[2.000s][debug][gc,plab        ] GC(9) Old other allocation: region end waste: 0B, regions filled: 22, direct allocated: 0B, failure used: 0B, failure wasted: 0B
[2.000s][debug][gc,plab        ] GC(9) Old sizing: calculated: 4281992B, actual: 5403096B
[2.000s][debug][gc,ergo,heap   ] GC(9) Heap expansion: short term pause time ratio 48.19% long term pause time ratio 29.87% threshold 7.69% pause time ratio 7.69% fully expanded true resize by 0B
[2.000s][debug][gc,ergo,ihop   ] GC(9) Request concurrent cycle initiation (occupancy higher than threshold) occupancy: 483393536B allocation request: 0B threshold: 483183820B (45.00) source: end of GC
[2.000s][debug][gc,mmu         ] GC(9) MMU: 110.7ms (200.0ms/201.0ms)
[2.000s][debug][gc,alloc,stats ] Old generation allocation in the last mutator period, old gen allocated: 22544384B, humongous allocated: 0B,old gen growth: 22544384B.
[2.000s][debug][gc,ihop        ] GC(9) Basic information (value update), threshold: 483183820B (45.00), target occupancy: 1073741824B, current occupancy: 490209280B, recent allocation size: 22544384B, recent allocation duration: 70.91ms, recent old gen allocation rate: 317946134.55B/s, recent marking phase length: 0.00ms
[2.000s][debug][gc,ihop        ] GC(9) Adaptive IHOP information (value update), threshold: 483183820B (52.94), internal target occupancy: 912680550B, occupancy: 490209280B, additional buffer size: 54525952B, predicted old gen allocation rate: 411536919.44B/s, predicted marking phase length: 0.00ms, prediction active: false
[2.000s][debug][gc,ergo,refine ] GC(9) Concurrent refinement times: Logged Cards Scan time goal: 20.00ms Logged Cards Scan time: 1.05ms HCC time: 0.00ms
[2.000s][debug][gc,ergo,refine ] GC(9) Updated Refinement Zones: green: 2409, yellow: 7227, red: 12045
[2.000s][info ][gc,phases      ] GC(9)   Pre Evacuate Collection Set: 0.5ms
[2.000s][debug][gc,phases      ] GC(9)     Prepare TLABs: 0.0ms
[2.000s][debug][gc,phases      ] GC(9)     Concatenate Dirty Card Logs: 0.0ms
[2.000s][debug][gc,phases      ] GC(9)     Choose Collection Set: 0.0ms
[2.000s][debug][gc,phases      ] GC(9)     Region Register: 0.4ms
[2.000s][debug][gc,phases      ] GC(9)     Prepare Heap Roots: 0.0ms
[2.000s][info ][gc,phases      ] GC(9)   Merge Heap Roots: 0.2ms
[2.000s][debug][gc,phases      ] GC(9)     Prepare Merge Heap Roots: 0.0ms
[2.000s][debug][gc,phases      ] GC(9)     Eager Reclaim (ms):            skipped
[2.000s][debug][gc,phases      ] GC(9)     Remembered Sets (ms):          Min:  0.1, Avg:  0.1, Max:  0.1, Diff:  0.0, Sum:  0.2, Workers: 4
[2.000s][debug][gc,phases      ] GC(9)       Merged Sparse:                 Min: 0, Avg:  0.0, Max: 0, Diff: 0, Sum: 0, Workers: 4
[2.000s][debug][gc,phases      ] GC(9)       Merged Fine:                   Min: 11, Avg: 14.0, Max: 21, Diff: 10, Sum: 56, Workers: 4
[2.000s][debug][gc,phases      ] GC(9)       Merged Coarse:                 Min: 0, Avg:  0.0, Max: 0, Diff: 0, Sum: 0, Workers: 4
[2.000s][debug][gc,phases      ] GC(9)       Dirty Cards:                   Min: 4346, Avg: 4664.3, Max: 4878, Diff: 532, Sum: 18657, Workers: 4
[2.000s][debug][gc,phases      ] GC(9)     Hot Card Cache (ms):           Min:  0.0, Avg:  0.0, Max:  0.0, Diff:  0.0, Sum:  0.0, Workers: 4
[2.000s][debug][gc,phases      ] GC(9)       Dirty Cards:                   Min: 120, Avg: 248.0, Max: 312, Diff: 192, Sum: 992, Workers: 4
[2.000s][debug][gc,phases      ] GC(9)       Skipped Cards:                 Min: 0, Avg:  0.0, Max: 0, Diff: 0, Sum: 0, Workers: 4
[2.000s][debug][gc,phases      ] GC(9)     Log Buffers (ms):              Min:  0.0, Avg:  0.0, Max:  0.0, Diff:  0.0, Sum:  0.0, Workers: 4
[2.001s][debug][gc,phases      ] GC(9)       Dirty Cards:                   Min: 504, Avg: 687.0, Max: 760, Diff: 256, Sum: 2748, Workers: 4
[2.001s][debug][gc,phases      ] GC(9)       Skipped Cards:                 Min: 0, Avg:  0.0, Max: 0, Diff: 0, Sum: 0, Workers: 4
[2.001s][info ][gc,phases      ] GC(9)   Evacuate Collection Set: 41.9ms
[2.001s][debug][gc,phases      ] GC(9)     Ext Root Scanning (ms):        Min:  0.0, Avg:  0.0, Max:  0.0, Diff:  0.0, Sum:  0.1, Workers: 4
[2.001s][debug][gc,phases      ] GC(9)     Scan Heap Roots (ms):          Min:  6.1, Avg:  8.5, Max: 11.7, Diff:  5.6, Sum: 33.8, Workers: 4
[2.001s][debug][gc,phases      ] GC(9)       Scanned Cards:                 Min: 4096, Avg: 5622.3, Max: 7962, Diff: 3866, Sum: 22489, Workers: 4
[2.001s][debug][gc,phases      ] GC(9)       Scanned Blocks:                Min: 16, Avg: 23.3, Max: 35, Diff: 19, Sum: 93, Workers: 4
[2.001s][debug][gc,phases      ] GC(9)       Claimed Chunks:                Min: 16, Avg: 23.3, Max: 35, Diff: 19, Sum: 93, Workers: 4
[2.001s][debug][gc,phases      ] GC(9)     Code Root Scan (ms):           Min:  0.0, Avg:  0.0, Max:  0.0, Diff:  0.0, Sum:  0.0, Workers: 4
[2.001s][debug][gc,phases      ] GC(9)     Object Copy (ms):              Min: 30.0, Avg: 33.3, Max: 35.6, Diff:  5.6, Sum: 133.1, Workers: 4
[2.001s][debug][gc,phases      ] GC(9)     Termination (ms):              Min:  0.0, Avg:  0.1, Max:  0.1, Diff:  0.1, Sum:  0.2, Workers: 4
[2.001s][debug][gc,phases      ] GC(9)       Termination Attempts:          Min: 1, Avg:  2.8, Max: 6, Diff: 5, Sum: 11, Workers: 4
[2.001s][debug][gc,phases      ] GC(9)     GC Worker Other (ms):          Min:  0.0, Avg:  0.0, Max:  0.0, Diff:  0.0, Sum:  0.1, Workers: 4
[2.001s][debug][gc,phases      ] GC(9)     GC Worker Total (ms):          Min: 41.8, Avg: 41.8, Max: 41.9, Diff:  0.1, Sum: 167.3, Workers: 4
[2.001s][info ][gc,phases      ] GC(9)   Post Evacuate Collection Set: 0.4ms
[2.001s][debug][gc,phases      ] GC(9)     Code Roots Fixup: 0.0ms
[2.001s][debug][gc,phases      ] GC(9)     Reference Processing: 0.2ms
[2.001s][debug][gc,phases,ref  ] GC(9)       Reconsider SoftReferences: 0.1ms
[2.001s][debug][gc,phases,ref  ] GC(9)         SoftRef (ms):                  skipped
[2.001s][debug][gc,phases,ref  ] GC(9)       Notify Soft/WeakReferences: 0.0ms
[2.001s][debug][gc,phases,ref  ] GC(9)         SoftRef (ms):                  skipped
[2.001s][debug][gc,phases,ref  ] GC(9)         WeakRef (ms):                  skipped
[2.001s][debug][gc,phases,ref  ] GC(9)         FinalRef (ms):                 skipped
[2.001s][debug][gc,phases,ref  ] GC(9)         Total (ms):                    skipped
[2.001s][debug][gc,phases,ref  ] GC(9)       Notify and keep alive finalizable: 0.0ms
[2.001s][debug][gc,phases,ref  ] GC(9)         FinalRef (ms):                 skipped
[2.001s][debug][gc,phases,ref  ] GC(9)       Notify PhantomReferences: 0.0ms
[2.001s][debug][gc,phases,ref  ] GC(9)         PhantomRef (ms):               skipped
[2.001s][debug][gc,phases,ref  ] GC(9)       SoftReference:
[2.001s][debug][gc,phases,ref  ] GC(9)         Discovered: 0
[2.001s][debug][gc,phases,ref  ] GC(9)         Cleared: 0
[2.001s][debug][gc,phases,ref  ] GC(9)       WeakReference:
[2.001s][debug][gc,phases,ref  ] GC(9)         Discovered: 0
[2.001s][debug][gc,phases,ref  ] GC(9)         Cleared: 0
[2.001s][debug][gc,phases,ref  ] GC(9)       FinalReference:
[2.001s][debug][gc,phases,ref  ] GC(9)         Discovered: 0
[2.001s][debug][gc,phases,ref  ] GC(9)         Cleared: 0
[2.001s][debug][gc,phases,ref  ] GC(9)       PhantomReference:
[2.001s][debug][gc,phases,ref  ] GC(9)         Discovered: 0
[2.001s][debug][gc,phases,ref  ] GC(9)         Cleared: 0
[2.001s][debug][gc,phases      ] GC(9)     Weak Processing: 0.0ms
[2.001s][debug][gc,phases      ] GC(9)       VM Weak                        Min:  0.0, Avg:  0.0, Max:  0.0, Diff:  0.0, Sum:  0.0, Workers: 3
[2.001s][debug][gc,phases      ] GC(9)         Dead                           Min: 0, Avg:  0.0, Max: 0, Diff: 0, Sum: 0, Workers: 3
[2.001s][debug][gc,phases      ] GC(9)         Total                          Min: 0, Avg:  4.7, Max: 14, Diff: 14, Sum: 14, Workers: 3
[2.001s][debug][gc,phases      ] GC(9)       ObjectSynchronizer Weak        Min:  0.0, Avg:  0.0, Max:  0.0, Diff:  0.0, Sum:  0.0, Workers: 3
[2.001s][debug][gc,phases      ] GC(9)         Dead                           Min: 0, Avg:  0.0, Max: 0, Diff: 0, Sum: 0, Workers: 3
[2.001s][debug][gc,phases      ] GC(9)         Total                          Min: 0, Avg:  1.0, Max: 3, Diff: 3, Sum: 3, Workers: 3
[2.001s][debug][gc,phases      ] GC(9)       JVMTI Tag Weak OopStorage      Min:  0.0, Avg:  0.0, Max:  0.0, Diff:  0.0, Sum:  0.0, Workers: 3
[2.001s][debug][gc,phases      ] GC(9)         Dead                           Min: 0, Avg:  0.0, Max: 0, Diff: 0, Sum: 0, Workers: 3
[2.001s][debug][gc,phases      ] GC(9)         Total                          Min: 0, Avg:  0.0, Max: 0, Diff: 0, Sum: 0, Workers: 3
[2.001s][debug][gc,phases      ] GC(9)       StringTable Weak               Min:  0.0, Avg:  0.0, Max:  0.0, Diff:  0.0, Sum:  0.0, Workers: 3
[2.001s][debug][gc,phases      ] GC(9)         Dead                           Min: 0, Avg:  0.0, Max: 0, Diff: 0, Sum: 0, Workers: 3
[2.001s][debug][gc,phases      ] GC(9)         Total                          Min: 704, Avg: 821.3, Max: 896, Diff: 192, Sum: 2464, Workers: 3
[2.001s][debug][gc,phases      ] GC(9)       ResolvedMethodTable Weak       Min:  0.0, Avg:  0.0, Max:  0.0, Diff:  0.0, Sum:  0.0, Workers: 3
[2.001s][debug][gc,phases      ] GC(9)         Dead                           Min: 0, Avg:  0.0, Max: 0, Diff: 0, Sum: 0, Workers: 3
[2.001s][debug][gc,phases      ] GC(9)         Total                          Min: 9, Avg: 45.7, Max: 64, Diff: 55, Sum: 137, Workers: 3
[2.002s][debug][gc,phases      ] GC(9)       JNI Weak                       Min:  0.0, Avg:  0.0, Max:  0.0, Diff:  0.0, Sum:  0.0, Workers: 3
[2.002s][debug][gc,phases      ] GC(9)         Dead                           Min: 0, Avg:  0.0, Max: 0, Diff: 0, Sum: 0, Workers: 3
[2.002s][debug][gc,phases      ] GC(9)         Total                          Min: 0, Avg:  0.0, Max: 0, Diff: 0, Sum: 0, Workers: 3
[2.002s][debug][gc,phases      ] GC(9)       StringDedup Table Weak         Min:  0.0, Avg:  0.0, Max:  0.0, Diff:  0.0, Sum:  0.0, Workers: 3
[2.002s][debug][gc,phases      ] GC(9)         Dead                           Min: 0, Avg:  0.0, Max: 0, Diff: 0, Sum: 0, Workers: 3
[2.002s][debug][gc,phases      ] GC(9)         Total                          Min: 0, Avg:  0.0, Max: 0, Diff: 0, Sum: 0, Workers: 3
[2.002s][debug][gc,phases      ] GC(9)       StringDedup Requests0 Weak     Min:  0.0, Avg:  0.0, Max:  0.0, Diff:  0.0, Sum:  0.0, Workers: 3
[2.002s][debug][gc,phases      ] GC(9)         Dead                           Min: 0, Avg:  0.0, Max: 0, Diff: 0, Sum: 0, Workers: 3
[2.002s][debug][gc,phases      ] GC(9)         Total                          Min: 0, Avg:  0.0, Max: 0, Diff: 0, Sum: 0, Workers: 3
[2.002s][debug][gc,phases      ] GC(9)       StringDedup Requests1 Weak     Min:  0.0, Avg:  0.0, Max:  0.0, Diff:  0.0, Sum:  0.0, Workers: 3
[2.002s][debug][gc,phases      ] GC(9)         Dead                           Min: 0, Avg:  0.0, Max: 0, Diff: 0, Sum: 0, Workers: 3
[2.002s][debug][gc,phases      ] GC(9)         Total                          Min: 0, Avg:  0.0, Max: 0, Diff: 0, Sum: 0, Workers: 3
[2.002s][debug][gc,phases      ] GC(9)       Weak JFR Old Object Samples    Min:  0.0, Avg:  0.0, Max:  0.0, Diff:  0.0, Sum:  0.0, Workers: 3
[2.002s][debug][gc,phases      ] GC(9)         Dead                           Min: 0, Avg:  0.0, Max: 0, Diff: 0, Sum: 0, Workers: 3
[2.002s][debug][gc,phases      ] GC(9)         Total                          Min: 0, Avg:  0.0, Max: 0, Diff: 0, Sum: 0, Workers: 3
[2.002s][debug][gc,phases      ] GC(9)     Post Evacuate Cleanup 1: 0.1ms
[2.002s][debug][gc,phases      ] GC(9)       Merge Per-Thread State (ms):   Min:  0.0, Avg:  0.0, Max:  0.0, Diff:  0.0, Sum:  0.0, Workers: 1
[2.002s][debug][gc,phases      ] GC(9)         Copied Bytes                   Min: 6605840, Avg: 7187420.0, Max: 7542400, Diff: 936560, Sum: 28749680, Workers: 4
[2.002s][debug][gc,phases      ] GC(9)         LAB Waste                      Min: 208, Avg: 240.0, Max: 256, Diff: 48, Sum: 960, Workers: 4
[2.002s][debug][gc,phases      ] GC(9)         LAB Undo Waste                 Min: 0, Avg:  0.0, Max: 0, Diff: 0, Sum: 0, Workers: 4
[2.002s][debug][gc,phases      ] GC(9)       Clear Logged Cards (ms):       Min:  0.0, Avg:  0.0, Max:  0.0, Diff:  0.0, Sum:  0.0, Workers: 3
[2.002s][debug][gc,phases      ] GC(9)       Recalculate Used Memory (ms):  Min:  0.0, Avg:  0.0, Max:  0.0, Diff:  0.0, Sum:  0.0, Workers: 1
[2.002s][debug][gc,phases      ] GC(9)     Post Evacuate Cleanup 2: 0.1ms
[2.002s][debug][gc,phases      ] GC(9)       Reset Hot Card Cache (ms):     Min:  0.0, Avg:  0.0, Max:  0.0, Diff:  0.0, Sum:  0.0, Workers: 1
[2.002s][debug][gc,phases      ] GC(9)       Purge Code Roots (ms):         Min:  0.0, Avg:  0.0, Max:  0.0, Diff:  0.0, Sum:  0.0, Workers: 1
[2.002s][debug][gc,phases      ] GC(9)       Update Derived Pointers (ms):  Min:  0.0, Avg:  0.0, Max:  0.0, Diff:  0.0, Sum:  0.0, Workers: 1
[2.002s][debug][gc,phases      ] GC(9)       Eagerly Reclaim Humongous Objects (ms): Min:  0.0, Avg:  0.0, Max:  0.0, Diff:  0.0, Sum:  0.0, Workers: 1
[2.002s][debug][gc,phases      ] GC(9)         Humongous Total                Min: 11, Avg: 11.0, Max: 11, Diff: 0, Sum: 11, Workers: 1
[2.002s][debug][gc,phases      ] GC(9)         Humongous Candidates           Min: 0, Avg:  0.0, Max: 0, Diff: 0, Sum: 0, Workers: 1
[2.002s][debug][gc,phases      ] GC(9)         Humongous Reclaimed            Min: 0, Avg:  0.0, Max: 0, Diff: 0, Sum: 0, Workers: 1
[2.002s][debug][gc,phases      ] GC(9)       Redirty Logged Cards (ms):     Min:  0.0, Avg:  0.0, Max:  0.0, Diff:  0.0, Sum:  0.0, Workers: 4
[2.002s][debug][gc,phases      ] GC(9)         Redirtied Cards:               Min: 0, Avg: 897.0, Max: 2254, Diff: 2254, Sum: 3588, Workers: 4
[2.002s][debug][gc,phases      ] GC(9)       Free Collection Set (ms):      Min:  0.0, Avg:  0.0, Max:  0.0, Diff:  0.0, Sum:  0.0, Workers: 4
[2.002s][debug][gc,phases      ] GC(9)     Rebuild Free List: 0.1ms
[2.002s][debug][gc,phases      ] GC(9)     Start New Collection Set: 0.0ms
[2.002s][debug][gc,phases      ] GC(9)     Resize TLABs: 0.0ms
[2.002s][debug][gc,phases      ] GC(9)     Expand Heap After Collection: 0.0ms
[2.002s][info ][gc,phases      ] GC(9)   Other: 1.3ms
[2.002s][info ][gc,heap        ] GC(9) Eden regions: 44->0(45)
[2.002s][info ][gc,heap        ] GC(9) Survivor regions: 7->7(7)
[2.002s][info ][gc,heap        ] GC(9) Old regions: 329->351
[2.002s][info ][gc,heap        ] GC(9) Archive regions: 0->0
[2.002s][info ][gc,heap        ] GC(9) Humongous regions: 110->110
[2.002s][info ][gc,metaspace   ] GC(9) Metaspace: 482K(640K)->482K(640K) NonClass: 445K(512K)->445K(512K) Class: 37K(128K)->37K(128K)
[2.002s][debug][gc,heap        ] GC(9) Heap after GC invocations=10 (full 0):
[2.002s][debug][gc,heap        ] GC(9)  garbage-first heap   total 1048576K, used 478720K [0x00000000c0000000, 0x0000000100000000)
[2.002s][debug][gc,heap        ] GC(9)   region size 1024K, 7 young (7168K), 7 survivors (7168K)
[2.002s][debug][gc,heap        ] GC(9)  Metaspace       used 482K, committed 640K, reserved 1056768K
[2.002s][debug][gc,heap        ] GC(9)   class space    used 37K, committed 128K, reserved 1048576K
[2.002s][info ][gc             ] GC(9) Pause Young (Normal) (G1 Evacuation Pause) 490M->467M(1024M) 46.256ms
[2.002s][info ][gc,cpu         ] GC(9) User=0.11s Sys=0.02s Real=0.05s
[2.003s][debug][gc,refine      ] Deactivated worker 0, off threshold: 2409, current: 2408, refined cards: 1180
[2.004s][debug][gc,refine      ] Activated worker 0, on threshold: 2921, current: 3176
[2.005s][debug][gc,refine      ] Deactivated worker 0, off threshold: 2409, current: 2305, refined cards: 1127
[2.007s][debug][gc,refine      ] Activated worker 0, on threshold: 2921, current: 3073
[2.008s][debug][gc,refine      ] Deactivated worker 0, off threshold: 2409, current: 2304, refined cards: 769
[2.010s][debug][gc,refine      ] Activated worker 0, on threshold: 2921, current: 3072
[2.011s][debug][gc,refine      ] Deactivated worker 0, off threshold: 2409, current: 2304, refined cards: 1024
[2.013s][debug][gc,refine      ] Activated worker 0, on threshold: 2921, current: 3072
[2.013s][debug][gc,refine      ] Deactivated worker 0, off threshold: 2409, current: 2304, refined cards: 768
[2.015s][debug][gc,refine      ] Activated worker 0, on threshold: 2921, current: 3072
[2.016s][debug][gc,refine      ] Deactivated worker 0, off threshold: 2409, current: 2304, refined cards: 1024
[2.018s][debug][gc,refine      ] Activated worker 0, on threshold: 2921, current: 3072
[2.018s][debug][gc,refine      ] Deactivated worker 0, off threshold: 2409, current: 2304, refined cards: 768
[2.020s][debug][gc,refine      ] Activated worker 0, on threshold: 2921, current: 3072
[2.020s][debug][gc,refine      ] Deactivated worker 0, off threshold: 2409, current: 2304, refined cards: 768
[2.022s][debug][gc,refine      ] Activated worker 0, on threshold: 2921, current: 3072
[2.022s][debug][gc,refine      ] Deactivated worker 0, off threshold: 2409, current: 2304, refined cards: 768
[2.024s][debug][gc,refine      ] Activated worker 0, on threshold: 2921, current: 3072
[2.024s][debug][gc,refine      ] Deactivated worker 0, off threshold: 2409, current: 2304, refined cards: 768
[2.026s][debug][gc,refine      ] Activated worker 0, on threshold: 2921, current: 3072
[2.027s][debug][gc,refine      ] Deactivated worker 0, off threshold: 2409, current: 2304, refined cards: 768
[2.028s][debug][gc,refine      ] Activated worker 0, on threshold: 2921, current: 3072
[2.029s][debug][gc,refine      ] Deactivated worker 0, off threshold: 2409, current: 2304, refined cards: 768
[2.030s][debug][gc,refine      ] Activated worker 0, on threshold: 2921, current: 3072
[2.031s][debug][gc,refine      ] Deactivated worker 0, off threshold: 2409, current: 2304, refined cards: 768
[2.032s][debug][gc,refine      ] Activated worker 0, on threshold: 2921, current: 3072
[2.033s][debug][gc,refine      ] Deactivated worker 0, off threshold: 2409, current: 2304, refined cards: 768
[2.034s][debug][gc,refine      ] Activated worker 0, on threshold: 2921, current: 3072
[2.035s][debug][gc,refine      ] Deactivated worker 0, off threshold: 2409, current: 2304, refined cards: 768
[2.036s][debug][gc,refine      ] Activated worker 0, on threshold: 2921, current: 3072
[2.037s][debug][gc,refine      ] Deactivated worker 0, off threshold: 2409, current: 2304, refined cards: 1024
[2.039s][debug][gc,refine      ] Activated worker 0, on threshold: 2921, current: 3072
[2.040s][debug][gc,refine      ] Deactivated worker 0, off threshold: 2409, current: 2304, refined cards: 768
[2.041s][debug][gc,refine      ] Activated worker 0, on threshold: 2921, current: 3072
[2.042s][debug][gc,refine      ] Deactivated worker 0, off threshold: 2409, current: 2304, refined cards: 768
[2.043s][debug][gc,refine      ] Activated worker 0, on threshold: 2921, current: 3072
[2.044s][debug][gc,refine      ] Deactivated worker 0, off threshold: 2409, current: 2304, refined cards: 768
[2.045s][debug][gc,refine      ] Activated worker 0, on threshold: 2921, current: 3072
[2.046s][debug][gc,refine      ] Deactivated worker 0, off threshold: 2409, current: 2304, refined cards: 768
[2.048s][debug][gc,refine      ] Activated worker 0, on threshold: 2921, current: 3072
[2.048s][debug][gc,refine      ] Deactivated worker 0, off threshold: 2409, current: 2304, refined cards: 768
[2.050s][debug][gc,refine      ] Activated worker 0, on threshold: 2921, current: 3072
[2.051s][debug][gc,refine      ] Deactivated worker 0, off threshold: 2409, current: 2304, refined cards: 1024
[2.053s][debug][gc,refine      ] Activated worker 0, on threshold: 2921, current: 3072
[2.053s][debug][gc,refine      ] Deactivated worker 0, off threshold: 2409, current: 2304, refined cards: 768
[2.055s][debug][gc,refine      ] Activated worker 0, on threshold: 2921, current: 3072
[2.055s][debug][gc,refine      ] Deactivated worker 0, off threshold: 2409, current: 2304, refined cards: 768
[2.057s][debug][gc,refine      ] Activated worker 0, on threshold: 2921, current: 3072
[2.059s][debug][gc,refine      ] Deactivated worker 0, off threshold: 2409, current: 2304, refined cards: 1024
[2.060s][debug][gc,refine      ] Activated worker 0, on threshold: 2921, current: 3072
[2.061s][debug][gc,refine      ] Deactivated worker 0, off threshold: 2409, current: 2304, refined cards: 768
[2.062s][debug][gc,refine      ] Activated worker 0, on threshold: 2921, current: 3072
[2.063s][debug][gc,refine      ] Deactivated worker 0, off threshold: 2409, current: 2304, refined cards: 768
[2.065s][debug][gc,refine      ] Activated worker 0, on threshold: 2921, current: 3072
[2.065s][debug][gc,refine      ] Deactivated worker 0, off threshold: 2409, current: 2304, refined cards: 768
[2.067s][debug][gc,heap        ] GC(10) Heap before GC invocations=10 (full 0):
[2.067s][debug][gc,heap        ] GC(10)  garbage-first heap   total 1048576K, used 524800K [0x00000000c0000000, 0x0000000100000000)
[2.067s][debug][gc,heap        ] GC(10)   region size 1024K, 52 young (53248K), 7 survivors (7168K)
[2.067s][debug][gc,heap        ] GC(10)  Metaspace       used 482K, committed 640K, reserved 1056768K
[2.067s][debug][gc,heap        ] GC(10)   class space    used 37K, committed 128K, reserved 1048576K
[2.067s][debug][gc,ergo        ] GC(10) Initiate concurrent cycle (concurrent cycle initiation requested)
[2.067s][info ][gc,start       ] GC(10) Pause Young (Concurrent Start) (G1 Evacuation Pause)
[2.067s][info ][gc,task        ] GC(10) Using 4 workers of 4 for evacuation
[2.067s][debug][gc,tlab        ] GC(10) TLAB totals: thrds: 1  refills: 135 max: 135 slow allocs: 0 max 0 waste:  0.2% gc: 0B max: 0B slow: 77768B max: 77768B
[2.067s][debug][gc,age         ] GC(10) Desired survivor size 3670016 bytes, new threshold 1 (max threshold 15)
[2.067s][debug][gc,refine      ] Activated worker 0, on threshold: 2921, current: 3035
[2.067s][debug][gc,refine,stats] GC(10) Mutator refinement: 0.00ms, refined: 0, precleaned: 0, dirtied: 23003
[2.067s][debug][gc,refine,stats] GC(10) Concurrent refinement: 19.18ms, refined: 23556, precleaned: 1024, dirtied: 0
[2.067s][debug][gc,refine,stats] GC(10) Total refinement: 19.18ms, refined: 23556, precleaned: 1024, dirtied: 23003
[2.067s][debug][gc,refine,stats] GC(10) Concurrent refinement rate: 1228.09 cards/ms
[2.067s][debug][gc,refine,stats] GC(10) Generate dirty cards rate: 342.23 cards/ms
[2.067s][debug][gc,alloc,region] GC(10) Mutator Allocation stats, regions: 45, wasted size: 0B ( 0.0%)
[2.067s][debug][gc,humongous   ] GC(10) Humongous region 0 (object size 640280 @ 0x00000000c0000000) remset 0 code roots 0 marked 0 reclaim candidate 0 type array 0
[2.067s][debug][gc,humongous   ] GC(10) Humongous region 1 (object size 960408 @ 0x00000000c0100000) remset 0 code roots 0 marked 0 reclaim candidate 0 type array 0
[2.067s][debug][gc,humongous   ] GC(10) Humongous region 2 (object size 1440600 @ 0x00000000c0200000) remset 0 code roots 0 marked 0 reclaim candidate 0 type array 0
[2.067s][debug][gc,humongous   ] GC(10) Humongous region 7 (object size 3241320 @ 0x00000000c0700000) remset 0 code roots 0 marked 0 reclaim candidate 0 type array 0
[2.067s][debug][gc,humongous   ] GC(10) Humongous region 4 (object size 2160888 @ 0x00000000c0400000) remset 0 code roots 0 marked 0 reclaim candidate 0 type array 0
[2.067s][debug][gc,humongous   ] GC(10) Humongous region 11 (object size 4861968 @ 0x00000000c0b00000) remset 0 code roots 0 marked 0 reclaim candidate 0 type array 0
[2.067s][debug][gc,humongous   ] GC(10) Humongous region 16 (object size 7292936 @ 0x00000000c1000000) remset 0 code roots 0 marked 0 reclaim candidate 0 type array 0
[2.067s][debug][gc,humongous   ] GC(10) Humongous region 23 (object size 10939400 @ 0x00000000c1700000) remset 0 code roots 0 marked 0 reclaim candidate 0 type array 0
[2.067s][debug][gc,humongous   ] GC(10) Humongous region 34 (object size 16409088 @ 0x00000000c2200000) remset 0 code roots 0 marked 0 reclaim candidate 0 type array 0
[2.067s][debug][gc,humongous   ] GC(10) Humongous region 88 (object size 24613616 @ 0x00000000c5800000) remset 1 code roots 0 marked 0 reclaim candidate 0 type array 0
[2.067s][debug][gc,humongous   ] GC(10) Humongous region 157 (object size 36920416 @ 0x00000000c9d00000) remset 1 code roots 0 marked 0 reclaim candidate 0 type array 0
[2.068s][debug][gc,ergo        ] GC(10) Running G1 Merge Heap Roots using 4 workers for 52 regions
[2.068s][debug][gc,remset      ] GC(10) Visited cards 27392 Total dirty 34816 (78.68%) Total old 1157120 (2.37%)
[2.099s][debug][gc,task,start  ] G1 Service Thread (Periodic GC Task) (run)
[2.099s][debug][gc,task        ] G1 Service Thread (Periodic GC Task) (run) 0.063ms (cpu: 0.000ms)
[2.140s][debug][gc,ref         ] GC(10) Skipped phase 1 of Reference Processing: no references
[2.140s][debug][gc,ref         ] GC(10) Skipped phase 2 of Reference Processing: no references
[2.140s][debug][gc,ref         ] GC(10) Skipped phase 3 of Reference Processing: no references
[2.140s][debug][gc,ref         ] GC(10) Skipped phase 4 of Reference Processing: no references
[2.141s][debug][gc,ergo        ] GC(10) Running G1 Rebuild Free List Task using 4 workers for rebuilding free list of regions
[2.141s][debug][gc,plab        ] GC(10) Young PLAB allocation: allocated: 7340032B, wasted: 336B, unused: 0B, used: 7339696B, undo waste: 0B, 
[2.141s][debug][gc,plab        ] GC(10) Young other allocation: region end waste: 0B, regions filled: 7, direct allocated: 0B, failure used: 0B, failure wasted: 0B
[2.141s][debug][gc,plab        ] GC(10) Young sizing: calculated: 1467936B, actual: 1467936B
[2.141s][debug][gc,plab        ] GC(10) Old PLAB allocation: allocated: 48758784B, wasted: 1424B, unused: 1650080B, used: 47107280B, undo waste: 0B, 
[2.141s][debug][gc,plab        ] GC(10) Old other allocation: region end waste: 0B, regions filled: 47, direct allocated: 0B, failure used: 0B, failure wasted: 0B
[2.141s][debug][gc,plab        ] GC(10) Old sizing: calculated: 9421456B, actual: 8416864B
[2.141s][debug][gc,ergo,heap   ] GC(10) Heap expansion: short term pause time ratio 38.06% long term pause time ratio 30.34% threshold 7.69% pause time ratio 7.69% fully expanded true resize by 0B
[2.141s][debug][gc,mmu         ] GC(10) MMU: 117.5ms (200.0ms/201.0ms)
[2.141s][debug][gc,alloc,stats ] Old generation allocation in the last mutator period, old gen allocated: 48758784B, humongous allocated: 0B,old gen growth: 48758784B.
[2.141s][debug][gc,ihop        ] GC(10) Basic information (value update), threshold: 483183820B (45.00), target occupancy: 1073741824B, current occupancy: 538968064B, recent allocation size: 48758784B, recent allocation duration: 67.22ms, recent old gen allocation rate: 725408744.40B/s, recent marking phase length: 0.00ms
[2.141s][debug][gc,ihop        ] GC(10) Adaptive IHOP information (value update), threshold: 483183820B (52.94), internal target occupancy: 912680550B, occupancy: 538968064B, additional buffer size: 56623104B, predicted old gen allocation rate: 440658476.57B/s, predicted marking phase length: 0.00ms, prediction active: false
[2.141s][debug][gc,ergo,refine ] GC(10) Concurrent refinement times: Logged Cards Scan time goal: 19.99ms Logged Cards Scan time: 1.21ms HCC time: 0.01ms
[2.141s][debug][gc,ergo,refine ] GC(10) Updated Refinement Zones: green: 2649, yellow: 7947, red: 13245
[2.141s][info ][gc,phases      ] GC(10)   Pre Evacuate Collection Set: 0.4ms
[2.141s][debug][gc,phases      ] GC(10)     Prepare TLABs: 0.0ms
[2.141s][debug][gc,phases      ] GC(10)     Concatenate Dirty Card Logs: 0.0ms
[2.141s][debug][gc,phases      ] GC(10)     Choose Collection Set: 0.0ms
[2.141s][debug][gc,phases      ] GC(10)     Region Register: 0.4ms
[2.141s][debug][gc,phases      ] GC(10)     Prepare Heap Roots: 0.0ms
[2.141s][debug][gc,phases      ] GC(10)     Clear Claimed Marks: 0.0ms
[2.141s][info ][gc,phases      ] GC(10)   Merge Heap Roots: 0.2ms
[2.141s][debug][gc,phases      ] GC(10)     Prepare Merge Heap Roots: 0.0ms
[2.141s][debug][gc,phases      ] GC(10)     Eager Reclaim (ms):            skipped
[2.141s][debug][gc,phases      ] GC(10)     Remembered Sets (ms):          Min:  0.1, Avg:  0.1, Max:  0.1, Diff:  0.0, Sum:  0.2, Workers: 4
[2.141s][debug][gc,phases      ] GC(10)       Merged Sparse:                 Min: 0, Avg:  0.3, Max: 1, Diff: 1, Sum: 1, Workers: 4
[2.142s][debug][gc,phases      ] GC(10)       Merged Fine:                   Min: 14, Avg: 17.3, Max: 26, Diff: 12, Sum: 69, Workers: 4
[2.142s][debug][gc,phases      ] GC(10)       Merged Coarse:                 Min: 0, Avg:  0.0, Max: 0, Diff: 0, Sum: 0, Workers: 4
[2.142s][debug][gc,phases      ] GC(10)       Dirty Cards:                   Min: 5616, Avg: 5625.8, Max: 5645, Diff: 29, Sum: 22503, Workers: 4
[2.142s][debug][gc,phases      ] GC(10)     Hot Card Cache (ms):           Min:  0.0, Avg:  0.0, Max:  0.0, Diff:  0.0, Sum:  0.0, Workers: 4
[2.142s][debug][gc,phases      ] GC(10)       Dirty Cards:                   Min: 216, Avg: 248.0, Max: 280, Diff: 64, Sum: 992, Workers: 4
[2.142s][debug][gc,phases      ] GC(10)       Skipped Cards:                 Min: 0, Avg:  0.0, Max: 0, Diff: 0, Sum: 0, Workers: 4
[2.142s][debug][gc,phases      ] GC(10)     Log Buffers (ms):              Min:  0.0, Avg:  0.0, Max:  0.0, Diff:  0.0, Sum:  0.1, Workers: 4
[2.142s][debug][gc,phases      ] GC(10)       Dirty Cards:                   Min: 504, Avg: 750.8, Max: 979, Diff: 475, Sum: 3003, Workers: 4
[2.142s][debug][gc,phases      ] GC(10)       Skipped Cards:                 Min: 0, Avg:  0.0, Max: 0, Diff: 0, Sum: 0, Workers: 4
[2.142s][info ][gc,phases      ] GC(10)   Evacuate Collection Set: 72.5ms
[2.142s][debug][gc,phases      ] GC(10)     Ext Root Scanning (ms):        Min:  0.0, Avg:  0.0, Max:  0.1, Diff:  0.1, Sum:  0.2, Workers: 4
[2.142s][debug][gc,phases      ] GC(10)     Scan Heap Roots (ms):          Min:  9.3, Avg: 10.6, Max: 13.5, Diff:  4.2, Sum: 42.4, Workers: 4
[2.142s][debug][gc,phases      ] GC(10)       Scanned Cards:                 Min: 6504, Avg: 6647.8, Max: 6875, Diff: 371, Sum: 26591, Workers: 4
[2.142s][debug][gc,phases      ] GC(10)       Scanned Blocks:                Min: 26, Avg: 26.8, Max: 28, Diff: 2, Sum: 107, Workers: 4
[2.142s][debug][gc,phases      ] GC(10)       Claimed Chunks:                Min: 26, Avg: 26.8, Max: 28, Diff: 2, Sum: 107, Workers: 4
[2.142s][debug][gc,phases      ] GC(10)     Code Root Scan (ms):           Min:  0.0, Avg:  0.0, Max:  0.0, Diff:  0.0, Sum:  0.0, Workers: 4
[2.142s][debug][gc,phases      ] GC(10)     Object Copy (ms):              Min: 59.0, Avg: 61.8, Max: 63.1, Diff:  4.1, Sum: 247.2, Workers: 4
[2.142s][debug][gc,phases      ] GC(10)     Termination (ms):              Min:  0.0, Avg:  0.0, Max:  0.0, Diff:  0.0, Sum:  0.0, Workers: 4
[2.142s][debug][gc,phases      ] GC(10)       Termination Attempts:          Min: 1, Avg:  1.3, Max: 2, Diff: 1, Sum: 5, Workers: 4
[2.142s][debug][gc,phases      ] GC(10)     GC Worker Other (ms):          Min:  0.0, Avg:  0.0, Max:  0.0, Diff:  0.0, Sum:  0.1, Workers: 4
[2.142s][debug][gc,phases      ] GC(10)     GC Worker Total (ms):          Min: 72.5, Avg: 72.5, Max: 72.5, Diff:  0.0, Sum: 289.8, Workers: 4
[2.142s][info ][gc,phases      ] GC(10)   Post Evacuate Collection Set: 0.4ms
[2.142s][debug][gc,phases      ] GC(10)     Code Roots Fixup: 0.0ms
[2.142s][debug][gc,phases      ] GC(10)     Reference Processing: 0.2ms
[2.142s][debug][gc,phases,ref  ] GC(10)       Reconsider SoftReferences: 0.1ms
[2.142s][debug][gc,phases,ref  ] GC(10)         SoftRef (ms):                  skipped
[2.142s][debug][gc,phases,ref  ] GC(10)       Notify Soft/WeakReferences: 0.0ms
[2.142s][debug][gc,phases,ref  ] GC(10)         SoftRef (ms):                  skipped
[2.142s][debug][gc,phases,ref  ] GC(10)         WeakRef (ms):                  skipped
[2.142s][debug][gc,phases,ref  ] GC(10)         FinalRef (ms):                 skipped
[2.142s][debug][gc,phases,ref  ] GC(10)         Total (ms):                    skipped
[2.142s][debug][gc,phases,ref  ] GC(10)       Notify and keep alive finalizable: 0.0ms
[2.142s][debug][gc,phases,ref  ] GC(10)         FinalRef (ms):                 skipped
[2.142s][debug][gc,phases,ref  ] GC(10)       Notify PhantomReferences: 0.0ms
[2.142s][debug][gc,phases,ref  ] GC(10)         PhantomRef (ms):               skipped
[2.142s][debug][gc,phases,ref  ] GC(10)       SoftReference:
[2.142s][debug][gc,phases,ref  ] GC(10)         Discovered: 0
[2.142s][debug][gc,phases,ref  ] GC(10)         Cleared: 0
[2.142s][debug][gc,phases,ref  ] GC(10)       WeakReference:
[2.142s][debug][gc,phases,ref  ] GC(10)         Discovered: 0
[2.142s][debug][gc,phases,ref  ] GC(10)         Cleared: 0
[2.142s][debug][gc,phases,ref  ] GC(10)       FinalReference:
[2.142s][debug][gc,phases,ref  ] GC(10)         Discovered: 0
[2.142s][debug][gc,phases,ref  ] GC(10)         Cleared: 0
[2.142s][debug][gc,phases,ref  ] GC(10)       PhantomReference:
[2.142s][debug][gc,phases,ref  ] GC(10)         Discovered: 0
[2.142s][debug][gc,phases,ref  ] GC(10)         Cleared: 0
[2.142s][debug][gc,phases      ] GC(10)     Weak Processing: 0.0ms
[2.142s][debug][gc,phases      ] GC(10)       VM Weak                        Min:  0.0, Avg:  0.0, Max:  0.0, Diff:  0.0, Sum:  0.0, Workers: 3
[2.142s][debug][gc,phases      ] GC(10)         Dead                           Min: 0, Avg:  0.0, Max: 0, Diff: 0, Sum: 0, Workers: 3
[2.142s][debug][gc,phases      ] GC(10)         Total                          Min: 0, Avg:  4.7, Max: 14, Diff: 14, Sum: 14, Workers: 3
[2.142s][debug][gc,phases      ] GC(10)       ObjectSynchronizer Weak        Min:  0.0, Avg:  0.0, Max:  0.0, Diff:  0.0, Sum:  0.0, Workers: 3
[2.142s][debug][gc,phases      ] GC(10)         Dead                           Min: 0, Avg:  0.0, Max: 0, Diff: 0, Sum: 0, Workers: 3
[2.142s][debug][gc,phases      ] GC(10)         Total                          Min: 0, Avg:  1.0, Max: 3, Diff: 3, Sum: 3, Workers: 3
[2.142s][debug][gc,phases      ] GC(10)       JVMTI Tag Weak OopStorage      Min:  0.0, Avg:  0.0, Max:  0.0, Diff:  0.0, Sum:  0.0, Workers: 3
[2.142s][debug][gc,phases      ] GC(10)         Dead                           Min: 0, Avg:  0.0, Max: 0, Diff: 0, Sum: 0, Workers: 3
[2.142s][debug][gc,phases      ] GC(10)         Total                          Min: 0, Avg:  0.0, Max: 0, Diff: 0, Sum: 0, Workers: 3
[2.142s][debug][gc,phases      ] GC(10)       StringTable Weak               Min:  0.0, Avg:  0.0, Max:  0.0, Diff:  0.0, Sum:  0.0, Workers: 3
[2.142s][debug][gc,phases      ] GC(10)         Dead                           Min: 0, Avg:  0.0, Max: 0, Diff: 0, Sum: 0, Workers: 3
[2.143s][debug][gc,phases      ] GC(10)         Total                          Min: 448, Avg: 821.3, Max: 1024, Diff: 576, Sum: 2464, Workers: 3
[2.143s][debug][gc,phases      ] GC(10)       ResolvedMethodTable Weak       Min:  0.0, Avg:  0.0, Max:  0.0, Diff:  0.0, Sum:  0.0, Workers: 3
[2.143s][debug][gc,phases      ] GC(10)         Dead                           Min: 0, Avg:  0.0, Max: 0, Diff: 0, Sum: 0, Workers: 3
[2.143s][debug][gc,phases      ] GC(10)         Total                          Min: 9, Avg: 45.7, Max: 64, Diff: 55, Sum: 137, Workers: 3
[2.143s][debug][gc,phases      ] GC(10)       JNI Weak                       Min:  0.0, Avg:  0.0, Max:  0.0, Diff:  0.0, Sum:  0.0, Workers: 3
[2.143s][debug][gc,phases      ] GC(10)         Dead                           Min: 0, Avg:  0.0, Max: 0, Diff: 0, Sum: 0, Workers: 3
[2.143s][debug][gc,phases      ] GC(10)         Total                          Min: 0, Avg:  0.0, Max: 0, Diff: 0, Sum: 0, Workers: 3
[2.143s][debug][gc,phases      ] GC(10)       StringDedup Table Weak         Min:  0.0, Avg:  0.0, Max:  0.0, Diff:  0.0, Sum:  0.0, Workers: 3
[2.143s][debug][gc,phases      ] GC(10)         Dead                           Min: 0, Avg:  0.0, Max: 0, Diff: 0, Sum: 0, Workers: 3
[2.143s][debug][gc,phases      ] GC(10)         Total                          Min: 0, Avg:  0.0, Max: 0, Diff: 0, Sum: 0, Workers: 3
[2.143s][debug][gc,phases      ] GC(10)       StringDedup Requests0 Weak     Min:  0.0, Avg:  0.0, Max:  0.0, Diff:  0.0, Sum:  0.0, Workers: 3
[2.143s][debug][gc,phases      ] GC(10)         Dead                           Min: 0, Avg:  0.0, Max: 0, Diff: 0, Sum: 0, Workers: 3
[2.143s][debug][gc,phases      ] GC(10)         Total                          Min: 0, Avg:  0.0, Max: 0, Diff: 0, Sum: 0, Workers: 3
[2.143s][debug][gc,phases      ] GC(10)       StringDedup Requests1 Weak     Min:  0.0, Avg:  0.0, Max:  0.0, Diff:  0.0, Sum:  0.0, Workers: 3
[2.143s][debug][gc,phases      ] GC(10)         Dead                           Min: 0, Avg:  0.0, Max: 0, Diff: 0, Sum: 0, Workers: 3
[2.143s][debug][gc,phases      ] GC(10)         Total                          Min: 0, Avg:  0.0, Max: 0, Diff: 0, Sum: 0, Workers: 3
[2.143s][debug][gc,phases      ] GC(10)       Weak JFR Old Object Samples    Min:  0.0, Avg:  0.0, Max:  0.0, Diff:  0.0, Sum:  0.0, Workers: 3
[2.143s][debug][gc,phases      ] GC(10)         Dead                           Min: 0, Avg:  0.0, Max: 0, Diff: 0, Sum: 0, Workers: 3
[2.143s][debug][gc,phases      ] GC(10)         Total                          Min: 0, Avg:  0.0, Max: 0, Diff: 0, Sum: 0, Workers: 3
[2.143s][debug][gc,phases      ] GC(10)     Post Evacuate Cleanup 1: 0.0ms
[2.143s][debug][gc,phases      ] GC(10)       Merge Per-Thread State (ms):   Min:  0.0, Avg:  0.0, Max:  0.0, Diff:  0.0, Sum:  0.0, Workers: 1
[2.143s][debug][gc,phases      ] GC(10)         Copied Bytes                   Min: 13328064, Avg: 13611744.0, Max: 14076304, Diff: 748240, Sum: 54446976, Workers: 4
[2.143s][debug][gc,phases      ] GC(10)         LAB Waste                      Min: 400, Avg: 440.0, Max: 464, Diff: 64, Sum: 1760, Workers: 4
[2.143s][debug][gc,phases      ] GC(10)         LAB Undo Waste                 Min: 0, Avg:  0.0, Max: 0, Diff: 0, Sum: 0, Workers: 4
[2.143s][debug][gc,phases      ] GC(10)       Clear Logged Cards (ms):       Min:  0.0, Avg:  0.0, Max:  0.0, Diff:  0.0, Sum:  0.0, Workers: 3
[2.143s][debug][gc,phases      ] GC(10)       Recalculate Used Memory (ms):  Min:  0.0, Avg:  0.0, Max:  0.0, Diff:  0.0, Sum:  0.0, Workers: 1
[2.143s][debug][gc,phases      ] GC(10)     Post Evacuate Cleanup 2: 0.1ms
[2.143s][debug][gc,phases      ] GC(10)       Reset Hot Card Cache (ms):     Min:  0.0, Avg:  0.0, Max:  0.0, Diff:  0.0, Sum:  0.0, Workers: 1
[2.143s][debug][gc,phases      ] GC(10)       Purge Code Roots (ms):         Min:  0.0, Avg:  0.0, Max:  0.0, Diff:  0.0, Sum:  0.0, Workers: 1
[2.143s][debug][gc,phases      ] GC(10)       Update Derived Pointers (ms):  Min:  0.0, Avg:  0.0, Max:  0.0, Diff:  0.0, Sum:  0.0, Workers: 1
[2.143s][debug][gc,phases      ] GC(10)       Eagerly Reclaim Humongous Objects (ms): Min:  0.0, Avg:  0.0, Max:  0.0, Diff:  0.0, Sum:  0.0, Workers: 1
[2.143s][debug][gc,phases      ] GC(10)         Humongous Total                Min: 11, Avg: 11.0, Max: 11, Diff: 0, Sum: 11, Workers: 1
[2.143s][debug][gc,phases      ] GC(10)         Humongous Candidates           Min: 0, Avg:  0.0, Max: 0, Diff: 0, Sum: 0, Workers: 1
[2.143s][debug][gc,phases      ] GC(10)         Humongous Reclaimed            Min: 0, Avg:  0.0, Max: 0, Diff: 0, Sum: 0, Workers: 1
[2.143s][debug][gc,phases      ] GC(10)       Redirty Logged Cards (ms):     Min:  0.0, Avg:  0.0, Max:  0.0, Diff:  0.0, Sum:  0.0, Workers: 4
[2.143s][debug][gc,phases      ] GC(10)         Redirtied Cards:               Min: 0, Avg: 896.8, Max: 1486, Diff: 1486, Sum: 3587, Workers: 4
[2.143s][debug][gc,phases      ] GC(10)       Free Collection Set (ms):      Min:  0.0, Avg:  0.0, Max:  0.0, Diff:  0.0, Sum:  0.0, Workers: 4
[2.143s][debug][gc,phases      ] GC(10)     Rebuild Free List: 0.1ms
[2.143s][debug][gc,phases      ] GC(10)     Start New Collection Set: 0.0ms
[2.143s][debug][gc,phases      ] GC(10)     Resize TLABs: 0.0ms
[2.143s][debug][gc,phases      ] GC(10)     Expand Heap After Collection: 0.0ms
[2.143s][info ][gc,phases      ] GC(10)   Other: 1.0ms
[2.143s][info ][gc,heap        ] GC(10) Eden regions: 45->0(47)
[2.143s][info ][gc,heap        ] GC(10) Survivor regions: 7->7(7)
[2.143s][info ][gc,heap        ] GC(10) Old regions: 351->397
[2.143s][info ][gc,heap        ] GC(10) Archive regions: 0->0
[2.143s][info ][gc,heap        ] GC(10) Humongous regions: 110->110
[2.143s][info ][gc,metaspace   ] GC(10) Metaspace: 482K(640K)->482K(640K) NonClass: 445K(512K)->445K(512K) Class: 37K(128K)->37K(128K)
[2.143s][debug][gc,heap        ] GC(10) Heap after GC invocations=11 (full 0):
[2.144s][debug][gc,heap        ] GC(10)  garbage-first heap   total 1048576K, used 526336K [0x00000000c0000000, 0x0000000100000000)
[2.144s][debug][gc,heap        ] GC(10)   region size 1024K, 7 young (7168K), 7 survivors (7168K)
[2.144s][debug][gc,heap        ] GC(10)  Metaspace       used 482K, committed 640K, reserved 1056768K
[2.144s][debug][gc,heap        ] GC(10)   class space    used 37K, committed 128K, reserved 1048576K
[2.144s][info ][gc             ] GC(10) Pause Young (Concurrent Start) (G1 Evacuation Pause) 512M->514M(1024M) 76.704ms
[2.144s][info ][gc,cpu         ] GC(10) User=0.20s Sys=0.03s Real=0.08s
[2.144s][info ][gc             ] GC(11) Concurrent Mark Cycle
[2.144s][debug][gc,refine      ] Deactivated worker 0, off threshold: 2649, current: 2613, refined cards: 974
[2.144s][info ][gc,marking     ] GC(11) Concurrent Clear Claimed Marks
[2.144s][info ][gc,marking     ] GC(11) Concurrent Clear Claimed Marks 0.062ms
[2.144s][info ][gc,marking     ] GC(11) Concurrent Scan Root Regions
[2.144s][debug][gc,ergo        ] GC(11) Running G1 Root Region Scan using 1 workers for 54 work units.
[2.147s][debug][gc,refine      ] Activated worker 0, on threshold: 3161, current: 3381
[2.148s][debug][gc,refine      ] Deactivated worker 0, off threshold: 2649, current: 2407, refined cards: 974
[2.150s][debug][gc,refine      ] Activated worker 0, on threshold: 3161, current: 3175
[2.151s][debug][gc,refine      ] Deactivated worker 0, off threshold: 2649, current: 2560, refined cards: 615
[2.153s][debug][gc,refine      ] Activated worker 0, on threshold: 3161, current: 3328
[2.154s][debug][gc,refine      ] Deactivated worker 0, off threshold: 2649, current: 2560, refined cards: 768
[2.155s][debug][gc,refine      ] Activated worker 0, on threshold: 3161, current: 3328
[2.157s][debug][gc,refine      ] Deactivated worker 0, off threshold: 2649, current: 2560, refined cards: 768
[2.159s][debug][gc,refine      ] Activated worker 0, on threshold: 3161, current: 3328
[2.160s][debug][gc,refine      ] Deactivated worker 0, off threshold: 2649, current: 2560, refined cards: 1024
[2.162s][debug][gc,refine      ] Activated worker 0, on threshold: 3161, current: 3328
[2.163s][debug][gc,refine      ] Deactivated worker 0, off threshold: 2649, current: 2560, refined cards: 768
[2.164s][debug][gc,refine      ] Activated worker 0, on threshold: 3161, current: 3328
[2.165s][debug][gc,refine      ] Deactivated worker 0, off threshold: 2649, current: 2560, refined cards: 768
[2.167s][debug][gc,refine      ] Activated worker 0, on threshold: 3161, current: 3328
[2.168s][debug][gc,refine      ] Deactivated worker 0, off threshold: 2649, current: 2560, refined cards: 768
[2.170s][debug][gc,refine      ] Activated worker 0, on threshold: 3161, current: 3328
[2.171s][debug][gc,refine      ] Deactivated worker 0, off threshold: 2649, current: 2560, refined cards: 768
[2.173s][debug][gc,refine      ] Activated worker 0, on threshold: 3161, current: 3328
[2.174s][info ][gc,marking     ] GC(11) Concurrent Scan Root Regions 29.977ms
[2.174s][info ][gc,marking     ] GC(11) Concurrent Mark
[2.174s][info ][gc,marking     ] GC(11) Concurrent Mark From Roots
[2.174s][info ][gc,task        ] GC(11) Using 1 workers of 1 for marking
[2.174s][debug][gc,refine      ] Deactivated worker 0, off threshold: 2649, current: 2560, refined cards: 1024
[2.176s][debug][gc,refine      ] Activated worker 0, on threshold: 3161, current: 3328
[2.177s][debug][gc,refine      ] Deactivated worker 0, off threshold: 2649, current: 2560, refined cards: 768
[2.178s][debug][gc,refine      ] Activated worker 0, on threshold: 3161, current: 3328
[2.180s][debug][gc,refine      ] Deactivated worker 0, off threshold: 2649, current: 2560, refined cards: 1024
[2.181s][debug][gc,refine      ] Activated worker 0, on threshold: 3161, current: 3328
[2.182s][debug][gc,refine      ] Deactivated worker 0, off threshold: 2649, current: 2560, refined cards: 1024
[2.184s][debug][gc,refine      ] Activated worker 0, on threshold: 3161, current: 3328
[2.185s][debug][gc,refine      ] Deactivated worker 0, off threshold: 2649, current: 2560, refined cards: 768
[2.187s][debug][gc,refine      ] Activated worker 0, on threshold: 3161, current: 3328
[2.188s][debug][gc,task,start  ] G1 Service Thread (Remembered Set Sampling Task) (run)
[2.188s][debug][gc,task        ] G1 Service Thread (Remembered Set Sampling Task) (run) 0.044ms (cpu: 0.000ms)
[2.188s][debug][gc,refine      ] Deactivated worker 0, off threshold: 2649, current: 2560, refined cards: 768
[2.189s][debug][gc,refine      ] Activated worker 0, on threshold: 3161, current: 3328
[2.190s][debug][gc,refine      ] Deactivated worker 0, off threshold: 2649, current: 2560, refined cards: 768
[2.192s][debug][gc,refine      ] Activated worker 0, on threshold: 3161, current: 3328
[2.193s][debug][gc,refine      ] Deactivated worker 0, off threshold: 2649, current: 2560, refined cards: 768
[2.239s][debug][gc,refine      ] Activated worker 0, on threshold: 3161, current: 3328
[2.239s][debug][gc,refine      ] Deactivated worker 0, off threshold: 2649, current: 2560, refined cards: 768
[2.242s][debug][gc,refine      ] Activated worker 0, on threshold: 3161, current: 3328
[2.243s][debug][gc,refine      ] Deactivated worker 0, off threshold: 2649, current: 2560, refined cards: 768
[2.245s][debug][gc,refine      ] Activated worker 0, on threshold: 3161, current: 3328
[2.246s][debug][gc,refine      ] Deactivated worker 0, off threshold: 2649, current: 2560, refined cards: 768
[2.248s][debug][gc,refine      ] Activated worker 0, on threshold: 3161, current: 3328
[2.249s][debug][gc,refine      ] Deactivated worker 0, off threshold: 2649, current: 2560, refined cards: 768
[2.251s][debug][gc,refine      ] Activated worker 0, on threshold: 3161, current: 3328
[2.252s][debug][gc,refine      ] Deactivated worker 0, off threshold: 2649, current: 2560, refined cards: 768
[2.254s][debug][gc,refine      ] Activated worker 0, on threshold: 3161, current: 3328
[2.255s][debug][gc,refine      ] Deactivated worker 0, off threshold: 2649, current: 2560, refined cards: 768
[2.257s][debug][gc,refine      ] Activated worker 0, on threshold: 3161, current: 3328
[2.258s][debug][gc,refine      ] Deactivated worker 0, off threshold: 2649, current: 2560, refined cards: 768
[2.261s][debug][gc,refine      ] Activated worker 0, on threshold: 3161, current: 3328
[2.262s][debug][gc,refine      ] Deactivated worker 0, off threshold: 2649, current: 2560, refined cards: 768
[2.264s][debug][gc,refine      ] Activated worker 0, on threshold: 3161, current: 3328
[2.265s][debug][gc,refine      ] Deactivated worker 0, off threshold: 2649, current: 2560, refined cards: 768
[2.267s][debug][gc,refine      ] Activated worker 0, on threshold: 3161, current: 3328
[2.268s][debug][gc,refine      ] Deactivated worker 0, off threshold: 2649, current: 2560, refined cards: 768
[2.269s][debug][gc,refine      ] Activated worker 0, on threshold: 3161, current: 3328
[2.270s][debug][gc,refine      ] Deactivated worker 0, off threshold: 2649, current: 2560, refined cards: 768
[2.272s][debug][gc,refine      ] Activated worker 0, on threshold: 3161, current: 3328
[2.273s][debug][gc,refine      ] Deactivated worker 0, off threshold: 2649, current: 2560, refined cards: 768
[2.274s][debug][gc,heap        ] GC(12) Heap before GC invocations=11 (full 0):
[2.274s][debug][gc,heap        ] GC(12)  garbage-first heap   total 1048576K, used 574464K [0x00000000c0000000, 0x0000000100000000)
[2.275s][debug][gc,heap        ] GC(12)   region size 1024K, 54 young (55296K), 7 survivors (7168K)
[2.275s][debug][gc,heap        ] GC(12)  Metaspace       used 482K, committed 640K, reserved 1056768K
[2.275s][debug][gc,heap        ] GC(12)   class space    used 37K, committed 128K, reserved 1048576K
[2.275s][info ][gc,start       ] GC(12) Pause Young (Normal) (G1 Evacuation Pause)
[2.275s][info ][gc,task        ] GC(12) Using 4 workers of 4 for evacuation
[2.275s][debug][gc,tlab        ] GC(12) TLAB totals: thrds: 1  refills: 141 max: 141 slow allocs: 0 max 0 waste:  0.2% gc: 0B max: 0B slow: 81216B max: 81216B
[2.275s][debug][gc,age         ] GC(12) Desired survivor size 3670016 bytes, new threshold 1 (max threshold 15)
[2.275s][debug][gc,refine      ] Activated worker 0, on threshold: 3161, current: 3318
[2.275s][debug][gc,refine,stats] GC(12) Mutator refinement: 0.00ms, refined: 0, precleaned: 0, dirtied: 24054
[2.275s][debug][gc,refine,stats] GC(12) Concurrent refinement: 24.48ms, refined: 24323, precleaned: 1024, dirtied: 0
[2.275s][debug][gc,refine,stats] GC(12) Total refinement: 24.48ms, refined: 24323, precleaned: 1024, dirtied: 24054
[2.275s][debug][gc,refine,stats] GC(12) Concurrent refinement rate: 993.58 cards/ms
[2.275s][debug][gc,refine,stats] GC(12) Generate dirty cards rate: 179.79 cards/ms
[2.275s][debug][gc,alloc,region] GC(12) Mutator Allocation stats, regions: 47, wasted size: 0B ( 0.0%)
[2.275s][debug][gc,humongous   ] GC(12) Humongous region 0 (object size 640280 @ 0x00000000c0000000) remset 0 code roots 0 marked 0 reclaim candidate 0 type array 0
[2.275s][debug][gc,humongous   ] GC(12) Humongous region 2 (object size 1440600 @ 0x00000000c0200000) remset 0 code roots 0 marked 0 reclaim candidate 0 type array 0
[2.275s][debug][gc,humongous   ] GC(12) Humongous region 1 (object size 960408 @ 0x00000000c0100000) remset 0 code roots 0 marked 0 reclaim candidate 0 type array 0
[2.275s][debug][gc,humongous   ] GC(12) Humongous region 4 (object size 2160888 @ 0x00000000c0400000) remset 0 code roots 0 marked 0 reclaim candidate 0 type array 0
[2.275s][debug][gc,humongous   ] GC(12) Humongous region 7 (object size 3241320 @ 0x00000000c0700000) remset 0 code roots 0 marked 0 reclaim candidate 0 type array 0
[2.275s][debug][gc,humongous   ] GC(12) Humongous region 11 (object size 4861968 @ 0x00000000c0b00000) remset 0 code roots 0 marked 0 reclaim candidate 0 type array 0
[2.275s][debug][gc,humongous   ] GC(12) Humongous region 16 (object size 7292936 @ 0x00000000c1000000) remset 0 code roots 0 marked 0 reclaim candidate 0 type array 0
[2.275s][debug][gc,humongous   ] GC(12) Humongous region 23 (object size 10939400 @ 0x00000000c1700000) remset 0 code roots 0 marked 0 reclaim candidate 0 type array 0
[2.275s][debug][gc,humongous   ] GC(12) Humongous region 34 (object size 16409088 @ 0x00000000c2200000) remset 0 code roots 0 marked 0 reclaim candidate 0 type array 0
[2.275s][debug][gc,humongous   ] GC(12) Humongous region 88 (object size 24613616 @ 0x00000000c5800000) remset 1 code roots 0 marked 0 reclaim candidate 0 type array 0
[2.275s][debug][gc,humongous   ] GC(12) Humongous region 157 (object size 36920416 @ 0x00000000c9d00000) remset 1 code roots 0 marked 1 reclaim candidate 0 type array 0
[2.275s][debug][gc,ergo        ] GC(12) Running G1 Merge Heap Roots using 4 workers for 54 regions
[2.275s][debug][gc,remset      ] GC(12) Visited cards 24832 Total dirty 30720 (80.83%) Total old 1259520 (1.97%)
[2.303s][debug][gc,ref         ] GC(12) Skipped phase 1 of Reference Processing: no references
[2.303s][debug][gc,ref         ] GC(12) Skipped phase 2 of Reference Processing: no references
[2.303s][debug][gc,ref         ] GC(12) Skipped phase 3 of Reference Processing: no references
[2.303s][debug][gc,ref         ] GC(12) Skipped phase 4 of Reference Processing: no references
[2.303s][debug][gc,ergo        ] GC(12) Running G1 Rebuild Free List Task using 4 workers for rebuilding free list of regions
[2.303s][debug][gc,plab        ] GC(12) Young PLAB allocation: allocated: 7340032B, wasted: 448B, unused: 0B, used: 7339584B, undo waste: 0B, 
[2.303s][debug][gc,plab        ] GC(12) Young other allocation: region end waste: 0B, regions filled: 7, direct allocated: 0B, failure used: 0B, failure wasted: 0B
[2.303s][debug][gc,plab        ] GC(12) Young sizing: calculated: 1467912B, actual: 1467912B
[2.303s][debug][gc,plab        ] GC(12) Old PLAB allocation: allocated: 13631488B, wasted: 352B, unused: 1511904B, used: 12119232B, undo waste: 0B, 
[2.303s][debug][gc,plab        ] GC(12) Old other allocation: region end waste: 0B, regions filled: 13, direct allocated: 0B, failure used: 0B, failure wasted: 0B
[2.303s][debug][gc,plab        ] GC(12) Old sizing: calculated: 2423840B, actual: 3922096B
[2.304s][debug][gc,ergo,heap   ] GC(12) Heap expansion: short term pause time ratio 52.37% long term pause time ratio 41.39% threshold 7.69% pause time ratio 7.69% fully expanded true resize by 0B
[2.304s][debug][gc,mmu         ] GC(12) MMU: 67.2ms (200.0ms/201.0ms)
[2.304s][debug][gc,alloc,stats ] Old generation allocation in the last mutator period, old gen allocated: 13631488B, humongous allocated: 0B,old gen growth: 13631488B.
[2.304s][debug][gc,ihop        ] GC(12) Basic information (value update), threshold: 483183820B (45.00), target occupancy: 1073741824B, current occupancy: 552599552B, recent allocation size: 13631488B, recent allocation duration: 133.79ms, recent old gen allocation rate: 101890090.31B/s, recent marking phase length: 0.00ms
[2.304s][debug][gc,ihop        ] GC(12) Adaptive IHOP information (value update), threshold: 483183820B (52.94), internal target occupancy: 912680550B, occupancy: 552599552B, additional buffer size: 68157440B, predicted old gen allocation rate: 430530612.31B/s, predicted marking phase length: 0.00ms, prediction active: false
[2.304s][debug][gc,ergo,refine ] GC(12) Concurrent refinement times: Logged Cards Scan time goal: 20.00ms Logged Cards Scan time: 0.87ms HCC time: 0.00ms
[2.304s][debug][gc,ergo,refine ] GC(12) Updated Refinement Zones: green: 2913, yellow: 8739, red: 14565
[2.304s][info ][gc,phases      ] GC(12)   Pre Evacuate Collection Set: 0.4ms
[2.304s][debug][gc,phases      ] GC(12)     Prepare TLABs: 0.0ms
[2.304s][debug][gc,phases      ] GC(12)     Concatenate Dirty Card Logs: 0.0ms
[2.304s][debug][gc,phases      ] GC(12)     Choose Collection Set: 0.0ms
[2.304s][debug][gc,phases      ] GC(12)     Region Register: 0.4ms
[2.304s][debug][gc,phases      ] GC(12)     Prepare Heap Roots: 0.0ms
[2.304s][info ][gc,phases      ] GC(12)   Merge Heap Roots: 0.2ms
[2.304s][debug][gc,phases      ] GC(12)     Prepare Merge Heap Roots: 0.0ms
[2.304s][debug][gc,phases      ] GC(12)     Eager Reclaim (ms):            skipped
[2.304s][debug][gc,phases      ] GC(12)     Remembered Sets (ms):          Min:  0.0, Avg:  0.0, Max:  0.1, Diff:  0.1, Sum:  0.2, Workers: 4
[2.304s][debug][gc,phases      ] GC(12)       Merged Sparse:                 Min: 0, Avg:  0.0, Max: 0, Diff: 0, Sum: 0, Workers: 4
[2.304s][debug][gc,phases      ] GC(12)       Merged Fine:                   Min: 0, Avg: 15.0, Max: 27, Diff: 27, Sum: 60, Workers: 4
[2.304s][debug][gc,phases      ] GC(12)       Merged Coarse:                 Min: 0, Avg:  0.0, Max: 0, Diff: 0, Sum: 0, Workers: 4
[2.304s][debug][gc,phases      ] GC(12)       Dirty Cards:                   Min: 0, Avg: 4812.5, Max: 6714, Diff: 6714, Sum: 19250, Workers: 4
[2.304s][debug][gc,phases      ] GC(12)     Hot Card Cache (ms):           Min:  0.0, Avg:  0.0, Max:  0.0, Diff:  0.0, Sum:  0.0, Workers: 4
[2.304s][debug][gc,phases      ] GC(12)       Dirty Cards:                   Min: 0, Avg: 250.0, Max: 408, Diff: 408, Sum: 1000, Workers: 4
[2.304s][debug][gc,phases      ] GC(12)       Skipped Cards:                 Min: 0, Avg:  0.0, Max: 0, Diff: 0, Sum: 0, Workers: 4
[2.304s][debug][gc,phases      ] GC(12)     Log Buffers (ms):              Min:  0.0, Avg:  0.0, Max:  0.0, Diff:  0.0, Sum:  0.1, Workers: 4
[2.304s][debug][gc,phases      ] GC(12)       Dirty Cards:                   Min: 0, Avg: 823.5, Max: 1272, Diff: 1272, Sum: 3294, Workers: 4
[2.304s][debug][gc,phases      ] GC(12)       Skipped Cards:                 Min: 0, Avg:  0.0, Max: 0, Diff: 0, Sum: 0, Workers: 4
[2.304s][info ][gc,phases      ] GC(12)   Evacuate Collection Set: 27.5ms
[2.304s][debug][gc,phases      ] GC(12)     Ext Root Scanning (ms):        Min:  0.0, Avg:  0.0, Max:  0.0, Diff:  0.0, Sum:  0.1, Workers: 4
[2.304s][debug][gc,phases      ] GC(12)     Scan Heap Roots (ms):          Min:  4.4, Avg:  6.1, Max:  8.4, Diff:  4.0, Sum: 24.5, Workers: 4
[2.304s][debug][gc,phases      ] GC(12)       Scanned Cards:                 Min: 4433, Avg: 5903.3, Max: 6430, Diff: 1997, Sum: 23613, Workers: 4
[2.304s][debug][gc,phases      ] GC(12)       Scanned Blocks:                Min: 18, Avg: 27.5, Max: 40, Diff: 22, Sum: 110, Workers: 4
[2.304s][debug][gc,phases      ] GC(12)       Claimed Chunks:                Min: 18, Avg: 24.3, Max: 27, Diff: 9, Sum: 97, Workers: 4
[2.304s][debug][gc,phases      ] GC(12)     Code Root Scan (ms):           Min:  0.0, Avg:  0.0, Max:  0.0, Diff:  0.0, Sum:  0.0, Workers: 4
[2.304s][debug][gc,phases      ] GC(12)     Object Copy (ms):              Min: 18.9, Avg: 21.0, Max: 22.4, Diff:  3.5, Sum: 84.1, Workers: 4
[2.305s][debug][gc,phases      ] GC(12)     Termination (ms):              Min:  0.0, Avg:  0.0, Max:  0.1, Diff:  0.1, Sum:  0.1, Workers: 4
[2.305s][debug][gc,phases      ] GC(12)       Termination Attempts:          Min: 1, Avg:  5.8, Max: 11, Diff: 10, Sum: 23, Workers: 4
[2.305s][debug][gc,phases      ] GC(12)     GC Worker Other (ms):          Min:  0.0, Avg:  0.0, Max:  0.0, Diff:  0.0, Sum:  0.0, Workers: 4
[2.305s][debug][gc,phases      ] GC(12)     GC Worker Total (ms):          Min: 26.9, Avg: 27.2, Max: 27.4, Diff:  0.6, Sum: 108.9, Workers: 4
[2.305s][info ][gc,phases      ] GC(12)   Post Evacuate Collection Set: 0.4ms
[2.305s][debug][gc,phases      ] GC(12)     Code Roots Fixup: 0.0ms
[2.305s][debug][gc,phases      ] GC(12)     Reference Processing: 0.1ms
[2.305s][debug][gc,phases,ref  ] GC(12)       Reconsider SoftReferences: 0.1ms
[2.305s][debug][gc,phases,ref  ] GC(12)         SoftRef (ms):                  skipped
[2.305s][debug][gc,phases,ref  ] GC(12)       Notify Soft/WeakReferences: 0.0ms
[2.305s][debug][gc,phases,ref  ] GC(12)         SoftRef (ms):                  skipped
[2.305s][debug][gc,phases,ref  ] GC(12)         WeakRef (ms):                  skipped
[2.305s][debug][gc,phases,ref  ] GC(12)         FinalRef (ms):                 skipped
[2.305s][debug][gc,phases,ref  ] GC(12)         Total (ms):                    skipped
[2.305s][debug][gc,phases,ref  ] GC(12)       Notify and keep alive finalizable: 0.0ms
[2.305s][debug][gc,phases,ref  ] GC(12)         FinalRef (ms):                 skipped
[2.305s][debug][gc,phases,ref  ] GC(12)       Notify PhantomReferences: 0.0ms
[2.305s][debug][gc,phases,ref  ] GC(12)         PhantomRef (ms):               skipped
[2.305s][debug][gc,phases,ref  ] GC(12)       SoftReference:
[2.305s][debug][gc,phases,ref  ] GC(12)         Discovered: 0
[2.305s][debug][gc,phases,ref  ] GC(12)         Cleared: 0
[2.305s][debug][gc,phases,ref  ] GC(12)       WeakReference:
[2.305s][debug][gc,phases,ref  ] GC(12)         Discovered: 0
[2.305s][debug][gc,phases,ref  ] GC(12)         Cleared: 0
[2.305s][debug][gc,phases,ref  ] GC(12)       FinalReference:
[2.305s][debug][gc,phases,ref  ] GC(12)         Discovered: 0
[2.305s][debug][gc,phases,ref  ] GC(12)         Cleared: 0
[2.305s][debug][gc,phases,ref  ] GC(12)       PhantomReference:
[2.305s][debug][gc,phases,ref  ] GC(12)         Discovered: 0
[2.305s][debug][gc,phases,ref  ] GC(12)         Cleared: 0
[2.305s][debug][gc,phases      ] GC(12)     Weak Processing: 0.1ms
[2.305s][debug][gc,phases      ] GC(12)       VM Weak                        Min:  0.0, Avg:  0.0, Max:  0.0, Diff:  0.0, Sum:  0.0, Workers: 3
[2.305s][debug][gc,phases      ] GC(12)         Dead                           Min: 0, Avg:  0.0, Max: 0, Diff: 0, Sum: 0, Workers: 3
[2.305s][debug][gc,phases      ] GC(12)         Total                          Min: 0, Avg:  4.7, Max: 14, Diff: 14, Sum: 14, Workers: 3
[2.305s][debug][gc,phases      ] GC(12)       ObjectSynchronizer Weak        Min:  0.0, Avg:  0.0, Max:  0.0, Diff:  0.0, Sum:  0.0, Workers: 3
[2.305s][debug][gc,phases      ] GC(12)         Dead                           Min: 0, Avg:  0.0, Max: 0, Diff: 0, Sum: 0, Workers: 3
[2.305s][debug][gc,phases      ] GC(12)         Total                          Min: 0, Avg:  1.0, Max: 3, Diff: 3, Sum: 3, Workers: 3
[2.305s][debug][gc,phases      ] GC(12)       JVMTI Tag Weak OopStorage      Min:  0.0, Avg:  0.0, Max:  0.0, Diff:  0.0, Sum:  0.0, Workers: 3
[2.305s][debug][gc,phases      ] GC(12)         Dead                           Min: 0, Avg:  0.0, Max: 0, Diff: 0, Sum: 0, Workers: 3
[2.305s][debug][gc,phases      ] GC(12)         Total                          Min: 0, Avg:  0.0, Max: 0, Diff: 0, Sum: 0, Workers: 3
[2.305s][debug][gc,phases      ] GC(12)       StringTable Weak               Min:  0.0, Avg:  0.0, Max:  0.0, Diff:  0.0, Sum:  0.0, Workers: 3
[2.305s][debug][gc,phases      ] GC(12)         Dead                           Min: 0, Avg:  0.0, Max: 0, Diff: 0, Sum: 0, Workers: 3
[2.305s][debug][gc,phases      ] GC(12)         Total                          Min: 256, Avg: 821.3, Max: 1536, Diff: 1280, Sum: 2464, Workers: 3
[2.305s][debug][gc,phases      ] GC(12)       ResolvedMethodTable Weak       Min:  0.0, Avg:  0.0, Max:  0.0, Diff:  0.0, Sum:  0.0, Workers: 3
[2.306s][debug][gc,phases      ] GC(12)         Dead                           Min: 0, Avg:  0.0, Max: 0, Diff: 0, Sum: 0, Workers: 3
[2.306s][debug][gc,phases      ] GC(12)         Total                          Min: 9, Avg: 45.7, Max: 64, Diff: 55, Sum: 137, Workers: 3
[2.306s][debug][gc,phases      ] GC(12)       JNI Weak                       Min:  0.0, Avg:  0.0, Max:  0.0, Diff:  0.0, Sum:  0.0, Workers: 3
[2.306s][debug][gc,phases      ] GC(12)         Dead                           Min: 0, Avg:  0.0, Max: 0, Diff: 0, Sum: 0, Workers: 3
[2.306s][debug][gc,phases      ] GC(12)         Total                          Min: 0, Avg:  0.0, Max: 0, Diff: 0, Sum: 0, Workers: 3
[2.306s][debug][gc,phases      ] GC(12)       StringDedup Table Weak         Min:  0.0, Avg:  0.0, Max:  0.0, Diff:  0.0, Sum:  0.0, Workers: 3
[2.306s][debug][gc,phases      ] GC(12)         Dead                           Min: 0, Avg:  0.0, Max: 0, Diff: 0, Sum: 0, Workers: 3
[2.306s][debug][gc,phases      ] GC(12)         Total                          Min: 0, Avg:  0.0, Max: 0, Diff: 0, Sum: 0, Workers: 3
[2.306s][debug][gc,phases      ] GC(12)       StringDedup Requests0 Weak     Min:  0.0, Avg:  0.0, Max:  0.0, Diff:  0.0, Sum:  0.0, Workers: 3
[2.306s][debug][gc,phases      ] GC(12)         Dead                           Min: 0, Avg:  0.0, Max: 0, Diff: 0, Sum: 0, Workers: 3
[2.306s][debug][gc,phases      ] GC(12)         Total                          Min: 0, Avg:  0.0, Max: 0, Diff: 0, Sum: 0, Workers: 3
[2.306s][debug][gc,phases      ] GC(12)       StringDedup Requests1 Weak     Min:  0.0, Avg:  0.0, Max:  0.0, Diff:  0.0, Sum:  0.0, Workers: 3
[2.306s][debug][gc,phases      ] GC(12)         Dead                           Min: 0, Avg:  0.0, Max: 0, Diff: 0, Sum: 0, Workers: 3
[2.306s][debug][gc,phases      ] GC(12)         Total                          Min: 0, Avg:  0.0, Max: 0, Diff: 0, Sum: 0, Workers: 3
[2.306s][debug][gc,phases      ] GC(12)       Weak JFR Old Object Samples    Min:  0.0, Avg:  0.0, Max:  0.0, Diff:  0.0, Sum:  0.0, Workers: 3
[2.306s][debug][gc,phases      ] GC(12)         Dead                           Min: 0, Avg:  0.0, Max: 0, Diff: 0, Sum: 0, Workers: 3
[2.306s][debug][gc,phases      ] GC(12)         Total                          Min: 0, Avg:  0.0, Max: 0, Diff: 0, Sum: 0, Workers: 3
[2.306s][debug][gc,phases      ] GC(12)     Post Evacuate Cleanup 1: 0.0ms
[2.306s][debug][gc,phases      ] GC(12)       Merge Per-Thread State (ms):   Min:  0.0, Avg:  0.0, Max:  0.0, Diff:  0.0, Sum:  0.0, Workers: 1
[2.306s][debug][gc,phases      ] GC(12)         Copied Bytes                   Min: 4264048, Avg: 4864704.0, Max: 5281680, Diff: 1017632, Sum: 19458816, Workers: 4
[2.306s][debug][gc,phases      ] GC(12)         LAB Waste                      Min: 168, Avg: 200.0, Max: 224, Diff: 56, Sum: 800, Workers: 4
[2.306s][debug][gc,phases      ] GC(12)         LAB Undo Waste                 Min: 0, Avg:  0.0, Max: 0, Diff: 0, Sum: 0, Workers: 4
[2.306s][debug][gc,phases      ] GC(12)       Clear Logged Cards (ms):       Min:  0.0, Avg:  0.0, Max:  0.0, Diff:  0.0, Sum:  0.0, Workers: 3
[2.306s][debug][gc,phases      ] GC(12)       Recalculate Used Memory (ms):  Min:  0.0, Avg:  0.0, Max:  0.0, Diff:  0.0, Sum:  0.0, Workers: 1
[2.306s][debug][gc,phases      ] GC(12)     Post Evacuate Cleanup 2: 0.1ms
[2.306s][debug][gc,phases      ] GC(12)       Reset Hot Card Cache (ms):     Min:  0.0, Avg:  0.0, Max:  0.0, Diff:  0.0, Sum:  0.0, Workers: 1
[2.306s][debug][gc,phases      ] GC(12)       Purge Code Roots (ms):         Min:  0.0, Avg:  0.0, Max:  0.0, Diff:  0.0, Sum:  0.0, Workers: 1
[2.306s][debug][gc,phases      ] GC(12)       Update Derived Pointers (ms):  Min:  0.0, Avg:  0.0, Max:  0.0, Diff:  0.0, Sum:  0.0, Workers: 1
[2.307s][debug][gc,phases      ] GC(12)       Eagerly Reclaim Humongous Objects (ms): Min:  0.0, Avg:  0.0, Max:  0.0, Diff:  0.0, Sum:  0.0, Workers: 1
[2.307s][debug][gc,phases      ] GC(12)         Humongous Total                Min: 11, Avg: 11.0, Max: 11, Diff: 0, Sum: 11, Workers: 1
[2.307s][debug][gc,phases      ] GC(12)         Humongous Candidates           Min: 0, Avg:  0.0, Max: 0, Diff: 0, Sum: 0, Workers: 1
[2.307s][debug][gc,phases      ] GC(12)         Humongous Reclaimed            Min: 0, Avg:  0.0, Max: 0, Diff: 0, Sum: 0, Workers: 1
[2.307s][debug][gc,phases      ] GC(12)       Redirty Logged Cards (ms):     Min:  0.0, Avg:  0.0, Max:  0.0, Diff:  0.0, Sum:  0.0, Workers: 4
[2.307s][debug][gc,phases      ] GC(12)         Redirtied Cards:               Min: 0, Avg: 897.0, Max: 2307, Diff: 2307, Sum: 3588, Workers: 4
[2.307s][debug][gc,phases      ] GC(12)       Free Collection Set (ms):      Min:  0.0, Avg:  0.0, Max:  0.0, Diff:  0.0, Sum:  0.1, Workers: 4
[2.307s][debug][gc,phases      ] GC(12)     Rebuild Free List: 0.1ms
[2.307s][debug][gc,phases      ] GC(12)     Start New Collection Set: 0.0ms
[2.307s][debug][gc,phases      ] GC(12)     Resize TLABs: 0.0ms
[2.307s][debug][gc,phases      ] GC(12)     Expand Heap After Collection: 0.0ms
[2.307s][info ][gc,phases      ] GC(12)   Other: 0.8ms
[2.307s][info ][gc,heap        ] GC(12) Eden regions: 47->0(58)
[2.307s][info ][gc,heap        ] GC(12) Survivor regions: 7->7(7)
[2.307s][info ][gc,heap        ] GC(12) Old regions: 397->410
[2.307s][info ][gc,heap        ] GC(12) Archive regions: 0->0
[2.307s][info ][gc,heap        ] GC(12) Humongous regions: 110->110
[2.307s][info ][gc,metaspace   ] GC(12) Metaspace: 482K(640K)->482K(640K) NonClass: 445K(512K)->445K(512K) Class: 37K(128K)->37K(128K)
[2.307s][debug][gc,heap        ] GC(12) Heap after GC invocations=12 (full 0):
[2.307s][debug][gc,heap        ] GC(12)  garbage-first heap   total 1048576K, used 539648K [0x00000000c0000000, 0x0000000100000000)
[2.307s][debug][gc,heap        ] GC(12)   region size 1024K, 7 young (7168K), 7 survivors (7168K)
[2.307s][debug][gc,heap        ] GC(12)  Metaspace       used 482K, committed 640K, reserved 1056768K
[2.307s][debug][gc,heap        ] GC(12)   class space    used 37K, committed 128K, reserved 1048576K
[2.307s][info ][gc             ] GC(12) Pause Young (Normal) (G1 Evacuation Pause) 561M->527M(1024M) 32.530ms
[2.307s][info ][gc,cpu         ] GC(12) User=0.11s Sys=0.02s Real=0.03s
[2.307s][debug][gc,refine      ] Deactivated worker 0, off threshold: 2913, current: 2742, refined cards: 846
[2.310s][debug][gc,refine      ] Activated worker 0, on threshold: 3425, current: 3510
[2.311s][debug][gc,refine      ] Deactivated worker 0, off threshold: 2913, current: 2741, refined cards: 769
[2.314s][debug][gc,refine      ] Activated worker 0, on threshold: 3425, current: 3509
[2.315s][debug][gc,refine      ] Deactivated worker 0, off threshold: 2913, current: 2817, refined cards: 692
[2.319s][debug][gc,refine      ] Activated worker 0, on threshold: 3425, current: 3585
[2.320s][debug][gc,refine      ] Deactivated worker 0, off threshold: 2913, current: 2816, refined cards: 769
[2.323s][debug][gc,refine      ] Activated worker 0, on threshold: 3425, current: 3584
[2.323s][debug][gc,refine      ] Deactivated worker 0, off threshold: 2913, current: 2816, refined cards: 768
[2.325s][debug][gc,refine      ] Activated worker 0, on threshold: 3425, current: 3584
[2.326s][debug][gc,refine      ] Deactivated worker 0, off threshold: 2913, current: 2816, refined cards: 768
[2.328s][debug][gc,stats       ] ---------------------------------------------------------------------
[2.328s][debug][gc,stats       ] Marking Stats, task = 0, calls = 18
[2.328s][debug][gc,stats       ]   Elapsed time = 153.91ms, Termination time = 0.00ms
[2.328s][debug][gc,stats       ]   Step Times (cum): num = 18, avg = 6.94ms, sd = 7.77ms max = 16.00ms, total = 125.00ms
[2.328s][debug][gc,stats       ]   Mark Stats Cache: hits 1358189 misses 0 ratio 100.000
[2.328s][debug][gc,stats       ] ---------------------------------------------------------------------
[2.328s][info ][gc,marking     ] GC(11) Concurrent Mark From Roots 154.099ms
[2.328s][info ][gc,marking     ] GC(11) Concurrent Preclean
[2.328s][debug][gc,ref,start   ] GC(11) Preclean SoftReferences
[2.328s][debug][gc,ref         ] GC(11) Preclean SoftReferences 0.039ms
[2.328s][debug][gc,ref,start   ] GC(11) Preclean WeakReferences
[2.328s][debug][gc,ref         ] GC(11) Preclean WeakReferences 0.030ms
[2.328s][debug][gc,ref,start   ] GC(11) Preclean FinalReferences
[2.328s][debug][gc,ref         ] GC(11) Preclean FinalReferences 0.026ms
[2.328s][debug][gc,ref,start   ] GC(11) Preclean PhantomReferences
[2.328s][debug][gc,ref         ] GC(11) Preclean PhantomReferences 0.026ms
[2.328s][info ][gc,marking     ] GC(11) Concurrent Preclean 0.197ms
[2.328s][info ][gc,start       ] GC(11) Pause Remark
[2.328s][debug][gc,phases,start] GC(11) Finalize Marking
[2.328s][debug][gc,stats       ] ---------------------------------------------------------------------
[2.328s][debug][gc,stats       ] Marking Stats, task = 0, calls = 35
[2.328s][debug][gc,stats       ]   Elapsed time = 0.04ms, Termination time = 0.00ms
[2.328s][debug][gc,stats       ]   Step Times (cum): num = 35, avg = 3.57ms, sd = 6.57ms max = 16.00ms, total = 125.00ms
[2.328s][debug][gc,stats       ]   Mark Stats Cache: hits 1358189 misses 0 ratio 100.000
[2.328s][debug][gc,stats       ] ---------------------------------------------------------------------
[2.328s][debug][gc,stats       ] Marking Stats, task = 1, calls = 1
[2.328s][debug][gc,stats       ]   Elapsed time = 0.04ms, Termination time = 0.00ms
[2.329s][debug][gc,stats       ]   Step Times (cum): num = 1, avg = 0.00ms, sd = 0.00ms max = 0.00ms, total = 0.00ms
[2.329s][debug][gc,stats       ]   Mark Stats Cache: hits 38 misses 0 ratio 100.000
[2.329s][debug][gc,stats       ] ---------------------------------------------------------------------
[2.329s][debug][gc,stats       ] Marking Stats, task = 2, calls = 1
[2.329s][debug][gc,stats       ]   Elapsed time = 0.04ms, Termination time = 0.00ms
[2.329s][debug][gc,stats       ]   Step Times (cum): num = 1, avg = 0.00ms, sd = 0.00ms max = 0.00ms, total = 0.00ms
[2.329s][debug][gc,stats       ]   Mark Stats Cache: hits 1256 misses 0 ratio 100.000
[2.329s][debug][gc,stats       ] ---------------------------------------------------------------------
[2.329s][debug][gc,stats       ] Marking Stats, task = 3, calls = 1
[2.329s][debug][gc,stats       ]   Elapsed time = 0.04ms, Termination time = 0.00ms
[2.329s][debug][gc,stats       ]   Step Times (cum): num = 1, avg = 0.00ms, sd = 0.00ms max = 0.00ms, total = 0.00ms
[2.329s][debug][gc,stats       ]   Mark Stats Cache: hits 372 misses 0 ratio 100.000
[2.329s][debug][gc,stats       ] ---------------------------------------------------------------------
[2.329s][debug][gc,phases      ] GC(11) Finalize Marking 0.404ms
[2.329s][debug][gc,phases,start] GC(11) Reference Processing
[2.329s][debug][gc,ref         ] GC(11) Skipped phase 1 of Reference Processing: no references
[2.329s][debug][gc,ref         ] GC(11) Skipped phase 2 of Reference Processing: no references
[2.329s][debug][gc,ref         ] GC(11) Skipped phase 3 of Reference Processing: no references
[2.329s][debug][gc,ref         ] GC(11) Skipped phase 4 of Reference Processing: no references
[2.329s][debug][gc,phases,ref  ] GC(11) Reference Processing: 0.1ms
[2.329s][debug][gc,phases,ref  ] GC(11)   Reconsider SoftReferences: 0.0ms
[2.329s][debug][gc,phases,ref  ] GC(11)     SoftRef (ms):                  skipped
[2.329s][debug][gc,phases,ref  ] GC(11)   Notify Soft/WeakReferences: 0.0ms
[2.329s][debug][gc,phases,ref  ] GC(11)     SoftRef (ms):                  skipped
[2.329s][debug][gc,phases,ref  ] GC(11)     WeakRef (ms):                  skipped
[2.329s][debug][gc,phases,ref  ] GC(11)     FinalRef (ms):                 skipped
[2.329s][debug][gc,phases,ref  ] GC(11)     Total (ms):                    skipped
[2.329s][debug][gc,phases,ref  ] GC(11)   Notify and keep alive finalizable: 0.0ms
[2.329s][debug][gc,phases,ref  ] GC(11)     FinalRef (ms):                 skipped
[2.329s][debug][gc,phases,ref  ] GC(11)   Notify PhantomReferences: 0.0ms
[2.329s][debug][gc,phases,ref  ] GC(11)     PhantomRef (ms):               skipped
[2.329s][debug][gc,phases,ref  ] GC(11)   SoftReference:
[2.329s][debug][gc,phases,ref  ] GC(11)     Discovered: 0
[2.329s][debug][gc,phases,ref  ] GC(11)     Cleared: 0
[2.329s][debug][gc,phases,ref  ] GC(11)   WeakReference:
[2.329s][debug][gc,phases,ref  ] GC(11)     Discovered: 0
[2.329s][debug][gc,phases,ref  ] GC(11)     Cleared: 0
[2.329s][debug][gc,phases,ref  ] GC(11)   FinalReference:
[2.329s][debug][gc,phases,ref  ] GC(11)     Discovered: 0
[2.329s][debug][gc,phases,ref  ] GC(11)     Cleared: 0
[2.329s][debug][gc,phases,ref  ] GC(11)   PhantomReference:
[2.329s][debug][gc,phases,ref  ] GC(11)     Discovered: 0
[2.329s][debug][gc,phases,ref  ] GC(11)     Cleared: 0
[2.329s][debug][gc,phases      ] GC(11) Reference Processing 0.438ms
[2.329s][debug][gc,phases,start] GC(11) Weak Processing
[2.329s][debug][gc,phases      ] GC(11)   VM Weak                        Min:  0.0, Avg:  0.0, Max:  0.0, Diff:  0.0, Sum:  0.0, Workers: 3
[2.329s][debug][gc,phases      ] GC(11)     Dead                           Min: 0, Avg:  0.0, Max: 0, Diff: 0, Sum: 0, Workers: 3
[2.329s][debug][gc,phases      ] GC(11)     Total                          Min: 0, Avg:  4.7, Max: 14, Diff: 14, Sum: 14, Workers: 3
[2.329s][debug][gc,phases      ] GC(11)   ObjectSynchronizer Weak        Min:  0.0, Avg:  0.0, Max:  0.0, Diff:  0.0, Sum:  0.0, Workers: 3
[2.329s][debug][gc,phases      ] GC(11)     Dead                           Min: 0, Avg:  0.0, Max: 0, Diff: 0, Sum: 0, Workers: 3
[2.329s][debug][gc,phases      ] GC(11)     Total                          Min: 0, Avg:  1.0, Max: 3, Diff: 3, Sum: 3, Workers: 3
[2.330s][debug][gc,phases      ] GC(11)   JVMTI Tag Weak OopStorage      Min:  0.0, Avg:  0.0, Max:  0.0, Diff:  0.0, Sum:  0.0, Workers: 3
[2.330s][debug][gc,phases      ] GC(11)     Dead                           Min: 0, Avg:  0.0, Max: 0, Diff: 0, Sum: 0, Workers: 3
[2.330s][debug][gc,phases      ] GC(11)     Total                          Min: 0, Avg:  0.0, Max: 0, Diff: 0, Sum: 0, Workers: 3
[2.330s][debug][gc,phases      ] GC(11)   StringTable Weak               Min:  0.0, Avg:  0.0, Max:  0.0, Diff:  0.0, Sum:  0.0, Workers: 3
[2.330s][debug][gc,phases      ] GC(11)     Dead                           Min: 0, Avg:  0.0, Max: 0, Diff: 0, Sum: 0, Workers: 3
[2.330s][debug][gc,phases      ] GC(11)     Total                          Min: 704, Avg: 821.3, Max: 992, Diff: 288, Sum: 2464, Workers: 3
[2.330s][debug][gc,phases      ] GC(11)   ResolvedMethodTable Weak       Min:  0.0, Avg:  0.0, Max:  0.0, Diff:  0.0, Sum:  0.0, Workers: 3
[2.330s][debug][gc,phases      ] GC(11)     Dead                           Min: 0, Avg:  0.0, Max: 0, Diff: 0, Sum: 0, Workers: 3
[2.330s][debug][gc,phases      ] GC(11)     Total                          Min: 9, Avg: 45.7, Max: 64, Diff: 55, Sum: 137, Workers: 3
[2.330s][debug][gc,phases      ] GC(11)   JNI Weak                       Min:  0.0, Avg:  0.0, Max:  0.0, Diff:  0.0, Sum:  0.0, Workers: 3
[2.330s][debug][gc,phases      ] GC(11)     Dead                           Min: 0, Avg:  0.0, Max: 0, Diff: 0, Sum: 0, Workers: 3
[2.330s][debug][gc,phases      ] GC(11)     Total                          Min: 0, Avg:  0.0, Max: 0, Diff: 0, Sum: 0, Workers: 3
[2.330s][debug][gc,phases      ] GC(11)   StringDedup Table Weak         Min:  0.0, Avg:  0.0, Max:  0.0, Diff:  0.0, Sum:  0.0, Workers: 3
[2.330s][debug][gc,phases      ] GC(11)     Dead                           Min: 0, Avg:  0.0, Max: 0, Diff: 0, Sum: 0, Workers: 3
[2.330s][debug][gc,phases      ] GC(11)     Total                          Min: 0, Avg:  0.0, Max: 0, Diff: 0, Sum: 0, Workers: 3
[2.330s][debug][gc,phases      ] GC(11)   StringDedup Requests0 Weak     Min:  0.0, Avg:  0.0, Max:  0.0, Diff:  0.0, Sum:  0.0, Workers: 3
[2.330s][debug][gc,phases      ] GC(11)     Dead                           Min: 0, Avg:  0.0, Max: 0, Diff: 0, Sum: 0, Workers: 3
[2.330s][debug][gc,phases      ] GC(11)     Total                          Min: 0, Avg:  0.0, Max: 0, Diff: 0, Sum: 0, Workers: 3
[2.330s][debug][gc,phases      ] GC(11)   StringDedup Requests1 Weak     Min:  0.0, Avg:  0.0, Max:  0.0, Diff:  0.0, Sum:  0.0, Workers: 3
[2.330s][debug][gc,phases      ] GC(11)     Dead                           Min: 0, Avg:  0.0, Max: 0, Diff: 0, Sum: 0, Workers: 3
[2.330s][debug][gc,phases      ] GC(11)     Total                          Min: 0, Avg:  0.0, Max: 0, Diff: 0, Sum: 0, Workers: 3
[2.330s][debug][gc,phases      ] GC(11)   Weak JFR Old Object Samples    Min:  0.0, Avg:  0.0, Max:  0.0, Diff:  0.0, Sum:  0.0, Workers: 3
[2.330s][debug][gc,phases      ] GC(11)     Dead                           Min: 0, Avg:  0.0, Max: 0, Diff: 0, Sum: 0, Workers: 3
[2.330s][debug][gc,phases      ] GC(11)     Total                          Min: 0, Avg:  0.0, Max: 0, Diff: 0, Sum: 0, Workers: 3
[2.330s][debug][gc,phases      ] GC(11) Weak Processing 1.098ms
[2.330s][debug][gc,phases,start] GC(11) Class Unloading
[2.330s][debug][gc,phases,start] GC(11) ClassLoaderData
[2.330s][debug][gc,phases      ] GC(11) ClassLoaderData 0.016ms
[2.330s][debug][gc,phases,start] GC(11) Trigger cleanups
[2.330s][debug][gc,phases      ] GC(11) Trigger cleanups 0.014ms
[2.331s][debug][gc,phases      ] GC(11) Class Unloading 0.221ms
[2.331s][debug][gc,phases,start] GC(11) Flush Task Caches
[2.331s][debug][gc,stats       ] Mark stats cache hits 1359855 misses 0 ratio 100.000
[2.331s][debug][gc,phases      ] GC(11) Flush Task Caches 0.040ms
[2.331s][debug][gc,phases,start] GC(11) Update Remembered Set Tracking Before Rebuild
[2.331s][debug][gc,ergo        ] GC(11) Running G1 Update RemSet Tracking Before Rebuild using 3 workers for 1024 regions in heap
[2.331s][debug][gc,remset,tracking] GC(11) Remembered Set Tracking update regions total 1024, selected 10
[2.331s][debug][gc,phases         ] GC(11) Update Remembered Set Tracking Before Rebuild 0.126ms
[2.331s][debug][gc,phases,start   ] GC(11) Reclaim Empty Regions
[2.331s][debug][gc                ] GC(11) Reclaimed 395 empty regions
[2.331s][debug][gc,phases         ] GC(11) Reclaim Empty Regions 0.350ms
[2.331s][debug][gc,phases,start   ] GC(11) Purge Metaspace
[2.331s][debug][gc,phases         ] GC(11) Purge Metaspace 0.015ms
[2.331s][debug][gc,phases,start   ] GC(11) Report Object Count
[2.331s][debug][gc,phases         ] GC(11) Report Object Count 0.015ms
[2.331s][debug][gc,mmu            ] GC(11) MMU: 42.5ms (200.0ms/201.0ms)
[2.331s][info ][gc                ] GC(11) Pause Remark 536M->141M(1024M) 2.925ms
[2.331s][info ][gc,cpu            ] GC(11) User=0.02s Sys=0.05s Real=0.00s
[2.331s][info ][gc,marking        ] GC(11) Concurrent Mark 157.433ms
[2.331s][info ][gc,marking        ] GC(11) Concurrent Rebuild Remembered Sets
[2.332s][debug][gc,refine         ] Activated worker 0, on threshold: 3425, current: 3584
[2.332s][debug][gc,refine         ] Deactivated worker 0, off threshold: 2913, current: 2816, refined cards: 768
[2.334s][debug][gc,refine         ] Activated worker 0, on threshold: 3425, current: 3584
[2.335s][debug][gc,refine         ] Deactivated worker 0, off threshold: 2913, current: 2816, refined cards: 768
[2.337s][debug][gc,refine         ] Activated worker 0, on threshold: 3425, current: 3584
[2.338s][debug][gc,refine         ] Deactivated worker 0, off threshold: 2913, current: 2816, refined cards: 768
[2.340s][debug][gc,refine         ] Activated worker 0, on threshold: 3425, current: 3584
[2.341s][debug][gc,refine         ] Deactivated worker 0, off threshold: 2913, current: 2816, refined cards: 768
[2.342s][debug][gc,refine         ] Activated worker 0, on threshold: 3425, current: 3584
[2.343s][debug][gc,refine         ] Deactivated worker 0, off threshold: 2913, current: 2816, refined cards: 1024
[2.346s][debug][gc,refine         ] Activated worker 0, on threshold: 3425, current: 3584
[2.347s][debug][gc,refine         ] Deactivated worker 0, off threshold: 2913, current: 2816, refined cards: 768
[2.349s][debug][gc,refine         ] Activated worker 0, on threshold: 3425, current: 3584
[2.349s][debug][gc,refine         ] Deactivated worker 0, off threshold: 2913, current: 2816, refined cards: 768
[2.352s][debug][gc,refine         ] Activated worker 0, on threshold: 3425, current: 3584
[2.352s][debug][gc,refine         ] Deactivated worker 0, off threshold: 2913, current: 2816, refined cards: 768
[2.355s][debug][gc,refine         ] Activated worker 0, on threshold: 3425, current: 3584
[2.355s][debug][gc,refine         ] Deactivated worker 0, off threshold: 2913, current: 2816, refined cards: 768
[2.357s][debug][gc,refine         ] Activated worker 0, on threshold: 3425, current: 3584
[2.358s][debug][gc,refine         ] Deactivated worker 0, off threshold: 2913, current: 2816, refined cards: 768
[2.360s][debug][gc,refine         ] Activated worker 0, on threshold: 3425, current: 3584
[2.361s][debug][gc,refine         ] Deactivated worker 0, off threshold: 2913, current: 2816, refined cards: 1024
[2.363s][debug][gc,refine         ] Activated worker 0, on threshold: 3425, current: 3584
[2.364s][debug][gc,refine         ] Deactivated worker 0, off threshold: 2913, current: 2816, refined cards: 768
[2.365s][debug][gc,refine         ] Activated worker 0, on threshold: 3425, current: 3584
[2.366s][debug][gc,refine         ] Deactivated worker 0, off threshold: 2913, current: 2816, refined cards: 768
[2.368s][debug][gc,refine         ] Activated worker 0, on threshold: 3425, current: 3584
[2.369s][debug][gc,refine         ] Deactivated worker 0, off threshold: 2913, current: 2816, refined cards: 768
[2.370s][debug][gc,refine         ] Activated worker 0, on threshold: 3425, current: 3584
[2.371s][debug][gc,refine         ] Deactivated worker 0, off threshold: 2913, current: 2816, refined cards: 768
[2.373s][debug][gc,refine         ] Activated worker 0, on threshold: 3425, current: 3584
[2.374s][debug][gc,refine         ] Deactivated worker 0, off threshold: 2913, current: 2816, refined cards: 768
[2.375s][debug][gc,refine         ] Activated worker 0, on threshold: 3425, current: 3584
[2.376s][debug][gc,refine         ] Deactivated worker 0, off threshold: 2913, current: 2816, refined cards: 768
[2.378s][debug][gc,refine         ] Activated worker 0, on threshold: 3425, current: 3584
[2.379s][debug][gc,refine         ] Deactivated worker 0, off threshold: 2913, current: 2816, refined cards: 768
[2.381s][debug][gc,refine         ] Activated worker 0, on threshold: 3425, current: 3584
[2.382s][debug][gc,refine         ] Deactivated worker 0, off threshold: 2913, current: 2816, refined cards: 1024
[2.384s][debug][gc,refine         ] Activated worker 0, on threshold: 3425, current: 3584
[2.385s][debug][gc,refine         ] Deactivated worker 0, off threshold: 2913, current: 2816, refined cards: 768
[2.387s][debug][gc,refine         ] Activated worker 0, on threshold: 3425, current: 3584
[2.388s][debug][gc,refine         ] Deactivated worker 0, off threshold: 2913, current: 2816, refined cards: 768
[2.390s][debug][gc,refine         ] Activated worker 0, on threshold: 3425, current: 3584
[2.390s][debug][gc,refine         ] Deactivated worker 0, off threshold: 2913, current: 2816, refined cards: 768
[2.392s][debug][gc,refine         ] Activated worker 0, on threshold: 3425, current: 3584
[2.393s][debug][gc,refine         ] Deactivated worker 0, off threshold: 2913, current: 2816, refined cards: 768
[2.395s][debug][gc,refine         ] Activated worker 0, on threshold: 3425, current: 3584
[2.396s][debug][gc,refine         ] Deactivated worker 0, off threshold: 2913, current: 2816, refined cards: 768
[2.398s][debug][gc,refine         ] Activated worker 0, on threshold: 3425, current: 3584
[2.399s][debug][gc,refine         ] Deactivated worker 0, off threshold: 2913, current: 2816, refined cards: 768
[2.400s][debug][gc,refine         ] Activated worker 0, on threshold: 3425, current: 3584
[2.401s][debug][gc,refine         ] Deactivated worker 0, off threshold: 2913, current: 2816, refined cards: 768
[2.403s][debug][gc,refine         ] Activated worker 0, on threshold: 3425, current: 3584
[2.403s][debug][gc,refine         ] Deactivated worker 0, off threshold: 2913, current: 2816, refined cards: 768
[2.405s][debug][gc,refine         ] Activated worker 0, on threshold: 3425, current: 3584
[2.406s][debug][gc,refine         ] Deactivated worker 0, off threshold: 2913, current: 2816, refined cards: 768
[2.408s][debug][gc,refine         ] Activated worker 0, on threshold: 3425, current: 3584
[2.409s][debug][gc,refine         ] Deactivated worker 0, off threshold: 2913, current: 2816, refined cards: 1024
[2.412s][debug][gc,refine         ] Activated worker 0, on threshold: 3425, current: 3584
[2.413s][debug][gc,refine         ] Deactivated worker 0, off threshold: 2913, current: 2816, refined cards: 768
[2.415s][debug][gc,refine         ] Activated worker 0, on threshold: 3425, current: 3584
[2.417s][debug][gc,refine         ] Deactivated worker 0, off threshold: 2913, current: 2816, refined cards: 768
[2.419s][debug][gc,refine         ] Activated worker 0, on threshold: 3425, current: 3584
[2.420s][debug][gc,heap           ] GC(13) Heap before GC invocations=12 (full 0):
[2.420s][debug][gc,heap           ] GC(13)  garbage-first heap   total 1048576K, used 194560K [0x00000000c0000000, 0x0000000100000000)
[2.420s][debug][gc,heap           ] GC(13)   region size 1024K, 65 young (66560K), 7 survivors (7168K)
[2.420s][debug][gc,heap           ] GC(13)  Metaspace       used 482K, committed 640K, reserved 1056768K
[2.420s][debug][gc,heap           ] GC(13)   class space    used 37K, committed 128K, reserved 1048576K
[2.420s][info ][gc,start          ] GC(13) Pause Young (Normal) (G1 Evacuation Pause)
[2.420s][info ][gc,task           ] GC(13) Using 4 workers of 4 for evacuation
[2.420s][debug][gc,tlab           ] GC(13) TLAB totals: thrds: 1  refills: 174 max: 174 slow allocs: 0 max 0 waste:  0.2% gc: 0B max: 0B slow: 100224B max: 100224B
[2.420s][debug][gc,age            ] GC(13) Desired survivor size 4718592 bytes, new threshold 1 (max threshold 15)
[2.420s][debug][gc,refine,stats   ] GC(13) Mutator refinement: 0.00ms, refined: 0, precleaned: 0, dirtied: 29648
[2.420s][debug][gc,refine,stats   ] GC(13) Concurrent refinement: 31.09ms, refined: 30184, precleaned: 1024, dirtied: 0
[2.420s][debug][gc,refine,stats   ] GC(13) Total refinement: 31.09ms, refined: 30184, precleaned: 1024, dirtied: 29648
[2.420s][debug][gc,refine,stats   ] GC(13) Concurrent refinement rate: 970.97 cards/ms
[2.420s][debug][gc,refine,stats   ] GC(13) Generate dirty cards rate: 261.44 cards/ms
[2.420s][debug][gc,alloc,region   ] GC(13) Mutator Allocation stats, regions: 58, wasted size: 0B ( 0.0%)
[2.420s][debug][gc,humongous      ] GC(13) Humongous region 157 (object size 36920416 @ 0x00000000c9d00000) remset 1 code roots 0 marked 0 reclaim candidate 0 type array 0
[2.420s][debug][gc,ergo           ] GC(13) Running G1 Merge Heap Roots using 4 workers for 65 regions
[2.420s][debug][gc,remset         ] GC(13) Visited cards 34048 Total dirty 40960 (83.13%) Total old 522240 (6.52%)
[2.453s][debug][gc,task,start     ] G1 Service Thread (Remembered Set Sampling Task) (run)
[2.500s][debug][gc,ref            ] GC(13) Skipped phase 1 of Reference Processing: no references
[2.500s][debug][gc,ref            ] GC(13) Skipped phase 2 of Reference Processing: no references
[2.500s][debug][gc,ref            ] GC(13) Skipped phase 3 of Reference Processing: no references
[2.500s][debug][gc,ref            ] GC(13) Skipped phase 4 of Reference Processing: no references
[2.500s][debug][gc,ergo           ] GC(13) Running G1 Rebuild Free List Task using 4 workers for rebuilding free list of regions
[2.500s][debug][gc,plab           ] GC(13) Young PLAB allocation: allocated: 9437184B, wasted: 432B, unused: 0B, used: 9436752B, undo waste: 0B, 
[2.501s][debug][gc,plab           ] GC(13) Young other allocation: region end waste: 0B, regions filled: 9, direct allocated: 0B, failure used: 0B, failure wasted: 0B
[2.501s][debug][gc,plab           ] GC(13) Young sizing: calculated: 1887344B, actual: 1782480B
[2.501s][debug][gc,plab           ] GC(13) Old PLAB allocation: allocated: 59768832B, wasted: 1760B, unused: 1147056B, used: 58620016B, undo waste: 0B, 
[2.501s][debug][gc,plab           ] GC(13) Old other allocation: region end waste: 0B, regions filled: 57, direct allocated: 0B, failure used: 0B, failure wasted: 0B
[2.501s][debug][gc,plab           ] GC(13) Old sizing: calculated: 11724000B, actual: 9773520B
[2.501s][debug][gc,ergo,heap      ] GC(13) Heap expansion: short term pause time ratio 10.42% long term pause time ratio 38.89% threshold 7.69% pause time ratio 7.69% fully expanded true resize by 0B
[2.501s][debug][gc,mmu            ] GC(13) MMU: 87.6ms (200.0ms/201.0ms)
[2.501s][debug][gc,alloc,stats    ] Old generation allocation in the last mutator period, old gen allocated: 59768832B, humongous allocated: 0B,old gen growth: 59768832B.
[2.501s][debug][gc,ihop           ] GC(13) Basic information (value update), threshold: 483183820B (45.00), target occupancy: 1073741824B, current occupancy: 200278016B, recent allocation size: 59768832B, recent allocation duration: 113.40ms, recent old gen allocation rate: 527048067.51B/s, recent marking phase length: 0.00ms
[2.501s][debug][gc,ihop           ] GC(13) Adaptive IHOP information (value update), threshold: 483183820B (52.94), internal target occupancy: 912680550B, occupancy: 200278016B, additional buffer size: 65011712B, predicted old gen allocation rate: 439766001.77B/s, predicted marking phase length: 0.00ms, prediction active: false
[2.501s][debug][gc,ergo,refine    ] GC(13) Concurrent refinement times: Logged Cards Scan time goal: 20.00ms Logged Cards Scan time: 1.08ms HCC time: 0.00ms
[2.501s][debug][gc,ergo,refine    ] GC(13) Updated Refinement Zones: green: 3204, yellow: 9612, red: 16020
[2.501s][info ][gc,phases         ] GC(13)   Pre Evacuate Collection Set: 0.1ms
[2.501s][debug][gc,phases         ] GC(13)     Prepare TLABs: 0.0ms
[2.501s][debug][gc,phases         ] GC(13)     Concatenate Dirty Card Logs: 0.0ms
[2.501s][debug][gc,phases         ] GC(13)     Choose Collection Set: 0.0ms
[2.501s][debug][gc,phases         ] GC(13)     Region Register: 0.1ms
[2.501s][debug][gc,phases         ] GC(13)     Prepare Heap Roots: 0.0ms
[2.501s][info ][gc,phases         ] GC(13)   Merge Heap Roots: 0.2ms
[2.501s][debug][gc,phases         ] GC(13)     Prepare Merge Heap Roots: 0.0ms
[2.501s][debug][gc,phases         ] GC(13)     Eager Reclaim (ms):            skipped
[2.501s][debug][gc,phases         ] GC(13)     Remembered Sets (ms):          Min:  0.1, Avg:  0.1, Max:  0.1, Diff:  0.0, Sum:  0.3, Workers: 4
[2.501s][debug][gc,phases         ] GC(13)       Merged Sparse:                 Min: 0, Avg:  0.0, Max: 0, Diff: 0, Sum: 0, Workers: 4
[2.501s][debug][gc,phases         ] GC(13)       Merged Fine:                   Min: 17, Avg: 21.3, Max: 26, Diff: 9, Sum: 85, Workers: 4
[2.501s][debug][gc,phases         ] GC(13)       Merged Coarse:                 Min: 0, Avg:  0.0, Max: 0, Diff: 0, Sum: 0, Workers: 4
[2.501s][debug][gc,phases         ] GC(13)       Dirty Cards:                   Min: 7151, Avg: 7283.0, Max: 7660, Diff: 509, Sum: 29132, Workers: 4
[2.501s][debug][gc,phases         ] GC(13)     Hot Card Cache (ms):           Min:  0.0, Avg:  0.0, Max:  0.0, Diff:  0.0, Sum:  0.0, Workers: 4
[2.501s][debug][gc,phases         ] GC(13)       Dirty Cards:                   Min: 152, Avg: 248.0, Max: 344, Diff: 192, Sum: 992, Workers: 4
[2.501s][debug][gc,phases         ] GC(13)       Skipped Cards:                 Min: 0, Avg:  0.0, Max: 0, Diff: 0, Sum: 0, Workers: 4
[2.501s][debug][gc,phases         ] GC(13)     Log Buffers (ms):              Min:  0.0, Avg:  0.0, Max:  0.0, Diff:  0.0, Sum:  0.1, Workers: 4
[2.501s][debug][gc,phases         ] GC(13)       Dirty Cards:                   Min: 712, Avg: 755.0, Max: 788, Diff: 76, Sum: 3020, Workers: 4
[2.501s][debug][gc,phases         ] GC(13)       Skipped Cards:                 Min: 0, Avg:  0.0, Max: 0, Diff: 0, Sum: 0, Workers: 4
[2.501s][info ][gc,phases         ] GC(13)   Evacuate Collection Set: 79.8ms
[2.501s][debug][gc,phases         ] GC(13)     Ext Root Scanning (ms):        Min:  0.0, Avg:  0.0, Max:  0.0, Diff:  0.0, Sum:  0.1, Workers: 4
[2.501s][debug][gc,phases         ] GC(13)     Scan Heap Roots (ms):          Min: 11.4, Avg: 11.8, Max: 12.0, Diff:  0.6, Sum: 47.1, Workers: 4
[2.502s][debug][gc,phases         ] GC(13)       Scanned Cards:                 Min: 8144, Avg: 8309.0, Max: 8526, Diff: 382, Sum: 33236, Workers: 4
[2.502s][debug][gc,phases         ] GC(13)       Scanned Blocks:                Min: 32, Avg: 33.3, Max: 35, Diff: 3, Sum: 133, Workers: 4
[2.502s][debug][gc,phases         ] GC(13)       Claimed Chunks:                Min: 32, Avg: 33.3, Max: 35, Diff: 3, Sum: 133, Workers: 4
[2.502s][debug][gc,phases         ] GC(13)     Code Root Scan (ms):           Min:  0.0, Avg:  0.0, Max:  0.0, Diff:  0.0, Sum:  0.0, Workers: 4
[2.502s][debug][gc,phases         ] GC(13)     Object Copy (ms):              Min: 67.7, Avg: 68.0, Max: 68.3, Diff:  0.6, Sum: 271.9, Workers: 4
[2.502s][debug][gc,phases         ] GC(13)     Termination (ms):              Min:  0.0, Avg:  0.0, Max:  0.0, Diff:  0.0, Sum:  0.0, Workers: 4
[2.502s][debug][gc,phases         ] GC(13)       Termination Attempts:          Min: 1, Avg:  1.5, Max: 2, Diff: 1, Sum: 6, Workers: 4
[2.502s][debug][gc,phases         ] GC(13)     GC Worker Other (ms):          Min:  0.0, Avg:  0.0, Max:  0.0, Diff:  0.0, Sum:  0.1, Workers: 4
[2.502s][debug][gc,phases         ] GC(13)     GC Worker Total (ms):          Min: 79.8, Avg: 79.8, Max: 79.8, Diff:  0.0, Sum: 319.1, Workers: 4
[2.502s][info ][gc,phases         ] GC(13)   Post Evacuate Collection Set: 0.4ms
[2.502s][debug][gc,phases         ] GC(13)     Code Roots Fixup: 0.0ms
[2.502s][debug][gc,phases         ] GC(13)     Reference Processing: 0.1ms
[2.502s][debug][gc,phases,ref     ] GC(13)       Reconsider SoftReferences: 0.1ms
[2.502s][debug][gc,phases,ref     ] GC(13)         SoftRef (ms):                  skipped
[2.502s][debug][gc,phases,ref     ] GC(13)       Notify Soft/WeakReferences: 0.0ms
[2.502s][debug][gc,phases,ref     ] GC(13)         SoftRef (ms):                  skipped
[2.502s][debug][gc,phases,ref     ] GC(13)         WeakRef (ms):                  skipped
[2.502s][debug][gc,phases,ref     ] GC(13)         FinalRef (ms):                 skipped
[2.502s][debug][gc,phases,ref     ] GC(13)         Total (ms):                    skipped
[2.502s][debug][gc,phases,ref     ] GC(13)       Notify and keep alive finalizable: 0.0ms
[2.502s][debug][gc,phases,ref     ] GC(13)         FinalRef (ms):                 skipped
[2.502s][debug][gc,phases,ref     ] GC(13)       Notify PhantomReferences: 0.0ms
[2.502s][debug][gc,phases,ref     ] GC(13)         PhantomRef (ms):               skipped
[2.502s][debug][gc,phases,ref     ] GC(13)       SoftReference:
[2.502s][debug][gc,phases,ref     ] GC(13)         Discovered: 0
[2.502s][debug][gc,phases,ref     ] GC(13)         Cleared: 0
[2.502s][debug][gc,phases,ref     ] GC(13)       WeakReference:
[2.502s][debug][gc,phases,ref     ] GC(13)         Discovered: 0
[2.502s][debug][gc,phases,ref     ] GC(13)         Cleared: 0
[2.502s][debug][gc,phases,ref     ] GC(13)       FinalReference:
[2.502s][debug][gc,phases,ref     ] GC(13)         Discovered: 0
[2.502s][debug][gc,phases,ref     ] GC(13)         Cleared: 0
[2.502s][debug][gc,phases,ref     ] GC(13)       PhantomReference:
[2.502s][debug][gc,phases,ref     ] GC(13)         Discovered: 0
[2.502s][debug][gc,phases,ref     ] GC(13)         Cleared: 0
[2.502s][debug][gc,phases         ] GC(13)     Weak Processing: 0.0ms
[2.502s][debug][gc,phases         ] GC(13)       VM Weak                        Min:  0.0, Avg:  0.0, Max:  0.0, Diff:  0.0, Sum:  0.0, Workers: 3
[2.502s][debug][gc,phases         ] GC(13)         Dead                           Min: 0, Avg:  0.0, Max: 0, Diff: 0, Sum: 0, Workers: 3
[2.502s][debug][gc,phases         ] GC(13)         Total                          Min: 0, Avg:  4.7, Max: 14, Diff: 14, Sum: 14, Workers: 3
[2.502s][debug][gc,phases         ] GC(13)       ObjectSynchronizer Weak        Min:  0.0, Avg:  0.0, Max:  0.0, Diff:  0.0, Sum:  0.0, Workers: 3
[2.502s][debug][gc,phases         ] GC(13)         Dead                           Min: 0, Avg:  0.0, Max: 0, Diff: 0, Sum: 0, Workers: 3
[2.502s][debug][gc,phases         ] GC(13)         Total                          Min: 0, Avg:  1.0, Max: 3, Diff: 3, Sum: 3, Workers: 3
[2.502s][debug][gc,phases         ] GC(13)       JVMTI Tag Weak OopStorage      Min:  0.0, Avg:  0.0, Max:  0.0, Diff:  0.0, Sum:  0.0, Workers: 3
[2.502s][debug][gc,phases         ] GC(13)         Dead                           Min: 0, Avg:  0.0, Max: 0, Diff: 0, Sum: 0, Workers: 3
[2.502s][debug][gc,phases         ] GC(13)         Total                          Min: 0, Avg:  0.0, Max: 0, Diff: 0, Sum: 0, Workers: 3
[2.502s][debug][gc,phases         ] GC(13)       StringTable Weak               Min:  0.0, Avg:  0.0, Max:  0.0, Diff:  0.0, Sum:  0.0, Workers: 3
[2.502s][debug][gc,phases         ] GC(13)         Dead                           Min: 0, Avg:  0.0, Max: 0, Diff: 0, Sum: 0, Workers: 3
[2.502s][debug][gc,phases         ] GC(13)         Total                          Min: 608, Avg: 821.3, Max: 960, Diff: 352, Sum: 2464, Workers: 3
[2.502s][debug][gc,phases         ] GC(13)       ResolvedMethodTable Weak       Min:  0.0, Avg:  0.0, Max:  0.0, Diff:  0.0, Sum:  0.0, Workers: 3
[2.502s][debug][gc,phases         ] GC(13)         Dead                           Min: 0, Avg:  0.0, Max: 0, Diff: 0, Sum: 0, Workers: 3
[2.502s][debug][gc,phases         ] GC(13)         Total                          Min: 9, Avg: 45.7, Max: 64, Diff: 55, Sum: 137, Workers: 3
[2.502s][debug][gc,phases         ] GC(13)       JNI Weak                       Min:  0.0, Avg:  0.0, Max:  0.0, Diff:  0.0, Sum:  0.0, Workers: 3
[2.502s][debug][gc,phases         ] GC(13)         Dead                           Min: 0, Avg:  0.0, Max: 0, Diff: 0, Sum: 0, Workers: 3
[2.502s][debug][gc,phases         ] GC(13)         Total                          Min: 0, Avg:  0.0, Max: 0, Diff: 0, Sum: 0, Workers: 3
[2.502s][debug][gc,phases         ] GC(13)       StringDedup Table Weak         Min:  0.0, Avg:  0.0, Max:  0.0, Diff:  0.0, Sum:  0.0, Workers: 3
[2.502s][debug][gc,phases         ] GC(13)         Dead                           Min: 0, Avg:  0.0, Max: 0, Diff: 0, Sum: 0, Workers: 3
[2.502s][debug][gc,phases         ] GC(13)         Total                          Min: 0, Avg:  0.0, Max: 0, Diff: 0, Sum: 0, Workers: 3
[2.502s][debug][gc,phases         ] GC(13)       StringDedup Requests0 Weak     Min:  0.0, Avg:  0.0, Max:  0.0, Diff:  0.0, Sum:  0.0, Workers: 3
[2.502s][debug][gc,phases         ] GC(13)         Dead                           Min: 0, Avg:  0.0, Max: 0, Diff: 0, Sum: 0, Workers: 3
[2.502s][debug][gc,phases         ] GC(13)         Total                          Min: 0, Avg:  0.0, Max: 0, Diff: 0, Sum: 0, Workers: 3
[2.503s][debug][gc,phases         ] GC(13)       StringDedup Requests1 Weak     Min:  0.0, Avg:  0.0, Max:  0.0, Diff:  0.0, Sum:  0.0, Workers: 3
[2.503s][debug][gc,phases         ] GC(13)         Dead                           Min: 0, Avg:  0.0, Max: 0, Diff: 0, Sum: 0, Workers: 3
[2.503s][debug][gc,phases         ] GC(13)         Total                          Min: 0, Avg:  0.0, Max: 0, Diff: 0, Sum: 0, Workers: 3
[2.503s][debug][gc,phases         ] GC(13)       Weak JFR Old Object Samples    Min:  0.0, Avg:  0.0, Max:  0.0, Diff:  0.0, Sum:  0.0, Workers: 3
[2.503s][debug][gc,phases         ] GC(13)         Dead                           Min: 0, Avg:  0.0, Max: 0, Diff: 0, Sum: 0, Workers: 3
[2.503s][debug][gc,phases         ] GC(13)         Total                          Min: 0, Avg:  0.0, Max: 0, Diff: 0, Sum: 0, Workers: 3
[2.503s][debug][gc,phases         ] GC(13)     Post Evacuate Cleanup 1: 0.0ms
[2.503s][debug][gc,phases         ] GC(13)       Merge Per-Thread State (ms):   Min:  0.0, Avg:  0.0, Max:  0.0, Diff:  0.0, Sum:  0.0, Workers: 1
[2.503s][debug][gc,phases         ] GC(13)         Copied Bytes                   Min: 16652944, Avg: 17014192.0, Max: 17232832, Diff: 579888, Sum: 68056768, Workers: 4
[2.503s][debug][gc,phases         ] GC(13)         LAB Waste                      Min: 544, Avg: 548.0, Max: 560, Diff: 16, Sum: 2192, Workers: 4
[2.503s][debug][gc,phases         ] GC(13)         LAB Undo Waste                 Min: 0, Avg:  0.0, Max: 0, Diff: 0, Sum: 0, Workers: 4
[2.503s][debug][gc,phases         ] GC(13)       Clear Logged Cards (ms):       Min:  0.0, Avg:  0.0, Max:  0.0, Diff:  0.0, Sum:  0.0, Workers: 3
[2.503s][debug][gc,phases         ] GC(13)       Recalculate Used Memory (ms):  Min:  0.0, Avg:  0.0, Max:  0.0, Diff:  0.0, Sum:  0.0, Workers: 1
[2.503s][debug][gc,phases         ] GC(13)     Post Evacuate Cleanup 2: 0.1ms
[2.503s][debug][gc,phases         ] GC(13)       Reset Hot Card Cache (ms):     Min:  0.0, Avg:  0.0, Max:  0.0, Diff:  0.0, Sum:  0.0, Workers: 1
[2.503s][debug][gc,phases         ] GC(13)       Purge Code Roots (ms):         Min:  0.0, Avg:  0.0, Max:  0.0, Diff:  0.0, Sum:  0.0, Workers: 1
[2.503s][debug][gc,phases         ] GC(13)       Update Derived Pointers (ms):  Min:  0.0, Avg:  0.0, Max:  0.0, Diff:  0.0, Sum:  0.0, Workers: 1
[2.503s][debug][gc,phases         ] GC(13)       Eagerly Reclaim Humongous Objects (ms): Min:  0.0, Avg:  0.0, Max:  0.0, Diff:  0.0, Sum:  0.0, Workers: 1
[2.503s][debug][gc,phases         ] GC(13)         Humongous Total                Min: 1, Avg:  1.0, Max: 1, Diff: 0, Sum: 1, Workers: 1
[2.503s][debug][gc,phases         ] GC(13)         Humongous Candidates           Min: 0, Avg:  0.0, Max: 0, Diff: 0, Sum: 0, Workers: 1
[2.503s][debug][gc,phases         ] GC(13)         Humongous Reclaimed            Min: 0, Avg:  0.0, Max: 0, Diff: 0, Sum: 0, Workers: 1
[2.503s][debug][gc,phases         ] GC(13)       Redirty Logged Cards (ms):     Min:  0.0, Avg:  0.0, Max:  0.0, Diff:  0.0, Sum:  0.0, Workers: 4
[2.503s][debug][gc,phases         ] GC(13)         Redirtied Cards:               Min: 0, Avg: 1152.5, Max: 1767, Diff: 1767, Sum: 4610, Workers: 4
[2.503s][debug][gc,phases         ] GC(13)       Free Collection Set (ms):      Min:  0.0, Avg:  0.0, Max:  0.0, Diff:  0.0, Sum:  0.1, Workers: 4
[2.503s][debug][gc,phases         ] GC(13)     Rebuild Free List: 0.1ms
[2.503s][debug][gc,phases         ] GC(13)     Start New Collection Set: 0.0ms
[2.503s][debug][gc,phases         ] GC(13)     Resize TLABs: 0.0ms
[2.503s][debug][gc,phases         ] GC(13)     Expand Heap After Collection: 0.0ms
[2.503s][info ][gc,phases         ] GC(13)   Other: 0.8ms
[2.503s][info ][gc,heap           ] GC(13) Eden regions: 58->0(53)
[2.503s][info ][gc,heap           ] GC(13) Survivor regions: 7->9(9)
[2.503s][info ][gc,heap           ] GC(13) Old regions: 89->146
[2.503s][info ][gc,heap           ] GC(13) Archive regions: 0->0
[2.503s][info ][gc,heap           ] GC(13) Humongous regions: 36->36
[2.503s][info ][gc,metaspace      ] GC(13) Metaspace: 482K(640K)->482K(640K) NonClass: 445K(512K)->445K(512K) Class: 37K(128K)->37K(128K)
[2.503s][debug][gc,heap           ] GC(13) Heap after GC invocations=13 (full 0):
[2.503s][debug][gc,heap           ] GC(13)  garbage-first heap   total 1048576K, used 195584K [0x00000000c0000000, 0x0000000100000000)
[2.503s][debug][gc,heap           ] GC(13)   region size 1024K, 9 young (9216K), 9 survivors (9216K)
[2.503s][debug][gc,heap           ] GC(13)  Metaspace       used 482K, committed 640K, reserved 1056768K
[2.503s][debug][gc,heap           ] GC(13)   class space    used 37K, committed 128K, reserved 1048576K
[2.503s][info ][gc                ] GC(13) Pause Young (Normal) (G1 Evacuation Pause) 190M->191M(1024M) 83.500ms
[2.503s][info ][gc,cpu            ] GC(13) User=0.30s Sys=0.00s Real=0.08s
[2.503s][debug][gc,task           ] G1 Service Thread (Remembered Set Sampling Task) (run) 50.248ms (cpu: 0.000ms)
[2.504s][debug][gc,refine         ] Deactivated worker 0, off threshold: 3204, current: 3099, refined cards: 2251
[2.506s][debug][gc,refine         ] Activated worker 0, on threshold: 3716, current: 3867
[2.507s][debug][gc,refine         ] Deactivated worker 0, off threshold: 3204, current: 3073, refined cards: 794
[2.509s][debug][gc,refine         ] Activated worker 0, on threshold: 3716, current: 3841
[2.510s][debug][gc,refine         ] Deactivated worker 0, off threshold: 3204, current: 3073, refined cards: 768
[2.512s][debug][gc,refine         ] Activated worker 0, on threshold: 3716, current: 3841
[2.513s][debug][gc,refine         ] Deactivated worker 0, off threshold: 3204, current: 3124, refined cards: 717
[2.515s][debug][gc,refine         ] Activated worker 0, on threshold: 3716, current: 3892
[2.516s][debug][gc,refine         ] Deactivated worker 0, off threshold: 3204, current: 3072, refined cards: 820
[2.518s][debug][gc,refine         ] Activated worker 0, on threshold: 3716, current: 3840
[2.520s][debug][gc,refine         ] Deactivated worker 0, off threshold: 3204, current: 3072, refined cards: 1280
[2.521s][debug][gc,refine         ] Activated worker 0, on threshold: 3716, current: 3840
[2.522s][debug][gc,refine         ] Deactivated worker 0, off threshold: 3204, current: 3072, refined cards: 1024
[2.524s][debug][gc,refine         ] Activated worker 0, on threshold: 3716, current: 3840
[2.525s][debug][gc,refine         ] Deactivated worker 0, off threshold: 3204, current: 3072, refined cards: 1024
[2.527s][debug][gc,refine         ] Activated worker 0, on threshold: 3716, current: 3840
[2.528s][debug][gc,refine         ] Deactivated worker 0, off threshold: 3204, current: 3072, refined cards: 768
[2.530s][debug][gc,refine         ] Activated worker 0, on threshold: 3716, current: 3840
[2.531s][debug][gc,refine         ] Deactivated worker 0, off threshold: 3204, current: 3072, refined cards: 768
[2.533s][debug][gc,refine         ] Activated worker 0, on threshold: 3716, current: 3840
[2.534s][debug][gc,refine         ] Deactivated worker 0, off threshold: 3204, current: 3072, refined cards: 768
[2.536s][debug][gc,refine         ] Activated worker 0, on threshold: 3716, current: 3840
[2.537s][debug][gc,refine         ] Deactivated worker 0, off threshold: 3204, current: 3072, refined cards: 1024
[2.539s][debug][gc,refine         ] Activated worker 0, on threshold: 3716, current: 3840
[2.540s][debug][gc,refine         ] Deactivated worker 0, off threshold: 3204, current: 3072, refined cards: 1024
[2.542s][debug][gc,refine         ] Activated worker 0, on threshold: 3716, current: 3840
[2.543s][debug][gc,refine         ] Deactivated worker 0, off threshold: 3204, current: 3072, refined cards: 1024
[2.543s][info ][gc,marking        ] GC(11) Concurrent Rebuild Remembered Sets 211.585ms
[2.543s][info ][gc,start          ] GC(11) Pause Cleanup
[2.543s][debug][gc,phases,start   ] GC(11) Update Remembered Set Tracking After Rebuild
[2.543s][debug][gc,phases         ] GC(11) Update Remembered Set Tracking After Rebuild 0.049ms
[2.543s][debug][gc,phases,start   ] GC(11) Finalize Concurrent Mark Cleanup
[2.543s][debug][gc,ergo,cset      ] GC(11) Pruned 9 regions out of 10, leaving 7251952 bytes waste (allowed 53687091)
[2.543s][debug][gc,mmu            ] GC(11) MMU: 81.1ms (200.0ms/201.0ms)
[2.543s][debug][gc,phases         ] GC(11) Finalize Concurrent Mark Cleanup 0.170ms
[2.543s][info ][gc                ] GC(11) Pause Cleanup 214M->214M(1024M) 0.294ms
[2.543s][info ][gc,cpu            ] GC(11) User=0.00s Sys=0.00s Real=0.00s
[2.543s][info ][gc,marking        ] GC(11) Concurrent Cleanup for Next Mark
[2.543s][debug][gc,ergo           ] GC(11) Running G1 Clear Bitmap with 1 workers for 16 work units.
[2.549s][debug][gc,refine         ] Activated worker 0, on threshold: 3716, current: 3840
[2.549s][debug][gc,refine         ] Deactivated worker 0, off threshold: 3204, current: 3072, refined cards: 768
[2.551s][debug][gc,refine         ] Activated worker 0, on threshold: 3716, current: 3840
[2.551s][debug][gc,refine         ] Deactivated worker 0, off threshold: 3204, current: 3072, refined cards: 768
[2.552s][info ][gc,marking        ] GC(11) Concurrent Cleanup for Next Mark 8.522ms
[2.552s][info ][gc                ] GC(11) Concurrent Mark Cycle 408.323ms
[2.553s][debug][gc,refine         ] Activated worker 0, on threshold: 3716, current: 3840
[2.554s][debug][gc,refine         ] Deactivated worker 0, off threshold: 3204, current: 3072, refined cards: 768
[2.555s][debug][gc,refine         ] Activated worker 0, on threshold: 3716, current: 3840
[2.556s][debug][gc,refine         ] Deactivated worker 0, off threshold: 3204, current: 3072, refined cards: 768
[2.558s][debug][gc,refine         ] Activated worker 0, on threshold: 3716, current: 3840
[2.558s][debug][gc,refine         ] Deactivated worker 0, off threshold: 3204, current: 3072, refined cards: 768
[2.560s][debug][gc,refine         ] Activated worker 0, on threshold: 3716, current: 3840
[2.560s][debug][gc,refine         ] Deactivated worker 0, off threshold: 3204, current: 3072, refined cards: 768
[2.562s][debug][gc,refine         ] Activated worker 0, on threshold: 3716, current: 3840
[2.562s][debug][gc,refine         ] Deactivated worker 0, off threshold: 3204, current: 3072, refined cards: 768
[2.564s][debug][gc,refine         ] Activated worker 0, on threshold: 3716, current: 3840
[2.564s][debug][gc,refine         ] Deactivated worker 0, off threshold: 3204, current: 3072, refined cards: 768
[2.566s][debug][gc,refine         ] Activated worker 0, on threshold: 3716, current: 3840
[2.566s][debug][gc,refine         ] Deactivated worker 0, off threshold: 3204, current: 3072, refined cards: 768
[2.568s][debug][gc,refine         ] Activated worker 0, on threshold: 3716, current: 3840
[2.568s][debug][gc,refine         ] Deactivated worker 0, off threshold: 3204, current: 3072, refined cards: 768
[2.570s][debug][gc,refine         ] Activated worker 0, on threshold: 3716, current: 3840
[2.570s][debug][gc,refine         ] Deactivated worker 0, off threshold: 3204, current: 3072, refined cards: 768
[2.572s][debug][gc,refine         ] Activated worker 0, on threshold: 3716, current: 3840
[2.572s][debug][gc,refine         ] Deactivated worker 0, off threshold: 3204, current: 3072, refined cards: 768
[2.574s][debug][gc,refine         ] Activated worker 0, on threshold: 3716, current: 3840
[2.574s][debug][gc,refine         ] Deactivated worker 0, off threshold: 3204, current: 3072, refined cards: 768
[2.576s][debug][gc,refine         ] Activated worker 0, on threshold: 3716, current: 3840
[2.577s][debug][gc,refine         ] Deactivated worker 0, off threshold: 3204, current: 3072, refined cards: 768
[2.578s][debug][gc,refine         ] Activated worker 0, on threshold: 3716, current: 3840
[2.579s][debug][gc,refine         ] Deactivated worker 0, off threshold: 3204, current: 3072, refined cards: 768
[2.580s][debug][gc,refine         ] Activated worker 0, on threshold: 3716, current: 3840
[2.581s][debug][gc,refine         ] Deactivated worker 0, off threshold: 3204, current: 3072, refined cards: 768
[2.582s][debug][gc,refine         ] Activated worker 0, on threshold: 3716, current: 3840
[2.583s][debug][gc,refine         ] Deactivated worker 0, off threshold: 3204, current: 3072, refined cards: 768
[2.584s][debug][gc,refine         ] Activated worker 0, on threshold: 3716, current: 3840
[2.585s][debug][gc,refine         ] Deactivated worker 0, off threshold: 3204, current: 3072, refined cards: 1024
[2.587s][debug][gc,refine         ] Activated worker 0, on threshold: 3716, current: 3840
[2.587s][debug][gc,refine         ] Deactivated worker 0, off threshold: 3204, current: 3072, refined cards: 768
[2.588s][debug][gc,heap           ] GC(14) Heap before GC invocations=14 (full 0):
[2.588s][debug][gc,heap           ] GC(14)  garbage-first heap   total 1048576K, used 249856K [0x00000000c0000000, 0x0000000100000000)
[2.588s][debug][gc,heap           ] GC(14)   region size 1024K, 62 young (63488K), 9 survivors (9216K)
[2.588s][debug][gc,heap           ] GC(14)  Metaspace       used 482K, committed 640K, reserved 1056768K
[2.588s][debug][gc,heap           ] GC(14)   class space    used 37K, committed 128K, reserved 1048576K
[2.588s][info ][gc,start          ] GC(14) Pause Young (Prepare Mixed) (G1 Evacuation Pause)
[2.588s][info ][gc,task           ] GC(14) Using 4 workers of 4 for evacuation
[2.588s][debug][gc,tlab           ] GC(14) TLAB totals: thrds: 1  refills: 159 max: 159 slow allocs: 0 max 0 waste:  0.2% gc: 0B max: 0B slow: 91592B max: 91592B
[2.588s][debug][gc,age            ] GC(14) Desired survivor size 4194304 bytes, new threshold 1 (max threshold 15)
[2.588s][debug][gc,refine,stats   ] GC(14) Mutator refinement: 0.00ms, refined: 0, precleaned: 0, dirtied: 27092
[2.588s][debug][gc,refine,stats   ] GC(14) Concurrent refinement: 22.11ms, refined: 28162, precleaned: 1024, dirtied: 0
[2.588s][debug][gc,refine,stats   ] GC(14) Total refinement: 22.11ms, refined: 28162, precleaned: 1024, dirtied: 27092
[2.588s][debug][gc,refine,stats   ] GC(14) Concurrent refinement rate: 1273.67 cards/ms
[2.588s][debug][gc,refine,stats   ] GC(14) Generate dirty cards rate: 310.15 cards/ms
[2.588s][debug][gc,alloc,region   ] GC(14) Mutator Allocation stats, regions: 53, wasted size: 0B ( 0.0%)
[2.588s][debug][gc,humongous      ] GC(14) Humongous region 157 (object size 36920416 @ 0x00000000c9d00000) remset 1 code roots 0 marked 0 reclaim candidate 0 type array 0
[2.589s][debug][gc,ergo           ] GC(14) Running G1 Merge Heap Roots using 4 workers for 62 regions
[2.589s][debug][gc,remset         ] GC(14) Visited cards 27904 Total dirty 32768 (85.16%) Total old 626688 (4.45%)
[2.625s][debug][gc,ref            ] GC(14) Skipped phase 1 of Reference Processing: no references
[2.625s][debug][gc,ref            ] GC(14) Skipped phase 2 of Reference Processing: no references
[2.625s][debug][gc,ref            ] GC(14) Skipped phase 3 of Reference Processing: no references
[2.625s][debug][gc,ref            ] GC(14) Skipped phase 4 of Reference Processing: no references
[2.625s][debug][gc,ergo           ] GC(14) Running G1 Rebuild Free List Task using 4 workers for rebuilding free list of regions
[2.625s][debug][gc,plab           ] GC(14) Young PLAB allocation: allocated: 8388608B, wasted: 384B, unused: 0B, used: 8388224B, undo waste: 0B, 
[2.625s][debug][gc,plab           ] GC(14) Young other allocation: region end waste: 0B, regions filled: 8, direct allocated: 0B, failure used: 0B, failure wasted: 0B
[2.626s][debug][gc,plab           ] GC(14) Young sizing: calculated: 1677640B, actual: 1703848B
[2.626s][debug][gc,plab           ] GC(14) Old PLAB allocation: allocated: 23068672B, wasted: 640B, unused: 1398192B, used: 21669840B, undo waste: 0B, 
[2.626s][debug][gc,plab           ] GC(14) Old other allocation: region end waste: 0B, regions filled: 22, direct allocated: 0B, failure used: 0B, failure wasted: 0B
[2.626s][debug][gc,plab           ] GC(14) Old sizing: calculated: 4333968B, actual: 5693856B
[2.626s][debug][gc,ergo,heap      ] GC(14) Heap expansion: short term pause time ratio 0.51% long term pause time ratio 40.86% threshold 7.69% pause time ratio 7.69% fully expanded true resize by 0B
[2.626s][debug][gc,mmu            ] GC(14) MMU: 113.6ms (200.0ms/201.0ms)
[2.626s][debug][gc,alloc,stats    ] Old generation allocation in the last mutator period, old gen allocated: 23068672B, humongous allocated: 0B,old gen growth: 23068672B.
[2.626s][debug][gc,ihop           ] GC(14) Basic information (value update), threshold: 483183820B (45.00), target occupancy: 1073741824B, current occupancy: 222298112B, recent allocation size: 23068672B, recent allocation duration: 87.35ms, recent old gen allocation rate: 264094094.80B/s, recent marking phase length: 0.00ms
[2.626s][debug][gc,ihop           ] GC(14) Adaptive IHOP information (value update), threshold: 483183820B (52.94), internal target occupancy: 912680550B, occupancy: 222298112B, additional buffer size: 0B, predicted old gen allocation rate: 433664772.29B/s, predicted marking phase length: 0.00ms, prediction active: false
[2.626s][debug][gc,ergo,refine    ] GC(14) Concurrent refinement times: Logged Cards Scan time goal: 20.00ms Logged Cards Scan time: 0.90ms HCC time: 0.00ms
[2.626s][debug][gc,ergo,refine    ] GC(14) Updated Refinement Zones: green: 3524, yellow: 10572, red: 17620
[2.626s][debug][gc,refine         ] Activated worker 0, on threshold: 4036, current: 4100
[2.626s][info ][gc,phases         ] GC(14)   Pre Evacuate Collection Set: 0.1ms
[2.626s][debug][gc,phases         ] GC(14)     Prepare TLABs: 0.0ms
[2.626s][debug][gc,phases         ] GC(14)     Concatenate Dirty Card Logs: 0.0ms
[2.626s][debug][gc,phases         ] GC(14)     Choose Collection Set: 0.0ms
[2.626s][debug][gc,phases         ] GC(14)     Region Register: 0.1ms
[2.626s][debug][gc,phases         ] GC(14)     Prepare Heap Roots: 0.0ms
[2.626s][info ][gc,phases         ] GC(14)   Merge Heap Roots: 0.2ms
[2.626s][debug][gc,phases         ] GC(14)     Prepare Merge Heap Roots: 0.0ms
[2.626s][debug][gc,phases         ] GC(14)     Eager Reclaim (ms):            skipped
[2.626s][debug][gc,phases         ] GC(14)     Remembered Sets (ms):          Min:  0.1, Avg:  0.1, Max:  0.1, Diff:  0.0, Sum:  0.2, Workers: 4
[2.626s][debug][gc,phases         ] GC(14)       Merged Sparse:                 Min: 0, Avg:  0.0, Max: 0, Diff: 0, Sum: 0, Workers: 4
[2.626s][debug][gc,phases         ] GC(14)       Merged Fine:                   Min: 13, Avg: 17.0, Max: 26, Diff: 13, Sum: 68, Workers: 4
[2.626s][debug][gc,phases         ] GC(14)       Merged Coarse:                 Min: 0, Avg:  0.0, Max: 0, Diff: 0, Sum: 0, Workers: 4
[2.626s][debug][gc,phases         ] GC(14)       Dirty Cards:                   Min: 5470, Avg: 5593.5, Max: 5652, Diff: 182, Sum: 22374, Workers: 4
[2.626s][debug][gc,phases         ] GC(14)     Hot Card Cache (ms):           Min:  0.0, Avg:  0.0, Max:  0.0, Diff:  0.0, Sum:  0.0, Workers: 4
[2.626s][debug][gc,phases         ] GC(14)       Dirty Cards:                   Min: 184, Avg: 248.0, Max: 344, Diff: 160, Sum: 992, Workers: 4
[2.626s][debug][gc,phases         ] GC(14)       Skipped Cards:                 Min: 0, Avg:  0.0, Max: 0, Diff: 0, Sum: 0, Workers: 4
[2.626s][debug][gc,phases         ] GC(14)     Log Buffers (ms):              Min:  0.0, Avg:  0.0, Max:  0.0, Diff:  0.0, Sum:  0.1, Workers: 4
[2.626s][debug][gc,phases         ] GC(14)       Dirty Cards:                   Min: 760, Avg: 877.0, Max: 1016, Diff: 256, Sum: 3508, Workers: 4
[2.626s][debug][gc,phases         ] GC(14)       Skipped Cards:                 Min: 0, Avg:  0.0, Max: 0, Diff: 0, Sum: 0, Workers: 4
[2.626s][info ][gc,phases         ] GC(14)   Evacuate Collection Set: 36.3ms
[2.626s][debug][gc,phases         ] GC(14)     Ext Root Scanning (ms):        Min:  0.0, Avg:  0.0, Max:  0.0, Diff:  0.0, Sum:  0.1, Workers: 4
[2.626s][debug][gc,phases         ] GC(14)     Scan Heap Roots (ms):          Min:  6.0, Avg:  6.8, Max:  7.5, Diff:  1.5, Sum: 27.3, Workers: 4
[2.626s][debug][gc,phases         ] GC(14)       Scanned Cards:                 Min: 5396, Avg: 6741.8, Max: 7680, Diff: 2284, Sum: 26967, Workers: 4
[2.626s][debug][gc,phases         ] GC(14)       Scanned Blocks:                Min: 22, Avg: 27.3, Max: 31, Diff: 9, Sum: 109, Workers: 4
[2.626s][debug][gc,phases         ] GC(14)       Claimed Chunks:                Min: 22, Avg: 27.3, Max: 31, Diff: 9, Sum: 109, Workers: 4
[2.626s][debug][gc,phases         ] GC(14)     Code Root Scan (ms):           Min:  0.0, Avg:  0.0, Max:  0.0, Diff:  0.0, Sum:  0.0, Workers: 4
[2.626s][debug][gc,phases         ] GC(14)     Object Copy (ms):              Min: 28.8, Avg: 29.4, Max: 30.3, Diff:  1.5, Sum: 117.8, Workers: 4
[2.626s][debug][gc,phases         ] GC(14)     Termination (ms):              Min:  0.0, Avg:  0.0, Max:  0.0, Diff:  0.0, Sum:  0.0, Workers: 4
[2.626s][debug][gc,phases         ] GC(14)       Termination Attempts:          Min: 1, Avg:  5.3, Max: 11, Diff: 10, Sum: 21, Workers: 4
[2.626s][debug][gc,phases         ] GC(14)     GC Worker Other (ms):          Min:  0.0, Avg:  0.0, Max:  0.0, Diff:  0.0, Sum:  0.0, Workers: 4
[2.627s][debug][gc,phases         ] GC(14)     GC Worker Total (ms):          Min: 36.3, Avg: 36.3, Max: 36.3, Diff:  0.0, Sum: 145.2, Workers: 4
[2.627s][info ][gc,phases         ] GC(14)   Post Evacuate Collection Set: 0.4ms
[2.627s][debug][gc,phases         ] GC(14)     Code Roots Fixup: 0.0ms
[2.627s][debug][gc,phases         ] GC(14)     Reference Processing: 0.1ms
[2.627s][debug][gc,phases,ref     ] GC(14)       Reconsider SoftReferences: 0.1ms
[2.627s][debug][gc,phases,ref     ] GC(14)         SoftRef (ms):                  skipped
[2.627s][debug][gc,phases,ref     ] GC(14)       Notify Soft/WeakReferences: 0.0ms
[2.627s][debug][gc,phases,ref     ] GC(14)         SoftRef (ms):                  skipped
[2.627s][debug][gc,phases,ref     ] GC(14)         WeakRef (ms):                  skipped
[2.627s][debug][gc,phases,ref     ] GC(14)         FinalRef (ms):                 skipped
[2.627s][debug][gc,phases,ref     ] GC(14)         Total (ms):                    skipped
[2.627s][debug][gc,phases,ref     ] GC(14)       Notify and keep alive finalizable: 0.0ms
[2.627s][debug][gc,phases,ref     ] GC(14)         FinalRef (ms):                 skipped
[2.627s][debug][gc,phases,ref     ] GC(14)       Notify PhantomReferences: 0.0ms
[2.627s][debug][gc,phases,ref     ] GC(14)         PhantomRef (ms):               skipped
[2.627s][debug][gc,phases,ref     ] GC(14)       SoftReference:
[2.627s][debug][gc,phases,ref     ] GC(14)         Discovered: 0
[2.627s][debug][gc,phases,ref     ] GC(14)         Cleared: 0
[2.627s][debug][gc,phases,ref     ] GC(14)       WeakReference:
[2.627s][debug][gc,phases,ref     ] GC(14)         Discovered: 0
[2.627s][debug][gc,phases,ref     ] GC(14)         Cleared: 0
[2.627s][debug][gc,phases,ref     ] GC(14)       FinalReference:
[2.627s][debug][gc,phases,ref     ] GC(14)         Discovered: 0
[2.627s][debug][gc,phases,ref     ] GC(14)         Cleared: 0
[2.627s][debug][gc,phases,ref     ] GC(14)       PhantomReference:
[2.627s][debug][gc,phases,ref     ] GC(14)         Discovered: 0
[2.627s][debug][gc,phases,ref     ] GC(14)         Cleared: 0
[2.627s][debug][gc,phases         ] GC(14)     Weak Processing: 0.0ms
[2.627s][debug][gc,phases         ] GC(14)       VM Weak                        Min:  0.0, Avg:  0.0, Max:  0.0, Diff:  0.0, Sum:  0.0, Workers: 3
[2.627s][debug][gc,phases         ] GC(14)         Dead                           Min: 0, Avg:  0.0, Max: 0, Diff: 0, Sum: 0, Workers: 3
[2.627s][debug][gc,phases         ] GC(14)         Total                          Min: 0, Avg:  4.7, Max: 14, Diff: 14, Sum: 14, Workers: 3
[2.627s][debug][gc,phases         ] GC(14)       ObjectSynchronizer Weak        Min:  0.0, Avg:  0.0, Max:  0.0, Diff:  0.0, Sum:  0.0, Workers: 3
[2.627s][debug][gc,phases         ] GC(14)         Dead                           Min: 0, Avg:  0.0, Max: 0, Diff: 0, Sum: 0, Workers: 3
[2.627s][debug][gc,phases         ] GC(14)         Total                          Min: 0, Avg:  1.0, Max: 3, Diff: 3, Sum: 3, Workers: 3
[2.627s][debug][gc,phases         ] GC(14)       JVMTI Tag Weak OopStorage      Min:  0.0, Avg:  0.0, Max:  0.0, Diff:  0.0, Sum:  0.0, Workers: 3
[2.627s][debug][gc,phases         ] GC(14)         Dead                           Min: 0, Avg:  0.0, Max: 0, Diff: 0, Sum: 0, Workers: 3
[2.627s][debug][gc,phases         ] GC(14)         Total                          Min: 0, Avg:  0.0, Max: 0, Diff: 0, Sum: 0, Workers: 3
[2.627s][debug][gc,phases         ] GC(14)       StringTable Weak               Min:  0.0, Avg:  0.0, Max:  0.0, Diff:  0.0, Sum:  0.1, Workers: 3
[2.627s][debug][gc,phases         ] GC(14)         Dead                           Min: 0, Avg:  0.0, Max: 0, Diff: 0, Sum: 0, Workers: 3
[2.627s][debug][gc,phases         ] GC(14)         Total                          Min: 736, Avg: 821.3, Max: 896, Diff: 160, Sum: 2464, Workers: 3
[2.627s][debug][gc,phases         ] GC(14)       ResolvedMethodTable Weak       Min:  0.0, Avg:  0.0, Max:  0.0, Diff:  0.0, Sum:  0.0, Workers: 3
[2.627s][debug][gc,phases         ] GC(14)         Dead                           Min: 0, Avg:  0.0, Max: 0, Diff: 0, Sum: 0, Workers: 3
[2.627s][debug][gc,phases         ] GC(14)         Total                          Min: 0, Avg: 45.7, Max: 73, Diff: 73, Sum: 137, Workers: 3
[2.627s][debug][gc,phases         ] GC(14)       JNI Weak                       Min:  0.0, Avg:  0.0, Max:  0.0, Diff:  0.0, Sum:  0.0, Workers: 3
[2.627s][debug][gc,phases         ] GC(14)         Dead                           Min: 0, Avg:  0.0, Max: 0, Diff: 0, Sum: 0, Workers: 3
[2.627s][debug][gc,phases         ] GC(14)         Total                          Min: 0, Avg:  0.0, Max: 0, Diff: 0, Sum: 0, Workers: 3
[2.627s][debug][gc,phases         ] GC(14)       StringDedup Table Weak         Min:  0.0, Avg:  0.0, Max:  0.0, Diff:  0.0, Sum:  0.0, Workers: 3
[2.627s][debug][gc,phases         ] GC(14)         Dead                           Min: 0, Avg:  0.0, Max: 0, Diff: 0, Sum: 0, Workers: 3
[2.627s][debug][gc,phases         ] GC(14)         Total                          Min: 0, Avg:  0.0, Max: 0, Diff: 0, Sum: 0, Workers: 3
[2.627s][debug][gc,phases         ] GC(14)       StringDedup Requests0 Weak     Min:  0.0, Avg:  0.0, Max:  0.0, Diff:  0.0, Sum:  0.0, Workers: 3
[2.627s][debug][gc,phases         ] GC(14)         Dead                           Min: 0, Avg:  0.0, Max: 0, Diff: 0, Sum: 0, Workers: 3
[2.627s][debug][gc,phases         ] GC(14)         Total                          Min: 0, Avg:  0.0, Max: 0, Diff: 0, Sum: 0, Workers: 3
[2.627s][debug][gc,phases         ] GC(14)       StringDedup Requests1 Weak     Min:  0.0, Avg:  0.0, Max:  0.0, Diff:  0.0, Sum:  0.0, Workers: 3
[2.627s][debug][gc,phases         ] GC(14)         Dead                           Min: 0, Avg:  0.0, Max: 0, Diff: 0, Sum: 0, Workers: 3
[2.627s][debug][gc,phases         ] GC(14)         Total                          Min: 0, Avg:  0.0, Max: 0, Diff: 0, Sum: 0, Workers: 3
[2.627s][debug][gc,phases         ] GC(14)       Weak JFR Old Object Samples    Min:  0.0, Avg:  0.0, Max:  0.0, Diff:  0.0, Sum:  0.0, Workers: 3
[2.627s][debug][gc,phases         ] GC(14)         Dead                           Min: 0, Avg:  0.0, Max: 0, Diff: 0, Sum: 0, Workers: 3
[2.627s][debug][gc,phases         ] GC(14)         Total                          Min: 0, Avg:  0.0, Max: 0, Diff: 0, Sum: 0, Workers: 3
[2.627s][debug][gc,phases         ] GC(14)     Post Evacuate Cleanup 1: 0.1ms
[2.627s][debug][gc,phases         ] GC(14)       Merge Per-Thread State (ms):   Min:  0.0, Avg:  0.0, Max:  0.0, Diff:  0.0, Sum:  0.0, Workers: 1
[2.628s][debug][gc,phases         ] GC(14)         Copied Bytes                   Min: 7351536, Avg: 7514516.0, Max: 7726272, Diff: 374736, Sum: 30058064, Workers: 4
[2.628s][debug][gc,phases         ] GC(14)         LAB Waste                      Min: 256, Avg: 256.0, Max: 256, Diff: 0, Sum: 1024, Workers: 4
[2.628s][debug][gc,phases         ] GC(14)         LAB Undo Waste                 Min: 0, Avg:  0.0, Max: 0, Diff: 0, Sum: 0, Workers: 4
[2.628s][debug][gc,phases         ] GC(14)       Clear Logged Cards (ms):       Min:  0.0, Avg:  0.0, Max:  0.0, Diff:  0.0, Sum:  0.0, Workers: 3
[2.628s][debug][gc,phases         ] GC(14)       Recalculate Used Memory (ms):  Min:  0.0, Avg:  0.0, Max:  0.0, Diff:  0.0, Sum:  0.0, Workers: 1
[2.628s][debug][gc,phases         ] GC(14)     Post Evacuate Cleanup 2: 0.1ms
[2.628s][debug][gc,phases         ] GC(14)       Reset Hot Card Cache (ms):     Min:  0.0, Avg:  0.0, Max:  0.0, Diff:  0.0, Sum:  0.0, Workers: 1
[2.628s][debug][gc,phases         ] GC(14)       Purge Code Roots (ms):         Min:  0.0, Avg:  0.0, Max:  0.0, Diff:  0.0, Sum:  0.0, Workers: 1
[2.628s][debug][gc,phases         ] GC(14)       Update Derived Pointers (ms):  Min:  0.0, Avg:  0.0, Max:  0.0, Diff:  0.0, Sum:  0.0, Workers: 1
[2.628s][debug][gc,phases         ] GC(14)       Eagerly Reclaim Humongous Objects (ms): Min:  0.1, Avg:  0.1, Max:  0.1, Diff:  0.0, Sum:  0.1, Workers: 1
[2.628s][debug][gc,phases         ] GC(14)         Humongous Total                Min: 1, Avg:  1.0, Max: 1, Diff: 0, Sum: 1, Workers: 1
[2.628s][debug][gc,phases         ] GC(14)         Humongous Candidates           Min: 0, Avg:  0.0, Max: 0, Diff: 0, Sum: 0, Workers: 1
[2.628s][debug][gc,phases         ] GC(14)         Humongous Reclaimed            Min: 0, Avg:  0.0, Max: 0, Diff: 0, Sum: 0, Workers: 1
[2.628s][debug][gc,phases         ] GC(14)       Redirty Logged Cards (ms):     Min:  0.0, Avg:  0.0, Max:  0.0, Diff:  0.0, Sum:  0.0, Workers: 4
[2.628s][debug][gc,phases         ] GC(14)         Redirtied Cards:               Min: 0, Avg: 1025.0, Max: 2305, Diff: 2305, Sum: 4100, Workers: 4
[2.628s][debug][gc,phases         ] GC(14)       Free Collection Set (ms):      Min:  0.0, Avg:  0.0, Max:  0.0, Diff:  0.0, Sum:  0.0, Workers: 4
[2.628s][debug][gc,phases         ] GC(14)     Rebuild Free List: 0.1ms
[2.628s][debug][gc,phases         ] GC(14)     Start New Collection Set: 0.0ms
[2.628s][debug][gc,phases         ] GC(14)     Resize TLABs: 0.0ms
[2.628s][debug][gc,phases         ] GC(14)     Expand Heap After Collection: 0.0ms
[2.628s][info ][gc,phases         ] GC(14)   Other: 0.8ms
[2.628s][info ][gc,heap           ] GC(14) Eden regions: 53->0(43)
[2.628s][info ][gc,heap           ] GC(14) Survivor regions: 9->8(8)
[2.628s][info ][gc,heap           ] GC(14) Old regions: 146->168
[2.628s][info ][gc,heap           ] GC(14) Archive regions: 0->0
[2.628s][info ][gc,heap           ] GC(14) Humongous regions: 36->36
[2.628s][info ][gc,metaspace      ] GC(14) Metaspace: 482K(640K)->482K(640K) NonClass: 445K(512K)->445K(512K) Class: 37K(128K)->37K(128K)
[2.628s][debug][gc,heap           ] GC(14) Heap after GC invocations=15 (full 0):
[2.628s][debug][gc,heap           ] GC(14)  garbage-first heap   total 1048576K, used 217088K [0x00000000c0000000, 0x0000000100000000)
[2.628s][debug][gc,heap           ] GC(14)   region size 1024K, 8 young (8192K), 8 survivors (8192K)
[2.628s][debug][gc,heap           ] GC(14)  Metaspace       used 482K, committed 640K, reserved 1056768K
[2.628s][debug][gc,heap           ] GC(14)   class space    used 37K, committed 128K, reserved 1048576K
[2.628s][info ][gc                ] GC(14) Pause Young (Prepare Mixed) (G1 Evacuation Pause) 244M->212M(1024M) 39.883ms
[2.628s][info ][gc,cpu            ] GC(14) User=0.09s Sys=0.00s Real=0.04s
[2.628s][debug][gc,refine         ] Deactivated worker 0, off threshold: 3524, current: 3331, refined cards: 769
[2.630s][debug][gc,refine         ] Activated worker 0, on threshold: 4036, current: 4099
[2.631s][debug][gc,refine         ] Deactivated worker 0, off threshold: 3524, current: 3330, refined cards: 769
[2.632s][debug][gc,refine         ] Activated worker 0, on threshold: 4036, current: 4098
[2.633s][debug][gc,refine         ] Deactivated worker 0, off threshold: 3524, current: 3329, refined cards: 769
[2.634s][debug][gc,refine         ] Activated worker 0, on threshold: 4036, current: 4097
[2.635s][debug][gc,refine         ] Deactivated worker 0, off threshold: 3524, current: 3329, refined cards: 768
[2.636s][debug][gc,refine         ] Activated worker 0, on threshold: 4036, current: 4097
[2.637s][debug][gc,refine         ] Deactivated worker 0, off threshold: 3524, current: 3328, refined cards: 769
[2.639s][debug][gc,refine         ] Activated worker 0, on threshold: 4036, current: 4096
[2.640s][debug][gc,refine         ] Deactivated worker 0, off threshold: 3524, current: 3328, refined cards: 768
[2.641s][debug][gc,refine         ] Activated worker 0, on threshold: 4036, current: 4096
[2.642s][debug][gc,refine         ] Deactivated worker 0, off threshold: 3524, current: 3328, refined cards: 768
[2.643s][debug][gc,refine         ] Activated worker 0, on threshold: 4036, current: 4096
[2.644s][debug][gc,refine         ] Deactivated worker 0, off threshold: 3524, current: 3328, refined cards: 768
[2.645s][debug][gc,refine         ] Activated worker 0, on threshold: 4036, current: 4096
[2.646s][debug][gc,refine         ] Deactivated worker 0, off threshold: 3524, current: 3328, refined cards: 768
[2.648s][debug][gc,refine         ] Activated worker 0, on threshold: 4036, current: 4096
[2.648s][debug][gc,refine         ] Deactivated worker 0, off threshold: 3524, current: 3328, refined cards: 768
[2.650s][debug][gc,refine         ] Activated worker 0, on threshold: 4036, current: 4096
[2.650s][debug][gc,refine         ] Deactivated worker 0, off threshold: 3524, current: 3328, refined cards: 768
[2.652s][debug][gc,refine         ] Activated worker 0, on threshold: 4036, current: 4096
[2.652s][debug][gc,refine         ] Deactivated worker 0, off threshold: 3524, current: 3328, refined cards: 768
[2.654s][debug][gc,refine         ] Activated worker 0, on threshold: 4036, current: 4096
[2.654s][debug][gc,refine         ] Deactivated worker 0, off threshold: 3524, current: 3328, refined cards: 768
[2.656s][debug][gc,refine         ] Activated worker 0, on threshold: 4036, current: 4096
[2.656s][debug][gc,refine         ] Deactivated worker 0, off threshold: 3524, current: 3328, refined cards: 768
[2.658s][debug][gc,refine         ] Activated worker 0, on threshold: 4036, current: 4096
[2.659s][debug][gc,refine         ] Deactivated worker 0, off threshold: 3524, current: 3328, refined cards: 768
[2.660s][debug][gc,refine         ] Activated worker 0, on threshold: 4036, current: 4096
[2.661s][debug][gc,refine         ] Deactivated worker 0, off threshold: 3524, current: 3328, refined cards: 768
[2.662s][debug][gc,refine         ] Activated worker 0, on threshold: 4036, current: 4096
[2.663s][debug][gc,refine         ] Deactivated worker 0, off threshold: 3524, current: 3328, refined cards: 768
[2.664s][debug][gc,refine         ] Activated worker 0, on threshold: 4036, current: 4096
[2.665s][debug][gc,refine         ] Deactivated worker 0, off threshold: 3524, current: 3328, refined cards: 768
[2.666s][debug][gc,refine         ] Activated worker 0, on threshold: 4036, current: 4096
[2.667s][debug][gc,refine         ] Deactivated worker 0, off threshold: 3524, current: 3328, refined cards: 768
[2.668s][debug][gc,refine         ] Activated worker 0, on threshold: 4036, current: 4096
[2.669s][debug][gc,refine         ] Deactivated worker 0, off threshold: 3524, current: 3328, refined cards: 768
[2.670s][debug][gc,refine         ] Activated worker 0, on threshold: 4036, current: 4096
[2.671s][debug][gc,refine         ] Deactivated worker 0, off threshold: 3524, current: 3328, refined cards: 768
[2.672s][debug][gc,refine         ] Activated worker 0, on threshold: 4036, current: 4096
[2.673s][debug][gc,refine         ] Deactivated worker 0, off threshold: 3524, current: 3328, refined cards: 768
[2.674s][debug][gc,refine         ] Activated worker 0, on threshold: 4036, current: 4096
[2.675s][debug][gc,refine         ] Deactivated worker 0, off threshold: 3524, current: 3328, refined cards: 768
[2.677s][debug][gc,refine         ] Activated worker 0, on threshold: 4036, current: 4096
[2.678s][debug][gc,refine         ] Deactivated worker 0, off threshold: 3524, current: 3328, refined cards: 768
[2.679s][debug][gc,refine         ] Activated worker 0, on threshold: 4036, current: 4096
[2.680s][debug][gc,refine         ] Deactivated worker 0, off threshold: 3524, current: 3328, refined cards: 768
[2.681s][debug][gc,refine         ] Activated worker 0, on threshold: 4036, current: 4096
[2.682s][debug][gc,refine         ] Deactivated worker 0, off threshold: 3524, current: 3328, refined cards: 768
[2.683s][debug][gc,refine         ] Activated worker 0, on threshold: 4036, current: 4096
[2.684s][debug][gc,refine         ] Deactivated worker 0, off threshold: 3524, current: 3328, refined cards: 768
[2.685s][debug][gc,refine         ] Activated worker 0, on threshold: 4036, current: 4096
[2.686s][debug][gc,refine         ] Deactivated worker 0, off threshold: 3524, current: 3328, refined cards: 768
[2.687s][debug][gc,refine         ] Activated worker 0, on threshold: 4036, current: 4096
[2.688s][debug][gc,refine         ] Deactivated worker 0, off threshold: 3524, current: 3328, refined cards: 768
[2.689s][debug][gc,heap           ] GC(15) Heap before GC invocations=15 (full 0):
[2.689s][debug][gc,heap           ] GC(15)  garbage-first heap   total 1048576K, used 261120K [0x00000000c0000000, 0x0000000100000000)
[2.689s][debug][gc,heap           ] GC(15)   region size 1024K, 51 young (52224K), 8 survivors (8192K)
[2.689s][debug][gc,heap           ] GC(15)  Metaspace       used 482K, committed 640K, reserved 1056768K
[2.689s][debug][gc,heap           ] GC(15)   class space    used 37K, committed 128K, reserved 1048576K
[2.689s][info ][gc,start          ] GC(15) Pause Young (Mixed) (G1 Evacuation Pause)
[2.689s][info ][gc,task           ] GC(15) Using 4 workers of 4 for evacuation
[2.689s][debug][gc,tlab           ] GC(15) TLAB totals: thrds: 1  refills: 129 max: 129 slow allocs: 0 max 0 waste:  0.2% gc: 0B max: 0B slow: 74304B max: 74304B
[2.689s][debug][gc,age            ] GC(15) Desired survivor size 3670016 bytes, new threshold 1 (max threshold 15)
[2.689s][debug][gc,refine,stats   ] GC(15) Mutator refinement: 0.00ms, refined: 0, precleaned: 0, dirtied: 21981
[2.689s][debug][gc,refine,stats   ] GC(15) Concurrent refinement: 16.85ms, refined: 22276, precleaned: 1024, dirtied: 0
[2.689s][debug][gc,refine,stats   ] GC(15) Total refinement: 16.85ms, refined: 22276, precleaned: 1024, dirtied: 21981
[2.689s][debug][gc,refine,stats   ] GC(15) Concurrent refinement rate: 1322.38 cards/ms
[2.689s][debug][gc,refine,stats   ] GC(15) Generate dirty cards rate: 346.44 cards/ms
[2.689s][debug][gc,alloc,region   ] GC(15) Mutator Allocation stats, regions: 43, wasted size: 0B ( 0.0%)
[2.689s][debug][gc,ergo,cset      ] GC(15) Start adding old regions to collection set. Min 1 regions, max 103 regions, time remaining 79.57ms, optional threshold 15.91ms
[2.689s][debug][gc,ergo,cset      ] GC(15) Old candidate collection set empty.
[2.689s][debug][gc,ergo,cset      ] GC(15) Finish choosing collection set old regions. Initial: 1, optional: 0, predicted old time: 0.00ms, predicted optional time: 0.00ms, time remaining: 78.57
[2.689s][debug][gc,humongous      ] GC(15) Humongous region 157 (object size 36920416 @ 0x00000000c9d00000) remset 1 code roots 0 marked 0 reclaim candidate 0 type array 0
[2.689s][debug][gc,ergo           ] GC(15) Running G1 Merge Heap Roots using 4 workers for 52 regions
[2.690s][debug][gc,remset         ] GC(15) Visited cards 27648 Total dirty 32768 (84.38%) Total old 628736 (4.40%)
[2.760s][debug][gc,ref            ] GC(15) Skipped phase 1 of Reference Processing: no references
[2.760s][debug][gc,ref            ] GC(15) Skipped phase 2 of Reference Processing: no references
[2.760s][debug][gc,ref            ] GC(15) Skipped phase 3 of Reference Processing: no references
[2.760s][debug][gc,ref            ] GC(15) Skipped phase 4 of Reference Processing: no references
[2.760s][debug][gc,ergo           ] GC(15) Running G1 Rebuild Free List Task using 4 workers for rebuilding free list of regions
[2.760s][debug][gc,plab           ] GC(15) Young PLAB allocation: allocated: 7340032B, wasted: 448B, unused: 0B, used: 7339584B, undo waste: 0B, 
[2.760s][debug][gc,plab           ] GC(15) Young other allocation: region end waste: 0B, regions filled: 7, direct allocated: 0B, failure used: 0B, failure wasted: 0B
[2.760s][debug][gc,plab           ] GC(15) Young sizing: calculated: 1467912B, actual: 1526896B
[2.760s][debug][gc,plab           ] GC(15) Old PLAB allocation: allocated: 47185920B, wasted: 1376B, unused: 1121280B, used: 46063264B, undo waste: 0B, 
[2.760s][debug][gc,plab           ] GC(15) Old other allocation: region end waste: 0B, regions filled: 45, direct allocated: 0B, failure used: 0B, failure wasted: 0B
[2.760s][debug][gc,plab           ] GC(15) Old sizing: calculated: 9212648B, actual: 8332944B
[2.760s][debug][gc,ergo,heap      ] GC(15) Heap expansion: short term pause time ratio 45.44% long term pause time ratio 40.21% threshold 7.69% pause time ratio 7.69% fully expanded true resize by 0B
[2.760s][debug][gc,mmu            ] GC(15) MMU: 108.5ms (200.0ms/201.0ms)
[2.760s][debug][gc,ergo           ] GC(15) do not continue mixed GCs (candidate old regions not available)
[2.760s][debug][gc,alloc,stats    ] Old generation allocation in the last mutator period, old gen allocated: 47185920B, humongous allocated: 0B,old gen growth: 47185920B.
[2.760s][debug][gc,ihop           ] GC(15) Basic information (value update), threshold: 483183820B (45.00), target occupancy: 1073741824B, current occupancy: 267386880B, recent allocation size: 47185920B, recent allocation duration: 87.35ms, recent old gen allocation rate: 540192466.65B/s, recent marking phase length: 397.99ms
[2.760s][debug][gc,ihop           ] GC(15) Adaptive IHOP information (value update), threshold: 483183820B (52.94), internal target occupancy: 912680550B, occupancy: 267386880B, additional buffer size: 0B, predicted old gen allocation rate: 433664772.29B/s, predicted marking phase length: 795.98ms, prediction active: false
[2.760s][debug][gc,ergo,refine    ] GC(15) Concurrent refinement times: Logged Cards Scan time goal: 19.99ms Logged Cards Scan time: 1.51ms HCC time: 0.01ms
[2.760s][debug][gc,ergo,refine    ] GC(15) Updated Refinement Zones: green: 3876, yellow: 11628, red: 19380
[2.760s][info ][gc,phases         ] GC(15)   Pre Evacuate Collection Set: 0.2ms
[2.760s][debug][gc,phases         ] GC(15)     Prepare TLABs: 0.0ms
[2.760s][debug][gc,phases         ] GC(15)     Concatenate Dirty Card Logs: 0.0ms
[2.760s][debug][gc,phases         ] GC(15)     Choose Collection Set: 0.1ms
[2.761s][debug][gc,phases         ] GC(15)     Region Register: 0.1ms
[2.761s][debug][gc,phases         ] GC(15)     Prepare Heap Roots: 0.0ms
[2.761s][info ][gc,phases         ] GC(15)   Merge Heap Roots: 0.3ms
[2.761s][debug][gc,phases         ] GC(15)     Prepare Merge Heap Roots: 0.0ms
[2.761s][debug][gc,phases         ] GC(15)     Eager Reclaim (ms):            skipped
[2.761s][debug][gc,phases         ] GC(15)     Remembered Sets (ms):          Min:  0.0, Avg:  0.1, Max:  0.2, Diff:  0.2, Sum:  0.3, Workers: 4
[2.761s][debug][gc,phases         ] GC(15)       Merged Sparse:                 Min: 0, Avg:  0.3, Max: 1, Diff: 1, Sum: 1, Workers: 4
[2.761s][debug][gc,phases         ] GC(15)       Merged Fine:                   Min: 0, Avg: 16.5, Max: 45, Diff: 45, Sum: 66, Workers: 4
[2.761s][debug][gc,phases         ] GC(15)       Merged Coarse:                 Min: 0, Avg:  0.0, Max: 0, Diff: 0, Sum: 0, Workers: 4
[2.761s][debug][gc,phases         ] GC(15)       Dirty Cards:                   Min: 0, Avg: 5309.8, Max: 12272, Diff: 12272, Sum: 21239, Workers: 4
[2.761s][debug][gc,phases         ] GC(15)     Hot Card Cache (ms):           Min:  0.0, Avg:  0.0, Max:  0.0, Diff:  0.0, Sum:  0.0, Workers: 4
[2.761s][debug][gc,phases         ] GC(15)       Dirty Cards:                   Min: 0, Avg: 252.0, Max: 952, Diff: 952, Sum: 1008, Workers: 4
[2.761s][debug][gc,phases         ] GC(15)       Skipped Cards:                 Min: 0, Avg:  0.0, Max: 0, Diff: 0, Sum: 0, Workers: 4
[2.761s][debug][gc,phases         ] GC(15)     Log Buffers (ms):              Min:  0.0, Avg:  0.0, Max:  0.0, Diff:  0.0, Sum:  0.1, Workers: 4
[2.761s][debug][gc,phases         ] GC(15)       Dirty Cards:                   Min: 0, Avg: 947.3, Max: 2296, Diff: 2296, Sum: 3789, Workers: 4
[2.761s][debug][gc,phases         ] GC(15)       Skipped Cards:                 Min: 0, Avg:  0.0, Max: 0, Diff: 0, Sum: 0, Workers: 4
[2.761s][info ][gc,phases         ] GC(15)   Evacuate Collection Set: 69.7ms
[2.761s][debug][gc,phases         ] GC(15)     Ext Root Scanning (ms):        Min:  0.0, Avg:  0.2, Max:  0.7, Diff:  0.7, Sum:  0.8, Workers: 4
[2.761s][debug][gc,phases         ] GC(15)     Scan Heap Roots (ms):          Min:  9.0, Avg: 10.3, Max: 13.2, Diff:  4.2, Sum: 41.0, Workers: 4
[2.761s][debug][gc,phases         ] GC(15)       Scanned Cards:                 Min: 5681, Avg: 6520.5, Max: 7169, Diff: 1488, Sum: 26082, Workers: 4
[2.761s][debug][gc,phases         ] GC(15)       Scanned Blocks:                Min: 23, Avg: 27.0, Max: 31, Diff: 8, Sum: 108, Workers: 4
[2.761s][debug][gc,phases         ] GC(15)       Claimed Chunks:                Min: 23, Avg: 27.0, Max: 31, Diff: 8, Sum: 108, Workers: 4
[2.761s][debug][gc,phases         ] GC(15)     Code Root Scan (ms):           Min:  0.0, Avg:  0.0, Max:  0.0, Diff:  0.0, Sum:  0.0, Workers: 4
[2.761s][debug][gc,phases         ] GC(15)     Object Copy (ms):              Min: 56.0, Avg: 58.8, Max: 60.3, Diff:  4.3, Sum: 235.3, Workers: 4
[2.761s][debug][gc,phases         ] GC(15)     Termination (ms):              Min:  0.0, Avg:  0.2, Max:  0.4, Diff:  0.4, Sum:  0.8, Workers: 4
[2.761s][debug][gc,phases         ] GC(15)       Termination Attempts:          Min: 1, Avg:  2.0, Max: 3, Diff: 2, Sum: 8, Workers: 4
[2.761s][debug][gc,phases         ] GC(15)     GC Worker Other (ms):          Min:  0.0, Avg:  0.0, Max:  0.0, Diff:  0.0, Sum:  0.1, Workers: 4
[2.761s][debug][gc,phases         ] GC(15)     GC Worker Total (ms):          Min: 69.3, Avg: 69.5, Max: 69.7, Diff:  0.4, Sum: 278.0, Workers: 4
[2.761s][info ][gc,phases         ] GC(15)   Post Evacuate Collection Set: 0.5ms
[2.761s][debug][gc,phases         ] GC(15)     Code Roots Fixup: 0.0ms
[2.761s][debug][gc,phases         ] GC(15)     Reference Processing: 0.2ms
[2.761s][debug][gc,phases,ref     ] GC(15)       Reconsider SoftReferences: 0.1ms
[2.761s][debug][gc,phases,ref     ] GC(15)         SoftRef (ms):                  skipped
[2.761s][debug][gc,phases,ref     ] GC(15)       Notify Soft/WeakReferences: 0.0ms
[2.761s][debug][gc,phases,ref     ] GC(15)         SoftRef (ms):                  skipped
[2.761s][debug][gc,phases,ref     ] GC(15)         WeakRef (ms):                  skipped
[2.761s][debug][gc,phases,ref     ] GC(15)         FinalRef (ms):                 skipped
[2.762s][debug][gc,phases,ref     ] GC(15)         Total (ms):                    skipped
[2.762s][debug][gc,phases,ref     ] GC(15)       Notify and keep alive finalizable: 0.0ms
[2.762s][debug][gc,phases,ref     ] GC(15)         FinalRef (ms):                 skipped
[2.762s][debug][gc,phases,ref     ] GC(15)       Notify PhantomReferences: 0.0ms
[2.762s][debug][gc,phases,ref     ] GC(15)         PhantomRef (ms):               skipped
[2.762s][debug][gc,phases,ref     ] GC(15)       SoftReference:
[2.762s][debug][gc,phases,ref     ] GC(15)         Discovered: 0
[2.762s][debug][gc,phases,ref     ] GC(15)         Cleared: 0
[2.762s][debug][gc,phases,ref     ] GC(15)       WeakReference:
[2.762s][debug][gc,phases,ref     ] GC(15)         Discovered: 0
[2.762s][debug][gc,phases,ref     ] GC(15)         Cleared: 0
[2.762s][debug][gc,phases,ref     ] GC(15)       FinalReference:
[2.762s][debug][gc,phases,ref     ] GC(15)         Discovered: 0
[2.762s][debug][gc,phases,ref     ] GC(15)         Cleared: 0
[2.762s][debug][gc,phases,ref     ] GC(15)       PhantomReference:
[2.762s][debug][gc,phases,ref     ] GC(15)         Discovered: 0
[2.762s][debug][gc,phases,ref     ] GC(15)         Cleared: 0
[2.762s][debug][gc,phases         ] GC(15)     Weak Processing: 0.0ms
[2.762s][debug][gc,phases         ] GC(15)       VM Weak                        Min:  0.0, Avg:  0.0, Max:  0.0, Diff:  0.0, Sum:  0.0, Workers: 3
[2.762s][debug][gc,phases         ] GC(15)         Dead                           Min: 0, Avg:  0.0, Max: 0, Diff: 0, Sum: 0, Workers: 3
[2.762s][debug][gc,phases         ] GC(15)         Total                          Min: 0, Avg:  4.7, Max: 14, Diff: 14, Sum: 14, Workers: 3
[2.762s][debug][gc,phases         ] GC(15)       ObjectSynchronizer Weak        Min:  0.0, Avg:  0.0, Max:  0.0, Diff:  0.0, Sum:  0.0, Workers: 3
[2.762s][debug][gc,phases         ] GC(15)         Dead                           Min: 0, Avg:  0.0, Max: 0, Diff: 0, Sum: 0, Workers: 3
[2.762s][debug][gc,phases         ] GC(15)         Total                          Min: 0, Avg:  1.0, Max: 3, Diff: 3, Sum: 3, Workers: 3
[2.762s][debug][gc,phases         ] GC(15)       JVMTI Tag Weak OopStorage      Min:  0.0, Avg:  0.0, Max:  0.0, Diff:  0.0, Sum:  0.0, Workers: 3
[2.762s][debug][gc,phases         ] GC(15)         Dead                           Min: 0, Avg:  0.0, Max: 0, Diff: 0, Sum: 0, Workers: 3
[2.762s][debug][gc,phases         ] GC(15)         Total                          Min: 0, Avg:  0.0, Max: 0, Diff: 0, Sum: 0, Workers: 3
[2.762s][debug][gc,phases         ] GC(15)       StringTable Weak               Min:  0.0, Avg:  0.0, Max:  0.0, Diff:  0.0, Sum:  0.0, Workers: 3
[2.762s][debug][gc,phases         ] GC(15)         Dead                           Min: 0, Avg:  0.0, Max: 0, Diff: 0, Sum: 0, Workers: 3
[2.762s][debug][gc,phases         ] GC(15)         Total                          Min: 320, Avg: 821.3, Max: 1088, Diff: 768, Sum: 2464, Workers: 3
[2.762s][debug][gc,phases         ] GC(15)       ResolvedMethodTable Weak       Min:  0.0, Avg:  0.0, Max:  0.0, Diff:  0.0, Sum:  0.0, Workers: 3
[2.762s][debug][gc,phases         ] GC(15)         Dead                           Min: 0, Avg:  0.0, Max: 0, Diff: 0, Sum: 0, Workers: 3
[2.763s][debug][gc,phases         ] GC(15)         Total                          Min: 0, Avg: 45.7, Max: 73, Diff: 73, Sum: 137, Workers: 3
[2.763s][debug][gc,phases         ] GC(15)       JNI Weak                       Min:  0.0, Avg:  0.0, Max:  0.0, Diff:  0.0, Sum:  0.0, Workers: 3
[2.763s][debug][gc,phases         ] GC(15)         Dead                           Min: 0, Avg:  0.0, Max: 0, Diff: 0, Sum: 0, Workers: 3
[2.763s][debug][gc,phases         ] GC(15)         Total                          Min: 0, Avg:  0.0, Max: 0, Diff: 0, Sum: 0, Workers: 3
[2.763s][debug][gc,phases         ] GC(15)       StringDedup Table Weak         Min:  0.0, Avg:  0.0, Max:  0.0, Diff:  0.0, Sum:  0.0, Workers: 3
[2.763s][debug][gc,phases         ] GC(15)         Dead                           Min: 0, Avg:  0.0, Max: 0, Diff: 0, Sum: 0, Workers: 3
[2.763s][debug][gc,phases         ] GC(15)         Total                          Min: 0, Avg:  0.0, Max: 0, Diff: 0, Sum: 0, Workers: 3
[2.763s][debug][gc,phases         ] GC(15)       StringDedup Requests0 Weak     Min:  0.0, Avg:  0.0, Max:  0.0, Diff:  0.0, Sum:  0.0, Workers: 3
[2.763s][debug][gc,phases         ] GC(15)         Dead                           Min: 0, Avg:  0.0, Max: 0, Diff: 0, Sum: 0, Workers: 3
[2.763s][debug][gc,phases         ] GC(15)         Total                          Min: 0, Avg:  0.0, Max: 0, Diff: 0, Sum: 0, Workers: 3
[2.763s][debug][gc,phases         ] GC(15)       StringDedup Requests1 Weak     Min:  0.0, Avg:  0.0, Max:  0.0, Diff:  0.0, Sum:  0.0, Workers: 3
[2.763s][debug][gc,phases         ] GC(15)         Dead                           Min: 0, Avg:  0.0, Max: 0, Diff: 0, Sum: 0, Workers: 3
[2.763s][debug][gc,phases         ] GC(15)         Total                          Min: 0, Avg:  0.0, Max: 0, Diff: 0, Sum: 0, Workers: 3
[2.763s][debug][gc,phases         ] GC(15)       Weak JFR Old Object Samples    Min:  0.0, Avg:  0.0, Max:  0.0, Diff:  0.0, Sum:  0.0, Workers: 3
[2.763s][debug][gc,phases         ] GC(15)         Dead                           Min: 0, Avg:  0.0, Max: 0, Diff: 0, Sum: 0, Workers: 3
[2.763s][debug][gc,phases         ] GC(15)         Total                          Min: 0, Avg:  0.0, Max: 0, Diff: 0, Sum: 0, Workers: 3
[2.763s][debug][gc,phases         ] GC(15)     Post Evacuate Cleanup 1: 0.1ms
[2.763s][debug][gc,phases         ] GC(15)       Merge Per-Thread State (ms):   Min:  0.0, Avg:  0.0, Max:  0.0, Diff:  0.0, Sum:  0.0, Workers: 1
[2.763s][debug][gc,phases         ] GC(15)         Copied Bytes                   Min: 11687792, Avg: 13350712.0, Max: 14686976, Diff: 2999184, Sum: 53402848, Workers: 4
[2.763s][debug][gc,phases         ] GC(15)         LAB Waste                      Min: 432, Avg: 456.0, Max: 480, Diff: 48, Sum: 1824, Workers: 4
[2.763s][debug][gc,phases         ] GC(15)         LAB Undo Waste                 Min: 0, Avg:  0.0, Max: 0, Diff: 0, Sum: 0, Workers: 4
[2.763s][debug][gc,phases         ] GC(15)       Clear Logged Cards (ms):       Min:  0.0, Avg:  0.0, Max:  0.0, Diff:  0.0, Sum:  0.0, Workers: 3
[2.763s][debug][gc,phases         ] GC(15)       Recalculate Used Memory (ms):  Min:  0.0, Avg:  0.0, Max:  0.0, Diff:  0.0, Sum:  0.0, Workers: 1
[2.763s][debug][gc,phases         ] GC(15)     Post Evacuate Cleanup 2: 0.1ms
[2.763s][debug][gc,phases         ] GC(15)       Reset Hot Card Cache (ms):     Min:  0.0, Avg:  0.0, Max:  0.0, Diff:  0.0, Sum:  0.0, Workers: 1
[2.763s][debug][gc,phases         ] GC(15)       Purge Code Roots (ms):         Min:  0.0, Avg:  0.0, Max:  0.0, Diff:  0.0, Sum:  0.0, Workers: 1
[2.764s][debug][gc,phases         ] GC(15)       Update Derived Pointers (ms):  Min:  0.0, Avg:  0.0, Max:  0.0, Diff:  0.0, Sum:  0.0, Workers: 1
[2.764s][debug][gc,phases         ] GC(15)       Eagerly Reclaim Humongous Objects (ms): Min:  0.1, Avg:  0.1, Max:  0.1, Diff:  0.0, Sum:  0.1, Workers: 1
[2.764s][debug][gc,phases         ] GC(15)         Humongous Total                Min: 1, Avg:  1.0, Max: 1, Diff: 0, Sum: 1, Workers: 1
[2.764s][debug][gc,phases         ] GC(15)         Humongous Candidates           Min: 0, Avg:  0.0, Max: 0, Diff: 0, Sum: 0, Workers: 1
[2.764s][debug][gc,phases         ] GC(15)         Humongous Reclaimed            Min: 0, Avg:  0.0, Max: 0, Diff: 0, Sum: 0, Workers: 1
[2.764s][debug][gc,phases         ] GC(15)       Redirty Logged Cards (ms):     Min:  0.0, Avg:  0.0, Max:  0.0, Diff:  0.0, Sum:  0.0, Workers: 4
[2.764s][debug][gc,phases         ] GC(15)         Redirtied Cards:               Min: 0, Avg: 896.5, Max: 3074, Diff: 3074, Sum: 3586, Workers: 4
[2.764s][debug][gc,phases         ] GC(15)       Free Collection Set (ms):      Min:  0.0, Avg:  0.0, Max:  0.0, Diff:  0.0, Sum:  0.0, Workers: 4
[2.764s][debug][gc,phases         ] GC(15)     Rebuild Free List: 0.1ms
[2.764s][debug][gc,phases         ] GC(15)     Start New Collection Set: 0.0ms
[2.764s][debug][gc,phases         ] GC(15)     Resize TLABs: 0.0ms
[2.764s][debug][gc,phases         ] GC(15)     Expand Heap After Collection: 0.0ms
[2.764s][info ][gc,phases         ] GC(15)   Other: 0.8ms
[2.764s][info ][gc,heap           ] GC(15) Eden regions: 43->0(80)
[2.764s][info ][gc,heap           ] GC(15) Survivor regions: 8->7(7)
[2.764s][info ][gc,heap           ] GC(15) Old regions: 168->212
[2.764s][info ][gc,heap           ] GC(15) Archive regions: 0->0
[2.764s][info ][gc,heap           ] GC(15) Humongous regions: 36->36
[2.764s][info ][gc,metaspace      ] GC(15) Metaspace: 482K(640K)->482K(640K) NonClass: 445K(512K)->445K(512K) Class: 37K(128K)->37K(128K)
[2.764s][debug][gc,heap           ] GC(15) Heap after GC invocations=16 (full 0):
[2.764s][debug][gc,heap           ] GC(15)  garbage-first heap   total 1048576K, used 261120K [0x00000000c0000000, 0x0000000100000000)
[2.764s][debug][gc,heap           ] GC(15)   region size 1024K, 7 young (7168K), 7 survivors (7168K)
[2.764s][debug][gc,heap           ] GC(15)  Metaspace       used 482K, committed 640K, reserved 1056768K
[2.764s][debug][gc,heap           ] GC(15)   class space    used 37K, committed 128K, reserved 1048576K
[2.764s][info ][gc                ] GC(15) Pause Young (Mixed) (G1 Evacuation Pause) 255M->255M(1024M) 75.218ms
[2.764s][info ][gc,cpu            ] GC(15) User=0.20s Sys=0.00s Real=0.08s
[2.770s][debug][gc,refine         ] Activated worker 0, on threshold: 4388, current: 4610
[2.770s][debug][gc,refine         ] Deactivated worker 0, off threshold: 3876, current: 3825, refined cards: 785
[2.772s][debug][gc,refine         ] Activated worker 0, on threshold: 4388, current: 4593
[2.773s][debug][gc,refine         ] Deactivated worker 0, off threshold: 3876, current: 3825, refined cards: 768
[2.775s][debug][gc,refine         ] Activated worker 0, on threshold: 4388, current: 4593
[2.776s][debug][gc,refine         ] Deactivated worker 0, off threshold: 3876, current: 3680, refined cards: 1169
[2.778s][debug][gc,refine         ] Activated worker 0, on threshold: 4388, current: 4448
[2.779s][debug][gc,refine         ] Deactivated worker 0, off threshold: 3876, current: 3840, refined cards: 608
[2.781s][debug][gc,refine         ] Activated worker 0, on threshold: 4388, current: 4608
[2.781s][debug][gc,refine         ] Deactivated worker 0, off threshold: 3876, current: 3840, refined cards: 768
[2.783s][debug][gc,refine         ] Activated worker 0, on threshold: 4388, current: 4608
[2.784s][debug][gc,refine         ] Deactivated worker 0, off threshold: 3876, current: 3840, refined cards: 1024
[2.786s][debug][gc,refine         ] Activated worker 0, on threshold: 4388, current: 4608
[2.787s][debug][gc,refine         ] Deactivated worker 0, off threshold: 3876, current: 3840, refined cards: 768
[2.788s][debug][gc,refine         ] Activated worker 0, on threshold: 4388, current: 4608
[2.789s][debug][gc,refine         ] Deactivated worker 0, off threshold: 3876, current: 3840, refined cards: 768
[2.790s][debug][gc,refine         ] Activated worker 0, on threshold: 4388, current: 4608
[2.791s][debug][gc,refine         ] Deactivated worker 0, off threshold: 3876, current: 3840, refined cards: 768
[2.792s][debug][gc,refine         ] Activated worker 0, on threshold: 4388, current: 4608
[2.793s][debug][gc,refine         ] Deactivated worker 0, off threshold: 3876, current: 3840, refined cards: 1024
[2.795s][debug][gc,refine         ] Activated worker 0, on threshold: 4388, current: 4608
[2.795s][debug][gc,refine         ] Deactivated worker 0, off threshold: 3876, current: 3840, refined cards: 768
[2.797s][debug][gc,refine         ] Activated worker 0, on threshold: 4388, current: 4608
[2.798s][debug][gc,refine         ] Deactivated worker 0, off threshold: 3876, current: 3840, refined cards: 1024
[2.800s][debug][gc,refine         ] Activated worker 0, on threshold: 4388, current: 4608
[2.801s][debug][gc,refine         ] Deactivated worker 0, off threshold: 3876, current: 3840, refined cards: 768
[2.802s][debug][gc,task,start     ] G1 Service Thread (Remembered Set Sampling Task) (run)
[2.802s][debug][gc,task           ] G1 Service Thread (Remembered Set Sampling Task) (run) 0.051ms (cpu: 0.000ms)
[2.803s][debug][gc,refine         ] Activated worker 0, on threshold: 4388, current: 4608
[2.804s][debug][gc,refine         ] Deactivated worker 0, off threshold: 3876, current: 3840, refined cards: 768
[2.805s][debug][gc,refine         ] Activated worker 0, on threshold: 4388, current: 4608
[2.806s][debug][gc,refine         ] Deactivated worker 0, off threshold: 3876, current: 3840, refined cards: 768
[2.808s][debug][gc,refine         ] Activated worker 0, on threshold: 4388, current: 4608
[2.810s][debug][gc,refine         ] Deactivated worker 0, off threshold: 3876, current: 3840, refined cards: 1024
[2.812s][debug][gc,refine         ] Activated worker 0, on threshold: 4388, current: 4608
[2.813s][debug][gc,refine         ] Deactivated worker 0, off threshold: 3876, current: 3840, refined cards: 1024
[2.821s][debug][gc,refine         ] Activated worker 0, on threshold: 4388, current: 4608
[2.822s][debug][gc,refine         ] Deactivated worker 0, off threshold: 3876, current: 3840, refined cards: 768
[2.825s][debug][gc,refine         ] Activated worker 0, on threshold: 4388, current: 4608
[2.826s][debug][gc,refine         ] Deactivated worker 0, off threshold: 3876, current: 3840, refined cards: 768
[2.828s][debug][gc,refine         ] Activated worker 0, on threshold: 4388, current: 4608
[2.828s][debug][gc,refine         ] Deactivated worker 0, off threshold: 3876, current: 3840, refined cards: 768
[2.830s][debug][gc,refine         ] Activated worker 0, on threshold: 4388, current: 4608
[2.830s][debug][gc,refine         ] Deactivated worker 0, off threshold: 3876, current: 3840, refined cards: 768
[2.832s][debug][gc,refine         ] Activated worker 0, on threshold: 4388, current: 4608
[2.833s][debug][gc,refine         ] Deactivated worker 0, off threshold: 3876, current: 3840, refined cards: 768
[2.835s][debug][gc,refine         ] Activated worker 0, on threshold: 4388, current: 4608
[2.835s][debug][gc,refine         ] Deactivated worker 0, off threshold: 3876, current: 3840, refined cards: 768
[2.838s][debug][gc,refine         ] Activated worker 0, on threshold: 4388, current: 4608
[2.839s][debug][gc,refine         ] Deactivated worker 0, off threshold: 3876, current: 3840, refined cards: 768
[2.840s][debug][gc,refine         ] Activated worker 0, on threshold: 4388, current: 4608
[2.842s][debug][gc,refine         ] Deactivated worker 0, off threshold: 3876, current: 3840, refined cards: 1024
[2.843s][debug][gc,refine         ] Activated worker 0, on threshold: 4388, current: 4608
[2.845s][debug][gc,refine         ] Deactivated worker 0, off threshold: 3876, current: 3840, refined cards: 1024
[2.846s][debug][gc,refine         ] Activated worker 0, on threshold: 4388, current: 4608
[2.847s][debug][gc,refine         ] Deactivated worker 0, off threshold: 3876, current: 3840, refined cards: 768
[2.849s][debug][gc,refine         ] Activated worker 0, on threshold: 4388, current: 4608
[2.850s][debug][gc,refine         ] Deactivated worker 0, off threshold: 3876, current: 3840, refined cards: 1024
[2.852s][debug][gc,refine         ] Activated worker 0, on threshold: 4388, current: 4608
[2.853s][debug][gc,refine         ] Deactivated worker 0, off threshold: 3876, current: 3840, refined cards: 768
[2.854s][debug][gc,refine         ] Activated worker 0, on threshold: 4388, current: 4608
[2.855s][debug][gc,refine         ] Deactivated worker 0, off threshold: 3876, current: 3840, refined cards: 1024
[2.858s][debug][gc,refine         ] Activated worker 0, on threshold: 4388, current: 4608
[2.859s][debug][gc,refine         ] Deactivated worker 0, off threshold: 3876, current: 3840, refined cards: 768
[2.860s][debug][gc,refine         ] Activated worker 0, on threshold: 4388, current: 4608
[2.861s][debug][gc,refine         ] Deactivated worker 0, off threshold: 3876, current: 3840, refined cards: 768
[2.862s][debug][gc,refine         ] Activated worker 0, on threshold: 4388, current: 4608
[2.863s][debug][gc,refine         ] Deactivated worker 0, off threshold: 3876, current: 3840, refined cards: 768
[2.865s][debug][gc,refine         ] Activated worker 0, on threshold: 4388, current: 4608
[2.866s][debug][gc,refine         ] Deactivated worker 0, off threshold: 3876, current: 3840, refined cards: 768
[2.868s][debug][gc,refine         ] Activated worker 0, on threshold: 4388, current: 4608
[2.868s][debug][gc,refine         ] Deactivated worker 0, off threshold: 3876, current: 3840, refined cards: 768
[2.870s][debug][gc,refine         ] Activated worker 0, on threshold: 4388, current: 4608
[2.870s][debug][gc,refine         ] Deactivated worker 0, off threshold: 3876, current: 3840, refined cards: 768
[2.872s][debug][gc,refine         ] Activated worker 0, on threshold: 4388, current: 4608
[2.873s][debug][gc,refine         ] Deactivated worker 0, off threshold: 3876, current: 3840, refined cards: 768
[2.874s][debug][gc,refine         ] Activated worker 0, on threshold: 4388, current: 4608
[2.875s][debug][gc,refine         ] Deactivated worker 0, off threshold: 3876, current: 3840, refined cards: 768
[2.877s][debug][gc,refine         ] Activated worker 0, on threshold: 4388, current: 4608
[2.877s][debug][gc,refine         ] Deactivated worker 0, off threshold: 3876, current: 3840, refined cards: 768
[2.879s][debug][gc,refine         ] Activated worker 0, on threshold: 4388, current: 4608
[2.879s][debug][gc,refine         ] Deactivated worker 0, off threshold: 3876, current: 3840, refined cards: 768
[2.881s][debug][gc,refine         ] Activated worker 0, on threshold: 4388, current: 4608
[2.881s][debug][gc,refine         ] Deactivated worker 0, off threshold: 3876, current: 3840, refined cards: 768
[2.884s][debug][gc,refine         ] Activated worker 0, on threshold: 4388, current: 4608
[2.884s][debug][gc,refine         ] Deactivated worker 0, off threshold: 3876, current: 3840, refined cards: 768
[2.887s][debug][gc,refine         ] Activated worker 0, on threshold: 4388, current: 4608
[2.887s][debug][gc,refine         ] Deactivated worker 0, off threshold: 3876, current: 3840, refined cards: 768
[2.889s][debug][gc,refine         ] Activated worker 0, on threshold: 4388, current: 4608
[2.890s][debug][gc,refine         ] Deactivated worker 0, off threshold: 3876, current: 3840, refined cards: 768
[2.893s][debug][gc,refine         ] Activated worker 0, on threshold: 4388, current: 4608
[2.894s][debug][gc,refine         ] Deactivated worker 0, off threshold: 3876, current: 3840, refined cards: 768
[2.896s][debug][gc,refine         ] Activated worker 0, on threshold: 4388, current: 4608
[2.897s][debug][gc,refine         ] Deactivated worker 0, off threshold: 3876, current: 3840, refined cards: 768
[2.899s][debug][gc,refine         ] Activated worker 0, on threshold: 4388, current: 4608
[2.900s][debug][gc,refine         ] Deactivated worker 0, off threshold: 3876, current: 3840, refined cards: 768
[2.902s][debug][gc,refine         ] Activated worker 0, on threshold: 4388, current: 4608
[2.903s][debug][gc,refine         ] Deactivated worker 0, off threshold: 3876, current: 3840, refined cards: 768
[2.905s][debug][gc,refine         ] Activated worker 0, on threshold: 4388, current: 4608
[2.906s][debug][gc,refine         ] Deactivated worker 0, off threshold: 3876, current: 3840, refined cards: 768
[2.907s][debug][gc,heap           ] GC(16) Heap before GC invocations=16 (full 0):
[2.907s][debug][gc,heap           ] GC(16)  garbage-first heap   total 1048576K, used 343040K [0x00000000c0000000, 0x0000000100000000)
[2.907s][debug][gc,heap           ] GC(16)   region size 1024K, 87 young (89088K), 7 survivors (7168K)
[2.907s][debug][gc,heap           ] GC(16)  Metaspace       used 482K, committed 640K, reserved 1056768K
[2.907s][debug][gc,heap           ] GC(16)   class space    used 37K, committed 128K, reserved 1048576K
[2.907s][info ][gc,start          ] GC(16) Pause Young (Normal) (G1 Evacuation Pause)
[2.907s][info ][gc,task           ] GC(16) Using 4 workers of 4 for evacuation
[2.907s][debug][gc,tlab           ] GC(16) TLAB totals: thrds: 1  refills: 240 max: 240 slow allocs: 0 max 0 waste:  0.2% gc: 0B max: 0B slow: 138240B max: 138240B
[2.908s][debug][gc,age            ] GC(16) Desired survivor size 5767168 bytes, new threshold 1 (max threshold 15)
[2.908s][debug][gc,refine,stats   ] GC(16) Mutator refinement: 0.00ms, refined: 0, precleaned: 0, dirtied: 40894
[2.908s][debug][gc,refine,stats   ] GC(16) Concurrent refinement: 37.32ms, refined: 40194, precleaned: 1024, dirtied: 0
[2.908s][debug][gc,refine,stats   ] GC(16) Total refinement: 37.32ms, refined: 40194, precleaned: 1024, dirtied: 40894
[2.908s][debug][gc,refine,stats   ] GC(16) Concurrent refinement rate: 1077.08 cards/ms
[2.908s][debug][gc,refine,stats   ] GC(16) Generate dirty cards rate: 277.57 cards/ms
[2.908s][debug][gc,alloc,region   ] GC(16) Mutator Allocation stats, regions: 80, wasted size: 0B ( 0.0%)
[2.908s][debug][gc,humongous      ] GC(16) Humongous region 157 (object size 36920416 @ 0x00000000c9d00000) remset 1 code roots 0 marked 0 reclaim candidate 0 type array 0
[2.908s][debug][gc,ergo           ] GC(16) Running G1 Merge Heap Roots using 4 workers for 87 regions
[2.908s][debug][gc,remset         ] GC(16) Visited cards 37120 Total dirty 40960 (90.63%) Total old 864256 (4.30%)
[2.980s][debug][gc,ref            ] GC(16) Skipped phase 1 of Reference Processing: no references
[2.980s][debug][gc,ref            ] GC(16) Skipped phase 2 of Reference Processing: no references
[2.980s][debug][gc,ref            ] GC(16) Skipped phase 3 of Reference Processing: no references
[2.980s][debug][gc,ref            ] GC(16) Skipped phase 4 of Reference Processing: no references
[2.980s][debug][gc,ergo           ] GC(16) Running G1 Rebuild Free List Task using 4 workers for rebuilding free list of regions
[2.980s][debug][gc,plab           ] GC(16) Young PLAB allocation: allocated: 11534336B, wasted: 704B, unused: 0B, used: 11533632B, undo waste: 0B, 
[2.981s][debug][gc,plab           ] GC(16) Young other allocation: region end waste: 0B, regions filled: 11, direct allocated: 0B, failure used: 0B, failure wasted: 0B
[2.981s][debug][gc,plab           ] GC(16) Young sizing: calculated: 2306720B, actual: 2111760B
[2.981s][debug][gc,plab           ] GC(16) Old PLAB allocation: allocated: 42991616B, wasted: 1248B, unused: 1303632B, used: 41686736B, undo waste: 0B, 
[2.981s][debug][gc,plab           ] GC(16) Old other allocation: region end waste: 0B, regions filled: 41, direct allocated: 0B, failure used: 0B, failure wasted: 0B
[2.981s][debug][gc,plab           ] GC(16) Old sizing: calculated: 8337344B, actual: 8336240B
[2.981s][debug][gc,ergo,heap      ] GC(16) Heap expansion: short term pause time ratio 52.82% long term pause time ratio 40.56% threshold 7.69% pause time ratio 7.69% fully expanded true resize by 0B
[2.981s][debug][gc,mmu            ] GC(16) MMU: 73.2ms (200.0ms/201.0ms)
[2.981s][debug][gc,alloc,stats    ] Old generation allocation in the last mutator period, old gen allocated: 42991616B, humongous allocated: 0B,old gen growth: 42991616B.
[2.981s][debug][gc,ihop           ] GC(16) Basic information (value update), threshold: 483183820B (45.00), target occupancy: 1073741824B, current occupancy: 314572800B, recent allocation size: 42991616B, recent allocation duration: 147.33ms, recent old gen allocation rate: 291805296.69B/s, recent marking phase length: 397.99ms
[2.981s][debug][gc,ihop           ] GC(16) Adaptive IHOP information (value update), threshold: 483183820B (52.94), internal target occupancy: 912680550B, occupancy: 314572800B, additional buffer size: 536870912B, predicted old gen allocation rate: 428873158.69B/s, predicted marking phase length: 795.98ms, prediction active: false
[2.981s][debug][gc,ergo,refine    ] GC(16) Concurrent refinement times: Logged Cards Scan time goal: 20.00ms Logged Cards Scan time: 1.30ms HCC time: 0.00ms
[2.981s][debug][gc,ergo,refine    ] GC(16) Updated Refinement Zones: green: 4263, yellow: 12789, red: 21315
[2.981s][info ][gc,phases         ] GC(16)   Pre Evacuate Collection Set: 0.1ms
[2.981s][debug][gc,refine         ] Activated worker 0, on threshold: 4775, current: 5636
[2.981s][debug][gc,phases         ] GC(16)     Prepare TLABs: 0.0ms
[2.981s][debug][gc,phases         ] GC(16)     Concatenate Dirty Card Logs: 0.0ms
[2.981s][debug][gc,phases         ] GC(16)     Choose Collection Set: 0.0ms
[2.981s][debug][gc,phases         ] GC(16)     Region Register: 0.1ms
[2.981s][debug][gc,phases         ] GC(16)     Prepare Heap Roots: 0.0ms
[2.981s][info ][gc,phases         ] GC(16)   Merge Heap Roots: 0.2ms
[2.981s][debug][gc,phases         ] GC(16)     Prepare Merge Heap Roots: 0.0ms
[2.981s][debug][gc,phases         ] GC(16)     Eager Reclaim (ms):            skipped
[2.981s][debug][gc,phases         ] GC(16)     Remembered Sets (ms):          Min:  0.1, Avg:  0.1, Max:  0.1, Diff:  0.0, Sum:  0.3, Workers: 4
[2.981s][debug][gc,phases         ] GC(16)       Merged Sparse:                 Min: 0, Avg:  0.0, Max: 0, Diff: 0, Sum: 0, Workers: 4
[2.981s][debug][gc,phases         ] GC(16)       Merged Fine:                   Min: 20, Avg: 23.5, Max: 27, Diff: 7, Sum: 94, Workers: 4
[2.981s][debug][gc,phases         ] GC(16)       Merged Coarse:                 Min: 0, Avg:  0.0, Max: 0, Diff: 0, Sum: 0, Workers: 4
[2.981s][debug][gc,phases         ] GC(16)       Dirty Cards:                   Min: 7136, Avg: 7843.3, Max: 8443, Diff: 1307, Sum: 31373, Workers: 4
[2.981s][debug][gc,phases         ] GC(16)     Hot Card Cache (ms):           Min:  0.0, Avg:  0.0, Max:  0.0, Diff:  0.0, Sum:  0.0, Workers: 4
[2.981s][debug][gc,phases         ] GC(16)       Dirty Cards:                   Min: 152, Avg: 248.0, Max: 440, Diff: 288, Sum: 992, Workers: 4
[2.981s][debug][gc,phases         ] GC(16)       Skipped Cards:                 Min: 0, Avg:  0.0, Max: 0, Diff: 0, Sum: 0, Workers: 4
[2.981s][debug][gc,phases         ] GC(16)     Log Buffers (ms):              Min:  0.0, Avg:  0.0, Max:  0.0, Diff:  0.0, Sum:  0.1, Workers: 4
[2.981s][debug][gc,phases         ] GC(16)       Dirty Cards:                   Min: 1016, Avg: 1063.5, Max: 1206, Diff: 190, Sum: 4254, Workers: 4
[2.981s][debug][gc,phases         ] GC(16)       Skipped Cards:                 Min: 0, Avg:  0.0, Max: 0, Diff: 0, Sum: 0, Workers: 4
[2.981s][info ][gc,phases         ] GC(16)   Evacuate Collection Set: 72.0ms
[2.981s][debug][gc,phases         ] GC(16)     Ext Root Scanning (ms):        Min:  0.0, Avg:  0.0, Max:  0.0, Diff:  0.0, Sum:  0.1, Workers: 4
[2.981s][debug][gc,phases         ] GC(16)     Scan Heap Roots (ms):          Min:  9.4, Avg: 11.1, Max: 12.9, Diff:  3.6, Sum: 44.2, Workers: 4
[2.981s][debug][gc,phases         ] GC(16)       Scanned Cards:                 Min: 6656, Avg: 9176.0, Max: 12592, Diff: 5936, Sum: 36704, Workers: 4
[2.981s][debug][gc,phases         ] GC(16)       Scanned Blocks:                Min: 26, Avg: 36.3, Max: 50, Diff: 24, Sum: 145, Workers: 4
[2.981s][debug][gc,phases         ] GC(16)       Claimed Chunks:                Min: 26, Avg: 36.3, Max: 50, Diff: 24, Sum: 145, Workers: 4
[2.981s][debug][gc,phases         ] GC(16)     Code Root Scan (ms):           Min:  0.0, Avg:  0.0, Max:  0.0, Diff:  0.0, Sum:  0.0, Workers: 4
[2.981s][debug][gc,phases         ] GC(16)     Object Copy (ms):              Min: 59.0, Avg: 60.9, Max: 62.6, Diff:  3.6, Sum: 243.6, Workers: 4
[2.981s][debug][gc,phases         ] GC(16)     Termination (ms):              Min:  0.0, Avg:  0.0, Max:  0.0, Diff:  0.0, Sum:  0.0, Workers: 4
[2.981s][debug][gc,phases         ] GC(16)       Termination Attempts:          Min: 1, Avg:  4.5, Max: 9, Diff: 8, Sum: 18, Workers: 4
[2.981s][debug][gc,phases         ] GC(16)     GC Worker Other (ms):          Min:  0.0, Avg:  0.0, Max:  0.0, Diff:  0.0, Sum:  0.1, Workers: 4
[2.981s][debug][gc,phases         ] GC(16)     GC Worker Total (ms):          Min: 72.0, Avg: 72.0, Max: 72.0, Diff:  0.0, Sum: 288.1, Workers: 4
[2.981s][info ][gc,phases         ] GC(16)   Post Evacuate Collection Set: 0.5ms
[2.982s][debug][gc,phases         ] GC(16)     Code Roots Fixup: 0.0ms
[2.982s][debug][gc,phases         ] GC(16)     Reference Processing: 0.2ms
[2.982s][debug][gc,phases,ref     ] GC(16)       Reconsider SoftReferences: 0.1ms
[2.982s][debug][gc,phases,ref     ] GC(16)         SoftRef (ms):                  skipped
[2.982s][debug][gc,phases,ref     ] GC(16)       Notify Soft/WeakReferences: 0.0ms
[2.982s][debug][gc,phases,ref     ] GC(16)         SoftRef (ms):                  skipped
[2.982s][debug][gc,phases,ref     ] GC(16)         WeakRef (ms):                  skipped
[2.982s][debug][gc,phases,ref     ] GC(16)         FinalRef (ms):                 skipped
[2.982s][debug][gc,phases,ref     ] GC(16)         Total (ms):                    skipped
[2.982s][debug][gc,phases,ref     ] GC(16)       Notify and keep alive finalizable: 0.0ms
[2.982s][debug][gc,phases,ref     ] GC(16)         FinalRef (ms):                 skipped
[2.982s][debug][gc,phases,ref     ] GC(16)       Notify PhantomReferences: 0.0ms
[2.982s][debug][gc,phases,ref     ] GC(16)         PhantomRef (ms):               skipped
[2.982s][debug][gc,phases,ref     ] GC(16)       SoftReference:
[2.982s][debug][gc,phases,ref     ] GC(16)         Discovered: 0
[2.982s][debug][gc,phases,ref     ] GC(16)         Cleared: 0
[2.982s][debug][gc,phases,ref     ] GC(16)       WeakReference:
[2.982s][debug][gc,phases,ref     ] GC(16)         Discovered: 0
[2.982s][debug][gc,phases,ref     ] GC(16)         Cleared: 0
[2.982s][debug][gc,phases,ref     ] GC(16)       FinalReference:
[2.982s][debug][gc,phases,ref     ] GC(16)         Discovered: 0
[2.982s][debug][gc,phases,ref     ] GC(16)         Cleared: 0
[2.982s][debug][gc,phases,ref     ] GC(16)       PhantomReference:
[2.982s][debug][gc,phases,ref     ] GC(16)         Discovered: 0
[2.982s][debug][gc,phases,ref     ] GC(16)         Cleared: 0
[2.982s][debug][gc,phases         ] GC(16)     Weak Processing: 0.1ms
[2.982s][debug][gc,phases         ] GC(16)       VM Weak                        Min:  0.0, Avg:  0.0, Max:  0.0, Diff:  0.0, Sum:  0.0, Workers: 3
[2.982s][debug][gc,phases         ] GC(16)         Dead                           Min: 0, Avg:  0.0, Max: 0, Diff: 0, Sum: 0, Workers: 3
[2.982s][debug][gc,phases         ] GC(16)         Total                          Min: 0, Avg:  4.7, Max: 14, Diff: 14, Sum: 14, Workers: 3
[2.982s][debug][gc,phases         ] GC(16)       ObjectSynchronizer Weak        Min:  0.0, Avg:  0.0, Max:  0.0, Diff:  0.0, Sum:  0.0, Workers: 3
[2.982s][debug][gc,phases         ] GC(16)         Dead                           Min: 0, Avg:  0.0, Max: 0, Diff: 0, Sum: 0, Workers: 3
[2.982s][debug][gc,phases         ] GC(16)         Total                          Min: 0, Avg:  1.0, Max: 3, Diff: 3, Sum: 3, Workers: 3
[2.982s][debug][gc,phases         ] GC(16)       JVMTI Tag Weak OopStorage      Min:  0.0, Avg:  0.0, Max:  0.0, Diff:  0.0, Sum:  0.0, Workers: 3
[2.982s][debug][gc,phases         ] GC(16)         Dead                           Min: 0, Avg:  0.0, Max: 0, Diff: 0, Sum: 0, Workers: 3
[2.982s][debug][gc,phases         ] GC(16)         Total                          Min: 0, Avg:  0.0, Max: 0, Diff: 0, Sum: 0, Workers: 3
[2.982s][debug][gc,phases         ] GC(16)       StringTable Weak               Min:  0.0, Avg:  0.0, Max:  0.0, Diff:  0.0, Sum:  0.0, Workers: 3
[2.982s][debug][gc,phases         ] GC(16)         Dead                           Min: 0, Avg:  0.0, Max: 0, Diff: 0, Sum: 0, Workers: 3
[2.982s][debug][gc,phases         ] GC(16)         Total                          Min: 512, Avg: 821.3, Max: 992, Diff: 480, Sum: 2464, Workers: 3
[2.982s][debug][gc,phases         ] GC(16)       ResolvedMethodTable Weak       Min:  0.0, Avg:  0.0, Max:  0.0, Diff:  0.0, Sum:  0.0, Workers: 3
[2.982s][debug][gc,phases         ] GC(16)         Dead                           Min: 0, Avg:  0.0, Max: 0, Diff: 0, Sum: 0, Workers: 3
[2.982s][debug][gc,phases         ] GC(16)         Total                          Min: 9, Avg: 45.7, Max: 64, Diff: 55, Sum: 137, Workers: 3
[2.982s][debug][gc,phases         ] GC(16)       JNI Weak                       Min:  0.0, Avg:  0.0, Max:  0.0, Diff:  0.0, Sum:  0.0, Workers: 3
[2.982s][debug][gc,phases         ] GC(16)         Dead                           Min: 0, Avg:  0.0, Max: 0, Diff: 0, Sum: 0, Workers: 3
[2.982s][debug][gc,phases         ] GC(16)         Total                          Min: 0, Avg:  0.0, Max: 0, Diff: 0, Sum: 0, Workers: 3
[2.982s][debug][gc,phases         ] GC(16)       StringDedup Table Weak         Min:  0.0, Avg:  0.0, Max:  0.0, Diff:  0.0, Sum:  0.0, Workers: 3
[2.982s][debug][gc,phases         ] GC(16)         Dead                           Min: 0, Avg:  0.0, Max: 0, Diff: 0, Sum: 0, Workers: 3
[2.982s][debug][gc,phases         ] GC(16)         Total                          Min: 0, Avg:  0.0, Max: 0, Diff: 0, Sum: 0, Workers: 3
[2.982s][debug][gc,phases         ] GC(16)       StringDedup Requests0 Weak     Min:  0.0, Avg:  0.0, Max:  0.0, Diff:  0.0, Sum:  0.0, Workers: 3
[2.982s][debug][gc,phases         ] GC(16)         Dead                           Min: 0, Avg:  0.0, Max: 0, Diff: 0, Sum: 0, Workers: 3
[2.982s][debug][gc,phases         ] GC(16)         Total                          Min: 0, Avg:  0.0, Max: 0, Diff: 0, Sum: 0, Workers: 3
[2.982s][debug][gc,phases         ] GC(16)       StringDedup Requests1 Weak     Min:  0.0, Avg:  0.0, Max:  0.0, Diff:  0.0, Sum:  0.0, Workers: 3
[2.982s][debug][gc,phases         ] GC(16)         Dead                           Min: 0, Avg:  0.0, Max: 0, Diff: 0, Sum: 0, Workers: 3
[2.982s][debug][gc,phases         ] GC(16)         Total                          Min: 0, Avg:  0.0, Max: 0, Diff: 0, Sum: 0, Workers: 3
[2.982s][debug][gc,phases         ] GC(16)       Weak JFR Old Object Samples    Min:  0.0, Avg:  0.0, Max:  0.0, Diff:  0.0, Sum:  0.0, Workers: 3
[2.982s][debug][gc,phases         ] GC(16)         Dead                           Min: 0, Avg:  0.0, Max: 0, Diff: 0, Sum: 0, Workers: 3
[2.982s][debug][gc,phases         ] GC(16)         Total                          Min: 0, Avg:  0.0, Max: 0, Diff: 0, Sum: 0, Workers: 3
[2.982s][debug][gc,phases         ] GC(16)     Post Evacuate Cleanup 1: 0.1ms
[2.982s][debug][gc,phases         ] GC(16)       Merge Per-Thread State (ms):   Min:  0.0, Avg:  0.0, Max:  0.0, Diff:  0.0, Sum:  0.0, Workers: 1
[2.982s][debug][gc,phases         ] GC(16)         Copied Bytes                   Min: 12653760, Avg: 13305092.0, Max: 14057024, Diff: 1403264, Sum: 53220368, Workers: 4
[2.982s][debug][gc,phases         ] GC(16)         LAB Waste                      Min: 456, Avg: 488.0, Max: 512, Diff: 56, Sum: 1952, Workers: 4
[2.982s][debug][gc,phases         ] GC(16)         LAB Undo Waste                 Min: 0, Avg:  0.0, Max: 0, Diff: 0, Sum: 0, Workers: 4
[2.982s][debug][gc,phases         ] GC(16)       Clear Logged Cards (ms):       Min:  0.0, Avg:  0.0, Max:  0.0, Diff:  0.0, Sum:  0.0, Workers: 3
[2.983s][debug][gc,phases         ] GC(16)       Recalculate Used Memory (ms):  Min:  0.0, Avg:  0.0, Max:  0.0, Diff:  0.0, Sum:  0.0, Workers: 1
[2.983s][debug][gc,phases         ] GC(16)     Post Evacuate Cleanup 2: 0.1ms
[2.983s][debug][gc,phases         ] GC(16)       Reset Hot Card Cache (ms):     Min:  0.0, Avg:  0.0, Max:  0.0, Diff:  0.0, Sum:  0.0, Workers: 1
[2.983s][debug][gc,phases         ] GC(16)       Purge Code Roots (ms):         Min:  0.0, Avg:  0.0, Max:  0.0, Diff:  0.0, Sum:  0.0, Workers: 1
[2.983s][debug][gc,phases         ] GC(16)       Update Derived Pointers (ms):  Min:  0.0, Avg:  0.0, Max:  0.0, Diff:  0.0, Sum:  0.0, Workers: 1
[2.983s][debug][gc,phases         ] GC(16)       Eagerly Reclaim Humongous Objects (ms): Min:  0.0, Avg:  0.0, Max:  0.0, Diff:  0.0, Sum:  0.0, Workers: 1
[2.983s][debug][gc,phases         ] GC(16)         Humongous Total                Min: 1, Avg:  1.0, Max: 1, Diff: 0, Sum: 1, Workers: 1
[2.983s][debug][gc,phases         ] GC(16)         Humongous Candidates           Min: 0, Avg:  0.0, Max: 0, Diff: 0, Sum: 0, Workers: 1
[2.983s][debug][gc,phases         ] GC(16)         Humongous Reclaimed            Min: 0, Avg:  0.0, Max: 0, Diff: 0, Sum: 0, Workers: 1
[2.983s][debug][gc,phases         ] GC(16)       Redirty Logged Cards (ms):     Min:  0.0, Avg:  0.0, Max:  0.0, Diff:  0.0, Sum:  0.0, Workers: 4
[2.983s][debug][gc,phases         ] GC(16)         Redirtied Cards:               Min: 0, Avg: 1409.0, Max: 2771, Diff: 2771, Sum: 5636, Workers: 4
[2.983s][debug][gc,phases         ] GC(16)       Free Collection Set (ms):      Min:  0.0, Avg:  0.0, Max:  0.0, Diff:  0.0, Sum:  0.1, Workers: 4
[2.983s][debug][gc,phases         ] GC(16)     Rebuild Free List: 0.1ms
[2.983s][debug][gc,phases         ] GC(16)     Start New Collection Set: 0.0ms
[2.983s][debug][gc,phases         ] GC(16)     Resize TLABs: 0.0ms
[2.983s][debug][gc,phases         ] GC(16)     Expand Heap After Collection: 0.0ms
[2.983s][info ][gc,phases         ] GC(16)   Other: 0.7ms
[2.983s][info ][gc,heap           ] GC(16) Eden regions: 80->0(501)
[2.983s][info ][gc,heap           ] GC(16) Survivor regions: 7->11(11)
[2.983s][info ][gc,heap           ] GC(16) Old regions: 212->253
[2.983s][info ][gc,heap           ] GC(16) Archive regions: 0->0
[2.983s][info ][gc,heap           ] GC(16) Humongous regions: 36->36
[2.983s][info ][gc,metaspace      ] GC(16) Metaspace: 482K(640K)->482K(640K) NonClass: 445K(512K)->445K(512K) Class: 37K(128K)->37K(128K)
[2.983s][debug][gc,heap           ] GC(16) Heap after GC invocations=17 (full 0):
[2.983s][debug][gc,heap           ] GC(16)  garbage-first heap   total 1048576K, used 307200K [0x00000000c0000000, 0x0000000100000000)
[2.983s][debug][gc,heap           ] GC(16)   region size 1024K, 11 young (11264K), 11 survivors (11264K)
[2.983s][debug][gc,heap           ] GC(16)  Metaspace       used 482K, committed 640K, reserved 1056768K
[2.983s][debug][gc,heap           ] GC(16)   class space    used 37K, committed 128K, reserved 1048576K
[2.983s][info ][gc                ] GC(16) Pause Young (Normal) (G1 Evacuation Pause) 335M->300M(1024M) 75.649ms
[2.983s][info ][gc,cpu            ] GC(16) User=0.30s Sys=0.00s Real=0.08s
[2.984s][debug][gc,refine         ] Deactivated worker 0, off threshold: 4263, current: 4146, refined cards: 1490
[2.986s][debug][gc,refine         ] Activated worker 0, on threshold: 4775, current: 4914
[2.988s][debug][gc,refine         ] Deactivated worker 0, off threshold: 4263, current: 4145, refined cards: 1025
[2.989s][debug][gc,refine         ] Activated worker 0, on threshold: 4775, current: 4913
[2.990s][debug][gc,refine         ] Deactivated worker 0, off threshold: 4263, current: 4214, refined cards: 699
[2.992s][debug][gc,refine         ] Activated worker 0, on threshold: 4775, current: 4982
[2.993s][debug][gc,refine         ] Deactivated worker 0, off threshold: 4263, current: 4214, refined cards: 768
[2.994s][debug][gc,refine         ] Activated worker 0, on threshold: 4775, current: 4982
[2.995s][debug][gc,refine         ] Deactivated worker 0, off threshold: 4263, current: 4096, refined cards: 1142
[2.998s][debug][gc,refine         ] Activated worker 0, on threshold: 4775, current: 4864
[2.998s][debug][gc,refine         ] Deactivated worker 0, off threshold: 4263, current: 4096, refined cards: 768
[3.000s][debug][gc,refine         ] Activated worker 0, on threshold: 4775, current: 4864
[3.001s][debug][gc,refine         ] Deactivated worker 0, off threshold: 4263, current: 4096, refined cards: 768
[3.002s][debug][gc,refine         ] Activated worker 0, on threshold: 4775, current: 4864
[3.003s][debug][gc,refine         ] Deactivated worker 0, off threshold: 4263, current: 4096, refined cards: 768
[3.004s][debug][gc,refine         ] Activated worker 0, on threshold: 4775, current: 4864
[3.005s][debug][gc,refine         ] Deactivated worker 0, off threshold: 4263, current: 4096, refined cards: 768
[3.006s][debug][gc,refine         ] Activated worker 0, on threshold: 4775, current: 4864
[3.007s][debug][gc,refine         ] Deactivated worker 0, off threshold: 4263, current: 4096, refined cards: 768
[3.008s][debug][gc,refine         ] Activated worker 0, on threshold: 4775, current: 4864
[3.010s][debug][gc,refine         ] Deactivated worker 0, off threshold: 4263, current: 4096, refined cards: 1024
[3.012s][debug][gc,refine         ] Activated worker 0, on threshold: 4775, current: 4864
[3.013s][debug][gc,refine         ] Deactivated worker 0, off threshold: 4263, current: 4096, refined cards: 768
[3.014s][debug][gc,refine         ] Activated worker 0, on threshold: 4775, current: 4864
[3.015s][debug][gc,refine         ] Deactivated worker 0, off threshold: 4263, current: 4096, refined cards: 768
[3.018s][debug][gc,refine         ] Activated worker 0, on threshold: 4775, current: 4864
[3.019s][debug][gc,refine         ] Deactivated worker 0, off threshold: 4263, current: 4096, refined cards: 768
[3.020s][debug][gc,refine         ] Activated worker 0, on threshold: 4775, current: 4864
[3.021s][debug][gc,refine         ] Deactivated worker 0, off threshold: 4263, current: 4096, refined cards: 1024
[3.023s][debug][gc,refine         ] Activated worker 0, on threshold: 4775, current: 4864
[3.024s][debug][gc,refine         ] Deactivated worker 0, off threshold: 4263, current: 4096, refined cards: 768
[3.026s][debug][gc,refine         ] Activated worker 0, on threshold: 4775, current: 4864
[3.027s][debug][gc,refine         ] Deactivated worker 0, off threshold: 4263, current: 4096, refined cards: 768
[3.029s][debug][gc,refine         ] Activated worker 0, on threshold: 4775, current: 4864
[3.029s][debug][gc,refine         ] Deactivated worker 0, off threshold: 4263, current: 4096, refined cards: 768
[3.030s][debug][gc,refine         ] Activated worker 0, on threshold: 4775, current: 4864
[3.031s][debug][gc,refine         ] Deactivated worker 0, off threshold: 4263, current: 4096, refined cards: 768
[3.033s][debug][gc,refine         ] Activated worker 0, on threshold: 4775, current: 4864
[3.034s][debug][gc,refine         ] Deactivated worker 0, off threshold: 4263, current: 4096, refined cards: 1024
[3.035s][debug][gc,refine         ] Activated worker 0, on threshold: 4775, current: 4864
[3.036s][debug][gc,refine         ] Deactivated worker 0, off threshold: 4263, current: 4096, refined cards: 768
[3.038s][debug][gc,refine         ] Activated worker 0, on threshold: 4775, current: 4864
[3.039s][debug][gc,refine         ] Deactivated worker 0, off threshold: 4263, current: 4096, refined cards: 768
[3.040s][debug][gc,refine         ] Activated worker 0, on threshold: 4775, current: 4864
[3.041s][debug][gc,refine         ] Deactivated worker 0, off threshold: 4263, current: 4096, refined cards: 1024
[3.043s][debug][gc,refine         ] Activated worker 0, on threshold: 4775, current: 4864
[3.044s][debug][gc,refine         ] Deactivated worker 0, off threshold: 4263, current: 4096, refined cards: 768
[3.045s][debug][gc,refine         ] Activated worker 0, on threshold: 4775, current: 4864
[3.046s][debug][gc,refine         ] Deactivated worker 0, off threshold: 4263, current: 4096, refined cards: 768
[3.047s][debug][gc,refine         ] Activated worker 0, on threshold: 4775, current: 4864
[3.048s][debug][gc,refine         ] Deactivated worker 0, off threshold: 4263, current: 4096, refined cards: 768
[3.050s][debug][gc,refine         ] Activated worker 0, on threshold: 4775, current: 4864
[3.051s][debug][gc,refine         ] Deactivated worker 0, off threshold: 4263, current: 4096, refined cards: 768
[3.052s][debug][gc,refine         ] Activated worker 0, on threshold: 4775, current: 4864
[3.053s][debug][gc,refine         ] Deactivated worker 0, off threshold: 4263, current: 4096, refined cards: 768
[3.054s][debug][gc,refine         ] Activated worker 0, on threshold: 4775, current: 4864
[3.055s][debug][gc,refine         ] Deactivated worker 0, off threshold: 4263, current: 4096, refined cards: 768
[3.057s][debug][gc,refine         ] Activated worker 0, on threshold: 4775, current: 4864
[3.058s][debug][gc,refine         ] Deactivated worker 0, off threshold: 4263, current: 4096, refined cards: 1024
[3.059s][debug][gc,refine         ] Activated worker 0, on threshold: 4775, current: 4864
[3.060s][debug][gc,refine         ] Deactivated worker 0, off threshold: 4263, current: 4096, refined cards: 768
[3.062s][debug][gc,task,start     ] G1 Service Thread (Remembered Set Sampling Task) (run)
[3.062s][debug][gc,task           ] G1 Service Thread (Remembered Set Sampling Task) (run) 0.049ms (cpu: 0.000ms)
[3.065s][debug][gc,refine         ] Activated worker 0, on threshold: 4775, current: 4864
[3.066s][debug][gc,refine         ] Deactivated worker 0, off threshold: 4263, current: 4096, refined cards: 768
[3.068s][debug][gc,refine         ] Activated worker 0, on threshold: 4775, current: 4864
[3.068s][debug][gc,refine         ] Deactivated worker 0, off threshold: 4263, current: 4096, refined cards: 768
[3.070s][debug][gc,refine         ] Activated worker 0, on threshold: 4775, current: 4864
[3.070s][debug][gc,refine         ] Deactivated worker 0, off threshold: 4263, current: 4096, refined cards: 768
[3.072s][debug][gc,refine         ] Activated worker 0, on threshold: 4775, current: 4864
[3.072s][debug][gc,refine         ] Deactivated worker 0, off threshold: 4263, current: 4096, refined cards: 768
[3.074s][debug][gc,refine         ] Activated worker 0, on threshold: 4775, current: 4864
[3.075s][debug][gc,refine         ] Deactivated worker 0, off threshold: 4263, current: 4096, refined cards: 768
[3.076s][debug][gc,refine         ] Activated worker 0, on threshold: 4775, current: 4864
[3.077s][debug][gc,refine         ] Deactivated worker 0, off threshold: 4263, current: 4096, refined cards: 768
[3.079s][debug][gc,refine         ] Activated worker 0, on threshold: 4775, current: 4864
[3.079s][debug][gc,refine         ] Deactivated worker 0, off threshold: 4263, current: 4096, refined cards: 768
[3.081s][debug][gc,refine         ] Activated worker 0, on threshold: 4775, current: 4864
[3.081s][debug][gc,refine         ] Deactivated worker 0, off threshold: 4263, current: 4096, refined cards: 768
[3.083s][debug][gc,refine         ] Activated worker 0, on threshold: 4775, current: 4864
[3.083s][debug][gc,refine         ] Deactivated worker 0, off threshold: 4263, current: 4096, refined cards: 768
[3.085s][debug][gc,refine         ] Activated worker 0, on threshold: 4775, current: 4864
[3.085s][debug][gc,refine         ] Deactivated worker 0, off threshold: 4263, current: 4096, refined cards: 768
[3.087s][debug][gc,refine         ] Activated worker 0, on threshold: 4775, current: 4864
[3.088s][debug][gc,refine         ] Deactivated worker 0, off threshold: 4263, current: 4096, refined cards: 1024
[3.090s][debug][gc,refine         ] Activated worker 0, on threshold: 4775, current: 4864
[3.091s][debug][gc,refine         ] Deactivated worker 0, off threshold: 4263, current: 4096, refined cards: 768
[3.092s][debug][gc,refine         ] Activated worker 0, on threshold: 4775, current: 4864
[3.093s][debug][gc,refine         ] Deactivated worker 0, off threshold: 4263, current: 4096, refined cards: 768
[3.095s][debug][gc,refine         ] Activated worker 0, on threshold: 4775, current: 4864
[3.095s][debug][gc,refine         ] Deactivated worker 0, off threshold: 4263, current: 4096, refined cards: 768
[3.097s][debug][gc,refine         ] Activated worker 0, on threshold: 4775, current: 4864
[3.098s][debug][gc,refine         ] Deactivated worker 0, off threshold: 4263, current: 4096, refined cards: 768
[3.099s][debug][gc,refine         ] Activated worker 0, on threshold: 4775, current: 4864
[3.100s][debug][gc,refine         ] Deactivated worker 0, off threshold: 4263, current: 4096, refined cards: 768
[3.100s][debug][gc,task,start     ] G1 Service Thread (Periodic GC Task) (run)
[3.100s][debug][gc,task           ] G1 Service Thread (Periodic GC Task) (run) 0.039ms (cpu: 0.000ms)
[3.101s][debug][gc,refine         ] Activated worker 0, on threshold: 4775, current: 4864
[3.102s][debug][gc,refine         ] Deactivated worker 0, off threshold: 4263, current: 4096, refined cards: 768
[3.104s][debug][gc,refine         ] Activated worker 0, on threshold: 4775, current: 4864
[3.105s][debug][gc,refine         ] Deactivated worker 0, off threshold: 4263, current: 4096, refined cards: 1024
[3.107s][debug][gc,refine         ] Activated worker 0, on threshold: 4775, current: 4864
[3.108s][debug][gc,refine         ] Deactivated worker 0, off threshold: 4263, current: 4096, refined cards: 768
[3.109s][debug][gc,refine         ] Activated worker 0, on threshold: 4775, current: 4864
[3.110s][debug][gc,refine         ] Deactivated worker 0, off threshold: 4263, current: 4096, refined cards: 768
[3.111s][debug][gc,refine         ] Activated worker 0, on threshold: 4775, current: 4864
[3.112s][debug][gc,refine         ] Deactivated worker 0, off threshold: 4263, current: 4096, refined cards: 768
[3.113s][debug][gc,refine         ] Activated worker 0, on threshold: 4775, current: 4864
[3.114s][debug][gc,refine         ] Deactivated worker 0, off threshold: 4263, current: 4096, refined cards: 768
[3.115s][debug][gc,refine         ] Activated worker 0, on threshold: 4775, current: 4864
[3.116s][debug][gc,refine         ] Deactivated worker 0, off threshold: 4263, current: 4096, refined cards: 768
[3.118s][debug][gc,refine         ] Activated worker 0, on threshold: 4775, current: 4864
[3.119s][debug][gc,refine         ] Deactivated worker 0, off threshold: 4263, current: 4096, refined cards: 1024
[3.121s][debug][gc,refine         ] Activated worker 0, on threshold: 4775, current: 4864
[3.122s][debug][gc,refine         ] Deactivated worker 0, off threshold: 4263, current: 4096, refined cards: 768
[3.124s][debug][gc,refine         ] Activated worker 0, on threshold: 4775, current: 4864
[3.124s][debug][gc,refine         ] Deactivated worker 0, off threshold: 4263, current: 4096, refined cards: 768
[3.127s][debug][gc,refine         ] Activated worker 0, on threshold: 4775, current: 4864
[3.127s][debug][gc,refine         ] Deactivated worker 0, off threshold: 4263, current: 4096, refined cards: 768
[3.129s][debug][gc,refine         ] Activated worker 0, on threshold: 4775, current: 4864
[3.130s][debug][gc,refine         ] Deactivated worker 0, off threshold: 4263, current: 4096, refined cards: 768
[3.132s][debug][gc,refine         ] Activated worker 0, on threshold: 4775, current: 4864
[3.133s][debug][gc,refine         ] Deactivated worker 0, off threshold: 4263, current: 4096, refined cards: 768
[3.135s][debug][gc,refine         ] Activated worker 0, on threshold: 4775, current: 4864
[3.135s][debug][gc,refine         ] Deactivated worker 0, off threshold: 4263, current: 4096, refined cards: 768
[3.137s][debug][gc,refine         ] Activated worker 0, on threshold: 4775, current: 4864
[3.138s][debug][gc,refine         ] Deactivated worker 0, off threshold: 4263, current: 4096, refined cards: 768
[3.140s][debug][gc,refine         ] Activated worker 0, on threshold: 4775, current: 4864
[3.140s][debug][gc,refine         ] Deactivated worker 0, off threshold: 4263, current: 4096, refined cards: 768
[3.142s][debug][gc,refine         ] Activated worker 0, on threshold: 4775, current: 4864
[3.143s][debug][gc,refine         ] Deactivated worker 0, off threshold: 4263, current: 4096, refined cards: 768
[3.145s][debug][gc,refine         ] Activated worker 0, on threshold: 4775, current: 4864
[3.146s][debug][gc,refine         ] Deactivated worker 0, off threshold: 4263, current: 4096, refined cards: 768
[3.148s][debug][gc,refine         ] Activated worker 0, on threshold: 4775, current: 4864
[3.149s][debug][gc,refine         ] Deactivated worker 0, off threshold: 4263, current: 4096, refined cards: 768
[3.151s][debug][gc,refine         ] Activated worker 0, on threshold: 4775, current: 4864
[3.151s][debug][gc,refine         ] Deactivated worker 0, off threshold: 4263, current: 4096, refined cards: 768
[3.153s][debug][gc,refine         ] Activated worker 0, on threshold: 4775, current: 4864
[3.154s][debug][gc,refine         ] Deactivated worker 0, off threshold: 4263, current: 4096, refined cards: 768
[3.156s][debug][gc,refine         ] Activated worker 0, on threshold: 4775, current: 4864
[3.157s][debug][gc,refine         ] Deactivated worker 0, off threshold: 4263, current: 4096, refined cards: 768
[3.159s][debug][gc,refine         ] Activated worker 0, on threshold: 4775, current: 4864
[3.160s][debug][gc,refine         ] Deactivated worker 0, off threshold: 4263, current: 4096, refined cards: 768
[3.161s][debug][gc,refine         ] Activated worker 0, on threshold: 4775, current: 4864
[3.162s][debug][gc,refine         ] Deactivated worker 0, off threshold: 4263, current: 4096, refined cards: 768
[3.164s][debug][gc,refine         ] Activated worker 0, on threshold: 4775, current: 4864
[3.165s][debug][gc,refine         ] Deactivated worker 0, off threshold: 4263, current: 4096, refined cards: 768
[3.167s][debug][gc,refine         ] Activated worker 0, on threshold: 4775, current: 4864
[3.167s][debug][gc,refine         ] Deactivated worker 0, off threshold: 4263, current: 4096, refined cards: 768
[3.169s][debug][gc,refine         ] Activated worker 0, on threshold: 4775, current: 4864
[3.170s][debug][gc,refine         ] Deactivated worker 0, off threshold: 4263, current: 4096, refined cards: 768
[3.172s][debug][gc,refine         ] Activated worker 0, on threshold: 4775, current: 4864
[3.172s][debug][gc,refine         ] Deactivated worker 0, off threshold: 4263, current: 4096, refined cards: 768
[3.174s][debug][gc,refine         ] Activated worker 0, on threshold: 4775, current: 4864
[3.175s][debug][gc,refine         ] Deactivated worker 0, off threshold: 4263, current: 4096, refined cards: 768
[3.177s][debug][gc,refine         ] Activated worker 0, on threshold: 4775, current: 4864
[3.178s][debug][gc,refine         ] Deactivated worker 0, off threshold: 4263, current: 4096, refined cards: 768
[3.180s][debug][gc,refine         ] Activated worker 0, on threshold: 4775, current: 4864
[3.180s][debug][gc,refine         ] Deactivated worker 0, off threshold: 4263, current: 4096, refined cards: 768
[3.182s][debug][gc,refine         ] Activated worker 0, on threshold: 4775, current: 4864
[3.183s][debug][gc,refine         ] Deactivated worker 0, off threshold: 4263, current: 4096, refined cards: 768
[3.185s][debug][gc,refine         ] Activated worker 0, on threshold: 4775, current: 4864
[3.186s][debug][gc,refine         ] Deactivated worker 0, off threshold: 4263, current: 4096, refined cards: 768
[3.188s][debug][gc,refine         ] Activated worker 0, on threshold: 4775, current: 4864
[3.189s][debug][gc,refine         ] Deactivated worker 0, off threshold: 4263, current: 4096, refined cards: 768
[3.191s][debug][gc,refine         ] Activated worker 0, on threshold: 4775, current: 4864
[3.192s][debug][gc,refine         ] Deactivated worker 0, off threshold: 4263, current: 4096, refined cards: 768
[3.193s][debug][gc,refine         ] Activated worker 0, on threshold: 4775, current: 4864
[3.194s][debug][gc,refine         ] Deactivated worker 0, off threshold: 4263, current: 4096, refined cards: 768
[3.196s][debug][gc,refine         ] Activated worker 0, on threshold: 4775, current: 4864
[3.197s][debug][gc,refine         ] Deactivated worker 0, off threshold: 4263, current: 4096, refined cards: 768
[3.199s][debug][gc,refine         ] Activated worker 0, on threshold: 4775, current: 4864
[3.200s][debug][gc,refine         ] Deactivated worker 0, off threshold: 4263, current: 4096, refined cards: 768
[3.201s][debug][gc,refine         ] Activated worker 0, on threshold: 4775, current: 4864
[3.202s][debug][gc,refine         ] Deactivated worker 0, off threshold: 4263, current: 4096, refined cards: 768
[3.204s][debug][gc,refine         ] Activated worker 0, on threshold: 4775, current: 4864
[3.205s][debug][gc,refine         ] Deactivated worker 0, off threshold: 4263, current: 4096, refined cards: 768
[3.207s][debug][gc,refine         ] Activated worker 0, on threshold: 4775, current: 4864
[3.207s][debug][gc,refine         ] Deactivated worker 0, off threshold: 4263, current: 4096, refined cards: 768
[3.209s][debug][gc,refine         ] Activated worker 0, on threshold: 4775, current: 4864
[3.210s][debug][gc,refine         ] Deactivated worker 0, off threshold: 4263, current: 4096, refined cards: 768
[3.212s][debug][gc,refine         ] Activated worker 0, on threshold: 4775, current: 4864
[3.213s][debug][gc,refine         ] Deactivated worker 0, off threshold: 4263, current: 4096, refined cards: 768
[3.215s][debug][gc,refine         ] Activated worker 0, on threshold: 4775, current: 4864
[3.215s][debug][gc,refine         ] Deactivated worker 0, off threshold: 4263, current: 4096, refined cards: 768
[3.218s][debug][gc,refine         ] Activated worker 0, on threshold: 4775, current: 4864
[3.218s][debug][gc,refine         ] Deactivated worker 0, off threshold: 4263, current: 4096, refined cards: 768
[3.220s][debug][gc,refine         ] Activated worker 0, on threshold: 4775, current: 4864
[3.221s][debug][gc,refine         ] Deactivated worker 0, off threshold: 4263, current: 4096, refined cards: 768
[3.223s][debug][gc,refine         ] Activated worker 0, on threshold: 4775, current: 4864
[3.223s][debug][gc,refine         ] Deactivated worker 0, off threshold: 4263, current: 4096, refined cards: 768
[3.225s][debug][gc,refine         ] Activated worker 0, on threshold: 4775, current: 4864
[3.226s][debug][gc,refine         ] Deactivated worker 0, off threshold: 4263, current: 4096, refined cards: 768
[3.228s][debug][gc,refine         ] Activated worker 0, on threshold: 4775, current: 4864
[3.229s][debug][gc,refine         ] Deactivated worker 0, off threshold: 4263, current: 4096, refined cards: 768
[3.231s][debug][gc,refine         ] Activated worker 0, on threshold: 4775, current: 4864
[3.232s][debug][gc,refine         ] Deactivated worker 0, off threshold: 4263, current: 4096, refined cards: 768
[3.233s][debug][gc,refine         ] Activated worker 0, on threshold: 4775, current: 4864
[3.234s][debug][gc,refine         ] Deactivated worker 0, off threshold: 4263, current: 4096, refined cards: 768
[3.239s][debug][gc,refine         ] Activated worker 0, on threshold: 4775, current: 4864
[3.240s][debug][gc,refine         ] Deactivated worker 0, off threshold: 4263, current: 4096, refined cards: 768
[3.242s][debug][gc,refine         ] Activated worker 0, on threshold: 4775, current: 4864
[3.242s][debug][gc,refine         ] Deactivated worker 0, off threshold: 4263, current: 4096, refined cards: 768
[3.245s][debug][gc,refine         ] Activated worker 0, on threshold: 4775, current: 4864
[3.245s][debug][gc,refine         ] Deactivated worker 0, off threshold: 4263, current: 4096, refined cards: 768
[3.247s][debug][gc,refine         ] Activated worker 0, on threshold: 4775, current: 4864
[3.248s][debug][gc,refine         ] Deactivated worker 0, off threshold: 4263, current: 4096, refined cards: 768
[3.250s][debug][gc,refine         ] Activated worker 0, on threshold: 4775, current: 4864
[3.251s][debug][gc,refine         ] Deactivated worker 0, off threshold: 4263, current: 4096, refined cards: 768
[3.253s][debug][gc,refine         ] Activated worker 0, on threshold: 4775, current: 4864
[3.253s][debug][gc,refine         ] Deactivated worker 0, off threshold: 4263, current: 4096, refined cards: 768
[3.256s][debug][gc,refine         ] Activated worker 0, on threshold: 4775, current: 4864
[3.256s][debug][gc,refine         ] Deactivated worker 0, off threshold: 4263, current: 4096, refined cards: 768
[3.259s][debug][gc,refine         ] Activated worker 0, on threshold: 4775, current: 4864
[3.259s][debug][gc,refine         ] Deactivated worker 0, off threshold: 4263, current: 4096, refined cards: 768
[3.261s][debug][gc,refine         ] Activated worker 0, on threshold: 4775, current: 4864
[3.262s][debug][gc,refine         ] Deactivated worker 0, off threshold: 4263, current: 4096, refined cards: 768
[3.264s][debug][gc,refine         ] Activated worker 0, on threshold: 4775, current: 4864
[3.265s][debug][gc,refine         ] Deactivated worker 0, off threshold: 4263, current: 4096, refined cards: 768
[3.267s][debug][gc,refine         ] Activated worker 0, on threshold: 4775, current: 4864
[3.267s][debug][gc,refine         ] Deactivated worker 0, off threshold: 4263, current: 4096, refined cards: 768
[3.269s][debug][gc,refine         ] Activated worker 0, on threshold: 4775, current: 4864
[3.270s][debug][gc,refine         ] Deactivated worker 0, off threshold: 4263, current: 4096, refined cards: 768
[3.272s][debug][gc,refine         ] Activated worker 0, on threshold: 4775, current: 4864
[3.273s][debug][gc,refine         ] Deactivated worker 0, off threshold: 4263, current: 4096, refined cards: 768
[3.275s][debug][gc,refine         ] Activated worker 0, on threshold: 4775, current: 4864
[3.275s][debug][gc,refine         ] Deactivated worker 0, off threshold: 4263, current: 4096, refined cards: 768
[3.278s][debug][gc,refine         ] Activated worker 0, on threshold: 4775, current: 4864
[3.279s][debug][gc,refine         ] Deactivated worker 0, off threshold: 4263, current: 4096, refined cards: 768
[3.282s][debug][gc,refine         ] Activated worker 0, on threshold: 4775, current: 4864
[3.282s][debug][gc,task,start     ] G1 Service Thread (Remembered Set Sampling Task) (run)
[3.282s][debug][gc,task           ] G1 Service Thread (Remembered Set Sampling Task) (run) 0.087ms (cpu: 0.000ms)
[3.283s][debug][gc,refine         ] Deactivated worker 0, off threshold: 4263, current: 4096, refined cards: 768
[3.286s][debug][gc,refine         ] Activated worker 0, on threshold: 4775, current: 4864
[3.287s][debug][gc,refine         ] Deactivated worker 0, off threshold: 4263, current: 4096, refined cards: 768
[3.289s][debug][gc,refine         ] Activated worker 0, on threshold: 4775, current: 4864
[3.290s][debug][gc,refine         ] Deactivated worker 0, off threshold: 4263, current: 4096, refined cards: 768
[3.292s][debug][gc,refine         ] Activated worker 0, on threshold: 4775, current: 4864
[3.293s][debug][gc,refine         ] Deactivated worker 0, off threshold: 4263, current: 4096, refined cards: 768
[3.296s][debug][gc,refine         ] Activated worker 0, on threshold: 4775, current: 4864
[3.297s][debug][gc,refine         ] Deactivated worker 0, off threshold: 4263, current: 4096, refined cards: 768
[3.300s][debug][gc,refine         ] Activated worker 0, on threshold: 4775, current: 4864
[3.301s][debug][gc,refine         ] Deactivated worker 0, off threshold: 4263, current: 4096, refined cards: 768
[3.304s][debug][gc,refine         ] Activated worker 0, on threshold: 4775, current: 4864
[3.305s][debug][gc,refine         ] Deactivated worker 0, off threshold: 4263, current: 4096, refined cards: 768
[3.307s][debug][gc,refine         ] Activated worker 0, on threshold: 4775, current: 4864
[3.308s][debug][gc,refine         ] Deactivated worker 0, off threshold: 4263, current: 4096, refined cards: 768
[3.311s][debug][gc,refine         ] Activated worker 0, on threshold: 4775, current: 4864
[3.312s][debug][gc,refine         ] Deactivated worker 0, off threshold: 4263, current: 4096, refined cards: 768
[3.315s][debug][gc,refine         ] Activated worker 0, on threshold: 4775, current: 4864
[3.315s][debug][gc,refine         ] Deactivated worker 0, off threshold: 4263, current: 4096, refined cards: 768
[3.319s][debug][gc,refine         ] Activated worker 0, on threshold: 4775, current: 4864
[3.320s][debug][gc,refine         ] Deactivated worker 0, off threshold: 4263, current: 4096, refined cards: 768
[3.322s][debug][gc,refine         ] Activated worker 0, on threshold: 4775, current: 4864
[3.323s][debug][gc,refine         ] Deactivated worker 0, off threshold: 4263, current: 4096, refined cards: 768
[3.325s][debug][gc,refine         ] Activated worker 0, on threshold: 4775, current: 4864
[3.326s][debug][gc,refine         ] Deactivated worker 0, off threshold: 4263, current: 4096, refined cards: 768
[3.328s][debug][gc,refine         ] Activated worker 0, on threshold: 4775, current: 4864
[3.329s][debug][gc,refine         ] Deactivated worker 0, off threshold: 4263, current: 4096, refined cards: 768
[3.331s][debug][gc,refine         ] Activated worker 0, on threshold: 4775, current: 4864
[3.331s][debug][gc,refine         ] Deactivated worker 0, off threshold: 4263, current: 4096, refined cards: 768
[3.333s][debug][gc,refine         ] Activated worker 0, on threshold: 4775, current: 4864
[3.334s][debug][gc,refine         ] Deactivated worker 0, off threshold: 4263, current: 4096, refined cards: 768
[3.336s][debug][gc,refine         ] Activated worker 0, on threshold: 4775, current: 4864
[3.337s][debug][gc,refine         ] Deactivated worker 0, off threshold: 4263, current: 4096, refined cards: 768
[3.339s][debug][gc,refine         ] Activated worker 0, on threshold: 4775, current: 4864
[3.339s][debug][gc,refine         ] Deactivated worker 0, off threshold: 4263, current: 4096, refined cards: 768
[3.341s][debug][gc,refine         ] Activated worker 0, on threshold: 4775, current: 4864
[3.342s][debug][gc,refine         ] Deactivated worker 0, off threshold: 4263, current: 4096, refined cards: 768
[3.344s][debug][gc,refine         ] Activated worker 0, on threshold: 4775, current: 4864
[3.344s][debug][gc,refine         ] Deactivated worker 0, off threshold: 4263, current: 4096, refined cards: 768
[3.346s][debug][gc,refine         ] Activated worker 0, on threshold: 4775, current: 4864
[3.347s][debug][gc,refine         ] Deactivated worker 0, off threshold: 4263, current: 4096, refined cards: 768
[3.349s][debug][gc,refine         ] Activated worker 0, on threshold: 4775, current: 4864
[3.350s][debug][gc,refine         ] Deactivated worker 0, off threshold: 4263, current: 4096, refined cards: 768
[3.352s][debug][gc,refine         ] Activated worker 0, on threshold: 4775, current: 4864
[3.353s][debug][gc,refine         ] Deactivated worker 0, off threshold: 4263, current: 4096, refined cards: 768
[3.355s][debug][gc,refine         ] Activated worker 0, on threshold: 4775, current: 4864
[3.355s][debug][gc,refine         ] Deactivated worker 0, off threshold: 4263, current: 4096, refined cards: 768
[3.358s][debug][gc,refine         ] Activated worker 0, on threshold: 4775, current: 4864
[3.358s][debug][gc,refine         ] Deactivated worker 0, off threshold: 4263, current: 4096, refined cards: 768
[3.360s][debug][gc,refine         ] Activated worker 0, on threshold: 4775, current: 4864
[3.361s][debug][gc,refine         ] Deactivated worker 0, off threshold: 4263, current: 4096, refined cards: 768
[3.363s][debug][gc,refine         ] Activated worker 0, on threshold: 4775, current: 4864
[3.363s][debug][gc,refine         ] Deactivated worker 0, off threshold: 4263, current: 4096, refined cards: 768
[3.365s][debug][gc,refine         ] Activated worker 0, on threshold: 4775, current: 4864
[3.366s][debug][gc,refine         ] Deactivated worker 0, off threshold: 4263, current: 4096, refined cards: 768
[3.368s][debug][gc,refine         ] Activated worker 0, on threshold: 4775, current: 4864
[3.369s][debug][gc,refine         ] Deactivated worker 0, off threshold: 4263, current: 4096, refined cards: 1024
[3.372s][debug][gc,refine         ] Activated worker 0, on threshold: 4775, current: 4864
[3.372s][debug][gc,refine         ] Deactivated worker 0, off threshold: 4263, current: 4096, refined cards: 768
[3.374s][debug][gc,refine         ] Activated worker 0, on threshold: 4775, current: 4864
[3.375s][debug][gc,refine         ] Deactivated worker 0, off threshold: 4263, current: 4096, refined cards: 768
[3.377s][debug][gc,refine         ] Activated worker 0, on threshold: 4775, current: 4864
[3.378s][debug][gc,refine         ] Deactivated worker 0, off threshold: 4263, current: 4096, refined cards: 768
[3.380s][debug][gc,refine         ] Activated worker 0, on threshold: 4775, current: 4864
[3.381s][debug][gc,refine         ] Deactivated worker 0, off threshold: 4263, current: 4096, refined cards: 768
[3.383s][debug][gc,refine         ] Activated worker 0, on threshold: 4775, current: 4864
[3.384s][debug][gc,refine         ] Deactivated worker 0, off threshold: 4263, current: 4096, refined cards: 768
[3.387s][debug][gc,refine         ] Activated worker 0, on threshold: 4775, current: 4864
[3.387s][debug][gc,refine         ] Deactivated worker 0, off threshold: 4263, current: 4096, refined cards: 768
[3.389s][debug][gc,refine         ] Activated worker 0, on threshold: 4775, current: 4864
[3.390s][debug][gc,refine         ] Deactivated worker 0, off threshold: 4263, current: 4096, refined cards: 768
[3.392s][debug][gc,refine         ] Activated worker 0, on threshold: 4775, current: 4864
[3.393s][debug][gc,refine         ] Deactivated worker 0, off threshold: 4263, current: 4096, refined cards: 768
[3.395s][debug][gc,refine         ] Activated worker 0, on threshold: 4775, current: 4864
[3.396s][debug][gc,refine         ] Deactivated worker 0, off threshold: 4263, current: 4096, refined cards: 768
[3.399s][debug][gc,refine         ] Activated worker 0, on threshold: 4775, current: 4864
[3.400s][debug][gc,refine         ] Deactivated worker 0, off threshold: 4263, current: 4096, refined cards: 768
[3.402s][debug][gc,refine         ] Activated worker 0, on threshold: 4775, current: 4864
[3.402s][debug][gc,refine         ] Deactivated worker 0, off threshold: 4263, current: 4096, refined cards: 768
[3.404s][debug][gc,refine         ] Activated worker 0, on threshold: 4775, current: 4864
[3.405s][debug][gc,refine         ] Deactivated worker 0, off threshold: 4263, current: 4096, refined cards: 768
[3.407s][debug][gc,refine         ] Activated worker 0, on threshold: 4775, current: 4864
[3.408s][debug][gc,refine         ] Deactivated worker 0, off threshold: 4263, current: 4096, refined cards: 768
[3.410s][debug][gc,refine         ] Activated worker 0, on threshold: 4775, current: 4864
[3.411s][debug][gc,refine         ] Deactivated worker 0, off threshold: 4263, current: 4096, refined cards: 768
[3.413s][debug][gc,refine         ] Activated worker 0, on threshold: 4775, current: 4864
[3.414s][debug][gc,refine         ] Deactivated worker 0, off threshold: 4263, current: 4096, refined cards: 768
[3.416s][debug][gc,refine         ] Activated worker 0, on threshold: 4775, current: 4864
[3.417s][debug][gc,refine         ] Deactivated worker 0, off threshold: 4263, current: 4096, refined cards: 768
[3.419s][debug][gc,refine         ] Activated worker 0, on threshold: 4775, current: 4864
[3.420s][debug][gc,refine         ] Deactivated worker 0, off threshold: 4263, current: 4096, refined cards: 768
[3.422s][debug][gc,refine         ] Activated worker 0, on threshold: 4775, current: 4864
[3.422s][debug][gc,refine         ] Deactivated worker 0, off threshold: 4263, current: 4096, refined cards: 768
[3.425s][debug][gc,refine         ] Activated worker 0, on threshold: 4775, current: 4864
[3.426s][debug][gc,refine         ] Deactivated worker 0, off threshold: 4263, current: 4096, refined cards: 768
[3.428s][debug][gc,refine         ] Activated worker 0, on threshold: 4775, current: 4864
[3.429s][debug][gc,refine         ] Deactivated worker 0, off threshold: 4263, current: 4096, refined cards: 768
[3.430s][debug][gc,refine         ] Activated worker 0, on threshold: 4775, current: 4864
[3.431s][debug][gc,refine         ] Deactivated worker 0, off threshold: 4263, current: 4096, refined cards: 768
[3.433s][debug][gc,refine         ] Activated worker 0, on threshold: 4775, current: 4864
[3.434s][debug][gc,refine         ] Deactivated worker 0, off threshold: 4263, current: 4096, refined cards: 768
[3.439s][debug][gc,refine         ] Activated worker 0, on threshold: 4775, current: 4864
[3.440s][debug][gc,refine         ] Deactivated worker 0, off threshold: 4263, current: 4096, refined cards: 768
[3.442s][debug][gc,refine         ] Activated worker 0, on threshold: 4775, current: 4864
[3.443s][debug][gc,refine         ] Deactivated worker 0, off threshold: 4263, current: 4096, refined cards: 768
[3.445s][debug][gc,refine         ] Activated worker 0, on threshold: 4775, current: 4864
[3.445s][debug][gc,refine         ] Deactivated worker 0, off threshold: 4263, current: 4096, refined cards: 768
[3.447s][debug][gc,refine         ] Activated worker 0, on threshold: 4775, current: 4864
[3.448s][debug][gc,refine         ] Deactivated worker 0, off threshold: 4263, current: 4096, refined cards: 768
[3.451s][debug][gc,refine         ] Activated worker 0, on threshold: 4775, current: 4864
[3.451s][debug][gc,refine         ] Deactivated worker 0, off threshold: 4263, current: 4096, refined cards: 768
[3.453s][debug][gc,refine         ] Activated worker 0, on threshold: 4775, current: 4864
[3.454s][debug][gc,refine         ] Deactivated worker 0, off threshold: 4263, current: 4096, refined cards: 768
[3.456s][debug][gc,refine         ] Activated worker 0, on threshold: 4775, current: 4864
[3.456s][debug][gc,refine         ] Deactivated worker 0, off threshold: 4263, current: 4096, refined cards: 768
[3.459s][debug][gc,refine         ] Activated worker 0, on threshold: 4775, current: 4864
[3.459s][debug][gc,refine         ] Deactivated worker 0, off threshold: 4263, current: 4096, refined cards: 768
[3.461s][debug][gc,refine         ] Activated worker 0, on threshold: 4775, current: 4864
[3.462s][debug][gc,refine         ] Deactivated worker 0, off threshold: 4263, current: 4096, refined cards: 768
[3.464s][debug][gc,refine         ] Activated worker 0, on threshold: 4775, current: 4864
[3.464s][debug][gc,refine         ] Deactivated worker 0, off threshold: 4263, current: 4096, refined cards: 768
[3.466s][debug][gc,refine         ] Activated worker 0, on threshold: 4775, current: 4864
[3.467s][debug][gc,refine         ] Deactivated worker 0, off threshold: 4263, current: 4096, refined cards: 768
[3.469s][debug][gc,refine         ] Activated worker 0, on threshold: 4775, current: 4864
[3.470s][debug][gc,refine         ] Deactivated worker 0, off threshold: 4263, current: 4096, refined cards: 768
[3.472s][debug][gc,refine         ] Activated worker 0, on threshold: 4775, current: 4864
[3.472s][debug][gc,refine         ] Deactivated worker 0, off threshold: 4263, current: 4096, refined cards: 768
[3.474s][debug][gc,refine         ] Activated worker 0, on threshold: 4775, current: 4864
[3.475s][debug][gc,refine         ] Deactivated worker 0, off threshold: 4263, current: 4096, refined cards: 768
[3.477s][debug][gc,refine         ] Activated worker 0, on threshold: 4775, current: 4864
[3.477s][debug][gc,refine         ] Deactivated worker 0, off threshold: 4263, current: 4096, refined cards: 768
[3.480s][debug][gc,refine         ] Activated worker 0, on threshold: 4775, current: 4864
[3.480s][debug][gc,refine         ] Deactivated worker 0, off threshold: 4263, current: 4096, refined cards: 768
[3.483s][debug][gc,refine         ] Activated worker 0, on threshold: 4775, current: 4864
[3.483s][debug][gc,refine         ] Deactivated worker 0, off threshold: 4263, current: 4096, refined cards: 768
[3.485s][debug][gc,refine         ] Activated worker 0, on threshold: 4775, current: 4864
[3.486s][debug][gc,refine         ] Deactivated worker 0, off threshold: 4263, current: 4096, refined cards: 768
[3.488s][debug][gc,refine         ] Activated worker 0, on threshold: 4775, current: 4864
[3.489s][debug][gc,refine         ] Deactivated worker 0, off threshold: 4263, current: 4096, refined cards: 768
[3.491s][debug][gc,refine         ] Activated worker 0, on threshold: 4775, current: 4864
[3.492s][debug][gc,refine         ] Deactivated worker 0, off threshold: 4263, current: 4096, refined cards: 768
[3.494s][debug][gc,refine         ] Activated worker 0, on threshold: 4775, current: 4864
[3.494s][debug][gc,refine         ] Deactivated worker 0, off threshold: 4263, current: 4096, refined cards: 768
[3.496s][debug][gc,refine         ] Activated worker 0, on threshold: 4775, current: 4864
[3.497s][debug][gc,refine         ] Deactivated worker 0, off threshold: 4263, current: 4096, refined cards: 768
[3.499s][debug][gc,refine         ] Activated worker 0, on threshold: 4775, current: 4864
[3.500s][debug][gc,refine         ] Deactivated worker 0, off threshold: 4263, current: 4096, refined cards: 768
[3.502s][debug][gc,refine         ] Activated worker 0, on threshold: 4775, current: 4864
[3.502s][debug][gc,refine         ] Deactivated worker 0, off threshold: 4263, current: 4096, refined cards: 768
[3.504s][debug][gc,refine         ] Activated worker 0, on threshold: 4775, current: 4864
[3.505s][debug][gc,refine         ] Deactivated worker 0, off threshold: 4263, current: 4096, refined cards: 768
[3.507s][debug][gc,refine         ] Activated worker 0, on threshold: 4775, current: 4864
[3.508s][debug][gc,refine         ] Deactivated worker 0, off threshold: 4263, current: 4096, refined cards: 768
[3.510s][debug][gc,refine         ] Activated worker 0, on threshold: 4775, current: 4864
[3.510s][debug][gc,refine         ] Deactivated worker 0, off threshold: 4263, current: 4096, refined cards: 768
[3.512s][debug][gc,refine         ] Activated worker 0, on threshold: 4775, current: 4864
[3.513s][debug][gc,refine         ] Deactivated worker 0, off threshold: 4263, current: 4096, refined cards: 768
[3.515s][debug][gc,refine         ] Activated worker 0, on threshold: 4775, current: 4864
[3.516s][debug][gc,refine         ] Deactivated worker 0, off threshold: 4263, current: 4096, refined cards: 768
[3.518s][debug][gc,refine         ] Activated worker 0, on threshold: 4775, current: 4864
[3.519s][debug][gc,refine         ] Deactivated worker 0, off threshold: 4263, current: 4096, refined cards: 768
[3.521s][debug][gc,refine         ] Activated worker 0, on threshold: 4775, current: 4864
[3.521s][debug][gc,refine         ] Deactivated worker 0, off threshold: 4263, current: 4096, refined cards: 768
[3.523s][debug][gc,refine         ] Activated worker 0, on threshold: 4775, current: 4864
[3.524s][debug][gc,refine         ] Deactivated worker 0, off threshold: 4263, current: 4096, refined cards: 768
[3.526s][debug][gc,refine         ] Activated worker 0, on threshold: 4775, current: 4864
[3.527s][debug][gc,refine         ] Deactivated worker 0, off threshold: 4263, current: 4096, refined cards: 768
[3.529s][debug][gc,refine         ] Activated worker 0, on threshold: 4775, current: 4864
[3.530s][debug][gc,refine         ] Deactivated worker 0, off threshold: 4263, current: 4096, refined cards: 768
[3.532s][debug][gc,refine         ] Activated worker 0, on threshold: 4775, current: 4864
[3.532s][debug][gc,refine         ] Deactivated worker 0, off threshold: 4263, current: 4096, refined cards: 768
[3.534s][debug][gc,refine         ] Activated worker 0, on threshold: 4775, current: 4864
[3.535s][debug][gc,refine         ] Deactivated worker 0, off threshold: 4263, current: 4096, refined cards: 768
[3.537s][debug][gc,refine         ] Activated worker 0, on threshold: 4775, current: 4864
[3.538s][debug][gc,refine         ] Deactivated worker 0, off threshold: 4263, current: 4096, refined cards: 768
[3.540s][debug][gc,refine         ] Activated worker 0, on threshold: 4775, current: 4864
[3.541s][debug][gc,refine         ] Deactivated worker 0, off threshold: 4263, current: 4096, refined cards: 768
[3.543s][debug][gc,refine         ] Activated worker 0, on threshold: 4775, current: 4864
[3.543s][debug][gc,refine         ] Deactivated worker 0, off threshold: 4263, current: 4096, refined cards: 768
[3.545s][debug][gc,refine         ] Activated worker 0, on threshold: 4775, current: 4864
[3.546s][debug][gc,refine         ] Deactivated worker 0, off threshold: 4263, current: 4096, refined cards: 768
[3.549s][debug][gc,refine         ] Activated worker 0, on threshold: 4775, current: 4864
[3.549s][debug][gc,refine         ] Deactivated worker 0, off threshold: 4263, current: 4096, refined cards: 768
[3.551s][debug][gc,refine         ] Activated worker 0, on threshold: 4775, current: 4864
[3.552s][debug][gc,refine         ] Deactivated worker 0, off threshold: 4263, current: 4096, refined cards: 768
[3.554s][debug][gc,refine         ] Activated worker 0, on threshold: 4775, current: 4864
[3.555s][debug][gc,refine         ] Deactivated worker 0, off threshold: 4263, current: 4096, refined cards: 768
[3.557s][debug][gc,refine         ] Activated worker 0, on threshold: 4775, current: 4864
[3.558s][debug][gc,refine         ] Deactivated worker 0, off threshold: 4263, current: 4096, refined cards: 768
[3.559s][debug][gc,refine         ] Activated worker 0, on threshold: 4775, current: 4864
[3.560s][debug][gc,refine         ] Deactivated worker 0, off threshold: 4263, current: 4096, refined cards: 768
[3.563s][debug][gc,refine         ] Activated worker 0, on threshold: 4775, current: 4864
[3.563s][debug][gc,refine         ] Deactivated worker 0, off threshold: 4263, current: 4096, refined cards: 768
[3.565s][debug][gc,refine         ] Activated worker 0, on threshold: 4775, current: 4864
[3.566s][debug][gc,refine         ] Deactivated worker 0, off threshold: 4263, current: 4096, refined cards: 768
[3.568s][debug][gc,refine         ] Activated worker 0, on threshold: 4775, current: 4864
[3.568s][debug][gc,refine         ] Deactivated worker 0, off threshold: 4263, current: 4096, refined cards: 768
[3.571s][debug][gc,refine         ] Activated worker 0, on threshold: 4775, current: 4864
[3.571s][debug][gc,refine         ] Deactivated worker 0, off threshold: 4263, current: 4096, refined cards: 768
[3.573s][debug][gc,refine         ] Activated worker 0, on threshold: 4775, current: 4864
[3.574s][debug][gc,refine         ] Deactivated worker 0, off threshold: 4263, current: 4096, refined cards: 768
[3.576s][debug][gc,refine         ] Activated worker 0, on threshold: 4775, current: 4864
[3.577s][debug][gc,refine         ] Deactivated worker 0, off threshold: 4263, current: 4096, refined cards: 768
[3.579s][debug][gc,refine         ] Activated worker 0, on threshold: 4775, current: 4864
[3.579s][debug][gc,refine         ] Deactivated worker 0, off threshold: 4263, current: 4096, refined cards: 768
[3.581s][debug][gc,refine         ] Activated worker 0, on threshold: 4775, current: 4864
[3.582s][debug][gc,refine         ] Deactivated worker 0, off threshold: 4263, current: 4096, refined cards: 768
[3.584s][debug][gc,refine         ] Activated worker 0, on threshold: 4775, current: 4864
[3.584s][debug][gc,task,start     ] G1 Service Thread (Remembered Set Sampling Task) (run)
[3.584s][debug][gc,task           ] G1 Service Thread (Remembered Set Sampling Task) (run) 0.126ms (cpu: 0.000ms)
[3.585s][debug][gc,heap           ] GC(17) Heap before GC invocations=17 (full 0):
[3.585s][debug][gc,heap           ] GC(17)  garbage-first heap   total 1048576K, used 647168K [0x00000000c0000000, 0x0000000100000000)
[3.585s][debug][gc,heap           ] GC(17)   region size 1024K, 343 young (351232K), 11 survivors (11264K)
[3.585s][debug][gc,heap           ] GC(17)  Metaspace       used 483K, committed 640K, reserved 1056768K
[3.585s][debug][gc,heap           ] GC(17)   class space    used 37K, committed 128K, reserved 1048576K
[3.585s][info ][gc,start          ] GC(17) Pause Young (Normal) (G1 Evacuation Pause)
[3.585s][info ][gc,task           ] GC(17) Using 4 workers of 4 for evacuation
[3.585s][debug][gc,tlab           ] GC(17) TLAB totals: thrds: 1  refills: 996 max: 996 slow allocs: 0 max 0 waste:  0.2% gc: 0B max: 0B slow: 573720B max: 573720B
[3.585s][debug][gc,age            ] GC(17) Desired survivor size 22544384 bytes, new threshold 15 (max threshold 15)
[3.585s][debug][gc,refine,stats   ] GC(17) Mutator refinement: 0.00ms, refined: 0, precleaned: 0, dirtied: 169705
[3.585s][debug][gc,refine,stats   ] GC(17) Concurrent refinement: 142.86ms, refined: 170855, precleaned: 1024, dirtied: 0
[3.585s][debug][gc,refine,stats   ] GC(17) Total refinement: 142.86ms, refined: 170855, precleaned: 1024, dirtied: 169705
[3.585s][debug][gc,refine,stats   ] GC(17) Concurrent refinement rate: 1195.99 cards/ms
[3.585s][debug][gc,refine,stats   ] GC(17) Generate dirty cards rate: 280.76 cards/ms
[3.585s][debug][gc,alloc,region   ] GC(17) Mutator Allocation stats, regions: 332, wasted size: 0B ( 0.0%)
[3.585s][debug][gc,humongous      ] GC(17) Humongous region 157 (object size 36920416 @ 0x00000000c9d00000) remset 1 code roots 0 marked 0 reclaim candidate 0 type array 0
[3.585s][debug][gc,ergo           ] GC(17) Running G1 Merge Heap Roots using 4 workers for 343 regions
[3.586s][debug][gc,remset         ] GC(17) Visited cards 46592 Total dirty 47104 (98.91%) Total old 1996800 (2.33%)
[3.700s][debug][gc,ref            ] GC(17) Skipped phase 1 of Reference Processing: no references
[3.700s][debug][gc,ref            ] GC(17) Skipped phase 2 of Reference Processing: no references
[3.700s][debug][gc,ref            ] GC(17) Skipped phase 3 of Reference Processing: no references
[3.700s][debug][gc,ref            ] GC(17) Skipped phase 4 of Reference Processing: no references
[3.701s][debug][gc,ergo           ] GC(17) Running G1 Rebuild Free List Task using 4 workers for rebuilding free list of regions
[3.701s][debug][gc,plab           ] GC(17) Young PLAB allocation: allocated: 45088768B, wasted: 1376B, unused: 0B, used: 45087392B, undo waste: 0B, 
[3.701s][debug][gc,plab           ] GC(17) Young other allocation: region end waste: 0B, regions filled: 43, direct allocated: 0B, failure used: 0B, failure wasted: 0B
[3.701s][debug][gc,plab           ] GC(17) Young sizing: calculated: 9017472B, actual: 7291040B
[3.701s][debug][gc,plab           ] GC(17) Old PLAB allocation: allocated: 40370176B, wasted: 1168B, unused: 1485136B, used: 38883872B, undo waste: 0B, 
[3.701s][debug][gc,plab           ] GC(17) Old other allocation: region end waste: 0B, regions filled: 39, direct allocated: 0B, failure used: 0B, failure wasted: 0B
[3.701s][debug][gc,plab           ] GC(17) Old sizing: calculated: 7776768B, actual: 7916632B
[3.701s][debug][gc,ergo,heap      ] GC(17) Heap expansion: short term pause time ratio 33.19% long term pause time ratio 38.80% threshold 7.69% pause time ratio 7.69% fully expanded true resize by 0B
[3.701s][debug][gc,mmu            ] GC(17) MMU: 115.9ms (200.0ms/201.0ms)
[3.701s][debug][gc,alloc,stats    ] Old generation allocation in the last mutator period, old gen allocated: 40370176B, humongous allocated: 0B,old gen growth: 40370176B.
[3.701s][debug][gc,ihop           ] GC(17) Basic information (value update), threshold: 483183820B (45.00), target occupancy: 1073741824B, current occupancy: 388497408B, recent allocation size: 40370176B, recent allocation duration: 604.46ms, recent old gen allocation rate: 66787385.26B/s, recent marking phase length: 397.99ms
[3.701s][debug][gc,ihop           ] GC(17) Adaptive IHOP information (value update), threshold: 483183820B (52.94), internal target occupancy: 912680550B, occupancy: 388497408B, additional buffer size: 462422016B, predicted old gen allocation rate: 418494845.33B/s, predicted marking phase length: 795.98ms, prediction active: false
[3.701s][debug][gc,ergo,refine    ] GC(17) Concurrent refinement times: Logged Cards Scan time goal: 20.00ms Logged Cards Scan time: 1.53ms HCC time: 0.00ms
[3.701s][debug][gc,ergo,refine    ] GC(17) Updated Refinement Zones: green: 4689, yellow: 14067, red: 23445
[3.701s][info ][gc,phases         ] GC(17)   Pre Evacuate Collection Set: 0.1ms
[3.701s][debug][gc,phases         ] GC(17)     Prepare TLABs: 0.0ms
[3.701s][debug][gc,phases         ] GC(17)     Concatenate Dirty Card Logs: 0.0ms
[3.701s][debug][gc,phases         ] GC(17)     Choose Collection Set: 0.0ms
[3.701s][debug][gc,phases         ] GC(17)     Region Register: 0.1ms
[3.701s][debug][gc,phases         ] GC(17)     Prepare Heap Roots: 0.0ms
[3.701s][info ][gc,phases         ] GC(17)   Merge Heap Roots: 1.0ms
[3.701s][debug][gc,phases         ] GC(17)     Prepare Merge Heap Roots: 0.0ms
[3.701s][debug][gc,phases         ] GC(17)     Eager Reclaim (ms):            skipped
[3.701s][debug][gc,phases         ] GC(17)     Remembered Sets (ms):          Min:  0.0, Avg:  0.4, Max:  0.8, Diff:  0.8, Sum:  1.7, Workers: 4
[3.701s][debug][gc,phases         ] GC(17)       Merged Sparse:                 Min: 0, Avg:  1.0, Max: 4, Diff: 4, Sum: 4, Workers: 4
[3.701s][debug][gc,phases         ] GC(17)       Merged Fine:                   Min: 0, Avg: 97.8, Max: 199, Diff: 199, Sum: 391, Workers: 4
[3.701s][debug][gc,phases         ] GC(17)       Merged Coarse:                 Min: 0, Avg:  0.0, Max: 0, Diff: 0, Sum: 0, Workers: 4
[3.702s][debug][gc,phases         ] GC(17)       Dirty Cards:                   Min: 0, Avg: 10212.3, Max: 36104, Diff: 36104, Sum: 40849, Workers: 4
[3.702s][debug][gc,phases         ] GC(17)     Hot Card Cache (ms):           Min:  0.0, Avg:  0.0, Max:  0.0, Diff:  0.0, Sum:  0.0, Workers: 4
[3.702s][debug][gc,phases         ] GC(17)       Dirty Cards:                   Min: 0, Avg: 250.0, Max: 440, Diff: 440, Sum: 1000, Workers: 4
[3.702s][debug][gc,phases         ] GC(17)       Skipped Cards:                 Min: 0, Avg:  0.0, Max: 0, Diff: 0, Sum: 0, Workers: 4
[3.702s][debug][gc,phases         ] GC(17)     Log Buffers (ms):              Min:  0.0, Avg:  0.0, Max:  0.0, Diff:  0.0, Sum:  0.1, Workers: 4
[3.702s][debug][gc,phases         ] GC(17)       Dirty Cards:                   Min: 0, Avg: 1115.5, Max: 1662, Diff: 1662, Sum: 4462, Workers: 4
[3.702s][debug][gc,phases         ] GC(17)       Skipped Cards:                 Min: 0, Avg:  0.0, Max: 0, Diff: 0, Sum: 0, Workers: 4
[3.702s][info ][gc,phases         ] GC(17)   Evacuate Collection Set: 113.6ms
[3.702s][debug][gc,phases         ] GC(17)     Ext Root Scanning (ms):        Min:  0.0, Avg:  0.0, Max:  0.0, Diff:  0.0, Sum:  0.1, Workers: 4
[3.702s][debug][gc,phases         ] GC(17)     Scan Heap Roots (ms):          Min: 13.7, Avg: 15.7, Max: 17.2, Diff:  3.6, Sum: 62.7, Workers: 4
[3.702s][debug][gc,phases         ] GC(17)       Scanned Cards:                 Min: 10752, Avg: 11589.8, Max: 13847, Diff: 3095, Sum: 46359, Workers: 4
[3.702s][debug][gc,phases         ] GC(17)       Scanned Blocks:                Min: 42, Avg: 45.5, Max: 55, Diff: 13, Sum: 182, Workers: 4
[3.702s][debug][gc,phases         ] GC(17)       Claimed Chunks:                Min: 42, Avg: 45.5, Max: 55, Diff: 13, Sum: 182, Workers: 4
[3.702s][debug][gc,phases         ] GC(17)     Code Root Scan (ms):           Min:  0.0, Avg:  0.0, Max:  0.0, Diff:  0.0, Sum:  0.0, Workers: 4
[3.702s][debug][gc,phases         ] GC(17)     Object Copy (ms):              Min: 96.3, Avg: 97.9, Max: 99.9, Diff:  3.6, Sum: 391.5, Workers: 4
[3.702s][debug][gc,phases         ] GC(17)     Termination (ms):              Min:  0.0, Avg:  0.0, Max:  0.0, Diff:  0.0, Sum:  0.0, Workers: 4
[3.702s][debug][gc,phases         ] GC(17)       Termination Attempts:          Min: 1, Avg:  8.8, Max: 19, Diff: 18, Sum: 35, Workers: 4
[3.702s][debug][gc,phases         ] GC(17)     GC Worker Other (ms):          Min:  0.0, Avg:  0.0, Max:  0.1, Diff:  0.1, Sum:  0.1, Workers: 4
[3.702s][debug][gc,phases         ] GC(17)     GC Worker Total (ms):          Min: 113.6, Avg: 113.6, Max: 113.6, Diff:  0.0, Sum: 454.5, Workers: 4
[3.702s][info ][gc,phases         ] GC(17)   Post Evacuate Collection Set: 0.7ms
[3.702s][debug][gc,phases         ] GC(17)     Code Roots Fixup: 0.0ms
[3.702s][debug][gc,phases         ] GC(17)     Reference Processing: 0.2ms
[3.702s][debug][gc,phases,ref     ] GC(17)       Reconsider SoftReferences: 0.1ms
[3.702s][debug][gc,phases,ref     ] GC(17)         SoftRef (ms):                  skipped
[3.702s][debug][gc,phases,ref     ] GC(17)       Notify Soft/WeakReferences: 0.0ms
[3.702s][debug][gc,phases,ref     ] GC(17)         SoftRef (ms):                  skipped
[3.702s][debug][gc,phases,ref     ] GC(17)         WeakRef (ms):                  skipped
[3.702s][debug][gc,phases,ref     ] GC(17)         FinalRef (ms):                 skipped
[3.702s][debug][gc,phases,ref     ] GC(17)         Total (ms):                    skipped
[3.702s][debug][gc,phases,ref     ] GC(17)       Notify and keep alive finalizable: 0.0ms
[3.702s][debug][gc,phases,ref     ] GC(17)         FinalRef (ms):                 skipped
[3.702s][debug][gc,phases,ref     ] GC(17)       Notify PhantomReferences: 0.0ms
[3.702s][debug][gc,phases,ref     ] GC(17)         PhantomRef (ms):               skipped
[3.702s][debug][gc,phases,ref     ] GC(17)       SoftReference:
[3.702s][debug][gc,phases,ref     ] GC(17)         Discovered: 0
[3.702s][debug][gc,phases,ref     ] GC(17)         Cleared: 0
[3.702s][debug][gc,phases,ref     ] GC(17)       WeakReference:
[3.702s][debug][gc,phases,ref     ] GC(17)         Discovered: 0
[3.702s][debug][gc,phases,ref     ] GC(17)         Cleared: 0
[3.702s][debug][gc,phases,ref     ] GC(17)       FinalReference:
[3.702s][debug][gc,phases,ref     ] GC(17)         Discovered: 0
[3.702s][debug][gc,phases,ref     ] GC(17)         Cleared: 0
[3.702s][debug][gc,phases,ref     ] GC(17)       PhantomReference:
[3.702s][debug][gc,phases,ref     ] GC(17)         Discovered: 0
[3.702s][debug][gc,phases,ref     ] GC(17)         Cleared: 0
[3.702s][debug][gc,phases         ] GC(17)     Weak Processing: 0.0ms
[3.702s][debug][gc,phases         ] GC(17)       VM Weak                        Min:  0.0, Avg:  0.0, Max:  0.0, Diff:  0.0, Sum:  0.0, Workers: 3
[3.702s][debug][gc,phases         ] GC(17)         Dead                           Min: 0, Avg:  0.0, Max: 0, Diff: 0, Sum: 0, Workers: 3
[3.702s][debug][gc,phases         ] GC(17)         Total                          Min: 0, Avg:  4.7, Max: 14, Diff: 14, Sum: 14, Workers: 3
[3.702s][debug][gc,phases         ] GC(17)       ObjectSynchronizer Weak        Min:  0.0, Avg:  0.0, Max:  0.0, Diff:  0.0, Sum:  0.0, Workers: 3
[3.702s][debug][gc,phases         ] GC(17)         Dead                           Min: 0, Avg:  0.0, Max: 0, Diff: 0, Sum: 0, Workers: 3
[3.702s][debug][gc,phases         ] GC(17)         Total                          Min: 0, Avg:  1.0, Max: 3, Diff: 3, Sum: 3, Workers: 3
[3.702s][debug][gc,phases         ] GC(17)       JVMTI Tag Weak OopStorage      Min:  0.0, Avg:  0.0, Max:  0.0, Diff:  0.0, Sum:  0.0, Workers: 3
[3.702s][debug][gc,phases         ] GC(17)         Dead                           Min: 0, Avg:  0.0, Max: 0, Diff: 0, Sum: 0, Workers: 3
[3.702s][debug][gc,phases         ] GC(17)         Total                          Min: 0, Avg:  0.0, Max: 0, Diff: 0, Sum: 0, Workers: 3
[3.702s][debug][gc,phases         ] GC(17)       StringTable Weak               Min:  0.0, Avg:  0.0, Max:  0.0, Diff:  0.0, Sum:  0.0, Workers: 3
[3.702s][debug][gc,phases         ] GC(17)         Dead                           Min: 0, Avg:  0.0, Max: 0, Diff: 0, Sum: 0, Workers: 3
[3.702s][debug][gc,phases         ] GC(17)         Total                          Min: 768, Avg: 821.3, Max: 864, Diff: 96, Sum: 2464, Workers: 3
[3.702s][debug][gc,phases         ] GC(17)       ResolvedMethodTable Weak       Min:  0.0, Avg:  0.0, Max:  0.0, Diff:  0.0, Sum:  0.0, Workers: 3
[3.702s][debug][gc,phases         ] GC(17)         Dead                           Min: 0, Avg:  0.0, Max: 0, Diff: 0, Sum: 0, Workers: 3
[3.702s][debug][gc,phases         ] GC(17)         Total                          Min: 9, Avg: 45.7, Max: 64, Diff: 55, Sum: 137, Workers: 3
[3.702s][debug][gc,phases         ] GC(17)       JNI Weak                       Min:  0.0, Avg:  0.0, Max:  0.0, Diff:  0.0, Sum:  0.0, Workers: 3
[3.703s][debug][gc,phases         ] GC(17)         Dead                           Min: 0, Avg:  0.0, Max: 0, Diff: 0, Sum: 0, Workers: 3
[3.703s][debug][gc,phases         ] GC(17)         Total                          Min: 0, Avg:  0.0, Max: 0, Diff: 0, Sum: 0, Workers: 3
[3.703s][debug][gc,phases         ] GC(17)       StringDedup Table Weak         Min:  0.0, Avg:  0.0, Max:  0.0, Diff:  0.0, Sum:  0.0, Workers: 3
[3.703s][debug][gc,phases         ] GC(17)         Dead                           Min: 0, Avg:  0.0, Max: 0, Diff: 0, Sum: 0, Workers: 3
[3.703s][debug][gc,phases         ] GC(17)         Total                          Min: 0, Avg:  0.0, Max: 0, Diff: 0, Sum: 0, Workers: 3
[3.703s][debug][gc,phases         ] GC(17)       StringDedup Requests0 Weak     Min:  0.0, Avg:  0.0, Max:  0.0, Diff:  0.0, Sum:  0.0, Workers: 3
[3.703s][debug][gc,phases         ] GC(17)         Dead                           Min: 0, Avg:  0.0, Max: 0, Diff: 0, Sum: 0, Workers: 3
[3.703s][debug][gc,phases         ] GC(17)         Total                          Min: 0, Avg:  0.0, Max: 0, Diff: 0, Sum: 0, Workers: 3
[3.703s][debug][gc,phases         ] GC(17)       StringDedup Requests1 Weak     Min:  0.0, Avg:  0.0, Max:  0.0, Diff:  0.0, Sum:  0.0, Workers: 3
[3.703s][debug][gc,phases         ] GC(17)         Dead                           Min: 0, Avg:  0.0, Max: 0, Diff: 0, Sum: 0, Workers: 3
[3.703s][debug][gc,phases         ] GC(17)         Total                          Min: 0, Avg:  0.0, Max: 0, Diff: 0, Sum: 0, Workers: 3
[3.703s][debug][gc,phases         ] GC(17)       Weak JFR Old Object Samples    Min:  0.0, Avg:  0.0, Max:  0.0, Diff:  0.0, Sum:  0.0, Workers: 3
[3.703s][debug][gc,phases         ] GC(17)         Dead                           Min: 0, Avg:  0.0, Max: 0, Diff: 0, Sum: 0, Workers: 3
[3.703s][debug][gc,phases         ] GC(17)         Total                          Min: 0, Avg:  0.0, Max: 0, Diff: 0, Sum: 0, Workers: 3
[3.703s][debug][gc,phases         ] GC(17)     Post Evacuate Cleanup 1: 0.1ms
[3.703s][debug][gc,phases         ] GC(17)       Merge Per-Thread State (ms):   Min:  0.0, Avg:  0.0, Max:  0.0, Diff:  0.0, Sum:  0.0, Workers: 1
[3.703s][debug][gc,phases         ] GC(17)         Copied Bytes                   Min: 18226720, Avg: 20992816.0, Max: 22113904, Diff: 3887184, Sum: 83971264, Workers: 4
[3.703s][debug][gc,phases         ] GC(17)         LAB Waste                      Min: 544, Avg: 636.0, Max: 672, Diff: 128, Sum: 2544, Workers: 4
[3.703s][debug][gc,phases         ] GC(17)         LAB Undo Waste                 Min: 0, Avg:  0.0, Max: 0, Diff: 0, Sum: 0, Workers: 4
[3.703s][debug][gc,phases         ] GC(17)       Clear Logged Cards (ms):       Min:  0.0, Avg:  0.0, Max:  0.1, Diff:  0.1, Sum:  0.1, Workers: 3
[3.703s][debug][gc,phases         ] GC(17)       Recalculate Used Memory (ms):  Min:  0.0, Avg:  0.0, Max:  0.0, Diff:  0.0, Sum:  0.0, Workers: 1
[3.703s][debug][gc,phases         ] GC(17)     Post Evacuate Cleanup 2: 0.2ms
[3.703s][debug][gc,phases         ] GC(17)       Reset Hot Card Cache (ms):     Min:  0.0, Avg:  0.0, Max:  0.0, Diff:  0.0, Sum:  0.0, Workers: 1
[3.703s][debug][gc,phases         ] GC(17)       Purge Code Roots (ms):         Min:  0.0, Avg:  0.0, Max:  0.0, Diff:  0.0, Sum:  0.0, Workers: 1
[3.703s][debug][gc,phases         ] GC(17)       Update Derived Pointers (ms):  Min:  0.0, Avg:  0.0, Max:  0.0, Diff:  0.0, Sum:  0.0, Workers: 1
[3.703s][debug][gc,phases         ] GC(17)       Eagerly Reclaim Humongous Objects (ms): Min:  0.0, Avg:  0.0, Max:  0.0, Diff:  0.0, Sum:  0.0, Workers: 1
[3.703s][debug][gc,phases         ] GC(17)         Humongous Total                Min: 1, Avg:  1.0, Max: 1, Diff: 0, Sum: 1, Workers: 1
[3.703s][debug][gc,phases         ] GC(17)         Humongous Candidates           Min: 0, Avg:  0.0, Max: 0, Diff: 0, Sum: 0, Workers: 1
[3.703s][debug][gc,phases         ] GC(17)         Humongous Reclaimed            Min: 0, Avg:  0.0, Max: 0, Diff: 0, Sum: 0, Workers: 1
[3.703s][debug][gc,phases         ] GC(17)       Redirty Logged Cards (ms):     Min:  0.0, Avg:  0.0, Max:  0.0, Diff:  0.0, Sum:  0.1, Workers: 4
[3.703s][debug][gc,phases         ] GC(17)         Redirtied Cards:               Min: 2305, Avg: 5505.0, Max: 7170, Diff: 4865, Sum: 22020, Workers: 4
[3.703s][debug][gc,phases         ] GC(17)       Free Collection Set (ms):      Min:  0.1, Avg:  0.1, Max:  0.1, Diff:  0.0, Sum:  0.3, Workers: 4
[3.703s][debug][gc,phases         ] GC(17)     Rebuild Free List: 0.1ms
[3.703s][debug][gc,phases         ] GC(17)     Start New Collection Set: 0.1ms
[3.703s][debug][gc,phases         ] GC(17)     Resize TLABs: 0.0ms
[3.703s][debug][gc,phases         ] GC(17)     Expand Heap After Collection: 0.0ms
[3.703s][info ][gc,phases         ] GC(17)   Other: 0.9ms
[3.703s][info ][gc,heap           ] GC(17) Eden regions: 332->0(398)
[3.703s][info ][gc,heap           ] GC(17) Survivor regions: 11->43(43)
[3.703s][info ][gc,heap           ] GC(17) Old regions: 253->292
[3.703s][info ][gc,heap           ] GC(17) Archive regions: 0->0
[3.703s][info ][gc,heap           ] GC(17) Humongous regions: 36->36
[3.703s][info ][gc,metaspace      ] GC(17) Metaspace: 483K(640K)->483K(640K) NonClass: 445K(512K)->445K(512K) Class: 37K(128K)->37K(128K)
[3.703s][debug][gc,heap           ] GC(17) Heap after GC invocations=18 (full 0):
[3.703s][debug][gc,heap           ] GC(17)  garbage-first heap   total 1048576K, used 379392K [0x00000000c0000000, 0x0000000100000000)
[3.703s][debug][gc,heap           ] GC(17)   region size 1024K, 43 young (44032K), 43 survivors (44032K)
[3.703s][debug][gc,heap           ] GC(17)  Metaspace       used 483K, committed 640K, reserved 1056768K
[3.703s][debug][gc,heap           ] GC(17)   class space    used 37K, committed 128K, reserved 1048576K
[3.703s][info ][gc                ] GC(17) Pause Young (Normal) (G1 Evacuation Pause) 632M->370M(1024M) 118.252ms
[3.703s][info ][gc,cpu            ] GC(17) User=0.31s Sys=0.05s Real=0.12s
[3.703s][debug][gc,refine         ] Activated worker 1, on threshold: 9378, current: 21763
[3.703s][debug][gc,refine         ] Activated worker 2, on threshold: 11723, current: 20483
[3.704s][debug][gc,refine         ] Activated worker 3, on threshold: 14067, current: 20227
[3.707s][debug][gc,refine         ] Deactivated worker 3, off threshold: 11722, current: 11266, refined cards: 2304
[3.707s][debug][gc,refine         ] Deactivated worker 2, off threshold: 9378, current: 9217, refined cards: 2561
[3.709s][debug][gc,refine         ] Deactivated worker 1, off threshold: 7033, current: 6913, refined cards: 4608
[3.712s][debug][gc,refine         ] Deactivated worker 0, off threshold: 4689, current: 4608, refined cards: 9830
[3.713s][debug][gc,refine         ] Activated worker 0, on threshold: 5201, current: 5376
[3.714s][debug][gc,refine         ] Deactivated worker 0, off threshold: 4689, current: 4608, refined cards: 768
[3.715s][debug][gc,refine         ] Activated worker 0, on threshold: 5201, current: 5376
[3.716s][debug][gc,refine         ] Deactivated worker 0, off threshold: 4689, current: 4608, refined cards: 768
[3.717s][debug][gc,refine         ] Activated worker 0, on threshold: 5201, current: 5376
[3.718s][debug][gc,refine         ] Deactivated worker 0, off threshold: 4689, current: 4608, refined cards: 768
[3.719s][debug][gc,refine         ] Activated worker 0, on threshold: 5201, current: 5376
[3.720s][debug][gc,refine         ] Deactivated worker 0, off threshold: 4689, current: 4608, refined cards: 768
[3.721s][debug][gc,refine         ] Activated worker 0, on threshold: 5201, current: 5376
[3.722s][debug][gc,refine         ] Deactivated worker 0, off threshold: 4689, current: 4608, refined cards: 768
[3.723s][debug][gc,refine         ] Activated worker 0, on threshold: 5201, current: 5376
[3.724s][debug][gc,refine         ] Deactivated worker 0, off threshold: 4689, current: 4608, refined cards: 768
[3.725s][debug][gc,refine         ] Activated worker 0, on threshold: 5201, current: 5376
[3.726s][debug][gc,refine         ] Deactivated worker 0, off threshold: 4689, current: 4608, refined cards: 768
[3.728s][debug][gc,refine         ] Activated worker 0, on threshold: 5201, current: 5376
[3.728s][debug][gc,refine         ] Deactivated worker 0, off threshold: 4689, current: 4608, refined cards: 768
[3.730s][debug][gc,refine         ] Activated worker 0, on threshold: 5201, current: 5376
[3.730s][debug][gc,refine         ] Deactivated worker 0, off threshold: 4689, current: 4608, refined cards: 768
[3.732s][debug][gc,refine         ] Activated worker 0, on threshold: 5201, current: 5376
[3.732s][debug][gc,refine         ] Deactivated worker 0, off threshold: 4689, current: 4608, refined cards: 768
[3.734s][debug][gc,refine         ] Activated worker 0, on threshold: 5201, current: 5376
[3.734s][debug][gc,refine         ] Deactivated worker 0, off threshold: 4689, current: 4608, refined cards: 768
[3.736s][debug][gc,refine         ] Activated worker 0, on threshold: 5201, current: 5376
[3.737s][debug][gc,refine         ] Deactivated worker 0, off threshold: 4689, current: 4608, refined cards: 768
[3.741s][debug][gc,refine         ] Activated worker 0, on threshold: 5201, current: 5376
[3.741s][debug][gc,refine         ] Deactivated worker 0, off threshold: 4689, current: 4608, refined cards: 768
[3.743s][debug][gc,refine         ] Activated worker 0, on threshold: 5201, current: 5376
[3.744s][debug][gc,refine         ] Deactivated worker 0, off threshold: 4689, current: 4608, refined cards: 768
[3.745s][debug][gc,refine         ] Activated worker 0, on threshold: 5201, current: 5376
[3.746s][debug][gc,refine         ] Deactivated worker 0, off threshold: 4689, current: 4608, refined cards: 768
[3.747s][debug][gc,refine         ] Activated worker 0, on threshold: 5201, current: 5376
[3.748s][debug][gc,refine         ] Deactivated worker 0, off threshold: 4689, current: 4608, refined cards: 768
[3.749s][debug][gc,refine         ] Activated worker 0, on threshold: 5201, current: 5376
[3.750s][debug][gc,refine         ] Deactivated worker 0, off threshold: 4689, current: 4608, refined cards: 768
[3.751s][debug][gc,refine         ] Activated worker 0, on threshold: 5201, current: 5376
[3.752s][debug][gc,refine         ] Deactivated worker 0, off threshold: 4689, current: 4608, refined cards: 768
[3.753s][debug][gc,refine         ] Activated worker 0, on threshold: 5201, current: 5376
[3.754s][debug][gc,refine         ] Deactivated worker 0, off threshold: 4689, current: 4608, refined cards: 768
[3.755s][debug][gc,refine         ] Activated worker 0, on threshold: 5201, current: 5376
[3.756s][debug][gc,refine         ] Deactivated worker 0, off threshold: 4689, current: 4608, refined cards: 768
[3.758s][debug][gc,refine         ] Activated worker 0, on threshold: 5201, current: 5376
[3.758s][debug][gc,refine         ] Deactivated worker 0, off threshold: 4689, current: 4608, refined cards: 768
[3.760s][debug][gc,refine         ] Activated worker 0, on threshold: 5201, current: 5376
[3.760s][debug][gc,refine         ] Deactivated worker 0, off threshold: 4689, current: 4608, refined cards: 768
[3.762s][debug][gc,refine         ] Activated worker 0, on threshold: 5201, current: 5376
[3.762s][debug][gc,refine         ] Deactivated worker 0, off threshold: 4689, current: 4608, refined cards: 768
[3.764s][debug][gc,refine         ] Activated worker 0, on threshold: 5201, current: 5376
[3.764s][debug][gc,refine         ] Deactivated worker 0, off threshold: 4689, current: 4608, refined cards: 768
[3.766s][debug][gc,refine         ] Activated worker 0, on threshold: 5201, current: 5376
[3.767s][debug][gc,refine         ] Deactivated worker 0, off threshold: 4689, current: 4608, refined cards: 768
[3.768s][debug][gc,refine         ] Activated worker 0, on threshold: 5201, current: 5376
[3.769s][debug][gc,refine         ] Deactivated worker 0, off threshold: 4689, current: 4608, refined cards: 768
[3.770s][debug][gc,refine         ] Activated worker 0, on threshold: 5201, current: 5376
[3.771s][debug][gc,refine         ] Deactivated worker 0, off threshold: 4689, current: 4608, refined cards: 768
[3.772s][debug][gc,refine         ] Activated worker 0, on threshold: 5201, current: 5376
[3.773s][debug][gc,refine         ] Deactivated worker 0, off threshold: 4689, current: 4608, refined cards: 768
[3.774s][debug][gc,refine         ] Activated worker 0, on threshold: 5201, current: 5376
[3.775s][debug][gc,refine         ] Deactivated worker 0, off threshold: 4689, current: 4608, refined cards: 1024
[3.777s][debug][gc,refine         ] Activated worker 0, on threshold: 5201, current: 5376
[3.778s][debug][gc,refine         ] Deactivated worker 0, off threshold: 4689, current: 4608, refined cards: 768
[3.779s][debug][gc,refine         ] Activated worker 0, on threshold: 5201, current: 5376
[3.780s][debug][gc,refine         ] Deactivated worker 0, off threshold: 4689, current: 4608, refined cards: 768
[3.781s][debug][gc,refine         ] Activated worker 0, on threshold: 5201, current: 5376
[3.782s][debug][gc,refine         ] Deactivated worker 0, off threshold: 4689, current: 4608, refined cards: 768
[3.783s][debug][gc,refine         ] Activated worker 0, on threshold: 5201, current: 5376
[3.784s][debug][gc,refine         ] Deactivated worker 0, off threshold: 4689, current: 4608, refined cards: 768
[3.785s][debug][gc,refine         ] Activated worker 0, on threshold: 5201, current: 5376
[3.786s][debug][gc,refine         ] Deactivated worker 0, off threshold: 4689, current: 4608, refined cards: 768
[3.788s][debug][gc,refine         ] Activated worker 0, on threshold: 5201, current: 5376
[3.788s][debug][gc,refine         ] Deactivated worker 0, off threshold: 4689, current: 4608, refined cards: 768
[3.790s][debug][gc,refine         ] Activated worker 0, on threshold: 5201, current: 5376
[3.790s][debug][gc,refine         ] Deactivated worker 0, off threshold: 4689, current: 4608, refined cards: 768
[3.792s][debug][gc,refine         ] Activated worker 0, on threshold: 5201, current: 5376
[3.792s][debug][gc,refine         ] Deactivated worker 0, off threshold: 4689, current: 4608, refined cards: 768
[3.794s][debug][gc,refine         ] Activated worker 0, on threshold: 5201, current: 5376
[3.795s][debug][gc,refine         ] Deactivated worker 0, off threshold: 4689, current: 4608, refined cards: 1024
[3.797s][debug][gc,refine         ] Activated worker 0, on threshold: 5201, current: 5376
[3.798s][debug][gc,refine         ] Deactivated worker 0, off threshold: 4689, current: 4608, refined cards: 1024
[3.800s][debug][gc,refine         ] Activated worker 0, on threshold: 5201, current: 5376
[3.800s][debug][gc,refine         ] Deactivated worker 0, off threshold: 4689, current: 4608, refined cards: 768
[3.802s][debug][gc,refine         ] Activated worker 0, on threshold: 5201, current: 5376
[3.802s][debug][gc,refine         ] Deactivated worker 0, off threshold: 4689, current: 4608, refined cards: 768
[3.804s][debug][gc,refine         ] Activated worker 0, on threshold: 5201, current: 5376
[3.804s][debug][gc,refine         ] Deactivated worker 0, off threshold: 4689, current: 4608, refined cards: 768
[3.806s][debug][gc,refine         ] Activated worker 0, on threshold: 5201, current: 5376
[3.807s][debug][gc,refine         ] Deactivated worker 0, off threshold: 4689, current: 4608, refined cards: 768
[3.808s][debug][gc,refine         ] Activated worker 0, on threshold: 5201, current: 5376
[3.809s][debug][gc,refine         ] Deactivated worker 0, off threshold: 4689, current: 4608, refined cards: 768
[3.811s][debug][gc,refine         ] Activated worker 0, on threshold: 5201, current: 5376
[3.812s][debug][gc,refine         ] Deactivated worker 0, off threshold: 4689, current: 4608, refined cards: 1024
[3.814s][debug][gc,refine         ] Activated worker 0, on threshold: 5201, current: 5376
[3.815s][debug][gc,refine         ] Deactivated worker 0, off threshold: 4689, current: 4608, refined cards: 768
[3.818s][debug][gc,refine         ] Activated worker 0, on threshold: 5201, current: 5376
[3.819s][debug][gc,refine         ] Deactivated worker 0, off threshold: 4689, current: 4608, refined cards: 768
[3.821s][debug][gc,refine         ] Activated worker 0, on threshold: 5201, current: 5376
[3.822s][debug][gc,refine         ] Deactivated worker 0, off threshold: 4689, current: 4608, refined cards: 768
[3.826s][debug][gc,refine         ] Activated worker 0, on threshold: 5201, current: 5376
[3.827s][debug][gc,refine         ] Deactivated worker 0, off threshold: 4689, current: 4608, refined cards: 768
[3.828s][debug][gc,refine         ] Activated worker 0, on threshold: 5201, current: 5376
[3.829s][debug][gc,refine         ] Deactivated worker 0, off threshold: 4689, current: 4608, refined cards: 1024
[3.831s][debug][gc,refine         ] Activated worker 0, on threshold: 5201, current: 5376
[3.832s][debug][gc,refine         ] Deactivated worker 0, off threshold: 4689, current: 4608, refined cards: 768
[3.834s][debug][gc,refine         ] Activated worker 0, on threshold: 5201, current: 5376
[3.835s][debug][gc,refine         ] Deactivated worker 0, off threshold: 4689, current: 4608, refined cards: 768
[3.836s][debug][gc,refine         ] Activated worker 0, on threshold: 5201, current: 5376
[3.837s][debug][gc,refine         ] Deactivated worker 0, off threshold: 4689, current: 4608, refined cards: 768
[3.838s][debug][gc,refine         ] Activated worker 0, on threshold: 5201, current: 5376
[3.839s][debug][gc,refine         ] Deactivated worker 0, off threshold: 4689, current: 4608, refined cards: 1024
[3.841s][debug][gc,refine         ] Activated worker 0, on threshold: 5201, current: 5376
[3.842s][debug][gc,refine         ] Deactivated worker 0, off threshold: 4689, current: 4608, refined cards: 768
[3.843s][debug][gc,refine         ] Activated worker 0, on threshold: 5201, current: 5376
[3.844s][debug][gc,refine         ] Deactivated worker 0, off threshold: 4689, current: 4608, refined cards: 768
[3.845s][debug][gc,refine         ] Activated worker 0, on threshold: 5201, current: 5376
[3.846s][debug][gc,refine         ] Deactivated worker 0, off threshold: 4689, current: 4608, refined cards: 1024
[3.848s][debug][gc,refine         ] Activated worker 0, on threshold: 5201, current: 5376
[3.848s][debug][gc,refine         ] Deactivated worker 0, off threshold: 4689, current: 4608, refined cards: 768
[3.850s][debug][gc,refine         ] Activated worker 0, on threshold: 5201, current: 5376
[3.851s][debug][gc,refine         ] Deactivated worker 0, off threshold: 4689, current: 4608, refined cards: 768
[3.852s][debug][gc,refine         ] Activated worker 0, on threshold: 5201, current: 5376
[3.854s][debug][gc,refine         ] Deactivated worker 0, off threshold: 4689, current: 4608, refined cards: 1024
[3.855s][debug][gc,refine         ] Activated worker 0, on threshold: 5201, current: 5376
[3.856s][debug][gc,refine         ] Deactivated worker 0, off threshold: 4689, current: 4608, refined cards: 1024
[3.858s][debug][gc,refine         ] Activated worker 0, on threshold: 5201, current: 5376
[3.859s][debug][gc,refine         ] Deactivated worker 0, off threshold: 4689, current: 4608, refined cards: 768
[3.861s][debug][gc,refine         ] Activated worker 0, on threshold: 5201, current: 5376
[3.861s][debug][gc,refine         ] Deactivated worker 0, off threshold: 4689, current: 4608, refined cards: 768
[3.863s][debug][gc,refine         ] Activated worker 0, on threshold: 5201, current: 5376
[3.863s][debug][gc,refine         ] Deactivated worker 0, off threshold: 4689, current: 4608, refined cards: 768
[3.865s][debug][gc,refine         ] Activated worker 0, on threshold: 5201, current: 5376
[3.865s][debug][gc,refine         ] Deactivated worker 0, off threshold: 4689, current: 4608, refined cards: 768
[3.867s][debug][gc,refine         ] Activated worker 0, on threshold: 5201, current: 5376
[3.867s][debug][gc,refine         ] Deactivated worker 0, off threshold: 4689, current: 4608, refined cards: 768
[3.869s][debug][gc,refine         ] Activated worker 0, on threshold: 5201, current: 5376
[3.869s][debug][gc,refine         ] Deactivated worker 0, off threshold: 4689, current: 4608, refined cards: 768
[3.871s][debug][gc,refine         ] Activated worker 0, on threshold: 5201, current: 5376
[3.871s][debug][gc,refine         ] Deactivated worker 0, off threshold: 4689, current: 4608, refined cards: 768
[3.873s][debug][gc,refine         ] Activated worker 0, on threshold: 5201, current: 5376
[3.873s][debug][gc,refine         ] Deactivated worker 0, off threshold: 4689, current: 4608, refined cards: 768
[3.875s][debug][gc,refine         ] Activated worker 0, on threshold: 5201, current: 5376
[3.875s][debug][gc,refine         ] Deactivated worker 0, off threshold: 4689, current: 4608, refined cards: 768
[3.877s][debug][gc,refine         ] Activated worker 0, on threshold: 5201, current: 5376
[3.877s][debug][gc,refine         ] Deactivated worker 0, off threshold: 4689, current: 4608, refined cards: 768
[3.879s][debug][gc,refine         ] Activated worker 0, on threshold: 5201, current: 5376
[3.879s][debug][gc,refine         ] Deactivated worker 0, off threshold: 4689, current: 4608, refined cards: 768
[3.881s][debug][gc,refine         ] Activated worker 0, on threshold: 5201, current: 5376
[3.881s][debug][gc,refine         ] Deactivated worker 0, off threshold: 4689, current: 4608, refined cards: 768
[3.883s][debug][gc,refine         ] Activated worker 0, on threshold: 5201, current: 5376
[3.883s][debug][gc,refine         ] Deactivated worker 0, off threshold: 4689, current: 4608, refined cards: 768
[3.885s][debug][gc,refine         ] Activated worker 0, on threshold: 5201, current: 5376
[3.885s][debug][gc,task,start     ] G1 Service Thread (Remembered Set Sampling Task) (run)
[3.885s][debug][gc,task           ] G1 Service Thread (Remembered Set Sampling Task) (run) 0.042ms (cpu: 0.000ms)
[3.885s][debug][gc,refine         ] Deactivated worker 0, off threshold: 4689, current: 4608, refined cards: 768
[3.887s][debug][gc,refine         ] Activated worker 0, on threshold: 5201, current: 5376
[3.888s][debug][gc,refine         ] Deactivated worker 0, off threshold: 4689, current: 4608, refined cards: 768
[3.892s][debug][gc,refine         ] Activated worker 0, on threshold: 5201, current: 5376
[3.893s][debug][gc,refine         ] Deactivated worker 0, off threshold: 4689, current: 4608, refined cards: 768
[3.894s][debug][gc,refine         ] Activated worker 0, on threshold: 5201, current: 5376
[3.895s][debug][gc,refine         ] Deactivated worker 0, off threshold: 4689, current: 4608, refined cards: 768
[3.897s][debug][gc,refine         ] Activated worker 0, on threshold: 5201, current: 5376
[3.898s][debug][gc,refine         ] Deactivated worker 0, off threshold: 4689, current: 4608, refined cards: 768
[3.899s][debug][gc,refine         ] Activated worker 0, on threshold: 5201, current: 5376
[3.900s][debug][gc,refine         ] Deactivated worker 0, off threshold: 4689, current: 4608, refined cards: 768
[3.901s][debug][gc,refine         ] Activated worker 0, on threshold: 5201, current: 5376
[3.902s][debug][gc,refine         ] Deactivated worker 0, off threshold: 4689, current: 4608, refined cards: 768
[3.904s][debug][gc,refine         ] Activated worker 0, on threshold: 5201, current: 5376
[3.904s][debug][gc,refine         ] Deactivated worker 0, off threshold: 4689, current: 4608, refined cards: 768
[3.906s][debug][gc,refine         ] Activated worker 0, on threshold: 5201, current: 5376
[3.906s][debug][gc,refine         ] Deactivated worker 0, off threshold: 4689, current: 4608, refined cards: 768
[3.908s][debug][gc,refine         ] Activated worker 0, on threshold: 5201, current: 5376
[3.908s][debug][gc,refine         ] Deactivated worker 0, off threshold: 4689, current: 4608, refined cards: 768
[3.910s][debug][gc,refine         ] Activated worker 0, on threshold: 5201, current: 5376
[3.911s][debug][gc,refine         ] Deactivated worker 0, off threshold: 4689, current: 4608, refined cards: 1024
[3.913s][debug][gc,refine         ] Activated worker 0, on threshold: 5201, current: 5376
[3.914s][debug][gc,refine         ] Deactivated worker 0, off threshold: 4689, current: 4608, refined cards: 768
[3.915s][debug][gc,refine         ] Activated worker 0, on threshold: 5201, current: 5376
[3.916s][debug][gc,refine         ] Deactivated worker 0, off threshold: 4689, current: 4608, refined cards: 768
[3.918s][debug][gc,refine         ] Activated worker 0, on threshold: 5201, current: 5376
[3.918s][debug][gc,refine         ] Deactivated worker 0, off threshold: 4689, current: 4608, refined cards: 768
[3.920s][debug][gc,refine         ] Activated worker 0, on threshold: 5201, current: 5376
[3.920s][debug][gc,refine         ] Deactivated worker 0, off threshold: 4689, current: 4608, refined cards: 768
[3.922s][debug][gc,refine         ] Activated worker 0, on threshold: 5201, current: 5376
[3.922s][debug][gc,refine         ] Deactivated worker 0, off threshold: 4689, current: 4608, refined cards: 768
[3.924s][debug][gc,refine         ] Activated worker 0, on threshold: 5201, current: 5376
[3.924s][debug][gc,refine         ] Deactivated worker 0, off threshold: 4689, current: 4608, refined cards: 768
[3.926s][debug][gc,refine         ] Activated worker 0, on threshold: 5201, current: 5376
[3.927s][debug][gc,refine         ] Deactivated worker 0, off threshold: 4689, current: 4608, refined cards: 768
[3.928s][debug][gc,refine         ] Activated worker 0, on threshold: 5201, current: 5376
[3.929s][debug][gc,refine         ] Deactivated worker 0, off threshold: 4689, current: 4608, refined cards: 768
[3.930s][debug][gc,refine         ] Activated worker 0, on threshold: 5201, current: 5376
[3.931s][debug][gc,refine         ] Deactivated worker 0, off threshold: 4689, current: 4608, refined cards: 768
[3.932s][debug][gc,refine         ] Activated worker 0, on threshold: 5201, current: 5376
[3.933s][debug][gc,refine         ] Deactivated worker 0, off threshold: 4689, current: 4608, refined cards: 768
[3.934s][debug][gc,refine         ] Activated worker 0, on threshold: 5201, current: 5376
[3.935s][debug][gc,refine         ] Deactivated worker 0, off threshold: 4689, current: 4608, refined cards: 768
[3.936s][debug][gc,refine         ] Activated worker 0, on threshold: 5201, current: 5376
[3.937s][debug][gc,refine         ] Deactivated worker 0, off threshold: 4689, current: 4608, refined cards: 768
[3.939s][debug][gc,refine         ] Activated worker 0, on threshold: 5201, current: 5376
[3.939s][debug][gc,refine         ] Deactivated worker 0, off threshold: 4689, current: 4608, refined cards: 768
[3.941s][debug][gc,refine         ] Activated worker 0, on threshold: 5201, current: 5376
[3.941s][debug][gc,refine         ] Deactivated worker 0, off threshold: 4689, current: 4608, refined cards: 768
[3.943s][debug][gc,refine         ] Activated worker 0, on threshold: 5201, current: 5376
[3.943s][debug][gc,refine         ] Deactivated worker 0, off threshold: 4689, current: 4608, refined cards: 768
[3.945s][debug][gc,refine         ] Activated worker 0, on threshold: 5201, current: 5376
[3.945s][debug][gc,refine         ] Deactivated worker 0, off threshold: 4689, current: 4608, refined cards: 768
[3.947s][debug][gc,refine         ] Activated worker 0, on threshold: 5201, current: 5376
[3.947s][debug][gc,refine         ] Deactivated worker 0, off threshold: 4689, current: 4608, refined cards: 768
[3.949s][debug][gc,refine         ] Activated worker 0, on threshold: 5201, current: 5376
[3.949s][debug][gc,refine         ] Deactivated worker 0, off threshold: 4689, current: 4608, refined cards: 768
[3.951s][debug][gc,refine         ] Activated worker 0, on threshold: 5201, current: 5376
[3.951s][debug][gc,refine         ] Deactivated worker 0, off threshold: 4689, current: 4608, refined cards: 768
[3.953s][debug][gc,refine         ] Activated worker 0, on threshold: 5201, current: 5376
[3.953s][debug][gc,refine         ] Deactivated worker 0, off threshold: 4689, current: 4608, refined cards: 768
[3.955s][debug][gc,refine         ] Activated worker 0, on threshold: 5201, current: 5376
[3.955s][debug][gc,refine         ] Deactivated worker 0, off threshold: 4689, current: 4608, refined cards: 768
[3.957s][debug][gc,refine         ] Activated worker 0, on threshold: 5201, current: 5376
[3.958s][debug][gc,refine         ] Deactivated worker 0, off threshold: 4689, current: 4608, refined cards: 768
[3.959s][debug][gc,refine         ] Activated worker 0, on threshold: 5201, current: 5376
[3.960s][debug][gc,refine         ] Deactivated worker 0, off threshold: 4689, current: 4608, refined cards: 768
[3.961s][debug][gc,refine         ] Activated worker 0, on threshold: 5201, current: 5376
[3.961s][debug][gc,refine         ] Deactivated worker 0, off threshold: 4689, current: 4608, refined cards: 768
[3.963s][debug][gc,refine         ] Activated worker 0, on threshold: 5201, current: 5376
[3.963s][debug][gc,refine         ] Deactivated worker 0, off threshold: 4689, current: 4608, refined cards: 768
[3.965s][debug][gc,refine         ] Activated worker 0, on threshold: 5201, current: 5376
[3.965s][debug][gc,refine         ] Deactivated worker 0, off threshold: 4689, current: 4608, refined cards: 768
[3.967s][debug][gc,refine         ] Activated worker 0, on threshold: 5201, current: 5376
[3.968s][debug][gc,refine         ] Deactivated worker 0, off threshold: 4689, current: 4608, refined cards: 768
[3.969s][debug][gc,refine         ] Activated worker 0, on threshold: 5201, current: 5376
[3.970s][debug][gc,refine         ] Deactivated worker 0, off threshold: 4689, current: 4608, refined cards: 768
[3.971s][debug][gc,refine         ] Activated worker 0, on threshold: 5201, current: 5376
[3.972s][debug][gc,refine         ] Deactivated worker 0, off threshold: 4689, current: 4608, refined cards: 768
[3.973s][debug][gc,refine         ] Activated worker 0, on threshold: 5201, current: 5376
[3.974s][debug][gc,refine         ] Deactivated worker 0, off threshold: 4689, current: 4608, refined cards: 768
[3.975s][debug][gc,refine         ] Activated worker 0, on threshold: 5201, current: 5376
[3.975s][debug][gc,refine         ] Deactivated worker 0, off threshold: 4689, current: 4608, refined cards: 768
[3.977s][debug][gc,refine         ] Activated worker 0, on threshold: 5201, current: 5376
[3.978s][debug][gc,refine         ] Deactivated worker 0, off threshold: 4689, current: 4608, refined cards: 768
[3.979s][debug][gc,refine         ] Activated worker 0, on threshold: 5201, current: 5376
[3.980s][debug][gc,refine         ] Deactivated worker 0, off threshold: 4689, current: 4608, refined cards: 768
[3.981s][debug][gc,refine         ] Activated worker 0, on threshold: 5201, current: 5376
[3.982s][debug][gc,refine         ] Deactivated worker 0, off threshold: 4689, current: 4608, refined cards: 768
[3.983s][debug][gc,refine         ] Activated worker 0, on threshold: 5201, current: 5376
[3.984s][debug][gc,refine         ] Deactivated worker 0, off threshold: 4689, current: 4608, refined cards: 768
[3.985s][debug][gc,refine         ] Activated worker 0, on threshold: 5201, current: 5376
[3.986s][debug][gc,refine         ] Deactivated worker 0, off threshold: 4689, current: 4608, refined cards: 768
[3.987s][debug][gc,refine         ] Activated worker 0, on threshold: 5201, current: 5376
[3.988s][debug][gc,refine         ] Deactivated worker 0, off threshold: 4689, current: 4608, refined cards: 768
[3.989s][debug][gc,refine         ] Activated worker 0, on threshold: 5201, current: 5376
[3.990s][debug][gc,refine         ] Deactivated worker 0, off threshold: 4689, current: 4608, refined cards: 768
[3.991s][debug][gc,refine         ] Activated worker 0, on threshold: 5201, current: 5376
[3.992s][debug][gc,refine         ] Deactivated worker 0, off threshold: 4689, current: 4608, refined cards: 768
[3.993s][debug][gc,refine         ] Activated worker 0, on threshold: 5201, current: 5376
[3.994s][debug][gc,refine         ] Deactivated worker 0, off threshold: 4689, current: 4608, refined cards: 768
[3.995s][debug][gc,refine         ] Activated worker 0, on threshold: 5201, current: 5376
[3.996s][debug][gc,refine         ] Deactivated worker 0, off threshold: 4689, current: 4608, refined cards: 768
[3.998s][debug][gc,refine         ] Activated worker 0, on threshold: 5201, current: 5376
[3.998s][debug][gc,refine         ] Deactivated worker 0, off threshold: 4689, current: 4608, refined cards: 768
[4.000s][debug][gc,refine         ] Activated worker 0, on threshold: 5201, current: 5376
[4.000s][debug][gc,refine         ] Deactivated worker 0, off threshold: 4689, current: 4608, refined cards: 768
[4.002s][debug][gc,refine         ] Activated worker 0, on threshold: 5201, current: 5376
[4.002s][debug][gc,refine         ] Deactivated worker 0, off threshold: 4689, current: 4608, refined cards: 768
[4.003s][debug][gc,task,start     ] G1 Service Thread (Remembered Set Sampling Task) (run)
[4.003s][debug][gc,task           ] G1 Service Thread (Remembered Set Sampling Task) (run) 0.093ms (cpu: 0.000ms)
[4.004s][debug][gc,refine         ] Activated worker 0, on threshold: 5201, current: 5376
[4.004s][debug][gc,refine         ] Deactivated worker 0, off threshold: 4689, current: 4608, refined cards: 768
[4.006s][debug][gc,refine         ] Activated worker 0, on threshold: 5201, current: 5376
[4.007s][debug][gc,refine         ] Deactivated worker 0, off threshold: 4689, current: 4608, refined cards: 768
[4.008s][debug][gc,refine         ] Activated worker 0, on threshold: 5201, current: 5376
[4.009s][debug][gc,refine         ] Deactivated worker 0, off threshold: 4689, current: 4608, refined cards: 768
[4.010s][debug][gc,refine         ] Activated worker 0, on threshold: 5201, current: 5376
[4.011s][debug][gc,refine         ] Deactivated worker 0, off threshold: 4689, current: 4608, refined cards: 768
[4.012s][debug][gc,refine         ] Activated worker 0, on threshold: 5201, current: 5376
[4.013s][debug][gc,refine         ] Deactivated worker 0, off threshold: 4689, current: 4608, refined cards: 768
[4.014s][debug][gc,refine         ] Activated worker 0, on threshold: 5201, current: 5376
[4.015s][debug][gc,refine         ] Deactivated worker 0, off threshold: 4689, current: 4608, refined cards: 768
[4.016s][debug][gc,refine         ] Activated worker 0, on threshold: 5201, current: 5376
[4.017s][debug][gc,refine         ] Deactivated worker 0, off threshold: 4689, current: 4608, refined cards: 768
[4.018s][debug][gc,refine         ] Activated worker 0, on threshold: 5201, current: 5376
[4.019s][debug][gc,refine         ] Deactivated worker 0, off threshold: 4689, current: 4608, refined cards: 768
[4.020s][debug][gc,refine         ] Activated worker 0, on threshold: 5201, current: 5376
[4.021s][debug][gc,refine         ] Deactivated worker 0, off threshold: 4689, current: 4608, refined cards: 768
[4.022s][debug][gc,refine         ] Activated worker 0, on threshold: 5201, current: 5376
[4.023s][debug][gc,refine         ] Deactivated worker 0, off threshold: 4689, current: 4608, refined cards: 768
[4.025s][debug][gc,refine         ] Activated worker 0, on threshold: 5201, current: 5376
[4.026s][debug][gc,refine         ] Deactivated worker 0, off threshold: 4689, current: 4608, refined cards: 1024
[4.028s][debug][gc,refine         ] Activated worker 0, on threshold: 5201, current: 5376
[4.028s][debug][gc,refine         ] Deactivated worker 0, off threshold: 4689, current: 4608, refined cards: 768
[4.029s][debug][gc,refine         ] Activated worker 0, on threshold: 5201, current: 5376
[4.030s][debug][gc,refine         ] Deactivated worker 0, off threshold: 4689, current: 4608, refined cards: 768
[4.035s][debug][gc,refine         ] Activated worker 0, on threshold: 5201, current: 5376
[4.035s][debug][gc,refine         ] Deactivated worker 0, off threshold: 4689, current: 4608, refined cards: 768
[4.037s][debug][gc,refine         ] Activated worker 0, on threshold: 5201, current: 5376
[4.037s][debug][gc,refine         ] Deactivated worker 0, off threshold: 4689, current: 4608, refined cards: 768
[4.039s][debug][gc,refine         ] Activated worker 0, on threshold: 5201, current: 5376
[4.040s][debug][gc,refine         ] Deactivated worker 0, off threshold: 4689, current: 4608, refined cards: 768
[4.041s][debug][gc,refine         ] Activated worker 0, on threshold: 5201, current: 5376
[4.041s][debug][gc,refine         ] Deactivated worker 0, off threshold: 4689, current: 4608, refined cards: 768
[4.043s][debug][gc,refine         ] Activated worker 0, on threshold: 5201, current: 5376
[4.044s][debug][gc,refine         ] Deactivated worker 0, off threshold: 4689, current: 4608, refined cards: 768
[4.045s][debug][gc,refine         ] Activated worker 0, on threshold: 5201, current: 5376
[4.045s][debug][gc,refine         ] Deactivated worker 0, off threshold: 4689, current: 4608, refined cards: 768
[4.047s][debug][gc,refine         ] Activated worker 0, on threshold: 5201, current: 5376
[4.048s][debug][gc,refine         ] Deactivated worker 0, off threshold: 4689, current: 4608, refined cards: 768
[4.049s][debug][gc,refine         ] Activated worker 0, on threshold: 5201, current: 5376
[4.050s][debug][gc,refine         ] Deactivated worker 0, off threshold: 4689, current: 4608, refined cards: 768
[4.051s][debug][gc,refine         ] Activated worker 0, on threshold: 5201, current: 5376
[4.052s][debug][gc,refine         ] Deactivated worker 0, off threshold: 4689, current: 4608, refined cards: 768
[4.053s][debug][gc,refine         ] Activated worker 0, on threshold: 5201, current: 5376
[4.054s][debug][gc,refine         ] Deactivated worker 0, off threshold: 4689, current: 4608, refined cards: 768
[4.055s][debug][gc,refine         ] Activated worker 0, on threshold: 5201, current: 5376
[4.056s][debug][gc,refine         ] Deactivated worker 0, off threshold: 4689, current: 4608, refined cards: 768
[4.058s][debug][gc,refine         ] Activated worker 0, on threshold: 5201, current: 5376
[4.058s][debug][gc,refine         ] Deactivated worker 0, off threshold: 4689, current: 4608, refined cards: 768
[4.060s][debug][gc,refine         ] Activated worker 0, on threshold: 5201, current: 5376
[4.060s][debug][gc,refine         ] Deactivated worker 0, off threshold: 4689, current: 4608, refined cards: 768
[4.062s][debug][gc,refine         ] Activated worker 0, on threshold: 5201, current: 5376
[4.062s][debug][gc,refine         ] Deactivated worker 0, off threshold: 4689, current: 4608, refined cards: 768
[4.064s][debug][gc,refine         ] Activated worker 0, on threshold: 5201, current: 5376
[4.065s][debug][gc,refine         ] Deactivated worker 0, off threshold: 4689, current: 4608, refined cards: 768
[4.066s][debug][gc,refine         ] Activated worker 0, on threshold: 5201, current: 5376
[4.067s][debug][gc,refine         ] Deactivated worker 0, off threshold: 4689, current: 4608, refined cards: 768
[4.068s][debug][gc,refine         ] Activated worker 0, on threshold: 5201, current: 5376
[4.069s][debug][gc,refine         ] Deactivated worker 0, off threshold: 4689, current: 4608, refined cards: 768
[4.070s][debug][gc,refine         ] Activated worker 0, on threshold: 5201, current: 5376
[4.071s][debug][gc,refine         ] Deactivated worker 0, off threshold: 4689, current: 4608, refined cards: 768
[4.072s][debug][gc,refine         ] Activated worker 0, on threshold: 5201, current: 5376
[4.073s][debug][gc,refine         ] Deactivated worker 0, off threshold: 4689, current: 4608, refined cards: 768
[4.074s][debug][gc,refine         ] Activated worker 0, on threshold: 5201, current: 5376
[4.075s][debug][gc,refine         ] Deactivated worker 0, off threshold: 4689, current: 4608, refined cards: 768
[4.076s][debug][gc,refine         ] Activated worker 0, on threshold: 5201, current: 5376
[4.077s][debug][gc,refine         ] Deactivated worker 0, off threshold: 4689, current: 4608, refined cards: 768
[4.078s][debug][gc,refine         ] Activated worker 0, on threshold: 5201, current: 5376
[4.079s][debug][gc,refine         ] Deactivated worker 0, off threshold: 4689, current: 4608, refined cards: 768
[4.080s][debug][gc,refine         ] Activated worker 0, on threshold: 5201, current: 5376
[4.081s][debug][gc,refine         ] Deactivated worker 0, off threshold: 4689, current: 4608, refined cards: 768
[4.082s][debug][gc,refine         ] Activated worker 0, on threshold: 5201, current: 5376
[4.083s][debug][gc,refine         ] Deactivated worker 0, off threshold: 4689, current: 4608, refined cards: 768
[4.084s][debug][gc,refine         ] Activated worker 0, on threshold: 5201, current: 5376
[4.085s][debug][gc,refine         ] Deactivated worker 0, off threshold: 4689, current: 4608, refined cards: 768
[4.086s][debug][gc,refine         ] Activated worker 0, on threshold: 5201, current: 5376
[4.088s][debug][gc,refine         ] Deactivated worker 0, off threshold: 4689, current: 4608, refined cards: 1024
[4.089s][debug][gc,refine         ] Activated worker 0, on threshold: 5201, current: 5376
[4.090s][debug][gc,refine         ] Deactivated worker 0, off threshold: 4689, current: 4608, refined cards: 768
[4.091s][debug][gc,refine         ] Activated worker 0, on threshold: 5201, current: 5376
[4.092s][debug][gc,refine         ] Deactivated worker 0, off threshold: 4689, current: 4608, refined cards: 768
[4.093s][debug][gc,refine         ] Activated worker 0, on threshold: 5201, current: 5376
[4.094s][debug][gc,refine         ] Deactivated worker 0, off threshold: 4689, current: 4608, refined cards: 768
[4.095s][debug][gc,refine         ] Activated worker 0, on threshold: 5201, current: 5376
[4.096s][debug][gc,refine         ] Deactivated worker 0, off threshold: 4689, current: 4608, refined cards: 768
[4.097s][debug][gc,refine         ] Activated worker 0, on threshold: 5201, current: 5376
[4.098s][debug][gc,refine         ] Deactivated worker 0, off threshold: 4689, current: 4608, refined cards: 768
[4.099s][debug][gc,refine         ] Activated worker 0, on threshold: 5201, current: 5376
[4.100s][debug][gc,refine         ] Deactivated worker 0, off threshold: 4689, current: 4608, refined cards: 768
[4.101s][debug][gc,task,start     ] G1 Service Thread (Periodic GC Task) (run)
[4.101s][debug][gc,task           ] G1 Service Thread (Periodic GC Task) (run) 0.033ms (cpu: 0.000ms)
[4.101s][debug][gc,refine         ] Activated worker 0, on threshold: 5201, current: 5376
[4.102s][debug][gc,refine         ] Deactivated worker 0, off threshold: 4689, current: 4608, refined cards: 768
[4.103s][debug][gc,refine         ] Activated worker 0, on threshold: 5201, current: 5376
[4.104s][debug][gc,refine         ] Deactivated worker 0, off threshold: 4689, current: 4608, refined cards: 768
[4.106s][debug][gc,refine         ] Activated worker 0, on threshold: 5201, current: 5376
[4.107s][debug][gc,refine         ] Deactivated worker 0, off threshold: 4689, current: 4608, refined cards: 768
[4.108s][debug][gc,refine         ] Activated worker 0, on threshold: 5201, current: 5376
[4.109s][debug][gc,refine         ] Deactivated worker 0, off threshold: 4689, current: 4608, refined cards: 768
[4.110s][debug][gc,refine         ] Activated worker 0, on threshold: 5201, current: 5376
[4.111s][debug][gc,refine         ] Deactivated worker 0, off threshold: 4689, current: 4608, refined cards: 768
[4.112s][debug][gc,refine         ] Activated worker 0, on threshold: 5201, current: 5376
[4.113s][debug][gc,refine         ] Deactivated worker 0, off threshold: 4689, current: 4608, refined cards: 768
[4.114s][debug][gc,refine         ] Activated worker 0, on threshold: 5201, current: 5376
[4.115s][debug][gc,refine         ] Deactivated worker 0, off threshold: 4689, current: 4608, refined cards: 768
[4.116s][debug][gc,refine         ] Activated worker 0, on threshold: 5201, current: 5376
[4.117s][debug][gc,refine         ] Deactivated worker 0, off threshold: 4689, current: 4608, refined cards: 768
[4.118s][debug][gc,refine         ] Activated worker 0, on threshold: 5201, current: 5376
[4.119s][debug][gc,refine         ] Deactivated worker 0, off threshold: 4689, current: 4608, refined cards: 768
[4.120s][debug][gc,refine         ] Activated worker 0, on threshold: 5201, current: 5376
[4.121s][debug][gc,refine         ] Deactivated worker 0, off threshold: 4689, current: 4608, refined cards: 768
[4.122s][debug][gc,refine         ] Activated worker 0, on threshold: 5201, current: 5376
[4.123s][debug][gc,refine         ] Deactivated worker 0, off threshold: 4689, current: 4608, refined cards: 768
[4.125s][debug][gc,refine         ] Activated worker 0, on threshold: 5201, current: 5376
[4.125s][debug][gc,refine         ] Deactivated worker 0, off threshold: 4689, current: 4608, refined cards: 768
[4.127s][debug][gc,refine         ] Activated worker 0, on threshold: 5201, current: 5376
[4.127s][debug][gc,refine         ] Deactivated worker 0, off threshold: 4689, current: 4608, refined cards: 768
[4.129s][debug][gc,refine         ] Activated worker 0, on threshold: 5201, current: 5376
[4.129s][debug][gc,refine         ] Deactivated worker 0, off threshold: 4689, current: 4608, refined cards: 768
[4.131s][debug][gc,refine         ] Activated worker 0, on threshold: 5201, current: 5376
[4.131s][debug][gc,refine         ] Deactivated worker 0, off threshold: 4689, current: 4608, refined cards: 768
[4.133s][debug][gc,refine         ] Activated worker 0, on threshold: 5201, current: 5376
[4.133s][debug][gc,refine         ] Deactivated worker 0, off threshold: 4689, current: 4608, refined cards: 768
[4.135s][debug][gc,refine         ] Activated worker 0, on threshold: 5201, current: 5376
[4.135s][debug][gc,refine         ] Deactivated worker 0, off threshold: 4689, current: 4608, refined cards: 768
[4.137s][debug][gc,refine         ] Activated worker 0, on threshold: 5201, current: 5376
[4.138s][debug][gc,refine         ] Deactivated worker 0, off threshold: 4689, current: 4608, refined cards: 768
[4.139s][debug][gc,refine         ] Activated worker 0, on threshold: 5201, current: 5376
[4.140s][debug][gc,refine         ] Deactivated worker 0, off threshold: 4689, current: 4608, refined cards: 768
[4.141s][debug][gc,refine         ] Activated worker 0, on threshold: 5201, current: 5376
[4.142s][debug][gc,refine         ] Deactivated worker 0, off threshold: 4689, current: 4608, refined cards: 768
[4.143s][debug][gc,refine         ] Activated worker 0, on threshold: 5201, current: 5376
[4.144s][debug][gc,refine         ] Deactivated worker 0, off threshold: 4689, current: 4608, refined cards: 1024
[4.146s][debug][gc,refine         ] Activated worker 0, on threshold: 5201, current: 5376
[4.146s][debug][gc,refine         ] Deactivated worker 0, off threshold: 4689, current: 4608, refined cards: 768
[4.148s][debug][gc,refine         ] Activated worker 0, on threshold: 5201, current: 5376
[4.149s][debug][gc,refine         ] Deactivated worker 0, off threshold: 4689, current: 4608, refined cards: 768
[4.150s][debug][gc,refine         ] Activated worker 0, on threshold: 5201, current: 5376
[4.151s][debug][gc,refine         ] Deactivated worker 0, off threshold: 4689, current: 4608, refined cards: 768
[4.152s][debug][gc,refine         ] Activated worker 0, on threshold: 5201, current: 5376
[4.153s][debug][gc,refine         ] Deactivated worker 0, off threshold: 4689, current: 4608, refined cards: 768
[4.154s][debug][gc,refine         ] Activated worker 0, on threshold: 5201, current: 5376
[4.155s][debug][gc,refine         ] Deactivated worker 0, off threshold: 4689, current: 4608, refined cards: 768
[4.156s][debug][gc,refine         ] Activated worker 0, on threshold: 5201, current: 5376
[4.157s][debug][gc,refine         ] Deactivated worker 0, off threshold: 4689, current: 4608, refined cards: 768
[4.158s][debug][gc,refine         ] Activated worker 0, on threshold: 5201, current: 5376
[4.159s][debug][gc,refine         ] Deactivated worker 0, off threshold: 4689, current: 4608, refined cards: 768
[4.160s][debug][gc,refine         ] Activated worker 0, on threshold: 5201, current: 5376
[4.161s][debug][gc,refine         ] Deactivated worker 0, off threshold: 4689, current: 4608, refined cards: 768
[4.162s][debug][gc,refine         ] Activated worker 0, on threshold: 5201, current: 5376
[4.163s][debug][gc,refine         ] Deactivated worker 0, off threshold: 4689, current: 4608, refined cards: 768
[4.164s][debug][gc,refine         ] Activated worker 0, on threshold: 5201, current: 5376
[4.165s][debug][gc,refine         ] Deactivated worker 0, off threshold: 4689, current: 4608, refined cards: 768
[4.166s][debug][gc,refine         ] Activated worker 0, on threshold: 5201, current: 5376
[4.167s][debug][gc,refine         ] Deactivated worker 0, off threshold: 4689, current: 4608, refined cards: 768
[4.169s][debug][gc,refine         ] Activated worker 0, on threshold: 5201, current: 5376
[4.169s][debug][gc,refine         ] Deactivated worker 0, off threshold: 4689, current: 4608, refined cards: 768
[4.171s][debug][gc,refine         ] Activated worker 0, on threshold: 5201, current: 5376
[4.171s][debug][gc,refine         ] Deactivated worker 0, off threshold: 4689, current: 4608, refined cards: 768
[4.173s][debug][gc,refine         ] Activated worker 0, on threshold: 5201, current: 5376
[4.173s][debug][gc,refine         ] Deactivated worker 0, off threshold: 4689, current: 4608, refined cards: 768
[4.178s][debug][gc,refine         ] Activated worker 0, on threshold: 5201, current: 5376
[4.179s][debug][gc,refine         ] Deactivated worker 0, off threshold: 4689, current: 4608, refined cards: 768
[4.180s][debug][gc,refine         ] Activated worker 0, on threshold: 5201, current: 5376
[4.181s][debug][gc,refine         ] Deactivated worker 0, off threshold: 4689, current: 4608, refined cards: 768
[4.182s][debug][gc,refine         ] Activated worker 0, on threshold: 5201, current: 5376
[4.183s][debug][gc,refine         ] Deactivated worker 0, off threshold: 4689, current: 4608, refined cards: 768
[4.185s][debug][gc,refine         ] Activated worker 0, on threshold: 5201, current: 5376
[4.185s][debug][gc,refine         ] Deactivated worker 0, off threshold: 4689, current: 4608, refined cards: 768
[4.187s][debug][gc,refine         ] Activated worker 0, on threshold: 5201, current: 5376
[4.187s][debug][gc,refine         ] Deactivated worker 0, off threshold: 4689, current: 4608, refined cards: 768
[4.189s][debug][gc,refine         ] Activated worker 0, on threshold: 5201, current: 5376
[4.189s][debug][gc,refine         ] Deactivated worker 0, off threshold: 4689, current: 4608, refined cards: 768
[4.191s][debug][gc,refine         ] Activated worker 0, on threshold: 5201, current: 5376
[4.191s][debug][gc,refine         ] Deactivated worker 0, off threshold: 4689, current: 4608, refined cards: 768
[4.193s][debug][gc,refine         ] Activated worker 0, on threshold: 5201, current: 5376
[4.193s][debug][gc,refine         ] Deactivated worker 0, off threshold: 4689, current: 4608, refined cards: 768
[4.195s][debug][gc,refine         ] Activated worker 0, on threshold: 5201, current: 5376
[4.195s][debug][gc,refine         ] Deactivated worker 0, off threshold: 4689, current: 4608, refined cards: 768
[4.197s][debug][gc,refine         ] Activated worker 0, on threshold: 5201, current: 5376
[4.198s][debug][gc,refine         ] Deactivated worker 0, off threshold: 4689, current: 4608, refined cards: 768
[4.199s][debug][gc,refine         ] Activated worker 0, on threshold: 5201, current: 5376
[4.200s][debug][gc,refine         ] Deactivated worker 0, off threshold: 4689, current: 4608, refined cards: 1024
[4.202s][debug][gc,refine         ] Activated worker 0, on threshold: 5201, current: 5376
[4.203s][debug][gc,refine         ] Deactivated worker 0, off threshold: 4689, current: 4608, refined cards: 768
[4.205s][debug][gc,refine         ] Activated worker 0, on threshold: 5201, current: 5376
[4.206s][debug][gc,refine         ] Deactivated worker 0, off threshold: 4689, current: 4608, refined cards: 768
[4.209s][debug][gc,refine         ] Activated worker 0, on threshold: 5201, current: 5376
[4.209s][debug][gc,refine         ] Deactivated worker 0, off threshold: 4689, current: 4608, refined cards: 768
[4.211s][debug][gc,refine         ] Activated worker 0, on threshold: 5201, current: 5376
[4.212s][debug][gc,refine         ] Deactivated worker 0, off threshold: 4689, current: 4608, refined cards: 768
[4.214s][debug][gc,refine         ] Activated worker 0, on threshold: 5201, current: 5376
[4.214s][debug][gc,refine         ] Deactivated worker 0, off threshold: 4689, current: 4608, refined cards: 768
[4.217s][debug][gc,refine         ] Activated worker 0, on threshold: 5201, current: 5376
[4.217s][debug][gc,refine         ] Deactivated worker 0, off threshold: 4689, current: 4608, refined cards: 768
[4.219s][debug][gc,refine         ] Activated worker 0, on threshold: 5201, current: 5376
[4.220s][debug][gc,refine         ] Deactivated worker 0, off threshold: 4689, current: 4608, refined cards: 768
[4.222s][debug][gc,refine         ] Activated worker 0, on threshold: 5201, current: 5376
[4.223s][debug][gc,refine         ] Deactivated worker 0, off threshold: 4689, current: 4608, refined cards: 768
[4.225s][debug][gc,refine         ] Activated worker 0, on threshold: 5201, current: 5376
[4.226s][debug][gc,refine         ] Deactivated worker 0, off threshold: 4689, current: 4608, refined cards: 768
[4.228s][debug][gc,refine         ] Activated worker 0, on threshold: 5201, current: 5376
[4.228s][debug][gc,refine         ] Deactivated worker 0, off threshold: 4689, current: 4608, refined cards: 768
[4.230s][debug][gc,refine         ] Activated worker 0, on threshold: 5201, current: 5376
[4.231s][debug][gc,refine         ] Deactivated worker 0, off threshold: 4689, current: 4608, refined cards: 768
[4.233s][debug][gc,refine         ] Activated worker 0, on threshold: 5201, current: 5376
[4.234s][debug][gc,refine         ] Deactivated worker 0, off threshold: 4689, current: 4608, refined cards: 768
[4.236s][debug][gc,refine         ] Activated worker 0, on threshold: 5201, current: 5376
[4.236s][debug][gc,refine         ] Deactivated worker 0, off threshold: 4689, current: 4608, refined cards: 768
[4.239s][debug][gc,refine         ] Activated worker 0, on threshold: 5201, current: 5376
[4.239s][debug][gc,refine         ] Deactivated worker 0, off threshold: 4689, current: 4608, refined cards: 768
[4.241s][debug][gc,refine         ] Activated worker 0, on threshold: 5201, current: 5376
[4.242s][debug][gc,refine         ] Deactivated worker 0, off threshold: 4689, current: 4608, refined cards: 768
[4.244s][debug][gc,refine         ] Activated worker 0, on threshold: 5201, current: 5376
[4.245s][debug][gc,refine         ] Deactivated worker 0, off threshold: 4689, current: 4608, refined cards: 768
[4.247s][debug][gc,refine         ] Activated worker 0, on threshold: 5201, current: 5376
[4.247s][debug][gc,refine         ] Deactivated worker 0, off threshold: 4689, current: 4608, refined cards: 768
[4.249s][debug][gc,refine         ] Activated worker 0, on threshold: 5201, current: 5376
[4.250s][debug][gc,refine         ] Deactivated worker 0, off threshold: 4689, current: 4608, refined cards: 768
[4.252s][debug][gc,refine         ] Activated worker 0, on threshold: 5201, current: 5376
[4.253s][debug][gc,refine         ] Deactivated worker 0, off threshold: 4689, current: 4608, refined cards: 768
[4.255s][debug][gc,refine         ] Activated worker 0, on threshold: 5201, current: 5376
[4.256s][debug][gc,refine         ] Deactivated worker 0, off threshold: 4689, current: 4608, refined cards: 768
[4.258s][debug][gc,refine         ] Activated worker 0, on threshold: 5201, current: 5376
[4.259s][debug][gc,refine         ] Deactivated worker 0, off threshold: 4689, current: 4608, refined cards: 768
[4.261s][debug][gc,refine         ] Activated worker 0, on threshold: 5201, current: 5376
[4.262s][debug][gc,refine         ] Deactivated worker 0, off threshold: 4689, current: 4608, refined cards: 768
[4.264s][debug][gc,refine         ] Activated worker 0, on threshold: 5201, current: 5376
[4.264s][debug][gc,refine         ] Deactivated worker 0, off threshold: 4689, current: 4608, refined cards: 768
[4.266s][debug][gc,refine         ] Activated worker 0, on threshold: 5201, current: 5376
[4.267s][debug][gc,refine         ] Deactivated worker 0, off threshold: 4689, current: 4608, refined cards: 768
[4.269s][debug][gc,refine         ] Activated worker 0, on threshold: 5201, current: 5376
[4.270s][debug][gc,refine         ] Deactivated worker 0, off threshold: 4689, current: 4608, refined cards: 768
[4.272s][debug][gc,refine         ] Activated worker 0, on threshold: 5201, current: 5376
[4.272s][debug][gc,refine         ] Deactivated worker 0, off threshold: 4689, current: 4608, refined cards: 768
[4.274s][debug][gc,refine         ] Activated worker 0, on threshold: 5201, current: 5376
[4.275s][debug][gc,refine         ] Deactivated worker 0, off threshold: 4689, current: 4608, refined cards: 768
[4.277s][debug][gc,refine         ] Activated worker 0, on threshold: 5201, current: 5376
[4.278s][debug][gc,refine         ] Deactivated worker 0, off threshold: 4689, current: 4608, refined cards: 768
[4.280s][debug][gc,refine         ] Activated worker 0, on threshold: 5201, current: 5376
[4.280s][debug][gc,refine         ] Deactivated worker 0, off threshold: 4689, current: 4608, refined cards: 768
[4.282s][debug][gc,refine         ] Activated worker 0, on threshold: 5201, current: 5376
[4.283s][debug][gc,refine         ] Deactivated worker 0, off threshold: 4689, current: 4608, refined cards: 768
[4.285s][debug][gc,refine         ] Activated worker 0, on threshold: 5201, current: 5376
[4.285s][debug][gc,refine         ] Deactivated worker 0, off threshold: 4689, current: 4608, refined cards: 768
[4.287s][debug][gc,refine         ] Activated worker 0, on threshold: 5201, current: 5376
[4.288s][debug][gc,refine         ] Deactivated worker 0, off threshold: 4689, current: 4608, refined cards: 768
[4.290s][debug][gc,refine         ] Activated worker 0, on threshold: 5201, current: 5376
[4.291s][debug][gc,refine         ] Deactivated worker 0, off threshold: 4689, current: 4608, refined cards: 768
[4.293s][debug][gc,refine         ] Activated worker 0, on threshold: 5201, current: 5376
[4.293s][debug][gc,refine         ] Deactivated worker 0, off threshold: 4689, current: 4608, refined cards: 768
[4.295s][debug][gc,refine         ] Activated worker 0, on threshold: 5201, current: 5376
[4.296s][debug][gc,refine         ] Deactivated worker 0, off threshold: 4689, current: 4608, refined cards: 768
[4.298s][debug][gc,refine         ] Activated worker 0, on threshold: 5201, current: 5376
[4.299s][debug][gc,refine         ] Deactivated worker 0, off threshold: 4689, current: 4608, refined cards: 768
[4.301s][debug][gc,refine         ] Activated worker 0, on threshold: 5201, current: 5376
[4.301s][debug][gc,refine         ] Deactivated worker 0, off threshold: 4689, current: 4608, refined cards: 768
[4.303s][debug][gc,refine         ] Activated worker 0, on threshold: 5201, current: 5376
[4.304s][debug][gc,task,start     ] G1 Service Thread (Remembered Set Sampling Task) (run)
[4.304s][debug][gc,refine         ] Deactivated worker 0, off threshold: 4689, current: 4608, refined cards: 768
[4.304s][debug][gc,task           ] G1 Service Thread (Remembered Set Sampling Task) (run) 0.153ms (cpu: 0.000ms)
[4.305s][debug][gc,heap           ] GC(18) Heap before GC invocations=18 (full 0):
[4.305s][debug][gc,heap           ] GC(18)  garbage-first heap   total 1048576K, used 786944K [0x00000000c0000000, 0x0000000100000000)
[4.305s][debug][gc,heap           ] GC(18)   region size 1024K, 441 young (451584K), 43 survivors (44032K)
[4.305s][debug][gc,heap           ] GC(18)  Metaspace       used 483K, committed 640K, reserved 1056768K
[4.305s][debug][gc,heap           ] GC(18)   class space    used 37K, committed 128K, reserved 1048576K
[4.305s][info ][gc,start          ] GC(18) Pause Young (Normal) (G1 Evacuation Pause)
[4.305s][info ][gc,task           ] GC(18) Using 4 workers of 4 for evacuation
[4.306s][debug][gc,tlab           ] GC(18) TLAB totals: thrds: 1  refills: 1194 max: 1194 slow allocs: 0 max 0 waste:  0.2% gc: 0B max: 0B slow: 687760B max: 687760B
[4.306s][debug][gc,age            ] GC(18) Desired survivor size 29360128 bytes, new threshold 1 (max threshold 15)
[4.306s][debug][gc,refine,stats   ] GC(18) Mutator refinement: 0.00ms, refined: 0, precleaned: 0, dirtied: 203441
[4.306s][debug][gc,refine,stats   ] GC(18) Concurrent refinement: 175.52ms, refined: 220420, precleaned: 1024, dirtied: 0
[4.306s][debug][gc,refine,stats   ] GC(18) Total refinement: 175.52ms, refined: 220420, precleaned: 1024, dirtied: 203441
[4.306s][debug][gc,refine,stats   ] GC(18) Concurrent refinement rate: 1255.79 cards/ms
[4.306s][debug][gc,refine,stats   ] GC(18) Generate dirty cards rate: 336.54 cards/ms
[4.306s][debug][gc,alloc,region   ] GC(18) Mutator Allocation stats, regions: 398, wasted size: 0B ( 0.0%)
[4.306s][debug][gc,humongous      ] GC(18) Humongous region 157 (object size 36920416 @ 0x00000000c9d00000) remset 1 code roots 0 marked 0 reclaim candidate 0 type array 0
[4.306s][debug][gc,ergo           ] GC(18) Running G1 Merge Heap Roots using 4 workers for 441 regions
[4.307s][debug][gc,remset         ] GC(18) Visited cards 46080 Total dirty 47104 (97.83%) Total old 2478080 (1.86%)
[4.434s][debug][gc,ref            ] GC(18) Skipped phase 1 of Reference Processing: no references
[4.434s][debug][gc,ref            ] GC(18) Skipped phase 2 of Reference Processing: no references
[4.435s][debug][gc,ref            ] GC(18) Skipped phase 3 of Reference Processing: no references
[4.435s][debug][gc,ref            ] GC(18) Skipped phase 4 of Reference Processing: no references
[4.435s][debug][gc,ergo           ] GC(18) Running G1 Rebuild Free List Task using 4 workers for rebuilding free list of regions
[4.435s][debug][gc,plab           ] GC(18) Young PLAB allocation: allocated: 58720256B, wasted: 1792B, unused: 0B, used: 58718464B, undo waste: 0B, 
[4.435s][debug][gc,plab           ] GC(18) Young other allocation: region end waste: 0B, regions filled: 56, direct allocated: 0B, failure used: 0B, failure wasted: 0B
[4.436s][debug][gc,plab           ] GC(18) Young sizing: calculated: 11743688B, actual: 10630520B
[4.436s][debug][gc,plab           ] GC(18) Old PLAB allocation: allocated: 20971520B, wasted: 576B, unused: 1474400B, used: 19496544B, undo waste: 0B, 
[4.436s][debug][gc,plab           ] GC(18) Old other allocation: region end waste: 0B, regions filled: 21, direct allocated: 0B, failure used: 0B, failure wasted: 0B
[4.436s][debug][gc,plab           ] GC(18) Old sizing: calculated: 3899304B, actual: 4903632B
[4.436s][debug][gc,ergo,heap      ] GC(18) Heap expansion: short term pause time ratio 16.09% long term pause time ratio 29.07% threshold 7.69% pause time ratio 7.69% fully expanded true resize by 0B
[4.436s][debug][gc,mmu            ] GC(18) MMU: 130.1ms (200.0ms/201.0ms)
[4.436s][debug][gc,alloc,stats    ] Old generation allocation in the last mutator period, old gen allocated: 20971520B, humongous allocated: 0B,old gen growth: 20971520B.
[4.436s][debug][gc,ihop           ] GC(18) Basic information (value update), threshold: 483183820B (45.00), target occupancy: 1073741824B, current occupancy: 423100416B, recent allocation size: 20971520B, recent allocation duration: 604.52ms, recent old gen allocation rate: 34691456.99B/s, recent marking phase length: 397.99ms
[4.436s][debug][gc,ihop           ] GC(18) Adaptive IHOP information (value update), threshold: 483183820B (52.94), internal target occupancy: 912680550B, occupancy: 423100416B, additional buffer size: 128974848B, predicted old gen allocation rate: 407591657.31B/s, predicted marking phase length: 795.98ms, prediction active: false
[4.436s][debug][gc,ergo,refine    ] GC(18) Concurrent refinement times: Logged Cards Scan time goal: 20.00ms Logged Cards Scan time: 1.72ms HCC time: 0.00ms
[4.436s][debug][gc,ergo,refine    ] GC(18) Updated Refinement Zones: green: 5157, yellow: 15471, red: 25785
[4.436s][info ][gc,phases         ] GC(18)   Pre Evacuate Collection Set: 0.2ms
[4.436s][debug][gc,phases         ] GC(18)     Prepare TLABs: 0.0ms
[4.437s][debug][gc,phases         ] GC(18)     Concatenate Dirty Card Logs: 0.0ms
[4.437s][debug][gc,phases         ] GC(18)     Choose Collection Set: 0.0ms
[4.437s][debug][gc,phases         ] GC(18)     Region Register: 0.2ms
[4.437s][debug][gc,phases         ] GC(18)     Prepare Heap Roots: 0.0ms
[4.437s][info ][gc,phases         ] GC(18)   Merge Heap Roots: 0.6ms
[4.437s][debug][gc,phases         ] GC(18)     Prepare Merge Heap Roots: 0.0ms
[4.437s][debug][gc,phases         ] GC(18)     Eager Reclaim (ms):            skipped
[4.437s][debug][gc,phases         ] GC(18)     Remembered Sets (ms):          Min:  0.0, Avg:  0.4, Max:  0.5, Diff:  0.5, Sum:  1.5, Workers: 4
[4.437s][debug][gc,phases         ] GC(18)       Merged Sparse:                 Min: 0, Avg:  2.0, Max: 7, Diff: 7, Sum: 8, Workers: 4
[4.437s][debug][gc,phases         ] GC(18)       Merged Fine:                   Min: 12, Avg: 129.0, Max: 179, Diff: 167, Sum: 516, Workers: 4
[4.437s][debug][gc,phases         ] GC(18)       Merged Coarse:                 Min: 0, Avg:  0.0, Max: 0, Diff: 0, Sum: 0, Workers: 4
[4.437s][debug][gc,refine         ] Activated worker 0, on threshold: 5669, current: 28676
[4.437s][debug][gc,phases         ] GC(18)       Dirty Cards:                   Min: 65, Avg: 9983.8, Max: 22813, Diff: 22748, Sum: 39935, Workers: 4
[4.437s][debug][gc,phases         ] GC(18)     Hot Card Cache (ms):           Min:  0.0, Avg:  0.0, Max:  0.0, Diff:  0.0, Sum:  0.0, Workers: 4
[4.437s][debug][gc,phases         ] GC(18)       Dirty Cards:                   Min: 184, Avg: 248.0, Max: 312, Diff: 128, Sum: 992, Workers: 4
[4.437s][debug][gc,phases         ] GC(18)       Skipped Cards:                 Min: 0, Avg:  0.0, Max: 0, Diff: 0, Sum: 0, Workers: 4
[4.437s][debug][gc,phases         ] GC(18)     Log Buffers (ms):              Min:  0.0, Avg:  0.0, Max:  0.0, Diff:  0.0, Sum:  0.1, Workers: 4
[4.437s][debug][gc,phases         ] GC(18)       Dirty Cards:                   Min: 760, Avg: 1252.3, Max: 1528, Diff: 768, Sum: 5009, Workers: 4
[4.437s][debug][gc,phases         ] GC(18)       Skipped Cards:                 Min: 0, Avg:  0.0, Max: 0, Diff: 0, Sum: 0, Workers: 4
[4.437s][info ][gc,phases         ] GC(18)   Evacuate Collection Set: 127.9ms
[4.437s][debug][gc,phases         ] GC(18)     Ext Root Scanning (ms):        Min:  0.0, Avg:  0.0, Max:  0.0, Diff:  0.0, Sum:  0.0, Workers: 4
[4.437s][debug][gc,phases         ] GC(18)     Scan Heap Roots (ms):          Min: 13.8, Avg: 15.5, Max: 18.7, Diff:  4.9, Sum: 62.0, Workers: 4
[4.437s][debug][gc,phases         ] GC(18)       Scanned Cards:                 Min: 9472, Avg: 11466.5, Max: 16384, Diff: 6912, Sum: 45866, Workers: 4
[4.437s][debug][gc,phases         ] GC(18)       Scanned Blocks:                Min: 37, Avg: 45.0, Max: 64, Diff: 27, Sum: 180, Workers: 4
[4.437s][debug][gc,phases         ] GC(18)       Claimed Chunks:                Min: 37, Avg: 45.0, Max: 64, Diff: 27, Sum: 180, Workers: 4
[4.437s][debug][gc,phases         ] GC(18)     Code Root Scan (ms):           Min:  0.0, Avg:  0.0, Max:  0.1, Diff:  0.1, Sum:  0.1, Workers: 4
[4.437s][debug][gc,phases         ] GC(18)     Object Copy (ms):              Min: 108.7, Avg: 112.0, Max: 113.6, Diff:  4.9, Sum: 447.8, Workers: 4
[4.438s][debug][gc,phases         ] GC(18)     Termination (ms):              Min:  0.0, Avg:  0.3, Max:  0.4, Diff:  0.3, Sum:  1.1, Workers: 4
[4.438s][debug][gc,phases         ] GC(18)       Termination Attempts:          Min: 1, Avg: 16.8, Max: 27, Diff: 26, Sum: 67, Workers: 4
[4.438s][debug][gc,phases         ] GC(18)     GC Worker Other (ms):          Min:  0.1, Avg:  0.1, Max:  0.1, Diff:  0.1, Sum:  0.3, Workers: 4
[4.438s][debug][gc,phases         ] GC(18)     GC Worker Total (ms):          Min: 127.8, Avg: 127.8, Max: 127.9, Diff:  0.0, Sum: 511.4, Workers: 4
[4.438s][info ][gc,phases         ] GC(18)   Post Evacuate Collection Set: 1.0ms
[4.438s][debug][gc,phases         ] GC(18)     Code Roots Fixup: 0.0ms
[4.438s][debug][gc,phases         ] GC(18)     Reference Processing: 0.3ms
[4.438s][debug][gc,phases,ref     ] GC(18)       Reconsider SoftReferences: 0.1ms
[4.438s][debug][gc,phases,ref     ] GC(18)         SoftRef (ms):                  skipped
[4.438s][debug][gc,phases,ref     ] GC(18)       Notify Soft/WeakReferences: 0.1ms
[4.438s][debug][gc,phases,ref     ] GC(18)         SoftRef (ms):                  skipped
[4.438s][debug][gc,phases,ref     ] GC(18)         WeakRef (ms):                  skipped
[4.438s][debug][gc,phases,ref     ] GC(18)         FinalRef (ms):                 skipped
[4.438s][debug][gc,phases,ref     ] GC(18)         Total (ms):                    skipped
[4.438s][debug][gc,phases,ref     ] GC(18)       Notify and keep alive finalizable: 0.1ms
[4.438s][debug][gc,phases,ref     ] GC(18)         FinalRef (ms):                 skipped
[4.438s][debug][gc,phases,ref     ] GC(18)       Notify PhantomReferences: 0.1ms
[4.438s][debug][gc,phases,ref     ] GC(18)         PhantomRef (ms):               skipped
[4.438s][debug][gc,phases,ref     ] GC(18)       SoftReference:
[4.438s][debug][gc,phases,ref     ] GC(18)         Discovered: 0
[4.438s][debug][gc,phases,ref     ] GC(18)         Cleared: 0
[4.438s][debug][gc,phases,ref     ] GC(18)       WeakReference:
[4.438s][debug][gc,phases,ref     ] GC(18)         Discovered: 0
[4.438s][debug][gc,phases,ref     ] GC(18)         Cleared: 0
[4.438s][debug][gc,phases,ref     ] GC(18)       FinalReference:
[4.438s][debug][gc,phases,ref     ] GC(18)         Discovered: 0
[4.438s][debug][gc,phases,ref     ] GC(18)         Cleared: 0
[4.438s][debug][gc,phases,ref     ] GC(18)       PhantomReference:
[4.438s][debug][gc,phases,ref     ] GC(18)         Discovered: 0
[4.438s][debug][gc,phases,ref     ] GC(18)         Cleared: 0
[4.438s][debug][gc,phases         ] GC(18)     Weak Processing: 0.1ms
[4.438s][debug][gc,phases         ] GC(18)       VM Weak                        Min:  0.0, Avg:  0.0, Max:  0.0, Diff:  0.0, Sum:  0.0, Workers: 3
[4.438s][debug][gc,phases         ] GC(18)         Dead                           Min: 0, Avg:  0.0, Max: 0, Diff: 0, Sum: 0, Workers: 3
[4.438s][debug][gc,phases         ] GC(18)         Total                          Min: 0, Avg:  4.7, Max: 14, Diff: 14, Sum: 14, Workers: 3
[4.438s][debug][gc,phases         ] GC(18)       ObjectSynchronizer Weak        Min:  0.0, Avg:  0.0, Max:  0.0, Diff:  0.0, Sum:  0.0, Workers: 3
[4.438s][debug][gc,phases         ] GC(18)         Dead                           Min: 0, Avg:  0.0, Max: 0, Diff: 0, Sum: 0, Workers: 3
[4.438s][debug][gc,phases         ] GC(18)         Total                          Min: 0, Avg:  1.0, Max: 3, Diff: 3, Sum: 3, Workers: 3
[4.438s][debug][gc,phases         ] GC(18)       JVMTI Tag Weak OopStorage      Min:  0.0, Avg:  0.0, Max:  0.0, Diff:  0.0, Sum:  0.0, Workers: 3
[4.438s][debug][gc,phases         ] GC(18)         Dead                           Min: 0, Avg:  0.0, Max: 0, Diff: 0, Sum: 0, Workers: 3
[4.439s][debug][gc,phases         ] GC(18)         Total                          Min: 0, Avg:  0.0, Max: 0, Diff: 0, Sum: 0, Workers: 3
[4.439s][debug][gc,phases         ] GC(18)       StringTable Weak               Min:  0.0, Avg:  0.0, Max:  0.0, Diff:  0.0, Sum:  0.0, Workers: 3
[4.439s][debug][gc,phases         ] GC(18)         Dead                           Min: 0, Avg:  0.0, Max: 0, Diff: 0, Sum: 0, Workers: 3
[4.439s][debug][gc,phases         ] GC(18)         Total                          Min: 0, Avg: 821.3, Max: 1312, Diff: 1312, Sum: 2464, Workers: 3
[4.439s][debug][gc,phases         ] GC(18)       ResolvedMethodTable Weak       Min:  0.0, Avg:  0.0, Max:  0.0, Diff:  0.0, Sum:  0.0, Workers: 3
[4.439s][debug][gc,phases         ] GC(18)         Dead                           Min: 0, Avg:  0.0, Max: 0, Diff: 0, Sum: 0, Workers: 3
[4.439s][debug][gc,phases         ] GC(18)         Total                          Min: 0, Avg: 45.7, Max: 137, Diff: 137, Sum: 137, Workers: 3
[4.439s][debug][gc,phases         ] GC(18)       JNI Weak                       Min:  0.0, Avg:  0.0, Max:  0.0, Diff:  0.0, Sum:  0.0, Workers: 3
[4.439s][debug][gc,phases         ] GC(18)         Dead                           Min: 0, Avg:  0.0, Max: 0, Diff: 0, Sum: 0, Workers: 3
[4.439s][debug][gc,phases         ] GC(18)         Total                          Min: 0, Avg:  0.0, Max: 0, Diff: 0, Sum: 0, Workers: 3
[4.439s][debug][gc,phases         ] GC(18)       StringDedup Table Weak         Min:  0.0, Avg:  0.0, Max:  0.0, Diff:  0.0, Sum:  0.0, Workers: 3
[4.439s][debug][gc,phases         ] GC(18)         Dead                           Min: 0, Avg:  0.0, Max: 0, Diff: 0, Sum: 0, Workers: 3
[4.439s][debug][gc,phases         ] GC(18)         Total                          Min: 0, Avg:  0.0, Max: 0, Diff: 0, Sum: 0, Workers: 3
[4.439s][debug][gc,phases         ] GC(18)       StringDedup Requests0 Weak     Min:  0.0, Avg:  0.0, Max:  0.0, Diff:  0.0, Sum:  0.0, Workers: 3
[4.439s][debug][gc,phases         ] GC(18)         Dead                           Min: 0, Avg:  0.0, Max: 0, Diff: 0, Sum: 0, Workers: 3
[4.439s][debug][gc,phases         ] GC(18)         Total                          Min: 0, Avg:  0.0, Max: 0, Diff: 0, Sum: 0, Workers: 3
[4.439s][debug][gc,phases         ] GC(18)       StringDedup Requests1 Weak     Min:  0.0, Avg:  0.0, Max:  0.0, Diff:  0.0, Sum:  0.0, Workers: 3
[4.439s][debug][gc,phases         ] GC(18)         Dead                           Min: 0, Avg:  0.0, Max: 0, Diff: 0, Sum: 0, Workers: 3
[4.439s][debug][gc,phases         ] GC(18)         Total                          Min: 0, Avg:  0.0, Max: 0, Diff: 0, Sum: 0, Workers: 3
[4.439s][debug][gc,phases         ] GC(18)       Weak JFR Old Object Samples    Min:  0.0, Avg:  0.0, Max:  0.0, Diff:  0.0, Sum:  0.0, Workers: 3
[4.439s][debug][gc,phases         ] GC(18)         Dead                           Min: 0, Avg:  0.0, Max: 0, Diff: 0, Sum: 0, Workers: 3
[4.439s][debug][gc,phases         ] GC(18)         Total                          Min: 0, Avg:  0.0, Max: 0, Diff: 0, Sum: 0, Workers: 3
[4.439s][debug][gc,phases         ] GC(18)     Post Evacuate Cleanup 1: 0.1ms
[4.439s][debug][gc,phases         ] GC(18)       Merge Per-Thread State (ms):   Min:  0.0, Avg:  0.0, Max:  0.0, Diff:  0.0, Sum:  0.0, Workers: 1
[4.439s][debug][gc,phases         ] GC(18)         Copied Bytes                   Min: 18436256, Avg: 19553752.0, Max: 20603936, Diff: 2167680, Sum: 78215008, Workers: 4
[4.439s][debug][gc,phases         ] GC(18)         LAB Waste                      Min: 560, Avg: 592.0, Max: 624, Diff: 64, Sum: 2368, Workers: 4
[4.439s][debug][gc,phases         ] GC(18)         LAB Undo Waste                 Min: 0, Avg:  0.0, Max: 0, Diff: 0, Sum: 0, Workers: 4
[4.439s][debug][gc,phases         ] GC(18)       Clear Logged Cards (ms):       Min:  0.0, Avg:  0.0, Max:  0.1, Diff:  0.1, Sum:  0.1, Workers: 3
[4.439s][debug][gc,phases         ] GC(18)       Recalculate Used Memory (ms):  Min:  0.0, Avg:  0.0, Max:  0.0, Diff:  0.0, Sum:  0.0, Workers: 1
[4.439s][debug][gc,phases         ] GC(18)     Post Evacuate Cleanup 2: 0.4ms
[4.439s][debug][gc,phases         ] GC(18)       Reset Hot Card Cache (ms):     Min:  0.0, Avg:  0.0, Max:  0.0, Diff:  0.0, Sum:  0.0, Workers: 1
[4.439s][debug][gc,phases         ] GC(18)       Purge Code Roots (ms):         Min:  0.0, Avg:  0.0, Max:  0.0, Diff:  0.0, Sum:  0.0, Workers: 1
[4.439s][debug][gc,phases         ] GC(18)       Update Derived Pointers (ms):  Min:  0.0, Avg:  0.0, Max:  0.0, Diff:  0.0, Sum:  0.0, Workers: 1
[4.439s][debug][gc,phases         ] GC(18)       Eagerly Reclaim Humongous Objects (ms): Min:  0.0, Avg:  0.0, Max:  0.0, Diff:  0.0, Sum:  0.0, Workers: 1
[4.439s][debug][gc,phases         ] GC(18)         Humongous Total                Min: 1, Avg:  1.0, Max: 1, Diff: 0, Sum: 1, Workers: 1
[4.439s][debug][gc,phases         ] GC(18)         Humongous Candidates           Min: 0, Avg:  0.0, Max: 0, Diff: 0, Sum: 0, Workers: 1
[4.439s][debug][gc,phases         ] GC(18)         Humongous Reclaimed            Min: 0, Avg:  0.0, Max: 0, Diff: 0, Sum: 0, Workers: 1
[4.439s][debug][gc,phases         ] GC(18)       Redirty Logged Cards (ms):     Min:  0.0, Avg:  0.1, Max:  0.1, Diff:  0.1, Sum:  0.2, Workers: 4
[4.439s][debug][gc,phases         ] GC(18)         Redirtied Cards:               Min: 0, Avg: 7169.0, Max: 16899, Diff: 16899, Sum: 28676, Workers: 4
[4.440s][debug][gc,phases         ] GC(18)       Free Collection Set (ms):      Min:  0.0, Avg:  0.1, Max:  0.2, Diff:  0.2, Sum:  0.4, Workers: 4
[4.440s][debug][gc,phases         ] GC(18)     Rebuild Free List: 0.1ms
[4.440s][debug][gc,phases         ] GC(18)     Start New Collection Set: 0.0ms
[4.440s][debug][gc,phases         ] GC(18)     Resize TLABs: 0.0ms
[4.440s][debug][gc,phases         ] GC(18)     Expand Heap After Collection: 0.0ms
[4.440s][info ][gc,phases         ] GC(18)   Other: 1.4ms
[4.440s][info ][gc,heap           ] GC(18) Eden regions: 398->0(67)
[4.440s][info ][gc,heap           ] GC(18) Survivor regions: 43->56(56)
[4.440s][info ][gc,heap           ] GC(18) Old regions: 292->312
[4.440s][info ][gc,heap           ] GC(18) Archive regions: 0->0
[4.440s][info ][gc,heap           ] GC(18) Humongous regions: 36->36
[4.440s][info ][gc,metaspace      ] GC(18) Metaspace: 483K(640K)->483K(640K) NonClass: 445K(512K)->445K(512K) Class: 37K(128K)->37K(128K)
[4.440s][debug][gc,heap           ] GC(18) Heap after GC invocations=19 (full 0):
[4.440s][debug][gc,heap           ] GC(18)  garbage-first heap   total 1048576K, used 413184K [0x00000000c0000000, 0x0000000100000000)
[4.440s][debug][gc,heap           ] GC(18)   region size 1024K, 56 young (57344K), 56 survivors (57344K)
[4.440s][debug][gc,heap           ] GC(18)  Metaspace       used 483K, committed 640K, reserved 1056768K
[4.440s][debug][gc,heap           ] GC(18)   class space    used 37K, committed 128K, reserved 1048576K
[4.440s][info ][gc                ] GC(18) Pause Young (Normal) (G1 Evacuation Pause) 768M->403M(1024M) 134.509ms
[4.440s][info ][gc,cpu            ] GC(18) User=0.38s Sys=0.02s Real=0.13s
[4.440s][debug][gc,refine         ] Activated worker 1, on threshold: 10314, current: 28419
[4.440s][debug][gc,refine         ] Activated worker 2, on threshold: 12893, current: 27139
[4.448s][debug][gc,refine         ] Deactivated worker 2, off threshold: 10314, current: 10241, refined cards: 5632
[4.448s][debug][gc,refine         ] Activated worker 3, on threshold: 15471, current: 9985
[4.448s][debug][gc,refine         ] Deactivated worker 3, off threshold: 12892, current: 9985, refined cards: 0
[4.449s][debug][gc,refine         ] Deactivated worker 1, off threshold: 7735, current: 7681, refined cards: 7425
[4.454s][debug][gc,refine         ] Deactivated worker 0, off threshold: 5157, current: 5120, refined cards: 11267
[4.456s][debug][gc,refine         ] Activated worker 0, on threshold: 5669, current: 5888
[4.457s][debug][gc,refine         ] Deactivated worker 0, off threshold: 5157, current: 5120, refined cards: 768
[4.459s][debug][gc,refine         ] Activated worker 0, on threshold: 5669, current: 5888
[4.460s][debug][gc,refine         ] Deactivated worker 0, off threshold: 5157, current: 5120, refined cards: 768
[4.462s][debug][gc,refine         ] Activated worker 0, on threshold: 5669, current: 5888
[4.463s][debug][gc,refine         ] Deactivated worker 0, off threshold: 5157, current: 5120, refined cards: 1024
[4.466s][debug][gc,refine         ] Activated worker 0, on threshold: 5669, current: 5888
[4.467s][debug][gc,refine         ] Deactivated worker 0, off threshold: 5157, current: 5120, refined cards: 768
[4.469s][debug][gc,refine         ] Activated worker 0, on threshold: 5669, current: 5888
[4.471s][debug][gc,refine         ] Deactivated worker 0, off threshold: 5157, current: 5120, refined cards: 1024
[4.473s][debug][gc,refine         ] Activated worker 0, on threshold: 5669, current: 5888
[4.474s][debug][gc,refine         ] Deactivated worker 0, off threshold: 5157, current: 5120, refined cards: 1024
[4.477s][debug][gc,refine         ] Activated worker 0, on threshold: 5669, current: 5888
[4.478s][debug][gc,refine         ] Deactivated worker 0, off threshold: 5157, current: 5120, refined cards: 768
[4.481s][debug][gc,refine         ] Activated worker 0, on threshold: 5669, current: 5888
[4.482s][debug][gc,refine         ] Deactivated worker 0, off threshold: 5157, current: 5120, refined cards: 768
[4.484s][debug][gc,refine         ] Activated worker 0, on threshold: 5669, current: 5888
[4.485s][debug][gc,refine         ] Deactivated worker 0, off threshold: 5157, current: 5120, refined cards: 768
[4.487s][debug][gc,refine         ] Activated worker 0, on threshold: 5669, current: 5888
[4.488s][debug][gc,refine         ] Deactivated worker 0, off threshold: 5157, current: 5120, refined cards: 1024
[4.491s][debug][gc,refine         ] Activated worker 0, on threshold: 5669, current: 5888
[4.492s][debug][gc,refine         ] Deactivated worker 0, off threshold: 5157, current: 5120, refined cards: 1024
[4.495s][debug][gc,refine         ] Activated worker 0, on threshold: 5669, current: 5888
[4.496s][debug][gc,refine         ] Deactivated worker 0, off threshold: 5157, current: 5120, refined cards: 768
[4.499s][debug][gc,refine         ] Activated worker 0, on threshold: 5669, current: 5888
[4.500s][debug][gc,refine         ] Deactivated worker 0, off threshold: 5157, current: 5120, refined cards: 768
[4.502s][debug][gc,refine         ] Activated worker 0, on threshold: 5669, current: 5888
[4.503s][debug][gc,refine         ] Deactivated worker 0, off threshold: 5157, current: 5120, refined cards: 768
[4.508s][debug][gc,refine         ] Activated worker 0, on threshold: 5669, current: 5888
[4.508s][debug][gc,refine         ] Deactivated worker 0, off threshold: 5157, current: 5120, refined cards: 768
[4.510s][debug][gc,refine         ] Activated worker 0, on threshold: 5669, current: 5888
[4.510s][debug][gc,refine         ] Deactivated worker 0, off threshold: 5157, current: 5120, refined cards: 768
[4.512s][debug][gc,refine         ] Activated worker 0, on threshold: 5669, current: 5888
[4.512s][debug][gc,refine         ] Deactivated worker 0, off threshold: 5157, current: 5120, refined cards: 768
[4.514s][debug][gc,refine         ] Activated worker 0, on threshold: 5669, current: 5888
[4.514s][debug][gc,refine         ] Deactivated worker 0, off threshold: 5157, current: 5120, refined cards: 768
[4.516s][debug][gc,refine         ] Activated worker 0, on threshold: 5669, current: 5888
[4.516s][debug][gc,refine         ] Deactivated worker 0, off threshold: 5157, current: 5120, refined cards: 768
[4.518s][debug][gc,refine         ] Activated worker 0, on threshold: 5669, current: 5888
[4.519s][debug][gc,refine         ] Deactivated worker 0, off threshold: 5157, current: 5120, refined cards: 768
[4.520s][debug][gc,refine         ] Activated worker 0, on threshold: 5669, current: 5888
[4.521s][debug][gc,refine         ] Deactivated worker 0, off threshold: 5157, current: 5120, refined cards: 768
[4.522s][debug][gc,refine         ] Activated worker 0, on threshold: 5669, current: 5888
[4.523s][debug][gc,refine         ] Deactivated worker 0, off threshold: 5157, current: 5120, refined cards: 768
[4.524s][debug][gc,refine         ] Activated worker 0, on threshold: 5669, current: 5888
[4.525s][debug][gc,refine         ] Deactivated worker 0, off threshold: 5157, current: 5120, refined cards: 768
[4.527s][debug][gc,refine         ] Activated worker 0, on threshold: 5669, current: 5888
[4.528s][debug][gc,refine         ] Deactivated worker 0, off threshold: 5157, current: 5120, refined cards: 1024
[4.538s][debug][gc,refine         ] Stopping 0
[4.538s][debug][gc,refine         ] Stopping 1
[4.538s][debug][gc,refine         ] Stopping 2
[4.538s][debug][gc,refine         ] Stopping 3
[4.538s][debug][gc,task           ] G1 Service Thread (stopping)
[4.538s][info ][gc,heap,exit      ] Heap
[4.538s][info ][gc,heap,exit      ]  garbage-first heap   total 1048576K, used 456194K [0x00000000c0000000, 0x0000000100000000)
[4.538s][info ][gc,heap,exit      ]   region size 1024K, 99 young (101376K), 56 survivors (57344K)
[4.538s][info ][gc,heap,exit      ]  Metaspace       used 517K, committed 640K, reserved 1056768K
[4.538s][info ][gc,heap,exit      ]   class space    used 41K, committed 128K, reserved 1048576K
