[0.016s][debug][gc,heap] Minimum heap 268435456  Initial heap 268435456  Maximum heap 268435456
[0.016s][info ][gc     ] Using G1
[0.017s][debug][gc,heap,coops] Heap address: 0x00000000f0000000, size: 256 MB, Compressed Oops mode: 32-bit
[0.017s][debug][gc           ] ConcGCThreads: 1 offset 8
[0.017s][debug][gc           ] ParallelGCThreads: 4
[0.017s][debug][gc           ] Initialize mark stack with 4096 chunks, maximum 524288
[0.017s][debug][gc,ergo,heap ] Expand the heap. requested expansion amount: 268435456B expansion amount: 268435456B
[0.021s][debug][gc,heap,region] Activate regions [0, 256)
[0.021s][debug][gc,ihop       ] Target occupancy update: old: 0B, new: 268435456B
[0.021s][debug][gc,ergo,refine] Initial Refinement Zones: green: 1024, yellow: 3072, red: 5120, min yellow size: 2048
[0.021s][debug][gc,task       ] G1 Service Thread (Remembered Set Sampling Task) (register)
[0.021s][debug][gc,task       ] G1 Service Thread (Periodic GC Task) (register)
[0.021s][info ][gc,init       ] Version: 17+35-LTS (release)
[0.021s][info ][gc,init       ] CPUs: 4 total, 4 available
[0.021s][info ][gc,init       ] Memory: 16282M
[0.021s][info ][gc,init       ] Large Page Support: Disabled
[0.021s][info ][gc,init       ] NUMA Support: Disabled
[0.021s][info ][gc,init       ] Compressed Oops: Enabled (32-bit)
[0.021s][info ][gc,init       ] Heap Region Size: 1M
[0.021s][info ][gc,init       ] Heap Min Capacity: 256M
[0.021s][info ][gc,init       ] Heap Initial Capacity: 256M
[0.021s][info ][gc,init       ] Heap Max Capacity: 256M
[0.021s][info ][gc,init       ] Pre-touch: Disabled
[0.021s][info ][gc,init       ] Parallel Workers: 4
[0.022s][info ][gc,init       ] Concurrent Workers: 1
[0.022s][info ][gc,init       ] Concurrent Refinement Workers: 4
[0.022s][info ][gc,init       ] Periodic GC: Disabled
[0.024s][info ][gc,metaspace  ] CDS archive(s) mapped at: [0x0000000800000000-0x0000000800bc0000-0x0000000800bc0000), size 12320768, SharedBaseAddress: 0x0000000800000000, ArchiveRelocationMode: 0.
[0.024s][info ][gc,metaspace  ] Compressed class space mapped at: 0x0000000800c00000-0x0000000840c00000, reserved size: 1073741824
[0.024s][info ][gc,metaspace  ] Narrow klass base: 0x0000000800000000, Narrow klass shift: 0, Narrow klass range: 0x100000000
[0.097s][debug][gc,task,start ] G1 Service Thread (Remembered Set Sampling Task) (run)
[0.097s][debug][gc,task       ] G1 Service Thread (Remembered Set Sampling Task) (run) 0.093ms (cpu: 0.000ms)
[0.097s][debug][gc,task,start ] G1 Service Thread (Periodic GC Task) (run)
[0.097s][debug][gc,task       ] G1 Service Thread (Periodic GC Task) (run) 0.017ms (cpu: 0.000ms)
[0.247s][debug][gc,refine     ] Activated worker 0, on threshold: 1536, current: 4096
[0.249s][debug][gc,refine     ] Activated worker 1, on threshold: 2048, current: 4096
[0.250s][debug][gc,refine     ] Activated worker 2, on threshold: 2560, current: 2816
[0.250s][debug][gc,refine     ] Deactivated worker 2, off threshold: 2048, current: 1792, refined cards: 256
[0.250s][debug][gc,refine     ] Deactivated worker 1, off threshold: 1536, current: 1536, refined cards: 1024
[0.251s][debug][gc,refine     ] Deactivated worker 0, off threshold: 1024, current: 1024, refined cards: 3072
[0.254s][debug][gc,refine     ] Activated worker 0, on threshold: 1536, current: 3840
[0.254s][debug][gc,refine     ] Activated worker 1, on threshold: 2048, current: 4096
[0.254s][debug][gc,refine     ] Activated worker 2, on threshold: 2560, current: 3840
[0.255s][debug][gc,refine     ] Activated worker 3, on threshold: 3072, current: 1991
[0.255s][debug][gc,heap       ] GC(0) Heap before GC invocations=0 (full 0):
[0.256s][debug][gc,heap       ] GC(0)  garbage-first heap   total 262144K, used 20480K [0x00000000f0000000, 0x0000000100000000)
[0.256s][debug][gc,heap       ] GC(0)   region size 1024K, 13 young (13312K), 0 survivors (0K)
[0.256s][debug][gc,heap       ] GC(0)  Metaspace       used 482K, committed 640K, reserved 1056768K
[0.256s][debug][gc,heap       ] GC(0)   class space    used 36K, committed 128K, reserved 1048576K
[0.256s][info ][gc,start      ] GC(0) Pause Young (Normal) (G1 Evacuation Pause)
[0.256s][info ][gc,task       ] GC(0) Using 4 workers of 4 for evacuation
[0.256s][debug][gc,tlab       ] GC(0) TLAB totals: thrds: 3  refills: 60 max: 58 slow allocs: 5 max 5 waste:  4.2% gc: 501984B max: 272544B slow: 37584B max: 37584B
[0.256s][debug][gc,age        ] GC(0) Desired survivor size 1048576 bytes, new threshold 15 (max threshold 15)
[0.256s][debug][gc,refine,stats] GC(0) Mutator refinement: 0.00ms, refined: 0, precleaned: 0, dirtied: 8934
[0.256s][debug][gc,refine,stats] GC(0) Concurrent refinement: 7.84ms, refined: 6713, precleaned: 0, dirtied: 0
[0.256s][debug][gc,refine,stats] GC(0) Total refinement: 7.84ms, refined: 6713, precleaned: 0, dirtied: 8934
[0.256s][debug][gc,refine,stats] GC(0) Concurrent refinement rate: 855.94 cards/ms
[0.256s][debug][gc,refine,stats] GC(0) Generate dirty cards rate: 37.23 cards/ms
[0.256s][debug][gc,alloc,region] GC(0) Mutator Allocation stats, regions: 13, wasted size: 0B ( 0.0%)
[0.256s][debug][gc,humongous   ] GC(0) Humongous region 0 (object size 640280 @ 0x00000000f0000000) remset 0 code roots 0 marked 0 reclaim candidate 0 type array 0
[0.256s][debug][gc,humongous   ] GC(0) Humongous region 4 (object size 2160888 @ 0x00000000f0400000) remset 0 code roots 0 marked 0 reclaim candidate 0 type array 0
[0.256s][debug][gc,humongous   ] GC(0) Humongous region 1 (object size 960408 @ 0x00000000f0100000) remset 0 code roots 0 marked 0 reclaim candidate 0 type array 0
[0.256s][debug][gc,humongous   ] GC(0) Humongous region 2 (object size 1440600 @ 0x00000000f0200000) remset 0 code roots 0 marked 0 reclaim candidate 0 type array 0
[0.256s][debug][gc,ergo        ] GC(0) Running G1 Merge Heap Roots using 4 workers for 13 regions
[0.257s][debug][gc,remset      ] GC(0) Visited cards 9216 Total dirty 12288 (75.00%) Total old 67584 (13.64%)
[0.285s][debug][gc,ref         ] GC(0) Skipped phase 1 of Reference Processing: no references
[0.286s][debug][gc,ref         ] GC(0) ReferenceProcessor::execute queues: 1, RefProcThreadModel::Single, marks_oops_alive: false
[0.286s][debug][gc,ref         ] GC(0) Skipped phase 3 of Reference Processing: no references
[0.286s][debug][gc,ref         ] GC(0) Skipped phase 4 of Reference Processing: no references
[0.286s][debug][gc,ergo        ] GC(0) Running G1 Rebuild Free List Task using 4 workers for rebuilding free list of regions
[0.286s][debug][gc,plab        ] GC(0) Young PLAB allocation: allocated: 2039712B, wasted: 2560B, unused: 0B, used: 2037152B, undo waste: 0B, 
[0.286s][debug][gc,plab        ] GC(0) Young other allocation: region end waste: 0B, regions filled: 2, direct allocated: 57440B, failure used: 0B, failure wasted: 0B
[0.286s][debug][gc,plab        ] GC(0) Young sizing: calculated: 407424B, actual: 407424B
[0.286s][debug][gc,plab        ] GC(0) Old PLAB allocation: allocated: 5177344B, wasted: 10080B, unused: 20416B, used: 5146848B, undo waste: 0B, 
[0.286s][debug][gc,plab        ] GC(0) Old other allocation: region end waste: 0B, regions filled: 5, direct allocated: 0B, failure used: 0B, failure wasted: 0B
[0.286s][debug][gc,plab        ] GC(0) Old sizing: calculated: 1029368B, actual: 1029368B
[0.286s][debug][gc,ergo,heap   ] GC(0) Heap expansion: short term pause time ratio 0.00% long term pause time ratio 0.00% threshold 7.69% pause time ratio 7.69% fully expanded true resize by 0B
[0.286s][debug][gc,mmu         ] GC(0) MMU: 30.1ms (200.0ms/201.0ms)
[0.286s][debug][gc,alloc,stats ] Old generation allocation in the last mutator period, old gen allocated: 5177344B, humongous allocated: 7340032B,old gen growth: 12517376B.
[0.286s][debug][gc,ihop        ] GC(0) Basic information (value update), threshold: 120795955B (45.00), target occupancy: 268435456B, current occupancy: 14614528B, recent allocation size: 12517376B, recent allocation duration: 239.96ms, recent old gen allocation rate: 52164557.84B/s, recent marking phase length: 0.00ms
[0.286s][debug][gc,ihop        ] GC(0) Adaptive IHOP information (value update), threshold: 120795955B (52.94), internal target occupancy: 228170137B, occupancy: 14614528B, additional buffer size: 12582912B, predicted old gen allocation rate: 104329115.68B/s, predicted marking phase length: 0.00ms, prediction active: false
[0.286s][debug][gc,ergo,refine ] GC(0) Concurrent refinement times: Logged Cards Scan time goal: 20.00ms Logged Cards Scan time: 0.82ms HCC time: 0.00ms
[0.286s][debug][gc,ergo,refine ] GC(0) Updated Refinement Zones: green: 1126, yellow: 3378, red: 5630
[0.286s][info ][gc,phases      ] GC(0)   Pre Evacuate Collection Set: 0.3ms
[0.286s][debug][gc,phases      ] GC(0)     Prepare TLABs: 0.0ms
[0.286s][debug][gc,phases      ] GC(0)     Concatenate Dirty Card Logs: 0.0ms
[0.286s][debug][gc,phases      ] GC(0)     Choose Collection Set: 0.0ms
[0.286s][debug][gc,phases      ] GC(0)     Region Register: 0.2ms
[0.286s][debug][gc,phases      ] GC(0)     Prepare Heap Roots: 0.0ms
[0.286s][info ][gc,phases      ] GC(0)   Merge Heap Roots: 0.1ms
[0.286s][debug][gc,phases      ] GC(0)     Prepare Merge Heap Roots: 0.0ms
[0.286s][debug][gc,phases      ] GC(0)     Eager Reclaim (ms):            skipped
[0.286s][debug][gc,phases      ] GC(0)     Remembered Sets (ms):          Min:  0.0, Avg:  0.0, Max:  0.0, Diff:  0.0, Sum:  0.1, Workers: 4
[0.287s][debug][gc,phases      ] GC(0)       Merged Sparse:                 Min: 0, Avg:  1.0, Max: 4, Diff: 4, Sum: 4, Workers: 4
[0.287s][debug][gc,phases      ] GC(0)       Merged Fine:                   Min: 8, Avg:  9.5, Max: 12, Diff: 4, Sum: 38, Workers: 4
[0.287s][debug][gc,phases      ] GC(0)       Merged Coarse:                 Min: 0, Avg:  0.0, Max: 0, Diff: 0, Sum: 0, Workers: 4
[0.287s][debug][gc,phases      ] GC(0)       Dirty Cards:                   Min: 1492, Avg: 1672.0, Max: 1867, Diff: 375, Sum: 6688, Workers: 4
[0.287s][debug][gc,phases      ] GC(0)     Hot Card Cache (ms):           Min:  0.0, Avg:  0.0, Max:  0.0, Diff:  0.0, Sum:  0.0, Workers: 4
[0.287s][debug][gc,phases      ] GC(0)       Dirty Cards:                   Min: 0, Avg:  0.0, Max: 0, Diff: 0, Sum: 0, Workers: 4
[0.287s][debug][gc,phases      ] GC(0)       Skipped Cards:                 Min: 0, Avg:  0.0, Max: 0, Diff: 0, Sum: 0, Workers: 4
[0.287s][debug][gc,phases      ] GC(0)     Log Buffers (ms):              Min:  0.0, Avg:  0.0, Max:  0.0, Diff:  0.0, Sum:  0.0, Workers: 4
[0.287s][debug][gc,phases      ] GC(0)       Dirty Cards:                   Min: 474, Avg: 547.3, Max: 733, Diff: 259, Sum: 2189, Workers: 4
[0.287s][debug][gc,phases      ] GC(0)       Skipped Cards:                 Min: 0, Avg:  0.0, Max: 0, Diff: 0, Sum: 0, Workers: 4
[0.287s][info ][gc,phases      ] GC(0)   Evacuate Collection Set: 28.9ms
[0.287s][debug][gc,phases      ] GC(0)     Ext Root Scanning (ms):        Min:  0.1, Avg:  0.2, Max:  0.3, Diff:  0.2, Sum:  0.8, Workers: 4
[0.287s][debug][gc,phases      ] GC(0)     Scan Heap Roots (ms):          Min:  3.0, Avg:  3.3, Max:  3.4, Diff:  0.4, Sum: 13.1, Workers: 4
[0.287s][debug][gc,phases      ] GC(0)       Scanned Cards:                 Min: 2053, Avg: 2233.5, Max: 2304, Diff: 251, Sum: 8934, Workers: 4
[0.287s][debug][gc,phases      ] GC(0)       Scanned Blocks:                Min: 9, Avg:  9.0, Max: 9, Diff: 0, Sum: 36, Workers: 4
[0.287s][debug][gc,phases      ] GC(0)       Claimed Chunks:                Min: 9, Avg:  9.0, Max: 9, Diff: 0, Sum: 36, Workers: 4
[0.287s][debug][gc,phases      ] GC(0)     Code Root Scan (ms):           Min:  0.0, Avg:  0.0, Max:  0.1, Diff:  0.1, Sum:  0.1, Workers: 4
[0.287s][debug][gc,phases      ] GC(0)     Object Copy (ms):              Min: 25.2, Avg: 25.3, Max: 25.6, Diff:  0.4, Sum: 101.3, Workers: 4
[0.287s][debug][gc,phases      ] GC(0)     Termination (ms):              Min:  0.0, Avg:  0.0, Max:  0.0, Diff:  0.0, Sum:  0.0, Workers: 4
[0.287s][debug][gc,phases      ] GC(0)       Termination Attempts:          Min: 1, Avg: 16.0, Max: 28, Diff: 27, Sum: 64, Workers: 4
[0.287s][debug][gc,phases      ] GC(0)     GC Worker Other (ms):          Min:  0.0, Avg:  0.0, Max:  0.0, Diff:  0.0, Sum:  0.1, Workers: 4
[0.287s][debug][gc,phases      ] GC(0)     GC Worker Total (ms):          Min: 28.9, Avg: 28.9, Max: 28.9, Diff:  0.0, Sum: 115.4, Workers: 4
[0.287s][info ][gc,phases      ] GC(0)   Post Evacuate Collection Set: 0.5ms
[0.287s][debug][gc,phases      ] GC(0)     Code Roots Fixup: 0.0ms
[0.287s][debug][gc,phases      ] GC(0)     Reference Processing: 0.2ms
[0.287s][debug][gc,phases,ref  ] GC(0)       Reconsider SoftReferences: 0.1ms
[0.287s][debug][gc,phases,ref  ] GC(0)         SoftRef (ms):                  skipped
[0.287s][debug][gc,phases,ref  ] GC(0)       Notify Soft/WeakReferences: 0.1ms
[0.287s][debug][gc,phases,ref  ] GC(0)         SoftRef (ms):                  Min:  0.0, Avg:  0.0, Max:  0.0, Diff:  0.0, Sum:  0.0, Workers: 4
[0.287s][debug][gc,phases,ref  ] GC(0)         WeakRef (ms):                  Min:  0.0, Avg:  0.0, Max:  0.0, Diff:  0.0, Sum:  0.0, Workers: 4
[0.287s][debug][gc,phases,ref  ] GC(0)         FinalRef (ms):                 Min:  0.0, Avg:  0.0, Max:  0.0, Diff:  0.0, Sum:  0.0, Workers: 4
[0.287s][debug][gc,phases,ref  ] GC(0)         Total (ms):                    Min:  0.0, Avg:  0.0, Max:  0.0, Diff:  0.0, Sum:  0.0, Workers: 4
[0.287s][debug][gc,phases,ref  ] GC(0)       Notify and keep alive finalizable: 0.0ms
[0.287s][debug][gc,phases,ref  ] GC(0)         FinalRef (ms):                 skipped
[0.287s][debug][gc,phases,ref  ] GC(0)       Notify PhantomReferences: 0.0ms
[0.287s][debug][gc,phases,ref  ] GC(0)         PhantomRef (ms):               skipped
[0.287s][debug][gc,phases,ref  ] GC(0)       SoftReference:
[0.287s][debug][gc,phases,ref  ] GC(0)         Discovered: 0
[0.287s][debug][gc,phases,ref  ] GC(0)         Cleared: 0
[0.287s][debug][gc,phases,ref  ] GC(0)       WeakReference:
[0.287s][debug][gc,phases,ref  ] GC(0)         Discovered: 170
[0.287s][debug][gc,phases,ref  ] GC(0)         Cleared: 134
[0.287s][debug][gc,phases,ref  ] GC(0)       FinalReference:
[0.287s][debug][gc,phases,ref  ] GC(0)         Discovered: 0
[0.287s][debug][gc,phases,ref  ] GC(0)         Cleared: 0
[0.287s][debug][gc,phases,ref  ] GC(0)       PhantomReference:
[0.287s][debug][gc,phases,ref  ] GC(0)         Discovered: 0
[0.287s][debug][gc,phases,ref  ] GC(0)         Cleared: 0
[0.287s][debug][gc,phases      ] GC(0)     Weak Processing: 0.1ms
[0.287s][debug][gc,phases      ] GC(0)       VM Weak                        Min:  0.0, Avg:  0.0, Max:  0.0, Diff:  0.0, Sum:  0.0, Workers: 3
[0.287s][debug][gc,phases      ] GC(0)         Dead                           Min: 0, Avg:  0.0, Max: 0, Diff: 0, Sum: 0, Workers: 3
[0.288s][debug][gc,phases      ] GC(0)         Total                          Min: 0, Avg:  4.7, Max: 14, Diff: 14, Sum: 14, Workers: 3
[0.288s][debug][gc,phases      ] GC(0)       ObjectSynchronizer Weak        Min:  0.0, Avg:  0.0, Max:  0.0, Diff:  0.0, Sum:  0.0, Workers: 3
[0.288s][debug][gc,phases      ] GC(0)         Dead                           Min: 0, Avg:  0.0, Max: 0, Diff: 0, Sum: 0, Workers: 3
[0.288s][debug][gc,phases      ] GC(0)         Total                          Min: 0, Avg:  1.0, Max: 3, Diff: 3, Sum: 3, Workers: 3
[0.288s][debug][gc,phases      ] GC(0)       JVMTI Tag Weak OopStorage      Min:  0.0, Avg:  0.0, Max:  0.0, Diff:  0.0, Sum:  0.0, Workers: 3
[0.288s][debug][gc,phases      ] GC(0)         Dead                           Min: 0, Avg:  0.0, Max: 0, Diff: 0, Sum: 0, Workers: 3
[0.288s][debug][gc,phases      ] GC(0)         Total                          Min: 0, Avg:  0.0, Max: 0, Diff: 0, Sum: 0, Workers: 3
[0.288s][debug][gc,phases      ] GC(0)       StringTable Weak               Min:  0.0, Avg:  0.0, Max:  0.0, Diff:  0.0, Sum:  0.1, Workers: 3
[0.288s][debug][gc,phases      ] GC(0)         Dead                           Min: 0, Avg:  0.7, Max: 2, Diff: 2, Sum: 2, Workers: 3
[0.288s][debug][gc,phases      ] GC(0)         Total                          Min: 576, Avg: 819.0, Max: 960, Diff: 384, Sum: 2457, Workers: 3
[0.288s][debug][gc,phases      ] GC(0)       ResolvedMethodTable Weak       Min:  0.0, Avg:  0.0, Max:  0.0, Diff:  0.0, Sum:  0.0, Workers: 3
[0.288s][debug][gc,phases      ] GC(0)         Dead                           Min: 0, Avg:  0.0, Max: 0, Diff: 0, Sum: 0, Workers: 3
[0.288s][debug][gc,phases      ] GC(0)         Total                          Min: 9, Avg: 45.7, Max: 64, Diff: 55, Sum: 137, Workers: 3
[0.288s][debug][gc,phases      ] GC(0)       JNI Weak                       Min:  0.0, Avg:  0.0, Max:  0.0, Diff:  0.0, Sum:  0.0, Workers: 3
[0.288s][debug][gc,phases      ] GC(0)         Dead                           Min: 0, Avg:  0.0, Max: 0, Diff: 0, Sum: 0, Workers: 3
[0.288s][debug][gc,phases      ] GC(0)         Total                          Min: 0, Avg:  0.0, Max: 0, Diff: 0, Sum: 0, Workers: 3
[0.288s][debug][gc,phases      ] GC(0)       StringDedup Table Weak         Min:  0.0, Avg:  0.0, Max:  0.0, Diff:  0.0, Sum:  0.0, Workers: 3
[0.288s][debug][gc,phases      ] GC(0)         Dead                           Min: 0, Avg:  0.0, Max: 0, Diff: 0, Sum: 0, Workers: 3
[0.288s][debug][gc,phases      ] GC(0)         Total                          Min: 0, Avg:  0.0, Max: 0, Diff: 0, Sum: 0, Workers: 3
[0.288s][debug][gc,phases      ] GC(0)       StringDedup Requests0 Weak     Min:  0.0, Avg:  0.0, Max:  0.0, Diff:  0.0, Sum:  0.0, Workers: 3
[0.288s][debug][gc,phases      ] GC(0)         Dead                           Min: 0, Avg:  0.0, Max: 0, Diff: 0, Sum: 0, Workers: 3
[0.288s][debug][gc,phases      ] GC(0)         Total                          Min: 0, Avg:  0.0, Max: 0, Diff: 0, Sum: 0, Workers: 3
[0.288s][debug][gc,phases      ] GC(0)       StringDedup Requests1 Weak     Min:  0.0, Avg:  0.0, Max:  0.0, Diff:  0.0, Sum:  0.0, Workers: 3
[0.288s][debug][gc,phases      ] GC(0)         Dead                           Min: 0, Avg:  0.0, Max: 0, Diff: 0, Sum: 0, Workers: 3
[0.288s][debug][gc,phases      ] GC(0)         Total                          Min: 0, Avg:  0.0, Max: 0, Diff: 0, Sum: 0, Workers: 3
[0.288s][debug][gc,phases      ] GC(0)       Weak JFR Old Object Samples    Min:  0.0, Avg:  0.0, Max:  0.0, Diff:  0.0, Sum:  0.0, Workers: 3
[0.288s][debug][gc,phases      ] GC(0)         Dead                           Min: 0, Avg:  0.0, Max: 0, Diff: 0, Sum: 0, Workers: 3
[0.288s][debug][gc,phases      ] GC(0)         Total                          Min: 0, Avg:  0.0, Max: 0, Diff: 0, Sum: 0, Workers: 3
[0.288s][debug][gc,phases      ] GC(0)     Post Evacuate Cleanup 1: 0.0ms
[0.288s][debug][gc,phases      ] GC(0)       Merge Per-Thread State (ms):   Min:  0.0, Avg:  0.0, Max:  0.0, Diff:  0.0, Sum:  0.0, Workers: 1
[0.288s][debug][gc,phases      ] GC(0)         Copied Bytes                   Min: 1273872, Avg: 1810360.0, Max: 2512624, Diff: 1238752, Sum: 7241440, Workers: 4
[0.288s][debug][gc,phases      ] GC(0)         LAB Waste                      Min: 2048, Avg: 3160.0, Max: 4328, Diff: 2280, Sum: 12640, Workers: 4
[0.288s][debug][gc,phases      ] GC(0)         LAB Undo Waste                 Min: 0, Avg:  0.0, Max: 0, Diff: 0, Sum: 0, Workers: 4
[0.288s][debug][gc,phases      ] GC(0)       Clear Logged Cards (ms):       Min:  0.0, Avg:  0.0, Max:  0.0, Diff:  0.0, Sum:  0.0, Workers: 3
[0.289s][debug][gc,phases      ] GC(0)       Recalculate Used Memory (ms):  Min:  0.0, Avg:  0.0, Max:  0.0, Diff:  0.0, Sum:  0.0, Workers: 1
[0.289s][debug][gc,phases      ] GC(0)     Post Evacuate Cleanup 2: 0.1ms
[0.289s][debug][gc,phases      ] GC(0)       Reset Hot Card Cache (ms):     Min:  0.0, Avg:  0.0, Max:  0.0, Diff:  0.0, Sum:  0.0, Workers: 1
[0.289s][debug][gc,phases      ] GC(0)       Purge Code Roots (ms):         Min:  0.0, Avg:  0.0, Max:  0.0, Diff:  0.0, Sum:  0.0, Workers: 1
[0.289s][debug][gc,phases      ] GC(0)       Update Derived Pointers (ms):  Min:  0.0, Avg:  0.0, Max:  0.0, Diff:  0.0, Sum:  0.0, Workers: 1
[0.289s][debug][gc,phases      ] GC(0)       Eagerly Reclaim Humongous Objects (ms): Min:  0.0, Avg:  0.0, Max:  0.0, Diff:  0.0, Sum:  0.0, Workers: 1
[0.289s][debug][gc,phases      ] GC(0)         Humongous Total                Min: 4, Avg:  4.0, Max: 4, Diff: 0, Sum: 4, Workers: 1
[0.289s][debug][gc,phases      ] GC(0)         Humongous Candidates           Min: 0, Avg:  0.0, Max: 0, Diff: 0, Sum: 0, Workers: 1
[0.289s][debug][gc,phases      ] GC(0)         Humongous Reclaimed            Min: 0, Avg:  0.0, Max: 0, Diff: 0, Sum: 0, Workers: 1
[0.289s][debug][gc,phases      ] GC(0)       Redirty Logged Cards (ms):     Min:  0.0, Avg:  0.0, Max:  0.0, Diff:  0.0, Sum:  0.0, Workers: 4
[0.289s][debug][gc,phases      ] GC(0)         Redirtied Cards:               Min: 0, Avg: 511.8, Max: 1545, Diff: 1545, Sum: 2047, Workers: 4
[0.289s][debug][gc,phases      ] GC(0)       Free Collection Set (ms):      Min:  0.0, Avg:  0.0, Max:  0.0, Diff:  0.0, Sum:  0.0, Workers: 4
[0.289s][debug][gc,phases      ] GC(0)     Rebuild Free List: 0.1ms
[0.289s][debug][gc,phases      ] GC(0)     Start New Collection Set: 0.0ms
[0.289s][debug][gc,phases      ] GC(0)     Resize TLABs: 0.0ms
[0.289s][debug][gc,phases      ] GC(0)     Expand Heap After Collection: 0.0ms
[0.289s][info ][gc,phases      ] GC(0)   Other: 1.1ms
[0.289s][info ][gc,heap        ] GC(0) Eden regions: 13->0(10)
[0.289s][info ][gc,heap        ] GC(0) Survivor regions: 0->2(2)
[0.289s][info ][gc,heap        ] GC(0) Old regions: 0->5
[0.289s][info ][gc,heap        ] GC(0) Archive regions: 0->0
[0.289s][info ][gc,heap        ] GC(0) Humongous regions: 7->7
[0.289s][info ][gc,metaspace   ] GC(0) Metaspace: 482K(640K)->482K(640K) NonClass: 446K(512K)->446K(512K) Class: 36K(128K)->36K(128K)
[0.289s][debug][gc,heap        ] GC(0) Heap after GC invocations=1 (full 0):
[0.289s][debug][gc,heap        ] GC(0)  garbage-first heap   total 262144K, used 14272K [0x00000000f0000000, 0x0000000100000000)
[0.289s][debug][gc,heap        ] GC(0)   region size 1024K, 2 young (2048K), 2 survivors (2048K)
[0.289s][debug][gc,heap        ] GC(0)  Metaspace       used 482K, committed 640K, reserved 1056768K
[0.289s][debug][gc,heap        ] GC(0)   class space    used 36K, committed 128K, reserved 1048576K
[0.289s][info ][gc             ] GC(0) Pause Young (Normal) (G1 Evacuation Pause) 20M->13M(256M) 33.498ms
[0.289s][info ][gc,cpu         ] GC(0) User=0.13s Sys=0.02s Real=0.03s
[0.289s][debug][gc,refine      ] Deactivated worker 2, off threshold: 2252, current: 2037, refined cards: 700
[0.289s][debug][gc,refine      ] Deactivated worker 3, off threshold: 2815, current: 2037, refined cards: 0
[0.290s][debug][gc,refine      ] Deactivated worker 1, off threshold: 1689, current: 1525, refined cards: 1051
[0.290s][debug][gc,refine      ] Deactivated worker 0, off threshold: 1126, current: 1014, refined cards: 1643
[0.292s][debug][gc,refine      ] Activated worker 0, on threshold: 1638, current: 1782
[0.293s][debug][gc,refine      ] Deactivated worker 0, off threshold: 1126, current: 1024, refined cards: 758
[0.296s][debug][gc,refine      ] Activated worker 0, on threshold: 1638, current: 2816
[0.296s][debug][gc,refine      ] Activated worker 1, on threshold: 2252, current: 4864
[0.296s][debug][gc,refine      ] Activated worker 2, on threshold: 2815, current: 5120
[0.296s][debug][gc,refine      ] Activated worker 3, on threshold: 3378, current: 4864
[0.297s][debug][gc,refine      ] Deactivated worker 3, off threshold: 2815, current: 2048, refined cards: 768
[0.297s][debug][gc,refine      ] Deactivated worker 2, off threshold: 2252, current: 2048, refined cards: 768
[0.297s][debug][gc,refine      ] Deactivated worker 1, off threshold: 1689, current: 1280, refined cards: 1280
[0.298s][debug][gc,refine      ] Deactivated worker 0, off threshold: 1126, current: 1024, refined cards: 2048
[0.300s][debug][gc,refine      ] Activated worker 0, on threshold: 1638, current: 1792
[0.301s][debug][gc,refine      ] Deactivated worker 0, off threshold: 1126, current: 1024, refined cards: 1024
[0.303s][debug][gc,refine      ] Activated worker 0, on threshold: 1638, current: 1792
[0.304s][debug][gc,refine      ] Deactivated worker 0, off threshold: 1126, current: 1024, refined cards: 768
[0.306s][debug][gc,refine      ] Activated worker 0, on threshold: 1638, current: 2816
[0.306s][debug][gc,refine      ] Activated worker 1, on threshold: 2252, current: 5120
[0.306s][debug][gc,refine      ] Activated worker 2, on threshold: 2815, current: 4864
[0.306s][debug][gc,refine      ] Activated worker 3, on threshold: 3378, current: 4608
[0.307s][debug][gc,refine      ] Deactivated worker 3, off threshold: 2815, current: 2560, refined cards: 512
[0.307s][debug][gc,refine      ] Activated worker 3, on threshold: 3378, current: 3072
[0.307s][debug][gc,refine      ] Deactivated worker 3, off threshold: 2815, current: 2048, refined cards: 256
[0.308s][debug][gc,refine      ] Deactivated worker 2, off threshold: 2252, current: 1792, refined cards: 1536
[0.308s][debug][gc,refine      ] Deactivated worker 1, off threshold: 1689, current: 1536, refined cards: 1536
[0.309s][debug][gc,refine      ] Deactivated worker 0, off threshold: 1126, current: 1024, refined cards: 2560
[0.311s][debug][gc,refine      ] Activated worker 0, on threshold: 1638, current: 1792
[0.312s][debug][gc,refine      ] Deactivated worker 0, off threshold: 1126, current: 1024, refined cards: 1024
[0.313s][debug][gc,heap        ] GC(1) Heap before GC invocations=1 (full 0):
[0.313s][debug][gc,heap        ] GC(1)  garbage-first heap   total 262144K, used 33728K [0x00000000f0000000, 0x0000000100000000)
[0.313s][debug][gc,heap        ] GC(1)   region size 1024K, 12 young (12288K), 2 survivors (2048K)
[0.313s][debug][gc,heap        ] GC(1)  Metaspace       used 482K, committed 640K, reserved 1056768K
[0.313s][debug][gc,heap        ] GC(1)   class space    used 36K, committed 128K, reserved 1048576K
[0.313s][info ][gc,start       ] GC(1) Pause Young (Normal) (G1 Evacuation Pause)
[0.313s][info ][gc,task        ] GC(1) Using 4 workers of 4 for evacuation
[0.313s][debug][gc,tlab        ] GC(1) TLAB totals: thrds: 1  refills: 60 max: 60 slow allocs: 2 max 2 waste:  0.3% gc: 0B max: 0B slow: 34560B max: 34560B
[0.313s][debug][gc,age         ] GC(1) Desired survivor size 1048576 bytes, new threshold 1 (max threshold 15)
[0.313s][debug][gc,refine,stats] GC(1) Mutator refinement: 0.88ms, refined: 256, precleaned: 0, dirtied: 15656
[0.313s][debug][gc,refine,stats] GC(1) Concurrent refinement: 16.90ms, refined: 15871, precleaned: 4, dirtied: 0
[0.313s][debug][gc,refine,stats] GC(1) Total refinement: 17.79ms, refined: 16127, precleaned: 4, dirtied: 15656
[0.313s][debug][gc,refine,stats] GC(1) Concurrent refinement rate: 906.72 cards/ms
[0.313s][debug][gc,refine,stats] GC(1) Generate dirty cards rate: 576.51 cards/ms
[0.313s][debug][gc,alloc,region] GC(1) Mutator Allocation stats, regions: 10, wasted size: 0B ( 0.0%)
[0.313s][debug][gc,humongous   ] GC(1) Humongous region 0 (object size 640280 @ 0x00000000f0000000) remset 0 code roots 0 marked 0 reclaim candidate 0 type array 0
[0.313s][debug][gc,humongous   ] GC(1) Humongous region 4 (object size 2160888 @ 0x00000000f0400000) remset 0 code roots 0 marked 0 reclaim candidate 0 type array 0
[0.313s][debug][gc,humongous   ] GC(1) Humongous region 2 (object size 1440600 @ 0x00000000f0200000) remset 0 code roots 0 marked 0 reclaim candidate 0 type array 0
[0.313s][debug][gc,humongous   ] GC(1) Humongous region 1 (object size 960408 @ 0x00000000f0100000) remset 0 code roots 0 marked 0 reclaim candidate 0 type array 0
[0.313s][debug][gc,humongous   ] GC(1) Humongous region 12 (object size 3241320 @ 0x00000000f0c00000) remset 0 code roots 0 marked 0 reclaim candidate 0 type array 0
[0.314s][debug][gc,humongous   ] GC(1) Humongous region 16 (object size 4861968 @ 0x00000000f1000000) remset 0 code roots 0 marked 0 reclaim candidate 0 type array 0
[0.314s][debug][gc,ergo        ] GC(1) Running G1 Merge Heap Roots using 4 workers for 12 regions
[0.314s][debug][gc,remset      ] GC(1) Visited cards 14080 Total dirty 30720 (45.83%) Total old 92160 (15.28%)
[0.338s][debug][gc,task,start  ] G1 Service Thread (Remembered Set Sampling Task) (run)
[0.338s][debug][gc,ref         ] GC(1) Skipped phase 1 of Reference Processing: no references
[0.338s][debug][gc,ref         ] GC(1) Skipped phase 2 of Reference Processing: no references
[0.338s][debug][gc,ref         ] GC(1) Skipped phase 3 of Reference Processing: no references
[0.338s][debug][gc,ref         ] GC(1) Skipped phase 4 of Reference Processing: no references
[0.338s][debug][gc,ergo        ] GC(1) Running G1 Rebuild Free List Task using 4 workers for rebuilding free list of regions
[0.338s][debug][gc,plab        ] GC(1) Young PLAB allocation: allocated: 2097152B, wasted: 352B, unused: 0B, used: 2096800B, undo waste: 0B, 
[0.338s][debug][gc,plab        ] GC(1) Young other allocation: region end waste: 0B, regions filled: 2, direct allocated: 0B, failure used: 0B, failure wasted: 0B
[0.338s][debug][gc,plab        ] GC(1) Young sizing: calculated: 419360B, actual: 416376B
[0.338s][debug][gc,plab        ] GC(1) Old PLAB allocation: allocated: 10808632B, wasted: 1072B, unused: 358568B, used: 10448992B, undo waste: 0B, 
[0.338s][debug][gc,plab        ] GC(1) Old other allocation: region end waste: 0B, regions filled: 12, direct allocated: 0B, failure used: 0B, failure wasted: 0B
[0.338s][debug][gc,plab        ] GC(1) Old sizing: calculated: 2089792B, actual: 1824680B
[0.339s][debug][gc,ergo,heap   ] GC(1) Heap expansion: short term pause time ratio 11.14% long term pause time ratio 11.14% threshold 7.69% pause time ratio 7.69% fully expanded true resize by 0B
[0.339s][debug][gc,mmu         ] GC(1) MMU: 55.3ms (200.0ms/201.0ms)
[0.339s][debug][gc,alloc,stats ] Old generation allocation in the last mutator period, old gen allocated: 10808632B, humongous allocated: 9437184B,old gen growth: 20245816B.
[0.339s][debug][gc,ihop        ] GC(1) Basic information (value update), threshold: 120795955B (45.00), target occupancy: 268435456B, current occupancy: 34860544B, recent allocation size: 20245816B, recent allocation duration: 27.16ms, recent old gen allocation rate: 745526505.72B/s, recent marking phase length: 0.00ms
[0.339s][debug][gc,ihop        ] GC(1) Adaptive IHOP information (value update), threshold: 120795955B (52.94), internal target occupancy: 228170137B, occupancy: 34860544B, additional buffer size: 12582912B, predicted old gen allocation rate: 162390021.79B/s, predicted marking phase length: 0.00ms, prediction active: false
[0.339s][debug][gc,ergo,refine ] GC(1) Concurrent refinement times: Logged Cards Scan time goal: 20.00ms Logged Cards Scan time: 0.58ms HCC time: 0.00ms
[0.339s][debug][gc,ergo,refine ] GC(1) Updated Refinement Zones: green: 1238, yellow: 3714, red: 6190
[0.339s][debug][gc,refine      ] Activated worker 0, on threshold: 1750, current: 2218
[0.339s][info ][gc,phases      ] GC(1)   Pre Evacuate Collection Set: 0.3ms
[0.339s][debug][gc,phases      ] GC(1)     Prepare TLABs: 0.0ms
[0.339s][debug][gc,phases      ] GC(1)     Concatenate Dirty Card Logs: 0.0ms
[0.339s][debug][gc,phases      ] GC(1)     Choose Collection Set: 0.0ms
[0.339s][debug][gc,phases      ] GC(1)     Region Register: 0.2ms
[0.339s][debug][gc,phases      ] GC(1)     Prepare Heap Roots: 0.0ms
[0.339s][info ][gc,phases      ] GC(1)   Merge Heap Roots: 0.1ms
[0.339s][debug][gc,phases      ] GC(1)     Prepare Merge Heap Roots: 0.0ms
[0.339s][debug][gc,phases      ] GC(1)     Eager Reclaim (ms):            skipped
[0.339s][debug][gc,phases      ] GC(1)     Remembered Sets (ms):          Min:  0.0, Avg:  0.0, Max:  0.0, Diff:  0.0, Sum:  0.1, Workers: 4
[0.339s][debug][gc,phases      ] GC(1)       Merged Sparse:                 Min: 0, Avg:  0.3, Max: 1, Diff: 1, Sum: 1, Workers: 4
[0.339s][debug][gc,phases      ] GC(1)       Merged Fine:                   Min: 4, Avg:  8.8, Max: 13, Diff: 9, Sum: 35, Workers: 4
[0.339s][debug][gc,phases      ] GC(1)       Merged Coarse:                 Min: 0, Avg:  0.0, Max: 0, Diff: 0, Sum: 0, Workers: 4
[0.339s][debug][gc,phases      ] GC(1)       Dirty Cards:                   Min: 2033, Avg: 2782.0, Max: 3286, Diff: 1253, Sum: 11128, Workers: 4
[0.339s][debug][gc,phases      ] GC(1)     Hot Card Cache (ms):           Min:  0.0, Avg:  0.0, Max:  0.0, Diff:  0.0, Sum:  0.0, Workers: 4
[0.339s][debug][gc,phases      ] GC(1)       Dirty Cards:                   Min: 0, Avg:  0.0, Max: 0, Diff: 0, Sum: 0, Workers: 4
[0.339s][debug][gc,phases      ] GC(1)       Skipped Cards:                 Min: 0, Avg:  0.0, Max: 0, Diff: 0, Sum: 0, Workers: 4
[0.339s][debug][gc,phases      ] GC(1)     Log Buffers (ms):              Min:  0.0, Avg:  0.0, Max:  0.0, Diff:  0.0, Sum:  0.0, Workers: 4
[0.339s][debug][gc,phases      ] GC(1)       Dirty Cards:                   Min: 248, Avg: 386.0, Max: 760, Diff: 512, Sum: 1544, Workers: 4
[0.339s][debug][gc,phases      ] GC(1)       Skipped Cards:                 Min: 0, Avg:  0.0, Max: 0, Diff: 0, Sum: 0, Workers: 4
[0.339s][info ][gc,phases      ] GC(1)   Evacuate Collection Set: 24.1ms
[0.339s][debug][gc,phases      ] GC(1)     Ext Root Scanning (ms):        Min:  0.0, Avg:  0.1, Max:  0.3, Diff:  0.3, Sum:  0.4, Workers: 4
[0.339s][debug][gc,phases      ] GC(1)     Scan Heap Roots (ms):          Min:  3.9, Avg:  4.7, Max:  5.4, Diff:  1.5, Sum: 18.8, Workers: 4
[0.339s][debug][gc,phases      ] GC(1)       Scanned Cards:                 Min: 2715, Avg: 3182.3, Max: 3926, Diff: 1211, Sum: 12729, Workers: 4
[0.340s][debug][gc,phases      ] GC(1)       Scanned Blocks:                Min: 11, Avg: 15.0, Max: 21, Diff: 10, Sum: 60, Workers: 4
[0.340s][debug][gc,phases      ] GC(1)       Claimed Chunks:                Min: 11, Avg: 13.8, Max: 17, Diff: 6, Sum: 55, Workers: 4
[0.340s][debug][gc,phases      ] GC(1)     Code Root Scan (ms):           Min:  0.0, Avg:  0.0, Max:  0.1, Diff:  0.1, Sum:  0.1, Workers: 4
[0.340s][debug][gc,phases      ] GC(1)     Object Copy (ms):              Min: 18.1, Avg: 18.8, Max: 19.5, Diff:  1.4, Sum: 75.3, Workers: 4
[0.340s][debug][gc,phases      ] GC(1)     Termination (ms):              Min:  0.0, Avg:  0.3, Max:  0.4, Diff:  0.4, Sum:  1.1, Workers: 4
[0.340s][debug][gc,phases      ] GC(1)       Termination Attempts:          Min: 1, Avg: 28.0, Max: 57, Diff: 56, Sum: 112, Workers: 4
[0.340s][debug][gc,phases      ] GC(1)     GC Worker Other (ms):          Min:  0.0, Avg:  0.0, Max:  0.0, Diff:  0.0, Sum:  0.1, Workers: 4
[0.340s][debug][gc,phases      ] GC(1)     GC Worker Total (ms):          Min: 23.7, Avg: 24.0, Max: 24.1, Diff:  0.4, Sum: 95.8, Workers: 4
[0.340s][info ][gc,phases      ] GC(1)   Post Evacuate Collection Set: 0.4ms
[0.340s][debug][gc,phases      ] GC(1)     Code Roots Fixup: 0.0ms
[0.340s][debug][gc,phases      ] GC(1)     Reference Processing: 0.1ms
[0.340s][debug][gc,phases,ref  ] GC(1)       Reconsider SoftReferences: 0.0ms
[0.340s][debug][gc,phases,ref  ] GC(1)         SoftRef (ms):                  skipped
[0.340s][debug][gc,phases,ref  ] GC(1)       Notify Soft/WeakReferences: 0.0ms
[0.340s][debug][gc,phases,ref  ] GC(1)         SoftRef (ms):                  skipped
[0.340s][debug][gc,phases,ref  ] GC(1)         WeakRef (ms):                  skipped
[0.340s][debug][gc,phases,ref  ] GC(1)         FinalRef (ms):                 skipped
[0.340s][debug][gc,phases,ref  ] GC(1)         Total (ms):                    skipped
[0.340s][debug][gc,phases,ref  ] GC(1)       Notify and keep alive finalizable: 0.0ms
[0.340s][debug][gc,phases,ref  ] GC(1)         FinalRef (ms):                 skipped
[0.340s][debug][gc,phases,ref  ] GC(1)       Notify PhantomReferences: 0.0ms
[0.340s][debug][gc,phases,ref  ] GC(1)         PhantomRef (ms):               skipped
[0.340s][debug][gc,phases,ref  ] GC(1)       SoftReference:
[0.340s][debug][gc,phases,ref  ] GC(1)         Discovered: 0
[0.340s][debug][gc,phases,ref  ] GC(1)         Cleared: 0
[0.340s][debug][gc,phases,ref  ] GC(1)       WeakReference:
[0.340s][debug][gc,phases,ref  ] GC(1)         Discovered: 0
[0.340s][debug][gc,phases,ref  ] GC(1)         Cleared: 0
[0.340s][debug][gc,phases,ref  ] GC(1)       FinalReference:
[0.340s][debug][gc,phases,ref  ] GC(1)         Discovered: 0
[0.340s][debug][gc,phases,ref  ] GC(1)         Cleared: 0
[0.340s][debug][gc,phases,ref  ] GC(1)       PhantomReference:
[0.340s][debug][gc,phases,ref  ] GC(1)         Discovered: 0
[0.340s][debug][gc,phases,ref  ] GC(1)         Cleared: 0
[0.340s][debug][gc,phases      ] GC(1)     Weak Processing: 0.1ms
[0.340s][debug][gc,phases      ] GC(1)       VM Weak                        Min:  0.0, Avg:  0.0, Max:  0.0, Diff:  0.0, Sum:  0.0, Workers: 3
[0.340s][debug][gc,phases      ] GC(1)         Dead                           Min: 0, Avg:  0.0, Max: 0, Diff: 0, Sum: 0, Workers: 3
[0.340s][debug][gc,phases      ] GC(1)         Total                          Min: 0, Avg:  4.7, Max: 14, Diff: 14, Sum: 14, Workers: 3
[0.340s][debug][gc,phases      ] GC(1)       ObjectSynchronizer Weak        Min:  0.0, Avg:  0.0, Max:  0.0, Diff:  0.0, Sum:  0.0, Workers: 3
[0.340s][debug][gc,phases      ] GC(1)         Dead                           Min: 0, Avg:  0.0, Max: 0, Diff: 0, Sum: 0, Workers: 3
[0.341s][debug][gc,phases      ] GC(1)         Total                          Min: 0, Avg:  1.0, Max: 3, Diff: 3, Sum: 3, Workers: 3
[0.341s][debug][gc,phases      ] GC(1)       JVMTI Tag Weak OopStorage      Min:  0.0, Avg:  0.0, Max:  0.0, Diff:  0.0, Sum:  0.0, Workers: 3
[0.341s][debug][gc,phases      ] GC(1)         Dead                           Min: 0, Avg:  0.0, Max: 0, Diff: 0, Sum: 0, Workers: 3
[0.341s][debug][gc,phases      ] GC(1)         Total                          Min: 0, Avg:  0.0, Max: 0, Diff: 0, Sum: 0, Workers: 3
[0.341s][debug][gc,phases      ] GC(1)       StringTable Weak               Min:  0.0, Avg:  0.0, Max:  0.0, Diff:  0.0, Sum:  0.1, Workers: 3
[0.341s][debug][gc,phases      ] GC(1)         Dead                           Min: 0, Avg:  0.0, Max: 0, Diff: 0, Sum: 0, Workers: 3
[0.341s][debug][gc,phases      ] GC(1)         Total                          Min: 729, Avg: 819.0, Max: 960, Diff: 231, Sum: 2457, Workers: 3
[0.341s][debug][gc,phases      ] GC(1)       ResolvedMethodTable Weak       Min:  0.0, Avg:  0.0, Max:  0.0, Diff:  0.0, Sum:  0.0, Workers: 3
[0.341s][debug][gc,phases      ] GC(1)         Dead                           Min: 0, Avg:  0.0, Max: 0, Diff: 0, Sum: 0, Workers: 3
[0.341s][debug][gc,phases      ] GC(1)         Total                          Min: 9, Avg: 45.7, Max: 64, Diff: 55, Sum: 137, Workers: 3
[0.341s][debug][gc,phases      ] GC(1)       JNI Weak                       Min:  0.0, Avg:  0.0, Max:  0.0, Diff:  0.0, Sum:  0.0, Workers: 3
[0.341s][debug][gc,phases      ] GC(1)         Dead                           Min: 0, Avg:  0.0, Max: 0, Diff: 0, Sum: 0, Workers: 3
[0.341s][debug][gc,phases      ] GC(1)         Total                          Min: 0, Avg:  0.0, Max: 0, Diff: 0, Sum: 0, Workers: 3
[0.341s][debug][gc,phases      ] GC(1)       StringDedup Table Weak         Min:  0.0, Avg:  0.0, Max:  0.0, Diff:  0.0, Sum:  0.0, Workers: 3
[0.341s][debug][gc,phases      ] GC(1)         Dead                           Min: 0, Avg:  0.0, Max: 0, Diff: 0, Sum: 0, Workers: 3
[0.341s][debug][gc,phases      ] GC(1)         Total                          Min: 0, Avg:  0.0, Max: 0, Diff: 0, Sum: 0, Workers: 3
[0.341s][debug][gc,phases      ] GC(1)       StringDedup Requests0 Weak     Min:  0.0, Avg:  0.0, Max:  0.0, Diff:  0.0, Sum:  0.0, Workers: 3
[0.341s][debug][gc,phases      ] GC(1)         Dead                           Min: 0, Avg:  0.0, Max: 0, Diff: 0, Sum: 0, Workers: 3
[0.341s][debug][gc,phases      ] GC(1)         Total                          Min: 0, Avg:  0.0, Max: 0, Diff: 0, Sum: 0, Workers: 3
[0.341s][debug][gc,phases      ] GC(1)       StringDedup Requests1 Weak     Min:  0.0, Avg:  0.0, Max:  0.0, Diff:  0.0, Sum:  0.0, Workers: 3
[0.341s][debug][gc,phases      ] GC(1)         Dead                           Min: 0, Avg:  0.0, Max: 0, Diff: 0, Sum: 0, Workers: 3
[0.341s][debug][gc,phases      ] GC(1)         Total                          Min: 0, Avg:  0.0, Max: 0, Diff: 0, Sum: 0, Workers: 3
[0.341s][debug][gc,phases      ] GC(1)       Weak JFR Old Object Samples    Min:  0.0, Avg:  0.0, Max:  0.0, Diff:  0.0, Sum:  0.0, Workers: 3
[0.341s][debug][gc,phases      ] GC(1)         Dead                           Min: 0, Avg:  0.0, Max: 0, Diff: 0, Sum: 0, Workers: 3
[0.341s][debug][gc,phases      ] GC(1)         Total                          Min: 0, Avg:  0.0, Max: 0, Diff: 0, Sum: 0, Workers: 3
[0.341s][debug][gc,phases      ] GC(1)     Post Evacuate Cleanup 1: 0.0ms
[0.341s][debug][gc,phases      ] GC(1)       Merge Per-Thread State (ms):   Min:  0.0, Avg:  0.0, Max:  0.0, Diff:  0.0, Sum:  0.0, Workers: 1
[0.341s][debug][gc,phases      ] GC(1)         Copied Bytes                   Min: 2261912, Avg: 3136448.0, Max: 4001456, Diff: 1739544, Sum: 12545792, Workers: 4
[0.341s][debug][gc,phases      ] GC(1)         LAB Waste                      Min: 248, Avg: 356.0, Max: 512, Diff: 264, Sum: 1424, Workers: 4
[0.341s][debug][gc,phases      ] GC(1)         LAB Undo Waste                 Min: 0, Avg:  0.0, Max: 0, Diff: 0, Sum: 0, Workers: 4
[0.341s][debug][gc,phases      ] GC(1)       Clear Logged Cards (ms):       Min:  0.0, Avg:  0.0, Max:  0.0, Diff:  0.0, Sum:  0.0, Workers: 3
[0.341s][debug][gc,phases      ] GC(1)       Recalculate Used Memory (ms):  Min:  0.0, Avg:  0.0, Max:  0.0, Diff:  0.0, Sum:  0.0, Workers: 1
[0.341s][debug][gc,phases      ] GC(1)     Post Evacuate Cleanup 2: 0.1ms
[0.341s][debug][gc,phases      ] GC(1)       Reset Hot Card Cache (ms):     Min:  0.0, Avg:  0.0, Max:  0.0, Diff:  0.0, Sum:  0.0, Workers: 1
[0.341s][debug][gc,phases      ] GC(1)       Purge Code Roots (ms):         Min:  0.0, Avg:  0.0, Max:  0.0, Diff:  0.0, Sum:  0.0, Workers: 1
[0.341s][debug][gc,phases      ] GC(1)       Update Derived Pointers (ms):  Min:  0.0, Avg:  0.0, Max:  0.0, Diff:  0.0, Sum:  0.0, Workers: 1
[0.342s][debug][gc,phases      ] GC(1)       Eagerly Reclaim Humongous Objects (ms): Min:  0.0, Avg:  0.0, Max:  0.0, Diff:  0.0, Sum:  0.0, Workers: 1
[0.342s][debug][gc,phases      ] GC(1)         Humongous Total                Min: 6, Avg:  6.0, Max: 6, Diff: 0, Sum: 6, Workers: 1
[0.342s][debug][gc,phases      ] GC(1)         Humongous Candidates           Min: 0, Avg:  0.0, Max: 0, Diff: 0, Sum: 0, Workers: 1
[0.342s][debug][gc,phases      ] GC(1)         Humongous Reclaimed            Min: 0, Avg:  0.0, Max: 0, Diff: 0, Sum: 0, Workers: 1
[0.342s][debug][gc,phases      ] GC(1)       Redirty Logged Cards (ms):     Min:  0.0, Avg:  0.0, Max:  0.0, Diff:  0.0, Sum:  0.0, Workers: 4
[0.342s][debug][gc,phases      ] GC(1)         Redirtied Cards:               Min: 0, Avg: 554.5, Max: 1024, Diff: 1024, Sum: 2218, Workers: 4
[0.342s][debug][gc,phases      ] GC(1)       Free Collection Set (ms):      Min:  0.0, Avg:  0.0, Max:  0.0, Diff:  0.0, Sum:  0.0, Workers: 4
[0.342s][debug][gc,phases      ] GC(1)     Rebuild Free List: 0.1ms
[0.342s][debug][gc,phases      ] GC(1)     Start New Collection Set: 0.0ms
[0.342s][debug][gc,phases      ] GC(1)     Resize TLABs: 0.0ms
[0.342s][debug][gc,phases      ] GC(1)     Expand Heap After Collection: 0.0ms
[0.342s][info ][gc,phases      ] GC(1)   Other: 0.7ms
[0.342s][info ][gc,heap        ] GC(1) Eden regions: 10->0(10)
[0.342s][info ][gc,heap        ] GC(1) Survivor regions: 2->2(2)
[0.342s][info ][gc,heap        ] GC(1) Old regions: 5->16
[0.342s][info ][gc,heap        ] GC(1) Archive regions: 0->0
[0.342s][info ][gc,heap        ] GC(1) Humongous regions: 16->16
[0.342s][info ][gc,metaspace   ] GC(1) Metaspace: 482K(640K)->482K(640K) NonClass: 446K(512K)->446K(512K) Class: 36K(128K)->36K(128K)
[0.342s][debug][gc,heap        ] GC(1) Heap after GC invocations=2 (full 0):
[0.342s][debug][gc,heap        ] GC(1)  garbage-first heap   total 262144K, used 34043K [0x00000000f0000000, 0x0000000100000000)
[0.342s][debug][gc,heap        ] GC(1)   region size 1024K, 2 young (2048K), 2 survivors (2048K)
[0.342s][debug][gc,heap        ] GC(1)  Metaspace       used 482K, committed 640K, reserved 1056768K
[0.342s][debug][gc,heap        ] GC(1)   class space    used 36K, committed 128K, reserved 1048576K
[0.342s][info ][gc             ] GC(1) Pause Young (Normal) (G1 Evacuation Pause) 32M->33M(256M) 28.867ms
[0.342s][info ][gc,cpu         ] GC(1) User=0.13s Sys=0.00s Real=0.03s
[0.342s][debug][gc,task        ] G1 Service Thread (Remembered Set Sampling Task) (run) 4.354ms (cpu: 0.000ms)
[0.343s][debug][gc,refine      ] Deactivated worker 0, off threshold: 1238, current: 1020, refined cards: 1454
[0.346s][debug][gc,refine      ] Activated worker 0, on threshold: 1750, current: 1788
[0.346s][debug][gc,refine      ] Deactivated worker 0, off threshold: 1238, current: 1024, refined cards: 764
[0.352s][debug][gc,refine      ] Activated worker 0, on threshold: 1750, current: 3584
[0.352s][debug][gc,refine      ] Activated worker 1, on threshold: 2476, current: 5888
[0.352s][debug][gc,refine      ] Activated worker 2, on threshold: 3095, current: 5632
[0.352s][debug][gc,refine      ] Activated worker 3, on threshold: 3714, current: 5376
[0.352s][debug][gc,refine      ] Deactivated worker 3, off threshold: 3095, current: 2304, refined cards: 768
[0.353s][debug][gc,refine      ] Activated worker 3, on threshold: 3714, current: 5888
[0.354s][debug][gc,refine      ] Deactivated worker 3, off threshold: 3095, current: 2304, refined cards: 1024
[0.354s][debug][gc,refine      ] Deactivated worker 2, off threshold: 2476, current: 2048, refined cards: 2048
[0.354s][debug][gc,refine      ] Deactivated worker 1, off threshold: 1857, current: 1792, refined cards: 2304
[0.355s][debug][gc,refine      ] Deactivated worker 0, off threshold: 1238, current: 1024, refined cards: 3584
[0.357s][debug][gc,refine      ] Activated worker 0, on threshold: 1750, current: 1792
[0.357s][debug][gc,refine      ] Deactivated worker 0, off threshold: 1238, current: 1024, refined cards: 768
[0.359s][debug][gc,refine      ] Activated worker 0, on threshold: 1750, current: 1792
[0.360s][debug][gc,refine      ] Deactivated worker 0, off threshold: 1238, current: 1024, refined cards: 1024
[0.362s][debug][gc,refine      ] Activated worker 0, on threshold: 1750, current: 1792
[0.363s][debug][gc,refine      ] Deactivated worker 0, off threshold: 1238, current: 1024, refined cards: 1024
[0.364s][debug][gc,refine      ] Activated worker 0, on threshold: 1750, current: 1792
[0.364s][debug][gc,heap        ] GC(2) Heap before GC invocations=2 (full 0):
[0.364s][debug][gc,heap        ] GC(2)  garbage-first heap   total 262144K, used 51451K [0x00000000f0000000, 0x0000000100000000)
[0.364s][debug][gc,heap        ] GC(2)   region size 1024K, 12 young (12288K), 2 survivors (2048K)
[0.364s][debug][gc,heap        ] GC(2)  Metaspace       used 482K, committed 640K, reserved 1056768K
[0.365s][debug][gc,heap        ] GC(2)   class space    used 36K, committed 128K, reserved 1048576K
[0.365s][info ][gc,start       ] GC(2) Pause Young (Normal) (G1 Evacuation Pause)
[0.365s][info ][gc,task        ] GC(2) Using 4 workers of 4 for evacuation
[0.365s][debug][gc,tlab        ] GC(2) TLAB totals: thrds: 1  refills: 60 max: 60 slow allocs: 1 max 1 waste:  0.3% gc: 0B max: 0B slow: 34560B max: 34560B
[0.365s][debug][gc,age         ] GC(2) Desired survivor size 1048576 bytes, new threshold 1 (max threshold 15)
[0.365s][debug][gc,refine,stats] GC(2) Mutator refinement: 1.04ms, refined: 256, precleaned: 0, dirtied: 14602
[0.365s][debug][gc,refine,stats] GC(2) Concurrent refinement: 13.62ms, refined: 14762, precleaned: 0, dirtied: 0
[0.365s][debug][gc,refine,stats] GC(2) Total refinement: 14.66ms, refined: 15018, precleaned: 0, dirtied: 14602
[0.365s][debug][gc,refine,stats] GC(2) Concurrent refinement rate: 1024.37 cards/ms
[0.365s][debug][gc,refine,stats] GC(2) Generate dirty cards rate: 560.46 cards/ms
[0.365s][debug][gc,alloc,region] GC(2) Mutator Allocation stats, regions: 10, wasted size: 0B ( 0.0%)
[0.365s][debug][gc,humongous   ] GC(2) Humongous region 0 (object size 640280 @ 0x00000000f0000000) remset 0 code roots 0 marked 0 reclaim candidate 0 type array 0
[0.365s][debug][gc,humongous   ] GC(2) Humongous region 4 (object size 2160888 @ 0x00000000f0400000) remset 0 code roots 0 marked 0 reclaim candidate 0 type array 0
[0.365s][debug][gc,humongous   ] GC(2) Humongous region 1 (object size 960408 @ 0x00000000f0100000) remset 0 code roots 0 marked 0 reclaim candidate 0 type array 0
[0.365s][debug][gc,humongous   ] GC(2) Humongous region 2 (object size 1440600 @ 0x00000000f0200000) remset 0 code roots 0 marked 0 reclaim candidate 0 type array 0
[0.365s][debug][gc,humongous   ] GC(2) Humongous region 12 (object size 3241320 @ 0x00000000f0c00000) remset 0 code roots 0 marked 0 reclaim candidate 0 type array 0
[0.365s][debug][gc,humongous   ] GC(2) Humongous region 16 (object size 4861968 @ 0x00000000f1000000) remset 1 code roots 0 marked 0 reclaim candidate 0 type array 0
[0.365s][debug][gc,humongous   ] GC(2) Humongous region 32 (object size 7292936 @ 0x00000000f2000000) remset 1 code roots 0 marked 0 reclaim candidate 0 type array 0
[0.365s][debug][gc,ergo        ] GC(2) Running G1 Merge Heap Roots using 4 workers for 12 regions
[0.365s][debug][gc,remset      ] GC(2) Visited cards 13824 Total dirty 30720 (45.00%) Total old 129024 (10.71%)
[0.388s][debug][gc,ref         ] GC(2) Skipped phase 1 of Reference Processing: no references
[0.388s][debug][gc,ref         ] GC(2) Skipped phase 2 of Reference Processing: no references
[0.388s][debug][gc,ref         ] GC(2) Skipped phase 3 of Reference Processing: no references
[0.388s][debug][gc,ref         ] GC(2) Skipped phase 4 of Reference Processing: no references
[0.388s][debug][gc,ergo        ] GC(2) Running G1 Rebuild Free List Task using 4 workers for rebuilding free list of regions
[0.388s][debug][gc,plab        ] GC(2) Young PLAB allocation: allocated: 2097152B, wasted: 512B, unused: 0B, used: 2096640B, undo waste: 0B, 
[0.388s][debug][gc,plab        ] GC(2) Young other allocation: region end waste: 0B, regions filled: 2, direct allocated: 0B, failure used: 0B, failure wasted: 0B
[0.388s][debug][gc,plab        ] GC(2) Young sizing: calculated: 419328B, actual: 418584B
[0.388s][debug][gc,plab        ] GC(2) Old PLAB allocation: allocated: 11140560B, wasted: 576B, unused: 688624B, used: 10451360B, undo waste: 0B, 
[0.388s][debug][gc,plab        ] GC(2) Old other allocation: region end waste: 0B, regions filled: 11, direct allocated: 0B, failure used: 0B, failure wasted: 0B
[0.388s][debug][gc,plab        ] GC(2) Old sizing: calculated: 2090272B, actual: 2023872B
[0.388s][debug][gc,ergo,heap   ] GC(2) Heap expansion: short term pause time ratio 48.16% long term pause time ratio 7.83% threshold 7.69% pause time ratio 7.69% fully expanded true resize by 0B
[0.388s][debug][gc,mmu         ] GC(2) MMU: 78.8ms (200.0ms/201.0ms)
[0.388s][debug][gc,alloc,stats ] Old generation allocation in the last mutator period, old gen allocated: 11140560B, humongous allocated: 7340032B,old gen growth: 18480592B.
[0.388s][debug][gc,ihop        ] GC(2) Basic information (value update), threshold: 120795955B (45.00), target occupancy: 268435456B, current occupancy: 53341184B, recent allocation size: 18480592B, recent allocation duration: 26.05ms, recent old gen allocation rate: 709329689.56B/s, recent marking phase length: 0.00ms
[0.388s][debug][gc,ihop        ] GC(2) Adaptive IHOP information (value update), threshold: 120795955B (52.94), internal target occupancy: 228170137B, occupancy: 53341184B, additional buffer size: 12582912B, predicted old gen allocation rate: 218082742.19B/s, predicted marking phase length: 0.00ms, prediction active: false
[0.388s][debug][gc,ergo,refine ] GC(2) Concurrent refinement times: Logged Cards Scan time goal: 20.00ms Logged Cards Scan time: 0.71ms HCC time: 0.00ms
[0.388s][debug][gc,ergo,refine ] GC(2) Updated Refinement Zones: green: 1361, yellow: 4083, red: 6805
[0.388s][info ][gc,phases      ] GC(2)   Pre Evacuate Collection Set: 0.3ms
[0.388s][debug][gc,phases      ] GC(2)     Prepare TLABs: 0.0ms
[0.388s][debug][gc,phases      ] GC(2)     Concatenate Dirty Card Logs: 0.0ms
[0.388s][debug][gc,phases      ] GC(2)     Choose Collection Set: 0.0ms
[0.388s][debug][gc,phases      ] GC(2)     Region Register: 0.3ms
[0.389s][debug][gc,phases      ] GC(2)     Prepare Heap Roots: 0.0ms
[0.389s][info ][gc,phases      ] GC(2)   Merge Heap Roots: 0.1ms
[0.389s][debug][gc,phases      ] GC(2)     Prepare Merge Heap Roots: 0.0ms
[0.389s][debug][gc,phases      ] GC(2)     Eager Reclaim (ms):            skipped
[0.389s][debug][gc,phases      ] GC(2)     Remembered Sets (ms):          Min:  0.0, Avg:  0.0, Max:  0.0, Diff:  0.0, Sum:  0.1, Workers: 4
[0.389s][debug][gc,phases      ] GC(2)       Merged Sparse:                 Min: 0, Avg:  0.0, Max: 0, Diff: 0, Sum: 0, Workers: 4
[0.389s][debug][gc,phases      ] GC(2)       Merged Fine:                   Min: 5, Avg:  7.8, Max: 13, Diff: 8, Sum: 31, Workers: 4
[0.389s][debug][gc,phases      ] GC(2)       Merged Coarse:                 Min: 0, Avg:  0.0, Max: 0, Diff: 0, Sum: 0, Workers: 4
[0.389s][debug][gc,phases      ] GC(2)       Dirty Cards:                   Min: 1445, Avg: 1979.5, Max: 2803, Diff: 1358, Sum: 7918, Workers: 4
[0.389s][debug][gc,phases      ] GC(2)     Hot Card Cache (ms):           Min:  0.0, Avg:  0.0, Max:  0.0, Diff:  0.0, Sum:  0.0, Workers: 4
[0.389s][debug][gc,phases      ] GC(2)       Dirty Cards:                   Min: 0, Avg:  0.0, Max: 0, Diff: 0, Sum: 0, Workers: 4
[0.389s][debug][gc,phases      ] GC(2)       Skipped Cards:                 Min: 0, Avg:  0.0, Max: 0, Diff: 0, Sum: 0, Workers: 4
[0.389s][debug][gc,phases      ] GC(2)     Log Buffers (ms):              Min:  0.0, Avg:  0.0, Max:  0.0, Diff:  0.0, Sum:  0.0, Workers: 4
[0.389s][debug][gc,phases      ] GC(2)       Dirty Cards:                   Min: 0, Avg: 444.5, Max: 770, Diff: 770, Sum: 1778, Workers: 4
[0.389s][debug][gc,phases      ] GC(2)       Skipped Cards:                 Min: 0, Avg:  0.0, Max: 0, Diff: 0, Sum: 0, Workers: 4
[0.389s][info ][gc,phases      ] GC(2)   Evacuate Collection Set: 22.4ms
[0.389s][debug][gc,phases      ] GC(2)     Ext Root Scanning (ms):        Min:  0.0, Avg:  0.0, Max:  0.0, Diff:  0.0, Sum:  0.1, Workers: 4
[0.389s][debug][gc,phases      ] GC(2)     Scan Heap Roots (ms):          Min:  2.9, Avg:  3.9, Max:  4.7, Diff:  1.8, Sum: 15.5, Workers: 4
[0.389s][debug][gc,phases      ] GC(2)       Scanned Cards:                 Min: 2146, Avg: 2437.5, Max: 2994, Diff: 848, Sum: 9750, Workers: 4
[0.389s][debug][gc,phases      ] GC(2)       Scanned Blocks:                Min: 10, Avg: 13.5, Max: 18, Diff: 8, Sum: 54, Workers: 4
[0.389s][debug][gc,phases      ] GC(2)       Claimed Chunks:                Min: 10, Avg: 13.5, Max: 18, Diff: 8, Sum: 54, Workers: 4
[0.389s][debug][gc,phases      ] GC(2)     Code Root Scan (ms):           Min:  0.0, Avg:  0.0, Max:  0.0, Diff:  0.0, Sum:  0.0, Workers: 4
[0.389s][debug][gc,phases      ] GC(2)     Object Copy (ms):              Min: 17.6, Avg: 18.4, Max: 19.3, Diff:  1.8, Sum: 73.6, Workers: 4
[0.389s][debug][gc,phases      ] GC(2)     Termination (ms):              Min:  0.0, Avg:  0.0, Max:  0.0, Diff:  0.0, Sum:  0.1, Workers: 4
[0.389s][debug][gc,phases      ] GC(2)       Termination Attempts:          Min: 1, Avg:  6.8, Max: 11, Diff: 10, Sum: 27, Workers: 4
[0.389s][debug][gc,phases      ] GC(2)     GC Worker Other (ms):          Min:  0.0, Avg:  0.0, Max:  0.0, Diff:  0.0, Sum:  0.0, Workers: 4
[0.389s][debug][gc,phases      ] GC(2)     GC Worker Total (ms):          Min: 22.3, Avg: 22.3, Max: 22.3, Diff:  0.0, Sum: 89.3, Workers: 4
[0.389s][info ][gc,phases      ] GC(2)   Post Evacuate Collection Set: 0.4ms
[0.389s][debug][gc,phases      ] GC(2)     Code Roots Fixup: 0.0ms
[0.389s][debug][gc,phases      ] GC(2)     Reference Processing: 0.2ms
[0.389s][debug][gc,phases,ref  ] GC(2)       Reconsider SoftReferences: 0.1ms
[0.389s][debug][gc,phases,ref  ] GC(2)         SoftRef (ms):                  skipped
[0.389s][debug][gc,phases,ref  ] GC(2)       Notify Soft/WeakReferences: 0.1ms
[0.389s][debug][gc,phases,ref  ] GC(2)         SoftRef (ms):                  skipped
[0.389s][debug][gc,phases,ref  ] GC(2)         WeakRef (ms):                  skipped
[0.389s][debug][gc,phases,ref  ] GC(2)         FinalRef (ms):                 skipped
[0.389s][debug][gc,phases,ref  ] GC(2)         Total (ms):                    skipped
[0.389s][debug][gc,phases,ref  ] GC(2)       Notify and keep alive finalizable: 0.0ms
[0.389s][debug][gc,phases,ref  ] GC(2)         FinalRef (ms):                 skipped
[0.389s][debug][gc,phases,ref  ] GC(2)       Notify PhantomReferences: 0.0ms
[0.389s][debug][gc,phases,ref  ] GC(2)         PhantomRef (ms):               skipped
[0.389s][debug][gc,phases,ref  ] GC(2)       SoftReference:
[0.389s][debug][gc,phases,ref  ] GC(2)         Discovered: 0
[0.389s][debug][gc,phases,ref  ] GC(2)         Cleared: 0
[0.389s][debug][gc,phases,ref  ] GC(2)       WeakReference:
[0.389s][debug][gc,phases,ref  ] GC(2)         Discovered: 0
[0.389s][debug][gc,phases,ref  ] GC(2)         Cleared: 0
[0.389s][debug][gc,phases,ref  ] GC(2)       FinalReference:
[0.389s][debug][gc,phases,ref  ] GC(2)         Discovered: 0
[0.389s][debug][gc,phases,ref  ] GC(2)         Cleared: 0
[0.389s][debug][gc,phases,ref  ] GC(2)       PhantomReference:
[0.389s][debug][gc,phases,ref  ] GC(2)         Discovered: 0
[0.389s][debug][gc,phases,ref  ] GC(2)         Cleared: 0
[0.389s][debug][gc,phases      ] GC(2)     Weak Processing: 0.1ms
[0.390s][debug][gc,phases      ] GC(2)       VM Weak                        Min:  0.0, Avg:  0.0, Max:  0.0, Diff:  0.0, Sum:  0.0, Workers: 3
[0.390s][debug][gc,phases      ] GC(2)         Dead                           Min: 0, Avg:  0.0, Max: 0, Diff: 0, Sum: 0, Workers: 3
[0.390s][debug][gc,phases      ] GC(2)         Total                          Min: 0, Avg:  4.7, Max: 14, Diff: 14, Sum: 14, Workers: 3
[0.390s][debug][gc,phases      ] GC(2)       ObjectSynchronizer Weak        Min:  0.0, Avg:  0.0, Max:  0.0, Diff:  0.0, Sum:  0.0, Workers: 3
[0.390s][debug][gc,phases      ] GC(2)         Dead                           Min: 0, Avg:  0.0, Max: 0, Diff: 0, Sum: 0, Workers: 3
[0.390s][debug][gc,phases      ] GC(2)         Total                          Min: 0, Avg:  1.0, Max: 3, Diff: 3, Sum: 3, Workers: 3
[0.390s][debug][gc,phases      ] GC(2)       JVMTI Tag Weak OopStorage      Min:  0.0, Avg:  0.0, Max:  0.0, Diff:  0.0, Sum:  0.0, Workers: 3
[0.390s][debug][gc,phases      ] GC(2)         Dead                           Min: 0, Avg:  0.0, Max: 0, Diff: 0, Sum: 0, Workers: 3
[0.390s][debug][gc,phases      ] GC(2)         Total                          Min: 0, Avg:  0.0, Max: 0, Diff: 0, Sum: 0, Workers: 3
[0.390s][debug][gc,phases      ] GC(2)       StringTable Weak               Min:  0.0, Avg:  0.0, Max:  0.0, Diff:  0.0, Sum:  0.0, Workers: 3
[0.390s][debug][gc,phases      ] GC(2)         Dead                           Min: 0, Avg:  0.0, Max: 0, Diff: 0, Sum: 0, Workers: 3
[0.390s][debug][gc,phases      ] GC(2)         Total                          Min: 0, Avg: 819.0, Max: 1561, Diff: 1561, Sum: 2457, Workers: 3
[0.390s][debug][gc,phases      ] GC(2)       ResolvedMethodTable Weak       Min:  0.0, Avg:  0.0, Max:  0.0, Diff:  0.0, Sum:  0.0, Workers: 3
[0.390s][debug][gc,phases      ] GC(2)         Dead                           Min: 0, Avg:  0.0, Max: 0, Diff: 0, Sum: 0, Workers: 3
[0.390s][debug][gc,phases      ] GC(2)         Total                          Min: 0, Avg: 45.7, Max: 137, Diff: 137, Sum: 137, Workers: 3
[0.390s][debug][gc,phases      ] GC(2)       JNI Weak                       Min:  0.0, Avg:  0.0, Max:  0.0, Diff:  0.0, Sum:  0.0, Workers: 3
[0.390s][debug][gc,phases      ] GC(2)         Dead                           Min: 0, Avg:  0.0, Max: 0, Diff: 0, Sum: 0, Workers: 3
[0.390s][debug][gc,phases      ] GC(2)         Total                          Min: 0, Avg:  0.0, Max: 0, Diff: 0, Sum: 0, Workers: 3
[0.390s][debug][gc,phases      ] GC(2)       StringDedup Table Weak         Min:  0.0, Avg:  0.0, Max:  0.0, Diff:  0.0, Sum:  0.0, Workers: 3
[0.390s][debug][gc,phases      ] GC(2)         Dead                           Min: 0, Avg:  0.0, Max: 0, Diff: 0, Sum: 0, Workers: 3
[0.390s][debug][gc,phases      ] GC(2)         Total                          Min: 0, Avg:  0.0, Max: 0, Diff: 0, Sum: 0, Workers: 3
[0.390s][debug][gc,phases      ] GC(2)       StringDedup Requests0 Weak     Min:  0.0, Avg:  0.0, Max:  0.0, Diff:  0.0, Sum:  0.0, Workers: 3
[0.390s][debug][gc,phases      ] GC(2)         Dead                           Min: 0, Avg:  0.0, Max: 0, Diff: 0, Sum: 0, Workers: 3
[0.390s][debug][gc,phases      ] GC(2)         Total                          Min: 0, Avg:  0.0, Max: 0, Diff: 0, Sum: 0, Workers: 3
[0.390s][debug][gc,phases      ] GC(2)       StringDedup Requests1 Weak     Min:  0.0, Avg:  0.0, Max:  0.0, Diff:  0.0, Sum:  0.0, Workers: 3
[0.390s][debug][gc,phases      ] GC(2)         Dead                           Min: 0, Avg:  0.0, Max: 0, Diff: 0, Sum: 0, Workers: 3
[0.390s][debug][gc,phases      ] GC(2)         Total                          Min: 0, Avg:  0.0, Max: 0, Diff: 0, Sum: 0, Workers: 3
[0.390s][debug][gc,phases      ] GC(2)       Weak JFR Old Object Samples    Min:  0.0, Avg:  0.0, Max:  0.0, Diff:  0.0, Sum:  0.0, Workers: 3
[0.390s][debug][gc,phases      ] GC(2)         Dead                           Min: 0, Avg:  0.0, Max: 0, Diff: 0, Sum: 0, Workers: 3
[0.390s][debug][gc,phases      ] GC(2)         Total                          Min: 0, Avg:  0.0, Max: 0, Diff: 0, Sum: 0, Workers: 3
[0.390s][debug][gc,phases      ] GC(2)     Post Evacuate Cleanup 1: 0.0ms
[0.390s][debug][gc,phases      ] GC(2)       Merge Per-Thread State (ms):   Min:  0.0, Avg:  0.0, Max:  0.0, Diff:  0.0, Sum:  0.0, Workers: 1
[0.390s][debug][gc,phases      ] GC(2)         Copied Bytes                   Min: 2465776, Avg: 3137000.0, Max: 3690880, Diff: 1225104, Sum: 12548000, Workers: 4
[0.390s][debug][gc,phases      ] GC(2)         LAB Waste                      Min: 168, Avg: 272.0, Max: 416, Diff: 248, Sum: 1088, Workers: 4
[0.390s][debug][gc,phases      ] GC(2)         LAB Undo Waste                 Min: 0, Avg:  0.0, Max: 0, Diff: 0, Sum: 0, Workers: 4
[0.390s][debug][gc,phases      ] GC(2)       Clear Logged Cards (ms):       Min:  0.0, Avg:  0.0, Max:  0.0, Diff:  0.0, Sum:  0.0, Workers: 3
[0.390s][debug][gc,phases      ] GC(2)       Recalculate Used Memory (ms):  Min:  0.0, Avg:  0.0, Max:  0.0, Diff:  0.0, Sum:  0.0, Workers: 1
[0.390s][debug][gc,phases      ] GC(2)     Post Evacuate Cleanup 2: 0.1ms
[0.390s][debug][gc,phases      ] GC(2)       Reset Hot Card Cache (ms):     Min:  0.0, Avg:  0.0, Max:  0.0, Diff:  0.0, Sum:  0.0, Workers: 1
[0.390s][debug][gc,phases      ] GC(2)       Purge Code Roots (ms):         Min:  0.0, Avg:  0.0, Max:  0.0, Diff:  0.0, Sum:  0.0, Workers: 1
[0.390s][debug][gc,phases      ] GC(2)       Update Derived Pointers (ms):  Min:  0.0, Avg:  0.0, Max:  0.0, Diff:  0.0, Sum:  0.0, Workers: 1
[0.390s][debug][gc,phases      ] GC(2)       Eagerly Reclaim Humongous Objects (ms): Min:  0.0, Avg:  0.0, Max:  0.0, Diff:  0.0, Sum:  0.0, Workers: 1
[0.390s][debug][gc,phases      ] GC(2)         Humongous Total                Min: 7, Avg:  7.0, Max: 7, Diff: 0, Sum: 7, Workers: 1
[0.390s][debug][gc,phases      ] GC(2)         Humongous Candidates           Min: 0, Avg:  0.0, Max: 0, Diff: 0, Sum: 0, Workers: 1
[0.390s][debug][gc,phases      ] GC(2)         Humongous Reclaimed            Min: 0, Avg:  0.0, Max: 0, Diff: 0, Sum: 0, Workers: 1
[0.390s][debug][gc,phases      ] GC(2)       Redirty Logged Cards (ms):     Min:  0.0, Avg:  0.0, Max:  0.0, Diff:  0.0, Sum:  0.0, Workers: 4
[0.390s][debug][gc,phases      ] GC(2)         Redirtied Cards:               Min: 0, Avg: 306.0, Max: 771, Diff: 771, Sum: 1224, Workers: 4
[0.390s][debug][gc,phases      ] GC(2)       Free Collection Set (ms):      Min:  0.0, Avg:  0.0, Max:  0.0, Diff:  0.0, Sum:  0.0, Workers: 4
[0.390s][debug][gc,phases      ] GC(2)     Rebuild Free List: 0.1ms
[0.390s][debug][gc,phases      ] GC(2)     Start New Collection Set: 0.0ms
[0.390s][debug][gc,phases      ] GC(2)     Resize TLABs: 0.0ms
[0.390s][debug][gc,phases      ] GC(2)     Expand Heap After Collection: 0.0ms
[0.390s][info ][gc,phases      ] GC(2)   Other: 0.7ms
[0.390s][info ][gc,heap        ] GC(2) Eden regions: 10->0(10)
[0.390s][info ][gc,heap        ] GC(2) Survivor regions: 2->2(2)
[0.390s][info ][gc,heap        ] GC(2) Old regions: 16->26
[0.390s][info ][gc,heap        ] GC(2) Archive regions: 0->0
[0.390s][info ][gc,heap        ] GC(2) Humongous regions: 23->23
[0.391s][info ][gc,metaspace   ] GC(2) Metaspace: 482K(640K)->482K(640K) NonClass: 446K(512K)->446K(512K) Class: 36K(128K)->36K(128K)
[0.391s][debug][gc,heap        ] GC(2) Heap after GC invocations=3 (full 0):
[0.391s][debug][gc,heap        ] GC(2)  garbage-first heap   total 262144K, used 52091K [0x00000000f0000000, 0x0000000100000000)
[0.391s][debug][gc,heap        ] GC(2)   region size 1024K, 2 young (2048K), 2 survivors (2048K)
[0.391s][debug][gc,heap        ] GC(2)  Metaspace       used 482K, committed 640K, reserved 1056768K
[0.391s][debug][gc,heap        ] GC(2)   class space    used 36K, committed 128K, reserved 1048576K
[0.391s][info ][gc             ] GC(2) Pause Young (Normal) (G1 Evacuation Pause) 50M->50M(256M) 26.081ms
[0.391s][info ][gc,cpu         ] GC(2) User=0.13s Sys=0.00s Real=0.03s
[0.391s][debug][gc,refine      ] Deactivated worker 0, off threshold: 1361, current: 1224, refined cards: 0
[0.393s][debug][gc,refine      ] Activated worker 0, on threshold: 1873, current: 1992
[0.393s][debug][gc,refine      ] Deactivated worker 0, off threshold: 1361, current: 1327, refined cards: 665
[0.400s][debug][gc,refine      ] Activated worker 0, on threshold: 1873, current: 3375
[0.400s][debug][gc,refine      ] Activated worker 1, on threshold: 2722, current: 6606
[0.400s][debug][gc,refine      ] Activated worker 2, on threshold: 3403, current: 6400
[0.400s][debug][gc,refine      ] Activated worker 3, on threshold: 4083, current: 6144
[0.401s][debug][gc,refine      ] Deactivated worker 3, off threshold: 3402, current: 3072, refined cards: 768
[0.401s][debug][gc,refine      ] Activated worker 3, on threshold: 4083, current: 6144
[0.402s][debug][gc,refine      ] Deactivated worker 3, off threshold: 3402, current: 3072, refined cards: 768
[0.402s][debug][gc,refine      ] Activated worker 3, on threshold: 4083, current: 6144
[0.403s][debug][gc,refine      ] Deactivated worker 3, off threshold: 3402, current: 3072, refined cards: 768
[0.403s][debug][gc,refine      ] Deactivated worker 2, off threshold: 2722, current: 2560, refined cards: 3072
[0.403s][debug][gc,refine      ] Deactivated worker 1, off threshold: 2041, current: 1536, refined cards: 3790
[0.404s][debug][gc,refine      ] Deactivated worker 0, off threshold: 1361, current: 1280, refined cards: 4805
[0.405s][debug][gc,refine      ] Activated worker 0, on threshold: 1873, current: 2048
[0.406s][debug][gc,refine      ] Deactivated worker 0, off threshold: 1361, current: 1280, refined cards: 768
[0.407s][debug][gc,refine      ] Activated worker 0, on threshold: 1873, current: 2048
[0.408s][debug][gc,refine      ] Deactivated worker 0, off threshold: 1361, current: 1280, refined cards: 1024
[0.409s][debug][gc,refine      ] Activated worker 0, on threshold: 1873, current: 2048
[0.410s][debug][gc,refine      ] Deactivated worker 0, off threshold: 1361, current: 1280, refined cards: 768
[0.412s][debug][gc,refine      ] Activated worker 0, on threshold: 1873, current: 2048
[0.412s][debug][gc,refine      ] Deactivated worker 0, off threshold: 1361, current: 1280, refined cards: 768
[0.413s][debug][gc,heap        ] GC(3) Heap before GC invocations=3 (full 0):
[0.413s][debug][gc,heap        ] GC(3)  garbage-first heap   total 262144K, used 73595K [0x00000000f0000000, 0x0000000100000000)
[0.413s][debug][gc,heap        ] GC(3)   region size 1024K, 12 young (12288K), 2 survivors (2048K)
[0.413s][debug][gc,heap        ] GC(3)  Metaspace       used 482K, committed 640K, reserved 1056768K
[0.413s][debug][gc,heap        ] GC(3)   class space    used 36K, committed 128K, reserved 1048576K
[0.413s][info ][gc,start       ] GC(3) Pause Young (Normal) (G1 Evacuation Pause)
[0.413s][info ][gc,task        ] GC(3) Using 4 workers of 4 for evacuation
[0.413s][debug][gc,tlab        ] GC(3) TLAB totals: thrds: 1  refills: 60 max: 60 slow allocs: 1 max 1 waste:  0.3% gc: 0B max: 0B slow: 34560B max: 34560B
[0.413s][debug][gc,age         ] GC(3) Desired survivor size 1048576 bytes, new threshold 1 (max threshold 15)
[0.413s][debug][gc,refine      ] Activated worker 0, on threshold: 1873, current: 1941
[0.413s][debug][gc,refine,stats] GC(3) Mutator refinement: 2.86ms, refined: 668, precleaned: 0, dirtied: 19349
[0.413s][debug][gc,refine,stats] GC(3) Concurrent refinement: 14.82ms, refined: 17964, precleaned: 0, dirtied: 0
[0.413s][debug][gc,refine,stats] GC(3) Total refinement: 17.68ms, refined: 18632, precleaned: 0, dirtied: 19349
[0.414s][debug][gc,refine,stats] GC(3) Concurrent refinement rate: 1053.76 cards/ms
[0.414s][debug][gc,refine,stats] GC(3) Generate dirty cards rate: 765.96 cards/ms
[0.414s][debug][gc,alloc,region] GC(3) Mutator Allocation stats, regions: 10, wasted size: 0B ( 0.0%)
[0.414s][debug][gc,humongous   ] GC(3) Humongous region 0 (object size 640280 @ 0x00000000f0000000) remset 0 code roots 0 marked 0 reclaim candidate 0 type array 0
[0.414s][debug][gc,humongous   ] GC(3) Humongous region 4 (object size 2160888 @ 0x00000000f0400000) remset 0 code roots 0 marked 0 reclaim candidate 0 type array 0
[0.414s][debug][gc,humongous   ] GC(3) Humongous region 2 (object size 1440600 @ 0x00000000f0200000) remset 0 code roots 0 marked 0 reclaim candidate 0 type array 0
[0.414s][debug][gc,humongous   ] GC(3) Humongous region 1 (object size 960408 @ 0x00000000f0100000) remset 0 code roots 0 marked 0 reclaim candidate 0 type array 0
[0.414s][debug][gc,humongous   ] GC(3) Humongous region 12 (object size 3241320 @ 0x00000000f0c00000) remset 0 code roots 0 marked 0 reclaim candidate 0 type array 0
[0.414s][debug][gc,humongous   ] GC(3) Humongous region 16 (object size 4861968 @ 0x00000000f1000000) remset 1 code roots 0 marked 0 reclaim candidate 0 type array 0
[0.414s][debug][gc,humongous   ] GC(3) Humongous region 32 (object size 7292936 @ 0x00000000f2000000) remset 1 code roots 0 marked 0 reclaim candidate 0 type array 0
[0.414s][debug][gc,humongous   ] GC(3) Humongous region 49 (object size 10939400 @ 0x00000000f3100000) remset 1 code roots 0 marked 0 reclaim candidate 0 type array 0
[0.414s][debug][gc,ergo        ] GC(3) Running G1 Merge Heap Roots using 4 workers for 12 regions
[0.414s][debug][gc,remset      ] GC(3) Visited cards 10240 Total dirty 24576 (41.67%) Total old 172032 (5.95%)
[0.434s][debug][gc,ref         ] GC(3) Skipped phase 1 of Reference Processing: no references
[0.434s][debug][gc,ref         ] GC(3) Skipped phase 2 of Reference Processing: no references
[0.434s][debug][gc,ref         ] GC(3) Skipped phase 3 of Reference Processing: no references
[0.434s][debug][gc,ref         ] GC(3) Skipped phase 4 of Reference Processing: no references
[0.435s][debug][gc,ergo        ] GC(3) Running G1 Rebuild Free List Task using 4 workers for rebuilding free list of regions
[0.435s][debug][gc,plab        ] GC(3) Young PLAB allocation: allocated: 2097152B, wasted: 352B, unused: 0B, used: 2096800B, undo waste: 0B, 
[0.435s][debug][gc,plab        ] GC(3) Young other allocation: region end waste: 0B, regions filled: 2, direct allocated: 0B, failure used: 0B, failure wasted: 0B
[0.435s][debug][gc,plab        ] GC(3) Young sizing: calculated: 419360B, actual: 419160B
[0.435s][debug][gc,plab        ] GC(3) Old PLAB allocation: allocated: 11633888B, wasted: 464B, unused: 1182384B, used: 10451040B, undo waste: 0B, 
[0.435s][debug][gc,plab        ] GC(3) Old other allocation: region end waste: 0B, regions filled: 12, direct allocated: 0B, failure used: 0B, failure wasted: 0B
[0.435s][debug][gc,plab        ] GC(3) Old sizing: calculated: 2090208B, actual: 2073624B
[0.435s][debug][gc,ergo,heap   ] GC(3) Heap expansion: short term pause time ratio 47.46% long term pause time ratio 13.11% threshold 7.69% pause time ratio 7.69% fully expanded true resize by 0B
[0.435s][debug][gc,mmu         ] GC(3) MMU: 100.4ms (200.0ms/201.0ms)
[0.435s][debug][gc,alloc,stats ] Old generation allocation in the last mutator period, old gen allocated: 11633888B, humongous allocated: 11534336B,old gen growth: 23168224B.
[0.435s][debug][gc,ihop        ] GC(3) Basic information (value update), threshold: 120795955B (45.00), target occupancy: 268435456B, current occupancy: 76509696B, recent allocation size: 23168224B, recent allocation duration: 25.26ms, recent old gen allocation rate: 917146612.20B/s, recent marking phase length: 0.00ms
[0.435s][debug][gc,ihop        ] GC(3) Adaptive IHOP information (value update), threshold: 120795955B (52.94), internal target occupancy: 228170137B, occupancy: 76509696B, additional buffer size: 16777216B, predicted old gen allocation rate: 288716084.54B/s, predicted marking phase length: 0.00ms, prediction active: false
[0.435s][debug][gc,ergo,refine ] GC(3) Concurrent refinement times: Logged Cards Scan time goal: 20.00ms Logged Cards Scan time: 0.68ms HCC time: 0.00ms
[0.435s][debug][gc,ergo,refine ] GC(3) Updated Refinement Zones: green: 1497, yellow: 4491, red: 7485
[0.435s][info ][gc,phases      ] GC(3)   Pre Evacuate Collection Set: 0.4ms
[0.435s][debug][gc,phases      ] GC(3)     Prepare TLABs: 0.0ms
[0.435s][debug][gc,phases      ] GC(3)     Concatenate Dirty Card Logs: 0.0ms
[0.435s][debug][gc,phases      ] GC(3)     Choose Collection Set: 0.0ms
[0.435s][debug][gc,phases      ] GC(3)     Region Register: 0.3ms
[0.435s][debug][gc,phases      ] GC(3)     Prepare Heap Roots: 0.0ms
[0.435s][info ][gc,phases      ] GC(3)   Merge Heap Roots: 0.1ms
[0.435s][debug][gc,phases      ] GC(3)     Prepare Merge Heap Roots: 0.0ms
[0.435s][debug][gc,phases      ] GC(3)     Eager Reclaim (ms):            skipped
[0.436s][debug][gc,phases      ] GC(3)     Remembered Sets (ms):          Min:  0.0, Avg:  0.0, Max:  0.0, Diff:  0.0, Sum:  0.1, Workers: 4
[0.436s][debug][gc,phases      ] GC(3)       Merged Sparse:                 Min: 0, Avg:  0.5, Max: 2, Diff: 2, Sum: 2, Workers: 4
[0.436s][debug][gc,phases      ] GC(3)       Merged Fine:                   Min: 3, Avg:  6.5, Max: 10, Diff: 7, Sum: 26, Workers: 4
[0.436s][debug][gc,phases      ] GC(3)       Merged Coarse:                 Min: 0, Avg:  0.0, Max: 0, Diff: 0, Sum: 0, Workers: 4
[0.436s][debug][gc,phases      ] GC(3)       Dirty Cards:                   Min: 1207, Avg: 1608.0, Max: 2151, Diff: 944, Sum: 6432, Workers: 4
[0.436s][debug][gc,phases      ] GC(3)     Hot Card Cache (ms):           Min:  0.0, Avg:  0.0, Max:  0.0, Diff:  0.0, Sum:  0.0, Workers: 4
[0.436s][debug][gc,phases      ] GC(3)       Dirty Cards:                   Min: 0, Avg:  0.0, Max: 0, Diff: 0, Sum: 0, Workers: 4
[0.436s][debug][gc,phases      ] GC(3)       Skipped Cards:                 Min: 0, Avg:  0.0, Max: 0, Diff: 0, Sum: 0, Workers: 4
[0.436s][debug][gc,phases      ] GC(3)     Log Buffers (ms):              Min:  0.0, Avg:  0.0, Max:  0.0, Diff:  0.0, Sum:  0.0, Workers: 4
[0.436s][debug][gc,phases      ] GC(3)       Dirty Cards:                   Min: 248, Avg: 477.3, Max: 653, Diff: 405, Sum: 1909, Workers: 4
[0.436s][debug][gc,phases      ] GC(3)       Skipped Cards:                 Min: 0, Avg:  0.0, Max: 0, Diff: 0, Sum: 0, Workers: 4
[0.436s][info ][gc,phases      ] GC(3)   Evacuate Collection Set: 20.3ms
[0.436s][debug][gc,phases      ] GC(3)     Ext Root Scanning (ms):        Min:  0.0, Avg:  0.0, Max:  0.0, Diff:  0.0, Sum:  0.0, Workers: 4
[0.436s][debug][gc,phases      ] GC(3)     Scan Heap Roots (ms):          Min:  2.5, Avg:  2.9, Max:  3.8, Diff:  1.2, Sum: 11.8, Workers: 4
[0.436s][debug][gc,phases      ] GC(3)       Scanned Cards:                 Min: 1845, Avg: 2100.0, Max: 2626, Diff: 781, Sum: 8400, Workers: 4
[0.436s][debug][gc,phases      ] GC(3)       Scanned Blocks:                Min: 9, Avg: 10.0, Max: 11, Diff: 2, Sum: 40, Workers: 4
[0.436s][debug][gc,phases      ] GC(3)       Claimed Chunks:                Min: 9, Avg: 10.0, Max: 11, Diff: 2, Sum: 40, Workers: 4
[0.436s][debug][gc,phases      ] GC(3)     Code Root Scan (ms):           Min:  0.0, Avg:  0.0, Max:  0.0, Diff:  0.0, Sum:  0.0, Workers: 4
[0.436s][debug][gc,phases      ] GC(3)     Object Copy (ms):              Min: 16.5, Avg: 17.3, Max: 17.7, Diff:  1.2, Sum: 69.3, Workers: 4
[0.436s][debug][gc,phases      ] GC(3)     Termination (ms):              Min:  0.0, Avg:  0.0, Max:  0.0, Diff:  0.0, Sum:  0.0, Workers: 4
[0.436s][debug][gc,phases      ] GC(3)       Termination Attempts:          Min: 1, Avg:  1.0, Max: 1, Diff: 0, Sum: 4, Workers: 4
[0.436s][debug][gc,phases      ] GC(3)     GC Worker Other (ms):          Min:  0.0, Avg:  0.0, Max:  0.0, Diff:  0.0, Sum:  0.0, Workers: 4
[0.436s][debug][gc,phases      ] GC(3)     GC Worker Total (ms):          Min: 20.3, Avg: 20.3, Max: 20.3, Diff:  0.0, Sum: 81.2, Workers: 4
[0.436s][info ][gc,phases      ] GC(3)   Post Evacuate Collection Set: 0.4ms
[0.436s][debug][gc,phases      ] GC(3)     Code Roots Fixup: 0.0ms
[0.436s][debug][gc,phases      ] GC(3)     Reference Processing: 0.1ms
[0.436s][debug][gc,phases,ref  ] GC(3)       Reconsider SoftReferences: 0.1ms
[0.436s][debug][gc,phases,ref  ] GC(3)         SoftRef (ms):                  skipped
[0.436s][debug][gc,phases,ref  ] GC(3)       Notify Soft/WeakReferences: 0.0ms
[0.436s][debug][gc,phases,ref  ] GC(3)         SoftRef (ms):                  skipped
[0.436s][debug][gc,phases,ref  ] GC(3)         WeakRef (ms):                  skipped
[0.436s][debug][gc,phases,ref  ] GC(3)         FinalRef (ms):                 skipped
[0.437s][debug][gc,phases,ref  ] GC(3)         Total (ms):                    skipped
[0.437s][debug][gc,phases,ref  ] GC(3)       Notify and keep alive finalizable: 0.0ms
[0.437s][debug][gc,phases,ref  ] GC(3)         FinalRef (ms):                 skipped
[0.437s][debug][gc,phases,ref  ] GC(3)       Notify PhantomReferences: 0.0ms
[0.437s][debug][gc,phases,ref  ] GC(3)         PhantomRef (ms):               skipped
[0.437s][debug][gc,phases,ref  ] GC(3)       SoftReference:
[0.437s][debug][gc,phases,ref  ] GC(3)         Discovered: 0
[0.437s][debug][gc,phases,ref  ] GC(3)         Cleared: 0
[0.437s][debug][gc,phases,ref  ] GC(3)       WeakReference:
[0.437s][debug][gc,phases,ref  ] GC(3)         Discovered: 0
[0.437s][debug][gc,phases,ref  ] GC(3)         Cleared: 0
[0.437s][debug][gc,phases,ref  ] GC(3)       FinalReference:
[0.437s][debug][gc,phases,ref  ] GC(3)         Discovered: 0
[0.437s][debug][gc,phases,ref  ] GC(3)         Cleared: 0
[0.437s][debug][gc,phases,ref  ] GC(3)       PhantomReference:
[0.437s][debug][gc,phases,ref  ] GC(3)         Discovered: 0
[0.437s][debug][gc,phases,ref  ] GC(3)         Cleared: 0
[0.437s][debug][gc,phases      ] GC(3)     Weak Processing: 0.0ms
[0.437s][debug][gc,phases      ] GC(3)       VM Weak                        Min:  0.0, Avg:  0.0, Max:  0.0, Diff:  0.0, Sum:  0.0, Workers: 3
[0.437s][debug][gc,phases      ] GC(3)         Dead                           Min: 0, Avg:  0.0, Max: 0, Diff: 0, Sum: 0, Workers: 3
[0.437s][debug][gc,phases      ] GC(3)         Total                          Min: 0, Avg:  4.7, Max: 14, Diff: 14, Sum: 14, Workers: 3
[0.437s][debug][gc,phases      ] GC(3)       ObjectSynchronizer Weak        Min:  0.0, Avg:  0.0, Max:  0.0, Diff:  0.0, Sum:  0.0, Workers: 3
[0.437s][debug][gc,phases      ] GC(3)         Dead                           Min: 0, Avg:  0.0, Max: 0, Diff: 0, Sum: 0, Workers: 3
[0.437s][debug][gc,phases      ] GC(3)         Total                          Min: 0, Avg:  1.0, Max: 3, Diff: 3, Sum: 3, Workers: 3
[0.437s][debug][gc,phases      ] GC(3)       JVMTI Tag Weak OopStorage      Min:  0.0, Avg:  0.0, Max:  0.0, Diff:  0.0, Sum:  0.0, Workers: 3
[0.437s][debug][gc,phases      ] GC(3)         Dead                           Min: 0, Avg:  0.0, Max: 0, Diff: 0, Sum: 0, Workers: 3
[0.437s][debug][gc,phases      ] GC(3)         Total                          Min: 0, Avg:  0.0, Max: 0, Diff: 0, Sum: 0, Workers: 3
[0.437s][debug][gc,phases      ] GC(3)       StringTable Weak               Min:  0.0, Avg:  0.0, Max:  0.0, Diff:  0.0, Sum:  0.0, Workers: 3
[0.437s][debug][gc,phases      ] GC(3)         Dead                           Min: 0, Avg:  0.0, Max: 0, Diff: 0, Sum: 0, Workers: 3
[0.437s][debug][gc,phases      ] GC(3)         Total                          Min: 640, Avg: 819.0, Max: 921, Diff: 281, Sum: 2457, Workers: 3
[0.437s][debug][gc,phases      ] GC(3)       ResolvedMethodTable Weak       Min:  0.0, Avg:  0.0, Max:  0.0, Diff:  0.0, Sum:  0.0, Workers: 3
[0.437s][debug][gc,phases      ] GC(3)         Dead                           Min: 0, Avg:  0.0, Max: 0, Diff: 0, Sum: 0, Workers: 3
[0.437s][debug][gc,phases      ] GC(3)         Total                          Min: 0, Avg: 45.7, Max: 73, Diff: 73, Sum: 137, Workers: 3
[0.437s][debug][gc,phases      ] GC(3)       JNI Weak                       Min:  0.0, Avg:  0.0, Max:  0.0, Diff:  0.0, Sum:  0.0, Workers: 3
[0.438s][debug][gc,phases      ] GC(3)         Dead                           Min: 0, Avg:  0.0, Max: 0, Diff: 0, Sum: 0, Workers: 3
[0.438s][debug][gc,phases      ] GC(3)         Total                          Min: 0, Avg:  0.0, Max: 0, Diff: 0, Sum: 0, Workers: 3
[0.438s][debug][gc,phases      ] GC(3)       StringDedup Table Weak         Min:  0.0, Avg:  0.0, Max:  0.0, Diff:  0.0, Sum:  0.0, Workers: 3
[0.438s][debug][gc,phases      ] GC(3)         Dead                           Min: 0, Avg:  0.0, Max: 0, Diff: 0, Sum: 0, Workers: 3
[0.438s][debug][gc,phases      ] GC(3)         Total                          Min: 0, Avg:  0.0, Max: 0, Diff: 0, Sum: 0, Workers: 3
[0.438s][debug][gc,phases      ] GC(3)       StringDedup Requests0 Weak     Min:  0.0, Avg:  0.0, Max:  0.0, Diff:  0.0, Sum:  0.0, Workers: 3
[0.438s][debug][gc,phases      ] GC(3)         Dead                           Min: 0, Avg:  0.0, Max: 0, Diff: 0, Sum: 0, Workers: 3
[0.438s][debug][gc,phases      ] GC(3)         Total                          Min: 0, Avg:  0.0, Max: 0, Diff: 0, Sum: 0, Workers: 3
[0.438s][debug][gc,phases      ] GC(3)       StringDedup Requests1 Weak     Min:  0.0, Avg:  0.0, Max:  0.0, Diff:  0.0, Sum:  0.0, Workers: 3
[0.438s][debug][gc,phases      ] GC(3)         Dead                           Min: 0, Avg:  0.0, Max: 0, Diff: 0, Sum: 0, Workers: 3
[0.438s][debug][gc,phases      ] GC(3)         Total                          Min: 0, Avg:  0.0, Max: 0, Diff: 0, Sum: 0, Workers: 3
[0.438s][debug][gc,phases      ] GC(3)       Weak JFR Old Object Samples    Min:  0.0, Avg:  0.0, Max:  0.0, Diff:  0.0, Sum:  0.0, Workers: 3
[0.438s][debug][gc,phases      ] GC(3)         Dead                           Min: 0, Avg:  0.0, Max: 0, Diff: 0, Sum: 0, Workers: 3
[0.438s][debug][gc,phases      ] GC(3)         Total                          Min: 0, Avg:  0.0, Max: 0, Diff: 0, Sum: 0, Workers: 3
[0.438s][debug][gc,phases      ] GC(3)     Post Evacuate Cleanup 1: 0.1ms
[0.438s][debug][gc,phases      ] GC(3)       Merge Per-Thread State (ms):   Min:  0.0, Avg:  0.0, Max:  0.0, Diff:  0.0, Sum:  0.0, Workers: 1
[0.438s][debug][gc,phases      ] GC(3)         Copied Bytes                   Min: 2484752, Avg: 3136960.0, Max: 3510848, Diff: 1026096, Sum: 12547840, Workers: 4
[0.438s][debug][gc,phases      ] GC(3)         LAB Waste                      Min: 128, Avg: 204.0, Max: 304, Diff: 176, Sum: 816, Workers: 4
[0.438s][debug][gc,phases      ] GC(3)         LAB Undo Waste                 Min: 0, Avg:  0.0, Max: 0, Diff: 0, Sum: 0, Workers: 4
[0.438s][debug][gc,phases      ] GC(3)       Clear Logged Cards (ms):       Min:  0.0, Avg:  0.0, Max:  0.0, Diff:  0.0, Sum:  0.0, Workers: 3
[0.438s][debug][gc,phases      ] GC(3)       Recalculate Used Memory (ms):  Min:  0.0, Avg:  0.0, Max:  0.0, Diff:  0.0, Sum:  0.0, Workers: 1
[0.438s][debug][gc,phases      ] GC(3)     Post Evacuate Cleanup 2: 0.1ms
[0.438s][debug][gc,phases      ] GC(3)       Reset Hot Card Cache (ms):     Min:  0.0, Avg:  0.0, Max:  0.0, Diff:  0.0, Sum:  0.0, Workers: 1
[0.438s][debug][gc,phases      ] GC(3)       Purge Code Roots (ms):         Min:  0.0, Avg:  0.0, Max:  0.0, Diff:  0.0, Sum:  0.0, Workers: 1
[0.438s][debug][gc,phases      ] GC(3)       Update Derived Pointers (ms):  Min:  0.0, Avg:  0.0, Max:  0.0, Diff:  0.0, Sum:  0.0, Workers: 1
[0.439s][debug][gc,phases      ] GC(3)       Eagerly Reclaim Humongous Objects (ms): Min:  0.0, Avg:  0.0, Max:  0.0, Diff:  0.0, Sum:  0.0, Workers: 1
[0.439s][debug][gc,phases      ] GC(3)         Humongous Total                Min: 8, Avg:  8.0, Max: 8, Diff: 0, Sum: 8, Workers: 1
[0.439s][debug][gc,phases      ] GC(3)         Humongous Candidates           Min: 0, Avg:  0.0, Max: 0, Diff: 0, Sum: 0, Workers: 1
[0.439s][debug][gc,phases      ] GC(3)         Humongous Reclaimed            Min: 0, Avg:  0.0, Max: 0, Diff: 0, Sum: 0, Workers: 1
[0.439s][debug][gc,phases      ] GC(3)       Redirty Logged Cards (ms):     Min:  0.0, Avg:  0.0, Max:  0.0, Diff:  0.0, Sum:  0.0, Workers: 4
[0.439s][debug][gc,phases      ] GC(3)         Redirtied Cards:               Min: 0, Avg: 390.8, Max: 807, Diff: 807, Sum: 1563, Workers: 4
[0.439s][debug][gc,phases      ] GC(3)       Free Collection Set (ms):      Min:  0.0, Avg:  0.0, Max:  0.0, Diff:  0.0, Sum:  0.0, Workers: 4
[0.439s][debug][gc,phases      ] GC(3)     Rebuild Free List: 0.1ms
[0.439s][debug][gc,phases      ] GC(3)     Start New Collection Set: 0.0ms
[0.439s][debug][gc,phases      ] GC(3)     Resize TLABs: 0.0ms
[0.439s][debug][gc,phases      ] GC(3)     Expand Heap After Collection: 0.0ms
[0.439s][info ][gc,phases      ] GC(3)   Other: 0.9ms
[0.439s][info ][gc,heap        ] GC(3) Eden regions: 10->0(14)
[0.439s][info ][gc,heap        ] GC(3) Survivor regions: 2->2(2)
[0.439s][info ][gc,heap        ] GC(3) Old regions: 26->37
[0.439s][info ][gc,heap        ] GC(3) Archive regions: 0->0
[0.439s][info ][gc,heap        ] GC(3) Humongous regions: 34->34
[0.439s][info ][gc,metaspace   ] GC(3) Metaspace: 482K(640K)->482K(640K) NonClass: 446K(512K)->446K(512K) Class: 36K(128K)->36K(128K)
[0.439s][debug][gc,heap        ] GC(3) Heap after GC invocations=4 (full 0):
[0.439s][debug][gc,heap        ] GC(3)  garbage-first heap   total 262144K, used 74716K [0x00000000f0000000, 0x0000000100000000)
[0.439s][debug][gc,heap        ] GC(3)   region size 1024K, 2 young (2048K), 2 survivors (2048K)
[0.439s][debug][gc,heap        ] GC(3)  Metaspace       used 482K, committed 640K, reserved 1056768K
[0.439s][debug][gc,heap        ] GC(3)   class space    used 36K, committed 128K, reserved 1048576K
[0.439s][info ][gc             ] GC(3) Pause Young (Normal) (G1 Evacuation Pause) 71M->72M(256M) 25.660ms
[0.439s][info ][gc,cpu         ] GC(3) User=0.05s Sys=0.03s Real=0.03s
[0.439s][debug][gc,refine      ] Deactivated worker 0, off threshold: 1497, current: 1256, refined cards: 307
[0.442s][debug][gc,refine      ] Activated worker 0, on threshold: 2009, current: 2024
[0.442s][debug][gc,refine      ] Deactivated worker 0, off threshold: 1497, current: 1268, refined cards: 756
[0.444s][debug][gc,refine      ] Activated worker 0, on threshold: 2009, current: 2036
[0.445s][debug][gc,refine      ] Deactivated worker 0, off threshold: 1497, current: 1280, refined cards: 756
[0.447s][debug][gc,refine      ] Activated worker 0, on threshold: 2009, current: 2048
[0.448s][debug][gc,refine      ] Deactivated worker 0, off threshold: 1497, current: 1280, refined cards: 768
[0.459s][debug][gc,refine      ] Activated worker 0, on threshold: 2009, current: 3072
[0.459s][debug][gc,refine      ] Activated worker 1, on threshold: 2994, current: 7168
[0.459s][debug][gc,refine      ] Activated worker 2, on threshold: 3743, current: 6912
[0.459s][debug][gc,refine      ] Activated worker 3, on threshold: 4491, current: 6656
[0.460s][debug][gc,refine      ] Deactivated worker 3, off threshold: 3742, current: 3072, refined cards: 1024
[0.460s][debug][gc,refine      ] Deactivated worker 2, off threshold: 2994, current: 2816, refined cards: 1024
[0.461s][debug][gc,refine      ] Activated worker 2, on threshold: 3743, current: 7168
[0.461s][debug][gc,refine      ] Activated worker 3, on threshold: 4491, current: 5888
[0.462s][debug][gc,refine      ] Deactivated worker 3, off threshold: 3742, current: 2816, refined cards: 768
[0.462s][debug][gc,refine      ] Deactivated worker 2, off threshold: 2994, current: 2304, refined cards: 1280
[0.462s][debug][gc,refine      ] Activated worker 2, on threshold: 3743, current: 6912
[0.462s][debug][gc,refine      ] Activated worker 3, on threshold: 4491, current: 6656
[0.463s][debug][gc,refine      ] Deactivated worker 3, off threshold: 3742, current: 3584, refined cards: 768
[0.463s][debug][gc,refine      ] Activated worker 3, on threshold: 4491, current: 6656
[0.464s][debug][gc,refine      ] Deactivated worker 3, off threshold: 3742, current: 2560, refined cards: 1024
[0.464s][debug][gc,refine      ] Deactivated worker 2, off threshold: 2994, current: 2560, refined cards: 2048
[0.465s][debug][gc,refine      ] Deactivated worker 1, off threshold: 2245, current: 1792, refined cards: 6144
[0.466s][debug][gc,refine      ] Deactivated worker 0, off threshold: 1497, current: 1280, refined cards: 7424
[0.467s][debug][gc,refine      ] Activated worker 0, on threshold: 2009, current: 2048
[0.468s][debug][gc,refine      ] Deactivated worker 0, off threshold: 1497, current: 1280, refined cards: 768
[0.469s][debug][gc,refine      ] Activated worker 0, on threshold: 2009, current: 2048
[0.470s][debug][gc,refine      ] Deactivated worker 0, off threshold: 1497, current: 1280, refined cards: 1024
[0.472s][debug][gc,refine      ] Activated worker 0, on threshold: 2009, current: 2048
[0.472s][debug][gc,refine      ] Deactivated worker 0, off threshold: 1497, current: 1280, refined cards: 768
[0.474s][debug][gc,refine      ] Activated worker 0, on threshold: 2009, current: 2048
[0.474s][debug][gc,refine      ] Deactivated worker 0, off threshold: 1497, current: 1280, refined cards: 768
[0.475s][debug][gc,heap        ] GC(4) Heap before GC invocations=4 (full 0):
[0.475s][debug][gc,heap        ] GC(4)  garbage-first heap   total 262144K, used 105436K [0x00000000f0000000, 0x0000000100000000)
[0.475s][debug][gc,heap        ] GC(4)   region size 1024K, 16 young (16384K), 2 survivors (2048K)
[0.475s][debug][gc,heap        ] GC(4)  Metaspace       used 482K, committed 640K, reserved 1056768K
[0.475s][debug][gc,heap        ] GC(4)   class space    used 36K, committed 128K, reserved 1048576K
[0.475s][info ][gc,start       ] GC(4) Pause Young (Normal) (G1 Evacuation Pause)
[0.475s][info ][gc,task        ] GC(4) Using 4 workers of 4 for evacuation
[0.475s][debug][gc,tlab        ] GC(4) TLAB totals: thrds: 1  refills: 70 max: 70 slow allocs: 1 max 1 waste:  0.3% gc: 0B max: 0B slow: 40320B max: 40320B
[0.475s][debug][gc,age         ] GC(4) Desired survivor size 1048576 bytes, new threshold 1 (max threshold 15)
[0.475s][debug][gc,refine,stats] GC(4) Mutator refinement: 4.73ms, refined: 1024, precleaned: 0, dirtied: 28517
[0.475s][debug][gc,refine,stats] GC(4) Concurrent refinement: 23.79ms, refined: 27419, precleaned: 0, dirtied: 0
[0.475s][debug][gc,refine,stats] GC(4) Total refinement: 28.52ms, refined: 28443, precleaned: 0, dirtied: 28517
[0.475s][debug][gc,refine,stats] GC(4) Concurrent refinement rate: 997.29 cards/ms
[0.475s][debug][gc,refine,stats] GC(4) Generate dirty cards rate: 713.71 cards/ms
[0.475s][debug][gc,alloc,region] GC(4) Mutator Allocation stats, regions: 14, wasted size: 0B ( 0.0%)
[0.475s][debug][gc,humongous   ] GC(4) Humongous region 0 (object size 640280 @ 0x00000000f0000000) remset 0 code roots 0 marked 0 reclaim candidate 0 type array 0
[0.475s][debug][gc,humongous   ] GC(4) Humongous region 71 (object size 16409088 @ 0x00000000f4700000) remset 1 code roots 0 marked 0 reclaim candidate 0 type array 0
[0.475s][debug][gc,humongous   ] GC(4) Humongous region 2 (object size 1440600 @ 0x00000000f0200000) remset 0 code roots 0 marked 0 reclaim candidate 0 type array 0
[0.475s][debug][gc,humongous   ] GC(4) Humongous region 1 (object size 960408 @ 0x00000000f0100000) remset 0 code roots 0 marked 0 reclaim candidate 0 type array 0
[0.475s][debug][gc,humongous   ] GC(4) Humongous region 4 (object size 2160888 @ 0x00000000f0400000) remset 0 code roots 0 marked 0 reclaim candidate 0 type array 0
[0.475s][debug][gc,humongous   ] GC(4) Humongous region 12 (object size 3241320 @ 0x00000000f0c00000) remset 0 code roots 0 marked 0 reclaim candidate 0 type array 0
[0.475s][debug][gc,humongous   ] GC(4) Humongous region 16 (object size 4861968 @ 0x00000000f1000000) remset 1 code roots 0 marked 0 reclaim candidate 0 type array 0
[0.475s][debug][gc,humongous   ] GC(4) Humongous region 32 (object size 7292936 @ 0x00000000f2000000) remset 1 code roots 0 marked 0 reclaim candidate 0 type array 0
[0.475s][debug][gc,humongous   ] GC(4) Humongous region 49 (object size 10939400 @ 0x00000000f3100000) remset 1 code roots 0 marked 0 reclaim candidate 0 type array 0
[0.475s][debug][gc,ergo        ] GC(4) Running G1 Merge Heap Roots using 4 workers for 16 regions
[0.475s][debug][gc,remset      ] GC(4) Visited cards 14592 Total dirty 22528 (64.77%) Total old 243712 (5.99%)
[0.506s][debug][gc,ref         ] GC(4) Skipped phase 1 of Reference Processing: no references
[0.506s][debug][gc,ref         ] GC(4) Skipped phase 2 of Reference Processing: no references
[0.506s][debug][gc,ref         ] GC(4) Skipped phase 3 of Reference Processing: no references
[0.506s][debug][gc,ref         ] GC(4) Skipped phase 4 of Reference Processing: no references
[0.507s][debug][gc,ergo        ] GC(4) Running G1 Rebuild Free List Task using 4 workers for rebuilding free list of regions
[0.507s][debug][gc,plab        ] GC(4) Young PLAB allocation: allocated: 2097152B, wasted: 352B, unused: 0B, used: 2096800B, undo waste: 0B, 
[0.507s][debug][gc,plab        ] GC(4) Young other allocation: region end waste: 0B, regions filled: 2, direct allocated: 0B, failure used: 0B, failure wasted: 0B
[0.507s][debug][gc,plab        ] GC(4) Young sizing: calculated: 419360B, actual: 419304B
[0.507s][debug][gc,plab        ] GC(4) Old PLAB allocation: allocated: 15753216B, wasted: 656B, unused: 1112816B, used: 14639744B, undo waste: 0B, 
[0.507s][debug][gc,plab        ] GC(4) Old other allocation: region end waste: 0B, regions filled: 16, direct allocated: 0B, failure used: 0B, failure wasted: 0B
[0.507s][debug][gc,plab        ] GC(4) Old sizing: calculated: 2927944B, actual: 2714360B
[0.507s][debug][gc,ergo,heap   ] GC(4) Heap expansion: short term pause time ratio 46.08% long term pause time ratio 16.80% threshold 7.69% pause time ratio 7.69% fully expanded true resize by 0B
[0.507s][debug][gc,mmu         ] GC(4) MMU: 102.4ms (200.0ms/201.0ms)
[0.507s][debug][gc,alloc,stats ] Old generation allocation in the last mutator period, old gen allocated: 15753216B, humongous allocated: 16777216B,old gen growth: 32530432B.
[0.507s][debug][gc,ihop        ] GC(4) Basic information (value update), threshold: 120795955B (45.00), target occupancy: 268435456B, current occupancy: 109040128B, recent allocation size: 32530432B, recent allocation duration: 39.96ms, recent old gen allocation rate: 814152296.76B/s, recent marking phase length: 0.00ms
[0.507s][debug][gc,ihop        ] GC(4) Adaptive IHOP information (value update), threshold: 120795955B (52.94), internal target occupancy: 228170137B, occupancy: 109040128B, additional buffer size: 20971520B, predicted old gen allocation rate: 336902929.99B/s, predicted marking phase length: 0.00ms, prediction active: false
[0.507s][debug][gc,ergo,refine ] GC(4) Concurrent refinement times: Logged Cards Scan time goal: 20.00ms Logged Cards Scan time: 0.58ms HCC time: 0.00ms
[0.507s][debug][gc,ergo,refine ] GC(4) Updated Refinement Zones: green: 1646, yellow: 4938, red: 8230
[0.507s][info ][gc,phases      ] GC(4)   Pre Evacuate Collection Set: 0.3ms
[0.507s][debug][gc,phases      ] GC(4)     Prepare TLABs: 0.0ms
[0.507s][debug][gc,phases      ] GC(4)     Concatenate Dirty Card Logs: 0.0ms
[0.507s][debug][gc,phases      ] GC(4)     Choose Collection Set: 0.0ms
[0.507s][debug][gc,phases      ] GC(4)     Region Register: 0.3ms
[0.507s][debug][gc,phases      ] GC(4)     Prepare Heap Roots: 0.0ms
[0.507s][info ][gc,phases      ] GC(4)   Merge Heap Roots: 0.1ms
[0.507s][debug][gc,phases      ] GC(4)     Prepare Merge Heap Roots: 0.0ms
[0.507s][debug][gc,phases      ] GC(4)     Eager Reclaim (ms):            skipped
[0.507s][debug][gc,phases      ] GC(4)     Remembered Sets (ms):          Min:  0.0, Avg:  0.0, Max:  0.0, Diff:  0.0, Sum:  0.1, Workers: 4
[0.508s][debug][gc,phases      ] GC(4)       Merged Sparse:                 Min: 0, Avg:  0.3, Max: 1, Diff: 1, Sum: 1, Workers: 4
[0.508s][debug][gc,phases      ] GC(4)       Merged Fine:                   Min: 4, Avg:  8.0, Max: 11, Diff: 7, Sum: 32, Workers: 4
[0.508s][debug][gc,phases      ] GC(4)       Merged Coarse:                 Min: 0, Avg:  0.0, Max: 0, Diff: 0, Sum: 0, Workers: 4
[0.508s][debug][gc,phases      ] GC(4)       Dirty Cards:                   Min: 2037, Avg: 2794.0, Max: 3108, Diff: 1071, Sum: 11176, Workers: 4
[0.508s][debug][gc,phases      ] GC(4)     Hot Card Cache (ms):           Min:  0.0, Avg:  0.0, Max:  0.0, Diff:  0.0, Sum:  0.0, Workers: 4
[0.508s][debug][gc,phases      ] GC(4)       Dirty Cards:                   Min: 0, Avg:  0.0, Max: 0, Diff: 0, Sum: 0, Workers: 4
[0.508s][debug][gc,phases      ] GC(4)       Skipped Cards:                 Min: 0, Avg:  0.0, Max: 0, Diff: 0, Sum: 0, Workers: 4
[0.508s][debug][gc,phases      ] GC(4)     Log Buffers (ms):              Min:  0.0, Avg:  0.0, Max:  0.0, Diff:  0.0, Sum:  0.0, Workers: 4
[0.508s][debug][gc,phases      ] GC(4)       Dirty Cards:                   Min: 248, Avg: 401.3, Max: 760, Diff: 512, Sum: 1605, Workers: 4
[0.508s][debug][gc,phases      ] GC(4)       Skipped Cards:                 Min: 0, Avg:  0.0, Max: 0, Diff: 0, Sum: 0, Workers: 4
[0.508s][info ][gc,phases      ] GC(4)   Evacuate Collection Set: 30.8ms
[0.508s][debug][gc,phases      ] GC(4)     Ext Root Scanning (ms):        Min:  0.0, Avg:  0.0, Max:  0.0, Diff:  0.0, Sum:  0.0, Workers: 4
[0.508s][debug][gc,phases      ] GC(4)     Scan Heap Roots (ms):          Min:  3.8, Avg:  4.6, Max:  6.0, Diff:  2.2, Sum: 18.4, Workers: 4
[0.508s][debug][gc,phases      ] GC(4)       Scanned Cards:                 Min: 2548, Avg: 3210.3, Max: 4278, Diff: 1730, Sum: 12841, Workers: 4
[0.508s][debug][gc,phases      ] GC(4)       Scanned Blocks:                Min: 11, Avg: 14.3, Max: 20, Diff: 9, Sum: 57, Workers: 4
[0.508s][debug][gc,phases      ] GC(4)       Claimed Chunks:                Min: 11, Avg: 14.3, Max: 20, Diff: 9, Sum: 57, Workers: 4
[0.508s][debug][gc,phases      ] GC(4)     Code Root Scan (ms):           Min:  0.0, Avg:  0.0, Max:  0.0, Diff:  0.0, Sum:  0.0, Workers: 4
[0.508s][debug][gc,phases      ] GC(4)     Object Copy (ms):              Min: 24.7, Avg: 26.1, Max: 26.9, Diff:  2.2, Sum: 104.6, Workers: 4
[0.508s][debug][gc,phases      ] GC(4)     Termination (ms):              Min:  0.0, Avg:  0.0, Max:  0.0, Diff:  0.0, Sum:  0.0, Workers: 4
[0.508s][debug][gc,phases      ] GC(4)       Termination Attempts:          Min: 1, Avg:  1.0, Max: 1, Diff: 0, Sum: 4, Workers: 4
[0.508s][debug][gc,phases      ] GC(4)     GC Worker Other (ms):          Min:  0.0, Avg:  0.0, Max:  0.0, Diff:  0.0, Sum:  0.0, Workers: 4
[0.508s][debug][gc,phases      ] GC(4)     GC Worker Total (ms):          Min: 30.8, Avg: 30.8, Max: 30.8, Diff:  0.0, Sum: 123.1, Workers: 4
[0.508s][info ][gc,phases      ] GC(4)   Post Evacuate Collection Set: 0.4ms
[0.508s][debug][gc,phases      ] GC(4)     Code Roots Fixup: 0.0ms
[0.508s][debug][gc,phases      ] GC(4)     Reference Processing: 0.2ms
[0.508s][debug][gc,phases,ref  ] GC(4)       Reconsider SoftReferences: 0.1ms
[0.508s][debug][gc,phases,ref  ] GC(4)         SoftRef (ms):                  skipped
[0.508s][debug][gc,phases,ref  ] GC(4)       Notify Soft/WeakReferences: 0.0ms
[0.508s][debug][gc,phases,ref  ] GC(4)         SoftRef (ms):                  skipped
[0.509s][debug][gc,phases,ref  ] GC(4)         WeakRef (ms):                  skipped
[0.509s][debug][gc,phases,ref  ] GC(4)         FinalRef (ms):                 skipped
[0.509s][debug][gc,phases,ref  ] GC(4)         Total (ms):                    skipped
[0.509s][debug][gc,phases,ref  ] GC(4)       Notify and keep alive finalizable: 0.0ms
[0.509s][debug][gc,phases,ref  ] GC(4)         FinalRef (ms):                 skipped
[0.509s][debug][gc,phases,ref  ] GC(4)       Notify PhantomReferences: 0.0ms
[0.509s][debug][gc,phases,ref  ] GC(4)         PhantomRef (ms):               skipped
[0.509s][debug][gc,phases,ref  ] GC(4)       SoftReference:
[0.509s][debug][gc,phases,ref  ] GC(4)         Discovered: 0
[0.509s][debug][gc,phases,ref  ] GC(4)         Cleared: 0
[0.509s][debug][gc,phases,ref  ] GC(4)       WeakReference:
[0.509s][debug][gc,phases,ref  ] GC(4)         Discovered: 0
[0.509s][debug][gc,phases,ref  ] GC(4)         Cleared: 0
[0.509s][debug][gc,phases,ref  ] GC(4)       FinalReference:
[0.509s][debug][gc,phases,ref  ] GC(4)         Discovered: 0
[0.509s][debug][gc,phases,ref  ] GC(4)         Cleared: 0
[0.509s][debug][gc,phases,ref  ] GC(4)       PhantomReference:
[0.509s][debug][gc,phases,ref  ] GC(4)         Discovered: 0
[0.509s][debug][gc,phases,ref  ] GC(4)         Cleared: 0
[0.509s][debug][gc,phases      ] GC(4)     Weak Processing: 0.0ms
[0.509s][debug][gc,phases      ] GC(4)       VM Weak                        Min:  0.0, Avg:  0.0, Max:  0.0, Diff:  0.0, Sum:  0.0, Workers: 3
[0.509s][debug][gc,phases      ] GC(4)         Dead                           Min: 0, Avg:  0.0, Max: 0, Diff: 0, Sum: 0, Workers: 3
[0.509s][debug][gc,phases      ] GC(4)         Total                          Min: 0, Avg:  4.7, Max: 14, Diff: 14, Sum: 14, Workers: 3
[0.509s][debug][gc,phases      ] GC(4)       ObjectSynchronizer Weak        Min:  0.0, Avg:  0.0, Max:  0.0, Diff:  0.0, Sum:  0.0, Workers: 3
[0.509s][debug][gc,phases      ] GC(4)         Dead                           Min: 0, Avg:  0.0, Max: 0, Diff: 0, Sum: 0, Workers: 3
[0.509s][debug][gc,phases      ] GC(4)         Total                          Min: 0, Avg:  1.0, Max: 3, Diff: 3, Sum: 3, Workers: 3
[0.509s][debug][gc,phases      ] GC(4)       JVMTI Tag Weak OopStorage      Min:  0.0, Avg:  0.0, Max:  0.0, Diff:  0.0, Sum:  0.0, Workers: 3
[0.509s][debug][gc,phases      ] GC(4)         Dead                           Min: 0, Avg:  0.0, Max: 0, Diff: 0, Sum: 0, Workers: 3
[0.509s][debug][gc,phases      ] GC(4)         Total                          Min: 0, Avg:  0.0, Max: 0, Diff: 0, Sum: 0, Workers: 3
[0.509s][debug][gc,phases      ] GC(4)       StringTable Weak               Min:  0.0, Avg:  0.0, Max:  0.0, Diff:  0.0, Sum:  0.0, Workers: 3
[0.509s][debug][gc,phases      ] GC(4)         Dead                           Min: 0, Avg:  0.0, Max: 0, Diff: 0, Sum: 0, Workers: 3
[0.509s][debug][gc,phases      ] GC(4)         Total                          Min: 601, Avg: 819.0, Max: 960, Diff: 359, Sum: 2457, Workers: 3
[0.509s][debug][gc,phases      ] GC(4)       ResolvedMethodTable Weak       Min:  0.0, Avg:  0.0, Max:  0.0, Diff:  0.0, Sum:  0.0, Workers: 3
[0.509s][debug][gc,phases      ] GC(4)         Dead                           Min: 0, Avg:  0.0, Max: 0, Diff: 0, Sum: 0, Workers: 3
[0.509s][debug][gc,phases      ] GC(4)         Total                          Min: 9, Avg: 45.7, Max: 64, Diff: 55, Sum: 137, Workers: 3
[0.509s][debug][gc,phases      ] GC(4)       JNI Weak                       Min:  0.0, Avg:  0.0, Max:  0.0, Diff:  0.0, Sum:  0.0, Workers: 3
[0.509s][debug][gc,phases      ] GC(4)         Dead                           Min: 0, Avg:  0.0, Max: 0, Diff: 0, Sum: 0, Workers: 3
[0.509s][debug][gc,phases      ] GC(4)         Total                          Min: 0, Avg:  0.0, Max: 0, Diff: 0, Sum: 0, Workers: 3
[0.509s][debug][gc,phases      ] GC(4)       StringDedup Table Weak         Min:  0.0, Avg:  0.0, Max:  0.0, Diff:  0.0, Sum:  0.0, Workers: 3
[0.509s][debug][gc,phases      ] GC(4)         Dead                           Min: 0, Avg:  0.0, Max: 0, Diff: 0, Sum: 0, Workers: 3
[0.509s][debug][gc,phases      ] GC(4)         Total                          Min: 0, Avg:  0.0, Max: 0, Diff: 0, Sum: 0, Workers: 3
[0.509s][debug][gc,phases      ] GC(4)       StringDedup Requests0 Weak     Min:  0.0, Avg:  0.0, Max:  0.0, Diff:  0.0, Sum:  0.0, Workers: 3
[0.509s][debug][gc,phases      ] GC(4)         Dead                           Min: 0, Avg:  0.0, Max: 0, Diff: 0, Sum: 0, Workers: 3
[0.509s][debug][gc,phases      ] GC(4)         Total                          Min: 0, Avg:  0.0, Max: 0, Diff: 0, Sum: 0, Workers: 3
[0.509s][debug][gc,phases      ] GC(4)       StringDedup Requests1 Weak     Min:  0.0, Avg:  0.0, Max:  0.0, Diff:  0.0, Sum:  0.0, Workers: 3
[0.509s][debug][gc,phases      ] GC(4)         Dead                           Min: 0, Avg:  0.0, Max: 0, Diff: 0, Sum: 0, Workers: 3
[0.509s][debug][gc,phases      ] GC(4)         Total                          Min: 0, Avg:  0.0, Max: 0, Diff: 0, Sum: 0, Workers: 3
[0.509s][debug][gc,phases      ] GC(4)       Weak JFR Old Object Samples    Min:  0.0, Avg:  0.0, Max:  0.0, Diff:  0.0, Sum:  0.0, Workers: 3
[0.509s][debug][gc,phases      ] GC(4)         Dead                           Min: 0, Avg:  0.0, Max: 0, Diff: 0, Sum: 0, Workers: 3
[0.509s][debug][gc,phases      ] GC(4)         Total                          Min: 0, Avg:  0.0, Max: 0, Diff: 0, Sum: 0, Workers: 3
[0.509s][debug][gc,phases      ] GC(4)     Post Evacuate Cleanup 1: 0.0ms
[0.509s][debug][gc,phases      ] GC(4)       Merge Per-Thread State (ms):   Min:  0.0, Avg:  0.0, Max:  0.0, Diff:  0.0, Sum:  0.0, Workers: 1
[0.509s][debug][gc,phases      ] GC(4)         Copied Bytes                   Min: 3303232, Avg: 4184136.0, Max: 4811488, Diff: 1508256, Sum: 16736544, Workers: 4
[0.509s][debug][gc,phases      ] GC(4)         LAB Waste                      Min: 176, Avg: 252.0, Max: 352, Diff: 176, Sum: 1008, Workers: 4
[0.509s][debug][gc,phases      ] GC(4)         LAB Undo Waste                 Min: 0, Avg:  0.0, Max: 0, Diff: 0, Sum: 0, Workers: 4
[0.509s][debug][gc,phases      ] GC(4)       Clear Logged Cards (ms):       Min:  0.0, Avg:  0.0, Max:  0.0, Diff:  0.0, Sum:  0.0, Workers: 3
[0.510s][debug][gc,phases      ] GC(4)       Recalculate Used Memory (ms):  Min:  0.0, Avg:  0.0, Max:  0.0, Diff:  0.0, Sum:  0.0, Workers: 1
[0.510s][debug][gc,phases      ] GC(4)     Post Evacuate Cleanup 2: 0.1ms
[0.510s][debug][gc,phases      ] GC(4)       Reset Hot Card Cache (ms):     Min:  0.0, Avg:  0.0, Max:  0.0, Diff:  0.0, Sum:  0.0, Workers: 1
[0.510s][debug][gc,phases      ] GC(4)       Purge Code Roots (ms):         Min:  0.0, Avg:  0.0, Max:  0.0, Diff:  0.0, Sum:  0.0, Workers: 1
[0.510s][debug][gc,phases      ] GC(4)       Update Derived Pointers (ms):  Min:  0.0, Avg:  0.0, Max:  0.0, Diff:  0.0, Sum:  0.0, Workers: 1
[0.510s][debug][gc,phases      ] GC(4)       Eagerly Reclaim Humongous Objects (ms): Min:  0.0, Avg:  0.0, Max:  0.0, Diff:  0.0, Sum:  0.0, Workers: 1
[0.510s][debug][gc,phases      ] GC(4)         Humongous Total                Min: 9, Avg:  9.0, Max: 9, Diff: 0, Sum: 9, Workers: 1
[0.510s][debug][gc,phases      ] GC(4)         Humongous Candidates           Min: 0, Avg:  0.0, Max: 0, Diff: 0, Sum: 0, Workers: 1
[0.510s][debug][gc,phases      ] GC(4)         Humongous Reclaimed            Min: 0, Avg:  0.0, Max: 0, Diff: 0, Sum: 0, Workers: 1
[0.510s][debug][gc,phases      ] GC(4)       Redirty Logged Cards (ms):     Min:  0.0, Avg:  0.0, Max:  0.0, Diff:  0.0, Sum:  0.0, Workers: 4
[0.510s][debug][gc,phases      ] GC(4)         Redirtied Cards:               Min: 0, Avg: 397.3, Max: 998, Diff: 998, Sum: 1589, Workers: 4
[0.510s][debug][gc,phases      ] GC(4)       Free Collection Set (ms):      Min:  0.0, Avg:  0.0, Max:  0.0, Diff:  0.0, Sum:  0.0, Workers: 4
[0.510s][debug][gc,phases      ] GC(4)     Rebuild Free List: 0.1ms
[0.510s][debug][gc,phases      ] GC(4)     Start New Collection Set: 0.0ms
[0.510s][debug][gc,phases      ] GC(4)     Resize TLABs: 0.0ms
[0.510s][debug][gc,phases      ] GC(4)     Expand Heap After Collection: 0.0ms
[0.510s][info ][gc,phases      ] GC(4)   Other: 0.8ms
[0.510s][info ][gc,heap        ] GC(4) Eden regions: 14->0(18)
[0.510s][info ][gc,heap        ] GC(4) Survivor regions: 2->2(2)
[0.510s][info ][gc,heap        ] GC(4) Old regions: 37->52
[0.510s][info ][gc,heap        ] GC(4) Archive regions: 0->0
[0.510s][info ][gc,heap        ] GC(4) Humongous regions: 50->50
[0.510s][info ][gc,metaspace   ] GC(4) Metaspace: 482K(640K)->482K(640K) NonClass: 446K(512K)->446K(512K) Class: 36K(128K)->36K(128K)
[0.510s][debug][gc,heap        ] GC(4) Heap after GC invocations=5 (full 0):
[0.510s][debug][gc,heap        ] GC(4)  garbage-first heap   total 262144K, used 106484K [0x00000000f0000000, 0x0000000100000000)
[0.510s][debug][gc,heap        ] GC(4)   region size 1024K, 2 young (2048K), 2 survivors (2048K)
[0.510s][debug][gc,heap        ] GC(4)  Metaspace       used 482K, committed 640K, reserved 1056768K
[0.510s][debug][gc,heap        ] GC(4)   class space    used 36K, committed 128K, reserved 1048576K
[0.510s][info ][gc             ] GC(4) Pause Young (Normal) (G1 Evacuation Pause) 102M->103M(256M) 35.105ms
[0.510s][info ][gc,cpu         ] GC(4) User=0.14s Sys=0.00s Real=0.04s
[0.512s][debug][gc,refine      ] Activated worker 0, on threshold: 2158, current: 2357
[0.513s][debug][gc,refine      ] Deactivated worker 0, off threshold: 1646, current: 1589, refined cards: 1024
[0.514s][debug][gc,refine      ] Activated worker 0, on threshold: 2158, current: 2357
[0.515s][debug][gc,refine      ] Deactivated worker 0, off threshold: 1646, current: 1536, refined cards: 1077
[0.517s][debug][gc,refine      ] Activated worker 0, on threshold: 2158, current: 2304
[0.518s][debug][gc,refine      ] Deactivated worker 0, off threshold: 1646, current: 1536, refined cards: 768
[0.519s][debug][gc,refine      ] Activated worker 0, on threshold: 2158, current: 2304
[0.520s][debug][gc,refine      ] Deactivated worker 0, off threshold: 1646, current: 1536, refined cards: 768
[0.521s][debug][gc,refine      ] Activated worker 0, on threshold: 2158, current: 2304
[0.521s][debug][gc,refine      ] Deactivated worker 0, off threshold: 1646, current: 1536, refined cards: 768
[0.523s][debug][gc,refine      ] Activated worker 0, on threshold: 2158, current: 2304
[0.523s][debug][gc,refine      ] Deactivated worker 0, off threshold: 1646, current: 1536, refined cards: 768
[0.525s][debug][gc,refine      ] Activated worker 0, on threshold: 2158, current: 2304
[0.525s][debug][gc,refine      ] Deactivated worker 0, off threshold: 1646, current: 1536, refined cards: 768
[0.526s][debug][gc,ergo,ihop   ] Request concurrent cycle initiation (occupancy higher than threshold) occupancy: 106954752B allocation request: 24613616B threshold: 120795955B (45.00) source: concurrent humongous allocation
[0.526s][debug][gc,ergo        ] Request concurrent cycle initiation (requested by GC cause). GC cause: G1 Humongous Allocation
[0.526s][debug][gc,heap        ] GC(5) Heap before GC invocations=5 (full 0):
[0.526s][debug][gc,heap        ] GC(5)  garbage-first heap   total 262144K, used 118772K [0x00000000f0000000, 0x0000000100000000)
[0.526s][debug][gc,heap        ] GC(5)   region size 1024K, 15 young (15360K), 2 survivors (2048K)
[0.526s][debug][gc,heap        ] GC(5)  Metaspace       used 482K, committed 640K, reserved 1056768K
[0.527s][debug][gc,heap        ] GC(5)   class space    used 36K, committed 128K, reserved 1048576K
[0.527s][debug][gc,ergo        ] GC(5) Initiate concurrent cycle (concurrent cycle initiation requested)
[0.527s][info ][gc,start       ] GC(5) Pause Young (Concurrent Start) (G1 Humongous Allocation)
[0.527s][info ][gc,task        ] GC(5) Using 4 workers of 4 for evacuation
[0.527s][debug][gc,tlab        ] GC(5) TLAB totals: thrds: 1  refills: 52 max: 52 slow allocs: 1 max 1 waste:  0.9% gc: 86960B max: 86960B slow: 29584B max: 29584B
[0.527s][debug][gc,age         ] GC(5) Desired survivor size 1572864 bytes, new threshold 1 (max threshold 15)
[0.527s][debug][gc,refine      ] Activated worker 0, on threshold: 2158, current: 2248
[0.527s][debug][gc,refine,stats] GC(5) Mutator refinement: 0.00ms, refined: 0, precleaned: 0, dirtied: 6600
[0.527s][debug][gc,refine,stats] GC(5) Concurrent refinement: 4.36ms, refined: 5941, precleaned: 0, dirtied: 0
[0.527s][debug][gc,refine,stats] GC(5) Total refinement: 4.36ms, refined: 5941, precleaned: 0, dirtied: 6600
[0.527s][debug][gc,refine,stats] GC(5) Concurrent refinement rate: 1364.02 cards/ms
[0.527s][debug][gc,refine,stats] GC(5) Generate dirty cards rate: 335.66 cards/ms
[0.527s][debug][gc,alloc,region] GC(5) Mutator Allocation stats, regions: 13, wasted size: 0B ( 0.0%)
[0.527s][debug][gc,humongous   ] GC(5) Humongous region 71 (object size 16409088 @ 0x00000000f4700000) remset 1 code roots 0 marked 0 reclaim candidate 0 type array 0
[0.527s][debug][gc,humongous   ] GC(5) Humongous region 0 (object size 640280 @ 0x00000000f0000000) remset 0 code roots 0 marked 0 reclaim candidate 0 type array 0
[0.527s][debug][gc,humongous   ] GC(5) Humongous region 2 (object size 1440600 @ 0x00000000f0200000) remset 0 code roots 0 marked 0 reclaim candidate 0 type array 0
[0.527s][debug][gc,humongous   ] GC(5) Humongous region 1 (object size 960408 @ 0x00000000f0100000) remset 0 code roots 0 marked 0 reclaim candidate 0 type array 0
[0.527s][debug][gc,humongous   ] GC(5) Humongous region 4 (object size 2160888 @ 0x00000000f0400000) remset 0 code roots 0 marked 0 reclaim candidate 0 type array 0
[0.527s][debug][gc,humongous   ] GC(5) Humongous region 12 (object size 3241320 @ 0x00000000f0c00000) remset 0 code roots 0 marked 0 reclaim candidate 0 type array 0
[0.527s][debug][gc,humongous   ] GC(5) Humongous region 16 (object size 4861968 @ 0x00000000f1000000) remset 1 code roots 0 marked 0 reclaim candidate 0 type array 0
[0.527s][debug][gc,humongous   ] GC(5) Humongous region 32 (object size 7292936 @ 0x00000000f2000000) remset 1 code roots 0 marked 0 reclaim candidate 0 type array 0
[0.527s][debug][gc,humongous   ] GC(5) Humongous region 49 (object size 10939400 @ 0x00000000f3100000) remset 1 code roots 0 marked 0 reclaim candidate 0 type array 0
[0.527s][debug][gc,ergo        ] GC(5) Running G1 Merge Heap Roots using 4 workers for 15 regions
[0.527s][debug][gc,remset      ] GC(5) Visited cards 9216 Total dirty 18432 (50.00%) Total old 270336 (3.41%)
[0.551s][debug][gc,ref         ] GC(5) Skipped phase 1 of Reference Processing: no references
[0.551s][debug][gc,ref         ] GC(5) Skipped phase 2 of Reference Processing: no references
[0.551s][debug][gc,ref         ] GC(5) Skipped phase 3 of Reference Processing: no references
[0.551s][debug][gc,ref         ] GC(5) Skipped phase 4 of Reference Processing: no references
[0.551s][debug][gc,ergo        ] GC(5) Running G1 Rebuild Free List Task using 4 workers for rebuilding free list of regions
[0.551s][debug][gc,plab        ] GC(5) Young PLAB allocation: allocated: 3145728B, wasted: 768B, unused: 0B, used: 3144960B, undo waste: 0B, 
[0.551s][debug][gc,plab        ] GC(5) Young other allocation: region end waste: 0B, regions filled: 3, direct allocated: 0B, failure used: 0B, failure wasted: 0B
[0.551s][debug][gc,plab        ] GC(5) Young sizing: calculated: 628992B, actual: 576568B
[0.551s][debug][gc,plab        ] GC(5) Old PLAB allocation: allocated: 13643264B, wasted: 368B, unused: 1176112B, used: 12466784B, undo waste: 0B, 
[0.551s][debug][gc,plab        ] GC(5) Old other allocation: region end waste: 0B, regions filled: 14, direct allocated: 0B, failure used: 0B, failure wasted: 0B
[0.551s][debug][gc,plab        ] GC(5) Old sizing: calculated: 2493352B, actual: 2548600B
[0.551s][debug][gc,ergo,heap   ] GC(5) Heap expansion: short term pause time ratio 44.49% long term pause time ratio 20.86% threshold 7.69% pause time ratio 7.69% fully expanded true resize by 0B
[0.551s][debug][gc,mmu         ] GC(5) MMU: 102.0ms (200.0ms/201.0ms)
[0.552s][debug][gc,alloc,stats ] Old generation allocation in the last mutator period, old gen allocated: 13643264B, humongous allocated: 0B,old gen growth: 13643264B.
[0.552s][debug][gc,ihop        ] GC(5) Basic information (value update), threshold: 120795955B (45.00), target occupancy: 268435456B, current occupancy: 123731968B, recent allocation size: 13643264B, recent allocation duration: 19.66ms, recent old gen allocation rate: 693872294.98B/s, recent marking phase length: 0.00ms
[0.552s][debug][gc,ihop        ] GC(5) Adaptive IHOP information (value update), threshold: 120795955B (52.94), internal target occupancy: 228170137B, occupancy: 123731968B, additional buffer size: 29360128B, predicted old gen allocation rate: 368544838.84B/s, predicted marking phase length: 0.00ms, prediction active: false
[0.552s][debug][gc,ergo,refine ] GC(5) Concurrent refinement times: Logged Cards Scan time goal: 20.00ms Logged Cards Scan time: 1.02ms HCC time: 0.00ms
[0.552s][debug][gc,ergo,refine ] GC(5) Updated Refinement Zones: green: 1810, yellow: 5430, red: 9050
[0.552s][info ][gc,phases      ] GC(5)   Pre Evacuate Collection Set: 0.4ms
[0.552s][debug][gc,phases      ] GC(5)     Prepare TLABs: 0.0ms
[0.552s][debug][gc,phases      ] GC(5)     Concatenate Dirty Card Logs: 0.0ms
[0.552s][debug][gc,phases      ] GC(5)     Choose Collection Set: 0.0ms
[0.552s][debug][gc,phases      ] GC(5)     Region Register: 0.3ms
[0.552s][debug][gc,phases      ] GC(5)     Prepare Heap Roots: 0.0ms
[0.552s][debug][gc,phases      ] GC(5)     Clear Claimed Marks: 0.0ms
[0.552s][info ][gc,phases      ] GC(5)   Merge Heap Roots: 0.1ms
[0.552s][debug][gc,phases      ] GC(5)     Prepare Merge Heap Roots: 0.0ms
[0.552s][debug][gc,phases      ] GC(5)     Eager Reclaim (ms):            skipped
[0.552s][debug][gc,phases      ] GC(5)     Remembered Sets (ms):          Min:  0.0, Avg:  0.0, Max:  0.0, Diff:  0.0, Sum:  0.1, Workers: 4
[0.552s][debug][gc,phases      ] GC(5)       Merged Sparse:                 Min: 0, Avg:  0.0, Max: 0, Diff: 0, Sum: 0, Workers: 4
[0.552s][debug][gc,phases      ] GC(5)       Merged Fine:                   Min: 3, Avg:  4.8, Max: 8, Diff: 5, Sum: 19, Workers: 4
[0.552s][debug][gc,phases      ] GC(5)       Merged Coarse:                 Min: 0, Avg:  0.0, Max: 0, Diff: 0, Sum: 0, Workers: 4
[0.552s][debug][gc,phases      ] GC(5)       Dirty Cards:                   Min: 1015, Avg: 1480.0, Max: 1790, Diff: 775, Sum: 5920, Workers: 4
[0.552s][debug][gc,phases      ] GC(5)     Hot Card Cache (ms):           Min:  0.0, Avg:  0.0, Max:  0.0, Diff:  0.0, Sum:  0.0, Workers: 4
[0.552s][debug][gc,phases      ] GC(5)       Dirty Cards:                   Min: 0, Avg:  0.0, Max: 0, Diff: 0, Sum: 0, Workers: 4
[0.552s][debug][gc,phases      ] GC(5)       Skipped Cards:                 Min: 0, Avg:  0.0, Max: 0, Diff: 0, Sum: 0, Workers: 4
[0.552s][debug][gc,phases      ] GC(5)     Log Buffers (ms):              Min:  0.0, Avg:  0.0, Max:  0.0, Diff:  0.0, Sum:  0.0, Workers: 4
[0.552s][debug][gc,phases      ] GC(5)       Dirty Cards:                   Min: 504, Avg: 554.0, Max: 704, Diff: 200, Sum: 2216, Workers: 4
[0.552s][debug][gc,phases      ] GC(5)       Skipped Cards:                 Min: 0, Avg:  0.0, Max: 0, Diff: 0, Sum: 0, Workers: 4
[0.552s][info ][gc,phases      ] GC(5)   Evacuate Collection Set: 23.5ms
[0.552s][debug][gc,phases      ] GC(5)     Ext Root Scanning (ms):        Min:  0.0, Avg:  0.0, Max:  0.1, Diff:  0.1, Sum:  0.2, Workers: 4
[0.552s][debug][gc,phases      ] GC(5)     Scan Heap Roots (ms):          Min:  3.1, Avg:  3.7, Max:  4.6, Diff:  1.4, Sum: 14.9, Workers: 4
[0.552s][debug][gc,phases      ] GC(5)       Scanned Cards:                 Min: 1917, Avg: 2047.3, Max: 2153, Diff: 236, Sum: 8189, Workers: 4
[0.552s][debug][gc,phases      ] GC(5)       Scanned Blocks:                Min: 8, Avg:  9.0, Max: 11, Diff: 3, Sum: 36, Workers: 4
[0.552s][debug][gc,phases      ] GC(5)       Claimed Chunks:                Min: 8, Avg:  9.0, Max: 11, Diff: 3, Sum: 36, Workers: 4
[0.552s][debug][gc,phases      ] GC(5)     Code Root Scan (ms):           Min:  0.0, Avg:  0.0, Max:  0.0, Diff:  0.0, Sum:  0.0, Workers: 4
[0.552s][debug][gc,phases      ] GC(5)     Object Copy (ms):              Min: 18.8, Avg: 19.6, Max: 20.2, Diff:  1.4, Sum: 78.6, Workers: 4
[0.552s][debug][gc,phases      ] GC(5)     Termination (ms):              Min:  0.0, Avg:  0.0, Max:  0.0, Diff:  0.0, Sum:  0.0, Workers: 4
[0.553s][debug][gc,phases      ] GC(5)       Termination Attempts:          Min: 1, Avg:  1.0, Max: 1, Diff: 0, Sum: 4, Workers: 4
[0.553s][debug][gc,phases      ] GC(5)     GC Worker Other (ms):          Min:  0.0, Avg:  0.0, Max:  0.0, Diff:  0.0, Sum:  0.0, Workers: 4
[0.553s][debug][gc,phases      ] GC(5)     GC Worker Total (ms):          Min: 23.4, Avg: 23.4, Max: 23.4, Diff:  0.0, Sum: 93.8, Workers: 4
[0.553s][info ][gc,phases      ] GC(5)   Post Evacuate Collection Set: 0.4ms
[0.553s][debug][gc,phases      ] GC(5)     Code Roots Fixup: 0.0ms
[0.553s][debug][gc,phases      ] GC(5)     Reference Processing: 0.2ms
[0.553s][debug][gc,phases,ref  ] GC(5)       Reconsider SoftReferences: 0.1ms
[0.553s][debug][gc,phases,ref  ] GC(5)         SoftRef (ms):                  skipped
[0.553s][debug][gc,phases,ref  ] GC(5)       Notify Soft/WeakReferences: 0.0ms
[0.553s][debug][gc,phases,ref  ] GC(5)         SoftRef (ms):                  skipped
[0.553s][debug][gc,phases,ref  ] GC(5)         WeakRef (ms):                  skipped
[0.553s][debug][gc,phases,ref  ] GC(5)         FinalRef (ms):                 skipped
[0.553s][debug][gc,phases,ref  ] GC(5)         Total (ms):                    skipped
[0.553s][debug][gc,phases,ref  ] GC(5)       Notify and keep alive finalizable: 0.0ms
[0.553s][debug][gc,phases,ref  ] GC(5)         FinalRef (ms):                 skipped
[0.553s][debug][gc,phases,ref  ] GC(5)       Notify PhantomReferences: 0.0ms
[0.553s][debug][gc,phases,ref  ] GC(5)         PhantomRef (ms):               skipped
[0.553s][debug][gc,phases,ref  ] GC(5)       SoftReference:
[0.553s][debug][gc,phases,ref  ] GC(5)         Discovered: 0
[0.553s][debug][gc,phases,ref  ] GC(5)         Cleared: 0
[0.553s][debug][gc,phases,ref  ] GC(5)       WeakReference:
[0.553s][debug][gc,phases,ref  ] GC(5)         Discovered: 0
[0.553s][debug][gc,phases,ref  ] GC(5)         Cleared: 0
[0.553s][debug][gc,phases,ref  ] GC(5)       FinalReference:
[0.553s][debug][gc,phases,ref  ] GC(5)         Discovered: 0
[0.553s][debug][gc,phases,ref  ] GC(5)         Cleared: 0
[0.553s][debug][gc,phases,ref  ] GC(5)       PhantomReference:
[0.553s][debug][gc,phases,ref  ] GC(5)         Discovered: 0
[0.553s][debug][gc,phases,ref  ] GC(5)         Cleared: 0
[0.553s][debug][gc,phases      ] GC(5)     Weak Processing: 0.0ms
[0.553s][debug][gc,phases      ] GC(5)       VM Weak                        Min:  0.0, Avg:  0.0, Max:  0.0, Diff:  0.0, Sum:  0.0, Workers: 3
[0.553s][debug][gc,phases      ] GC(5)         Dead                           Min: 0, Avg:  0.0, Max: 0, Diff: 0, Sum: 0, Workers: 3
[0.553s][debug][gc,phases      ] GC(5)         Total                          Min: 0, Avg:  4.7, Max: 14, Diff: 14, Sum: 14, Workers: 3
[0.553s][debug][gc,phases      ] GC(5)       ObjectSynchronizer Weak        Min:  0.0, Avg:  0.0, Max:  0.0, Diff:  0.0, Sum:  0.0, Workers: 3
[0.553s][debug][gc,phases      ] GC(5)         Dead                           Min: 0, Avg:  0.0, Max: 0, Diff: 0, Sum: 0, Workers: 3
[0.553s][debug][gc,phases      ] GC(5)         Total                          Min: 0, Avg:  1.0, Max: 3, Diff: 3, Sum: 3, Workers: 3
[0.553s][debug][gc,phases      ] GC(5)       JVMTI Tag Weak OopStorage      Min:  0.0, Avg:  0.0, Max:  0.0, Diff:  0.0, Sum:  0.0, Workers: 3
[0.553s][debug][gc,phases      ] GC(5)         Dead                           Min: 0, Avg:  0.0, Max: 0, Diff: 0, Sum: 0, Workers: 3
[0.553s][debug][gc,phases      ] GC(5)         Total                          Min: 0, Avg:  0.0, Max: 0, Diff: 0, Sum: 0, Workers: 3
[0.553s][debug][gc,phases      ] GC(5)       StringTable Weak               Min:  0.0, Avg:  0.0, Max:  0.0, Diff:  0.0, Sum:  0.0, Workers: 3
[0.553s][debug][gc,phases      ] GC(5)         Dead                           Min: 0, Avg:  0.0, Max: 0, Diff: 0, Sum: 0, Workers: 3
[0.553s][debug][gc,phases      ] GC(5)         Total                          Min: 768, Avg: 819.0, Max: 896, Diff: 128, Sum: 2457, Workers: 3
[0.553s][debug][gc,phases      ] GC(5)       ResolvedMethodTable Weak       Min:  0.0, Avg:  0.0, Max:  0.0, Diff:  0.0, Sum:  0.0, Workers: 3
[0.553s][debug][gc,phases      ] GC(5)         Dead                           Min: 0, Avg:  0.0, Max: 0, Diff: 0, Sum: 0, Workers: 3
[0.553s][debug][gc,phases      ] GC(5)         Total                          Min: 9, Avg: 45.7, Max: 64, Diff: 55, Sum: 137, Workers: 3
[0.553s][debug][gc,phases      ] GC(5)       JNI Weak                       Min:  0.0, Avg:  0.0, Max:  0.0, Diff:  0.0, Sum:  0.0, Workers: 3
[0.553s][debug][gc,phases      ] GC(5)         Dead                           Min: 0, Avg:  0.0, Max: 0, Diff: 0, Sum: 0, Workers: 3
[0.553s][debug][gc,phases      ] GC(5)         Total                          Min: 0, Avg:  0.0, Max: 0, Diff: 0, Sum: 0, Workers: 3
[0.553s][debug][gc,phases      ] GC(5)       StringDedup Table Weak         Min:  0.0, Avg:  0.0, Max:  0.0, Diff:  0.0, Sum:  0.0, Workers: 3
[0.553s][debug][gc,phases      ] GC(5)         Dead                           Min: 0, Avg:  0.0, Max: 0, Diff: 0, Sum: 0, Workers: 3
[0.553s][debug][gc,phases      ] GC(5)         Total                          Min: 0, Avg:  0.0, Max: 0, Diff: 0, Sum: 0, Workers: 3
[0.553s][debug][gc,phases      ] GC(5)       StringDedup Requests0 Weak     Min:  0.0, Avg:  0.0, Max:  0.0, Diff:  0.0, Sum:  0.0, Workers: 3
[0.554s][debug][gc,phases      ] GC(5)         Dead                           Min: 0, Avg:  0.0, Max: 0, Diff: 0, Sum: 0, Workers: 3
[0.554s][debug][gc,phases      ] GC(5)         Total                          Min: 0, Avg:  0.0, Max: 0, Diff: 0, Sum: 0, Workers: 3
[0.554s][debug][gc,phases      ] GC(5)       StringDedup Requests1 Weak     Min:  0.0, Avg:  0.0, Max:  0.0, Diff:  0.0, Sum:  0.0, Workers: 3
[0.554s][debug][gc,phases      ] GC(5)         Dead                           Min: 0, Avg:  0.0, Max: 0, Diff: 0, Sum: 0, Workers: 3
[0.554s][debug][gc,phases      ] GC(5)         Total                          Min: 0, Avg:  0.0, Max: 0, Diff: 0, Sum: 0, Workers: 3
[0.554s][debug][gc,phases      ] GC(5)       Weak JFR Old Object Samples    Min:  0.0, Avg:  0.0, Max:  0.0, Diff:  0.0, Sum:  0.0, Workers: 3
[0.554s][debug][gc,phases      ] GC(5)         Dead                           Min: 0, Avg:  0.0, Max: 0, Diff: 0, Sum: 0, Workers: 3
[0.554s][debug][gc,phases      ] GC(5)         Total                          Min: 0, Avg:  0.0, Max: 0, Diff: 0, Sum: 0, Workers: 3
[0.554s][debug][gc,phases      ] GC(5)     Post Evacuate Cleanup 1: 0.0ms
[0.554s][debug][gc,phases      ] GC(5)       Merge Per-Thread State (ms):   Min:  0.0, Avg:  0.0, Max:  0.0, Diff:  0.0, Sum:  0.0, Workers: 1
[0.554s][debug][gc,phases      ] GC(5)         Copied Bytes                   Min: 3117040, Avg: 3902936.0, Max: 4280832, Diff: 1163792, Sum: 15611744, Workers: 4
[0.554s][debug][gc,phases      ] GC(5)         LAB Waste                      Min: 200, Avg: 284.0, Max: 472, Diff: 272, Sum: 1136, Workers: 4
[0.554s][debug][gc,phases      ] GC(5)         LAB Undo Waste                 Min: 0, Avg:  0.0, Max: 0, Diff: 0, Sum: 0, Workers: 4
[0.554s][debug][gc,phases      ] GC(5)       Clear Logged Cards (ms):       Min:  0.0, Avg:  0.0, Max:  0.0, Diff:  0.0, Sum:  0.0, Workers: 3
[0.554s][debug][gc,phases      ] GC(5)       Recalculate Used Memory (ms):  Min:  0.0, Avg:  0.0, Max:  0.0, Diff:  0.0, Sum:  0.0, Workers: 1
[0.554s][debug][gc,phases      ] GC(5)     Post Evacuate Cleanup 2: 0.1ms
[0.554s][debug][gc,phases      ] GC(5)       Reset Hot Card Cache (ms):     Min:  0.0, Avg:  0.0, Max:  0.0, Diff:  0.0, Sum:  0.0, Workers: 1
[0.554s][debug][gc,phases      ] GC(5)       Purge Code Roots (ms):         Min:  0.0, Avg:  0.0, Max:  0.0, Diff:  0.0, Sum:  0.0, Workers: 1
[0.554s][debug][gc,phases      ] GC(5)       Update Derived Pointers (ms):  Min:  0.0, Avg:  0.0, Max:  0.0, Diff:  0.0, Sum:  0.0, Workers: 1
[0.554s][debug][gc,phases      ] GC(5)       Eagerly Reclaim Humongous Objects (ms): Min:  0.0, Avg:  0.0, Max:  0.0, Diff:  0.0, Sum:  0.0, Workers: 1
[0.554s][debug][gc,phases      ] GC(5)         Humongous Total                Min: 9, Avg:  9.0, Max: 9, Diff: 0, Sum: 9, Workers: 1
[0.554s][debug][gc,phases      ] GC(5)         Humongous Candidates           Min: 0, Avg:  0.0, Max: 0, Diff: 0, Sum: 0, Workers: 1
[0.554s][debug][gc,phases      ] GC(5)         Humongous Reclaimed            Min: 0, Avg:  0.0, Max: 0, Diff: 0, Sum: 0, Workers: 1
[0.554s][debug][gc,phases      ] GC(5)       Redirty Logged Cards (ms):     Min:  0.0, Avg:  0.0, Max:  0.0, Diff:  0.0, Sum:  0.0, Workers: 4
[0.554s][debug][gc,phases      ] GC(5)         Redirtied Cards:               Min: 0, Avg: 384.8, Max: 1077, Diff: 1077, Sum: 1539, Workers: 4
[0.554s][debug][gc,phases      ] GC(5)       Free Collection Set (ms):      Min:  0.0, Avg:  0.0, Max:  0.0, Diff:  0.0, Sum:  0.0, Workers: 4
[0.554s][debug][gc,phases      ] GC(5)     Rebuild Free List: 0.1ms
[0.554s][debug][gc,phases      ] GC(5)     Start New Collection Set: 0.0ms
[0.554s][debug][gc,phases      ] GC(5)     Resize TLABs: 0.0ms
[0.554s][debug][gc,phases      ] GC(5)     Expand Heap After Collection: 0.0ms
[0.554s][info ][gc,phases      ] GC(5)   Other: 0.9ms
[0.554s][info ][gc,heap        ] GC(5) Eden regions: 13->0(25)
[0.554s][info ][gc,heap        ] GC(5) Survivor regions: 2->3(3)
[0.554s][info ][gc,heap        ] GC(5) Old regions: 52->65
[0.554s][info ][gc,heap        ] GC(5) Archive regions: 0->0
[0.554s][info ][gc,heap        ] GC(5) Humongous regions: 50->50
[0.554s][info ][gc,metaspace   ] GC(5) Metaspace: 482K(640K)->482K(640K) NonClass: 446K(512K)->446K(512K) Class: 36K(128K)->36K(128K)
[0.555s][debug][gc,heap        ] GC(5) Heap after GC invocations=6 (full 0):
[0.555s][debug][gc,heap        ] GC(5)  garbage-first heap   total 262144K, used 120832K [0x00000000f0000000, 0x0000000100000000)
[0.555s][debug][gc,heap        ] GC(5)   region size 1024K, 3 young (3072K), 3 survivors (3072K)
[0.555s][debug][gc,heap        ] GC(5)  Metaspace       used 482K, committed 640K, reserved 1056768K
[0.555s][debug][gc,heap        ] GC(5)   class space    used 36K, committed 128K, reserved 1048576K
[0.555s][info ][gc             ] GC(5) Pause Young (Concurrent Start) (G1 Humongous Allocation) 116M->118M(256M) 28.105ms
[0.555s][info ][gc,cpu         ] GC(5) User=0.05s Sys=0.03s Real=0.03s
[0.555s][info ][gc             ] GC(6) Concurrent Undo Cycle
[0.555s][debug][gc,refine      ] Deactivated worker 0, off threshold: 1810, current: 1539, refined cards: 0
[0.555s][info ][gc,marking     ] GC(6) Concurrent Cleanup for Next Mark
[0.555s][debug][gc,ergo        ] GC(6) Running G1 Clear Bitmap with 1 workers for 4 work units.
[0.558s][info ][gc,marking     ] GC(6) Concurrent Cleanup for Next Mark 2.970ms
[0.558s][info ][gc             ] GC(6) Concurrent Undo Cycle 3.414ms
[0.572s][debug][gc,refine      ] Activated worker 0, on threshold: 2322, current: 3843
[0.572s][debug][gc,refine      ] Activated worker 1, on threshold: 3620, current: 8961
[0.572s][debug][gc,refine      ] Activated worker 2, on threshold: 4525, current: 8705
[0.572s][debug][gc,refine      ] Activated worker 3, on threshold: 5430, current: 8449
[0.573s][debug][gc,refine      ] Deactivated worker 3, off threshold: 4525, current: 4352, refined cards: 1076
[0.574s][debug][gc,refine      ] Activated worker 3, on threshold: 5430, current: 8448
[0.575s][debug][gc,refine      ] Deactivated worker 3, off threshold: 4525, current: 4096, refined cards: 1024
[0.575s][debug][gc,refine      ] Activated worker 3, on threshold: 5430, current: 8448
[0.576s][debug][gc,refine      ] Deactivated worker 3, off threshold: 4525, current: 3584, refined cards: 1280
[0.576s][debug][gc,refine      ] Activated worker 3, on threshold: 5430, current: 8704
[0.577s][debug][gc,refine      ] Deactivated worker 3, off threshold: 4525, current: 3584, refined cards: 1280
[0.577s][debug][gc,refine      ] Deactivated worker 2, off threshold: 3620, current: 3072, refined cards: 5888
[0.578s][debug][gc,refine      ] Deactivated worker 1, off threshold: 2715, current: 2304, refined cards: 6144
[0.578s][debug][gc,refine      ] Activated worker 1, on threshold: 3620, current: 8704
[0.578s][debug][gc,refine      ] Activated worker 2, on threshold: 4525, current: 8448
[0.578s][debug][gc,refine      ] Activated worker 3, on threshold: 5430, current: 8192
[0.579s][debug][gc,refine      ] Deactivated worker 3, off threshold: 4525, current: 3840, refined cards: 1024
[0.579s][debug][gc,refine      ] Deactivated worker 2, off threshold: 3620, current: 3584, refined cards: 1280
[0.580s][debug][gc,refine      ] Deactivated worker 1, off threshold: 2715, current: 2304, refined cards: 2048
[0.581s][debug][gc,refine      ] Deactivated worker 0, off threshold: 1810, current: 1792, refined cards: 9678
[0.582s][debug][gc,refine      ] Activated worker 0, on threshold: 2322, current: 2560
[0.582s][debug][gc,refine      ] Deactivated worker 0, off threshold: 1810, current: 1792, refined cards: 768
[0.584s][debug][gc,refine      ] Activated worker 0, on threshold: 2322, current: 2560
[0.584s][debug][gc,refine      ] Deactivated worker 0, off threshold: 1810, current: 1792, refined cards: 768
[0.586s][debug][gc,refine      ] Activated worker 0, on threshold: 2322, current: 2560
[0.586s][debug][gc,refine      ] Deactivated worker 0, off threshold: 1810, current: 1792, refined cards: 768
[0.588s][debug][gc,refine      ] Activated worker 0, on threshold: 2322, current: 2560
[0.588s][debug][gc,refine      ] Deactivated worker 0, off threshold: 1810, current: 1792, refined cards: 768
[0.590s][debug][gc,refine      ] Activated worker 0, on threshold: 2322, current: 2560
[0.590s][debug][gc,refine      ] Deactivated worker 0, off threshold: 1810, current: 1792, refined cards: 768
[0.592s][debug][gc,refine      ] Activated worker 0, on threshold: 2322, current: 2560
[0.592s][debug][gc,refine      ] Deactivated worker 0, off threshold: 1810, current: 1792, refined cards: 768
[0.593s][debug][gc,refine      ] Activated worker 0, on threshold: 2322, current: 2560
[0.594s][debug][gc,refine      ] Deactivated worker 0, off threshold: 1810, current: 1792, refined cards: 768
[0.595s][debug][gc,refine      ] Activated worker 0, on threshold: 2322, current: 2560
[0.596s][debug][gc,refine      ] Deactivated worker 0, off threshold: 1810, current: 1792, refined cards: 768
[0.597s][debug][gc,refine      ] Activated worker 0, on threshold: 2322, current: 2560
[0.598s][debug][gc,refine      ] Deactivated worker 0, off threshold: 1810, current: 1792, refined cards: 768
[0.600s][debug][gc,refine      ] Activated worker 0, on threshold: 2322, current: 2560
[0.600s][debug][gc,refine      ] Deactivated worker 0, off threshold: 1810, current: 1792, refined cards: 768
[0.602s][debug][gc,refine      ] Activated worker 0, on threshold: 2322, current: 2560
[0.603s][debug][gc,refine      ] Deactivated worker 0, off threshold: 1810, current: 1792, refined cards: 768
[0.605s][debug][gc,refine      ] Activated worker 0, on threshold: 2322, current: 2560
[0.605s][debug][gc,refine      ] Deactivated worker 0, off threshold: 1810, current: 1792, refined cards: 768
[0.608s][debug][gc,refine      ] Activated worker 0, on threshold: 2322, current: 2560
[0.608s][debug][gc,refine      ] Deactivated worker 0, off threshold: 1810, current: 1792, refined cards: 768
[0.611s][debug][gc,refine      ] Activated worker 0, on threshold: 2322, current: 2560
[0.611s][debug][gc,refine      ] Deactivated worker 0, off threshold: 1810, current: 1792, refined cards: 768
[0.613s][debug][gc,refine      ] Activated worker 0, on threshold: 2322, current: 2560
[0.614s][debug][gc,refine      ] Deactivated worker 0, off threshold: 1810, current: 1792, refined cards: 768
[0.616s][debug][gc,refine      ] Activated worker 0, on threshold: 2322, current: 2560
[0.617s][debug][gc,refine      ] Deactivated worker 0, off threshold: 1810, current: 1792, refined cards: 768
[0.617s][debug][gc,heap        ] GC(7) Heap before GC invocations=6 (full 0):
[0.617s][debug][gc,heap        ] GC(7)  garbage-first heap   total 262144K, used 171008K [0x00000000f0000000, 0x0000000100000000)
[0.617s][debug][gc,heap        ] GC(7)   region size 1024K, 28 young (28672K), 3 survivors (3072K)
[0.617s][debug][gc,heap        ] GC(7)  Metaspace       used 482K, committed 640K, reserved 1056768K
[0.617s][debug][gc,heap        ] GC(7)   class space    used 36K, committed 128K, reserved 1048576K
[0.617s][info ][gc,start       ] GC(7) Pause Young (Normal) (G1 Evacuation Pause)
[0.617s][info ][gc,task        ] GC(7) Using 4 workers of 4 for evacuation
[0.617s][debug][gc,tlab        ] GC(7) TLAB totals: thrds: 1  refills: 99 max: 99 slow allocs: 0 max 0 waste:  0.2% gc: 0B max: 0B slow: 57424B max: 57424B
[0.617s][debug][gc,age         ] GC(7) Desired survivor size 2097152 bytes, new threshold 1 (max threshold 15)
[0.617s][debug][gc,refine,stats] GC(7) Mutator refinement: 7.00ms, refined: 1281, precleaned: 0, dirtied: 44822
[0.617s][debug][gc,refine,stats] GC(7) Concurrent refinement: 36.53ms, refined: 43010, precleaned: 1, dirtied: 0
[0.617s][debug][gc,refine,stats] GC(7) Total refinement: 43.53ms, refined: 44291, precleaned: 1, dirtied: 44822
[0.617s][debug][gc,refine,stats] GC(7) Concurrent refinement rate: 1017.58 cards/ms
[0.617s][debug][gc,refine,stats] GC(7) Generate dirty cards rate: 681.76 cards/ms
[0.617s][debug][gc,alloc,region] GC(7) Mutator Allocation stats, regions: 25, wasted size: 0B ( 0.0%)
[0.617s][debug][gc,humongous   ] GC(7) Humongous region 0 (object size 640280 @ 0x00000000f0000000) remset 0 code roots 0 marked 0 reclaim candidate 0 type array 0
[0.617s][debug][gc,humongous   ] GC(7) Humongous region 71 (object size 16409088 @ 0x00000000f4700000) remset 1 code roots 0 marked 0 reclaim candidate 0 type array 0
[0.617s][debug][gc,humongous   ] GC(7) Humongous region 1 (object size 960408 @ 0x00000000f0100000) remset 0 code roots 0 marked 0 reclaim candidate 0 type array 0
[0.617s][debug][gc,humongous   ] GC(7) Humongous region 2 (object size 1440600 @ 0x00000000f0200000) remset 0 code roots 0 marked 0 reclaim candidate 0 type array 0
[0.617s][debug][gc,humongous   ] GC(7) Humongous region 4 (object size 2160888 @ 0x00000000f0400000) remset 0 code roots 0 marked 0 reclaim candidate 0 type array 0
[0.617s][debug][gc,humongous   ] GC(7) Humongous region 115 (object size 24613616 @ 0x00000000f7300000) remset 0 code roots 0 marked 0 reclaim candidate 0 type array 0
[0.618s][debug][gc,humongous   ] GC(7) Humongous region 12 (object size 3241320 @ 0x00000000f0c00000) remset 0 code roots 0 marked 0 reclaim candidate 0 type array 0
[0.618s][debug][gc,humongous   ] GC(7) Humongous region 16 (object size 4861968 @ 0x00000000f1000000) remset 1 code roots 0 marked 0 reclaim candidate 0 type array 0
[0.618s][debug][gc,humongous   ] GC(7) Humongous region 32 (object size 7292936 @ 0x00000000f2000000) remset 1 code roots 0 marked 0 reclaim candidate 0 type array 0
[0.618s][debug][gc,humongous   ] GC(7) Humongous region 49 (object size 10939400 @ 0x00000000f3100000) remset 1 code roots 0 marked 0 reclaim candidate 0 type array 0
[0.618s][debug][gc,ergo        ] GC(7) Running G1 Merge Heap Roots using 4 workers for 28 regions
[0.618s][debug][gc,remset      ] GC(7) Visited cards 17920 Total dirty 28672 (62.50%) Total old 399360 (4.49%)
[0.653s][debug][gc,task,start  ] G1 Service Thread (Remembered Set Sampling Task) (run)
[0.664s][debug][gc,ref         ] GC(7) Skipped phase 1 of Reference Processing: no references
[0.664s][debug][gc,ref         ] GC(7) Skipped phase 2 of Reference Processing: no references
[0.664s][debug][gc,ref         ] GC(7) Skipped phase 3 of Reference Processing: no references
[0.664s][debug][gc,ref         ] GC(7) Skipped phase 4 of Reference Processing: no references
[0.664s][debug][gc,ergo        ] GC(7) Running G1 Rebuild Free List Task using 4 workers for rebuilding free list of regions
[0.664s][debug][gc,plab        ] GC(7) Young PLAB allocation: allocated: 4194304B, wasted: 768B, unused: 0B, used: 4193536B, undo waste: 0B, 
[0.664s][debug][gc,plab        ] GC(7) Young other allocation: region end waste: 0B, regions filled: 4, direct allocated: 0B, failure used: 0B, failure wasted: 0B
[0.664s][debug][gc,plab        ] GC(7) Young sizing: calculated: 838704B, actual: 773168B
[0.664s][debug][gc,plab        ] GC(7) Old PLAB allocation: allocated: 26738688B, wasted: 752B, unused: 1629536B, used: 25108400B, undo waste: 0B, 
[0.664s][debug][gc,plab        ] GC(7) Old other allocation: region end waste: 0B, regions filled: 26, direct allocated: 0B, failure used: 0B, failure wasted: 0B
[0.664s][debug][gc,plab        ] GC(7) Old sizing: calculated: 5021680B, actual: 4403408B
[0.664s][debug][gc,ergo,heap   ] GC(7) Heap expansion: short term pause time ratio 55.85% long term pause time ratio 23.77% threshold 7.69% pause time ratio 7.69% fully expanded true resize by 0B
[0.664s][debug][gc,ergo,ihop   ] GC(7) Request concurrent cycle initiation (occupancy higher than threshold) occupancy: 173015040B allocation request: 0B threshold: 120795955B (45.00) source: end of GC
[0.664s][debug][gc,mmu         ] GC(7) MMU: 103.9ms (200.0ms/201.0ms)
[0.664s][debug][gc,alloc,stats ] Old generation allocation in the last mutator period, old gen allocated: 26738688B, humongous allocated: 25165824B,old gen growth: 51904512B.
[0.664s][debug][gc,ihop        ] GC(7) Basic information (value update), threshold: 120795955B (45.00), target occupancy: 268435456B, current occupancy: 176685056B, recent allocation size: 51904512B, recent allocation duration: 65.74ms, recent old gen allocation rate: 789489477.43B/s, recent marking phase length: 0.00ms
[0.664s][debug][gc,ihop        ] GC(7) Adaptive IHOP information (value update), threshold: 120795955B (52.94), internal target occupancy: 228170137B, occupancy: 176685056B, additional buffer size: 23068672B, predicted old gen allocation rate: 405955791.01B/s, predicted marking phase length: 0.00ms, prediction active: false
[0.664s][debug][gc,ergo,refine ] GC(7) Concurrent refinement times: Logged Cards Scan time goal: 20.00ms Logged Cards Scan time: 0.91ms HCC time: 0.00ms
[0.664s][debug][gc,ergo,refine ] GC(7) Updated Refinement Zones: green: 1991, yellow: 5973, red: 9955
[0.664s][info ][gc,phases      ] GC(7)   Pre Evacuate Collection Set: 0.4ms
[0.665s][debug][gc,phases      ] GC(7)     Prepare TLABs: 0.0ms
[0.665s][debug][gc,phases      ] GC(7)     Concatenate Dirty Card Logs: 0.0ms
[0.665s][debug][gc,phases      ] GC(7)     Choose Collection Set: 0.0ms
[0.665s][debug][gc,phases      ] GC(7)     Region Register: 0.4ms
[0.665s][debug][gc,phases      ] GC(7)     Prepare Heap Roots: 0.0ms
[0.665s][info ][gc,phases      ] GC(7)   Merge Heap Roots: 0.2ms
[0.665s][debug][gc,phases      ] GC(7)     Prepare Merge Heap Roots: 0.0ms
[0.665s][debug][gc,phases      ] GC(7)     Eager Reclaim (ms):            skipped
[0.665s][debug][gc,phases      ] GC(7)     Remembered Sets (ms):          Min:  0.0, Avg:  0.0, Max:  0.1, Diff:  0.0, Sum:  0.1, Workers: 4
[0.665s][debug][gc,phases      ] GC(7)       Merged Sparse:                 Min: 0, Avg:  0.3, Max: 1, Diff: 1, Sum: 1, Workers: 4
[0.665s][debug][gc,phases      ] GC(7)       Merged Fine:                   Min: 0, Avg: 10.5, Max: 16, Diff: 16, Sum: 42, Workers: 4
[0.665s][debug][gc,phases      ] GC(7)       Merged Coarse:                 Min: 0, Avg:  0.0, Max: 0, Diff: 0, Sum: 0, Workers: 4
[0.665s][debug][gc,phases      ] GC(7)       Dirty Cards:                   Min: 0, Avg: 3439.8, Max: 5072, Diff: 5072, Sum: 13759, Workers: 4
[0.665s][debug][gc,phases      ] GC(7)     Hot Card Cache (ms):           Min:  0.0, Avg:  0.0, Max:  0.0, Diff:  0.0, Sum:  0.0, Workers: 4
[0.665s][debug][gc,phases      ] GC(7)       Dirty Cards:                   Min: 0, Avg:  0.0, Max: 0, Diff: 0, Sum: 0, Workers: 4
[0.665s][debug][gc,phases      ] GC(7)       Skipped Cards:                 Min: 0, Avg:  0.0, Max: 0, Diff: 0, Sum: 0, Workers: 4
[0.665s][debug][gc,phases      ] GC(7)     Log Buffers (ms):              Min:  0.0, Avg:  0.0, Max:  0.0, Diff:  0.0, Sum:  0.0, Workers: 4
[0.665s][debug][gc,phases      ] GC(7)       Dirty Cards:                   Min: 0, Avg: 511.5, Max: 760, Diff: 760, Sum: 2046, Workers: 4
[0.665s][debug][gc,phases      ] GC(7)       Skipped Cards:                 Min: 0, Avg:  0.0, Max: 0, Diff: 0, Sum: 0, Workers: 4
[0.665s][info ][gc,phases      ] GC(7)   Evacuate Collection Set: 45.6ms
[0.665s][debug][gc,phases      ] GC(7)     Ext Root Scanning (ms):        Min:  0.0, Avg:  0.0, Max:  0.0, Diff:  0.0, Sum:  0.0, Workers: 4
[0.665s][debug][gc,phases      ] GC(7)     Scan Heap Roots (ms):          Min:  5.3, Avg:  7.0, Max:  7.8, Diff:  2.6, Sum: 27.9, Workers: 4
[0.665s][debug][gc,phases      ] GC(7)       Scanned Cards:                 Min: 3631, Avg: 3963.0, Max: 4336, Diff: 705, Sum: 15852, Workers: 4
[0.665s][debug][gc,phases      ] GC(7)       Scanned Blocks:                Min: 15, Avg: 17.5, Max: 23, Diff: 8, Sum: 70, Workers: 4
[0.665s][debug][gc,phases      ] GC(7)       Claimed Chunks:                Min: 15, Avg: 17.5, Max: 23, Diff: 8, Sum: 70, Workers: 4
[0.665s][debug][gc,phases      ] GC(7)     Code Root Scan (ms):           Min:  0.0, Avg:  0.0, Max:  0.0, Diff:  0.0, Sum:  0.0, Workers: 4
[0.665s][debug][gc,phases      ] GC(7)     Object Copy (ms):              Min: 37.6, Avg: 38.5, Max: 40.2, Diff:  2.5, Sum: 153.9, Workers: 4
[0.665s][debug][gc,phases      ] GC(7)     Termination (ms):              Min:  0.0, Avg:  0.0, Max:  0.0, Diff:  0.0, Sum:  0.1, Workers: 4
[0.665s][debug][gc,phases      ] GC(7)       Termination Attempts:          Min: 1, Avg: 12.0, Max: 23, Diff: 22, Sum: 48, Workers: 4
[0.665s][debug][gc,phases      ] GC(7)     GC Worker Other (ms):          Min:  0.0, Avg:  0.0, Max:  0.0, Diff:  0.0, Sum:  0.0, Workers: 4
[0.665s][debug][gc,phases      ] GC(7)     GC Worker Total (ms):          Min: 45.4, Avg: 45.5, Max: 45.6, Diff:  0.2, Sum: 182.1, Workers: 4
[0.665s][info ][gc,phases      ] GC(7)   Post Evacuate Collection Set: 0.5ms
[0.665s][debug][gc,phases      ] GC(7)     Code Roots Fixup: 0.0ms
[0.665s][debug][gc,phases      ] GC(7)     Reference Processing: 0.2ms
[0.665s][debug][gc,phases,ref  ] GC(7)       Reconsider SoftReferences: 0.1ms
[0.665s][debug][gc,phases,ref  ] GC(7)         SoftRef (ms):                  skipped
[0.665s][debug][gc,phases,ref  ] GC(7)       Notify Soft/WeakReferences: 0.0ms
[0.665s][debug][gc,phases,ref  ] GC(7)         SoftRef (ms):                  skipped
[0.665s][debug][gc,phases,ref  ] GC(7)         WeakRef (ms):                  skipped
[0.665s][debug][gc,phases,ref  ] GC(7)         FinalRef (ms):                 skipped
[0.665s][debug][gc,phases,ref  ] GC(7)         Total (ms):                    skipped
[0.665s][debug][gc,phases,ref  ] GC(7)       Notify and keep alive finalizable: 0.0ms
[0.665s][debug][gc,phases,ref  ] GC(7)         FinalRef (ms):                 skipped
[0.665s][debug][gc,phases,ref  ] GC(7)       Notify PhantomReferences: 0.0ms
[0.665s][debug][gc,phases,ref  ] GC(7)         PhantomRef (ms):               skipped
[0.665s][debug][gc,phases,ref  ] GC(7)       SoftReference:
[0.665s][debug][gc,phases,ref  ] GC(7)         Discovered: 0
[0.665s][debug][gc,phases,ref  ] GC(7)         Cleared: 0
[0.665s][debug][gc,phases,ref  ] GC(7)       WeakReference:
[0.665s][debug][gc,phases,ref  ] GC(7)         Discovered: 0
[0.666s][debug][gc,phases,ref  ] GC(7)         Cleared: 0
[0.666s][debug][gc,phases,ref  ] GC(7)       FinalReference:
[0.666s][debug][gc,phases,ref  ] GC(7)         Discovered: 0
[0.666s][debug][gc,phases,ref  ] GC(7)         Cleared: 0
[0.666s][debug][gc,phases,ref  ] GC(7)       PhantomReference:
[0.666s][debug][gc,phases,ref  ] GC(7)         Discovered: 0
[0.666s][debug][gc,phases,ref  ] GC(7)         Cleared: 0
[0.666s][debug][gc,phases      ] GC(7)     Weak Processing: 0.1ms
[0.666s][debug][gc,phases      ] GC(7)       VM Weak                        Min:  0.0, Avg:  0.0, Max:  0.0, Diff:  0.0, Sum:  0.0, Workers: 3
[0.666s][debug][gc,phases      ] GC(7)         Dead                           Min: 0, Avg:  0.0, Max: 0, Diff: 0, Sum: 0, Workers: 3
[0.666s][debug][gc,phases      ] GC(7)         Total                          Min: 0, Avg:  4.7, Max: 14, Diff: 14, Sum: 14, Workers: 3
[0.666s][debug][gc,phases      ] GC(7)       ObjectSynchronizer Weak        Min:  0.0, Avg:  0.0, Max:  0.0, Diff:  0.0, Sum:  0.0, Workers: 3
[0.666s][debug][gc,phases      ] GC(7)         Dead                           Min: 0, Avg:  0.0, Max: 0, Diff: 0, Sum: 0, Workers: 3
[0.666s][debug][gc,phases      ] GC(7)         Total                          Min: 0, Avg:  1.0, Max: 3, Diff: 3, Sum: 3, Workers: 3
[0.666s][debug][gc,phases      ] GC(7)       JVMTI Tag Weak OopStorage      Min:  0.0, Avg:  0.0, Max:  0.0, Diff:  0.0, Sum:  0.0, Workers: 3
[0.666s][debug][gc,phases      ] GC(7)         Dead                           Min: 0, Avg:  0.0, Max: 0, Diff: 0, Sum: 0, Workers: 3
[0.666s][debug][gc,phases      ] GC(7)         Total                          Min: 0, Avg:  0.0, Max: 0, Diff: 0, Sum: 0, Workers: 3
[0.666s][debug][gc,phases      ] GC(7)       StringTable Weak               Min:  0.0, Avg:  0.0, Max:  0.0, Diff:  0.0, Sum:  0.0, Workers: 3
[0.666s][debug][gc,phases      ] GC(7)         Dead                           Min: 0, Avg:  0.0, Max: 0, Diff: 0, Sum: 0, Workers: 3
[0.666s][debug][gc,phases      ] GC(7)         Total                          Min: 793, Avg: 819.0, Max: 832, Diff: 39, Sum: 2457, Workers: 3
[0.666s][debug][gc,phases      ] GC(7)       ResolvedMethodTable Weak       Min:  0.0, Avg:  0.0, Max:  0.0, Diff:  0.0, Sum:  0.0, Workers: 3
[0.666s][debug][gc,phases      ] GC(7)         Dead                           Min: 0, Avg:  0.0, Max: 0, Diff: 0, Sum: 0, Workers: 3
[0.666s][debug][gc,phases      ] GC(7)         Total                          Min: 9, Avg: 45.7, Max: 64, Diff: 55, Sum: 137, Workers: 3
[0.666s][debug][gc,phases      ] GC(7)       JNI Weak                       Min:  0.0, Avg:  0.0, Max:  0.0, Diff:  0.0, Sum:  0.0, Workers: 3
[0.666s][debug][gc,phases      ] GC(7)         Dead                           Min: 0, Avg:  0.0, Max: 0, Diff: 0, Sum: 0, Workers: 3
[0.666s][debug][gc,phases      ] GC(7)         Total                          Min: 0, Avg:  0.0, Max: 0, Diff: 0, Sum: 0, Workers: 3
[0.666s][debug][gc,phases      ] GC(7)       StringDedup Table Weak         Min:  0.0, Avg:  0.0, Max:  0.0, Diff:  0.0, Sum:  0.0, Workers: 3
[0.666s][debug][gc,phases      ] GC(7)         Dead                           Min: 0, Avg:  0.0, Max: 0, Diff: 0, Sum: 0, Workers: 3
[0.666s][debug][gc,phases      ] GC(7)         Total                          Min: 0, Avg:  0.0, Max: 0, Diff: 0, Sum: 0, Workers: 3
[0.666s][debug][gc,phases      ] GC(7)       StringDedup Requests0 Weak     Min:  0.0, Avg:  0.0, Max:  0.0, Diff:  0.0, Sum:  0.0, Workers: 3
[0.666s][debug][gc,phases      ] GC(7)         Dead                           Min: 0, Avg:  0.0, Max: 0, Diff: 0, Sum: 0, Workers: 3
[0.666s][debug][gc,phases      ] GC(7)         Total                          Min: 0, Avg:  0.0, Max: 0, Diff: 0, Sum: 0, Workers: 3
[0.666s][debug][gc,phases      ] GC(7)       StringDedup Requests1 Weak     Min:  0.0, Avg:  0.0, Max:  0.0, Diff:  0.0, Sum:  0.0, Workers: 3
[0.666s][debug][gc,phases      ] GC(7)         Dead                           Min: 0, Avg:  0.0, Max: 0, Diff: 0, Sum: 0, Workers: 3
[0.666s][debug][gc,phases      ] GC(7)         Total                          Min: 0, Avg:  0.0, Max: 0, Diff: 0, Sum: 0, Workers: 3
[0.666s][debug][gc,phases      ] GC(7)       Weak JFR Old Object Samples    Min:  0.0, Avg:  0.0, Max:  0.0, Diff:  0.0, Sum:  0.0, Workers: 3
[0.666s][debug][gc,phases      ] GC(7)         Dead                           Min: 0, Avg:  0.0, Max: 0, Diff: 0, Sum: 0, Workers: 3
[0.666s][debug][gc,phases      ] GC(7)         Total                          Min: 0, Avg:  0.0, Max: 0, Diff: 0, Sum: 0, Workers: 3
[0.666s][debug][gc,phases      ] GC(7)     Post Evacuate Cleanup 1: 0.1ms
[0.666s][debug][gc,phases      ] GC(7)       Merge Per-Thread State (ms):   Min:  0.0, Avg:  0.0, Max:  0.0, Diff:  0.0, Sum:  0.0, Workers: 1
[0.666s][debug][gc,phases      ] GC(7)         Copied Bytes                   Min: 7041840, Avg: 7325484.0, Max: 7654912, Diff: 613072, Sum: 29301936, Workers: 4
[0.666s][debug][gc,phases      ] GC(7)         LAB Waste                      Min: 208, Avg: 380.0, Max: 464, Diff: 256, Sum: 1520, Workers: 4
[0.666s][debug][gc,phases      ] GC(7)         LAB Undo Waste                 Min: 0, Avg:  0.0, Max: 0, Diff: 0, Sum: 0, Workers: 4
[0.666s][debug][gc,phases      ] GC(7)       Clear Logged Cards (ms):       Min:  0.0, Avg:  0.0, Max:  0.0, Diff:  0.0, Sum:  0.0, Workers: 3
[0.666s][debug][gc,phases      ] GC(7)       Recalculate Used Memory (ms):  Min:  0.0, Avg:  0.0, Max:  0.0, Diff:  0.0, Sum:  0.0, Workers: 1
[0.666s][debug][gc,phases      ] GC(7)     Post Evacuate Cleanup 2: 0.1ms
[0.666s][debug][gc,phases      ] GC(7)       Reset Hot Card Cache (ms):     Min:  0.0, Avg:  0.0, Max:  0.0, Diff:  0.0, Sum:  0.0, Workers: 1
[0.666s][debug][gc,phases      ] GC(7)       Purge Code Roots (ms):         Min:  0.0, Avg:  0.0, Max:  0.0, Diff:  0.0, Sum:  0.0, Workers: 1
[0.666s][debug][gc,phases      ] GC(7)       Update Derived Pointers (ms):  Min:  0.0, Avg:  0.0, Max:  0.0, Diff:  0.0, Sum:  0.0, Workers: 1
[0.666s][debug][gc,phases      ] GC(7)       Eagerly Reclaim Humongous Objects (ms): Min:  0.0, Avg:  0.0, Max:  0.0, Diff:  0.0, Sum:  0.0, Workers: 1
[0.666s][debug][gc,phases      ] GC(7)         Humongous Total                Min: 10, Avg: 10.0, Max: 10, Diff: 0, Sum: 10, Workers: 1
[0.666s][debug][gc,phases      ] GC(7)         Humongous Candidates           Min: 0, Avg:  0.0, Max: 0, Diff: 0, Sum: 0, Workers: 1
[0.666s][debug][gc,phases      ] GC(7)         Humongous Reclaimed            Min: 0, Avg:  0.0, Max: 0, Diff: 0, Sum: 0, Workers: 1
[0.666s][debug][gc,phases      ] GC(7)       Redirty Logged Cards (ms):     Min:  0.0, Avg:  0.0, Max:  0.0, Diff:  0.0, Sum:  0.0, Workers: 4
[0.666s][debug][gc,phases      ] GC(7)         Redirtied Cards:               Min: 0, Avg: 513.0, Max: 1141, Diff: 1141, Sum: 2052, Workers: 4
[0.666s][debug][gc,phases      ] GC(7)       Free Collection Set (ms):      Min:  0.0, Avg:  0.0, Max:  0.0, Diff:  0.0, Sum:  0.0, Workers: 4
[0.666s][debug][gc,phases      ] GC(7)     Rebuild Free List: 0.1ms
[0.667s][debug][gc,phases      ] GC(7)     Start New Collection Set: 0.0ms
[0.667s][debug][gc,phases      ] GC(7)     Resize TLABs: 0.0ms
[0.667s][debug][gc,phases      ] GC(7)     Expand Heap After Collection: 0.0ms
[0.667s][info ][gc,phases      ] GC(7)   Other: 0.8ms
[0.667s][info ][gc,heap        ] GC(7) Eden regions: 25->0(18)
[0.667s][info ][gc,heap        ] GC(7) Survivor regions: 3->4(4)
[0.667s][info ][gc,heap        ] GC(7) Old regions: 65->91
[0.667s][info ][gc,heap        ] GC(7) Archive regions: 0->0
[0.667s][info ][gc,heap        ] GC(7) Humongous regions: 74->74
[0.667s][info ][gc,metaspace   ] GC(7) Metaspace: 482K(640K)->482K(640K) NonClass: 446K(512K)->446K(512K) Class: 36K(128K)->36K(128K)
[0.667s][debug][gc,heap        ] GC(7) Heap after GC invocations=7 (full 0):
[0.667s][debug][gc,heap        ] GC(7)  garbage-first heap   total 262144K, used 172544K [0x00000000f0000000, 0x0000000100000000)
[0.667s][debug][gc,heap        ] GC(7)   region size 1024K, 4 young (4096K), 4 survivors (4096K)
[0.667s][debug][gc,heap        ] GC(7)  Metaspace       used 482K, committed 640K, reserved 1056768K
[0.667s][debug][gc,heap        ] GC(7)   class space    used 36K, committed 128K, reserved 1048576K
[0.667s][info ][gc             ] GC(7) Pause Young (Normal) (G1 Evacuation Pause) 167M->168M(256M) 49.681ms
[0.667s][info ][gc,cpu         ] GC(7) User=0.06s Sys=0.02s Real=0.05s
[0.667s][debug][gc,task        ] G1 Service Thread (Remembered Set Sampling Task) (run) 14.149ms (cpu: 0.000ms)
[0.668s][debug][gc,refine      ] Activated worker 0, on threshold: 2503, current: 2564
[0.669s][debug][gc,refine      ] Deactivated worker 0, off threshold: 1991, current: 1910, refined cards: 654
[0.670s][debug][gc,refine      ] Activated worker 0, on threshold: 2503, current: 2678
[0.671s][debug][gc,refine      ] Deactivated worker 0, off threshold: 1991, current: 1792, refined cards: 1142
[0.673s][debug][gc,refine      ] Activated worker 0, on threshold: 2503, current: 2560
[0.673s][debug][gc,refine      ] Deactivated worker 0, off threshold: 1991, current: 1792, refined cards: 768
[0.675s][debug][gc,refine      ] Activated worker 0, on threshold: 2503, current: 2560
[0.675s][debug][gc,ergo,ihop   ] Request concurrent cycle initiation (occupancy higher than threshold) occupancy: 173015040B allocation request: 36920416B threshold: 120795955B (45.00) source: concurrent humongous allocation
[0.675s][debug][gc,ergo        ] Request concurrent cycle initiation (requested by GC cause). GC cause: G1 Humongous Allocation
[0.675s][debug][gc,heap        ] GC(8) Heap before GC invocations=7 (full 0):
[0.675s][debug][gc,heap        ] GC(8)  garbage-first heap   total 262144K, used 178688K [0x00000000f0000000, 0x0000000100000000)
[0.675s][debug][gc,heap        ] GC(8)   region size 1024K, 11 young (11264K), 4 survivors (4096K)
[0.675s][debug][gc,heap        ] GC(8)  Metaspace       used 482K, committed 640K, reserved 1056768K
[0.675s][debug][gc,heap        ] GC(8)   class space    used 36K, committed 128K, reserved 1048576K
[0.675s][debug][gc,ergo        ] GC(8) Initiate concurrent cycle (concurrent cycle initiation requested)
[0.675s][info ][gc,start       ] GC(8) Pause Young (Concurrent Start) (G1 Humongous Allocation)
[0.675s][info ][gc,task        ] GC(8) Using 4 workers of 4 for evacuation
[0.675s][debug][gc,tlab        ] GC(8) TLAB totals: thrds: 1  refills: 27 max: 27 slow allocs: 1 max 1 waste:  5.4% gc: 368232B max: 368232B slow: 15080B max: 15080B
[0.675s][debug][gc,age         ] GC(8) Desired survivor size 1572864 bytes, new threshold 1 (max threshold 15)
[0.675s][debug][gc,refine,stats] GC(8) Mutator refinement: 0.00ms, refined: 0, precleaned: 0, dirtied: 3254
[0.675s][debug][gc,refine,stats] GC(8) Concurrent refinement: 2.31ms, refined: 3204, precleaned: 1, dirtied: 0
[0.675s][debug][gc,refine,stats] GC(8) Total refinement: 2.31ms, refined: 3204, precleaned: 1, dirtied: 3254
[0.675s][debug][gc,refine,stats] GC(8) Concurrent refinement rate: 1384.32 cards/ms
[0.675s][debug][gc,refine,stats] GC(8) Generate dirty cards rate: 292.56 cards/ms
[0.675s][debug][gc,alloc,region] GC(8) Mutator Allocation stats, regions: 7, wasted size: 0B ( 0.0%)
[0.675s][debug][gc,humongous   ] GC(8) Humongous region 0 (object size 640280 @ 0x00000000f0000000) remset 0 code roots 0 marked 0 reclaim candidate 0 type array 0
[0.675s][debug][gc,humongous   ] GC(8) Humongous region 71 (object size 16409088 @ 0x00000000f4700000) remset 1 code roots 0 marked 0 reclaim candidate 0 type array 0
[0.675s][debug][gc,humongous   ] GC(8) Humongous region 1 (object size 960408 @ 0x00000000f0100000) remset 0 code roots 0 marked 0 reclaim candidate 0 type array 0
[0.676s][debug][gc,humongous   ] GC(8) Humongous region 2 (object size 1440600 @ 0x00000000f0200000) remset 0 code roots 0 marked 0 reclaim candidate 0 type array 0
[0.676s][debug][gc,humongous   ] GC(8) Humongous region 4 (object size 2160888 @ 0x00000000f0400000) remset 0 code roots 0 marked 0 reclaim candidate 0 type array 0
[0.676s][debug][gc,humongous   ] GC(8) Humongous region 115 (object size 24613616 @ 0x00000000f7300000) remset 0 code roots 0 marked 0 reclaim candidate 0 type array 0
[0.676s][debug][gc,humongous   ] GC(8) Humongous region 12 (object size 3241320 @ 0x00000000f0c00000) remset 0 code roots 0 marked 0 reclaim candidate 0 type array 0
[0.676s][debug][gc,humongous   ] GC(8) Humongous region 16 (object size 4861968 @ 0x00000000f1000000) remset 1 code roots 0 marked 0 reclaim candidate 0 type array 0
[0.676s][debug][gc,humongous   ] GC(8) Humongous region 32 (object size 7292936 @ 0x00000000f2000000) remset 1 code roots 0 marked 0 reclaim candidate 0 type array 0
[0.676s][debug][gc,humongous   ] GC(8) Humongous region 49 (object size 10939400 @ 0x00000000f3100000) remset 1 code roots 0 marked 0 reclaim candidate 0 type array 0
[0.676s][debug][gc,ergo        ] GC(8) Running G1 Merge Heap Roots using 4 workers for 11 regions
[0.676s][debug][gc,remset      ] GC(8) Visited cards 5888 Total dirty 14336 (41.07%) Total old 382976 (1.54%)
[0.692s][debug][gc,ref         ] GC(8) Skipped phase 1 of Reference Processing: no references
[0.692s][debug][gc,ref         ] GC(8) Skipped phase 2 of Reference Processing: no references
[0.692s][debug][gc,ref         ] GC(8) Skipped phase 3 of Reference Processing: no references
[0.692s][debug][gc,ref         ] GC(8) Skipped phase 4 of Reference Processing: no references
[0.693s][debug][gc,ergo        ] GC(8) Running G1 Rebuild Free List Task using 4 workers for rebuilding free list of regions
[0.693s][debug][gc,plab        ] GC(8) Young PLAB allocation: allocated: 3145728B, wasted: 432B, unused: 0B, used: 3145296B, undo waste: 0B, 
[0.693s][debug][gc,plab        ] GC(8) Young other allocation: region end waste: 0B, regions filled: 3, direct allocated: 0B, failure used: 0B, failure wasted: 0B
[0.693s][debug][gc,plab        ] GC(8) Young sizing: calculated: 629056B, actual: 665080B
[0.693s][debug][gc,plab        ] GC(8) Old PLAB allocation: allocated: 8912896B, wasted: 208B, unused: 1203296B, used: 7709392B, undo waste: 0B, 
[0.693s][debug][gc,plab        ] GC(8) Old other allocation: region end waste: 0B, regions filled: 9, direct allocated: 0B, failure used: 0B, failure wasted: 0B
[0.693s][debug][gc,plab        ] GC(8) Old sizing: calculated: 1541872B, actual: 2257256B
[0.693s][debug][gc,ergo,heap   ] GC(8) Heap expansion: short term pause time ratio 41.68% long term pause time ratio 26.88% threshold 7.69% pause time ratio 7.69% fully expanded true resize by 0B
[0.693s][debug][gc,ergo,ihop   ] GC(8) Request concurrent cycle initiation (occupancy higher than threshold) occupancy: 181403648B allocation request: 0B threshold: 120795955B (45.00) source: Revise IHOP
[0.693s][debug][gc,mmu         ] GC(8) MMU: 104.5ms (200.0ms/201.0ms)
[0.693s][debug][gc,alloc,stats ] Old generation allocation in the last mutator period, old gen allocated: 8912896B, humongous allocated: 0B,old gen growth: 8912896B.
[0.693s][debug][gc,ihop        ] GC(8) Basic information (value update), threshold: 120795955B (45.00), target occupancy: 268435456B, current occupancy: 184549376B, recent allocation size: 8912896B, recent allocation duration: 11.12ms, recent old gen allocation rate: 801346471.98B/s, recent marking phase length: 0.00ms
[0.693s][debug][gc,ihop        ] GC(8) Adaptive IHOP information (value update), threshold: 120795955B (52.94), internal target occupancy: 228170137B, occupancy: 184549376B, additional buffer size: 19922944B, predicted old gen allocation rate: 441004059.23B/s, predicted marking phase length: 0.00ms, prediction active: false
[0.693s][debug][gc,ergo,refine ] GC(8) Concurrent refinement times: Logged Cards Scan time goal: 20.00ms Logged Cards Scan time: 0.74ms HCC time: 0.00ms
[0.693s][debug][gc,ergo,refine ] GC(8) Updated Refinement Zones: green: 2190, yellow: 6570, red: 10950
[0.693s][info ][gc,phases      ] GC(8)   Pre Evacuate Collection Set: 0.4ms
[0.693s][debug][gc,phases      ] GC(8)     Prepare TLABs: 0.0ms
[0.693s][debug][gc,phases      ] GC(8)     Concatenate Dirty Card Logs: 0.0ms
[0.693s][debug][gc,phases      ] GC(8)     Choose Collection Set: 0.0ms
[0.693s][debug][gc,phases      ] GC(8)     Region Register: 0.3ms
[0.693s][debug][gc,phases      ] GC(8)     Prepare Heap Roots: 0.0ms
[0.693s][debug][gc,phases      ] GC(8)     Clear Claimed Marks: 0.0ms
[0.693s][info ][gc,phases      ] GC(8)   Merge Heap Roots: 0.1ms
[0.693s][debug][gc,phases      ] GC(8)     Prepare Merge Heap Roots: 0.0ms
[0.693s][debug][gc,phases      ] GC(8)     Eager Reclaim (ms):            skipped
[0.693s][debug][gc,phases      ] GC(8)     Remembered Sets (ms):          Min:  0.0, Avg:  0.0, Max:  0.0, Diff:  0.0, Sum:  0.0, Workers: 4
[0.693s][debug][gc,phases      ] GC(8)       Merged Sparse:                 Min: 0, Avg:  0.0, Max: 0, Diff: 0, Sum: 0, Workers: 4
[0.693s][debug][gc,phases      ] GC(8)       Merged Fine:                   Min: 1, Avg:  4.0, Max: 6, Diff: 5, Sum: 16, Workers: 4
[0.693s][debug][gc,phases      ] GC(8)       Merged Coarse:                 Min: 0, Avg:  0.0, Max: 0, Diff: 0, Sum: 0, Workers: 4
[0.693s][debug][gc,phases      ] GC(8)       Dirty Cards:                   Min: 504, Avg: 793.5, Max: 1018, Diff: 514, Sum: 3174, Workers: 4
[0.693s][debug][gc,phases      ] GC(8)     Hot Card Cache (ms):           Min:  0.0, Avg:  0.0, Max:  0.0, Diff:  0.0, Sum:  0.0, Workers: 4
[0.693s][debug][gc,phases      ] GC(8)       Dirty Cards:                   Min: 0, Avg:  0.0, Max: 0, Diff: 0, Sum: 0, Workers: 4
[0.693s][debug][gc,phases      ] GC(8)       Skipped Cards:                 Min: 0, Avg:  0.0, Max: 0, Diff: 0, Sum: 0, Workers: 4
[0.693s][debug][gc,phases      ] GC(8)     Log Buffers (ms):              Min:  0.0, Avg:  0.0, Max:  0.0, Diff:  0.0, Sum:  0.0, Workers: 4
[0.693s][debug][gc,phases      ] GC(8)       Dirty Cards:                   Min: 430, Avg: 517.5, Max: 632, Diff: 202, Sum: 2070, Workers: 4
[0.693s][debug][gc,phases      ] GC(8)       Skipped Cards:                 Min: 0, Avg:  0.0, Max: 0, Diff: 0, Sum: 0, Workers: 4
[0.693s][info ][gc,phases      ] GC(8)   Evacuate Collection Set: 16.3ms
[0.693s][debug][gc,phases      ] GC(8)     Ext Root Scanning (ms):        Min:  0.0, Avg:  0.0, Max:  0.1, Diff:  0.1, Sum:  0.2, Workers: 4
[0.693s][debug][gc,phases      ] GC(8)     Scan Heap Roots (ms):          Min:  1.8, Avg:  1.9, Max:  1.9, Diff:  0.2, Sum:  7.5, Workers: 4
[0.693s][debug][gc,phases      ] GC(8)       Scanned Cards:                 Min: 1255, Avg: 1326.5, Max: 1422, Diff: 167, Sum: 5306, Workers: 4
[0.693s][debug][gc,phases      ] GC(8)       Scanned Blocks:                Min: 5, Avg:  5.8, Max: 6, Diff: 1, Sum: 23, Workers: 4
[0.693s][debug][gc,phases      ] GC(8)       Claimed Chunks:                Min: 5, Avg:  5.8, Max: 6, Diff: 1, Sum: 23, Workers: 4
[0.693s][debug][gc,phases      ] GC(8)     Code Root Scan (ms):           Min:  0.0, Avg:  0.0, Max:  0.0, Diff:  0.0, Sum:  0.0, Workers: 4
[0.693s][debug][gc,phases      ] GC(8)     Object Copy (ms):              Min: 14.3, Avg: 14.3, Max: 14.5, Diff:  0.2, Sum: 57.4, Workers: 4
[0.693s][debug][gc,phases      ] GC(8)     Termination (ms):              Min:  0.0, Avg:  0.0, Max:  0.0, Diff:  0.0, Sum:  0.0, Workers: 4
[0.694s][debug][gc,phases      ] GC(8)       Termination Attempts:          Min: 1, Avg:  5.8, Max: 12, Diff: 11, Sum: 23, Workers: 4
[0.694s][debug][gc,phases      ] GC(8)     GC Worker Other (ms):          Min:  0.0, Avg:  0.0, Max:  0.0, Diff:  0.0, Sum:  0.0, Workers: 4
[0.694s][debug][gc,phases      ] GC(8)     GC Worker Total (ms):          Min: 16.3, Avg: 16.3, Max: 16.3, Diff:  0.0, Sum: 65.1, Workers: 4
[0.694s][info ][gc,phases      ] GC(8)   Post Evacuate Collection Set: 0.4ms
[0.694s][debug][gc,phases      ] GC(8)     Code Roots Fixup: 0.0ms
[0.694s][debug][gc,phases      ] GC(8)     Reference Processing: 0.2ms
[0.694s][debug][gc,phases,ref  ] GC(8)       Reconsider SoftReferences: 0.1ms
[0.694s][debug][gc,phases,ref  ] GC(8)         SoftRef (ms):                  skipped
[0.694s][debug][gc,phases,ref  ] GC(8)       Notify Soft/WeakReferences: 0.0ms
[0.694s][debug][gc,phases,ref  ] GC(8)         SoftRef (ms):                  skipped
[0.694s][debug][gc,phases,ref  ] GC(8)         WeakRef (ms):                  skipped
[0.694s][debug][gc,phases,ref  ] GC(8)         FinalRef (ms):                 skipped
[0.694s][debug][gc,phases,ref  ] GC(8)         Total (ms):                    skipped
[0.694s][debug][gc,phases,ref  ] GC(8)       Notify and keep alive finalizable: 0.0ms
[0.694s][debug][gc,phases,ref  ] GC(8)         FinalRef (ms):                 skipped
[0.694s][debug][gc,phases,ref  ] GC(8)       Notify PhantomReferences: 0.0ms
[0.694s][debug][gc,phases,ref  ] GC(8)         PhantomRef (ms):               skipped
[0.694s][debug][gc,phases,ref  ] GC(8)       SoftReference:
[0.694s][debug][gc,phases,ref  ] GC(8)         Discovered: 0
[0.694s][debug][gc,phases,ref  ] GC(8)         Cleared: 0
[0.694s][debug][gc,phases,ref  ] GC(8)       WeakReference:
[0.694s][debug][gc,phases,ref  ] GC(8)         Discovered: 0
[0.694s][debug][gc,phases,ref  ] GC(8)         Cleared: 0
[0.694s][debug][gc,phases,ref  ] GC(8)       FinalReference:
[0.694s][debug][gc,phases,ref  ] GC(8)         Discovered: 0
[0.694s][debug][gc,phases,ref  ] GC(8)         Cleared: 0
[0.694s][debug][gc,phases,ref  ] GC(8)       PhantomReference:
[0.694s][debug][gc,phases,ref  ] GC(8)         Discovered: 0
[0.694s][debug][gc,phases,ref  ] GC(8)         Cleared: 0
[0.694s][debug][gc,phases      ] GC(8)     Weak Processing: 0.0ms
[0.694s][debug][gc,phases      ] GC(8)       VM Weak                        Min:  0.0, Avg:  0.0, Max:  0.0, Diff:  0.0, Sum:  0.0, Workers: 3
[0.694s][debug][gc,phases      ] GC(8)         Dead                           Min: 0, Avg:  0.0, Max: 0, Diff: 0, Sum: 0, Workers: 3
[0.694s][debug][gc,phases      ] GC(8)         Total                          Min: 0, Avg:  4.7, Max: 14, Diff: 14, Sum: 14, Workers: 3
[0.694s][debug][gc,phases      ] GC(8)       ObjectSynchronizer Weak        Min:  0.0, Avg:  0.0, Max:  0.0, Diff:  0.0, Sum:  0.0, Workers: 3
[0.694s][debug][gc,phases      ] GC(8)         Dead                           Min: 0, Avg:  0.0, Max: 0, Diff: 0, Sum: 0, Workers: 3
[0.694s][debug][gc,phases      ] GC(8)         Total                          Min: 0, Avg:  1.0, Max: 3, Diff: 3, Sum: 3, Workers: 3
[0.694s][debug][gc,phases      ] GC(8)       JVMTI Tag Weak OopStorage      Min:  0.0, Avg:  0.0, Max:  0.0, Diff:  0.0, Sum:  0.0, Workers: 3
[0.694s][debug][gc,phases      ] GC(8)         Dead                           Min: 0, Avg:  0.0, Max: 0, Diff: 0, Sum: 0, Workers: 3
[0.694s][debug][gc,phases      ] GC(8)         Total                          Min: 0, Avg:  0.0, Max: 0, Diff: 0, Sum: 0, Workers: 3
[0.694s][debug][gc,phases      ] GC(8)       StringTable Weak               Min:  0.0, Avg:  0.0, Max:  0.0, Diff:  0.0, Sum:  0.0, Workers: 3
[0.694s][debug][gc,phases      ] GC(8)         Dead                           Min: 0, Avg:  0.0, Max: 0, Diff: 0, Sum: 0, Workers: 3
[0.694s][debug][gc,phases      ] GC(8)         Total                          Min: 601, Avg: 819.0, Max: 960, Diff: 359, Sum: 2457, Workers: 3
[0.694s][debug][gc,phases      ] GC(8)       ResolvedMethodTable Weak       Min:  0.0, Avg:  0.0, Max:  0.0, Diff:  0.0, Sum:  0.0, Workers: 3
[0.694s][debug][gc,phases      ] GC(8)         Dead                           Min: 0, Avg:  0.0, Max: 0, Diff: 0, Sum: 0, Workers: 3
[0.694s][debug][gc,phases      ] GC(8)         Total                          Min: 9, Avg: 45.7, Max: 64, Diff: 55, Sum: 137, Workers: 3
[0.694s][debug][gc,phases      ] GC(8)       JNI Weak                       Min:  0.0, Avg:  0.0, Max:  0.0, Diff:  0.0, Sum:  0.0, Workers: 3
[0.694s][debug][gc,phases      ] GC(8)         Dead                           Min: 0, Avg:  0.0, Max: 0, Diff: 0, Sum: 0, Workers: 3
[0.694s][debug][gc,phases      ] GC(8)         Total                          Min: 0, Avg:  0.0, Max: 0, Diff: 0, Sum: 0, Workers: 3
[0.694s][debug][gc,phases      ] GC(8)       StringDedup Table Weak         Min:  0.0, Avg:  0.0, Max:  0.0, Diff:  0.0, Sum:  0.0, Workers: 3
[0.694s][debug][gc,phases      ] GC(8)         Dead                           Min: 0, Avg:  0.0, Max: 0, Diff: 0, Sum: 0, Workers: 3
[0.694s][debug][gc,phases      ] GC(8)         Total                          Min: 0, Avg:  0.0, Max: 0, Diff: 0, Sum: 0, Workers: 3
[0.694s][debug][gc,phases      ] GC(8)       StringDedup Requests0 Weak     Min:  0.0, Avg:  0.0, Max:  0.0, Diff:  0.0, Sum:  0.0, Workers: 3
[0.694s][debug][gc,phases      ] GC(8)         Dead                           Min: 0, Avg:  0.0, Max: 0, Diff: 0, Sum: 0, Workers: 3
[0.694s][debug][gc,phases      ] GC(8)         Total                          Min: 0, Avg:  0.0, Max: 0, Diff: 0, Sum: 0, Workers: 3
[0.694s][debug][gc,phases      ] GC(8)       StringDedup Requests1 Weak     Min:  0.0, Avg:  0.0, Max:  0.0, Diff:  0.0, Sum:  0.0, Workers: 3
[0.694s][debug][gc,phases      ] GC(8)         Dead                           Min: 0, Avg:  0.0, Max: 0, Diff: 0, Sum: 0, Workers: 3
[0.694s][debug][gc,phases      ] GC(8)         Total                          Min: 0, Avg:  0.0, Max: 0, Diff: 0, Sum: 0, Workers: 3
[0.694s][debug][gc,phases      ] GC(8)       Weak JFR Old Object Samples    Min:  0.0, Avg:  0.0, Max:  0.0, Diff:  0.0, Sum:  0.0, Workers: 3
[0.694s][debug][gc,phases      ] GC(8)         Dead                           Min: 0, Avg:  0.0, Max: 0, Diff: 0, Sum: 0, Workers: 3
[0.694s][debug][gc,phases      ] GC(8)         Total                          Min: 0, Avg:  0.0, Max: 0, Diff: 0, Sum: 0, Workers: 3
[0.694s][debug][gc,phases      ] GC(8)     Post Evacuate Cleanup 1: 0.0ms
[0.694s][debug][gc,phases      ] GC(8)       Merge Per-Thread State (ms):   Min:  0.0, Avg:  0.0, Max:  0.0, Diff:  0.0, Sum:  0.0, Workers: 1
[0.694s][debug][gc,phases      ] GC(8)         Copied Bytes                   Min: 2451024, Avg: 2713672.0, Max: 3008864, Diff: 557840, Sum: 10854688, Workers: 4
[0.695s][debug][gc,phases      ] GC(8)         LAB Waste                      Min: 88, Avg: 160.0, Max: 232, Diff: 144, Sum: 640, Workers: 4
[0.695s][debug][gc,phases      ] GC(8)         LAB Undo Waste                 Min: 0, Avg:  0.0, Max: 0, Diff: 0, Sum: 0, Workers: 4
[0.695s][debug][gc,phases      ] GC(8)       Clear Logged Cards (ms):       Min:  0.0, Avg:  0.0, Max:  0.0, Diff:  0.0, Sum:  0.0, Workers: 3
[0.695s][debug][gc,phases      ] GC(8)       Recalculate Used Memory (ms):  Min:  0.0, Avg:  0.0, Max:  0.0, Diff:  0.0, Sum:  0.0, Workers: 1
[0.695s][debug][gc,phases      ] GC(8)     Post Evacuate Cleanup 2: 0.1ms
[0.695s][debug][gc,phases      ] GC(8)       Reset Hot Card Cache (ms):     Min:  0.0, Avg:  0.0, Max:  0.0, Diff:  0.0, Sum:  0.0, Workers: 1
[0.695s][debug][gc,phases      ] GC(8)       Purge Code Roots (ms):         Min:  0.0, Avg:  0.0, Max:  0.0, Diff:  0.0, Sum:  0.0, Workers: 1
[0.695s][debug][gc,phases      ] GC(8)       Update Derived Pointers (ms):  Min:  0.0, Avg:  0.0, Max:  0.0, Diff:  0.0, Sum:  0.0, Workers: 1
[0.695s][debug][gc,phases      ] GC(8)       Eagerly Reclaim Humongous Objects (ms): Min:  0.0, Avg:  0.0, Max:  0.0, Diff:  0.0, Sum:  0.0, Workers: 1
[0.695s][debug][gc,phases      ] GC(8)         Humongous Total                Min: 10, Avg: 10.0, Max: 10, Diff: 0, Sum: 10, Workers: 1
[0.695s][debug][gc,phases      ] GC(8)         Humongous Candidates           Min: 0, Avg:  0.0, Max: 0, Diff: 0, Sum: 0, Workers: 1
[0.695s][debug][gc,phases      ] GC(8)         Humongous Reclaimed            Min: 0, Avg:  0.0, Max: 0, Diff: 0, Sum: 0, Workers: 1
[0.695s][debug][gc,phases      ] GC(8)       Redirty Logged Cards (ms):     Min:  0.0, Avg:  0.0, Max:  0.0, Diff:  0.0, Sum:  0.0, Workers: 4
[0.695s][debug][gc,phases      ] GC(8)         Redirtied Cards:               Min: 0, Avg: 385.3, Max: 675, Diff: 675, Sum: 1541, Workers: 4
[0.695s][debug][gc,phases      ] GC(8)       Free Collection Set (ms):      Min:  0.0, Avg:  0.0, Max:  0.0, Diff:  0.0, Sum:  0.0, Workers: 4
[0.695s][debug][gc,phases      ] GC(8)     Rebuild Free List: 0.1ms
[0.695s][debug][gc,phases      ] GC(8)     Start New Collection Set: 0.0ms
[0.695s][debug][gc,phases      ] GC(8)     Resize TLABs: 0.0ms
[0.695s][debug][gc,phases      ] GC(8)     Expand Heap After Collection: 0.0ms
[0.695s][info ][gc,phases      ] GC(8)   Other: 0.7ms
[0.695s][info ][gc,heap        ] GC(8) Eden regions: 7->0(16)
[0.695s][info ][gc,heap        ] GC(8) Survivor regions: 4->3(3)
[0.695s][info ][gc,heap        ] GC(8) Old regions: 91->99
[0.695s][info ][gc,heap        ] GC(8) Archive regions: 0->0
[0.695s][info ][gc,heap        ] GC(8) Humongous regions: 74->74
[0.695s][info ][gc,metaspace   ] GC(8) Metaspace: 482K(640K)->482K(640K) NonClass: 446K(512K)->446K(512K) Class: 36K(128K)->36K(128K)
[0.695s][debug][gc,heap        ] GC(8) Heap after GC invocations=8 (full 0):
[0.695s][debug][gc,heap        ] GC(8)  garbage-first heap   total 262144K, used 180224K [0x00000000f0000000, 0x0000000100000000)
[0.695s][debug][gc,heap        ] GC(8)   region size 1024K, 3 young (3072K), 3 survivors (3072K)
[0.695s][debug][gc,heap        ] GC(8)  Metaspace       used 482K, committed 640K, reserved 1056768K
[0.695s][debug][gc,heap        ] GC(8)   class space    used 36K, committed 128K, reserved 1048576K
[0.695s][info ][gc             ] GC(8) Pause Young (Concurrent Start) (G1 Humongous Allocation) 175M->176M(256M) 19.718ms
[0.695s][info ][gc,cpu         ] GC(8) User=0.08s Sys=0.00s Real=0.02s
[0.695s][info ][gc             ] GC(9) Concurrent Mark Cycle
[0.695s][debug][gc,refine      ] Deactivated worker 0, off threshold: 2190, current: 1541, refined cards: 640
[0.695s][info ][gc,marking     ] GC(9) Concurrent Clear Claimed Marks
[0.695s][info ][gc,marking     ] GC(9) Concurrent Clear Claimed Marks 0.072ms
[0.695s][info ][gc,marking     ] GC(9) Concurrent Scan Root Regions
[0.695s][debug][gc,ergo        ] GC(9) Running G1 Root Region Scan using 1 workers for 12 work units.
[0.702s][info ][gc,marking     ] GC(9) Concurrent Scan Root Regions 6.803ms
[0.702s][info ][gc,marking     ] GC(9) Concurrent Mark
[0.702s][info ][gc,marking     ] GC(9) Concurrent Mark From Roots
[0.702s][info ][gc,task        ] GC(9) Using 1 workers of 1 for marking
[0.730s][debug][gc,refine      ] Activated worker 0, on threshold: 2702, current: 3589
[0.730s][debug][gc,refine      ] Activated worker 1, on threshold: 4380, current: 10728
[0.730s][debug][gc,refine      ] Activated worker 2, on threshold: 5475, current: 10472
[0.730s][debug][gc,refine      ] Activated worker 3, on threshold: 6570, current: 10403
[0.731s][debug][gc,refine      ] Deactivated worker 3, off threshold: 5475, current: 5376, refined cards: 1280
[0.732s][debug][gc,refine      ] Deactivated worker 2, off threshold: 4380, current: 4352, refined cards: 1673
[0.732s][debug][gc,refine      ] Activated worker 2, on threshold: 5475, current: 10496
[0.732s][debug][gc,refine      ] Activated worker 3, on threshold: 6570, current: 10240
[0.733s][debug][gc,refine      ] Deactivated worker 3, off threshold: 5475, current: 5376, refined cards: 1280
[0.734s][debug][gc,refine      ] Deactivated worker 2, off threshold: 4380, current: 4096, refined cards: 1792
[0.734s][debug][gc,refine      ] Activated worker 2, on threshold: 5475, current: 7680
[0.734s][debug][gc,refine      ] Activated worker 3, on threshold: 6570, current: 7168
[0.734s][debug][gc,refine      ] Deactivated worker 3, off threshold: 5475, current: 5120, refined cards: 512
[0.735s][debug][gc,refine      ] Deactivated worker 2, off threshold: 4380, current: 3840, refined cards: 1024
[0.735s][debug][gc,refine      ] Activated worker 2, on threshold: 5475, current: 10240
[0.735s][debug][gc,refine      ] Activated worker 3, on threshold: 6570, current: 9984
[0.736s][debug][gc,refine      ] Deactivated worker 3, off threshold: 5475, current: 4864, refined cards: 1280
[0.737s][debug][gc,refine      ] Deactivated worker 2, off threshold: 4380, current: 4352, refined cards: 1536
[0.737s][debug][gc,refine      ] Activated worker 2, on threshold: 5475, current: 10240
[0.737s][debug][gc,refine      ] Activated worker 3, on threshold: 6570, current: 9984
[0.738s][debug][gc,refine      ] Deactivated worker 3, off threshold: 5475, current: 5376, refined cards: 1280
[0.739s][debug][gc,refine      ] Deactivated worker 2, off threshold: 4380, current: 4096, refined cards: 1792
[0.739s][debug][gc,refine      ] Activated worker 2, on threshold: 5475, current: 10496
[0.739s][debug][gc,refine      ] Activated worker 3, on threshold: 6570, current: 10240
[0.740s][debug][gc,refine      ] Deactivated worker 3, off threshold: 5475, current: 5376, refined cards: 1280
[0.741s][debug][gc,refine      ] Deactivated worker 2, off threshold: 4380, current: 4352, refined cards: 1536
[0.741s][debug][gc,refine      ] Activated worker 2, on threshold: 5475, current: 7680
[0.741s][debug][gc,refine      ] Activated worker 3, on threshold: 6570, current: 7424
[0.741s][debug][gc,refine      ] Deactivated worker 3, off threshold: 5475, current: 5376, refined cards: 512
[0.742s][debug][gc,refine      ] Deactivated worker 2, off threshold: 4380, current: 4096, refined cards: 1024
[0.742s][debug][gc,refine      ] Deactivated worker 1, off threshold: 3285, current: 3072, refined cards: 13056
[0.744s][debug][gc,refine      ] Deactivated worker 0, off threshold: 2190, current: 2048, refined cards: 15967
[0.746s][debug][gc,refine      ] Activated worker 0, on threshold: 2702, current: 2816
[0.746s][debug][gc,refine      ] Deactivated worker 0, off threshold: 2190, current: 2048, refined cards: 768
[0.748s][debug][gc,refine      ] Activated worker 0, on threshold: 2702, current: 2816
[0.749s][debug][gc,refine      ] Deactivated worker 0, off threshold: 2190, current: 2048, refined cards: 768
[0.750s][debug][gc,refine      ] Activated worker 0, on threshold: 2702, current: 2816
[0.751s][debug][gc,refine      ] Deactivated worker 0, off threshold: 2190, current: 2048, refined cards: 1024
[0.808s][debug][gc,refine      ] Activated worker 0, on threshold: 2702, current: 2816
[0.809s][debug][gc,refine      ] Deactivated worker 0, off threshold: 2190, current: 2048, refined cards: 768
[0.812s][debug][gc,refine      ] Activated worker 0, on threshold: 2702, current: 2816
[0.813s][debug][gc,refine      ] Deactivated worker 0, off threshold: 2190, current: 2048, refined cards: 768
[0.817s][debug][gc,refine      ] Activated worker 0, on threshold: 2702, current: 2816
[0.818s][debug][gc,refine      ] Deactivated worker 0, off threshold: 2190, current: 2048, refined cards: 768
[0.820s][debug][gc,heap        ] GC(10) Heap before GC invocations=8 (full 0):
[0.820s][debug][gc,heap        ] GC(10)  garbage-first heap   total 262144K, used 233472K [0x00000000f0000000, 0x0000000100000000)
[0.820s][debug][gc,heap        ] GC(10)   region size 1024K, 19 young (19456K), 3 survivors (3072K)
[0.820s][debug][gc,heap        ] GC(10)  Metaspace       used 482K, committed 640K, reserved 1056768K
[0.820s][debug][gc,heap        ] GC(10)   class space    used 36K, committed 128K, reserved 1048576K
[0.820s][info ][gc,start       ] GC(10) Pause Young (Normal) (G1 Evacuation Pause)
[0.820s][info ][gc,task        ] GC(10) Using 4 workers of 4 for evacuation
[0.820s][debug][gc,tlab        ] GC(10) TLAB totals: thrds: 1  refills: 79 max: 79 slow allocs: 0 max 0 waste:  0.3% gc: 0B max: 0B slow: 45504B max: 45504B
[0.820s][debug][gc,age         ] GC(10) Desired survivor size 1572864 bytes, new threshold 1 (max threshold 15)
[0.820s][debug][gc,refine      ] Activated worker 0, on threshold: 2702, current: 2708
[0.820s][debug][gc,refine,stats] GC(10) Mutator refinement: 7.68ms, refined: 1309, precleaned: 0, dirtied: 54164
[0.820s][debug][gc,refine,stats] GC(10) Concurrent refinement: 46.29ms, refined: 51688, precleaned: 1, dirtied: 0
[0.820s][debug][gc,refine,stats] GC(10) Total refinement: 53.96ms, refined: 52997, precleaned: 1, dirtied: 54164
[0.820s][debug][gc,refine,stats] GC(10) Concurrent refinement rate: 982.06 cards/ms
[0.820s][debug][gc,refine,stats] GC(10) Generate dirty cards rate: 425.85 cards/ms
[0.820s][debug][gc,alloc,region] GC(10) Mutator Allocation stats, regions: 16, wasted size: 0B ( 0.0%)
[0.820s][debug][gc,humongous   ] GC(10) Humongous region 0 (object size 640280 @ 0x00000000f0000000) remset 0 code roots 0 marked 0 reclaim candidate 0 type array 0
[0.820s][debug][gc,humongous   ] GC(10) Humongous region 71 (object size 16409088 @ 0x00000000f4700000) remset 1 code roots 0 marked 0 reclaim candidate 0 type array 0
[0.820s][debug][gc,humongous   ] GC(10) Humongous region 173 (object size 36920416 @ 0x00000000fad00000) remset 0 code roots 0 marked 0 reclaim candidate 0 type array 0
[0.820s][debug][gc,humongous   ] GC(10) Humongous region 1 (object size 960408 @ 0x00000000f0100000) remset 0 code roots 0 marked 0 reclaim candidate 0 type array 0
[0.820s][debug][gc,humongous   ] GC(10) Humongous region 2 (object size 1440600 @ 0x00000000f0200000) remset 0 code roots 0 marked 0 reclaim candidate 0 type array 0
[0.820s][debug][gc,humongous   ] GC(10) Humongous region 115 (object size 24613616 @ 0x00000000f7300000) remset 0 code roots 0 marked 1 reclaim candidate 0 type array 0
[0.820s][debug][gc,humongous   ] GC(10) Humongous region 4 (object size 2160888 @ 0x00000000f0400000) remset 0 code roots 0 marked 0 reclaim candidate 0 type array 0
[0.820s][debug][gc,humongous   ] GC(10) Humongous region 12 (object size 3241320 @ 0x00000000f0c00000) remset 0 code roots 0 marked 0 reclaim candidate 0 type array 0
[0.820s][debug][gc,humongous   ] GC(10) Humongous region 16 (object size 4861968 @ 0x00000000f1000000) remset 1 code roots 0 marked 0 reclaim candidate 0 type array 0
[0.820s][debug][gc,humongous   ] GC(10) Humongous region 32 (object size 7292936 @ 0x00000000f2000000) remset 1 code roots 0 marked 0 reclaim candidate 0 type array 0
[0.820s][debug][gc,humongous   ] GC(10) Humongous region 49 (object size 10939400 @ 0x00000000f3100000) remset 1 code roots 0 marked 0 reclaim candidate 0 type array 0
[0.821s][debug][gc,ergo        ] GC(10) Running G1 Merge Heap Roots using 4 workers for 19 regions
[0.821s][debug][gc,remset      ] GC(10) Visited cards 9472 Total dirty 22528 (42.05%) Total old 505856 (1.87%)
[0.833s][debug][gc,ref         ] GC(10) Skipped phase 1 of Reference Processing: no references
[0.833s][debug][gc,ref         ] GC(10) Skipped phase 2 of Reference Processing: no references
[0.833s][debug][gc,ref         ] GC(10) Skipped phase 3 of Reference Processing: no references
[0.833s][debug][gc,ref         ] GC(10) Skipped phase 4 of Reference Processing: no references
[0.833s][debug][gc,ergo        ] GC(10) Running G1 Rebuild Free List Task using 4 workers for rebuilding free list of regions
[0.833s][debug][gc,plab        ] GC(10) Young PLAB allocation: allocated: 3145728B, wasted: 480B, unused: 0B, used: 3145248B, undo waste: 0B, 
[0.833s][debug][gc,plab        ] GC(10) Young other allocation: region end waste: 0B, regions filled: 3, direct allocated: 0B, failure used: 0B, failure wasted: 0B
[0.833s][debug][gc,plab        ] GC(10) Young sizing: calculated: 629048B, actual: 638056B
[0.833s][debug][gc,plab        ] GC(10) Old PLAB allocation: allocated: 6291456B, wasted: 128B, unused: 1030528B, used: 5260800B, undo waste: 0B, 
[0.833s][debug][gc,plab        ] GC(10) Old other allocation: region end waste: 0B, regions filled: 6, direct allocated: 0B, failure used: 0B, failure wasted: 0B
[0.833s][debug][gc,plab        ] GC(10) Old sizing: calculated: 1052160B, actual: 1353432B
[0.833s][debug][gc,ergo,heap   ] GC(10) Heap expansion: short term pause time ratio 61.15% long term pause time ratio 28.33% threshold 7.69% pause time ratio 7.69% fully expanded true resize by 0B
[0.833s][debug][gc,mmu         ] GC(10) MMU: 62.7ms (200.0ms/201.0ms)
[0.833s][debug][gc,alloc,stats ] Old generation allocation in the last mutator period, old gen allocated: 6291456B, humongous allocated: 37748736B,old gen growth: 44040192B.
[0.833s][debug][gc,ihop        ] GC(10) Basic information (value update), threshold: 120795955B (45.00), target occupancy: 268435456B, current occupancy: 228589568B, recent allocation size: 44040192B, recent allocation duration: 127.19ms, recent old gen allocation rate: 346251606.83B/s, recent marking phase length: 0.00ms
[0.833s][debug][gc,ihop        ] GC(10) Adaptive IHOP information (value update), threshold: 120795955B (52.94), internal target occupancy: 228170137B, occupancy: 228589568B, additional buffer size: 12582912B, predicted old gen allocation rate: 440624282.02B/s, predicted marking phase length: 0.00ms, prediction active: false
[0.833s][debug][gc,ergo,refine ] GC(10) Concurrent refinement times: Logged Cards Scan time goal: 20.00ms Logged Cards Scan time: 0.77ms HCC time: 0.00ms
[0.833s][debug][gc,ergo,refine ] GC(10) Updated Refinement Zones: green: 2409, yellow: 7227, red: 12045
[0.833s][info ][gc,phases      ] GC(10)   Pre Evacuate Collection Set: 0.4ms
[0.833s][debug][gc,phases      ] GC(10)     Prepare TLABs: 0.0ms
[0.833s][debug][gc,phases      ] GC(10)     Concatenate Dirty Card Logs: 0.0ms
[0.833s][debug][gc,phases      ] GC(10)     Choose Collection Set: 0.0ms
[0.833s][debug][gc,phases      ] GC(10)     Region Register: 0.4ms
[0.833s][debug][gc,phases      ] GC(10)     Prepare Heap Roots: 0.0ms
[0.833s][info ][gc,phases      ] GC(10)   Merge Heap Roots: 0.1ms
[0.833s][debug][gc,phases      ] GC(10)     Prepare Merge Heap Roots: 0.0ms
[0.833s][debug][gc,phases      ] GC(10)     Eager Reclaim (ms):            skipped
[0.833s][debug][gc,phases      ] GC(10)     Remembered Sets (ms):          Min:  0.0, Avg:  0.0, Max:  0.0, Diff:  0.0, Sum:  0.0, Workers: 4
[0.833s][debug][gc,phases      ] GC(10)       Merged Sparse:                 Min: 0, Avg:  0.0, Max: 0, Diff: 0, Sum: 0, Workers: 4
[0.833s][debug][gc,phases      ] GC(10)       Merged Fine:                   Min: 3, Avg:  4.8, Max: 6, Diff: 3, Sum: 19, Workers: 4
[0.833s][debug][gc,phases      ] GC(10)       Merged Coarse:                 Min: 0, Avg:  0.0, Max: 0, Diff: 0, Sum: 0, Workers: 4
[0.834s][debug][gc,phases      ] GC(10)       Dirty Cards:                   Min: 1015, Avg: 1031.8, Max: 1071, Diff: 56, Sum: 4127, Workers: 4
[0.834s][debug][gc,phases      ] GC(10)     Hot Card Cache (ms):           Min:  0.0, Avg:  0.0, Max:  0.0, Diff:  0.0, Sum:  0.0, Workers: 4
[0.834s][debug][gc,phases      ] GC(10)       Dirty Cards:                   Min: 0, Avg:  0.0, Max: 0, Diff: 0, Sum: 0, Workers: 4
[0.834s][debug][gc,phases      ] GC(10)       Skipped Cards:                 Min: 0, Avg:  0.0, Max: 0, Diff: 0, Sum: 0, Workers: 4
[0.834s][debug][gc,phases      ] GC(10)     Log Buffers (ms):              Min:  0.0, Avg:  0.0, Max:  0.0, Diff:  0.0, Sum:  0.0, Workers: 4
[0.834s][debug][gc,phases      ] GC(10)       Dirty Cards:                   Min: 536, Avg: 669.0, Max: 760, Diff: 224, Sum: 2676, Workers: 4
[0.834s][debug][gc,phases      ] GC(10)       Skipped Cards:                 Min: 0, Avg:  0.0, Max: 0, Diff: 0, Sum: 0, Workers: 4
[0.834s][info ][gc,phases      ] GC(10)   Evacuate Collection Set: 11.9ms
[0.834s][debug][gc,phases      ] GC(10)     Ext Root Scanning (ms):        Min:  0.0, Avg:  0.0, Max:  0.0, Diff:  0.0, Sum:  0.0, Workers: 4
[0.834s][debug][gc,phases      ] GC(10)     Scan Heap Roots (ms):          Min:  1.5, Avg:  1.9, Max:  3.0, Diff:  1.5, Sum:  7.7, Workers: 4
[0.834s][debug][gc,phases      ] GC(10)       Scanned Cards:                 Min: 1113, Avg: 1716.8, Max: 3325, Diff: 2212, Sum: 6867, Workers: 4
[0.834s][debug][gc,phases      ] GC(10)       Scanned Blocks:                Min: 5, Avg: 11.8, Max: 29, Diff: 24, Sum: 47, Workers: 4
[0.834s][debug][gc,phases      ] GC(10)       Claimed Chunks:                Min: 5, Avg:  9.3, Max: 19, Diff: 14, Sum: 37, Workers: 4
[0.834s][debug][gc,phases      ] GC(10)     Code Root Scan (ms):           Min:  0.0, Avg:  0.0, Max:  0.0, Diff:  0.0, Sum:  0.0, Workers: 4
[0.834s][debug][gc,phases      ] GC(10)     Object Copy (ms):              Min:  8.8, Avg:  9.9, Max: 10.3, Diff:  1.5, Sum: 39.6, Workers: 4
[0.834s][debug][gc,phases      ] GC(10)     Termination (ms):              Min:  0.0, Avg:  0.0, Max:  0.0, Diff:  0.0, Sum:  0.0, Workers: 4
[0.834s][debug][gc,phases      ] GC(10)       Termination Attempts:          Min: 1, Avg:  1.0, Max: 1, Diff: 0, Sum: 4, Workers: 4
[0.834s][debug][gc,phases      ] GC(10)     GC Worker Other (ms):          Min:  0.0, Avg:  0.0, Max:  0.0, Diff:  0.0, Sum:  0.0, Workers: 4
[0.834s][debug][gc,phases      ] GC(10)     GC Worker Total (ms):          Min: 11.9, Avg: 11.9, Max: 11.9, Diff:  0.0, Sum: 47.4, Workers: 4
[0.834s][info ][gc,phases      ] GC(10)   Post Evacuate Collection Set: 0.4ms
[0.834s][debug][gc,phases      ] GC(10)     Code Roots Fixup: 0.0ms
[0.834s][debug][gc,phases      ] GC(10)     Reference Processing: 0.2ms
[0.834s][debug][gc,phases,ref  ] GC(10)       Reconsider SoftReferences: 0.1ms
[0.834s][debug][gc,phases,ref  ] GC(10)         SoftRef (ms):                  skipped
[0.834s][debug][gc,phases,ref  ] GC(10)       Notify Soft/WeakReferences: 0.0ms
[0.834s][debug][gc,phases,ref  ] GC(10)         SoftRef (ms):                  skipped
[0.834s][debug][gc,phases,ref  ] GC(10)         WeakRef (ms):                  skipped
[0.834s][debug][gc,phases,ref  ] GC(10)         FinalRef (ms):                 skipped
[0.834s][debug][gc,phases,ref  ] GC(10)         Total (ms):                    skipped
[0.834s][debug][gc,phases,ref  ] GC(10)       Notify and keep alive finalizable: 0.0ms
[0.834s][debug][gc,phases,ref  ] GC(10)         FinalRef (ms):                 skipped
[0.834s][debug][gc,phases,ref  ] GC(10)       Notify PhantomReferences: 0.0ms
[0.834s][debug][gc,phases,ref  ] GC(10)         PhantomRef (ms):               skipped
[0.834s][debug][gc,phases,ref  ] GC(10)       SoftReference:
[0.834s][debug][gc,phases,ref  ] GC(10)         Discovered: 0
[0.834s][debug][gc,phases,ref  ] GC(10)         Cleared: 0
[0.834s][debug][gc,phases,ref  ] GC(10)       WeakReference:
[0.834s][debug][gc,phases,ref  ] GC(10)         Discovered: 0
[0.834s][debug][gc,phases,ref  ] GC(10)         Cleared: 0
[0.834s][debug][gc,phases,ref  ] GC(10)       FinalReference:
[0.834s][debug][gc,phases,ref  ] GC(10)         Discovered: 0
[0.834s][debug][gc,phases,ref  ] GC(10)         Cleared: 0
[0.834s][debug][gc,phases,ref  ] GC(10)       PhantomReference:
[0.834s][debug][gc,phases,ref  ] GC(10)         Discovered: 0
[0.834s][debug][gc,phases,ref  ] GC(10)         Cleared: 0
[0.834s][debug][gc,phases      ] GC(10)     Weak Processing: 0.0ms
[0.834s][debug][gc,phases      ] GC(10)       VM Weak                        Min:  0.0, Avg:  0.0, Max:  0.0, Diff:  0.0, Sum:  0.0, Workers: 3
[0.834s][debug][gc,phases      ] GC(10)         Dead                           Min: 0, Avg:  0.0, Max: 0, Diff: 0, Sum: 0, Workers: 3
[0.834s][debug][gc,phases      ] GC(10)         Total                          Min: 0, Avg:  4.7, Max: 14, Diff: 14, Sum: 14, Workers: 3
[0.834s][debug][gc,phases      ] GC(10)       ObjectSynchronizer Weak        Min:  0.0, Avg:  0.0, Max:  0.0, Diff:  0.0, Sum:  0.0, Workers: 3
[0.834s][debug][gc,phases      ] GC(10)         Dead                           Min: 0, Avg:  0.0, Max: 0, Diff: 0, Sum: 0, Workers: 3
[0.834s][debug][gc,phases      ] GC(10)         Total                          Min: 0, Avg:  1.0, Max: 3, Diff: 3, Sum: 3, Workers: 3
[0.834s][debug][gc,phases      ] GC(10)       JVMTI Tag Weak OopStorage      Min:  0.0, Avg:  0.0, Max:  0.0, Diff:  0.0, Sum:  0.0, Workers: 3
[0.834s][debug][gc,phases      ] GC(10)         Dead                           Min: 0, Avg:  0.0, Max: 0, Diff: 0, Sum: 0, Workers: 3
[0.834s][debug][gc,phases      ] GC(10)         Total                          Min: 0, Avg:  0.0, Max: 0, Diff: 0, Sum: 0, Workers: 3
[0.834s][debug][gc,phases      ] GC(10)       StringTable Weak               Min:  0.0, Avg:  0.0, Max:  0.0, Diff:  0.0, Sum:  0.0, Workers: 3
[0.834s][debug][gc,phases      ] GC(10)         Dead                           Min: 0, Avg:  0.0, Max: 0, Diff: 0, Sum: 0, Workers: 3
[0.834s][debug][gc,phases      ] GC(10)         Total                          Min: 704, Avg: 819.0, Max: 1049, Diff: 345, Sum: 2457, Workers: 3
[0.834s][debug][gc,phases      ] GC(10)       ResolvedMethodTable Weak       Min:  0.0, Avg:  0.0, Max:  0.0, Diff:  0.0, Sum:  0.0, Workers: 3
[0.834s][debug][gc,phases      ] GC(10)         Dead                           Min: 0, Avg:  0.0, Max: 0, Diff: 0, Sum: 0, Workers: 3
[0.835s][debug][gc,phases      ] GC(10)         Total                          Min: 9, Avg: 45.7, Max: 64, Diff: 55, Sum: 137, Workers: 3
[0.835s][debug][gc,phases      ] GC(10)       JNI Weak                       Min:  0.0, Avg:  0.0, Max:  0.0, Diff:  0.0, Sum:  0.0, Workers: 3
[0.835s][debug][gc,phases      ] GC(10)         Dead                           Min: 0, Avg:  0.0, Max: 0, Diff: 0, Sum: 0, Workers: 3
[0.835s][debug][gc,phases      ] GC(10)         Total                          Min: 0, Avg:  0.0, Max: 0, Diff: 0, Sum: 0, Workers: 3
[0.835s][debug][gc,phases      ] GC(10)       StringDedup Table Weak         Min:  0.0, Avg:  0.0, Max:  0.0, Diff:  0.0, Sum:  0.0, Workers: 3
[0.835s][debug][gc,phases      ] GC(10)         Dead                           Min: 0, Avg:  0.0, Max: 0, Diff: 0, Sum: 0, Workers: 3
[0.835s][debug][gc,phases      ] GC(10)         Total                          Min: 0, Avg:  0.0, Max: 0, Diff: 0, Sum: 0, Workers: 3
[0.835s][debug][gc,phases      ] GC(10)       StringDedup Requests0 Weak     Min:  0.0, Avg:  0.0, Max:  0.0, Diff:  0.0, Sum:  0.0, Workers: 3
[0.835s][debug][gc,phases      ] GC(10)         Dead                           Min: 0, Avg:  0.0, Max: 0, Diff: 0, Sum: 0, Workers: 3
[0.835s][debug][gc,phases      ] GC(10)         Total                          Min: 0, Avg:  0.0, Max: 0, Diff: 0, Sum: 0, Workers: 3
[0.835s][debug][gc,phases      ] GC(10)       StringDedup Requests1 Weak     Min:  0.0, Avg:  0.0, Max:  0.0, Diff:  0.0, Sum:  0.0, Workers: 3
[0.835s][debug][gc,phases      ] GC(10)         Dead                           Min: 0, Avg:  0.0, Max: 0, Diff: 0, Sum: 0, Workers: 3
[0.835s][debug][gc,phases      ] GC(10)         Total                          Min: 0, Avg:  0.0, Max: 0, Diff: 0, Sum: 0, Workers: 3
[0.835s][debug][gc,phases      ] GC(10)       Weak JFR Old Object Samples    Min:  0.0, Avg:  0.0, Max:  0.0, Diff:  0.0, Sum:  0.0, Workers: 3
[0.835s][debug][gc,phases      ] GC(10)         Dead                           Min: 0, Avg:  0.0, Max: 0, Diff: 0, Sum: 0, Workers: 3
[0.835s][debug][gc,phases      ] GC(10)         Total                          Min: 0, Avg:  0.0, Max: 0, Diff: 0, Sum: 0, Workers: 3
[0.835s][debug][gc,phases      ] GC(10)     Post Evacuate Cleanup 1: 0.0ms
[0.835s][debug][gc,phases      ] GC(10)       Merge Per-Thread State (ms):   Min:  0.0, Avg:  0.0, Max:  0.0, Diff:  0.0, Sum:  0.0, Workers: 1
[0.835s][debug][gc,phases      ] GC(10)         Copied Bytes                   Min: 1896624, Avg: 2101512.0, Max: 2311952, Diff: 415328, Sum: 8406048, Workers: 4
[0.835s][debug][gc,phases      ] GC(10)         LAB Waste                      Min: 104, Avg: 152.0, Max: 248, Diff: 144, Sum: 608, Workers: 4
[0.835s][debug][gc,phases      ] GC(10)         LAB Undo Waste                 Min: 0, Avg:  0.0, Max: 0, Diff: 0, Sum: 0, Workers: 4
[0.835s][debug][gc,phases      ] GC(10)       Clear Logged Cards (ms):       Min:  0.0, Avg:  0.0, Max:  0.0, Diff:  0.0, Sum:  0.0, Workers: 3
[0.835s][debug][gc,phases      ] GC(10)       Recalculate Used Memory (ms):  Min:  0.0, Avg:  0.0, Max:  0.0, Diff:  0.0, Sum:  0.0, Workers: 1
[0.835s][debug][gc,phases      ] GC(10)     Post Evacuate Cleanup 2: 0.1ms
[0.835s][debug][gc,phases      ] GC(10)       Reset Hot Card Cache (ms):     Min:  0.0, Avg:  0.0, Max:  0.0, Diff:  0.0, Sum:  0.0, Workers: 1
[0.835s][debug][gc,phases      ] GC(10)       Purge Code Roots (ms):         Min:  0.0, Avg:  0.0, Max:  0.0, Diff:  0.0, Sum:  0.0, Workers: 1
[0.835s][debug][gc,phases      ] GC(10)       Update Derived Pointers (ms):  Min:  0.0, Avg:  0.0, Max:  0.0, Diff:  0.0, Sum:  0.0, Workers: 1
[0.835s][debug][gc,phases      ] GC(10)       Eagerly Reclaim Humongous Objects (ms): Min:  0.0, Avg:  0.0, Max:  0.0, Diff:  0.0, Sum:  0.0, Workers: 1
[0.835s][debug][gc,phases      ] GC(10)         Humongous Total                Min: 11, Avg: 11.0, Max: 11, Diff: 0, Sum: 11, Workers: 1
[0.835s][debug][gc,phases      ] GC(10)         Humongous Candidates           Min: 0, Avg:  0.0, Max: 0, Diff: 0, Sum: 0, Workers: 1
[0.835s][debug][gc,phases      ] GC(10)         Humongous Reclaimed            Min: 0, Avg:  0.0, Max: 0, Diff: 0, Sum: 0, Workers: 1
[0.835s][debug][gc,phases      ] GC(10)       Redirty Logged Cards (ms):     Min:  0.0, Avg:  0.0, Max:  0.0, Diff:  0.0, Sum:  0.0, Workers: 4
[0.835s][debug][gc,phases      ] GC(10)         Redirtied Cards:               Min: 0, Avg: 385.0, Max: 525, Diff: 525, Sum: 1540, Workers: 4
[0.835s][debug][gc,phases      ] GC(10)       Free Collection Set (ms):      Min:  0.0, Avg:  0.0, Max:  0.0, Diff:  0.0, Sum:  0.0, Workers: 4
[0.835s][debug][gc,phases      ] GC(10)     Rebuild Free List: 0.1ms
[0.835s][debug][gc,phases      ] GC(10)     Start New Collection Set: 0.0ms
[0.835s][debug][gc,phases      ] GC(10)     Resize TLABs: 0.0ms
[0.835s][debug][gc,phases      ] GC(10)     Expand Heap After Collection: 0.0ms
[0.835s][info ][gc,phases      ] GC(10)   Other: 0.6ms
[0.835s][info ][gc,heap        ] GC(10) Eden regions: 16->0(9)
[0.835s][info ][gc,heap        ] GC(10) Survivor regions: 3->3(3)
[0.835s][info ][gc,heap        ] GC(10) Old regions: 99->105
[0.835s][info ][gc,heap        ] GC(10) Archive regions: 0->0
[0.835s][info ][gc,heap        ] GC(10) Humongous regions: 110->110
[0.835s][info ][gc,metaspace   ] GC(10) Metaspace: 482K(640K)->482K(640K) NonClass: 446K(512K)->446K(512K) Class: 36K(128K)->36K(128K)
[0.835s][debug][gc,heap        ] GC(10) Heap after GC invocations=9 (full 0):
[0.835s][debug][gc,heap        ] GC(10)  garbage-first heap   total 262144K, used 223232K [0x00000000f0000000, 0x0000000100000000)
[0.835s][debug][gc,heap        ] GC(10)   region size 1024K, 3 young (3072K), 3 survivors (3072K)
[0.835s][debug][gc,heap        ] GC(10)  Metaspace       used 482K, committed 640K, reserved 1056768K
[0.835s][debug][gc,heap        ] GC(10)   class space    used 36K, committed 128K, reserved 1048576K
[0.835s][info ][gc             ] GC(10) Pause Young (Normal) (G1 Evacuation Pause) 228M->218M(256M) 15.429ms
[0.835s][info ][gc,cpu         ] GC(10) User=0.00s Sys=0.00s Real=0.02s
[0.835s][debug][gc,refine      ] Deactivated worker 0, off threshold: 2409, current: 1540, refined cards: 0
[0.840s][debug][gc,refine      ] Activated worker 0, on threshold: 2921, current: 3076
[0.841s][debug][gc,refine      ] Deactivated worker 0, off threshold: 2409, current: 2294, refined cards: 782
[0.842s][debug][gc,refine      ] Activated worker 0, on threshold: 2921, current: 3062
[0.843s][debug][gc,refine      ] Deactivated worker 0, off threshold: 2409, current: 2304, refined cards: 758
[0.845s][debug][gc,refine      ] Activated worker 0, on threshold: 2921, current: 3072
[0.846s][debug][gc,refine      ] Deactivated worker 0, off threshold: 2409, current: 2304, refined cards: 768
[0.847s][debug][gc,refine      ] Activated worker 0, on threshold: 2921, current: 3072
[0.848s][debug][gc,refine      ] Deactivated worker 0, off threshold: 2409, current: 2304, refined cards: 768
[0.850s][debug][gc,heap        ] GC(11) Heap before GC invocations=9 (full 0):
[0.850s][debug][gc,heap        ] GC(11)  garbage-first heap   total 262144K, used 232448K [0x00000000f0000000, 0x0000000100000000)
[0.850s][debug][gc,heap        ] GC(11)   region size 1024K, 12 young (12288K), 3 survivors (3072K)
[0.850s][debug][gc,heap        ] GC(11)  Metaspace       used 482K, committed 640K, reserved 1056768K
[0.850s][debug][gc,heap        ] GC(11)   class space    used 36K, committed 128K, reserved 1048576K
[0.850s][info ][gc,start       ] GC(11) Pause Young (Normal) (G1 Evacuation Pause)
[0.850s][info ][gc,task        ] GC(11) Using 4 workers of 4 for evacuation
[0.850s][debug][gc,tlab        ] GC(11) TLAB totals: thrds: 1  refills: 63 max: 63 slow allocs: 0 max 0 waste:  0.4% gc: 0B max: 0B slow: 36288B max: 36288B
[0.850s][debug][gc,age         ] GC(11) Desired survivor size 1048576 bytes, new threshold 1 (max threshold 15)
[0.850s][debug][gc,refine      ] Activated worker 0, on threshold: 2921, current: 3055
[0.850s][debug][gc,refine,stats] GC(11) Mutator refinement: 0.00ms, refined: 0, precleaned: 0, dirtied: 4591
[0.850s][debug][gc,refine,stats] GC(11) Concurrent refinement: 3.42ms, refined: 3076, precleaned: 1, dirtied: 0
[0.850s][debug][gc,refine,stats] GC(11) Total refinement: 3.42ms, refined: 3076, precleaned: 1, dirtied: 4591
[0.850s][debug][gc,refine,stats] GC(11) Concurrent refinement rate: 899.86 cards/ms
[0.850s][debug][gc,refine,stats] GC(11) Generate dirty cards rate: 273.54 cards/ms
[0.850s][debug][gc,alloc,region] GC(11) Mutator Allocation stats, regions: 9, wasted size: 0B ( 0.0%)
[0.850s][debug][gc,humongous   ] GC(11) Humongous region 0 (object size 640280 @ 0x00000000f0000000) remset 0 code roots 0 marked 0 reclaim candidate 0 type array 0
[0.850s][debug][gc,humongous   ] GC(11) Humongous region 71 (object size 16409088 @ 0x00000000f4700000) remset 1 code roots 0 marked 0 reclaim candidate 0 type array 0
[0.850s][debug][gc,humongous   ] GC(11) Humongous region 173 (object size 36920416 @ 0x00000000fad00000) remset 0 code roots 0 marked 0 reclaim candidate 0 type array 0
[0.850s][debug][gc,humongous   ] GC(11) Humongous region 1 (object size 960408 @ 0x00000000f0100000) remset 0 code roots 0 marked 0 reclaim candidate 0 type array 0
[0.850s][debug][gc,humongous   ] GC(11) Humongous region 2 (object size 1440600 @ 0x00000000f0200000) remset 0 code roots 0 marked 0 reclaim candidate 0 type array 0
[0.850s][debug][gc,humongous   ] GC(11) Humongous region 115 (object size 24613616 @ 0x00000000f7300000) remset 0 code roots 0 marked 1 reclaim candidate 0 type array 0
[0.850s][debug][gc,humongous   ] GC(11) Humongous region 4 (object size 2160888 @ 0x00000000f0400000) remset 0 code roots 0 marked 0 reclaim candidate 0 type array 0
[0.850s][debug][gc,humongous   ] GC(11) Humongous region 12 (object size 3241320 @ 0x00000000f0c00000) remset 0 code roots 0 marked 0 reclaim candidate 0 type array 0
[0.850s][debug][gc,humongous   ] GC(11) Humongous region 16 (object size 4861968 @ 0x00000000f1000000) remset 1 code roots 0 marked 0 reclaim candidate 0 type array 0
[0.850s][debug][gc,humongous   ] GC(11) Humongous region 32 (object size 7292936 @ 0x00000000f2000000) remset 1 code roots 0 marked 0 reclaim candidate 0 type array 0
[0.850s][debug][gc,humongous   ] GC(11) Humongous region 49 (object size 10939400 @ 0x00000000f3100000) remset 1 code roots 0 marked 0 reclaim candidate 0 type array 0
[0.851s][debug][gc,ergo        ] GC(11) Running G1 Merge Heap Roots using 4 workers for 12 regions
[0.851s][debug][gc,remset      ] GC(11) Visited cards 6912 Total dirty 10240 (67.50%) Total old 489472 (1.41%)
[0.868s][debug][gc,ref         ] GC(11) Skipped phase 1 of Reference Processing: no references
[0.869s][debug][gc,ref         ] GC(11) Skipped phase 2 of Reference Processing: no references
[0.869s][debug][gc,ref         ] GC(11) Skipped phase 3 of Reference Processing: no references
[0.869s][debug][gc,ref         ] GC(11) Skipped phase 4 of Reference Processing: no references
[0.869s][debug][gc,ergo        ] GC(11) Running G1 Rebuild Free List Task using 4 workers for rebuilding free list of regions
[0.869s][debug][gc,plab        ] GC(11) Young PLAB allocation: allocated: 2097152B, wasted: 320B, unused: 0B, used: 2096832B, undo waste: 0B, 
[0.869s][debug][gc,plab        ] GC(11) Young other allocation: region end waste: 0B, regions filled: 2, direct allocated: 0B, failure used: 0B, failure wasted: 0B
[0.869s][debug][gc,plab        ] GC(11) Young sizing: calculated: 419360B, actual: 474032B
[0.869s][debug][gc,plab        ] GC(11) Old PLAB allocation: allocated: 11500816B, wasted: 624B, unused: 1050880B, used: 10449312B, undo waste: 0B, 
[0.869s][debug][gc,plab        ] GC(11) Old other allocation: region end waste: 0B, regions filled: 11, direct allocated: 0B, failure used: 0B, failure wasted: 0B
[0.869s][debug][gc,plab        ] GC(11) Old sizing: calculated: 2089856B, actual: 1905744B
[0.869s][debug][gc,ergo,heap   ] GC(11) Heap expansion: short term pause time ratio 9.35% long term pause time ratio 25.07% threshold 7.69% pause time ratio 7.69% fully expanded true resize by 0B
[0.869s][debug][gc,mmu         ] GC(11) MMU: 49.8ms (200.0ms/201.0ms)
[0.869s][debug][gc,alloc,stats ] Old generation allocation in the last mutator period, old gen allocated: 11500816B, humongous allocated: 0B,old gen growth: 11500816B.
[0.869s][debug][gc,ihop        ] GC(11) Basic information (value update), threshold: 120795955B (45.00), target occupancy: 268435456B, current occupancy: 239042048B, recent allocation size: 11500816B, recent allocation duration: 16.78ms, recent old gen allocation rate: 685249472.69B/s, recent marking phase length: 0.00ms
[0.869s][debug][gc,ihop        ] GC(11) Adaptive IHOP information (value update), threshold: 120795955B (52.94), internal target occupancy: 228170137B, occupancy: 239042048B, additional buffer size: 12582912B, predicted old gen allocation rate: 462998926.10B/s, predicted marking phase length: 0.00ms, prediction active: false
[0.869s][debug][gc,ergo,refine ] GC(11) Concurrent refinement times: Logged Cards Scan time goal: 20.00ms Logged Cards Scan time: 1.13ms HCC time: 0.00ms
[0.869s][debug][gc,ergo,refine ] GC(11) Updated Refinement Zones: green: 2649, yellow: 7947, red: 13245
[0.869s][info ][gc,phases      ] GC(11)   Pre Evacuate Collection Set: 0.4ms
[0.869s][debug][gc,phases      ] GC(11)     Prepare TLABs: 0.0ms
[0.869s][debug][gc,phases      ] GC(11)     Concatenate Dirty Card Logs: 0.0ms
[0.869s][debug][gc,phases      ] GC(11)     Choose Collection Set: 0.0ms
[0.869s][debug][gc,phases      ] GC(11)     Region Register: 0.4ms
[0.869s][debug][gc,phases      ] GC(11)     Prepare Heap Roots: 0.0ms
[0.869s][info ][gc,phases      ] GC(11)   Merge Heap Roots: 0.1ms
[0.869s][debug][gc,phases      ] GC(11)     Prepare Merge Heap Roots: 0.0ms
[0.869s][debug][gc,phases      ] GC(11)     Eager Reclaim (ms):            skipped
[0.869s][debug][gc,phases      ] GC(11)     Remembered Sets (ms):          Min:  0.0, Avg:  0.0, Max:  0.0, Diff:  0.0, Sum:  0.0, Workers: 4
[0.869s][debug][gc,phases      ] GC(11)       Merged Sparse:                 Min: 0, Avg:  0.5, Max: 2, Diff: 2, Sum: 2, Workers: 4
[0.870s][debug][gc,phases      ] GC(11)       Merged Fine:                   Min: 0, Avg:  1.8, Max: 4, Diff: 4, Sum: 7, Workers: 4
[0.870s][debug][gc,phases      ] GC(11)       Merged Coarse:                 Min: 0, Avg:  0.0, Max: 0, Diff: 0, Sum: 0, Workers: 4
[0.870s][debug][gc,phases      ] GC(11)       Dirty Cards:                   Min: 0, Avg: 765.3, Max: 1532, Diff: 1532, Sum: 3061, Workers: 4
[0.870s][debug][gc,phases      ] GC(11)     Hot Card Cache (ms):           Min:  0.0, Avg:  0.0, Max:  0.0, Diff:  0.0, Sum:  0.0, Workers: 4
[0.870s][debug][gc,phases      ] GC(11)       Dirty Cards:                   Min: 0, Avg:  0.0, Max: 0, Diff: 0, Sum: 0, Workers: 4
[0.870s][debug][gc,phases      ] GC(11)       Skipped Cards:                 Min: 0, Avg:  0.0, Max: 0, Diff: 0, Sum: 0, Workers: 4
[0.870s][debug][gc,phases      ] GC(11)     Log Buffers (ms):              Min:  0.0, Avg:  0.0, Max:  0.0, Diff:  0.0, Sum:  0.0, Workers: 4
[0.870s][debug][gc,phases      ] GC(11)       Dirty Cards:                   Min: 0, Avg: 757.8, Max: 1016, Diff: 1016, Sum: 3031, Workers: 4
[0.870s][debug][gc,phases      ] GC(11)       Skipped Cards:                 Min: 0, Avg:  0.0, Max: 0, Diff: 0, Sum: 0, Workers: 4
[0.870s][info ][gc,phases      ] GC(11)   Evacuate Collection Set: 17.8ms
[0.870s][debug][gc,phases      ] GC(11)     Ext Root Scanning (ms):        Min:  0.0, Avg:  0.0, Max:  0.0, Diff:  0.0, Sum:  0.1, Workers: 4
[0.870s][debug][gc,phases      ] GC(11)     Scan Heap Roots (ms):          Min:  2.1, Avg:  2.3, Max:  2.5, Diff:  0.4, Sum:  9.1, Workers: 4
[0.870s][debug][gc,phases      ] GC(11)       Scanned Cards:                 Min: 1529, Avg: 1532.8, Max: 1536, Diff: 7, Sum: 6131, Workers: 4
[0.870s][debug][gc,phases      ] GC(11)       Scanned Blocks:                Min: 6, Avg:  6.8, Max: 8, Diff: 2, Sum: 27, Workers: 4
[0.870s][debug][gc,phases      ] GC(11)       Claimed Chunks:                Min: 6, Avg:  6.8, Max: 8, Diff: 2, Sum: 27, Workers: 4
[0.870s][debug][gc,phases      ] GC(11)     Code Root Scan (ms):           Min:  0.0, Avg:  0.0, Max:  0.0, Diff:  0.0, Sum:  0.0, Workers: 4
[0.870s][debug][gc,phases      ] GC(11)     Object Copy (ms):              Min: 15.2, Avg: 15.4, Max: 15.5, Diff:  0.4, Sum: 61.6, Workers: 4
[0.870s][debug][gc,phases      ] GC(11)     Termination (ms):              Min:  0.0, Avg:  0.0, Max:  0.0, Diff:  0.0, Sum:  0.0, Workers: 4
[0.870s][debug][gc,phases      ] GC(11)       Termination Attempts:          Min: 1, Avg:  4.5, Max: 8, Diff: 7, Sum: 18, Workers: 4
[0.870s][debug][gc,phases      ] GC(11)     GC Worker Other (ms):          Min:  0.0, Avg:  0.0, Max:  0.0, Diff:  0.0, Sum:  0.0, Workers: 4
[0.870s][debug][gc,phases      ] GC(11)     GC Worker Total (ms):          Min: 17.7, Avg: 17.7, Max: 17.7, Diff:  0.0, Sum: 70.8, Workers: 4
[0.870s][info ][gc,phases      ] GC(11)   Post Evacuate Collection Set: 0.4ms
[0.870s][debug][gc,phases      ] GC(11)     Code Roots Fixup: 0.0ms
[0.870s][debug][gc,phases      ] GC(11)     Reference Processing: 0.2ms
[0.870s][debug][gc,phases,ref  ] GC(11)       Reconsider SoftReferences: 0.1ms
[0.870s][debug][gc,phases,ref  ] GC(11)         SoftRef (ms):                  skipped
[0.870s][debug][gc,phases,ref  ] GC(11)       Notify Soft/WeakReferences: 0.0ms
[0.870s][debug][gc,phases,ref  ] GC(11)         SoftRef (ms):                  skipped
[0.870s][debug][gc,phases,ref  ] GC(11)         WeakRef (ms):                  skipped
[0.870s][debug][gc,phases,ref  ] GC(11)         FinalRef (ms):                 skipped
[0.870s][debug][gc,phases,ref  ] GC(11)         Total (ms):                    skipped
[0.870s][debug][gc,phases,ref  ] GC(11)       Notify and keep alive finalizable: 0.0ms
[0.870s][debug][gc,phases,ref  ] GC(11)         FinalRef (ms):                 skipped
[0.870s][debug][gc,phases,ref  ] GC(11)       Notify PhantomReferences: 0.0ms
[0.870s][debug][gc,phases,ref  ] GC(11)         PhantomRef (ms):               skipped
[0.870s][debug][gc,phases,ref  ] GC(11)       SoftReference:
[0.870s][debug][gc,phases,ref  ] GC(11)         Discovered: 0
[0.870s][debug][gc,phases,ref  ] GC(11)         Cleared: 0
[0.870s][debug][gc,phases,ref  ] GC(11)       WeakReference:
[0.870s][debug][gc,phases,ref  ] GC(11)         Discovered: 0
[0.870s][debug][gc,phases,ref  ] GC(11)         Cleared: 0
[0.870s][debug][gc,phases,ref  ] GC(11)       FinalReference:
[0.870s][debug][gc,phases,ref  ] GC(11)         Discovered: 0
[0.870s][debug][gc,phases,ref  ] GC(11)         Cleared: 0
[0.870s][debug][gc,phases,ref  ] GC(11)       PhantomReference:
[0.870s][debug][gc,phases,ref  ] GC(11)         Discovered: 0
[0.870s][debug][gc,phases,ref  ] GC(11)         Cleared: 0
[0.870s][debug][gc,phases      ] GC(11)     Weak Processing: 0.0ms
[0.870s][debug][gc,phases      ] GC(11)       VM Weak                        Min:  0.0, Avg:  0.0, Max:  0.0, Diff:  0.0, Sum:  0.0, Workers: 3
[0.870s][debug][gc,phases      ] GC(11)         Dead                           Min: 0, Avg:  0.0, Max: 0, Diff: 0, Sum: 0, Workers: 3
[0.870s][debug][gc,phases      ] GC(11)         Total                          Min: 0, Avg:  4.7, Max: 14, Diff: 14, Sum: 14, Workers: 3
[0.870s][debug][gc,phases      ] GC(11)       ObjectSynchronizer Weak        Min:  0.0, Avg:  0.0, Max:  0.0, Diff:  0.0, Sum:  0.0, Workers: 3
[0.870s][debug][gc,phases      ] GC(11)         Dead                           Min: 0, Avg:  0.0, Max: 0, Diff: 0, Sum: 0, Workers: 3
[0.870s][debug][gc,phases      ] GC(11)         Total                          Min: 0, Avg:  1.0, Max: 3, Diff: 3, Sum: 3, Workers: 3
[0.870s][debug][gc,phases      ] GC(11)       JVMTI Tag Weak OopStorage      Min:  0.0, Avg:  0.0, Max:  0.0, Diff:  0.0, Sum:  0.0, Workers: 3
[0.870s][debug][gc,phases      ] GC(11)         Dead                           Min: 0, Avg:  0.0, Max: 0, Diff: 0, Sum: 0, Workers: 3
[0.870s][debug][gc,phases      ] GC(11)         Total                          Min: 0, Avg:  0.0, Max: 0, Diff: 0, Sum: 0, Workers: 3
[0.870s][debug][gc,phases      ] GC(11)       StringTable Weak               Min:  0.0, Avg:  0.0, Max:  0.0, Diff:  0.0, Sum:  0.0, Workers: 3
[0.870s][debug][gc,phases      ] GC(11)         Dead                           Min: 0, Avg:  0.0, Max: 0, Diff: 0, Sum: 0, Workers: 3
[0.870s][debug][gc,phases      ] GC(11)         Total                          Min: 576, Avg: 819.0, Max: 960, Diff: 384, Sum: 2457, Workers: 3
[0.870s][debug][gc,phases      ] GC(11)       ResolvedMethodTable Weak       Min:  0.0, Avg:  0.0, Max:  0.0, Diff:  0.0, Sum:  0.0, Workers: 3
[0.870s][debug][gc,phases      ] GC(11)         Dead                           Min: 0, Avg:  0.0, Max: 0, Diff: 0, Sum: 0, Workers: 3
[0.871s][debug][gc,phases      ] GC(11)         Total                          Min: 0, Avg: 45.7, Max: 128, Diff: 128, Sum: 137, Workers: 3
[0.871s][debug][gc,phases      ] GC(11)       JNI Weak                       Min:  0.0, Avg:  0.0, Max:  0.0, Diff:  0.0, Sum:  0.0, Workers: 3
[0.871s][debug][gc,phases      ] GC(11)         Dead                           Min: 0, Avg:  0.0, Max: 0, Diff: 0, Sum: 0, Workers: 3
[0.871s][debug][gc,phases      ] GC(11)         Total                          Min: 0, Avg:  0.0, Max: 0, Diff: 0, Sum: 0, Workers: 3
[0.871s][debug][gc,phases      ] GC(11)       StringDedup Table Weak         Min:  0.0, Avg:  0.0, Max:  0.0, Diff:  0.0, Sum:  0.0, Workers: 3
[0.871s][debug][gc,phases      ] GC(11)         Dead                           Min: 0, Avg:  0.0, Max: 0, Diff: 0, Sum: 0, Workers: 3
[0.871s][debug][gc,phases      ] GC(11)         Total                          Min: 0, Avg:  0.0, Max: 0, Diff: 0, Sum: 0, Workers: 3
[0.871s][debug][gc,phases      ] GC(11)       StringDedup Requests0 Weak     Min:  0.0, Avg:  0.0, Max:  0.0, Diff:  0.0, Sum:  0.0, Workers: 3
[0.871s][debug][gc,phases      ] GC(11)         Dead                           Min: 0, Avg:  0.0, Max: 0, Diff: 0, Sum: 0, Workers: 3
[0.871s][debug][gc,phases      ] GC(11)         Total                          Min: 0, Avg:  0.0, Max: 0, Diff: 0, Sum: 0, Workers: 3
[0.871s][debug][gc,phases      ] GC(11)       StringDedup Requests1 Weak     Min:  0.0, Avg:  0.0, Max:  0.0, Diff:  0.0, Sum:  0.0, Workers: 3
[0.871s][debug][gc,phases      ] GC(11)         Dead                           Min: 0, Avg:  0.0, Max: 0, Diff: 0, Sum: 0, Workers: 3
[0.871s][debug][gc,phases      ] GC(11)         Total                          Min: 0, Avg:  0.0, Max: 0, Diff: 0, Sum: 0, Workers: 3
[0.871s][debug][gc,phases      ] GC(11)       Weak JFR Old Object Samples    Min:  0.0, Avg:  0.0, Max:  0.0, Diff:  0.0, Sum:  0.0, Workers: 3
[0.871s][debug][gc,phases      ] GC(11)         Dead                           Min: 0, Avg:  0.0, Max: 0, Diff: 0, Sum: 0, Workers: 3
[0.871s][debug][gc,phases      ] GC(11)         Total                          Min: 0, Avg:  0.0, Max: 0, Diff: 0, Sum: 0, Workers: 3
[0.871s][debug][gc,phases      ] GC(11)     Post Evacuate Cleanup 1: 0.0ms
[0.871s][debug][gc,phases      ] GC(11)       Merge Per-Thread State (ms):   Min:  0.0, Avg:  0.0, Max:  0.0, Diff:  0.0, Sum:  0.0, Workers: 1
[0.871s][debug][gc,phases      ] GC(11)         Copied Bytes                   Min: 2951600, Avg: 3136536.0, Max: 3248576, Diff: 296976, Sum: 12546144, Workers: 4
[0.871s][debug][gc,phases      ] GC(11)         LAB Waste                      Min: 176, Avg: 236.0, Max: 288, Diff: 112, Sum: 944, Workers: 4
[0.871s][debug][gc,phases      ] GC(11)         LAB Undo Waste                 Min: 0, Avg:  0.0, Max: 0, Diff: 0, Sum: 0, Workers: 4
[0.871s][debug][gc,phases      ] GC(11)       Clear Logged Cards (ms):       Min:  0.0, Avg:  0.0, Max:  0.0, Diff:  0.0, Sum:  0.0, Workers: 3
[0.871s][debug][gc,phases      ] GC(11)       Recalculate Used Memory (ms):  Min:  0.0, Avg:  0.0, Max:  0.0, Diff:  0.0, Sum:  0.0, Workers: 1
[0.871s][debug][gc,phases      ] GC(11)     Post Evacuate Cleanup 2: 0.1ms
[0.871s][debug][gc,phases      ] GC(11)       Reset Hot Card Cache (ms):     Min:  0.0, Avg:  0.0, Max:  0.0, Diff:  0.0, Sum:  0.0, Workers: 1
[0.871s][debug][gc,phases      ] GC(11)       Purge Code Roots (ms):         Min:  0.0, Avg:  0.0, Max:  0.0, Diff:  0.0, Sum:  0.0, Workers: 1
[0.871s][debug][gc,phases      ] GC(11)       Update Derived Pointers (ms):  Min:  0.0, Avg:  0.0, Max:  0.0, Diff:  0.0, Sum:  0.0, Workers: 1
[0.871s][debug][gc,phases      ] GC(11)       Eagerly Reclaim Humongous Objects (ms): Min:  0.0, Avg:  0.0, Max:  0.0, Diff:  0.0, Sum:  0.0, Workers: 1
[0.871s][debug][gc,phases      ] GC(11)         Humongous Total                Min: 11, Avg: 11.0, Max: 11, Diff: 0, Sum: 11, Workers: 1
[0.871s][debug][gc,phases      ] GC(11)         Humongous Candidates           Min: 0, Avg:  0.0, Max: 0, Diff: 0, Sum: 0, Workers: 1
[0.871s][debug][gc,phases      ] GC(11)         Humongous Reclaimed            Min: 0, Avg:  0.0, Max: 0, Diff: 0, Sum: 0, Workers: 1
[0.871s][debug][gc,phases      ] GC(11)       Redirty Logged Cards (ms):     Min:  0.0, Avg:  0.0, Max:  0.0, Diff:  0.0, Sum:  0.0, Workers: 4
[0.871s][debug][gc,phases      ] GC(11)         Redirtied Cards:               Min: 0, Avg: 256.8, Max: 771, Diff: 771, Sum: 1027, Workers: 4
[0.871s][debug][gc,phases      ] GC(11)       Free Collection Set (ms):      Min:  0.0, Avg:  0.0, Max:  0.0, Diff:  0.0, Sum:  0.0, Workers: 4
[0.871s][debug][gc,phases      ] GC(11)     Rebuild Free List: 0.1ms
[0.871s][debug][gc,phases      ] GC(11)     Start New Collection Set: 0.0ms
[0.871s][debug][gc,phases      ] GC(11)     Resize TLABs: 0.0ms
[0.871s][debug][gc,phases      ] GC(11)     Expand Heap After Collection: 0.0ms
[0.871s][info ][gc,phases      ] GC(11)   Other: 0.8ms
[0.871s][info ][gc,heap        ] GC(11) Eden regions: 9->0(10)
[0.871s][info ][gc,heap        ] GC(11) Survivor regions: 3->2(2)
[0.871s][info ][gc,heap        ] GC(11) Old regions: 105->116
[0.871s][info ][gc,heap        ] GC(11) Archive regions: 0->0
[0.871s][info ][gc,heap        ] GC(11) Humongous regions: 110->110
[0.871s][info ][gc,metaspace   ] GC(11) Metaspace: 482K(640K)->482K(640K) NonClass: 446K(512K)->446K(512K) Class: 36K(128K)->36K(128K)
[0.871s][debug][gc,heap        ] GC(11) Heap after GC invocations=10 (full 0):
[0.871s][debug][gc,heap        ] GC(11)  garbage-first heap   total 262144K, used 233439K [0x00000000f0000000, 0x0000000100000000)
[0.871s][debug][gc,heap        ] GC(11)   region size 1024K, 2 young (2048K), 2 survivors (2048K)
[0.871s][debug][gc,heap        ] GC(11)  Metaspace       used 482K, committed 640K, reserved 1056768K
[0.871s][debug][gc,heap        ] GC(11)   class space    used 36K, committed 128K, reserved 1048576K
[0.871s][info ][gc             ] GC(11) Pause Young (Normal) (G1 Evacuation Pause) 227M->227M(256M) 21.426ms
[0.871s][info ][gc,cpu         ] GC(11) User=0.03s Sys=0.03s Real=0.02s
[0.871s][debug][gc,refine      ] Deactivated worker 0, off threshold: 2649, current: 1027, refined cards: 0
[0.878s][debug][gc,refine      ] Activated worker 0, on threshold: 3161, current: 3331
[0.879s][debug][gc,refine      ] Deactivated worker 0, off threshold: 2649, current: 2560, refined cards: 771
[0.881s][debug][gc,refine      ] Activated worker 0, on threshold: 3161, current: 3328
[0.882s][debug][gc,refine      ] Deactivated worker 0, off threshold: 2649, current: 2560, refined cards: 768
[0.883s][debug][gc,refine      ] Activated worker 0, on threshold: 3161, current: 3328
[0.884s][debug][gc,refine      ] Deactivated worker 0, off threshold: 2649, current: 2560, refined cards: 768
[0.886s][debug][gc,refine      ] Activated worker 0, on threshold: 3161, current: 3328
[0.887s][debug][gc,refine      ] Deactivated worker 0, off threshold: 2649, current: 2560, refined cards: 768
[0.887s][debug][gc,heap        ] GC(12) Heap before GC invocations=10 (full 0):
[0.887s][debug][gc,heap        ] GC(12)  garbage-first heap   total 262144K, used 243679K [0x00000000f0000000, 0x0000000100000000)
[0.887s][debug][gc,heap        ] GC(12)   region size 1024K, 12 young (12288K), 2 survivors (2048K)
[0.887s][debug][gc,heap        ] GC(12)  Metaspace       used 482K, committed 640K, reserved 1056768K
[0.887s][debug][gc,heap        ] GC(12)   class space    used 36K, committed 128K, reserved 1048576K
[0.887s][info ][gc,start       ] GC(12) Pause Young (Normal) (G1 Evacuation Pause)
[0.887s][info ][gc,task        ] GC(12) Using 4 workers of 4 for evacuation
[0.888s][debug][gc,tlab        ] GC(12) TLAB totals: thrds: 1  refills: 60 max: 60 slow allocs: 0 max 0 waste:  0.3% gc: 0B max: 0B slow: 34960B max: 34960B
[0.888s][debug][gc,age         ] GC(12) Desired survivor size 1048576 bytes, new threshold 1 (max threshold 15)
[0.888s][debug][gc,refine,stats] GC(12) Mutator refinement: 0.00ms, refined: 0, precleaned: 0, dirtied: 5095
[0.888s][debug][gc,refine,stats] GC(12) Concurrent refinement: 3.27ms, refined: 3075, precleaned: 1, dirtied: 0
[0.888s][debug][gc,refine,stats] GC(12) Total refinement: 3.27ms, refined: 3075, precleaned: 1, dirtied: 5095
[0.888s][debug][gc,refine,stats] GC(12) Concurrent refinement rate: 941.09 cards/ms
[0.888s][debug][gc,refine,stats] GC(12) Generate dirty cards rate: 276.84 cards/ms
[0.888s][debug][gc,alloc,region] GC(12) Mutator Allocation stats, regions: 10, wasted size: 16880B ( 0.2%)
[0.888s][debug][gc,humongous   ] GC(12) Humongous region 0 (object size 640280 @ 0x00000000f0000000) remset 0 code roots 0 marked 0 reclaim candidate 0 type array 0
[0.888s][debug][gc,humongous   ] GC(12) Humongous region 71 (object size 16409088 @ 0x00000000f4700000) remset 1 code roots 0 marked 0 reclaim candidate 0 type array 0
[0.888s][debug][gc,humongous   ] GC(12) Humongous region 173 (object size 36920416 @ 0x00000000fad00000) remset 0 code roots 0 marked 0 reclaim candidate 0 type array 0
[0.888s][debug][gc,humongous   ] GC(12) Humongous region 1 (object size 960408 @ 0x00000000f0100000) remset 0 code roots 0 marked 0 reclaim candidate 0 type array 0
[0.888s][debug][gc,humongous   ] GC(12) Humongous region 2 (object size 1440600 @ 0x00000000f0200000) remset 0 code roots 0 marked 0 reclaim candidate 0 type array 0
[0.888s][debug][gc,humongous   ] GC(12) Humongous region 115 (object size 24613616 @ 0x00000000f7300000) remset 0 code roots 0 marked 1 reclaim candidate 0 type array 0
[0.888s][debug][gc,humongous   ] GC(12) Humongous region 4 (object size 2160888 @ 0x00000000f0400000) remset 0 code roots 0 marked 0 reclaim candidate 0 type array 0
[0.888s][debug][gc,humongous   ] GC(12) Humongous region 12 (object size 3241320 @ 0x00000000f0c00000) remset 0 code roots 0 marked 0 reclaim candidate 0 type array 0
[0.888s][debug][gc,humongous   ] GC(12) Humongous region 16 (object size 4861968 @ 0x00000000f1000000) remset 1 code roots 0 marked 0 reclaim candidate 0 type array 0
[0.888s][debug][gc,humongous   ] GC(12) Humongous region 32 (object size 7292936 @ 0x00000000f2000000) remset 1 code roots 0 marked 0 reclaim candidate 0 type array 0
[0.888s][debug][gc,humongous   ] GC(12) Humongous region 49 (object size 10939400 @ 0x00000000f3100000) remset 1 code roots 0 marked 0 reclaim candidate 0 type array 0
[0.888s][debug][gc,ergo        ] GC(12) Running G1 Merge Heap Roots using 4 workers for 12 regions
[0.888s][debug][gc,remset      ] GC(12) Visited cards 7168 Total dirty 10240 (70.00%) Total old 512000 (1.40%)
[0.903s][debug][gc,ref         ] GC(12) Skipped phase 1 of Reference Processing: no references
[0.903s][debug][gc,ref         ] GC(12) Skipped phase 2 of Reference Processing: no references
[0.903s][debug][gc,ref         ] GC(12) Skipped phase 3 of Reference Processing: no references
[0.903s][debug][gc,ref         ] GC(12) Skipped phase 4 of Reference Processing: no references
[0.904s][debug][gc,ergo        ] GC(12) Running G1 Rebuild Free List Task using 4 workers for rebuilding free list of regions
[0.904s][debug][gc,plab        ] GC(12) Young PLAB allocation: allocated: 2097152B, wasted: 416B, unused: 0B, used: 2096736B, undo waste: 0B, 
[0.904s][debug][gc,plab        ] GC(12) Young other allocation: region end waste: 0B, regions filled: 2, direct allocated: 0B, failure used: 0B, failure wasted: 0B
[0.904s][debug][gc,plab        ] GC(12) Young sizing: calculated: 419344B, actual: 433016B
[0.904s][debug][gc,plab        ] GC(12) Old PLAB allocation: allocated: 11471904B, wasted: 464B, unused: 1037424B, used: 10434016B, undo waste: 0B, 
[0.904s][debug][gc,plab        ] GC(12) Old other allocation: region end waste: 0B, regions filled: 12, direct allocated: 0B, failure used: 0B, failure wasted: 0B
[0.904s][debug][gc,plab        ] GC(12) Old sizing: calculated: 2086800B, actual: 2041536B
[0.904s][debug][gc,ergo,heap   ] GC(12) Heap expansion: short term pause time ratio 53.32% long term pause time ratio 26.27% threshold 7.69% pause time ratio 7.69% fully expanded true resize by 0B
[0.904s][debug][gc,mmu         ] GC(12) MMU: 48.6ms (200.0ms/201.0ms)
[0.904s][debug][gc,alloc,stats ] Old generation allocation in the last mutator period, old gen allocated: 11471904B, humongous allocated: 0B,old gen growth: 11471904B.
[0.904s][debug][gc,ihop        ] GC(12) Basic information (value update), threshold: 120795955B (45.00), target occupancy: 268435456B, current occupancy: 250514432B, recent allocation size: 11471904B, recent allocation duration: 18.40ms, recent old gen allocation rate: 623334148.37B/s, recent marking phase length: 0.00ms
[0.904s][debug][gc,ihop        ] GC(12) Adaptive IHOP information (value update), threshold: 120795955B (52.94), internal target occupancy: 228170137B, occupancy: 250514432B, additional buffer size: 12582912B, predicted old gen allocation rate: 478985704.66B/s, predicted marking phase length: 0.00ms, prediction active: false
[0.904s][debug][gc,ergo,refine ] GC(12) Concurrent refinement times: Logged Cards Scan time goal: 20.00ms Logged Cards Scan time: 1.10ms HCC time: 0.00ms
[0.904s][debug][gc,ergo,refine ] GC(12) Updated Refinement Zones: green: 2913, yellow: 8739, red: 14565
[0.904s][info ][gc,phases      ] GC(12)   Pre Evacuate Collection Set: 0.5ms
[0.904s][debug][gc,phases      ] GC(12)     Prepare TLABs: 0.0ms
[0.904s][debug][gc,phases      ] GC(12)     Concatenate Dirty Card Logs: 0.0ms
[0.904s][debug][gc,phases      ] GC(12)     Choose Collection Set: 0.0ms
[0.904s][debug][gc,phases      ] GC(12)     Region Register: 0.4ms
[0.904s][debug][gc,phases      ] GC(12)     Prepare Heap Roots: 0.0ms
[0.904s][info ][gc,phases      ] GC(12)   Merge Heap Roots: 0.1ms
[0.904s][debug][gc,phases      ] GC(12)     Prepare Merge Heap Roots: 0.0ms
[0.904s][debug][gc,phases      ] GC(12)     Eager Reclaim (ms):            skipped
[0.904s][debug][gc,phases      ] GC(12)     Remembered Sets (ms):          Min:  0.0, Avg:  0.0, Max:  0.0, Diff:  0.0, Sum:  0.0, Workers: 4
[0.904s][debug][gc,phases      ] GC(12)       Merged Sparse:                 Min: 0, Avg:  0.0, Max: 0, Diff: 0, Sum: 0, Workers: 4
[0.904s][debug][gc,phases      ] GC(12)       Merged Fine:                   Min: 0, Avg:  2.5, Max: 6, Diff: 6, Sum: 10, Workers: 4
[0.904s][debug][gc,phases      ] GC(12)       Merged Coarse:                 Min: 0, Avg:  0.0, Max: 0, Diff: 0, Sum: 0, Workers: 4
[0.904s][debug][gc,phases      ] GC(12)       Dirty Cards:                   Min: 0, Avg: 763.3, Max: 1529, Diff: 1529, Sum: 3053, Workers: 4
[0.904s][debug][gc,phases      ] GC(12)     Hot Card Cache (ms):           Min:  0.0, Avg:  0.0, Max:  0.0, Diff:  0.0, Sum:  0.0, Workers: 4
[0.904s][debug][gc,phases      ] GC(12)       Dirty Cards:                   Min: 0, Avg:  0.0, Max: 0, Diff: 0, Sum: 0, Workers: 4
[0.904s][debug][gc,phases      ] GC(12)       Skipped Cards:                 Min: 0, Avg:  0.0, Max: 0, Diff: 0, Sum: 0, Workers: 4
[0.904s][debug][gc,phases      ] GC(12)     Log Buffers (ms):              Min:  0.0, Avg:  0.0, Max:  0.0, Diff:  0.0, Sum:  0.1, Workers: 4
[0.904s][debug][gc,phases      ] GC(12)       Dirty Cards:                   Min: 0, Avg: 755.8, Max: 1272, Diff: 1272, Sum: 3023, Workers: 4
[0.904s][debug][gc,phases      ] GC(12)       Skipped Cards:                 Min: 0, Avg:  0.0, Max: 0, Diff: 0, Sum: 0, Workers: 4
[0.904s][info ][gc,phases      ] GC(12)   Evacuate Collection Set: 15.0ms
[0.904s][debug][gc,phases      ] GC(12)     Ext Root Scanning (ms):        Min:  0.0, Avg:  0.0, Max:  0.0, Diff:  0.0, Sum:  0.1, Workers: 4
[0.904s][debug][gc,phases      ] GC(12)     Scan Heap Roots (ms):          Min:  2.0, Avg:  2.2, Max:  2.5, Diff:  0.5, Sum:  8.8, Workers: 4
[0.904s][debug][gc,phases      ] GC(12)       Scanned Cards:                 Min: 1281, Avg: 1530.5, Max: 1768, Diff: 487, Sum: 6122, Workers: 4
[0.904s][debug][gc,phases      ] GC(12)       Scanned Blocks:                Min: 6, Avg:  7.0, Max: 9, Diff: 3, Sum: 28, Workers: 4
[0.904s][debug][gc,phases      ] GC(12)       Claimed Chunks:                Min: 6, Avg:  7.0, Max: 9, Diff: 3, Sum: 28, Workers: 4
[0.904s][debug][gc,phases      ] GC(12)     Code Root Scan (ms):           Min:  0.0, Avg:  0.0, Max:  0.0, Diff:  0.0, Sum:  0.0, Workers: 4
[0.904s][debug][gc,phases      ] GC(12)     Object Copy (ms):              Min: 12.5, Avg: 12.7, Max: 12.8, Diff:  0.4, Sum: 50.9, Workers: 4
[0.904s][debug][gc,phases      ] GC(12)     Termination (ms):              Min:  0.0, Avg:  0.0, Max:  0.0, Diff:  0.0, Sum:  0.0, Workers: 4
[0.904s][debug][gc,phases      ] GC(12)       Termination Attempts:          Min: 1, Avg:  1.5, Max: 2, Diff: 1, Sum: 6, Workers: 4
[0.905s][debug][gc,phases      ] GC(12)     GC Worker Other (ms):          Min:  0.0, Avg:  0.0, Max:  0.0, Diff:  0.0, Sum:  0.0, Workers: 4
[0.905s][debug][gc,phases      ] GC(12)     GC Worker Total (ms):          Min: 14.8, Avg: 15.0, Max: 15.0, Diff:  0.2, Sum: 59.9, Workers: 4
[0.905s][info ][gc,phases      ] GC(12)   Post Evacuate Collection Set: 0.4ms
[0.905s][debug][gc,phases      ] GC(12)     Code Roots Fixup: 0.0ms
[0.905s][debug][gc,phases      ] GC(12)     Reference Processing: 0.2ms
[0.905s][debug][gc,phases,ref  ] GC(12)       Reconsider SoftReferences: 0.1ms
[0.905s][debug][gc,phases,ref  ] GC(12)         SoftRef (ms):                  skipped
[0.905s][debug][gc,phases,ref  ] GC(12)       Notify Soft/WeakReferences: 0.0ms
[0.905s][debug][gc,phases,ref  ] GC(12)         SoftRef (ms):                  skipped
[0.905s][debug][gc,phases,ref  ] GC(12)         WeakRef (ms):                  skipped
[0.905s][debug][gc,phases,ref  ] GC(12)         FinalRef (ms):                 skipped
[0.905s][debug][gc,phases,ref  ] GC(12)         Total (ms):                    skipped
[0.905s][debug][gc,phases,ref  ] GC(12)       Notify and keep alive finalizable: 0.0ms
[0.905s][debug][gc,phases,ref  ] GC(12)         FinalRef (ms):                 skipped
[0.905s][debug][gc,phases,ref  ] GC(12)       Notify PhantomReferences: 0.0ms
[0.905s][debug][gc,phases,ref  ] GC(12)         PhantomRef (ms):               skipped
[0.905s][debug][gc,phases,ref  ] GC(12)       SoftReference:
[0.905s][debug][gc,phases,ref  ] GC(12)         Discovered: 0
[0.905s][debug][gc,phases,ref  ] GC(12)         Cleared: 0
[0.905s][debug][gc,phases,ref  ] GC(12)       WeakReference:
[0.905s][debug][gc,phases,ref  ] GC(12)         Discovered: 0
[0.905s][debug][gc,phases,ref  ] GC(12)         Cleared: 0
[0.905s][debug][gc,phases,ref  ] GC(12)       FinalReference:
[0.905s][debug][gc,phases,ref  ] GC(12)         Discovered: 0
[0.905s][debug][gc,phases,ref  ] GC(12)         Cleared: 0
[0.905s][debug][gc,phases,ref  ] GC(12)       PhantomReference:
[0.905s][debug][gc,phases,ref  ] GC(12)         Discovered: 0
[0.905s][debug][gc,phases,ref  ] GC(12)         Cleared: 0
[0.905s][debug][gc,phases      ] GC(12)     Weak Processing: 0.0ms
[0.905s][debug][gc,phases      ] GC(12)       VM Weak                        Min:  0.0, Avg:  0.0, Max:  0.0, Diff:  0.0, Sum:  0.0, Workers: 3
[0.905s][debug][gc,phases      ] GC(12)         Dead                           Min: 0, Avg:  0.0, Max: 0, Diff: 0, Sum: 0, Workers: 3
[0.905s][debug][gc,phases      ] GC(12)         Total                          Min: 0, Avg:  4.7, Max: 14, Diff: 14, Sum: 14, Workers: 3
[0.905s][debug][gc,phases      ] GC(12)       ObjectSynchronizer Weak        Min:  0.0, Avg:  0.0, Max:  0.0, Diff:  0.0, Sum:  0.0, Workers: 3
[0.905s][debug][gc,phases      ] GC(12)         Dead                           Min: 0, Avg:  0.0, Max: 0, Diff: 0, Sum: 0, Workers: 3
[0.905s][debug][gc,phases      ] GC(12)         Total                          Min: 0, Avg:  1.0, Max: 3, Diff: 3, Sum: 3, Workers: 3
[0.905s][debug][gc,phases      ] GC(12)       JVMTI Tag Weak OopStorage      Min:  0.0, Avg:  0.0, Max:  0.0, Diff:  0.0, Sum:  0.0, Workers: 3
[0.905s][debug][gc,phases      ] GC(12)         Dead                           Min: 0, Avg:  0.0, Max: 0, Diff: 0, Sum: 0, Workers: 3
[0.905s][debug][gc,phases      ] GC(12)         Total                          Min: 0, Avg:  0.0, Max: 0, Diff: 0, Sum: 0, Workers: 3
[0.905s][debug][gc,phases      ] GC(12)       StringTable Weak               Min:  0.0, Avg:  0.0, Max:  0.0, Diff:  0.0, Sum:  0.0, Workers: 3
[0.905s][debug][gc,phases      ] GC(12)         Dead                           Min: 0, Avg:  0.0, Max: 0, Diff: 0, Sum: 0, Workers: 3
[0.905s][debug][gc,phases      ] GC(12)         Total                          Min: 640, Avg: 819.0, Max: 921, Diff: 281, Sum: 2457, Workers: 3
[0.905s][debug][gc,phases      ] GC(12)       ResolvedMethodTable Weak       Min:  0.0, Avg:  0.0, Max:  0.0, Diff:  0.0, Sum:  0.0, Workers: 3
[0.905s][debug][gc,phases      ] GC(12)         Dead                           Min: 0, Avg:  0.0, Max: 0, Diff: 0, Sum: 0, Workers: 3
[0.905s][debug][gc,phases      ] GC(12)         Total                          Min: 9, Avg: 45.7, Max: 64, Diff: 55, Sum: 137, Workers: 3
[0.905s][debug][gc,phases      ] GC(12)       JNI Weak                       Min:  0.0, Avg:  0.0, Max:  0.0, Diff:  0.0, Sum:  0.0, Workers: 3
[0.905s][debug][gc,phases      ] GC(12)         Dead                           Min: 0, Avg:  0.0, Max: 0, Diff: 0, Sum: 0, Workers: 3
[0.905s][debug][gc,phases      ] GC(12)         Total                          Min: 0, Avg:  0.0, Max: 0, Diff: 0, Sum: 0, Workers: 3
[0.905s][debug][gc,phases      ] GC(12)       StringDedup Table Weak         Min:  0.0, Avg:  0.0, Max:  0.0, Diff:  0.0, Sum:  0.0, Workers: 3
[0.905s][debug][gc,phases      ] GC(12)         Dead                           Min: 0, Avg:  0.0, Max: 0, Diff: 0, Sum: 0, Workers: 3
[0.905s][debug][gc,phases      ] GC(12)         Total                          Min: 0, Avg:  0.0, Max: 0, Diff: 0, Sum: 0, Workers: 3
[0.905s][debug][gc,phases      ] GC(12)       StringDedup Requests0 Weak     Min:  0.0, Avg:  0.0, Max:  0.0, Diff:  0.0, Sum:  0.0, Workers: 3
[0.905s][debug][gc,phases      ] GC(12)         Dead                           Min: 0, Avg:  0.0, Max: 0, Diff: 0, Sum: 0, Workers: 3
[0.905s][debug][gc,phases      ] GC(12)         Total                          Min: 0, Avg:  0.0, Max: 0, Diff: 0, Sum: 0, Workers: 3
[0.905s][debug][gc,phases      ] GC(12)       StringDedup Requests1 Weak     Min:  0.0, Avg:  0.0, Max:  0.0, Diff:  0.0, Sum:  0.0, Workers: 3
[0.905s][debug][gc,phases      ] GC(12)         Dead                           Min: 0, Avg:  0.0, Max: 0, Diff: 0, Sum: 0, Workers: 3
[0.905s][debug][gc,phases      ] GC(12)         Total                          Min: 0, Avg:  0.0, Max: 0, Diff: 0, Sum: 0, Workers: 3
[0.905s][debug][gc,phases      ] GC(12)       Weak JFR Old Object Samples    Min:  0.0, Avg:  0.0, Max:  0.0, Diff:  0.0, Sum:  0.0, Workers: 3
[0.905s][debug][gc,phases      ] GC(12)         Dead                           Min: 0, Avg:  0.0, Max: 0, Diff: 0, Sum: 0, Workers: 3
[0.905s][debug][gc,phases      ] GC(12)         Total                          Min: 0, Avg:  0.0, Max: 0, Diff: 0, Sum: 0, Workers: 3
[0.905s][debug][gc,phases      ] GC(12)     Post Evacuate Cleanup 1: 0.0ms
[0.905s][debug][gc,phases      ] GC(12)       Merge Per-Thread State (ms):   Min:  0.0, Avg:  0.0, Max:  0.0, Diff:  0.0, Sum:  0.0, Workers: 1
[0.905s][debug][gc,phases      ] GC(12)         Copied Bytes                   Min: 2752064, Avg: 3132688.0, Max: 3467392, Diff: 715328, Sum: 12530752, Workers: 4
[0.906s][debug][gc,phases      ] GC(12)         LAB Waste                      Min: 128, Avg: 220.0, Max: 320, Diff: 192, Sum: 880, Workers: 4
[0.906s][debug][gc,phases      ] GC(12)         LAB Undo Waste                 Min: 0, Avg:  0.0, Max: 0, Diff: 0, Sum: 0, Workers: 4
[0.906s][debug][gc,phases      ] GC(12)       Clear Logged Cards (ms):       Min:  0.0, Avg:  0.0, Max:  0.0, Diff:  0.0, Sum:  0.0, Workers: 3
[0.906s][debug][gc,phases      ] GC(12)       Recalculate Used Memory (ms):  Min:  0.0, Avg:  0.0, Max:  0.0, Diff:  0.0, Sum:  0.0, Workers: 1
[0.906s][debug][gc,phases      ] GC(12)     Post Evacuate Cleanup 2: 0.1ms
[0.906s][debug][gc,phases      ] GC(12)       Reset Hot Card Cache (ms):     Min:  0.0, Avg:  0.0, Max:  0.0, Diff:  0.0, Sum:  0.0, Workers: 1
[0.906s][debug][gc,phases      ] GC(12)       Purge Code Roots (ms):         Min:  0.0, Avg:  0.0, Max:  0.0, Diff:  0.0, Sum:  0.0, Workers: 1
[0.906s][debug][gc,phases      ] GC(12)       Update Derived Pointers (ms):  Min:  0.0, Avg:  0.0, Max:  0.0, Diff:  0.0, Sum:  0.0, Workers: 1
[0.906s][debug][gc,phases      ] GC(12)       Eagerly Reclaim Humongous Objects (ms): Min:  0.0, Avg:  0.0, Max:  0.0, Diff:  0.0, Sum:  0.0, Workers: 1
[0.906s][debug][gc,phases      ] GC(12)         Humongous Total                Min: 11, Avg: 11.0, Max: 11, Diff: 0, Sum: 11, Workers: 1
[0.906s][debug][gc,phases      ] GC(12)         Humongous Candidates           Min: 0, Avg:  0.0, Max: 0, Diff: 0, Sum: 0, Workers: 1
[0.906s][debug][gc,phases      ] GC(12)         Humongous Reclaimed            Min: 0, Avg:  0.0, Max: 0, Diff: 0, Sum: 0, Workers: 1
[0.906s][debug][gc,phases      ] GC(12)       Redirty Logged Cards (ms):     Min:  0.0, Avg:  0.0, Max:  0.0, Diff:  0.0, Sum:  0.0, Workers: 4
[0.906s][debug][gc,phases      ] GC(12)         Redirtied Cards:               Min: 0, Avg: 256.8, Max: 770, Diff: 770, Sum: 1027, Workers: 4
[0.906s][debug][gc,phases      ] GC(12)       Free Collection Set (ms):      Min:  0.0, Avg:  0.0, Max:  0.0, Diff:  0.0, Sum:  0.0, Workers: 4
[0.906s][debug][gc,phases      ] GC(12)     Rebuild Free List: 0.1ms
[0.906s][debug][gc,phases      ] GC(12)     Start New Collection Set: 0.0ms
[0.906s][debug][gc,phases      ] GC(12)     Resize TLABs: 0.0ms
[0.906s][debug][gc,phases      ] GC(12)     Expand Heap After Collection: 0.0ms
[0.906s][info ][gc,phases      ] GC(12)   Other: 0.6ms
[0.906s][info ][gc,heap        ] GC(12) Eden regions: 10->0(10)
[0.906s][info ][gc,heap        ] GC(12) Survivor regions: 2->2(2)
[0.906s][info ][gc,heap        ] GC(12) Old regions: 116->127
[0.906s][info ][gc,heap        ] GC(12) Archive regions: 0->0
[0.906s][info ][gc,heap        ] GC(12) Humongous regions: 110->110
[0.906s][info ][gc,metaspace   ] GC(12) Metaspace: 482K(640K)->482K(640K) NonClass: 446K(512K)->446K(512K) Class: 36K(128K)->36K(128K)
[0.906s][debug][gc,heap        ] GC(12) Heap after GC invocations=11 (full 0):
[0.906s][debug][gc,heap        ] GC(12)  garbage-first heap   total 262144K, used 244643K [0x00000000f0000000, 0x0000000100000000)
[0.906s][debug][gc,heap        ] GC(12)   region size 1024K, 2 young (2048K), 2 survivors (2048K)
[0.906s][debug][gc,heap        ] GC(12)  Metaspace       used 482K, committed 640K, reserved 1056768K
[0.906s][debug][gc,heap        ] GC(12)   class space    used 36K, committed 128K, reserved 1048576K
[0.906s][info ][gc             ] GC(12) Pause Young (Normal) (G1 Evacuation Pause) 237M->238M(256M) 18.578ms
[0.906s][info ][gc,cpu         ] GC(12) User=0.06s Sys=0.00s Real=0.02s
[0.916s][debug][gc,refine      ] Activated worker 0, on threshold: 3425, current: 3587
[0.916s][debug][gc,refine      ] Deactivated worker 0, off threshold: 2913, current: 2874, refined cards: 713
[0.919s][debug][gc,refine      ] Activated worker 0, on threshold: 3425, current: 3642
[0.920s][debug][gc,ergo,cset   ] Preventive GC, insufficient free regions. Predicted need 11. Curr Eden 7 (Pred 9). Curr Survivor 2 (Pred 3). Curr Old 127 (Pred 0) Free 10 Alloc 1
[0.920s][debug][gc,refine      ] Deactivated worker 0, off threshold: 2913, current: 2816, refined cards: 826
[0.920s][debug][gc,heap        ] GC(13) Heap before GC invocations=11 (full 0):
[0.920s][debug][gc,heap        ] GC(13)  garbage-first heap   total 262144K, used 250787K [0x00000000f0000000, 0x0000000100000000)
[0.920s][debug][gc,heap        ] GC(13)   region size 1024K, 9 young (9216K), 2 survivors (2048K)
[0.920s][debug][gc,heap        ] GC(13)  Metaspace       used 482K, committed 640K, reserved 1056768K
[0.920s][debug][gc,heap        ] GC(13)   class space    used 36K, committed 128K, reserved 1048576K
[0.920s][info ][gc,start       ] GC(13) Pause Young (Normal) (G1 Preventive Collection)
[0.920s][info ][gc,task        ] GC(13) Using 4 workers of 4 for evacuation
[0.920s][debug][gc,tlab        ] GC(13) TLAB totals: thrds: 1  refills: 49 max: 49 slow allocs: 0 max 0 waste:  0.4% gc: 0B max: 0B slow: 28560B max: 28560B
[0.920s][debug][gc,age         ] GC(13) Desired survivor size 1048576 bytes, new threshold 1 (max threshold 15)
[0.920s][debug][gc,refine,stats] GC(13) Mutator refinement: 0.00ms, refined: 0, precleaned: 0, dirtied: 3571
[0.920s][debug][gc,refine,stats] GC(13) Concurrent refinement: 1.79ms, refined: 1539, precleaned: 1, dirtied: 0
[0.920s][debug][gc,refine,stats] GC(13) Total refinement: 1.79ms, refined: 1539, precleaned: 1, dirtied: 3571
[0.920s][debug][gc,refine,stats] GC(13) Concurrent refinement rate: 860.98 cards/ms
[0.920s][debug][gc,refine,stats] GC(13) Generate dirty cards rate: 219.83 cards/ms
[0.920s][debug][gc,alloc,region] GC(13) Mutator Allocation stats, regions: 7, wasted size: 0B ( 0.0%)
[0.920s][debug][gc,humongous   ] GC(13) Humongous region 0 (object size 640280 @ 0x00000000f0000000) remset 0 code roots 0 marked 0 reclaim candidate 0 type array 0
[0.920s][debug][gc,humongous   ] GC(13) Humongous region 71 (object size 16409088 @ 0x00000000f4700000) remset 1 code roots 0 marked 0 reclaim candidate 0 type array 0
[0.920s][debug][gc,humongous   ] GC(13) Humongous region 173 (object size 36920416 @ 0x00000000fad00000) remset 0 code roots 0 marked 0 reclaim candidate 0 type array 0
[0.920s][debug][gc,humongous   ] GC(13) Humongous region 1 (object size 960408 @ 0x00000000f0100000) remset 0 code roots 0 marked 0 reclaim candidate 0 type array 0
[0.920s][debug][gc,humongous   ] GC(13) Humongous region 2 (object size 1440600 @ 0x00000000f0200000) remset 0 code roots 0 marked 0 reclaim candidate 0 type array 0
[0.920s][debug][gc,humongous   ] GC(13) Humongous region 115 (object size 24613616 @ 0x00000000f7300000) remset 0 code roots 0 marked 1 reclaim candidate 0 type array 0
[0.920s][debug][gc,humongous   ] GC(13) Humongous region 4 (object size 2160888 @ 0x00000000f0400000) remset 0 code roots 0 marked 0 reclaim candidate 0 type array 0
[0.920s][debug][gc,humongous   ] GC(13) Humongous region 12 (object size 3241320 @ 0x00000000f0c00000) remset 0 code roots 0 marked 0 reclaim candidate 0 type array 0
[0.920s][debug][gc,humongous   ] GC(13) Humongous region 16 (object size 4861968 @ 0x00000000f1000000) remset 1 code roots 0 marked 0 reclaim candidate 0 type array 0
[0.920s][debug][gc,humongous   ] GC(13) Humongous region 32 (object size 7292936 @ 0x00000000f2000000) remset 1 code roots 0 marked 0 reclaim candidate 0 type array 0
[0.920s][debug][gc,humongous   ] GC(13) Humongous region 49 (object size 10939400 @ 0x00000000f3100000) remset 1 code roots 0 marked 0 reclaim candidate 0 type array 0
[0.921s][debug][gc,ergo        ] GC(13) Running G1 Merge Heap Roots using 4 workers for 9 regions
[0.921s][debug][gc,remset      ] GC(13) Visited cards 5888 Total dirty 12288 (47.92%) Total old 522240 (1.13%)
[0.933s][debug][gc,ref         ] GC(13) Skipped phase 1 of Reference Processing: no references
[0.933s][debug][gc,ref         ] GC(13) Skipped phase 2 of Reference Processing: no references
[0.933s][debug][gc,ref         ] GC(13) Skipped phase 3 of Reference Processing: no references
[0.933s][debug][gc,ref         ] GC(13) Skipped phase 4 of Reference Processing: no references
[0.933s][debug][gc,ergo        ] GC(13) Running G1 Rebuild Free List Task using 4 workers for rebuilding free list of regions
[0.934s][debug][gc,plab        ] GC(13) Young PLAB allocation: allocated: 2097152B, wasted: 480B, unused: 0B, used: 2096672B, undo waste: 0B, 
[0.934s][debug][gc,plab        ] GC(13) Young other allocation: region end waste: 0B, regions filled: 2, direct allocated: 0B, failure used: 0B, failure wasted: 0B
[0.934s][debug][gc,plab        ] GC(13) Young sizing: calculated: 419328B, actual: 422744B
[0.934s][debug][gc,plab        ] GC(13) Old PLAB allocation: allocated: 8456032B, wasted: 320B, unused: 1144176B, used: 7311536B, undo waste: 0B, 
[0.934s][debug][gc,plab        ] GC(13) Old other allocation: region end waste: 0B, regions filled: 9, direct allocated: 0B, failure used: 0B, failure wasted: 0B
[0.934s][debug][gc,plab        ] GC(13) Old sizing: calculated: 1462304B, actual: 1607112B
[0.934s][debug][gc,ergo,heap   ] GC(13) Heap expansion: short term pause time ratio 46.95% long term pause time ratio 38.91% threshold 7.69% pause time ratio 7.69% fully expanded true resize by 0B
[0.934s][debug][gc,mmu         ] GC(13) MMU: 62.2ms (200.0ms/201.0ms)
[0.934s][debug][gc,alloc,stats ] Old generation allocation in the last mutator period, old gen allocated: 8456032B, humongous allocated: 0B,old gen growth: 8456032B.
[0.934s][debug][gc,ihop        ] GC(13) Basic information (value update), threshold: 120795955B (45.00), target occupancy: 268435456B, current occupancy: 258970624B, recent allocation size: 8456032B, recent allocation duration: 16.24ms, recent old gen allocation rate: 520553794.25B/s, recent marking phase length: 0.00ms
[0.934s][debug][gc,ihop        ] GC(13) Adaptive IHOP information (value update), threshold: 120795955B (52.94), internal target occupancy: 228170137B, occupancy: 258970624B, additional buffer size: 12582912B, predicted old gen allocation rate: 486737114.86B/s, predicted marking phase length: 0.00ms, prediction active: false
[0.934s][debug][gc,ergo,refine ] GC(13) Concurrent refinement times: Logged Cards Scan time goal: 20.00ms Logged Cards Scan time: 1.24ms HCC time: 0.00ms
[0.934s][debug][gc,ergo,refine ] GC(13) Updated Refinement Zones: green: 3204, yellow: 9612, red: 16020
[0.934s][info ][gc,phases      ] GC(13)   Pre Evacuate Collection Set: 0.4ms
[0.934s][debug][gc,phases      ] GC(13)     Prepare TLABs: 0.0ms
[0.934s][debug][gc,phases      ] GC(13)     Concatenate Dirty Card Logs: 0.0ms
[0.934s][debug][gc,phases      ] GC(13)     Choose Collection Set: 0.0ms
[0.934s][debug][gc,phases      ] GC(13)     Region Register: 0.4ms
[0.934s][debug][gc,phases      ] GC(13)     Prepare Heap Roots: 0.0ms
[0.934s][info ][gc,phases      ] GC(13)   Merge Heap Roots: 0.1ms
[0.934s][debug][gc,phases      ] GC(13)     Prepare Merge Heap Roots: 0.0ms
[0.934s][debug][gc,phases      ] GC(13)     Eager Reclaim (ms):            skipped
[0.934s][debug][gc,phases      ] GC(13)     Remembered Sets (ms):          Min:  0.0, Avg:  0.0, Max:  0.0, Diff:  0.0, Sum:  0.0, Workers: 4
[0.934s][debug][gc,phases      ] GC(13)       Merged Sparse:                 Min: 0, Avg:  0.3, Max: 1, Diff: 1, Sum: 1, Workers: 4
[0.934s][debug][gc,phases      ] GC(13)       Merged Fine:                   Min: 0, Avg:  1.8, Max: 3, Diff: 3, Sum: 7, Workers: 4
[0.934s][debug][gc,phases      ] GC(13)       Merged Coarse:                 Min: 0, Avg:  0.0, Max: 0, Diff: 0, Sum: 0, Workers: 4
[0.934s][debug][gc,phases      ] GC(13)       Dirty Cards:                   Min: 0, Avg: 378.8, Max: 507, Diff: 507, Sum: 1515, Workers: 4
[0.934s][debug][gc,phases      ] GC(13)     Hot Card Cache (ms):           Min:  0.0, Avg:  0.0, Max:  0.0, Diff:  0.0, Sum:  0.0, Workers: 4
[0.934s][debug][gc,phases      ] GC(13)       Dirty Cards:                   Min: 0, Avg:  0.0, Max: 0, Diff: 0, Sum: 0, Workers: 4
[0.934s][debug][gc,phases      ] GC(13)       Skipped Cards:                 Min: 0, Avg:  0.0, Max: 0, Diff: 0, Sum: 0, Workers: 4
[0.934s][debug][gc,phases      ] GC(13)     Log Buffers (ms):              Min:  0.0, Avg:  0.0, Max:  0.0, Diff:  0.0, Sum:  0.1, Workers: 4
[0.934s][debug][gc,phases      ] GC(13)       Dirty Cards:                   Min: 747, Avg: 756.8, Max: 760, Diff: 13, Sum: 3027, Workers: 4
[0.934s][debug][gc,phases      ] GC(13)       Skipped Cards:                 Min: 0, Avg:  0.0, Max: 0, Diff: 0, Sum: 0, Workers: 4
[0.934s][info ][gc,phases      ] GC(13)   Evacuate Collection Set: 12.4ms
[0.934s][debug][gc,phases      ] GC(13)     Ext Root Scanning (ms):        Min:  0.0, Avg:  0.0, Max:  0.0, Diff:  0.0, Sum:  0.1, Workers: 4
[0.934s][debug][gc,phases      ] GC(13)     Scan Heap Roots (ms):          Min:  1.4, Avg:  1.9, Max:  2.7, Diff:  1.3, Sum:  7.4, Workers: 4
[0.934s][debug][gc,phases      ] GC(13)       Scanned Cards:                 Min: 1024, Avg: 1149.5, Max: 1281, Diff: 257, Sum: 4598, Workers: 4
[0.934s][debug][gc,phases      ] GC(13)       Scanned Blocks:                Min: 4, Avg:  5.8, Max: 7, Diff: 3, Sum: 23, Workers: 4
[0.934s][debug][gc,phases      ] GC(13)       Claimed Chunks:                Min: 4, Avg:  5.8, Max: 7, Diff: 3, Sum: 23, Workers: 4
[0.934s][debug][gc,phases      ] GC(13)     Code Root Scan (ms):           Min:  0.0, Avg:  0.0, Max:  0.0, Diff:  0.0, Sum:  0.0, Workers: 4
[0.934s][debug][gc,phases      ] GC(13)     Object Copy (ms):              Min:  9.7, Avg: 10.5, Max: 11.0, Diff:  1.3, Sum: 42.1, Workers: 4
[0.934s][debug][gc,phases      ] GC(13)     Termination (ms):              Min:  0.0, Avg:  0.0, Max:  0.0, Diff:  0.0, Sum:  0.0, Workers: 4
[0.934s][debug][gc,phases      ] GC(13)       Termination Attempts:          Min: 1, Avg: 14.0, Max: 31, Diff: 30, Sum: 56, Workers: 4
[0.934s][debug][gc,phases      ] GC(13)     GC Worker Other (ms):          Min:  0.0, Avg:  0.0, Max:  0.0, Diff:  0.0, Sum:  0.0, Workers: 4
[0.934s][debug][gc,phases      ] GC(13)     GC Worker Total (ms):          Min: 12.4, Avg: 12.4, Max: 12.4, Diff:  0.0, Sum: 49.6, Workers: 4
[0.934s][info ][gc,phases      ] GC(13)   Post Evacuate Collection Set: 0.4ms
[0.934s][debug][gc,phases      ] GC(13)     Code Roots Fixup: 0.0ms
[0.934s][debug][gc,phases      ] GC(13)     Reference Processing: 0.2ms
[0.934s][debug][gc,phases,ref  ] GC(13)       Reconsider SoftReferences: 0.1ms
[0.934s][debug][gc,phases,ref  ] GC(13)         SoftRef (ms):                  skipped
[0.934s][debug][gc,phases,ref  ] GC(13)       Notify Soft/WeakReferences: 0.0ms
[0.934s][debug][gc,phases,ref  ] GC(13)         SoftRef (ms):                  skipped
[0.934s][debug][gc,phases,ref  ] GC(13)         WeakRef (ms):                  skipped
[0.934s][debug][gc,phases,ref  ] GC(13)         FinalRef (ms):                 skipped
[0.934s][debug][gc,phases,ref  ] GC(13)         Total (ms):                    skipped
[0.934s][debug][gc,phases,ref  ] GC(13)       Notify and keep alive finalizable: 0.0ms
[0.935s][debug][gc,phases,ref  ] GC(13)         FinalRef (ms):                 skipped
[0.935s][debug][gc,phases,ref  ] GC(13)       Notify PhantomReferences: 0.0ms
[0.935s][debug][gc,phases,ref  ] GC(13)         PhantomRef (ms):               skipped
[0.935s][debug][gc,phases,ref  ] GC(13)       SoftReference:
[0.935s][debug][gc,phases,ref  ] GC(13)         Discovered: 0
[0.935s][debug][gc,phases,ref  ] GC(13)         Cleared: 0
[0.935s][debug][gc,phases,ref  ] GC(13)       WeakReference:
[0.935s][debug][gc,phases,ref  ] GC(13)         Discovered: 0
[0.935s][debug][gc,phases,ref  ] GC(13)         Cleared: 0
[0.935s][debug][gc,phases,ref  ] GC(13)       FinalReference:
[0.935s][debug][gc,phases,ref  ] GC(13)         Discovered: 0
[0.935s][debug][gc,phases,ref  ] GC(13)         Cleared: 0
[0.935s][debug][gc,phases,ref  ] GC(13)       PhantomReference:
[0.935s][debug][gc,phases,ref  ] GC(13)         Discovered: 0
[0.935s][debug][gc,phases,ref  ] GC(13)         Cleared: 0
[0.935s][debug][gc,phases      ] GC(13)     Weak Processing: 0.0ms
[0.935s][debug][gc,phases      ] GC(13)       VM Weak                        Min:  0.0, Avg:  0.0, Max:  0.0, Diff:  0.0, Sum:  0.0, Workers: 3
[0.935s][debug][gc,phases      ] GC(13)         Dead                           Min: 0, Avg:  0.0, Max: 0, Diff: 0, Sum: 0, Workers: 3
[0.935s][debug][gc,phases      ] GC(13)         Total                          Min: 0, Avg:  4.7, Max: 14, Diff: 14, Sum: 14, Workers: 3
[0.935s][debug][gc,phases      ] GC(13)       ObjectSynchronizer Weak        Min:  0.0, Avg:  0.0, Max:  0.0, Diff:  0.0, Sum:  0.0, Workers: 3
[0.935s][debug][gc,phases      ] GC(13)         Dead                           Min: 0, Avg:  0.0, Max: 0, Diff: 0, Sum: 0, Workers: 3
[0.935s][debug][gc,phases      ] GC(13)         Total                          Min: 0, Avg:  1.0, Max: 3, Diff: 3, Sum: 3, Workers: 3
[0.935s][debug][gc,phases      ] GC(13)       JVMTI Tag Weak OopStorage      Min:  0.0, Avg:  0.0, Max:  0.0, Diff:  0.0, Sum:  0.0, Workers: 3
[0.935s][debug][gc,phases      ] GC(13)         Dead                           Min: 0, Avg:  0.0, Max: 0, Diff: 0, Sum: 0, Workers: 3
[0.935s][debug][gc,phases      ] GC(13)         Total                          Min: 0, Avg:  0.0, Max: 0, Diff: 0, Sum: 0, Workers: 3
[0.935s][debug][gc,phases      ] GC(13)       StringTable Weak               Min:  0.0, Avg:  0.0, Max:  0.0, Diff:  0.0, Sum:  0.0, Workers: 3
[0.935s][debug][gc,phases      ] GC(13)         Dead                           Min: 0, Avg:  0.0, Max: 0, Diff: 0, Sum: 0, Workers: 3
[0.935s][debug][gc,phases      ] GC(13)         Total                          Min: 768, Avg: 819.0, Max: 857, Diff: 89, Sum: 2457, Workers: 3
[0.935s][debug][gc,phases      ] GC(13)       ResolvedMethodTable Weak       Min:  0.0, Avg:  0.0, Max:  0.0, Diff:  0.0, Sum:  0.0, Workers: 3
[0.935s][debug][gc,phases      ] GC(13)         Dead                           Min: 0, Avg:  0.0, Max: 0, Diff: 0, Sum: 0, Workers: 3
[0.935s][debug][gc,phases      ] GC(13)         Total                          Min: 9, Avg: 45.7, Max: 64, Diff: 55, Sum: 137, Workers: 3
[0.935s][debug][gc,phases      ] GC(13)       JNI Weak                       Min:  0.0, Avg:  0.0, Max:  0.0, Diff:  0.0, Sum:  0.0, Workers: 3
[0.935s][debug][gc,phases      ] GC(13)         Dead                           Min: 0, Avg:  0.0, Max: 0, Diff: 0, Sum: 0, Workers: 3
[0.935s][debug][gc,phases      ] GC(13)         Total                          Min: 0, Avg:  0.0, Max: 0, Diff: 0, Sum: 0, Workers: 3
[0.935s][debug][gc,phases      ] GC(13)       StringDedup Table Weak         Min:  0.0, Avg:  0.0, Max:  0.0, Diff:  0.0, Sum:  0.0, Workers: 3
[0.935s][debug][gc,phases      ] GC(13)         Dead                           Min: 0, Avg:  0.0, Max: 0, Diff: 0, Sum: 0, Workers: 3
[0.935s][debug][gc,phases      ] GC(13)         Total                          Min: 0, Avg:  0.0, Max: 0, Diff: 0, Sum: 0, Workers: 3
[0.935s][debug][gc,phases      ] GC(13)       StringDedup Requests0 Weak     Min:  0.0, Avg:  0.0, Max:  0.0, Diff:  0.0, Sum:  0.0, Workers: 3
[0.935s][debug][gc,phases      ] GC(13)         Dead                           Min: 0, Avg:  0.0, Max: 0, Diff: 0, Sum: 0, Workers: 3
[0.935s][debug][gc,phases      ] GC(13)         Total                          Min: 0, Avg:  0.0, Max: 0, Diff: 0, Sum: 0, Workers: 3
[0.935s][debug][gc,phases      ] GC(13)       StringDedup Requests1 Weak     Min:  0.0, Avg:  0.0, Max:  0.0, Diff:  0.0, Sum:  0.0, Workers: 3
[0.935s][debug][gc,phases      ] GC(13)         Dead                           Min: 0, Avg:  0.0, Max: 0, Diff: 0, Sum: 0, Workers: 3
[0.935s][debug][gc,phases      ] GC(13)         Total                          Min: 0, Avg:  0.0, Max: 0, Diff: 0, Sum: 0, Workers: 3
[0.935s][debug][gc,phases      ] GC(13)       Weak JFR Old Object Samples    Min:  0.0, Avg:  0.0, Max:  0.0, Diff:  0.0, Sum:  0.0, Workers: 3
[0.935s][debug][gc,phases      ] GC(13)         Dead                           Min: 0, Avg:  0.0, Max: 0, Diff: 0, Sum: 0, Workers: 3
[0.935s][debug][gc,phases      ] GC(13)         Total                          Min: 0, Avg:  0.0, Max: 0, Diff: 0, Sum: 0, Workers: 3
[0.935s][debug][gc,phases      ] GC(13)     Post Evacuate Cleanup 1: 0.0ms
[0.935s][debug][gc,phases      ] GC(13)       Merge Per-Thread State (ms):   Min:  0.0, Avg:  0.0, Max:  0.0, Diff:  0.0, Sum:  0.0, Workers: 1
[0.935s][debug][gc,phases      ] GC(13)         Copied Bytes                   Min: 2201568, Avg: 2352052.0, Max: 2555744, Diff: 354176, Sum: 9408208, Workers: 4
[0.935s][debug][gc,phases      ] GC(13)         LAB Waste                      Min: 104, Avg: 200.0, Max: 304, Diff: 200, Sum: 800, Workers: 4
[0.935s][debug][gc,phases      ] GC(13)         LAB Undo Waste                 Min: 0, Avg:  0.0, Max: 0, Diff: 0, Sum: 0, Workers: 4
[0.935s][debug][gc,phases      ] GC(13)       Clear Logged Cards (ms):       Min:  0.0, Avg:  0.0, Max:  0.0, Diff:  0.0, Sum:  0.0, Workers: 3
[0.935s][debug][gc,phases      ] GC(13)       Recalculate Used Memory (ms):  Min:  0.0, Avg:  0.0, Max:  0.0, Diff:  0.0, Sum:  0.0, Workers: 1
[0.935s][debug][gc,phases      ] GC(13)     Post Evacuate Cleanup 2: 0.1ms
[0.935s][debug][gc,phases      ] GC(13)       Reset Hot Card Cache (ms):     Min:  0.0, Avg:  0.0, Max:  0.0, Diff:  0.0, Sum:  0.0, Workers: 1
[0.936s][debug][gc,phases      ] GC(13)       Purge Code Roots (ms):         Min:  0.0, Avg:  0.0, Max:  0.0, Diff:  0.0, Sum:  0.0, Workers: 1
[0.936s][debug][gc,phases      ] GC(13)       Update Derived Pointers (ms):  Min:  0.0, Avg:  0.0, Max:  0.0, Diff:  0.0, Sum:  0.0, Workers: 1
[0.936s][debug][gc,phases      ] GC(13)       Eagerly Reclaim Humongous Objects (ms): Min:  0.0, Avg:  0.0, Max:  0.0, Diff:  0.0, Sum:  0.0, Workers: 1
[0.936s][debug][gc,phases      ] GC(13)         Humongous Total                Min: 11, Avg: 11.0, Max: 11, Diff: 0, Sum: 11, Workers: 1
[0.936s][debug][gc,phases      ] GC(13)         Humongous Candidates           Min: 0, Avg:  0.0, Max: 0, Diff: 0, Sum: 0, Workers: 1
[0.936s][debug][gc,phases      ] GC(13)         Humongous Reclaimed            Min: 0, Avg:  0.0, Max: 0, Diff: 0, Sum: 0, Workers: 1
[0.936s][debug][gc,phases      ] GC(13)       Redirty Logged Cards (ms):     Min:  0.0, Avg:  0.0, Max:  0.0, Diff:  0.0, Sum:  0.0, Workers: 4
[0.936s][debug][gc,phases      ] GC(13)         Redirtied Cards:               Min: 0, Avg: 257.0, Max: 718, Diff: 718, Sum: 1028, Workers: 4
[0.936s][debug][gc,phases      ] GC(13)       Free Collection Set (ms):      Min:  0.0, Avg:  0.0, Max:  0.0, Diff:  0.0, Sum:  0.0, Workers: 4
[0.936s][debug][gc,phases      ] GC(13)     Rebuild Free List: 0.1ms
[0.936s][debug][gc,phases      ] GC(13)     Start New Collection Set: 0.0ms
[0.936s][debug][gc,phases      ] GC(13)     Resize TLABs: 0.0ms
[0.936s][debug][gc,phases      ] GC(13)     Expand Heap After Collection: 0.0ms
[0.936s][info ][gc,phases      ] GC(13)   Other: 0.6ms
[0.936s][info ][gc,heap        ] GC(13) Eden regions: 7->0(10)
[0.936s][info ][gc,heap        ] GC(13) Survivor regions: 2->2(2)
[0.936s][info ][gc,heap        ] GC(13) Old regions: 127->135
[0.936s][info ][gc,heap        ] GC(13) Archive regions: 0->0
[0.936s][info ][gc,heap        ] GC(13) Humongous regions: 110->110
[0.936s][info ][gc,metaspace   ] GC(13) Metaspace: 482K(640K)->482K(640K) NonClass: 446K(512K)->446K(512K) Class: 36K(128K)->36K(128K)
[0.936s][debug][gc,heap        ] GC(13) Heap after GC invocations=12 (full 0):
[0.936s][debug][gc,heap        ] GC(13)  garbage-first heap   total 262144K, used 252901K [0x00000000f0000000, 0x0000000100000000)
[0.936s][debug][gc,heap        ] GC(13)   region size 1024K, 2 young (2048K), 2 survivors (2048K)
[0.936s][debug][gc,heap        ] GC(13)  Metaspace       used 482K, committed 640K, reserved 1056768K
[0.936s][debug][gc,heap        ] GC(13)   class space    used 36K, committed 128K, reserved 1048576K
[0.936s][info ][gc             ] GC(13) Pause Young (Normal) (G1 Preventive Collection) 245M->246M(256M) 15.928ms
[0.936s][info ][gc,cpu         ] GC(13) User=0.06s Sys=0.00s Real=0.02s
[0.941s][debug][gc,ergo,cset   ] Preventive GC, insufficient free regions. Predicted need 7. Curr Eden 3 (Pred 5). Curr Survivor 2 (Pred 3). Curr Old 135 (Pred 0) Free 6 Alloc 1
[0.941s][debug][gc,heap        ] GC(14) Heap before GC invocations=12 (full 0):
[0.941s][debug][gc,heap        ] GC(14)  garbage-first heap   total 262144K, used 254949K [0x00000000f0000000, 0x0000000100000000)
[0.942s][debug][gc,heap        ] GC(14)   region size 1024K, 5 young (5120K), 2 survivors (2048K)
[0.942s][debug][gc,heap        ] GC(14)  Metaspace       used 482K, committed 640K, reserved 1056768K
[0.942s][debug][gc,heap        ] GC(14)   class space    used 36K, committed 128K, reserved 1048576K
[0.942s][info ][gc,start       ] GC(14) Pause Young (Normal) (G1 Preventive Collection)
[0.942s][info ][gc,task        ] GC(14) Using 4 workers of 4 for evacuation
[0.942s][debug][gc,tlab        ] GC(14) TLAB totals: thrds: 1  refills: 21 max: 21 slow allocs: 0 max 0 waste:  0.4% gc: 0B max: 0B slow: 12240B max: 12240B
[0.942s][debug][gc,age         ] GC(14) Desired survivor size 1048576 bytes, new threshold 1 (max threshold 15)
[0.942s][debug][gc,refine,stats] GC(14) Mutator refinement: 0.00ms, refined: 0, precleaned: 0, dirtied: 1531
[0.942s][debug][gc,refine,stats] GC(14) Concurrent refinement: 0.00ms, refined: 0, precleaned: 0, dirtied: 0
[0.942s][debug][gc,refine,stats] GC(14) Total refinement: 0.00ms, refined: 0, precleaned: 0, dirtied: 1531
[0.942s][debug][gc,refine,stats] GC(14) Generate dirty cards rate: 192.05 cards/ms
[0.942s][debug][gc,alloc,region] GC(14) Mutator Allocation stats, regions: 3, wasted size: 0B ( 0.0%)
[0.942s][debug][gc,humongous   ] GC(14) Humongous region 0 (object size 640280 @ 0x00000000f0000000) remset 0 code roots 0 marked 0 reclaim candidate 0 type array 0
[0.942s][debug][gc,humongous   ] GC(14) Humongous region 71 (object size 16409088 @ 0x00000000f4700000) remset 1 code roots 0 marked 0 reclaim candidate 0 type array 0
[0.942s][debug][gc,humongous   ] GC(14) Humongous region 173 (object size 36920416 @ 0x00000000fad00000) remset 0 code roots 0 marked 0 reclaim candidate 0 type array 0
[0.942s][debug][gc,humongous   ] GC(14) Humongous region 1 (object size 960408 @ 0x00000000f0100000) remset 0 code roots 0 marked 0 reclaim candidate 0 type array 0
[0.942s][debug][gc,humongous   ] GC(14) Humongous region 2 (object size 1440600 @ 0x00000000f0200000) remset 0 code roots 0 marked 0 reclaim candidate 0 type array 0
[0.942s][debug][gc,humongous   ] GC(14) Humongous region 115 (object size 24613616 @ 0x00000000f7300000) remset 0 code roots 0 marked 1 reclaim candidate 0 type array 0
[0.942s][debug][gc,humongous   ] GC(14) Humongous region 4 (object size 2160888 @ 0x00000000f0400000) remset 0 code roots 0 marked 0 reclaim candidate 0 type array 0
[0.942s][debug][gc,humongous   ] GC(14) Humongous region 12 (object size 3241320 @ 0x00000000f0c00000) remset 0 code roots 0 marked 0 reclaim candidate 0 type array 0
[0.942s][debug][gc,humongous   ] GC(14) Humongous region 16 (object size 4861968 @ 0x00000000f1000000) remset 1 code roots 0 marked 0 reclaim candidate 0 type array 0
[0.942s][debug][gc,humongous   ] GC(14) Humongous region 32 (object size 7292936 @ 0x00000000f2000000) remset 1 code roots 0 marked 0 reclaim candidate 0 type array 0
[0.942s][debug][gc,humongous   ] GC(14) Humongous region 49 (object size 10939400 @ 0x00000000f3100000) remset 1 code roots 0 marked 0 reclaim candidate 0 type array 0
[0.942s][debug][gc,ergo        ] GC(14) Running G1 Merge Heap Roots using 4 workers for 5 regions
[0.942s][debug][gc,remset      ] GC(14) Visited cards 3840 Total dirty 10240 (37.50%) Total old 522240 (0.74%)
[0.950s][debug][gc,ref         ] GC(14) Skipped phase 1 of Reference Processing: no references
[0.950s][debug][gc,ref         ] GC(14) Skipped phase 2 of Reference Processing: no references
[0.950s][debug][gc,ref         ] GC(14) Skipped phase 3 of Reference Processing: no references
[0.950s][debug][gc,ref         ] GC(14) Skipped phase 4 of Reference Processing: no references
[0.950s][debug][gc,ergo        ] GC(14) Running G1 Rebuild Free List Task using 4 workers for rebuilding free list of regions
[0.950s][debug][gc,plab        ] GC(14) Young PLAB allocation: allocated: 2097152B, wasted: 320B, unused: 0B, used: 2096832B, undo waste: 0B, 
[0.950s][debug][gc,plab        ] GC(14) Young other allocation: region end waste: 0B, regions filled: 2, direct allocated: 0B, failure used: 0B, failure wasted: 0B
[0.950s][debug][gc,plab        ] GC(14) Young sizing: calculated: 419360B, actual: 420200B
[0.950s][debug][gc,plab        ] GC(14) Old PLAB allocation: allocated: 3976928B, wasted: 128B, unused: 843472B, used: 3133328B, undo waste: 0B, 
[0.950s][debug][gc,plab        ] GC(14) Old other allocation: region end waste: 0B, regions filled: 5, direct allocated: 0B, failure used: 0B, failure wasted: 0B
[0.950s][debug][gc,plab        ] GC(14) Old sizing: calculated: 626664B, actual: 871776B
[0.950s][debug][gc,ergo,heap   ] GC(14) Heap expansion: short term pause time ratio 45.61% long term pause time ratio 38.43% threshold 7.69% pause time ratio 7.69% fully expanded true resize by 0B
[0.950s][debug][gc,mmu         ] GC(14) MMU: 70.7ms (200.0ms/201.0ms)
[0.950s][debug][gc,alloc,stats ] Old generation allocation in the last mutator period, old gen allocated: 3976928B, humongous allocated: 0B,old gen growth: 3976928B.
[0.950s][debug][gc,ihop        ] GC(14) Basic information (value update), threshold: 120795955B (45.00), target occupancy: 268435456B, current occupancy: 262947840B, recent allocation size: 3976928B, recent allocation duration: 7.97ms, recent old gen allocation rate: 498868274.82B/s, recent marking phase length: 0.00ms
[0.950s][debug][gc,ihop        ] GC(14) Adaptive IHOP information (value update), threshold: 120795955B (52.94), internal target occupancy: 228170137B, occupancy: 262947840B, additional buffer size: 12582912B, predicted old gen allocation rate: 492522704.78B/s, predicted marking phase length: 0.00ms, prediction active: false
[0.950s][debug][gc,ergo,refine ] GC(14) Concurrent refinement times: Logged Cards Scan time goal: 20.00ms Logged Cards Scan time: 1.02ms HCC time: 0.00ms
[0.950s][debug][gc,ergo,refine ] GC(14) Updated Refinement Zones: green: 3204, yellow: 9612, red: 16020
[0.950s][info ][gc,phases      ] GC(14)   Pre Evacuate Collection Set: 0.4ms
[0.950s][debug][gc,phases      ] GC(14)     Prepare TLABs: 0.0ms
[0.950s][debug][gc,phases      ] GC(14)     Concatenate Dirty Card Logs: 0.0ms
[0.950s][debug][gc,phases      ] GC(14)     Choose Collection Set: 0.0ms
[0.950s][debug][gc,phases      ] GC(14)     Region Register: 0.4ms
[0.950s][debug][gc,phases      ] GC(14)     Prepare Heap Roots: 0.0ms
[0.950s][info ][gc,phases      ] GC(14)   Merge Heap Roots: 0.1ms
[0.950s][debug][gc,phases      ] GC(14)     Prepare Merge Heap Roots: 0.0ms
[0.950s][debug][gc,phases      ] GC(14)     Eager Reclaim (ms):            skipped
[0.950s][debug][gc,phases      ] GC(14)     Remembered Sets (ms):          Min:  0.0, Avg:  0.0, Max:  0.0, Diff:  0.0, Sum:  0.0, Workers: 4
[0.950s][debug][gc,phases      ] GC(14)       Merged Sparse:                 Min: 0, Avg:  0.0, Max: 0, Diff: 0, Sum: 0, Workers: 4
[0.951s][debug][gc,phases      ] GC(14)       Merged Fine:                   Min: 0, Avg:  0.0, Max: 0, Diff: 0, Sum: 0, Workers: 4
[0.951s][debug][gc,phases      ] GC(14)       Merged Coarse:                 Min: 0, Avg:  0.0, Max: 0, Diff: 0, Sum: 0, Workers: 4
[0.951s][debug][gc,phases      ] GC(14)       Dirty Cards:                   Min: 0, Avg:  0.0, Max: 0, Diff: 0, Sum: 0, Workers: 4
[0.951s][debug][gc,phases      ] GC(14)     Hot Card Cache (ms):           Min:  0.0, Avg:  0.0, Max:  0.0, Diff:  0.0, Sum:  0.0, Workers: 4
[0.951s][debug][gc,phases      ] GC(14)       Dirty Cards:                   Min: 0, Avg:  0.0, Max: 0, Diff: 0, Sum: 0, Workers: 4
[0.951s][debug][gc,phases      ] GC(14)       Skipped Cards:                 Min: 0, Avg:  0.0, Max: 0, Diff: 0, Sum: 0, Workers: 4
[0.951s][debug][gc,phases      ] GC(14)     Log Buffers (ms):              Min:  0.0, Avg:  0.0, Max:  0.0, Diff:  0.0, Sum:  0.1, Workers: 4
[0.951s][debug][gc,phases      ] GC(14)       Dirty Cards:                   Min: 504, Avg: 631.8, Max: 764, Diff: 260, Sum: 2527, Workers: 4
[0.951s][debug][gc,phases      ] GC(14)       Skipped Cards:                 Min: 0, Avg:  0.0, Max: 0, Diff: 0, Sum: 0, Workers: 4
[0.951s][info ][gc,phases      ] GC(14)   Evacuate Collection Set: 7.4ms
[0.951s][debug][gc,phases      ] GC(14)     Ext Root Scanning (ms):        Min:  0.0, Avg:  0.0, Max:  0.0, Diff:  0.0, Sum:  0.0, Workers: 4
[0.951s][debug][gc,phases      ] GC(14)     Scan Heap Roots (ms):          Min:  0.7, Avg:  1.0, Max:  1.5, Diff:  0.8, Sum:  4.1, Workers: 4
[0.951s][debug][gc,phases      ] GC(14)       Scanned Cards:                 Min: 493, Avg: 639.8, Max: 785, Diff: 292, Sum: 2559, Workers: 4
[0.951s][debug][gc,phases      ] GC(14)       Scanned Blocks:                Min: 2, Avg:  3.8, Max: 6, Diff: 4, Sum: 15, Workers: 4
[0.951s][debug][gc,phases      ] GC(14)       Claimed Chunks:                Min: 2, Avg:  3.8, Max: 6, Diff: 4, Sum: 15, Workers: 4
[0.951s][debug][gc,phases      ] GC(14)     Code Root Scan (ms):           Min:  0.0, Avg:  0.0, Max:  0.0, Diff:  0.0, Sum:  0.0, Workers: 4
[0.951s][debug][gc,phases      ] GC(14)     Object Copy (ms):              Min:  5.9, Avg:  6.4, Max:  6.7, Diff:  0.8, Sum: 25.4, Workers: 4
[0.951s][debug][gc,phases      ] GC(14)     Termination (ms):              Min:  0.0, Avg:  0.0, Max:  0.0, Diff:  0.0, Sum:  0.0, Workers: 4
[0.951s][debug][gc,phases      ] GC(14)       Termination Attempts:          Min: 1, Avg:  1.0, Max: 1, Diff: 0, Sum: 4, Workers: 4
[0.951s][debug][gc,phases      ] GC(14)     GC Worker Other (ms):          Min:  0.0, Avg:  0.0, Max:  0.0, Diff:  0.0, Sum:  0.0, Workers: 4
[0.951s][debug][gc,phases      ] GC(14)     GC Worker Total (ms):          Min:  7.4, Avg:  7.4, Max:  7.4, Diff:  0.0, Sum: 29.6, Workers: 4
[0.951s][info ][gc,phases      ] GC(14)   Post Evacuate Collection Set: 0.4ms
[0.951s][debug][gc,phases      ] GC(14)     Code Roots Fixup: 0.0ms
[0.951s][debug][gc,phases      ] GC(14)     Reference Processing: 0.2ms
[0.951s][debug][gc,phases,ref  ] GC(14)       Reconsider SoftReferences: 0.1ms
[0.951s][debug][gc,phases,ref  ] GC(14)         SoftRef (ms):                  skipped
[0.951s][debug][gc,phases,ref  ] GC(14)       Notify Soft/WeakReferences: 0.0ms
[0.951s][debug][gc,phases,ref  ] GC(14)         SoftRef (ms):                  skipped
[0.951s][debug][gc,phases,ref  ] GC(14)         WeakRef (ms):                  skipped
[0.951s][debug][gc,phases,ref  ] GC(14)         FinalRef (ms):                 skipped
[0.951s][debug][gc,phases,ref  ] GC(14)         Total (ms):                    skipped
[0.951s][debug][gc,phases,ref  ] GC(14)       Notify and keep alive finalizable: 0.0ms
[0.951s][debug][gc,phases,ref  ] GC(14)         FinalRef (ms):                 skipped
[0.951s][debug][gc,phases,ref  ] GC(14)       Notify PhantomReferences: 0.0ms
[0.951s][debug][gc,phases,ref  ] GC(14)         PhantomRef (ms):               skipped
[0.951s][debug][gc,phases,ref  ] GC(14)       SoftReference:
[0.951s][debug][gc,phases,ref  ] GC(14)         Discovered: 0
[0.951s][debug][gc,phases,ref  ] GC(14)         Cleared: 0
[0.951s][debug][gc,phases,ref  ] GC(14)       WeakReference:
[0.951s][debug][gc,phases,ref  ] GC(14)         Discovered: 0
[0.951s][debug][gc,phases,ref  ] GC(14)         Cleared: 0
[0.951s][debug][gc,phases,ref  ] GC(14)       FinalReference:
[0.951s][debug][gc,phases,ref  ] GC(14)         Discovered: 0
[0.951s][debug][gc,phases,ref  ] GC(14)         Cleared: 0
[0.951s][debug][gc,phases,ref  ] GC(14)       PhantomReference:
[0.951s][debug][gc,phases,ref  ] GC(14)         Discovered: 0
[0.951s][debug][gc,phases,ref  ] GC(14)         Cleared: 0
[0.951s][debug][gc,phases      ] GC(14)     Weak Processing: 0.0ms
[0.951s][debug][gc,phases      ] GC(14)       VM Weak                        Min:  0.0, Avg:  0.0, Max:  0.0, Diff:  0.0, Sum:  0.0, Workers: 3
[0.951s][debug][gc,phases      ] GC(14)         Dead                           Min: 0, Avg:  0.0, Max: 0, Diff: 0, Sum: 0, Workers: 3
[0.951s][debug][gc,phases      ] GC(14)         Total                          Min: 0, Avg:  4.7, Max: 14, Diff: 14, Sum: 14, Workers: 3
[0.951s][debug][gc,phases      ] GC(14)       ObjectSynchronizer Weak        Min:  0.0, Avg:  0.0, Max:  0.0, Diff:  0.0, Sum:  0.0, Workers: 3
[0.951s][debug][gc,phases      ] GC(14)         Dead                           Min: 0, Avg:  0.0, Max: 0, Diff: 0, Sum: 0, Workers: 3
[0.951s][debug][gc,phases      ] GC(14)         Total                          Min: 0, Avg:  1.0, Max: 3, Diff: 3, Sum: 3, Workers: 3
[0.951s][debug][gc,phases      ] GC(14)       JVMTI Tag Weak OopStorage      Min:  0.0, Avg:  0.0, Max:  0.0, Diff:  0.0, Sum:  0.0, Workers: 3
[0.951s][debug][gc,phases      ] GC(14)         Dead                           Min: 0, Avg:  0.0, Max: 0, Diff: 0, Sum: 0, Workers: 3
[0.951s][debug][gc,phases      ] GC(14)         Total                          Min: 0, Avg:  0.0, Max: 0, Diff: 0, Sum: 0, Workers: 3
[0.951s][debug][gc,phases      ] GC(14)       StringTable Weak               Min:  0.0, Avg:  0.0, Max:  0.0, Diff:  0.0, Sum:  0.0, Workers: 3
[0.951s][debug][gc,phases      ] GC(14)         Dead                           Min: 0, Avg:  0.0, Max: 0, Diff: 0, Sum: 0, Workers: 3
[0.951s][debug][gc,phases      ] GC(14)         Total                          Min: 768, Avg: 819.0, Max: 896, Diff: 128, Sum: 2457, Workers: 3
[0.951s][debug][gc,phases      ] GC(14)       ResolvedMethodTable Weak       Min:  0.0, Avg:  0.0, Max:  0.0, Diff:  0.0, Sum:  0.0, Workers: 3
[0.951s][debug][gc,phases      ] GC(14)         Dead                           Min: 0, Avg:  0.0, Max: 0, Diff: 0, Sum: 0, Workers: 3
[0.951s][debug][gc,phases      ] GC(14)         Total                          Min: 9, Avg: 45.7, Max: 64, Diff: 55, Sum: 137, Workers: 3
[0.952s][debug][gc,phases      ] GC(14)       JNI Weak                       Min:  0.0, Avg:  0.0, Max:  0.0, Diff:  0.0, Sum:  0.0, Workers: 3
[0.952s][debug][gc,phases      ] GC(14)         Dead                           Min: 0, Avg:  0.0, Max: 0, Diff: 0, Sum: 0, Workers: 3
[0.952s][debug][gc,phases      ] GC(14)         Total                          Min: 0, Avg:  0.0, Max: 0, Diff: 0, Sum: 0, Workers: 3
[0.952s][debug][gc,phases      ] GC(14)       StringDedup Table Weak         Min:  0.0, Avg:  0.0, Max:  0.0, Diff:  0.0, Sum:  0.0, Workers: 3
[0.952s][debug][gc,phases      ] GC(14)         Dead                           Min: 0, Avg:  0.0, Max: 0, Diff: 0, Sum: 0, Workers: 3
[0.952s][debug][gc,phases      ] GC(14)         Total                          Min: 0, Avg:  0.0, Max: 0, Diff: 0, Sum: 0, Workers: 3
[0.952s][debug][gc,phases      ] GC(14)       StringDedup Requests0 Weak     Min:  0.0, Avg:  0.0, Max:  0.0, Diff:  0.0, Sum:  0.0, Workers: 3
[0.952s][debug][gc,phases      ] GC(14)         Dead                           Min: 0, Avg:  0.0, Max: 0, Diff: 0, Sum: 0, Workers: 3
[0.952s][debug][gc,phases      ] GC(14)         Total                          Min: 0, Avg:  0.0, Max: 0, Diff: 0, Sum: 0, Workers: 3
[0.952s][debug][gc,phases      ] GC(14)       StringDedup Requests1 Weak     Min:  0.0, Avg:  0.0, Max:  0.0, Diff:  0.0, Sum:  0.0, Workers: 3
[0.952s][debug][gc,phases      ] GC(14)         Dead                           Min: 0, Avg:  0.0, Max: 0, Diff: 0, Sum: 0, Workers: 3
[0.952s][debug][gc,phases      ] GC(14)         Total                          Min: 0, Avg:  0.0, Max: 0, Diff: 0, Sum: 0, Workers: 3
[0.952s][debug][gc,phases      ] GC(14)       Weak JFR Old Object Samples    Min:  0.0, Avg:  0.0, Max:  0.0, Diff:  0.0, Sum:  0.0, Workers: 3
[0.952s][debug][gc,phases      ] GC(14)         Dead                           Min: 0, Avg:  0.0, Max: 0, Diff: 0, Sum: 0, Workers: 3
[0.952s][debug][gc,phases      ] GC(14)         Total                          Min: 0, Avg:  0.0, Max: 0, Diff: 0, Sum: 0, Workers: 3
[0.952s][debug][gc,phases      ] GC(14)     Post Evacuate Cleanup 1: 0.0ms
[0.952s][debug][gc,phases      ] GC(14)       Merge Per-Thread State (ms):   Min:  0.0, Avg:  0.0, Max:  0.0, Diff:  0.0, Sum:  0.0, Workers: 1
[0.952s][debug][gc,phases      ] GC(14)         Copied Bytes                   Min: 1159040, Avg: 1307540.0, Max: 1527232, Diff: 368192, Sum: 5230160, Workers: 4
[0.952s][debug][gc,phases      ] GC(14)         LAB Waste                      Min: 32, Avg: 112.0, Max: 176, Diff: 144, Sum: 448, Workers: 4
[0.952s][debug][gc,phases      ] GC(14)         LAB Undo Waste                 Min: 0, Avg:  0.0, Max: 0, Diff: 0, Sum: 0, Workers: 4
[0.952s][debug][gc,phases      ] GC(14)       Clear Logged Cards (ms):       Min:  0.0, Avg:  0.0, Max:  0.0, Diff:  0.0, Sum:  0.0, Workers: 3
[0.952s][debug][gc,phases      ] GC(14)       Recalculate Used Memory (ms):  Min:  0.0, Avg:  0.0, Max:  0.0, Diff:  0.0, Sum:  0.0, Workers: 1
[0.952s][debug][gc,phases      ] GC(14)     Post Evacuate Cleanup 2: 0.1ms
[0.952s][debug][gc,phases      ] GC(14)       Reset Hot Card Cache (ms):     Min:  0.0, Avg:  0.0, Max:  0.0, Diff:  0.0, Sum:  0.0, Workers: 1
[0.952s][debug][gc,phases      ] GC(14)       Purge Code Roots (ms):         Min:  0.0, Avg:  0.0, Max:  0.0, Diff:  0.0, Sum:  0.0, Workers: 1
[0.952s][debug][gc,phases      ] GC(14)       Update Derived Pointers (ms):  Min:  0.0, Avg:  0.0, Max:  0.0, Diff:  0.0, Sum:  0.0, Workers: 1
[0.952s][debug][gc,phases      ] GC(14)       Eagerly Reclaim Humongous Objects (ms): Min:  0.0, Avg:  0.0, Max:  0.0, Diff:  0.0, Sum:  0.0, Workers: 1
[0.952s][debug][gc,phases      ] GC(14)         Humongous Total                Min: 11, Avg: 11.0, Max: 11, Diff: 0, Sum: 11, Workers: 1
[0.952s][debug][gc,phases      ] GC(14)         Humongous Candidates           Min: 0, Avg:  0.0, Max: 0, Diff: 0, Sum: 0, Workers: 1
[0.952s][debug][gc,phases      ] GC(14)         Humongous Reclaimed            Min: 0, Avg:  0.0, Max: 0, Diff: 0, Sum: 0, Workers: 1
[0.952s][debug][gc,phases      ] GC(14)       Redirty Logged Cards (ms):     Min:  0.0, Avg:  0.0, Max:  0.0, Diff:  0.0, Sum:  0.0, Workers: 4
[0.952s][debug][gc,phases      ] GC(14)         Redirtied Cards:               Min: 0, Avg: 257.0, Max: 772, Diff: 772, Sum: 1028, Workers: 4
[0.952s][debug][gc,phases      ] GC(14)       Free Collection Set (ms):      Min:  0.0, Avg:  0.0, Max:  0.0, Diff:  0.0, Sum:  0.0, Workers: 4
[0.952s][debug][gc,phases      ] GC(14)     Rebuild Free List: 0.1ms
[0.952s][debug][gc,phases      ] GC(14)     Start New Collection Set: 0.0ms
[0.952s][debug][gc,phases      ] GC(14)     Resize TLABs: 0.0ms
[0.952s][debug][gc,phases      ] GC(14)     Expand Heap After Collection: 0.0ms
[0.952s][info ][gc,phases      ] GC(14)   Other: 0.6ms
[0.952s][info ][gc,heap        ] GC(14) Eden regions: 3->0(10)
[0.952s][info ][gc,heap        ] GC(14) Survivor regions: 2->2(2)
[0.952s][info ][gc,heap        ] GC(14) Old regions: 135->139
[0.952s][info ][gc,heap        ] GC(14) Archive regions: 0->0
[0.952s][info ][gc,heap        ] GC(14) Humongous regions: 110->110
[0.952s][info ][gc,metaspace   ] GC(14) Metaspace: 482K(640K)->482K(640K) NonClass: 446K(512K)->446K(512K) Class: 36K(128K)->36K(128K)
[0.952s][debug][gc,heap        ] GC(14) Heap after GC invocations=13 (full 0):
[0.952s][debug][gc,heap        ] GC(14)  garbage-first heap   total 262144K, used 256785K [0x00000000f0000000, 0x0000000100000000)
[0.952s][debug][gc,heap        ] GC(14)   region size 1024K, 2 young (2048K), 2 survivors (2048K)
[0.952s][debug][gc,heap        ] GC(14)  Metaspace       used 482K, committed 640K, reserved 1056768K
[0.952s][debug][gc,heap        ] GC(14)   class space    used 36K, committed 128K, reserved 1048576K
[0.952s][info ][gc             ] GC(14) Pause Young (Normal) (G1 Preventive Collection) 249M->250M(256M) 10.724ms
[0.952s][info ][gc,cpu         ] GC(14) User=0.06s Sys=0.00s Real=0.01s
[0.954s][debug][gc,ergo,cset   ] Preventive GC, insufficient free regions. Predicted need 5. Curr Eden 1 (Pred 3). Curr Survivor 2 (Pred 3). Curr Old 139 (Pred 0) Free 4 Alloc 1
[0.954s][debug][gc,heap        ] GC(15) Heap before GC invocations=13 (full 0):
[0.954s][debug][gc,heap        ] GC(15)  garbage-first heap   total 262144K, used 256785K [0x00000000f0000000, 0x0000000100000000)
[0.954s][debug][gc,heap        ] GC(15)   region size 1024K, 3 young (3072K), 2 survivors (2048K)
[0.954s][debug][gc,heap        ] GC(15)  Metaspace       used 482K, committed 640K, reserved 1056768K
[0.954s][debug][gc,heap        ] GC(15)   class space    used 36K, committed 128K, reserved 1048576K
[0.954s][info ][gc,start       ] GC(15) Pause Young (Normal) (G1 Preventive Collection)
[0.954s][info ][gc,task        ] GC(15) Using 4 workers of 4 for evacuation
[0.954s][debug][gc,tlab        ] GC(15) TLAB totals: thrds: 1  refills: 7 max: 7 slow allocs: 0 max 0 waste:  0.4% gc: 0B max: 0B slow: 4080B max: 4080B
[0.954s][debug][gc,age         ] GC(15) Desired survivor size 1048576 bytes, new threshold 1 (max threshold 15)
[0.954s][debug][gc,refine,stats] GC(15) Mutator refinement: 0.00ms, refined: 0, precleaned: 0, dirtied: 510
[0.954s][debug][gc,refine,stats] GC(15) Concurrent refinement: 0.00ms, refined: 0, precleaned: 0, dirtied: 0
[0.954s][debug][gc,refine,stats] GC(15) Total refinement: 0.00ms, refined: 0, precleaned: 0, dirtied: 510
[0.954s][debug][gc,refine,stats] GC(15) Generate dirty cards rate: 134.01 cards/ms
[0.954s][debug][gc,alloc,region] GC(15) Mutator Allocation stats, regions: 1, wasted size: 0B ( 0.0%)
[0.954s][debug][gc,humongous   ] GC(15) Humongous region 0 (object size 640280 @ 0x00000000f0000000) remset 0 code roots 0 marked 0 reclaim candidate 0 type array 0
[0.954s][debug][gc,humongous   ] GC(15) Humongous region 71 (object size 16409088 @ 0x00000000f4700000) remset 1 code roots 0 marked 0 reclaim candidate 0 type array 0
[0.954s][debug][gc,humongous   ] GC(15) Humongous region 173 (object size 36920416 @ 0x00000000fad00000) remset 0 code roots 0 marked 0 reclaim candidate 0 type array 0
[0.954s][debug][gc,humongous   ] GC(15) Humongous region 1 (object size 960408 @ 0x00000000f0100000) remset 0 code roots 0 marked 0 reclaim candidate 0 type array 0
[0.954s][debug][gc,humongous   ] GC(15) Humongous region 2 (object size 1440600 @ 0x00000000f0200000) remset 0 code roots 0 marked 0 reclaim candidate 0 type array 0
[0.954s][debug][gc,humongous   ] GC(15) Humongous region 115 (object size 24613616 @ 0x00000000f7300000) remset 0 code roots 0 marked 1 reclaim candidate 0 type array 0
[0.954s][debug][gc,humongous   ] GC(15) Humongous region 4 (object size 2160888 @ 0x00000000f0400000) remset 0 code roots 0 marked 0 reclaim candidate 0 type array 0
[0.954s][debug][gc,humongous   ] GC(15) Humongous region 12 (object size 3241320 @ 0x00000000f0c00000) remset 0 code roots 0 marked 0 reclaim candidate 0 type array 0
[0.954s][debug][gc,humongous   ] GC(15) Humongous region 16 (object size 4861968 @ 0x00000000f1000000) remset 1 code roots 0 marked 0 reclaim candidate 0 type array 0
[0.954s][debug][gc,humongous   ] GC(15) Humongous region 32 (object size 7292936 @ 0x00000000f2000000) remset 1 code roots 0 marked 0 reclaim candidate 0 type array 0
[0.954s][debug][gc,humongous   ] GC(15) Humongous region 49 (object size 10939400 @ 0x00000000f3100000) remset 1 code roots 0 marked 0 reclaim candidate 0 type array 0
[0.954s][debug][gc,ergo        ] GC(15) Running G1 Merge Heap Roots using 4 workers for 3 regions
[0.955s][debug][gc,remset      ] GC(15) Visited cards 2560 Total dirty 6144 (41.67%) Total old 522240 (0.49%)
[0.959s][debug][gc,ergo,heap   ] GC(15) Attempt heap expansion (region allocation request failed). Allocation request: 105048B
[0.959s][debug][gc,ergo,heap   ] GC(15) Did not expand the heap (heap already fully expanded)
[0.960s][debug][gc,ref         ] GC(15) Skipped phase 1 of Reference Processing: no references
[0.960s][debug][gc,ref         ] GC(15) Skipped phase 2 of Reference Processing: no references
[0.960s][debug][gc,ref         ] GC(15) Skipped phase 3 of Reference Processing: no references
[0.960s][debug][gc,ref         ] GC(15) Skipped phase 4 of Reference Processing: no references
[0.960s][debug][gc,ergo        ] GC(15) Running G1 Rebuild Free List Task using 4 workers for rebuilding free list of regions
[0.960s][debug][gc,plab        ] GC(15) Young PLAB allocation: allocated: 1048576B, wasted: 192B, unused: 91072B, used: 957312B, undo waste: 0B, 
[0.960s][debug][gc,plab        ] GC(15) Young other allocation: region end waste: 0B, regions filled: 1, direct allocated: 0B, failure used: 0B, failure wasted: 0B
[0.960s][debug][gc,plab        ] GC(15) Young sizing: calculated: 191456B, actual: 248640B
[0.960s][debug][gc,plab        ] GC(15) Old PLAB allocation: allocated: 2559832B, wasted: 208B, unused: 375608B, used: 2184016B, undo waste: 0B, 
[0.960s][debug][gc,plab        ] GC(15) Old other allocation: region end waste: 0B, regions filled: 4, direct allocated: 0B, failure used: 0B, failure wasted: 0B
[0.960s][debug][gc,plab        ] GC(15) Old sizing: calculated: 436800B, actual: 545544B
[0.960s][debug][gc,ergo,heap   ] GC(15) Heap expansion: short term pause time ratio 51.72% long term pause time ratio 38.02% threshold 7.69% pause time ratio 7.69% fully expanded true resize by 0B
[0.960s][debug][gc,mmu         ] GC(15) MMU: 77.1ms (200.0ms/201.0ms)
[0.960s][debug][gc,alloc,stats ] Old generation allocation in the last mutator period, old gen allocated: 2559832B, humongous allocated: 0B,old gen growth: 2559832B.
[0.960s][debug][gc,ihop        ] GC(15) Basic information (value update), threshold: 120795955B (45.00), target occupancy: 268435456B, current occupancy: 264459264B, recent allocation size: 2559832B, recent allocation duration: 3.81ms, recent old gen allocation rate: 672613379.58B/s, recent marking phase length: 0.00ms
[0.960s][debug][gc,ihop        ] GC(15) Adaptive IHOP information (value update), threshold: 120795955B (52.94), internal target occupancy: 228170137B, occupancy: 264459264B, additional buffer size: 12582912B, predicted old gen allocation rate: 509830052.76B/s, predicted marking phase length: 0.00ms, prediction active: false
[0.960s][debug][gc,ergo,refine ] GC(15) Concurrent refinement times: Logged Cards Scan time goal: 20.00ms Logged Cards Scan time: 0.88ms HCC time: 0.00ms
[0.960s][debug][gc,ergo,refine ] GC(15) Updated Refinement Zones: green: 3204, yellow: 9612, red: 16020
[0.961s][info ][gc,phases      ] GC(15)   Pre Evacuate Collection Set: 0.4ms
[0.961s][debug][gc,phases      ] GC(15)     Prepare TLABs: 0.0ms
[0.961s][debug][gc,phases      ] GC(15)     Concatenate Dirty Card Logs: 0.0ms
[0.961s][debug][gc,phases      ] GC(15)     Choose Collection Set: 0.0ms
[0.961s][debug][gc,phases      ] GC(15)     Region Register: 0.4ms
[0.961s][debug][gc,phases      ] GC(15)     Prepare Heap Roots: 0.0ms
[0.961s][info ][gc,phases      ] GC(15)   Merge Heap Roots: 0.1ms
[0.961s][debug][gc,phases      ] GC(15)     Prepare Merge Heap Roots: 0.0ms
[0.961s][debug][gc,phases      ] GC(15)     Eager Reclaim (ms):            skipped
[0.961s][debug][gc,phases      ] GC(15)     Remembered Sets (ms):          Min:  0.0, Avg:  0.0, Max:  0.0, Diff:  0.0, Sum:  0.0, Workers: 4
[0.961s][debug][gc,phases      ] GC(15)       Merged Sparse:                 Min: 0, Avg:  0.0, Max: 0, Diff: 0, Sum: 0, Workers: 4
[0.961s][debug][gc,phases      ] GC(15)       Merged Fine:                   Min: 0, Avg:  0.0, Max: 0, Diff: 0, Sum: 0, Workers: 4
[0.961s][debug][gc,phases      ] GC(15)       Merged Coarse:                 Min: 0, Avg:  0.0, Max: 0, Diff: 0, Sum: 0, Workers: 4
[0.961s][debug][gc,phases      ] GC(15)       Dirty Cards:                   Min: 0, Avg:  0.0, Max: 0, Diff: 0, Sum: 0, Workers: 4
[0.961s][debug][gc,phases      ] GC(15)     Hot Card Cache (ms):           Min:  0.0, Avg:  0.0, Max:  0.0, Diff:  0.0, Sum:  0.0, Workers: 4
[0.961s][debug][gc,phases      ] GC(15)       Dirty Cards:                   Min: 0, Avg:  0.0, Max: 0, Diff: 0, Sum: 0, Workers: 4
[0.961s][debug][gc,phases      ] GC(15)       Skipped Cards:                 Min: 0, Avg:  0.0, Max: 0, Diff: 0, Sum: 0, Workers: 4
[0.961s][debug][gc,phases      ] GC(15)     Log Buffers (ms):              Min:  0.0, Avg:  0.0, Max:  0.0, Diff:  0.0, Sum:  0.0, Workers: 4
[0.961s][debug][gc,phases      ] GC(15)       Dirty Cards:                   Min: 193, Avg: 376.5, Max: 508, Diff: 315, Sum: 1506, Workers: 4
[0.961s][debug][gc,phases      ] GC(15)       Skipped Cards:                 Min: 0, Avg:  0.0, Max: 0, Diff: 0, Sum: 0, Workers: 4
[0.961s][info ][gc,phases      ] GC(15)   Evacuate Collection Set: 5.3ms
[0.961s][debug][gc,phases      ] GC(15)     Ext Root Scanning (ms):        Min:  0.0, Avg:  0.0, Max:  0.0, Diff:  0.0, Sum:  0.0, Workers: 4
[0.961s][debug][gc,phases      ] GC(15)     Scan Heap Roots (ms):          Min:  0.4, Avg:  0.9, Max:  1.9, Diff:  1.5, Sum:  3.6, Workers: 4
[0.961s][debug][gc,phases      ] GC(15)       Scanned Cards:                 Min: 256, Avg: 384.5, Max: 512, Diff: 256, Sum: 1538, Workers: 4
[0.961s][debug][gc,phases      ] GC(15)       Scanned Blocks:                Min: 1, Avg:  2.5, Max: 4, Diff: 3, Sum: 10, Workers: 4
[0.961s][debug][gc,phases      ] GC(15)       Claimed Chunks:                Min: 1, Avg:  2.5, Max: 4, Diff: 3, Sum: 10, Workers: 4
[0.961s][debug][gc,phases      ] GC(15)     Code Root Scan (ms):           Min:  0.0, Avg:  0.0, Max:  0.0, Diff:  0.0, Sum:  0.0, Workers: 4
[0.961s][debug][gc,phases      ] GC(15)     Object Copy (ms):              Min:  3.4, Avg:  4.4, Max:  4.9, Diff:  1.5, Sum: 17.6, Workers: 4
[0.961s][debug][gc,phases      ] GC(15)     Termination (ms):              Min:  0.0, Avg:  0.0, Max:  0.0, Diff:  0.0, Sum:  0.0, Workers: 4
[0.961s][debug][gc,phases      ] GC(15)       Termination Attempts:          Min: 1, Avg:  3.8, Max: 8, Diff: 7, Sum: 15, Workers: 4
[0.961s][debug][gc,phases      ] GC(15)     GC Worker Other (ms):          Min:  0.0, Avg:  0.0, Max:  0.0, Diff:  0.0, Sum:  0.0, Workers: 4
[0.961s][debug][gc,phases      ] GC(15)     GC Worker Total (ms):          Min:  5.3, Avg:  5.3, Max:  5.3, Diff:  0.0, Sum: 21.2, Workers: 4
[0.961s][info ][gc,phases      ] GC(15)   Post Evacuate Collection Set: 0.3ms
[0.961s][debug][gc,phases      ] GC(15)     Code Roots Fixup: 0.0ms
[0.961s][debug][gc,phases      ] GC(15)     Reference Processing: 0.1ms
[0.961s][debug][gc,phases,ref  ] GC(15)       Reconsider SoftReferences: 0.0ms
[0.961s][debug][gc,phases,ref  ] GC(15)         SoftRef (ms):                  skipped
[0.961s][debug][gc,phases,ref  ] GC(15)       Notify Soft/WeakReferences: 0.0ms
[0.961s][debug][gc,phases,ref  ] GC(15)         SoftRef (ms):                  skipped
[0.961s][debug][gc,phases,ref  ] GC(15)         WeakRef (ms):                  skipped
[0.961s][debug][gc,phases,ref  ] GC(15)         FinalRef (ms):                 skipped
[0.961s][debug][gc,phases,ref  ] GC(15)         Total (ms):                    skipped
[0.961s][debug][gc,phases,ref  ] GC(15)       Notify and keep alive finalizable: 0.0ms
[0.961s][debug][gc,phases,ref  ] GC(15)         FinalRef (ms):                 skipped
[0.961s][debug][gc,phases,ref  ] GC(15)       Notify PhantomReferences: 0.0ms
[0.961s][debug][gc,phases,ref  ] GC(15)         PhantomRef (ms):               skipped
[0.961s][debug][gc,phases,ref  ] GC(15)       SoftReference:
[0.961s][debug][gc,phases,ref  ] GC(15)         Discovered: 0
[0.961s][debug][gc,phases,ref  ] GC(15)         Cleared: 0
[0.961s][debug][gc,phases,ref  ] GC(15)       WeakReference:
[0.961s][debug][gc,phases,ref  ] GC(15)         Discovered: 0
[0.961s][debug][gc,phases,ref  ] GC(15)         Cleared: 0
[0.961s][debug][gc,phases,ref  ] GC(15)       FinalReference:
[0.961s][debug][gc,phases,ref  ] GC(15)         Discovered: 0
[0.961s][debug][gc,phases,ref  ] GC(15)         Cleared: 0
[0.961s][debug][gc,phases,ref  ] GC(15)       PhantomReference:
[0.961s][debug][gc,phases,ref  ] GC(15)         Discovered: 0
[0.961s][debug][gc,phases,ref  ] GC(15)         Cleared: 0
[0.961s][debug][gc,phases      ] GC(15)     Weak Processing: 0.0ms
[0.961s][debug][gc,phases      ] GC(15)       VM Weak                        Min:  0.0, Avg:  0.0, Max:  0.0, Diff:  0.0, Sum:  0.0, Workers: 3
[0.961s][debug][gc,phases      ] GC(15)         Dead                           Min: 0, Avg:  0.0, Max: 0, Diff: 0, Sum: 0, Workers: 3
[0.961s][debug][gc,phases      ] GC(15)         Total                          Min: 0, Avg:  4.7, Max: 14, Diff: 14, Sum: 14, Workers: 3
[0.961s][debug][gc,phases      ] GC(15)       ObjectSynchronizer Weak        Min:  0.0, Avg:  0.0, Max:  0.0, Diff:  0.0, Sum:  0.0, Workers: 3
[0.962s][debug][gc,phases      ] GC(15)         Dead                           Min: 0, Avg:  0.0, Max: 0, Diff: 0, Sum: 0, Workers: 3
[0.962s][debug][gc,phases      ] GC(15)         Total                          Min: 0, Avg:  1.0, Max: 3, Diff: 3, Sum: 3, Workers: 3
[0.962s][debug][gc,phases      ] GC(15)       JVMTI Tag Weak OopStorage      Min:  0.0, Avg:  0.0, Max:  0.0, Diff:  0.0, Sum:  0.0, Workers: 3
[0.962s][debug][gc,phases      ] GC(15)         Dead                           Min: 0, Avg:  0.0, Max: 0, Diff: 0, Sum: 0, Workers: 3
[0.962s][debug][gc,phases      ] GC(15)         Total                          Min: 0, Avg:  0.0, Max: 0, Diff: 0, Sum: 0, Workers: 3
[0.962s][debug][gc,phases      ] GC(15)       StringTable Weak               Min:  0.0, Avg:  0.0, Max:  0.0, Diff:  0.0, Sum:  0.0, Workers: 3
[0.962s][debug][gc,phases      ] GC(15)         Dead                           Min: 0, Avg:  0.0, Max: 0, Diff: 0, Sum: 0, Workers: 3
[0.962s][debug][gc,phases      ] GC(15)         Total                          Min: 729, Avg: 819.0, Max: 896, Diff: 167, Sum: 2457, Workers: 3
[0.962s][debug][gc,phases      ] GC(15)       ResolvedMethodTable Weak       Min:  0.0, Avg:  0.0, Max:  0.0, Diff:  0.0, Sum:  0.0, Workers: 3
[0.962s][debug][gc,phases      ] GC(15)         Dead                           Min: 0, Avg:  0.0, Max: 0, Diff: 0, Sum: 0, Workers: 3
[0.962s][debug][gc,phases      ] GC(15)         Total                          Min: 9, Avg: 45.7, Max: 64, Diff: 55, Sum: 137, Workers: 3
[0.962s][debug][gc,phases      ] GC(15)       JNI Weak                       Min:  0.0, Avg:  0.0, Max:  0.0, Diff:  0.0, Sum:  0.0, Workers: 3
[0.962s][debug][gc,phases      ] GC(15)         Dead                           Min: 0, Avg:  0.0, Max: 0, Diff: 0, Sum: 0, Workers: 3
[0.962s][debug][gc,phases      ] GC(15)         Total                          Min: 0, Avg:  0.0, Max: 0, Diff: 0, Sum: 0, Workers: 3
[0.962s][debug][gc,phases      ] GC(15)       StringDedup Table Weak         Min:  0.0, Avg:  0.0, Max:  0.0, Diff:  0.0, Sum:  0.0, Workers: 3
[0.962s][debug][gc,phases      ] GC(15)         Dead                           Min: 0, Avg:  0.0, Max: 0, Diff: 0, Sum: 0, Workers: 3
[0.962s][debug][gc,phases      ] GC(15)         Total                          Min: 0, Avg:  0.0, Max: 0, Diff: 0, Sum: 0, Workers: 3
[0.962s][debug][gc,phases      ] GC(15)       StringDedup Requests0 Weak     Min:  0.0, Avg:  0.0, Max:  0.0, Diff:  0.0, Sum:  0.0, Workers: 3
[0.962s][debug][gc,phases      ] GC(15)         Dead                           Min: 0, Avg:  0.0, Max: 0, Diff: 0, Sum: 0, Workers: 3
[0.962s][debug][gc,phases      ] GC(15)         Total                          Min: 0, Avg:  0.0, Max: 0, Diff: 0, Sum: 0, Workers: 3
[0.962s][debug][gc,phases      ] GC(15)       StringDedup Requests1 Weak     Min:  0.0, Avg:  0.0, Max:  0.0, Diff:  0.0, Sum:  0.0, Workers: 3
[0.962s][debug][gc,phases      ] GC(15)         Dead                           Min: 0, Avg:  0.0, Max: 0, Diff: 0, Sum: 0, Workers: 3
[0.962s][debug][gc,phases      ] GC(15)         Total                          Min: 0, Avg:  0.0, Max: 0, Diff: 0, Sum: 0, Workers: 3
[0.962s][debug][gc,phases      ] GC(15)       Weak JFR Old Object Samples    Min:  0.0, Avg:  0.0, Max:  0.0, Diff:  0.0, Sum:  0.0, Workers: 3
[0.962s][debug][gc,phases      ] GC(15)         Dead                           Min: 0, Avg:  0.0, Max: 0, Diff: 0, Sum: 0, Workers: 3
[0.962s][debug][gc,phases      ] GC(15)         Total                          Min: 0, Avg:  0.0, Max: 0, Diff: 0, Sum: 0, Workers: 3
[0.962s][debug][gc,phases      ] GC(15)     Post Evacuate Cleanup 1: 0.0ms
[0.962s][debug][gc,phases      ] GC(15)       Merge Per-Thread State (ms):   Min:  0.0, Avg:  0.0, Max:  0.0, Diff:  0.0, Sum:  0.0, Workers: 1
[0.962s][debug][gc,phases      ] GC(15)         Copied Bytes                   Min: 700304, Avg: 785332.0, Max: 902704, Diff: 202400, Sum: 3141328, Workers: 4
[0.962s][debug][gc,phases      ] GC(15)         LAB Waste                      Min: 64, Avg: 100.0, Max: 120, Diff: 56, Sum: 400, Workers: 4
[0.962s][debug][gc,phases      ] GC(15)         LAB Undo Waste                 Min: 0, Avg:  0.0, Max: 0, Diff: 0, Sum: 0, Workers: 4
[0.962s][debug][gc,phases      ] GC(15)       Clear Logged Cards (ms):       Min:  0.0, Avg:  0.0, Max:  0.0, Diff:  0.0, Sum:  0.0, Workers: 3
[0.962s][debug][gc,phases      ] GC(15)       Recalculate Used Memory (ms):  Min:  0.0, Avg:  0.0, Max:  0.0, Diff:  0.0, Sum:  0.0, Workers: 1
[0.962s][debug][gc,phases      ] GC(15)     Post Evacuate Cleanup 2: 0.0ms
[0.962s][debug][gc,phases      ] GC(15)       Reset Hot Card Cache (ms):     Min:  0.0, Avg:  0.0, Max:  0.0, Diff:  0.0, Sum:  0.0, Workers: 1
[0.962s][debug][gc,phases      ] GC(15)       Purge Code Roots (ms):         Min:  0.0, Avg:  0.0, Max:  0.0, Diff:  0.0, Sum:  0.0, Workers: 1
[0.962s][debug][gc,phases      ] GC(15)       Update Derived Pointers (ms):  Min:  0.0, Avg:  0.0, Max:  0.0, Diff:  0.0, Sum:  0.0, Workers: 1
[0.962s][debug][gc,phases      ] GC(15)       Eagerly Reclaim Humongous Objects (ms): Min:  0.0, Avg:  0.0, Max:  0.0, Diff:  0.0, Sum:  0.0, Workers: 1
[0.962s][debug][gc,phases      ] GC(15)         Humongous Total                Min: 11, Avg: 11.0, Max: 11, Diff: 0, Sum: 11, Workers: 1
[0.962s][debug][gc,phases      ] GC(15)         Humongous Candidates           Min: 0, Avg:  0.0, Max: 0, Diff: 0, Sum: 0, Workers: 1
[0.962s][debug][gc,phases      ] GC(15)         Humongous Reclaimed            Min: 0, Avg:  0.0, Max: 0, Diff: 0, Sum: 0, Workers: 1
[0.962s][debug][gc,phases      ] GC(15)       Redirty Logged Cards (ms):     Min:  0.0, Avg:  0.0, Max:  0.0, Diff:  0.0, Sum:  0.0, Workers: 4
[0.962s][debug][gc,phases      ] GC(15)         Redirtied Cards:               Min: 256, Avg: 500.8, Max: 852, Diff: 596, Sum: 2003, Workers: 4
[0.962s][debug][gc,phases      ] GC(15)       Free Collection Set (ms):      Min:  0.0, Avg:  0.0, Max:  0.0, Diff:  0.0, Sum:  0.0, Workers: 4
[0.962s][debug][gc,phases      ] GC(15)     Rebuild Free List: 0.1ms
[0.962s][debug][gc,phases      ] GC(15)     Start New Collection Set: 0.0ms
[0.962s][debug][gc,phases      ] GC(15)     Resize TLABs: 0.0ms
[0.962s][debug][gc,phases      ] GC(15)     Expand Heap After Collection: 0.0ms
[0.962s][info ][gc,phases      ] GC(15)   Other: 0.5ms
[0.962s][info ][gc,heap        ] GC(15) Eden regions: 1->0(11)
[0.962s][info ][gc,heap        ] GC(15) Survivor regions: 2->1(2)
[0.962s][info ][gc,heap        ] GC(15) Old regions: 139->142
[0.962s][info ][gc,heap        ] GC(15) Archive regions: 0->0
[0.962s][info ][gc,heap        ] GC(15) Humongous regions: 110->110
[0.962s][info ][gc,metaspace   ] GC(15) Metaspace: 482K(640K)->482K(640K) NonClass: 446K(512K)->446K(512K) Class: 36K(128K)->36K(128K)
[0.962s][debug][gc,heap        ] GC(15) Heap after GC invocations=14 (full 0):
[0.962s][debug][gc,heap        ] GC(15)  garbage-first heap   total 262144K, used 258261K [0x00000000f0000000, 0x0000000100000000)
[0.962s][debug][gc,heap        ] GC(15)   region size 1024K, 1 young (1024K), 1 survivors (1024K)
[0.962s][debug][gc,heap        ] GC(15)  Metaspace       used 482K, committed 640K, reserved 1056768K
[0.962s][debug][gc,heap        ] GC(15)   class space    used 36K, committed 128K, reserved 1048576K
[0.962s][info ][gc             ] GC(15) Pause Young (Normal) (G1 Preventive Collection) 251M->252M(256M) 8.543ms
[0.963s][info ][gc,cpu         ] GC(15) User=0.02s Sys=0.00s Real=0.01s
[0.964s][debug][gc,ergo,cset   ] Preventive GC, insufficient free regions. Predicted need 4. Curr Eden 1 (Pred 3). Curr Survivor 1 (Pred 2). Curr Old 142 (Pred 0) Free 2 Alloc 1
[0.964s][debug][gc,heap        ] GC(16) Heap before GC invocations=14 (full 0):
[0.964s][debug][gc,heap        ] GC(16)  garbage-first heap   total 262144K, used 258261K [0x00000000f0000000, 0x0000000100000000)
[0.964s][debug][gc,heap        ] GC(16)   region size 1024K, 2 young (2048K), 1 survivors (1024K)
[0.964s][debug][gc,heap        ] GC(16)  Metaspace       used 482K, committed 640K, reserved 1056768K
[0.964s][debug][gc,heap        ] GC(16)   class space    used 36K, committed 128K, reserved 1048576K
[0.964s][info ][gc,start       ] GC(16) Pause Young (Normal) (G1 Preventive Collection)
[0.964s][info ][gc,task        ] GC(16) Using 4 workers of 4 for evacuation
[0.964s][debug][gc,tlab        ] GC(16) TLAB totals: thrds: 1  refills: 6 max: 6 slow allocs: 0 max 0 waste:  0.3% gc: 0B max: 0B slow: 3456B max: 3456B
[0.964s][debug][gc,age         ] GC(16) Desired survivor size 1048576 bytes, new threshold 15 (max threshold 15)
[0.964s][debug][gc,refine,stats] GC(16) Mutator refinement: 0.00ms, refined: 0, precleaned: 0, dirtied: 511
[0.964s][debug][gc,refine,stats] GC(16) Concurrent refinement: 0.00ms, refined: 0, precleaned: 0, dirtied: 0
[0.964s][debug][gc,refine,stats] GC(16) Total refinement: 0.00ms, refined: 0, precleaned: 0, dirtied: 511
[0.964s][debug][gc,refine,stats] GC(16) Generate dirty cards rate: 136.80 cards/ms
[0.964s][debug][gc,alloc,region] GC(16) Mutator Allocation stats, regions: 1, wasted size: 0B ( 0.0%)
[0.964s][debug][gc,humongous   ] GC(16) Humongous region 0 (object size 640280 @ 0x00000000f0000000) remset 0 code roots 0 marked 0 reclaim candidate 0 type array 0
[0.964s][debug][gc,humongous   ] GC(16) Humongous region 71 (object size 16409088 @ 0x00000000f4700000) remset 1 code roots 0 marked 0 reclaim candidate 0 type array 0
[0.964s][debug][gc,humongous   ] GC(16) Humongous region 173 (object size 36920416 @ 0x00000000fad00000) remset 0 code roots 0 marked 0 reclaim candidate 0 type array 0
[0.964s][debug][gc,humongous   ] GC(16) Humongous region 1 (object size 960408 @ 0x00000000f0100000) remset 0 code roots 0 marked 0 reclaim candidate 0 type array 0
[0.964s][debug][gc,humongous   ] GC(16) Humongous region 2 (object size 1440600 @ 0x00000000f0200000) remset 0 code roots 0 marked 0 reclaim candidate 0 type array 0
[0.964s][debug][gc,humongous   ] GC(16) Humongous region 115 (object size 24613616 @ 0x00000000f7300000) remset 0 code roots 0 marked 1 reclaim candidate 0 type array 0
[0.964s][debug][gc,humongous   ] GC(16) Humongous region 4 (object size 2160888 @ 0x00000000f0400000) remset 0 code roots 0 marked 0 reclaim candidate 0 type array 0
[0.964s][debug][gc,humongous   ] GC(16) Humongous region 12 (object size 3241320 @ 0x00000000f0c00000) remset 0 code roots 0 marked 0 reclaim candidate 0 type array 0
[0.964s][debug][gc,humongous   ] GC(16) Humongous region 16 (object size 4861968 @ 0x00000000f1000000) remset 1 code roots 0 marked 0 reclaim candidate 0 type array 0
[0.964s][debug][gc,humongous   ] GC(16) Humongous region 32 (object size 7292936 @ 0x00000000f2000000) remset 1 code roots 0 marked 0 reclaim candidate 0 type array 0
[0.964s][debug][gc,humongous   ] GC(16) Humongous region 49 (object size 10939400 @ 0x00000000f3100000) remset 1 code roots 0 marked 0 reclaim candidate 0 type array 0
[0.965s][debug][gc,ergo        ] GC(16) Running G1 Merge Heap Roots using 4 workers for 2 regions
[0.965s][debug][gc,remset      ] GC(16) Visited cards 1536 Total dirty 4096 (37.50%) Total old 524288 (0.29%)
[0.967s][debug][gc,task,start  ] G1 Service Thread (Remembered Set Sampling Task) (run)
[0.967s][debug][gc,ref         ] GC(16) Skipped phase 1 of Reference Processing: no references
[0.967s][debug][gc,ref         ] GC(16) Skipped phase 2 of Reference Processing: no references
[0.967s][debug][gc,ref         ] GC(16) Skipped phase 3 of Reference Processing: no references
[0.967s][debug][gc,ref         ] GC(16) Skipped phase 4 of Reference Processing: no references
[0.968s][debug][gc,ergo        ] GC(16) Running G1 Rebuild Free List Task using 4 workers for rebuilding free list of regions
[0.968s][debug][gc,plab        ] GC(16) Young PLAB allocation: allocated: 2043136B, wasted: 464B, unused: 40240B, used: 2002432B, undo waste: 0B, 
[0.968s][debug][gc,plab        ] GC(16) Young other allocation: region end waste: 0B, regions filled: 2, direct allocated: 0B, failure used: 0B, failure wasted: 0B
[0.968s][debug][gc,plab        ] GC(16) Young sizing: calculated: 400480B, actual: 362520B
[0.968s][debug][gc,plab        ] GC(16) Old PLAB allocation: allocated: 0B, wasted: 0B, unused: 0B, used: 0B, undo waste: 0B, 
[0.968s][debug][gc,plab        ] GC(16) Old other allocation: region end waste: 0B, regions filled: 1, direct allocated: 0B, failure used: 0B, failure wasted: 0B
[0.968s][debug][gc,plab        ] GC(16) Old sizing: calculated: 0B, actual: 136384B
[0.968s][debug][gc,ergo,heap   ] GC(16) Heap expansion: short term pause time ratio 62.64% long term pause time ratio 37.78% threshold 7.69% pause time ratio 7.69% fully expanded true resize by 0B
[0.968s][debug][gc,mmu         ] GC(16) MMU: 80.8ms (200.0ms/201.0ms)
[0.968s][debug][gc,alloc,stats ] Old generation allocation in the last mutator period, old gen allocated: 0B, humongous allocated: 0B,old gen growth: 0B.
[0.968s][debug][gc,ihop        ] GC(16) Basic information (value update), threshold: 120795955B (45.00), target occupancy: 268435456B, current occupancy: 265453824B, recent allocation size: 0B, recent allocation duration: 3.74ms, recent old gen allocation rate: 0.00B/s, recent marking phase length: 0.00ms
[0.968s][debug][gc,ihop        ] GC(16) Adaptive IHOP information (value update), threshold: 120795955B (52.94), internal target occupancy: 228170137B, occupancy: 265453824B, additional buffer size: 12582912B, predicted old gen allocation rate: 492857637.43B/s, predicted marking phase length: 0.00ms, prediction active: false
[0.968s][debug][gc,ergo,refine ] GC(16) Concurrent refinement times: Logged Cards Scan time goal: 20.00ms Logged Cards Scan time: 0.39ms HCC time: 0.00ms
[0.968s][debug][gc,ergo,refine ] GC(16) Updated Refinement Zones: green: 3204, yellow: 9612, red: 16020
[0.968s][info ][gc,phases      ] GC(16)   Pre Evacuate Collection Set: 0.4ms
[0.968s][debug][gc,phases      ] GC(16)     Prepare TLABs: 0.0ms
[0.968s][debug][gc,phases      ] GC(16)     Concatenate Dirty Card Logs: 0.0ms
[0.968s][debug][gc,phases      ] GC(16)     Choose Collection Set: 0.0ms
[0.968s][debug][gc,phases      ] GC(16)     Region Register: 0.4ms
[0.968s][debug][gc,phases      ] GC(16)     Prepare Heap Roots: 0.0ms
[0.968s][info ][gc,phases      ] GC(16)   Merge Heap Roots: 0.1ms
[0.968s][debug][gc,phases      ] GC(16)     Prepare Merge Heap Roots: 0.0ms
[0.968s][debug][gc,phases      ] GC(16)     Eager Reclaim (ms):            skipped
[0.968s][debug][gc,phases      ] GC(16)     Remembered Sets (ms):          Min:  0.0, Avg:  0.0, Max:  0.0, Diff:  0.0, Sum:  0.0, Workers: 4
[0.968s][debug][gc,phases      ] GC(16)       Merged Sparse:                 Min: 0, Avg:  0.0, Max: 0, Diff: 0, Sum: 0, Workers: 4
[0.968s][debug][gc,phases      ] GC(16)       Merged Fine:                   Min: 0, Avg:  0.0, Max: 0, Diff: 0, Sum: 0, Workers: 4
[0.968s][debug][gc,phases      ] GC(16)       Merged Coarse:                 Min: 0, Avg:  0.0, Max: 0, Diff: 0, Sum: 0, Workers: 4
[0.968s][debug][gc,phases      ] GC(16)       Dirty Cards:                   Min: 0, Avg:  0.0, Max: 0, Diff: 0, Sum: 0, Workers: 4
[0.968s][debug][gc,phases      ] GC(16)     Hot Card Cache (ms):           Min:  0.0, Avg:  0.0, Max:  0.0, Diff:  0.0, Sum:  0.0, Workers: 4
[0.968s][debug][gc,phases      ] GC(16)       Dirty Cards:                   Min: 0, Avg:  0.0, Max: 0, Diff: 0, Sum: 0, Workers: 4
[0.968s][debug][gc,phases      ] GC(16)       Skipped Cards:                 Min: 0, Avg:  0.0, Max: 0, Diff: 0, Sum: 0, Workers: 4
[0.968s][debug][gc,phases      ] GC(16)     Log Buffers (ms):              Min:  0.0, Avg:  0.0, Max:  0.0, Diff:  0.0, Sum:  0.0, Workers: 4
[0.968s][debug][gc,phases      ] GC(16)       Dirty Cards:                   Min: 504, Avg: 620.5, Max: 759, Diff: 255, Sum: 2482, Workers: 4
[0.969s][debug][gc,phases      ] GC(16)       Skipped Cards:                 Min: 0, Avg:  0.0, Max: 0, Diff: 0, Sum: 0, Workers: 4
[0.969s][info ][gc,phases      ] GC(16)   Evacuate Collection Set: 2.6ms
[0.969s][debug][gc,phases      ] GC(16)     Ext Root Scanning (ms):        Min:  0.0, Avg:  0.0, Max:  0.0, Diff:  0.0, Sum:  0.0, Workers: 4
[0.969s][debug][gc,phases      ] GC(16)     Scan Heap Roots (ms):          Min:  0.3, Avg:  0.4, Max:  0.4, Diff:  0.1, Sum:  1.5, Workers: 4
[0.969s][debug][gc,phases      ] GC(16)       Scanned Cards:                 Min: 233, Avg: 250.0, Max: 257, Diff: 24, Sum: 1000, Workers: 4
[0.969s][debug][gc,phases      ] GC(16)       Scanned Blocks:                Min: 1, Avg:  1.8, Max: 2, Diff: 1, Sum: 7, Workers: 4
[0.969s][debug][gc,phases      ] GC(16)       Claimed Chunks:                Min: 1, Avg:  1.5, Max: 2, Diff: 1, Sum: 6, Workers: 4
[0.969s][debug][gc,phases      ] GC(16)     Code Root Scan (ms):           Min:  0.0, Avg:  0.0, Max:  0.0, Diff:  0.0, Sum:  0.0, Workers: 4
[0.969s][debug][gc,phases      ] GC(16)     Object Copy (ms):              Min:  2.1, Avg:  2.2, Max:  2.2, Diff:  0.1, Sum:  8.8, Workers: 4
[0.969s][debug][gc,phases      ] GC(16)     Termination (ms):              Min:  0.0, Avg:  0.0, Max:  0.0, Diff:  0.0, Sum:  0.0, Workers: 4
[0.969s][debug][gc,phases      ] GC(16)       Termination Attempts:          Min: 1, Avg:  3.0, Max: 6, Diff: 5, Sum: 12, Workers: 4
[0.969s][debug][gc,phases      ] GC(16)     GC Worker Other (ms):          Min:  0.0, Avg:  0.0, Max:  0.0, Diff:  0.0, Sum:  0.0, Workers: 4
[0.969s][debug][gc,phases      ] GC(16)     GC Worker Total (ms):          Min:  2.6, Avg:  2.6, Max:  2.6, Diff:  0.0, Sum: 10.4, Workers: 4
[0.969s][info ][gc,phases      ] GC(16)   Post Evacuate Collection Set: 0.3ms
[0.969s][debug][gc,phases      ] GC(16)     Code Roots Fixup: 0.0ms
[0.969s][debug][gc,phases      ] GC(16)     Reference Processing: 0.1ms
[0.969s][debug][gc,phases,ref  ] GC(16)       Reconsider SoftReferences: 0.1ms
[0.969s][debug][gc,phases,ref  ] GC(16)         SoftRef (ms):                  skipped
[0.969s][debug][gc,phases,ref  ] GC(16)       Notify Soft/WeakReferences: 0.0ms
[0.969s][debug][gc,phases,ref  ] GC(16)         SoftRef (ms):                  skipped
[0.969s][debug][gc,phases,ref  ] GC(16)         WeakRef (ms):                  skipped
[0.969s][debug][gc,phases,ref  ] GC(16)         FinalRef (ms):                 skipped
[0.969s][debug][gc,phases,ref  ] GC(16)         Total (ms):                    skipped
[0.969s][debug][gc,phases,ref  ] GC(16)       Notify and keep alive finalizable: 0.0ms
[0.969s][debug][gc,phases,ref  ] GC(16)         FinalRef (ms):                 skipped
[0.969s][debug][gc,phases,ref  ] GC(16)       Notify PhantomReferences: 0.0ms
[0.969s][debug][gc,phases,ref  ] GC(16)         PhantomRef (ms):               skipped
[0.969s][debug][gc,phases,ref  ] GC(16)       SoftReference:
[0.969s][debug][gc,phases,ref  ] GC(16)         Discovered: 0
[0.969s][debug][gc,phases,ref  ] GC(16)         Cleared: 0
[0.969s][debug][gc,phases,ref  ] GC(16)       WeakReference:
[0.969s][debug][gc,phases,ref  ] GC(16)         Discovered: 0
[0.969s][debug][gc,phases,ref  ] GC(16)         Cleared: 0
[0.969s][debug][gc,phases,ref  ] GC(16)       FinalReference:
[0.969s][debug][gc,phases,ref  ] GC(16)         Discovered: 0
[0.969s][debug][gc,phases,ref  ] GC(16)         Cleared: 0
[0.969s][debug][gc,phases,ref  ] GC(16)       PhantomReference:
[0.969s][debug][gc,phases,ref  ] GC(16)         Discovered: 0
[0.969s][debug][gc,phases,ref  ] GC(16)         Cleared: 0
[0.969s][debug][gc,phases      ] GC(16)     Weak Processing: 0.0ms
[0.969s][debug][gc,phases      ] GC(16)       VM Weak                        Min:  0.0, Avg:  0.0, Max:  0.0, Diff:  0.0, Sum:  0.0, Workers: 3
[0.969s][debug][gc,phases      ] GC(16)         Dead                           Min: 0, Avg:  0.0, Max: 0, Diff: 0, Sum: 0, Workers: 3
[0.969s][debug][gc,phases      ] GC(16)         Total                          Min: 0, Avg:  4.7, Max: 14, Diff: 14, Sum: 14, Workers: 3
[0.969s][debug][gc,phases      ] GC(16)       ObjectSynchronizer Weak        Min:  0.0, Avg:  0.0, Max:  0.0, Diff:  0.0, Sum:  0.0, Workers: 3
[0.969s][debug][gc,phases      ] GC(16)         Dead                           Min: 0, Avg:  0.0, Max: 0, Diff: 0, Sum: 0, Workers: 3
[0.969s][debug][gc,phases      ] GC(16)         Total                          Min: 0, Avg:  1.0, Max: 3, Diff: 3, Sum: 3, Workers: 3
[0.969s][debug][gc,phases      ] GC(16)       JVMTI Tag Weak OopStorage      Min:  0.0, Avg:  0.0, Max:  0.0, Diff:  0.0, Sum:  0.0, Workers: 3
[0.969s][debug][gc,phases      ] GC(16)         Dead                           Min: 0, Avg:  0.0, Max: 0, Diff: 0, Sum: 0, Workers: 3
[0.969s][debug][gc,phases      ] GC(16)         Total                          Min: 0, Avg:  0.0, Max: 0, Diff: 0, Sum: 0, Workers: 3
[0.969s][debug][gc,phases      ] GC(16)       StringTable Weak               Min:  0.0, Avg:  0.0, Max:  0.0, Diff:  0.0, Sum:  0.0, Workers: 3
[0.969s][debug][gc,phases      ] GC(16)         Dead                           Min: 0, Avg:  0.0, Max: 0, Diff: 0, Sum: 0, Workers: 3
[0.969s][debug][gc,phases      ] GC(16)         Total                          Min: 665, Avg: 819.0, Max: 1088, Diff: 423, Sum: 2457, Workers: 3
[0.969s][debug][gc,phases      ] GC(16)       ResolvedMethodTable Weak       Min:  0.0, Avg:  0.0, Max:  0.0, Diff:  0.0, Sum:  0.0, Workers: 3
[0.969s][debug][gc,phases      ] GC(16)         Dead                           Min: 0, Avg:  0.0, Max: 0, Diff: 0, Sum: 0, Workers: 3
[0.969s][debug][gc,phases      ] GC(16)         Total                          Min: 9, Avg: 45.7, Max: 64, Diff: 55, Sum: 137, Workers: 3
[0.969s][debug][gc,phases      ] GC(16)       JNI Weak                       Min:  0.0, Avg:  0.0, Max:  0.0, Diff:  0.0, Sum:  0.0, Workers: 3
[0.969s][debug][gc,phases      ] GC(16)         Dead                           Min: 0, Avg:  0.0, Max: 0, Diff: 0, Sum: 0, Workers: 3
[0.969s][debug][gc,phases      ] GC(16)         Total                          Min: 0, Avg:  0.0, Max: 0, Diff: 0, Sum: 0, Workers: 3
[0.970s][debug][gc,phases      ] GC(16)       StringDedup Table Weak         Min:  0.0, Avg:  0.0, Max:  0.0, Diff:  0.0, Sum:  0.0, Workers: 3
[0.970s][debug][gc,phases      ] GC(16)         Dead                           Min: 0, Avg:  0.0, Max: 0, Diff: 0, Sum: 0, Workers: 3
[0.970s][debug][gc,phases      ] GC(16)         Total                          Min: 0, Avg:  0.0, Max: 0, Diff: 0, Sum: 0, Workers: 3
[0.970s][debug][gc,phases      ] GC(16)       StringDedup Requests0 Weak     Min:  0.0, Avg:  0.0, Max:  0.0, Diff:  0.0, Sum:  0.0, Workers: 3
[0.970s][debug][gc,phases      ] GC(16)         Dead                           Min: 0, Avg:  0.0, Max: 0, Diff: 0, Sum: 0, Workers: 3
[0.970s][debug][gc,phases      ] GC(16)         Total                          Min: 0, Avg:  0.0, Max: 0, Diff: 0, Sum: 0, Workers: 3
[0.970s][debug][gc,phases      ] GC(16)       StringDedup Requests1 Weak     Min:  0.0, Avg:  0.0, Max:  0.0, Diff:  0.0, Sum:  0.0, Workers: 3
[0.970s][debug][gc,phases      ] GC(16)         Dead                           Min: 0, Avg:  0.0, Max: 0, Diff: 0, Sum: 0, Workers: 3
[0.970s][debug][gc,phases      ] GC(16)         Total                          Min: 0, Avg:  0.0, Max: 0, Diff: 0, Sum: 0, Workers: 3
[0.970s][debug][gc,phases      ] GC(16)       Weak JFR Old Object Samples    Min:  0.0, Avg:  0.0, Max:  0.0, Diff:  0.0, Sum:  0.0, Workers: 3
[0.970s][debug][gc,phases      ] GC(16)         Dead                           Min: 0, Avg:  0.0, Max: 0, Diff: 0, Sum: 0, Workers: 3
[0.970s][debug][gc,phases      ] GC(16)         Total                          Min: 0, Avg:  0.0, Max: 0, Diff: 0, Sum: 0, Workers: 3
[0.970s][debug][gc,phases      ] GC(16)     Post Evacuate Cleanup 1: 0.0ms
[0.970s][debug][gc,phases      ] GC(16)       Merge Per-Thread State (ms):   Min:  0.0, Avg:  0.0, Max:  0.0, Diff:  0.0, Sum:  0.0, Workers: 1
[0.970s][debug][gc,phases      ] GC(16)         Copied Bytes                   Min: 484368, Avg: 500608.0, Max: 534128, Diff: 49760, Sum: 2002432, Workers: 4
[0.970s][debug][gc,phases      ] GC(16)         LAB Waste                      Min: 112, Avg: 116.0, Max: 128, Diff: 16, Sum: 464, Workers: 4
[0.970s][debug][gc,phases      ] GC(16)         LAB Undo Waste                 Min: 0, Avg:  0.0, Max: 0, Diff: 0, Sum: 0, Workers: 4
[0.970s][debug][gc,phases      ] GC(16)       Clear Logged Cards (ms):       Min:  0.0, Avg:  0.0, Max:  0.0, Diff:  0.0, Sum:  0.0, Workers: 3
[0.970s][debug][gc,phases      ] GC(16)       Recalculate Used Memory (ms):  Min:  0.0, Avg:  0.0, Max:  0.0, Diff:  0.0, Sum:  0.0, Workers: 1
[0.970s][debug][gc,phases      ] GC(16)     Post Evacuate Cleanup 2: 0.0ms
[0.970s][debug][gc,phases      ] GC(16)       Reset Hot Card Cache (ms):     Min:  0.0, Avg:  0.0, Max:  0.0, Diff:  0.0, Sum:  0.0, Workers: 1
[0.970s][debug][gc,phases      ] GC(16)       Purge Code Roots (ms):         Min:  0.0, Avg:  0.0, Max:  0.0, Diff:  0.0, Sum:  0.0, Workers: 1
[0.970s][debug][gc,phases      ] GC(16)       Update Derived Pointers (ms):  Min:  0.0, Avg:  0.0, Max:  0.0, Diff:  0.0, Sum:  0.0, Workers: 1
[0.970s][debug][gc,phases      ] GC(16)       Eagerly Reclaim Humongous Objects (ms): Min:  0.0, Avg:  0.0, Max:  0.0, Diff:  0.0, Sum:  0.0, Workers: 1
[0.970s][debug][gc,phases      ] GC(16)         Humongous Total                Min: 11, Avg: 11.0, Max: 11, Diff: 0, Sum: 11, Workers: 1
[0.970s][debug][gc,phases      ] GC(16)         Humongous Candidates           Min: 0, Avg:  0.0, Max: 0, Diff: 0, Sum: 0, Workers: 1
[0.970s][debug][gc,phases      ] GC(16)         Humongous Reclaimed            Min: 0, Avg:  0.0, Max: 0, Diff: 0, Sum: 0, Workers: 1
[0.970s][debug][gc,phases      ] GC(16)       Redirty Logged Cards (ms):     Min:  0.0, Avg:  0.0, Max:  0.0, Diff:  0.0, Sum:  0.0, Workers: 4
[0.970s][debug][gc,phases      ] GC(16)         Redirtied Cards:               Min: 0, Avg: 263.8, Max: 561, Diff: 561, Sum: 1055, Workers: 4
[0.970s][debug][gc,phases      ] GC(16)       Free Collection Set (ms):      Min:  0.0, Avg:  0.0, Max:  0.0, Diff:  0.0, Sum:  0.0, Workers: 4
[0.970s][debug][gc,phases      ] GC(16)     Rebuild Free List: 0.1ms
[0.970s][debug][gc,phases      ] GC(16)     Start New Collection Set: 0.0ms
[0.970s][debug][gc,phases      ] GC(16)     Resize TLABs: 0.0ms
[0.970s][debug][gc,phases      ] GC(16)     Expand Heap After Collection: 0.0ms
[0.970s][info ][gc,phases      ] GC(16)   Other: 0.7ms
[0.970s][info ][gc,heap        ] GC(16) Eden regions: 1->0(10)
[0.970s][info ][gc,heap        ] GC(16) Survivor regions: 1->2(2)
[0.970s][info ][gc,heap        ] GC(16) Old regions: 142->142
[0.970s][info ][gc,heap        ] GC(16) Archive regions: 0->0
[0.970s][info ][gc,heap        ] GC(16) Humongous regions: 110->110
[0.970s][info ][gc,metaspace   ] GC(16) Metaspace: 482K(640K)->482K(640K) NonClass: 446K(512K)->446K(512K) Class: 36K(128K)->36K(128K)
[0.970s][debug][gc,heap        ] GC(16) Heap after GC invocations=15 (full 0):
[0.970s][debug][gc,heap        ] GC(16)  garbage-first heap   total 262144K, used 259232K [0x00000000f0000000, 0x0000000100000000)
[0.970s][debug][gc,heap        ] GC(16)   region size 1024K, 2 young (2048K), 2 survivors (2048K)
[0.970s][debug][gc,heap        ] GC(16)  Metaspace       used 482K, committed 640K, reserved 1056768K
[0.970s][debug][gc,heap        ] GC(16)   class space    used 36K, committed 128K, reserved 1048576K
[0.970s][info ][gc             ] GC(16) Pause Young (Normal) (G1 Preventive Collection) 253M->253M(256M) 6.273ms
[0.970s][info ][gc,cpu         ] GC(16) User=0.00s Sys=0.00s Real=0.01s
[0.970s][debug][gc,task        ] G1 Service Thread (Remembered Set Sampling Task) (run) 3.084ms (cpu: 0.000ms)
[0.973s][debug][gc,ergo,cset   ] Preventive GC, insufficient free regions. Predicted need 5. Curr Eden 1 (Pred 3). Curr Survivor 2 (Pred 3). Curr Old 142 (Pred 0) Free 1 Alloc 1
[0.973s][debug][gc,heap        ] GC(17) Heap before GC invocations=15 (full 0):
[0.973s][debug][gc,heap        ] GC(17)  garbage-first heap   total 262144K, used 259232K [0x00000000f0000000, 0x0000000100000000)
[0.973s][debug][gc,heap        ] GC(17)   region size 1024K, 3 young (3072K), 2 survivors (2048K)
[0.973s][debug][gc,heap        ] GC(17)  Metaspace       used 482K, committed 640K, reserved 1056768K
[0.973s][debug][gc,heap        ] GC(17)   class space    used 36K, committed 128K, reserved 1048576K
[0.973s][info ][gc,start       ] GC(17) Pause Young (Normal) (G1 Preventive Collection)
[0.973s][info ][gc,task        ] GC(17) Using 4 workers of 4 for evacuation
[0.973s][debug][gc,tlab        ] GC(17) TLAB totals: thrds: 1  refills: 7 max: 7 slow allocs: 0 max 0 waste:  0.4% gc: 0B max: 0B slow: 4080B max: 4080B
[0.973s][debug][gc,age         ] GC(17) Desired survivor size 1048576 bytes, new threshold 2 (max threshold 15)
[0.973s][debug][gc,refine,stats] GC(17) Mutator refinement: 0.00ms, refined: 0, precleaned: 0, dirtied: 510
[0.973s][debug][gc,refine,stats] GC(17) Concurrent refinement: 0.00ms, refined: 0, precleaned: 0, dirtied: 0
[0.973s][debug][gc,refine,stats] GC(17) Total refinement: 0.00ms, refined: 0, precleaned: 0, dirtied: 510
[0.973s][debug][gc,refine,stats] GC(17) Generate dirty cards rate: 97.40 cards/ms
[0.973s][debug][gc,alloc,region] GC(17) Mutator Allocation stats, regions: 1, wasted size: 0B ( 0.0%)
[0.973s][debug][gc,humongous   ] GC(17) Humongous region 0 (object size 640280 @ 0x00000000f0000000) remset 0 code roots 0 marked 0 reclaim candidate 0 type array 0
[0.973s][debug][gc,humongous   ] GC(17) Humongous region 71 (object size 16409088 @ 0x00000000f4700000) remset 1 code roots 0 marked 0 reclaim candidate 0 type array 0
[0.973s][debug][gc,humongous   ] GC(17) Humongous region 173 (object size 36920416 @ 0x00000000fad00000) remset 0 code roots 0 marked 0 reclaim candidate 0 type array 0
[0.973s][debug][gc,humongous   ] GC(17) Humongous region 1 (object size 960408 @ 0x00000000f0100000) remset 0 code roots 0 marked 0 reclaim candidate 0 type array 0
[0.973s][debug][gc,humongous   ] GC(17) Humongous region 2 (object size 1440600 @ 0x00000000f0200000) remset 0 code roots 0 marked 0 reclaim candidate 0 type array 0
[0.973s][debug][gc,humongous   ] GC(17) Humongous region 115 (object size 24613616 @ 0x00000000f7300000) remset 0 code roots 0 marked 1 reclaim candidate 0 type array 0
[0.973s][debug][gc,humongous   ] GC(17) Humongous region 4 (object size 2160888 @ 0x00000000f0400000) remset 0 code roots 0 marked 0 reclaim candidate 0 type array 0
[0.973s][debug][gc,humongous   ] GC(17) Humongous region 12 (object size 3241320 @ 0x00000000f0c00000) remset 0 code roots 0 marked 0 reclaim candidate 0 type array 0
[0.973s][debug][gc,humongous   ] GC(17) Humongous region 16 (object size 4861968 @ 0x00000000f1000000) remset 1 code roots 0 marked 0 reclaim candidate 0 type array 0
[0.973s][debug][gc,humongous   ] GC(17) Humongous region 32 (object size 7292936 @ 0x00000000f2000000) remset 1 code roots 0 marked 0 reclaim candidate 0 type array 0
[0.973s][debug][gc,humongous   ] GC(17) Humongous region 49 (object size 10939400 @ 0x00000000f3100000) remset 1 code roots 0 marked 0 reclaim candidate 0 type array 0
[0.974s][debug][gc,ergo        ] GC(17) Running G1 Merge Heap Roots using 4 workers for 3 regions
[0.974s][debug][gc,remset      ] GC(17) Visited cards 2048 Total dirty 6144 (33.33%) Total old 528384 (0.39%)
[0.976s][debug][gc,ergo,heap   ] GC(17) Attempt heap expansion (region allocation request failed). Allocation request: 34096B
[0.976s][debug][gc,ergo,heap   ] GC(17) Did not expand the heap (heap already fully expanded)
[0.979s][debug][gc,ref         ] GC(17) Skipped phase 1 of Reference Processing: no references
[0.979s][debug][gc,ref         ] GC(17) Skipped phase 2 of Reference Processing: no references
[0.979s][debug][gc,ref         ] GC(17) Skipped phase 3 of Reference Processing: no references
[0.979s][debug][gc,ref         ] GC(17) Skipped phase 4 of Reference Processing: no references
[0.981s][debug][gc,ergo        ] GC(17) Running G1 Rebuild Free List Task using 4 workers for rebuilding free list of regions
[0.981s][debug][gc,plab        ] GC(17) Young PLAB allocation: allocated: 1048576B, wasted: 192B, unused: 0B, used: 1048384B, undo waste: 0B, 
[0.981s][debug][gc,plab        ] GC(17) Young other allocation: region end waste: 0B, regions filled: 1, direct allocated: 0B, failure used: 0B, failure wasted: 0B
[0.981s][debug][gc,plab        ] GC(17) Young sizing: calculated: 209672B, actual: 247880B
[0.981s][debug][gc,plab        ] GC(17) Old PLAB allocation: allocated: 830464B, wasted: 400B, unused: 0B, used: 830064B, undo waste: 0B, 
[0.981s][debug][gc,plab        ] GC(17) Old other allocation: region end waste: 0B, regions filled: 1, direct allocated: 0B, failure used: 1168480B, failure wasted: 1977248B
[0.981s][debug][gc,plab        ] GC(17) Old sizing: calculated: 166008B, actual: 158600B
[0.981s][debug][gc,ergo,heap   ] GC(17) Heap expansion: short term pause time ratio 49.82% long term pause time ratio 36.93% threshold 7.69% pause time ratio 7.69% fully expanded true resize by 0B
[0.981s][debug][gc,mmu         ] GC(17) MMU: 88.9ms (200.0ms/201.0ms)
[0.981s][debug][gc,alloc,stats ] Old generation allocation in the last mutator period, old gen allocated: 3976192B, humongous allocated: 0B,old gen growth: 3976192B.
[0.981s][debug][gc,ihop        ] GC(17) Basic information (value update), threshold: 120795955B (45.00), target occupancy: 268435456B, current occupancy: 268381440B, recent allocation size: 3976192B, recent allocation duration: 5.24ms, recent old gen allocation rate: 759351450.45B/s, recent marking phase length: 0.00ms
[0.981s][debug][gc,ihop        ] GC(17) Adaptive IHOP information (value update), threshold: 120795955B (52.94), internal target occupancy: 228170137B, occupancy: 268381440B, additional buffer size: 12582912B, predicted old gen allocation rate: 516927976.13B/s, predicted marking phase length: 0.00ms, prediction active: false
[0.981s][debug][gc,ergo,refine ] GC(17) Concurrent refinement times: Logged Cards Scan time goal: 20.00ms Logged Cards Scan time: 0.57ms HCC time: 0.00ms
[0.981s][debug][gc,ergo,refine ] GC(17) Updated Refinement Zones: green: 3204, yellow: 9612, red: 16020
[0.981s][info ][gc             ] GC(17) To-space exhausted
[0.981s][info ][gc,phases      ] GC(17)   Pre Evacuate Collection Set: 0.4ms
[0.981s][debug][gc,phases      ] GC(17)     Prepare TLABs: 0.0ms
[0.981s][debug][gc,phases      ] GC(17)     Concatenate Dirty Card Logs: 0.0ms
[0.981s][debug][gc,phases      ] GC(17)     Choose Collection Set: 0.0ms
[0.981s][debug][gc,phases      ] GC(17)     Region Register: 0.4ms
[0.981s][debug][gc,phases      ] GC(17)     Prepare Heap Roots: 0.0ms
[0.981s][info ][gc,phases      ] GC(17)   Merge Heap Roots: 0.1ms
[0.981s][debug][gc,phases      ] GC(17)     Prepare Merge Heap Roots: 0.0ms
[0.981s][debug][gc,phases      ] GC(17)     Eager Reclaim (ms):            skipped
[0.982s][debug][gc,phases      ] GC(17)     Remembered Sets (ms):          Min:  0.0, Avg:  0.0, Max:  0.0, Diff:  0.0, Sum:  0.0, Workers: 4
[0.982s][debug][gc,phases      ] GC(17)       Merged Sparse:                 Min: 0, Avg:  0.0, Max: 0, Diff: 0, Sum: 0, Workers: 4
[0.982s][debug][gc,phases      ] GC(17)       Merged Fine:                   Min: 0, Avg:  0.0, Max: 0, Diff: 0, Sum: 0, Workers: 4
[0.982s][debug][gc,phases      ] GC(17)       Merged Coarse:                 Min: 0, Avg:  0.0, Max: 0, Diff: 0, Sum: 0, Workers: 4
[0.982s][debug][gc,phases      ] GC(17)       Dirty Cards:                   Min: 0, Avg:  0.0, Max: 0, Diff: 0, Sum: 0, Workers: 4
[0.982s][debug][gc,phases      ] GC(17)     Hot Card Cache (ms):           Min:  0.0, Avg:  0.0, Max:  0.0, Diff:  0.0, Sum:  0.0, Workers: 4
[0.982s][debug][gc,phases      ] GC(17)       Dirty Cards:                   Min: 0, Avg:  0.0, Max: 0, Diff: 0, Sum: 0, Workers: 4
[0.982s][debug][gc,phases      ] GC(17)       Skipped Cards:                 Min: 0, Avg:  0.0, Max: 0, Diff: 0, Sum: 0, Workers: 4
[0.982s][debug][gc,phases      ] GC(17)     Log Buffers (ms):              Min:  0.0, Avg:  0.0, Max:  0.0, Diff:  0.0, Sum:  0.0, Workers: 4
[0.982s][debug][gc,phases      ] GC(17)       Dirty Cards:                   Min: 230, Avg: 383.3, Max: 504, Diff: 274, Sum: 1533, Workers: 4
[0.982s][debug][gc,phases      ] GC(17)       Skipped Cards:                 Min: 0, Avg:  0.0, Max: 0, Diff: 0, Sum: 0, Workers: 4
[0.982s][info ][gc,phases      ] GC(17)   Evacuate Collection Set: 5.4ms
[0.982s][debug][gc,phases      ] GC(17)     Ext Root Scanning (ms):        Min:  0.0, Avg:  0.0, Max:  0.0, Diff:  0.0, Sum:  0.0, Workers: 4
[0.982s][debug][gc,phases      ] GC(17)     Scan Heap Roots (ms):          Min:  0.5, Avg:  0.6, Max:  0.7, Diff:  0.2, Sum:  2.3, Workers: 4
[0.982s][debug][gc,phases      ] GC(17)       Scanned Cards:                 Min: 257, Avg: 377.5, Max: 489, Diff: 232, Sum: 1510, Workers: 4
[0.982s][debug][gc,phases      ] GC(17)       Scanned Blocks:                Min: 2, Avg:  2.3, Max: 3, Diff: 1, Sum: 9, Workers: 4
[0.982s][debug][gc,phases      ] GC(17)       Claimed Chunks:                Min: 2, Avg:  2.0, Max: 2, Diff: 0, Sum: 8, Workers: 4
[0.982s][debug][gc,phases      ] GC(17)     Code Root Scan (ms):           Min:  0.0, Avg:  0.0, Max:  0.0, Diff:  0.0, Sum:  0.0, Workers: 4
[0.982s][debug][gc,phases      ] GC(17)     Object Copy (ms):              Min:  4.7, Avg:  4.8, Max:  4.9, Diff:  0.2, Sum: 19.1, Workers: 4
[0.982s][debug][gc,phases      ] GC(17)     Termination (ms):              Min:  0.0, Avg:  0.0, Max:  0.0, Diff:  0.0, Sum:  0.0, Workers: 4
[0.982s][debug][gc,phases      ] GC(17)       Termination Attempts:          Min: 1, Avg:  2.8, Max: 5, Diff: 4, Sum: 11, Workers: 4
[0.982s][debug][gc,phases      ] GC(17)     GC Worker Other (ms):          Min:  0.0, Avg:  0.0, Max:  0.0, Diff:  0.0, Sum:  0.0, Workers: 4
[0.982s][debug][gc,phases      ] GC(17)     GC Worker Total (ms):          Min:  5.4, Avg:  5.4, Max:  5.4, Diff:  0.0, Sum: 21.4, Workers: 4
[0.982s][info ][gc,phases      ] GC(17)   Post Evacuate Collection Set: 1.9ms
[0.982s][debug][gc,phases      ] GC(17)     Code Roots Fixup: 0.0ms
[0.982s][debug][gc,phases      ] GC(17)     Reference Processing: 0.1ms
[0.982s][debug][gc,phases,ref  ] GC(17)       Reconsider SoftReferences: 0.0ms
[0.982s][debug][gc,phases,ref  ] GC(17)         SoftRef (ms):                  skipped
[0.982s][debug][gc,phases,ref  ] GC(17)       Notify Soft/WeakReferences: 0.0ms
[0.982s][debug][gc,phases,ref  ] GC(17)         SoftRef (ms):                  skipped
[0.982s][debug][gc,phases,ref  ] GC(17)         WeakRef (ms):                  skipped
[0.982s][debug][gc,phases,ref  ] GC(17)         FinalRef (ms):                 skipped
[0.982s][debug][gc,phases,ref  ] GC(17)         Total (ms):                    skipped
[0.982s][debug][gc,phases,ref  ] GC(17)       Notify and keep alive finalizable: 0.0ms
[0.982s][debug][gc,phases,ref  ] GC(17)         FinalRef (ms):                 skipped
[0.982s][debug][gc,phases,ref  ] GC(17)       Notify PhantomReferences: 0.0ms
[0.982s][debug][gc,phases,ref  ] GC(17)         PhantomRef (ms):               skipped
[0.982s][debug][gc,phases,ref  ] GC(17)       SoftReference:
[0.982s][debug][gc,phases,ref  ] GC(17)         Discovered: 0
[0.982s][debug][gc,phases,ref  ] GC(17)         Cleared: 0
[0.982s][debug][gc,phases,ref  ] GC(17)       WeakReference:
[0.982s][debug][gc,phases,ref  ] GC(17)         Discovered: 0
[0.982s][debug][gc,phases,ref  ] GC(17)         Cleared: 0
[0.982s][debug][gc,phases,ref  ] GC(17)       FinalReference:
[0.982s][debug][gc,phases,ref  ] GC(17)         Discovered: 0
[0.982s][debug][gc,phases,ref  ] GC(17)         Cleared: 0
[0.982s][debug][gc,phases,ref  ] GC(17)       PhantomReference:
[0.982s][debug][gc,phases,ref  ] GC(17)         Discovered: 0
[0.982s][debug][gc,phases,ref  ] GC(17)         Cleared: 0
[0.982s][debug][gc,phases      ] GC(17)     Weak Processing: 0.0ms
[0.982s][debug][gc,phases      ] GC(17)       VM Weak                        Min:  0.0, Avg:  0.0, Max:  0.0, Diff:  0.0, Sum:  0.0, Workers: 3
[0.982s][debug][gc,phases      ] GC(17)         Dead                           Min: 0, Avg:  0.0, Max: 0, Diff: 0, Sum: 0, Workers: 3
[0.982s][debug][gc,phases      ] GC(17)         Total                          Min: 0, Avg:  4.7, Max: 14, Diff: 14, Sum: 14, Workers: 3
[0.982s][debug][gc,phases      ] GC(17)       ObjectSynchronizer Weak        Min:  0.0, Avg:  0.0, Max:  0.0, Diff:  0.0, Sum:  0.0, Workers: 3
[0.982s][debug][gc,phases      ] GC(17)         Dead                           Min: 0, Avg:  0.0, Max: 0, Diff: 0, Sum: 0, Workers: 3
[0.982s][debug][gc,phases      ] GC(17)         Total                          Min: 0, Avg:  1.0, Max: 3, Diff: 3, Sum: 3, Workers: 3
[0.982s][debug][gc,phases      ] GC(17)       JVMTI Tag Weak OopStorage      Min:  0.0, Avg:  0.0, Max:  0.0, Diff:  0.0, Sum:  0.0, Workers: 3
[0.982s][debug][gc,phases      ] GC(17)         Dead                           Min: 0, Avg:  0.0, Max: 0, Diff: 0, Sum: 0, Workers: 3
[0.982s][debug][gc,phases      ] GC(17)         Total                          Min: 0, Avg:  0.0, Max: 0, Diff: 0, Sum: 0, Workers: 3
[0.982s][debug][gc,phases      ] GC(17)       StringTable Weak               Min:  0.0, Avg:  0.0, Max:  0.0, Diff:  0.0, Sum:  0.0, Workers: 3
[0.982s][debug][gc,phases      ] GC(17)         Dead                           Min: 0, Avg:  0.0, Max: 0, Diff: 0, Sum: 0, Workers: 3
[0.983s][debug][gc,phases      ] GC(17)         Total                          Min: 665, Avg: 819.0, Max: 960, Diff: 295, Sum: 2457, Workers: 3
[0.983s][debug][gc,phases      ] GC(17)       ResolvedMethodTable Weak       Min:  0.0, Avg:  0.0, Max:  0.0, Diff:  0.0, Sum:  0.0, Workers: 3
[0.983s][debug][gc,phases      ] GC(17)         Dead                           Min: 0, Avg:  0.0, Max: 0, Diff: 0, Sum: 0, Workers: 3
[0.983s][debug][gc,phases      ] GC(17)         Total                          Min: 9, Avg: 45.7, Max: 64, Diff: 55, Sum: 137, Workers: 3
[0.983s][debug][gc,phases      ] GC(17)       JNI Weak                       Min:  0.0, Avg:  0.0, Max:  0.0, Diff:  0.0, Sum:  0.0, Workers: 3
[0.983s][debug][gc,phases      ] GC(17)         Dead                           Min: 0, Avg:  0.0, Max: 0, Diff: 0, Sum: 0, Workers: 3
[0.983s][debug][gc,phases      ] GC(17)         Total                          Min: 0, Avg:  0.0, Max: 0, Diff: 0, Sum: 0, Workers: 3
[0.983s][debug][gc,phases      ] GC(17)       StringDedup Table Weak         Min:  0.0, Avg:  0.0, Max:  0.0, Diff:  0.0, Sum:  0.0, Workers: 3
[0.983s][debug][gc,phases      ] GC(17)         Dead                           Min: 0, Avg:  0.0, Max: 0, Diff: 0, Sum: 0, Workers: 3
[0.983s][debug][gc,phases      ] GC(17)         Total                          Min: 0, Avg:  0.0, Max: 0, Diff: 0, Sum: 0, Workers: 3
[0.983s][debug][gc,phases      ] GC(17)       StringDedup Requests0 Weak     Min:  0.0, Avg:  0.0, Max:  0.0, Diff:  0.0, Sum:  0.0, Workers: 3
[0.983s][debug][gc,phases      ] GC(17)         Dead                           Min: 0, Avg:  0.0, Max: 0, Diff: 0, Sum: 0, Workers: 3
[0.983s][debug][gc,phases      ] GC(17)         Total                          Min: 0, Avg:  0.0, Max: 0, Diff: 0, Sum: 0, Workers: 3
[0.983s][debug][gc,phases      ] GC(17)       StringDedup Requests1 Weak     Min:  0.0, Avg:  0.0, Max:  0.0, Diff:  0.0, Sum:  0.0, Workers: 3
[0.983s][debug][gc,phases      ] GC(17)         Dead                           Min: 0, Avg:  0.0, Max: 0, Diff: 0, Sum: 0, Workers: 3
[0.983s][debug][gc,phases      ] GC(17)         Total                          Min: 0, Avg:  0.0, Max: 0, Diff: 0, Sum: 0, Workers: 3
[0.983s][debug][gc,phases      ] GC(17)       Weak JFR Old Object Samples    Min:  0.0, Avg:  0.0, Max:  0.0, Diff:  0.0, Sum:  0.0, Workers: 3
[0.983s][debug][gc,phases      ] GC(17)         Dead                           Min: 0, Avg:  0.0, Max: 0, Diff: 0, Sum: 0, Workers: 3
[0.983s][debug][gc,phases      ] GC(17)         Total                          Min: 0, Avg:  0.0, Max: 0, Diff: 0, Sum: 0, Workers: 3
[0.983s][debug][gc,phases      ] GC(17)     Post Evacuate Cleanup 1: 1.7ms
[0.983s][debug][gc,phases      ] GC(17)       Merge Per-Thread State (ms):   Min:  0.0, Avg:  0.0, Max:  0.0, Diff:  0.0, Sum:  0.0, Workers: 1
[0.983s][debug][gc,phases      ] GC(17)         Copied Bytes                   Min: 419776, Avg: 469612.0, Max: 504736, Diff: 84960, Sum: 1878448, Workers: 4
[0.983s][debug][gc,phases      ] GC(17)         LAB Waste                      Min: 96, Avg: 148.0, Max: 224, Diff: 128, Sum: 592, Workers: 4
[0.983s][debug][gc,phases      ] GC(17)         LAB Undo Waste                 Min: 0, Avg:  0.0, Max: 0, Diff: 0, Sum: 0, Workers: 4
[0.983s][debug][gc,phases      ] GC(17)       Clear Logged Cards (ms):       Min:  0.0, Avg:  0.0, Max:  0.0, Diff:  0.0, Sum:  0.0, Workers: 4
[0.983s][debug][gc,phases      ] GC(17)       Recalculate Used Memory (ms):  Min:  0.0, Avg:  0.0, Max:  0.0, Diff:  0.0, Sum:  0.0, Workers: 1
[0.983s][debug][gc,phases      ] GC(17)       Remove Self Forwards (ms):     Min:  0.0, Avg:  1.0, Max:  1.6, Diff:  1.6, Sum:  3.8, Workers: 4
[0.983s][debug][gc,phases      ] GC(17)     Post Evacuate Cleanup 2: 0.0ms
[0.983s][debug][gc,phases      ] GC(17)       Recalculate Used Memory (ms):  Min:  0.0, Avg:  0.0, Max:  0.0, Diff:  0.0, Sum:  0.0, Workers: 1
[0.983s][debug][gc,phases      ] GC(17)       Restore Preserved Marks (ms):  Min:  0.0, Avg:  0.0, Max:  0.0, Diff:  0.0, Sum:  0.0, Workers: 4
[0.983s][debug][gc,phases      ] GC(17)       Reset Hot Card Cache (ms):     Min:  0.0, Avg:  0.0, Max:  0.0, Diff:  0.0, Sum:  0.0, Workers: 1
[0.983s][debug][gc,phases      ] GC(17)       Purge Code Roots (ms):         Min:  0.0, Avg:  0.0, Max:  0.0, Diff:  0.0, Sum:  0.0, Workers: 1
[0.983s][debug][gc,phases      ] GC(17)       Update Derived Pointers (ms):  Min:  0.0, Avg:  0.0, Max:  0.0, Diff:  0.0, Sum:  0.0, Workers: 1
[0.983s][debug][gc,phases      ] GC(17)       Eagerly Reclaim Humongous Objects (ms): Min:  0.0, Avg:  0.0, Max:  0.0, Diff:  0.0, Sum:  0.0, Workers: 1
[0.983s][debug][gc,phases      ] GC(17)         Humongous Total                Min: 11, Avg: 11.0, Max: 11, Diff: 0, Sum: 11, Workers: 1
[0.983s][debug][gc,phases      ] GC(17)         Humongous Candidates           Min: 0, Avg:  0.0, Max: 0, Diff: 0, Sum: 0, Workers: 1
[0.983s][debug][gc,phases      ] GC(17)         Humongous Reclaimed            Min: 0, Avg:  0.0, Max: 0, Diff: 0, Sum: 0, Workers: 1
[0.983s][debug][gc,phases      ] GC(17)       Redirty Logged Cards (ms):     Min:  0.0, Avg:  0.0, Max:  0.0, Diff:  0.0, Sum:  0.0, Workers: 4
[0.983s][debug][gc,phases      ] GC(17)         Redirtied Cards:               Min: 0, Avg: 611.8, Max: 1032, Diff: 1032, Sum: 2447, Workers: 4
[0.983s][debug][gc,phases      ] GC(17)       Free Collection Set (ms):      Min:  0.0, Avg:  0.0, Max:  0.0, Diff:  0.0, Sum:  0.0, Workers: 4
[0.983s][debug][gc,phases      ] GC(17)     Rebuild Free List: 0.1ms
[0.983s][debug][gc,phases      ] GC(17)     Start New Collection Set: 0.0ms
[0.983s][debug][gc,phases      ] GC(17)     Resize TLABs: 0.0ms
[0.983s][debug][gc,phases      ] GC(17)     Expand Heap After Collection: 0.0ms
[0.983s][info ][gc,phases      ] GC(17)   Other: 0.7ms
[0.983s][info ][gc,heap        ] GC(17) Eden regions: 1->0(11)
[0.983s][info ][gc,heap        ] GC(17) Survivor regions: 2->1(1)
[0.983s][info ][gc,heap        ] GC(17) Old regions: 142->145
[0.983s][info ][gc,heap        ] GC(17) Archive regions: 0->0
[0.983s][info ][gc,heap        ] GC(17) Humongous regions: 110->110
[0.983s][info ][gc,metaspace   ] GC(17) Metaspace: 482K(640K)->482K(640K) NonClass: 446K(512K)->446K(512K) Class: 36K(128K)->36K(128K)
[0.983s][debug][gc,heap        ] GC(17) Heap after GC invocations=16 (full 0):
[0.983s][debug][gc,heap        ] GC(17)  garbage-first heap   total 262144K, used 262091K [0x00000000f0000000, 0x0000000100000000)
[0.983s][debug][gc,heap        ] GC(17)   region size 1024K, 1 young (1024K), 1 survivors (1024K)
[0.983s][debug][gc,heap        ] GC(17)  Metaspace       used 482K, committed 640K, reserved 1056768K
[0.983s][debug][gc,heap        ] GC(17)   class space    used 36K, committed 128K, reserved 1048576K
[0.983s][info ][gc             ] GC(17) Pause Young (Normal) (G1 Preventive Collection) 254M->255M(256M) 10.443ms
[0.983s][info ][gc,cpu         ] GC(17) User=0.06s Sys=0.00s Real=0.01s
[0.983s][debug][gc,ergo,heap   ] Attempt heap expansion (allocation request failed). Allocation request: 2048B
[0.984s][debug][gc,ergo,heap   ] Expand the heap. requested expansion amount: 1048576B expansion amount: 1048576B
[0.984s][debug][gc,ergo,heap   ] Did not expand the heap (heap already fully expanded)
[0.984s][info ][gc,ergo        ] Attempting full compaction
[0.985s][debug][gc,task        ] GC(18) Requesting 4 active workers for full compaction (waste limited workers: 4, adaptive workers: 4, used limited workers: 256)
[0.985s][info ][gc,task        ] GC(18) Using 4 workers of 4 for full compaction
[0.986s][info ][gc,start       ] GC(18) Pause Full (G1 Compaction Pause)
[0.986s][debug][gc,heap        ] GC(18) Heap before GC invocations=16 (full 0):
[0.986s][debug][gc,heap        ] GC(18)  garbage-first heap   total 262144K, used 262091K [0x00000000f0000000, 0x0000000100000000)
[0.986s][debug][gc,heap        ] GC(18)   region size 1024K, 1 young (1024K), 1 survivors (1024K)
[0.986s][debug][gc,heap        ] GC(18)  Metaspace       used 482K, committed 640K, reserved 1056768K
[0.986s][debug][gc,heap        ] GC(18)   class space    used 36K, committed 128K, reserved 1048576K
[0.986s][debug][gc,start       ] GC(18) Clear Next Bitmap
[0.986s][debug][gc,ergo        ] GC(18) Running G1 Clear Bitmap with 4 workers for 4 work units.
[0.986s][debug][gc             ] GC(18) Clear Next Bitmap 0.195ms
[0.986s][debug][gc,alloc,region] GC(18) Mutator Allocation stats, regions: 0, wasted size: 0B ( 0.0%)
[0.986s][info ][gc,phases,start] GC(18) Phase 1: Mark live objects
[1.032s][debug][gc,phases,start] GC(18) Phase 1: Reference Processing
[1.032s][debug][gc,ref         ] GC(18) ReferenceProcessor::execute queues: 4, RefProcThreadModel::Multi, marks_oops_alive: true
[1.032s][debug][gc,ref         ] GC(18) ReferenceProcessor::execute queues: 1, RefProcThreadModel::Single, marks_oops_alive: false
[1.032s][debug][gc,ref         ] GC(18) Skipped phase 3 of Reference Processing: no references
[1.032s][debug][gc,ref         ] GC(18) ReferenceProcessor::execute queues: 1, RefProcThreadModel::Single, marks_oops_alive: false
[1.032s][debug][gc,phases,ref  ] GC(18) Reference Processing: 0.1ms
[1.032s][debug][gc,phases,ref  ] GC(18)   Reconsider SoftReferences: 0.0ms
[1.032s][debug][gc,phases,ref  ] GC(18)     Balance queues: 0.0ms
[1.032s][debug][gc,phases,ref  ] GC(18)     SoftRef (ms):                  Min:  0.0, Avg:  0.0, Max:  0.0, Diff:  0.0, Sum:  0.0, Workers: 4
[1.032s][debug][gc,phases,ref  ] GC(18)   Notify Soft/WeakReferences: 0.1ms
[1.032s][debug][gc,phases,ref  ] GC(18)     SoftRef (ms):                  Min:  0.0, Avg:  0.0, Max:  0.0, Diff:  0.0, Sum:  0.0, Workers: 4
[1.032s][debug][gc,phases,ref  ] GC(18)     WeakRef (ms):                  Min:  0.0, Avg:  0.0, Max:  0.0, Diff:  0.0, Sum:  0.0, Workers: 4
[1.032s][debug][gc,phases,ref  ] GC(18)     FinalRef (ms):                 Min:  0.0, Avg:  0.0, Max:  0.0, Diff:  0.0, Sum:  0.0, Workers: 4
[1.032s][debug][gc,phases,ref  ] GC(18)     Total (ms):                    Min:  0.0, Avg:  0.0, Max:  0.0, Diff:  0.0, Sum:  0.0, Workers: 4
[1.032s][debug][gc,phases,ref  ] GC(18)   Notify and keep alive finalizable: 0.0ms
[1.032s][debug][gc,phases,ref  ] GC(18)     FinalRef (ms):                 skipped
[1.032s][debug][gc,phases,ref  ] GC(18)   Notify PhantomReferences: 0.0ms
[1.032s][debug][gc,phases,ref  ] GC(18)     PhantomRef (ms):               Min:  0.0, Avg:  0.0, Max:  0.0, Diff:  0.0, Sum:  0.0, Workers: 4
[1.032s][debug][gc,phases,ref  ] GC(18)   SoftReference:
[1.032s][debug][gc,phases,ref  ] GC(18)     Discovered: 24
[1.032s][debug][gc,phases,ref  ] GC(18)     Cleared: 13
[1.032s][debug][gc,phases,ref  ] GC(18)   WeakReference:
[1.032s][debug][gc,phases,ref  ] GC(18)     Discovered: 133
[1.032s][debug][gc,phases,ref  ] GC(18)     Cleared: 131
[1.032s][debug][gc,phases,ref  ] GC(18)   FinalReference:
[1.032s][debug][gc,phases,ref  ] GC(18)     Discovered: 0
[1.032s][debug][gc,phases,ref  ] GC(18)     Cleared: 0
[1.032s][debug][gc,phases,ref  ] GC(18)   PhantomReference:
[1.032s][debug][gc,phases,ref  ] GC(18)     Discovered: 3
[1.032s][debug][gc,phases,ref  ] GC(18)     Cleared: 1
[1.033s][debug][gc,phases      ] GC(18) Phase 1: Reference Processing 0.614ms
[1.033s][debug][gc,phases,start] GC(18) Phase 1: Weak Processing
[1.033s][debug][gc,phases      ] GC(18)   VM Weak                        Min:  0.0, Avg:  0.0, Max:  0.0, Diff:  0.0, Sum:  0.0, Workers: 3
[1.033s][debug][gc,phases      ] GC(18)     Dead                           Min: 0, Avg:  2.0, Max: 6, Diff: 6, Sum: 6, Workers: 3
[1.033s][debug][gc,phases      ] GC(18)     Total                          Min: 0, Avg:  4.7, Max: 14, Diff: 14, Sum: 14, Workers: 3
[1.033s][debug][gc,phases      ] GC(18)   ObjectSynchronizer Weak        Min:  0.0, Avg:  0.0, Max:  0.0, Diff:  0.0, Sum:  0.0, Workers: 3
[1.033s][debug][gc,phases      ] GC(18)     Dead                           Min: 0, Avg:  0.0, Max: 0, Diff: 0, Sum: 0, Workers: 3
[1.033s][debug][gc,phases      ] GC(18)     Total                          Min: 0, Avg:  1.0, Max: 3, Diff: 3, Sum: 3, Workers: 3
[1.033s][debug][gc,phases      ] GC(18)   JVMTI Tag Weak OopStorage      Min:  0.0, Avg:  0.0, Max:  0.0, Diff:  0.0, Sum:  0.0, Workers: 3
[1.033s][debug][gc,phases      ] GC(18)     Dead                           Min: 0, Avg:  0.0, Max: 0, Diff: 0, Sum: 0, Workers: 3
[1.033s][debug][gc,phases      ] GC(18)     Total                          Min: 0, Avg:  0.0, Max: 0, Diff: 0, Sum: 0, Workers: 3
[1.033s][debug][gc,phases      ] GC(18)   StringTable Weak               Min:  0.0, Avg:  0.0, Max:  0.0, Diff:  0.0, Sum:  0.0, Workers: 3
[1.033s][debug][gc,phases      ] GC(18)     Dead                           Min: 0, Avg:  0.0, Max: 0, Diff: 0, Sum: 0, Workers: 3
[1.033s][debug][gc,phases      ] GC(18)     Total                          Min: 768, Avg: 819.0, Max: 896, Diff: 128, Sum: 2457, Workers: 3
[1.033s][debug][gc,phases      ] GC(18)   ResolvedMethodTable Weak       Min:  0.0, Avg:  0.0, Max:  0.0, Diff:  0.0, Sum:  0.0, Workers: 3
[1.033s][debug][gc,phases      ] GC(18)     Dead                           Min: 1, Avg:  3.3, Max: 5, Diff: 4, Sum: 10, Workers: 3
[1.033s][debug][gc,phases      ] GC(18)     Total                          Min: 9, Avg: 45.7, Max: 64, Diff: 55, Sum: 137, Workers: 3
[1.033s][debug][gc,phases      ] GC(18)   JNI Weak                       Min:  0.0, Avg:  0.0, Max:  0.0, Diff:  0.0, Sum:  0.0, Workers: 3
[1.033s][debug][gc,phases      ] GC(18)     Dead                           Min: 0, Avg:  0.0, Max: 0, Diff: 0, Sum: 0, Workers: 3
[1.033s][debug][gc,phases      ] GC(18)     Total                          Min: 0, Avg:  0.0, Max: 0, Diff: 0, Sum: 0, Workers: 3
[1.033s][debug][gc,phases      ] GC(18)   StringDedup Table Weak         Min:  0.0, Avg:  0.0, Max:  0.0, Diff:  0.0, Sum:  0.0, Workers: 3
[1.033s][debug][gc,phases      ] GC(18)     Dead                           Min: 0, Avg:  0.0, Max: 0, Diff: 0, Sum: 0, Workers: 3
[1.033s][debug][gc,phases      ] GC(18)     Total                          Min: 0, Avg:  0.0, Max: 0, Diff: 0, Sum: 0, Workers: 3
[1.033s][debug][gc,phases      ] GC(18)   StringDedup Requests0 Weak     Min:  0.0, Avg:  0.0, Max:  0.0, Diff:  0.0, Sum:  0.0, Workers: 3
[1.033s][debug][gc,phases      ] GC(18)     Dead                           Min: 0, Avg:  0.0, Max: 0, Diff: 0, Sum: 0, Workers: 3
[1.033s][debug][gc,phases      ] GC(18)     Total                          Min: 0, Avg:  0.0, Max: 0, Diff: 0, Sum: 0, Workers: 3
[1.033s][debug][gc,phases      ] GC(18)   StringDedup Requests1 Weak     Min:  0.0, Avg:  0.0, Max:  0.0, Diff:  0.0, Sum:  0.0, Workers: 3
[1.033s][debug][gc,phases      ] GC(18)     Dead                           Min: 0, Avg:  0.0, Max: 0, Diff: 0, Sum: 0, Workers: 3
[1.033s][debug][gc,phases      ] GC(18)     Total                          Min: 0, Avg:  0.0, Max: 0, Diff: 0, Sum: 0, Workers: 3
[1.033s][debug][gc,phases      ] GC(18)   Weak JFR Old Object Samples    Min:  0.0, Avg:  0.0, Max:  0.0, Diff:  0.0, Sum:  0.0, Workers: 3
[1.033s][debug][gc,phases      ] GC(18)     Dead                           Min: 0, Avg:  0.0, Max: 0, Diff: 0, Sum: 0, Workers: 3
[1.033s][debug][gc,phases      ] GC(18)     Total                          Min: 0, Avg:  0.0, Max: 0, Diff: 0, Sum: 0, Workers: 3
[1.033s][debug][gc,phases      ] GC(18) Phase 1: Weak Processing 0.683ms
[1.033s][debug][gc,phases,start] GC(18) Phase 1: Class Unloading and Cleanup
[1.033s][debug][gc,phases,start] GC(18) ClassLoaderData
[1.033s][debug][gc,phases      ] GC(18) ClassLoaderData 0.075ms
[1.033s][debug][gc,phases,start] GC(18) Trigger cleanups
[1.033s][debug][gc,phases      ] GC(18) Trigger cleanups 0.020ms
[1.034s][debug][gc,phases      ] GC(18) Phase 1: Class Unloading and Cleanup 0.411ms
[1.034s][info ][gc,phases      ] GC(18) Phase 1: Mark live objects 47.604ms
[1.034s][info ][gc,phases,start] GC(18) Phase 2: Prepare for compaction
[1.036s][info ][gc,phases      ] GC(18) Phase 2: Prepare for compaction 2.494ms
[1.036s][info ][gc,phases,start] GC(18) Phase 3: Adjust pointers
[1.050s][info ][gc,phases      ] GC(18) Phase 3: Adjust pointers 13.736ms
[1.050s][info ][gc,phases,start] GC(18) Phase 4: Compact heap
[1.053s][info ][gc,phases      ] GC(18) Phase 4: Compact heap 2.823ms
[1.053s][debug][gc,ergo        ] GC(18) Running G1 Clear Bitmap with 4 workers for 4 work units.
[1.055s][debug][gc,alloc,stats ] Old generation allocation in the last mutator period, old gen allocated: 0B, humongous allocated: 0B,old gen growth: 0B.
[1.055s][info ][gc,heap        ] GC(18) Eden regions: 0->0(48)
[1.055s][info ][gc,heap        ] GC(18) Survivor regions: 1->0(1)
[1.055s][info ][gc,heap        ] GC(18) Old regions: 145->39
[1.055s][info ][gc,heap        ] GC(18) Archive regions: 0->0
[1.055s][info ][gc,heap        ] GC(18) Humongous regions: 110->36
[1.055s][info ][gc,metaspace   ] GC(18) Metaspace: 482K(640K)->470K(640K) NonClass: 446K(512K)->437K(512K) Class: 36K(128K)->33K(128K)
[1.055s][debug][gc,heap        ] GC(18) Heap after GC invocations=17 (full 1):
[1.055s][debug][gc,heap        ] GC(18)  garbage-first heap   total 262144K, used 75739K [0x00000000f0000000, 0x0000000100000000)
[1.055s][debug][gc,heap        ] GC(18)   region size 1024K, 0 young (0K), 0 survivors (0K)
[1.055s][debug][gc,heap        ] GC(18)  Metaspace       used 470K, committed 640K, reserved 1056768K
[1.055s][debug][gc,heap        ] GC(18)   class space    used 33K, committed 128K, reserved 1048576K
[1.055s][info ][gc             ] GC(18) Pause Full (G1 Compaction Pause) 255M->73M(256M) 69.396ms
[1.055s][info ][gc,cpu         ] GC(18) User=0.25s Sys=0.00s Real=0.07s
[1.055s][debug][gc,stats       ] ---------------------------------------------------------------------
[1.055s][debug][gc,stats       ] Marking Stats, task = 0, calls = 31
[1.055s][debug][gc,stats       ]   Elapsed time = 353.09ms, Termination time = 0.00ms
[1.055s][debug][gc,stats       ]   Step Times (cum): num = 31, avg = 5.55ms, sd = 7.49ms max = 16.00ms, total = 172.00ms
[1.055s][debug][gc,stats       ]   Mark Stats Cache: hits 4302088 misses 0 ratio 100.000
[1.055s][debug][gc,stats       ] ---------------------------------------------------------------------
[1.055s][info ][gc,marking     ] GC(9) Concurrent Mark From Roots 353.315ms
[1.055s][info ][gc,marking     ] GC(9) Concurrent Mark Abort
[1.055s][info ][gc             ] GC(9) Concurrent Mark Cycle 360.403ms
[1.066s][debug][gc,refine      ] Activated worker 0, on threshold: 3716, current: 3840
[1.066s][debug][gc,refine      ] Deactivated worker 0, off threshold: 3204, current: 3072, refined cards: 768
[1.068s][debug][gc,refine      ] Activated worker 0, on threshold: 3716, current: 3840
[1.069s][debug][gc,refine      ] Deactivated worker 0, off threshold: 3204, current: 3072, refined cards: 768
[1.070s][debug][gc,refine      ] Activated worker 0, on threshold: 3716, current: 3840
[1.071s][debug][gc,refine      ] Deactivated worker 0, off threshold: 3204, current: 3072, refined cards: 768
[1.072s][debug][gc,refine      ] Activated worker 0, on threshold: 3716, current: 3840
[1.073s][debug][gc,refine      ] Deactivated worker 0, off threshold: 3204, current: 3072, refined cards: 768
[1.074s][debug][gc,refine      ] Activated worker 0, on threshold: 3716, current: 3840
[1.075s][debug][gc,refine      ] Deactivated worker 0, off threshold: 3204, current: 3072, refined cards: 768
[1.077s][debug][gc,refine      ] Activated worker 0, on threshold: 3716, current: 3840
[1.078s][debug][gc,refine      ] Deactivated worker 0, off threshold: 3204, current: 3072, refined cards: 768
[1.082s][debug][gc,refine      ] Activated worker 0, on threshold: 3716, current: 3840
[1.082s][debug][gc,refine      ] Deactivated worker 0, off threshold: 3204, current: 3072, refined cards: 768
[1.087s][debug][gc,refine      ] Activated worker 0, on threshold: 3716, current: 3840
[1.088s][debug][gc,refine      ] Deactivated worker 0, off threshold: 3204, current: 3072, refined cards: 768
[1.092s][debug][gc,refine      ] Activated worker 0, on threshold: 3716, current: 3840
[1.092s][debug][gc,refine      ] Deactivated worker 0, off threshold: 3204, current: 3072, refined cards: 768
[1.096s][debug][gc,refine      ] Activated worker 0, on threshold: 3716, current: 3840
[1.097s][debug][gc,refine      ] Deactivated worker 0, off threshold: 3204, current: 3072, refined cards: 768
[1.099s][debug][gc,task,start  ] G1 Service Thread (Periodic GC Task) (run)
[1.099s][debug][gc,refine      ] Activated worker 0, on threshold: 3716, current: 3840
[1.099s][debug][gc,task        ] G1 Service Thread (Periodic GC Task) (run) 0.047ms (cpu: 0.000ms)
[1.099s][debug][gc,refine      ] Deactivated worker 0, off threshold: 3204, current: 3072, refined cards: 768
[1.101s][debug][gc,refine      ] Activated worker 0, on threshold: 3716, current: 3840
[1.102s][debug][gc,refine      ] Deactivated worker 0, off threshold: 3204, current: 3072, refined cards: 768
[1.103s][debug][gc,refine      ] Activated worker 0, on threshold: 3716, current: 3840
[1.104s][debug][gc,refine      ] Deactivated worker 0, off threshold: 3204, current: 3072, refined cards: 768
[1.105s][debug][gc,refine      ] Activated worker 0, on threshold: 3716, current: 3840
[1.106s][debug][gc,refine      ] Deactivated worker 0, off threshold: 3204, current: 3072, refined cards: 768
[1.107s][debug][gc,refine      ] Activated worker 0, on threshold: 3716, current: 3840
[1.108s][debug][gc,refine      ] Deactivated worker 0, off threshold: 3204, current: 3072, refined cards: 768
[1.110s][debug][gc,refine      ] Activated worker 0, on threshold: 3716, current: 3840
[1.110s][debug][gc,refine      ] Deactivated worker 0, off threshold: 3204, current: 3072, refined cards: 768
[1.112s][debug][gc,refine      ] Activated worker 0, on threshold: 3716, current: 3840
[1.112s][debug][gc,refine      ] Deactivated worker 0, off threshold: 3204, current: 3072, refined cards: 768
[1.114s][debug][gc,refine      ] Activated worker 0, on threshold: 3716, current: 3840
[1.114s][debug][gc,refine      ] Deactivated worker 0, off threshold: 3204, current: 3072, refined cards: 768
[1.116s][debug][gc,refine      ] Activated worker 0, on threshold: 3716, current: 3840
[1.116s][debug][gc,refine      ] Deactivated worker 0, off threshold: 3204, current: 3072, refined cards: 768
[1.118s][debug][gc,refine      ] Activated worker 0, on threshold: 3716, current: 3840
[1.119s][debug][gc,refine      ] Deactivated worker 0, off threshold: 3204, current: 3072, refined cards: 768
[1.120s][debug][gc,refine      ] Activated worker 0, on threshold: 3716, current: 3840
[1.121s][debug][gc,refine      ] Deactivated worker 0, off threshold: 3204, current: 3072, refined cards: 768
[1.122s][debug][gc,refine      ] Activated worker 0, on threshold: 3716, current: 3840
[1.123s][debug][gc,refine      ] Deactivated worker 0, off threshold: 3204, current: 3072, refined cards: 768
[1.124s][debug][gc,refine      ] Activated worker 0, on threshold: 3716, current: 3840
[1.125s][debug][gc,refine      ] Deactivated worker 0, off threshold: 3204, current: 3072, refined cards: 768
[1.126s][debug][gc,refine      ] Activated worker 0, on threshold: 3716, current: 3840
[1.126s][debug][gc,heap        ] GC(19) Heap before GC invocations=17 (full 1):
[1.126s][debug][gc,heap        ] GC(19)  garbage-first heap   total 262144K, used 124891K [0x00000000f0000000, 0x0000000100000000)
[1.126s][debug][gc,heap        ] GC(19)   region size 1024K, 48 young (49152K), 0 survivors (0K)
[1.126s][debug][gc,heap        ] GC(19)  Metaspace       used 470K, committed 640K, reserved 1056768K
[1.126s][debug][gc,heap        ] GC(19)   class space    used 33K, committed 128K, reserved 1048576K
[1.126s][info ][gc,start       ] GC(19) Pause Young (Normal) (G1 Evacuation Pause)
[1.126s][info ][gc,task        ] GC(19) Using 4 workers of 4 for evacuation
[1.126s][debug][gc,tlab        ] GC(19) TLAB totals: thrds: 1  refills: 144 max: 144 slow allocs: 0 max 0 waste:  0.2% gc: 0B max: 0B slow: 82952B max: 82952B
[1.126s][debug][gc,age         ] GC(19) Desired survivor size 3145728 bytes, new threshold 15 (max threshold 15)
[1.126s][debug][gc,refine,stats] GC(19) Mutator refinement: 0.00ms, refined: 0, precleaned: 0, dirtied: 21533
[1.126s][debug][gc,refine,stats] GC(19) Concurrent refinement: 14.29ms, refined: 17720, precleaned: 0, dirtied: 0
[1.126s][debug][gc,refine,stats] GC(19) Total refinement: 14.29ms, refined: 17720, precleaned: 0, dirtied: 21533
[1.126s][debug][gc,refine,stats] GC(19) Concurrent refinement rate: 1240.10 cards/ms
[1.126s][debug][gc,refine,stats] GC(19) Generate dirty cards rate: 135.87 cards/ms
[1.126s][debug][gc,alloc,region] GC(19) Mutator Allocation stats, regions: 48, wasted size: 0B ( 0.0%)
[1.126s][debug][gc,humongous   ] GC(19) Humongous region 173 (object size 36920416 @ 0x00000000fad00000) remset 0 code roots 0 marked 0 reclaim candidate 0 type array 0
[1.127s][debug][gc,ergo        ] GC(19) Running G1 Merge Heap Roots using 4 workers for 48 regions
[1.127s][debug][gc,remset      ] GC(19) Visited cards 22784 Total dirty 28672 (79.46%) Total old 350208 (6.51%)
[1.181s][debug][gc,ref         ] GC(19) Skipped phase 1 of Reference Processing: no references
[1.181s][debug][gc,ref         ] GC(19) Skipped phase 2 of Reference Processing: no references
[1.182s][debug][gc,ref         ] GC(19) Skipped phase 3 of Reference Processing: no references
[1.182s][debug][gc,ref         ] GC(19) Skipped phase 4 of Reference Processing: no references
[1.182s][debug][gc,ergo        ] GC(19) Running G1 Rebuild Free List Task using 4 workers for rebuilding free list of regions
[1.182s][debug][gc,plab        ] GC(19) Young PLAB allocation: allocated: 6291456B, wasted: 1632B, unused: 0B, used: 6289824B, undo waste: 0B, 
[1.182s][debug][gc,plab        ] GC(19) Young other allocation: region end waste: 0B, regions filled: 6, direct allocated: 0B, failure used: 0B, failure wasted: 0B
[1.182s][debug][gc,plab        ] GC(19) Young sizing: calculated: 1257960B, actual: 1005440B
[1.182s][debug][gc,plab        ] GC(19) Old PLAB allocation: allocated: 37828032B, wasted: 15520B, unused: 14864B, used: 37797648B, undo waste: 0B, 
[1.182s][debug][gc,plab        ] GC(19) Old other allocation: region end waste: 0B, regions filled: 37, direct allocated: 0B, failure used: 0B, failure wasted: 0B
[1.182s][debug][gc,plab        ] GC(19) Old sizing: calculated: 7559528B, actual: 5709296B
[1.182s][debug][gc,ergo,heap   ] GC(19) Heap expansion: short term pause time ratio 49.82% long term pause time ratio 36.93% threshold 7.69% pause time ratio 7.69% fully expanded true resize by 0B
[1.182s][debug][gc,mmu         ] GC(19) MMU: 55.8ms (200.0ms/201.0ms)
[1.182s][debug][gc,alloc,stats ] Old generation allocation in the last mutator period, old gen allocated: 37828032B, humongous allocated: 0B,old gen growth: 37828032B.
[1.182s][debug][gc,ihop        ] GC(19) Basic information (value update), threshold: 120795955B (45.00), target occupancy: 268435456B, current occupancy: 121676528B, recent allocation size: 37828032B, recent allocation duration: 158.48ms, recent old gen allocation rate: 238689618.58B/s, recent marking phase length: 0.00ms
[1.182s][debug][gc,ihop        ] GC(19) Adaptive IHOP information (value update), threshold: 120795955B (52.94), internal target occupancy: 228170137B, occupancy: 121676528B, additional buffer size: 41943040B, predicted old gen allocation rate: 507546336.39B/s, predicted marking phase length: 0.00ms, prediction active: false
[1.182s][debug][gc,ergo,refine ] GC(19) Concurrent refinement times: Logged Cards Scan time goal: 20.00ms Logged Cards Scan time: 1.36ms HCC time: 0.00ms
[1.182s][debug][gc,ergo,refine ] GC(19) Updated Refinement Zones: green: 3524, yellow: 10572, red: 17620
[1.182s][info ][gc,phases      ] GC(19)   Pre Evacuate Collection Set: 0.1ms
[1.182s][debug][gc,phases      ] GC(19)     Prepare TLABs: 0.0ms
[1.182s][debug][gc,phases      ] GC(19)     Concatenate Dirty Card Logs: 0.0ms
[1.182s][debug][gc,phases      ] GC(19)     Choose Collection Set: 0.0ms
[1.182s][debug][gc,phases      ] GC(19)     Region Register: 0.1ms
[1.182s][debug][gc,phases      ] GC(19)     Prepare Heap Roots: 0.0ms
[1.182s][info ][gc,phases      ] GC(19)   Merge Heap Roots: 0.1ms
[1.182s][debug][gc,phases      ] GC(19)     Prepare Merge Heap Roots: 0.0ms
[1.182s][debug][gc,phases      ] GC(19)     Eager Reclaim (ms):            skipped
[1.182s][debug][gc,phases      ] GC(19)     Remembered Sets (ms):          Min:  0.0, Avg:  0.0, Max:  0.0, Diff:  0.0, Sum:  0.2, Workers: 4
[1.182s][debug][gc,phases      ] GC(19)       Merged Sparse:                 Min: 0, Avg:  0.0, Max: 0, Diff: 0, Sum: 0, Workers: 4
[1.182s][debug][gc,phases      ] GC(19)       Merged Fine:                   Min: 11, Avg: 12.3, Max: 15, Diff: 4, Sum: 49, Workers: 4
[1.182s][debug][gc,phases      ] GC(19)       Merged Coarse:                 Min: 0, Avg:  0.0, Max: 0, Diff: 0, Sum: 0, Workers: 4
[1.182s][debug][gc,phases      ] GC(19)       Dirty Cards:                   Min: 4339, Avg: 4423.0, Max: 4595, Diff: 256, Sum: 17692, Workers: 4
[1.182s][debug][gc,phases      ] GC(19)     Hot Card Cache (ms):           Min:  0.0, Avg:  0.0, Max:  0.0, Diff:  0.0, Sum:  0.0, Workers: 4
[1.182s][debug][gc,phases      ] GC(19)       Dirty Cards:                   Min: 0, Avg:  0.0, Max: 0, Diff: 0, Sum: 0, Workers: 4
[1.183s][debug][gc,phases      ] GC(19)       Skipped Cards:                 Min: 0, Avg:  0.0, Max: 0, Diff: 0, Sum: 0, Workers: 4
[1.183s][debug][gc,phases      ] GC(19)     Log Buffers (ms):              Min:  0.0, Avg:  0.0, Max:  0.0, Diff:  0.0, Sum:  0.1, Workers: 4
[1.183s][debug][gc,phases      ] GC(19)       Dirty Cards:                   Min: 761, Avg: 945.3, Max: 1016, Diff: 255, Sum: 3781, Workers: 4
[1.183s][debug][gc,phases      ] GC(19)       Skipped Cards:                 Min: 0, Avg:  0.0, Max: 0, Diff: 0, Sum: 0, Workers: 4
[1.183s][info ][gc,phases      ] GC(19)   Evacuate Collection Set: 54.7ms
[1.183s][debug][gc,phases      ] GC(19)     Ext Root Scanning (ms):        Min:  0.0, Avg:  0.0, Max:  0.0, Diff:  0.0, Sum:  0.0, Workers: 4
[1.183s][debug][gc,phases      ] GC(19)     Scan Heap Roots (ms):          Min:  6.8, Avg:  7.7, Max:  8.3, Diff:  1.4, Sum: 30.6, Workers: 4
[1.183s][debug][gc,phases      ] GC(19)       Scanned Cards:                 Min: 4924, Avg: 5383.3, Max: 5632, Diff: 708, Sum: 21533, Workers: 4
[1.183s][debug][gc,phases      ] GC(19)       Scanned Blocks:                Min: 20, Avg: 22.5, Max: 27, Diff: 7, Sum: 90, Workers: 4
[1.183s][debug][gc,phases      ] GC(19)       Claimed Chunks:                Min: 20, Avg: 22.3, Max: 26, Diff: 6, Sum: 89, Workers: 4
[1.183s][debug][gc,phases      ] GC(19)     Code Root Scan (ms):           Min:  0.0, Avg:  0.0, Max:  0.0, Diff:  0.0, Sum:  0.0, Workers: 4
[1.183s][debug][gc,phases      ] GC(19)     Object Copy (ms):              Min: 46.4, Avg: 47.0, Max: 47.8, Diff:  1.4, Sum: 188.0, Workers: 4
[1.183s][debug][gc,phases      ] GC(19)     Termination (ms):              Min:  0.0, Avg:  0.0, Max:  0.0, Diff:  0.0, Sum:  0.0, Workers: 4
[1.183s][debug][gc,phases      ] GC(19)       Termination Attempts:          Min: 1, Avg:  1.0, Max: 1, Diff: 0, Sum: 4, Workers: 4
[1.183s][debug][gc,phases      ] GC(19)     GC Worker Other (ms):          Min:  0.0, Avg:  0.0, Max:  0.0, Diff:  0.0, Sum:  0.1, Workers: 4
[1.183s][debug][gc,phases      ] GC(19)     GC Worker Total (ms):          Min: 54.7, Avg: 54.7, Max: 54.7, Diff:  0.0, Sum: 218.8, Workers: 4
[1.183s][info ][gc,phases      ] GC(19)   Post Evacuate Collection Set: 0.5ms
[1.183s][debug][gc,phases      ] GC(19)     Code Roots Fixup: 0.0ms
[1.183s][debug][gc,phases      ] GC(19)     Reference Processing: 0.2ms
[1.183s][debug][gc,phases,ref  ] GC(19)       Reconsider SoftReferences: 0.1ms
[1.183s][debug][gc,phases,ref  ] GC(19)         SoftRef (ms):                  skipped
[1.183s][debug][gc,phases,ref  ] GC(19)       Notify Soft/WeakReferences: 0.1ms
[1.183s][debug][gc,phases,ref  ] GC(19)         SoftRef (ms):                  skipped
[1.183s][debug][gc,phases,ref  ] GC(19)         WeakRef (ms):                  skipped
[1.183s][debug][gc,phases,ref  ] GC(19)         FinalRef (ms):                 skipped
[1.183s][debug][gc,phases,ref  ] GC(19)         Total (ms):                    skipped
[1.183s][debug][gc,phases,ref  ] GC(19)       Notify and keep alive finalizable: 0.0ms
[1.183s][debug][gc,phases,ref  ] GC(19)         FinalRef (ms):                 skipped
[1.183s][debug][gc,phases,ref  ] GC(19)       Notify PhantomReferences: 0.0ms
[1.183s][debug][gc,phases,ref  ] GC(19)         PhantomRef (ms):               skipped
[1.183s][debug][gc,phases,ref  ] GC(19)       SoftReference:
[1.183s][debug][gc,phases,ref  ] GC(19)         Discovered: 0
[1.183s][debug][gc,phases,ref  ] GC(19)         Cleared: 0
[1.183s][debug][gc,phases,ref  ] GC(19)       WeakReference:
[1.183s][debug][gc,phases,ref  ] GC(19)         Discovered: 0
[1.183s][debug][gc,phases,ref  ] GC(19)         Cleared: 0
[1.183s][debug][gc,phases,ref  ] GC(19)       FinalReference:
[1.183s][debug][gc,phases,ref  ] GC(19)         Discovered: 0
[1.183s][debug][gc,phases,ref  ] GC(19)         Cleared: 0
[1.183s][debug][gc,phases,ref  ] GC(19)       PhantomReference:
[1.183s][debug][gc,phases,ref  ] GC(19)         Discovered: 0
[1.183s][debug][gc,phases,ref  ] GC(19)         Cleared: 0
[1.183s][debug][gc,phases      ] GC(19)     Weak Processing: 0.0ms
[1.183s][debug][gc,phases      ] GC(19)       VM Weak                        Min:  0.0, Avg:  0.0, Max:  0.0, Diff:  0.0, Sum:  0.0, Workers: 3
[1.183s][debug][gc,phases      ] GC(19)         Dead                           Min: 0, Avg:  0.0, Max: 0, Diff: 0, Sum: 0, Workers: 3
[1.183s][debug][gc,phases      ] GC(19)         Total                          Min: 0, Avg:  2.7, Max: 8, Diff: 8, Sum: 8, Workers: 3
[1.183s][debug][gc,phases      ] GC(19)       ObjectSynchronizer Weak        Min:  0.0, Avg:  0.0, Max:  0.0, Diff:  0.0, Sum:  0.0, Workers: 3
[1.183s][debug][gc,phases      ] GC(19)         Dead                           Min: 0, Avg:  0.0, Max: 0, Diff: 0, Sum: 0, Workers: 3
[1.183s][debug][gc,phases      ] GC(19)         Total                          Min: 0, Avg:  1.0, Max: 3, Diff: 3, Sum: 3, Workers: 3
[1.183s][debug][gc,phases      ] GC(19)       JVMTI Tag Weak OopStorage      Min:  0.0, Avg:  0.0, Max:  0.0, Diff:  0.0, Sum:  0.0, Workers: 3
[1.183s][debug][gc,phases      ] GC(19)         Dead                           Min: 0, Avg:  0.0, Max: 0, Diff: 0, Sum: 0, Workers: 3
[1.183s][debug][gc,phases      ] GC(19)         Total                          Min: 0, Avg:  0.0, Max: 0, Diff: 0, Sum: 0, Workers: 3
[1.183s][debug][gc,phases      ] GC(19)       StringTable Weak               Min:  0.0, Avg:  0.0, Max:  0.0, Diff:  0.0, Sum:  0.0, Workers: 3
[1.183s][debug][gc,phases      ] GC(19)         Dead                           Min: 0, Avg:  0.0, Max: 0, Diff: 0, Sum: 0, Workers: 3
[1.183s][debug][gc,phases      ] GC(19)         Total                          Min: 729, Avg: 819.0, Max: 896, Diff: 167, Sum: 2457, Workers: 3
[1.183s][debug][gc,phases      ] GC(19)       ResolvedMethodTable Weak       Min:  0.0, Avg:  0.0, Max:  0.0, Diff:  0.0, Sum:  0.0, Workers: 3
[1.183s][debug][gc,phases      ] GC(19)         Dead                           Min: 0, Avg:  0.0, Max: 0, Diff: 0, Sum: 0, Workers: 3
[1.183s][debug][gc,phases      ] GC(19)         Total                          Min: 9, Avg: 45.7, Max: 64, Diff: 55, Sum: 137, Workers: 3
[1.183s][debug][gc,phases      ] GC(19)       JNI Weak                       Min:  0.0, Avg:  0.0, Max:  0.0, Diff:  0.0, Sum:  0.0, Workers: 3
[1.183s][debug][gc,phases      ] GC(19)         Dead                           Min: 0, Avg:  0.0, Max: 0, Diff: 0, Sum: 0, Workers: 3
[1.183s][debug][gc,phases      ] GC(19)         Total                          Min: 0, Avg:  0.0, Max: 0, Diff: 0, Sum: 0, Workers: 3
[1.184s][debug][gc,phases      ] GC(19)       StringDedup Table Weak         Min:  0.0, Avg:  0.0, Max:  0.0, Diff:  0.0, Sum:  0.0, Workers: 3
[1.184s][debug][gc,phases      ] GC(19)         Dead                           Min: 0, Avg:  0.0, Max: 0, Diff: 0, Sum: 0, Workers: 3
[1.184s][debug][gc,phases      ] GC(19)         Total                          Min: 0, Avg:  0.0, Max: 0, Diff: 0, Sum: 0, Workers: 3
[1.184s][debug][gc,phases      ] GC(19)       StringDedup Requests0 Weak     Min:  0.0, Avg:  0.0, Max:  0.0, Diff:  0.0, Sum:  0.0, Workers: 3
[1.184s][debug][gc,phases      ] GC(19)         Dead                           Min: 0, Avg:  0.0, Max: 0, Diff: 0, Sum: 0, Workers: 3
[1.184s][debug][gc,phases      ] GC(19)         Total                          Min: 0, Avg:  0.0, Max: 0, Diff: 0, Sum: 0, Workers: 3
[1.184s][debug][gc,phases      ] GC(19)       StringDedup Requests1 Weak     Min:  0.0, Avg:  0.0, Max:  0.0, Diff:  0.0, Sum:  0.0, Workers: 3
[1.184s][debug][gc,phases      ] GC(19)         Dead                           Min: 0, Avg:  0.0, Max: 0, Diff: 0, Sum: 0, Workers: 3
[1.184s][debug][gc,phases      ] GC(19)         Total                          Min: 0, Avg:  0.0, Max: 0, Diff: 0, Sum: 0, Workers: 3
[1.184s][debug][gc,phases      ] GC(19)       Weak JFR Old Object Samples    Min:  0.0, Avg:  0.0, Max:  0.0, Diff:  0.0, Sum:  0.0, Workers: 3
[1.184s][debug][gc,phases      ] GC(19)         Dead                           Min: 0, Avg:  0.0, Max: 0, Diff: 0, Sum: 0, Workers: 3
[1.184s][debug][gc,phases      ] GC(19)         Total                          Min: 0, Avg:  0.0, Max: 0, Diff: 0, Sum: 0, Workers: 3
[1.184s][debug][gc,phases      ] GC(19)     Post Evacuate Cleanup 1: 0.1ms
[1.184s][debug][gc,phases      ] GC(19)       Merge Per-Thread State (ms):   Min:  0.0, Avg:  0.0, Max:  0.0, Diff:  0.0, Sum:  0.0, Workers: 1
[1.184s][debug][gc,phases      ] GC(19)         Copied Bytes                   Min: 9996400, Avg: 11021868.0, Max: 11574704, Diff: 1578304, Sum: 44087472, Workers: 4
[1.184s][debug][gc,phases      ] GC(19)         LAB Waste                      Min: 3904, Avg: 4288.0, Max: 4496, Diff: 592, Sum: 17152, Workers: 4
[1.184s][debug][gc,phases      ] GC(19)         LAB Undo Waste                 Min: 0, Avg:  0.0, Max: 0, Diff: 0, Sum: 0, Workers: 4
[1.184s][debug][gc,phases      ] GC(19)       Clear Logged Cards (ms):       Min:  0.0, Avg:  0.0, Max:  0.0, Diff:  0.0, Sum:  0.0, Workers: 3
[1.184s][debug][gc,phases      ] GC(19)       Recalculate Used Memory (ms):  Min:  0.0, Avg:  0.0, Max:  0.0, Diff:  0.0, Sum:  0.0, Workers: 1
[1.184s][debug][gc,phases      ] GC(19)     Post Evacuate Cleanup 2: 0.1ms
[1.184s][debug][gc,phases      ] GC(19)       Reset Hot Card Cache (ms):     Min:  0.0, Avg:  0.0, Max:  0.0, Diff:  0.0, Sum:  0.0, Workers: 1
[1.184s][debug][gc,phases      ] GC(19)       Purge Code Roots (ms):         Min:  0.0, Avg:  0.0, Max:  0.0, Diff:  0.0, Sum:  0.0, Workers: 1
[1.184s][debug][gc,phases      ] GC(19)       Update Derived Pointers (ms):  Min:  0.0, Avg:  0.0, Max:  0.0, Diff:  0.0, Sum:  0.0, Workers: 1
[1.184s][debug][gc,phases      ] GC(19)       Eagerly Reclaim Humongous Objects (ms): Min:  0.0, Avg:  0.0, Max:  0.0, Diff:  0.0, Sum:  0.0, Workers: 1
[1.184s][debug][gc,phases      ] GC(19)         Humongous Total                Min: 1, Avg:  1.0, Max: 1, Diff: 0, Sum: 1, Workers: 1
[1.184s][debug][gc,phases      ] GC(19)         Humongous Candidates           Min: 0, Avg:  0.0, Max: 0, Diff: 0, Sum: 0, Workers: 1
[1.184s][debug][gc,phases      ] GC(19)         Humongous Reclaimed            Min: 0, Avg:  0.0, Max: 0, Diff: 0, Sum: 0, Workers: 1
[1.184s][debug][gc,phases      ] GC(19)       Redirty Logged Cards (ms):     Min:  0.0, Avg:  0.0, Max:  0.0, Diff:  0.0, Sum:  0.0, Workers: 4
[1.184s][debug][gc,phases      ] GC(19)         Redirtied Cards:               Min: 0, Avg: 768.8, Max: 1280, Diff: 1280, Sum: 3075, Workers: 4
[1.184s][debug][gc,phases      ] GC(19)       Free Collection Set (ms):      Min:  0.0, Avg:  0.0, Max:  0.0, Diff:  0.0, Sum:  0.0, Workers: 4
[1.184s][debug][gc,phases      ] GC(19)     Rebuild Free List: 0.1ms
[1.184s][debug][gc,phases      ] GC(19)     Start New Collection Set: 0.0ms
[1.184s][debug][gc,phases      ] GC(19)     Resize TLABs: 0.0ms
[1.184s][debug][gc,phases      ] GC(19)     Expand Heap After Collection: 0.0ms
[1.184s][info ][gc,phases      ] GC(19)   Other: 0.7ms
[1.184s][info ][gc,heap        ] GC(19) Eden regions: 48->0(34)
[1.184s][info ][gc,heap        ] GC(19) Survivor regions: 0->6(6)
[1.184s][info ][gc,heap        ] GC(19) Old regions: 39->76
[1.184s][info ][gc,heap        ] GC(19) Archive regions: 0->0
[1.184s][info ][gc,heap        ] GC(19) Humongous regions: 36->36
[1.184s][info ][gc,metaspace   ] GC(19) Metaspace: 470K(640K)->470K(640K) NonClass: 437K(512K)->437K(512K) Class: 33K(128K)->33K(128K)
[1.184s][debug][gc,heap        ] GC(19) Heap after GC invocations=18 (full 1):
[1.184s][debug][gc,heap        ] GC(19)  garbage-first heap   total 262144K, used 118824K [0x00000000f0000000, 0x0000000100000000)
[1.184s][debug][gc,heap        ] GC(19)   region size 1024K, 6 young (6144K), 6 survivors (6144K)
[1.184s][debug][gc,heap        ] GC(19)  Metaspace       used 470K, committed 640K, reserved 1056768K
[1.184s][debug][gc,heap        ] GC(19)   class space    used 33K, committed 128K, reserved 1048576K
[1.184s][info ][gc             ] GC(19) Pause Young (Normal) (G1 Evacuation Pause) 121M->116M(256M) 58.144ms
[1.184s][info ][gc,cpu         ] GC(19) User=0.22s Sys=0.00s Real=0.06s
[1.184s][debug][gc,refine      ] Deactivated worker 0, off threshold: 3524, current: 3075, refined cards: 56
[1.187s][debug][gc,refine      ] Activated worker 0, on threshold: 4036, current: 4099
[1.188s][debug][gc,refine      ] Deactivated worker 0, off threshold: 3524, current: 3291, refined cards: 808
[1.189s][debug][gc,refine      ] Activated worker 0, on threshold: 4036, current: 4059
[1.190s][debug][gc,refine      ] Deactivated worker 0, off threshold: 3524, current: 3362, refined cards: 697
[1.191s][debug][gc,refine      ] Activated worker 0, on threshold: 4036, current: 4130
[1.192s][debug][gc,refine      ] Deactivated worker 0, off threshold: 3524, current: 3315, refined cards: 815
[1.193s][debug][gc,refine      ] Activated worker 0, on threshold: 4036, current: 4083
[1.194s][debug][gc,refine      ] Deactivated worker 0, off threshold: 3524, current: 3328, refined cards: 755
[1.196s][debug][gc,refine      ] Activated worker 0, on threshold: 4036, current: 4096
[1.197s][debug][gc,refine      ] Deactivated worker 0, off threshold: 3524, current: 3328, refined cards: 768
[1.200s][debug][gc,refine      ] Activated worker 0, on threshold: 4036, current: 4096
[1.200s][debug][gc,refine      ] Deactivated worker 0, off threshold: 3524, current: 3328, refined cards: 768
[1.202s][debug][gc,refine      ] Activated worker 0, on threshold: 4036, current: 4096
[1.203s][debug][gc,refine      ] Deactivated worker 0, off threshold: 3524, current: 3328, refined cards: 768
[1.204s][debug][gc,refine      ] Activated worker 0, on threshold: 4036, current: 4096
[1.205s][debug][gc,refine      ] Deactivated worker 0, off threshold: 3524, current: 3328, refined cards: 768
[1.206s][debug][gc,refine      ] Activated worker 0, on threshold: 4036, current: 4096
[1.207s][debug][gc,refine      ] Deactivated worker 0, off threshold: 3524, current: 3328, refined cards: 768
[1.208s][debug][gc,refine      ] Activated worker 0, on threshold: 4036, current: 4096
[1.209s][debug][gc,refine      ] Deactivated worker 0, off threshold: 3524, current: 3328, refined cards: 768
[1.210s][debug][gc,refine      ] Activated worker 0, on threshold: 4036, current: 4096
[1.211s][debug][gc,refine      ] Deactivated worker 0, off threshold: 3524, current: 3328, refined cards: 768
[1.212s][debug][gc,refine      ] Activated worker 0, on threshold: 4036, current: 4096
[1.213s][debug][gc,refine      ] Deactivated worker 0, off threshold: 3524, current: 3328, refined cards: 768
[1.214s][debug][gc,refine      ] Activated worker 0, on threshold: 4036, current: 4096
[1.215s][debug][gc,refine      ] Deactivated worker 0, off threshold: 3524, current: 3328, refined cards: 768
[1.216s][debug][gc,refine      ] Activated worker 0, on threshold: 4036, current: 4096
[1.217s][debug][gc,refine      ] Deactivated worker 0, off threshold: 3524, current: 3328, refined cards: 768
[1.226s][debug][gc,refine      ] Activated worker 0, on threshold: 4036, current: 4096
[1.226s][debug][gc,refine      ] Deactivated worker 0, off threshold: 3524, current: 3328, refined cards: 768
[1.228s][debug][gc,refine      ] Activated worker 0, on threshold: 4036, current: 4096
[1.229s][debug][gc,refine      ] Deactivated worker 0, off threshold: 3524, current: 3328, refined cards: 768
[1.230s][debug][gc,refine      ] Activated worker 0, on threshold: 4036, current: 4096
[1.231s][debug][gc,refine      ] Deactivated worker 0, off threshold: 3524, current: 3328, refined cards: 768
[1.232s][debug][gc,refine      ] Activated worker 0, on threshold: 4036, current: 4096
[1.233s][debug][gc,refine      ] Deactivated worker 0, off threshold: 3524, current: 3328, refined cards: 768
[1.234s][debug][gc,refine      ] Activated worker 0, on threshold: 4036, current: 4096
[1.235s][debug][gc,refine      ] Deactivated worker 0, off threshold: 3524, current: 3328, refined cards: 768
[1.236s][debug][gc,refine      ] Activated worker 0, on threshold: 4036, current: 4096
[1.237s][debug][gc,refine      ] Deactivated worker 0, off threshold: 3524, current: 3328, refined cards: 768
[1.238s][debug][gc,refine      ] Activated worker 0, on threshold: 4036, current: 4096
[1.239s][debug][gc,refine      ] Deactivated worker 0, off threshold: 3524, current: 3328, refined cards: 768
[1.240s][debug][gc,refine      ] Activated worker 0, on threshold: 4036, current: 4096
[1.241s][debug][gc,refine      ] Deactivated worker 0, off threshold: 3524, current: 3328, refined cards: 768
[1.241s][debug][gc,heap        ] GC(20) Heap before GC invocations=18 (full 1):
[1.241s][debug][gc,heap        ] GC(20)  garbage-first heap   total 262144K, used 153640K [0x00000000f0000000, 0x0000000100000000)
[1.241s][debug][gc,heap        ] GC(20)   region size 1024K, 40 young (40960K), 6 survivors (6144K)
[1.241s][debug][gc,heap        ] GC(20)  Metaspace       used 470K, committed 640K, reserved 1056768K
[1.241s][debug][gc,heap        ] GC(20)   class space    used 33K, committed 128K, reserved 1048576K
[1.241s][info ][gc,start       ] GC(20) Pause Young (Normal) (G1 Evacuation Pause)
[1.241s][info ][gc,task        ] GC(20) Using 4 workers of 4 for evacuation
[1.241s][debug][gc,tlab        ] GC(20) TLAB totals: thrds: 1  refills: 102 max: 102 slow allocs: 0 max 0 waste:  0.2% gc: 0B max: 0B slow: 58752B max: 58752B
[1.241s][debug][gc,age         ] GC(20) Desired survivor size 2621440 bytes, new threshold 1 (max threshold 15)
[1.241s][debug][gc,refine,stats] GC(20) Mutator refinement: 0.00ms, refined: 0, precleaned: 0, dirtied: 17381
[1.241s][debug][gc,refine,stats] GC(20) Concurrent refinement: 12.04ms, refined: 16899, precleaned: 0, dirtied: 0
[1.241s][debug][gc,refine,stats] GC(20) Total refinement: 12.04ms, refined: 16899, precleaned: 0, dirtied: 17381
[1.241s][debug][gc,refine,stats] GC(20) Concurrent refinement rate: 1403.57 cards/ms
[1.241s][debug][gc,refine,stats] GC(20) Generate dirty cards rate: 294.09 cards/ms
[1.241s][debug][gc,alloc,region] GC(20) Mutator Allocation stats, regions: 34, wasted size: 0B ( 0.0%)
[1.241s][debug][gc,humongous   ] GC(20) Humongous region 173 (object size 36920416 @ 0x00000000fad00000) remset 0 code roots 0 marked 0 reclaim candidate 0 type array 0
[1.241s][debug][gc,ergo        ] GC(20) Running G1 Merge Heap Roots using 4 workers for 40 regions
[1.242s][debug][gc,remset      ] GC(20) Visited cards 17920 Total dirty 24576 (72.92%) Total old 393216 (4.56%)
[1.260s][debug][gc,ref         ] GC(20) Skipped phase 1 of Reference Processing: no references
[1.260s][debug][gc,ref         ] GC(20) Skipped phase 2 of Reference Processing: no references
[1.260s][debug][gc,ref         ] GC(20) Skipped phase 3 of Reference Processing: no references
[1.260s][debug][gc,ref         ] GC(20) Skipped phase 4 of Reference Processing: no references
[1.260s][debug][gc,ergo        ] GC(20) Running G1 Rebuild Free List Task using 4 workers for rebuilding free list of regions
[1.260s][debug][gc,plab        ] GC(20) Young PLAB allocation: allocated: 5242880B, wasted: 400B, unused: 0B, used: 5242480B, undo waste: 0B, 
[1.260s][debug][gc,plab        ] GC(20) Young other allocation: region end waste: 0B, regions filled: 5, direct allocated: 0B, failure used: 0B, failure wasted: 0B
[1.260s][debug][gc,plab        ] GC(20) Young sizing: calculated: 1048496B, actual: 1037728B
[1.260s][debug][gc,plab        ] GC(20) Old PLAB allocation: allocated: 8309248B, wasted: 192B, unused: 796576B, used: 7512480B, undo waste: 0B, 
[1.260s][debug][gc,plab        ] GC(20) Old other allocation: region end waste: 0B, regions filled: 8, direct allocated: 0B, failure used: 0B, failure wasted: 0B
[1.260s][debug][gc,plab        ] GC(20) Old sizing: calculated: 1502496B, actual: 2554192B
[1.260s][debug][gc,ergo,heap   ] GC(20) Heap expansion: short term pause time ratio 26.04% long term pause time ratio 31.89% threshold 7.69% pause time ratio 7.69% fully expanded true resize by 0B
[1.260s][debug][gc,ergo,ihop   ] GC(20) Request concurrent cycle initiation (occupancy higher than threshold) occupancy: 124780544B allocation request: 0B threshold: 120795955B (45.00) source: end of GC
[1.260s][debug][gc,mmu         ] GC(20) MMU: 74.9ms (200.0ms/201.0ms)
[1.260s][debug][gc,alloc,stats ] Old generation allocation in the last mutator period, old gen allocated: 8309248B, humongous allocated: 0B,old gen growth: 8309248B.
[1.260s][debug][gc,ihop        ] GC(20) Basic information (value update), threshold: 120795955B (45.00), target occupancy: 268435456B, current occupancy: 128937200B, recent allocation size: 8309248B, recent allocation duration: 59.10ms, recent old gen allocation rate: 140594509.72B/s, recent marking phase length: 0.00ms
[1.260s][debug][gc,ihop        ] GC(20) Adaptive IHOP information (value update), threshold: 120795955B (52.94), internal target occupancy: 228170137B, occupancy: 128937200B, additional buffer size: 41943040B, predicted old gen allocation rate: 494769443.11B/s, predicted marking phase length: 0.00ms, prediction active: false
[1.260s][debug][gc,ergo,refine ] GC(20) Concurrent refinement times: Logged Cards Scan time goal: 20.00ms Logged Cards Scan time: 0.77ms HCC time: 0.00ms
[1.260s][debug][gc,ergo,refine ] GC(20) Updated Refinement Zones: green: 3876, yellow: 11628, red: 19380
[1.260s][info ][gc,phases      ] GC(20)   Pre Evacuate Collection Set: 0.1ms
[1.260s][debug][gc,phases      ] GC(20)     Prepare TLABs: 0.0ms
[1.261s][debug][gc,phases      ] GC(20)     Concatenate Dirty Card Logs: 0.0ms
[1.261s][debug][gc,phases      ] GC(20)     Choose Collection Set: 0.0ms
[1.261s][debug][gc,phases      ] GC(20)     Region Register: 0.1ms
[1.261s][debug][gc,phases      ] GC(20)     Prepare Heap Roots: 0.0ms
[1.261s][info ][gc,phases      ] GC(20)   Merge Heap Roots: 0.1ms
[1.261s][debug][gc,phases      ] GC(20)     Prepare Merge Heap Roots: 0.0ms
[1.261s][debug][gc,phases      ] GC(20)     Eager Reclaim (ms):            skipped
[1.261s][debug][gc,phases      ] GC(20)     Remembered Sets (ms):          Min:  0.0, Avg:  0.0, Max:  0.0, Diff:  0.0, Sum:  0.1, Workers: 4
[1.261s][debug][gc,phases      ] GC(20)       Merged Sparse:                 Min: 0, Avg:  0.0, Max: 0, Diff: 0, Sum: 0, Workers: 4
[1.261s][debug][gc,phases      ] GC(20)       Merged Fine:                   Min: 8, Avg: 13.0, Max: 24, Diff: 16, Sum: 52, Workers: 4
[1.261s][debug][gc,phases      ] GC(20)       Merged Coarse:                 Min: 0, Avg:  0.0, Max: 0, Diff: 0, Sum: 0, Workers: 4
[1.261s][debug][gc,phases      ] GC(20)       Dirty Cards:                   Min: 3060, Avg: 3349.5, Max: 3688, Diff: 628, Sum: 13398, Workers: 4
[1.261s][debug][gc,phases      ] GC(20)     Hot Card Cache (ms):           Min:  0.0, Avg:  0.0, Max:  0.0, Diff:  0.0, Sum:  0.0, Workers: 4
[1.261s][debug][gc,phases      ] GC(20)       Dirty Cards:                   Min: 0, Avg:  0.0, Max: 0, Diff: 0, Sum: 0, Workers: 4
[1.261s][debug][gc,phases      ] GC(20)       Skipped Cards:                 Min: 0, Avg:  0.0, Max: 0, Diff: 0, Sum: 0, Workers: 4
[1.261s][debug][gc,phases      ] GC(20)     Log Buffers (ms):              Min:  0.0, Avg:  0.0, Max:  0.0, Diff:  0.0, Sum:  0.1, Workers: 4
[1.261s][debug][gc,phases      ] GC(20)       Dirty Cards:                   Min: 504, Avg: 881.3, Max: 1016, Diff: 512, Sum: 3525, Workers: 4
[1.261s][debug][gc,phases      ] GC(20)       Skipped Cards:                 Min: 0, Avg:  0.0, Max: 0, Diff: 0, Sum: 0, Workers: 4
[1.261s][info ][gc,phases      ] GC(20)   Evacuate Collection Set: 18.1ms
[1.261s][debug][gc,phases      ] GC(20)     Ext Root Scanning (ms):        Min:  0.0, Avg:  0.0, Max:  0.0, Diff:  0.0, Sum:  0.0, Workers: 4
[1.261s][debug][gc,phases      ] GC(20)     Scan Heap Roots (ms):          Min:  2.4, Avg:  3.6, Max:  4.3, Diff:  1.9, Sum: 14.4, Workers: 4
[1.261s][debug][gc,phases      ] GC(20)       Scanned Cards:                 Min: 1839, Avg: 4246.0, Max: 5268, Diff: 3429, Sum: 16984, Workers: 4
[1.261s][debug][gc,phases      ] GC(20)       Scanned Blocks:                Min: 8, Avg: 17.5, Max: 22, Diff: 14, Sum: 70, Workers: 4
[1.261s][debug][gc,phases      ] GC(20)       Claimed Chunks:                Min: 8, Avg: 17.5, Max: 22, Diff: 14, Sum: 70, Workers: 4
[1.261s][debug][gc,phases      ] GC(20)     Code Root Scan (ms):           Min:  0.0, Avg:  0.0, Max:  0.0, Diff:  0.0, Sum:  0.0, Workers: 4
[1.261s][debug][gc,phases      ] GC(20)     Object Copy (ms):              Min: 13.8, Avg: 14.5, Max: 15.6, Diff:  1.9, Sum: 57.8, Workers: 4
[1.261s][debug][gc,phases      ] GC(20)     Termination (ms):              Min:  0.0, Avg:  0.0, Max:  0.0, Diff:  0.0, Sum:  0.0, Workers: 4
[1.261s][debug][gc,phases      ] GC(20)       Termination Attempts:          Min: 1, Avg: 15.0, Max: 27, Diff: 26, Sum: 60, Workers: 4
[1.261s][debug][gc,phases      ] GC(20)     GC Worker Other (ms):          Min:  0.0, Avg:  0.0, Max:  0.0, Diff:  0.0, Sum:  0.0, Workers: 4
[1.261s][debug][gc,phases      ] GC(20)     GC Worker Total (ms):          Min: 18.1, Avg: 18.1, Max: 18.1, Diff:  0.0, Sum: 72.3, Workers: 4
[1.261s][info ][gc,phases      ] GC(20)   Post Evacuate Collection Set: 0.4ms
[1.261s][debug][gc,phases      ] GC(20)     Code Roots Fixup: 0.0ms
[1.261s][debug][gc,phases      ] GC(20)     Reference Processing: 0.2ms
[1.261s][debug][gc,phases,ref  ] GC(20)       Reconsider SoftReferences: 0.1ms
[1.261s][debug][gc,phases,ref  ] GC(20)         SoftRef (ms):                  skipped
[1.261s][debug][gc,phases,ref  ] GC(20)       Notify Soft/WeakReferences: 0.0ms
[1.261s][debug][gc,phases,ref  ] GC(20)         SoftRef (ms):                  skipped
[1.261s][debug][gc,phases,ref  ] GC(20)         WeakRef (ms):                  skipped
[1.261s][debug][gc,phases,ref  ] GC(20)         FinalRef (ms):                 skipped
[1.261s][debug][gc,phases,ref  ] GC(20)         Total (ms):                    skipped
[1.261s][debug][gc,phases,ref  ] GC(20)       Notify and keep alive finalizable: 0.0ms
[1.261s][debug][gc,phases,ref  ] GC(20)         FinalRef (ms):                 skipped
[1.261s][debug][gc,phases,ref  ] GC(20)       Notify PhantomReferences: 0.0ms
[1.261s][debug][gc,phases,ref  ] GC(20)         PhantomRef (ms):               skipped
[1.261s][debug][gc,phases,ref  ] GC(20)       SoftReference:
[1.261s][debug][gc,phases,ref  ] GC(20)         Discovered: 0
[1.261s][debug][gc,phases,ref  ] GC(20)         Cleared: 0
[1.261s][debug][gc,phases,ref  ] GC(20)       WeakReference:
[1.261s][debug][gc,phases,ref  ] GC(20)         Discovered: 0
[1.261s][debug][gc,phases,ref  ] GC(20)         Cleared: 0
[1.261s][debug][gc,phases,ref  ] GC(20)       FinalReference:
[1.261s][debug][gc,phases,ref  ] GC(20)         Discovered: 0
[1.261s][debug][gc,phases,ref  ] GC(20)         Cleared: 0
[1.261s][debug][gc,phases,ref  ] GC(20)       PhantomReference:
[1.261s][debug][gc,phases,ref  ] GC(20)         Discovered: 0
[1.261s][debug][gc,phases,ref  ] GC(20)         Cleared: 0
[1.261s][debug][gc,phases      ] GC(20)     Weak Processing: 0.0ms
[1.261s][debug][gc,phases      ] GC(20)       VM Weak                        Min:  0.0, Avg:  0.0, Max:  0.0, Diff:  0.0, Sum:  0.0, Workers: 3
[1.261s][debug][gc,phases      ] GC(20)         Dead                           Min: 0, Avg:  0.0, Max: 0, Diff: 0, Sum: 0, Workers: 3
[1.261s][debug][gc,phases      ] GC(20)         Total                          Min: 0, Avg:  2.7, Max: 8, Diff: 8, Sum: 8, Workers: 3
[1.261s][debug][gc,phases      ] GC(20)       ObjectSynchronizer Weak        Min:  0.0, Avg:  0.0, Max:  0.0, Diff:  0.0, Sum:  0.0, Workers: 3
[1.261s][debug][gc,phases      ] GC(20)         Dead                           Min: 0, Avg:  0.0, Max: 0, Diff: 0, Sum: 0, Workers: 3
[1.261s][debug][gc,phases      ] GC(20)         Total                          Min: 0, Avg:  1.0, Max: 3, Diff: 3, Sum: 3, Workers: 3
[1.262s][debug][gc,phases      ] GC(20)       JVMTI Tag Weak OopStorage      Min:  0.0, Avg:  0.0, Max:  0.0, Diff:  0.0, Sum:  0.0, Workers: 3
[1.262s][debug][gc,phases      ] GC(20)         Dead                           Min: 0, Avg:  0.0, Max: 0, Diff: 0, Sum: 0, Workers: 3
[1.262s][debug][gc,phases      ] GC(20)         Total                          Min: 0, Avg:  0.0, Max: 0, Diff: 0, Sum: 0, Workers: 3
[1.262s][debug][gc,phases      ] GC(20)       StringTable Weak               Min:  0.0, Avg:  0.0, Max:  0.0, Diff:  0.0, Sum:  0.0, Workers: 3
[1.262s][debug][gc,phases      ] GC(20)         Dead                           Min: 0, Avg:  0.0, Max: 0, Diff: 0, Sum: 0, Workers: 3
[1.262s][debug][gc,phases      ] GC(20)         Total                          Min: 448, Avg: 819.0, Max: 1280, Diff: 832, Sum: 2457, Workers: 3
[1.262s][debug][gc,phases      ] GC(20)       ResolvedMethodTable Weak       Min:  0.0, Avg:  0.0, Max:  0.0, Diff:  0.0, Sum:  0.0, Workers: 3
[1.262s][debug][gc,phases      ] GC(20)         Dead                           Min: 0, Avg:  0.0, Max: 0, Diff: 0, Sum: 0, Workers: 3
[1.262s][debug][gc,phases      ] GC(20)         Total                          Min: 9, Avg: 45.7, Max: 64, Diff: 55, Sum: 137, Workers: 3
[1.262s][debug][gc,phases      ] GC(20)       JNI Weak                       Min:  0.0, Avg:  0.0, Max:  0.0, Diff:  0.0, Sum:  0.0, Workers: 3
[1.262s][debug][gc,phases      ] GC(20)         Dead                           Min: 0, Avg:  0.0, Max: 0, Diff: 0, Sum: 0, Workers: 3
[1.262s][debug][gc,phases      ] GC(20)         Total                          Min: 0, Avg:  0.0, Max: 0, Diff: 0, Sum: 0, Workers: 3
[1.262s][debug][gc,phases      ] GC(20)       StringDedup Table Weak         Min:  0.0, Avg:  0.0, Max:  0.0, Diff:  0.0, Sum:  0.0, Workers: 3
[1.262s][debug][gc,phases      ] GC(20)         Dead                           Min: 0, Avg:  0.0, Max: 0, Diff: 0, Sum: 0, Workers: 3
[1.262s][debug][gc,phases      ] GC(20)         Total                          Min: 0, Avg:  0.0, Max: 0, Diff: 0, Sum: 0, Workers: 3
[1.262s][debug][gc,phases      ] GC(20)       StringDedup Requests0 Weak     Min:  0.0, Avg:  0.0, Max:  0.0, Diff:  0.0, Sum:  0.0, Workers: 3
[1.262s][debug][gc,phases      ] GC(20)         Dead                           Min: 0, Avg:  0.0, Max: 0, Diff: 0, Sum: 0, Workers: 3
[1.262s][debug][gc,phases      ] GC(20)         Total                          Min: 0, Avg:  0.0, Max: 0, Diff: 0, Sum: 0, Workers: 3
[1.262s][debug][gc,phases      ] GC(20)       StringDedup Requests1 Weak     Min:  0.0, Avg:  0.0, Max:  0.0, Diff:  0.0, Sum:  0.0, Workers: 3
[1.262s][debug][gc,phases      ] GC(20)         Dead                           Min: 0, Avg:  0.0, Max: 0, Diff: 0, Sum: 0, Workers: 3
[1.262s][debug][gc,phases      ] GC(20)         Total                          Min: 0, Avg:  0.0, Max: 0, Diff: 0, Sum: 0, Workers: 3
[1.262s][debug][gc,phases      ] GC(20)       Weak JFR Old Object Samples    Min:  0.0, Avg:  0.0, Max:  0.0, Diff:  0.0, Sum:  0.0, Workers: 3
[1.262s][debug][gc,phases      ] GC(20)         Dead                           Min: 0, Avg:  0.0, Max: 0, Diff: 0, Sum: 0, Workers: 3
[1.262s][debug][gc,phases      ] GC(20)         Total                          Min: 0, Avg:  0.0, Max: 0, Diff: 0, Sum: 0, Workers: 3
[1.262s][debug][gc,phases      ] GC(20)     Post Evacuate Cleanup 1: 0.0ms
[1.262s][debug][gc,phases      ] GC(20)       Merge Per-Thread State (ms):   Min:  0.0, Avg:  0.0, Max:  0.0, Diff:  0.0, Sum:  0.0, Workers: 1
[1.262s][debug][gc,phases      ] GC(20)         Copied Bytes                   Min: 2682176, Avg: 3188740.0, Max: 3741536, Diff: 1059360, Sum: 12754960, Workers: 4
[1.262s][debug][gc,phases      ] GC(20)         LAB Waste                      Min: 128, Avg: 148.0, Max: 192, Diff: 64, Sum: 592, Workers: 4
[1.262s][debug][gc,phases      ] GC(20)         LAB Undo Waste                 Min: 0, Avg:  0.0, Max: 0, Diff: 0, Sum: 0, Workers: 4
[1.262s][debug][gc,phases      ] GC(20)       Clear Logged Cards (ms):       Min:  0.0, Avg:  0.0, Max:  0.0, Diff:  0.0, Sum:  0.0, Workers: 3
[1.262s][debug][gc,phases      ] GC(20)       Recalculate Used Memory (ms):  Min:  0.0, Avg:  0.0, Max:  0.0, Diff:  0.0, Sum:  0.0, Workers: 1
[1.262s][debug][gc,phases      ] GC(20)     Post Evacuate Cleanup 2: 0.1ms
[1.262s][debug][gc,phases      ] GC(20)       Reset Hot Card Cache (ms):     Min:  0.0, Avg:  0.0, Max:  0.0, Diff:  0.0, Sum:  0.0, Workers: 1
[1.262s][debug][gc,phases      ] GC(20)       Purge Code Roots (ms):         Min:  0.0, Avg:  0.0, Max:  0.0, Diff:  0.0, Sum:  0.0, Workers: 1
[1.262s][debug][gc,phases      ] GC(20)       Update Derived Pointers (ms):  Min:  0.0, Avg:  0.0, Max:  0.0, Diff:  0.0, Sum:  0.0, Workers: 1
[1.262s][debug][gc,phases      ] GC(20)       Eagerly Reclaim Humongous Objects (ms): Min:  0.0, Avg:  0.0, Max:  0.0, Diff:  0.0, Sum:  0.0, Workers: 1
[1.262s][debug][gc,phases      ] GC(20)         Humongous Total                Min: 1, Avg:  1.0, Max: 1, Diff: 0, Sum: 1, Workers: 1
[1.262s][debug][gc,phases      ] GC(20)         Humongous Candidates           Min: 0, Avg:  0.0, Max: 0, Diff: 0, Sum: 0, Workers: 1
[1.262s][debug][gc,phases      ] GC(20)         Humongous Reclaimed            Min: 0, Avg:  0.0, Max: 0, Diff: 0, Sum: 0, Workers: 1
[1.262s][debug][gc,phases      ] GC(20)       Redirty Logged Cards (ms):     Min:  0.0, Avg:  0.0, Max:  0.0, Diff:  0.0, Sum:  0.0, Workers: 4
[1.262s][debug][gc,phases      ] GC(20)         Redirtied Cards:               Min: 256, Avg: 641.0, Max: 1283, Diff: 1027, Sum: 2564, Workers: 4
[1.262s][debug][gc,phases      ] GC(20)       Free Collection Set (ms):      Min:  0.0, Avg:  0.0, Max:  0.0, Diff:  0.0, Sum:  0.0, Workers: 4
[1.262s][debug][gc,phases      ] GC(20)     Rebuild Free List: 0.1ms
[1.262s][debug][gc,phases      ] GC(20)     Start New Collection Set: 0.0ms
[1.262s][debug][gc,phases      ] GC(20)     Resize TLABs: 0.0ms
[1.262s][debug][gc,phases      ] GC(20)     Expand Heap After Collection: 0.0ms
[1.262s][info ][gc,phases      ] GC(20)   Other: 0.7ms
[1.262s][info ][gc,heap        ] GC(20) Eden regions: 34->0(35)
[1.262s][info ][gc,heap        ] GC(20) Survivor regions: 6->5(5)
[1.262s][info ][gc,heap        ] GC(20) Old regions: 76->83
[1.262s][info ][gc,heap        ] GC(20) Archive regions: 0->0
[1.262s][info ][gc,heap        ] GC(20) Humongous regions: 36->36
[1.262s][info ][gc,metaspace   ] GC(20) Metaspace: 470K(640K)->470K(640K) NonClass: 437K(512K)->437K(512K) Class: 33K(128K)->33K(128K)
[1.262s][debug][gc,heap        ] GC(20) Heap after GC invocations=19 (full 1):
[1.262s][debug][gc,heap        ] GC(20)  garbage-first heap   total 262144K, used 125915K [0x00000000f0000000, 0x0000000100000000)
[1.262s][debug][gc,heap        ] GC(20)   region size 1024K, 5 young (5120K), 5 survivors (5120K)
[1.262s][debug][gc,heap        ] GC(20)  Metaspace       used 470K, committed 640K, reserved 1056768K
[1.262s][debug][gc,heap        ] GC(20)   class space    used 33K, committed 128K, reserved 1048576K
[1.262s][info ][gc             ] GC(20) Pause Young (Normal) (G1 Evacuation Pause) 150M->122M(256M) 21.302ms
[1.262s][info ][gc,cpu         ] GC(20) User=0.09s Sys=0.00s Real=0.02s
[1.268s][debug][gc,refine      ] Activated worker 0, on threshold: 4388, current: 4612
[1.269s][debug][gc,task,start  ] G1 Service Thread (Remembered Set Sampling Task) (run)
[1.269s][debug][gc,task        ] G1 Service Thread (Remembered Set Sampling Task) (run) 0.045ms (cpu: 0.000ms)
[1.269s][debug][gc,refine      ] Deactivated worker 0, off threshold: 3876, current: 3852, refined cards: 760
[1.270s][debug][gc,refine      ] Activated worker 0, on threshold: 4388, current: 4620
[1.271s][debug][gc,refine      ] Deactivated worker 0, off threshold: 3876, current: 3851, refined cards: 769
[1.272s][debug][gc,refine      ] Activated worker 0, on threshold: 4388, current: 4619
[1.273s][debug][gc,refine      ] Deactivated worker 0, off threshold: 3876, current: 3840, refined cards: 779
[1.274s][debug][gc,refine      ] Activated worker 0, on threshold: 4388, current: 4608
[1.275s][debug][gc,refine      ] Deactivated worker 0, off threshold: 3876, current: 3840, refined cards: 768
[1.276s][debug][gc,refine      ] Activated worker 0, on threshold: 4388, current: 4608
[1.277s][debug][gc,refine      ] Deactivated worker 0, off threshold: 3876, current: 3840, refined cards: 768
[1.278s][debug][gc,refine      ] Activated worker 0, on threshold: 4388, current: 4608
[1.279s][debug][gc,refine      ] Deactivated worker 0, off threshold: 3876, current: 3840, refined cards: 768
[1.280s][debug][gc,refine      ] Activated worker 0, on threshold: 4388, current: 4608
[1.281s][debug][gc,refine      ] Deactivated worker 0, off threshold: 3876, current: 3840, refined cards: 768
[1.282s][debug][gc,refine      ] Activated worker 0, on threshold: 4388, current: 4608
[1.283s][debug][gc,refine      ] Deactivated worker 0, off threshold: 3876, current: 3840, refined cards: 768
[1.284s][debug][gc,refine      ] Activated worker 0, on threshold: 4388, current: 4608
[1.285s][debug][gc,refine      ] Deactivated worker 0, off threshold: 3876, current: 3840, refined cards: 768
[1.286s][debug][gc,refine      ] Activated worker 0, on threshold: 4388, current: 4608
[1.287s][debug][gc,refine      ] Deactivated worker 0, off threshold: 3876, current: 3840, refined cards: 768
[1.289s][debug][gc,refine      ] Activated worker 0, on threshold: 4388, current: 4608
[1.289s][debug][gc,refine      ] Deactivated worker 0, off threshold: 3876, current: 3840, refined cards: 768
[1.291s][debug][gc,refine      ] Activated worker 0, on threshold: 4388, current: 4608
[1.291s][debug][gc,refine      ] Deactivated worker 0, off threshold: 3876, current: 3840, refined cards: 768
[1.293s][debug][gc,refine      ] Activated worker 0, on threshold: 4388, current: 4608
[1.293s][debug][gc,refine      ] Deactivated worker 0, off threshold: 3876, current: 3840, refined cards: 768
[1.295s][debug][gc,refine      ] Activated worker 0, on threshold: 4388, current: 4608
[1.295s][debug][gc,refine      ] Deactivated worker 0, off threshold: 3876, current: 3840, refined cards: 768
[1.297s][debug][gc,refine      ] Activated worker 0, on threshold: 4388, current: 4608
[1.297s][debug][gc,refine      ] Deactivated worker 0, off threshold: 3876, current: 3840, refined cards: 768
[1.299s][debug][gc,refine      ] Activated worker 0, on threshold: 4388, current: 4608
[1.300s][debug][gc,refine      ] Deactivated worker 0, off threshold: 3876, current: 3840, refined cards: 768
[1.301s][debug][gc,refine      ] Activated worker 0, on threshold: 4388, current: 4608
[1.301s][debug][gc,refine      ] Deactivated worker 0, off threshold: 3876, current: 3840, refined cards: 768
[1.303s][debug][gc,refine      ] Activated worker 0, on threshold: 4388, current: 4608
[1.303s][debug][gc,refine      ] Deactivated worker 0, off threshold: 3876, current: 3840, refined cards: 768
[1.305s][debug][gc,refine      ] Activated worker 0, on threshold: 4388, current: 4608
[1.305s][debug][gc,refine      ] Deactivated worker 0, off threshold: 3876, current: 3840, refined cards: 768
[1.307s][debug][gc,refine      ] Activated worker 0, on threshold: 4388, current: 4608
[1.307s][debug][gc,refine      ] Deactivated worker 0, off threshold: 3876, current: 3840, refined cards: 768
[1.309s][debug][gc,refine      ] Activated worker 0, on threshold: 4388, current: 4608
[1.310s][debug][gc,refine      ] Deactivated worker 0, off threshold: 3876, current: 3840, refined cards: 768
[1.311s][debug][gc,heap        ] GC(21) Heap before GC invocations=19 (full 1):
[1.311s][debug][gc,heap        ] GC(21)  garbage-first heap   total 262144K, used 161755K [0x00000000f0000000, 0x0000000100000000)
[1.311s][debug][gc,heap        ] GC(21)   region size 1024K, 40 young (40960K), 5 survivors (5120K)
[1.311s][debug][gc,heap        ] GC(21)  Metaspace       used 470K, committed 640K, reserved 1056768K
[1.311s][debug][gc,heap        ] GC(21)   class space    used 33K, committed 128K, reserved 1048576K
[1.311s][debug][gc,ergo        ] GC(21) Initiate concurrent cycle (concurrent cycle initiation requested)
[1.311s][info ][gc,start       ] GC(21) Pause Young (Concurrent Start) (G1 Evacuation Pause)
[1.311s][info ][gc,task        ] GC(21) Using 4 workers of 4 for evacuation
[1.311s][debug][gc,tlab        ] GC(21) TLAB totals: thrds: 1  refills: 105 max: 105 slow allocs: 0 max 0 waste:  0.2% gc: 0B max: 0B slow: 60480B max: 60480B
[1.311s][debug][gc,age         ] GC(21) Desired survivor size 2621440 bytes, new threshold 1 (max threshold 15)
[1.311s][debug][gc,refine,stats] GC(21) Mutator refinement: 0.00ms, refined: 0, precleaned: 0, dirtied: 17891
[1.311s][debug][gc,refine,stats] GC(21) Concurrent refinement: 11.64ms, refined: 16132, precleaned: 0, dirtied: 0
[1.311s][debug][gc,refine,stats] GC(21) Total refinement: 11.64ms, refined: 16132, precleaned: 0, dirtied: 17891
[1.311s][debug][gc,refine,stats] GC(21) Concurrent refinement rate: 1386.41 cards/ms
[1.311s][debug][gc,refine,stats] GC(21) Generate dirty cards rate: 353.60 cards/ms
[1.311s][debug][gc,alloc,region] GC(21) Mutator Allocation stats, regions: 35, wasted size: 0B ( 0.0%)
[1.311s][debug][gc,humongous   ] GC(21) Humongous region 173 (object size 36920416 @ 0x00000000fad00000) remset 0 code roots 0 marked 0 reclaim candidate 0 type array 0
[1.311s][debug][gc,ergo        ] GC(21) Running G1 Merge Heap Roots using 4 workers for 40 regions
[1.311s][debug][gc,remset      ] GC(21) Visited cards 21504 Total dirty 24576 (87.50%) Total old 407552 (5.28%)
[1.363s][debug][gc,ref         ] GC(21) Skipped phase 1 of Reference Processing: no references
[1.363s][debug][gc,ref         ] GC(21) Skipped phase 2 of Reference Processing: no references
[1.363s][debug][gc,ref         ] GC(21) Skipped phase 3 of Reference Processing: no references
[1.363s][debug][gc,ref         ] GC(21) Skipped phase 4 of Reference Processing: no references
[1.364s][debug][gc,ergo        ] GC(21) Running G1 Rebuild Free List Task using 4 workers for rebuilding free list of regions
[1.364s][debug][gc,plab        ] GC(21) Young PLAB allocation: allocated: 5242880B, wasted: 560B, unused: 0B, used: 5242320B, undo waste: 0B, 
[1.364s][debug][gc,plab        ] GC(21) Young other allocation: region end waste: 0B, regions filled: 5, direct allocated: 0B, failure used: 0B, failure wasted: 0B
[1.364s][debug][gc,plab        ] GC(21) Young sizing: calculated: 1048464B, actual: 1045776B
[1.364s][debug][gc,plab        ] GC(21) Old PLAB allocation: allocated: 37224448B, wasted: 1072B, unused: 583536B, used: 36639840B, undo waste: 0B, 
[1.364s][debug][gc,plab        ] GC(21) Old other allocation: region end waste: 0B, regions filled: 36, direct allocated: 0B, failure used: 0B, failure wasted: 0B
[1.364s][debug][gc,plab        ] GC(21) Old sizing: calculated: 7327968B, actual: 6134520B
[1.364s][debug][gc,ergo,heap   ] GC(21) Heap expansion: short term pause time ratio 24.40% long term pause time ratio 29.06% threshold 7.69% pause time ratio 7.69% fully expanded true resize by 0B
[1.364s][debug][gc,mmu         ] GC(21) MMU: 91.3ms (200.0ms/201.0ms)
[1.364s][debug][gc,alloc,stats ] Old generation allocation in the last mutator period, old gen allocated: 37224448B, humongous allocated: 0B,old gen growth: 37224448B.
[1.364s][debug][gc,ihop        ] GC(21) Basic information (value update), threshold: 120795955B (45.00), target occupancy: 268435456B, current occupancy: 166161648B, recent allocation size: 37224448B, recent allocation duration: 50.60ms, recent old gen allocation rate: 735698830.37B/s, recent marking phase length: 0.00ms
[1.364s][debug][gc,ihop        ] GC(21) Adaptive IHOP information (value update), threshold: 120795955B (52.94), internal target occupancy: 228170137B, occupancy: 166161648B, additional buffer size: 27262976B, predicted old gen allocation rate: 516730107.83B/s, predicted marking phase length: 0.00ms, prediction active: false
[1.364s][debug][gc,ergo,refine ] GC(21) Concurrent refinement times: Logged Cards Scan time goal: 20.00ms Logged Cards Scan time: 1.60ms HCC time: 0.00ms
[1.364s][debug][gc,ergo,refine ] GC(21) Updated Refinement Zones: green: 4263, yellow: 12789, red: 21315
[1.364s][info ][gc,phases      ] GC(21)   Pre Evacuate Collection Set: 0.1ms
[1.364s][debug][gc,phases      ] GC(21)     Prepare TLABs: 0.0ms
[1.364s][debug][gc,phases      ] GC(21)     Concatenate Dirty Card Logs: 0.0ms
[1.364s][debug][gc,phases      ] GC(21)     Choose Collection Set: 0.0ms
[1.364s][debug][gc,phases      ] GC(21)     Region Register: 0.1ms
[1.364s][debug][gc,phases      ] GC(21)     Prepare Heap Roots: 0.0ms
[1.364s][debug][gc,phases      ] GC(21)     Clear Claimed Marks: 0.0ms
[1.364s][info ][gc,phases      ] GC(21)   Merge Heap Roots: 0.1ms
[1.364s][debug][gc,phases      ] GC(21)     Prepare Merge Heap Roots: 0.0ms
[1.364s][debug][gc,phases      ] GC(21)     Eager Reclaim (ms):            skipped
[1.364s][debug][gc,phases      ] GC(21)     Remembered Sets (ms):          Min:  0.0, Avg:  0.0, Max:  0.0, Diff:  0.0, Sum:  0.2, Workers: 4
[1.364s][debug][gc,phases      ] GC(21)       Merged Sparse:                 Min: 0, Avg:  0.0, Max: 0, Diff: 0, Sum: 0, Workers: 4
[1.364s][debug][gc,phases      ] GC(21)       Merged Fine:                   Min: 9, Avg: 12.0, Max: 19, Diff: 10, Sum: 48, Workers: 4
[1.364s][debug][gc,phases      ] GC(21)       Merged Coarse:                 Min: 0, Avg:  0.0, Max: 0, Diff: 0, Sum: 0, Workers: 4
[1.364s][debug][gc,phases      ] GC(21)       Dirty Cards:                   Min: 3848, Avg: 4026.0, Max: 4089, Diff: 241, Sum: 16104, Workers: 4
[1.364s][debug][gc,phases      ] GC(21)     Hot Card Cache (ms):           Min:  0.0, Avg:  0.0, Max:  0.0, Diff:  0.0, Sum:  0.0, Workers: 4
[1.364s][debug][gc,phases      ] GC(21)       Dirty Cards:                   Min: 0, Avg:  0.0, Max: 0, Diff: 0, Sum: 0, Workers: 4
[1.364s][debug][gc,phases      ] GC(21)       Skipped Cards:                 Min: 0, Avg:  0.0, Max: 0, Diff: 0, Sum: 0, Workers: 4
[1.364s][debug][gc,phases      ] GC(21)     Log Buffers (ms):              Min:  0.0, Avg:  0.0, Max:  0.0, Diff:  0.0, Sum:  0.1, Workers: 4
[1.364s][debug][gc,phases      ] GC(21)       Dirty Cards:                   Min: 1016, Avg: 1072.8, Max: 1243, Diff: 227, Sum: 4291, Workers: 4
[1.364s][debug][gc,phases      ] GC(21)       Skipped Cards:                 Min: 0, Avg:  0.0, Max: 0, Diff: 0, Sum: 0, Workers: 4
[1.364s][info ][gc,phases      ] GC(21)   Evacuate Collection Set: 52.0ms
[1.364s][debug][gc,phases      ] GC(21)     Ext Root Scanning (ms):        Min:  0.0, Avg:  0.0, Max:  0.1, Diff:  0.1, Sum:  0.1, Workers: 4
[1.364s][debug][gc,phases      ] GC(21)     Scan Heap Roots (ms):          Min:  7.0, Avg:  7.6, Max:  8.0, Diff:  1.0, Sum: 30.2, Workers: 4
[1.364s][debug][gc,phases      ] GC(21)       Scanned Cards:                 Min: 5000, Avg: 5113.8, Max: 5376, Diff: 376, Sum: 20455, Workers: 4
[1.364s][debug][gc,phases      ] GC(21)       Scanned Blocks:                Min: 20, Avg: 21.0, Max: 22, Diff: 2, Sum: 84, Workers: 4
[1.364s][debug][gc,phases      ] GC(21)       Claimed Chunks:                Min: 20, Avg: 21.0, Max: 22, Diff: 2, Sum: 84, Workers: 4
[1.364s][debug][gc,phases      ] GC(21)     Code Root Scan (ms):           Min:  0.0, Avg:  0.0, Max:  0.0, Diff:  0.0, Sum:  0.0, Workers: 4
[1.364s][debug][gc,phases      ] GC(21)     Object Copy (ms):              Min: 43.9, Avg: 44.3, Max: 44.9, Diff:  1.0, Sum: 177.4, Workers: 4
[1.365s][debug][gc,phases      ] GC(21)     Termination (ms):              Min:  0.0, Avg:  0.0, Max:  0.0, Diff:  0.0, Sum:  0.0, Workers: 4
[1.365s][debug][gc,phases      ] GC(21)       Termination Attempts:          Min: 1, Avg:  7.8, Max: 17, Diff: 16, Sum: 31, Workers: 4
[1.365s][debug][gc,phases      ] GC(21)     GC Worker Other (ms):          Min:  0.0, Avg:  0.0, Max:  0.0, Diff:  0.0, Sum:  0.0, Workers: 4
[1.365s][debug][gc,phases      ] GC(21)     GC Worker Total (ms):          Min: 51.9, Avg: 52.0, Max: 52.0, Diff:  0.0, Sum: 207.8, Workers: 4
[1.365s][info ][gc,phases      ] GC(21)   Post Evacuate Collection Set: 0.4ms
[1.365s][debug][gc,phases      ] GC(21)     Code Roots Fixup: 0.0ms
[1.365s][debug][gc,phases      ] GC(21)     Reference Processing: 0.2ms
[1.365s][debug][gc,phases,ref  ] GC(21)       Reconsider SoftReferences: 0.1ms
[1.365s][debug][gc,phases,ref  ] GC(21)         SoftRef (ms):                  skipped
[1.365s][debug][gc,phases,ref  ] GC(21)       Notify Soft/WeakReferences: 0.0ms
[1.365s][debug][gc,phases,ref  ] GC(21)         SoftRef (ms):                  skipped
[1.365s][debug][gc,phases,ref  ] GC(21)         WeakRef (ms):                  skipped
[1.365s][debug][gc,phases,ref  ] GC(21)         FinalRef (ms):                 skipped
[1.365s][debug][gc,phases,ref  ] GC(21)         Total (ms):                    skipped
[1.365s][debug][gc,phases,ref  ] GC(21)       Notify and keep alive finalizable: 0.0ms
[1.365s][debug][gc,phases,ref  ] GC(21)         FinalRef (ms):                 skipped
[1.365s][debug][gc,phases,ref  ] GC(21)       Notify PhantomReferences: 0.0ms
[1.365s][debug][gc,phases,ref  ] GC(21)         PhantomRef (ms):               skipped
[1.365s][debug][gc,phases,ref  ] GC(21)       SoftReference:
[1.365s][debug][gc,phases,ref  ] GC(21)         Discovered: 0
[1.365s][debug][gc,phases,ref  ] GC(21)         Cleared: 0
[1.365s][debug][gc,phases,ref  ] GC(21)       WeakReference:
[1.365s][debug][gc,phases,ref  ] GC(21)         Discovered: 0
[1.365s][debug][gc,phases,ref  ] GC(21)         Cleared: 0
[1.365s][debug][gc,phases,ref  ] GC(21)       FinalReference:
[1.365s][debug][gc,phases,ref  ] GC(21)         Discovered: 0
[1.365s][debug][gc,phases,ref  ] GC(21)         Cleared: 0
[1.365s][debug][gc,phases,ref  ] GC(21)       PhantomReference:
[1.365s][debug][gc,phases,ref  ] GC(21)         Discovered: 0
[1.365s][debug][gc,phases,ref  ] GC(21)         Cleared: 0
[1.365s][debug][gc,phases      ] GC(21)     Weak Processing: 0.0ms
[1.365s][debug][gc,phases      ] GC(21)       VM Weak                        Min:  0.0, Avg:  0.0, Max:  0.0, Diff:  0.0, Sum:  0.0, Workers: 3
[1.365s][debug][gc,phases      ] GC(21)         Dead                           Min: 0, Avg:  0.0, Max: 0, Diff: 0, Sum: 0, Workers: 3
[1.365s][debug][gc,phases      ] GC(21)         Total                          Min: 0, Avg:  2.7, Max: 8, Diff: 8, Sum: 8, Workers: 3
[1.365s][debug][gc,phases      ] GC(21)       ObjectSynchronizer Weak        Min:  0.0, Avg:  0.0, Max:  0.0, Diff:  0.0, Sum:  0.0, Workers: 3
[1.365s][debug][gc,phases      ] GC(21)         Dead                           Min: 0, Avg:  0.0, Max: 0, Diff: 0, Sum: 0, Workers: 3
[1.365s][debug][gc,phases      ] GC(21)         Total                          Min: 0, Avg:  1.0, Max: 3, Diff: 3, Sum: 3, Workers: 3
[1.365s][debug][gc,phases      ] GC(21)       JVMTI Tag Weak OopStorage      Min:  0.0, Avg:  0.0, Max:  0.0, Diff:  0.0, Sum:  0.0, Workers: 3
[1.365s][debug][gc,phases      ] GC(21)         Dead                           Min: 0, Avg:  0.0, Max: 0, Diff: 0, Sum: 0, Workers: 3
[1.365s][debug][gc,phases      ] GC(21)         Total                          Min: 0, Avg:  0.0, Max: 0, Diff: 0, Sum: 0, Workers: 3
[1.365s][debug][gc,phases      ] GC(21)       StringTable Weak               Min:  0.0, Avg:  0.0, Max:  0.0, Diff:  0.0, Sum:  0.0, Workers: 3
[1.365s][debug][gc,phases      ] GC(21)         Dead                           Min: 0, Avg:  0.0, Max: 0, Diff: 0, Sum: 0, Workers: 3
[1.365s][debug][gc,phases      ] GC(21)         Total                          Min: 793, Avg: 819.0, Max: 832, Diff: 39, Sum: 2457, Workers: 3
[1.365s][debug][gc,phases      ] GC(21)       ResolvedMethodTable Weak       Min:  0.0, Avg:  0.0, Max:  0.0, Diff:  0.0, Sum:  0.0, Workers: 3
[1.365s][debug][gc,phases      ] GC(21)         Dead                           Min: 0, Avg:  0.0, Max: 0, Diff: 0, Sum: 0, Workers: 3
[1.365s][debug][gc,phases      ] GC(21)         Total                          Min: 9, Avg: 45.7, Max: 64, Diff: 55, Sum: 137, Workers: 3
[1.365s][debug][gc,phases      ] GC(21)       JNI Weak                       Min:  0.0, Avg:  0.0, Max:  0.0, Diff:  0.0, Sum:  0.0, Workers: 3
[1.365s][debug][gc,phases      ] GC(21)         Dead                           Min: 0, Avg:  0.0, Max: 0, Diff: 0, Sum: 0, Workers: 3
[1.365s][debug][gc,phases      ] GC(21)         Total                          Min: 0, Avg:  0.0, Max: 0, Diff: 0, Sum: 0, Workers: 3
[1.365s][debug][gc,phases      ] GC(21)       StringDedup Table Weak         Min:  0.0, Avg:  0.0, Max:  0.0, Diff:  0.0, Sum:  0.0, Workers: 3
[1.365s][debug][gc,phases      ] GC(21)         Dead                           Min: 0, Avg:  0.0, Max: 0, Diff: 0, Sum: 0, Workers: 3
[1.365s][debug][gc,phases      ] GC(21)         Total                          Min: 0, Avg:  0.0, Max: 0, Diff: 0, Sum: 0, Workers: 3
[1.365s][debug][gc,phases      ] GC(21)       StringDedup Requests0 Weak     Min:  0.0, Avg:  0.0, Max:  0.0, Diff:  0.0, Sum:  0.0, Workers: 3
[1.365s][debug][gc,phases      ] GC(21)         Dead                           Min: 0, Avg:  0.0, Max: 0, Diff: 0, Sum: 0, Workers: 3
[1.365s][debug][gc,phases      ] GC(21)         Total                          Min: 0, Avg:  0.0, Max: 0, Diff: 0, Sum: 0, Workers: 3
[1.365s][debug][gc,phases      ] GC(21)       StringDedup Requests1 Weak     Min:  0.0, Avg:  0.0, Max:  0.0, Diff:  0.0, Sum:  0.0, Workers: 3
[1.365s][debug][gc,phases      ] GC(21)         Dead                           Min: 0, Avg:  0.0, Max: 0, Diff: 0, Sum: 0, Workers: 3
[1.365s][debug][gc,phases      ] GC(21)         Total                          Min: 0, Avg:  0.0, Max: 0, Diff: 0, Sum: 0, Workers: 3
[1.365s][debug][gc,phases      ] GC(21)       Weak JFR Old Object Samples    Min:  0.0, Avg:  0.0, Max:  0.0, Diff:  0.0, Sum:  0.0, Workers: 3
[1.365s][debug][gc,phases      ] GC(21)         Dead                           Min: 0, Avg:  0.0, Max: 0, Diff: 0, Sum: 0, Workers: 3
[1.365s][debug][gc,phases      ] GC(21)         Total                          Min: 0, Avg:  0.0, Max: 0, Diff: 0, Sum: 0, Workers: 3
[1.365s][debug][gc,phases      ] GC(21)     Post Evacuate Cleanup 1: 0.1ms
[1.365s][debug][gc,phases      ] GC(21)       Merge Per-Thread State (ms):   Min:  0.0, Avg:  0.0, Max:  0.0, Diff:  0.0, Sum:  0.0, Workers: 1
[1.366s][debug][gc,phases      ] GC(21)         Copied Bytes                   Min: 10322144, Avg: 10470540.0, Max: 10834624, Diff: 512480, Sum: 41882160, Workers: 4
[1.366s][debug][gc,phases      ] GC(21)         LAB Waste                      Min: 304, Avg: 408.0, Max: 496, Diff: 192, Sum: 1632, Workers: 4
[1.366s][debug][gc,phases      ] GC(21)         LAB Undo Waste                 Min: 0, Avg:  0.0, Max: 0, Diff: 0, Sum: 0, Workers: 4
[1.366s][debug][gc,phases      ] GC(21)       Clear Logged Cards (ms):       Min:  0.0, Avg:  0.0, Max:  0.0, Diff:  0.0, Sum:  0.0, Workers: 3
[1.366s][debug][gc,phases      ] GC(21)       Recalculate Used Memory (ms):  Min:  0.0, Avg:  0.0, Max:  0.0, Diff:  0.0, Sum:  0.0, Workers: 1
[1.366s][debug][gc,phases      ] GC(21)     Post Evacuate Cleanup 2: 0.1ms
[1.366s][debug][gc,phases      ] GC(21)       Reset Hot Card Cache (ms):     Min:  0.0, Avg:  0.0, Max:  0.0, Diff:  0.0, Sum:  0.0, Workers: 1
[1.366s][debug][gc,phases      ] GC(21)       Purge Code Roots (ms):         Min:  0.0, Avg:  0.0, Max:  0.0, Diff:  0.0, Sum:  0.0, Workers: 1
[1.366s][debug][gc,phases      ] GC(21)       Update Derived Pointers (ms):  Min:  0.0, Avg:  0.0, Max:  0.0, Diff:  0.0, Sum:  0.0, Workers: 1
[1.366s][debug][gc,phases      ] GC(21)       Eagerly Reclaim Humongous Objects (ms): Min:  0.0, Avg:  0.0, Max:  0.0, Diff:  0.0, Sum:  0.0, Workers: 1
[1.366s][debug][gc,phases      ] GC(21)         Humongous Total                Min: 1, Avg:  1.0, Max: 1, Diff: 0, Sum: 1, Workers: 1
[1.366s][debug][gc,phases      ] GC(21)         Humongous Candidates           Min: 0, Avg:  0.0, Max: 0, Diff: 0, Sum: 0, Workers: 1
[1.366s][debug][gc,phases      ] GC(21)         Humongous Reclaimed            Min: 0, Avg:  0.0, Max: 0, Diff: 0, Sum: 0, Workers: 1
[1.366s][debug][gc,phases      ] GC(21)       Redirty Logged Cards (ms):     Min:  0.0, Avg:  0.0, Max:  0.0, Diff:  0.0, Sum:  0.0, Workers: 4
[1.366s][debug][gc,phases      ] GC(21)         Redirtied Cards:               Min: 0, Avg: 640.5, Max: 1030, Diff: 1030, Sum: 2562, Workers: 4
[1.366s][debug][gc,phases      ] GC(21)       Free Collection Set (ms):      Min:  0.0, Avg:  0.0, Max:  0.0, Diff:  0.0, Sum:  0.0, Workers: 4
[1.366s][debug][gc,phases      ] GC(21)     Rebuild Free List: 0.1ms
[1.366s][debug][gc,phases      ] GC(21)     Start New Collection Set: 0.0ms
[1.366s][debug][gc,phases      ] GC(21)     Resize TLABs: 0.0ms
[1.366s][debug][gc,phases      ] GC(21)     Expand Heap After Collection: 0.0ms
[1.366s][info ][gc,phases      ] GC(21)   Other: 0.7ms
[1.366s][info ][gc,heap        ] GC(21) Eden regions: 35->0(21)
[1.366s][info ][gc,heap        ] GC(21) Survivor regions: 5->5(5)
[1.366s][info ][gc,heap        ] GC(21) Old regions: 83->119
[1.366s][info ][gc,heap        ] GC(21) Archive regions: 0->0
[1.366s][info ][gc,heap        ] GC(21) Humongous regions: 36->36
[1.366s][info ][gc,metaspace   ] GC(21) Metaspace: 470K(640K)->470K(640K) NonClass: 437K(512K)->437K(512K) Class: 33K(128K)->33K(128K)
[1.366s][debug][gc,heap        ] GC(21) Heap after GC invocations=20 (full 1):
[1.366s][debug][gc,heap        ] GC(21)  garbage-first heap   total 262144K, used 162267K [0x00000000f0000000, 0x0000000100000000)
[1.366s][debug][gc,heap        ] GC(21)   region size 1024K, 5 young (5120K), 5 survivors (5120K)
[1.366s][debug][gc,heap        ] GC(21)  Metaspace       used 470K, committed 640K, reserved 1056768K
[1.366s][debug][gc,heap        ] GC(21)   class space    used 33K, committed 128K, reserved 1048576K
[1.366s][info ][gc             ] GC(21) Pause Young (Concurrent Start) (G1 Evacuation Pause) 157M->158M(256M) 55.204ms
[1.366s][info ][gc,cpu         ] GC(21) User=0.19s Sys=0.00s Real=0.06s
[1.366s][info ][gc             ] GC(22) Concurrent Mark Cycle
[1.366s][info ][gc,marking     ] GC(22) Concurrent Clear Claimed Marks
[1.366s][info ][gc,marking     ] GC(22) Concurrent Clear Claimed Marks 0.018ms
[1.366s][info ][gc,marking     ] GC(22) Concurrent Scan Root Regions
[1.366s][debug][gc,ergo        ] GC(22) Running G1 Root Region Scan using 1 workers for 41 work units.
[1.375s][debug][gc,refine      ] Activated worker 0, on threshold: 4775, current: 4866
[1.375s][debug][gc,refine      ] Deactivated worker 0, off threshold: 4263, current: 4102, refined cards: 764
[1.378s][debug][gc,refine      ] Activated worker 0, on threshold: 4775, current: 4870
[1.379s][debug][gc,refine      ] Deactivated worker 0, off threshold: 4263, current: 4102, refined cards: 768
[1.381s][debug][gc,refine      ] Activated worker 0, on threshold: 4775, current: 4870
[1.381s][debug][gc,refine      ] Deactivated worker 0, off threshold: 4263, current: 4096, refined cards: 774
[1.384s][debug][gc,refine      ] Activated worker 0, on threshold: 4775, current: 4864
[1.384s][debug][gc,refine      ] Deactivated worker 0, off threshold: 4263, current: 4096, refined cards: 768
[1.386s][debug][gc,refine      ] Activated worker 0, on threshold: 4775, current: 4864
[1.387s][debug][gc,refine      ] Deactivated worker 0, off threshold: 4263, current: 4096, refined cards: 1024
[1.389s][debug][gc,refine      ] Activated worker 0, on threshold: 4775, current: 4864
[1.390s][debug][gc,refine      ] Deactivated worker 0, off threshold: 4263, current: 4096, refined cards: 768
[1.392s][debug][gc,refine      ] Activated worker 0, on threshold: 4775, current: 4864
[1.393s][debug][gc,refine      ] Deactivated worker 0, off threshold: 4263, current: 4096, refined cards: 768
[1.395s][debug][gc,refine      ] Activated worker 0, on threshold: 4775, current: 4864
[1.396s][debug][gc,refine      ] Deactivated worker 0, off threshold: 4263, current: 4096, refined cards: 768
[1.397s][info ][gc,marking     ] GC(22) Concurrent Scan Root Regions 30.429ms
[1.397s][info ][gc,marking     ] GC(22) Concurrent Mark
[1.397s][info ][gc,marking     ] GC(22) Concurrent Mark From Roots
[1.397s][info ][gc,task        ] GC(22) Using 1 workers of 1 for marking
[1.398s][debug][gc,refine      ] Activated worker 0, on threshold: 4775, current: 4864
[1.399s][debug][gc,refine      ] Deactivated worker 0, off threshold: 4263, current: 4096, refined cards: 768
[1.400s][debug][gc,refine      ] Activated worker 0, on threshold: 4775, current: 4864
[1.401s][debug][gc,refine      ] Deactivated worker 0, off threshold: 4263, current: 4096, refined cards: 768
[1.403s][debug][gc,refine      ] Activated worker 0, on threshold: 4775, current: 4864
[1.404s][debug][gc,refine      ] Deactivated worker 0, off threshold: 4263, current: 4096, refined cards: 768
[1.404s][debug][gc,heap        ] GC(23) Heap before GC invocations=20 (full 1):
[1.404s][debug][gc,heap        ] GC(23)  garbage-first heap   total 262144K, used 183771K [0x00000000f0000000, 0x0000000100000000)
[1.404s][debug][gc,heap        ] GC(23)   region size 1024K, 26 young (26624K), 5 survivors (5120K)
[1.404s][debug][gc,heap        ] GC(23)  Metaspace       used 470K, committed 640K, reserved 1056768K
[1.404s][debug][gc,heap        ] GC(23)   class space    used 33K, committed 128K, reserved 1048576K
[1.404s][info ][gc,start       ] GC(23) Pause Young (Normal) (G1 Evacuation Pause)
[1.404s][info ][gc,task        ] GC(23) Using 4 workers of 4 for evacuation
[1.404s][debug][gc,tlab        ] GC(23) TLAB totals: thrds: 1  refills: 84 max: 84 slow allocs: 0 max 0 waste:  0.2% gc: 0B max: 0B slow: 48720B max: 48720B
[1.405s][debug][gc,age         ] GC(23) Desired survivor size 2097152 bytes, new threshold 1 (max threshold 15)
[1.405s][debug][gc,refine,stats] GC(23) Mutator refinement: 0.00ms, refined: 0, precleaned: 0, dirtied: 10750
[1.405s][debug][gc,refine,stats] GC(23) Concurrent refinement: 8.77ms, refined: 8706, precleaned: 0, dirtied: 0
[1.405s][debug][gc,refine,stats] GC(23) Total refinement: 8.77ms, refined: 8706, precleaned: 0, dirtied: 10750
[1.405s][debug][gc,refine,stats] GC(23) Concurrent refinement rate: 992.92 cards/ms
[1.405s][debug][gc,refine,stats] GC(23) Generate dirty cards rate: 264.59 cards/ms
[1.405s][debug][gc,alloc,region] GC(23) Mutator Allocation stats, regions: 21, wasted size: 0B ( 0.0%)
[1.405s][debug][gc,humongous   ] GC(23) Humongous region 173 (object size 36920416 @ 0x00000000fad00000) remset 0 code roots 0 marked 1 reclaim candidate 0 type array 0
[1.405s][debug][gc,ergo        ] GC(23) Running G1 Merge Heap Roots using 4 workers for 26 regions
[1.405s][debug][gc,remset      ] GC(23) Visited cards 14336 Total dirty 22528 (63.64%) Total old 423936 (3.38%)
[1.438s][debug][gc,ref         ] GC(23) Skipped phase 1 of Reference Processing: no references
[1.438s][debug][gc,ref         ] GC(23) Skipped phase 2 of Reference Processing: no references
[1.438s][debug][gc,ref         ] GC(23) Skipped phase 3 of Reference Processing: no references
[1.438s][debug][gc,ref         ] GC(23) Skipped phase 4 of Reference Processing: no references
[1.438s][debug][gc,ergo        ] GC(23) Running G1 Rebuild Free List Task using 4 workers for rebuilding free list of regions
[1.438s][debug][gc,plab        ] GC(23) Young PLAB allocation: allocated: 4194304B, wasted: 320B, unused: 0B, used: 4193984B, undo waste: 0B, 
[1.438s][debug][gc,plab        ] GC(23) Young other allocation: region end waste: 0B, regions filled: 4, direct allocated: 0B, failure used: 0B, failure wasted: 0B
[1.438s][debug][gc,plab        ] GC(23) Young sizing: calculated: 838792B, actual: 890536B
[1.438s][debug][gc,plab        ] GC(23) Old PLAB allocation: allocated: 24117248B, wasted: 672B, unused: 1096864B, used: 23019712B, undo waste: 0B, 
[1.438s][debug][gc,plab        ] GC(23) Old other allocation: region end waste: 0B, regions filled: 24, direct allocated: 0B, failure used: 0B, failure wasted: 0B
[1.438s][debug][gc,plab        ] GC(23) Old sizing: calculated: 4603936B, actual: 4986576B
[1.438s][debug][gc,ergo,heap   ] GC(23) Heap expansion: short term pause time ratio 51.16% long term pause time ratio 31.10% threshold 7.69% pause time ratio 7.69% fully expanded true resize by 0B
[1.438s][debug][gc,mmu         ] GC(23) MMU: 106.0ms (200.0ms/201.0ms)
[1.439s][debug][gc,alloc,stats ] Old generation allocation in the last mutator period, old gen allocated: 24117248B, humongous allocated: 0B,old gen growth: 24117248B.
[1.439s][debug][gc,ihop        ] GC(23) Basic information (value update), threshold: 120795955B (45.00), target occupancy: 268435456B, current occupancy: 189230320B, recent allocation size: 24117248B, recent allocation duration: 40.63ms, recent old gen allocation rate: 593605655.16B/s, recent marking phase length: 0.00ms
[1.439s][debug][gc,ihop        ] GC(23) Adaptive IHOP information (value update), threshold: 120795955B (52.94), internal target occupancy: 228170137B, occupancy: 189230320B, additional buffer size: 18874368B, predicted old gen allocation rate: 526639427.34B/s, predicted marking phase length: 0.00ms, prediction active: false
[1.439s][debug][gc,ergo,refine ] GC(23) Concurrent refinement times: Logged Cards Scan time goal: 20.00ms Logged Cards Scan time: 1.72ms HCC time: 0.00ms
[1.439s][debug][gc,ergo,refine ] GC(23) Updated Refinement Zones: green: 4689, yellow: 14067, red: 23445
[1.439s][info ][gc,phases      ] GC(23)   Pre Evacuate Collection Set: 0.1ms
[1.439s][debug][gc,phases      ] GC(23)     Prepare TLABs: 0.0ms
[1.439s][debug][gc,phases      ] GC(23)     Concatenate Dirty Card Logs: 0.0ms
[1.439s][debug][gc,phases      ] GC(23)     Choose Collection Set: 0.0ms
[1.439s][debug][gc,phases      ] GC(23)     Region Register: 0.1ms
[1.439s][debug][gc,phases      ] GC(23)     Prepare Heap Roots: 0.0ms
[1.439s][info ][gc,phases      ] GC(23)   Merge Heap Roots: 0.1ms
[1.439s][debug][gc,phases      ] GC(23)     Prepare Merge Heap Roots: 0.0ms
[1.439s][debug][gc,phases      ] GC(23)     Eager Reclaim (ms):            skipped
[1.439s][debug][gc,phases      ] GC(23)     Remembered Sets (ms):          Min:  0.0, Avg:  0.0, Max:  0.0, Diff:  0.0, Sum:  0.1, Workers: 4
[1.439s][debug][gc,phases      ] GC(23)       Merged Sparse:                 Min: 0, Avg:  0.0, Max: 0, Diff: 0, Sum: 0, Workers: 4
[1.439s][debug][gc,phases      ] GC(23)       Merged Fine:                   Min: 5, Avg:  7.3, Max: 13, Diff: 8, Sum: 29, Workers: 4
[1.439s][debug][gc,phases      ] GC(23)       Merged Coarse:                 Min: 0, Avg:  0.0, Max: 0, Diff: 0, Sum: 0, Workers: 4
[1.439s][debug][gc,phases      ] GC(23)       Dirty Cards:                   Min: 2034, Avg: 2169.0, Max: 2554, Diff: 520, Sum: 8676, Workers: 4
[1.439s][debug][gc,phases      ] GC(23)     Hot Card Cache (ms):           Min:  0.0, Avg:  0.0, Max:  0.0, Diff:  0.0, Sum:  0.0, Workers: 4
[1.439s][debug][gc,phases      ] GC(23)       Dirty Cards:                   Min: 0, Avg:  0.0, Max: 0, Diff: 0, Sum: 0, Workers: 4
[1.439s][debug][gc,phases      ] GC(23)       Skipped Cards:                 Min: 0, Avg:  0.0, Max: 0, Diff: 0, Sum: 0, Workers: 4
[1.439s][debug][gc,phases      ] GC(23)     Log Buffers (ms):              Min:  0.0, Avg:  0.0, Max:  0.0, Diff:  0.0, Sum:  0.1, Workers: 4
[1.439s][debug][gc,phases      ] GC(23)       Dirty Cards:                   Min: 1016, Avg: 1143.5, Max: 1272, Diff: 256, Sum: 4574, Workers: 4
[1.439s][debug][gc,phases      ] GC(23)       Skipped Cards:                 Min: 0, Avg:  0.0, Max: 0, Diff: 0, Sum: 0, Workers: 4
[1.439s][info ][gc,phases      ] GC(23)   Evacuate Collection Set: 33.1ms
[1.439s][debug][gc,phases      ] GC(23)     Ext Root Scanning (ms):        Min:  0.0, Avg:  0.0, Max:  0.0, Diff:  0.0, Sum:  0.0, Workers: 4
[1.439s][debug][gc,phases      ] GC(23)     Scan Heap Roots (ms):          Min:  4.6, Avg:  4.9, Max:  5.5, Diff:  0.9, Sum: 19.7, Workers: 4
[1.439s][debug][gc,phases      ] GC(23)       Scanned Cards:                 Min: 3244, Avg: 3328.0, Max: 3460, Diff: 216, Sum: 13312, Workers: 4
[1.439s][debug][gc,phases      ] GC(23)       Scanned Blocks:                Min: 13, Avg: 16.8, Max: 27, Diff: 14, Sum: 67, Workers: 4
[1.439s][debug][gc,phases      ] GC(23)       Claimed Chunks:                Min: 13, Avg: 14.0, Max: 16, Diff: 3, Sum: 56, Workers: 4
[1.439s][debug][gc,phases      ] GC(23)     Code Root Scan (ms):           Min:  0.0, Avg:  0.0, Max:  0.0, Diff:  0.0, Sum:  0.0, Workers: 4
[1.439s][debug][gc,phases      ] GC(23)     Object Copy (ms):              Min: 27.5, Avg: 28.0, Max: 28.4, Diff:  0.9, Sum: 112.1, Workers: 4
[1.439s][debug][gc,phases      ] GC(23)     Termination (ms):              Min:  0.0, Avg:  0.0, Max:  0.1, Diff:  0.0, Sum:  0.2, Workers: 4
[1.439s][debug][gc,phases      ] GC(23)       Termination Attempts:          Min: 1, Avg:  1.0, Max: 1, Diff: 0, Sum: 4, Workers: 4
[1.439s][debug][gc,phases      ] GC(23)     GC Worker Other (ms):          Min:  0.0, Avg:  0.0, Max:  0.0, Diff:  0.0, Sum:  0.1, Workers: 4
[1.439s][debug][gc,phases      ] GC(23)     GC Worker Total (ms):          Min: 33.0, Avg: 33.0, Max: 33.0, Diff:  0.0, Sum: 132.1, Workers: 4
[1.439s][info ][gc,phases      ] GC(23)   Post Evacuate Collection Set: 0.4ms
[1.439s][debug][gc,phases      ] GC(23)     Code Roots Fixup: 0.0ms
[1.439s][debug][gc,phases      ] GC(23)     Reference Processing: 0.1ms
[1.439s][debug][gc,phases,ref  ] GC(23)       Reconsider SoftReferences: 0.1ms
[1.439s][debug][gc,phases,ref  ] GC(23)         SoftRef (ms):                  skipped
[1.439s][debug][gc,phases,ref  ] GC(23)       Notify Soft/WeakReferences: 0.0ms
[1.439s][debug][gc,phases,ref  ] GC(23)         SoftRef (ms):                  skipped
[1.439s][debug][gc,phases,ref  ] GC(23)         WeakRef (ms):                  skipped
[1.439s][debug][gc,phases,ref  ] GC(23)         FinalRef (ms):                 skipped
[1.440s][debug][gc,phases,ref  ] GC(23)         Total (ms):                    skipped
[1.440s][debug][gc,phases,ref  ] GC(23)       Notify and keep alive finalizable: 0.0ms
[1.440s][debug][gc,phases,ref  ] GC(23)         FinalRef (ms):                 skipped
[1.440s][debug][gc,phases,ref  ] GC(23)       Notify PhantomReferences: 0.0ms
[1.440s][debug][gc,phases,ref  ] GC(23)         PhantomRef (ms):               skipped
[1.440s][debug][gc,phases,ref  ] GC(23)       SoftReference:
[1.440s][debug][gc,phases,ref  ] GC(23)         Discovered: 0
[1.440s][debug][gc,phases,ref  ] GC(23)         Cleared: 0
[1.440s][debug][gc,phases,ref  ] GC(23)       WeakReference:
[1.440s][debug][gc,phases,ref  ] GC(23)         Discovered: 0
[1.440s][debug][gc,phases,ref  ] GC(23)         Cleared: 0
[1.440s][debug][gc,phases,ref  ] GC(23)       FinalReference:
[1.440s][debug][gc,phases,ref  ] GC(23)         Discovered: 0
[1.440s][debug][gc,phases,ref  ] GC(23)         Cleared: 0
[1.440s][debug][gc,phases,ref  ] GC(23)       PhantomReference:
[1.440s][debug][gc,phases,ref  ] GC(23)         Discovered: 0
[1.440s][debug][gc,phases,ref  ] GC(23)         Cleared: 0
[1.440s][debug][gc,phases      ] GC(23)     Weak Processing: 0.0ms
[1.440s][debug][gc,phases      ] GC(23)       VM Weak                        Min:  0.0, Avg:  0.0, Max:  0.0, Diff:  0.0, Sum:  0.0, Workers: 3
[1.440s][debug][gc,phases      ] GC(23)         Dead                           Min: 0, Avg:  0.0, Max: 0, Diff: 0, Sum: 0, Workers: 3
[1.440s][debug][gc,phases      ] GC(23)         Total                          Min: 0, Avg:  2.7, Max: 8, Diff: 8, Sum: 8, Workers: 3
[1.440s][debug][gc,phases      ] GC(23)       ObjectSynchronizer Weak        Min:  0.0, Avg:  0.0, Max:  0.0, Diff:  0.0, Sum:  0.0, Workers: 3
[1.440s][debug][gc,phases      ] GC(23)         Dead                           Min: 0, Avg:  0.0, Max: 0, Diff: 0, Sum: 0, Workers: 3
[1.440s][debug][gc,phases      ] GC(23)         Total                          Min: 0, Avg:  1.0, Max: 3, Diff: 3, Sum: 3, Workers: 3
[1.440s][debug][gc,phases      ] GC(23)       JVMTI Tag Weak OopStorage      Min:  0.0, Avg:  0.0, Max:  0.0, Diff:  0.0, Sum:  0.0, Workers: 3
[1.440s][debug][gc,phases      ] GC(23)         Dead                           Min: 0, Avg:  0.0, Max: 0, Diff: 0, Sum: 0, Workers: 3
[1.440s][debug][gc,phases      ] GC(23)         Total                          Min: 0, Avg:  0.0, Max: 0, Diff: 0, Sum: 0, Workers: 3
[1.440s][debug][gc,phases      ] GC(23)       StringTable Weak               Min:  0.0, Avg:  0.0, Max:  0.0, Diff:  0.0, Sum:  0.0, Workers: 3
[1.440s][debug][gc,phases      ] GC(23)         Dead                           Min: 0, Avg:  0.0, Max: 0, Diff: 0, Sum: 0, Workers: 3
[1.440s][debug][gc,phases      ] GC(23)         Total                          Min: 0, Avg: 819.0, Max: 1792, Diff: 1792, Sum: 2457, Workers: 3
[1.440s][debug][gc,phases      ] GC(23)       ResolvedMethodTable Weak       Min:  0.0, Avg:  0.0, Max:  0.0, Diff:  0.0, Sum:  0.0, Workers: 3
[1.440s][debug][gc,phases      ] GC(23)         Dead                           Min: 0, Avg:  0.0, Max: 0, Diff: 0, Sum: 0, Workers: 3
[1.440s][debug][gc,phases      ] GC(23)         Total                          Min: 0, Avg: 45.7, Max: 73, Diff: 73, Sum: 137, Workers: 3
[1.440s][debug][gc,phases      ] GC(23)       JNI Weak                       Min:  0.0, Avg:  0.0, Max:  0.0, Diff:  0.0, Sum:  0.0, Workers: 3
[1.440s][debug][gc,phases      ] GC(23)         Dead                           Min: 0, Avg:  0.0, Max: 0, Diff: 0, Sum: 0, Workers: 3
[1.440s][debug][gc,phases      ] GC(23)         Total                          Min: 0, Avg:  0.0, Max: 0, Diff: 0, Sum: 0, Workers: 3
[1.440s][debug][gc,phases      ] GC(23)       StringDedup Table Weak         Min:  0.0, Avg:  0.0, Max:  0.0, Diff:  0.0, Sum:  0.0, Workers: 3
[1.440s][debug][gc,phases      ] GC(23)         Dead                           Min: 0, Avg:  0.0, Max: 0, Diff: 0, Sum: 0, Workers: 3
[1.440s][debug][gc,phases      ] GC(23)         Total                          Min: 0, Avg:  0.0, Max: 0, Diff: 0, Sum: 0, Workers: 3
[1.440s][debug][gc,phases      ] GC(23)       StringDedup Requests0 Weak     Min:  0.0, Avg:  0.0, Max:  0.0, Diff:  0.0, Sum:  0.0, Workers: 3
[1.440s][debug][gc,phases      ] GC(23)         Dead                           Min: 0, Avg:  0.0, Max: 0, Diff: 0, Sum: 0, Workers: 3
[1.440s][debug][gc,phases      ] GC(23)         Total                          Min: 0, Avg:  0.0, Max: 0, Diff: 0, Sum: 0, Workers: 3
[1.440s][debug][gc,phases      ] GC(23)       StringDedup Requests1 Weak     Min:  0.0, Avg:  0.0, Max:  0.0, Diff:  0.0, Sum:  0.0, Workers: 3
[1.440s][debug][gc,phases      ] GC(23)         Dead                           Min: 0, Avg:  0.0, Max: 0, Diff: 0, Sum: 0, Workers: 3
[1.440s][debug][gc,phases      ] GC(23)         Total                          Min: 0, Avg:  0.0, Max: 0, Diff: 0, Sum: 0, Workers: 3
[1.440s][debug][gc,phases      ] GC(23)       Weak JFR Old Object Samples    Min:  0.0, Avg:  0.0, Max:  0.0, Diff:  0.0, Sum:  0.0, Workers: 3
[1.440s][debug][gc,phases      ] GC(23)         Dead                           Min: 0, Avg:  0.0, Max: 0, Diff: 0, Sum: 0, Workers: 3
[1.440s][debug][gc,phases      ] GC(23)         Total                          Min: 0, Avg:  0.0, Max: 0, Diff: 0, Sum: 0, Workers: 3
[1.440s][debug][gc,phases      ] GC(23)     Post Evacuate Cleanup 1: 0.0ms
[1.440s][debug][gc,phases      ] GC(23)       Merge Per-Thread State (ms):   Min:  0.0, Avg:  0.0, Max:  0.0, Diff:  0.0, Sum:  0.0, Workers: 1
[1.440s][debug][gc,phases      ] GC(23)         Copied Bytes                   Min: 6444000, Avg: 6803424.0, Max: 6996160, Diff: 552160, Sum: 27213696, Workers: 4
[1.440s][debug][gc,phases      ] GC(23)         LAB Waste                      Min: 208, Avg: 248.0, Max: 288, Diff: 80, Sum: 992, Workers: 4
[1.440s][debug][gc,phases      ] GC(23)         LAB Undo Waste                 Min: 0, Avg:  0.0, Max: 0, Diff: 0, Sum: 0, Workers: 4
[1.440s][debug][gc,phases      ] GC(23)       Clear Logged Cards (ms):       Min:  0.0, Avg:  0.0, Max:  0.0, Diff:  0.0, Sum:  0.0, Workers: 3
[1.440s][debug][gc,phases      ] GC(23)       Recalculate Used Memory (ms):  Min:  0.0, Avg:  0.0, Max:  0.0, Diff:  0.0, Sum:  0.0, Workers: 1
[1.440s][debug][gc,phases      ] GC(23)     Post Evacuate Cleanup 2: 0.1ms
[1.440s][debug][gc,phases      ] GC(23)       Reset Hot Card Cache (ms):     Min:  0.0, Avg:  0.0, Max:  0.0, Diff:  0.0, Sum:  0.0, Workers: 1
[1.440s][debug][gc,phases      ] GC(23)       Purge Code Roots (ms):         Min:  0.0, Avg:  0.0, Max:  0.0, Diff:  0.0, Sum:  0.0, Workers: 1
[1.440s][debug][gc,phases      ] GC(23)       Update Derived Pointers (ms):  Min:  0.0, Avg:  0.0, Max:  0.0, Diff:  0.0, Sum:  0.0, Workers: 1
[1.441s][debug][gc,phases      ] GC(23)       Eagerly Reclaim Humongous Objects (ms): Min:  0.0, Avg:  0.0, Max:  0.0, Diff:  0.0, Sum:  0.0, Workers: 1
[1.441s][debug][gc,phases      ] GC(23)         Humongous Total                Min: 1, Avg:  1.0, Max: 1, Diff: 0, Sum: 1, Workers: 1
[1.441s][debug][gc,phases      ] GC(23)         Humongous Candidates           Min: 0, Avg:  0.0, Max: 0, Diff: 0, Sum: 0, Workers: 1
[1.441s][debug][gc,phases      ] GC(23)         Humongous Reclaimed            Min: 0, Avg:  0.0, Max: 0, Diff: 0, Sum: 0, Workers: 1
[1.441s][debug][gc,phases      ] GC(23)       Redirty Logged Cards (ms):     Min:  0.0, Avg:  0.0, Max:  0.0, Diff:  0.0, Sum:  0.0, Workers: 4
[1.441s][debug][gc,phases      ] GC(23)         Redirtied Cards:               Min: 0, Avg: 512.5, Max: 1411, Diff: 1411, Sum: 2050, Workers: 4
[1.441s][debug][gc,phases      ] GC(23)       Free Collection Set (ms):      Min:  0.0, Avg:  0.0, Max:  0.0, Diff:  0.0, Sum:  0.0, Workers: 4
[1.441s][debug][gc,phases      ] GC(23)     Rebuild Free List: 0.1ms
[1.441s][debug][gc,phases      ] GC(23)     Start New Collection Set: 0.0ms
[1.441s][debug][gc,phases      ] GC(23)     Resize TLABs: 0.0ms
[1.441s][debug][gc,phases      ] GC(23)     Expand Heap After Collection: 0.0ms
[1.441s][info ][gc,phases      ] GC(23)   Other: 0.7ms
[1.441s][info ][gc,heap        ] GC(23) Eden regions: 21->0(14)
[1.441s][info ][gc,heap        ] GC(23) Survivor regions: 5->4(4)
[1.441s][info ][gc,heap        ] GC(23) Old regions: 119->142
[1.441s][info ][gc,heap        ] GC(23) Archive regions: 0->0
[1.441s][info ][gc,heap        ] GC(23) Humongous regions: 36->36
[1.441s][info ][gc,metaspace   ] GC(23) Metaspace: 470K(640K)->470K(640K) NonClass: 437K(512K)->437K(512K) Class: 33K(128K)->33K(128K)
[1.441s][debug][gc,heap        ] GC(23) Heap after GC invocations=21 (full 1):
[1.441s][debug][gc,heap        ] GC(23)  garbage-first heap   total 262144K, used 184795K [0x00000000f0000000, 0x0000000100000000)
[1.441s][debug][gc,heap        ] GC(23)   region size 1024K, 4 young (4096K), 4 survivors (4096K)
[1.441s][debug][gc,heap        ] GC(23)  Metaspace       used 470K, committed 640K, reserved 1056768K
[1.441s][debug][gc,heap        ] GC(23)   class space    used 33K, committed 128K, reserved 1048576K
[1.441s][info ][gc             ] GC(23) Pause Young (Normal) (G1 Evacuation Pause) 179M->180M(256M) 36.430ms
[1.441s][info ][gc,cpu         ] GC(23) User=0.13s Sys=0.00s Real=0.04s
[1.453s][debug][gc,refine      ] Activated worker 0, on threshold: 5201, current: 5378
[1.455s][debug][gc,refine      ] Deactivated worker 0, off threshold: 4689, current: 4479, refined cards: 1155
[1.457s][debug][gc,refine      ] Activated worker 0, on threshold: 5201, current: 5247
[1.458s][debug][gc,refine      ] Deactivated worker 0, off threshold: 4689, current: 4608, refined cards: 639
[1.460s][debug][gc,refine      ] Activated worker 0, on threshold: 5201, current: 5376
[1.461s][debug][gc,refine      ] Deactivated worker 0, off threshold: 4689, current: 4608, refined cards: 768
[1.462s][debug][gc,refine      ] Activated worker 0, on threshold: 5201, current: 5376
[1.463s][debug][gc,refine      ] Deactivated worker 0, off threshold: 4689, current: 4608, refined cards: 768
[1.465s][debug][gc,refine      ] Activated worker 0, on threshold: 5201, current: 5376
[1.465s][debug][gc,refine      ] Deactivated worker 0, off threshold: 4689, current: 4608, refined cards: 768
[1.467s][debug][gc,heap        ] GC(24) Heap before GC invocations=21 (full 1):
[1.467s][debug][gc,heap        ] GC(24)  garbage-first heap   total 262144K, used 199131K [0x00000000f0000000, 0x0000000100000000)
[1.467s][debug][gc,heap        ] GC(24)   region size 1024K, 18 young (18432K), 4 survivors (4096K)
[1.467s][debug][gc,heap        ] GC(24)  Metaspace       used 470K, committed 640K, reserved 1056768K
[1.467s][debug][gc,heap        ] GC(24)   class space    used 33K, committed 128K, reserved 1048576K
[1.467s][info ][gc,start       ] GC(24) Pause Young (Normal) (G1 Evacuation Pause)
[1.467s][info ][gc,task        ] GC(24) Using 4 workers of 4 for evacuation
[1.467s][debug][gc,tlab        ] GC(24) TLAB totals: thrds: 1  refills: 70 max: 70 slow allocs: 0 max 0 waste:  0.3% gc: 0B max: 0B slow: 40320B max: 40320B
[1.467s][debug][gc,age         ] GC(24) Desired survivor size 1572864 bytes, new threshold 1 (max threshold 15)
[1.467s][debug][gc,refine,stats] GC(24) Mutator refinement: 0.00ms, refined: 0, precleaned: 0, dirtied: 7150
[1.467s][debug][gc,refine,stats] GC(24) Concurrent refinement: 4.52ms, refined: 4098, precleaned: 0, dirtied: 0
[1.467s][debug][gc,refine,stats] GC(24) Total refinement: 4.52ms, refined: 4098, precleaned: 0, dirtied: 7150
[1.467s][debug][gc,refine,stats] GC(24) Concurrent refinement rate: 906.18 cards/ms
[1.467s][debug][gc,refine,stats] GC(24) Generate dirty cards rate: 252.45 cards/ms
[1.467s][debug][gc,alloc,region] GC(24) Mutator Allocation stats, regions: 14, wasted size: 0B ( 0.0%)
[1.467s][debug][gc,humongous   ] GC(24) Humongous region 173 (object size 36920416 @ 0x00000000fad00000) remset 0 code roots 0 marked 1 reclaim candidate 0 type array 0
[1.467s][debug][gc,ergo        ] GC(24) Running G1 Merge Heap Roots using 4 workers for 18 regions
[1.467s][debug][gc,remset      ] GC(24) Visited cards 9728 Total dirty 14336 (67.86%) Total old 438272 (2.22%)
[1.490s][debug][gc,ref         ] GC(24) Skipped phase 1 of Reference Processing: no references
[1.491s][debug][gc,ref         ] GC(24) Skipped phase 2 of Reference Processing: no references
[1.491s][debug][gc,ref         ] GC(24) Skipped phase 3 of Reference Processing: no references
[1.491s][debug][gc,ref         ] GC(24) Skipped phase 4 of Reference Processing: no references
[1.491s][debug][gc,ergo        ] GC(24) Running G1 Rebuild Free List Task using 4 workers for rebuilding free list of regions
[1.491s][debug][gc,plab        ] GC(24) Young PLAB allocation: allocated: 3145728B, wasted: 336B, unused: 0B, used: 3145392B, undo waste: 0B, 
[1.491s][debug][gc,plab        ] GC(24) Young other allocation: region end waste: 0B, regions filled: 3, direct allocated: 0B, failure used: 0B, failure wasted: 0B
[1.491s][debug][gc,plab        ] GC(24) Young sizing: calculated: 629072B, actual: 694432B
[1.491s][debug][gc,plab        ] GC(24) Old PLAB allocation: allocated: 16252928B, wasted: 432B, unused: 564160B, used: 15688336B, undo waste: 0B, 
[1.491s][debug][gc,plab        ] GC(24) Old other allocation: region end waste: 0B, regions filled: 16, direct allocated: 0B, failure used: 0B, failure wasted: 0B
[1.491s][debug][gc,plab        ] GC(24) Old sizing: calculated: 3137664B, actual: 3599888B
[1.491s][debug][gc,ergo,heap   ] GC(24) Heap expansion: short term pause time ratio 45.52% long term pause time ratio 37.92% threshold 7.69% pause time ratio 7.69% fully expanded true resize by 0B
[1.491s][debug][gc,mmu         ] GC(24) MMU: 111.3ms (200.0ms/201.0ms)
[1.491s][debug][gc,alloc,stats ] Old generation allocation in the last mutator period, old gen allocated: 16252928B, humongous allocated: 0B,old gen growth: 16252928B.
[1.491s][debug][gc,ihop        ] GC(24) Basic information (value update), threshold: 120795955B (45.00), target occupancy: 268435456B, current occupancy: 204434672B, recent allocation size: 16252928B, recent allocation duration: 28.32ms, recent old gen allocation rate: 573848114.76B/s, recent marking phase length: 0.00ms
[1.491s][debug][gc,ihop        ] GC(24) Adaptive IHOP information (value update), threshold: 120795955B (52.94), internal target occupancy: 228170137B, occupancy: 204434672B, additional buffer size: 12582912B, predicted old gen allocation rate: 534511396.78B/s, predicted marking phase length: 0.00ms, prediction active: false
[1.491s][debug][gc,ergo,refine ] GC(24) Concurrent refinement times: Logged Cards Scan time goal: 20.00ms Logged Cards Scan time: 1.84ms HCC time: 0.00ms
[1.491s][debug][gc,ergo,refine ] GC(24) Updated Refinement Zones: green: 5157, yellow: 15471, red: 25785
[1.491s][info ][gc,phases      ] GC(24)   Pre Evacuate Collection Set: 0.1ms
[1.491s][debug][gc,phases      ] GC(24)     Prepare TLABs: 0.0ms
[1.491s][debug][gc,phases      ] GC(24)     Concatenate Dirty Card Logs: 0.0ms
[1.491s][debug][gc,phases      ] GC(24)     Choose Collection Set: 0.0ms
[1.491s][debug][gc,phases      ] GC(24)     Region Register: 0.1ms
[1.491s][debug][gc,phases      ] GC(24)     Prepare Heap Roots: 0.0ms
[1.491s][info ][gc,phases      ] GC(24)   Merge Heap Roots: 0.1ms
[1.491s][debug][gc,phases      ] GC(24)     Prepare Merge Heap Roots: 0.0ms
[1.491s][debug][gc,phases      ] GC(24)     Eager Reclaim (ms):            skipped
[1.491s][debug][gc,phases      ] GC(24)     Remembered Sets (ms):          Min:  0.0, Avg:  0.0, Max:  0.0, Diff:  0.0, Sum:  0.0, Workers: 4
[1.491s][debug][gc,phases      ] GC(24)       Merged Sparse:                 Min: 0, Avg:  0.3, Max: 1, Diff: 1, Sum: 1, Workers: 4
[1.491s][debug][gc,phases      ] GC(24)       Merged Fine:                   Min: 2, Avg:  4.3, Max: 6, Diff: 4, Sum: 17, Workers: 4
[1.491s][debug][gc,phases      ] GC(24)       Merged Coarse:                 Min: 0, Avg:  0.0, Max: 0, Diff: 0, Sum: 0, Workers: 4
[1.491s][debug][gc,phases      ] GC(24)       Dirty Cards:                   Min: 1015, Avg: 1017.5, Max: 1020, Diff: 5, Sum: 4070, Workers: 4
[1.492s][debug][gc,phases      ] GC(24)     Hot Card Cache (ms):           Min:  0.0, Avg:  0.0, Max:  0.0, Diff:  0.0, Sum:  0.0, Workers: 4
[1.492s][debug][gc,phases      ] GC(24)       Dirty Cards:                   Min: 0, Avg:  0.0, Max: 0, Diff: 0, Sum: 0, Workers: 4
[1.492s][debug][gc,phases      ] GC(24)       Skipped Cards:                 Min: 0, Avg:  0.0, Max: 0, Diff: 0, Sum: 0, Workers: 4
[1.492s][debug][gc,phases      ] GC(24)     Log Buffers (ms):              Min:  0.0, Avg:  0.0, Max:  0.0, Diff:  0.0, Sum:  0.1, Workers: 4
[1.492s][debug][gc,phases      ] GC(24)       Dirty Cards:                   Min: 1254, Avg: 1267.5, Max: 1272, Diff: 18, Sum: 5070, Workers: 4
[1.492s][debug][gc,phases      ] GC(24)       Skipped Cards:                 Min: 0, Avg:  0.0, Max: 0, Diff: 0, Sum: 0, Workers: 4
[1.492s][info ][gc,phases      ] GC(24)   Evacuate Collection Set: 23.3ms
[1.492s][debug][gc,phases      ] GC(24)     Ext Root Scanning (ms):        Min:  0.0, Avg:  0.0, Max:  0.0, Diff:  0.0, Sum:  0.0, Workers: 4
[1.492s][debug][gc,phases      ] GC(24)     Scan Heap Roots (ms):          Min:  3.1, Avg:  3.3, Max:  3.7, Diff:  0.6, Sum: 13.2, Workers: 4
[1.492s][debug][gc,phases      ] GC(24)       Scanned Cards:                 Min: 2149, Avg: 2300.0, Max: 2560, Diff: 411, Sum: 9200, Workers: 4
[1.492s][debug][gc,phases      ] GC(24)       Scanned Blocks:                Min: 9, Avg:  9.5, Max: 10, Diff: 1, Sum: 38, Workers: 4
[1.492s][debug][gc,phases      ] GC(24)       Claimed Chunks:                Min: 9, Avg:  9.5, Max: 10, Diff: 1, Sum: 38, Workers: 4
[1.492s][debug][gc,phases      ] GC(24)     Code Root Scan (ms):           Min:  0.0, Avg:  0.0, Max:  0.0, Diff:  0.0, Sum:  0.0, Workers: 4
[1.492s][debug][gc,phases      ] GC(24)     Object Copy (ms):              Min: 19.6, Avg: 19.9, Max: 20.2, Diff:  0.6, Sum: 79.8, Workers: 4
[1.492s][debug][gc,phases      ] GC(24)     Termination (ms):              Min:  0.0, Avg:  0.0, Max:  0.0, Diff:  0.0, Sum:  0.0, Workers: 4
[1.492s][debug][gc,phases      ] GC(24)       Termination Attempts:          Min: 1, Avg: 10.5, Max: 21, Diff: 20, Sum: 42, Workers: 4
[1.492s][debug][gc,phases      ] GC(24)     GC Worker Other (ms):          Min:  0.0, Avg:  0.0, Max:  0.0, Diff:  0.0, Sum:  0.0, Workers: 4
[1.492s][debug][gc,phases      ] GC(24)     GC Worker Total (ms):          Min: 23.3, Avg: 23.3, Max: 23.3, Diff:  0.0, Sum: 93.1, Workers: 4
[1.492s][info ][gc,phases      ] GC(24)   Post Evacuate Collection Set: 0.5ms
[1.492s][debug][gc,phases      ] GC(24)     Code Roots Fixup: 0.0ms
[1.492s][debug][gc,phases      ] GC(24)     Reference Processing: 0.2ms
[1.492s][debug][gc,phases,ref  ] GC(24)       Reconsider SoftReferences: 0.1ms
[1.492s][debug][gc,phases,ref  ] GC(24)         SoftRef (ms):                  skipped
[1.492s][debug][gc,phases,ref  ] GC(24)       Notify Soft/WeakReferences: 0.0ms
[1.492s][debug][gc,phases,ref  ] GC(24)         SoftRef (ms):                  skipped
[1.492s][debug][gc,phases,ref  ] GC(24)         WeakRef (ms):                  skipped
[1.492s][debug][gc,phases,ref  ] GC(24)         FinalRef (ms):                 skipped
[1.492s][debug][gc,phases,ref  ] GC(24)         Total (ms):                    skipped
[1.492s][debug][gc,phases,ref  ] GC(24)       Notify and keep alive finalizable: 0.0ms
[1.492s][debug][gc,phases,ref  ] GC(24)         FinalRef (ms):                 skipped
[1.492s][debug][gc,phases,ref  ] GC(24)       Notify PhantomReferences: 0.0ms
[1.492s][debug][gc,phases,ref  ] GC(24)         PhantomRef (ms):               skipped
[1.492s][debug][gc,phases,ref  ] GC(24)       SoftReference:
[1.492s][debug][gc,phases,ref  ] GC(24)         Discovered: 0
[1.492s][debug][gc,phases,ref  ] GC(24)         Cleared: 0
[1.492s][debug][gc,phases,ref  ] GC(24)       WeakReference:
[1.492s][debug][gc,phases,ref  ] GC(24)         Discovered: 0
[1.492s][debug][gc,phases,ref  ] GC(24)         Cleared: 0
[1.492s][debug][gc,phases,ref  ] GC(24)       FinalReference:
[1.492s][debug][gc,phases,ref  ] GC(24)         Discovered: 0
[1.492s][debug][gc,phases,ref  ] GC(24)         Cleared: 0
[1.492s][debug][gc,phases,ref  ] GC(24)       PhantomReference:
[1.492s][debug][gc,phases,ref  ] GC(24)         Discovered: 0
[1.492s][debug][gc,phases,ref  ] GC(24)         Cleared: 0
[1.492s][debug][gc,phases      ] GC(24)     Weak Processing: 0.0ms
[1.492s][debug][gc,phases      ] GC(24)       VM Weak                        Min:  0.0, Avg:  0.0, Max:  0.0, Diff:  0.0, Sum:  0.0, Workers: 3
[1.492s][debug][gc,phases      ] GC(24)         Dead                           Min: 0, Avg:  0.0, Max: 0, Diff: 0, Sum: 0, Workers: 3
[1.492s][debug][gc,phases      ] GC(24)         Total                          Min: 0, Avg:  2.7, Max: 8, Diff: 8, Sum: 8, Workers: 3
[1.492s][debug][gc,phases      ] GC(24)       ObjectSynchronizer Weak        Min:  0.0, Avg:  0.0, Max:  0.0, Diff:  0.0, Sum:  0.0, Workers: 3
[1.492s][debug][gc,phases      ] GC(24)         Dead                           Min: 0, Avg:  0.0, Max: 0, Diff: 0, Sum: 0, Workers: 3
[1.492s][debug][gc,phases      ] GC(24)         Total                          Min: 0, Avg:  1.0, Max: 3, Diff: 3, Sum: 3, Workers: 3
[1.492s][debug][gc,phases      ] GC(24)       JVMTI Tag Weak OopStorage      Min:  0.0, Avg:  0.0, Max:  0.0, Diff:  0.0, Sum:  0.0, Workers: 3
[1.492s][debug][gc,phases      ] GC(24)         Dead                           Min: 0, Avg:  0.0, Max: 0, Diff: 0, Sum: 0, Workers: 3
[1.492s][debug][gc,phases      ] GC(24)         Total                          Min: 0, Avg:  0.0, Max: 0, Diff: 0, Sum: 0, Workers: 3
[1.492s][debug][gc,phases      ] GC(24)       StringTable Weak               Min:  0.0, Avg:  0.0, Max:  0.0, Diff:  0.0, Sum:  0.0, Workers: 3
[1.492s][debug][gc,phases      ] GC(24)         Dead                           Min: 0, Avg:  0.0, Max: 0, Diff: 0, Sum: 0, Workers: 3
[1.492s][debug][gc,phases      ] GC(24)         Total                          Min: 665, Avg: 819.0, Max: 896, Diff: 231, Sum: 2457, Workers: 3
[1.493s][debug][gc,phases      ] GC(24)       ResolvedMethodTable Weak       Min:  0.0, Avg:  0.0, Max:  0.0, Diff:  0.0, Sum:  0.0, Workers: 3
[1.493s][debug][gc,phases      ] GC(24)         Dead                           Min: 0, Avg:  0.0, Max: 0, Diff: 0, Sum: 0, Workers: 3
[1.493s][debug][gc,phases      ] GC(24)         Total                          Min: 9, Avg: 45.7, Max: 64, Diff: 55, Sum: 137, Workers: 3
[1.493s][debug][gc,phases      ] GC(24)       JNI Weak                       Min:  0.0, Avg:  0.0, Max:  0.0, Diff:  0.0, Sum:  0.0, Workers: 3
[1.493s][debug][gc,phases      ] GC(24)         Dead                           Min: 0, Avg:  0.0, Max: 0, Diff: 0, Sum: 0, Workers: 3
[1.493s][debug][gc,phases      ] GC(24)         Total                          Min: 0, Avg:  0.0, Max: 0, Diff: 0, Sum: 0, Workers: 3
[1.493s][debug][gc,phases      ] GC(24)       StringDedup Table Weak         Min:  0.0, Avg:  0.0, Max:  0.0, Diff:  0.0, Sum:  0.0, Workers: 3
[1.493s][debug][gc,phases      ] GC(24)         Dead                           Min: 0, Avg:  0.0, Max: 0, Diff: 0, Sum: 0, Workers: 3
[1.493s][debug][gc,phases      ] GC(24)         Total                          Min: 0, Avg:  0.0, Max: 0, Diff: 0, Sum: 0, Workers: 3
[1.493s][debug][gc,phases      ] GC(24)       StringDedup Requests0 Weak     Min:  0.0, Avg:  0.0, Max:  0.0, Diff:  0.0, Sum:  0.0, Workers: 3
[1.493s][debug][gc,phases      ] GC(24)         Dead                           Min: 0, Avg:  0.0, Max: 0, Diff: 0, Sum: 0, Workers: 3
[1.493s][debug][gc,phases      ] GC(24)         Total                          Min: 0, Avg:  0.0, Max: 0, Diff: 0, Sum: 0, Workers: 3
[1.493s][debug][gc,phases      ] GC(24)       StringDedup Requests1 Weak     Min:  0.0, Avg:  0.0, Max:  0.0, Diff:  0.0, Sum:  0.0, Workers: 3
[1.493s][debug][gc,phases      ] GC(24)         Dead                           Min: 0, Avg:  0.0, Max: 0, Diff: 0, Sum: 0, Workers: 3
[1.493s][debug][gc,phases      ] GC(24)         Total                          Min: 0, Avg:  0.0, Max: 0, Diff: 0, Sum: 0, Workers: 3
[1.493s][debug][gc,phases      ] GC(24)       Weak JFR Old Object Samples    Min:  0.0, Avg:  0.0, Max:  0.0, Diff:  0.0, Sum:  0.0, Workers: 3
[1.493s][debug][gc,phases      ] GC(24)         Dead                           Min: 0, Avg:  0.0, Max: 0, Diff: 0, Sum: 0, Workers: 3
[1.493s][debug][gc,phases      ] GC(24)         Total                          Min: 0, Avg:  0.0, Max: 0, Diff: 0, Sum: 0, Workers: 3
[1.493s][debug][gc,phases      ] GC(24)     Post Evacuate Cleanup 1: 0.1ms
[1.493s][debug][gc,phases      ] GC(24)       Merge Per-Thread State (ms):   Min:  0.0, Avg:  0.0, Max:  0.0, Diff:  0.0, Sum:  0.0, Workers: 1
[1.493s][debug][gc,phases      ] GC(24)         Copied Bytes                   Min: 4425872, Avg: 4708432.0, Max: 4985824, Diff: 559952, Sum: 18833728, Workers: 4
[1.493s][debug][gc,phases      ] GC(24)         LAB Waste                      Min: 160, Avg: 192.0, Max: 280, Diff: 120, Sum: 768, Workers: 4
[1.493s][debug][gc,phases      ] GC(24)         LAB Undo Waste                 Min: 0, Avg:  0.0, Max: 0, Diff: 0, Sum: 0, Workers: 4
[1.493s][debug][gc,phases      ] GC(24)       Clear Logged Cards (ms):       Min:  0.0, Avg:  0.0, Max:  0.0, Diff:  0.0, Sum:  0.0, Workers: 3
[1.493s][debug][gc,phases      ] GC(24)       Recalculate Used Memory (ms):  Min:  0.0, Avg:  0.0, Max:  0.0, Diff:  0.0, Sum:  0.0, Workers: 1
[1.493s][debug][gc,phases      ] GC(24)     Post Evacuate Cleanup 2: 0.1ms
[1.493s][debug][gc,phases      ] GC(24)       Reset Hot Card Cache (ms):     Min:  0.0, Avg:  0.0, Max:  0.0, Diff:  0.0, Sum:  0.0, Workers: 1
[1.493s][debug][gc,phases      ] GC(24)       Purge Code Roots (ms):         Min:  0.0, Avg:  0.0, Max:  0.0, Diff:  0.0, Sum:  0.0, Workers: 1
[1.493s][debug][gc,phases      ] GC(24)       Update Derived Pointers (ms):  Min:  0.0, Avg:  0.0, Max:  0.0, Diff:  0.0, Sum:  0.0, Workers: 1
[1.493s][debug][gc,phases      ] GC(24)       Eagerly Reclaim Humongous Objects (ms): Min:  0.0, Avg:  0.0, Max:  0.0, Diff:  0.0, Sum:  0.0, Workers: 1
[1.493s][debug][gc,phases      ] GC(24)         Humongous Total                Min: 1, Avg:  1.0, Max: 1, Diff: 0, Sum: 1, Workers: 1
[1.493s][debug][gc,phases      ] GC(24)         Humongous Candidates           Min: 0, Avg:  0.0, Max: 0, Diff: 0, Sum: 0, Workers: 1
[1.493s][debug][gc,phases      ] GC(24)         Humongous Reclaimed            Min: 0, Avg:  0.0, Max: 0, Diff: 0, Sum: 0, Workers: 1
[1.493s][debug][gc,phases      ] GC(24)       Redirty Logged Cards (ms):     Min:  0.0, Avg:  0.0, Max:  0.0, Diff:  0.0, Sum:  0.0, Workers: 4
[1.493s][debug][gc,phases      ] GC(24)         Redirtied Cards:               Min: 0, Avg: 384.5, Max: 954, Diff: 954, Sum: 1538, Workers: 4
[1.493s][debug][gc,phases      ] GC(24)       Free Collection Set (ms):      Min:  0.0, Avg:  0.0, Max:  0.0, Diff:  0.0, Sum:  0.0, Workers: 4
[1.493s][debug][gc,phases      ] GC(24)     Rebuild Free List: 0.1ms
[1.493s][debug][gc,phases      ] GC(24)     Start New Collection Set: 0.0ms
[1.493s][debug][gc,phases      ] GC(24)     Resize TLABs: 0.0ms
[1.493s][debug][gc,phases      ] GC(24)     Expand Heap After Collection: 0.0ms
[1.493s][info ][gc,phases      ] GC(24)   Other: 0.7ms
[1.493s][info ][gc,heap        ] GC(24) Eden regions: 14->0(9)
[1.493s][info ][gc,heap        ] GC(24) Survivor regions: 4->3(3)
[1.493s][info ][gc,heap        ] GC(24) Old regions: 142->157
[1.493s][info ][gc,heap        ] GC(24) Archive regions: 0->0
[1.493s][info ][gc,heap        ] GC(24) Humongous regions: 36->36
[1.493s][info ][gc,metaspace   ] GC(24) Metaspace: 470K(640K)->470K(640K) NonClass: 437K(512K)->437K(512K) Class: 33K(128K)->33K(128K)
[1.493s][debug][gc,heap        ] GC(24) Heap after GC invocations=22 (full 1):
[1.493s][debug][gc,heap        ] GC(24)  garbage-first heap   total 262144K, used 199643K [0x00000000f0000000, 0x0000000100000000)
[1.493s][debug][gc,heap        ] GC(24)   region size 1024K, 3 young (3072K), 3 survivors (3072K)
[1.493s][debug][gc,heap        ] GC(24)  Metaspace       used 470K, committed 640K, reserved 1056768K
[1.493s][debug][gc,heap        ] GC(24)   class space    used 33K, committed 128K, reserved 1048576K
[1.493s][info ][gc             ] GC(24) Pause Young (Normal) (G1 Evacuation Pause) 194M->194M(256M) 26.633ms
[1.493s][info ][gc,cpu         ] GC(24) User=0.08s Sys=0.00s Real=0.03s
[1.508s][debug][gc,refine      ] Activated worker 0, on threshold: 5669, current: 5890
[1.509s][debug][gc,refine      ] Deactivated worker 0, off threshold: 5157, current: 4974, refined cards: 916
[1.509s][debug][gc,heap        ] GC(25) Heap before GC invocations=22 (full 1):
[1.509s][debug][gc,heap        ] GC(25)  garbage-first heap   total 262144K, used 208859K [0x00000000f0000000, 0x0000000100000000)
[1.509s][debug][gc,heap        ] GC(25)   region size 1024K, 12 young (12288K), 3 survivors (3072K)
[1.509s][debug][gc,heap        ] GC(25)  Metaspace       used 470K, committed 640K, reserved 1056768K
[1.509s][debug][gc,heap        ] GC(25)   class space    used 33K, committed 128K, reserved 1048576K
[1.509s][info ][gc,start       ] GC(25) Pause Young (Normal) (G1 Evacuation Pause)
[1.509s][info ][gc,task        ] GC(25) Using 4 workers of 4 for evacuation
[1.509s][debug][gc,tlab        ] GC(25) TLAB totals: thrds: 1  refills: 63 max: 63 slow allocs: 0 max 0 waste:  0.4% gc: 0B max: 0B slow: 36720B max: 36720B
[1.509s][debug][gc,age         ] GC(25) Desired survivor size 1048576 bytes, new threshold 1 (max threshold 15)
[1.509s][debug][gc,refine,stats] GC(25) Mutator refinement: 0.00ms, refined: 0, precleaned: 0, dirtied: 4591
[1.509s][debug][gc,refine,stats] GC(25) Concurrent refinement: 1.06ms, refined: 916, precleaned: 0, dirtied: 0
[1.509s][debug][gc,refine,stats] GC(25) Total refinement: 1.06ms, refined: 916, precleaned: 0, dirtied: 4591
[1.509s][debug][gc,refine,stats] GC(25) Concurrent refinement rate: 863.74 cards/ms
[1.509s][debug][gc,refine,stats] GC(25) Generate dirty cards rate: 252.30 cards/ms
[1.509s][debug][gc,alloc,region] GC(25) Mutator Allocation stats, regions: 9, wasted size: 0B ( 0.0%)
[1.509s][debug][gc,humongous   ] GC(25) Humongous region 173 (object size 36920416 @ 0x00000000fad00000) remset 0 code roots 0 marked 1 reclaim candidate 0 type array 0
[1.510s][debug][gc,ergo        ] GC(25) Running G1 Merge Heap Roots using 4 workers for 12 regions
[1.510s][debug][gc,remset      ] GC(25) Visited cards 6400 Total dirty 12288 (52.08%) Total old 444416 (1.44%)
[1.525s][debug][gc,ref         ] GC(25) Skipped phase 1 of Reference Processing: no references
[1.525s][debug][gc,ref         ] GC(25) Skipped phase 2 of Reference Processing: no references
[1.525s][debug][gc,ref         ] GC(25) Skipped phase 3 of Reference Processing: no references
[1.525s][debug][gc,ref         ] GC(25) Skipped phase 4 of Reference Processing: no references
[1.525s][debug][gc,ergo        ] GC(25) Running G1 Rebuild Free List Task using 4 workers for rebuilding free list of regions
[1.525s][debug][gc,plab        ] GC(25) Young PLAB allocation: allocated: 2097152B, wasted: 320B, unused: 0B, used: 2096832B, undo waste: 0B, 
[1.525s][debug][gc,plab        ] GC(25) Young other allocation: region end waste: 0B, regions filled: 2, direct allocated: 0B, failure used: 0B, failure wasted: 0B
[1.525s][debug][gc,plab        ] GC(25) Young sizing: calculated: 419360B, actual: 488128B
[1.525s][debug][gc,plab        ] GC(25) Old PLAB allocation: allocated: 11010048B, wasted: 272B, unused: 560752B, used: 10449024B, undo waste: 0B, 
[1.525s][debug][gc,plab        ] GC(25) Old other allocation: region end waste: 0B, regions filled: 11, direct allocated: 0B, failure used: 0B, failure wasted: 0B
[1.525s][debug][gc,plab        ] GC(25) Old sizing: calculated: 2089800B, actual: 2467320B
[1.525s][debug][gc,ergo,heap   ] GC(25) Heap expansion: short term pause time ratio 46.20% long term pause time ratio 37.73% threshold 7.69% pause time ratio 7.69% fully expanded true resize by 0B
[1.525s][debug][gc,mmu         ] GC(25) MMU: 113.9ms (200.0ms/201.0ms)
[1.526s][debug][gc,alloc,stats ] Old generation allocation in the last mutator period, old gen allocated: 11010048B, humongous allocated: 0B,old gen growth: 11010048B.
[1.526s][debug][gc,ihop        ] GC(25) Basic information (value update), threshold: 120795955B (45.00), target occupancy: 268435456B, current occupancy: 214396144B, recent allocation size: 11010048B, recent allocation duration: 18.20ms, recent old gen allocation rate: 605054075.44B/s, recent marking phase length: 0.00ms
[1.526s][debug][gc,ihop        ] GC(25) Adaptive IHOP information (value update), threshold: 120795955B (52.94), internal target occupancy: 228170137B, occupancy: 214396144B, additional buffer size: 12582912B, predicted old gen allocation rate: 543865374.85B/s, predicted marking phase length: 0.00ms, prediction active: false
[1.526s][debug][gc,ergo,refine ] GC(25) Concurrent refinement times: Logged Cards Scan time goal: 20.00ms Logged Cards Scan time: 1.84ms HCC time: 0.00ms
[1.526s][debug][gc,ergo,refine ] GC(25) Updated Refinement Zones: green: 5672, yellow: 17016, red: 28360
[1.526s][info ][gc,phases      ] GC(25)   Pre Evacuate Collection Set: 0.1ms
[1.526s][debug][gc,phases      ] GC(25)     Prepare TLABs: 0.0ms
[1.526s][debug][gc,phases      ] GC(25)     Concatenate Dirty Card Logs: 0.0ms
[1.526s][debug][gc,phases      ] GC(25)     Choose Collection Set: 0.0ms
[1.526s][debug][gc,phases      ] GC(25)     Region Register: 0.1ms
[1.526s][debug][gc,phases      ] GC(25)     Prepare Heap Roots: 0.0ms
[1.526s][info ][gc,phases      ] GC(25)   Merge Heap Roots: 0.1ms
[1.526s][debug][gc,phases      ] GC(25)     Prepare Merge Heap Roots: 0.0ms
[1.526s][debug][gc,phases      ] GC(25)     Eager Reclaim (ms):            skipped
[1.526s][debug][gc,phases      ] GC(25)     Remembered Sets (ms):          Min:  0.0, Avg:  0.0, Max:  0.0, Diff:  0.0, Sum:  0.0, Workers: 4
[1.526s][debug][gc,phases      ] GC(25)       Merged Sparse:                 Min: 0, Avg:  0.0, Max: 0, Diff: 0, Sum: 0, Workers: 4
[1.526s][debug][gc,phases      ] GC(25)       Merged Fine:                   Min: 0, Avg:  0.8, Max: 2, Diff: 2, Sum: 3, Workers: 4
[1.526s][debug][gc,phases      ] GC(25)       Merged Coarse:                 Min: 0, Avg:  0.0, Max: 0, Diff: 0, Sum: 0, Workers: 4
[1.526s][debug][gc,phases      ] GC(25)       Dirty Cards:                   Min: 0, Avg: 225.3, Max: 614, Diff: 614, Sum: 901, Workers: 4
[1.526s][debug][gc,phases      ] GC(25)     Hot Card Cache (ms):           Min:  0.0, Avg:  0.0, Max:  0.0, Diff:  0.0, Sum:  0.0, Workers: 4
[1.526s][debug][gc,phases      ] GC(25)       Dirty Cards:                   Min: 0, Avg:  0.0, Max: 0, Diff: 0, Sum: 0, Workers: 4
[1.526s][debug][gc,phases      ] GC(25)       Skipped Cards:                 Min: 0, Avg:  0.0, Max: 0, Diff: 0, Sum: 0, Workers: 4
[1.526s][debug][gc,phases      ] GC(25)     Log Buffers (ms):              Min:  0.0, Avg:  0.0, Max:  0.0, Diff:  0.0, Sum:  0.1, Workers: 4
[1.526s][debug][gc,phases      ] GC(25)       Dirty Cards:                   Min: 0, Avg: 1297.3, Max: 1746, Diff: 1746, Sum: 5189, Workers: 4
[1.526s][debug][gc,phases      ] GC(25)       Skipped Cards:                 Min: 0, Avg:  0.0, Max: 0, Diff: 0, Sum: 0, Workers: 4
[1.526s][info ][gc,phases      ] GC(25)   Evacuate Collection Set: 15.2ms
[1.526s][debug][gc,phases      ] GC(25)     Ext Root Scanning (ms):        Min:  0.0, Avg:  0.0, Max:  0.0, Diff:  0.0, Sum:  0.1, Workers: 4
[1.526s][debug][gc,phases      ] GC(25)     Scan Heap Roots (ms):          Min:  1.9, Avg:  2.2, Max:  2.3, Diff:  0.3, Sum:  8.6, Workers: 4
[1.526s][debug][gc,phases      ] GC(25)       Scanned Cards:                 Min: 1428, Avg: 1532.3, Max: 1646, Diff: 218, Sum: 6129, Workers: 4
[1.526s][debug][gc,phases      ] GC(25)       Scanned Blocks:                Min: 6, Avg:  6.3, Max: 7, Diff: 1, Sum: 25, Workers: 4
[1.526s][debug][gc,phases      ] GC(25)       Claimed Chunks:                Min: 6, Avg:  6.3, Max: 7, Diff: 1, Sum: 25, Workers: 4
[1.526s][debug][gc,phases      ] GC(25)     Code Root Scan (ms):           Min:  0.0, Avg:  0.0, Max:  0.0, Diff:  0.0, Sum:  0.0, Workers: 4
[1.526s][debug][gc,phases      ] GC(25)     Object Copy (ms):              Min: 12.9, Avg: 13.0, Max: 13.2, Diff:  0.3, Sum: 52.1, Workers: 4
[1.526s][debug][gc,phases      ] GC(25)     Termination (ms):              Min:  0.0, Avg:  0.0, Max:  0.0, Diff:  0.0, Sum:  0.0, Workers: 4
[1.526s][debug][gc,phases      ] GC(25)       Termination Attempts:          Min: 1, Avg:  3.8, Max: 7, Diff: 6, Sum: 15, Workers: 4
[1.526s][debug][gc,phases      ] GC(25)     GC Worker Other (ms):          Min:  0.0, Avg:  0.0, Max:  0.0, Diff:  0.0, Sum:  0.0, Workers: 4
[1.526s][debug][gc,phases      ] GC(25)     GC Worker Total (ms):          Min: 15.2, Avg: 15.2, Max: 15.2, Diff:  0.0, Sum: 60.8, Workers: 4
[1.526s][info ][gc,phases      ] GC(25)   Post Evacuate Collection Set: 0.5ms
[1.526s][debug][gc,phases      ] GC(25)     Code Roots Fixup: 0.0ms
[1.526s][debug][gc,phases      ] GC(25)     Reference Processing: 0.2ms
[1.526s][debug][gc,phases,ref  ] GC(25)       Reconsider SoftReferences: 0.1ms
[1.526s][debug][gc,phases,ref  ] GC(25)         SoftRef (ms):                  skipped
[1.526s][debug][gc,phases,ref  ] GC(25)       Notify Soft/WeakReferences: 0.0ms
[1.526s][debug][gc,phases,ref  ] GC(25)         SoftRef (ms):                  skipped
[1.526s][debug][gc,phases,ref  ] GC(25)         WeakRef (ms):                  skipped
[1.526s][debug][gc,phases,ref  ] GC(25)         FinalRef (ms):                 skipped
[1.526s][debug][gc,phases,ref  ] GC(25)         Total (ms):                    skipped
[1.526s][debug][gc,phases,ref  ] GC(25)       Notify and keep alive finalizable: 0.0ms
[1.526s][debug][gc,phases,ref  ] GC(25)         FinalRef (ms):                 skipped
[1.526s][debug][gc,phases,ref  ] GC(25)       Notify PhantomReferences: 0.0ms
[1.526s][debug][gc,phases,ref  ] GC(25)         PhantomRef (ms):               skipped
[1.526s][debug][gc,phases,ref  ] GC(25)       SoftReference:
[1.526s][debug][gc,phases,ref  ] GC(25)         Discovered: 0
[1.526s][debug][gc,phases,ref  ] GC(25)         Cleared: 0
[1.526s][debug][gc,phases,ref  ] GC(25)       WeakReference:
[1.526s][debug][gc,phases,ref  ] GC(25)         Discovered: 0
[1.526s][debug][gc,phases,ref  ] GC(25)         Cleared: 0
[1.526s][debug][gc,phases,ref  ] GC(25)       FinalReference:
[1.526s][debug][gc,phases,ref  ] GC(25)         Discovered: 0
[1.526s][debug][gc,phases,ref  ] GC(25)         Cleared: 0
[1.526s][debug][gc,phases,ref  ] GC(25)       PhantomReference:
[1.526s][debug][gc,phases,ref  ] GC(25)         Discovered: 0
[1.527s][debug][gc,phases,ref  ] GC(25)         Cleared: 0
[1.527s][debug][gc,phases      ] GC(25)     Weak Processing: 0.0ms
[1.527s][debug][gc,phases      ] GC(25)       VM Weak                        Min:  0.0, Avg:  0.0, Max:  0.0, Diff:  0.0, Sum:  0.0, Workers: 3
[1.527s][debug][gc,phases      ] GC(25)         Dead                           Min: 0, Avg:  0.0, Max: 0, Diff: 0, Sum: 0, Workers: 3
[1.527s][debug][gc,phases      ] GC(25)         Total                          Min: 0, Avg:  2.7, Max: 8, Diff: 8, Sum: 8, Workers: 3
[1.527s][debug][gc,phases      ] GC(25)       ObjectSynchronizer Weak        Min:  0.0, Avg:  0.0, Max:  0.0, Diff:  0.0, Sum:  0.0, Workers: 3
[1.527s][debug][gc,phases      ] GC(25)         Dead                           Min: 0, Avg:  0.0, Max: 0, Diff: 0, Sum: 0, Workers: 3
[1.527s][debug][gc,phases      ] GC(25)         Total                          Min: 0, Avg:  1.0, Max: 3, Diff: 3, Sum: 3, Workers: 3
[1.527s][debug][gc,phases      ] GC(25)       JVMTI Tag Weak OopStorage      Min:  0.0, Avg:  0.0, Max:  0.0, Diff:  0.0, Sum:  0.0, Workers: 3
[1.527s][debug][gc,phases      ] GC(25)         Dead                           Min: 0, Avg:  0.0, Max: 0, Diff: 0, Sum: 0, Workers: 3
[1.527s][debug][gc,phases      ] GC(25)         Total                          Min: 0, Avg:  0.0, Max: 0, Diff: 0, Sum: 0, Workers: 3
[1.527s][debug][gc,phases      ] GC(25)       StringTable Weak               Min:  0.0, Avg:  0.0, Max:  0.0, Diff:  0.0, Sum:  0.0, Workers: 3
[1.527s][debug][gc,phases      ] GC(25)         Dead                           Min: 0, Avg:  0.0, Max: 0, Diff: 0, Sum: 0, Workers: 3
[1.527s][debug][gc,phases      ] GC(25)         Total                          Min: 640, Avg: 819.0, Max: 921, Diff: 281, Sum: 2457, Workers: 3
[1.527s][debug][gc,phases      ] GC(25)       ResolvedMethodTable Weak       Min:  0.0, Avg:  0.0, Max:  0.0, Diff:  0.0, Sum:  0.0, Workers: 3
[1.527s][debug][gc,phases      ] GC(25)         Dead                           Min: 0, Avg:  0.0, Max: 0, Diff: 0, Sum: 0, Workers: 3
[1.527s][debug][gc,phases      ] GC(25)         Total                          Min: 9, Avg: 45.7, Max: 64, Diff: 55, Sum: 137, Workers: 3
[1.527s][debug][gc,phases      ] GC(25)       JNI Weak                       Min:  0.0, Avg:  0.0, Max:  0.0, Diff:  0.0, Sum:  0.0, Workers: 3
[1.527s][debug][gc,phases      ] GC(25)         Dead                           Min: 0, Avg:  0.0, Max: 0, Diff: 0, Sum: 0, Workers: 3
[1.527s][debug][gc,phases      ] GC(25)         Total                          Min: 0, Avg:  0.0, Max: 0, Diff: 0, Sum: 0, Workers: 3
[1.527s][debug][gc,phases      ] GC(25)       StringDedup Table Weak         Min:  0.0, Avg:  0.0, Max:  0.0, Diff:  0.0, Sum:  0.0, Workers: 3
[1.527s][debug][gc,phases      ] GC(25)         Dead                           Min: 0, Avg:  0.0, Max: 0, Diff: 0, Sum: 0, Workers: 3
[1.527s][debug][gc,phases      ] GC(25)         Total                          Min: 0, Avg:  0.0, Max: 0, Diff: 0, Sum: 0, Workers: 3
[1.527s][debug][gc,phases      ] GC(25)       StringDedup Requests0 Weak     Min:  0.0, Avg:  0.0, Max:  0.0, Diff:  0.0, Sum:  0.0, Workers: 3
[1.527s][debug][gc,phases      ] GC(25)         Dead                           Min: 0, Avg:  0.0, Max: 0, Diff: 0, Sum: 0, Workers: 3
[1.527s][debug][gc,phases      ] GC(25)         Total                          Min: 0, Avg:  0.0, Max: 0, Diff: 0, Sum: 0, Workers: 3
[1.527s][debug][gc,phases      ] GC(25)       StringDedup Requests1 Weak     Min:  0.0, Avg:  0.0, Max:  0.0, Diff:  0.0, Sum:  0.0, Workers: 3
[1.527s][debug][gc,phases      ] GC(25)         Dead                           Min: 0, Avg:  0.0, Max: 0, Diff: 0, Sum: 0, Workers: 3
[1.527s][debug][gc,phases      ] GC(25)         Total                          Min: 0, Avg:  0.0, Max: 0, Diff: 0, Sum: 0, Workers: 3
[1.527s][debug][gc,phases      ] GC(25)       Weak JFR Old Object Samples    Min:  0.0, Avg:  0.0, Max:  0.0, Diff:  0.0, Sum:  0.0, Workers: 3
[1.527s][debug][gc,phases      ] GC(25)         Dead                           Min: 0, Avg:  0.0, Max: 0, Diff: 0, Sum: 0, Workers: 3
[1.527s][debug][gc,phases      ] GC(25)         Total                          Min: 0, Avg:  0.0, Max: 0, Diff: 0, Sum: 0, Workers: 3
[1.527s][debug][gc,phases      ] GC(25)     Post Evacuate Cleanup 1: 0.0ms
[1.527s][debug][gc,phases      ] GC(25)       Merge Per-Thread State (ms):   Min:  0.0, Avg:  0.0, Max:  0.0, Diff:  0.0, Sum:  0.0, Workers: 1
[1.527s][debug][gc,phases      ] GC(25)         Copied Bytes                   Min: 2936384, Avg: 3136464.0, Max: 3358048, Diff: 421664, Sum: 12545856, Workers: 4
[1.527s][debug][gc,phases      ] GC(25)         LAB Waste                      Min: 80, Avg: 148.0, Max: 208, Diff: 128, Sum: 592, Workers: 4
[1.527s][debug][gc,phases      ] GC(25)         LAB Undo Waste                 Min: 0, Avg:  0.0, Max: 0, Diff: 0, Sum: 0, Workers: 4
[1.527s][debug][gc,phases      ] GC(25)       Clear Logged Cards (ms):       Min:  0.0, Avg:  0.0, Max:  0.0, Diff:  0.0, Sum:  0.0, Workers: 3
[1.527s][debug][gc,phases      ] GC(25)       Recalculate Used Memory (ms):  Min:  0.0, Avg:  0.0, Max:  0.0, Diff:  0.0, Sum:  0.0, Workers: 1
[1.527s][debug][gc,phases      ] GC(25)     Post Evacuate Cleanup 2: 0.1ms
[1.527s][debug][gc,phases      ] GC(25)       Reset Hot Card Cache (ms):     Min:  0.0, Avg:  0.0, Max:  0.0, Diff:  0.0, Sum:  0.0, Workers: 1
[1.527s][debug][gc,phases      ] GC(25)       Purge Code Roots (ms):         Min:  0.0, Avg:  0.0, Max:  0.0, Diff:  0.0, Sum:  0.0, Workers: 1
[1.527s][debug][gc,phases      ] GC(25)       Update Derived Pointers (ms):  Min:  0.0, Avg:  0.0, Max:  0.0, Diff:  0.0, Sum:  0.0, Workers: 1
[1.527s][debug][gc,phases      ] GC(25)       Eagerly Reclaim Humongous Objects (ms): Min:  0.0, Avg:  0.0, Max:  0.0, Diff:  0.0, Sum:  0.0, Workers: 1
[1.527s][debug][gc,phases      ] GC(25)         Humongous Total                Min: 1, Avg:  1.0, Max: 1, Diff: 0, Sum: 1, Workers: 1
[1.527s][debug][gc,phases      ] GC(25)         Humongous Candidates           Min: 0, Avg:  0.0, Max: 0, Diff: 0, Sum: 0, Workers: 1
[1.527s][debug][gc,phases      ] GC(25)         Humongous Reclaimed            Min: 0, Avg:  0.0, Max: 0, Diff: 0, Sum: 0, Workers: 1
[1.527s][debug][gc,phases      ] GC(25)       Redirty Logged Cards (ms):     Min:  0.0, Avg:  0.0, Max:  0.0, Diff:  0.0, Sum:  0.0, Workers: 4
[1.527s][debug][gc,phases      ] GC(25)         Redirtied Cards:               Min: 0, Avg: 256.5, Max: 769, Diff: 769, Sum: 1026, Workers: 4
[1.527s][debug][gc,phases      ] GC(25)       Free Collection Set (ms):      Min:  0.0, Avg:  0.0, Max:  0.0, Diff:  0.0, Sum:  0.0, Workers: 4
[1.527s][debug][gc,phases      ] GC(25)     Rebuild Free List: 0.1ms
[1.527s][debug][gc,phases      ] GC(25)     Start New Collection Set: 0.0ms
[1.527s][debug][gc,phases      ] GC(25)     Resize TLABs: 0.0ms
[1.527s][debug][gc,phases      ] GC(25)     Expand Heap After Collection: 0.0ms
[1.527s][info ][gc,phases      ] GC(25)   Other: 0.6ms
[1.527s][info ][gc,heap        ] GC(25) Eden regions: 9->0(10)
[1.527s][info ][gc,heap        ] GC(25) Survivor regions: 3->2(2)
[1.527s][info ][gc,heap        ] GC(25) Old regions: 157->168
[1.527s][info ][gc,heap        ] GC(25) Archive regions: 0->0
[1.528s][info ][gc,heap        ] GC(25) Humongous regions: 36->36
[1.528s][info ][gc,metaspace   ] GC(25) Metaspace: 470K(640K)->470K(640K) NonClass: 437K(512K)->437K(512K) Class: 33K(128K)->33K(128K)
[1.528s][debug][gc,heap        ] GC(25) Heap after GC invocations=23 (full 1):
[1.528s][debug][gc,heap        ] GC(25)  garbage-first heap   total 262144K, used 209371K [0x00000000f0000000, 0x0000000100000000)
[1.528s][debug][gc,heap        ] GC(25)   region size 1024K, 2 young (2048K), 2 survivors (2048K)
[1.528s][debug][gc,heap        ] GC(25)  Metaspace       used 470K, committed 640K, reserved 1056768K
[1.528s][debug][gc,heap        ] GC(25)   class space    used 33K, committed 128K, reserved 1048576K
[1.528s][info ][gc             ] GC(25) Pause Young (Normal) (G1 Evacuation Pause) 203M->204M(256M) 18.467ms
[1.528s][info ][gc,cpu         ] GC(25) User=0.06s Sys=0.00s Real=0.02s
[1.559s][debug][gc,stats       ] ---------------------------------------------------------------------
[1.559s][debug][gc,stats       ] Marking Stats, task = 0, calls = 17
[1.559s][debug][gc,stats       ]   Elapsed time = 162.06ms, Termination time = 0.00ms
[1.559s][debug][gc,stats       ]   Step Times (cum): num = 48, avg = 5.52ms, sd = 7.46ms max = 16.00ms, total = 265.00ms
[1.559s][debug][gc,stats       ]   Mark Stats Cache: hits 489715 misses 0 ratio 100.000
[1.559s][debug][gc,stats       ] ---------------------------------------------------------------------
[1.559s][info ][gc,marking     ] GC(22) Concurrent Mark From Roots 162.323ms
[1.559s][info ][gc,marking     ] GC(22) Concurrent Preclean
[1.559s][debug][gc,ref,start   ] GC(22) Preclean SoftReferences
[1.559s][debug][gc,ref         ] GC(22) Preclean SoftReferences 0.060ms
[1.559s][debug][gc,ref,start   ] GC(22) Preclean WeakReferences
[1.559s][debug][gc,ref         ] GC(22) Preclean WeakReferences 0.043ms
[1.559s][debug][gc,ref,start   ] GC(22) Preclean FinalReferences
[1.559s][debug][gc,ref         ] GC(22) Preclean FinalReferences 0.039ms
[1.559s][debug][gc,ref,start   ] GC(22) Preclean PhantomReferences
[1.559s][debug][gc,ref         ] GC(22) Preclean PhantomReferences 0.035ms
[1.559s][info ][gc,marking     ] GC(22) Concurrent Preclean 0.297ms
[1.559s][info ][gc,start       ] GC(22) Pause Remark
[1.559s][debug][gc,phases,start] GC(22) Finalize Marking
[1.560s][debug][gc,stats       ] ---------------------------------------------------------------------
[1.560s][debug][gc,stats       ] Marking Stats, task = 0, calls = 34
[1.560s][debug][gc,stats       ]   Elapsed time = 0.11ms, Termination time = 0.00ms
[1.560s][debug][gc,stats       ]   Step Times (cum): num = 65, avg = 4.08ms, sd = 6.86ms max = 16.00ms, total = 265.00ms
[1.560s][debug][gc,stats       ]   Mark Stats Cache: hits 489715 misses 0 ratio 100.000
[1.560s][debug][gc,stats       ] ---------------------------------------------------------------------
[1.560s][debug][gc,stats       ] Marking Stats, task = 1, calls = 1
[1.560s][debug][gc,stats       ]   Elapsed time = 0.13ms, Termination time = 0.00ms
[1.560s][debug][gc,stats       ]   Step Times (cum): num = 1, avg = 0.00ms, sd = 0.00ms max = 0.00ms, total = 0.00ms
[1.560s][debug][gc,stats       ]   Mark Stats Cache: hits 36 misses 0 ratio 100.000
[1.560s][debug][gc,stats       ] ---------------------------------------------------------------------
[1.560s][debug][gc,stats       ] Marking Stats, task = 2, calls = 1
[1.560s][debug][gc,stats       ]   Elapsed time = 0.11ms, Termination time = 0.00ms
[1.560s][debug][gc,stats       ]   Step Times (cum): num = 1, avg = 0.00ms, sd = 0.00ms max = 0.00ms, total = 0.00ms
[1.560s][debug][gc,stats       ]   Mark Stats Cache: hits 18 misses 0 ratio 100.000
[1.560s][debug][gc,stats       ] ---------------------------------------------------------------------
[1.560s][debug][gc,stats       ] Marking Stats, task = 3, calls = 1
[1.560s][debug][gc,stats       ]   Elapsed time = 0.01ms, Termination time = 0.00ms
[1.560s][debug][gc,stats       ]   Step Times (cum): num = 1, avg = 0.00ms, sd = 0.00ms max = 0.00ms, total = 0.00ms
[1.560s][debug][gc,stats       ]   Mark Stats Cache: hits 1238 misses 0 ratio 100.000
[1.560s][debug][gc,stats       ] ---------------------------------------------------------------------
[1.560s][debug][gc,phases      ] GC(22) Finalize Marking 0.648ms
[1.560s][debug][gc,phases,start] GC(22) Reference Processing
[1.560s][debug][gc,ref         ] GC(22) Skipped phase 1 of Reference Processing: no references
[1.560s][debug][gc,ref         ] GC(22) Skipped phase 2 of Reference Processing: no references
[1.560s][debug][gc,ref         ] GC(22) Skipped phase 3 of Reference Processing: no references
[1.560s][debug][gc,ref         ] GC(22) Skipped phase 4 of Reference Processing: no references
[1.560s][debug][gc,phases,ref  ] GC(22) Reference Processing: 0.1ms
[1.560s][debug][gc,phases,ref  ] GC(22)   Reconsider SoftReferences: 0.0ms
[1.560s][debug][gc,phases,ref  ] GC(22)     SoftRef (ms):                  skipped
[1.560s][debug][gc,phases,ref  ] GC(22)   Notify Soft/WeakReferences: 0.0ms
[1.560s][debug][gc,phases,ref  ] GC(22)     SoftRef (ms):                  skipped
[1.560s][debug][gc,phases,ref  ] GC(22)     WeakRef (ms):                  skipped
[1.560s][debug][gc,phases,ref  ] GC(22)     FinalRef (ms):                 skipped
[1.560s][debug][gc,phases,ref  ] GC(22)     Total (ms):                    skipped
[1.560s][debug][gc,phases,ref  ] GC(22)   Notify and keep alive finalizable: 0.0ms
[1.560s][debug][gc,phases,ref  ] GC(22)     FinalRef (ms):                 skipped
[1.561s][debug][gc,phases,ref  ] GC(22)   Notify PhantomReferences: 0.0ms
[1.561s][debug][gc,phases,ref  ] GC(22)     PhantomRef (ms):               skipped
[1.561s][debug][gc,phases,ref  ] GC(22)   SoftReference:
[1.561s][debug][gc,phases,ref  ] GC(22)     Discovered: 0
[1.561s][debug][gc,phases,ref  ] GC(22)     Cleared: 0
[1.561s][debug][gc,phases,ref  ] GC(22)   WeakReference:
[1.561s][debug][gc,phases,ref  ] GC(22)     Discovered: 0
[1.561s][debug][gc,phases,ref  ] GC(22)     Cleared: 0
[1.561s][debug][gc,phases,ref  ] GC(22)   FinalReference:
[1.561s][debug][gc,phases,ref  ] GC(22)     Discovered: 0
[1.561s][debug][gc,phases,ref  ] GC(22)     Cleared: 0
[1.561s][debug][gc,phases,ref  ] GC(22)   PhantomReference:
[1.561s][debug][gc,phases,ref  ] GC(22)     Discovered: 0
[1.561s][debug][gc,phases,ref  ] GC(22)     Cleared: 0
[1.561s][debug][gc,phases      ] GC(22) Reference Processing 0.710ms
[1.561s][debug][gc,phases,start] GC(22) Weak Processing
[1.561s][debug][gc,phases      ] GC(22)   VM Weak                        Min:  0.0, Avg:  0.0, Max:  0.0, Diff:  0.0, Sum:  0.0, Workers: 3
[1.561s][debug][gc,phases      ] GC(22)     Dead                           Min: 0, Avg:  0.0, Max: 0, Diff: 0, Sum: 0, Workers: 3
[1.561s][debug][gc,phases      ] GC(22)     Total                          Min: 0, Avg:  2.7, Max: 8, Diff: 8, Sum: 8, Workers: 3
[1.561s][debug][gc,phases      ] GC(22)   ObjectSynchronizer Weak        Min:  0.0, Avg:  0.0, Max:  0.0, Diff:  0.0, Sum:  0.0, Workers: 3
[1.561s][debug][gc,phases      ] GC(22)     Dead                           Min: 0, Avg:  0.0, Max: 0, Diff: 0, Sum: 0, Workers: 3
[1.561s][debug][gc,phases      ] GC(22)     Total                          Min: 0, Avg:  1.0, Max: 3, Diff: 3, Sum: 3, Workers: 3
[1.561s][debug][gc,phases      ] GC(22)   JVMTI Tag Weak OopStorage      Min:  0.0, Avg:  0.0, Max:  0.0, Diff:  0.0, Sum:  0.0, Workers: 3
[1.561s][debug][gc,phases      ] GC(22)     Dead                           Min: 0, Avg:  0.0, Max: 0, Diff: 0, Sum: 0, Workers: 3
[1.561s][debug][gc,phases      ] GC(22)     Total                          Min: 0, Avg:  0.0, Max: 0, Diff: 0, Sum: 0, Workers: 3
[1.561s][debug][gc,phases      ] GC(22)   StringTable Weak               Min:  0.0, Avg:  0.0, Max:  0.0, Diff:  0.0, Sum:  0.0, Workers: 3
[1.561s][debug][gc,phases      ] GC(22)     Dead                           Min: 0, Avg:  0.0, Max: 0, Diff: 0, Sum: 0, Workers: 3
[1.561s][debug][gc,phases      ] GC(22)     Total                          Min: 704, Avg: 819.0, Max: 985, Diff: 281, Sum: 2457, Workers: 3
[1.561s][debug][gc,phases      ] GC(22)   ResolvedMethodTable Weak       Min:  0.0, Avg:  0.0, Max:  0.0, Diff:  0.0, Sum:  0.0, Workers: 3
[1.561s][debug][gc,phases      ] GC(22)     Dead                           Min: 0, Avg:  0.0, Max: 0, Diff: 0, Sum: 0, Workers: 3
[1.561s][debug][gc,phases      ] GC(22)     Total                          Min: 9, Avg: 45.7, Max: 64, Diff: 55, Sum: 137, Workers: 3
[1.561s][debug][gc,phases      ] GC(22)   JNI Weak                       Min:  0.0, Avg:  0.0, Max:  0.0, Diff:  0.0, Sum:  0.0, Workers: 3
[1.561s][debug][gc,phases      ] GC(22)     Dead                           Min: 0, Avg:  0.0, Max: 0, Diff: 0, Sum: 0, Workers: 3
[1.561s][debug][gc,phases      ] GC(22)     Total                          Min: 0, Avg:  0.0, Max: 0, Diff: 0, Sum: 0, Workers: 3
[1.562s][debug][gc,phases      ] GC(22)   StringDedup Table Weak         Min:  0.0, Avg:  0.0, Max:  0.0, Diff:  0.0, Sum:  0.0, Workers: 3
[1.562s][debug][gc,task,start  ] G1 Service Thread (Remembered Set Sampling Task) (run)
[1.562s][debug][gc,phases      ] GC(22)     Dead                           Min: 0, Avg:  0.0, Max: 0, Diff: 0, Sum: 0, Workers: 3
[1.562s][debug][gc,phases      ] GC(22)     Total                          Min: 0, Avg:  0.0, Max: 0, Diff: 0, Sum: 0, Workers: 3
[1.562s][debug][gc,phases      ] GC(22)   StringDedup Requests0 Weak     Min:  0.0, Avg:  0.0, Max:  0.0, Diff:  0.0, Sum:  0.0, Workers: 3
[1.562s][debug][gc,phases      ] GC(22)     Dead                           Min: 0, Avg:  0.0, Max: 0, Diff: 0, Sum: 0, Workers: 3
[1.562s][debug][gc,phases      ] GC(22)     Total                          Min: 0, Avg:  0.0, Max: 0, Diff: 0, Sum: 0, Workers: 3
[1.562s][debug][gc,phases      ] GC(22)   StringDedup Requests1 Weak     Min:  0.0, Avg:  0.0, Max:  0.0, Diff:  0.0, Sum:  0.0, Workers: 3
[1.562s][debug][gc,phases      ] GC(22)     Dead                           Min: 0, Avg:  0.0, Max: 0, Diff: 0, Sum: 0, Workers: 3
[1.562s][debug][gc,phases      ] GC(22)     Total                          Min: 0, Avg:  0.0, Max: 0, Diff: 0, Sum: 0, Workers: 3
[1.562s][debug][gc,phases      ] GC(22)   Weak JFR Old Object Samples    Min:  0.0, Avg:  0.0, Max:  0.0, Diff:  0.0, Sum:  0.0, Workers: 3
[1.562s][debug][gc,phases      ] GC(22)     Dead                           Min: 0, Avg:  0.0, Max: 0, Diff: 0, Sum: 0, Workers: 3
[1.562s][debug][gc,phases      ] GC(22)     Total                          Min: 0, Avg:  0.0, Max: 0, Diff: 0, Sum: 0, Workers: 3
[1.562s][debug][gc,phases      ] GC(22) Weak Processing 1.085ms
[1.562s][debug][gc,phases,start] GC(22) Class Unloading
[1.562s][debug][gc,phases,start] GC(22) ClassLoaderData
[1.562s][debug][gc,phases      ] GC(22) ClassLoaderData 0.024ms
[1.562s][debug][gc,phases,start] GC(22) Trigger cleanups
[1.562s][debug][gc,phases      ] GC(22) Trigger cleanups 0.030ms
[1.562s][debug][gc,phases      ] GC(22) Class Unloading 0.297ms
[1.562s][debug][gc,phases,start] GC(22) Flush Task Caches
[1.562s][debug][gc,stats       ] Mark stats cache hits 491007 misses 0 ratio 100.000
[1.562s][debug][gc,phases      ] GC(22) Flush Task Caches 0.067ms
[1.562s][debug][gc,phases,start] GC(22) Update Remembered Set Tracking Before Rebuild
[1.562s][debug][gc,ergo        ] GC(22) Running G1 Update RemSet Tracking Before Rebuild using 1 workers for 256 regions in heap
[1.563s][debug][gc,remset,tracking] GC(22) Remembered Set Tracking update regions total 256, selected 6
[1.563s][debug][gc,phases         ] GC(22) Update Remembered Set Tracking Before Rebuild 0.171ms
[1.563s][debug][gc,phases,start   ] GC(22) Reclaim Empty Regions
[1.563s][debug][gc                ] GC(22) Reclaimed 71 empty regions
[1.563s][debug][gc,phases         ] GC(22) Reclaim Empty Regions 0.114ms
[1.563s][debug][gc,phases,start   ] GC(22) Purge Metaspace
[1.563s][debug][gc,phases         ] GC(22) Purge Metaspace 0.025ms
[1.563s][debug][gc,phases,start   ] GC(22) Report Object Count
[1.563s][debug][gc,phases         ] GC(22) Report Object Count 0.024ms
[1.563s][debug][gc,mmu            ] GC(22) MMU: 79.9ms (200.0ms/201.0ms)
[1.563s][info ][gc                ] GC(22) Pause Remark 214M->144M(256M) 3.486ms
[1.563s][info ][gc,cpu            ] GC(22) User=0.00s Sys=0.00s Real=0.00s
[1.563s][debug][gc,task           ] G1 Service Thread (Remembered Set Sampling Task) (run) 1.499ms (cpu: 0.000ms)
[1.563s][info ][gc,marking        ] GC(22) Concurrent Mark 166.418ms
[1.563s][info ][gc,marking        ] GC(22) Concurrent Rebuild Remembered Sets
[1.567s][debug][gc,heap           ] GC(26) Heap before GC invocations=23 (full 1):
[1.567s][debug][gc,heap           ] GC(26)  garbage-first heap   total 262144K, used 147967K [0x00000000f0000000, 0x0000000100000000)
[1.567s][debug][gc,heap           ] GC(26)   region size 1024K, 12 young (12288K), 2 survivors (2048K)
[1.567s][debug][gc,heap           ] GC(26)  Metaspace       used 470K, committed 640K, reserved 1056768K
[1.567s][debug][gc,heap           ] GC(26)   class space    used 33K, committed 128K, reserved 1048576K
[1.567s][info ][gc,start          ] GC(26) Pause Young (Normal) (G1 Evacuation Pause)
[1.567s][info ][gc,task           ] GC(26) Using 4 workers of 4 for evacuation
[1.567s][debug][gc,tlab           ] GC(26) TLAB totals: thrds: 1  refills: 60 max: 60 slow allocs: 0 max 0 waste:  0.3% gc: 0B max: 0B slow: 34960B max: 34960B
[1.567s][debug][gc,age            ] GC(26) Desired survivor size 1048576 bytes, new threshold 1 (max threshold 15)
[1.567s][debug][gc,refine,stats   ] GC(26) Mutator refinement: 0.00ms, refined: 0, precleaned: 0, dirtied: 5099
[1.567s][debug][gc,refine,stats   ] GC(26) Concurrent refinement: 0.00ms, refined: 0, precleaned: 0, dirtied: 0
[1.567s][debug][gc,refine,stats   ] GC(26) Total refinement: 0.00ms, refined: 0, precleaned: 0, dirtied: 5099
[1.567s][debug][gc,refine,stats   ] GC(26) Generate dirty cards rate: 134.46 cards/ms
[1.567s][debug][gc,alloc,region   ] GC(26) Mutator Allocation stats, regions: 10, wasted size: 9680B ( 0.1%)
[1.567s][debug][gc,humongous      ] GC(26) Humongous region 173 (object size 36920416 @ 0x00000000fad00000) remset 0 code roots 0 marked 1 reclaim candidate 0 type array 0
[1.567s][debug][gc,ergo           ] GC(26) Running G1 Merge Heap Roots using 4 workers for 12 regions
[1.567s][debug][gc,remset         ] GC(26) Visited cards 7168 Total dirty 14336 (50.00%) Total old 321536 (2.23%)
[1.569s][debug][gc,ref            ] GC(26) Skipped phase 1 of Reference Processing: no references
[1.569s][debug][gc,ref            ] GC(26) Skipped phase 2 of Reference Processing: no references
[1.569s][debug][gc,ref            ] GC(26) Skipped phase 3 of Reference Processing: no references
[1.569s][debug][gc,ref            ] GC(26) Skipped phase 4 of Reference Processing: no references
[1.569s][debug][gc,ergo           ] GC(26) Running G1 Rebuild Free List Task using 4 workers for rebuilding free list of regions
[1.569s][debug][gc,plab           ] GC(26) Young PLAB allocation: allocated: 610160B, wasted: 16B, unused: 362800B, used: 247344B, undo waste: 0B, 
[1.569s][debug][gc,plab           ] GC(26) Young other allocation: region end waste: 0B, regions filled: 1, direct allocated: 0B, failure used: 0B, failure wasted: 0B
[1.569s][debug][gc,plab           ] GC(26) Young sizing: calculated: 49464B, actual: 159128B
[1.569s][debug][gc,plab           ] GC(26) Old PLAB allocation: allocated: 0B, wasted: 0B, unused: 0B, used: 0B, undo waste: 0B, 
[1.569s][debug][gc,plab           ] GC(26) Old other allocation: region end waste: 0B, regions filled: 1, direct allocated: 0B, failure used: 0B, failure wasted: 0B
[1.569s][debug][gc,plab           ] GC(26) Old sizing: calculated: 0B, actual: 616824B
[1.569s][debug][gc,ergo,heap      ] GC(26) Heap expansion: short term pause time ratio 9.11% long term pause time ratio 35.66% threshold 7.69% pause time ratio 7.69% fully expanded true resize by 0B
[1.569s][debug][gc,mmu            ] GC(26) MMU: 80.2ms (200.0ms/201.0ms)
[1.569s][debug][gc,alloc,stats    ] Old generation allocation in the last mutator period, old gen allocated: 0B, humongous allocated: 0B,old gen growth: 0B.
[1.569s][debug][gc,ihop           ] GC(26) Basic information (value update), threshold: 120795955B (45.00), target occupancy: 268435456B, current occupancy: 139546464B, recent allocation size: 0B, recent allocation duration: 37.92ms, recent old gen allocation rate: 0.00B/s, recent marking phase length: 0.00ms
[1.569s][debug][gc,ihop           ] GC(26) Adaptive IHOP information (value update), threshold: 120795955B (52.94), internal target occupancy: 228170137B, occupancy: 139546464B, additional buffer size: 32505856B, predicted old gen allocation rate: 526387418.96B/s, predicted marking phase length: 0.00ms, prediction active: false
[1.569s][debug][gc,ergo,refine    ] GC(26) Concurrent refinement times: Logged Cards Scan time goal: 20.00ms Logged Cards Scan time: 1.15ms HCC time: 0.00ms
[1.569s][debug][gc,ergo,refine    ] GC(26) Updated Refinement Zones: green: 6239, yellow: 18717, red: 31195
[1.569s][info ][gc,phases         ] GC(26)   Pre Evacuate Collection Set: 0.1ms
[1.569s][debug][gc,phases         ] GC(26)     Prepare TLABs: 0.0ms
[1.569s][debug][gc,phases         ] GC(26)     Concatenate Dirty Card Logs: 0.0ms
[1.569s][debug][gc,phases         ] GC(26)     Choose Collection Set: 0.0ms
[1.569s][debug][gc,phases         ] GC(26)     Region Register: 0.1ms
[1.569s][debug][gc,phases         ] GC(26)     Prepare Heap Roots: 0.0ms
[1.569s][info ][gc,phases         ] GC(26)   Merge Heap Roots: 0.1ms
[1.569s][debug][gc,phases         ] GC(26)     Prepare Merge Heap Roots: 0.0ms
[1.569s][debug][gc,phases         ] GC(26)     Eager Reclaim (ms):            skipped
[1.569s][debug][gc,phases         ] GC(26)     Remembered Sets (ms):          Min:  0.0, Avg:  0.0, Max:  0.0, Diff:  0.0, Sum:  0.0, Workers: 4
[1.569s][debug][gc,phases         ] GC(26)       Merged Sparse:                 Min: 0, Avg:  0.0, Max: 0, Diff: 0, Sum: 0, Workers: 4
[1.569s][debug][gc,phases         ] GC(26)       Merged Fine:                   Min: 0, Avg:  0.0, Max: 0, Diff: 0, Sum: 0, Workers: 4
[1.569s][debug][gc,phases         ] GC(26)       Merged Coarse:                 Min: 0, Avg:  0.0, Max: 0, Diff: 0, Sum: 0, Workers: 4
[1.570s][debug][gc,phases         ] GC(26)       Dirty Cards:                   Min: 0, Avg:  0.0, Max: 0, Diff: 0, Sum: 0, Workers: 4
[1.570s][debug][gc,phases         ] GC(26)     Hot Card Cache (ms):           Min:  0.0, Avg:  0.0, Max:  0.0, Diff:  0.0, Sum:  0.0, Workers: 4
[1.570s][debug][gc,phases         ] GC(26)       Dirty Cards:                   Min: 0, Avg:  0.0, Max: 0, Diff: 0, Sum: 0, Workers: 4
[1.570s][debug][gc,phases         ] GC(26)       Skipped Cards:                 Min: 0, Avg:  0.0, Max: 0, Diff: 0, Sum: 0, Workers: 4
[1.570s][debug][gc,phases         ] GC(26)     Log Buffers (ms):              Min:  0.0, Avg:  0.0, Max:  0.0, Diff:  0.0, Sum:  0.1, Workers: 4
[1.570s][debug][gc,phases         ] GC(26)       Dirty Cards:                   Min: 1508, Avg: 1523.3, Max: 1529, Diff: 21, Sum: 6093, Workers: 4
[1.570s][debug][gc,phases         ] GC(26)       Skipped Cards:                 Min: 0, Avg:  0.0, Max: 0, Diff: 0, Sum: 0, Workers: 4
[1.570s][info ][gc,phases         ] GC(26)   Evacuate Collection Set: 1.7ms
[1.570s][debug][gc,phases         ] GC(26)     Ext Root Scanning (ms):        Min:  0.0, Avg:  0.0, Max:  0.0, Diff:  0.0, Sum:  0.1, Workers: 4
[1.570s][debug][gc,phases         ] GC(26)     Scan Heap Roots (ms):          Min:  0.7, Avg:  1.1, Max:  1.4, Diff:  0.7, Sum:  4.5, Workers: 4
[1.570s][debug][gc,phases         ] GC(26)       Scanned Cards:                 Min: 484, Avg: 1531.3, Max: 2836, Diff: 2352, Sum: 6125, Workers: 4
[1.570s][debug][gc,phases         ] GC(26)       Scanned Blocks:                Min: 3, Avg:  7.0, Max: 14, Diff: 11, Sum: 28, Workers: 4
[1.570s][debug][gc,phases         ] GC(26)       Claimed Chunks:                Min: 3, Avg:  7.0, Max: 14, Diff: 11, Sum: 28, Workers: 4
[1.570s][debug][gc,phases         ] GC(26)     Code Root Scan (ms):           Min:  0.0, Avg:  0.0, Max:  0.0, Diff:  0.0, Sum:  0.0, Workers: 4
[1.570s][debug][gc,phases         ] GC(26)     Object Copy (ms):              Min:  0.3, Avg:  0.5, Max:  1.0, Diff:  0.7, Sum:  1.9, Workers: 4
[1.570s][debug][gc,phases         ] GC(26)     Termination (ms):              Min:  0.0, Avg:  0.0, Max:  0.0, Diff:  0.0, Sum:  0.0, Workers: 4
[1.570s][debug][gc,phases         ] GC(26)       Termination Attempts:          Min: 1, Avg:  3.8, Max: 6, Diff: 5, Sum: 15, Workers: 4
[1.570s][debug][gc,phases         ] GC(26)     GC Worker Other (ms):          Min:  0.0, Avg:  0.0, Max:  0.0, Diff:  0.0, Sum:  0.0, Workers: 4
[1.570s][debug][gc,phases         ] GC(26)     GC Worker Total (ms):          Min:  1.6, Avg:  1.6, Max:  1.6, Diff:  0.0, Sum:  6.5, Workers: 4
[1.570s][info ][gc,phases         ] GC(26)   Post Evacuate Collection Set: 0.3ms
[1.570s][debug][gc,phases         ] GC(26)     Code Roots Fixup: 0.0ms
[1.570s][debug][gc,phases         ] GC(26)     Reference Processing: 0.1ms
[1.570s][debug][gc,phases,ref     ] GC(26)       Reconsider SoftReferences: 0.1ms
[1.570s][debug][gc,phases,ref     ] GC(26)         SoftRef (ms):                  skipped
[1.570s][debug][gc,phases,ref     ] GC(26)       Notify Soft/WeakReferences: 0.0ms
[1.570s][debug][gc,phases,ref     ] GC(26)         SoftRef (ms):                  skipped
[1.570s][debug][gc,phases,ref     ] GC(26)         WeakRef (ms):                  skipped
[1.570s][debug][gc,phases,ref     ] GC(26)         FinalRef (ms):                 skipped
[1.570s][debug][gc,phases,ref     ] GC(26)         Total (ms):                    skipped
[1.570s][debug][gc,phases,ref     ] GC(26)       Notify and keep alive finalizable: 0.0ms
[1.570s][debug][gc,phases,ref     ] GC(26)         FinalRef (ms):                 skipped
[1.570s][debug][gc,phases,ref     ] GC(26)       Notify PhantomReferences: 0.0ms
[1.570s][debug][gc,phases,ref     ] GC(26)         PhantomRef (ms):               skipped
[1.570s][debug][gc,phases,ref     ] GC(26)       SoftReference:
[1.570s][debug][gc,phases,ref     ] GC(26)         Discovered: 0
[1.570s][debug][gc,phases,ref     ] GC(26)         Cleared: 0
[1.570s][debug][gc,phases,ref     ] GC(26)       WeakReference:
[1.570s][debug][gc,phases,ref     ] GC(26)         Discovered: 0
[1.570s][debug][gc,phases,ref     ] GC(26)         Cleared: 0
[1.570s][debug][gc,phases,ref     ] GC(26)       FinalReference:
[1.570s][debug][gc,phases,ref     ] GC(26)         Discovered: 0
[1.570s][debug][gc,phases,ref     ] GC(26)         Cleared: 0
[1.570s][debug][gc,phases,ref     ] GC(26)       PhantomReference:
[1.570s][debug][gc,phases,ref     ] GC(26)         Discovered: 0
[1.570s][debug][gc,phases,ref     ] GC(26)         Cleared: 0
[1.570s][debug][gc,phases         ] GC(26)     Weak Processing: 0.0ms
[1.570s][debug][gc,phases         ] GC(26)       VM Weak                        Min:  0.0, Avg:  0.0, Max:  0.0, Diff:  0.0, Sum:  0.0, Workers: 3
[1.570s][debug][gc,phases         ] GC(26)         Dead                           Min: 0, Avg:  0.0, Max: 0, Diff: 0, Sum: 0, Workers: 3
[1.570s][debug][gc,phases         ] GC(26)         Total                          Min: 0, Avg:  2.7, Max: 8, Diff: 8, Sum: 8, Workers: 3
[1.570s][debug][gc,phases         ] GC(26)       ObjectSynchronizer Weak        Min:  0.0, Avg:  0.0, Max:  0.0, Diff:  0.0, Sum:  0.0, Workers: 3
[1.570s][debug][gc,phases         ] GC(26)         Dead                           Min: 0, Avg:  0.0, Max: 0, Diff: 0, Sum: 0, Workers: 3
[1.570s][debug][gc,phases         ] GC(26)         Total                          Min: 0, Avg:  1.0, Max: 3, Diff: 3, Sum: 3, Workers: 3
[1.570s][debug][gc,phases         ] GC(26)       JVMTI Tag Weak OopStorage      Min:  0.0, Avg:  0.0, Max:  0.0, Diff:  0.0, Sum:  0.0, Workers: 3
[1.570s][debug][gc,phases         ] GC(26)         Dead                           Min: 0, Avg:  0.0, Max: 0, Diff: 0, Sum: 0, Workers: 3
[1.570s][debug][gc,phases         ] GC(26)         Total                          Min: 0, Avg:  0.0, Max: 0, Diff: 0, Sum: 0, Workers: 3
[1.570s][debug][gc,phases         ] GC(26)       StringTable Weak               Min:  0.0, Avg:  0.0, Max:  0.0, Diff:  0.0, Sum:  0.0, Workers: 3
[1.570s][debug][gc,phases         ] GC(26)         Dead                           Min: 0, Avg:  0.0, Max: 0, Diff: 0, Sum: 0, Workers: 3
[1.570s][debug][gc,phases         ] GC(26)         Total                          Min: 704, Avg: 819.0, Max: 896, Diff: 192, Sum: 2457, Workers: 3
[1.570s][debug][gc,phases         ] GC(26)       ResolvedMethodTable Weak       Min:  0.0, Avg:  0.0, Max:  0.0, Diff:  0.0, Sum:  0.0, Workers: 3
[1.570s][debug][gc,phases         ] GC(26)         Dead                           Min: 0, Avg:  0.0, Max: 0, Diff: 0, Sum: 0, Workers: 3
[1.570s][debug][gc,phases         ] GC(26)         Total                          Min: 9, Avg: 45.7, Max: 64, Diff: 55, Sum: 137, Workers: 3
[1.570s][debug][gc,phases         ] GC(26)       JNI Weak                       Min:  0.0, Avg:  0.0, Max:  0.0, Diff:  0.0, Sum:  0.0, Workers: 3
[1.571s][debug][gc,phases         ] GC(26)         Dead                           Min: 0, Avg:  0.0, Max: 0, Diff: 0, Sum: 0, Workers: 3
[1.571s][debug][gc,phases         ] GC(26)         Total                          Min: 0, Avg:  0.0, Max: 0, Diff: 0, Sum: 0, Workers: 3
[1.571s][debug][gc,phases         ] GC(26)       StringDedup Table Weak         Min:  0.0, Avg:  0.0, Max:  0.0, Diff:  0.0, Sum:  0.0, Workers: 3
[1.571s][debug][gc,phases         ] GC(26)         Dead                           Min: 0, Avg:  0.0, Max: 0, Diff: 0, Sum: 0, Workers: 3
[1.571s][debug][gc,phases         ] GC(26)         Total                          Min: 0, Avg:  0.0, Max: 0, Diff: 0, Sum: 0, Workers: 3
[1.571s][debug][gc,phases         ] GC(26)       StringDedup Requests0 Weak     Min:  0.0, Avg:  0.0, Max:  0.0, Diff:  0.0, Sum:  0.0, Workers: 3
[1.571s][debug][gc,phases         ] GC(26)         Dead                           Min: 0, Avg:  0.0, Max: 0, Diff: 0, Sum: 0, Workers: 3
[1.571s][debug][gc,phases         ] GC(26)         Total                          Min: 0, Avg:  0.0, Max: 0, Diff: 0, Sum: 0, Workers: 3
[1.571s][debug][gc,phases         ] GC(26)       StringDedup Requests1 Weak     Min:  0.0, Avg:  0.0, Max:  0.0, Diff:  0.0, Sum:  0.0, Workers: 3
[1.571s][debug][gc,phases         ] GC(26)         Dead                           Min: 0, Avg:  0.0, Max: 0, Diff: 0, Sum: 0, Workers: 3
[1.571s][debug][gc,phases         ] GC(26)         Total                          Min: 0, Avg:  0.0, Max: 0, Diff: 0, Sum: 0, Workers: 3
[1.571s][debug][gc,phases         ] GC(26)       Weak JFR Old Object Samples    Min:  0.0, Avg:  0.0, Max:  0.0, Diff:  0.0, Sum:  0.0, Workers: 3
[1.571s][debug][gc,phases         ] GC(26)         Dead                           Min: 0, Avg:  0.0, Max: 0, Diff: 0, Sum: 0, Workers: 3
[1.571s][debug][gc,phases         ] GC(26)         Total                          Min: 0, Avg:  0.0, Max: 0, Diff: 0, Sum: 0, Workers: 3
[1.571s][debug][gc,phases         ] GC(26)     Post Evacuate Cleanup 1: 0.0ms
[1.571s][debug][gc,phases         ] GC(26)       Merge Per-Thread State (ms):   Min:  0.0, Avg:  0.0, Max:  0.0, Diff:  0.0, Sum:  0.0, Workers: 1
[1.571s][debug][gc,phases         ] GC(26)         Copied Bytes                   Min: 13664, Avg: 61836.0, Max: 191616, Diff: 177952, Sum: 247344, Workers: 4
[1.571s][debug][gc,phases         ] GC(26)         LAB Waste                      Min: 0, Avg:  4.0, Max: 16, Diff: 16, Sum: 16, Workers: 4
[1.571s][debug][gc,phases         ] GC(26)         LAB Undo Waste                 Min: 0, Avg:  0.0, Max: 0, Diff: 0, Sum: 0, Workers: 4
[1.571s][debug][gc,phases         ] GC(26)       Clear Logged Cards (ms):       Min:  0.0, Avg:  0.0, Max:  0.0, Diff:  0.0, Sum:  0.0, Workers: 3
[1.571s][debug][gc,phases         ] GC(26)       Recalculate Used Memory (ms):  Min:  0.0, Avg:  0.0, Max:  0.0, Diff:  0.0, Sum:  0.0, Workers: 1
[1.571s][debug][gc,phases         ] GC(26)     Post Evacuate Cleanup 2: 0.0ms
[1.571s][debug][gc,phases         ] GC(26)       Reset Hot Card Cache (ms):     Min:  0.0, Avg:  0.0, Max:  0.0, Diff:  0.0, Sum:  0.0, Workers: 1
[1.571s][debug][gc,phases         ] GC(26)       Purge Code Roots (ms):         Min:  0.0, Avg:  0.0, Max:  0.0, Diff:  0.0, Sum:  0.0, Workers: 1
[1.571s][debug][gc,phases         ] GC(26)       Update Derived Pointers (ms):  Min:  0.0, Avg:  0.0, Max:  0.0, Diff:  0.0, Sum:  0.0, Workers: 1
[1.571s][debug][gc,phases         ] GC(26)       Eagerly Reclaim Humongous Objects (ms): Min:  0.0, Avg:  0.0, Max:  0.0, Diff:  0.0, Sum:  0.0, Workers: 1
[1.571s][debug][gc,phases         ] GC(26)         Humongous Total                Min: 1, Avg:  1.0, Max: 1, Diff: 0, Sum: 1, Workers: 1
[1.571s][debug][gc,phases         ] GC(26)         Humongous Candidates           Min: 0, Avg:  0.0, Max: 0, Diff: 0, Sum: 0, Workers: 1
[1.571s][debug][gc,phases         ] GC(26)         Humongous Reclaimed            Min: 0, Avg:  0.0, Max: 0, Diff: 0, Sum: 0, Workers: 1
[1.571s][debug][gc,phases         ] GC(26)       Redirty Logged Cards (ms):     Min:  0.0, Avg:  0.0, Max:  0.0, Diff:  0.0, Sum:  0.0, Workers: 4
[1.571s][debug][gc,phases         ] GC(26)         Redirtied Cards:               Min: 0, Avg: 42.8, Max: 143, Diff: 143, Sum: 171, Workers: 4
[1.571s][debug][gc,phases         ] GC(26)       Free Collection Set (ms):      Min:  0.0, Avg:  0.0, Max:  0.0, Diff:  0.0, Sum:  0.0, Workers: 4
[1.571s][debug][gc,phases         ] GC(26)     Rebuild Free List: 0.1ms
[1.571s][debug][gc,phases         ] GC(26)     Start New Collection Set: 0.0ms
[1.571s][debug][gc,phases         ] GC(26)     Resize TLABs: 0.0ms
[1.571s][debug][gc,phases         ] GC(26)     Expand Heap After Collection: 0.0ms
[1.571s][info ][gc,phases         ] GC(26)   Other: 0.6ms
[1.571s][info ][gc,heap           ] GC(26) Eden regions: 10->0(30)
[1.571s][info ][gc,heap           ] GC(26) Survivor regions: 2->1(2)
[1.571s][info ][gc,heap           ] GC(26) Old regions: 97->97
[1.571s][info ][gc,heap           ] GC(26) Archive regions: 0->0
[1.571s][info ][gc,heap           ] GC(26) Humongous regions: 36->36
[1.571s][info ][gc,metaspace      ] GC(26) Metaspace: 470K(640K)->470K(640K) NonClass: 437K(512K)->437K(512K) Class: 33K(128K)->33K(128K)
[1.571s][debug][gc,heap           ] GC(26) Heap after GC invocations=24 (full 1):
[1.571s][debug][gc,heap           ] GC(26)  garbage-first heap   total 262144K, used 136275K [0x00000000f0000000, 0x0000000100000000)
[1.572s][debug][gc,heap           ] GC(26)   region size 1024K, 1 young (1024K), 1 survivors (1024K)
[1.572s][debug][gc,heap           ] GC(26)  Metaspace       used 470K, committed 640K, reserved 1056768K
[1.572s][debug][gc,heap           ] GC(26)   class space    used 33K, committed 128K, reserved 1048576K
[1.572s][info ][gc                ] GC(26) Pause Young (Normal) (G1 Evacuation Pause) 144M->133M(256M) 4.846ms
[1.572s][info ][gc,cpu            ] GC(26) User=0.02s Sys=0.00s Real=0.01s
[1.592s][debug][gc,refine         ] Activated worker 0, on threshold: 6751, current: 6827
[1.593s][debug][gc,refine         ] Deactivated worker 0, off threshold: 6239, current: 6144, refined cards: 683
[1.595s][debug][gc,refine         ] Activated worker 0, on threshold: 6751, current: 6912
[1.596s][debug][gc,refine         ] Deactivated worker 0, off threshold: 6239, current: 6144, refined cards: 768
[1.597s][debug][gc,refine         ] Activated worker 0, on threshold: 6751, current: 6912
[1.598s][debug][gc,refine         ] Deactivated worker 0, off threshold: 6239, current: 6144, refined cards: 768
[1.600s][debug][gc,refine         ] Activated worker 0, on threshold: 6751, current: 6912
[1.601s][debug][gc,refine         ] Deactivated worker 0, off threshold: 6239, current: 6144, refined cards: 768
[1.603s][debug][gc,refine         ] Activated worker 0, on threshold: 6751, current: 6912
[1.604s][debug][gc,refine         ] Deactivated worker 0, off threshold: 6239, current: 6144, refined cards: 768
[1.606s][debug][gc,refine         ] Activated worker 0, on threshold: 6751, current: 6912
[1.607s][debug][gc,refine         ] Deactivated worker 0, off threshold: 6239, current: 6144, refined cards: 768
[1.609s][debug][gc,refine         ] Activated worker 0, on threshold: 6751, current: 6912
[1.610s][debug][gc,refine         ] Deactivated worker 0, off threshold: 6239, current: 6144, refined cards: 768
[1.612s][debug][gc,refine         ] Activated worker 0, on threshold: 6751, current: 6912
[1.613s][debug][gc,refine         ] Deactivated worker 0, off threshold: 6239, current: 6144, refined cards: 768
[1.614s][debug][gc,refine         ] Activated worker 0, on threshold: 6751, current: 6912
[1.615s][debug][gc,refine         ] Deactivated worker 0, off threshold: 6239, current: 6144, refined cards: 768
[1.616s][debug][gc,refine         ] Activated worker 0, on threshold: 6751, current: 6912
[1.617s][debug][gc,refine         ] Deactivated worker 0, off threshold: 6239, current: 6144, refined cards: 768
[1.619s][debug][gc,refine         ] Activated worker 0, on threshold: 6751, current: 6912
[1.620s][debug][gc,refine         ] Deactivated worker 0, off threshold: 6239, current: 6144, refined cards: 768
[1.621s][debug][gc,refine         ] Activated worker 0, on threshold: 6751, current: 6912
[1.622s][debug][gc,heap           ] GC(27) Heap before GC invocations=24 (full 1):
[1.622s][debug][gc,heap           ] GC(27)  garbage-first heap   total 262144K, used 166995K [0x00000000f0000000, 0x0000000100000000)
[1.622s][debug][gc,heap           ] GC(27)   region size 1024K, 31 young (31744K), 1 survivors (1024K)
[1.622s][debug][gc,heap           ] GC(27)  Metaspace       used 470K, committed 640K, reserved 1056768K
[1.622s][debug][gc,heap           ] GC(27)   class space    used 33K, committed 128K, reserved 1048576K
[1.622s][info ][gc,start          ] GC(27) Pause Young (Normal) (G1 Evacuation Pause)
[1.622s][info ][gc,task           ] GC(27) Using 4 workers of 4 for evacuation
[1.622s][debug][gc,tlab           ] GC(27) TLAB totals: thrds: 1  refills: 90 max: 90 slow allocs: 0 max 0 waste:  0.2% gc: 0B max: 0B slow: 51848B max: 51848B
[1.622s][debug][gc,age            ] GC(27) Desired survivor size 2097152 bytes, new threshold 15 (max threshold 15)
[1.622s][debug][gc,refine,stats   ] GC(27) Mutator refinement: 0.00ms, refined: 0, precleaned: 0, dirtied: 15335
[1.622s][debug][gc,refine,stats   ] GC(27) Concurrent refinement: 9.25ms, refined: 9100, precleaned: 50, dirtied: 0
[1.623s][debug][gc,refine,stats   ] GC(27) Total refinement: 9.25ms, refined: 9100, precleaned: 50, dirtied: 15335
[1.623s][debug][gc,refine,stats   ] GC(27) Concurrent refinement rate: 983.91 cards/ms
[1.623s][debug][gc,refine,stats   ] GC(27) Generate dirty cards rate: 287.75 cards/ms
[1.623s][debug][gc,alloc,region   ] GC(27) Mutator Allocation stats, regions: 30, wasted size: 0B ( 0.0%)
[1.623s][debug][gc,humongous      ] GC(27) Humongous region 173 (object size 36920416 @ 0x00000000fad00000) remset 0 code roots 0 marked 1 reclaim candidate 0 type array 0
[1.623s][debug][gc,ergo           ] GC(27) Running G1 Merge Heap Roots using 4 workers for 31 regions
[1.623s][debug][gc,remset         ] GC(27) Visited cards 15616 Total dirty 16384 (95.31%) Total old 399360 (3.91%)
[1.663s][debug][gc,ref            ] GC(27) Skipped phase 1 of Reference Processing: no references
[1.664s][debug][gc,ref            ] GC(27) Skipped phase 2 of Reference Processing: no references
[1.664s][debug][gc,ref            ] GC(27) Skipped phase 3 of Reference Processing: no references
[1.664s][debug][gc,ref            ] GC(27) Skipped phase 4 of Reference Processing: no references
[1.664s][debug][gc,ergo           ] GC(27) Running G1 Rebuild Free List Task using 4 workers for rebuilding free list of regions
[1.664s][debug][gc,plab           ] GC(27) Young PLAB allocation: allocated: 4194304B, wasted: 1728B, unused: 0B, used: 4192576B, undo waste: 0B, 
[1.664s][debug][gc,plab           ] GC(27) Young other allocation: region end waste: 0B, regions filled: 4, direct allocated: 0B, failure used: 0B, failure wasted: 0B
[1.664s][debug][gc,plab           ] GC(27) Young sizing: calculated: 838512B, actual: 668664B
[1.664s][debug][gc,plab           ] GC(27) Old PLAB allocation: allocated: 27663888B, wasted: 4144B, unused: 200416B, used: 27459328B, undo waste: 0B, 
[1.664s][debug][gc,plab           ] GC(27) Old other allocation: region end waste: 0B, regions filled: 27, direct allocated: 0B, failure used: 0B, failure wasted: 0B
[1.664s][debug][gc,plab           ] GC(27) Old sizing: calculated: 5491864B, actual: 4273104B
[1.664s][debug][gc,ergo,heap      ] GC(27) Heap expansion: short term pause time ratio 37.48% long term pause time ratio 35.25% threshold 7.69% pause time ratio 7.69% fully expanded true resize by 0B
[1.664s][debug][gc,mmu            ] GC(27) MMU: 88.0ms (200.0ms/201.0ms)
[1.664s][debug][gc,alloc,stats    ] Old generation allocation in the last mutator period, old gen allocated: 27663888B, humongous allocated: 0B,old gen growth: 27663888B.
[1.664s][debug][gc,ihop           ] GC(27) Basic information (value update), threshold: 120795955B (45.00), target occupancy: 268435456B, current occupancy: 170794992B, recent allocation size: 27663888B, recent allocation duration: 53.29ms, recent old gen allocation rate: 519094358.32B/s, recent marking phase length: 0.00ms
[1.664s][debug][gc,ihop           ] GC(27) Adaptive IHOP information (value update), threshold: 120795955B (52.94), internal target occupancy: 228170137B, occupancy: 170794992B, additional buffer size: 25165824B, predicted old gen allocation rate: 530721771.88B/s, predicted marking phase length: 0.00ms, prediction active: false
[1.664s][debug][gc,ergo,refine    ] GC(27) Concurrent refinement times: Logged Cards Scan time goal: 20.00ms Logged Cards Scan time: 2.27ms HCC time: 0.00ms
[1.664s][debug][gc,ergo,refine    ] GC(27) Updated Refinement Zones: green: 6862, yellow: 20586, red: 34310
[1.664s][info ][gc,phases         ] GC(27)   Pre Evacuate Collection Set: 0.1ms
[1.664s][debug][gc,phases         ] GC(27)     Prepare TLABs: 0.0ms
[1.664s][debug][gc,phases         ] GC(27)     Concatenate Dirty Card Logs: 0.0ms
[1.664s][debug][gc,phases         ] GC(27)     Choose Collection Set: 0.0ms
[1.665s][debug][gc,phases         ] GC(27)     Region Register: 0.1ms
[1.665s][debug][gc,phases         ] GC(27)     Prepare Heap Roots: 0.0ms
[1.665s][info ][gc,phases         ] GC(27)   Merge Heap Roots: 0.1ms
[1.665s][debug][gc,phases         ] GC(27)     Prepare Merge Heap Roots: 0.0ms
[1.665s][debug][gc,phases         ] GC(27)     Eager Reclaim (ms):            skipped
[1.665s][debug][gc,phases         ] GC(27)     Remembered Sets (ms):          Min:  0.0, Avg:  0.0, Max:  0.0, Diff:  0.0, Sum:  0.1, Workers: 4
[1.665s][debug][gc,phases         ] GC(27)       Merged Sparse:                 Min: 0, Avg:  0.0, Max: 0, Diff: 0, Sum: 0, Workers: 4
[1.665s][debug][gc,phases         ] GC(27)       Merged Fine:                   Min: 4, Avg:  5.8, Max: 7, Diff: 3, Sum: 23, Workers: 4
[1.665s][debug][gc,phases         ] GC(27)       Merged Coarse:                 Min: 0, Avg:  0.0, Max: 0, Diff: 0, Sum: 0, Workers: 4
[1.665s][debug][gc,phases         ] GC(27)       Dirty Cards:                   Min: 2036, Avg: 2255.3, Max: 2669, Diff: 633, Sum: 9021, Workers: 4
[1.665s][debug][gc,phases         ] GC(27)     Hot Card Cache (ms):           Min:  0.0, Avg:  0.0, Max:  0.0, Diff:  0.0, Sum:  0.0, Workers: 4
[1.665s][debug][gc,phases         ] GC(27)       Dirty Cards:                   Min: 0, Avg:  0.0, Max: 0, Diff: 0, Sum: 0, Workers: 4
[1.665s][debug][gc,phases         ] GC(27)       Skipped Cards:                 Min: 0, Avg:  0.0, Max: 0, Diff: 0, Sum: 0, Workers: 4
[1.665s][debug][gc,phases         ] GC(27)     Log Buffers (ms):              Min:  0.0, Avg:  0.0, Max:  0.0, Diff:  0.0, Sum:  0.1, Workers: 4
[1.665s][debug][gc,phases         ] GC(27)       Dirty Cards:                   Min: 1528, Avg: 1593.5, Max: 1759, Diff: 231, Sum: 6374, Workers: 4
[1.665s][debug][gc,phases         ] GC(27)       Skipped Cards:                 Min: 0, Avg:  0.0, Max: 0, Diff: 0, Sum: 0, Workers: 4
[1.665s][info ][gc,phases         ] GC(27)   Evacuate Collection Set: 40.5ms
[1.665s][debug][gc,phases         ] GC(27)     Ext Root Scanning (ms):        Min:  0.0, Avg:  0.0, Max:  0.0, Diff:  0.0, Sum:  0.1, Workers: 4
[1.665s][debug][gc,phases         ] GC(27)     Scan Heap Roots (ms):          Min:  5.0, Avg:  5.4, Max:  5.7, Diff:  0.7, Sum: 21.7, Workers: 4
[1.665s][debug][gc,phases         ] GC(27)       Scanned Cards:                 Min: 3584, Avg: 3864.0, Max: 4096, Diff: 512, Sum: 15456, Workers: 4
[1.665s][debug][gc,phases         ] GC(27)       Scanned Blocks:                Min: 14, Avg: 15.3, Max: 16, Diff: 2, Sum: 61, Workers: 4
[1.665s][debug][gc,phases         ] GC(27)       Claimed Chunks:                Min: 14, Avg: 15.3, Max: 16, Diff: 2, Sum: 61, Workers: 4
[1.665s][debug][gc,phases         ] GC(27)     Code Root Scan (ms):           Min:  0.0, Avg:  0.0, Max:  0.0, Diff:  0.0, Sum:  0.0, Workers: 4
[1.665s][debug][gc,phases         ] GC(27)     Object Copy (ms):              Min: 34.5, Avg: 34.8, Max: 35.4, Diff:  0.9, Sum: 139.1, Workers: 4
[1.665s][debug][gc,phases         ] GC(27)     Termination (ms):              Min:  0.0, Avg:  0.2, Max:  0.3, Diff:  0.2, Sum:  0.8, Workers: 4
[1.665s][debug][gc,phases         ] GC(27)       Termination Attempts:          Min: 1, Avg:  4.8, Max: 8, Diff: 7, Sum: 19, Workers: 4
[1.665s][debug][gc,phases         ] GC(27)     GC Worker Other (ms):          Min:  0.0, Avg:  0.0, Max:  0.0, Diff:  0.0, Sum:  0.1, Workers: 4
[1.665s][debug][gc,phases         ] GC(27)     GC Worker Total (ms):          Min: 40.4, Avg: 40.4, Max: 40.4, Diff:  0.0, Sum: 161.8, Workers: 4
[1.665s][info ][gc,phases         ] GC(27)   Post Evacuate Collection Set: 0.7ms
[1.665s][debug][gc,phases         ] GC(27)     Code Roots Fixup: 0.0ms
[1.665s][debug][gc,phases         ] GC(27)     Reference Processing: 0.5ms
[1.665s][debug][gc,phases,ref     ] GC(27)       Reconsider SoftReferences: 0.4ms
[1.665s][debug][gc,phases,ref     ] GC(27)         SoftRef (ms):                  skipped
[1.665s][debug][gc,phases,ref     ] GC(27)       Notify Soft/WeakReferences: 0.0ms
[1.665s][debug][gc,phases,ref     ] GC(27)         SoftRef (ms):                  skipped
[1.665s][debug][gc,phases,ref     ] GC(27)         WeakRef (ms):                  skipped
[1.665s][debug][gc,phases,ref     ] GC(27)         FinalRef (ms):                 skipped
[1.665s][debug][gc,phases,ref     ] GC(27)         Total (ms):                    skipped
[1.665s][debug][gc,phases,ref     ] GC(27)       Notify and keep alive finalizable: 0.0ms
[1.665s][debug][gc,phases,ref     ] GC(27)         FinalRef (ms):                 skipped
[1.665s][debug][gc,phases,ref     ] GC(27)       Notify PhantomReferences: 0.0ms
[1.665s][debug][gc,phases,ref     ] GC(27)         PhantomRef (ms):               skipped
[1.665s][debug][gc,phases,ref     ] GC(27)       SoftReference:
[1.665s][debug][gc,phases,ref     ] GC(27)         Discovered: 0
[1.665s][debug][gc,phases,ref     ] GC(27)         Cleared: 0
[1.665s][debug][gc,phases,ref     ] GC(27)       WeakReference:
[1.665s][debug][gc,phases,ref     ] GC(27)         Discovered: 0
[1.665s][debug][gc,phases,ref     ] GC(27)         Cleared: 0
[1.665s][debug][gc,phases,ref     ] GC(27)       FinalReference:
[1.665s][debug][gc,phases,ref     ] GC(27)         Discovered: 0
[1.665s][debug][gc,phases,ref     ] GC(27)         Cleared: 0
[1.665s][debug][gc,phases,ref     ] GC(27)       PhantomReference:
[1.665s][debug][gc,phases,ref     ] GC(27)         Discovered: 0
[1.665s][debug][gc,phases,ref     ] GC(27)         Cleared: 0
[1.665s][debug][gc,phases         ] GC(27)     Weak Processing: 0.0ms
[1.665s][debug][gc,phases         ] GC(27)       VM Weak                        Min:  0.0, Avg:  0.0, Max:  0.0, Diff:  0.0, Sum:  0.0, Workers: 3
[1.665s][debug][gc,phases         ] GC(27)         Dead                           Min: 0, Avg:  0.0, Max: 0, Diff: 0, Sum: 0, Workers: 3
[1.665s][debug][gc,phases         ] GC(27)         Total                          Min: 0, Avg:  2.7, Max: 8, Diff: 8, Sum: 8, Workers: 3
[1.665s][debug][gc,phases         ] GC(27)       ObjectSynchronizer Weak        Min:  0.0, Avg:  0.0, Max:  0.0, Diff:  0.0, Sum:  0.0, Workers: 3
[1.666s][debug][gc,phases         ] GC(27)         Dead                           Min: 0, Avg:  0.0, Max: 0, Diff: 0, Sum: 0, Workers: 3
[1.666s][debug][gc,phases         ] GC(27)         Total                          Min: 0, Avg:  1.0, Max: 3, Diff: 3, Sum: 3, Workers: 3
[1.666s][debug][gc,phases         ] GC(27)       JVMTI Tag Weak OopStorage      Min:  0.0, Avg:  0.0, Max:  0.0, Diff:  0.0, Sum:  0.0, Workers: 3
[1.666s][debug][gc,phases         ] GC(27)         Dead                           Min: 0, Avg:  0.0, Max: 0, Diff: 0, Sum: 0, Workers: 3
[1.666s][debug][gc,phases         ] GC(27)         Total                          Min: 0, Avg:  0.0, Max: 0, Diff: 0, Sum: 0, Workers: 3
[1.666s][debug][gc,phases         ] GC(27)       StringTable Weak               Min:  0.0, Avg:  0.0, Max:  0.0, Diff:  0.0, Sum:  0.0, Workers: 3
[1.666s][debug][gc,phases         ] GC(27)         Dead                           Min: 0, Avg:  0.0, Max: 0, Diff: 0, Sum: 0, Workers: 3
[1.666s][debug][gc,phases         ] GC(27)         Total                          Min: 768, Avg: 819.0, Max: 896, Diff: 128, Sum: 2457, Workers: 3
[1.666s][debug][gc,phases         ] GC(27)       ResolvedMethodTable Weak       Min:  0.0, Avg:  0.0, Max:  0.0, Diff:  0.0, Sum:  0.0, Workers: 3
[1.666s][debug][gc,phases         ] GC(27)         Dead                           Min: 0, Avg:  0.0, Max: 0, Diff: 0, Sum: 0, Workers: 3
[1.666s][debug][gc,phases         ] GC(27)         Total                          Min: 9, Avg: 45.7, Max: 64, Diff: 55, Sum: 137, Workers: 3
[1.666s][debug][gc,phases         ] GC(27)       JNI Weak                       Min:  0.0, Avg:  0.0, Max:  0.0, Diff:  0.0, Sum:  0.0, Workers: 3
[1.666s][debug][gc,phases         ] GC(27)         Dead                           Min: 0, Avg:  0.0, Max: 0, Diff: 0, Sum: 0, Workers: 3
[1.666s][debug][gc,phases         ] GC(27)         Total                          Min: 0, Avg:  0.0, Max: 0, Diff: 0, Sum: 0, Workers: 3
[1.666s][debug][gc,phases         ] GC(27)       StringDedup Table Weak         Min:  0.0, Avg:  0.0, Max:  0.0, Diff:  0.0, Sum:  0.0, Workers: 3
[1.666s][debug][gc,phases         ] GC(27)         Dead                           Min: 0, Avg:  0.0, Max: 0, Diff: 0, Sum: 0, Workers: 3
[1.666s][debug][gc,phases         ] GC(27)         Total                          Min: 0, Avg:  0.0, Max: 0, Diff: 0, Sum: 0, Workers: 3
[1.666s][debug][gc,phases         ] GC(27)       StringDedup Requests0 Weak     Min:  0.0, Avg:  0.0, Max:  0.0, Diff:  0.0, Sum:  0.0, Workers: 3
[1.666s][debug][gc,phases         ] GC(27)         Dead                           Min: 0, Avg:  0.0, Max: 0, Diff: 0, Sum: 0, Workers: 3
[1.666s][debug][gc,phases         ] GC(27)         Total                          Min: 0, Avg:  0.0, Max: 0, Diff: 0, Sum: 0, Workers: 3
[1.666s][debug][gc,phases         ] GC(27)       StringDedup Requests1 Weak     Min:  0.0, Avg:  0.0, Max:  0.0, Diff:  0.0, Sum:  0.0, Workers: 3
[1.666s][debug][gc,phases         ] GC(27)         Dead                           Min: 0, Avg:  0.0, Max: 0, Diff: 0, Sum: 0, Workers: 3
[1.666s][debug][gc,phases         ] GC(27)         Total                          Min: 0, Avg:  0.0, Max: 0, Diff: 0, Sum: 0, Workers: 3
[1.666s][debug][gc,phases         ] GC(27)       Weak JFR Old Object Samples    Min:  0.0, Avg:  0.0, Max:  0.0, Diff:  0.0, Sum:  0.0, Workers: 3
[1.666s][debug][gc,phases         ] GC(27)         Dead                           Min: 0, Avg:  0.0, Max: 0, Diff: 0, Sum: 0, Workers: 3
[1.666s][debug][gc,phases         ] GC(27)         Total                          Min: 0, Avg:  0.0, Max: 0, Diff: 0, Sum: 0, Workers: 3
[1.666s][debug][gc,phases         ] GC(27)     Post Evacuate Cleanup 1: 0.0ms
[1.666s][debug][gc,phases         ] GC(27)       Merge Per-Thread State (ms):   Min:  0.0, Avg:  0.0, Max:  0.0, Diff:  0.0, Sum:  0.0, Workers: 1
[1.666s][debug][gc,phases         ] GC(27)         Copied Bytes                   Min: 7052000, Avg: 7912976.0, Max: 8447504, Diff: 1395504, Sum: 31651904, Workers: 4
[1.666s][debug][gc,phases         ] GC(27)         LAB Waste                      Min: 1296, Avg: 1468.0, Max: 1600, Diff: 304, Sum: 5872, Workers: 4
[1.666s][debug][gc,phases         ] GC(27)         LAB Undo Waste                 Min: 0, Avg:  0.0, Max: 0, Diff: 0, Sum: 0, Workers: 4
[1.666s][debug][gc,phases         ] GC(27)       Clear Logged Cards (ms):       Min:  0.0, Avg:  0.0, Max:  0.0, Diff:  0.0, Sum:  0.0, Workers: 3
[1.666s][debug][gc,phases         ] GC(27)       Recalculate Used Memory (ms):  Min:  0.0, Avg:  0.0, Max:  0.0, Diff:  0.0, Sum:  0.0, Workers: 1
[1.666s][debug][gc,phases         ] GC(27)     Post Evacuate Cleanup 2: 0.1ms
[1.666s][debug][gc,phases         ] GC(27)       Reset Hot Card Cache (ms):     Min:  0.0, Avg:  0.0, Max:  0.0, Diff:  0.0, Sum:  0.0, Workers: 1
[1.666s][debug][gc,phases         ] GC(27)       Purge Code Roots (ms):         Min:  0.0, Avg:  0.0, Max:  0.0, Diff:  0.0, Sum:  0.0, Workers: 1
[1.666s][debug][gc,phases         ] GC(27)       Update Derived Pointers (ms):  Min:  0.0, Avg:  0.0, Max:  0.0, Diff:  0.0, Sum:  0.0, Workers: 1
[1.666s][debug][gc,phases         ] GC(27)       Eagerly Reclaim Humongous Objects (ms): Min:  0.0, Avg:  0.0, Max:  0.0, Diff:  0.0, Sum:  0.0, Workers: 1
[1.666s][debug][gc,phases         ] GC(27)         Humongous Total                Min: 1, Avg:  1.0, Max: 1, Diff: 0, Sum: 1, Workers: 1
[1.666s][debug][gc,phases         ] GC(27)         Humongous Candidates           Min: 0, Avg:  0.0, Max: 0, Diff: 0, Sum: 0, Workers: 1
[1.666s][debug][gc,phases         ] GC(27)         Humongous Reclaimed            Min: 0, Avg:  0.0, Max: 0, Diff: 0, Sum: 0, Workers: 1
[1.666s][debug][gc,phases         ] GC(27)       Redirty Logged Cards (ms):     Min:  0.0, Avg:  0.0, Max:  0.0, Diff:  0.0, Sum:  0.0, Workers: 4
[1.666s][debug][gc,phases         ] GC(27)         Redirtied Cards:               Min: 0, Avg: 576.5, Max: 771, Diff: 771, Sum: 2306, Workers: 4
[1.666s][debug][gc,phases         ] GC(27)       Free Collection Set (ms):      Min:  0.0, Avg:  0.0, Max:  0.0, Diff:  0.0, Sum:  0.0, Workers: 4
[1.666s][debug][gc,phases         ] GC(27)     Rebuild Free List: 0.1ms
[1.666s][debug][gc,phases         ] GC(27)     Start New Collection Set: 0.0ms
[1.666s][debug][gc,phases         ] GC(27)     Resize TLABs: 0.0ms
[1.666s][debug][gc,phases         ] GC(27)     Expand Heap After Collection: 0.0ms
[1.666s][info ][gc,phases         ] GC(27)   Other: 0.7ms
[1.666s][info ][gc,heap           ] GC(27) Eden regions: 30->0(20)
[1.666s][info ][gc,heap           ] GC(27) Survivor regions: 1->4(4)
[1.666s][info ][gc,heap           ] GC(27) Old regions: 97->123
[1.666s][info ][gc,heap           ] GC(27) Archive regions: 0->0
[1.666s][info ][gc,heap           ] GC(27) Humongous regions: 36->36
[1.666s][info ][gc,metaspace      ] GC(27) Metaspace: 470K(640K)->470K(640K) NonClass: 437K(512K)->437K(512K) Class: 33K(128K)->33K(128K)
[1.666s][debug][gc,heap           ] GC(27) Heap after GC invocations=25 (full 1):
[1.666s][debug][gc,heap           ] GC(27)  garbage-first heap   total 262144K, used 166791K [0x00000000f0000000, 0x0000000100000000)
[1.666s][debug][gc,heap           ] GC(27)   region size 1024K, 4 young (4096K), 4 survivors (4096K)
[1.666s][debug][gc,heap           ] GC(27)  Metaspace       used 470K, committed 640K, reserved 1056768K
[1.666s][debug][gc,heap           ] GC(27)   class space    used 33K, committed 128K, reserved 1048576K
[1.667s][info ][gc                ] GC(27) Pause Young (Normal) (G1 Evacuation Pause) 163M->162M(256M) 44.112ms
[1.667s][info ][gc,cpu            ] GC(27) User=0.13s Sys=0.00s Real=0.04s
[1.667s][debug][gc,refine         ] Deactivated worker 0, off threshold: 6862, current: 2306, refined cards: 737
[1.687s][debug][gc,refine         ] Activated worker 0, on threshold: 7374, current: 7426
[1.687s][debug][gc,refine         ] Deactivated worker 0, off threshold: 6862, current: 6826, refined cards: 600
[1.689s][debug][gc,refine         ] Activated worker 0, on threshold: 7374, current: 7594
[1.691s][debug][gc,refine         ] Deactivated worker 0, off threshold: 6862, current: 6744, refined cards: 1106
[1.693s][debug][gc,refine         ] Activated worker 0, on threshold: 7374, current: 7512
[1.695s][debug][gc,refine         ] Deactivated worker 0, off threshold: 6862, current: 6656, refined cards: 1112
[1.696s][debug][gc,refine         ] Activated worker 0, on threshold: 7374, current: 7424
[1.698s][debug][gc,refine         ] Deactivated worker 0, off threshold: 6862, current: 6656, refined cards: 1024
[1.700s][debug][gc,refine         ] Activated worker 0, on threshold: 7374, current: 7424
[1.701s][debug][gc,refine         ] Deactivated worker 0, off threshold: 6862, current: 6656, refined cards: 768
[1.702s][debug][gc,refine         ] Activated worker 0, on threshold: 7374, current: 7424
[1.703s][debug][gc,refine         ] Deactivated worker 0, off threshold: 6862, current: 6656, refined cards: 768
[1.704s][debug][gc,heap           ] GC(28) Heap before GC invocations=25 (full 1):
[1.704s][debug][gc,heap           ] GC(28)  garbage-first heap   total 262144K, used 187271K [0x00000000f0000000, 0x0000000100000000)
[1.704s][debug][gc,heap           ] GC(28)   region size 1024K, 24 young (24576K), 4 survivors (4096K)
[1.704s][debug][gc,heap           ] GC(28)  Metaspace       used 470K, committed 640K, reserved 1056768K
[1.704s][debug][gc,heap           ] GC(28)   class space    used 33K, committed 128K, reserved 1048576K
[1.704s][info ][gc,start          ] GC(28) Pause Young (Normal) (G1 Evacuation Pause)
[1.704s][info ][gc,task           ] GC(28) Using 4 workers of 4 for evacuation
[1.704s][debug][gc,tlab           ] GC(28) TLAB totals: thrds: 1  refills: 80 max: 80 slow allocs: 0 max 0 waste:  0.2% gc: 0B max: 0B slow: 46080B max: 46080B
[1.704s][debug][gc,age            ] GC(28) Desired survivor size 1572864 bytes, new threshold 1 (max threshold 15)
[1.704s][debug][gc,refine,stats   ] GC(28) Mutator refinement: 0.00ms, refined: 0, precleaned: 0, dirtied: 10218
[1.704s][debug][gc,refine,stats   ] GC(28) Concurrent refinement: 6.04ms, refined: 5378, precleaned: 0, dirtied: 0
[1.704s][debug][gc,refine,stats   ] GC(28) Total refinement: 6.04ms, refined: 5378, precleaned: 0, dirtied: 10218
[1.704s][debug][gc,refine,stats   ] GC(28) Concurrent refinement rate: 890.07 cards/ms
[1.704s][debug][gc,refine,stats   ] GC(28) Generate dirty cards rate: 256.87 cards/ms
[1.704s][debug][gc,alloc,region   ] GC(28) Mutator Allocation stats, regions: 20, wasted size: 0B ( 0.0%)
[1.704s][debug][gc,humongous      ] GC(28) Humongous region 173 (object size 36920416 @ 0x00000000fad00000) remset 0 code roots 0 marked 1 reclaim candidate 0 type array 0
[1.704s][debug][gc,ergo           ] GC(28) Running G1 Merge Heap Roots using 4 workers for 24 regions
[1.704s][debug][gc,remset         ] GC(28) Visited cards 13312 Total dirty 20480 (65.00%) Total old 423936 (3.14%)
[1.740s][debug][gc,ref            ] GC(28) Skipped phase 1 of Reference Processing: no references
[1.740s][debug][gc,ref            ] GC(28) Skipped phase 2 of Reference Processing: no references
[1.740s][debug][gc,ref            ] GC(28) Skipped phase 3 of Reference Processing: no references
[1.740s][debug][gc,ref            ] GC(28) Skipped phase 4 of Reference Processing: no references
[1.740s][debug][gc,ergo           ] GC(28) Running G1 Rebuild Free List Task using 4 workers for rebuilding free list of regions
[1.740s][debug][gc,plab           ] GC(28) Young PLAB allocation: allocated: 3145728B, wasted: 480B, unused: 0B, used: 3145248B, undo waste: 0B, 
[1.740s][debug][gc,plab           ] GC(28) Young other allocation: region end waste: 0B, regions filled: 3, direct allocated: 0B, failure used: 0B, failure wasted: 0B
[1.740s][debug][gc,plab           ] GC(28) Young sizing: calculated: 629048B, actual: 638952B
[1.740s][debug][gc,plab           ] GC(28) Old PLAB allocation: allocated: 23191552B, wasted: 656B, unused: 1218128B, used: 21972768B, undo waste: 0B, 
[1.740s][debug][gc,plab           ] GC(28) Old other allocation: region end waste: 0B, regions filled: 23, direct allocated: 0B, failure used: 0B, failure wasted: 0B
[1.740s][debug][gc,plab           ] GC(28) Old sizing: calculated: 4394552B, actual: 4364184B
[1.740s][debug][gc,ergo,heap      ] GC(28) Heap expansion: short term pause time ratio 43.93% long term pause time ratio 36.02% threshold 7.69% pause time ratio 7.69% fully expanded true resize by 0B
[1.740s][debug][gc,mmu            ] GC(28) MMU: 83.9ms (200.0ms/201.0ms)
[1.740s][debug][gc,alloc,stats    ] Old generation allocation in the last mutator period, old gen allocated: 23191552B, humongous allocated: 0B,old gen growth: 23191552B.
[1.740s][debug][gc,ihop           ] GC(28) Basic information (value update), threshold: 120795955B (45.00), target occupancy: 268435456B, current occupancy: 192937968B, recent allocation size: 23191552B, recent allocation duration: 39.78ms, recent old gen allocation rate: 583015792.41B/s, recent marking phase length: 0.00ms
[1.741s][debug][gc,ihop           ] GC(28) Adaptive IHOP information (value update), threshold: 120795955B (52.94), internal target occupancy: 228170137B, occupancy: 192937968B, additional buffer size: 16777216B, predicted old gen allocation rate: 538766873.30B/s, predicted marking phase length: 0.00ms, prediction active: false
[1.741s][debug][gc,ergo,refine    ] GC(28) Concurrent refinement times: Logged Cards Scan time goal: 20.00ms Logged Cards Scan time: 3.67ms HCC time: 0.00ms
[1.741s][debug][gc,ergo,refine    ] GC(28) Updated Refinement Zones: green: 7548, yellow: 22644, red: 37740
[1.741s][info ][gc,phases         ] GC(28)   Pre Evacuate Collection Set: 0.1ms
[1.741s][debug][gc,phases         ] GC(28)     Prepare TLABs: 0.0ms
[1.741s][debug][gc,phases         ] GC(28)     Concatenate Dirty Card Logs: 0.0ms
[1.741s][debug][gc,phases         ] GC(28)     Choose Collection Set: 0.0ms
[1.741s][debug][gc,phases         ] GC(28)     Region Register: 0.1ms
[1.741s][debug][gc,phases         ] GC(28)     Prepare Heap Roots: 0.0ms
[1.741s][info ][gc,phases         ] GC(28)   Merge Heap Roots: 0.2ms
[1.741s][debug][gc,phases         ] GC(28)     Prepare Merge Heap Roots: 0.0ms
[1.741s][debug][gc,phases         ] GC(28)     Eager Reclaim (ms):            skipped
[1.741s][debug][gc,phases         ] GC(28)     Remembered Sets (ms):          Min:  0.0, Avg:  0.0, Max:  0.0, Diff:  0.0, Sum:  0.1, Workers: 4
[1.741s][debug][gc,phases         ] GC(28)       Merged Sparse:                 Min: 0, Avg:  0.3, Max: 1, Diff: 1, Sum: 1, Workers: 4
[1.741s][debug][gc,phases         ] GC(28)       Merged Fine:                   Min: 0, Avg:  6.0, Max: 16, Diff: 16, Sum: 24, Workers: 4
[1.741s][debug][gc,phases         ] GC(28)       Merged Coarse:                 Min: 0, Avg:  0.0, Max: 0, Diff: 0, Sum: 0, Workers: 4
[1.741s][debug][gc,phases         ] GC(28)       Dirty Cards:                   Min: 0, Avg: 1275.0, Max: 2043, Diff: 2043, Sum: 5100, Workers: 4
[1.741s][debug][gc,phases         ] GC(28)     Hot Card Cache (ms):           Min:  0.0, Avg:  0.0, Max:  0.0, Diff:  0.0, Sum:  0.0, Workers: 4
[1.741s][debug][gc,phases         ] GC(28)       Dirty Cards:                   Min: 0, Avg:  0.0, Max: 0, Diff: 0, Sum: 0, Workers: 4
[1.741s][debug][gc,phases         ] GC(28)       Skipped Cards:                 Min: 0, Avg:  0.0, Max: 0, Diff: 0, Sum: 0, Workers: 4
[1.741s][debug][gc,phases         ] GC(28)     Log Buffers (ms):              Min:  0.0, Avg:  0.0, Max:  0.0, Diff:  0.0, Sum:  0.1, Workers: 4
[1.741s][debug][gc,phases         ] GC(28)       Dirty Cards:                   Min: 0, Avg: 1780.5, Max: 2552, Diff: 2552, Sum: 7122, Workers: 4
[1.741s][debug][gc,phases         ] GC(28)       Skipped Cards:                 Min: 0, Avg:  0.0, Max: 0, Diff: 0, Sum: 0, Workers: 4
[1.741s][info ][gc,phases         ] GC(28)   Evacuate Collection Set: 35.2ms
[1.741s][debug][gc,phases         ] GC(28)     Ext Root Scanning (ms):        Min:  0.0, Avg:  0.0, Max:  0.0, Diff:  0.0, Sum:  0.1, Workers: 4
[1.741s][debug][gc,phases         ] GC(28)     Scan Heap Roots (ms):          Min:  4.4, Avg:  6.3, Max:  9.9, Diff:  5.5, Sum: 25.1, Workers: 4
[1.741s][debug][gc,phases         ] GC(28)       Scanned Cards:                 Min: 2639, Avg: 3067.3, Max: 3489, Diff: 850, Sum: 12269, Workers: 4
[1.741s][debug][gc,phases         ] GC(28)       Scanned Blocks:                Min: 12, Avg: 13.0, Max: 14, Diff: 2, Sum: 52, Workers: 4
[1.741s][debug][gc,phases         ] GC(28)       Claimed Chunks:                Min: 12, Avg: 13.0, Max: 14, Diff: 2, Sum: 52, Workers: 4
[1.741s][debug][gc,phases         ] GC(28)     Code Root Scan (ms):           Min:  0.0, Avg:  0.0, Max:  0.0, Diff:  0.0, Sum:  0.0, Workers: 4
[1.741s][debug][gc,phases         ] GC(28)     Object Copy (ms):              Min: 25.0, Avg: 28.7, Max: 30.5, Diff:  5.5, Sum: 114.8, Workers: 4
[1.741s][debug][gc,phases         ] GC(28)     Termination (ms):              Min:  0.0, Avg:  0.1, Max:  0.2, Diff:  0.2, Sum:  0.5, Workers: 4
[1.741s][debug][gc,phases         ] GC(28)       Termination Attempts:          Min: 1, Avg:  2.8, Max: 4, Diff: 3, Sum: 11, Workers: 4
[1.741s][debug][gc,phases         ] GC(28)     GC Worker Other (ms):          Min:  0.0, Avg:  0.0, Max:  0.0, Diff:  0.0, Sum:  0.1, Workers: 4
[1.741s][debug][gc,phases         ] GC(28)     GC Worker Total (ms):          Min: 35.1, Avg: 35.1, Max: 35.2, Diff:  0.0, Sum: 140.6, Workers: 4
[1.741s][info ][gc,phases         ] GC(28)   Post Evacuate Collection Set: 0.5ms
[1.742s][debug][gc,phases         ] GC(28)     Code Roots Fixup: 0.0ms
[1.742s][debug][gc,phases         ] GC(28)     Reference Processing: 0.2ms
[1.742s][debug][gc,phases,ref     ] GC(28)       Reconsider SoftReferences: 0.1ms
[1.742s][debug][gc,phases,ref     ] GC(28)         SoftRef (ms):                  skipped
[1.742s][debug][gc,phases,ref     ] GC(28)       Notify Soft/WeakReferences: 0.0ms
[1.742s][debug][gc,phases,ref     ] GC(28)         SoftRef (ms):                  skipped
[1.742s][debug][gc,phases,ref     ] GC(28)         WeakRef (ms):                  skipped
[1.742s][debug][gc,phases,ref     ] GC(28)         FinalRef (ms):                 skipped
[1.742s][debug][gc,phases,ref     ] GC(28)         Total (ms):                    skipped
[1.742s][debug][gc,phases,ref     ] GC(28)       Notify and keep alive finalizable: 0.0ms
[1.742s][debug][gc,phases,ref     ] GC(28)         FinalRef (ms):                 skipped
[1.742s][debug][gc,phases,ref     ] GC(28)       Notify PhantomReferences: 0.0ms
[1.742s][debug][gc,phases,ref     ] GC(28)         PhantomRef (ms):               skipped
[1.742s][debug][gc,phases,ref     ] GC(28)       SoftReference:
[1.742s][debug][gc,phases,ref     ] GC(28)         Discovered: 0
[1.742s][debug][gc,phases,ref     ] GC(28)         Cleared: 0
[1.742s][debug][gc,phases,ref     ] GC(28)       WeakReference:
[1.742s][debug][gc,phases,ref     ] GC(28)         Discovered: 0
[1.742s][debug][gc,phases,ref     ] GC(28)         Cleared: 0
[1.742s][debug][gc,phases,ref     ] GC(28)       FinalReference:
[1.742s][debug][gc,phases,ref     ] GC(28)         Discovered: 0
[1.742s][debug][gc,phases,ref     ] GC(28)         Cleared: 0
[1.742s][debug][gc,phases,ref     ] GC(28)       PhantomReference:
[1.742s][debug][gc,phases,ref     ] GC(28)         Discovered: 0
[1.742s][debug][gc,phases,ref     ] GC(28)         Cleared: 0
[1.742s][debug][gc,phases         ] GC(28)     Weak Processing: 0.0ms
[1.742s][debug][gc,phases         ] GC(28)       VM Weak                        Min:  0.0, Avg:  0.0, Max:  0.0, Diff:  0.0, Sum:  0.0, Workers: 3
[1.742s][debug][gc,phases         ] GC(28)         Dead                           Min: 0, Avg:  0.0, Max: 0, Diff: 0, Sum: 0, Workers: 3
[1.742s][debug][gc,phases         ] GC(28)         Total                          Min: 0, Avg:  2.7, Max: 8, Diff: 8, Sum: 8, Workers: 3
[1.742s][debug][gc,phases         ] GC(28)       ObjectSynchronizer Weak        Min:  0.0, Avg:  0.0, Max:  0.0, Diff:  0.0, Sum:  0.0, Workers: 3
[1.742s][debug][gc,phases         ] GC(28)         Dead                           Min: 0, Avg:  0.0, Max: 0, Diff: 0, Sum: 0, Workers: 3
[1.742s][debug][gc,phases         ] GC(28)         Total                          Min: 0, Avg:  1.0, Max: 3, Diff: 3, Sum: 3, Workers: 3
[1.742s][debug][gc,phases         ] GC(28)       JVMTI Tag Weak OopStorage      Min:  0.0, Avg:  0.0, Max:  0.0, Diff:  0.0, Sum:  0.0, Workers: 3
[1.742s][debug][gc,phases         ] GC(28)         Dead                           Min: 0, Avg:  0.0, Max: 0, Diff: 0, Sum: 0, Workers: 3
[1.742s][debug][gc,phases         ] GC(28)         Total                          Min: 0, Avg:  0.0, Max: 0, Diff: 0, Sum: 0, Workers: 3
[1.742s][debug][gc,phases         ] GC(28)       StringTable Weak               Min:  0.0, Avg:  0.0, Max:  0.0, Diff:  0.0, Sum:  0.0, Workers: 3
[1.742s][debug][gc,phases         ] GC(28)         Dead                           Min: 0, Avg:  0.0, Max: 0, Diff: 0, Sum: 0, Workers: 3
[1.742s][debug][gc,phases         ] GC(28)         Total                          Min: 0, Avg: 819.0, Max: 1241, Diff: 1241, Sum: 2457, Workers: 3
[1.743s][debug][gc,phases         ] GC(28)       ResolvedMethodTable Weak       Min:  0.0, Avg:  0.0, Max:  0.0, Diff:  0.0, Sum:  0.0, Workers: 3
[1.743s][debug][gc,phases         ] GC(28)         Dead                           Min: 0, Avg:  0.0, Max: 0, Diff: 0, Sum: 0, Workers: 3
[1.743s][debug][gc,phases         ] GC(28)         Total                          Min: 0, Avg: 45.7, Max: 73, Diff: 73, Sum: 137, Workers: 3
[1.743s][debug][gc,phases         ] GC(28)       JNI Weak                       Min:  0.0, Avg:  0.0, Max:  0.0, Diff:  0.0, Sum:  0.0, Workers: 3
[1.743s][debug][gc,phases         ] GC(28)         Dead                           Min: 0, Avg:  0.0, Max: 0, Diff: 0, Sum: 0, Workers: 3
[1.743s][debug][gc,phases         ] GC(28)         Total                          Min: 0, Avg:  0.0, Max: 0, Diff: 0, Sum: 0, Workers: 3
[1.743s][debug][gc,phases         ] GC(28)       StringDedup Table Weak         Min:  0.0, Avg:  0.0, Max:  0.0, Diff:  0.0, Sum:  0.0, Workers: 3
[1.743s][debug][gc,phases         ] GC(28)         Dead                           Min: 0, Avg:  0.0, Max: 0, Diff: 0, Sum: 0, Workers: 3
[1.743s][debug][gc,phases         ] GC(28)         Total                          Min: 0, Avg:  0.0, Max: 0, Diff: 0, Sum: 0, Workers: 3
[1.743s][debug][gc,phases         ] GC(28)       StringDedup Requests0 Weak     Min:  0.0, Avg:  0.0, Max:  0.0, Diff:  0.0, Sum:  0.0, Workers: 3
[1.743s][debug][gc,phases         ] GC(28)         Dead                           Min: 0, Avg:  0.0, Max: 0, Diff: 0, Sum: 0, Workers: 3
[1.743s][debug][gc,phases         ] GC(28)         Total                          Min: 0, Avg:  0.0, Max: 0, Diff: 0, Sum: 0, Workers: 3
[1.743s][debug][gc,phases         ] GC(28)       StringDedup Requests1 Weak     Min:  0.0, Avg:  0.0, Max:  0.0, Diff:  0.0, Sum:  0.0, Workers: 3
[1.743s][debug][gc,phases         ] GC(28)         Dead                           Min: 0, Avg:  0.0, Max: 0, Diff: 0, Sum: 0, Workers: 3
[1.743s][debug][gc,phases         ] GC(28)         Total                          Min: 0, Avg:  0.0, Max: 0, Diff: 0, Sum: 0, Workers: 3
[1.743s][debug][gc,phases         ] GC(28)       Weak JFR Old Object Samples    Min:  0.0, Avg:  0.0, Max:  0.0, Diff:  0.0, Sum:  0.0, Workers: 3
[1.743s][debug][gc,phases         ] GC(28)         Dead                           Min: 0, Avg:  0.0, Max: 0, Diff: 0, Sum: 0, Workers: 3
[1.743s][debug][gc,phases         ] GC(28)         Total                          Min: 0, Avg:  0.0, Max: 0, Diff: 0, Sum: 0, Workers: 3
[1.743s][debug][gc,phases         ] GC(28)     Post Evacuate Cleanup 1: 0.1ms
[1.743s][debug][gc,phases         ] GC(28)       Merge Per-Thread State (ms):   Min:  0.0, Avg:  0.0, Max:  0.0, Diff:  0.0, Sum:  0.0, Workers: 1
[1.743s][debug][gc,phases         ] GC(28)         Copied Bytes                   Min: 5550848, Avg: 6279504.0, Max: 6829728, Diff: 1278880, Sum: 25118016, Workers: 4
[1.743s][debug][gc,phases         ] GC(28)         LAB Waste                      Min: 160, Avg: 284.0, Max: 392, Diff: 232, Sum: 1136, Workers: 4
[1.744s][debug][gc,phases         ] GC(28)         LAB Undo Waste                 Min: 0, Avg:  0.0, Max: 0, Diff: 0, Sum: 0, Workers: 4
[1.744s][debug][gc,phases         ] GC(28)       Clear Logged Cards (ms):       Min:  0.0, Avg:  0.0, Max:  0.0, Diff:  0.0, Sum:  0.0, Workers: 3
[1.744s][debug][gc,phases         ] GC(28)       Recalculate Used Memory (ms):  Min:  0.0, Avg:  0.0, Max:  0.0, Diff:  0.0, Sum:  0.0, Workers: 1
[1.744s][debug][gc,phases         ] GC(28)     Post Evacuate Cleanup 2: 0.1ms
[1.744s][debug][gc,phases         ] GC(28)       Reset Hot Card Cache (ms):     Min:  0.0, Avg:  0.0, Max:  0.0, Diff:  0.0, Sum:  0.0, Workers: 1
[1.744s][debug][gc,phases         ] GC(28)       Purge Code Roots (ms):         Min:  0.0, Avg:  0.0, Max:  0.0, Diff:  0.0, Sum:  0.0, Workers: 1
[1.744s][debug][gc,phases         ] GC(28)       Update Derived Pointers (ms):  Min:  0.0, Avg:  0.0, Max:  0.0, Diff:  0.0, Sum:  0.0, Workers: 1
[1.744s][debug][gc,phases         ] GC(28)       Eagerly Reclaim Humongous Objects (ms): Min:  0.0, Avg:  0.0, Max:  0.0, Diff:  0.0, Sum:  0.0, Workers: 1
[1.744s][debug][gc,phases         ] GC(28)         Humongous Total                Min: 1, Avg:  1.0, Max: 1, Diff: 0, Sum: 1, Workers: 1
[1.744s][debug][gc,phases         ] GC(28)         Humongous Candidates           Min: 0, Avg:  0.0, Max: 0, Diff: 0, Sum: 0, Workers: 1
[1.744s][debug][gc,phases         ] GC(28)         Humongous Reclaimed            Min: 0, Avg:  0.0, Max: 0, Diff: 0, Sum: 0, Workers: 1
[1.744s][debug][gc,phases         ] GC(28)       Redirty Logged Cards (ms):     Min:  0.0, Avg:  0.0, Max:  0.0, Diff:  0.0, Sum:  0.0, Workers: 4
[1.744s][debug][gc,phases         ] GC(28)         Redirtied Cards:               Min: 0, Avg: 385.0, Max: 802, Diff: 802, Sum: 1540, Workers: 4
[1.744s][debug][gc,phases         ] GC(28)       Free Collection Set (ms):      Min:  0.0, Avg:  0.0, Max:  0.0, Diff:  0.0, Sum:  0.0, Workers: 4
[1.744s][debug][gc,phases         ] GC(28)     Rebuild Free List: 0.1ms
[1.744s][debug][gc,phases         ] GC(28)     Start New Collection Set: 0.0ms
[1.744s][debug][gc,phases         ] GC(28)     Resize TLABs: 0.0ms
[1.744s][debug][gc,phases         ] GC(28)     Expand Heap After Collection: 0.0ms
[1.744s][info ][gc,phases         ] GC(28)   Other: 0.8ms
[1.744s][info ][gc,heap           ] GC(28) Eden regions: 20->0(13)
[1.744s][info ][gc,heap           ] GC(28) Survivor regions: 4->3(3)
[1.744s][info ][gc,heap           ] GC(28) Old regions: 123->145
[1.744s][info ][gc,heap           ] GC(28) Archive regions: 0->0
[1.744s][info ][gc,heap           ] GC(28) Humongous regions: 36->36
[1.744s][info ][gc,metaspace      ] GC(28) Metaspace: 470K(640K)->470K(640K) NonClass: 437K(512K)->437K(512K) Class: 33K(128K)->33K(128K)
[1.744s][debug][gc,heap           ] GC(28) Heap after GC invocations=26 (full 1):
[1.744s][debug][gc,heap           ] GC(28)  garbage-first heap   total 262144K, used 188415K [0x00000000f0000000, 0x0000000100000000)
[1.744s][debug][gc,heap           ] GC(28)   region size 1024K, 3 young (3072K), 3 survivors (3072K)
[1.744s][debug][gc,heap           ] GC(28)  Metaspace       used 470K, committed 640K, reserved 1056768K
[1.744s][debug][gc,heap           ] GC(28)   class space    used 33K, committed 128K, reserved 1048576K
[1.744s][info ][gc                ] GC(28) Pause Young (Normal) (G1 Evacuation Pause) 182M->183M(256M) 40.330ms
[1.744s][info ][gc,cpu            ] GC(28) User=0.11s Sys=0.02s Real=0.04s
[1.770s][debug][gc,heap           ] GC(29) Heap before GC invocations=26 (full 1):
[1.770s][debug][gc,heap           ] GC(29)  garbage-first heap   total 262144K, used 201727K [0x00000000f0000000, 0x0000000100000000)
[1.770s][debug][gc,heap           ] GC(29)   region size 1024K, 16 young (16384K), 3 survivors (3072K)
[1.770s][debug][gc,heap           ] GC(29)  Metaspace       used 470K, committed 640K, reserved 1056768K
[1.770s][debug][gc,heap           ] GC(29)   class space    used 33K, committed 128K, reserved 1048576K
[1.770s][info ][gc,start          ] GC(29) Pause Young (Normal) (G1 Evacuation Pause)
[1.770s][info ][gc,task           ] GC(29) Using 4 workers of 4 for evacuation
[1.770s][debug][gc,tlab           ] GC(29) TLAB totals: thrds: 1  refills: 65 max: 65 slow allocs: 0 max 0 waste:  0.3% gc: 0B max: 0B slow: 37440B max: 37440B
[1.770s][debug][gc,age            ] GC(29) Desired survivor size 1048576 bytes, new threshold 1 (max threshold 15)
[1.770s][debug][gc,refine         ] Activated worker 0, on threshold: 8060, current: 8179
[1.770s][debug][gc,refine,stats   ] GC(29) Mutator refinement: 0.00ms, refined: 0, precleaned: 0, dirtied: 6639
[1.770s][debug][gc,refine,stats   ] GC(29) Concurrent refinement: 0.00ms, refined: 0, precleaned: 0, dirtied: 0
[1.770s][debug][gc,refine,stats   ] GC(29) Total refinement: 0.00ms, refined: 0, precleaned: 0, dirtied: 6639
[1.770s][debug][gc,refine,stats   ] GC(29) Generate dirty cards rate: 222.79 cards/ms
[1.770s][debug][gc,alloc,region   ] GC(29) Mutator Allocation stats, regions: 13, wasted size: 0B ( 0.0%)
[1.770s][debug][gc,humongous      ] GC(29) Humongous region 173 (object size 36920416 @ 0x00000000fad00000) remset 0 code roots 0 marked 1 reclaim candidate 0 type array 0
[1.770s][debug][gc,ergo           ] GC(29) Running G1 Merge Heap Roots using 4 workers for 16 regions
[1.771s][debug][gc,remset         ] GC(29) Visited cards 9472 Total dirty 18432 (51.39%) Total old 436224 (2.17%)
[1.794s][debug][gc,ref            ] GC(29) Skipped phase 1 of Reference Processing: no references
[1.794s][debug][gc,ref            ] GC(29) Skipped phase 2 of Reference Processing: no references
[1.794s][debug][gc,ref            ] GC(29) Skipped phase 3 of Reference Processing: no references
[1.794s][debug][gc,ref            ] GC(29) Skipped phase 4 of Reference Processing: no references
[1.794s][debug][gc,ergo           ] GC(29) Running G1 Rebuild Free List Task using 4 workers for rebuilding free list of regions
[1.794s][debug][gc,plab           ] GC(29) Young PLAB allocation: allocated: 2097152B, wasted: 320B, unused: 0B, used: 2096832B, undo waste: 0B, 
[1.794s][debug][gc,plab           ] GC(29) Young other allocation: region end waste: 0B, regions filled: 2, direct allocated: 0B, failure used: 0B, failure wasted: 0B
[1.794s][debug][gc,plab           ] GC(29) Young sizing: calculated: 419360B, actual: 474256B
[1.794s][debug][gc,plab           ] GC(29) Old PLAB allocation: allocated: 15204352B, wasted: 400B, unused: 561488B, used: 14642464B, undo waste: 0B, 
[1.794s][debug][gc,plab           ] GC(29) Old other allocation: region end waste: 0B, regions filled: 15, direct allocated: 0B, failure used: 0B, failure wasted: 0B
[1.794s][debug][gc,plab           ] GC(29) Old sizing: calculated: 2928488B, actual: 3287408B
[1.794s][debug][gc,ergo,heap      ] GC(29) Heap expansion: short term pause time ratio 47.76% long term pause time ratio 37.05% threshold 7.69% pause time ratio 7.69% fully expanded true resize by 0B
[1.794s][debug][gc,mmu            ] GC(29) MMU: 102.4ms (200.0ms/201.0ms)
[1.794s][debug][gc,alloc,stats    ] Old generation allocation in the last mutator period, old gen allocated: 15204352B, humongous allocated: 0B,old gen growth: 15204352B.
[1.794s][debug][gc,ihop           ] GC(29) Basic information (value update), threshold: 120795955B (45.00), target occupancy: 268435456B, current occupancy: 207093744B, recent allocation size: 15204352B, recent allocation duration: 29.80ms, recent old gen allocation rate: 510220002.95B/s, recent marking phase length: 0.00ms
[1.795s][debug][gc,ihop           ] GC(29) Adaptive IHOP information (value update), threshold: 120795955B (52.94), internal target occupancy: 228170137B, occupancy: 207093744B, additional buffer size: 12582912B, predicted old gen allocation rate: 541649347.75B/s, predicted marking phase length: 0.00ms, prediction active: false
[1.795s][debug][gc,ergo,refine    ] GC(29) Concurrent refinement times: Logged Cards Scan time goal: 20.00ms Logged Cards Scan time: 3.31ms HCC time: 0.00ms
[1.795s][debug][gc,ergo,refine    ] GC(29) Updated Refinement Zones: green: 8302, yellow: 24906, red: 41510
[1.795s][info ][gc,phases         ] GC(29)   Pre Evacuate Collection Set: 0.1ms
[1.795s][debug][gc,phases         ] GC(29)     Prepare TLABs: 0.0ms
[1.795s][debug][gc,phases         ] GC(29)     Concatenate Dirty Card Logs: 0.0ms
[1.795s][debug][gc,phases         ] GC(29)     Choose Collection Set: 0.0ms
[1.795s][debug][gc,phases         ] GC(29)     Region Register: 0.1ms
[1.795s][debug][gc,phases         ] GC(29)     Prepare Heap Roots: 0.0ms
[1.795s][info ][gc,phases         ] GC(29)   Merge Heap Roots: 0.1ms
[1.795s][debug][gc,phases         ] GC(29)     Prepare Merge Heap Roots: 0.0ms
[1.795s][debug][gc,phases         ] GC(29)     Eager Reclaim (ms):            skipped
[1.795s][debug][gc,phases         ] GC(29)     Remembered Sets (ms):          Min:  0.0, Avg:  0.0, Max:  0.0, Diff:  0.0, Sum:  0.0, Workers: 4
[1.795s][debug][gc,phases         ] GC(29)       Merged Sparse:                 Min: 0, Avg:  0.0, Max: 0, Diff: 0, Sum: 0, Workers: 4
[1.795s][debug][gc,phases         ] GC(29)       Merged Fine:                   Min: 0, Avg:  0.8, Max: 2, Diff: 2, Sum: 3, Workers: 4
[1.795s][debug][gc,phases         ] GC(29)       Merged Coarse:                 Min: 0, Avg:  0.0, Max: 0, Diff: 0, Sum: 0, Workers: 4
[1.795s][debug][gc,phases         ] GC(29)       Dirty Cards:                   Min: 0, Avg:  0.0, Max: 0, Diff: 0, Sum: 0, Workers: 4
[1.795s][debug][gc,phases         ] GC(29)     Hot Card Cache (ms):           Min:  0.0, Avg:  0.0, Max:  0.0, Diff:  0.0, Sum:  0.0, Workers: 4
[1.795s][debug][gc,phases         ] GC(29)       Dirty Cards:                   Min: 0, Avg:  0.0, Max: 0, Diff: 0, Sum: 0, Workers: 4
[1.795s][debug][gc,phases         ] GC(29)       Skipped Cards:                 Min: 0, Avg:  0.0, Max: 0, Diff: 0, Sum: 0, Workers: 4
[1.795s][debug][gc,phases         ] GC(29)     Log Buffers (ms):              Min:  0.0, Avg:  0.0, Max:  0.0, Diff:  0.0, Sum:  0.2, Workers: 4
[1.795s][debug][gc,phases         ] GC(29)       Dirty Cards:                   Min: 1514, Avg: 2036.8, Max: 2553, Diff: 1039, Sum: 8147, Workers: 4
[1.795s][debug][gc,phases         ] GC(29)       Skipped Cards:                 Min: 0, Avg:  0.0, Max: 0, Diff: 0, Sum: 0, Workers: 4
[1.795s][info ][gc,phases         ] GC(29)   Evacuate Collection Set: 23.2ms
[1.795s][debug][gc,phases         ] GC(29)     Ext Root Scanning (ms):        Min:  0.0, Avg:  0.0, Max:  0.0, Diff:  0.0, Sum:  0.1, Workers: 4
[1.795s][debug][gc,phases         ] GC(29)     Scan Heap Roots (ms):          Min:  2.9, Avg:  3.3, Max:  3.7, Diff:  0.8, Sum: 13.1, Workers: 4
[1.795s][debug][gc,phases         ] GC(29)       Scanned Cards:                 Min: 1792, Avg: 2044.8, Max: 2360, Diff: 568, Sum: 8179, Workers: 4
[1.795s][debug][gc,phases         ] GC(29)       Scanned Blocks:                Min: 7, Avg:  9.3, Max: 11, Diff: 4, Sum: 37, Workers: 4
[1.795s][debug][gc,phases         ] GC(29)       Claimed Chunks:                Min: 7, Avg:  9.3, Max: 11, Diff: 4, Sum: 37, Workers: 4
[1.795s][debug][gc,phases         ] GC(29)     Code Root Scan (ms):           Min:  0.0, Avg:  0.0, Max:  0.0, Diff:  0.0, Sum:  0.0, Workers: 4
[1.795s][debug][gc,phases         ] GC(29)     Object Copy (ms):              Min: 19.5, Avg: 19.9, Max: 20.3, Diff:  0.8, Sum: 79.5, Workers: 4
[1.795s][debug][gc,phases         ] GC(29)     Termination (ms):              Min:  0.0, Avg:  0.0, Max:  0.0, Diff:  0.0, Sum:  0.0, Workers: 4
[1.795s][debug][gc,phases         ] GC(29)       Termination Attempts:          Min: 1, Avg: 11.5, Max: 21, Diff: 20, Sum: 46, Workers: 4
[1.795s][debug][gc,phases         ] GC(29)     GC Worker Other (ms):          Min:  0.0, Avg:  0.0, Max:  0.0, Diff:  0.0, Sum:  0.0, Workers: 4
[1.795s][debug][gc,phases         ] GC(29)     GC Worker Total (ms):          Min: 23.2, Avg: 23.2, Max: 23.2, Diff:  0.0, Sum: 92.8, Workers: 4
[1.795s][info ][gc,phases         ] GC(29)   Post Evacuate Collection Set: 0.4ms
[1.795s][debug][gc,phases         ] GC(29)     Code Roots Fixup: 0.0ms
[1.795s][debug][gc,phases         ] GC(29)     Reference Processing: 0.2ms
[1.795s][debug][gc,phases,ref     ] GC(29)       Reconsider SoftReferences: 0.1ms
[1.795s][debug][gc,phases,ref     ] GC(29)         SoftRef (ms):                  skipped
[1.795s][debug][gc,phases,ref     ] GC(29)       Notify Soft/WeakReferences: 0.0ms
[1.795s][debug][gc,phases,ref     ] GC(29)         SoftRef (ms):                  skipped
[1.795s][debug][gc,phases,ref     ] GC(29)         WeakRef (ms):                  skipped
[1.795s][debug][gc,phases,ref     ] GC(29)         FinalRef (ms):                 skipped
[1.795s][debug][gc,phases,ref     ] GC(29)         Total (ms):                    skipped
[1.795s][debug][gc,phases,ref     ] GC(29)       Notify and keep alive finalizable: 0.0ms
[1.795s][debug][gc,phases,ref     ] GC(29)         FinalRef (ms):                 skipped
[1.795s][debug][gc,phases,ref     ] GC(29)       Notify PhantomReferences: 0.0ms
[1.795s][debug][gc,phases,ref     ] GC(29)         PhantomRef (ms):               skipped
[1.795s][debug][gc,phases,ref     ] GC(29)       SoftReference:
[1.795s][debug][gc,phases,ref     ] GC(29)         Discovered: 0
[1.795s][debug][gc,phases,ref     ] GC(29)         Cleared: 0
[1.796s][debug][gc,phases,ref     ] GC(29)       WeakReference:
[1.796s][debug][gc,phases,ref     ] GC(29)         Discovered: 0
[1.796s][debug][gc,phases,ref     ] GC(29)         Cleared: 0
[1.796s][debug][gc,phases,ref     ] GC(29)       FinalReference:
[1.796s][debug][gc,phases,ref     ] GC(29)         Discovered: 0
[1.796s][debug][gc,phases,ref     ] GC(29)         Cleared: 0
[1.796s][debug][gc,phases,ref     ] GC(29)       PhantomReference:
[1.796s][debug][gc,phases,ref     ] GC(29)         Discovered: 0
[1.796s][debug][gc,phases,ref     ] GC(29)         Cleared: 0
[1.796s][debug][gc,phases         ] GC(29)     Weak Processing: 0.0ms
[1.796s][debug][gc,phases         ] GC(29)       VM Weak                        Min:  0.0, Avg:  0.0, Max:  0.0, Diff:  0.0, Sum:  0.0, Workers: 3
[1.796s][debug][gc,phases         ] GC(29)         Dead                           Min: 0, Avg:  0.0, Max: 0, Diff: 0, Sum: 0, Workers: 3
[1.796s][debug][gc,phases         ] GC(29)         Total                          Min: 0, Avg:  2.7, Max: 8, Diff: 8, Sum: 8, Workers: 3
[1.796s][debug][gc,phases         ] GC(29)       ObjectSynchronizer Weak        Min:  0.0, Avg:  0.0, Max:  0.0, Diff:  0.0, Sum:  0.0, Workers: 3
[1.796s][debug][gc,phases         ] GC(29)         Dead                           Min: 0, Avg:  0.0, Max: 0, Diff: 0, Sum: 0, Workers: 3
[1.796s][debug][gc,phases         ] GC(29)         Total                          Min: 0, Avg:  1.0, Max: 3, Diff: 3, Sum: 3, Workers: 3
[1.796s][debug][gc,phases         ] GC(29)       JVMTI Tag Weak OopStorage      Min:  0.0, Avg:  0.0, Max:  0.0, Diff:  0.0, Sum:  0.0, Workers: 3
[1.796s][debug][gc,phases         ] GC(29)         Dead                           Min: 0, Avg:  0.0, Max: 0, Diff: 0, Sum: 0, Workers: 3
[1.796s][debug][gc,phases         ] GC(29)         Total                          Min: 0, Avg:  0.0, Max: 0, Diff: 0, Sum: 0, Workers: 3
[1.796s][debug][gc,phases         ] GC(29)       StringTable Weak               Min:  0.0, Avg:  0.0, Max:  0.0, Diff:  0.0, Sum:  0.0, Workers: 3
[1.796s][debug][gc,phases         ] GC(29)         Dead                           Min: 0, Avg:  0.0, Max: 0, Diff: 0, Sum: 0, Workers: 3
[1.796s][debug][gc,phases         ] GC(29)         Total                          Min: 448, Avg: 819.0, Max: 1049, Diff: 601, Sum: 2457, Workers: 3
[1.796s][debug][gc,phases         ] GC(29)       ResolvedMethodTable Weak       Min:  0.0, Avg:  0.0, Max:  0.0, Diff:  0.0, Sum:  0.0, Workers: 3
[1.796s][debug][gc,phases         ] GC(29)         Dead                           Min: 0, Avg:  0.0, Max: 0, Diff: 0, Sum: 0, Workers: 3
[1.796s][debug][gc,phases         ] GC(29)         Total                          Min: 9, Avg: 45.7, Max: 64, Diff: 55, Sum: 137, Workers: 3
[1.796s][debug][gc,phases         ] GC(29)       JNI Weak                       Min:  0.0, Avg:  0.0, Max:  0.0, Diff:  0.0, Sum:  0.0, Workers: 3
[1.796s][debug][gc,phases         ] GC(29)         Dead                           Min: 0, Avg:  0.0, Max: 0, Diff: 0, Sum: 0, Workers: 3
[1.796s][debug][gc,phases         ] GC(29)         Total                          Min: 0, Avg:  0.0, Max: 0, Diff: 0, Sum: 0, Workers: 3
[1.796s][debug][gc,phases         ] GC(29)       StringDedup Table Weak         Min:  0.0, Avg:  0.0, Max:  0.0, Diff:  0.0, Sum:  0.0, Workers: 3
[1.796s][debug][gc,phases         ] GC(29)         Dead                           Min: 0, Avg:  0.0, Max: 0, Diff: 0, Sum: 0, Workers: 3
[1.796s][debug][gc,phases         ] GC(29)         Total                          Min: 0, Avg:  0.0, Max: 0, Diff: 0, Sum: 0, Workers: 3
[1.796s][debug][gc,phases         ] GC(29)       StringDedup Requests0 Weak     Min:  0.0, Avg:  0.0, Max:  0.0, Diff:  0.0, Sum:  0.0, Workers: 3
[1.796s][debug][gc,phases         ] GC(29)         Dead                           Min: 0, Avg:  0.0, Max: 0, Diff: 0, Sum: 0, Workers: 3
[1.796s][debug][gc,phases         ] GC(29)         Total                          Min: 0, Avg:  0.0, Max: 0, Diff: 0, Sum: 0, Workers: 3
[1.796s][debug][gc,phases         ] GC(29)       StringDedup Requests1 Weak     Min:  0.0, Avg:  0.0, Max:  0.0, Diff:  0.0, Sum:  0.0, Workers: 3
[1.796s][debug][gc,phases         ] GC(29)         Dead                           Min: 0, Avg:  0.0, Max: 0, Diff: 0, Sum: 0, Workers: 3
[1.796s][debug][gc,phases         ] GC(29)         Total                          Min: 0, Avg:  0.0, Max: 0, Diff: 0, Sum: 0, Workers: 3
[1.796s][debug][gc,phases         ] GC(29)       Weak JFR Old Object Samples    Min:  0.0, Avg:  0.0, Max:  0.0, Diff:  0.0, Sum:  0.0, Workers: 3
[1.796s][debug][gc,phases         ] GC(29)         Dead                           Min: 0, Avg:  0.0, Max: 0, Diff: 0, Sum: 0, Workers: 3
[1.796s][debug][gc,phases         ] GC(29)         Total                          Min: 0, Avg:  0.0, Max: 0, Diff: 0, Sum: 0, Workers: 3
[1.796s][debug][gc,phases         ] GC(29)     Post Evacuate Cleanup 1: 0.0ms
[1.796s][debug][gc,phases         ] GC(29)       Merge Per-Thread State (ms):   Min:  0.0, Avg:  0.0, Max:  0.0, Diff:  0.0, Sum:  0.0, Workers: 1
[1.796s][debug][gc,phases         ] GC(29)         Copied Bytes                   Min: 3741648, Avg: 4184824.0, Max: 4888560, Diff: 1146912, Sum: 16739296, Workers: 4
[1.797s][debug][gc,phases         ] GC(29)         LAB Waste                      Min: 144, Avg: 180.0, Max: 224, Diff: 80, Sum: 720, Workers: 4
[1.797s][debug][gc,phases         ] GC(29)         LAB Undo Waste                 Min: 0, Avg:  0.0, Max: 0, Diff: 0, Sum: 0, Workers: 4
[1.797s][debug][gc,phases         ] GC(29)       Clear Logged Cards (ms):       Min:  0.0, Avg:  0.0, Max:  0.0, Diff:  0.0, Sum:  0.0, Workers: 3
[1.797s][debug][gc,phases         ] GC(29)       Recalculate Used Memory (ms):  Min:  0.0, Avg:  0.0, Max:  0.0, Diff:  0.0, Sum:  0.0, Workers: 1
[1.797s][debug][gc,phases         ] GC(29)     Post Evacuate Cleanup 2: 0.1ms
[1.797s][debug][gc,phases         ] GC(29)       Reset Hot Card Cache (ms):     Min:  0.0, Avg:  0.0, Max:  0.0, Diff:  0.0, Sum:  0.0, Workers: 1
[1.797s][debug][gc,phases         ] GC(29)       Purge Code Roots (ms):         Min:  0.0, Avg:  0.0, Max:  0.0, Diff:  0.0, Sum:  0.0, Workers: 1
[1.797s][debug][gc,phases         ] GC(29)       Update Derived Pointers (ms):  Min:  0.0, Avg:  0.0, Max:  0.0, Diff:  0.0, Sum:  0.0, Workers: 1
[1.797s][debug][gc,phases         ] GC(29)       Eagerly Reclaim Humongous Objects (ms): Min:  0.0, Avg:  0.0, Max:  0.0, Diff:  0.0, Sum:  0.0, Workers: 1
[1.797s][debug][gc,phases         ] GC(29)         Humongous Total                Min: 1, Avg:  1.0, Max: 1, Diff: 0, Sum: 1, Workers: 1
[1.797s][debug][gc,phases         ] GC(29)         Humongous Candidates           Min: 0, Avg:  0.0, Max: 0, Diff: 0, Sum: 0, Workers: 1
[1.797s][debug][gc,phases         ] GC(29)         Humongous Reclaimed            Min: 0, Avg:  0.0, Max: 0, Diff: 0, Sum: 0, Workers: 1
[1.797s][debug][gc,phases         ] GC(29)       Redirty Logged Cards (ms):     Min:  0.0, Avg:  0.0, Max:  0.0, Diff:  0.0, Sum:  0.0, Workers: 4
[1.797s][debug][gc,phases         ] GC(29)         Redirtied Cards:               Min: 0, Avg: 257.5, Max: 815, Diff: 815, Sum: 1030, Workers: 4
[1.797s][debug][gc,phases         ] GC(29)       Free Collection Set (ms):      Min:  0.0, Avg:  0.0, Max:  0.0, Diff:  0.0, Sum:  0.0, Workers: 4
[1.797s][debug][gc,phases         ] GC(29)     Rebuild Free List: 0.1ms
[1.797s][debug][gc,phases         ] GC(29)     Start New Collection Set: 0.0ms
[1.797s][debug][gc,phases         ] GC(29)     Resize TLABs: 0.0ms
[1.797s][debug][gc,phases         ] GC(29)     Expand Heap After Collection: 0.0ms
[1.797s][info ][gc,phases         ] GC(29)   Other: 0.8ms
[1.797s][info ][gc,heap           ] GC(29) Eden regions: 13->0(10)
[1.797s][info ][gc,heap           ] GC(29) Survivor regions: 3->2(2)
[1.797s][info ][gc,heap           ] GC(29) Old regions: 145->160
[1.797s][info ][gc,heap           ] GC(29) Archive regions: 0->0
[1.797s][info ][gc,heap           ] GC(29) Humongous regions: 36->36
[1.797s][info ][gc,metaspace      ] GC(29) Metaspace: 470K(640K)->470K(640K) NonClass: 437K(512K)->437K(512K) Class: 33K(128K)->33K(128K)
[1.797s][debug][gc,heap           ] GC(29) Heap after GC invocations=27 (full 1):
[1.797s][debug][gc,heap           ] GC(29)  garbage-first heap   total 262144K, used 202239K [0x00000000f0000000, 0x0000000100000000)
[1.797s][debug][gc,heap           ] GC(29)   region size 1024K, 2 young (2048K), 2 survivors (2048K)
[1.797s][debug][gc,heap           ] GC(29)  Metaspace       used 470K, committed 640K, reserved 1056768K
[1.797s][debug][gc,heap           ] GC(29)   class space    used 33K, committed 128K, reserved 1048576K
[1.797s][info ][gc                ] GC(29) Pause Young (Normal) (G1 Evacuation Pause) 196M->197M(256M) 27.257ms
[1.797s][info ][gc,cpu            ] GC(29) User=0.09s Sys=0.00s Real=0.03s
[1.797s][debug][gc,refine         ] Deactivated worker 0, off threshold: 8302, current: 1030, refined cards: 0
[1.818s][debug][gc,heap           ] GC(30) Heap before GC invocations=27 (full 1):
[1.818s][debug][gc,heap           ] GC(30)  garbage-first heap   total 262144K, used 212479K [0x00000000f0000000, 0x0000000100000000)
[1.818s][debug][gc,heap           ] GC(30)   region size 1024K, 12 young (12288K), 2 survivors (2048K)
[1.818s][debug][gc,heap           ] GC(30)  Metaspace       used 470K, committed 640K, reserved 1056768K
[1.818s][debug][gc,heap           ] GC(30)   class space    used 33K, committed 128K, reserved 1048576K
[1.818s][info ][gc,start          ] GC(30) Pause Young (Normal) (G1 Evacuation Pause)
[1.818s][info ][gc,task           ] GC(30) Using 4 workers of 4 for evacuation
[1.818s][debug][gc,tlab           ] GC(30) TLAB totals: thrds: 1  refills: 60 max: 60 slow allocs: 0 max 0 waste:  0.3% gc: 0B max: 0B slow: 34960B max: 34960B
[1.818s][debug][gc,age            ] GC(30) Desired survivor size 1048576 bytes, new threshold 1 (max threshold 15)
[1.818s][debug][gc,refine,stats   ] GC(30) Mutator refinement: 0.00ms, refined: 0, precleaned: 0, dirtied: 5101
[1.818s][debug][gc,refine,stats   ] GC(30) Concurrent refinement: 0.00ms, refined: 0, precleaned: 0, dirtied: 0
[1.818s][debug][gc,refine,stats   ] GC(30) Total refinement: 0.00ms, refined: 0, precleaned: 0, dirtied: 5101
[1.818s][debug][gc,refine,stats   ] GC(30) Generate dirty cards rate: 215.14 cards/ms
[1.818s][debug][gc,alloc,region   ] GC(30) Mutator Allocation stats, regions: 10, wasted size: 6480B ( 0.1%)
[1.818s][debug][gc,humongous      ] GC(30) Humongous region 173 (object size 36920416 @ 0x00000000fad00000) remset 0 code roots 0 marked 1 reclaim candidate 0 type array 0
[1.818s][debug][gc,ergo           ] GC(30) Running G1 Merge Heap Roots using 4 workers for 12 regions
[1.818s][debug][gc,remset         ] GC(30) Visited cards 7680 Total dirty 18432 (41.67%) Total old 450560 (1.70%)
[1.830s][debug][gc,task,start     ] G1 Service Thread (Remembered Set Sampling Task) (run)
[1.836s][debug][gc,ref            ] GC(30) Skipped phase 1 of Reference Processing: no references
[1.836s][debug][gc,ref            ] GC(30) Skipped phase 2 of Reference Processing: no references
[1.836s][debug][gc,ref            ] GC(30) Skipped phase 3 of Reference Processing: no references
[1.836s][debug][gc,ref            ] GC(30) Skipped phase 4 of Reference Processing: no references
[1.836s][debug][gc,ergo           ] GC(30) Running G1 Rebuild Free List Task using 4 workers for rebuilding free list of regions
[1.836s][debug][gc,plab           ] GC(30) Young PLAB allocation: allocated: 2097152B, wasted: 288B, unused: 0B, used: 2096864B, undo waste: 0B, 
[1.836s][debug][gc,plab           ] GC(30) Young other allocation: region end waste: 0B, regions filled: 2, direct allocated: 0B, failure used: 0B, failure wasted: 0B
[1.836s][debug][gc,plab           ] GC(30) Young sizing: calculated: 419368B, actual: 433088B
[1.836s][debug][gc,plab           ] GC(30) Old PLAB allocation: allocated: 12058624B, wasted: 304B, unused: 1614032B, used: 10444288B, undo waste: 0B, 
[1.836s][debug][gc,plab           ] GC(30) Old other allocation: region end waste: 0B, regions filled: 12, direct allocated: 0B, failure used: 0B, failure wasted: 0B
[1.836s][debug][gc,plab           ] GC(30) Old sizing: calculated: 2088856B, actual: 2388488B
[1.836s][debug][gc,ergo,heap      ] GC(30) Heap expansion: short term pause time ratio 44.86% long term pause time ratio 41.59% threshold 7.69% pause time ratio 7.69% fully expanded true resize by 0B
[1.836s][debug][gc,mmu            ] GC(30) MMU: 107.7ms (200.0ms/201.0ms)
[1.836s][debug][gc,alloc,stats    ] Old generation allocation in the last mutator period, old gen allocated: 12058624B, humongous allocated: 0B,old gen growth: 12058624B.
[1.836s][debug][gc,ihop           ] GC(30) Basic information (value update), threshold: 120795955B (45.00), target occupancy: 268435456B, current occupancy: 219152368B, recent allocation size: 12058624B, recent allocation duration: 23.71ms, recent old gen allocation rate: 508577381.33B/s, recent marking phase length: 0.00ms
[1.836s][debug][gc,ihop           ] GC(30) Adaptive IHOP information (value update), threshold: 120795955B (52.94), internal target occupancy: 228170137B, occupancy: 219152368B, additional buffer size: 12582912B, predicted old gen allocation rate: 544164247.77B/s, predicted marking phase length: 0.00ms, prediction active: false
[1.837s][debug][gc,ergo,refine    ] GC(30) Concurrent refinement times: Logged Cards Scan time goal: 20.00ms Logged Cards Scan time: 2.16ms HCC time: 0.00ms
[1.837s][debug][gc,ergo,refine    ] GC(30) Updated Refinement Zones: green: 8302, yellow: 24906, red: 41510
[1.837s][info ][gc,phases         ] GC(30)   Pre Evacuate Collection Set: 0.1ms
[1.837s][debug][gc,phases         ] GC(30)     Prepare TLABs: 0.0ms
[1.837s][debug][gc,phases         ] GC(30)     Concatenate Dirty Card Logs: 0.0ms
[1.837s][debug][gc,phases         ] GC(30)     Choose Collection Set: 0.0ms
[1.837s][debug][gc,phases         ] GC(30)     Region Register: 0.1ms
[1.837s][debug][gc,phases         ] GC(30)     Prepare Heap Roots: 0.0ms
[1.837s][info ][gc,phases         ] GC(30)   Merge Heap Roots: 0.2ms
[1.837s][debug][gc,phases         ] GC(30)     Prepare Merge Heap Roots: 0.0ms
[1.837s][debug][gc,phases         ] GC(30)     Eager Reclaim (ms):            skipped
[1.837s][debug][gc,phases         ] GC(30)     Remembered Sets (ms):          Min:  0.0, Avg:  0.0, Max:  0.0, Diff:  0.0, Sum:  0.0, Workers: 4
[1.837s][debug][gc,phases         ] GC(30)       Merged Sparse:                 Min: 0, Avg:  0.0, Max: 0, Diff: 0, Sum: 0, Workers: 4
[1.837s][debug][gc,phases         ] GC(30)       Merged Fine:                   Min: 0, Avg:  3.0, Max: 5, Diff: 5, Sum: 12, Workers: 4
[1.837s][debug][gc,phases         ] GC(30)       Merged Coarse:                 Min: 0, Avg:  0.0, Max: 0, Diff: 0, Sum: 0, Workers: 4
[1.837s][debug][gc,phases         ] GC(30)       Dirty Cards:                   Min: 0, Avg:  0.0, Max: 0, Diff: 0, Sum: 0, Workers: 4
[1.837s][debug][gc,phases         ] GC(30)     Hot Card Cache (ms):           Min:  0.0, Avg:  0.0, Max:  0.0, Diff:  0.0, Sum:  0.0, Workers: 4
[1.837s][debug][gc,phases         ] GC(30)       Dirty Cards:                   Min: 0, Avg:  0.0, Max: 0, Diff: 0, Sum: 0, Workers: 4
[1.837s][debug][gc,phases         ] GC(30)       Skipped Cards:                 Min: 0, Avg:  0.0, Max: 0, Diff: 0, Sum: 0, Workers: 4
[1.837s][debug][gc,phases         ] GC(30)     Log Buffers (ms):              Min:  0.0, Avg:  0.0, Max:  0.0, Diff:  0.0, Sum:  0.1, Workers: 4
[1.837s][debug][gc,phases         ] GC(30)       Dirty Cards:                   Min: 0, Avg: 1526.8, Max: 2235, Diff: 2235, Sum: 6107, Workers: 4
[1.837s][debug][gc,phases         ] GC(30)       Skipped Cards:                 Min: 0, Avg:  0.0, Max: 0, Diff: 0, Sum: 0, Workers: 4
[1.837s][info ][gc,phases         ] GC(30)   Evacuate Collection Set: 17.2ms
[1.837s][debug][gc,phases         ] GC(30)     Ext Root Scanning (ms):        Min:  0.0, Avg:  0.0, Max:  0.0, Diff:  0.0, Sum:  0.0, Workers: 4
[1.837s][debug][gc,phases         ] GC(30)     Scan Heap Roots (ms):          Min:  1.9, Avg:  2.1, Max:  2.5, Diff:  0.6, Sum:  8.6, Workers: 4
[1.837s][debug][gc,phases         ] GC(30)       Scanned Cards:                 Min: 1347, Avg: 1532.8, Max: 1792, Diff: 445, Sum: 6131, Workers: 4
[1.837s][debug][gc,phases         ] GC(30)       Scanned Blocks:                Min: 6, Avg:  7.5, Max: 9, Diff: 3, Sum: 30, Workers: 4
[1.837s][debug][gc,phases         ] GC(30)       Claimed Chunks:                Min: 6, Avg:  7.5, Max: 9, Diff: 3, Sum: 30, Workers: 4
[1.837s][debug][gc,phases         ] GC(30)     Code Root Scan (ms):           Min:  0.0, Avg:  0.0, Max:  0.0, Diff:  0.0, Sum:  0.0, Workers: 4
[1.837s][debug][gc,phases         ] GC(30)     Object Copy (ms):              Min: 14.6, Avg: 14.9, Max: 15.1, Diff:  0.6, Sum: 59.5, Workers: 4
[1.837s][debug][gc,phases         ] GC(30)     Termination (ms):              Min:  0.0, Avg:  0.1, Max:  0.1, Diff:  0.0, Sum:  0.3, Workers: 4
[1.837s][debug][gc,phases         ] GC(30)       Termination Attempts:          Min: 1, Avg:  2.8, Max: 4, Diff: 3, Sum: 11, Workers: 4
[1.837s][debug][gc,phases         ] GC(30)     GC Worker Other (ms):          Min:  0.0, Avg:  0.0, Max:  0.0, Diff:  0.0, Sum:  0.0, Workers: 4
[1.837s][debug][gc,phases         ] GC(30)     GC Worker Total (ms):          Min: 17.0, Avg: 17.1, Max: 17.1, Diff:  0.2, Sum: 68.3, Workers: 4
[1.837s][info ][gc,phases         ] GC(30)   Post Evacuate Collection Set: 0.4ms
[1.838s][debug][gc,phases         ] GC(30)     Code Roots Fixup: 0.0ms
[1.838s][debug][gc,phases         ] GC(30)     Reference Processing: 0.2ms
[1.838s][debug][gc,phases,ref     ] GC(30)       Reconsider SoftReferences: 0.1ms
[1.838s][debug][gc,phases,ref     ] GC(30)         SoftRef (ms):                  skipped
[1.838s][debug][gc,phases,ref     ] GC(30)       Notify Soft/WeakReferences: 0.0ms
[1.838s][debug][gc,phases,ref     ] GC(30)         SoftRef (ms):                  skipped
[1.838s][debug][gc,phases,ref     ] GC(30)         WeakRef (ms):                  skipped
[1.838s][debug][gc,phases,ref     ] GC(30)         FinalRef (ms):                 skipped
[1.838s][debug][gc,phases,ref     ] GC(30)         Total (ms):                    skipped
[1.838s][debug][gc,phases,ref     ] GC(30)       Notify and keep alive finalizable: 0.0ms
[1.838s][debug][gc,phases,ref     ] GC(30)         FinalRef (ms):                 skipped
[1.838s][debug][gc,phases,ref     ] GC(30)       Notify PhantomReferences: 0.0ms
[1.838s][debug][gc,phases,ref     ] GC(30)         PhantomRef (ms):               skipped
[1.838s][debug][gc,phases,ref     ] GC(30)       SoftReference:
[1.838s][debug][gc,phases,ref     ] GC(30)         Discovered: 0
[1.838s][debug][gc,phases,ref     ] GC(30)         Cleared: 0
[1.838s][debug][gc,phases,ref     ] GC(30)       WeakReference:
[1.838s][debug][gc,phases,ref     ] GC(30)         Discovered: 0
[1.839s][debug][gc,phases,ref     ] GC(30)         Cleared: 0
[1.839s][debug][gc,phases,ref     ] GC(30)       FinalReference:
[1.839s][debug][gc,phases,ref     ] GC(30)         Discovered: 0
[1.839s][debug][gc,phases,ref     ] GC(30)         Cleared: 0
[1.839s][debug][gc,phases,ref     ] GC(30)       PhantomReference:
[1.839s][debug][gc,phases,ref     ] GC(30)         Discovered: 0
[1.839s][debug][gc,phases,ref     ] GC(30)         Cleared: 0
[1.839s][debug][gc,phases         ] GC(30)     Weak Processing: 0.1ms
[1.839s][debug][gc,phases         ] GC(30)       VM Weak                        Min:  0.0, Avg:  0.0, Max:  0.0, Diff:  0.0, Sum:  0.0, Workers: 3
[1.839s][debug][gc,phases         ] GC(30)         Dead                           Min: 0, Avg:  0.0, Max: 0, Diff: 0, Sum: 0, Workers: 3
[1.839s][debug][gc,phases         ] GC(30)         Total                          Min: 0, Avg:  2.7, Max: 8, Diff: 8, Sum: 8, Workers: 3
[1.839s][debug][gc,phases         ] GC(30)       ObjectSynchronizer Weak        Min:  0.0, Avg:  0.0, Max:  0.0, Diff:  0.0, Sum:  0.0, Workers: 3
[1.839s][debug][gc,phases         ] GC(30)         Dead                           Min: 0, Avg:  0.0, Max: 0, Diff: 0, Sum: 0, Workers: 3
[1.839s][debug][gc,phases         ] GC(30)         Total                          Min: 0, Avg:  1.0, Max: 3, Diff: 3, Sum: 3, Workers: 3
[1.839s][debug][gc,phases         ] GC(30)       JVMTI Tag Weak OopStorage      Min:  0.0, Avg:  0.0, Max:  0.0, Diff:  0.0, Sum:  0.0, Workers: 3
[1.839s][debug][gc,phases         ] GC(30)         Dead                           Min: 0, Avg:  0.0, Max: 0, Diff: 0, Sum: 0, Workers: 3
[1.839s][debug][gc,phases         ] GC(30)         Total                          Min: 0, Avg:  0.0, Max: 0, Diff: 0, Sum: 0, Workers: 3
[1.839s][debug][gc,phases         ] GC(30)       StringTable Weak               Min:  0.0, Avg:  0.0, Max:  0.0, Diff:  0.0, Sum:  0.1, Workers: 3
[1.839s][debug][gc,phases         ] GC(30)         Dead                           Min: 0, Avg:  0.0, Max: 0, Diff: 0, Sum: 0, Workers: 3
[1.839s][debug][gc,phases         ] GC(30)         Total                          Min: 512, Avg: 819.0, Max: 1024, Diff: 512, Sum: 2457, Workers: 3
[1.839s][debug][gc,phases         ] GC(30)       ResolvedMethodTable Weak       Min:  0.0, Avg:  0.0, Max:  0.0, Diff:  0.0, Sum:  0.0, Workers: 3
[1.839s][debug][gc,phases         ] GC(30)         Dead                           Min: 0, Avg:  0.0, Max: 0, Diff: 0, Sum: 0, Workers: 3
[1.839s][debug][gc,phases         ] GC(30)         Total                          Min: 0, Avg: 45.7, Max: 73, Diff: 73, Sum: 137, Workers: 3
[1.839s][debug][gc,phases         ] GC(30)       JNI Weak                       Min:  0.0, Avg:  0.0, Max:  0.0, Diff:  0.0, Sum:  0.0, Workers: 3
[1.839s][debug][gc,phases         ] GC(30)         Dead                           Min: 0, Avg:  0.0, Max: 0, Diff: 0, Sum: 0, Workers: 3
[1.839s][debug][gc,phases         ] GC(30)         Total                          Min: 0, Avg:  0.0, Max: 0, Diff: 0, Sum: 0, Workers: 3
[1.839s][debug][gc,phases         ] GC(30)       StringDedup Table Weak         Min:  0.0, Avg:  0.0, Max:  0.0, Diff:  0.0, Sum:  0.0, Workers: 3
[1.839s][debug][gc,phases         ] GC(30)         Dead                           Min: 0, Avg:  0.0, Max: 0, Diff: 0, Sum: 0, Workers: 3
[1.839s][debug][gc,phases         ] GC(30)         Total                          Min: 0, Avg:  0.0, Max: 0, Diff: 0, Sum: 0, Workers: 3
[1.839s][debug][gc,phases         ] GC(30)       StringDedup Requests0 Weak     Min:  0.0, Avg:  0.0, Max:  0.0, Diff:  0.0, Sum:  0.0, Workers: 3
[1.839s][debug][gc,phases         ] GC(30)         Dead                           Min: 0, Avg:  0.0, Max: 0, Diff: 0, Sum: 0, Workers: 3
[1.839s][debug][gc,phases         ] GC(30)         Total                          Min: 0, Avg:  0.0, Max: 0, Diff: 0, Sum: 0, Workers: 3
[1.839s][debug][gc,phases         ] GC(30)       StringDedup Requests1 Weak     Min:  0.0, Avg:  0.0, Max:  0.0, Diff:  0.0, Sum:  0.0, Workers: 3
[1.840s][debug][gc,phases         ] GC(30)         Dead                           Min: 0, Avg:  0.0, Max: 0, Diff: 0, Sum: 0, Workers: 3
[1.840s][debug][gc,phases         ] GC(30)         Total                          Min: 0, Avg:  0.0, Max: 0, Diff: 0, Sum: 0, Workers: 3
[1.840s][debug][gc,phases         ] GC(30)       Weak JFR Old Object Samples    Min:  0.0, Avg:  0.0, Max:  0.0, Diff:  0.0, Sum:  0.0, Workers: 3
[1.840s][debug][gc,phases         ] GC(30)         Dead                           Min: 0, Avg:  0.0, Max: 0, Diff: 0, Sum: 0, Workers: 3
[1.840s][debug][gc,phases         ] GC(30)         Total                          Min: 0, Avg:  0.0, Max: 0, Diff: 0, Sum: 0, Workers: 3
[1.840s][debug][gc,phases         ] GC(30)     Post Evacuate Cleanup 1: 0.0ms
[1.840s][debug][gc,phases         ] GC(30)       Merge Per-Thread State (ms):   Min:  0.0, Avg:  0.0, Max:  0.0, Diff:  0.0, Sum:  0.0, Workers: 1
[1.840s][debug][gc,phases         ] GC(30)         Copied Bytes                   Min: 2856736, Avg: 3135288.0, Max: 3582032, Diff: 725296, Sum: 12541152, Workers: 4
[1.840s][debug][gc,phases         ] GC(30)         LAB Waste                      Min: 80, Avg: 148.0, Max: 192, Diff: 112, Sum: 592, Workers: 4
[1.840s][debug][gc,phases         ] GC(30)         LAB Undo Waste                 Min: 0, Avg:  0.0, Max: 0, Diff: 0, Sum: 0, Workers: 4
[1.840s][debug][gc,phases         ] GC(30)       Clear Logged Cards (ms):       Min:  0.0, Avg:  0.0, Max:  0.0, Diff:  0.0, Sum:  0.0, Workers: 3
[1.840s][debug][gc,phases         ] GC(30)       Recalculate Used Memory (ms):  Min:  0.0, Avg:  0.0, Max:  0.0, Diff:  0.0, Sum:  0.0, Workers: 1
[1.840s][debug][gc,phases         ] GC(30)     Post Evacuate Cleanup 2: 0.1ms
[1.840s][debug][gc,phases         ] GC(30)       Reset Hot Card Cache (ms):     Min:  0.0, Avg:  0.0, Max:  0.0, Diff:  0.0, Sum:  0.0, Workers: 1
[1.840s][debug][gc,phases         ] GC(30)       Purge Code Roots (ms):         Min:  0.0, Avg:  0.0, Max:  0.0, Diff:  0.0, Sum:  0.0, Workers: 1
[1.840s][debug][gc,phases         ] GC(30)       Update Derived Pointers (ms):  Min:  0.0, Avg:  0.0, Max:  0.0, Diff:  0.0, Sum:  0.0, Workers: 1
[1.840s][debug][gc,phases         ] GC(30)       Eagerly Reclaim Humongous Objects (ms): Min:  0.0, Avg:  0.0, Max:  0.0, Diff:  0.0, Sum:  0.0, Workers: 1
[1.840s][debug][gc,phases         ] GC(30)         Humongous Total                Min: 1, Avg:  1.0, Max: 1, Diff: 0, Sum: 1, Workers: 1
[1.840s][debug][gc,phases         ] GC(30)         Humongous Candidates           Min: 0, Avg:  0.0, Max: 0, Diff: 0, Sum: 0, Workers: 1
[1.840s][debug][gc,phases         ] GC(30)         Humongous Reclaimed            Min: 0, Avg:  0.0, Max: 0, Diff: 0, Sum: 0, Workers: 1
[1.840s][debug][gc,phases         ] GC(30)       Redirty Logged Cards (ms):     Min:  0.0, Avg:  0.0, Max:  0.0, Diff:  0.0, Sum:  0.0, Workers: 4
[1.840s][debug][gc,phases         ] GC(30)         Redirtied Cards:               Min: 0, Avg: 257.5, Max: 738, Diff: 738, Sum: 1030, Workers: 4
[1.840s][debug][gc,phases         ] GC(30)       Free Collection Set (ms):      Min:  0.0, Avg:  0.0, Max:  0.0, Diff:  0.0, Sum:  0.0, Workers: 4
[1.840s][debug][gc,phases         ] GC(30)     Rebuild Free List: 0.1ms
[1.840s][debug][gc,phases         ] GC(30)     Start New Collection Set: 0.0ms
[1.840s][debug][gc,phases         ] GC(30)     Resize TLABs: 0.0ms
[1.840s][debug][gc,phases         ] GC(30)     Expand Heap After Collection: 0.0ms
[1.840s][info ][gc,phases         ] GC(30)   Other: 0.9ms
[1.840s][info ][gc,heap           ] GC(30) Eden regions: 10->0(10)
[1.840s][info ][gc,heap           ] GC(30) Survivor regions: 2->2(2)
[1.840s][info ][gc,heap           ] GC(30) Old regions: 160->171
[1.840s][info ][gc,heap           ] GC(30) Archive regions: 0->0
[1.840s][info ][gc,heap           ] GC(30) Humongous regions: 36->36
[1.840s][info ][gc,metaspace      ] GC(30) Metaspace: 470K(640K)->470K(640K) NonClass: 437K(512K)->437K(512K) Class: 33K(128K)->33K(128K)
[1.840s][debug][gc,heap           ] GC(30) Heap after GC invocations=28 (full 1):
[1.840s][debug][gc,heap           ] GC(30)  garbage-first heap   total 262144K, used 214015K [0x00000000f0000000, 0x0000000100000000)
[1.840s][debug][gc,heap           ] GC(30)   region size 1024K, 2 young (2048K), 2 survivors (2048K)
[1.840s][debug][gc,heap           ] GC(30)  Metaspace       used 470K, committed 640K, reserved 1056768K
[1.840s][debug][gc,heap           ] GC(30)   class space    used 33K, committed 128K, reserved 1048576K
[1.840s][info ][gc                ] GC(30) Pause Young (Normal) (G1 Evacuation Pause) 207M->208M(256M) 22.250ms
[1.840s][info ][gc,cpu            ] GC(30) User=0.08s Sys=0.00s Real=0.02s
[1.840s][debug][gc,task           ] G1 Service Thread (Remembered Set Sampling Task) (run) 9.993ms (cpu: 0.000ms)
[1.846s][info ][gc,marking        ] GC(22) Concurrent Rebuild Remembered Sets 282.498ms
[1.846s][info ][gc,start          ] GC(22) Pause Cleanup
[1.846s][debug][gc,phases,start   ] GC(22) Update Remembered Set Tracking After Rebuild
[1.846s][debug][gc,phases         ] GC(22) Update Remembered Set Tracking After Rebuild 0.047ms
[1.846s][debug][gc,phases,start   ] GC(22) Finalize Concurrent Mark Cleanup
[1.846s][debug][gc,ergo,cset      ] GC(22) Pruned 5 regions out of 5, leaving 3752576 bytes waste (allowed 13421772)
[1.846s][debug][gc,ergo           ] GC(22) request young-only gcs (candidate old regions not available)
[1.846s][debug][gc,mmu            ] GC(22) MMU: 98.3ms (200.0ms/201.0ms)
[1.846s][debug][gc,phases         ] GC(22) Finalize Concurrent Mark Cleanup 0.181ms
[1.846s][info ][gc                ] GC(22) Pause Cleanup 211M->211M(256M) 0.323ms
[1.846s][info ][gc,cpu            ] GC(22) User=0.00s Sys=0.00s Real=0.00s
[1.846s][info ][gc,marking        ] GC(22) Concurrent Cleanup for Next Mark
[1.846s][debug][gc,ergo           ] GC(22) Running G1 Clear Bitmap with 1 workers for 4 work units.
[1.847s][info ][gc,marking        ] GC(22) Concurrent Cleanup for Next Mark 0.324ms
[1.847s][info ][gc                ] GC(22) Concurrent Mark Cycle 480.490ms
[1.859s][debug][gc,heap           ] GC(31) Heap before GC invocations=29 (full 1):
[1.859s][debug][gc,heap           ] GC(31)  garbage-first heap   total 262144K, used 224255K [0x00000000f0000000, 0x0000000100000000)
[1.859s][debug][gc,heap           ] GC(31)   region size 1024K, 12 young (12288K), 2 survivors (2048K)
[1.859s][debug][gc,heap           ] GC(31)  Metaspace       used 470K, committed 640K, reserved 1056768K
[1.859s][debug][gc,heap           ] GC(31)   class space    used 33K, committed 128K, reserved 1048576K
[1.859s][info ][gc,start          ] GC(31) Pause Young (Normal) (G1 Evacuation Pause)
[1.859s][info ][gc,task           ] GC(31) Using 4 workers of 4 for evacuation
[1.859s][debug][gc,tlab           ] GC(31) TLAB totals: thrds: 1  refills: 60 max: 60 slow allocs: 0 max 0 waste:  0.3% gc: 0B max: 0B slow: 34960B max: 34960B
[1.859s][debug][gc,age            ] GC(31) Desired survivor size 1048576 bytes, new threshold 1 (max threshold 15)
[1.859s][debug][gc,refine,stats   ] GC(31) Mutator refinement: 0.00ms, refined: 0, precleaned: 0, dirtied: 5098
[1.859s][debug][gc,refine,stats   ] GC(31) Concurrent refinement: 0.00ms, refined: 0, precleaned: 0, dirtied: 0
[1.859s][debug][gc,refine,stats   ] GC(31) Total refinement: 0.00ms, refined: 0, precleaned: 0, dirtied: 5098
[1.859s][debug][gc,refine,stats   ] GC(31) Generate dirty cards rate: 227.91 cards/ms
[1.859s][debug][gc,alloc,region   ] GC(31) Mutator Allocation stats, regions: 10, wasted size: 11280B ( 0.1%)
[1.859s][debug][gc,humongous      ] GC(31) Humongous region 173 (object size 36920416 @ 0x00000000fad00000) remset 0 code roots 0 marked 0 reclaim candidate 0 type array 0
[1.859s][debug][gc,ergo           ] GC(31) Running G1 Merge Heap Roots using 4 workers for 12 regions
[1.859s][debug][gc,remset         ] GC(31) Visited cards 7680 Total dirty 16384 (46.88%) Total old 473088 (1.62%)
[1.880s][debug][gc,ref            ] GC(31) Skipped phase 1 of Reference Processing: no references
[1.880s][debug][gc,ref            ] GC(31) Skipped phase 2 of Reference Processing: no references
[1.880s][debug][gc,ref            ] GC(31) Skipped phase 3 of Reference Processing: no references
[1.880s][debug][gc,ref            ] GC(31) Skipped phase 4 of Reference Processing: no references
[1.880s][debug][gc,ergo           ] GC(31) Running G1 Rebuild Free List Task using 4 workers for rebuilding free list of regions
[1.880s][debug][gc,plab           ] GC(31) Young PLAB allocation: allocated: 2097152B, wasted: 320B, unused: 0B, used: 2096832B, undo waste: 0B, 
[1.880s][debug][gc,plab           ] GC(31) Young other allocation: region end waste: 0B, regions filled: 2, direct allocated: 0B, failure used: 0B, failure wasted: 0B
[1.880s][debug][gc,plab           ] GC(31) Young sizing: calculated: 419360B, actual: 422792B
[1.880s][debug][gc,plab           ] GC(31) Old PLAB allocation: allocated: 11534336B, wasted: 288B, unused: 1094496B, used: 10439552B, undo waste: 0B, 
[1.881s][debug][gc,plab           ] GC(31) Old other allocation: region end waste: 0B, regions filled: 11, direct allocated: 0B, failure used: 0B, failure wasted: 0B
[1.881s][debug][gc,plab           ] GC(31) Old sizing: calculated: 2087904B, actual: 2163048B
[1.881s][debug][gc,ergo,heap      ] GC(31) Heap expansion: short term pause time ratio 2.35% long term pause time ratio 41.70% threshold 7.69% pause time ratio 7.69% fully expanded true resize by 0B
[1.881s][debug][gc,ergo,ihop      ] GC(31) Request concurrent cycle initiation (occupancy higher than threshold) occupancy: 228589568B allocation request: 0B threshold: 120795955B (45.00) source: end of GC
[1.881s][debug][gc,mmu            ] GC(31) MMU: 100.9ms (200.0ms/201.0ms)
[1.881s][debug][gc,alloc,stats    ] Old generation allocation in the last mutator period, old gen allocated: 11534336B, humongous allocated: 0B,old gen growth: 11534336B.
[1.881s][debug][gc,ihop           ] GC(31) Basic information (value update), threshold: 120795955B (45.00), target occupancy: 268435456B, current occupancy: 230686704B, recent allocation size: 11534336B, recent allocation duration: 22.37ms, recent old gen allocation rate: 515646237.82B/s, recent marking phase length: 0.00ms
[1.881s][debug][gc,ihop           ] GC(31) Adaptive IHOP information (value update), threshold: 120795955B (52.94), internal target occupancy: 228170137B, occupancy: 230686704B, additional buffer size: 12582912B, predicted old gen allocation rate: 546853252.51B/s, predicted marking phase length: 0.00ms, prediction active: false
[1.881s][debug][gc,ergo,refine    ] GC(31) Concurrent refinement times: Logged Cards Scan time goal: 20.00ms Logged Cards Scan time: 2.32ms HCC time: 0.00ms
[1.881s][debug][gc,ergo,refine    ] GC(31) Updated Refinement Zones: green: 8302, yellow: 24906, red: 41510
[1.881s][info ][gc,phases         ] GC(31)   Pre Evacuate Collection Set: 0.1ms
[1.881s][debug][gc,phases         ] GC(31)     Prepare TLABs: 0.0ms
[1.881s][debug][gc,phases         ] GC(31)     Concatenate Dirty Card Logs: 0.0ms
[1.881s][debug][gc,phases         ] GC(31)     Choose Collection Set: 0.0ms
[1.881s][debug][gc,phases         ] GC(31)     Region Register: 0.1ms
[1.881s][debug][gc,phases         ] GC(31)     Prepare Heap Roots: 0.0ms
[1.881s][info ][gc,phases         ] GC(31)   Merge Heap Roots: 0.2ms
[1.881s][debug][gc,phases         ] GC(31)     Prepare Merge Heap Roots: 0.0ms
[1.881s][debug][gc,phases         ] GC(31)     Eager Reclaim (ms):            skipped
[1.881s][debug][gc,phases         ] GC(31)     Remembered Sets (ms):          Min:  0.0, Avg:  0.0, Max:  0.0, Diff:  0.0, Sum:  0.0, Workers: 4
[1.881s][debug][gc,phases         ] GC(31)       Merged Sparse:                 Min: 0, Avg:  0.0, Max: 0, Diff: 0, Sum: 0, Workers: 4
[1.881s][debug][gc,phases         ] GC(31)       Merged Fine:                   Min: 0, Avg:  0.0, Max: 0, Diff: 0, Sum: 0, Workers: 4
[1.881s][debug][gc,phases         ] GC(31)       Merged Coarse:                 Min: 0, Avg:  0.0, Max: 0, Diff: 0, Sum: 0, Workers: 4
[1.881s][debug][gc,phases         ] GC(31)       Dirty Cards:                   Min: 0, Avg:  0.0, Max: 0, Diff: 0, Sum: 0, Workers: 4
[1.881s][debug][gc,phases         ] GC(31)     Hot Card Cache (ms):           Min:  0.0, Avg:  0.0, Max:  0.0, Diff:  0.0, Sum:  0.0, Workers: 4
[1.881s][debug][gc,phases         ] GC(31)       Dirty Cards:                   Min: 0, Avg:  0.0, Max: 0, Diff: 0, Sum: 0, Workers: 4
[1.881s][debug][gc,phases         ] GC(31)       Skipped Cards:                 Min: 0, Avg:  0.0, Max: 0, Diff: 0, Sum: 0, Workers: 4
[1.881s][debug][gc,phases         ] GC(31)     Log Buffers (ms):              Min:  0.0, Avg:  0.0, Max:  0.1, Diff:  0.0, Sum:  0.2, Workers: 4
[1.881s][debug][gc,phases         ] GC(31)       Dirty Cards:                   Min: 1016, Avg: 1524.0, Max: 1762, Diff: 746, Sum: 6096, Workers: 4
[1.881s][debug][gc,phases         ] GC(31)       Skipped Cards:                 Min: 0, Avg:  0.0, Max: 0, Diff: 0, Sum: 0, Workers: 4
[1.881s][info ][gc,phases         ] GC(31)   Evacuate Collection Set: 20.6ms
[1.881s][debug][gc,phases         ] GC(31)     Ext Root Scanning (ms):        Min:  0.0, Avg:  0.0, Max:  0.0, Diff:  0.0, Sum:  0.0, Workers: 4
[1.881s][debug][gc,phases         ] GC(31)     Scan Heap Roots (ms):          Min:  1.6, Avg:  2.3, Max:  2.9, Diff:  1.3, Sum:  9.2, Workers: 4
[1.881s][debug][gc,phases         ] GC(31)       Scanned Cards:                 Min: 1026, Avg: 1532.0, Max: 2049, Diff: 1023, Sum: 6128, Workers: 4
[1.881s][debug][gc,phases         ] GC(31)       Scanned Blocks:                Min: 6, Avg:  7.5, Max: 10, Diff: 4, Sum: 30, Workers: 4
[1.881s][debug][gc,phases         ] GC(31)       Claimed Chunks:                Min: 6, Avg:  7.5, Max: 10, Diff: 4, Sum: 30, Workers: 4
[1.881s][debug][gc,phases         ] GC(31)     Code Root Scan (ms):           Min:  0.0, Avg:  0.0, Max:  0.0, Diff:  0.0, Sum:  0.0, Workers: 4
[1.881s][debug][gc,phases         ] GC(31)     Object Copy (ms):              Min: 17.4, Avg: 18.1, Max: 18.9, Diff:  1.4, Sum: 72.2, Workers: 4
[1.881s][debug][gc,phases         ] GC(31)     Termination (ms):              Min:  0.0, Avg:  0.0, Max:  0.0, Diff:  0.0, Sum:  0.0, Workers: 4
[1.881s][debug][gc,phases         ] GC(31)       Termination Attempts:          Min: 1, Avg:  4.3, Max: 8, Diff: 7, Sum: 17, Workers: 4
[1.881s][debug][gc,phases         ] GC(31)     GC Worker Other (ms):          Min:  0.0, Avg:  0.0, Max:  0.0, Diff:  0.0, Sum:  0.0, Workers: 4
[1.881s][debug][gc,phases         ] GC(31)     GC Worker Total (ms):          Min: 19.9, Avg: 20.4, Max: 20.5, Diff:  0.6, Sum: 81.5, Workers: 4
[1.882s][info ][gc,phases         ] GC(31)   Post Evacuate Collection Set: 0.4ms
[1.882s][debug][gc,phases         ] GC(31)     Code Roots Fixup: 0.0ms
[1.882s][debug][gc,phases         ] GC(31)     Reference Processing: 0.2ms
[1.882s][debug][gc,phases,ref     ] GC(31)       Reconsider SoftReferences: 0.1ms
[1.882s][debug][gc,phases,ref     ] GC(31)         SoftRef (ms):                  skipped
[1.882s][debug][gc,phases,ref     ] GC(31)       Notify Soft/WeakReferences: 0.0ms
[1.882s][debug][gc,phases,ref     ] GC(31)         SoftRef (ms):                  skipped
[1.882s][debug][gc,phases,ref     ] GC(31)         WeakRef (ms):                  skipped
[1.882s][debug][gc,phases,ref     ] GC(31)         FinalRef (ms):                 skipped
[1.882s][debug][gc,phases,ref     ] GC(31)         Total (ms):                    skipped
[1.882s][debug][gc,phases,ref     ] GC(31)       Notify and keep alive finalizable: 0.0ms
[1.882s][debug][gc,phases,ref     ] GC(31)         FinalRef (ms):                 skipped
[1.882s][debug][gc,phases,ref     ] GC(31)       Notify PhantomReferences: 0.0ms
[1.882s][debug][gc,phases,ref     ] GC(31)         PhantomRef (ms):               skipped
[1.882s][debug][gc,phases,ref     ] GC(31)       SoftReference:
[1.882s][debug][gc,phases,ref     ] GC(31)         Discovered: 0
[1.882s][debug][gc,phases,ref     ] GC(31)         Cleared: 0
[1.882s][debug][gc,phases,ref     ] GC(31)       WeakReference:
[1.882s][debug][gc,phases,ref     ] GC(31)         Discovered: 0
[1.882s][debug][gc,phases,ref     ] GC(31)         Cleared: 0
[1.882s][debug][gc,phases,ref     ] GC(31)       FinalReference:
[1.882s][debug][gc,phases,ref     ] GC(31)         Discovered: 0
[1.882s][debug][gc,phases,ref     ] GC(31)         Cleared: 0
[1.882s][debug][gc,phases,ref     ] GC(31)       PhantomReference:
[1.882s][debug][gc,phases,ref     ] GC(31)         Discovered: 0
[1.882s][debug][gc,phases,ref     ] GC(31)         Cleared: 0
[1.882s][debug][gc,phases         ] GC(31)     Weak Processing: 0.0ms
[1.882s][debug][gc,phases         ] GC(31)       VM Weak                        Min:  0.0, Avg:  0.0, Max:  0.0, Diff:  0.0, Sum:  0.0, Workers: 3
[1.882s][debug][gc,phases         ] GC(31)         Dead                           Min: 0, Avg:  0.0, Max: 0, Diff: 0, Sum: 0, Workers: 3
[1.882s][debug][gc,phases         ] GC(31)         Total                          Min: 0, Avg:  2.7, Max: 8, Diff: 8, Sum: 8, Workers: 3
[1.882s][debug][gc,phases         ] GC(31)       ObjectSynchronizer Weak        Min:  0.0, Avg:  0.0, Max:  0.0, Diff:  0.0, Sum:  0.0, Workers: 3
[1.882s][debug][gc,phases         ] GC(31)         Dead                           Min: 0, Avg:  0.0, Max: 0, Diff: 0, Sum: 0, Workers: 3
[1.882s][debug][gc,phases         ] GC(31)         Total                          Min: 0, Avg:  1.0, Max: 3, Diff: 3, Sum: 3, Workers: 3
[1.882s][debug][gc,phases         ] GC(31)       JVMTI Tag Weak OopStorage      Min:  0.0, Avg:  0.0, Max:  0.0, Diff:  0.0, Sum:  0.0, Workers: 3
[1.882s][debug][gc,phases         ] GC(31)         Dead                           Min: 0, Avg:  0.0, Max: 0, Diff: 0, Sum: 0, Workers: 3
[1.882s][debug][gc,phases         ] GC(31)         Total                          Min: 0, Avg:  0.0, Max: 0, Diff: 0, Sum: 0, Workers: 3
[1.882s][debug][gc,phases         ] GC(31)       StringTable Weak               Min:  0.0, Avg:  0.0, Max:  0.0, Diff:  0.0, Sum:  0.0, Workers: 3
[1.882s][debug][gc,phases         ] GC(31)         Dead                           Min: 0, Avg:  0.0, Max: 0, Diff: 0, Sum: 0, Workers: 3
[1.882s][debug][gc,phases         ] GC(31)         Total                          Min: 601, Avg: 819.0, Max: 960, Diff: 359, Sum: 2457, Workers: 3
[1.882s][debug][gc,phases         ] GC(31)       ResolvedMethodTable Weak       Min:  0.0, Avg:  0.0, Max:  0.0, Diff:  0.0, Sum:  0.0, Workers: 3
[1.882s][debug][gc,phases         ] GC(31)         Dead                           Min: 0, Avg:  0.0, Max: 0, Diff: 0, Sum: 0, Workers: 3
[1.882s][debug][gc,phases         ] GC(31)         Total                          Min: 0, Avg: 45.7, Max: 73, Diff: 73, Sum: 137, Workers: 3
[1.882s][debug][gc,phases         ] GC(31)       JNI Weak                       Min:  0.0, Avg:  0.0, Max:  0.0, Diff:  0.0, Sum:  0.0, Workers: 3
[1.882s][debug][gc,phases         ] GC(31)         Dead                           Min: 0, Avg:  0.0, Max: 0, Diff: 0, Sum: 0, Workers: 3
[1.882s][debug][gc,phases         ] GC(31)         Total                          Min: 0, Avg:  0.0, Max: 0, Diff: 0, Sum: 0, Workers: 3
[1.882s][debug][gc,phases         ] GC(31)       StringDedup Table Weak         Min:  0.0, Avg:  0.0, Max:  0.0, Diff:  0.0, Sum:  0.0, Workers: 3
[1.882s][debug][gc,phases         ] GC(31)         Dead                           Min: 0, Avg:  0.0, Max: 0, Diff: 0, Sum: 0, Workers: 3
[1.882s][debug][gc,phases         ] GC(31)         Total                          Min: 0, Avg:  0.0, Max: 0, Diff: 0, Sum: 0, Workers: 3
[1.882s][debug][gc,phases         ] GC(31)       StringDedup Requests0 Weak     Min:  0.0, Avg:  0.0, Max:  0.0, Diff:  0.0, Sum:  0.0, Workers: 3
[1.882s][debug][gc,phases         ] GC(31)         Dead                           Min: 0, Avg:  0.0, Max: 0, Diff: 0, Sum: 0, Workers: 3
[1.882s][debug][gc,phases         ] GC(31)         Total                          Min: 0, Avg:  0.0, Max: 0, Diff: 0, Sum: 0, Workers: 3
[1.882s][debug][gc,phases         ] GC(31)       StringDedup Requests1 Weak     Min:  0.0, Avg:  0.0, Max:  0.0, Diff:  0.0, Sum:  0.0, Workers: 3
[1.882s][debug][gc,phases         ] GC(31)         Dead                           Min: 0, Avg:  0.0, Max: 0, Diff: 0, Sum: 0, Workers: 3
[1.882s][debug][gc,phases         ] GC(31)         Total                          Min: 0, Avg:  0.0, Max: 0, Diff: 0, Sum: 0, Workers: 3
[1.882s][debug][gc,phases         ] GC(31)       Weak JFR Old Object Samples    Min:  0.0, Avg:  0.0, Max:  0.0, Diff:  0.0, Sum:  0.0, Workers: 3
[1.882s][debug][gc,phases         ] GC(31)         Dead                           Min: 0, Avg:  0.0, Max: 0, Diff: 0, Sum: 0, Workers: 3
[1.882s][debug][gc,phases         ] GC(31)         Total                          Min: 0, Avg:  0.0, Max: 0, Diff: 0, Sum: 0, Workers: 3
[1.882s][debug][gc,phases         ] GC(31)     Post Evacuate Cleanup 1: 0.0ms
[1.883s][debug][gc,phases         ] GC(31)       Merge Per-Thread State (ms):   Min:  0.0, Avg:  0.0, Max:  0.0, Diff:  0.0, Sum:  0.0, Workers: 1
[1.883s][debug][gc,phases         ] GC(31)         Copied Bytes                   Min: 1840304, Avg: 3134096.0, Max: 4182480, Diff: 2342176, Sum: 12536384, Workers: 4
[1.883s][debug][gc,phases         ] GC(31)         LAB Waste                      Min: 96, Avg: 152.0, Max: 208, Diff: 112, Sum: 608, Workers: 4
[1.883s][debug][gc,phases         ] GC(31)         LAB Undo Waste                 Min: 0, Avg:  0.0, Max: 0, Diff: 0, Sum: 0, Workers: 4
[1.883s][debug][gc,phases         ] GC(31)       Clear Logged Cards (ms):       Min:  0.0, Avg:  0.0, Max:  0.0, Diff:  0.0, Sum:  0.0, Workers: 3
[1.883s][debug][gc,phases         ] GC(31)       Recalculate Used Memory (ms):  Min:  0.0, Avg:  0.0, Max:  0.0, Diff:  0.0, Sum:  0.0, Workers: 1
[1.883s][debug][gc,phases         ] GC(31)     Post Evacuate Cleanup 2: 0.1ms
[1.883s][debug][gc,phases         ] GC(31)       Reset Hot Card Cache (ms):     Min:  0.0, Avg:  0.0, Max:  0.0, Diff:  0.0, Sum:  0.0, Workers: 1
[1.883s][debug][gc,phases         ] GC(31)       Purge Code Roots (ms):         Min:  0.0, Avg:  0.0, Max:  0.0, Diff:  0.0, Sum:  0.0, Workers: 1
[1.883s][debug][gc,phases         ] GC(31)       Update Derived Pointers (ms):  Min:  0.0, Avg:  0.0, Max:  0.0, Diff:  0.0, Sum:  0.0, Workers: 1
[1.883s][debug][gc,phases         ] GC(31)       Eagerly Reclaim Humongous Objects (ms): Min:  0.0, Avg:  0.0, Max:  0.0, Diff:  0.0, Sum:  0.0, Workers: 1
[1.883s][debug][gc,phases         ] GC(31)         Humongous Total                Min: 1, Avg:  1.0, Max: 1, Diff: 0, Sum: 1, Workers: 1
[1.883s][debug][gc,phases         ] GC(31)         Humongous Candidates           Min: 0, Avg:  0.0, Max: 0, Diff: 0, Sum: 0, Workers: 1
[1.883s][debug][gc,phases         ] GC(31)         Humongous Reclaimed            Min: 0, Avg:  0.0, Max: 0, Diff: 0, Sum: 0, Workers: 1
[1.883s][debug][gc,phases         ] GC(31)       Redirty Logged Cards (ms):     Min:  0.0, Avg:  0.0, Max:  0.0, Diff:  0.0, Sum:  0.0, Workers: 4
[1.883s][debug][gc,phases         ] GC(31)         Redirtied Cards:               Min: 0, Avg: 256.8, Max: 771, Diff: 771, Sum: 1027, Workers: 4
[1.883s][debug][gc,phases         ] GC(31)       Free Collection Set (ms):      Min:  0.0, Avg:  0.0, Max:  0.0, Diff:  0.0, Sum:  0.0, Workers: 4
[1.883s][debug][gc,phases         ] GC(31)     Rebuild Free List: 0.1ms
[1.883s][debug][gc,phases         ] GC(31)     Start New Collection Set: 0.0ms
[1.883s][debug][gc,phases         ] GC(31)     Resize TLABs: 0.0ms
[1.883s][debug][gc,phases         ] GC(31)     Expand Heap After Collection: 0.0ms
[1.883s][info ][gc,phases         ] GC(31)   Other: 0.9ms
[1.883s][info ][gc,heap           ] GC(31) Eden regions: 10->0(10)
[1.883s][info ][gc,heap           ] GC(31) Survivor regions: 2->2(2)
[1.883s][info ][gc,heap           ] GC(31) Old regions: 171->182
[1.883s][info ][gc,heap           ] GC(31) Archive regions: 0->0
[1.883s][info ][gc,heap           ] GC(31) Humongous regions: 36->36
[1.883s][info ][gc,metaspace      ] GC(31) Metaspace: 470K(640K)->470K(640K) NonClass: 437K(512K)->437K(512K) Class: 33K(128K)->33K(128K)
[1.883s][debug][gc,heap           ] GC(31) Heap after GC invocations=30 (full 1):
[1.883s][debug][gc,heap           ] GC(31)  garbage-first heap   total 262144K, used 225279K [0x00000000f0000000, 0x0000000100000000)
[1.883s][debug][gc,heap           ] GC(31)   region size 1024K, 2 young (2048K), 2 survivors (2048K)
[1.883s][debug][gc,heap           ] GC(31)  Metaspace       used 470K, committed 640K, reserved 1056768K
[1.883s][debug][gc,heap           ] GC(31)   class space    used 33K, committed 128K, reserved 1048576K
[1.883s][info ][gc                ] GC(31) Pause Young (Normal) (G1 Evacuation Pause) 218M->219M(256M) 24.188ms
[1.883s][info ][gc,cpu            ] GC(31) User=0.06s Sys=0.02s Real=0.02s
[1.900s][debug][gc,heap           ] GC(32) Heap before GC invocations=30 (full 1):
[1.900s][debug][gc,heap           ] GC(32)  garbage-first heap   total 262144K, used 235519K [0x00000000f0000000, 0x0000000100000000)
[1.900s][debug][gc,heap           ] GC(32)   region size 1024K, 12 young (12288K), 2 survivors (2048K)
[1.901s][debug][gc,heap           ] GC(32)  Metaspace       used 470K, committed 640K, reserved 1056768K
[1.901s][debug][gc,heap           ] GC(32)   class space    used 33K, committed 128K, reserved 1048576K
[1.901s][debug][gc,ergo           ] GC(32) Initiate concurrent cycle (concurrent cycle initiation requested)
[1.901s][info ][gc,start          ] GC(32) Pause Young (Concurrent Start) (G1 Evacuation Pause)
[1.901s][info ][gc,task           ] GC(32) Using 4 workers of 4 for evacuation
[1.901s][debug][gc,tlab           ] GC(32) TLAB totals: thrds: 1  refills: 60 max: 60 slow allocs: 0 max 0 waste:  0.3% gc: 0B max: 0B slow: 34960B max: 34960B
[1.901s][debug][gc,age            ] GC(32) Desired survivor size 1048576 bytes, new threshold 1 (max threshold 15)
[1.901s][debug][gc,refine,stats   ] GC(32) Mutator refinement: 0.00ms, refined: 0, precleaned: 0, dirtied: 5096
[1.901s][debug][gc,refine,stats   ] GC(32) Concurrent refinement: 0.00ms, refined: 0, precleaned: 0, dirtied: 0
[1.901s][debug][gc,refine,stats   ] GC(32) Total refinement: 0.00ms, refined: 0, precleaned: 0, dirtied: 5096
[1.901s][debug][gc,refine,stats   ] GC(32) Generate dirty cards rate: 255.00 cards/ms
[1.901s][debug][gc,alloc,region   ] GC(32) Mutator Allocation stats, regions: 10, wasted size: 16080B ( 0.2%)
[1.901s][debug][gc,humongous      ] GC(32) Humongous region 173 (object size 36920416 @ 0x00000000fad00000) remset 0 code roots 0 marked 0 reclaim candidate 0 type array 0
[1.901s][debug][gc,ergo           ] GC(32) Running G1 Merge Heap Roots using 4 workers for 12 regions
[1.901s][debug][gc,remset         ] GC(32) Visited cards 6656 Total dirty 12288 (54.17%) Total old 495616 (1.34%)
[1.918s][debug][gc,ref            ] GC(32) Skipped phase 1 of Reference Processing: no references
[1.918s][debug][gc,ref            ] GC(32) Skipped phase 2 of Reference Processing: no references
[1.918s][debug][gc,ref            ] GC(32) Skipped phase 3 of Reference Processing: no references
[1.918s][debug][gc,ref            ] GC(32) Skipped phase 4 of Reference Processing: no references
[1.918s][debug][gc,ergo           ] GC(32) Running G1 Rebuild Free List Task using 4 workers for rebuilding free list of regions
[1.918s][debug][gc,plab           ] GC(32) Young PLAB allocation: allocated: 2097152B, wasted: 320B, unused: 0B, used: 2096832B, undo waste: 0B, 
[1.918s][debug][gc,plab           ] GC(32) Young other allocation: region end waste: 0B, regions filled: 2, direct allocated: 0B, failure used: 0B, failure wasted: 0B
[1.918s][debug][gc,plab           ] GC(32) Young sizing: calculated: 419360B, actual: 420216B
[1.918s][debug][gc,plab           ] GC(32) Old PLAB allocation: allocated: 12058624B, wasted: 304B, unused: 1623600B, used: 10434720B, undo waste: 0B, 
[1.918s][debug][gc,plab           ] GC(32) Old other allocation: region end waste: 0B, regions filled: 12, direct allocated: 0B, failure used: 0B, failure wasted: 0B
[1.919s][debug][gc,plab           ] GC(32) Old sizing: calculated: 2086944B, actual: 2105968B
[1.919s][debug][gc,ergo,heap      ] GC(32) Heap expansion: short term pause time ratio 62.74% long term pause time ratio 42.71% threshold 7.69% pause time ratio 7.69% fully expanded true resize by 0B
[1.919s][debug][gc,mmu            ] GC(32) MMU: 105.1ms (200.0ms/201.0ms)
[1.919s][debug][gc,alloc,stats    ] Old generation allocation in the last mutator period, old gen allocated: 12058624B, humongous allocated: 0B,old gen growth: 12058624B.
[1.919s][debug][gc,ihop           ] GC(32) Basic information (value update), threshold: 120795955B (45.00), target occupancy: 268435456B, current occupancy: 242745328B, recent allocation size: 12058624B, recent allocation duration: 19.98ms, recent old gen allocation rate: 603410911.67B/s, recent marking phase length: 0.00ms
[1.919s][debug][gc,ihop           ] GC(32) Adaptive IHOP information (value update), threshold: 120795955B (52.94), internal target occupancy: 228170137B, occupancy: 242745328B, additional buffer size: 12582912B, predicted old gen allocation rate: 554832557.01B/s, predicted marking phase length: 0.00ms, prediction active: false
[1.919s][debug][gc,ergo,refine    ] GC(32) Concurrent refinement times: Logged Cards Scan time goal: 20.00ms Logged Cards Scan time: 2.26ms HCC time: 0.00ms
[1.919s][debug][gc,ergo,refine    ] GC(32) Updated Refinement Zones: green: 8302, yellow: 24906, red: 41510
[1.919s][info ][gc,phases         ] GC(32)   Pre Evacuate Collection Set: 0.1ms
[1.919s][debug][gc,phases         ] GC(32)     Prepare TLABs: 0.0ms
[1.919s][debug][gc,phases         ] GC(32)     Concatenate Dirty Card Logs: 0.0ms
[1.919s][debug][gc,phases         ] GC(32)     Choose Collection Set: 0.0ms
[1.919s][debug][gc,phases         ] GC(32)     Region Register: 0.1ms
[1.919s][debug][gc,phases         ] GC(32)     Prepare Heap Roots: 0.0ms
[1.919s][debug][gc,phases         ] GC(32)     Clear Claimed Marks: 0.0ms
[1.919s][info ][gc,phases         ] GC(32)   Merge Heap Roots: 0.1ms
[1.919s][debug][gc,phases         ] GC(32)     Prepare Merge Heap Roots: 0.0ms
[1.919s][debug][gc,phases         ] GC(32)     Eager Reclaim (ms):            skipped
[1.919s][debug][gc,phases         ] GC(32)     Remembered Sets (ms):          Min:  0.0, Avg:  0.0, Max:  0.0, Diff:  0.0, Sum:  0.0, Workers: 4
[1.919s][debug][gc,phases         ] GC(32)       Merged Sparse:                 Min: 0, Avg:  0.0, Max: 0, Diff: 0, Sum: 0, Workers: 4
[1.919s][debug][gc,phases         ] GC(32)       Merged Fine:                   Min: 0, Avg:  0.0, Max: 0, Diff: 0, Sum: 0, Workers: 4
[1.919s][debug][gc,phases         ] GC(32)       Merged Coarse:                 Min: 0, Avg:  0.0, Max: 0, Diff: 0, Sum: 0, Workers: 4
[1.919s][debug][gc,phases         ] GC(32)       Dirty Cards:                   Min: 0, Avg:  0.0, Max: 0, Diff: 0, Sum: 0, Workers: 4
[1.919s][debug][gc,phases         ] GC(32)     Hot Card Cache (ms):           Min:  0.0, Avg:  0.0, Max:  0.0, Diff:  0.0, Sum:  0.0, Workers: 4
[1.919s][debug][gc,phases         ] GC(32)       Dirty Cards:                   Min: 0, Avg:  0.0, Max: 0, Diff: 0, Sum: 0, Workers: 4
[1.919s][debug][gc,phases         ] GC(32)       Skipped Cards:                 Min: 0, Avg:  0.0, Max: 0, Diff: 0, Sum: 0, Workers: 4
[1.919s][debug][gc,phases         ] GC(32)     Log Buffers (ms):              Min:  0.0, Avg:  0.0, Max:  0.0, Diff:  0.0, Sum:  0.1, Workers: 4
[1.919s][debug][gc,phases         ] GC(32)       Dirty Cards:                   Min: 0, Avg: 1524.8, Max: 2045, Diff: 2045, Sum: 6099, Workers: 4
[1.919s][debug][gc,phases         ] GC(32)       Skipped Cards:                 Min: 0, Avg:  0.0, Max: 0, Diff: 0, Sum: 0, Workers: 4
[1.919s][info ][gc,phases         ] GC(32)   Evacuate Collection Set: 16.8ms
[1.919s][debug][gc,phases         ] GC(32)     Ext Root Scanning (ms):        Min:  0.0, Avg:  0.0, Max:  0.1, Diff:  0.1, Sum:  0.1, Workers: 4
[1.920s][debug][gc,phases         ] GC(32)     Scan Heap Roots (ms):          Min:  1.9, Avg:  2.2, Max:  2.6, Diff:  0.7, Sum:  9.0, Workers: 4
[1.920s][debug][gc,phases         ] GC(32)       Scanned Cards:                 Min: 1280, Avg: 1530.8, Max: 1779, Diff: 499, Sum: 6123, Workers: 4
[1.920s][debug][gc,phases         ] GC(32)       Scanned Blocks:                Min: 5, Avg:  6.5, Max: 7, Diff: 2, Sum: 26, Workers: 4
[1.920s][debug][gc,phases         ] GC(32)       Claimed Chunks:                Min: 5, Avg:  6.5, Max: 7, Diff: 2, Sum: 26, Workers: 4
[1.920s][debug][gc,phases         ] GC(32)     Code Root Scan (ms):           Min:  0.0, Avg:  0.0, Max:  0.0, Diff:  0.0, Sum:  0.0, Workers: 4
[1.920s][debug][gc,phases         ] GC(32)     Object Copy (ms):              Min: 13.2, Avg: 13.8, Max: 14.1, Diff:  0.9, Sum: 55.0, Workers: 4
[1.920s][debug][gc,phases         ] GC(32)     Termination (ms):              Min:  0.0, Avg:  0.3, Max:  0.5, Diff:  0.5, Sum:  1.1, Workers: 4
[1.920s][debug][gc,phases         ] GC(32)       Termination Attempts:          Min: 1, Avg:  8.8, Max: 16, Diff: 15, Sum: 35, Workers: 4
[1.920s][debug][gc,phases         ] GC(32)     GC Worker Other (ms):          Min:  0.0, Avg:  0.0, Max:  0.0, Diff:  0.0, Sum:  0.0, Workers: 4
[1.920s][debug][gc,phases         ] GC(32)     GC Worker Total (ms):          Min: 15.5, Avg: 16.3, Max: 16.8, Diff:  1.4, Sum: 65.3, Workers: 4
[1.920s][info ][gc,phases         ] GC(32)   Post Evacuate Collection Set: 0.4ms
[1.920s][debug][gc,phases         ] GC(32)     Code Roots Fixup: 0.0ms
[1.920s][debug][gc,phases         ] GC(32)     Reference Processing: 0.2ms
[1.920s][debug][gc,phases,ref     ] GC(32)       Reconsider SoftReferences: 0.1ms
[1.920s][debug][gc,phases,ref     ] GC(32)         SoftRef (ms):                  skipped
[1.920s][debug][gc,phases,ref     ] GC(32)       Notify Soft/WeakReferences: 0.0ms
[1.920s][debug][gc,phases,ref     ] GC(32)         SoftRef (ms):                  skipped
[1.920s][debug][gc,phases,ref     ] GC(32)         WeakRef (ms):                  skipped
[1.920s][debug][gc,phases,ref     ] GC(32)         FinalRef (ms):                 skipped
[1.920s][debug][gc,phases,ref     ] GC(32)         Total (ms):                    skipped
[1.920s][debug][gc,phases,ref     ] GC(32)       Notify and keep alive finalizable: 0.0ms
[1.920s][debug][gc,phases,ref     ] GC(32)         FinalRef (ms):                 skipped
[1.920s][debug][gc,phases,ref     ] GC(32)       Notify PhantomReferences: 0.0ms
[1.920s][debug][gc,phases,ref     ] GC(32)         PhantomRef (ms):               skipped
[1.920s][debug][gc,phases,ref     ] GC(32)       SoftReference:
[1.920s][debug][gc,phases,ref     ] GC(32)         Discovered: 0
[1.920s][debug][gc,phases,ref     ] GC(32)         Cleared: 0
[1.920s][debug][gc,phases,ref     ] GC(32)       WeakReference:
[1.920s][debug][gc,phases,ref     ] GC(32)         Discovered: 0
[1.920s][debug][gc,phases,ref     ] GC(32)         Cleared: 0
[1.920s][debug][gc,phases,ref     ] GC(32)       FinalReference:
[1.920s][debug][gc,phases,ref     ] GC(32)         Discovered: 0
[1.920s][debug][gc,phases,ref     ] GC(32)         Cleared: 0
[1.920s][debug][gc,phases,ref     ] GC(32)       PhantomReference:
[1.920s][debug][gc,phases,ref     ] GC(32)         Discovered: 0
[1.920s][debug][gc,phases,ref     ] GC(32)         Cleared: 0
[1.920s][debug][gc,phases         ] GC(32)     Weak Processing: 0.0ms
[1.920s][debug][gc,phases         ] GC(32)       VM Weak                        Min:  0.0, Avg:  0.0, Max:  0.0, Diff:  0.0, Sum:  0.0, Workers: 3
[1.920s][debug][gc,phases         ] GC(32)         Dead                           Min: 0, Avg:  0.0, Max: 0, Diff: 0, Sum: 0, Workers: 3
[1.920s][debug][gc,phases         ] GC(32)         Total                          Min: 0, Avg:  2.7, Max: 8, Diff: 8, Sum: 8, Workers: 3
[1.920s][debug][gc,phases         ] GC(32)       ObjectSynchronizer Weak        Min:  0.0, Avg:  0.0, Max:  0.0, Diff:  0.0, Sum:  0.0, Workers: 3
[1.920s][debug][gc,phases         ] GC(32)         Dead                           Min: 0, Avg:  0.0, Max: 0, Diff: 0, Sum: 0, Workers: 3
[1.920s][debug][gc,phases         ] GC(32)         Total                          Min: 0, Avg:  1.0, Max: 3, Diff: 3, Sum: 3, Workers: 3
[1.920s][debug][gc,phases         ] GC(32)       JVMTI Tag Weak OopStorage      Min:  0.0, Avg:  0.0, Max:  0.0, Diff:  0.0, Sum:  0.0, Workers: 3
[1.920s][debug][gc,phases         ] GC(32)         Dead                           Min: 0, Avg:  0.0, Max: 0, Diff: 0, Sum: 0, Workers: 3
[1.921s][debug][gc,phases         ] GC(32)         Total                          Min: 0, Avg:  0.0, Max: 0, Diff: 0, Sum: 0, Workers: 3
[1.921s][debug][gc,phases         ] GC(32)       StringTable Weak               Min:  0.0, Avg:  0.0, Max:  0.0, Diff:  0.0, Sum:  0.0, Workers: 3
[1.921s][debug][gc,phases         ] GC(32)         Dead                           Min: 0, Avg:  0.0, Max: 0, Diff: 0, Sum: 0, Workers: 3
[1.921s][debug][gc,phases         ] GC(32)         Total                          Min: 704, Avg: 819.0, Max: 896, Diff: 192, Sum: 2457, Workers: 3
[1.921s][debug][gc,phases         ] GC(32)       ResolvedMethodTable Weak       Min:  0.0, Avg:  0.0, Max:  0.0, Diff:  0.0, Sum:  0.0, Workers: 3
[1.921s][debug][gc,phases         ] GC(32)         Dead                           Min: 0, Avg:  0.0, Max: 0, Diff: 0, Sum: 0, Workers: 3
[1.921s][debug][gc,phases         ] GC(32)         Total                          Min: 9, Avg: 45.7, Max: 64, Diff: 55, Sum: 137, Workers: 3
[1.921s][debug][gc,phases         ] GC(32)       JNI Weak                       Min:  0.0, Avg:  0.0, Max:  0.0, Diff:  0.0, Sum:  0.0, Workers: 3
[1.921s][debug][gc,phases         ] GC(32)         Dead                           Min: 0, Avg:  0.0, Max: 0, Diff: 0, Sum: 0, Workers: 3
[1.921s][debug][gc,phases         ] GC(32)         Total                          Min: 0, Avg:  0.0, Max: 0, Diff: 0, Sum: 0, Workers: 3
[1.921s][debug][gc,phases         ] GC(32)       StringDedup Table Weak         Min:  0.0, Avg:  0.0, Max:  0.0, Diff:  0.0, Sum:  0.0, Workers: 3
[1.921s][debug][gc,phases         ] GC(32)         Dead                           Min: 0, Avg:  0.0, Max: 0, Diff: 0, Sum: 0, Workers: 3
[1.921s][debug][gc,phases         ] GC(32)         Total                          Min: 0, Avg:  0.0, Max: 0, Diff: 0, Sum: 0, Workers: 3
[1.921s][debug][gc,phases         ] GC(32)       StringDedup Requests0 Weak     Min:  0.0, Avg:  0.0, Max:  0.0, Diff:  0.0, Sum:  0.0, Workers: 3
[1.921s][debug][gc,phases         ] GC(32)         Dead                           Min: 0, Avg:  0.0, Max: 0, Diff: 0, Sum: 0, Workers: 3
[1.921s][debug][gc,phases         ] GC(32)         Total                          Min: 0, Avg:  0.0, Max: 0, Diff: 0, Sum: 0, Workers: 3
[1.921s][debug][gc,phases         ] GC(32)       StringDedup Requests1 Weak     Min:  0.0, Avg:  0.0, Max:  0.0, Diff:  0.0, Sum:  0.0, Workers: 3
[1.921s][debug][gc,phases         ] GC(32)         Dead                           Min: 0, Avg:  0.0, Max: 0, Diff: 0, Sum: 0, Workers: 3
[1.921s][debug][gc,phases         ] GC(32)         Total                          Min: 0, Avg:  0.0, Max: 0, Diff: 0, Sum: 0, Workers: 3
[1.921s][debug][gc,phases         ] GC(32)       Weak JFR Old Object Samples    Min:  0.0, Avg:  0.0, Max:  0.0, Diff:  0.0, Sum:  0.0, Workers: 3
[1.921s][debug][gc,phases         ] GC(32)         Dead                           Min: 0, Avg:  0.0, Max: 0, Diff: 0, Sum: 0, Workers: 3
[1.921s][debug][gc,phases         ] GC(32)         Total                          Min: 0, Avg:  0.0, Max: 0, Diff: 0, Sum: 0, Workers: 3
[1.921s][debug][gc,phases         ] GC(32)     Post Evacuate Cleanup 1: 0.0ms
[1.921s][debug][gc,phases         ] GC(32)       Merge Per-Thread State (ms):   Min:  0.0, Avg:  0.0, Max:  0.0, Diff:  0.0, Sum:  0.0, Workers: 1
[1.921s][debug][gc,phases         ] GC(32)         Copied Bytes                   Min: 2727440, Avg: 3132888.0, Max: 3404224, Diff: 676784, Sum: 12531552, Workers: 4
[1.921s][debug][gc,phases         ] GC(32)         LAB Waste                      Min: 96, Avg: 156.0, Max: 224, Diff: 128, Sum: 624, Workers: 4
[1.921s][debug][gc,phases         ] GC(32)         LAB Undo Waste                 Min: 0, Avg:  0.0, Max: 0, Diff: 0, Sum: 0, Workers: 4
[1.921s][debug][gc,phases         ] GC(32)       Clear Logged Cards (ms):       Min:  0.0, Avg:  0.0, Max:  0.0, Diff:  0.0, Sum:  0.0, Workers: 3
[1.921s][debug][gc,phases         ] GC(32)       Recalculate Used Memory (ms):  Min:  0.0, Avg:  0.0, Max:  0.0, Diff:  0.0, Sum:  0.0, Workers: 1
[1.921s][debug][gc,phases         ] GC(32)     Post Evacuate Cleanup 2: 0.1ms
[1.921s][debug][gc,phases         ] GC(32)       Reset Hot Card Cache (ms):     Min:  0.0, Avg:  0.0, Max:  0.0, Diff:  0.0, Sum:  0.0, Workers: 1
[1.921s][debug][gc,phases         ] GC(32)       Purge Code Roots (ms):         Min:  0.0, Avg:  0.0, Max:  0.0, Diff:  0.0, Sum:  0.0, Workers: 1
[1.921s][debug][gc,phases         ] GC(32)       Update Derived Pointers (ms):  Min:  0.0, Avg:  0.0, Max:  0.0, Diff:  0.0, Sum:  0.0, Workers: 1
[1.921s][debug][gc,phases         ] GC(32)       Eagerly Reclaim Humongous Objects (ms): Min:  0.0, Avg:  0.0, Max:  0.0, Diff:  0.0, Sum:  0.0, Workers: 1
[1.921s][debug][gc,phases         ] GC(32)         Humongous Total                Min: 1, Avg:  1.0, Max: 1, Diff: 0, Sum: 1, Workers: 1
[1.921s][debug][gc,phases         ] GC(32)         Humongous Candidates           Min: 0, Avg:  0.0, Max: 0, Diff: 0, Sum: 0, Workers: 1
[1.921s][debug][gc,phases         ] GC(32)         Humongous Reclaimed            Min: 0, Avg:  0.0, Max: 0, Diff: 0, Sum: 0, Workers: 1
[1.921s][debug][gc,phases         ] GC(32)       Redirty Logged Cards (ms):     Min:  0.0, Avg:  0.0, Max:  0.0, Diff:  0.0, Sum:  0.0, Workers: 4
[1.921s][debug][gc,phases         ] GC(32)         Redirtied Cards:               Min: 0, Avg: 256.8, Max: 771, Diff: 771, Sum: 1027, Workers: 4
[1.921s][debug][gc,phases         ] GC(32)       Free Collection Set (ms):      Min:  0.0, Avg:  0.0, Max:  0.0, Diff:  0.0, Sum:  0.0, Workers: 4
[1.921s][debug][gc,phases         ] GC(32)     Rebuild Free List: 0.1ms
[1.921s][debug][gc,phases         ] GC(32)     Start New Collection Set: 0.0ms
[1.921s][debug][gc,phases         ] GC(32)     Resize TLABs: 0.0ms
[1.921s][debug][gc,phases         ] GC(32)     Expand Heap After Collection: 0.0ms
[1.921s][info ][gc,phases         ] GC(32)   Other: 1.0ms
[1.921s][info ][gc,heap           ] GC(32) Eden regions: 10->0(10)
[1.921s][info ][gc,heap           ] GC(32) Survivor regions: 2->2(2)
[1.921s][info ][gc,heap           ] GC(32) Old regions: 182->194
[1.921s][info ][gc,heap           ] GC(32) Archive regions: 0->0
[1.921s][info ][gc,heap           ] GC(32) Humongous regions: 36->36
[1.921s][info ][gc,metaspace      ] GC(32) Metaspace: 470K(640K)->470K(640K) NonClass: 437K(512K)->437K(512K) Class: 33K(128K)->33K(128K)
[1.921s][debug][gc,heap           ] GC(32) Heap after GC invocations=31 (full 1):
[1.921s][debug][gc,heap           ] GC(32)  garbage-first heap   total 262144K, used 237055K [0x00000000f0000000, 0x0000000100000000)
[1.921s][debug][gc,heap           ] GC(32)   region size 1024K, 2 young (2048K), 2 survivors (2048K)
[1.922s][debug][gc,heap           ] GC(32)  Metaspace       used 470K, committed 640K, reserved 1056768K
[1.922s][debug][gc,heap           ] GC(32)   class space    used 33K, committed 128K, reserved 1048576K
[1.922s][info ][gc                ] GC(32) Pause Young (Concurrent Start) (G1 Evacuation Pause) 229M->231M(256M) 20.960ms
[1.922s][info ][gc,cpu            ] GC(32) User=0.06s Sys=0.00s Real=0.02s
[1.922s][info ][gc                ] GC(33) Concurrent Mark Cycle
[1.922s][info ][gc,marking        ] GC(33) Concurrent Clear Claimed Marks
[1.922s][info ][gc,marking        ] GC(33) Concurrent Clear Claimed Marks 0.030ms
[1.922s][info ][gc,marking        ] GC(33) Concurrent Scan Root Regions
[1.926s][debug][gc,ergo           ] GC(33) Running G1 Root Region Scan using 1 workers for 14 work units.
[1.934s][info ][gc,marking        ] GC(33) Concurrent Scan Root Regions 12.396ms
[1.934s][info ][gc,marking        ] GC(33) Concurrent Mark
[1.934s][info ][gc,marking        ] GC(33) Concurrent Mark From Roots
[1.934s][info ][gc,task           ] GC(33) Using 1 workers of 1 for marking
[1.991s][debug][gc,ergo,cset      ] Preventive GC, insufficient free regions. Predicted need 15. Curr Eden 10 (Pred 13). Curr Survivor 2 (Pred 3). Curr Old 194 (Pred 0) Free 14 Alloc 1
[1.991s][debug][gc,heap           ] GC(34) Heap before GC invocations=31 (full 1):
[1.991s][debug][gc,heap           ] GC(34)  garbage-first heap   total 262144K, used 246271K [0x00000000f0000000, 0x0000000100000000)
[1.991s][debug][gc,heap           ] GC(34)   region size 1024K, 12 young (12288K), 2 survivors (2048K)
[1.991s][debug][gc,heap           ] GC(34)  Metaspace       used 470K, committed 640K, reserved 1056768K
[1.991s][debug][gc,heap           ] GC(34)   class space    used 33K, committed 128K, reserved 1048576K
[1.991s][info ][gc,start          ] GC(34) Pause Young (Normal) (G1 Preventive Collection)
[1.991s][info ][gc,task           ] GC(34) Using 4 workers of 4 for evacuation
[1.991s][debug][gc,tlab           ] GC(34) TLAB totals: thrds: 1  refills: 70 max: 70 slow allocs: 0 max 0 waste:  0.4% gc: 0B max: 0B slow: 40800B max: 40800B
[1.991s][debug][gc,age            ] GC(34) Desired survivor size 1048576 bytes, new threshold 1 (max threshold 15)
[1.991s][debug][gc,refine,stats   ] GC(34) Mutator refinement: 0.00ms, refined: 0, precleaned: 0, dirtied: 5123
[1.991s][debug][gc,refine,stats   ] GC(34) Concurrent refinement: 0.00ms, refined: 0, precleaned: 0, dirtied: 0
[1.991s][debug][gc,refine,stats   ] GC(34) Total refinement: 0.00ms, refined: 0, precleaned: 0, dirtied: 5123
[1.991s][debug][gc,refine,stats   ] GC(34) Generate dirty cards rate: 70.38 cards/ms
[1.991s][debug][gc,alloc,region   ] GC(34) Mutator Allocation stats, regions: 10, wasted size: 0B ( 0.0%)
[1.992s][debug][gc,humongous      ] GC(34) Humongous region 173 (object size 36920416 @ 0x00000000fad00000) remset 0 code roots 0 marked 1 reclaim candidate 0 type array 0
[1.992s][debug][gc,ergo           ] GC(34) Running G1 Merge Heap Roots using 4 workers for 12 regions
[1.992s][debug][gc,remset         ] GC(34) Visited cards 7424 Total dirty 16384 (45.31%) Total old 520192 (1.43%)
[1.995s][debug][gc,ref            ] GC(34) Skipped phase 1 of Reference Processing: no references
[1.995s][debug][gc,ref            ] GC(34) Skipped phase 2 of Reference Processing: no references
[1.995s][debug][gc,ref            ] GC(34) Skipped phase 3 of Reference Processing: no references
[1.995s][debug][gc,ref            ] GC(34) Skipped phase 4 of Reference Processing: no references
[1.996s][debug][gc,ergo           ] GC(34) Running G1 Rebuild Free List Task using 4 workers for rebuilding free list of regions
[1.996s][debug][gc,plab           ] GC(34) Young PLAB allocation: allocated: 2097152B, wasted: 480B, unused: 0B, used: 2096672B, undo waste: 0B, 
[1.996s][debug][gc,plab           ] GC(34) Young other allocation: region end waste: 0B, regions filled: 2, direct allocated: 0B, failure used: 0B, failure wasted: 0B
[1.996s][debug][gc,plab           ] GC(34) Young sizing: calculated: 419328B, actual: 419544B
[1.996s][debug][gc,plab           ] GC(34) Old PLAB allocation: allocated: 2097152B, wasted: 0B, unused: 1858912B, used: 238240B, undo waste: 0B, 
[1.996s][debug][gc,plab           ] GC(34) Old other allocation: region end waste: 0B, regions filled: 3, direct allocated: 0B, failure used: 0B, failure wasted: 0B
[1.996s][debug][gc,plab           ] GC(34) Old sizing: calculated: 47648B, actual: 562224B
[1.996s][debug][gc,ergo,heap      ] GC(34) Heap expansion: short term pause time ratio 47.21% long term pause time ratio 42.68% threshold 7.69% pause time ratio 7.69% fully expanded true resize by 0B
[1.996s][debug][gc,mmu            ] GC(34) MMU: 62.6ms (200.0ms/201.0ms)
[1.996s][debug][gc,alloc,stats    ] Old generation allocation in the last mutator period, old gen allocated: 2097152B, humongous allocated: 0B,old gen growth: 2097152B.
[1.996s][debug][gc,ihop           ] GC(34) Basic information (value update), threshold: 120795955B (45.00), target occupancy: 268435456B, current occupancy: 244842480B, recent allocation size: 2097152B, recent allocation duration: 72.79ms, recent old gen allocation rate: 28809882.30B/s, recent marking phase length: 0.00ms
[1.996s][debug][gc,ihop           ] GC(34) Adaptive IHOP information (value update), threshold: 120795955B (52.94), internal target occupancy: 228170137B, occupancy: 244842480B, additional buffer size: 12582912B, predicted old gen allocation rate: 538376523.64B/s, predicted marking phase length: 0.00ms, prediction active: false
[1.996s][debug][gc,ergo,refine    ] GC(34) Concurrent refinement times: Logged Cards Scan time goal: 20.00ms Logged Cards Scan time: 1.06ms HCC time: 0.00ms
[1.996s][debug][gc,ergo,refine    ] GC(34) Updated Refinement Zones: green: 8302, yellow: 24906, red: 41510
[1.996s][info ][gc,phases         ] GC(34)   Pre Evacuate Collection Set: 0.1ms
[1.996s][debug][gc,phases         ] GC(34)     Prepare TLABs: 0.0ms
[1.996s][debug][gc,phases         ] GC(34)     Concatenate Dirty Card Logs: 0.0ms
[1.996s][debug][gc,phases         ] GC(34)     Choose Collection Set: 0.0ms
[1.996s][debug][gc,phases         ] GC(34)     Region Register: 0.1ms
[1.996s][debug][gc,phases         ] GC(34)     Prepare Heap Roots: 0.0ms
[1.996s][info ][gc,phases         ] GC(34)   Merge Heap Roots: 0.1ms
[1.996s][debug][gc,phases         ] GC(34)     Prepare Merge Heap Roots: 0.0ms
[1.996s][debug][gc,phases         ] GC(34)     Eager Reclaim (ms):            skipped
[1.996s][debug][gc,phases         ] GC(34)     Remembered Sets (ms):          Min:  0.0, Avg:  0.0, Max:  0.0, Diff:  0.0, Sum:  0.0, Workers: 4
[1.996s][debug][gc,phases         ] GC(34)       Merged Sparse:                 Min: 0, Avg:  0.0, Max: 0, Diff: 0, Sum: 0, Workers: 4
[1.996s][debug][gc,phases         ] GC(34)       Merged Fine:                   Min: 0, Avg:  0.0, Max: 0, Diff: 0, Sum: 0, Workers: 4
[1.996s][debug][gc,phases         ] GC(34)       Merged Coarse:                 Min: 0, Avg:  0.0, Max: 0, Diff: 0, Sum: 0, Workers: 4
[1.996s][debug][gc,phases         ] GC(34)       Dirty Cards:                   Min: 0, Avg:  0.0, Max: 0, Diff: 0, Sum: 0, Workers: 4
[1.996s][debug][gc,phases         ] GC(34)     Hot Card Cache (ms):           Min:  0.0, Avg:  0.0, Max:  0.0, Diff:  0.0, Sum:  0.0, Workers: 4
[1.996s][debug][gc,phases         ] GC(34)       Dirty Cards:                   Min: 0, Avg:  0.0, Max: 0, Diff: 0, Sum: 0, Workers: 4
[1.996s][debug][gc,phases         ] GC(34)       Skipped Cards:                 Min: 0, Avg:  0.0, Max: 0, Diff: 0, Sum: 0, Workers: 4
[1.996s][debug][gc,phases         ] GC(34)     Log Buffers (ms):              Min:  0.0, Avg:  0.0, Max:  0.0, Diff:  0.0, Sum:  0.1, Workers: 4
[1.996s][debug][gc,phases         ] GC(34)       Dirty Cards:                   Min: 1462, Avg: 1529.5, Max: 1579, Diff: 117, Sum: 6118, Workers: 4
[1.997s][debug][gc,phases         ] GC(34)       Skipped Cards:                 Min: 0, Avg:  0.0, Max: 0, Diff: 0, Sum: 0, Workers: 4
[1.997s][info ][gc,phases         ] GC(34)   Evacuate Collection Set: 3.6ms
[1.997s][debug][gc,phases         ] GC(34)     Ext Root Scanning (ms):        Min:  0.0, Avg:  0.0, Max:  0.0, Diff:  0.0, Sum:  0.1, Workers: 4
[1.997s][debug][gc,phases         ] GC(34)     Scan Heap Roots (ms):          Min:  0.5, Avg:  1.0, Max:  1.2, Diff:  0.7, Sum:  4.2, Workers: 4
[1.997s][debug][gc,phases         ] GC(34)       Scanned Cards:                 Min: 373, Avg: 1537.5, Max: 2034, Diff: 1661, Sum: 6150, Workers: 4
[1.997s][debug][gc,phases         ] GC(34)       Scanned Blocks:                Min: 2, Avg: 10.0, Max: 21, Diff: 19, Sum: 40, Workers: 4
[1.997s][debug][gc,phases         ] GC(34)       Claimed Chunks:                Min: 2, Avg:  7.3, Max: 10, Diff: 8, Sum: 29, Workers: 4
[1.997s][debug][gc,phases         ] GC(34)     Code Root Scan (ms):           Min:  0.0, Avg:  0.0, Max:  0.0, Diff:  0.0, Sum:  0.0, Workers: 4
[1.997s][debug][gc,phases         ] GC(34)     Object Copy (ms):              Min:  2.3, Avg:  2.5, Max:  3.0, Diff:  0.7, Sum: 10.0, Workers: 4
[1.997s][debug][gc,phases         ] GC(34)     Termination (ms):              Min:  0.0, Avg:  0.0, Max:  0.0, Diff:  0.0, Sum:  0.0, Workers: 4
[1.997s][debug][gc,phases         ] GC(34)       Termination Attempts:          Min: 1, Avg:  1.0, Max: 1, Diff: 0, Sum: 4, Workers: 4
[1.997s][debug][gc,phases         ] GC(34)     GC Worker Other (ms):          Min:  0.0, Avg:  0.0, Max:  0.0, Diff:  0.0, Sum:  0.0, Workers: 4
[1.997s][debug][gc,phases         ] GC(34)     GC Worker Total (ms):          Min:  3.6, Avg:  3.6, Max:  3.6, Diff:  0.0, Sum: 14.3, Workers: 4
[1.997s][info ][gc,phases         ] GC(34)   Post Evacuate Collection Set: 0.3ms
[1.997s][debug][gc,phases         ] GC(34)     Code Roots Fixup: 0.0ms
[1.997s][debug][gc,phases         ] GC(34)     Reference Processing: 0.1ms
[1.997s][debug][gc,phases,ref     ] GC(34)       Reconsider SoftReferences: 0.1ms
[1.997s][debug][gc,phases,ref     ] GC(34)         SoftRef (ms):                  skipped
[1.997s][debug][gc,phases,ref     ] GC(34)       Notify Soft/WeakReferences: 0.0ms
[1.997s][debug][gc,phases,ref     ] GC(34)         SoftRef (ms):                  skipped
[1.997s][debug][gc,phases,ref     ] GC(34)         WeakRef (ms):                  skipped
[1.997s][debug][gc,phases,ref     ] GC(34)         FinalRef (ms):                 skipped
[1.997s][debug][gc,phases,ref     ] GC(34)         Total (ms):                    skipped
[1.997s][debug][gc,phases,ref     ] GC(34)       Notify and keep alive finalizable: 0.0ms
[1.997s][debug][gc,phases,ref     ] GC(34)         FinalRef (ms):                 skipped
[1.997s][debug][gc,phases,ref     ] GC(34)       Notify PhantomReferences: 0.0ms
[1.997s][debug][gc,phases,ref     ] GC(34)         PhantomRef (ms):               skipped
[1.997s][debug][gc,phases,ref     ] GC(34)       SoftReference:
[1.997s][debug][gc,phases,ref     ] GC(34)         Discovered: 0
[1.997s][debug][gc,phases,ref     ] GC(34)         Cleared: 0
[1.997s][debug][gc,phases,ref     ] GC(34)       WeakReference:
[1.997s][debug][gc,phases,ref     ] GC(34)         Discovered: 0
[1.997s][debug][gc,phases,ref     ] GC(34)         Cleared: 0
[1.997s][debug][gc,phases,ref     ] GC(34)       FinalReference:
[1.997s][debug][gc,phases,ref     ] GC(34)         Discovered: 0
[1.997s][debug][gc,phases,ref     ] GC(34)         Cleared: 0
[1.997s][debug][gc,phases,ref     ] GC(34)       PhantomReference:
[1.997s][debug][gc,phases,ref     ] GC(34)         Discovered: 0
[1.997s][debug][gc,phases,ref     ] GC(34)         Cleared: 0
[1.997s][debug][gc,phases         ] GC(34)     Weak Processing: 0.0ms
[1.997s][debug][gc,phases         ] GC(34)       VM Weak                        Min:  0.0, Avg:  0.0, Max:  0.0, Diff:  0.0, Sum:  0.0, Workers: 3
[1.997s][debug][gc,phases         ] GC(34)         Dead                           Min: 0, Avg:  0.0, Max: 0, Diff: 0, Sum: 0, Workers: 3
[1.997s][debug][gc,phases         ] GC(34)         Total                          Min: 0, Avg:  2.7, Max: 8, Diff: 8, Sum: 8, Workers: 3
[1.997s][debug][gc,phases         ] GC(34)       ObjectSynchronizer Weak        Min:  0.0, Avg:  0.0, Max:  0.0, Diff:  0.0, Sum:  0.0, Workers: 3
[1.997s][debug][gc,phases         ] GC(34)         Dead                           Min: 0, Avg:  0.0, Max: 0, Diff: 0, Sum: 0, Workers: 3
[1.997s][debug][gc,phases         ] GC(34)         Total                          Min: 0, Avg:  1.0, Max: 3, Diff: 3, Sum: 3, Workers: 3
[1.997s][debug][gc,phases         ] GC(34)       JVMTI Tag Weak OopStorage      Min:  0.0, Avg:  0.0, Max:  0.0, Diff:  0.0, Sum:  0.0, Workers: 3
[1.997s][debug][gc,phases         ] GC(34)         Dead                           Min: 0, Avg:  0.0, Max: 0, Diff: 0, Sum: 0, Workers: 3
[1.997s][debug][gc,phases         ] GC(34)         Total                          Min: 0, Avg:  0.0, Max: 0, Diff: 0, Sum: 0, Workers: 3
[1.997s][debug][gc,phases         ] GC(34)       StringTable Weak               Min:  0.0, Avg:  0.0, Max:  0.0, Diff:  0.0, Sum:  0.0, Workers: 3
[1.998s][debug][gc,phases         ] GC(34)         Dead                           Min: 0, Avg:  0.0, Max: 0, Diff: 0, Sum: 0, Workers: 3
[1.998s][debug][gc,phases         ] GC(34)         Total                          Min: 192, Avg: 819.0, Max: 1152, Diff: 960, Sum: 2457, Workers: 3
[1.998s][debug][gc,phases         ] GC(34)       ResolvedMethodTable Weak       Min:  0.0, Avg:  0.0, Max:  0.0, Diff:  0.0, Sum:  0.0, Workers: 3
[1.998s][debug][gc,phases         ] GC(34)         Dead                           Min: 0, Avg:  0.0, Max: 0, Diff: 0, Sum: 0, Workers: 3
[1.998s][debug][gc,phases         ] GC(34)         Total                          Min: 9, Avg: 45.7, Max: 64, Diff: 55, Sum: 137, Workers: 3
[1.998s][debug][gc,phases         ] GC(34)       JNI Weak                       Min:  0.0, Avg:  0.0, Max:  0.0, Diff:  0.0, Sum:  0.0, Workers: 3
[1.998s][debug][gc,phases         ] GC(34)         Dead                           Min: 0, Avg:  0.0, Max: 0, Diff: 0, Sum: 0, Workers: 3
[1.998s][debug][gc,phases         ] GC(34)         Total                          Min: 0, Avg:  0.0, Max: 0, Diff: 0, Sum: 0, Workers: 3
[1.998s][debug][gc,phases         ] GC(34)       StringDedup Table Weak         Min:  0.0, Avg:  0.0, Max:  0.0, Diff:  0.0, Sum:  0.0, Workers: 3
[1.998s][debug][gc,phases         ] GC(34)         Dead                           Min: 0, Avg:  0.0, Max: 0, Diff: 0, Sum: 0, Workers: 3
[1.998s][debug][gc,phases         ] GC(34)         Total                          Min: 0, Avg:  0.0, Max: 0, Diff: 0, Sum: 0, Workers: 3
[1.998s][debug][gc,phases         ] GC(34)       StringDedup Requests0 Weak     Min:  0.0, Avg:  0.0, Max:  0.0, Diff:  0.0, Sum:  0.0, Workers: 3
[1.998s][debug][gc,phases         ] GC(34)         Dead                           Min: 0, Avg:  0.0, Max: 0, Diff: 0, Sum: 0, Workers: 3
[1.998s][debug][gc,phases         ] GC(34)         Total                          Min: 0, Avg:  0.0, Max: 0, Diff: 0, Sum: 0, Workers: 3
[1.998s][debug][gc,phases         ] GC(34)       StringDedup Requests1 Weak     Min:  0.0, Avg:  0.0, Max:  0.0, Diff:  0.0, Sum:  0.0, Workers: 3
[1.998s][debug][gc,phases         ] GC(34)         Dead                           Min: 0, Avg:  0.0, Max: 0, Diff: 0, Sum: 0, Workers: 3
[1.998s][debug][gc,phases         ] GC(34)         Total                          Min: 0, Avg:  0.0, Max: 0, Diff: 0, Sum: 0, Workers: 3
[1.998s][debug][gc,phases         ] GC(34)       Weak JFR Old Object Samples    Min:  0.0, Avg:  0.0, Max:  0.0, Diff:  0.0, Sum:  0.0, Workers: 3
[1.998s][debug][gc,phases         ] GC(34)         Dead                           Min: 0, Avg:  0.0, Max: 0, Diff: 0, Sum: 0, Workers: 3
[1.998s][debug][gc,phases         ] GC(34)         Total                          Min: 0, Avg:  0.0, Max: 0, Diff: 0, Sum: 0, Workers: 3
[1.998s][debug][gc,phases         ] GC(34)     Post Evacuate Cleanup 1: 0.0ms
[1.998s][debug][gc,phases         ] GC(34)       Merge Per-Thread State (ms):   Min:  0.0, Avg:  0.0, Max:  0.0, Diff:  0.0, Sum:  0.0, Workers: 1
[1.998s][debug][gc,phases         ] GC(34)         Copied Bytes                   Min: 521744, Avg: 583728.0, Max: 745936, Diff: 224192, Sum: 2334912, Workers: 4
[1.998s][debug][gc,phases         ] GC(34)         LAB Waste                      Min: 96, Avg: 120.0, Max: 168, Diff: 72, Sum: 480, Workers: 4
[1.998s][debug][gc,phases         ] GC(34)         LAB Undo Waste                 Min: 0, Avg:  0.0, Max: 0, Diff: 0, Sum: 0, Workers: 4
[1.998s][debug][gc,phases         ] GC(34)       Clear Logged Cards (ms):       Min:  0.0, Avg:  0.0, Max:  0.0, Diff:  0.0, Sum:  0.0, Workers: 3
[1.998s][debug][gc,phases         ] GC(34)       Recalculate Used Memory (ms):  Min:  0.0, Avg:  0.0, Max:  0.0, Diff:  0.0, Sum:  0.0, Workers: 1
[1.998s][debug][gc,phases         ] GC(34)     Post Evacuate Cleanup 2: 0.0ms
[1.998s][debug][gc,phases         ] GC(34)       Reset Hot Card Cache (ms):     Min:  0.0, Avg:  0.0, Max:  0.0, Diff:  0.0, Sum:  0.0, Workers: 1
[1.999s][debug][gc,phases         ] GC(34)       Purge Code Roots (ms):         Min:  0.0, Avg:  0.0, Max:  0.0, Diff:  0.0, Sum:  0.0, Workers: 1
[1.999s][debug][gc,phases         ] GC(34)       Update Derived Pointers (ms):  Min:  0.0, Avg:  0.0, Max:  0.0, Diff:  0.0, Sum:  0.0, Workers: 1
[1.999s][debug][gc,phases         ] GC(34)       Eagerly Reclaim Humongous Objects (ms): Min:  0.0, Avg:  0.0, Max:  0.0, Diff:  0.0, Sum:  0.0, Workers: 1
[1.999s][debug][gc,phases         ] GC(34)         Humongous Total                Min: 1, Avg:  1.0, Max: 1, Diff: 0, Sum: 1, Workers: 1
[1.999s][debug][gc,phases         ] GC(34)         Humongous Candidates           Min: 0, Avg:  0.0, Max: 0, Diff: 0, Sum: 0, Workers: 1
[1.999s][debug][gc,phases         ] GC(34)         Humongous Reclaimed            Min: 0, Avg:  0.0, Max: 0, Diff: 0, Sum: 0, Workers: 1
[1.999s][debug][gc,phases         ] GC(34)       Redirty Logged Cards (ms):     Min:  0.0, Avg:  0.0, Max:  0.0, Diff:  0.0, Sum:  0.0, Workers: 4
[1.999s][debug][gc,phases         ] GC(34)         Redirtied Cards:               Min: 0, Avg: 257.0, Max: 462, Diff: 462, Sum: 1028, Workers: 4
[1.999s][debug][gc,phases         ] GC(34)       Free Collection Set (ms):      Min:  0.0, Avg:  0.0, Max:  0.0, Diff:  0.0, Sum:  0.0, Workers: 4
[1.999s][debug][gc,phases         ] GC(34)     Rebuild Free List: 0.1ms
[1.999s][debug][gc,phases         ] GC(34)     Start New Collection Set: 0.0ms
[1.999s][debug][gc,phases         ] GC(34)     Resize TLABs: 0.0ms
[1.999s][debug][gc,phases         ] GC(34)     Expand Heap After Collection: 0.0ms
[1.999s][info ][gc,phases         ] GC(34)   Other: 0.7ms
[1.999s][info ][gc,heap           ] GC(34) Eden regions: 10->0(10)
[1.999s][info ][gc,heap           ] GC(34) Survivor regions: 2->2(2)
[1.999s][info ][gc,heap           ] GC(34) Old regions: 194->196
[1.999s][info ][gc,heap           ] GC(34) Archive regions: 0->0
[1.999s][info ][gc,heap           ] GC(34) Humongous regions: 36->36
[1.999s][info ][gc,metaspace      ] GC(34) Metaspace: 470K(640K)->470K(640K) NonClass: 437K(512K)->437K(512K) Class: 33K(128K)->33K(128K)
[1.999s][debug][gc,heap           ] GC(34) Heap after GC invocations=32 (full 1):
[1.999s][debug][gc,heap           ] GC(34)  garbage-first heap   total 262144K, used 239103K [0x00000000f0000000, 0x0000000100000000)
[1.999s][debug][gc,heap           ] GC(34)   region size 1024K, 2 young (2048K), 2 survivors (2048K)
[1.999s][debug][gc,heap           ] GC(34)  Metaspace       used 470K, committed 640K, reserved 1056768K
[1.999s][debug][gc,heap           ] GC(34)   class space    used 33K, committed 128K, reserved 1048576K
[1.999s][info ][gc                ] GC(34) Pause Young (Normal) (G1 Preventive Collection) 241M->233M(256M) 7.717ms
[1.999s][info ][gc,cpu            ] GC(34) User=0.02s Sys=0.00s Real=0.01s
[2.014s][debug][gc,ergo,cset      ] Preventive GC, insufficient free regions. Predicted need 13. Curr Eden 9 (Pred 11). Curr Survivor 2 (Pred 2). Curr Old 196 (Pred 0) Free 13 Alloc 1
[2.014s][debug][gc,heap           ] GC(35) Heap before GC invocations=32 (full 1):
[2.014s][debug][gc,heap           ] GC(35)  garbage-first heap   total 262144K, used 247295K [0x00000000f0000000, 0x0000000100000000)
[2.014s][debug][gc,heap           ] GC(35)   region size 1024K, 11 young (11264K), 2 survivors (2048K)
[2.014s][debug][gc,heap           ] GC(35)  Metaspace       used 470K, committed 640K, reserved 1056768K
[2.014s][debug][gc,heap           ] GC(35)   class space    used 33K, committed 128K, reserved 1048576K
[2.014s][info ][gc,start          ] GC(35) Pause Young (Normal) (G1 Preventive Collection)
[2.014s][info ][gc,task           ] GC(35) Using 4 workers of 4 for evacuation
[2.015s][debug][gc,tlab           ] GC(35) TLAB totals: thrds: 1  refills: 63 max: 63 slow allocs: 0 max 0 waste:  0.4% gc: 0B max: 0B slow: 36288B max: 36288B
[2.015s][debug][gc,age            ] GC(35) Desired survivor size 1048576 bytes, new threshold 1 (max threshold 15)
[2.015s][debug][gc,refine,stats   ] GC(35) Mutator refinement: 0.00ms, refined: 0, precleaned: 0, dirtied: 4590
[2.015s][debug][gc,refine,stats   ] GC(35) Concurrent refinement: 0.00ms, refined: 0, precleaned: 0, dirtied: 0
[2.015s][debug][gc,refine,stats   ] GC(35) Total refinement: 0.00ms, refined: 0, precleaned: 0, dirtied: 4590
[2.015s][debug][gc,refine,stats   ] GC(35) Generate dirty cards rate: 245.36 cards/ms
[2.015s][debug][gc,alloc,region   ] GC(35) Mutator Allocation stats, regions: 9, wasted size: 0B ( 0.0%)
[2.015s][debug][gc,humongous      ] GC(35) Humongous region 173 (object size 36920416 @ 0x00000000fad00000) remset 0 code roots 0 marked 1 reclaim candidate 0 type array 0
[2.015s][debug][gc,ergo           ] GC(35) Running G1 Merge Heap Roots using 4 workers for 11 regions
[2.015s][debug][gc,remset         ] GC(35) Visited cards 5888 Total dirty 6144 (95.83%) Total old 520192 (1.13%)
[2.030s][debug][gc,ref            ] GC(35) Skipped phase 1 of Reference Processing: no references
[2.030s][debug][gc,ref            ] GC(35) Skipped phase 2 of Reference Processing: no references
[2.030s][debug][gc,ref            ] GC(35) Skipped phase 3 of Reference Processing: no references
[2.030s][debug][gc,ref            ] GC(35) Skipped phase 4 of Reference Processing: no references
[2.030s][debug][gc,ergo           ] GC(35) Running G1 Rebuild Free List Task using 4 workers for rebuilding free list of regions
[2.030s][debug][gc,plab           ] GC(35) Young PLAB allocation: allocated: 2097152B, wasted: 320B, unused: 0B, used: 2096832B, undo waste: 0B, 
[2.030s][debug][gc,plab           ] GC(35) Young other allocation: region end waste: 0B, regions filled: 2, direct allocated: 0B, failure used: 0B, failure wasted: 0B
[2.030s][debug][gc,plab           ] GC(35) Young sizing: calculated: 419360B, actual: 419400B
[2.030s][debug][gc,plab           ] GC(35) Old PLAB allocation: allocated: 9756208B, wasted: 1680B, unused: 353792B, used: 9400736B, undo waste: 0B, 
[2.030s][debug][gc,plab           ] GC(35) Old other allocation: region end waste: 0B, regions filled: 10, direct allocated: 0B, failure used: 0B, failure wasted: 0B
[2.030s][debug][gc,plab           ] GC(35) Old sizing: calculated: 1880144B, actual: 1550664B
[2.030s][debug][gc,ergo,heap      ] GC(35) Heap expansion: short term pause time ratio 5.76% long term pause time ratio 36.29% threshold 7.69% pause time ratio 7.69% fully expanded true resize by 0B
[2.030s][debug][gc,mmu            ] GC(35) MMU: 67.1ms (200.0ms/201.0ms)
[2.030s][debug][gc,alloc,stats    ] Old generation allocation in the last mutator period, old gen allocated: 9756208B, humongous allocated: 0B,old gen growth: 9756208B.
[2.030s][debug][gc,ihop           ] GC(35) Basic information (value update), threshold: 120795955B (45.00), target occupancy: 268435456B, current occupancy: 254599152B, recent allocation size: 9756208B, recent allocation duration: 18.71ms, recent old gen allocation rate: 521521553.20B/s, recent marking phase length: 0.00ms
[2.030s][debug][gc,ihop           ] GC(35) Adaptive IHOP information (value update), threshold: 120795955B (52.94), internal target occupancy: 228170137B, occupancy: 254599152B, additional buffer size: 12582912B, predicted old gen allocation rate: 541704179.05B/s, predicted marking phase length: 0.00ms, prediction active: false
[2.030s][debug][gc,ergo,refine    ] GC(35) Concurrent refinement times: Logged Cards Scan time goal: 20.00ms Logged Cards Scan time: 1.98ms HCC time: 0.00ms
[2.030s][debug][gc,ergo,refine    ] GC(35) Updated Refinement Zones: green: 8302, yellow: 24906, red: 41510
[2.031s][info ][gc,phases         ] GC(35)   Pre Evacuate Collection Set: 0.1ms
[2.031s][debug][gc,phases         ] GC(35)     Prepare TLABs: 0.0ms
[2.031s][debug][gc,phases         ] GC(35)     Concatenate Dirty Card Logs: 0.0ms
[2.031s][debug][gc,phases         ] GC(35)     Choose Collection Set: 0.0ms
[2.031s][debug][gc,phases         ] GC(35)     Region Register: 0.1ms
[2.031s][debug][gc,phases         ] GC(35)     Prepare Heap Roots: 0.0ms
[2.031s][info ][gc,phases         ] GC(35)   Merge Heap Roots: 0.1ms
[2.031s][debug][gc,phases         ] GC(35)     Prepare Merge Heap Roots: 0.0ms
[2.031s][debug][gc,phases         ] GC(35)     Eager Reclaim (ms):            skipped
[2.031s][debug][gc,phases         ] GC(35)     Remembered Sets (ms):          Min:  0.0, Avg:  0.0, Max:  0.0, Diff:  0.0, Sum:  0.0, Workers: 4
[2.031s][debug][gc,phases         ] GC(35)       Merged Sparse:                 Min: 0, Avg:  0.0, Max: 0, Diff: 0, Sum: 0, Workers: 4
[2.031s][debug][gc,phases         ] GC(35)       Merged Fine:                   Min: 0, Avg:  0.0, Max: 0, Diff: 0, Sum: 0, Workers: 4
[2.031s][debug][gc,phases         ] GC(35)       Merged Coarse:                 Min: 0, Avg:  0.0, Max: 0, Diff: 0, Sum: 0, Workers: 4
[2.031s][debug][gc,phases         ] GC(35)       Dirty Cards:                   Min: 0, Avg:  0.0, Max: 0, Diff: 0, Sum: 0, Workers: 4
[2.031s][debug][gc,phases         ] GC(35)     Hot Card Cache (ms):           Min:  0.0, Avg:  0.0, Max:  0.0, Diff:  0.0, Sum:  0.0, Workers: 4
[2.031s][debug][gc,phases         ] GC(35)       Dirty Cards:                   Min: 0, Avg:  0.0, Max: 0, Diff: 0, Sum: 0, Workers: 4
[2.031s][debug][gc,phases         ] GC(35)       Skipped Cards:                 Min: 0, Avg:  0.0, Max: 0, Diff: 0, Sum: 0, Workers: 4
[2.031s][debug][gc,phases         ] GC(35)     Log Buffers (ms):              Min:  0.0, Avg:  0.0, Max:  0.0, Diff:  0.0, Sum:  0.1, Workers: 4
[2.031s][debug][gc,phases         ] GC(35)       Dirty Cards:                   Min: 1221, Avg: 1396.5, Max: 1528, Diff: 307, Sum: 5586, Workers: 4
[2.031s][debug][gc,phases         ] GC(35)       Skipped Cards:                 Min: 0, Avg:  0.0, Max: 0, Diff: 0, Sum: 0, Workers: 4
[2.031s][info ][gc,phases         ] GC(35)   Evacuate Collection Set: 14.9ms
[2.031s][debug][gc,phases         ] GC(35)     Ext Root Scanning (ms):        Min:  0.0, Avg:  0.0, Max:  0.0, Diff:  0.0, Sum:  0.1, Workers: 4
[2.031s][debug][gc,phases         ] GC(35)     Scan Heap Roots (ms):          Min:  1.8, Avg:  2.0, Max:  2.2, Diff:  0.4, Sum:  7.9, Workers: 4
[2.031s][debug][gc,phases         ] GC(35)       Scanned Cards:                 Min: 1280, Avg: 1404.3, Max: 1536, Diff: 256, Sum: 5617, Workers: 4
[2.031s][debug][gc,phases         ] GC(35)       Scanned Blocks:                Min: 5, Avg:  5.8, Max: 6, Diff: 1, Sum: 23, Workers: 4
[2.031s][debug][gc,phases         ] GC(35)       Claimed Chunks:                Min: 5, Avg:  5.8, Max: 6, Diff: 1, Sum: 23, Workers: 4
[2.031s][debug][gc,phases         ] GC(35)     Code Root Scan (ms):           Min:  0.0, Avg:  0.0, Max:  0.0, Diff:  0.0, Sum:  0.0, Workers: 4
[2.031s][debug][gc,phases         ] GC(35)     Object Copy (ms):              Min: 12.6, Avg: 12.8, Max: 13.0, Diff:  0.4, Sum: 51.4, Workers: 4
[2.031s][debug][gc,phases         ] GC(35)     Termination (ms):              Min:  0.0, Avg:  0.0, Max:  0.0, Diff:  0.0, Sum:  0.0, Workers: 4
[2.031s][debug][gc,phases         ] GC(35)       Termination Attempts:          Min: 1, Avg:  5.8, Max: 13, Diff: 12, Sum: 23, Workers: 4
[2.031s][debug][gc,phases         ] GC(35)     GC Worker Other (ms):          Min:  0.0, Avg:  0.0, Max:  0.0, Diff:  0.0, Sum:  0.0, Workers: 4
[2.031s][debug][gc,phases         ] GC(35)     GC Worker Total (ms):          Min: 14.8, Avg: 14.8, Max: 14.8, Diff:  0.0, Sum: 59.3, Workers: 4
[2.031s][info ][gc,phases         ] GC(35)   Post Evacuate Collection Set: 0.4ms
[2.031s][debug][gc,phases         ] GC(35)     Code Roots Fixup: 0.0ms
[2.031s][debug][gc,phases         ] GC(35)     Reference Processing: 0.2ms
[2.031s][debug][gc,phases,ref     ] GC(35)       Reconsider SoftReferences: 0.1ms
[2.031s][debug][gc,phases,ref     ] GC(35)         SoftRef (ms):                  skipped
[2.031s][debug][gc,phases,ref     ] GC(35)       Notify Soft/WeakReferences: 0.0ms
[2.031s][debug][gc,phases,ref     ] GC(35)         SoftRef (ms):                  skipped
[2.031s][debug][gc,phases,ref     ] GC(35)         WeakRef (ms):                  skipped
[2.031s][debug][gc,phases,ref     ] GC(35)         FinalRef (ms):                 skipped
[2.031s][debug][gc,phases,ref     ] GC(35)         Total (ms):                    skipped
[2.031s][debug][gc,phases,ref     ] GC(35)       Notify and keep alive finalizable: 0.0ms
[2.031s][debug][gc,phases,ref     ] GC(35)         FinalRef (ms):                 skipped
[2.031s][debug][gc,phases,ref     ] GC(35)       Notify PhantomReferences: 0.0ms
[2.031s][debug][gc,phases,ref     ] GC(35)         PhantomRef (ms):               skipped
[2.031s][debug][gc,phases,ref     ] GC(35)       SoftReference:
[2.031s][debug][gc,phases,ref     ] GC(35)         Discovered: 0
[2.031s][debug][gc,phases,ref     ] GC(35)         Cleared: 0
[2.031s][debug][gc,phases,ref     ] GC(35)       WeakReference:
[2.031s][debug][gc,phases,ref     ] GC(35)         Discovered: 0
[2.031s][debug][gc,phases,ref     ] GC(35)         Cleared: 0
[2.031s][debug][gc,phases,ref     ] GC(35)       FinalReference:
[2.031s][debug][gc,phases,ref     ] GC(35)         Discovered: 0
[2.031s][debug][gc,phases,ref     ] GC(35)         Cleared: 0
[2.031s][debug][gc,phases,ref     ] GC(35)       PhantomReference:
[2.031s][debug][gc,phases,ref     ] GC(35)         Discovered: 0
[2.031s][debug][gc,phases,ref     ] GC(35)         Cleared: 0
[2.031s][debug][gc,phases         ] GC(35)     Weak Processing: 0.0ms
[2.031s][debug][gc,phases         ] GC(35)       VM Weak                        Min:  0.0, Avg:  0.0, Max:  0.0, Diff:  0.0, Sum:  0.0, Workers: 3
[2.031s][debug][gc,phases         ] GC(35)         Dead                           Min: 0, Avg:  0.0, Max: 0, Diff: 0, Sum: 0, Workers: 3
[2.031s][debug][gc,phases         ] GC(35)         Total                          Min: 0, Avg:  2.7, Max: 8, Diff: 8, Sum: 8, Workers: 3
[2.031s][debug][gc,phases         ] GC(35)       ObjectSynchronizer Weak        Min:  0.0, Avg:  0.0, Max:  0.0, Diff:  0.0, Sum:  0.0, Workers: 3
[2.032s][debug][gc,phases         ] GC(35)         Dead                           Min: 0, Avg:  0.0, Max: 0, Diff: 0, Sum: 0, Workers: 3
[2.032s][debug][gc,phases         ] GC(35)         Total                          Min: 0, Avg:  1.0, Max: 3, Diff: 3, Sum: 3, Workers: 3
[2.032s][debug][gc,phases         ] GC(35)       JVMTI Tag Weak OopStorage      Min:  0.0, Avg:  0.0, Max:  0.0, Diff:  0.0, Sum:  0.0, Workers: 3
[2.032s][debug][gc,phases         ] GC(35)         Dead                           Min: 0, Avg:  0.0, Max: 0, Diff: 0, Sum: 0, Workers: 3
[2.032s][debug][gc,phases         ] GC(35)         Total                          Min: 0, Avg:  0.0, Max: 0, Diff: 0, Sum: 0, Workers: 3
[2.032s][debug][gc,phases         ] GC(35)       StringTable Weak               Min:  0.0, Avg:  0.0, Max:  0.0, Diff:  0.0, Sum:  0.0, Workers: 3
[2.032s][debug][gc,phases         ] GC(35)         Dead                           Min: 0, Avg:  0.0, Max: 0, Diff: 0, Sum: 0, Workers: 3
[2.032s][debug][gc,phases         ] GC(35)         Total                          Min: 768, Avg: 819.0, Max: 857, Diff: 89, Sum: 2457, Workers: 3
[2.032s][debug][gc,phases         ] GC(35)       ResolvedMethodTable Weak       Min:  0.0, Avg:  0.0, Max:  0.0, Diff:  0.0, Sum:  0.0, Workers: 3
[2.032s][debug][gc,phases         ] GC(35)         Dead                           Min: 0, Avg:  0.0, Max: 0, Diff: 0, Sum: 0, Workers: 3
[2.032s][debug][gc,phases         ] GC(35)         Total                          Min: 9, Avg: 45.7, Max: 64, Diff: 55, Sum: 137, Workers: 3
[2.032s][debug][gc,phases         ] GC(35)       JNI Weak                       Min:  0.0, Avg:  0.0, Max:  0.0, Diff:  0.0, Sum:  0.0, Workers: 3
[2.032s][debug][gc,phases         ] GC(35)         Dead                           Min: 0, Avg:  0.0, Max: 0, Diff: 0, Sum: 0, Workers: 3
[2.032s][debug][gc,phases         ] GC(35)         Total                          Min: 0, Avg:  0.0, Max: 0, Diff: 0, Sum: 0, Workers: 3
[2.032s][debug][gc,phases         ] GC(35)       StringDedup Table Weak         Min:  0.0, Avg:  0.0, Max:  0.0, Diff:  0.0, Sum:  0.0, Workers: 3
[2.032s][debug][gc,phases         ] GC(35)         Dead                           Min: 0, Avg:  0.0, Max: 0, Diff: 0, Sum: 0, Workers: 3
[2.032s][debug][gc,phases         ] GC(35)         Total                          Min: 0, Avg:  0.0, Max: 0, Diff: 0, Sum: 0, Workers: 3
[2.032s][debug][gc,phases         ] GC(35)       StringDedup Requests0 Weak     Min:  0.0, Avg:  0.0, Max:  0.0, Diff:  0.0, Sum:  0.0, Workers: 3
[2.032s][debug][gc,phases         ] GC(35)         Dead                           Min: 0, Avg:  0.0, Max: 0, Diff: 0, Sum: 0, Workers: 3
[2.032s][debug][gc,phases         ] GC(35)         Total                          Min: 0, Avg:  0.0, Max: 0, Diff: 0, Sum: 0, Workers: 3
[2.032s][debug][gc,phases         ] GC(35)       StringDedup Requests1 Weak     Min:  0.0, Avg:  0.0, Max:  0.0, Diff:  0.0, Sum:  0.0, Workers: 3
[2.032s][debug][gc,phases         ] GC(35)         Dead                           Min: 0, Avg:  0.0, Max: 0, Diff: 0, Sum: 0, Workers: 3
[2.032s][debug][gc,phases         ] GC(35)         Total                          Min: 0, Avg:  0.0, Max: 0, Diff: 0, Sum: 0, Workers: 3
[2.032s][debug][gc,phases         ] GC(35)       Weak JFR Old Object Samples    Min:  0.0, Avg:  0.0, Max:  0.0, Diff:  0.0, Sum:  0.0, Workers: 3
[2.032s][debug][gc,phases         ] GC(35)         Dead                           Min: 0, Avg:  0.0, Max: 0, Diff: 0, Sum: 0, Workers: 3
[2.032s][debug][gc,phases         ] GC(35)         Total                          Min: 0, Avg:  0.0, Max: 0, Diff: 0, Sum: 0, Workers: 3
[2.032s][debug][gc,phases         ] GC(35)     Post Evacuate Cleanup 1: 0.1ms
[2.032s][debug][gc,phases         ] GC(35)       Merge Per-Thread State (ms):   Min:  0.0, Avg:  0.0, Max:  0.0, Diff:  0.0, Sum:  0.0, Workers: 1
[2.032s][debug][gc,phases         ] GC(35)         Copied Bytes                   Min: 2659040, Avg: 2874392.0, Max: 3027936, Diff: 368896, Sum: 11497568, Workers: 4
[2.032s][debug][gc,phases         ] GC(35)         LAB Waste                      Min: 488, Avg: 500.0, Max: 504, Diff: 16, Sum: 2000, Workers: 4
[2.032s][debug][gc,phases         ] GC(35)         LAB Undo Waste                 Min: 0, Avg:  0.0, Max: 0, Diff: 0, Sum: 0, Workers: 4
[2.032s][debug][gc,phases         ] GC(35)       Clear Logged Cards (ms):       Min:  0.0, Avg:  0.0, Max:  0.0, Diff:  0.0, Sum:  0.0, Workers: 3
[2.032s][debug][gc,phases         ] GC(35)       Recalculate Used Memory (ms):  Min:  0.0, Avg:  0.0, Max:  0.0, Diff:  0.0, Sum:  0.0, Workers: 1
[2.032s][debug][gc,phases         ] GC(35)     Post Evacuate Cleanup 2: 0.0ms
[2.032s][debug][gc,phases         ] GC(35)       Reset Hot Card Cache (ms):     Min:  0.0, Avg:  0.0, Max:  0.0, Diff:  0.0, Sum:  0.0, Workers: 1
[2.032s][debug][gc,phases         ] GC(35)       Purge Code Roots (ms):         Min:  0.0, Avg:  0.0, Max:  0.0, Diff:  0.0, Sum:  0.0, Workers: 1
[2.032s][debug][gc,phases         ] GC(35)       Update Derived Pointers (ms):  Min:  0.0, Avg:  0.0, Max:  0.0, Diff:  0.0, Sum:  0.0, Workers: 1
[2.032s][debug][gc,phases         ] GC(35)       Eagerly Reclaim Humongous Objects (ms): Min:  0.0, Avg:  0.0, Max:  0.0, Diff:  0.0, Sum:  0.0, Workers: 1
[2.032s][debug][gc,phases         ] GC(35)         Humongous Total                Min: 1, Avg:  1.0, Max: 1, Diff: 0, Sum: 1, Workers: 1
[2.032s][debug][gc,phases         ] GC(35)         Humongous Candidates           Min: 0, Avg:  0.0, Max: 0, Diff: 0, Sum: 0, Workers: 1
[2.032s][debug][gc,phases         ] GC(35)         Humongous Reclaimed            Min: 0, Avg:  0.0, Max: 0, Diff: 0, Sum: 0, Workers: 1
[2.032s][debug][gc,phases         ] GC(35)       Redirty Logged Cards (ms):     Min:  0.0, Avg:  0.0, Max:  0.0, Diff:  0.0, Sum:  0.0, Workers: 4
[2.032s][debug][gc,phases         ] GC(35)         Redirtied Cards:               Min: 0, Avg: 256.5, Max: 770, Diff: 770, Sum: 1026, Workers: 4
[2.032s][debug][gc,phases         ] GC(35)       Free Collection Set (ms):      Min:  0.0, Avg:  0.0, Max:  0.0, Diff:  0.0, Sum:  0.0, Workers: 4
[2.032s][debug][gc,phases         ] GC(35)     Rebuild Free List: 0.1ms
[2.032s][debug][gc,phases         ] GC(35)     Start New Collection Set: 0.0ms
[2.032s][debug][gc,phases         ] GC(35)     Resize TLABs: 0.0ms
[2.032s][debug][gc,phases         ] GC(35)     Expand Heap After Collection: 0.0ms
[2.032s][info ][gc,phases         ] GC(35)   Other: 0.7ms
[2.032s][info ][gc,heap           ] GC(35) Eden regions: 9->0(10)
[2.032s][info ][gc,heap           ] GC(35) Survivor regions: 2->2(2)
[2.032s][info ][gc,heap           ] GC(35) Old regions: 196->205
[2.032s][info ][gc,heap           ] GC(35) Archive regions: 0->0
[2.032s][info ][gc,heap           ] GC(35) Humongous regions: 36->36
[2.032s][info ][gc,metaspace      ] GC(35) Metaspace: 470K(640K)->470K(640K) NonClass: 437K(512K)->437K(512K) Class: 33K(128K)->33K(128K)
[2.032s][debug][gc,heap           ] GC(35) Heap after GC invocations=33 (full 1):
[2.032s][debug][gc,heap           ] GC(35)  garbage-first heap   total 262144K, used 248631K [0x00000000f0000000, 0x0000000100000000)
[2.032s][debug][gc,heap           ] GC(35)   region size 1024K, 2 young (2048K), 2 survivors (2048K)
[2.032s][debug][gc,heap           ] GC(35)  Metaspace       used 470K, committed 640K, reserved 1056768K
[2.032s][debug][gc,heap           ] GC(35)   class space    used 33K, committed 128K, reserved 1048576K
[2.032s][info ][gc                ] GC(35) Pause Young (Normal) (G1 Preventive Collection) 242M->242M(256M) 18.039ms
[2.033s][info ][gc,cpu            ] GC(35) User=0.06s Sys=0.00s Real=0.02s
[2.040s][debug][gc,ergo,cset      ] Preventive GC, insufficient free regions. Predicted need 9. Curr Eden 5 (Pred 7). Curr Survivor 2 (Pred 3). Curr Old 205 (Pred 0) Free 8 Alloc 1
[2.040s][debug][gc,heap           ] GC(36) Heap before GC invocations=33 (full 1):
[2.040s][debug][gc,heap           ] GC(36)  garbage-first heap   total 262144K, used 252727K [0x00000000f0000000, 0x0000000100000000)
[2.040s][debug][gc,heap           ] GC(36)   region size 1024K, 7 young (7168K), 2 survivors (2048K)
[2.040s][debug][gc,heap           ] GC(36)  Metaspace       used 470K, committed 640K, reserved 1056768K
[2.040s][debug][gc,heap           ] GC(36)   class space    used 33K, committed 128K, reserved 1048576K
[2.040s][info ][gc,start          ] GC(36) Pause Young (Normal) (G1 Preventive Collection)
[2.040s][info ][gc,task           ] GC(36) Using 4 workers of 4 for evacuation
[2.040s][debug][gc,tlab           ] GC(36) TLAB totals: thrds: 1  refills: 30 max: 30 slow allocs: 0 max 0 waste:  0.3% gc: 0B max: 0B slow: 17480B max: 17480B
[2.040s][debug][gc,age            ] GC(36) Desired survivor size 1048576 bytes, new threshold 1 (max threshold 15)
[2.040s][debug][gc,refine,stats   ] GC(36) Mutator refinement: 0.00ms, refined: 0, precleaned: 0, dirtied: 2547
[2.040s][debug][gc,refine,stats   ] GC(36) Concurrent refinement: 0.00ms, refined: 0, precleaned: 0, dirtied: 0
[2.040s][debug][gc,refine,stats   ] GC(36) Total refinement: 0.00ms, refined: 0, precleaned: 0, dirtied: 2547
[2.040s][debug][gc,refine,stats   ] GC(36) Generate dirty cards rate: 260.37 cards/ms
[2.040s][debug][gc,alloc,region   ] GC(36) Mutator Allocation stats, regions: 5, wasted size: 8032B ( 0.2%)
[2.040s][debug][gc,humongous      ] GC(36) Humongous region 173 (object size 36920416 @ 0x00000000fad00000) remset 0 code roots 0 marked 1 reclaim candidate 0 type array 0
[2.040s][debug][gc,ergo           ] GC(36) Running G1 Merge Heap Roots using 4 workers for 7 regions
[2.040s][debug][gc,remset         ] GC(36) Visited cards 4352 Total dirty 10240 (42.50%) Total old 522240 (0.83%)
[2.050s][debug][gc,ref            ] GC(36) Skipped phase 1 of Reference Processing: no references
[2.050s][debug][gc,ref            ] GC(36) Skipped phase 2 of Reference Processing: no references
[2.050s][debug][gc,ref            ] GC(36) Skipped phase 3 of Reference Processing: no references
[2.050s][debug][gc,ref            ] GC(36) Skipped phase 4 of Reference Processing: no references
[2.050s][debug][gc,ergo           ] GC(36) Running G1 Rebuild Free List Task using 4 workers for rebuilding free list of regions
[2.050s][debug][gc,plab           ] GC(36) Young PLAB allocation: allocated: 2097152B, wasted: 352B, unused: 0B, used: 2096800B, undo waste: 0B, 
[2.050s][debug][gc,plab           ] GC(36) Young other allocation: region end waste: 0B, regions filled: 2, direct allocated: 0B, failure used: 0B, failure wasted: 0B
[2.050s][debug][gc,plab           ] GC(36) Young sizing: calculated: 419360B, actual: 419368B
[2.050s][debug][gc,plab           ] GC(36) Old PLAB allocation: allocated: 5835344B, wasted: 208B, unused: 619744B, used: 5215392B, undo waste: 0B, 
[2.050s][debug][gc,plab           ] GC(36) Old other allocation: region end waste: 0B, regions filled: 7, direct allocated: 0B, failure used: 0B, failure wasted: 0B
[2.050s][debug][gc,plab           ] GC(36) Old sizing: calculated: 1043072B, actual: 1169968B
[2.050s][debug][gc,ergo,heap      ] GC(36) Heap expansion: short term pause time ratio 45.84% long term pause time ratio 39.17% threshold 7.69% pause time ratio 7.69% fully expanded true resize by 0B
[2.050s][debug][gc,mmu            ] GC(36) MMU: 70.0ms (200.0ms/201.0ms)
[2.050s][debug][gc,alloc,stats    ] Old generation allocation in the last mutator period, old gen allocated: 5835344B, humongous allocated: 0B,old gen growth: 5835344B.
[2.050s][debug][gc,ihop           ] GC(36) Basic information (value update), threshold: 120795955B (45.00), target occupancy: 268435456B, current occupancy: 260434928B, recent allocation size: 5835344B, recent allocation duration: 9.78ms, recent old gen allocation rate: 596514556.75B/s, recent marking phase length: 0.00ms
[2.050s][debug][gc,ihop           ] GC(36) Adaptive IHOP information (value update), threshold: 120795955B (52.94), internal target occupancy: 228170137B, occupancy: 260434928B, additional buffer size: 12582912B, predicted old gen allocation rate: 549509563.93B/s, predicted marking phase length: 0.00ms, prediction active: false
[2.050s][debug][gc,ergo,refine    ] GC(36) Concurrent refinement times: Logged Cards Scan time goal: 20.00ms Logged Cards Scan time: 1.24ms HCC time: 0.00ms
[2.050s][debug][gc,ergo,refine    ] GC(36) Updated Refinement Zones: green: 8302, yellow: 24906, red: 41510
[2.050s][info ][gc,phases         ] GC(36)   Pre Evacuate Collection Set: 0.1ms
[2.050s][debug][gc,phases         ] GC(36)     Prepare TLABs: 0.0ms
[2.050s][debug][gc,phases         ] GC(36)     Concatenate Dirty Card Logs: 0.0ms
[2.050s][debug][gc,phases         ] GC(36)     Choose Collection Set: 0.0ms
[2.050s][debug][gc,phases         ] GC(36)     Region Register: 0.1ms
[2.050s][debug][gc,phases         ] GC(36)     Prepare Heap Roots: 0.0ms
[2.050s][info ][gc,phases         ] GC(36)   Merge Heap Roots: 0.1ms
[2.050s][debug][gc,phases         ] GC(36)     Prepare Merge Heap Roots: 0.0ms
[2.050s][debug][gc,phases         ] GC(36)     Eager Reclaim (ms):            skipped
[2.050s][debug][gc,phases         ] GC(36)     Remembered Sets (ms):          Min:  0.0, Avg:  0.0, Max:  0.0, Diff:  0.0, Sum:  0.0, Workers: 4
[2.050s][debug][gc,phases         ] GC(36)       Merged Sparse:                 Min: 0, Avg:  0.0, Max: 0, Diff: 0, Sum: 0, Workers: 4
[2.051s][debug][gc,phases         ] GC(36)       Merged Fine:                   Min: 0, Avg:  0.0, Max: 0, Diff: 0, Sum: 0, Workers: 4
[2.051s][debug][gc,phases         ] GC(36)       Merged Coarse:                 Min: 0, Avg:  0.0, Max: 0, Diff: 0, Sum: 0, Workers: 4
[2.051s][debug][gc,phases         ] GC(36)       Dirty Cards:                   Min: 0, Avg:  0.0, Max: 0, Diff: 0, Sum: 0, Workers: 4
[2.051s][debug][gc,phases         ] GC(36)     Hot Card Cache (ms):           Min:  0.0, Avg:  0.0, Max:  0.0, Diff:  0.0, Sum:  0.0, Workers: 4
[2.051s][debug][gc,phases         ] GC(36)       Dirty Cards:                   Min: 0, Avg:  0.0, Max: 0, Diff: 0, Sum: 0, Workers: 4
[2.051s][debug][gc,phases         ] GC(36)       Skipped Cards:                 Min: 0, Avg:  0.0, Max: 0, Diff: 0, Sum: 0, Workers: 4
[2.051s][debug][gc,phases         ] GC(36)     Log Buffers (ms):              Min:  0.0, Avg:  0.0, Max:  0.0, Diff:  0.0, Sum:  0.1, Workers: 4
[2.051s][debug][gc,phases         ] GC(36)       Dirty Cards:                   Min: 760, Avg: 885.3, Max: 1016, Diff: 256, Sum: 3541, Workers: 4
[2.051s][debug][gc,phases         ] GC(36)       Skipped Cards:                 Min: 0, Avg:  0.0, Max: 0, Diff: 0, Sum: 0, Workers: 4
[2.051s][info ][gc,phases         ] GC(36)   Evacuate Collection Set: 9.3ms
[2.051s][debug][gc,phases         ] GC(36)     Ext Root Scanning (ms):        Min:  0.0, Avg:  0.0, Max:  0.0, Diff:  0.0, Sum:  0.0, Workers: 4
[2.051s][debug][gc,phases         ] GC(36)     Scan Heap Roots (ms):          Min:  1.2, Avg:  1.2, Max:  1.3, Diff:  0.2, Sum:  4.9, Workers: 4
[2.051s][debug][gc,phases         ] GC(36)       Scanned Cards:                 Min: 824, Avg: 893.3, Max: 974, Diff: 150, Sum: 3573, Workers: 4
[2.051s][debug][gc,phases         ] GC(36)       Scanned Blocks:                Min: 4, Avg:  4.3, Max: 5, Diff: 1, Sum: 17, Workers: 4
[2.051s][debug][gc,phases         ] GC(36)       Claimed Chunks:                Min: 4, Avg:  4.3, Max: 5, Diff: 1, Sum: 17, Workers: 4
[2.051s][debug][gc,phases         ] GC(36)     Code Root Scan (ms):           Min:  0.0, Avg:  0.0, Max:  0.0, Diff:  0.0, Sum:  0.0, Workers: 4
[2.051s][debug][gc,phases         ] GC(36)     Object Copy (ms):              Min:  7.9, Avg:  8.0, Max:  8.1, Diff:  0.2, Sum: 32.0, Workers: 4
[2.051s][debug][gc,phases         ] GC(36)     Termination (ms):              Min:  0.0, Avg:  0.0, Max:  0.0, Diff:  0.0, Sum:  0.0, Workers: 4
[2.051s][debug][gc,phases         ] GC(36)       Termination Attempts:          Min: 1, Avg:  6.5, Max: 14, Diff: 13, Sum: 26, Workers: 4
[2.051s][debug][gc,phases         ] GC(36)     GC Worker Other (ms):          Min:  0.0, Avg:  0.0, Max:  0.0, Diff:  0.0, Sum:  0.0, Workers: 4
[2.051s][debug][gc,phases         ] GC(36)     GC Worker Total (ms):          Min:  9.3, Avg:  9.3, Max:  9.3, Diff:  0.0, Sum: 37.1, Workers: 4
[2.051s][info ][gc,phases         ] GC(36)   Post Evacuate Collection Set: 0.4ms
[2.051s][debug][gc,phases         ] GC(36)     Code Roots Fixup: 0.0ms
[2.051s][debug][gc,phases         ] GC(36)     Reference Processing: 0.2ms
[2.051s][debug][gc,phases,ref     ] GC(36)       Reconsider SoftReferences: 0.1ms
[2.051s][debug][gc,phases,ref     ] GC(36)         SoftRef (ms):                  skipped
[2.051s][debug][gc,phases,ref     ] GC(36)       Notify Soft/WeakReferences: 0.0ms
[2.051s][debug][gc,phases,ref     ] GC(36)         SoftRef (ms):                  skipped
[2.051s][debug][gc,phases,ref     ] GC(36)         WeakRef (ms):                  skipped
[2.051s][debug][gc,phases,ref     ] GC(36)         FinalRef (ms):                 skipped
[2.051s][debug][gc,phases,ref     ] GC(36)         Total (ms):                    skipped
[2.051s][debug][gc,phases,ref     ] GC(36)       Notify and keep alive finalizable: 0.0ms
[2.051s][debug][gc,phases,ref     ] GC(36)         FinalRef (ms):                 skipped
[2.051s][debug][gc,phases,ref     ] GC(36)       Notify PhantomReferences: 0.0ms
[2.051s][debug][gc,phases,ref     ] GC(36)         PhantomRef (ms):               skipped
[2.051s][debug][gc,phases,ref     ] GC(36)       SoftReference:
[2.051s][debug][gc,phases,ref     ] GC(36)         Discovered: 0
[2.051s][debug][gc,phases,ref     ] GC(36)         Cleared: 0
[2.051s][debug][gc,phases,ref     ] GC(36)       WeakReference:
[2.051s][debug][gc,phases,ref     ] GC(36)         Discovered: 0
[2.051s][debug][gc,phases,ref     ] GC(36)         Cleared: 0
[2.051s][debug][gc,phases,ref     ] GC(36)       FinalReference:
[2.051s][debug][gc,phases,ref     ] GC(36)         Discovered: 0
[2.051s][debug][gc,phases,ref     ] GC(36)         Cleared: 0
[2.051s][debug][gc,phases,ref     ] GC(36)       PhantomReference:
[2.051s][debug][gc,phases,ref     ] GC(36)         Discovered: 0
[2.051s][debug][gc,phases,ref     ] GC(36)         Cleared: 0
[2.051s][debug][gc,phases         ] GC(36)     Weak Processing: 0.0ms
[2.051s][debug][gc,phases         ] GC(36)       VM Weak                        Min:  0.0, Avg:  0.0, Max:  0.0, Diff:  0.0, Sum:  0.0, Workers: 3
[2.051s][debug][gc,phases         ] GC(36)         Dead                           Min: 0, Avg:  0.0, Max: 0, Diff: 0, Sum: 0, Workers: 3
[2.051s][debug][gc,phases         ] GC(36)         Total                          Min: 0, Avg:  2.7, Max: 8, Diff: 8, Sum: 8, Workers: 3
[2.051s][debug][gc,phases         ] GC(36)       ObjectSynchronizer Weak        Min:  0.0, Avg:  0.0, Max:  0.0, Diff:  0.0, Sum:  0.0, Workers: 3
[2.051s][debug][gc,phases         ] GC(36)         Dead                           Min: 0, Avg:  0.0, Max: 0, Diff: 0, Sum: 0, Workers: 3
[2.051s][debug][gc,phases         ] GC(36)         Total                          Min: 0, Avg:  1.0, Max: 3, Diff: 3, Sum: 3, Workers: 3
[2.051s][debug][gc,phases         ] GC(36)       JVMTI Tag Weak OopStorage      Min:  0.0, Avg:  0.0, Max:  0.0, Diff:  0.0, Sum:  0.0, Workers: 3
[2.052s][debug][gc,phases         ] GC(36)         Dead                           Min: 0, Avg:  0.0, Max: 0, Diff: 0, Sum: 0, Workers: 3
[2.052s][debug][gc,phases         ] GC(36)         Total                          Min: 0, Avg:  0.0, Max: 0, Diff: 0, Sum: 0, Workers: 3
[2.052s][debug][gc,phases         ] GC(36)       StringTable Weak               Min:  0.0, Avg:  0.0, Max:  0.0, Diff:  0.0, Sum:  0.0, Workers: 3
[2.052s][debug][gc,phases         ] GC(36)         Dead                           Min: 0, Avg:  0.0, Max: 0, Diff: 0, Sum: 0, Workers: 3
[2.052s][debug][gc,phases         ] GC(36)         Total                          Min: 601, Avg: 819.0, Max: 1216, Diff: 615, Sum: 2457, Workers: 3
[2.052s][debug][gc,phases         ] GC(36)       ResolvedMethodTable Weak       Min:  0.0, Avg:  0.0, Max:  0.0, Diff:  0.0, Sum:  0.0, Workers: 3
[2.052s][debug][gc,phases         ] GC(36)         Dead                           Min: 0, Avg:  0.0, Max: 0, Diff: 0, Sum: 0, Workers: 3
[2.052s][debug][gc,phases         ] GC(36)         Total                          Min: 9, Avg: 45.7, Max: 64, Diff: 55, Sum: 137, Workers: 3
[2.052s][debug][gc,phases         ] GC(36)       JNI Weak                       Min:  0.0, Avg:  0.0, Max:  0.0, Diff:  0.0, Sum:  0.0, Workers: 3
[2.052s][debug][gc,phases         ] GC(36)         Dead                           Min: 0, Avg:  0.0, Max: 0, Diff: 0, Sum: 0, Workers: 3
[2.052s][debug][gc,phases         ] GC(36)         Total                          Min: 0, Avg:  0.0, Max: 0, Diff: 0, Sum: 0, Workers: 3
[2.052s][debug][gc,phases         ] GC(36)       StringDedup Table Weak         Min:  0.0, Avg:  0.0, Max:  0.0, Diff:  0.0, Sum:  0.0, Workers: 3
[2.052s][debug][gc,phases         ] GC(36)         Dead                           Min: 0, Avg:  0.0, Max: 0, Diff: 0, Sum: 0, Workers: 3
[2.052s][debug][gc,phases         ] GC(36)         Total                          Min: 0, Avg:  0.0, Max: 0, Diff: 0, Sum: 0, Workers: 3
[2.052s][debug][gc,phases         ] GC(36)       StringDedup Requests0 Weak     Min:  0.0, Avg:  0.0, Max:  0.0, Diff:  0.0, Sum:  0.0, Workers: 3
[2.052s][debug][gc,phases         ] GC(36)         Dead                           Min: 0, Avg:  0.0, Max: 0, Diff: 0, Sum: 0, Workers: 3
[2.052s][debug][gc,phases         ] GC(36)         Total                          Min: 0, Avg:  0.0, Max: 0, Diff: 0, Sum: 0, Workers: 3
[2.052s][debug][gc,phases         ] GC(36)       StringDedup Requests1 Weak     Min:  0.0, Avg:  0.0, Max:  0.0, Diff:  0.0, Sum:  0.0, Workers: 3
[2.052s][debug][gc,phases         ] GC(36)         Dead                           Min: 0, Avg:  0.0, Max: 0, Diff: 0, Sum: 0, Workers: 3
[2.052s][debug][gc,phases         ] GC(36)         Total                          Min: 0, Avg:  0.0, Max: 0, Diff: 0, Sum: 0, Workers: 3
[2.052s][debug][gc,phases         ] GC(36)       Weak JFR Old Object Samples    Min:  0.0, Avg:  0.0, Max:  0.0, Diff:  0.0, Sum:  0.0, Workers: 3
[2.052s][debug][gc,phases         ] GC(36)         Dead                           Min: 0, Avg:  0.0, Max: 0, Diff: 0, Sum: 0, Workers: 3
[2.052s][debug][gc,phases         ] GC(36)         Total                          Min: 0, Avg:  0.0, Max: 0, Diff: 0, Sum: 0, Workers: 3
[2.052s][debug][gc,phases         ] GC(36)     Post Evacuate Cleanup 1: 0.0ms
[2.052s][debug][gc,phases         ] GC(36)       Merge Per-Thread State (ms):   Min:  0.0, Avg:  0.0, Max:  0.0, Diff:  0.0, Sum:  0.0, Workers: 1
[2.052s][debug][gc,phases         ] GC(36)         Copied Bytes                   Min: 1731984, Avg: 1828048.0, Max: 1996608, Diff: 264624, Sum: 7312192, Workers: 4
[2.052s][debug][gc,phases         ] GC(36)         LAB Waste                      Min: 96, Avg: 140.0, Max: 208, Diff: 112, Sum: 560, Workers: 4
[2.052s][debug][gc,phases         ] GC(36)         LAB Undo Waste                 Min: 0, Avg:  0.0, Max: 0, Diff: 0, Sum: 0, Workers: 4
[2.052s][debug][gc,phases         ] GC(36)       Clear Logged Cards (ms):       Min:  0.0, Avg:  0.0, Max:  0.0, Diff:  0.0, Sum:  0.0, Workers: 3
[2.052s][debug][gc,phases         ] GC(36)       Recalculate Used Memory (ms):  Min:  0.0, Avg:  0.0, Max:  0.0, Diff:  0.0, Sum:  0.0, Workers: 1
[2.052s][debug][gc,phases         ] GC(36)     Post Evacuate Cleanup 2: 0.0ms
[2.052s][debug][gc,phases         ] GC(36)       Reset Hot Card Cache (ms):     Min:  0.0, Avg:  0.0, Max:  0.0, Diff:  0.0, Sum:  0.0, Workers: 1
[2.052s][debug][gc,phases         ] GC(36)       Purge Code Roots (ms):         Min:  0.0, Avg:  0.0, Max:  0.0, Diff:  0.0, Sum:  0.0, Workers: 1
[2.052s][debug][gc,phases         ] GC(36)       Update Derived Pointers (ms):  Min:  0.0, Avg:  0.0, Max:  0.0, Diff:  0.0, Sum:  0.0, Workers: 1
[2.052s][debug][gc,phases         ] GC(36)       Eagerly Reclaim Humongous Objects (ms): Min:  0.0, Avg:  0.0, Max:  0.0, Diff:  0.0, Sum:  0.0, Workers: 1
[2.052s][debug][gc,phases         ] GC(36)         Humongous Total                Min: 1, Avg:  1.0, Max: 1, Diff: 0, Sum: 1, Workers: 1
[2.052s][debug][gc,phases         ] GC(36)         Humongous Candidates           Min: 0, Avg:  0.0, Max: 0, Diff: 0, Sum: 0, Workers: 1
[2.052s][debug][gc,phases         ] GC(36)         Humongous Reclaimed            Min: 0, Avg:  0.0, Max: 0, Diff: 0, Sum: 0, Workers: 1
[2.052s][debug][gc,phases         ] GC(36)       Redirty Logged Cards (ms):     Min:  0.0, Avg:  0.0, Max:  0.0, Diff:  0.0, Sum:  0.0, Workers: 4
[2.052s][debug][gc,phases         ] GC(36)         Redirtied Cards:               Min: 0, Avg: 256.8, Max: 463, Diff: 463, Sum: 1027, Workers: 4
[2.052s][debug][gc,phases         ] GC(36)       Free Collection Set (ms):      Min:  0.0, Avg:  0.0, Max:  0.0, Diff:  0.0, Sum:  0.0, Workers: 4
[2.052s][debug][gc,phases         ] GC(36)     Rebuild Free List: 0.1ms
[2.052s][debug][gc,phases         ] GC(36)     Start New Collection Set: 0.0ms
[2.052s][debug][gc,phases         ] GC(36)     Resize TLABs: 0.0ms
[2.052s][debug][gc,phases         ] GC(36)     Expand Heap After Collection: 0.0ms
[2.052s][info ][gc,phases         ] GC(36)   Other: 0.5ms
[2.052s][info ][gc,heap           ] GC(36) Eden regions: 5->0(10)
[2.052s][info ][gc,heap           ] GC(36) Survivor regions: 2->2(2)
[2.052s][info ][gc,heap           ] GC(36) Old regions: 205->211
[2.052s][info ][gc,heap           ] GC(36) Archive regions: 0->0
[2.052s][info ][gc,heap           ] GC(36) Humongous regions: 36->36
[2.052s][info ][gc,metaspace      ] GC(36) Metaspace: 470K(640K)->470K(640K) NonClass: 437K(512K)->437K(512K) Class: 33K(128K)->33K(128K)
[2.052s][debug][gc,heap           ] GC(36) Heap after GC invocations=34 (full 1):
[2.052s][debug][gc,heap           ] GC(36)  garbage-first heap   total 262144K, used 254330K [0x00000000f0000000, 0x0000000100000000)
[2.052s][debug][gc,heap           ] GC(36)   region size 1024K, 2 young (2048K), 2 survivors (2048K)
[2.052s][debug][gc,heap           ] GC(36)  Metaspace       used 470K, committed 640K, reserved 1056768K
[2.052s][debug][gc,heap           ] GC(36)   class space    used 33K, committed 128K, reserved 1048576K
[2.052s][info ][gc                ] GC(36) Pause Young (Normal) (G1 Preventive Collection) 247M->248M(256M) 12.361ms
[2.052s][info ][gc,cpu            ] GC(36) User=0.00s Sys=0.00s Real=0.01s
[2.055s][debug][gc,ergo,cset      ] Preventive GC, insufficient free regions. Predicted need 6. Curr Eden 2 (Pred 4). Curr Survivor 2 (Pred 3). Curr Old 211 (Pred 0) Free 5 Alloc 1
[2.055s][debug][gc,heap           ] GC(37) Heap before GC invocations=34 (full 1):
[2.055s][debug][gc,heap           ] GC(37)  garbage-first heap   total 262144K, used 255354K [0x00000000f0000000, 0x0000000100000000)
[2.055s][debug][gc,heap           ] GC(37)   region size 1024K, 4 young (4096K), 2 survivors (2048K)
[2.055s][debug][gc,heap           ] GC(37)  Metaspace       used 470K, committed 640K, reserved 1056768K
[2.055s][debug][gc,heap           ] GC(37)   class space    used 33K, committed 128K, reserved 1048576K
[2.055s][info ][gc,start          ] GC(37) Pause Young (Normal) (G1 Preventive Collection)
[2.055s][info ][gc,task           ] GC(37) Using 4 workers of 4 for evacuation
[2.055s][debug][gc,tlab           ] GC(37) TLAB totals: thrds: 1  refills: 12 max: 12 slow allocs: 0 max 0 waste:  0.3% gc: 0B max: 0B slow: 6992B max: 6992B
[2.055s][debug][gc,age            ] GC(37) Desired survivor size 1048576 bytes, new threshold 1 (max threshold 15)
[2.056s][debug][gc,refine,stats   ] GC(37) Mutator refinement: 0.00ms, refined: 0, precleaned: 0, dirtied: 1020
[2.056s][debug][gc,refine,stats   ] GC(37) Concurrent refinement: 0.00ms, refined: 0, precleaned: 0, dirtied: 0
[2.056s][debug][gc,refine,stats   ] GC(37) Total refinement: 0.00ms, refined: 0, precleaned: 0, dirtied: 1020
[2.056s][debug][gc,refine,stats   ] GC(37) Generate dirty cards rate: 193.25 cards/ms
[2.056s][debug][gc,alloc,region   ] GC(37) Mutator Allocation stats, regions: 2, wasted size: 2008B ( 0.1%)
[2.056s][debug][gc,humongous      ] GC(37) Humongous region 173 (object size 36920416 @ 0x00000000fad00000) remset 0 code roots 0 marked 1 reclaim candidate 0 type array 0
[2.056s][debug][gc,ergo           ] GC(37) Running G1 Merge Heap Roots using 4 workers for 4 regions
[2.056s][debug][gc,remset         ] GC(37) Visited cards 3072 Total dirty 6144 (50.00%) Total old 522240 (0.59%)
[2.063s][debug][gc,ref            ] GC(37) Skipped phase 1 of Reference Processing: no references
[2.063s][debug][gc,ref            ] GC(37) Skipped phase 2 of Reference Processing: no references
[2.063s][debug][gc,ref            ] GC(37) Skipped phase 3 of Reference Processing: no references
[2.063s][debug][gc,ref            ] GC(37) Skipped phase 4 of Reference Processing: no references
[2.064s][debug][gc,ergo           ] GC(37) Running G1 Rebuild Free List Task using 4 workers for rebuilding free list of regions
[2.064s][debug][gc,plab           ] GC(37) Young PLAB allocation: allocated: 2097152B, wasted: 464B, unused: 102672B, used: 1994016B, undo waste: 0B, 
[2.064s][debug][gc,plab           ] GC(37) Young other allocation: region end waste: 0B, regions filled: 2, direct allocated: 0B, failure used: 0B, failure wasted: 0B
[2.064s][debug][gc,plab           ] GC(37) Young sizing: calculated: 398800B, actual: 403936B
[2.064s][debug][gc,plab           ] GC(37) Old PLAB allocation: allocated: 2757632B, wasted: 160B, unused: 568544B, used: 2188928B, undo waste: 0B, 
[2.064s][debug][gc,plab           ] GC(37) Old other allocation: region end waste: 0B, regions filled: 3, direct allocated: 0B, failure used: 0B, failure wasted: 0B
[2.064s][debug][gc,plab           ] GC(37) Old sizing: calculated: 437784B, actual: 620824B
[2.064s][debug][gc,ergo,heap      ] GC(37) Heap expansion: short term pause time ratio 50.67% long term pause time ratio 39.67% threshold 7.69% pause time ratio 7.69% fully expanded true resize by 0B
[2.064s][debug][gc,mmu            ] GC(37) MMU: 74.5ms (200.0ms/201.0ms)
[2.064s][debug][gc,alloc,stats    ] Old generation allocation in the last mutator period, old gen allocated: 2757632B, humongous allocated: 0B,old gen growth: 2757632B.
[2.064s][debug][gc,ihop           ] GC(37) Basic information (value update), threshold: 120795955B (45.00), target occupancy: 268435456B, current occupancy: 263192560B, recent allocation size: 2757632B, recent allocation duration: 5.28ms, recent old gen allocation rate: 522456898.18B/s, recent marking phase length: 0.00ms
[2.064s][debug][gc,ihop           ] GC(37) Adaptive IHOP information (value update), threshold: 120795955B (52.94), internal target occupancy: 228170137B, occupancy: 263192560B, additional buffer size: 12582912B, predicted old gen allocation rate: 552076121.35B/s, predicted marking phase length: 0.00ms, prediction active: false
[2.064s][debug][gc,ergo,refine    ] GC(37) Concurrent refinement times: Logged Cards Scan time goal: 20.00ms Logged Cards Scan time: 0.78ms HCC time: 0.00ms
[2.064s][debug][gc,ergo,refine    ] GC(37) Updated Refinement Zones: green: 8302, yellow: 24906, red: 41510
[2.064s][info ][gc,phases         ] GC(37)   Pre Evacuate Collection Set: 0.1ms
[2.064s][debug][gc,phases         ] GC(37)     Prepare TLABs: 0.0ms
[2.064s][debug][gc,phases         ] GC(37)     Concatenate Dirty Card Logs: 0.0ms
[2.064s][debug][gc,phases         ] GC(37)     Choose Collection Set: 0.0ms
[2.064s][debug][gc,phases         ] GC(37)     Region Register: 0.1ms
[2.064s][debug][gc,phases         ] GC(37)     Prepare Heap Roots: 0.0ms
[2.064s][info ][gc,phases         ] GC(37)   Merge Heap Roots: 0.1ms
[2.064s][debug][gc,phases         ] GC(37)     Prepare Merge Heap Roots: 0.0ms
[2.064s][debug][gc,phases         ] GC(37)     Eager Reclaim (ms):            skipped
[2.064s][debug][gc,phases         ] GC(37)     Remembered Sets (ms):          Min:  0.0, Avg:  0.0, Max:  0.0, Diff:  0.0, Sum:  0.0, Workers: 4
[2.064s][debug][gc,phases         ] GC(37)       Merged Sparse:                 Min: 0, Avg:  0.0, Max: 0, Diff: 0, Sum: 0, Workers: 4
[2.064s][debug][gc,phases         ] GC(37)       Merged Fine:                   Min: 0, Avg:  0.0, Max: 0, Diff: 0, Sum: 0, Workers: 4
[2.064s][debug][gc,phases         ] GC(37)       Merged Coarse:                 Min: 0, Avg:  0.0, Max: 0, Diff: 0, Sum: 0, Workers: 4
[2.064s][debug][gc,phases         ] GC(37)       Dirty Cards:                   Min: 0, Avg:  0.0, Max: 0, Diff: 0, Sum: 0, Workers: 4
[2.064s][debug][gc,phases         ] GC(37)     Hot Card Cache (ms):           Min:  0.0, Avg:  0.0, Max:  0.0, Diff:  0.0, Sum:  0.0, Workers: 4
[2.064s][debug][gc,phases         ] GC(37)       Dirty Cards:                   Min: 0, Avg:  0.0, Max: 0, Diff: 0, Sum: 0, Workers: 4
[2.064s][debug][gc,phases         ] GC(37)       Skipped Cards:                 Min: 0, Avg:  0.0, Max: 0, Diff: 0, Sum: 0, Workers: 4
[2.064s][debug][gc,phases         ] GC(37)     Log Buffers (ms):              Min:  0.0, Avg:  0.0, Max:  0.0, Diff:  0.0, Sum:  0.0, Workers: 4
[2.064s][debug][gc,phases         ] GC(37)       Dirty Cards:                   Min: 0, Avg: 505.8, Max: 760, Diff: 760, Sum: 2023, Workers: 4
[2.064s][debug][gc,phases         ] GC(37)       Skipped Cards:                 Min: 0, Avg:  0.0, Max: 0, Diff: 0, Sum: 0, Workers: 4
[2.065s][info ][gc,phases         ] GC(37)   Evacuate Collection Set: 7.4ms
[2.065s][debug][gc,phases         ] GC(37)     Ext Root Scanning (ms):        Min:  0.0, Avg:  0.0, Max:  0.0, Diff:  0.0, Sum:  0.1, Workers: 4
[2.065s][debug][gc,phases         ] GC(37)     Scan Heap Roots (ms):          Min:  0.1, Avg:  0.8, Max:  1.1, Diff:  1.0, Sum:  3.1, Workers: 4
[2.065s][debug][gc,phases         ] GC(37)       Scanned Cards:                 Min: 80, Avg: 511.8, Max: 768, Diff: 688, Sum: 2047, Workers: 4
[2.065s][debug][gc,phases         ] GC(37)       Scanned Blocks:                Min: 1, Avg:  3.0, Max: 5, Diff: 4, Sum: 12, Workers: 4
[2.065s][debug][gc,phases         ] GC(37)       Claimed Chunks:                Min: 1, Avg:  3.0, Max: 5, Diff: 4, Sum: 12, Workers: 4
[2.065s][debug][gc,phases         ] GC(37)     Code Root Scan (ms):           Min:  0.0, Avg:  0.0, Max:  0.0, Diff:  0.0, Sum:  0.0, Workers: 4
[2.065s][debug][gc,phases         ] GC(37)     Object Copy (ms):              Min:  1.9, Avg:  5.2, Max:  6.5, Diff:  4.6, Sum: 21.0, Workers: 4
[2.065s][debug][gc,phases         ] GC(37)     Termination (ms):              Min:  0.0, Avg:  0.0, Max:  0.0, Diff:  0.0, Sum:  0.0, Workers: 4
[2.065s][debug][gc,phases         ] GC(37)       Termination Attempts:          Min: 1, Avg:  1.0, Max: 1, Diff: 0, Sum: 4, Workers: 4
[2.065s][debug][gc,phases         ] GC(37)     GC Worker Other (ms):          Min:  0.0, Avg:  0.0, Max:  0.0, Diff:  0.0, Sum:  0.0, Workers: 4
[2.065s][debug][gc,phases         ] GC(37)     GC Worker Total (ms):          Min:  2.0, Avg:  6.1, Max:  7.4, Diff:  5.3, Sum: 24.2, Workers: 4
[2.065s][info ][gc,phases         ] GC(37)   Post Evacuate Collection Set: 0.4ms
[2.065s][debug][gc,phases         ] GC(37)     Code Roots Fixup: 0.0ms
[2.065s][debug][gc,phases         ] GC(37)     Reference Processing: 0.2ms
[2.065s][debug][gc,phases,ref     ] GC(37)       Reconsider SoftReferences: 0.1ms
[2.065s][debug][gc,phases,ref     ] GC(37)         SoftRef (ms):                  skipped
[2.065s][debug][gc,phases,ref     ] GC(37)       Notify Soft/WeakReferences: 0.0ms
[2.065s][debug][gc,phases,ref     ] GC(37)         SoftRef (ms):                  skipped
[2.065s][debug][gc,phases,ref     ] GC(37)         WeakRef (ms):                  skipped
[2.065s][debug][gc,phases,ref     ] GC(37)         FinalRef (ms):                 skipped
[2.065s][debug][gc,phases,ref     ] GC(37)         Total (ms):                    skipped
[2.065s][debug][gc,phases,ref     ] GC(37)       Notify and keep alive finalizable: 0.0ms
[2.065s][debug][gc,phases,ref     ] GC(37)         FinalRef (ms):                 skipped
[2.065s][debug][gc,phases,ref     ] GC(37)       Notify PhantomReferences: 0.0ms
[2.065s][debug][gc,phases,ref     ] GC(37)         PhantomRef (ms):               skipped
[2.065s][debug][gc,phases,ref     ] GC(37)       SoftReference:
[2.065s][debug][gc,phases,ref     ] GC(37)         Discovered: 0
[2.065s][debug][gc,phases,ref     ] GC(37)         Cleared: 0
[2.065s][debug][gc,phases,ref     ] GC(37)       WeakReference:
[2.065s][debug][gc,phases,ref     ] GC(37)         Discovered: 0
[2.065s][debug][gc,phases,ref     ] GC(37)         Cleared: 0
[2.065s][debug][gc,phases,ref     ] GC(37)       FinalReference:
[2.065s][debug][gc,phases,ref     ] GC(37)         Discovered: 0
[2.065s][debug][gc,phases,ref     ] GC(37)         Cleared: 0
[2.065s][debug][gc,phases,ref     ] GC(37)       PhantomReference:
[2.065s][debug][gc,phases,ref     ] GC(37)         Discovered: 0
[2.065s][debug][gc,phases,ref     ] GC(37)         Cleared: 0
[2.065s][debug][gc,phases         ] GC(37)     Weak Processing: 0.0ms
[2.065s][debug][gc,phases         ] GC(37)       VM Weak                        Min:  0.0, Avg:  0.0, Max:  0.0, Diff:  0.0, Sum:  0.0, Workers: 3
[2.066s][debug][gc,phases         ] GC(37)         Dead                           Min: 0, Avg:  0.0, Max: 0, Diff: 0, Sum: 0, Workers: 3
[2.066s][debug][gc,phases         ] GC(37)         Total                          Min: 0, Avg:  2.7, Max: 8, Diff: 8, Sum: 8, Workers: 3
[2.066s][debug][gc,phases         ] GC(37)       ObjectSynchronizer Weak        Min:  0.0, Avg:  0.0, Max:  0.0, Diff:  0.0, Sum:  0.0, Workers: 3
[2.066s][debug][gc,phases         ] GC(37)         Dead                           Min: 0, Avg:  0.0, Max: 0, Diff: 0, Sum: 0, Workers: 3
[2.066s][debug][gc,phases         ] GC(37)         Total                          Min: 0, Avg:  1.0, Max: 3, Diff: 3, Sum: 3, Workers: 3
[2.066s][debug][gc,phases         ] GC(37)       JVMTI Tag Weak OopStorage      Min:  0.0, Avg:  0.0, Max:  0.0, Diff:  0.0, Sum:  0.0, Workers: 3
[2.066s][debug][gc,phases         ] GC(37)         Dead                           Min: 0, Avg:  0.0, Max: 0, Diff: 0, Sum: 0, Workers: 3
[2.066s][debug][gc,phases         ] GC(37)         Total                          Min: 0, Avg:  0.0, Max: 0, Diff: 0, Sum: 0, Workers: 3
[2.066s][debug][gc,phases         ] GC(37)       StringTable Weak               Min:  0.0, Avg:  0.0, Max:  0.0, Diff:  0.0, Sum:  0.0, Workers: 3
[2.066s][debug][gc,phases         ] GC(37)         Dead                           Min: 0, Avg:  0.0, Max: 0, Diff: 0, Sum: 0, Workers: 3
[2.066s][debug][gc,phases         ] GC(37)         Total                          Min: 345, Avg: 819.0, Max: 1344, Diff: 999, Sum: 2457, Workers: 3
[2.066s][debug][gc,phases         ] GC(37)       ResolvedMethodTable Weak       Min:  0.0, Avg:  0.0, Max:  0.0, Diff:  0.0, Sum:  0.0, Workers: 3
[2.066s][debug][gc,phases         ] GC(37)         Dead                           Min: 0, Avg:  0.0, Max: 0, Diff: 0, Sum: 0, Workers: 3
[2.066s][debug][gc,phases         ] GC(37)         Total                          Min: 9, Avg: 45.7, Max: 64, Diff: 55, Sum: 137, Workers: 3
[2.066s][debug][gc,phases         ] GC(37)       JNI Weak                       Min:  0.0, Avg:  0.0, Max:  0.0, Diff:  0.0, Sum:  0.0, Workers: 3
[2.066s][debug][gc,phases         ] GC(37)         Dead                           Min: 0, Avg:  0.0, Max: 0, Diff: 0, Sum: 0, Workers: 3
[2.066s][debug][gc,phases         ] GC(37)         Total                          Min: 0, Avg:  0.0, Max: 0, Diff: 0, Sum: 0, Workers: 3
[2.066s][debug][gc,phases         ] GC(37)       StringDedup Table Weak         Min:  0.0, Avg:  0.0, Max:  0.0, Diff:  0.0, Sum:  0.0, Workers: 3
[2.066s][debug][gc,phases         ] GC(37)         Dead                           Min: 0, Avg:  0.0, Max: 0, Diff: 0, Sum: 0, Workers: 3
[2.066s][debug][gc,phases         ] GC(37)         Total                          Min: 0, Avg:  0.0, Max: 0, Diff: 0, Sum: 0, Workers: 3
[2.066s][debug][gc,phases         ] GC(37)       StringDedup Requests0 Weak     Min:  0.0, Avg:  0.0, Max:  0.0, Diff:  0.0, Sum:  0.0, Workers: 3
[2.066s][debug][gc,phases         ] GC(37)         Dead                           Min: 0, Avg:  0.0, Max: 0, Diff: 0, Sum: 0, Workers: 3
[2.066s][debug][gc,phases         ] GC(37)         Total                          Min: 0, Avg:  0.0, Max: 0, Diff: 0, Sum: 0, Workers: 3
[2.066s][debug][gc,phases         ] GC(37)       StringDedup Requests1 Weak     Min:  0.0, Avg:  0.0, Max:  0.0, Diff:  0.0, Sum:  0.0, Workers: 3
[2.066s][debug][gc,phases         ] GC(37)         Dead                           Min: 0, Avg:  0.0, Max: 0, Diff: 0, Sum: 0, Workers: 3
[2.066s][debug][gc,phases         ] GC(37)         Total                          Min: 0, Avg:  0.0, Max: 0, Diff: 0, Sum: 0, Workers: 3
[2.066s][debug][gc,phases         ] GC(37)       Weak JFR Old Object Samples    Min:  0.0, Avg:  0.0, Max:  0.0, Diff:  0.0, Sum:  0.0, Workers: 3
[2.066s][debug][gc,phases         ] GC(37)         Dead                           Min: 0, Avg:  0.0, Max: 0, Diff: 0, Sum: 0, Workers: 3
[2.066s][debug][gc,phases         ] GC(37)         Total                          Min: 0, Avg:  0.0, Max: 0, Diff: 0, Sum: 0, Workers: 3
[2.066s][debug][gc,phases         ] GC(37)     Post Evacuate Cleanup 1: 0.0ms
[2.066s][debug][gc,phases         ] GC(37)       Merge Per-Thread State (ms):   Min:  0.0, Avg:  0.0, Max:  0.0, Diff:  0.0, Sum:  0.0, Workers: 1
[2.066s][debug][gc,phases         ] GC(37)         Copied Bytes                   Min: 268592, Avg: 1045736.0, Max: 1423264, Diff: 1154672, Sum: 4182944, Workers: 4
[2.066s][debug][gc,phases         ] GC(37)         LAB Waste                      Min: 48, Avg: 156.0, Max: 216, Diff: 168, Sum: 624, Workers: 4
[2.066s][debug][gc,phases         ] GC(37)         LAB Undo Waste                 Min: 0, Avg:  0.0, Max: 0, Diff: 0, Sum: 0, Workers: 4
[2.066s][debug][gc,phases         ] GC(37)       Clear Logged Cards (ms):       Min:  0.0, Avg:  0.0, Max:  0.0, Diff:  0.0, Sum:  0.0, Workers: 3
[2.066s][debug][gc,phases         ] GC(37)       Recalculate Used Memory (ms):  Min:  0.0, Avg:  0.0, Max:  0.0, Diff:  0.0, Sum:  0.0, Workers: 1
[2.066s][debug][gc,phases         ] GC(37)     Post Evacuate Cleanup 2: 0.1ms
[2.066s][debug][gc,phases         ] GC(37)       Reset Hot Card Cache (ms):     Min:  0.0, Avg:  0.0, Max:  0.0, Diff:  0.0, Sum:  0.0, Workers: 1
[2.066s][debug][gc,phases         ] GC(37)       Purge Code Roots (ms):         Min:  0.0, Avg:  0.0, Max:  0.0, Diff:  0.0, Sum:  0.0, Workers: 1
[2.066s][debug][gc,phases         ] GC(37)       Update Derived Pointers (ms):  Min:  0.0, Avg:  0.0, Max:  0.0, Diff:  0.0, Sum:  0.0, Workers: 1
[2.066s][debug][gc,phases         ] GC(37)       Eagerly Reclaim Humongous Objects (ms): Min:  0.0, Avg:  0.0, Max:  0.0, Diff:  0.0, Sum:  0.0, Workers: 1
[2.066s][debug][gc,phases         ] GC(37)         Humongous Total                Min: 1, Avg:  1.0, Max: 1, Diff: 0, Sum: 1, Workers: 1
[2.067s][debug][gc,phases         ] GC(37)         Humongous Candidates           Min: 0, Avg:  0.0, Max: 0, Diff: 0, Sum: 0, Workers: 1
[2.067s][debug][gc,phases         ] GC(37)         Humongous Reclaimed            Min: 0, Avg:  0.0, Max: 0, Diff: 0, Sum: 0, Workers: 1
[2.067s][debug][gc,phases         ] GC(37)       Redirty Logged Cards (ms):     Min:  0.0, Avg:  0.0, Max:  0.0, Diff:  0.0, Sum:  0.0, Workers: 4
[2.067s][debug][gc,phases         ] GC(37)         Redirtied Cards:               Min: 0, Avg: 336.0, Max: 677, Diff: 677, Sum: 1344, Workers: 4
[2.067s][debug][gc,phases         ] GC(37)       Free Collection Set (ms):      Min:  0.0, Avg:  0.0, Max:  0.0, Diff:  0.0, Sum:  0.0, Workers: 4
[2.067s][debug][gc,phases         ] GC(37)     Rebuild Free List: 0.1ms
[2.067s][debug][gc,phases         ] GC(37)     Start New Collection Set: 0.0ms
[2.067s][debug][gc,phases         ] GC(37)     Resize TLABs: 0.0ms
[2.067s][debug][gc,phases         ] GC(37)     Expand Heap After Collection: 0.0ms
[2.067s][info ][gc,phases         ] GC(37)   Other: 0.7ms
[2.067s][info ][gc,heap           ] GC(37) Eden regions: 2->0(10)
[2.067s][info ][gc,heap           ] GC(37) Survivor regions: 2->2(2)
[2.067s][info ][gc,heap           ] GC(37) Old regions: 211->213
[2.067s][info ][gc,heap           ] GC(37) Archive regions: 0->0
[2.067s][info ][gc,heap           ] GC(37) Humongous regions: 36->36
[2.067s][info ][gc,metaspace      ] GC(37) Metaspace: 470K(640K)->470K(640K) NonClass: 437K(512K)->437K(512K) Class: 33K(128K)->33K(128K)
[2.067s][debug][gc,heap           ] GC(37) Heap after GC invocations=35 (full 1):
[2.067s][debug][gc,heap           ] GC(37)  garbage-first heap   total 262144K, used 257023K [0x00000000f0000000, 0x0000000100000000)
[2.067s][debug][gc,heap           ] GC(37)   region size 1024K, 2 young (2048K), 2 survivors (2048K)
[2.067s][debug][gc,heap           ] GC(37)  Metaspace       used 470K, committed 640K, reserved 1056768K
[2.067s][debug][gc,heap           ] GC(37)   class space    used 33K, committed 128K, reserved 1048576K
[2.067s][info ][gc                ] GC(37) Pause Young (Normal) (G1 Preventive Collection) 250M->250M(256M) 11.768ms
[2.067s][info ][gc,cpu            ] GC(37) User=0.00s Sys=0.00s Real=0.01s
[2.070s][debug][gc,ergo,cset      ] Preventive GC, insufficient free regions. Predicted need 5. Curr Eden 1 (Pred 3). Curr Survivor 2 (Pred 3). Curr Old 213 (Pred 0) Free 4 Alloc 1
[2.070s][debug][gc,heap           ] GC(38) Heap before GC invocations=35 (full 1):
[2.070s][debug][gc,heap           ] GC(38)  garbage-first heap   total 262144K, used 257023K [0x00000000f0000000, 0x0000000100000000)
[2.070s][debug][gc,heap           ] GC(38)   region size 1024K, 3 young (3072K), 2 survivors (2048K)
[2.070s][debug][gc,heap           ] GC(38)  Metaspace       used 470K, committed 640K, reserved 1056768K
[2.070s][debug][gc,heap           ] GC(38)   class space    used 33K, committed 128K, reserved 1048576K
[2.070s][info ][gc,start          ] GC(38) Pause Young (Normal) (G1 Preventive Collection)
[2.070s][info ][gc,task           ] GC(38) Using 4 workers of 4 for evacuation
[2.070s][debug][gc,tlab           ] GC(38) TLAB totals: thrds: 1  refills: 6 max: 6 slow allocs: 0 max 0 waste:  0.3% gc: 0B max: 0B slow: 3496B max: 3496B
[2.070s][debug][gc,age            ] GC(38) Desired survivor size 1048576 bytes, new threshold 1 (max threshold 15)
[2.070s][debug][gc,refine,stats   ] GC(38) Mutator refinement: 0.00ms, refined: 0, precleaned: 0, dirtied: 509
[2.070s][debug][gc,refine,stats   ] GC(38) Concurrent refinement: 0.00ms, refined: 0, precleaned: 0, dirtied: 0
[2.070s][debug][gc,refine,stats   ] GC(38) Total refinement: 0.00ms, refined: 0, precleaned: 0, dirtied: 509
[2.070s][debug][gc,refine,stats   ] GC(38) Generate dirty cards rate: 79.99 cards/ms
[2.070s][debug][gc,alloc,region   ] GC(38) Mutator Allocation stats, regions: 1, wasted size: 0B ( 0.0%)
[2.070s][debug][gc,humongous      ] GC(38) Humongous region 173 (object size 36920416 @ 0x00000000fad00000) remset 0 code roots 0 marked 1 reclaim candidate 0 type array 0
[2.070s][debug][gc,ergo           ] GC(38) Running G1 Merge Heap Roots using 4 workers for 3 regions
[2.070s][debug][gc,remset         ] GC(38) Visited cards 1792 Total dirty 2048 (87.50%) Total old 522240 (0.34%)
[2.074s][debug][gc,ergo,heap      ] GC(38) Attempt heap expansion (region allocation request failed). Allocation request: 100984B
[2.075s][debug][gc,ergo,heap      ] GC(38) Did not expand the heap (heap already fully expanded)
[2.075s][debug][gc,ref            ] GC(38) Skipped phase 1 of Reference Processing: no references
[2.075s][debug][gc,ref            ] GC(38) Skipped phase 2 of Reference Processing: no references
[2.075s][debug][gc,ref            ] GC(38) Skipped phase 3 of Reference Processing: no references
[2.075s][debug][gc,ref            ] GC(38) Skipped phase 4 of Reference Processing: no references
[2.075s][debug][gc,ergo           ] GC(38) Running G1 Rebuild Free List Task using 4 workers for rebuilding free list of regions
[2.075s][debug][gc,plab           ] GC(38) Young PLAB allocation: allocated: 1048576B, wasted: 208B, unused: 81712B, used: 966656B, undo waste: 0B, 
[2.075s][debug][gc,plab           ] GC(38) Young other allocation: region end waste: 0B, regions filled: 1, direct allocated: 0B, failure used: 0B, failure wasted: 0B
[2.075s][debug][gc,plab           ] GC(38) Young sizing: calculated: 193328B, actual: 245976B
[2.075s][debug][gc,plab           ] GC(38) Old PLAB allocation: allocated: 2407552B, wasted: 192B, unused: 336928B, used: 2070432B, undo waste: 0B, 
[2.075s][debug][gc,plab           ] GC(38) Old other allocation: region end waste: 0B, regions filled: 3, direct allocated: 0B, failure used: 0B, failure wasted: 0B
[2.075s][debug][gc,plab           ] GC(38) Old sizing: calculated: 414080B, actual: 465760B
[2.075s][debug][gc,ergo,heap      ] GC(38) Heap expansion: short term pause time ratio 61.27% long term pause time ratio 39.39% threshold 7.69% pause time ratio 7.69% fully expanded true resize by 0B
[2.075s][debug][gc,mmu            ] GC(38) MMU: 68.1ms (200.0ms/201.0ms)
[2.075s][debug][gc,alloc,stats    ] Old generation allocation in the last mutator period, old gen allocated: 2407552B, humongous allocated: 0B,old gen growth: 2407552B.
[2.075s][debug][gc,ihop           ] GC(38) Basic information (value update), threshold: 120795955B (45.00), target occupancy: 268435456B, current occupancy: 264551920B, recent allocation size: 2407552B, recent allocation duration: 6.36ms, recent old gen allocation rate: 378331761.90B/s, recent marking phase length: 0.00ms
[2.075s][debug][gc,ihop           ] GC(38) Adaptive IHOP information (value update), threshold: 120795955B (52.94), internal target occupancy: 228170137B, occupancy: 264551920B, additional buffer size: 12582912B, predicted old gen allocation rate: 546770227.92B/s, predicted marking phase length: 0.00ms, prediction active: false
[2.075s][debug][gc,ergo,refine    ] GC(38) Concurrent refinement times: Logged Cards Scan time goal: 20.00ms Logged Cards Scan time: 0.55ms HCC time: 0.00ms
[2.075s][debug][gc,ergo,refine    ] GC(38) Updated Refinement Zones: green: 8302, yellow: 24906, red: 41510
[2.075s][info ][gc,phases         ] GC(38)   Pre Evacuate Collection Set: 0.1ms
[2.076s][debug][gc,phases         ] GC(38)     Prepare TLABs: 0.0ms
[2.076s][debug][gc,phases         ] GC(38)     Concatenate Dirty Card Logs: 0.0ms
[2.076s][debug][gc,phases         ] GC(38)     Choose Collection Set: 0.0ms
[2.076s][debug][gc,phases         ] GC(38)     Region Register: 0.1ms
[2.076s][debug][gc,phases         ] GC(38)     Prepare Heap Roots: 0.0ms
[2.076s][info ][gc,phases         ] GC(38)   Merge Heap Roots: 0.1ms
[2.076s][debug][gc,phases         ] GC(38)     Prepare Merge Heap Roots: 0.0ms
[2.076s][debug][gc,phases         ] GC(38)     Eager Reclaim (ms):            skipped
[2.076s][debug][gc,phases         ] GC(38)     Remembered Sets (ms):          Min:  0.0, Avg:  0.0, Max:  0.0, Diff:  0.0, Sum:  0.0, Workers: 4
[2.076s][debug][gc,phases         ] GC(38)       Merged Sparse:                 Min: 0, Avg:  0.0, Max: 0, Diff: 0, Sum: 0, Workers: 4
[2.076s][debug][gc,phases         ] GC(38)       Merged Fine:                   Min: 0, Avg:  0.0, Max: 0, Diff: 0, Sum: 0, Workers: 4
[2.076s][debug][gc,phases         ] GC(38)       Merged Coarse:                 Min: 0, Avg:  0.0, Max: 0, Diff: 0, Sum: 0, Workers: 4
[2.076s][debug][gc,phases         ] GC(38)       Dirty Cards:                   Min: 0, Avg:  0.0, Max: 0, Diff: 0, Sum: 0, Workers: 4
[2.076s][debug][gc,phases         ] GC(38)     Hot Card Cache (ms):           Min:  0.0, Avg:  0.0, Max:  0.0, Diff:  0.0, Sum:  0.0, Workers: 4
[2.076s][debug][gc,phases         ] GC(38)       Dirty Cards:                   Min: 0, Avg:  0.0, Max: 0, Diff: 0, Sum: 0, Workers: 4
[2.076s][debug][gc,phases         ] GC(38)       Skipped Cards:                 Min: 0, Avg:  0.0, Max: 0, Diff: 0, Sum: 0, Workers: 4
[2.076s][debug][gc,phases         ] GC(38)     Log Buffers (ms):              Min:  0.0, Avg:  0.0, Max:  0.0, Diff:  0.0, Sum:  0.0, Workers: 4
[2.076s][debug][gc,phases         ] GC(38)       Dirty Cards:                   Min: 310, Avg: 455.3, Max: 605, Diff: 295, Sum: 1821, Workers: 4
[2.076s][debug][gc,phases         ] GC(38)       Skipped Cards:                 Min: 0, Avg:  0.0, Max: 0, Diff: 0, Sum: 0, Workers: 4
[2.076s][info ][gc,phases         ] GC(38)   Evacuate Collection Set: 4.4ms
[2.076s][debug][gc,phases         ] GC(38)     Ext Root Scanning (ms):        Min:  0.0, Avg:  0.0, Max:  0.0, Diff:  0.0, Sum:  0.1, Workers: 4
[2.076s][debug][gc,phases         ] GC(38)     Scan Heap Roots (ms):          Min:  0.3, Avg:  0.5, Max:  0.8, Diff:  0.4, Sum:  2.2, Workers: 4
[2.076s][debug][gc,phases         ] GC(38)       Scanned Cards:                 Min: 227, Avg: 371.5, Max: 498, Diff: 271, Sum: 1486, Workers: 4
[2.076s][debug][gc,phases         ] GC(38)       Scanned Blocks:                Min: 2, Avg:  2.3, Max: 3, Diff: 1, Sum: 9, Workers: 4
[2.076s][debug][gc,phases         ] GC(38)       Claimed Chunks:                Min: 1, Avg:  1.8, Max: 2, Diff: 1, Sum: 7, Workers: 4
[2.076s][debug][gc,phases         ] GC(38)     Code Root Scan (ms):           Min:  0.0, Avg:  0.0, Max:  0.0, Diff:  0.0, Sum:  0.0, Workers: 4
[2.076s][debug][gc,phases         ] GC(38)     Object Copy (ms):              Min:  3.6, Avg:  3.8, Max:  3.9, Diff:  0.3, Sum: 15.0, Workers: 4
[2.076s][debug][gc,phases         ] GC(38)     Termination (ms):              Min:  0.0, Avg:  0.0, Max:  0.0, Diff:  0.0, Sum:  0.0, Workers: 4
[2.076s][debug][gc,phases         ] GC(38)       Termination Attempts:          Min: 1, Avg:  2.5, Max: 4, Diff: 3, Sum: 10, Workers: 4
[2.076s][debug][gc,phases         ] GC(38)     GC Worker Other (ms):          Min:  0.0, Avg:  0.0, Max:  0.0, Diff:  0.0, Sum:  0.0, Workers: 4
[2.076s][debug][gc,phases         ] GC(38)     GC Worker Total (ms):          Min:  4.2, Avg:  4.3, Max:  4.4, Diff:  0.2, Sum: 17.3, Workers: 4
[2.076s][info ][gc,phases         ] GC(38)   Post Evacuate Collection Set: 0.3ms
[2.076s][debug][gc,phases         ] GC(38)     Code Roots Fixup: 0.0ms
[2.076s][debug][gc,phases         ] GC(38)     Reference Processing: 0.1ms
[2.076s][debug][gc,phases,ref     ] GC(38)       Reconsider SoftReferences: 0.0ms
[2.076s][debug][gc,phases,ref     ] GC(38)         SoftRef (ms):                  skipped
[2.076s][debug][gc,phases,ref     ] GC(38)       Notify Soft/WeakReferences: 0.0ms
[2.076s][debug][gc,phases,ref     ] GC(38)         SoftRef (ms):                  skipped
[2.076s][debug][gc,phases,ref     ] GC(38)         WeakRef (ms):                  skipped
[2.076s][debug][gc,phases,ref     ] GC(38)         FinalRef (ms):                 skipped
[2.076s][debug][gc,phases,ref     ] GC(38)         Total (ms):                    skipped
[2.076s][debug][gc,phases,ref     ] GC(38)       Notify and keep alive finalizable: 0.0ms
[2.076s][debug][gc,phases,ref     ] GC(38)         FinalRef (ms):                 skipped
[2.076s][debug][gc,phases,ref     ] GC(38)       Notify PhantomReferences: 0.0ms
[2.076s][debug][gc,phases,ref     ] GC(38)         PhantomRef (ms):               skipped
[2.076s][debug][gc,phases,ref     ] GC(38)       SoftReference:
[2.076s][debug][gc,phases,ref     ] GC(38)         Discovered: 0
[2.076s][debug][gc,phases,ref     ] GC(38)         Cleared: 0
[2.076s][debug][gc,phases,ref     ] GC(38)       WeakReference:
[2.076s][debug][gc,phases,ref     ] GC(38)         Discovered: 0
[2.076s][debug][gc,phases,ref     ] GC(38)         Cleared: 0
[2.076s][debug][gc,phases,ref     ] GC(38)       FinalReference:
[2.076s][debug][gc,phases,ref     ] GC(38)         Discovered: 0
[2.076s][debug][gc,phases,ref     ] GC(38)         Cleared: 0
[2.076s][debug][gc,phases,ref     ] GC(38)       PhantomReference:
[2.076s][debug][gc,phases,ref     ] GC(38)         Discovered: 0
[2.076s][debug][gc,phases,ref     ] GC(38)         Cleared: 0
[2.076s][debug][gc,phases         ] GC(38)     Weak Processing: 0.0ms
[2.076s][debug][gc,phases         ] GC(38)       VM Weak                        Min:  0.0, Avg:  0.0, Max:  0.0, Diff:  0.0, Sum:  0.0, Workers: 3
[2.077s][debug][gc,phases         ] GC(38)         Dead                           Min: 0, Avg:  0.0, Max: 0, Diff: 0, Sum: 0, Workers: 3
[2.077s][debug][gc,phases         ] GC(38)         Total                          Min: 0, Avg:  2.7, Max: 8, Diff: 8, Sum: 8, Workers: 3
[2.077s][debug][gc,phases         ] GC(38)       ObjectSynchronizer Weak        Min:  0.0, Avg:  0.0, Max:  0.0, Diff:  0.0, Sum:  0.0, Workers: 3
[2.077s][debug][gc,phases         ] GC(38)         Dead                           Min: 0, Avg:  0.0, Max: 0, Diff: 0, Sum: 0, Workers: 3
[2.077s][debug][gc,phases         ] GC(38)         Total                          Min: 0, Avg:  1.0, Max: 3, Diff: 3, Sum: 3, Workers: 3
[2.077s][debug][gc,phases         ] GC(38)       JVMTI Tag Weak OopStorage      Min:  0.0, Avg:  0.0, Max:  0.0, Diff:  0.0, Sum:  0.0, Workers: 3
[2.077s][debug][gc,phases         ] GC(38)         Dead                           Min: 0, Avg:  0.0, Max: 0, Diff: 0, Sum: 0, Workers: 3
[2.077s][debug][gc,phases         ] GC(38)         Total                          Min: 0, Avg:  0.0, Max: 0, Diff: 0, Sum: 0, Workers: 3
[2.077s][debug][gc,phases         ] GC(38)       StringTable Weak               Min:  0.0, Avg:  0.0, Max:  0.0, Diff:  0.0, Sum:  0.0, Workers: 3
[2.077s][debug][gc,phases         ] GC(38)         Dead                           Min: 0, Avg:  0.0, Max: 0, Diff: 0, Sum: 0, Workers: 3
[2.077s][debug][gc,phases         ] GC(38)         Total                          Min: 704, Avg: 819.0, Max: 985, Diff: 281, Sum: 2457, Workers: 3
[2.077s][debug][gc,phases         ] GC(38)       ResolvedMethodTable Weak       Min:  0.0, Avg:  0.0, Max:  0.0, Diff:  0.0, Sum:  0.0, Workers: 3
[2.077s][debug][gc,phases         ] GC(38)         Dead                           Min: 0, Avg:  0.0, Max: 0, Diff: 0, Sum: 0, Workers: 3
[2.077s][debug][gc,phases         ] GC(38)         Total                          Min: 0, Avg: 45.7, Max: 73, Diff: 73, Sum: 137, Workers: 3
[2.077s][debug][gc,phases         ] GC(38)       JNI Weak                       Min:  0.0, Avg:  0.0, Max:  0.0, Diff:  0.0, Sum:  0.0, Workers: 3
[2.077s][debug][gc,phases         ] GC(38)         Dead                           Min: 0, Avg:  0.0, Max: 0, Diff: 0, Sum: 0, Workers: 3
[2.077s][debug][gc,phases         ] GC(38)         Total                          Min: 0, Avg:  0.0, Max: 0, Diff: 0, Sum: 0, Workers: 3
[2.077s][debug][gc,phases         ] GC(38)       StringDedup Table Weak         Min:  0.0, Avg:  0.0, Max:  0.0, Diff:  0.0, Sum:  0.0, Workers: 3
[2.077s][debug][gc,phases         ] GC(38)         Dead                           Min: 0, Avg:  0.0, Max: 0, Diff: 0, Sum: 0, Workers: 3
[2.077s][debug][gc,phases         ] GC(38)         Total                          Min: 0, Avg:  0.0, Max: 0, Diff: 0, Sum: 0, Workers: 3
[2.077s][debug][gc,phases         ] GC(38)       StringDedup Requests0 Weak     Min:  0.0, Avg:  0.0, Max:  0.0, Diff:  0.0, Sum:  0.0, Workers: 3
[2.077s][debug][gc,phases         ] GC(38)         Dead                           Min: 0, Avg:  0.0, Max: 0, Diff: 0, Sum: 0, Workers: 3
[2.077s][debug][gc,phases         ] GC(38)         Total                          Min: 0, Avg:  0.0, Max: 0, Diff: 0, Sum: 0, Workers: 3
[2.077s][debug][gc,phases         ] GC(38)       StringDedup Requests1 Weak     Min:  0.0, Avg:  0.0, Max:  0.0, Diff:  0.0, Sum:  0.0, Workers: 3
[2.077s][debug][gc,phases         ] GC(38)         Dead                           Min: 0, Avg:  0.0, Max: 0, Diff: 0, Sum: 0, Workers: 3
[2.077s][debug][gc,phases         ] GC(38)         Total                          Min: 0, Avg:  0.0, Max: 0, Diff: 0, Sum: 0, Workers: 3
[2.077s][debug][gc,phases         ] GC(38)       Weak JFR Old Object Samples    Min:  0.0, Avg:  0.0, Max:  0.0, Diff:  0.0, Sum:  0.0, Workers: 3
[2.077s][debug][gc,phases         ] GC(38)         Dead                           Min: 0, Avg:  0.0, Max: 0, Diff: 0, Sum: 0, Workers: 3
[2.077s][debug][gc,phases         ] GC(38)         Total                          Min: 0, Avg:  0.0, Max: 0, Diff: 0, Sum: 0, Workers: 3
[2.077s][debug][gc,phases         ] GC(38)     Post Evacuate Cleanup 1: 0.0ms
[2.077s][debug][gc,phases         ] GC(38)       Merge Per-Thread State (ms):   Min:  0.0, Avg:  0.0, Max:  0.0, Diff:  0.0, Sum:  0.0, Workers: 1
[2.077s][debug][gc,phases         ] GC(38)         Copied Bytes                   Min: 605760, Avg: 759272.0, Max: 854864, Diff: 249104, Sum: 3037088, Workers: 4
[2.077s][debug][gc,phases         ] GC(38)         LAB Waste                      Min: 72, Avg: 100.0, Max: 120, Diff: 48, Sum: 400, Workers: 4
[2.077s][debug][gc,phases         ] GC(38)         LAB Undo Waste                 Min: 0, Avg:  0.0, Max: 0, Diff: 0, Sum: 0, Workers: 4
[2.077s][debug][gc,phases         ] GC(38)       Clear Logged Cards (ms):       Min:  0.0, Avg:  0.0, Max:  0.0, Diff:  0.0, Sum:  0.0, Workers: 3
[2.077s][debug][gc,phases         ] GC(38)       Recalculate Used Memory (ms):  Min:  0.0, Avg:  0.0, Max:  0.0, Diff:  0.0, Sum:  0.0, Workers: 1
[2.077s][debug][gc,phases         ] GC(38)     Post Evacuate Cleanup 2: 0.0ms
[2.077s][debug][gc,phases         ] GC(38)       Reset Hot Card Cache (ms):     Min:  0.0, Avg:  0.0, Max:  0.0, Diff:  0.0, Sum:  0.0, Workers: 1
[2.077s][debug][gc,phases         ] GC(38)       Purge Code Roots (ms):         Min:  0.0, Avg:  0.0, Max:  0.0, Diff:  0.0, Sum:  0.0, Workers: 1
[2.077s][debug][gc,phases         ] GC(38)       Update Derived Pointers (ms):  Min:  0.0, Avg:  0.0, Max:  0.0, Diff:  0.0, Sum:  0.0, Workers: 1
[2.077s][debug][gc,phases         ] GC(38)       Eagerly Reclaim Humongous Objects (ms): Min:  0.0, Avg:  0.0, Max:  0.0, Diff:  0.0, Sum:  0.0, Workers: 1
[2.077s][debug][gc,phases         ] GC(38)         Humongous Total                Min: 1, Avg:  1.0, Max: 1, Diff: 0, Sum: 1, Workers: 1
[2.077s][debug][gc,phases         ] GC(38)         Humongous Candidates           Min: 0, Avg:  0.0, Max: 0, Diff: 0, Sum: 0, Workers: 1
[2.077s][debug][gc,phases         ] GC(38)         Humongous Reclaimed            Min: 0, Avg:  0.0, Max: 0, Diff: 0, Sum: 0, Workers: 1
[2.077s][debug][gc,phases         ] GC(38)       Redirty Logged Cards (ms):     Min:  0.0, Avg:  0.0, Max:  0.0, Diff:  0.0, Sum:  0.0, Workers: 4
[2.077s][debug][gc,phases         ] GC(38)         Redirtied Cards:               Min: 0, Avg: 140.5, Max: 359, Diff: 359, Sum: 562, Workers: 4
[2.077s][debug][gc,phases         ] GC(38)       Free Collection Set (ms):      Min:  0.0, Avg:  0.0, Max:  0.0, Diff:  0.0, Sum:  0.0, Workers: 4
[2.077s][debug][gc,phases         ] GC(38)     Rebuild Free List: 0.1ms
[2.077s][debug][gc,phases         ] GC(38)     Start New Collection Set: 0.0ms
[2.077s][debug][gc,phases         ] GC(38)     Resize TLABs: 0.0ms
[2.077s][debug][gc,phases         ] GC(38)     Expand Heap After Collection: 0.0ms
[2.077s][info ][gc,phases         ] GC(38)   Other: 0.6ms
[2.077s][info ][gc,heap           ] GC(38) Eden regions: 1->0(11)
[2.077s][info ][gc,heap           ] GC(38) Survivor regions: 2->1(2)
[2.077s][info ][gc,heap           ] GC(38) Old regions: 213->216
[2.078s][info ][gc,heap           ] GC(38) Archive regions: 0->0
[2.078s][info ][gc,heap           ] GC(38) Humongous regions: 36->36
[2.078s][info ][gc,metaspace      ] GC(38) Metaspace: 470K(640K)->470K(640K) NonClass: 437K(512K)->437K(512K) Class: 33K(128K)->33K(128K)
[2.078s][debug][gc,heap           ] GC(38) Heap after GC invocations=36 (full 1):
[2.078s][debug][gc,heap           ] GC(38)  garbage-first heap   total 262144K, used 258351K [0x00000000f0000000, 0x0000000100000000)
[2.078s][debug][gc,heap           ] GC(38)   region size 1024K, 1 young (1024K), 1 survivors (1024K)
[2.078s][debug][gc,heap           ] GC(38)  Metaspace       used 470K, committed 640K, reserved 1056768K
[2.078s][debug][gc,heap           ] GC(38)   class space    used 33K, committed 128K, reserved 1048576K
[2.078s][info ][gc                ] GC(38) Pause Young (Normal) (G1 Preventive Collection) 251M->252M(256M) 7.808ms
[2.078s][info ][gc,cpu            ] GC(38) User=0.00s Sys=0.00s Real=0.01s
[2.080s][debug][gc,ergo,cset      ] Preventive GC, insufficient free regions. Predicted need 4. Curr Eden 1 (Pred 3). Curr Survivor 1 (Pred 2). Curr Old 216 (Pred 0) Free 2 Alloc 1
[2.080s][debug][gc,heap           ] GC(39) Heap before GC invocations=36 (full 1):
[2.080s][debug][gc,heap           ] GC(39)  garbage-first heap   total 262144K, used 258351K [0x00000000f0000000, 0x0000000100000000)
[2.080s][debug][gc,heap           ] GC(39)   region size 1024K, 2 young (2048K), 1 survivors (1024K)
[2.080s][debug][gc,heap           ] GC(39)  Metaspace       used 470K, committed 640K, reserved 1056768K
[2.080s][debug][gc,heap           ] GC(39)   class space    used 33K, committed 128K, reserved 1048576K
[2.080s][info ][gc,start          ] GC(39) Pause Young (Normal) (G1 Preventive Collection)
[2.080s][info ][gc,task           ] GC(39) Using 4 workers of 4 for evacuation
[2.080s][debug][gc,tlab           ] GC(39) TLAB totals: thrds: 1  refills: 6 max: 6 slow allocs: 0 max 0 waste:  0.3% gc: 0B max: 0B slow: 3456B max: 3456B
[2.080s][debug][gc,age            ] GC(39) Desired survivor size 1048576 bytes, new threshold 15 (max threshold 15)
[2.080s][debug][gc,refine,stats   ] GC(39) Mutator refinement: 0.00ms, refined: 0, precleaned: 0, dirtied: 511
[2.080s][debug][gc,refine,stats   ] GC(39) Concurrent refinement: 0.00ms, refined: 0, precleaned: 0, dirtied: 0
[2.080s][debug][gc,refine,stats   ] GC(39) Total refinement: 0.00ms, refined: 0, precleaned: 0, dirtied: 511
[2.080s][debug][gc,refine,stats   ] GC(39) Generate dirty cards rate: 109.30 cards/ms
[2.080s][debug][gc,alloc,region   ] GC(39) Mutator Allocation stats, regions: 1, wasted size: 0B ( 0.0%)
[2.080s][debug][gc,humongous      ] GC(39) Humongous region 173 (object size 36920416 @ 0x00000000fad00000) remset 0 code roots 0 marked 1 reclaim candidate 0 type array 0
[2.080s][debug][gc,ergo           ] GC(39) Running G1 Merge Heap Roots using 4 workers for 2 regions
[2.080s][debug][gc,remset         ] GC(39) Visited cards 1280 Total dirty 4096 (31.25%) Total old 524288 (0.24%)
[2.083s][debug][gc,ref            ] GC(39) Skipped phase 1 of Reference Processing: no references
[2.083s][debug][gc,ref            ] GC(39) Skipped phase 2 of Reference Processing: no references
[2.083s][debug][gc,ref            ] GC(39) Skipped phase 3 of Reference Processing: no references
[2.083s][debug][gc,ref            ] GC(39) Skipped phase 4 of Reference Processing: no references
[2.084s][debug][gc,ergo           ] GC(39) Running G1 Rebuild Free List Task using 4 workers for rebuilding free list of regions
[2.084s][debug][gc,plab           ] GC(39) Young PLAB allocation: allocated: 2093872B, wasted: 496B, unused: 81600B, used: 2011776B, undo waste: 0B, 
[2.084s][debug][gc,plab           ] GC(39) Young other allocation: region end waste: 0B, regions filled: 2, direct allocated: 0B, failure used: 0B, failure wasted: 0B
[2.084s][debug][gc,plab           ] GC(39) Young sizing: calculated: 402352B, actual: 363256B
[2.084s][debug][gc,plab           ] GC(39) Old PLAB allocation: allocated: 0B, wasted: 0B, unused: 0B, used: 0B, undo waste: 0B, 
[2.084s][debug][gc,plab           ] GC(39) Old other allocation: region end waste: 0B, regions filled: 1, direct allocated: 0B, failure used: 0B, failure wasted: 0B
[2.084s][debug][gc,plab           ] GC(39) Old sizing: calculated: 0B, actual: 116440B
[2.084s][debug][gc,ergo,heap      ] GC(39) Heap expansion: short term pause time ratio 44.75% long term pause time ratio 37.67% threshold 7.69% pause time ratio 7.69% fully expanded true resize by 0B
[2.084s][debug][gc,mmu            ] GC(39) MMU: 65.4ms (200.0ms/201.0ms)
[2.084s][debug][gc,alloc,stats    ] Old generation allocation in the last mutator period, old gen allocated: 0B, humongous allocated: 0B,old gen growth: 0B.
[2.084s][debug][gc,ihop           ] GC(39) Basic information (value update), threshold: 120795955B (45.00), target occupancy: 268435456B, current occupancy: 265597216B, recent allocation size: 0B, recent allocation duration: 4.68ms, recent old gen allocation rate: 0.00B/s, recent marking phase length: 0.00ms
[2.084s][debug][gc,ihop           ] GC(39) Adaptive IHOP information (value update), threshold: 120795955B (52.94), internal target occupancy: 228170137B, occupancy: 265597216B, additional buffer size: 12582912B, predicted old gen allocation rate: 530478845.49B/s, predicted marking phase length: 0.00ms, prediction active: false
[2.084s][debug][gc,ergo,refine    ] GC(39) Concurrent refinement times: Logged Cards Scan time goal: 20.00ms Logged Cards Scan time: 0.37ms HCC time: 0.00ms
[2.084s][debug][gc,ergo,refine    ] GC(39) Updated Refinement Zones: green: 8302, yellow: 24906, red: 41510
[2.084s][info ][gc,phases         ] GC(39)   Pre Evacuate Collection Set: 0.1ms
[2.084s][debug][gc,phases         ] GC(39)     Prepare TLABs: 0.0ms
[2.084s][debug][gc,phases         ] GC(39)     Concatenate Dirty Card Logs: 0.0ms
[2.084s][debug][gc,phases         ] GC(39)     Choose Collection Set: 0.0ms
[2.084s][debug][gc,phases         ] GC(39)     Region Register: 0.1ms
[2.084s][debug][gc,phases         ] GC(39)     Prepare Heap Roots: 0.0ms
[2.084s][info ][gc,phases         ] GC(39)   Merge Heap Roots: 0.1ms
[2.084s][debug][gc,phases         ] GC(39)     Prepare Merge Heap Roots: 0.0ms
[2.084s][debug][gc,phases         ] GC(39)     Eager Reclaim (ms):            skipped
[2.084s][debug][gc,phases         ] GC(39)     Remembered Sets (ms):          Min:  0.0, Avg:  0.0, Max:  0.0, Diff:  0.0, Sum:  0.0, Workers: 4
[2.084s][debug][gc,phases         ] GC(39)       Merged Sparse:                 Min: 0, Avg:  0.0, Max: 0, Diff: 0, Sum: 0, Workers: 4
[2.084s][debug][gc,phases         ] GC(39)       Merged Fine:                   Min: 0, Avg:  0.0, Max: 0, Diff: 0, Sum: 0, Workers: 4
[2.084s][debug][gc,phases         ] GC(39)       Merged Coarse:                 Min: 0, Avg:  0.0, Max: 0, Diff: 0, Sum: 0, Workers: 4
[2.084s][debug][gc,phases         ] GC(39)       Dirty Cards:                   Min: 0, Avg:  0.0, Max: 0, Diff: 0, Sum: 0, Workers: 4
[2.084s][debug][gc,phases         ] GC(39)     Hot Card Cache (ms):           Min:  0.0, Avg:  0.0, Max:  0.0, Diff:  0.0, Sum:  0.0, Workers: 4
[2.084s][debug][gc,phases         ] GC(39)       Dirty Cards:                   Min: 0, Avg:  0.0, Max: 0, Diff: 0, Sum: 0, Workers: 4
[2.084s][debug][gc,phases         ] GC(39)       Skipped Cards:                 Min: 0, Avg:  0.0, Max: 0, Diff: 0, Sum: 0, Workers: 4
[2.084s][debug][gc,phases         ] GC(39)     Log Buffers (ms):              Min:  0.0, Avg:  0.0, Max:  0.0, Diff:  0.0, Sum:  0.0, Workers: 4
[2.084s][debug][gc,phases         ] GC(39)       Dirty Cards:                   Min: 185, Avg: 260.3, Max: 365, Diff: 180, Sum: 1041, Workers: 4
[2.084s][debug][gc,phases         ] GC(39)       Skipped Cards:                 Min: 0, Avg:  0.0, Max: 0, Diff: 0, Sum: 0, Workers: 4
[2.084s][info ][gc,phases         ] GC(39)   Evacuate Collection Set: 3.0ms
[2.084s][debug][gc,phases         ] GC(39)     Ext Root Scanning (ms):        Min:  0.0, Avg:  0.0, Max:  0.0, Diff:  0.0, Sum:  0.1, Workers: 4
[2.084s][debug][gc,phases         ] GC(39)     Scan Heap Roots (ms):          Min:  0.3, Avg:  0.4, Max:  0.5, Diff:  0.2, Sum:  1.4, Workers: 4
[2.084s][debug][gc,phases         ] GC(39)       Scanned Cards:                 Min: 177, Avg: 248.3, Max: 332, Diff: 155, Sum: 993, Workers: 4
[2.084s][debug][gc,phases         ] GC(39)       Scanned Blocks:                Min: 1, Avg:  1.5, Max: 2, Diff: 1, Sum: 6, Workers: 4
[2.084s][debug][gc,phases         ] GC(39)       Claimed Chunks:                Min: 1, Avg:  1.3, Max: 2, Diff: 1, Sum: 5, Workers: 4
[2.084s][debug][gc,phases         ] GC(39)     Code Root Scan (ms):           Min:  0.0, Avg:  0.0, Max:  0.0, Diff:  0.0, Sum:  0.0, Workers: 4
[2.084s][debug][gc,phases         ] GC(39)     Object Copy (ms):              Min:  2.5, Avg:  2.6, Max:  2.7, Diff:  0.2, Sum: 10.4, Workers: 4
[2.084s][debug][gc,phases         ] GC(39)     Termination (ms):              Min:  0.0, Avg:  0.0, Max:  0.0, Diff:  0.0, Sum:  0.0, Workers: 4
[2.084s][debug][gc,phases         ] GC(39)       Termination Attempts:          Min: 1, Avg:  6.5, Max: 13, Diff: 12, Sum: 26, Workers: 4
[2.084s][debug][gc,phases         ] GC(39)     GC Worker Other (ms):          Min:  0.0, Avg:  0.0, Max:  0.0, Diff:  0.0, Sum:  0.1, Workers: 4
[2.084s][debug][gc,phases         ] GC(39)     GC Worker Total (ms):          Min:  3.0, Avg:  3.0, Max:  3.0, Diff:  0.0, Sum: 11.9, Workers: 4
[2.084s][info ][gc,phases         ] GC(39)   Post Evacuate Collection Set: 0.3ms
[2.084s][debug][gc,phases         ] GC(39)     Code Roots Fixup: 0.0ms
[2.084s][debug][gc,phases         ] GC(39)     Reference Processing: 0.1ms
[2.084s][debug][gc,phases,ref     ] GC(39)       Reconsider SoftReferences: 0.0ms
[2.084s][debug][gc,phases,ref     ] GC(39)         SoftRef (ms):                  skipped
[2.085s][debug][gc,phases,ref     ] GC(39)       Notify Soft/WeakReferences: 0.0ms
[2.085s][debug][gc,phases,ref     ] GC(39)         SoftRef (ms):                  skipped
[2.085s][debug][gc,phases,ref     ] GC(39)         WeakRef (ms):                  skipped
[2.085s][debug][gc,phases,ref     ] GC(39)         FinalRef (ms):                 skipped
[2.085s][debug][gc,phases,ref     ] GC(39)         Total (ms):                    skipped
[2.085s][debug][gc,phases,ref     ] GC(39)       Notify and keep alive finalizable: 0.0ms
[2.085s][debug][gc,phases,ref     ] GC(39)         FinalRef (ms):                 skipped
[2.085s][debug][gc,phases,ref     ] GC(39)       Notify PhantomReferences: 0.0ms
[2.085s][debug][gc,phases,ref     ] GC(39)         PhantomRef (ms):               skipped
[2.085s][debug][gc,phases,ref     ] GC(39)       SoftReference:
[2.085s][debug][gc,phases,ref     ] GC(39)         Discovered: 0
[2.085s][debug][gc,phases,ref     ] GC(39)         Cleared: 0
[2.085s][debug][gc,phases,ref     ] GC(39)       WeakReference:
[2.085s][debug][gc,phases,ref     ] GC(39)         Discovered: 0
[2.085s][debug][gc,phases,ref     ] GC(39)         Cleared: 0
[2.085s][debug][gc,phases,ref     ] GC(39)       FinalReference:
[2.085s][debug][gc,phases,ref     ] GC(39)         Discovered: 0
[2.085s][debug][gc,phases,ref     ] GC(39)         Cleared: 0
[2.085s][debug][gc,phases,ref     ] GC(39)       PhantomReference:
[2.085s][debug][gc,phases,ref     ] GC(39)         Discovered: 0
[2.085s][debug][gc,phases,ref     ] GC(39)         Cleared: 0
[2.085s][debug][gc,phases         ] GC(39)     Weak Processing: 0.0ms
[2.085s][debug][gc,phases         ] GC(39)       VM Weak                        Min:  0.0, Avg:  0.0, Max:  0.0, Diff:  0.0, Sum:  0.0, Workers: 3
[2.085s][debug][gc,phases         ] GC(39)         Dead                           Min: 0, Avg:  0.0, Max: 0, Diff: 0, Sum: 0, Workers: 3
[2.085s][debug][gc,phases         ] GC(39)         Total                          Min: 0, Avg:  2.7, Max: 8, Diff: 8, Sum: 8, Workers: 3
[2.085s][debug][gc,phases         ] GC(39)       ObjectSynchronizer Weak        Min:  0.0, Avg:  0.0, Max:  0.0, Diff:  0.0, Sum:  0.0, Workers: 3
[2.085s][debug][gc,phases         ] GC(39)         Dead                           Min: 0, Avg:  0.0, Max: 0, Diff: 0, Sum: 0, Workers: 3
[2.085s][debug][gc,phases         ] GC(39)         Total                          Min: 0, Avg:  1.0, Max: 3, Diff: 3, Sum: 3, Workers: 3
[2.085s][debug][gc,phases         ] GC(39)       JVMTI Tag Weak OopStorage      Min:  0.0, Avg:  0.0, Max:  0.0, Diff:  0.0, Sum:  0.0, Workers: 3
[2.085s][debug][gc,phases         ] GC(39)         Dead                           Min: 0, Avg:  0.0, Max: 0, Diff: 0, Sum: 0, Workers: 3
[2.085s][debug][gc,phases         ] GC(39)         Total                          Min: 0, Avg:  0.0, Max: 0, Diff: 0, Sum: 0, Workers: 3
[2.085s][debug][gc,phases         ] GC(39)       StringTable Weak               Min:  0.0, Avg:  0.0, Max:  0.0, Diff:  0.0, Sum:  0.0, Workers: 3
[2.085s][debug][gc,phases         ] GC(39)         Dead                           Min: 0, Avg:  0.0, Max: 0, Diff: 0, Sum: 0, Workers: 3
[2.085s][debug][gc,phases         ] GC(39)         Total                          Min: 640, Avg: 819.0, Max: 1113, Diff: 473, Sum: 2457, Workers: 3
[2.085s][debug][gc,phases         ] GC(39)       ResolvedMethodTable Weak       Min:  0.0, Avg:  0.0, Max:  0.0, Diff:  0.0, Sum:  0.0, Workers: 3
[2.085s][debug][gc,phases         ] GC(39)         Dead                           Min: 0, Avg:  0.0, Max: 0, Diff: 0, Sum: 0, Workers: 3
[2.085s][debug][gc,phases         ] GC(39)         Total                          Min: 9, Avg: 45.7, Max: 64, Diff: 55, Sum: 137, Workers: 3
[2.085s][debug][gc,phases         ] GC(39)       JNI Weak                       Min:  0.0, Avg:  0.0, Max:  0.0, Diff:  0.0, Sum:  0.0, Workers: 3
[2.085s][debug][gc,phases         ] GC(39)         Dead                           Min: 0, Avg:  0.0, Max: 0, Diff: 0, Sum: 0, Workers: 3
[2.085s][debug][gc,phases         ] GC(39)         Total                          Min: 0, Avg:  0.0, Max: 0, Diff: 0, Sum: 0, Workers: 3
[2.085s][debug][gc,phases         ] GC(39)       StringDedup Table Weak         Min:  0.0, Avg:  0.0, Max:  0.0, Diff:  0.0, Sum:  0.0, Workers: 3
[2.085s][debug][gc,phases         ] GC(39)         Dead                           Min: 0, Avg:  0.0, Max: 0, Diff: 0, Sum: 0, Workers: 3
[2.085s][debug][gc,phases         ] GC(39)         Total                          Min: 0, Avg:  0.0, Max: 0, Diff: 0, Sum: 0, Workers: 3
[2.085s][debug][gc,phases         ] GC(39)       StringDedup Requests0 Weak     Min:  0.0, Avg:  0.0, Max:  0.0, Diff:  0.0, Sum:  0.0, Workers: 3
[2.085s][debug][gc,phases         ] GC(39)         Dead                           Min: 0, Avg:  0.0, Max: 0, Diff: 0, Sum: 0, Workers: 3
[2.085s][debug][gc,phases         ] GC(39)         Total                          Min: 0, Avg:  0.0, Max: 0, Diff: 0, Sum: 0, Workers: 3
[2.085s][debug][gc,phases         ] GC(39)       StringDedup Requests1 Weak     Min:  0.0, Avg:  0.0, Max:  0.0, Diff:  0.0, Sum:  0.0, Workers: 3
[2.085s][debug][gc,phases         ] GC(39)         Dead                           Min: 0, Avg:  0.0, Max: 0, Diff: 0, Sum: 0, Workers: 3
[2.085s][debug][gc,phases         ] GC(39)         Total                          Min: 0, Avg:  0.0, Max: 0, Diff: 0, Sum: 0, Workers: 3
[2.085s][debug][gc,phases         ] GC(39)       Weak JFR Old Object Samples    Min:  0.0, Avg:  0.0, Max:  0.0, Diff:  0.0, Sum:  0.0, Workers: 3
[2.085s][debug][gc,phases         ] GC(39)         Dead                           Min: 0, Avg:  0.0, Max: 0, Diff: 0, Sum: 0, Workers: 3
[2.085s][debug][gc,phases         ] GC(39)         Total                          Min: 0, Avg:  0.0, Max: 0, Diff: 0, Sum: 0, Workers: 3
[2.085s][debug][gc,phases         ] GC(39)     Post Evacuate Cleanup 1: 0.0ms
[2.085s][debug][gc,phases         ] GC(39)       Merge Per-Thread State (ms):   Min:  0.0, Avg:  0.0, Max:  0.0, Diff:  0.0, Sum:  0.0, Workers: 1
[2.085s][debug][gc,phases         ] GC(39)         Copied Bytes                   Min: 423488, Avg: 502944.0, Max: 554384, Diff: 130896, Sum: 2011776, Workers: 4
[2.085s][debug][gc,phases         ] GC(39)         LAB Waste                      Min: 96, Avg: 124.0, Max: 144, Diff: 48, Sum: 496, Workers: 4
[2.085s][debug][gc,phases         ] GC(39)         LAB Undo Waste                 Min: 0, Avg:  0.0, Max: 0, Diff: 0, Sum: 0, Workers: 4
[2.085s][debug][gc,phases         ] GC(39)       Clear Logged Cards (ms):       Min:  0.0, Avg:  0.0, Max:  0.0, Diff:  0.0, Sum:  0.0, Workers: 3
[2.085s][debug][gc,phases         ] GC(39)       Recalculate Used Memory (ms):  Min:  0.0, Avg:  0.0, Max:  0.0, Diff:  0.0, Sum:  0.0, Workers: 1
[2.085s][debug][gc,phases         ] GC(39)     Post Evacuate Cleanup 2: 0.0ms
[2.085s][debug][gc,phases         ] GC(39)       Reset Hot Card Cache (ms):     Min:  0.0, Avg:  0.0, Max:  0.0, Diff:  0.0, Sum:  0.0, Workers: 1
[2.086s][debug][gc,phases         ] GC(39)       Purge Code Roots (ms):         Min:  0.0, Avg:  0.0, Max:  0.0, Diff:  0.0, Sum:  0.0, Workers: 1
[2.086s][debug][gc,phases         ] GC(39)       Update Derived Pointers (ms):  Min:  0.0, Avg:  0.0, Max:  0.0, Diff:  0.0, Sum:  0.0, Workers: 1
[2.086s][debug][gc,phases         ] GC(39)       Eagerly Reclaim Humongous Objects (ms): Min:  0.0, Avg:  0.0, Max:  0.0, Diff:  0.0, Sum:  0.0, Workers: 1
[2.086s][debug][gc,phases         ] GC(39)         Humongous Total                Min: 1, Avg:  1.0, Max: 1, Diff: 0, Sum: 1, Workers: 1
[2.086s][debug][gc,phases         ] GC(39)         Humongous Candidates           Min: 0, Avg:  0.0, Max: 0, Diff: 0, Sum: 0, Workers: 1
[2.086s][debug][gc,phases         ] GC(39)         Humongous Reclaimed            Min: 0, Avg:  0.0, Max: 0, Diff: 0, Sum: 0, Workers: 1
[2.086s][debug][gc,phases         ] GC(39)       Redirty Logged Cards (ms):     Min:  0.0, Avg:  0.0, Max:  0.0, Diff:  0.0, Sum:  0.0, Workers: 4
[2.086s][debug][gc,phases         ] GC(39)         Redirtied Cards:               Min: 0, Avg: 328.5, Max: 528, Diff: 528, Sum: 1314, Workers: 4
[2.086s][debug][gc,phases         ] GC(39)       Free Collection Set (ms):      Min:  0.0, Avg:  0.0, Max:  0.0, Diff:  0.0, Sum:  0.0, Workers: 4
[2.086s][debug][gc,phases         ] GC(39)     Rebuild Free List: 0.1ms
[2.086s][debug][gc,phases         ] GC(39)     Start New Collection Set: 0.0ms
[2.086s][debug][gc,phases         ] GC(39)     Resize TLABs: 0.0ms
[2.086s][debug][gc,phases         ] GC(39)     Expand Heap After Collection: 0.0ms
[2.086s][info ][gc,phases         ] GC(39)   Other: 0.5ms
[2.086s][info ][gc,heap           ] GC(39) Eden regions: 1->0(10)
[2.086s][info ][gc,heap           ] GC(39) Survivor regions: 1->2(2)
[2.086s][info ][gc,heap           ] GC(39) Old regions: 216->216
[2.086s][info ][gc,heap           ] GC(39) Archive regions: 0->0
[2.086s][info ][gc,heap           ] GC(39) Humongous regions: 36->36
[2.086s][info ][gc,metaspace      ] GC(39) Metaspace: 470K(640K)->470K(640K) NonClass: 437K(512K)->437K(512K) Class: 33K(128K)->33K(128K)
[2.086s][debug][gc,heap           ] GC(39) Heap after GC invocations=37 (full 1):
[2.086s][debug][gc,heap           ] GC(39)  garbage-first heap   total 262144K, used 259372K [0x00000000f0000000, 0x0000000100000000)
[2.086s][debug][gc,heap           ] GC(39)   region size 1024K, 2 young (2048K), 2 survivors (2048K)
[2.086s][debug][gc,heap           ] GC(39)  Metaspace       used 470K, committed 640K, reserved 1056768K
[2.086s][debug][gc,heap           ] GC(39)   class space    used 33K, committed 128K, reserved 1048576K
[2.086s][info ][gc                ] GC(39) Pause Young (Normal) (G1 Preventive Collection) 253M->253M(256M) 5.944ms
[2.086s][info ][gc,cpu            ] GC(39) User=0.00s Sys=0.02s Real=0.01s
[2.087s][debug][gc,ergo,cset      ] Preventive GC, insufficient free regions. Predicted need 5. Curr Eden 1 (Pred 3). Curr Survivor 2 (Pred 3). Curr Old 216 (Pred 0) Free 1 Alloc 1
[2.087s][debug][gc,heap           ] GC(40) Heap before GC invocations=37 (full 1):
[2.087s][debug][gc,heap           ] GC(40)  garbage-first heap   total 262144K, used 259372K [0x00000000f0000000, 0x0000000100000000)
[2.087s][debug][gc,heap           ] GC(40)   region size 1024K, 3 young (3072K), 2 survivors (2048K)
[2.088s][debug][gc,heap           ] GC(40)  Metaspace       used 470K, committed 640K, reserved 1056768K
[2.088s][debug][gc,heap           ] GC(40)   class space    used 33K, committed 128K, reserved 1048576K
[2.088s][info ][gc,start          ] GC(40) Pause Young (Normal) (G1 Preventive Collection)
[2.088s][info ][gc,task           ] GC(40) Using 4 workers of 4 for evacuation
[2.088s][debug][gc,tlab           ] GC(40) TLAB totals: thrds: 1  refills: 6 max: 6 slow allocs: 0 max 0 waste:  0.3% gc: 0B max: 0B slow: 3496B max: 3496B
[2.088s][debug][gc,age            ] GC(40) Desired survivor size 1048576 bytes, new threshold 2 (max threshold 15)
[2.088s][debug][gc,refine,stats   ] GC(40) Mutator refinement: 0.00ms, refined: 0, precleaned: 0, dirtied: 509
[2.088s][debug][gc,refine,stats   ] GC(40) Concurrent refinement: 0.00ms, refined: 0, precleaned: 0, dirtied: 0
[2.088s][debug][gc,refine,stats   ] GC(40) Total refinement: 0.00ms, refined: 0, precleaned: 0, dirtied: 509
[2.088s][debug][gc,refine,stats   ] GC(40) Generate dirty cards rate: 130.36 cards/ms
[2.088s][debug][gc,alloc,region   ] GC(40) Mutator Allocation stats, regions: 1, wasted size: 0B ( 0.0%)
[2.088s][debug][gc,humongous      ] GC(40) Humongous region 173 (object size 36920416 @ 0x00000000fad00000) remset 0 code roots 0 marked 1 reclaim candidate 0 type array 0
[2.088s][debug][gc,ergo           ] GC(40) Running G1 Merge Heap Roots using 4 workers for 3 regions
[2.088s][debug][gc,remset         ] GC(40) Visited cards 1792 Total dirty 4096 (43.75%) Total old 528384 (0.34%)
[2.090s][debug][gc,ergo,heap      ] GC(40) Attempt heap expansion (region allocation request failed). Allocation request: 29104B
[2.090s][debug][gc,ergo,heap      ] GC(40) Did not expand the heap (heap already fully expanded)
[2.093s][debug][gc,ref            ] GC(40) Skipped phase 1 of Reference Processing: no references
[2.093s][debug][gc,ref            ] GC(40) Skipped phase 2 of Reference Processing: no references
[2.093s][debug][gc,ref            ] GC(40) Skipped phase 3 of Reference Processing: no references
[2.093s][debug][gc,ref            ] GC(40) Skipped phase 4 of Reference Processing: no references
[2.095s][debug][gc,ergo           ] GC(40) Running G1 Rebuild Free List Task using 4 workers for rebuilding free list of regions
[2.095s][debug][gc,plab           ] GC(40) Young PLAB allocation: allocated: 1048576B, wasted: 288B, unused: 0B, used: 1048288B, undo waste: 0B, 
[2.095s][debug][gc,plab           ] GC(40) Young other allocation: region end waste: 0B, regions filled: 1, direct allocated: 0B, failure used: 0B, failure wasted: 0B
[2.095s][debug][gc,plab           ] GC(40) Young sizing: calculated: 209656B, actual: 248056B
[2.095s][debug][gc,plab           ] GC(40) Old PLAB allocation: allocated: 737792B, wasted: 416B, unused: 0B, used: 737376B, undo waste: 0B, 
[2.095s][debug][gc,plab           ] GC(40) Old other allocation: region end waste: 0B, regions filled: 1, direct allocated: 0B, failure used: 1269184B, failure wasted: 1876544B
[2.095s][debug][gc,plab           ] GC(40) Old sizing: calculated: 147472B, actual: 139712B
[2.095s][debug][gc,ergo,heap      ] GC(40) Heap expansion: short term pause time ratio 44.21% long term pause time ratio 36.52% threshold 7.69% pause time ratio 7.69% fully expanded true resize by 0B
[2.095s][debug][gc,mmu            ] GC(40) MMU: 73.1ms (200.0ms/201.0ms)
[2.095s][debug][gc,alloc,stats    ] Old generation allocation in the last mutator period, old gen allocated: 3883520B, humongous allocated: 0B,old gen growth: 3883520B.
[2.095s][debug][gc,ihop           ] GC(40) Basic information (value update), threshold: 120795955B (45.00), target occupancy: 268435456B, current occupancy: 268430152B, recent allocation size: 3883520B, recent allocation duration: 3.90ms, recent old gen allocation rate: 994601239.56B/s, recent marking phase length: 0.00ms
[2.095s][debug][gc,ihop           ] GC(40) Adaptive IHOP information (value update), threshold: 120795955B (52.94), internal target occupancy: 228170137B, occupancy: 268430152B, additional buffer size: 12582912B, predicted old gen allocation rate: 572314931.46B/s, predicted marking phase length: 0.00ms, prediction active: false
[2.095s][debug][gc,ergo,refine    ] GC(40) Concurrent refinement times: Logged Cards Scan time goal: 20.00ms Logged Cards Scan time: 0.53ms HCC time: 0.00ms
[2.095s][debug][gc,ergo,refine    ] GC(40) Updated Refinement Zones: green: 8302, yellow: 24906, red: 41510
[2.095s][info ][gc                ] GC(40) To-space exhausted
[2.095s][info ][gc,phases         ] GC(40)   Pre Evacuate Collection Set: 0.1ms
[2.095s][debug][gc,phases         ] GC(40)     Prepare TLABs: 0.0ms
[2.096s][debug][gc,phases         ] GC(40)     Concatenate Dirty Card Logs: 0.0ms
[2.096s][debug][gc,phases         ] GC(40)     Choose Collection Set: 0.0ms
[2.096s][debug][gc,phases         ] GC(40)     Region Register: 0.1ms
[2.096s][debug][gc,phases         ] GC(40)     Prepare Heap Roots: 0.0ms
[2.096s][info ][gc,phases         ] GC(40)   Merge Heap Roots: 0.1ms
[2.096s][debug][gc,phases         ] GC(40)     Prepare Merge Heap Roots: 0.0ms
[2.096s][debug][gc,phases         ] GC(40)     Eager Reclaim (ms):            skipped
[2.096s][debug][gc,phases         ] GC(40)     Remembered Sets (ms):          Min:  0.0, Avg:  0.0, Max:  0.0, Diff:  0.0, Sum:  0.0, Workers: 4
[2.096s][debug][gc,phases         ] GC(40)       Merged Sparse:                 Min: 0, Avg:  0.0, Max: 0, Diff: 0, Sum: 0, Workers: 4
[2.096s][debug][gc,phases         ] GC(40)       Merged Fine:                   Min: 0, Avg:  0.0, Max: 0, Diff: 0, Sum: 0, Workers: 4
[2.096s][debug][gc,phases         ] GC(40)       Merged Coarse:                 Min: 0, Avg:  0.0, Max: 0, Diff: 0, Sum: 0, Workers: 4
[2.096s][debug][gc,phases         ] GC(40)       Dirty Cards:                   Min: 0, Avg:  0.0, Max: 0, Diff: 0, Sum: 0, Workers: 4
[2.096s][debug][gc,phases         ] GC(40)     Hot Card Cache (ms):           Min:  0.0, Avg:  0.0, Max:  0.0, Diff:  0.0, Sum:  0.0, Workers: 4
[2.096s][debug][gc,phases         ] GC(40)       Dirty Cards:                   Min: 0, Avg:  0.0, Max: 0, Diff: 0, Sum: 0, Workers: 4
[2.096s][debug][gc,phases         ] GC(40)       Skipped Cards:                 Min: 0, Avg:  0.0, Max: 0, Diff: 0, Sum: 0, Workers: 4
[2.096s][debug][gc,phases         ] GC(40)     Log Buffers (ms):              Min:  0.0, Avg:  0.0, Max:  0.0, Diff:  0.0, Sum:  0.0, Workers: 4
[2.096s][debug][gc,phases         ] GC(40)       Dirty Cards:                   Min: 0, Avg: 451.8, Max: 1217, Diff: 1217, Sum: 1807, Workers: 4
[2.096s][debug][gc,phases         ] GC(40)       Skipped Cards:                 Min: 0, Avg:  0.0, Max: 0, Diff: 0, Sum: 0, Workers: 4
[2.096s][info ][gc,phases         ] GC(40)   Evacuate Collection Set: 5.1ms
[2.096s][debug][gc,phases         ] GC(40)     Ext Root Scanning (ms):        Min:  0.0, Avg:  0.0, Max:  0.0, Diff:  0.0, Sum:  0.0, Workers: 4
[2.096s][debug][gc,phases         ] GC(40)     Scan Heap Roots (ms):          Min:  0.4, Avg:  0.5, Max:  0.7, Diff:  0.3, Sum:  2.1, Workers: 4
[2.096s][debug][gc,phases         ] GC(40)       Scanned Cards:                 Min: 256, Avg: 375.5, Max: 484, Diff: 228, Sum: 1502, Workers: 4
[2.096s][debug][gc,phases         ] GC(40)       Scanned Blocks:                Min: 1, Avg:  2.0, Max: 3, Diff: 2, Sum: 8, Workers: 4
[2.096s][debug][gc,phases         ] GC(40)       Claimed Chunks:                Min: 1, Avg:  1.8, Max: 2, Diff: 1, Sum: 7, Workers: 4
[2.096s][debug][gc,phases         ] GC(40)     Code Root Scan (ms):           Min:  0.0, Avg:  0.0, Max:  0.0, Diff:  0.0, Sum:  0.0, Workers: 4
[2.096s][debug][gc,phases         ] GC(40)     Object Copy (ms):              Min:  4.4, Avg:  4.5, Max:  4.6, Diff:  0.2, Sum: 18.0, Workers: 4
[2.096s][debug][gc,phases         ] GC(40)     Termination (ms):              Min:  0.0, Avg:  0.0, Max:  0.0, Diff:  0.0, Sum:  0.0, Workers: 4
[2.096s][debug][gc,phases         ] GC(40)       Termination Attempts:          Min: 1, Avg:  1.0, Max: 1, Diff: 0, Sum: 4, Workers: 4
[2.096s][debug][gc,phases         ] GC(40)     GC Worker Other (ms):          Min:  0.0, Avg:  0.0, Max:  0.0, Diff:  0.0, Sum:  0.0, Workers: 4
[2.096s][debug][gc,phases         ] GC(40)     GC Worker Total (ms):          Min:  4.9, Avg:  5.0, Max:  5.1, Diff:  0.2, Sum: 20.2, Workers: 4
[2.096s][info ][gc,phases         ] GC(40)   Post Evacuate Collection Set: 2.1ms
[2.096s][debug][gc,phases         ] GC(40)     Code Roots Fixup: 0.0ms
[2.096s][debug][gc,phases         ] GC(40)     Reference Processing: 0.1ms
[2.096s][debug][gc,phases,ref     ] GC(40)       Reconsider SoftReferences: 0.1ms
[2.096s][debug][gc,phases,ref     ] GC(40)         SoftRef (ms):                  skipped
[2.096s][debug][gc,phases,ref     ] GC(40)       Notify Soft/WeakReferences: 0.0ms
[2.096s][debug][gc,phases,ref     ] GC(40)         SoftRef (ms):                  skipped
[2.096s][debug][gc,phases,ref     ] GC(40)         WeakRef (ms):                  skipped
[2.096s][debug][gc,phases,ref     ] GC(40)         FinalRef (ms):                 skipped
[2.096s][debug][gc,phases,ref     ] GC(40)         Total (ms):                    skipped
[2.096s][debug][gc,phases,ref     ] GC(40)       Notify and keep alive finalizable: 0.0ms
[2.096s][debug][gc,phases,ref     ] GC(40)         FinalRef (ms):                 skipped
[2.096s][debug][gc,phases,ref     ] GC(40)       Notify PhantomReferences: 0.0ms
[2.096s][debug][gc,phases,ref     ] GC(40)         PhantomRef (ms):               skipped
[2.096s][debug][gc,phases,ref     ] GC(40)       SoftReference:
[2.096s][debug][gc,phases,ref     ] GC(40)         Discovered: 0
[2.096s][debug][gc,phases,ref     ] GC(40)         Cleared: 0
[2.096s][debug][gc,phases,ref     ] GC(40)       WeakReference:
[2.096s][debug][gc,phases,ref     ] GC(40)         Discovered: 0
[2.096s][debug][gc,phases,ref     ] GC(40)         Cleared: 0
[2.096s][debug][gc,phases,ref     ] GC(40)       FinalReference:
[2.096s][debug][gc,phases,ref     ] GC(40)         Discovered: 0
[2.096s][debug][gc,phases,ref     ] GC(40)         Cleared: 0
[2.096s][debug][gc,phases,ref     ] GC(40)       PhantomReference:
[2.096s][debug][gc,phases,ref     ] GC(40)         Discovered: 0
[2.096s][debug][gc,phases,ref     ] GC(40)         Cleared: 0
[2.096s][debug][gc,phases         ] GC(40)     Weak Processing: 0.0ms
[2.096s][debug][gc,phases         ] GC(40)       VM Weak                        Min:  0.0, Avg:  0.0, Max:  0.0, Diff:  0.0, Sum:  0.0, Workers: 3
[2.096s][debug][gc,phases         ] GC(40)         Dead                           Min: 0, Avg:  0.0, Max: 0, Diff: 0, Sum: 0, Workers: 3
[2.096s][debug][gc,phases         ] GC(40)         Total                          Min: 0, Avg:  2.7, Max: 8, Diff: 8, Sum: 8, Workers: 3
[2.096s][debug][gc,phases         ] GC(40)       ObjectSynchronizer Weak        Min:  0.0, Avg:  0.0, Max:  0.0, Diff:  0.0, Sum:  0.0, Workers: 3
[2.096s][debug][gc,phases         ] GC(40)         Dead                           Min: 0, Avg:  0.0, Max: 0, Diff: 0, Sum: 0, Workers: 3
[2.096s][debug][gc,phases         ] GC(40)         Total                          Min: 0, Avg:  1.0, Max: 3, Diff: 3, Sum: 3, Workers: 3
[2.097s][debug][gc,phases         ] GC(40)       JVMTI Tag Weak OopStorage      Min:  0.0, Avg:  0.0, Max:  0.0, Diff:  0.0, Sum:  0.0, Workers: 3
[2.097s][debug][gc,phases         ] GC(40)         Dead                           Min: 0, Avg:  0.0, Max: 0, Diff: 0, Sum: 0, Workers: 3
[2.097s][debug][gc,phases         ] GC(40)         Total                          Min: 0, Avg:  0.0, Max: 0, Diff: 0, Sum: 0, Workers: 3
[2.097s][debug][gc,phases         ] GC(40)       StringTable Weak               Min:  0.0, Avg:  0.0, Max:  0.0, Diff:  0.0, Sum:  0.0, Workers: 3
[2.097s][debug][gc,phases         ] GC(40)         Dead                           Min: 0, Avg:  0.0, Max: 0, Diff: 0, Sum: 0, Workers: 3
[2.097s][debug][gc,phases         ] GC(40)         Total                          Min: 640, Avg: 819.0, Max: 1049, Diff: 409, Sum: 2457, Workers: 3
[2.097s][debug][gc,phases         ] GC(40)       ResolvedMethodTable Weak       Min:  0.0, Avg:  0.0, Max:  0.0, Diff:  0.0, Sum:  0.0, Workers: 3
[2.097s][debug][gc,phases         ] GC(40)         Dead                           Min: 0, Avg:  0.0, Max: 0, Diff: 0, Sum: 0, Workers: 3
[2.097s][debug][gc,phases         ] GC(40)         Total                          Min: 9, Avg: 45.7, Max: 64, Diff: 55, Sum: 137, Workers: 3
[2.097s][debug][gc,phases         ] GC(40)       JNI Weak                       Min:  0.0, Avg:  0.0, Max:  0.0, Diff:  0.0, Sum:  0.0, Workers: 3
[2.097s][debug][gc,phases         ] GC(40)         Dead                           Min: 0, Avg:  0.0, Max: 0, Diff: 0, Sum: 0, Workers: 3
[2.097s][debug][gc,phases         ] GC(40)         Total                          Min: 0, Avg:  0.0, Max: 0, Diff: 0, Sum: 0, Workers: 3
[2.097s][debug][gc,phases         ] GC(40)       StringDedup Table Weak         Min:  0.0, Avg:  0.0, Max:  0.0, Diff:  0.0, Sum:  0.0, Workers: 3
[2.097s][debug][gc,phases         ] GC(40)         Dead                           Min: 0, Avg:  0.0, Max: 0, Diff: 0, Sum: 0, Workers: 3
[2.097s][debug][gc,phases         ] GC(40)         Total                          Min: 0, Avg:  0.0, Max: 0, Diff: 0, Sum: 0, Workers: 3
[2.097s][debug][gc,phases         ] GC(40)       StringDedup Requests0 Weak     Min:  0.0, Avg:  0.0, Max:  0.0, Diff:  0.0, Sum:  0.0, Workers: 3
[2.097s][debug][gc,phases         ] GC(40)         Dead                           Min: 0, Avg:  0.0, Max: 0, Diff: 0, Sum: 0, Workers: 3
[2.097s][debug][gc,phases         ] GC(40)         Total                          Min: 0, Avg:  0.0, Max: 0, Diff: 0, Sum: 0, Workers: 3
[2.097s][debug][gc,phases         ] GC(40)       StringDedup Requests1 Weak     Min:  0.0, Avg:  0.0, Max:  0.0, Diff:  0.0, Sum:  0.0, Workers: 3
[2.097s][debug][gc,phases         ] GC(40)         Dead                           Min: 0, Avg:  0.0, Max: 0, Diff: 0, Sum: 0, Workers: 3
[2.097s][debug][gc,phases         ] GC(40)         Total                          Min: 0, Avg:  0.0, Max: 0, Diff: 0, Sum: 0, Workers: 3
[2.097s][debug][gc,phases         ] GC(40)       Weak JFR Old Object Samples    Min:  0.0, Avg:  0.0, Max:  0.0, Diff:  0.0, Sum:  0.0, Workers: 3
[2.097s][debug][gc,phases         ] GC(40)         Dead                           Min: 0, Avg:  0.0, Max: 0, Diff: 0, Sum: 0, Workers: 3
[2.097s][debug][gc,phases         ] GC(40)         Total                          Min: 0, Avg:  0.0, Max: 0, Diff: 0, Sum: 0, Workers: 3
[2.097s][debug][gc,phases         ] GC(40)     Post Evacuate Cleanup 1: 1.7ms
[2.097s][debug][gc,phases         ] GC(40)       Merge Per-Thread State (ms):   Min:  0.0, Avg:  0.0, Max:  0.0, Diff:  0.0, Sum:  0.0, Workers: 1
[2.097s][debug][gc,phases         ] GC(40)         Copied Bytes                   Min: 359232, Avg: 446416.0, Max: 503584, Diff: 144352, Sum: 1785664, Workers: 4
[2.097s][debug][gc,phases         ] GC(40)         LAB Waste                      Min: 120, Avg: 176.0, Max: 232, Diff: 112, Sum: 704, Workers: 4
[2.097s][debug][gc,phases         ] GC(40)         LAB Undo Waste                 Min: 0, Avg:  0.0, Max: 0, Diff: 0, Sum: 0, Workers: 4
[2.097s][debug][gc,phases         ] GC(40)       Clear Logged Cards (ms):       Min:  0.0, Avg:  0.0, Max:  0.0, Diff:  0.0, Sum:  0.0, Workers: 4
[2.097s][debug][gc,phases         ] GC(40)       Recalculate Used Memory (ms):  Min:  0.0, Avg:  0.0, Max:  0.0, Diff:  0.0, Sum:  0.0, Workers: 1
[2.097s][debug][gc,phases         ] GC(40)       Remove Self Forwards (ms):     Min:  0.0, Avg:  1.0, Max:  1.7, Diff:  1.7, Sum:  4.0, Workers: 4
[2.097s][debug][gc,phases         ] GC(40)     Post Evacuate Cleanup 2: 0.0ms
[2.097s][debug][gc,phases         ] GC(40)       Recalculate Used Memory (ms):  Min:  0.0, Avg:  0.0, Max:  0.0, Diff:  0.0, Sum:  0.0, Workers: 1
[2.097s][debug][gc,phases         ] GC(40)       Restore Preserved Marks (ms):  Min:  0.0, Avg:  0.0, Max:  0.0, Diff:  0.0, Sum:  0.0, Workers: 4
[2.097s][debug][gc,phases         ] GC(40)       Reset Hot Card Cache (ms):     Min:  0.0, Avg:  0.0, Max:  0.0, Diff:  0.0, Sum:  0.0, Workers: 1
[2.097s][debug][gc,phases         ] GC(40)       Purge Code Roots (ms):         Min:  0.0, Avg:  0.0, Max:  0.0, Diff:  0.0, Sum:  0.0, Workers: 1
[2.097s][debug][gc,phases         ] GC(40)       Update Derived Pointers (ms):  Min:  0.0, Avg:  0.0, Max:  0.0, Diff:  0.0, Sum:  0.0, Workers: 1
[2.097s][debug][gc,phases         ] GC(40)       Eagerly Reclaim Humongous Objects (ms): Min:  0.0, Avg:  0.0, Max:  0.0, Diff:  0.0, Sum:  0.0, Workers: 1
[2.097s][debug][gc,phases         ] GC(40)         Humongous Total                Min: 1, Avg:  1.0, Max: 1, Diff: 0, Sum: 1, Workers: 1
[2.097s][debug][gc,phases         ] GC(40)         Humongous Candidates           Min: 0, Avg:  0.0, Max: 0, Diff: 0, Sum: 0, Workers: 1
[2.097s][debug][gc,phases         ] GC(40)         Humongous Reclaimed            Min: 0, Avg:  0.0, Max: 0, Diff: 0, Sum: 0, Workers: 1
[2.097s][debug][gc,phases         ] GC(40)       Redirty Logged Cards (ms):     Min:  0.0, Avg:  0.0, Max:  0.0, Diff:  0.0, Sum:  0.0, Workers: 4
[2.097s][debug][gc,phases         ] GC(40)         Redirtied Cards:               Min: 0, Avg: 543.5, Max: 869, Diff: 869, Sum: 2174, Workers: 4
[2.097s][debug][gc,phases         ] GC(40)       Free Collection Set (ms):      Min:  0.0, Avg:  0.0, Max:  0.0, Diff:  0.0, Sum:  0.0, Workers: 4
[2.097s][debug][gc,phases         ] GC(40)     Rebuild Free List: 0.1ms
[2.097s][debug][gc,phases         ] GC(40)     Start New Collection Set: 0.0ms
[2.097s][debug][gc,phases         ] GC(40)     Resize TLABs: 0.0ms
[2.097s][debug][gc,phases         ] GC(40)     Expand Heap After Collection: 0.0ms
[2.097s][info ][gc,phases         ] GC(40)   Other: 0.6ms
[2.097s][info ][gc,heap           ] GC(40) Eden regions: 1->0(11)
[2.097s][info ][gc,heap           ] GC(40) Survivor regions: 2->1(1)
[2.097s][info ][gc,heap           ] GC(40) Old regions: 216->219
[2.097s][info ][gc,heap           ] GC(40) Archive regions: 0->0
[2.097s][info ][gc,heap           ] GC(40) Humongous regions: 36->36
[2.097s][info ][gc,metaspace      ] GC(40) Metaspace: 470K(640K)->470K(640K) NonClass: 437K(512K)->437K(512K) Class: 33K(128K)->33K(128K)
[2.097s][debug][gc,heap           ] GC(40) Heap after GC invocations=38 (full 1):
[2.097s][debug][gc,heap           ] GC(40)  garbage-first heap   total 262144K, used 262138K [0x00000000f0000000, 0x0000000100000000)
[2.097s][debug][gc,heap           ] GC(40)   region size 1024K, 1 young (1024K), 1 survivors (1024K)
[2.097s][debug][gc,heap           ] GC(40)  Metaspace       used 470K, committed 640K, reserved 1056768K
[2.097s][debug][gc,heap           ] GC(40)   class space    used 33K, committed 128K, reserved 1048576K
[2.098s][info ][gc                ] GC(40) Pause Young (Normal) (G1 Preventive Collection) 254M->255M(256M) 9.978ms
[2.098s][info ][gc,cpu            ] GC(40) User=0.00s Sys=0.00s Real=0.01s
[2.098s][debug][gc,ergo,heap      ] Attempt heap expansion (allocation request failed). Allocation request: 2048B
[2.098s][debug][gc,ergo,heap      ] Expand the heap. requested expansion amount: 1048576B expansion amount: 1048576B
[2.098s][debug][gc,ergo,heap      ] Did not expand the heap (heap already fully expanded)
[2.098s][info ][gc,ergo           ] Attempting full compaction
[2.098s][debug][gc,task           ] GC(41) Requesting 4 active workers for full compaction (waste limited workers: 4, adaptive workers: 4, used limited workers: 256)
[2.098s][info ][gc,task           ] GC(41) Using 4 workers of 4 for full compaction
[2.098s][info ][gc,start          ] GC(41) Pause Full (G1 Compaction Pause)
[2.098s][debug][gc,heap           ] GC(41) Heap before GC invocations=38 (full 1):
[2.098s][debug][gc,heap           ] GC(41)  garbage-first heap   total 262144K, used 262138K [0x00000000f0000000, 0x0000000100000000)
[2.098s][debug][gc,heap           ] GC(41)   region size 1024K, 1 young (1024K), 1 survivors (1024K)
[2.098s][debug][gc,heap           ] GC(41)  Metaspace       used 470K, committed 640K, reserved 1056768K
[2.098s][debug][gc,heap           ] GC(41)   class space    used 33K, committed 128K, reserved 1048576K
[2.098s][debug][gc,start          ] GC(41) Clear Next Bitmap
[2.098s][debug][gc,ergo           ] GC(41) Running G1 Clear Bitmap with 4 workers for 4 work units.
[2.098s][debug][gc                ] GC(41) Clear Next Bitmap 0.244ms
[2.099s][debug][gc,alloc,region   ] GC(41) Mutator Allocation stats, regions: 0, wasted size: 0B ( 0.0%)
[2.099s][info ][gc,phases,start   ] GC(41) Phase 1: Mark live objects
[2.117s][debug][gc,task,start     ] G1 Service Thread (Periodic GC Task) (run)
[2.117s][debug][gc,task           ] G1 Service Thread (Periodic GC Task) (run) 0.062ms (cpu: 0.000ms)
[2.125s][debug][gc,phases,start   ] GC(41) Phase 1: Reference Processing
[2.125s][debug][gc,ref            ] GC(41) ReferenceProcessor::execute queues: 4, RefProcThreadModel::Multi, marks_oops_alive: true
[2.125s][debug][gc,ref            ] GC(41) ReferenceProcessor::execute queues: 1, RefProcThreadModel::Single, marks_oops_alive: false
[2.125s][debug][gc,ref            ] GC(41) Skipped phase 3 of Reference Processing: no references
[2.125s][debug][gc,ref            ] GC(41) ReferenceProcessor::execute queues: 1, RefProcThreadModel::Single, marks_oops_alive: false
[2.125s][debug][gc,phases,ref     ] GC(41) Reference Processing: 0.1ms
[2.125s][debug][gc,phases,ref     ] GC(41)   Reconsider SoftReferences: 0.1ms
[2.125s][debug][gc,phases,ref     ] GC(41)     Balance queues: 0.0ms
[2.125s][debug][gc,phases,ref     ] GC(41)     SoftRef (ms):                  Min:  0.0, Avg:  0.0, Max:  0.0, Diff:  0.0, Sum:  0.0, Workers: 4
[2.125s][debug][gc,phases,ref     ] GC(41)   Notify Soft/WeakReferences: 0.0ms
[2.125s][debug][gc,phases,ref     ] GC(41)     SoftRef (ms):                  Min:  0.0, Avg:  0.0, Max:  0.0, Diff:  0.0, Sum:  0.0, Workers: 4
[2.125s][debug][gc,phases,ref     ] GC(41)     WeakRef (ms):                  Min:  0.0, Avg:  0.0, Max:  0.0, Diff:  0.0, Sum:  0.0, Workers: 4
[2.125s][debug][gc,phases,ref     ] GC(41)     FinalRef (ms):                 Min:  0.0, Avg:  0.0, Max:  0.0, Diff:  0.0, Sum:  0.0, Workers: 4
[2.125s][debug][gc,phases,ref     ] GC(41)     Total (ms):                    Min:  0.0, Avg:  0.0, Max:  0.0, Diff:  0.0, Sum:  0.0, Workers: 4
[2.125s][debug][gc,phases,ref     ] GC(41)   Notify and keep alive finalizable: 0.0ms
[2.125s][debug][gc,phases,ref     ] GC(41)     FinalRef (ms):                 skipped
[2.125s][debug][gc,phases,ref     ] GC(41)   Notify PhantomReferences: 0.0ms
[2.125s][debug][gc,phases,ref     ] GC(41)     PhantomRef (ms):               Min:  0.0, Avg:  0.0, Max:  0.0, Diff:  0.0, Sum:  0.0, Workers: 4
[2.125s][debug][gc,phases,ref     ] GC(41)   SoftReference:
[2.125s][debug][gc,phases,ref     ] GC(41)     Discovered: 9
[2.125s][debug][gc,phases,ref     ] GC(41)     Cleared: 9
[2.125s][debug][gc,phases,ref     ] GC(41)   WeakReference:
[2.125s][debug][gc,phases,ref     ] GC(41)     Discovered: 64
[2.125s][debug][gc,phases,ref     ] GC(41)     Cleared: 64
[2.126s][debug][gc,phases,ref     ] GC(41)   FinalReference:
[2.126s][debug][gc,phases,ref     ] GC(41)     Discovered: 0
[2.126s][debug][gc,phases,ref     ] GC(41)     Cleared: 0
[2.126s][debug][gc,phases,ref     ] GC(41)   PhantomReference:
[2.126s][debug][gc,phases,ref     ] GC(41)     Discovered: 1
[2.126s][debug][gc,phases,ref     ] GC(41)     Cleared: 1
[2.126s][debug][gc,phases         ] GC(41) Phase 1: Reference Processing 0.647ms
[2.126s][debug][gc,phases,start   ] GC(41) Phase 1: Weak Processing
[2.126s][debug][gc,phases         ] GC(41)   VM Weak                        Min:  0.0, Avg:  0.0, Max:  0.0, Diff:  0.0, Sum:  0.0, Workers: 3
[2.126s][debug][gc,phases         ] GC(41)     Dead                           Min: 0, Avg:  0.0, Max: 0, Diff: 0, Sum: 0, Workers: 3
[2.126s][debug][gc,phases         ] GC(41)     Total                          Min: 0, Avg:  2.7, Max: 8, Diff: 8, Sum: 8, Workers: 3
[2.126s][debug][gc,phases         ] GC(41)   ObjectSynchronizer Weak        Min:  0.0, Avg:  0.0, Max:  0.0, Diff:  0.0, Sum:  0.0, Workers: 3
[2.126s][debug][gc,phases         ] GC(41)     Dead                           Min: 0, Avg:  0.0, Max: 0, Diff: 0, Sum: 0, Workers: 3
[2.126s][debug][gc,phases         ] GC(41)     Total                          Min: 0, Avg:  1.0, Max: 3, Diff: 3, Sum: 3, Workers: 3
[2.126s][debug][gc,phases         ] GC(41)   JVMTI Tag Weak OopStorage      Min:  0.0, Avg:  0.0, Max:  0.0, Diff:  0.0, Sum:  0.0, Workers: 3
[2.126s][debug][gc,phases         ] GC(41)     Dead                           Min: 0, Avg:  0.0, Max: 0, Diff: 0, Sum: 0, Workers: 3
[2.126s][debug][gc,phases         ] GC(41)     Total                          Min: 0, Avg:  0.0, Max: 0, Diff: 0, Sum: 0, Workers: 3
[2.126s][debug][gc,phases         ] GC(41)   StringTable Weak               Min:  0.0, Avg:  0.0, Max:  0.0, Diff:  0.0, Sum:  0.0, Workers: 3
[2.126s][debug][gc,phases         ] GC(41)     Dead                           Min: 0, Avg:  0.0, Max: 0, Diff: 0, Sum: 0, Workers: 3
[2.126s][debug][gc,phases         ] GC(41)     Total                          Min: 0, Avg: 819.0, Max: 1241, Diff: 1241, Sum: 2457, Workers: 3
[2.126s][debug][gc,phases         ] GC(41)   ResolvedMethodTable Weak       Min:  0.0, Avg:  0.0, Max:  0.0, Diff:  0.0, Sum:  0.0, Workers: 3
[2.126s][debug][gc,phases         ] GC(41)     Dead                           Min: 0, Avg:  0.0, Max: 0, Diff: 0, Sum: 0, Workers: 3
[2.126s][debug][gc,phases         ] GC(41)     Total                          Min: 0, Avg: 45.7, Max: 73, Diff: 73, Sum: 137, Workers: 3
[2.126s][debug][gc,phases         ] GC(41)   JNI Weak                       Min:  0.0, Avg:  0.0, Max:  0.0, Diff:  0.0, Sum:  0.0, Workers: 3
[2.126s][debug][gc,phases         ] GC(41)     Dead                           Min: 0, Avg:  0.0, Max: 0, Diff: 0, Sum: 0, Workers: 3
[2.126s][debug][gc,phases         ] GC(41)     Total                          Min: 0, Avg:  0.0, Max: 0, Diff: 0, Sum: 0, Workers: 3
[2.126s][debug][gc,phases         ] GC(41)   StringDedup Table Weak         Min:  0.0, Avg:  0.0, Max:  0.0, Diff:  0.0, Sum:  0.0, Workers: 3
[2.126s][debug][gc,phases         ] GC(41)     Dead                           Min: 0, Avg:  0.0, Max: 0, Diff: 0, Sum: 0, Workers: 3
[2.126s][debug][gc,phases         ] GC(41)     Total                          Min: 0, Avg:  0.0, Max: 0, Diff: 0, Sum: 0, Workers: 3
[2.126s][debug][gc,phases         ] GC(41)   StringDedup Requests0 Weak     Min:  0.0, Avg:  0.0, Max:  0.0, Diff:  0.0, Sum:  0.0, Workers: 3
[2.126s][debug][gc,phases         ] GC(41)     Dead                           Min: 0, Avg:  0.0, Max: 0, Diff: 0, Sum: 0, Workers: 3
[2.126s][debug][gc,phases         ] GC(41)     Total                          Min: 0, Avg:  0.0, Max: 0, Diff: 0, Sum: 0, Workers: 3
[2.126s][debug][gc,phases         ] GC(41)   StringDedup Requests1 Weak     Min:  0.0, Avg:  0.0, Max:  0.0, Diff:  0.0, Sum:  0.0, Workers: 3
[2.126s][debug][gc,phases         ] GC(41)     Dead                           Min: 0, Avg:  0.0, Max: 0, Diff: 0, Sum: 0, Workers: 3
[2.126s][debug][gc,phases         ] GC(41)     Total                          Min: 0, Avg:  0.0, Max: 0, Diff: 0, Sum: 0, Workers: 3
[2.126s][debug][gc,phases         ] GC(41)   Weak JFR Old Object Samples    Min:  0.0, Avg:  0.0, Max:  0.0, Diff:  0.0, Sum:  0.0, Workers: 3
[2.126s][debug][gc,phases         ] GC(41)     Dead                           Min: 0, Avg:  0.0, Max: 0, Diff: 0, Sum: 0, Workers: 3
[2.126s][debug][gc,phases         ] GC(41)     Total                          Min: 0, Avg:  0.0, Max: 0, Diff: 0, Sum: 0, Workers: 3
[2.126s][debug][gc,phases         ] GC(41) Phase 1: Weak Processing 0.651ms
[2.126s][debug][gc,phases,start   ] GC(41) Phase 1: Class Unloading and Cleanup
[2.126s][debug][gc,phases,start   ] GC(41) ClassLoaderData
[2.126s][debug][gc,phases         ] GC(41) ClassLoaderData 0.015ms
[2.126s][debug][gc,phases,start   ] GC(41) Trigger cleanups
[2.126s][debug][gc,phases         ] GC(41) Trigger cleanups 0.015ms
[2.127s][debug][gc,phases         ] GC(41) Phase 1: Class Unloading and Cleanup 0.242ms
[2.127s][info ][gc,phases         ] GC(41) Phase 1: Mark live objects 27.854ms
[2.127s][info ][gc,phases,start   ] GC(41) Phase 2: Prepare for compaction
[2.130s][info ][gc,phases         ] GC(41) Phase 2: Prepare for compaction 3.242ms
[2.130s][info ][gc,phases,start   ] GC(41) Phase 3: Adjust pointers
[2.139s][debug][gc,task,start     ] G1 Service Thread (Remembered Set Sampling Task) (run)
[2.139s][info ][gc,phases         ] GC(41) Phase 3: Adjust pointers 9.562ms
[2.140s][info ][gc,phases,start   ] GC(41) Phase 4: Compact heap
[2.142s][info ][gc,phases         ] GC(41) Phase 4: Compact heap 2.315ms
[2.142s][debug][gc,ergo           ] GC(41) Running G1 Clear Bitmap with 4 workers for 4 work units.
[2.142s][debug][gc,alloc,stats    ] Old generation allocation in the last mutator period, old gen allocated: 0B, humongous allocated: 0B,old gen growth: 0B.
[2.142s][info ][gc,heap           ] GC(41) Eden regions: 0->0(52)
[2.142s][info ][gc,heap           ] GC(41) Survivor regions: 1->0(1)
[2.142s][info ][gc,heap           ] GC(41) Old regions: 219->24
[2.142s][info ][gc,heap           ] GC(41) Archive regions: 0->0
[2.142s][info ][gc,heap           ] GC(41) Humongous regions: 36->36
[2.142s][info ][gc,metaspace      ] GC(41) Metaspace: 470K(640K)->470K(640K) NonClass: 437K(512K)->437K(512K) Class: 33K(128K)->33K(128K)
[2.142s][debug][gc,heap           ] GC(41) Heap after GC invocations=39 (full 2):
[2.142s][debug][gc,heap           ] GC(41)  garbage-first heap   total 262144K, used 59595K [0x00000000f0000000, 0x0000000100000000)
[2.142s][debug][gc,heap           ] GC(41)   region size 1024K, 0 young (0K), 0 survivors (0K)
[2.142s][debug][gc,heap           ] GC(41)  Metaspace       used 470K, committed 640K, reserved 1056768K
[2.143s][debug][gc,heap           ] GC(41)   class space    used 33K, committed 128K, reserved 1048576K
[2.143s][info ][gc                ] GC(41) Pause Full (G1 Compaction Pause) 255M->58M(256M) 44.731ms
[2.143s][info ][gc,cpu            ] GC(41) User=0.19s Sys=0.00s Real=0.04s
[2.143s][debug][gc,task           ] G1 Service Thread (Remembered Set Sampling Task) (run) 3.818ms (cpu: 0.000ms)
[2.143s][debug][gc,stats          ] ---------------------------------------------------------------------
[2.143s][debug][gc,stats          ] Marking Stats, task = 0, calls = 25
[2.143s][debug][gc,stats          ]   Elapsed time = 208.62ms, Termination time = 0.00ms
[2.143s][debug][gc,stats          ]   Step Times (cum): num = 90, avg = 4.17ms, sd = 6.91ms max = 16.00ms, total = 375.00ms
[2.143s][debug][gc,stats          ]   Mark Stats Cache: hits 2296251 misses 0 ratio 100.000
[2.143s][debug][gc,stats          ] ---------------------------------------------------------------------
[2.143s][info ][gc,marking        ] GC(33) Concurrent Mark From Roots 208.824ms
[2.143s][info ][gc,marking        ] GC(33) Concurrent Mark Abort
[2.143s][info ][gc                ] GC(33) Concurrent Mark Cycle 221.428ms
[2.167s][debug][gc,refine         ] Activated worker 0, on threshold: 8814, current: 8960
[2.168s][debug][gc,refine         ] Deactivated worker 0, off threshold: 8302, current: 8192, refined cards: 768
[2.170s][debug][gc,refine         ] Activated worker 0, on threshold: 8814, current: 8960
[2.170s][debug][gc,refine         ] Deactivated worker 0, off threshold: 8302, current: 8192, refined cards: 768
[2.172s][debug][gc,refine         ] Activated worker 0, on threshold: 8814, current: 8960
[2.172s][debug][gc,refine         ] Deactivated worker 0, off threshold: 8302, current: 8192, refined cards: 768
[2.174s][debug][gc,refine         ] Activated worker 0, on threshold: 8814, current: 8960
[2.174s][debug][gc,refine         ] Deactivated worker 0, off threshold: 8302, current: 8192, refined cards: 768
[2.176s][debug][gc,refine         ] Activated worker 0, on threshold: 8814, current: 8960
[2.176s][debug][gc,refine         ] Deactivated worker 0, off threshold: 8302, current: 8192, refined cards: 768
[2.178s][debug][gc,refine         ] Activated worker 0, on threshold: 8814, current: 8960
[2.179s][debug][gc,refine         ] Deactivated worker 0, off threshold: 8302, current: 8192, refined cards: 768
[2.180s][debug][gc,refine         ] Activated worker 0, on threshold: 8814, current: 8960
[2.181s][debug][gc,refine         ] Deactivated worker 0, off threshold: 8302, current: 8192, refined cards: 768
[2.183s][debug][gc,refine         ] Activated worker 0, on threshold: 8814, current: 8960
[2.183s][debug][gc,refine         ] Deactivated worker 0, off threshold: 8302, current: 8192, refined cards: 768
[2.185s][debug][gc,refine         ] Activated worker 0, on threshold: 8814, current: 8960
[2.185s][debug][gc,refine         ] Deactivated worker 0, off threshold: 8302, current: 8192, refined cards: 768
[2.187s][debug][gc,refine         ] Activated worker 0, on threshold: 8814, current: 8960
[2.187s][debug][gc,refine         ] Deactivated worker 0, off threshold: 8302, current: 8192, refined cards: 768
[2.189s][debug][gc,refine         ] Activated worker 0, on threshold: 8814, current: 8960
[2.190s][debug][gc,refine         ] Deactivated worker 0, off threshold: 8302, current: 8192, refined cards: 768
[2.191s][debug][gc,refine         ] Activated worker 0, on threshold: 8814, current: 8960
[2.192s][debug][gc,refine         ] Deactivated worker 0, off threshold: 8302, current: 8192, refined cards: 768
[2.193s][debug][gc,refine         ] Activated worker 0, on threshold: 8814, current: 8960
[2.194s][debug][gc,refine         ] Deactivated worker 0, off threshold: 8302, current: 8192, refined cards: 768
[2.195s][debug][gc,refine         ] Activated worker 0, on threshold: 8814, current: 8960
[2.196s][debug][gc,refine         ] Deactivated worker 0, off threshold: 8302, current: 8192, refined cards: 768
[2.198s][debug][gc,refine         ] Activated worker 0, on threshold: 8814, current: 8960
[2.199s][debug][gc,refine         ] Deactivated worker 0, off threshold: 8302, current: 8192, refined cards: 768
[2.201s][debug][gc,refine         ] Activated worker 0, on threshold: 8814, current: 8960
[2.201s][debug][gc,refine         ] Deactivated worker 0, off threshold: 8302, current: 8192, refined cards: 768
[2.203s][debug][gc,refine         ] Activated worker 0, on threshold: 8814, current: 8960
[2.203s][debug][gc,refine         ] Deactivated worker 0, off threshold: 8302, current: 8192, refined cards: 768
[2.205s][debug][gc,refine         ] Activated worker 0, on threshold: 8814, current: 8960
[2.205s][debug][gc,refine         ] Deactivated worker 0, off threshold: 8302, current: 8192, refined cards: 768
[2.207s][debug][gc,refine         ] Activated worker 0, on threshold: 8814, current: 8960
[2.207s][debug][gc,refine         ] Deactivated worker 0, off threshold: 8302, current: 8192, refined cards: 768
[2.209s][debug][gc,refine         ] Activated worker 0, on threshold: 8814, current: 8960
[2.209s][debug][gc,refine         ] Deactivated worker 0, off threshold: 8302, current: 8192, refined cards: 768
[2.211s][debug][gc,refine         ] Activated worker 0, on threshold: 8814, current: 8960
[2.212s][debug][gc,refine         ] Deactivated worker 0, off threshold: 8302, current: 8192, refined cards: 768
[2.213s][debug][gc,refine         ] Activated worker 0, on threshold: 8814, current: 8960
[2.214s][debug][gc,refine         ] Deactivated worker 0, off threshold: 8302, current: 8192, refined cards: 768
[2.215s][debug][gc,refine         ] Activated worker 0, on threshold: 8814, current: 8960
[2.216s][debug][gc,refine         ] Deactivated worker 0, off threshold: 8302, current: 8192, refined cards: 768
[2.217s][debug][gc,heap           ] GC(42) Heap before GC invocations=39 (full 2):
[2.217s][debug][gc,heap           ] GC(42)  garbage-first heap   total 262144K, used 112843K [0x00000000f0000000, 0x0000000100000000)
[2.217s][debug][gc,heap           ] GC(42)   region size 1024K, 52 young (53248K), 0 survivors (0K)
[2.217s][debug][gc,heap           ] GC(42)  Metaspace       used 470K, committed 640K, reserved 1056768K
[2.217s][debug][gc,heap           ] GC(42)   class space    used 33K, committed 128K, reserved 1048576K
[2.217s][info ][gc,start          ] GC(42) Pause Young (Normal) (G1 Evacuation Pause)
[2.218s][info ][gc,task           ] GC(42) Using 4 workers of 4 for evacuation
[2.218s][debug][gc,tlab           ] GC(42) TLAB totals: thrds: 1  refills: 156 max: 156 slow allocs: 0 max 0 waste:  0.2% gc: 0B max: 0B slow: 89864B max: 89864B
[2.218s][debug][gc,age            ] GC(42) Desired survivor size 3670016 bytes, new threshold 15 (max threshold 15)
[2.218s][debug][gc,refine         ] Activated worker 0, on threshold: 8814, current: 8917
[2.218s][debug][gc,refine,stats   ] GC(42) Mutator refinement: 0.00ms, refined: 0, precleaned: 0, dirtied: 26581
[2.218s][debug][gc,refine,stats   ] GC(42) Concurrent refinement: 14.11ms, refined: 17664, precleaned: 0, dirtied: 0
[2.218s][debug][gc,refine,stats   ] GC(42) Total refinement: 14.11ms, refined: 17664, precleaned: 0, dirtied: 26581
[2.218s][debug][gc,refine,stats   ] GC(42) Concurrent refinement rate: 1252.22 cards/ms
[2.218s][debug][gc,refine,stats   ] GC(42) Generate dirty cards rate: 198.54 cards/ms
[2.218s][debug][gc,alloc,region   ] GC(42) Mutator Allocation stats, regions: 52, wasted size: 0B ( 0.0%)
[2.218s][debug][gc,humongous      ] GC(42) Humongous region 173 (object size 36920416 @ 0x00000000fad00000) remset 0 code roots 0 marked 0 reclaim candidate 0 type array 0
[2.218s][debug][gc,ergo           ] GC(42) Running G1 Merge Heap Roots using 4 workers for 52 regions
[2.218s][debug][gc,remset         ] GC(42) Visited cards 26880 Total dirty 28672 (93.75%) Total old 335872 (8.00%)
[2.302s][debug][gc,ref            ] GC(42) Skipped phase 1 of Reference Processing: no references
[2.302s][debug][gc,ref            ] GC(42) Skipped phase 2 of Reference Processing: no references
[2.302s][debug][gc,ref            ] GC(42) Skipped phase 3 of Reference Processing: no references
[2.302s][debug][gc,ref            ] GC(42) Skipped phase 4 of Reference Processing: no references
[2.302s][debug][gc,ergo           ] GC(42) Running G1 Rebuild Free List Task using 4 workers for rebuilding free list of regions
[2.302s][debug][gc,plab           ] GC(42) Young PLAB allocation: allocated: 7340032B, wasted: 2800B, unused: 0B, used: 7337232B, undo waste: 0B, 
[2.302s][debug][gc,plab           ] GC(42) Young other allocation: region end waste: 0B, regions filled: 7, direct allocated: 0B, failure used: 0B, failure wasted: 0B
[2.302s][debug][gc,plab           ] GC(42) Young sizing: calculated: 1467440B, actual: 1162592B
[2.302s][debug][gc,plab           ] GC(42) Old PLAB allocation: allocated: 47150256B, wasted: 22224B, unused: 30048B, used: 47097984B, undo waste: 0B, 
[2.302s][debug][gc,plab           ] GC(42) Old other allocation: region end waste: 0B, regions filled: 45, direct allocated: 0B, failure used: 0B, failure wasted: 0B
[2.302s][debug][gc,plab           ] GC(42) Old sizing: calculated: 9419592B, actual: 7099616B
[2.302s][debug][gc,ergo,heap      ] GC(42) Heap expansion: short term pause time ratio 44.21% long term pause time ratio 36.52% threshold 7.69% pause time ratio 7.69% fully expanded true resize by 0B
[2.302s][debug][gc,mmu            ] GC(42) MMU: 84.7ms (200.0ms/201.0ms)
[2.302s][debug][gc,alloc,stats    ] Old generation allocation in the last mutator period, old gen allocated: 47150256B, humongous allocated: 0B,old gen growth: 47150256B.
[2.302s][debug][gc,ihop           ] GC(42) Basic information (value update), threshold: 120795955B (45.00), target occupancy: 268435456B, current occupancy: 115516656B, recent allocation size: 47150256B, recent allocation duration: 133.88ms, recent old gen allocation rate: 352176656.53B/s, recent marking phase length: 0.00ms
[2.302s][debug][gc,ihop           ] GC(42) Adaptive IHOP information (value update), threshold: 120795955B (52.94), internal target occupancy: 228170137B, occupancy: 115516656B, additional buffer size: 45088768B, predicted old gen allocation rate: 565160285.45B/s, predicted marking phase length: 0.00ms, prediction active: false
[2.302s][debug][gc,ergo,refine    ] GC(42) Concurrent refinement times: Logged Cards Scan time goal: 20.00ms Logged Cards Scan time: 5.94ms HCC time: 0.00ms
[2.302s][debug][gc,ergo,refine    ] GC(42) Updated Refinement Zones: green: 9132, yellow: 27396, red: 45660
[2.303s][info ][gc,phases         ] GC(42)   Pre Evacuate Collection Set: 0.1ms
[2.303s][debug][gc,phases         ] GC(42)     Prepare TLABs: 0.0ms
[2.303s][debug][gc,phases         ] GC(42)     Concatenate Dirty Card Logs: 0.0ms
[2.303s][debug][gc,phases         ] GC(42)     Choose Collection Set: 0.0ms
[2.303s][debug][gc,phases         ] GC(42)     Region Register: 0.1ms
[2.303s][debug][gc,phases         ] GC(42)     Prepare Heap Roots: 0.0ms
[2.303s][info ][gc,phases         ] GC(42)   Merge Heap Roots: 0.2ms
[2.303s][debug][gc,phases         ] GC(42)     Prepare Merge Heap Roots: 0.0ms
[2.303s][debug][gc,phases         ] GC(42)     Eager Reclaim (ms):            skipped
[2.303s][debug][gc,phases         ] GC(42)     Remembered Sets (ms):          Min:  0.0, Avg:  0.0, Max:  0.1, Diff:  0.1, Sum:  0.2, Workers: 4
[2.303s][debug][gc,phases         ] GC(42)       Merged Sparse:                 Min: 0, Avg:  0.0, Max: 0, Diff: 0, Sum: 0, Workers: 4
[2.303s][debug][gc,phases         ] GC(42)       Merged Fine:                   Min: 0, Avg: 10.8, Max: 16, Diff: 16, Sum: 43, Workers: 4
[2.303s][debug][gc,phases         ] GC(42)       Merged Coarse:                 Min: 0, Avg:  0.0, Max: 0, Diff: 0, Sum: 0, Workers: 4
[2.303s][debug][gc,phases         ] GC(42)       Dirty Cards:                   Min: 0, Avg: 4410.5, Max: 6411, Diff: 6411, Sum: 17642, Workers: 4
[2.303s][debug][gc,phases         ] GC(42)     Hot Card Cache (ms):           Min:  0.0, Avg:  0.0, Max:  0.0, Diff:  0.0, Sum:  0.0, Workers: 4
[2.303s][debug][gc,phases         ] GC(42)       Dirty Cards:                   Min: 0, Avg:  0.0, Max: 0, Diff: 0, Sum: 0, Workers: 4
[2.303s][debug][gc,phases         ] GC(42)       Skipped Cards:                 Min: 0, Avg:  0.0, Max: 0, Diff: 0, Sum: 0, Workers: 4
[2.303s][debug][gc,phases         ] GC(42)     Log Buffers (ms):              Min:  0.0, Avg:  0.0, Max:  0.0, Diff:  0.0, Sum:  0.2, Workers: 4
[2.303s][debug][gc,phases         ] GC(42)       Dirty Cards:                   Min: 1528, Avg: 2221.3, Max: 2552, Diff: 1024, Sum: 8885, Workers: 4
[2.303s][debug][gc,phases         ] GC(42)       Skipped Cards:                 Min: 0, Avg:  0.0, Max: 0, Diff: 0, Sum: 0, Workers: 4
[2.303s][info ][gc,phases         ] GC(42)   Evacuate Collection Set: 83.4ms
[2.303s][debug][gc,phases         ] GC(42)     Ext Root Scanning (ms):        Min:  0.0, Avg:  0.0, Max:  0.0, Diff:  0.0, Sum:  0.1, Workers: 4
[2.303s][debug][gc,phases         ] GC(42)     Scan Heap Roots (ms):          Min: 10.0, Avg: 17.6, Max: 34.1, Diff: 24.1, Sum: 70.5, Workers: 4
[2.303s][debug][gc,phases         ] GC(42)       Scanned Cards:                 Min: 5632, Avg: 6645.3, Max: 7168, Diff: 1536, Sum: 26581, Workers: 4
[2.303s][debug][gc,phases         ] GC(42)       Scanned Blocks:                Min: 22, Avg: 26.3, Max: 28, Diff: 6, Sum: 105, Workers: 4
[2.303s][debug][gc,phases         ] GC(42)       Claimed Chunks:                Min: 22, Avg: 26.3, Max: 28, Diff: 6, Sum: 105, Workers: 4
[2.303s][debug][gc,phases         ] GC(42)     Code Root Scan (ms):           Min:  0.0, Avg:  0.0, Max:  0.0, Diff:  0.0, Sum:  0.0, Workers: 4
[2.303s][debug][gc,phases         ] GC(42)     Object Copy (ms):              Min: 49.2, Avg: 65.7, Max: 73.3, Diff: 24.1, Sum: 262.6, Workers: 4
[2.303s][debug][gc,phases         ] GC(42)     Termination (ms):              Min:  0.1, Avg:  0.1, Max:  0.1, Diff:  0.1, Sum:  0.3, Workers: 4
[2.303s][debug][gc,phases         ] GC(42)       Termination Attempts:          Min: 1, Avg:  2.5, Max: 4, Diff: 3, Sum: 10, Workers: 4
[2.303s][debug][gc,phases         ] GC(42)     GC Worker Other (ms):          Min:  0.0, Avg:  0.0, Max:  0.0, Diff:  0.0, Sum:  0.1, Workers: 4
[2.303s][debug][gc,phases         ] GC(42)     GC Worker Total (ms):          Min: 83.4, Avg: 83.4, Max: 83.4, Diff:  0.0, Sum: 333.6, Workers: 4
[2.303s][info ][gc,phases         ] GC(42)   Post Evacuate Collection Set: 0.4ms
[2.303s][debug][gc,phases         ] GC(42)     Code Roots Fixup: 0.0ms
[2.303s][debug][gc,phases         ] GC(42)     Reference Processing: 0.1ms
[2.303s][debug][gc,phases,ref     ] GC(42)       Reconsider SoftReferences: 0.1ms
[2.303s][debug][gc,phases,ref     ] GC(42)         SoftRef (ms):                  skipped
[2.303s][debug][gc,phases,ref     ] GC(42)       Notify Soft/WeakReferences: 0.0ms
[2.303s][debug][gc,phases,ref     ] GC(42)         SoftRef (ms):                  skipped
[2.303s][debug][gc,phases,ref     ] GC(42)         WeakRef (ms):                  skipped
[2.303s][debug][gc,phases,ref     ] GC(42)         FinalRef (ms):                 skipped
[2.303s][debug][gc,phases,ref     ] GC(42)         Total (ms):                    skipped
[2.303s][debug][gc,phases,ref     ] GC(42)       Notify and keep alive finalizable: 0.0ms
[2.303s][debug][gc,phases,ref     ] GC(42)         FinalRef (ms):                 skipped
[2.303s][debug][gc,phases,ref     ] GC(42)       Notify PhantomReferences: 0.0ms
[2.303s][debug][gc,phases,ref     ] GC(42)         PhantomRef (ms):               skipped
[2.303s][debug][gc,phases,ref     ] GC(42)       SoftReference:
[2.303s][debug][gc,phases,ref     ] GC(42)         Discovered: 0
[2.303s][debug][gc,phases,ref     ] GC(42)         Cleared: 0
[2.303s][debug][gc,phases,ref     ] GC(42)       WeakReference:
[2.303s][debug][gc,phases,ref     ] GC(42)         Discovered: 0
[2.303s][debug][gc,phases,ref     ] GC(42)         Cleared: 0
[2.304s][debug][gc,phases,ref     ] GC(42)       FinalReference:
[2.304s][debug][gc,phases,ref     ] GC(42)         Discovered: 0
[2.304s][debug][gc,phases,ref     ] GC(42)         Cleared: 0
[2.304s][debug][gc,phases,ref     ] GC(42)       PhantomReference:
[2.304s][debug][gc,phases,ref     ] GC(42)         Discovered: 0
[2.304s][debug][gc,phases,ref     ] GC(42)         Cleared: 0
[2.304s][debug][gc,phases         ] GC(42)     Weak Processing: 0.0ms
[2.304s][debug][gc,phases         ] GC(42)       VM Weak                        Min:  0.0, Avg:  0.0, Max:  0.0, Diff:  0.0, Sum:  0.0, Workers: 3
[2.304s][debug][gc,phases         ] GC(42)         Dead                           Min: 0, Avg:  0.0, Max: 0, Diff: 0, Sum: 0, Workers: 3
[2.304s][debug][gc,phases         ] GC(42)         Total                          Min: 0, Avg:  2.7, Max: 8, Diff: 8, Sum: 8, Workers: 3
[2.304s][debug][gc,phases         ] GC(42)       ObjectSynchronizer Weak        Min:  0.0, Avg:  0.0, Max:  0.0, Diff:  0.0, Sum:  0.0, Workers: 3
[2.304s][debug][gc,phases         ] GC(42)         Dead                           Min: 0, Avg:  0.0, Max: 0, Diff: 0, Sum: 0, Workers: 3
[2.304s][debug][gc,phases         ] GC(42)         Total                          Min: 0, Avg:  1.0, Max: 3, Diff: 3, Sum: 3, Workers: 3
[2.304s][debug][gc,phases         ] GC(42)       JVMTI Tag Weak OopStorage      Min:  0.0, Avg:  0.0, Max:  0.0, Diff:  0.0, Sum:  0.0, Workers: 3
[2.304s][debug][gc,phases         ] GC(42)         Dead                           Min: 0, Avg:  0.0, Max: 0, Diff: 0, Sum: 0, Workers: 3
[2.304s][debug][gc,phases         ] GC(42)         Total                          Min: 0, Avg:  0.0, Max: 0, Diff: 0, Sum: 0, Workers: 3
[2.304s][debug][gc,phases         ] GC(42)       StringTable Weak               Min:  0.0, Avg:  0.0, Max:  0.0, Diff:  0.0, Sum:  0.0, Workers: 3
[2.304s][debug][gc,phases         ] GC(42)         Dead                           Min: 0, Avg:  0.0, Max: 0, Diff: 0, Sum: 0, Workers: 3
[2.304s][debug][gc,phases         ] GC(42)         Total                          Min: 473, Avg: 819.0, Max: 1024, Diff: 551, Sum: 2457, Workers: 3
[2.304s][debug][gc,phases         ] GC(42)       ResolvedMethodTable Weak       Min:  0.0, Avg:  0.0, Max:  0.0, Diff:  0.0, Sum:  0.0, Workers: 3
[2.304s][debug][gc,phases         ] GC(42)         Dead                           Min: 0, Avg:  0.0, Max: 0, Diff: 0, Sum: 0, Workers: 3
[2.304s][debug][gc,phases         ] GC(42)         Total                          Min: 0, Avg: 45.7, Max: 73, Diff: 73, Sum: 137, Workers: 3
[2.304s][debug][gc,phases         ] GC(42)       JNI Weak                       Min:  0.0, Avg:  0.0, Max:  0.0, Diff:  0.0, Sum:  0.0, Workers: 3
[2.304s][debug][gc,phases         ] GC(42)         Dead                           Min: 0, Avg:  0.0, Max: 0, Diff: 0, Sum: 0, Workers: 3
[2.304s][debug][gc,phases         ] GC(42)         Total                          Min: 0, Avg:  0.0, Max: 0, Diff: 0, Sum: 0, Workers: 3
[2.304s][debug][gc,phases         ] GC(42)       StringDedup Table Weak         Min:  0.0, Avg:  0.0, Max:  0.0, Diff:  0.0, Sum:  0.0, Workers: 3
[2.304s][debug][gc,phases         ] GC(42)         Dead                           Min: 0, Avg:  0.0, Max: 0, Diff: 0, Sum: 0, Workers: 3
[2.304s][debug][gc,phases         ] GC(42)         Total                          Min: 0, Avg:  0.0, Max: 0, Diff: 0, Sum: 0, Workers: 3
[2.304s][debug][gc,phases         ] GC(42)       StringDedup Requests0 Weak     Min:  0.0, Avg:  0.0, Max:  0.0, Diff:  0.0, Sum:  0.0, Workers: 3
[2.304s][debug][gc,phases         ] GC(42)         Dead                           Min: 0, Avg:  0.0, Max: 0, Diff: 0, Sum: 0, Workers: 3
[2.304s][debug][gc,phases         ] GC(42)         Total                          Min: 0, Avg:  0.0, Max: 0, Diff: 0, Sum: 0, Workers: 3
[2.304s][debug][gc,phases         ] GC(42)       StringDedup Requests1 Weak     Min:  0.0, Avg:  0.0, Max:  0.0, Diff:  0.0, Sum:  0.0, Workers: 3
[2.304s][debug][gc,phases         ] GC(42)         Dead                           Min: 0, Avg:  0.0, Max: 0, Diff: 0, Sum: 0, Workers: 3
[2.304s][debug][gc,phases         ] GC(42)         Total                          Min: 0, Avg:  0.0, Max: 0, Diff: 0, Sum: 0, Workers: 3
[2.304s][debug][gc,phases         ] GC(42)       Weak JFR Old Object Samples    Min:  0.0, Avg:  0.0, Max:  0.0, Diff:  0.0, Sum:  0.0, Workers: 3
[2.304s][debug][gc,phases         ] GC(42)         Dead                           Min: 0, Avg:  0.0, Max: 0, Diff: 0, Sum: 0, Workers: 3
[2.304s][debug][gc,phases         ] GC(42)         Total                          Min: 0, Avg:  0.0, Max: 0, Diff: 0, Sum: 0, Workers: 3
[2.304s][debug][gc,phases         ] GC(42)     Post Evacuate Cleanup 1: 0.0ms
[2.304s][debug][gc,phases         ] GC(42)       Merge Per-Thread State (ms):   Min:  0.0, Avg:  0.0, Max:  0.0, Diff:  0.0, Sum:  0.0, Workers: 1
[2.304s][debug][gc,phases         ] GC(42)         Copied Bytes                   Min: 11707904, Avg: 13608804.0, Max: 14773152, Diff: 3065248, Sum: 54435216, Workers: 4
[2.304s][debug][gc,phases         ] GC(42)         LAB Waste                      Min: 5344, Avg: 6256.0, Max: 6712, Diff: 1368, Sum: 25024, Workers: 4
[2.304s][debug][gc,phases         ] GC(42)         LAB Undo Waste                 Min: 0, Avg:  0.0, Max: 0, Diff: 0, Sum: 0, Workers: 4
[2.304s][debug][gc,phases         ] GC(42)       Clear Logged Cards (ms):       Min:  0.0, Avg:  0.0, Max:  0.0, Diff:  0.0, Sum:  0.0, Workers: 3
[2.304s][debug][gc,phases         ] GC(42)       Recalculate Used Memory (ms):  Min:  0.0, Avg:  0.0, Max:  0.0, Diff:  0.0, Sum:  0.0, Workers: 1
[2.304s][debug][gc,phases         ] GC(42)     Post Evacuate Cleanup 2: 0.1ms
[2.304s][debug][gc,phases         ] GC(42)       Reset Hot Card Cache (ms):     Min:  0.0, Avg:  0.0, Max:  0.0, Diff:  0.0, Sum:  0.0, Workers: 1
[2.304s][debug][gc,phases         ] GC(42)       Purge Code Roots (ms):         Min:  0.0, Avg:  0.0, Max:  0.0, Diff:  0.0, Sum:  0.0, Workers: 1
[2.304s][debug][gc,phases         ] GC(42)       Update Derived Pointers (ms):  Min:  0.0, Avg:  0.0, Max:  0.0, Diff:  0.0, Sum:  0.0, Workers: 1
[2.304s][debug][gc,phases         ] GC(42)       Eagerly Reclaim Humongous Objects (ms): Min:  0.0, Avg:  0.0, Max:  0.0, Diff:  0.0, Sum:  0.0, Workers: 1
[2.304s][debug][gc,phases         ] GC(42)         Humongous Total                Min: 1, Avg:  1.0, Max: 1, Diff: 0, Sum: 1, Workers: 1
[2.304s][debug][gc,phases         ] GC(42)         Humongous Candidates           Min: 0, Avg:  0.0, Max: 0, Diff: 0, Sum: 0, Workers: 1
[2.304s][debug][gc,phases         ] GC(42)         Humongous Reclaimed            Min: 0, Avg:  0.0, Max: 0, Diff: 0, Sum: 0, Workers: 1
[2.304s][debug][gc,phases         ] GC(42)       Redirty Logged Cards (ms):     Min:  0.0, Avg:  0.0, Max:  0.0, Diff:  0.0, Sum:  0.0, Workers: 4
[2.304s][debug][gc,phases         ] GC(42)         Redirtied Cards:               Min: 0, Avg: 896.8, Max: 2173, Diff: 2173, Sum: 3587, Workers: 4
[2.304s][debug][gc,phases         ] GC(42)       Free Collection Set (ms):      Min:  0.0, Avg:  0.0, Max:  0.0, Diff:  0.0, Sum:  0.0, Workers: 4
[2.304s][debug][gc,phases         ] GC(42)     Rebuild Free List: 0.1ms
[2.304s][debug][gc,phases         ] GC(42)     Start New Collection Set: 0.0ms
[2.305s][debug][gc,phases         ] GC(42)     Resize TLABs: 0.0ms
[2.305s][debug][gc,phases         ] GC(42)     Expand Heap After Collection: 0.0ms
[2.305s][info ][gc,phases         ] GC(42)   Other: 1.0ms
[2.305s][info ][gc,heap           ] GC(42) Eden regions: 52->0(36)
[2.305s][info ][gc,heap           ] GC(42) Survivor regions: 0->7(7)
[2.305s][info ][gc,heap           ] GC(42) Old regions: 24->69
[2.305s][info ][gc,heap           ] GC(42) Archive regions: 0->0
[2.305s][info ][gc,heap           ] GC(42) Humongous regions: 36->36
[2.305s][info ][gc,metaspace      ] GC(42) Metaspace: 470K(640K)->470K(640K) NonClass: 437K(512K)->437K(512K) Class: 33K(128K)->33K(128K)
[2.305s][debug][gc,heap           ] GC(42) Heap after GC invocations=40 (full 2):
[2.305s][debug][gc,heap           ] GC(42)  garbage-first heap   total 262144K, used 112809K [0x00000000f0000000, 0x0000000100000000)
[2.305s][debug][gc,heap           ] GC(42)   region size 1024K, 7 young (7168K), 7 survivors (7168K)
[2.305s][debug][gc,heap           ] GC(42)  Metaspace       used 470K, committed 640K, reserved 1056768K
[2.305s][debug][gc,heap           ] GC(42)   class space    used 33K, committed 128K, reserved 1048576K
[2.305s][info ][gc                ] GC(42) Pause Young (Normal) (G1 Evacuation Pause) 110M->110M(256M) 87.356ms
[2.305s][info ][gc,cpu            ] GC(42) User=0.27s Sys=0.00s Real=0.09s
[2.305s][debug][gc,refine         ] Deactivated worker 0, off threshold: 9132, current: 3587, refined cards: 0
[2.322s][debug][gc,refine         ] Activated worker 0, on threshold: 9644, current: 9731
[2.323s][debug][gc,refine         ] Deactivated worker 0, off threshold: 9132, current: 9094, refined cards: 637
[2.324s][debug][gc,refine         ] Activated worker 0, on threshold: 9644, current: 9862
[2.325s][debug][gc,refine         ] Deactivated worker 0, off threshold: 9132, current: 8898, refined cards: 964
[2.327s][debug][gc,refine         ] Activated worker 0, on threshold: 9644, current: 9666
[2.327s][debug][gc,refine         ] Deactivated worker 0, off threshold: 9132, current: 9013, refined cards: 653
[2.329s][debug][gc,refine         ] Activated worker 0, on threshold: 9644, current: 9781
[2.330s][debug][gc,refine         ] Deactivated worker 0, off threshold: 9132, current: 8960, refined cards: 821
[2.331s][debug][gc,refine         ] Activated worker 0, on threshold: 9644, current: 9728
[2.332s][debug][gc,refine         ] Deactivated worker 0, off threshold: 9132, current: 8960, refined cards: 768
[2.334s][debug][gc,refine         ] Activated worker 0, on threshold: 9644, current: 9728
[2.334s][debug][gc,refine         ] Deactivated worker 0, off threshold: 9132, current: 8960, refined cards: 768
[2.336s][debug][gc,refine         ] Activated worker 0, on threshold: 9644, current: 9728
[2.336s][debug][gc,refine         ] Deactivated worker 0, off threshold: 9132, current: 8960, refined cards: 768
[2.338s][debug][gc,refine         ] Activated worker 0, on threshold: 9644, current: 9728
[2.339s][debug][gc,refine         ] Deactivated worker 0, off threshold: 9132, current: 8960, refined cards: 768
[2.340s][debug][gc,refine         ] Activated worker 0, on threshold: 9644, current: 9728
[2.341s][debug][gc,refine         ] Deactivated worker 0, off threshold: 9132, current: 8960, refined cards: 768
[2.343s][debug][gc,refine         ] Activated worker 0, on threshold: 9644, current: 9728
[2.343s][debug][gc,refine         ] Deactivated worker 0, off threshold: 9132, current: 8960, refined cards: 768
[2.345s][debug][gc,refine         ] Activated worker 0, on threshold: 9644, current: 9728
[2.345s][debug][gc,refine         ] Deactivated worker 0, off threshold: 9132, current: 8960, refined cards: 768
[2.351s][debug][gc,refine         ] Activated worker 0, on threshold: 9644, current: 9728
[2.351s][debug][gc,refine         ] Deactivated worker 0, off threshold: 9132, current: 8960, refined cards: 768
[2.353s][debug][gc,refine         ] Activated worker 0, on threshold: 9644, current: 9728
[2.353s][debug][gc,refine         ] Deactivated worker 0, off threshold: 9132, current: 8960, refined cards: 768
[2.355s][debug][gc,refine         ] Activated worker 0, on threshold: 9644, current: 9728
[2.355s][debug][gc,refine         ] Deactivated worker 0, off threshold: 9132, current: 8960, refined cards: 768
[2.357s][debug][gc,refine         ] Activated worker 0, on threshold: 9644, current: 9728
[2.357s][debug][gc,refine         ] Deactivated worker 0, off threshold: 9132, current: 8960, refined cards: 768
[2.360s][debug][gc,refine         ] Activated worker 0, on threshold: 9644, current: 9728
[2.360s][debug][gc,refine         ] Deactivated worker 0, off threshold: 9132, current: 8960, refined cards: 768
[2.362s][debug][gc,heap           ] GC(43) Heap before GC invocations=40 (full 2):
[2.362s][debug][gc,heap           ] GC(43)  garbage-first heap   total 262144K, used 149673K [0x00000000f0000000, 0x0000000100000000)
[2.362s][debug][gc,heap           ] GC(43)   region size 1024K, 43 young (44032K), 7 survivors (7168K)
[2.362s][debug][gc,heap           ] GC(43)  Metaspace       used 470K, committed 640K, reserved 1056768K
[2.362s][debug][gc,heap           ] GC(43)   class space    used 33K, committed 128K, reserved 1048576K
[2.362s][info ][gc,start          ] GC(43) Pause Young (Normal) (G1 Evacuation Pause)
[2.362s][info ][gc,task           ] GC(43) Using 4 workers of 4 for evacuation
[2.362s][debug][gc,tlab           ] GC(43) TLAB totals: thrds: 1  refills: 108 max: 108 slow allocs: 0 max 0 waste:  0.2% gc: 0B max: 0B slow: 62208B max: 62208B
[2.362s][debug][gc,age            ] GC(43) Desired survivor size 3145728 bytes, new threshold 1 (max threshold 15)
[2.362s][debug][gc,refine         ] Activated worker 0, on threshold: 9644, current: 9699
[2.362s][debug][gc,refine,stats   ] GC(43) Mutator refinement: 0.00ms, refined: 0, precleaned: 0, dirtied: 18403
[2.362s][debug][gc,refine,stats   ] GC(43) Concurrent refinement: 8.45ms, refined: 12291, precleaned: 0, dirtied: 0
[2.362s][debug][gc,refine,stats   ] GC(43) Total refinement: 8.45ms, refined: 12291, precleaned: 0, dirtied: 18403
[2.362s][debug][gc,refine,stats   ] GC(43) Concurrent refinement rate: 1455.40 cards/ms
[2.362s][debug][gc,refine,stats   ] GC(43) Generate dirty cards rate: 308.13 cards/ms
[2.362s][debug][gc,alloc,region   ] GC(43) Mutator Allocation stats, regions: 36, wasted size: 0B ( 0.0%)
[2.362s][debug][gc,humongous      ] GC(43) Humongous region 173 (object size 36920416 @ 0x00000000fad00000) remset 0 code roots 0 marked 0 reclaim candidate 0 type array 0
[2.362s][debug][gc,ergo           ] GC(43) Running G1 Merge Heap Roots using 4 workers for 43 regions
[2.362s][debug][gc,remset         ] GC(43) Visited cards 19200 Total dirty 28672 (66.96%) Total old 391168 (4.91%)
[2.377s][debug][gc,ref            ] GC(43) Skipped phase 1 of Reference Processing: no references
[2.377s][debug][gc,ref            ] GC(43) Skipped phase 2 of Reference Processing: no references
[2.377s][debug][gc,ref            ] GC(43) Skipped phase 3 of Reference Processing: no references
[2.377s][debug][gc,ref            ] GC(43) Skipped phase 4 of Reference Processing: no references
[2.378s][debug][gc,ergo           ] GC(43) Running G1 Rebuild Free List Task using 4 workers for rebuilding free list of regions
[2.378s][debug][gc,plab           ] GC(43) Young PLAB allocation: allocated: 6291456B, wasted: 576B, unused: 0B, used: 6290880B, undo waste: 0B, 
[2.378s][debug][gc,plab           ] GC(43) Young other allocation: region end waste: 0B, regions filled: 6, direct allocated: 0B, failure used: 0B, failure wasted: 0B
[2.378s][debug][gc,plab           ] GC(43) Young sizing: calculated: 1258176B, actual: 1234280B
[2.378s][debug][gc,plab           ] GC(43) Old PLAB allocation: allocated: 3181056B, wasted: 48B, unused: 781568B, used: 2399440B, undo waste: 0B, 
[2.378s][debug][gc,plab           ] GC(43) Old other allocation: region end waste: 0B, regions filled: 4, direct allocated: 0B, failure used: 0B, failure wasted: 0B
[2.378s][debug][gc,plab           ] GC(43) Old sizing: calculated: 479888B, actual: 2134816B
[2.378s][debug][gc,ergo,heap      ] GC(43) Heap expansion: short term pause time ratio 38.74% long term pause time ratio 36.94% threshold 7.69% pause time ratio 7.69% fully expanded true resize by 0B
[2.378s][debug][gc,mmu            ] GC(43) MMU: 100.5ms (200.0ms/201.0ms)
[2.378s][debug][gc,alloc,stats    ] Old generation allocation in the last mutator period, old gen allocated: 3181056B, humongous allocated: 0B,old gen growth: 3181056B.
[2.378s][debug][gc,ihop           ] GC(43) Basic information (value update), threshold: 120795955B (45.00), target occupancy: 268435456B, current occupancy: 117649136B, recent allocation size: 3181056B, recent allocation duration: 59.72ms, recent old gen allocation rate: 53261983.74B/s, recent marking phase length: 0.00ms
[2.378s][debug][gc,ihop           ] GC(43) Adaptive IHOP information (value update), threshold: 120795955B (52.94), internal target occupancy: 228170137B, occupancy: 117649136B, additional buffer size: 46137344B, predicted old gen allocation rate: 548747216.11B/s, predicted marking phase length: 0.00ms, prediction active: false
[2.378s][debug][gc,ergo,refine    ] GC(43) Concurrent refinement times: Logged Cards Scan time goal: 20.00ms Logged Cards Scan time: 2.15ms HCC time: 0.00ms
[2.378s][debug][gc,ergo,refine    ] GC(43) Updated Refinement Zones: green: 10045, yellow: 30135, red: 50225
[2.378s][info ][gc,phases         ] GC(43)   Pre Evacuate Collection Set: 0.1ms
[2.378s][debug][gc,phases         ] GC(43)     Prepare TLABs: 0.0ms
[2.378s][debug][gc,phases         ] GC(43)     Concatenate Dirty Card Logs: 0.0ms
[2.378s][debug][gc,phases         ] GC(43)     Choose Collection Set: 0.0ms
[2.378s][debug][gc,phases         ] GC(43)     Region Register: 0.1ms
[2.378s][debug][gc,phases         ] GC(43)     Prepare Heap Roots: 0.0ms
[2.378s][info ][gc,phases         ] GC(43)   Merge Heap Roots: 0.2ms
[2.378s][debug][gc,phases         ] GC(43)     Prepare Merge Heap Roots: 0.0ms
[2.378s][debug][gc,phases         ] GC(43)     Eager Reclaim (ms):            skipped
[2.378s][debug][gc,phases         ] GC(43)     Remembered Sets (ms):          Min:  0.0, Avg:  0.0, Max:  0.0, Diff:  0.0, Sum:  0.1, Workers: 4
[2.378s][debug][gc,phases         ] GC(43)       Merged Sparse:                 Min: 0, Avg:  0.0, Max: 0, Diff: 0, Sum: 0, Workers: 4
[2.378s][debug][gc,phases         ] GC(43)       Merged Fine:                   Min: 7, Avg: 10.0, Max: 16, Diff: 9, Sum: 40, Workers: 4
[2.378s][debug][gc,phases         ] GC(43)       Merged Coarse:                 Min: 0, Avg:  0.0, Max: 0, Diff: 0, Sum: 0, Workers: 4
[2.378s][debug][gc,phases         ] GC(43)       Dirty Cards:                   Min: 2036, Avg: 2105.3, Max: 2301, Diff: 265, Sum: 8421, Workers: 4
[2.378s][debug][gc,phases         ] GC(43)     Hot Card Cache (ms):           Min:  0.0, Avg:  0.0, Max:  0.0, Diff:  0.0, Sum:  0.0, Workers: 4
[2.378s][debug][gc,phases         ] GC(43)       Dirty Cards:                   Min: 0, Avg:  0.0, Max: 0, Diff: 0, Sum: 0, Workers: 4
[2.378s][debug][gc,phases         ] GC(43)       Skipped Cards:                 Min: 0, Avg:  0.0, Max: 0, Diff: 0, Sum: 0, Workers: 4
[2.378s][debug][gc,phases         ] GC(43)     Log Buffers (ms):              Min:  0.0, Avg:  0.0, Max:  0.0, Diff:  0.0, Sum:  0.2, Workers: 4
[2.378s][debug][gc,phases         ] GC(43)       Dirty Cards:                   Min: 2296, Avg: 2416.8, Max: 2552, Diff: 256, Sum: 9667, Workers: 4
[2.378s][debug][gc,phases         ] GC(43)       Skipped Cards:                 Min: 0, Avg:  0.0, Max: 0, Diff: 0, Sum: 0, Workers: 4
[2.378s][info ][gc,phases         ] GC(43)   Evacuate Collection Set: 14.7ms
[2.378s][debug][gc,phases         ] GC(43)     Ext Root Scanning (ms):        Min:  0.0, Avg:  0.0, Max:  0.0, Diff:  0.0, Sum:  0.1, Workers: 4
[2.379s][debug][gc,phases         ] GC(43)     Scan Heap Roots (ms):          Min:  2.3, Avg:  4.0, Max:  4.7, Diff:  2.4, Sum: 15.8, Workers: 4
[2.379s][debug][gc,phases         ] GC(43)       Scanned Cards:                 Min: 1791, Avg: 4537.5, Max: 7461, Diff: 5670, Sum: 18150, Workers: 4
[2.379s][debug][gc,phases         ] GC(43)       Scanned Blocks:                Min: 8, Avg: 18.8, Max: 30, Diff: 22, Sum: 75, Workers: 4
[2.379s][debug][gc,phases         ] GC(43)       Claimed Chunks:                Min: 8, Avg: 18.8, Max: 30, Diff: 22, Sum: 75, Workers: 4
[2.379s][debug][gc,phases         ] GC(43)     Code Root Scan (ms):           Min:  0.0, Avg:  0.0, Max:  0.0, Diff:  0.0, Sum:  0.0, Workers: 4
[2.379s][debug][gc,phases         ] GC(43)     Object Copy (ms):              Min:  9.9, Avg: 10.7, Max: 12.4, Diff:  2.4, Sum: 42.8, Workers: 4
[2.379s][debug][gc,phases         ] GC(43)     Termination (ms):              Min:  0.0, Avg:  0.0, Max:  0.0, Diff:  0.0, Sum:  0.0, Workers: 4
[2.379s][debug][gc,phases         ] GC(43)       Termination Attempts:          Min: 1, Avg:  3.3, Max: 6, Diff: 5, Sum: 13, Workers: 4
[2.379s][debug][gc,phases         ] GC(43)     GC Worker Other (ms):          Min:  0.0, Avg:  0.0, Max:  0.0, Diff:  0.0, Sum:  0.0, Workers: 4
[2.379s][debug][gc,phases         ] GC(43)     GC Worker Total (ms):          Min: 14.7, Avg: 14.7, Max: 14.7, Diff:  0.0, Sum: 58.8, Workers: 4
[2.379s][info ][gc,phases         ] GC(43)   Post Evacuate Collection Set: 0.5ms
[2.379s][debug][gc,phases         ] GC(43)     Code Roots Fixup: 0.0ms
[2.379s][debug][gc,phases         ] GC(43)     Reference Processing: 0.2ms
[2.379s][debug][gc,phases,ref     ] GC(43)       Reconsider SoftReferences: 0.1ms
[2.379s][debug][gc,phases,ref     ] GC(43)         SoftRef (ms):                  skipped
[2.379s][debug][gc,phases,ref     ] GC(43)       Notify Soft/WeakReferences: 0.0ms
[2.379s][debug][gc,phases,ref     ] GC(43)         SoftRef (ms):                  skipped
[2.379s][debug][gc,phases,ref     ] GC(43)         WeakRef (ms):                  skipped
[2.379s][debug][gc,phases,ref     ] GC(43)         FinalRef (ms):                 skipped
[2.379s][debug][gc,phases,ref     ] GC(43)         Total (ms):                    skipped
[2.379s][debug][gc,phases,ref     ] GC(43)       Notify and keep alive finalizable: 0.0ms
[2.379s][debug][gc,phases,ref     ] GC(43)         FinalRef (ms):                 skipped
[2.379s][debug][gc,phases,ref     ] GC(43)       Notify PhantomReferences: 0.0ms
[2.379s][debug][gc,phases,ref     ] GC(43)         PhantomRef (ms):               skipped
[2.379s][debug][gc,phases,ref     ] GC(43)       SoftReference:
[2.379s][debug][gc,phases,ref     ] GC(43)         Discovered: 0
[2.379s][debug][gc,phases,ref     ] GC(43)         Cleared: 0
[2.379s][debug][gc,phases,ref     ] GC(43)       WeakReference:
[2.379s][debug][gc,phases,ref     ] GC(43)         Discovered: 0
[2.379s][debug][gc,phases,ref     ] GC(43)         Cleared: 0
[2.379s][debug][gc,phases,ref     ] GC(43)       FinalReference:
[2.379s][debug][gc,phases,ref     ] GC(43)         Discovered: 0
[2.379s][debug][gc,phases,ref     ] GC(43)         Cleared: 0
[2.379s][debug][gc,phases,ref     ] GC(43)       PhantomReference:
[2.379s][debug][gc,phases,ref     ] GC(43)         Discovered: 0
[2.379s][debug][gc,phases,ref     ] GC(43)         Cleared: 0
[2.379s][debug][gc,phases         ] GC(43)     Weak Processing: 0.0ms
[2.379s][debug][gc,phases         ] GC(43)       VM Weak                        Min:  0.0, Avg:  0.0, Max:  0.0, Diff:  0.0, Sum:  0.0, Workers: 3
[2.379s][debug][gc,phases         ] GC(43)         Dead                           Min: 0, Avg:  0.0, Max: 0, Diff: 0, Sum: 0, Workers: 3
[2.379s][debug][gc,phases         ] GC(43)         Total                          Min: 0, Avg:  2.7, Max: 8, Diff: 8, Sum: 8, Workers: 3
[2.379s][debug][gc,phases         ] GC(43)       ObjectSynchronizer Weak        Min:  0.0, Avg:  0.0, Max:  0.0, Diff:  0.0, Sum:  0.0, Workers: 3
[2.379s][debug][gc,phases         ] GC(43)         Dead                           Min: 0, Avg:  0.0, Max: 0, Diff: 0, Sum: 0, Workers: 3
[2.379s][debug][gc,phases         ] GC(43)         Total                          Min: 0, Avg:  1.0, Max: 3, Diff: 3, Sum: 3, Workers: 3
[2.379s][debug][gc,phases         ] GC(43)       JVMTI Tag Weak OopStorage      Min:  0.0, Avg:  0.0, Max:  0.0, Diff:  0.0, Sum:  0.0, Workers: 3
[2.379s][debug][gc,phases         ] GC(43)         Dead                           Min: 0, Avg:  0.0, Max: 0, Diff: 0, Sum: 0, Workers: 3
[2.379s][debug][gc,phases         ] GC(43)         Total                          Min: 0, Avg:  0.0, Max: 0, Diff: 0, Sum: 0, Workers: 3
[2.379s][debug][gc,phases         ] GC(43)       StringTable Weak               Min:  0.0, Avg:  0.0, Max:  0.0, Diff:  0.0, Sum:  0.0, Workers: 3
[2.379s][debug][gc,phases         ] GC(43)         Dead                           Min: 0, Avg:  0.0, Max: 0, Diff: 0, Sum: 0, Workers: 3
[2.379s][debug][gc,phases         ] GC(43)         Total                          Min: 768, Avg: 819.0, Max: 896, Diff: 128, Sum: 2457, Workers: 3
[2.379s][debug][gc,phases         ] GC(43)       ResolvedMethodTable Weak       Min:  0.0, Avg:  0.0, Max:  0.0, Diff:  0.0, Sum:  0.0, Workers: 3
[2.379s][debug][gc,phases         ] GC(43)         Dead                           Min: 0, Avg:  0.0, Max: 0, Diff: 0, Sum: 0, Workers: 3
[2.379s][debug][gc,phases         ] GC(43)         Total                          Min: 0, Avg: 45.7, Max: 73, Diff: 73, Sum: 137, Workers: 3
[2.379s][debug][gc,phases         ] GC(43)       JNI Weak                       Min:  0.0, Avg:  0.0, Max:  0.0, Diff:  0.0, Sum:  0.0, Workers: 3
[2.379s][debug][gc,phases         ] GC(43)         Dead                           Min: 0, Avg:  0.0, Max: 0, Diff: 0, Sum: 0, Workers: 3
[2.379s][debug][gc,phases         ] GC(43)         Total                          Min: 0, Avg:  0.0, Max: 0, Diff: 0, Sum: 0, Workers: 3
[2.380s][debug][gc,phases         ] GC(43)       StringDedup Table Weak         Min:  0.0, Avg:  0.0, Max:  0.0, Diff:  0.0, Sum:  0.0, Workers: 3
[2.380s][debug][gc,phases         ] GC(43)         Dead                           Min: 0, Avg:  0.0, Max: 0, Diff: 0, Sum: 0, Workers: 3
[2.380s][debug][gc,phases         ] GC(43)         Total                          Min: 0, Avg:  0.0, Max: 0, Diff: 0, Sum: 0, Workers: 3
[2.380s][debug][gc,phases         ] GC(43)       StringDedup Requests0 Weak     Min:  0.0, Avg:  0.0, Max:  0.0, Diff:  0.0, Sum:  0.0, Workers: 3
[2.380s][debug][gc,phases         ] GC(43)         Dead                           Min: 0, Avg:  0.0, Max: 0, Diff: 0, Sum: 0, Workers: 3
[2.380s][debug][gc,phases         ] GC(43)         Total                          Min: 0, Avg:  0.0, Max: 0, Diff: 0, Sum: 0, Workers: 3
[2.380s][debug][gc,phases         ] GC(43)       StringDedup Requests1 Weak     Min:  0.0, Avg:  0.0, Max:  0.0, Diff:  0.0, Sum:  0.0, Workers: 3
[2.380s][debug][gc,phases         ] GC(43)         Dead                           Min: 0, Avg:  0.0, Max: 0, Diff: 0, Sum: 0, Workers: 3
[2.380s][debug][gc,phases         ] GC(43)         Total                          Min: 0, Avg:  0.0, Max: 0, Diff: 0, Sum: 0, Workers: 3
[2.380s][debug][gc,phases         ] GC(43)       Weak JFR Old Object Samples    Min:  0.0, Avg:  0.0, Max:  0.0, Diff:  0.0, Sum:  0.0, Workers: 3
[2.380s][debug][gc,phases         ] GC(43)         Dead                           Min: 0, Avg:  0.0, Max: 0, Diff: 0, Sum: 0, Workers: 3
[2.380s][debug][gc,phases         ] GC(43)         Total                          Min: 0, Avg:  0.0, Max: 0, Diff: 0, Sum: 0, Workers: 3
[2.380s][debug][gc,phases         ] GC(43)     Post Evacuate Cleanup 1: 0.0ms
[2.380s][debug][gc,phases         ] GC(43)       Merge Per-Thread State (ms):   Min:  0.0, Avg:  0.0, Max:  0.0, Diff:  0.0, Sum:  0.0, Workers: 1
[2.380s][debug][gc,phases         ] GC(43)         Copied Bytes                   Min: 1422768, Avg: 2172580.0, Max: 2968384, Diff: 1545616, Sum: 8690320, Workers: 4
[2.380s][debug][gc,phases         ] GC(43)         LAB Waste                      Min: 96, Avg: 156.0, Max: 224, Diff: 128, Sum: 624, Workers: 4
[2.380s][debug][gc,phases         ] GC(43)         LAB Undo Waste                 Min: 0, Avg:  0.0, Max: 0, Diff: 0, Sum: 0, Workers: 4
[2.380s][debug][gc,phases         ] GC(43)       Clear Logged Cards (ms):       Min:  0.0, Avg:  0.0, Max:  0.0, Diff:  0.0, Sum:  0.0, Workers: 3
[2.380s][debug][gc,phases         ] GC(43)       Recalculate Used Memory (ms):  Min:  0.0, Avg:  0.0, Max:  0.0, Diff:  0.0, Sum:  0.0, Workers: 1
[2.380s][debug][gc,phases         ] GC(43)     Post Evacuate Cleanup 2: 0.1ms
[2.380s][debug][gc,phases         ] GC(43)       Reset Hot Card Cache (ms):     Min:  0.0, Avg:  0.0, Max:  0.0, Diff:  0.0, Sum:  0.0, Workers: 1
[2.380s][debug][gc,phases         ] GC(43)       Purge Code Roots (ms):         Min:  0.0, Avg:  0.0, Max:  0.0, Diff:  0.0, Sum:  0.0, Workers: 1
[2.380s][debug][gc,phases         ] GC(43)       Update Derived Pointers (ms):  Min:  0.0, Avg:  0.0, Max:  0.0, Diff:  0.0, Sum:  0.0, Workers: 1
[2.380s][debug][gc,phases         ] GC(43)       Eagerly Reclaim Humongous Objects (ms): Min:  0.0, Avg:  0.0, Max:  0.0, Diff:  0.0, Sum:  0.0, Workers: 1
[2.380s][debug][gc,phases         ] GC(43)         Humongous Total                Min: 1, Avg:  1.0, Max: 1, Diff: 0, Sum: 1, Workers: 1
[2.380s][debug][gc,phases         ] GC(43)         Humongous Candidates           Min: 0, Avg:  0.0, Max: 0, Diff: 0, Sum: 0, Workers: 1
[2.380s][debug][gc,phases         ] GC(43)         Humongous Reclaimed            Min: 0, Avg:  0.0, Max: 0, Diff: 0, Sum: 0, Workers: 1
[2.380s][debug][gc,phases         ] GC(43)       Redirty Logged Cards (ms):     Min:  0.0, Avg:  0.0, Max:  0.0, Diff:  0.0, Sum:  0.0, Workers: 4
[2.380s][debug][gc,phases         ] GC(43)         Redirtied Cards:               Min: 0, Avg: 769.0, Max: 1992, Diff: 1992, Sum: 3076, Workers: 4
[2.380s][debug][gc,phases         ] GC(43)       Free Collection Set (ms):      Min:  0.0, Avg:  0.0, Max:  0.0, Diff:  0.0, Sum:  0.0, Workers: 4
[2.380s][debug][gc,phases         ] GC(43)     Rebuild Free List: 0.1ms
[2.380s][debug][gc,phases         ] GC(43)     Start New Collection Set: 0.0ms
[2.380s][debug][gc,phases         ] GC(43)     Resize TLABs: 0.0ms
[2.380s][debug][gc,phases         ] GC(43)     Expand Heap After Collection: 0.0ms
[2.380s][info ][gc,phases         ] GC(43)   Other: 0.8ms
[2.380s][info ][gc,heap           ] GC(43) Eden regions: 36->0(38)
[2.380s][info ][gc,heap           ] GC(43) Survivor regions: 7->6(6)
[2.380s][info ][gc,heap           ] GC(43) Old regions: 69->72
[2.380s][info ][gc,heap           ] GC(43) Archive regions: 0->0
[2.380s][info ][gc,heap           ] GC(43) Humongous regions: 36->36
[2.380s][info ][gc,metaspace      ] GC(43) Metaspace: 470K(640K)->470K(640K) NonClass: 437K(512K)->437K(512K) Class: 33K(128K)->33K(128K)
[2.380s][debug][gc,heap           ] GC(43) Heap after GC invocations=41 (full 2):
[2.380s][debug][gc,heap           ] GC(43)  garbage-first heap   total 262144K, used 114891K [0x00000000f0000000, 0x0000000100000000)
[2.380s][debug][gc,heap           ] GC(43)   region size 1024K, 6 young (6144K), 6 survivors (6144K)
[2.380s][debug][gc,heap           ] GC(43)  Metaspace       used 470K, committed 640K, reserved 1056768K
[2.380s][debug][gc,heap           ] GC(43)   class space    used 33K, committed 128K, reserved 1048576K
[2.380s][info ][gc                ] GC(43) Pause Young (Normal) (G1 Evacuation Pause) 146M->112M(256M) 18.355ms
[2.380s][info ][gc,cpu            ] GC(43) User=0.06s Sys=0.00s Real=0.02s
[2.380s][debug][gc,refine         ] Deactivated worker 0, off threshold: 10045, current: 3076, refined cards: 0
[2.402s][debug][gc,refine         ] Activated worker 0, on threshold: 10557, current: 10756
[2.404s][debug][gc,refine         ] Deactivated worker 0, off threshold: 10045, current: 9931, refined cards: 1081
[2.406s][debug][gc,refine         ] Activated worker 0, on threshold: 10557, current: 10699
[2.407s][debug][gc,refine         ] Deactivated worker 0, off threshold: 10045, current: 9871, refined cards: 828
[2.408s][debug][gc,refine         ] Activated worker 0, on threshold: 10557, current: 10639
[2.409s][debug][gc,refine         ] Deactivated worker 0, off threshold: 10045, current: 9984, refined cards: 655
[2.410s][debug][gc,refine         ] Activated worker 0, on threshold: 10557, current: 10752
[2.411s][debug][gc,refine         ] Deactivated worker 0, off threshold: 10045, current: 9984, refined cards: 768
[2.412s][debug][gc,refine         ] Activated worker 0, on threshold: 10557, current: 10752
[2.414s][debug][gc,refine         ] Deactivated worker 0, off threshold: 10045, current: 9984, refined cards: 1024
[2.416s][debug][gc,refine         ] Activated worker 0, on threshold: 10557, current: 10752
[2.417s][debug][gc,refine         ] Deactivated worker 0, off threshold: 10045, current: 9984, refined cards: 1024
[2.419s][debug][gc,refine         ] Activated worker 0, on threshold: 10557, current: 10752
[2.420s][debug][gc,refine         ] Deactivated worker 0, off threshold: 10045, current: 9984, refined cards: 768
[2.421s][debug][gc,refine         ] Activated worker 0, on threshold: 10557, current: 10752
[2.423s][debug][gc,refine         ] Deactivated worker 0, off threshold: 10045, current: 9984, refined cards: 1024
[2.425s][debug][gc,refine         ] Activated worker 0, on threshold: 10557, current: 10752
[2.425s][debug][gc,refine         ] Deactivated worker 0, off threshold: 10045, current: 9984, refined cards: 768
[2.427s][debug][gc,refine         ] Activated worker 0, on threshold: 10557, current: 10752
[2.428s][debug][gc,refine         ] Deactivated worker 0, off threshold: 10045, current: 9984, refined cards: 768
[2.430s][debug][gc,refine         ] Activated worker 0, on threshold: 10557, current: 10752
[2.431s][debug][gc,refine         ] Deactivated worker 0, off threshold: 10045, current: 9984, refined cards: 768
[2.432s][debug][gc,refine         ] Activated worker 0, on threshold: 10557, current: 10752
[2.433s][debug][gc,refine         ] Deactivated worker 0, off threshold: 10045, current: 9984, refined cards: 768
[2.434s][debug][gc,refine         ] Activated worker 0, on threshold: 10557, current: 10752
[2.435s][debug][gc,refine         ] Deactivated worker 0, off threshold: 10045, current: 9984, refined cards: 768
[2.436s][debug][gc,refine         ] Activated worker 0, on threshold: 10557, current: 10752
[2.437s][debug][gc,refine         ] Deactivated worker 0, off threshold: 10045, current: 9984, refined cards: 768
[2.439s][debug][gc,heap           ] GC(44) Heap before GC invocations=41 (full 2):
[2.439s][debug][gc,heap           ] GC(44)  garbage-first heap   total 262144K, used 153803K [0x00000000f0000000, 0x0000000100000000)
[2.439s][debug][gc,heap           ] GC(44)   region size 1024K, 44 young (45056K), 6 survivors (6144K)
[2.439s][debug][gc,heap           ] GC(44)  Metaspace       used 470K, committed 640K, reserved 1056768K
[2.439s][debug][gc,heap           ] GC(44)   class space    used 33K, committed 128K, reserved 1048576K
[2.440s][info ][gc,start          ] GC(44) Pause Young (Normal) (G1 Evacuation Pause)
[2.440s][info ][gc,task           ] GC(44) Using 4 workers of 4 for evacuation
[2.440s][debug][gc,tlab           ] GC(44) TLAB totals: thrds: 1  refills: 114 max: 114 slow allocs: 0 max 0 waste:  0.2% gc: 0B max: 0B slow: 65664B max: 65664B
[2.440s][debug][gc,age            ] GC(44) Desired survivor size 3145728 bytes, new threshold 1 (max threshold 15)
[2.440s][debug][gc,refine         ] Activated worker 0, on threshold: 10557, current: 10721
[2.440s][debug][gc,refine,stats   ] GC(44) Mutator refinement: 0.00ms, refined: 0, precleaned: 0, dirtied: 19425
[2.440s][debug][gc,refine,stats   ] GC(44) Concurrent refinement: 11.17ms, refined: 11780, precleaned: 0, dirtied: 0
[2.440s][debug][gc,refine,stats   ] GC(44) Total refinement: 11.17ms, refined: 11780, precleaned: 0, dirtied: 19425
[2.440s][debug][gc,refine,stats   ] GC(44) Concurrent refinement rate: 1054.65 cards/ms
[2.440s][debug][gc,refine,stats   ] GC(44) Generate dirty cards rate: 314.32 cards/ms
[2.440s][debug][gc,alloc,region   ] GC(44) Mutator Allocation stats, regions: 38, wasted size: 0B ( 0.0%)
[2.440s][debug][gc,humongous      ] GC(44) Humongous region 173 (object size 36920416 @ 0x00000000fad00000) remset 0 code roots 0 marked 0 reclaim candidate 0 type array 0
[2.440s][debug][gc,ergo           ] GC(44) Running G1 Merge Heap Roots using 4 workers for 44 regions
[2.440s][debug][gc,remset         ] GC(44) Visited cards 23552 Total dirty 24576 (95.83%) Total old 401408 (5.87%)
[2.475s][debug][gc,task,start     ] G1 Service Thread (Remembered Set Sampling Task) (run)
[2.502s][debug][gc,ref            ] GC(44) Skipped phase 1 of Reference Processing: no references
[2.502s][debug][gc,ref            ] GC(44) Skipped phase 2 of Reference Processing: no references
[2.502s][debug][gc,ref            ] GC(44) Skipped phase 3 of Reference Processing: no references
[2.502s][debug][gc,ref            ] GC(44) Skipped phase 4 of Reference Processing: no references
[2.503s][debug][gc,ergo           ] GC(44) Running G1 Rebuild Free List Task using 4 workers for rebuilding free list of regions
[2.503s][debug][gc,plab           ] GC(44) Young PLAB allocation: allocated: 6291456B, wasted: 576B, unused: 0B, used: 6290880B, undo waste: 0B, 
[2.503s][debug][gc,plab           ] GC(44) Young other allocation: region end waste: 0B, regions filled: 6, direct allocated: 0B, failure used: 0B, failure wasted: 0B
[2.503s][debug][gc,plab           ] GC(44) Young sizing: calculated: 1258176B, actual: 1252200B
[2.503s][debug][gc,plab           ] GC(44) Old PLAB allocation: allocated: 40894464B, wasted: 1184B, unused: 1113056B, used: 39780224B, undo waste: 0B, 
[2.503s][debug][gc,plab           ] GC(44) Old other allocation: region end waste: 0B, regions filled: 39, direct allocated: 0B, failure used: 0B, failure wasted: 0B
[2.503s][debug][gc,plab           ] GC(44) Old sizing: calculated: 7956040B, actual: 6500728B
[2.503s][debug][gc,ergo,heap      ] GC(44) Heap expansion: short term pause time ratio 20.89% long term pause time ratio 35.29% threshold 7.69% pause time ratio 7.69% fully expanded true resize by 0B
[2.503s][debug][gc,ergo,ihop      ] GC(44) Request concurrent cycle initiation (occupancy higher than threshold) occupancy: 154140672B allocation request: 0B threshold: 120795955B (45.00) source: end of GC
[2.503s][debug][gc,mmu            ] GC(44) MMU: 79.5ms (200.0ms/201.0ms)
[2.503s][debug][gc,alloc,stats    ] Old generation allocation in the last mutator period, old gen allocated: 40894464B, humongous allocated: 0B,old gen growth: 40894464B.
[2.503s][debug][gc,ihop           ] GC(44) Basic information (value update), threshold: 120795955B (45.00), target occupancy: 268435456B, current occupancy: 158543600B, recent allocation size: 40894464B, recent allocation duration: 61.80ms, recent old gen allocation rate: 661730213.77B/s, recent marking phase length: 0.00ms
[2.503s][debug][gc,ihop           ] GC(44) Adaptive IHOP information (value update), threshold: 120795955B (52.94), internal target occupancy: 228170137B, occupancy: 158543600B, additional buffer size: 30408704B, predicted old gen allocation rate: 560761878.61B/s, predicted marking phase length: 0.00ms, prediction active: false
[2.503s][debug][gc,ergo,refine    ] GC(44) Concurrent refinement times: Logged Cards Scan time goal: 20.00ms Logged Cards Scan time: 4.79ms HCC time: 0.00ms
[2.503s][debug][gc,ergo,refine    ] GC(44) Updated Refinement Zones: green: 11049, yellow: 33147, red: 55245
[2.503s][info ][gc,phases         ] GC(44)   Pre Evacuate Collection Set: 0.1ms
[2.503s][debug][gc,phases         ] GC(44)     Prepare TLABs: 0.0ms
[2.503s][debug][gc,phases         ] GC(44)     Concatenate Dirty Card Logs: 0.0ms
[2.503s][debug][gc,phases         ] GC(44)     Choose Collection Set: 0.0ms
[2.503s][debug][gc,phases         ] GC(44)     Region Register: 0.1ms
[2.503s][debug][gc,phases         ] GC(44)     Prepare Heap Roots: 0.0ms
[2.503s][info ][gc,phases         ] GC(44)   Merge Heap Roots: 0.2ms
[2.503s][debug][gc,phases         ] GC(44)     Prepare Merge Heap Roots: 0.0ms
[2.503s][debug][gc,phases         ] GC(44)     Eager Reclaim (ms):            skipped
[2.503s][debug][gc,phases         ] GC(44)     Remembered Sets (ms):          Min:  0.0, Avg:  0.0, Max:  0.0, Diff:  0.0, Sum:  0.1, Workers: 4
[2.503s][debug][gc,phases         ] GC(44)       Merged Sparse:                 Min: 0, Avg:  0.0, Max: 0, Diff: 0, Sum: 0, Workers: 4
[2.503s][debug][gc,phases         ] GC(44)       Merged Fine:                   Min: 5, Avg:  7.8, Max: 10, Diff: 5, Sum: 31, Workers: 4
[2.503s][debug][gc,phases         ] GC(44)       Merged Coarse:                 Min: 0, Avg:  0.0, Max: 0, Diff: 0, Sum: 0, Workers: 4
[2.504s][debug][gc,phases         ] GC(44)       Dirty Cards:                   Min: 2550, Avg: 2937.8, Max: 3072, Diff: 522, Sum: 11751, Workers: 4
[2.504s][debug][gc,phases         ] GC(44)     Hot Card Cache (ms):           Min:  0.0, Avg:  0.0, Max:  0.0, Diff:  0.0, Sum:  0.0, Workers: 4
[2.504s][debug][gc,phases         ] GC(44)       Dirty Cards:                   Min: 0, Avg:  0.0, Max: 0, Diff: 0, Sum: 0, Workers: 4
[2.504s][debug][gc,phases         ] GC(44)       Skipped Cards:                 Min: 0, Avg:  0.0, Max: 0, Diff: 0, Sum: 0, Workers: 4
[2.504s][debug][gc,phases         ] GC(44)     Log Buffers (ms):              Min:  0.0, Avg:  0.0, Max:  0.1, Diff:  0.0, Sum:  0.2, Workers: 4
[2.504s][debug][gc,phases         ] GC(44)       Dirty Cards:                   Min: 2552, Avg: 2672.3, Max: 2808, Diff: 256, Sum: 10689, Workers: 4
[2.504s][debug][gc,phases         ] GC(44)       Skipped Cards:                 Min: 0, Avg:  0.0, Max: 0, Diff: 0, Sum: 0, Workers: 4
[2.504s][info ][gc,phases         ] GC(44)   Evacuate Collection Set: 62.2ms
[2.504s][debug][gc,phases         ] GC(44)     Ext Root Scanning (ms):        Min:  0.0, Avg:  0.0, Max:  0.0, Diff:  0.0, Sum:  0.1, Workers: 4
[2.504s][debug][gc,phases         ] GC(44)     Scan Heap Roots (ms):          Min:  9.0, Avg: 10.0, Max: 11.3, Diff:  2.3, Sum: 39.9, Workers: 4
[2.504s][debug][gc,phases         ] GC(44)       Scanned Cards:                 Min: 5380, Avg: 5625.3, Max: 5748, Diff: 368, Sum: 22501, Workers: 4
[2.504s][debug][gc,phases         ] GC(44)       Scanned Blocks:                Min: 22, Avg: 23.0, Max: 24, Diff: 2, Sum: 92, Workers: 4
[2.504s][debug][gc,phases         ] GC(44)       Claimed Chunks:                Min: 22, Avg: 23.0, Max: 24, Diff: 2, Sum: 92, Workers: 4
[2.504s][debug][gc,phases         ] GC(44)     Code Root Scan (ms):           Min:  0.0, Avg:  0.0, Max:  0.0, Diff:  0.0, Sum:  0.0, Workers: 4
[2.504s][debug][gc,phases         ] GC(44)     Object Copy (ms):              Min: 50.8, Avg: 52.1, Max: 53.1, Diff:  2.3, Sum: 208.5, Workers: 4
[2.504s][debug][gc,phases         ] GC(44)     Termination (ms):              Min:  0.0, Avg:  0.0, Max:  0.0, Diff:  0.0, Sum:  0.0, Workers: 4
[2.504s][debug][gc,phases         ] GC(44)       Termination Attempts:          Min: 1, Avg:  1.3, Max: 2, Diff: 1, Sum: 5, Workers: 4
[2.504s][debug][gc,phases         ] GC(44)     GC Worker Other (ms):          Min:  0.0, Avg:  0.0, Max:  0.0, Diff:  0.0, Sum:  0.0, Workers: 4
[2.504s][debug][gc,phases         ] GC(44)     GC Worker Total (ms):          Min: 62.1, Avg: 62.1, Max: 62.1, Diff:  0.0, Sum: 248.5, Workers: 4
[2.504s][info ][gc,phases         ] GC(44)   Post Evacuate Collection Set: 0.5ms
[2.504s][debug][gc,phases         ] GC(44)     Code Roots Fixup: 0.0ms
[2.504s][debug][gc,phases         ] GC(44)     Reference Processing: 0.2ms
[2.504s][debug][gc,phases,ref     ] GC(44)       Reconsider SoftReferences: 0.1ms
[2.504s][debug][gc,phases,ref     ] GC(44)         SoftRef (ms):                  skipped
[2.504s][debug][gc,phases,ref     ] GC(44)       Notify Soft/WeakReferences: 0.0ms
[2.504s][debug][gc,phases,ref     ] GC(44)         SoftRef (ms):                  skipped
[2.504s][debug][gc,phases,ref     ] GC(44)         WeakRef (ms):                  skipped
[2.504s][debug][gc,phases,ref     ] GC(44)         FinalRef (ms):                 skipped
[2.504s][debug][gc,phases,ref     ] GC(44)         Total (ms):                    skipped
[2.504s][debug][gc,phases,ref     ] GC(44)       Notify and keep alive finalizable: 0.0ms
[2.504s][debug][gc,phases,ref     ] GC(44)         FinalRef (ms):                 skipped
[2.504s][debug][gc,phases,ref     ] GC(44)       Notify PhantomReferences: 0.0ms
[2.504s][debug][gc,phases,ref     ] GC(44)         PhantomRef (ms):               skipped
[2.504s][debug][gc,phases,ref     ] GC(44)       SoftReference:
[2.504s][debug][gc,phases,ref     ] GC(44)         Discovered: 0
[2.504s][debug][gc,phases,ref     ] GC(44)         Cleared: 0
[2.504s][debug][gc,phases,ref     ] GC(44)       WeakReference:
[2.504s][debug][gc,phases,ref     ] GC(44)         Discovered: 0
[2.504s][debug][gc,phases,ref     ] GC(44)         Cleared: 0
[2.504s][debug][gc,phases,ref     ] GC(44)       FinalReference:
[2.504s][debug][gc,phases,ref     ] GC(44)         Discovered: 0
[2.504s][debug][gc,phases,ref     ] GC(44)         Cleared: 0
[2.504s][debug][gc,phases,ref     ] GC(44)       PhantomReference:
[2.504s][debug][gc,phases,ref     ] GC(44)         Discovered: 0
[2.504s][debug][gc,phases,ref     ] GC(44)         Cleared: 0
[2.504s][debug][gc,phases         ] GC(44)     Weak Processing: 0.0ms
[2.504s][debug][gc,phases         ] GC(44)       VM Weak                        Min:  0.0, Avg:  0.0, Max:  0.0, Diff:  0.0, Sum:  0.0, Workers: 3
[2.504s][debug][gc,phases         ] GC(44)         Dead                           Min: 0, Avg:  0.0, Max: 0, Diff: 0, Sum: 0, Workers: 3
[2.504s][debug][gc,phases         ] GC(44)         Total                          Min: 0, Avg:  2.7, Max: 8, Diff: 8, Sum: 8, Workers: 3
[2.504s][debug][gc,phases         ] GC(44)       ObjectSynchronizer Weak        Min:  0.0, Avg:  0.0, Max:  0.0, Diff:  0.0, Sum:  0.0, Workers: 3
[2.504s][debug][gc,phases         ] GC(44)         Dead                           Min: 0, Avg:  0.0, Max: 0, Diff: 0, Sum: 0, Workers: 3
[2.504s][debug][gc,phases         ] GC(44)         Total                          Min: 0, Avg:  1.0, Max: 3, Diff: 3, Sum: 3, Workers: 3
[2.504s][debug][gc,phases         ] GC(44)       JVMTI Tag Weak OopStorage      Min:  0.0, Avg:  0.0, Max:  0.0, Diff:  0.0, Sum:  0.0, Workers: 3
[2.505s][debug][gc,phases         ] GC(44)         Dead                           Min: 0, Avg:  0.0, Max: 0, Diff: 0, Sum: 0, Workers: 3
[2.505s][debug][gc,phases         ] GC(44)         Total                          Min: 0, Avg:  0.0, Max: 0, Diff: 0, Sum: 0, Workers: 3
[2.505s][debug][gc,phases         ] GC(44)       StringTable Weak               Min:  0.0, Avg:  0.0, Max:  0.0, Diff:  0.0, Sum:  0.0, Workers: 3
[2.505s][debug][gc,phases         ] GC(44)         Dead                           Min: 0, Avg:  0.0, Max: 0, Diff: 0, Sum: 0, Workers: 3
[2.505s][debug][gc,phases         ] GC(44)         Total                          Min: 512, Avg: 819.0, Max: 1024, Diff: 512, Sum: 2457, Workers: 3
[2.505s][debug][gc,phases         ] GC(44)       ResolvedMethodTable Weak       Min:  0.0, Avg:  0.0, Max:  0.0, Diff:  0.0, Sum:  0.0, Workers: 3
[2.505s][debug][gc,phases         ] GC(44)         Dead                           Min: 0, Avg:  0.0, Max: 0, Diff: 0, Sum: 0, Workers: 3
[2.505s][debug][gc,phases         ] GC(44)         Total                          Min: 9, Avg: 45.7, Max: 64, Diff: 55, Sum: 137, Workers: 3
[2.505s][debug][gc,phases         ] GC(44)       JNI Weak                       Min:  0.0, Avg:  0.0, Max:  0.0, Diff:  0.0, Sum:  0.0, Workers: 3
[2.505s][debug][gc,phases         ] GC(44)         Dead                           Min: 0, Avg:  0.0, Max: 0, Diff: 0, Sum: 0, Workers: 3
[2.505s][debug][gc,phases         ] GC(44)         Total                          Min: 0, Avg:  0.0, Max: 0, Diff: 0, Sum: 0, Workers: 3
[2.505s][debug][gc,phases         ] GC(44)       StringDedup Table Weak         Min:  0.0, Avg:  0.0, Max:  0.0, Diff:  0.0, Sum:  0.0, Workers: 3
[2.505s][debug][gc,phases         ] GC(44)         Dead                           Min: 0, Avg:  0.0, Max: 0, Diff: 0, Sum: 0, Workers: 3
[2.505s][debug][gc,phases         ] GC(44)         Total                          Min: 0, Avg:  0.0, Max: 0, Diff: 0, Sum: 0, Workers: 3
[2.505s][debug][gc,phases         ] GC(44)       StringDedup Requests0 Weak     Min:  0.0, Avg:  0.0, Max:  0.0, Diff:  0.0, Sum:  0.0, Workers: 3
[2.505s][debug][gc,phases         ] GC(44)         Dead                           Min: 0, Avg:  0.0, Max: 0, Diff: 0, Sum: 0, Workers: 3
[2.505s][debug][gc,phases         ] GC(44)         Total                          Min: 0, Avg:  0.0, Max: 0, Diff: 0, Sum: 0, Workers: 3
[2.505s][debug][gc,phases         ] GC(44)       StringDedup Requests1 Weak     Min:  0.0, Avg:  0.0, Max:  0.0, Diff:  0.0, Sum:  0.0, Workers: 3
[2.505s][debug][gc,phases         ] GC(44)         Dead                           Min: 0, Avg:  0.0, Max: 0, Diff: 0, Sum: 0, Workers: 3
[2.505s][debug][gc,phases         ] GC(44)         Total                          Min: 0, Avg:  0.0, Max: 0, Diff: 0, Sum: 0, Workers: 3
[2.505s][debug][gc,phases         ] GC(44)       Weak JFR Old Object Samples    Min:  0.0, Avg:  0.0, Max:  0.0, Diff:  0.0, Sum:  0.0, Workers: 3
[2.505s][debug][gc,phases         ] GC(44)         Dead                           Min: 0, Avg:  0.0, Max: 0, Diff: 0, Sum: 0, Workers: 3
[2.505s][debug][gc,phases         ] GC(44)         Total                          Min: 0, Avg:  0.0, Max: 0, Diff: 0, Sum: 0, Workers: 3
[2.505s][debug][gc,phases         ] GC(44)     Post Evacuate Cleanup 1: 0.0ms
[2.505s][debug][gc,phases         ] GC(44)       Merge Per-Thread State (ms):   Min:  0.0, Avg:  0.0, Max:  0.0, Diff:  0.0, Sum:  0.0, Workers: 1
[2.505s][debug][gc,phases         ] GC(44)         Copied Bytes                   Min: 11187696, Avg: 11517776.0, Max: 11726016, Diff: 538320, Sum: 46071104, Workers: 4
[2.505s][debug][gc,phases         ] GC(44)         LAB Waste                      Min: 336, Avg: 440.0, Max: 488, Diff: 152, Sum: 1760, Workers: 4
[2.505s][debug][gc,phases         ] GC(44)         LAB Undo Waste                 Min: 0, Avg:  0.0, Max: 0, Diff: 0, Sum: 0, Workers: 4
[2.505s][debug][gc,phases         ] GC(44)       Clear Logged Cards (ms):       Min:  0.0, Avg:  0.0, Max:  0.0, Diff:  0.0, Sum:  0.0, Workers: 3
[2.505s][debug][gc,phases         ] GC(44)       Recalculate Used Memory (ms):  Min:  0.0, Avg:  0.0, Max:  0.0, Diff:  0.0, Sum:  0.0, Workers: 1
[2.505s][debug][gc,phases         ] GC(44)     Post Evacuate Cleanup 2: 0.1ms
[2.505s][debug][gc,phases         ] GC(44)       Reset Hot Card Cache (ms):     Min:  0.0, Avg:  0.0, Max:  0.0, Diff:  0.0, Sum:  0.0, Workers: 1
[2.505s][debug][gc,phases         ] GC(44)       Purge Code Roots (ms):         Min:  0.0, Avg:  0.0, Max:  0.0, Diff:  0.0, Sum:  0.0, Workers: 1
[2.505s][debug][gc,phases         ] GC(44)       Update Derived Pointers (ms):  Min:  0.0, Avg:  0.0, Max:  0.0, Diff:  0.0, Sum:  0.0, Workers: 1
[2.505s][debug][gc,phases         ] GC(44)       Eagerly Reclaim Humongous Objects (ms): Min:  0.0, Avg:  0.0, Max:  0.0, Diff:  0.0, Sum:  0.0, Workers: 1
[2.505s][debug][gc,phases         ] GC(44)         Humongous Total                Min: 1, Avg:  1.0, Max: 1, Diff: 0, Sum: 1, Workers: 1
[2.505s][debug][gc,phases         ] GC(44)         Humongous Candidates           Min: 0, Avg:  0.0, Max: 0, Diff: 0, Sum: 0, Workers: 1
[2.505s][debug][gc,phases         ] GC(44)         Humongous Reclaimed            Min: 0, Avg:  0.0, Max: 0, Diff: 0, Sum: 0, Workers: 1
[2.505s][debug][gc,phases         ] GC(44)       Redirty Logged Cards (ms):     Min:  0.0, Avg:  0.0, Max:  0.0, Diff:  0.0, Sum:  0.0, Workers: 4
[2.505s][debug][gc,phases         ] GC(44)         Redirtied Cards:               Min: 0, Avg: 768.8, Max: 1222, Diff: 1222, Sum: 3075, Workers: 4
[2.505s][debug][gc,phases         ] GC(44)       Free Collection Set (ms):      Min:  0.0, Avg:  0.0, Max:  0.0, Diff:  0.0, Sum:  0.1, Workers: 4
[2.505s][debug][gc,phases         ] GC(44)     Rebuild Free List: 0.1ms
[2.505s][debug][gc,phases         ] GC(44)     Start New Collection Set: 0.0ms
[2.505s][debug][gc,phases         ] GC(44)     Resize TLABs: 0.0ms
[2.506s][debug][gc,phases         ] GC(44)     Expand Heap After Collection: 0.0ms
[2.506s][info ][gc,phases         ] GC(44)   Other: 0.9ms
[2.506s][info ][gc,heap           ] GC(44) Eden regions: 38->0(23)
[2.506s][info ][gc,heap           ] GC(44) Survivor regions: 6->6(6)
[2.506s][info ][gc,heap           ] GC(44) Old regions: 72->111
[2.506s][info ][gc,heap           ] GC(44) Archive regions: 0->0
[2.506s][info ][gc,heap           ] GC(44) Humongous regions: 36->36
[2.506s][info ][gc,metaspace      ] GC(44) Metaspace: 470K(640K)->470K(640K) NonClass: 437K(512K)->437K(512K) Class: 33K(128K)->33K(128K)
[2.506s][debug][gc,heap           ] GC(44) Heap after GC invocations=42 (full 2):
[2.506s][debug][gc,heap           ] GC(44)  garbage-first heap   total 262144K, used 154827K [0x00000000f0000000, 0x0000000100000000)
[2.506s][debug][gc,heap           ] GC(44)   region size 1024K, 6 young (6144K), 6 survivors (6144K)
[2.506s][debug][gc,heap           ] GC(44)  Metaspace       used 470K, committed 640K, reserved 1056768K
[2.506s][debug][gc,heap           ] GC(44)   class space    used 33K, committed 128K, reserved 1048576K
[2.506s][info ][gc                ] GC(44) Pause Young (Normal) (G1 Evacuation Pause) 150M->151M(256M) 66.201ms
[2.506s][info ][gc,cpu            ] GC(44) User=0.19s Sys=0.00s Real=0.07s
[2.506s][debug][gc,task           ] G1 Service Thread (Remembered Set Sampling Task) (run) 30.818ms (cpu: 0.000ms)
[2.506s][debug][gc,refine         ] Deactivated worker 0, off threshold: 11049, current: 3075, refined cards: 0
[2.533s][debug][gc,refine         ] Activated worker 0, on threshold: 11561, current: 11779
[2.535s][debug][gc,refine         ] Deactivated worker 0, off threshold: 11049, current: 10844, refined cards: 1191
[2.536s][debug][gc,refine         ] Activated worker 0, on threshold: 11561, current: 11612
[2.537s][debug][gc,refine         ] Deactivated worker 0, off threshold: 11049, current: 10844, refined cards: 768
[2.539s][debug][gc,refine         ] Activated worker 0, on threshold: 11561, current: 11612
[2.539s][debug][gc,refine         ] Deactivated worker 0, off threshold: 11049, current: 11008, refined cards: 604
[2.541s][debug][gc,refine         ] Activated worker 0, on threshold: 11561, current: 11776
[2.542s][debug][gc,refine         ] Deactivated worker 0, off threshold: 11049, current: 11008, refined cards: 1024
[2.542s][debug][gc,heap           ] GC(45) Heap before GC invocations=42 (full 2):
[2.542s][debug][gc,heap           ] GC(45)  garbage-first heap   total 262144K, used 178379K [0x00000000f0000000, 0x0000000100000000)
[2.542s][debug][gc,heap           ] GC(45)   region size 1024K, 29 young (29696K), 6 survivors (6144K)
[2.542s][debug][gc,heap           ] GC(45)  Metaspace       used 470K, committed 640K, reserved 1056768K
[2.542s][debug][gc,heap           ] GC(45)   class space    used 33K, committed 128K, reserved 1048576K
[2.542s][debug][gc,ergo           ] GC(45) Initiate concurrent cycle (concurrent cycle initiation requested)
[2.542s][info ][gc,start          ] GC(45) Pause Young (Concurrent Start) (G1 Evacuation Pause)
[2.542s][info ][gc,task           ] GC(45) Using 4 workers of 4 for evacuation
[2.542s][debug][gc,tlab           ] GC(45) TLAB totals: thrds: 1  refills: 92 max: 92 slow allocs: 0 max 0 waste:  0.2% gc: 0B max: 0B slow: 52992B max: 52992B
[2.542s][debug][gc,age            ] GC(45) Desired survivor size 2097152 bytes, new threshold 1 (max threshold 15)
[2.543s][debug][gc,refine,stats   ] GC(45) Mutator refinement: 0.00ms, refined: 0, precleaned: 0, dirtied: 11751
[2.543s][debug][gc,refine,stats   ] GC(45) Concurrent refinement: 3.46ms, refined: 3587, precleaned: 0, dirtied: 0
[2.543s][debug][gc,refine,stats   ] GC(45) Total refinement: 3.46ms, refined: 3587, precleaned: 0, dirtied: 11751
[2.543s][debug][gc,refine,stats   ] GC(45) Concurrent refinement rate: 1036.59 cards/ms
[2.543s][debug][gc,refine,stats   ] GC(45) Generate dirty cards rate: 296.29 cards/ms
[2.543s][debug][gc,alloc,region   ] GC(45) Mutator Allocation stats, regions: 23, wasted size: 0B ( 0.0%)
[2.543s][debug][gc,humongous      ] GC(45) Humongous region 173 (object size 36920416 @ 0x00000000fad00000) remset 0 code roots 0 marked 0 reclaim candidate 0 type array 0
[2.543s][debug][gc,ergo           ] GC(45) Running G1 Merge Heap Roots using 4 workers for 29 regions
[2.543s][debug][gc,remset         ] GC(45) Visited cards 15616 Total dirty 20480 (76.25%) Total old 419840 (3.72%)
[2.584s][debug][gc,ref            ] GC(45) Skipped phase 1 of Reference Processing: no references
[2.584s][debug][gc,ref            ] GC(45) Skipped phase 2 of Reference Processing: no references
[2.584s][debug][gc,ref            ] GC(45) Skipped phase 3 of Reference Processing: no references
[2.584s][debug][gc,ref            ] GC(45) Skipped phase 4 of Reference Processing: no references
[2.585s][debug][gc,ergo           ] GC(45) Running G1 Rebuild Free List Task using 4 workers for rebuilding free list of regions
[2.585s][debug][gc,plab           ] GC(45) Young PLAB allocation: allocated: 4194304B, wasted: 384B, unused: 0B, used: 4193920B, undo waste: 0B, 
[2.585s][debug][gc,plab           ] GC(45) Young other allocation: region end waste: 0B, regions filled: 4, direct allocated: 0B, failure used: 0B, failure wasted: 0B
[2.585s][debug][gc,plab           ] GC(45) Young sizing: calculated: 838784B, actual: 942136B
[2.585s][debug][gc,plab           ] GC(45) Old PLAB allocation: allocated: 27262976B, wasted: 768B, unused: 1100992B, used: 26161216B, undo waste: 0B, 
[2.585s][debug][gc,plab           ] GC(45) Old other allocation: region end waste: 0B, regions filled: 26, direct allocated: 0B, failure used: 0B, failure wasted: 0B
[2.585s][debug][gc,plab           ] GC(45) Old sizing: calculated: 5232240B, actual: 5549360B
[2.585s][debug][gc,ergo,heap      ] GC(45) Heap expansion: short term pause time ratio 50.58% long term pause time ratio 36.83% threshold 7.69% pause time ratio 7.69% fully expanded true resize by 0B
[2.585s][debug][gc,mmu            ] GC(45) MMU: 105.8ms (200.0ms/201.0ms)
[2.585s][debug][gc,alloc,stats    ] Old generation allocation in the last mutator period, old gen allocated: 27262976B, humongous allocated: 0B,old gen growth: 27262976B.
[2.585s][debug][gc,ihop           ] GC(45) Basic information (value update), threshold: 120795955B (45.00), target occupancy: 268435456B, current occupancy: 183709424B, recent allocation size: 27262976B, recent allocation duration: 39.66ms, recent old gen allocation rate: 687410515.27B/s, recent marking phase length: 0.00ms
[2.585s][debug][gc,ihop           ] GC(45) Adaptive IHOP information (value update), threshold: 120795955B (52.94), internal target occupancy: 228170137B, occupancy: 183709424B, additional buffer size: 19922944B, predicted old gen allocation rate: 573732998.74B/s, predicted marking phase length: 0.00ms, prediction active: false
[2.585s][debug][gc,ergo,refine    ] GC(45) Concurrent refinement times: Logged Cards Scan time goal: 20.00ms Logged Cards Scan time: 4.02ms HCC time: 0.00ms
[2.585s][debug][gc,ergo,refine    ] GC(45) Updated Refinement Zones: green: 12153, yellow: 36459, red: 60765
[2.585s][info ][gc,phases         ] GC(45)   Pre Evacuate Collection Set: 0.1ms
[2.585s][debug][gc,phases         ] GC(45)     Prepare TLABs: 0.0ms
[2.585s][debug][gc,phases         ] GC(45)     Concatenate Dirty Card Logs: 0.0ms
[2.585s][debug][gc,phases         ] GC(45)     Choose Collection Set: 0.0ms
[2.585s][debug][gc,phases         ] GC(45)     Region Register: 0.1ms
[2.585s][debug][gc,phases         ] GC(45)     Prepare Heap Roots: 0.0ms
[2.586s][debug][gc,phases         ] GC(45)     Clear Claimed Marks: 0.0ms
[2.586s][info ][gc,phases         ] GC(45)   Merge Heap Roots: 0.2ms
[2.586s][debug][gc,phases         ] GC(45)     Prepare Merge Heap Roots: 0.0ms
[2.586s][debug][gc,phases         ] GC(45)     Eager Reclaim (ms):            skipped
[2.586s][debug][gc,phases         ] GC(45)     Remembered Sets (ms):          Min:  0.0, Avg:  0.0, Max:  0.0, Diff:  0.0, Sum:  0.1, Workers: 4
[2.586s][debug][gc,phases         ] GC(45)       Merged Sparse:                 Min: 0, Avg:  0.3, Max: 1, Diff: 1, Sum: 1, Workers: 4
[2.586s][debug][gc,phases         ] GC(45)       Merged Fine:                   Min: 3, Avg:  4.5, Max: 6, Diff: 3, Sum: 18, Workers: 4
[2.586s][debug][gc,phases         ] GC(45)       Merged Coarse:                 Min: 0, Avg:  0.0, Max: 0, Diff: 0, Sum: 0, Workers: 4
[2.586s][debug][gc,phases         ] GC(45)       Dirty Cards:                   Min: 505, Avg: 889.0, Max: 1020, Diff: 515, Sum: 3556, Workers: 4
[2.586s][debug][gc,phases         ] GC(45)     Hot Card Cache (ms):           Min:  0.0, Avg:  0.0, Max:  0.0, Diff:  0.0, Sum:  0.0, Workers: 4
[2.586s][debug][gc,phases         ] GC(45)       Dirty Cards:                   Min: 0, Avg:  0.0, Max: 0, Diff: 0, Sum: 0, Workers: 4
[2.586s][debug][gc,phases         ] GC(45)       Skipped Cards:                 Min: 0, Avg:  0.0, Max: 0, Diff: 0, Sum: 0, Workers: 4
[2.586s][debug][gc,phases         ] GC(45)     Log Buffers (ms):              Min:  0.0, Avg:  0.1, Max:  0.1, Diff:  0.0, Sum:  0.2, Workers: 4
[2.586s][debug][gc,phases         ] GC(45)       Dirty Cards:                   Min: 2783, Avg: 2801.8, Max: 2808, Diff: 25, Sum: 11207, Workers: 4
[2.586s][debug][gc,phases         ] GC(45)       Skipped Cards:                 Min: 0, Avg:  0.0, Max: 0, Diff: 0, Sum: 0, Workers: 4
[2.586s][info ][gc,phases         ] GC(45)   Evacuate Collection Set: 41.5ms
[2.586s][debug][gc,phases         ] GC(45)     Ext Root Scanning (ms):        Min:  0.0, Avg:  0.0, Max:  0.1, Diff:  0.1, Sum:  0.2, Workers: 4
[2.586s][debug][gc,phases         ] GC(45)     Scan Heap Roots (ms):          Min:  4.7, Avg:  5.3, Max:  6.0, Diff:  1.3, Sum: 21.0, Workers: 4
[2.586s][debug][gc,phases         ] GC(45)       Scanned Cards:                 Min: 3319, Avg: 3706.5, Max: 4249, Diff: 930, Sum: 14826, Workers: 4
[2.586s][debug][gc,phases         ] GC(45)       Scanned Blocks:                Min: 14, Avg: 15.3, Max: 18, Diff: 4, Sum: 61, Workers: 4
[2.586s][debug][gc,phases         ] GC(45)       Claimed Chunks:                Min: 14, Avg: 15.3, Max: 18, Diff: 4, Sum: 61, Workers: 4
[2.586s][debug][gc,phases         ] GC(45)     Code Root Scan (ms):           Min:  0.0, Avg:  0.0, Max:  0.0, Diff:  0.0, Sum:  0.0, Workers: 4
[2.586s][debug][gc,phases         ] GC(45)     Object Copy (ms):              Min: 35.3, Avg: 36.1, Max: 36.6, Diff:  1.3, Sum: 144.3, Workers: 4
[2.586s][debug][gc,phases         ] GC(45)     Termination (ms):              Min:  0.0, Avg:  0.0, Max:  0.0, Diff:  0.0, Sum:  0.1, Workers: 4
[2.586s][debug][gc,phases         ] GC(45)       Termination Attempts:          Min: 1, Avg:  7.5, Max: 13, Diff: 12, Sum: 30, Workers: 4
[2.586s][debug][gc,phases         ] GC(45)     GC Worker Other (ms):          Min:  0.0, Avg:  0.0, Max:  0.0, Diff:  0.0, Sum:  0.1, Workers: 4
[2.586s][debug][gc,phases         ] GC(45)     GC Worker Total (ms):          Min: 41.4, Avg: 41.4, Max: 41.4, Diff:  0.0, Sum: 165.7, Workers: 4
[2.586s][info ][gc,phases         ] GC(45)   Post Evacuate Collection Set: 0.5ms
[2.586s][debug][gc,phases         ] GC(45)     Code Roots Fixup: 0.0ms
[2.586s][debug][gc,phases         ] GC(45)     Reference Processing: 0.2ms
[2.586s][debug][gc,phases,ref     ] GC(45)       Reconsider SoftReferences: 0.1ms
[2.586s][debug][gc,phases,ref     ] GC(45)         SoftRef (ms):                  skipped
[2.586s][debug][gc,phases,ref     ] GC(45)       Notify Soft/WeakReferences: 0.0ms
[2.586s][debug][gc,phases,ref     ] GC(45)         SoftRef (ms):                  skipped
[2.586s][debug][gc,phases,ref     ] GC(45)         WeakRef (ms):                  skipped
[2.586s][debug][gc,phases,ref     ] GC(45)         FinalRef (ms):                 skipped
[2.586s][debug][gc,phases,ref     ] GC(45)         Total (ms):                    skipped
[2.586s][debug][gc,phases,ref     ] GC(45)       Notify and keep alive finalizable: 0.0ms
[2.586s][debug][gc,phases,ref     ] GC(45)         FinalRef (ms):                 skipped
[2.586s][debug][gc,phases,ref     ] GC(45)       Notify PhantomReferences: 0.0ms
[2.586s][debug][gc,phases,ref     ] GC(45)         PhantomRef (ms):               skipped
[2.586s][debug][gc,phases,ref     ] GC(45)       SoftReference:
[2.586s][debug][gc,phases,ref     ] GC(45)         Discovered: 0
[2.586s][debug][gc,phases,ref     ] GC(45)         Cleared: 0
[2.586s][debug][gc,phases,ref     ] GC(45)       WeakReference:
[2.586s][debug][gc,phases,ref     ] GC(45)         Discovered: 0
[2.586s][debug][gc,phases,ref     ] GC(45)         Cleared: 0
[2.586s][debug][gc,phases,ref     ] GC(45)       FinalReference:
[2.587s][debug][gc,phases,ref     ] GC(45)         Discovered: 0
[2.587s][debug][gc,phases,ref     ] GC(45)         Cleared: 0
[2.587s][debug][gc,phases,ref     ] GC(45)       PhantomReference:
[2.587s][debug][gc,phases,ref     ] GC(45)         Discovered: 0
[2.587s][debug][gc,phases,ref     ] GC(45)         Cleared: 0
[2.587s][debug][gc,phases         ] GC(45)     Weak Processing: 0.1ms
[2.587s][debug][gc,phases         ] GC(45)       VM Weak                        Min:  0.0, Avg:  0.0, Max:  0.0, Diff:  0.0, Sum:  0.0, Workers: 3
[2.587s][debug][gc,phases         ] GC(45)         Dead                           Min: 0, Avg:  0.0, Max: 0, Diff: 0, Sum: 0, Workers: 3
[2.587s][debug][gc,phases         ] GC(45)         Total                          Min: 0, Avg:  2.7, Max: 8, Diff: 8, Sum: 8, Workers: 3
[2.587s][debug][gc,phases         ] GC(45)       ObjectSynchronizer Weak        Min:  0.0, Avg:  0.0, Max:  0.0, Diff:  0.0, Sum:  0.0, Workers: 3
[2.587s][debug][gc,phases         ] GC(45)         Dead                           Min: 0, Avg:  0.0, Max: 0, Diff: 0, Sum: 0, Workers: 3
[2.587s][debug][gc,phases         ] GC(45)         Total                          Min: 0, Avg:  1.0, Max: 3, Diff: 3, Sum: 3, Workers: 3
[2.587s][debug][gc,phases         ] GC(45)       JVMTI Tag Weak OopStorage      Min:  0.0, Avg:  0.0, Max:  0.0, Diff:  0.0, Sum:  0.0, Workers: 3
[2.587s][debug][gc,phases         ] GC(45)         Dead                           Min: 0, Avg:  0.0, Max: 0, Diff: 0, Sum: 0, Workers: 3
[2.587s][debug][gc,phases         ] GC(45)         Total                          Min: 0, Avg:  0.0, Max: 0, Diff: 0, Sum: 0, Workers: 3
[2.587s][debug][gc,phases         ] GC(45)       StringTable Weak               Min:  0.0, Avg:  0.0, Max:  0.0, Diff:  0.0, Sum:  0.0, Workers: 3
[2.587s][debug][gc,phases         ] GC(45)         Dead                           Min: 0, Avg:  0.0, Max: 0, Diff: 0, Sum: 0, Workers: 3
[2.587s][debug][gc,phases         ] GC(45)         Total                          Min: 384, Avg: 819.0, Max: 1152, Diff: 768, Sum: 2457, Workers: 3
[2.587s][debug][gc,phases         ] GC(45)       ResolvedMethodTable Weak       Min:  0.0, Avg:  0.0, Max:  0.0, Diff:  0.0, Sum:  0.0, Workers: 3
[2.587s][debug][gc,phases         ] GC(45)         Dead                           Min: 0, Avg:  0.0, Max: 0, Diff: 0, Sum: 0, Workers: 3
[2.587s][debug][gc,phases         ] GC(45)         Total                          Min: 0, Avg: 45.7, Max: 73, Diff: 73, Sum: 137, Workers: 3
[2.587s][debug][gc,phases         ] GC(45)       JNI Weak                       Min:  0.0, Avg:  0.0, Max:  0.0, Diff:  0.0, Sum:  0.0, Workers: 3
[2.587s][debug][gc,phases         ] GC(45)         Dead                           Min: 0, Avg:  0.0, Max: 0, Diff: 0, Sum: 0, Workers: 3
[2.587s][debug][gc,phases         ] GC(45)         Total                          Min: 0, Avg:  0.0, Max: 0, Diff: 0, Sum: 0, Workers: 3
[2.587s][debug][gc,phases         ] GC(45)       StringDedup Table Weak         Min:  0.0, Avg:  0.0, Max:  0.0, Diff:  0.0, Sum:  0.0, Workers: 3
[2.587s][debug][gc,phases         ] GC(45)         Dead                           Min: 0, Avg:  0.0, Max: 0, Diff: 0, Sum: 0, Workers: 3
[2.587s][debug][gc,phases         ] GC(45)         Total                          Min: 0, Avg:  0.0, Max: 0, Diff: 0, Sum: 0, Workers: 3
[2.587s][debug][gc,phases         ] GC(45)       StringDedup Requests0 Weak     Min:  0.0, Avg:  0.0, Max:  0.0, Diff:  0.0, Sum:  0.0, Workers: 3
[2.587s][debug][gc,phases         ] GC(45)         Dead                           Min: 0, Avg:  0.0, Max: 0, Diff: 0, Sum: 0, Workers: 3
[2.587s][debug][gc,phases         ] GC(45)         Total                          Min: 0, Avg:  0.0, Max: 0, Diff: 0, Sum: 0, Workers: 3
[2.587s][debug][gc,phases         ] GC(45)       StringDedup Requests1 Weak     Min:  0.0, Avg:  0.0, Max:  0.0, Diff:  0.0, Sum:  0.0, Workers: 3
[2.588s][debug][gc,phases         ] GC(45)         Dead                           Min: 0, Avg:  0.0, Max: 0, Diff: 0, Sum: 0, Workers: 3
[2.588s][debug][gc,phases         ] GC(45)         Total                          Min: 0, Avg:  0.0, Max: 0, Diff: 0, Sum: 0, Workers: 3
[2.588s][debug][gc,phases         ] GC(45)       Weak JFR Old Object Samples    Min:  0.0, Avg:  0.0, Max:  0.0, Diff:  0.0, Sum:  0.0, Workers: 3
[2.588s][debug][gc,phases         ] GC(45)         Dead                           Min: 0, Avg:  0.0, Max: 0, Diff: 0, Sum: 0, Workers: 3
[2.588s][debug][gc,phases         ] GC(45)         Total                          Min: 0, Avg:  0.0, Max: 0, Diff: 0, Sum: 0, Workers: 3
[2.588s][debug][gc,phases         ] GC(45)     Post Evacuate Cleanup 1: 0.0ms
[2.588s][debug][gc,phases         ] GC(45)       Merge Per-Thread State (ms):   Min:  0.0, Avg:  0.0, Max:  0.0, Diff:  0.0, Sum:  0.0, Workers: 1
[2.588s][debug][gc,phases         ] GC(45)         Copied Bytes                   Min: 6534800, Avg: 7588784.0, Max: 8748896, Diff: 2214096, Sum: 30355136, Workers: 4
[2.588s][debug][gc,phases         ] GC(45)         LAB Waste                      Min: 224, Avg: 288.0, Max: 344, Diff: 120, Sum: 1152, Workers: 4
[2.588s][debug][gc,phases         ] GC(45)         LAB Undo Waste                 Min: 0, Avg:  0.0, Max: 0, Diff: 0, Sum: 0, Workers: 4
[2.588s][debug][gc,phases         ] GC(45)       Clear Logged Cards (ms):       Min:  0.0, Avg:  0.0, Max:  0.0, Diff:  0.0, Sum:  0.0, Workers: 3
[2.588s][debug][gc,phases         ] GC(45)       Recalculate Used Memory (ms):  Min:  0.0, Avg:  0.0, Max:  0.0, Diff:  0.0, Sum:  0.0, Workers: 1
[2.588s][debug][gc,phases         ] GC(45)     Post Evacuate Cleanup 2: 0.1ms
[2.588s][debug][gc,phases         ] GC(45)       Reset Hot Card Cache (ms):     Min:  0.0, Avg:  0.0, Max:  0.0, Diff:  0.0, Sum:  0.0, Workers: 1
[2.588s][debug][gc,phases         ] GC(45)       Purge Code Roots (ms):         Min:  0.0, Avg:  0.0, Max:  0.0, Diff:  0.0, Sum:  0.0, Workers: 1
[2.588s][debug][gc,phases         ] GC(45)       Update Derived Pointers (ms):  Min:  0.0, Avg:  0.0, Max:  0.0, Diff:  0.0, Sum:  0.0, Workers: 1
[2.589s][debug][gc,phases         ] GC(45)       Eagerly Reclaim Humongous Objects (ms): Min:  0.0, Avg:  0.0, Max:  0.0, Diff:  0.0, Sum:  0.0, Workers: 1
[2.589s][debug][gc,phases         ] GC(45)         Humongous Total                Min: 1, Avg:  1.0, Max: 1, Diff: 0, Sum: 1, Workers: 1
[2.589s][debug][gc,phases         ] GC(45)         Humongous Candidates           Min: 0, Avg:  0.0, Max: 0, Diff: 0, Sum: 0, Workers: 1
[2.589s][debug][gc,phases         ] GC(45)         Humongous Reclaimed            Min: 0, Avg:  0.0, Max: 0, Diff: 0, Sum: 0, Workers: 1
[2.589s][debug][gc,phases         ] GC(45)       Redirty Logged Cards (ms):     Min:  0.0, Avg:  0.0, Max:  0.0, Diff:  0.0, Sum:  0.0, Workers: 4
[2.589s][debug][gc,phases         ] GC(45)         Redirtied Cards:               Min: 0, Avg: 512.8, Max: 1539, Diff: 1539, Sum: 2051, Workers: 4
[2.589s][debug][gc,phases         ] GC(45)       Free Collection Set (ms):      Min:  0.0, Avg:  0.0, Max:  0.0, Diff:  0.0, Sum:  0.0, Workers: 4
[2.589s][debug][gc,phases         ] GC(45)     Rebuild Free List: 0.2ms
[2.589s][debug][gc,phases         ] GC(45)     Start New Collection Set: 0.0ms
[2.589s][debug][gc,phases         ] GC(45)     Resize TLABs: 0.0ms
[2.589s][debug][gc,phases         ] GC(45)     Expand Heap After Collection: 0.0ms
[2.589s][info ][gc,phases         ] GC(45)   Other: 0.9ms
[2.589s][info ][gc,heap           ] GC(45) Eden regions: 23->0(15)
[2.589s][info ][gc,heap           ] GC(45) Survivor regions: 6->4(4)
[2.589s][info ][gc,heap           ] GC(45) Old regions: 111->137
[2.589s][info ][gc,heap           ] GC(45) Archive regions: 0->0
[2.589s][info ][gc,heap           ] GC(45) Humongous regions: 36->36
[2.589s][info ][gc,metaspace      ] GC(45) Metaspace: 470K(640K)->470K(640K) NonClass: 437K(512K)->437K(512K) Class: 33K(128K)->33K(128K)
[2.589s][debug][gc,heap           ] GC(45) Heap after GC invocations=43 (full 2):
[2.589s][debug][gc,heap           ] GC(45)  garbage-first heap   total 262144K, used 179403K [0x00000000f0000000, 0x0000000100000000)
[2.589s][debug][gc,heap           ] GC(45)   region size 1024K, 4 young (4096K), 4 survivors (4096K)
[2.589s][debug][gc,heap           ] GC(45)  Metaspace       used 470K, committed 640K, reserved 1056768K
[2.589s][debug][gc,heap           ] GC(45)   class space    used 33K, committed 128K, reserved 1048576K
[2.589s][info ][gc                ] GC(45) Pause Young (Concurrent Start) (G1 Evacuation Pause) 174M->175M(256M) 46.716ms
[2.589s][info ][gc,cpu            ] GC(45) User=0.13s Sys=0.02s Real=0.05s
[2.589s][info ][gc                ] GC(46) Concurrent Mark Cycle
[2.589s][info ][gc,marking        ] GC(46) Concurrent Clear Claimed Marks
[2.589s][info ][gc,marking        ] GC(46) Concurrent Clear Claimed Marks 0.024ms
[2.589s][info ][gc,marking        ] GC(46) Concurrent Scan Root Regions
[2.589s][debug][gc,ergo           ] GC(46) Running G1 Root Region Scan using 1 workers for 30 work units.
[2.607s][info ][gc,marking        ] GC(46) Concurrent Scan Root Regions 17.969ms
[2.607s][info ][gc,marking        ] GC(46) Concurrent Mark
[2.607s][info ][gc,marking        ] GC(46) Concurrent Mark From Roots
[2.607s][info ][gc,task           ] GC(46) Using 1 workers of 1 for marking
[2.617s][debug][gc,heap           ] GC(47) Heap before GC invocations=43 (full 2):
[2.617s][debug][gc,heap           ] GC(47)  garbage-first heap   total 262144K, used 194763K [0x00000000f0000000, 0x0000000100000000)
[2.617s][debug][gc,heap           ] GC(47)   region size 1024K, 19 young (19456K), 4 survivors (4096K)
[2.617s][debug][gc,heap           ] GC(47)  Metaspace       used 470K, committed 640K, reserved 1056768K
[2.617s][debug][gc,heap           ] GC(47)   class space    used 33K, committed 128K, reserved 1048576K
[2.617s][info ][gc,start          ] GC(47) Pause Young (Normal) (G1 Evacuation Pause)
[2.617s][info ][gc,task           ] GC(47) Using 4 workers of 4 for evacuation
[2.617s][debug][gc,tlab           ] GC(47) TLAB totals: thrds: 1  refills: 75 max: 75 slow allocs: 0 max 0 waste:  0.3% gc: 0B max: 0B slow: 43680B max: 43680B
[2.617s][debug][gc,age            ] GC(47) Desired survivor size 1572864 bytes, new threshold 1 (max threshold 15)
[2.617s][debug][gc,refine,stats   ] GC(47) Mutator refinement: 0.00ms, refined: 0, precleaned: 0, dirtied: 7696
[2.617s][debug][gc,refine,stats   ] GC(47) Concurrent refinement: 0.00ms, refined: 0, precleaned: 0, dirtied: 0
[2.617s][debug][gc,refine,stats   ] GC(47) Total refinement: 0.00ms, refined: 0, precleaned: 0, dirtied: 7696
[2.617s][debug][gc,refine,stats   ] GC(47) Generate dirty cards rate: 241.23 cards/ms
[2.617s][debug][gc,alloc,region   ] GC(47) Mutator Allocation stats, regions: 15, wasted size: 0B ( 0.0%)
[2.617s][debug][gc,humongous      ] GC(47) Humongous region 173 (object size 36920416 @ 0x00000000fad00000) remset 0 code roots 0 marked 1 reclaim candidate 0 type array 0
[2.617s][debug][gc,ergo           ] GC(47) Running G1 Merge Heap Roots using 4 workers for 19 regions
[2.617s][debug][gc,remset         ] GC(47) Visited cards 11520 Total dirty 20480 (56.25%) Total old 432128 (2.67%)
[2.644s][debug][gc,ref            ] GC(47) Skipped phase 1 of Reference Processing: no references
[2.644s][debug][gc,ref            ] GC(47) Skipped phase 2 of Reference Processing: no references
[2.644s][debug][gc,ref            ] GC(47) Skipped phase 3 of Reference Processing: no references
[2.644s][debug][gc,ref            ] GC(47) Skipped phase 4 of Reference Processing: no references
[2.644s][debug][gc,ergo           ] GC(47) Running G1 Rebuild Free List Task using 4 workers for rebuilding free list of regions
[2.644s][debug][gc,plab           ] GC(47) Young PLAB allocation: allocated: 3145728B, wasted: 336B, unused: 0B, used: 3145392B, undo waste: 0B, 
[2.644s][debug][gc,plab           ] GC(47) Young other allocation: region end waste: 0B, regions filled: 3, direct allocated: 0B, failure used: 0B, failure wasted: 0B
[2.644s][debug][gc,plab           ] GC(47) Young sizing: calculated: 629072B, actual: 707336B
[2.644s][debug][gc,plab           ] GC(47) Old PLAB allocation: allocated: 17301504B, wasted: 464B, unused: 567552B, used: 16733488B, undo waste: 0B, 
[2.644s][debug][gc,plab           ] GC(47) Old other allocation: region end waste: 0B, regions filled: 17, direct allocated: 0B, failure used: 0B, failure wasted: 0B
[2.645s][debug][gc,plab           ] GC(47) Old sizing: calculated: 3346696B, actual: 3897360B
[2.645s][debug][gc,ergo,heap      ] GC(47) Heap expansion: short term pause time ratio 51.74% long term pause time ratio 38.08% threshold 7.69% pause time ratio 7.69% fully expanded true resize by 0B
[2.645s][debug][gc,mmu            ] GC(47) MMU: 129.4ms (200.0ms/201.0ms)
[2.645s][debug][gc,alloc,stats    ] Old generation allocation in the last mutator period, old gen allocated: 17301504B, humongous allocated: 0B,old gen growth: 17301504B.
[2.645s][debug][gc,ihop           ] GC(47) Basic information (value update), threshold: 120795955B (45.00), target occupancy: 268435456B, current occupancy: 199962352B, recent allocation size: 17301504B, recent allocation duration: 31.90ms, recent old gen allocation rate: 542307395.74B/s, recent marking phase length: 0.00ms
[2.645s][debug][gc,ihop           ] GC(47) Adaptive IHOP information (value update), threshold: 120795955B (52.94), internal target occupancy: 228170137B, occupancy: 199962352B, additional buffer size: 13631488B, predicted old gen allocation rate: 576255072.91B/s, predicted marking phase length: 0.00ms, prediction active: false
[2.645s][debug][gc,ergo,refine    ] GC(47) Concurrent refinement times: Logged Cards Scan time goal: 20.00ms Logged Cards Scan time: 3.84ms HCC time: 0.00ms
[2.645s][debug][gc,ergo,refine    ] GC(47) Updated Refinement Zones: green: 12153, yellow: 36459, red: 60765
[2.645s][info ][gc,phases         ] GC(47)   Pre Evacuate Collection Set: 0.1ms
[2.645s][debug][gc,phases         ] GC(47)     Prepare TLABs: 0.0ms
[2.645s][debug][gc,phases         ] GC(47)     Concatenate Dirty Card Logs: 0.0ms
[2.645s][debug][gc,phases         ] GC(47)     Choose Collection Set: 0.0ms
[2.645s][debug][gc,phases         ] GC(47)     Region Register: 0.1ms
[2.645s][debug][gc,phases         ] GC(47)     Prepare Heap Roots: 0.0ms
[2.645s][info ][gc,phases         ] GC(47)   Merge Heap Roots: 0.1ms
[2.645s][debug][gc,phases         ] GC(47)     Prepare Merge Heap Roots: 0.0ms
[2.645s][debug][gc,phases         ] GC(47)     Eager Reclaim (ms):            skipped
[2.645s][debug][gc,phases         ] GC(47)     Remembered Sets (ms):          Min:  0.0, Avg:  0.0, Max:  0.0, Diff:  0.0, Sum:  0.0, Workers: 4
[2.645s][debug][gc,phases         ] GC(47)       Merged Sparse:                 Min: 0, Avg:  0.0, Max: 0, Diff: 0, Sum: 0, Workers: 4
[2.645s][debug][gc,phases         ] GC(47)       Merged Fine:                   Min: 0, Avg:  0.0, Max: 0, Diff: 0, Sum: 0, Workers: 4
[2.645s][debug][gc,phases         ] GC(47)       Merged Coarse:                 Min: 0, Avg:  0.0, Max: 0, Diff: 0, Sum: 0, Workers: 4
[2.645s][debug][gc,phases         ] GC(47)       Dirty Cards:                   Min: 0, Avg:  0.0, Max: 0, Diff: 0, Sum: 0, Workers: 4
[2.645s][debug][gc,phases         ] GC(47)     Hot Card Cache (ms):           Min:  0.0, Avg:  0.0, Max:  0.0, Diff:  0.0, Sum:  0.0, Workers: 4
[2.645s][debug][gc,phases         ] GC(47)       Dirty Cards:                   Min: 0, Avg:  0.0, Max: 0, Diff: 0, Sum: 0, Workers: 4
[2.645s][debug][gc,phases         ] GC(47)       Skipped Cards:                 Min: 0, Avg:  0.0, Max: 0, Diff: 0, Sum: 0, Workers: 4
[2.645s][debug][gc,phases         ] GC(47)     Log Buffers (ms):              Min:  0.0, Avg:  0.0, Max:  0.0, Diff:  0.0, Sum:  0.2, Workers: 4
[2.645s][debug][gc,phases         ] GC(47)       Dirty Cards:                   Min: 2299, Avg: 2428.8, Max: 2552, Diff: 253, Sum: 9715, Workers: 4
[2.645s][debug][gc,phases         ] GC(47)       Skipped Cards:                 Min: 0, Avg:  0.0, Max: 0, Diff: 0, Sum: 0, Workers: 4
[2.645s][info ][gc,phases         ] GC(47)   Evacuate Collection Set: 26.7ms
[2.645s][debug][gc,phases         ] GC(47)     Ext Root Scanning (ms):        Min:  0.0, Avg:  0.0, Max:  0.0, Diff:  0.0, Sum:  0.1, Workers: 4
[2.645s][debug][gc,phases         ] GC(47)     Scan Heap Roots (ms):          Min:  3.1, Avg:  3.8, Max:  5.2, Diff:  2.1, Sum: 15.2, Workers: 4
[2.645s][debug][gc,phases         ] GC(47)       Scanned Cards:                 Min: 2304, Avg: 2436.8, Max: 2717, Diff: 413, Sum: 9747, Workers: 4
[2.645s][debug][gc,phases         ] GC(47)       Scanned Blocks:                Min: 9, Avg: 13.3, Max: 24, Diff: 15, Sum: 53, Workers: 4
[2.646s][debug][gc,phases         ] GC(47)       Claimed Chunks:                Min: 9, Avg: 11.3, Max: 16, Diff: 7, Sum: 45, Workers: 4
[2.646s][debug][gc,phases         ] GC(47)     Code Root Scan (ms):           Min:  0.0, Avg:  0.0, Max:  0.0, Diff:  0.0, Sum:  0.0, Workers: 4
[2.646s][debug][gc,phases         ] GC(47)     Object Copy (ms):              Min: 21.2, Avg: 22.7, Max: 23.4, Diff:  2.1, Sum: 90.7, Workers: 4
[2.646s][debug][gc,phases         ] GC(47)     Termination (ms):              Min:  0.0, Avg:  0.1, Max:  0.2, Diff:  0.2, Sum:  0.3, Workers: 4
[2.646s][debug][gc,phases         ] GC(47)       Termination Attempts:          Min: 1, Avg:  1.0, Max: 1, Diff: 0, Sum: 4, Workers: 4
[2.646s][debug][gc,phases         ] GC(47)     GC Worker Other (ms):          Min:  0.0, Avg:  0.0, Max:  0.0, Diff:  0.0, Sum:  0.0, Workers: 4
[2.646s][debug][gc,phases         ] GC(47)     GC Worker Total (ms):          Min: 26.5, Avg: 26.6, Max: 26.7, Diff:  0.2, Sum: 106.3, Workers: 4
[2.646s][info ][gc,phases         ] GC(47)   Post Evacuate Collection Set: 0.4ms
[2.646s][debug][gc,phases         ] GC(47)     Code Roots Fixup: 0.0ms
[2.646s][debug][gc,phases         ] GC(47)     Reference Processing: 0.1ms
[2.646s][debug][gc,phases,ref     ] GC(47)       Reconsider SoftReferences: 0.1ms
[2.646s][debug][gc,phases,ref     ] GC(47)         SoftRef (ms):                  skipped
[2.646s][debug][gc,phases,ref     ] GC(47)       Notify Soft/WeakReferences: 0.0ms
[2.646s][debug][gc,phases,ref     ] GC(47)         SoftRef (ms):                  skipped
[2.646s][debug][gc,phases,ref     ] GC(47)         WeakRef (ms):                  skipped
[2.646s][debug][gc,phases,ref     ] GC(47)         FinalRef (ms):                 skipped
[2.646s][debug][gc,phases,ref     ] GC(47)         Total (ms):                    skipped
[2.646s][debug][gc,phases,ref     ] GC(47)       Notify and keep alive finalizable: 0.0ms
[2.646s][debug][gc,phases,ref     ] GC(47)         FinalRef (ms):                 skipped
[2.646s][debug][gc,phases,ref     ] GC(47)       Notify PhantomReferences: 0.0ms
[2.646s][debug][gc,phases,ref     ] GC(47)         PhantomRef (ms):               skipped
[2.646s][debug][gc,phases,ref     ] GC(47)       SoftReference:
[2.646s][debug][gc,phases,ref     ] GC(47)         Discovered: 0
[2.646s][debug][gc,phases,ref     ] GC(47)         Cleared: 0
[2.646s][debug][gc,phases,ref     ] GC(47)       WeakReference:
[2.646s][debug][gc,phases,ref     ] GC(47)         Discovered: 0
[2.646s][debug][gc,phases,ref     ] GC(47)         Cleared: 0
[2.646s][debug][gc,phases,ref     ] GC(47)       FinalReference:
[2.646s][debug][gc,phases,ref     ] GC(47)         Discovered: 0
[2.646s][debug][gc,phases,ref     ] GC(47)         Cleared: 0
[2.646s][debug][gc,phases,ref     ] GC(47)       PhantomReference:
[2.646s][debug][gc,phases,ref     ] GC(47)         Discovered: 0
[2.646s][debug][gc,phases,ref     ] GC(47)         Cleared: 0
[2.646s][debug][gc,phases         ] GC(47)     Weak Processing: 0.0ms
[2.646s][debug][gc,phases         ] GC(47)       VM Weak                        Min:  0.0, Avg:  0.0, Max:  0.0, Diff:  0.0, Sum:  0.0, Workers: 3
[2.646s][debug][gc,phases         ] GC(47)         Dead                           Min: 0, Avg:  0.0, Max: 0, Diff: 0, Sum: 0, Workers: 3
[2.646s][debug][gc,phases         ] GC(47)         Total                          Min: 0, Avg:  2.7, Max: 8, Diff: 8, Sum: 8, Workers: 3
[2.646s][debug][gc,phases         ] GC(47)       ObjectSynchronizer Weak        Min:  0.0, Avg:  0.0, Max:  0.0, Diff:  0.0, Sum:  0.0, Workers: 3
[2.646s][debug][gc,phases         ] GC(47)         Dead                           Min: 0, Avg:  0.0, Max: 0, Diff: 0, Sum: 0, Workers: 3
[2.646s][debug][gc,phases         ] GC(47)         Total                          Min: 0, Avg:  1.0, Max: 3, Diff: 3, Sum: 3, Workers: 3
[2.646s][debug][gc,phases         ] GC(47)       JVMTI Tag Weak OopStorage      Min:  0.0, Avg:  0.0, Max:  0.0, Diff:  0.0, Sum:  0.0, Workers: 3
[2.646s][debug][gc,phases         ] GC(47)         Dead                           Min: 0, Avg:  0.0, Max: 0, Diff: 0, Sum: 0, Workers: 3
[2.647s][debug][gc,phases         ] GC(47)         Total                          Min: 0, Avg:  0.0, Max: 0, Diff: 0, Sum: 0, Workers: 3
[2.647s][debug][gc,phases         ] GC(47)       StringTable Weak               Min:  0.0, Avg:  0.0, Max:  0.0, Diff:  0.0, Sum:  0.0, Workers: 3
[2.647s][debug][gc,phases         ] GC(47)         Dead                           Min: 0, Avg:  0.0, Max: 0, Diff: 0, Sum: 0, Workers: 3
[2.647s][debug][gc,phases         ] GC(47)         Total                          Min: 729, Avg: 819.0, Max: 960, Diff: 231, Sum: 2457, Workers: 3
[2.647s][debug][gc,phases         ] GC(47)       ResolvedMethodTable Weak       Min:  0.0, Avg:  0.0, Max:  0.0, Diff:  0.0, Sum:  0.0, Workers: 3
[2.647s][debug][gc,phases         ] GC(47)         Dead                           Min: 0, Avg:  0.0, Max: 0, Diff: 0, Sum: 0, Workers: 3
[2.647s][debug][gc,phases         ] GC(47)         Total                          Min: 9, Avg: 45.7, Max: 64, Diff: 55, Sum: 137, Workers: 3
[2.647s][debug][gc,phases         ] GC(47)       JNI Weak                       Min:  0.0, Avg:  0.0, Max:  0.0, Diff:  0.0, Sum:  0.0, Workers: 3
[2.647s][debug][gc,phases         ] GC(47)         Dead                           Min: 0, Avg:  0.0, Max: 0, Diff: 0, Sum: 0, Workers: 3
[2.647s][debug][gc,phases         ] GC(47)         Total                          Min: 0, Avg:  0.0, Max: 0, Diff: 0, Sum: 0, Workers: 3
[2.647s][debug][gc,phases         ] GC(47)       StringDedup Table Weak         Min:  0.0, Avg:  0.0, Max:  0.0, Diff:  0.0, Sum:  0.0, Workers: 3
[2.647s][debug][gc,phases         ] GC(47)         Dead                           Min: 0, Avg:  0.0, Max: 0, Diff: 0, Sum: 0, Workers: 3
[2.647s][debug][gc,phases         ] GC(47)         Total                          Min: 0, Avg:  0.0, Max: 0, Diff: 0, Sum: 0, Workers: 3
[2.647s][debug][gc,phases         ] GC(47)       StringDedup Requests0 Weak     Min:  0.0, Avg:  0.0, Max:  0.0, Diff:  0.0, Sum:  0.0, Workers: 3
[2.647s][debug][gc,phases         ] GC(47)         Dead                           Min: 0, Avg:  0.0, Max: 0, Diff: 0, Sum: 0, Workers: 3
[2.647s][debug][gc,phases         ] GC(47)         Total                          Min: 0, Avg:  0.0, Max: 0, Diff: 0, Sum: 0, Workers: 3
[2.647s][debug][gc,phases         ] GC(47)       StringDedup Requests1 Weak     Min:  0.0, Avg:  0.0, Max:  0.0, Diff:  0.0, Sum:  0.0, Workers: 3
[2.647s][debug][gc,phases         ] GC(47)         Dead                           Min: 0, Avg:  0.0, Max: 0, Diff: 0, Sum: 0, Workers: 3
[2.647s][debug][gc,phases         ] GC(47)         Total                          Min: 0, Avg:  0.0, Max: 0, Diff: 0, Sum: 0, Workers: 3
[2.647s][debug][gc,phases         ] GC(47)       Weak JFR Old Object Samples    Min:  0.0, Avg:  0.0, Max:  0.0, Diff:  0.0, Sum:  0.0, Workers: 3
[2.647s][debug][gc,phases         ] GC(47)         Dead                           Min: 0, Avg:  0.0, Max: 0, Diff: 0, Sum: 0, Workers: 3
[2.647s][debug][gc,phases         ] GC(47)         Total                          Min: 0, Avg:  0.0, Max: 0, Diff: 0, Sum: 0, Workers: 3
[2.647s][debug][gc,phases         ] GC(47)     Post Evacuate Cleanup 1: 0.1ms
[2.647s][debug][gc,phases         ] GC(47)       Merge Per-Thread State (ms):   Min:  0.0, Avg:  0.0, Max:  0.0, Diff:  0.0, Sum:  0.0, Workers: 1
[2.647s][debug][gc,phases         ] GC(47)         Copied Bytes                   Min: 4535056, Avg: 4969720.0, Max: 5690592, Diff: 1155536, Sum: 19878880, Workers: 4
[2.647s][debug][gc,phases         ] GC(47)         LAB Waste                      Min: 144, Avg: 200.0, Max: 248, Diff: 104, Sum: 800, Workers: 4
[2.647s][debug][gc,phases         ] GC(47)         LAB Undo Waste                 Min: 0, Avg:  0.0, Max: 0, Diff: 0, Sum: 0, Workers: 4
[2.647s][debug][gc,phases         ] GC(47)       Clear Logged Cards (ms):       Min:  0.0, Avg:  0.0, Max:  0.0, Diff:  0.0, Sum:  0.0, Workers: 3
[2.647s][debug][gc,phases         ] GC(47)       Recalculate Used Memory (ms):  Min:  0.0, Avg:  0.0, Max:  0.0, Diff:  0.0, Sum:  0.0, Workers: 1
[2.647s][debug][gc,phases         ] GC(47)     Post Evacuate Cleanup 2: 0.1ms
[2.647s][debug][gc,phases         ] GC(47)       Reset Hot Card Cache (ms):     Min:  0.0, Avg:  0.0, Max:  0.0, Diff:  0.0, Sum:  0.0, Workers: 1
[2.647s][debug][gc,phases         ] GC(47)       Purge Code Roots (ms):         Min:  0.0, Avg:  0.0, Max:  0.0, Diff:  0.0, Sum:  0.0, Workers: 1
[2.647s][debug][gc,phases         ] GC(47)       Update Derived Pointers (ms):  Min:  0.0, Avg:  0.0, Max:  0.0, Diff:  0.0, Sum:  0.0, Workers: 1
[2.647s][debug][gc,phases         ] GC(47)       Eagerly Reclaim Humongous Objects (ms): Min:  0.0, Avg:  0.0, Max:  0.0, Diff:  0.0, Sum:  0.0, Workers: 1
[2.647s][debug][gc,phases         ] GC(47)         Humongous Total                Min: 1, Avg:  1.0, Max: 1, Diff: 0, Sum: 1, Workers: 1
[2.647s][debug][gc,phases         ] GC(47)         Humongous Candidates           Min: 0, Avg:  0.0, Max: 0, Diff: 0, Sum: 0, Workers: 1
[2.647s][debug][gc,phases         ] GC(47)         Humongous Reclaimed            Min: 0, Avg:  0.0, Max: 0, Diff: 0, Sum: 0, Workers: 1
[2.647s][debug][gc,phases         ] GC(47)       Redirty Logged Cards (ms):     Min:  0.0, Avg:  0.0, Max:  0.0, Diff:  0.0, Sum:  0.0, Workers: 4
[2.647s][debug][gc,phases         ] GC(47)         Redirtied Cards:               Min: 0, Avg: 385.0, Max: 976, Diff: 976, Sum: 1540, Workers: 4
[2.647s][debug][gc,phases         ] GC(47)       Free Collection Set (ms):      Min:  0.0, Avg:  0.0, Max:  0.0, Diff:  0.0, Sum:  0.0, Workers: 4
[2.647s][debug][gc,phases         ] GC(47)     Rebuild Free List: 0.1ms
[2.647s][debug][gc,phases         ] GC(47)     Start New Collection Set: 0.0ms
[2.647s][debug][gc,phases         ] GC(47)     Resize TLABs: 0.0ms
[2.647s][debug][gc,phases         ] GC(47)     Expand Heap After Collection: 0.0ms
[2.647s][info ][gc,phases         ] GC(47)   Other: 0.8ms
[2.647s][info ][gc,heap           ] GC(47) Eden regions: 15->0(10)
[2.647s][info ][gc,heap           ] GC(47) Survivor regions: 4->3(3)
[2.647s][info ][gc,heap           ] GC(47) Old regions: 137->154
[2.647s][info ][gc,heap           ] GC(47) Archive regions: 0->0
[2.647s][info ][gc,heap           ] GC(47) Humongous regions: 36->36
[2.647s][info ][gc,metaspace      ] GC(47) Metaspace: 470K(640K)->470K(640K) NonClass: 437K(512K)->437K(512K) Class: 33K(128K)->33K(128K)
[2.647s][debug][gc,heap           ] GC(47) Heap after GC invocations=44 (full 2):
[2.647s][debug][gc,heap           ] GC(47)  garbage-first heap   total 262144K, used 195275K [0x00000000f0000000, 0x0000000100000000)
[2.647s][debug][gc,heap           ] GC(47)   region size 1024K, 3 young (3072K), 3 survivors (3072K)
[2.647s][debug][gc,heap           ] GC(47)  Metaspace       used 470K, committed 640K, reserved 1056768K
[2.647s][debug][gc,heap           ] GC(47)   class space    used 33K, committed 128K, reserved 1048576K
[2.647s][info ][gc                ] GC(47) Pause Young (Normal) (G1 Evacuation Pause) 190M->190M(256M) 30.662ms
[2.648s][info ][gc,cpu            ] GC(47) User=0.08s Sys=0.00s Real=0.03s
[2.665s][debug][gc,heap           ] GC(48) Heap before GC invocations=44 (full 2):
[2.665s][debug][gc,heap           ] GC(48)  garbage-first heap   total 262144K, used 205515K [0x00000000f0000000, 0x0000000100000000)
[2.665s][debug][gc,heap           ] GC(48)   region size 1024K, 13 young (13312K), 3 survivors (3072K)
[2.665s][debug][gc,heap           ] GC(48)  Metaspace       used 470K, committed 640K, reserved 1056768K
[2.665s][debug][gc,heap           ] GC(48)   class space    used 33K, committed 128K, reserved 1048576K
[2.665s][info ][gc,start          ] GC(48) Pause Young (Normal) (G1 Evacuation Pause)
[2.665s][info ][gc,task           ] GC(48) Using 4 workers of 4 for evacuation
[2.665s][debug][gc,tlab           ] GC(48) TLAB totals: thrds: 1  refills: 60 max: 60 slow allocs: 0 max 0 waste:  0.3% gc: 0B max: 0B slow: 34560B max: 34560B
[2.665s][debug][gc,age            ] GC(48) Desired survivor size 1048576 bytes, new threshold 1 (max threshold 15)
[2.665s][debug][gc,refine,stats   ] GC(48) Mutator refinement: 0.00ms, refined: 0, precleaned: 0, dirtied: 5101
[2.665s][debug][gc,refine,stats   ] GC(48) Concurrent refinement: 0.00ms, refined: 0, precleaned: 0, dirtied: 0
[2.665s][debug][gc,refine,stats   ] GC(48) Total refinement: 0.00ms, refined: 0, precleaned: 0, dirtied: 5101
[2.665s][debug][gc,refine,stats   ] GC(48) Generate dirty cards rate: 246.74 cards/ms
[2.665s][debug][gc,alloc,region   ] GC(48) Mutator Allocation stats, regions: 10, wasted size: 4480B ( 0.0%)
[2.665s][debug][gc,humongous      ] GC(48) Humongous region 173 (object size 36920416 @ 0x00000000fad00000) remset 0 code roots 0 marked 1 reclaim candidate 0 type array 0
[2.665s][debug][gc,ergo           ] GC(48) Running G1 Merge Heap Roots using 4 workers for 13 regions
[2.666s][debug][gc,remset         ] GC(48) Visited cards 7680 Total dirty 12288 (62.50%) Total old 442368 (1.74%)
[2.686s][debug][gc,ref            ] GC(48) Skipped phase 1 of Reference Processing: no references
[2.686s][debug][gc,ref            ] GC(48) Skipped phase 2 of Reference Processing: no references
[2.686s][debug][gc,ref            ] GC(48) Skipped phase 3 of Reference Processing: no references
[2.686s][debug][gc,ref            ] GC(48) Skipped phase 4 of Reference Processing: no references
[2.686s][debug][gc,ergo           ] GC(48) Running G1 Rebuild Free List Task using 4 workers for rebuilding free list of regions
[2.686s][debug][gc,plab           ] GC(48) Young PLAB allocation: allocated: 2097152B, wasted: 192B, unused: 0B, used: 2096960B, undo waste: 0B, 
[2.686s][debug][gc,plab           ] GC(48) Young other allocation: region end waste: 0B, regions filled: 2, direct allocated: 0B, failure used: 0B, failure wasted: 0B
[2.686s][debug][gc,plab           ] GC(48) Young sizing: calculated: 419392B, actual: 491376B
[2.686s][debug][gc,plab           ] GC(48) Old PLAB allocation: allocated: 12582912B, wasted: 320B, unused: 1087440B, used: 11495152B, undo waste: 0B, 
[2.686s][debug][gc,plab           ] GC(48) Old other allocation: region end waste: 0B, regions filled: 13, direct allocated: 0B, failure used: 0B, failure wasted: 0B
[2.686s][debug][gc,plab           ] GC(48) Old sizing: calculated: 2299024B, actual: 2698608B
[2.686s][debug][gc,ergo,heap      ] GC(48) Heap expansion: short term pause time ratio 46.48% long term pause time ratio 42.70% threshold 7.69% pause time ratio 7.69% fully expanded true resize by 0B
[2.686s][debug][gc,mmu            ] GC(48) MMU: 108.8ms (200.0ms/201.0ms)
[2.686s][debug][gc,alloc,stats    ] Old generation allocation in the last mutator period, old gen allocated: 12582912B, humongous allocated: 0B,old gen growth: 12582912B.
[2.686s][debug][gc,ihop           ] GC(48) Basic information (value update), threshold: 120795955B (45.00), target occupancy: 268435456B, current occupancy: 211496688B, recent allocation size: 12582912B, recent allocation duration: 20.67ms, recent old gen allocation rate: 608655221.95B/s, recent marking phase length: 0.00ms
[2.686s][debug][gc,ihop           ] GC(48) Adaptive IHOP information (value update), threshold: 120795955B (52.94), internal target occupancy: 228170137B, occupancy: 211496688B, additional buffer size: 12582912B, predicted old gen allocation rate: 582648784.87B/s, predicted marking phase length: 0.00ms, prediction active: false
[2.686s][debug][gc,ergo,refine    ] GC(48) Concurrent refinement times: Logged Cards Scan time goal: 20.00ms Logged Cards Scan time: 2.70ms HCC time: 0.00ms
[2.686s][debug][gc,ergo,refine    ] GC(48) Updated Refinement Zones: green: 12153, yellow: 36459, red: 60765
[2.686s][info ][gc,phases         ] GC(48)   Pre Evacuate Collection Set: 0.1ms
[2.686s][debug][gc,phases         ] GC(48)     Prepare TLABs: 0.0ms
[2.687s][debug][gc,phases         ] GC(48)     Concatenate Dirty Card Logs: 0.0ms
[2.687s][debug][gc,phases         ] GC(48)     Choose Collection Set: 0.0ms
[2.687s][debug][gc,phases         ] GC(48)     Region Register: 0.1ms
[2.687s][debug][gc,phases         ] GC(48)     Prepare Heap Roots: 0.0ms
[2.687s][info ][gc,phases         ] GC(48)   Merge Heap Roots: 0.1ms
[2.687s][debug][gc,phases         ] GC(48)     Prepare Merge Heap Roots: 0.0ms
[2.687s][debug][gc,phases         ] GC(48)     Eager Reclaim (ms):            skipped
[2.687s][debug][gc,phases         ] GC(48)     Remembered Sets (ms):          Min:  0.0, Avg:  0.0, Max:  0.0, Diff:  0.0, Sum:  0.0, Workers: 4
[2.687s][debug][gc,phases         ] GC(48)       Merged Sparse:                 Min: 0, Avg:  0.0, Max: 0, Diff: 0, Sum: 0, Workers: 4
[2.687s][debug][gc,phases         ] GC(48)       Merged Fine:                   Min: 0, Avg:  0.0, Max: 0, Diff: 0, Sum: 0, Workers: 4
[2.687s][debug][gc,phases         ] GC(48)       Merged Coarse:                 Min: 0, Avg:  0.0, Max: 0, Diff: 0, Sum: 0, Workers: 4
[2.687s][debug][gc,phases         ] GC(48)       Dirty Cards:                   Min: 0, Avg:  0.0, Max: 0, Diff: 0, Sum: 0, Workers: 4
[2.687s][debug][gc,phases         ] GC(48)     Hot Card Cache (ms):           Min:  0.0, Avg:  0.0, Max:  0.0, Diff:  0.0, Sum:  0.0, Workers: 4
[2.687s][debug][gc,phases         ] GC(48)       Dirty Cards:                   Min: 0, Avg:  0.0, Max: 0, Diff: 0, Sum: 0, Workers: 4
[2.687s][debug][gc,phases         ] GC(48)       Skipped Cards:                 Min: 0, Avg:  0.0, Max: 0, Diff: 0, Sum: 0, Workers: 4
[2.687s][debug][gc,phases         ] GC(48)     Log Buffers (ms):              Min:  0.0, Avg:  0.0, Max:  0.0, Diff:  0.0, Sum:  0.1, Workers: 4
[2.687s][debug][gc,phases         ] GC(48)       Dirty Cards:                   Min: 1504, Avg: 1652.3, Max: 1817, Diff: 313, Sum: 6609, Workers: 4
[2.687s][debug][gc,phases         ] GC(48)       Skipped Cards:                 Min: 0, Avg:  0.0, Max: 0, Diff: 0, Sum: 0, Workers: 4
[2.687s][info ][gc,phases         ] GC(48)   Evacuate Collection Set: 19.9ms
[2.687s][debug][gc,phases         ] GC(48)     Ext Root Scanning (ms):        Min:  0.0, Avg:  0.0, Max:  0.0, Diff:  0.0, Sum:  0.1, Workers: 4
[2.687s][debug][gc,phases         ] GC(48)     Scan Heap Roots (ms):          Min:  2.2, Avg:  2.7, Max:  3.2, Diff:  1.0, Sum: 10.8, Workers: 4
[2.687s][debug][gc,phases         ] GC(48)       Scanned Cards:                 Min: 1536, Avg: 1660.3, Max: 1906, Diff: 370, Sum: 6641, Workers: 4
[2.687s][debug][gc,phases         ] GC(48)       Scanned Blocks:                Min: 6, Avg:  7.5, Max: 9, Diff: 3, Sum: 30, Workers: 4
[2.687s][debug][gc,phases         ] GC(48)       Claimed Chunks:                Min: 6, Avg:  7.5, Max: 9, Diff: 3, Sum: 30, Workers: 4
[2.687s][debug][gc,phases         ] GC(48)     Code Root Scan (ms):           Min:  0.0, Avg:  0.0, Max:  0.0, Diff:  0.0, Sum:  0.0, Workers: 4
[2.687s][debug][gc,phases         ] GC(48)     Object Copy (ms):              Min: 13.1, Avg: 16.0, Max: 17.2, Diff:  4.1, Sum: 64.0, Workers: 4
[2.687s][debug][gc,phases         ] GC(48)     Termination (ms):              Min:  0.0, Avg:  0.0, Max:  0.0, Diff:  0.0, Sum:  0.1, Workers: 4
[2.687s][debug][gc,phases         ] GC(48)       Termination Attempts:          Min: 1, Avg:  1.3, Max: 2, Diff: 1, Sum: 5, Workers: 4
[2.687s][debug][gc,phases         ] GC(48)     GC Worker Other (ms):          Min:  0.0, Avg:  0.0, Max:  0.0, Diff:  0.0, Sum:  0.0, Workers: 4
[2.687s][debug][gc,phases         ] GC(48)     GC Worker Total (ms):          Min: 15.4, Avg: 18.7, Max: 19.9, Diff:  4.5, Sum: 74.9, Workers: 4
[2.687s][info ][gc,phases         ] GC(48)   Post Evacuate Collection Set: 0.5ms
[2.687s][debug][gc,phases         ] GC(48)     Code Roots Fixup: 0.0ms
[2.687s][debug][gc,phases         ] GC(48)     Reference Processing: 0.2ms
[2.687s][debug][gc,phases,ref     ] GC(48)       Reconsider SoftReferences: 0.1ms
[2.687s][debug][gc,phases,ref     ] GC(48)         SoftRef (ms):                  skipped
[2.687s][debug][gc,phases,ref     ] GC(48)       Notify Soft/WeakReferences: 0.0ms
[2.687s][debug][gc,phases,ref     ] GC(48)         SoftRef (ms):                  skipped
[2.687s][debug][gc,phases,ref     ] GC(48)         WeakRef (ms):                  skipped
[2.687s][debug][gc,phases,ref     ] GC(48)         FinalRef (ms):                 skipped
[2.687s][debug][gc,phases,ref     ] GC(48)         Total (ms):                    skipped
[2.687s][debug][gc,phases,ref     ] GC(48)       Notify and keep alive finalizable: 0.0ms
[2.687s][debug][gc,phases,ref     ] GC(48)         FinalRef (ms):                 skipped
[2.687s][debug][gc,phases,ref     ] GC(48)       Notify PhantomReferences: 0.0ms
[2.687s][debug][gc,phases,ref     ] GC(48)         PhantomRef (ms):               skipped
[2.687s][debug][gc,phases,ref     ] GC(48)       SoftReference:
[2.687s][debug][gc,phases,ref     ] GC(48)         Discovered: 0
[2.687s][debug][gc,phases,ref     ] GC(48)         Cleared: 0
[2.687s][debug][gc,phases,ref     ] GC(48)       WeakReference:
[2.687s][debug][gc,phases,ref     ] GC(48)         Discovered: 0
[2.687s][debug][gc,phases,ref     ] GC(48)         Cleared: 0
[2.687s][debug][gc,phases,ref     ] GC(48)       FinalReference:
[2.687s][debug][gc,phases,ref     ] GC(48)         Discovered: 0
[2.687s][debug][gc,phases,ref     ] GC(48)         Cleared: 0
[2.687s][debug][gc,phases,ref     ] GC(48)       PhantomReference:
[2.687s][debug][gc,phases,ref     ] GC(48)         Discovered: 0
[2.687s][debug][gc,phases,ref     ] GC(48)         Cleared: 0
[2.687s][debug][gc,phases         ] GC(48)     Weak Processing: 0.0ms
[2.687s][debug][gc,phases         ] GC(48)       VM Weak                        Min:  0.0, Avg:  0.0, Max:  0.0, Diff:  0.0, Sum:  0.0, Workers: 3
[2.687s][debug][gc,phases         ] GC(48)         Dead                           Min: 0, Avg:  0.0, Max: 0, Diff: 0, Sum: 0, Workers: 3
[2.687s][debug][gc,phases         ] GC(48)         Total                          Min: 0, Avg:  2.7, Max: 8, Diff: 8, Sum: 8, Workers: 3
[2.687s][debug][gc,phases         ] GC(48)       ObjectSynchronizer Weak        Min:  0.0, Avg:  0.0, Max:  0.0, Diff:  0.0, Sum:  0.0, Workers: 3
[2.687s][debug][gc,phases         ] GC(48)         Dead                           Min: 0, Avg:  0.0, Max: 0, Diff: 0, Sum: 0, Workers: 3
[2.688s][debug][gc,phases         ] GC(48)         Total                          Min: 0, Avg:  1.0, Max: 3, Diff: 3, Sum: 3, Workers: 3
[2.688s][debug][gc,phases         ] GC(48)       JVMTI Tag Weak OopStorage      Min:  0.0, Avg:  0.0, Max:  0.0, Diff:  0.0, Sum:  0.0, Workers: 3
[2.688s][debug][gc,phases         ] GC(48)         Dead                           Min: 0, Avg:  0.0, Max: 0, Diff: 0, Sum: 0, Workers: 3
[2.688s][debug][gc,phases         ] GC(48)         Total                          Min: 0, Avg:  0.0, Max: 0, Diff: 0, Sum: 0, Workers: 3
[2.688s][debug][gc,phases         ] GC(48)       StringTable Weak               Min:  0.0, Avg:  0.0, Max:  0.0, Diff:  0.0, Sum:  0.0, Workers: 3
[2.688s][debug][gc,phases         ] GC(48)         Dead                           Min: 0, Avg:  0.0, Max: 0, Diff: 0, Sum: 0, Workers: 3
[2.688s][debug][gc,phases         ] GC(48)         Total                          Min: 0, Avg: 819.0, Max: 1536, Diff: 1536, Sum: 2457, Workers: 3
[2.688s][debug][gc,phases         ] GC(48)       ResolvedMethodTable Weak       Min:  0.0, Avg:  0.0, Max:  0.0, Diff:  0.0, Sum:  0.0, Workers: 3
[2.688s][debug][gc,phases         ] GC(48)         Dead                           Min: 0, Avg:  0.0, Max: 0, Diff: 0, Sum: 0, Workers: 3
[2.688s][debug][gc,phases         ] GC(48)         Total                          Min: 0, Avg: 45.7, Max: 73, Diff: 73, Sum: 137, Workers: 3
[2.688s][debug][gc,phases         ] GC(48)       JNI Weak                       Min:  0.0, Avg:  0.0, Max:  0.0, Diff:  0.0, Sum:  0.0, Workers: 3
[2.688s][debug][gc,phases         ] GC(48)         Dead                           Min: 0, Avg:  0.0, Max: 0, Diff: 0, Sum: 0, Workers: 3
[2.688s][debug][gc,phases         ] GC(48)         Total                          Min: 0, Avg:  0.0, Max: 0, Diff: 0, Sum: 0, Workers: 3
[2.688s][debug][gc,phases         ] GC(48)       StringDedup Table Weak         Min:  0.0, Avg:  0.0, Max:  0.0, Diff:  0.0, Sum:  0.0, Workers: 3
[2.688s][debug][gc,phases         ] GC(48)         Dead                           Min: 0, Avg:  0.0, Max: 0, Diff: 0, Sum: 0, Workers: 3
[2.688s][debug][gc,phases         ] GC(48)         Total                          Min: 0, Avg:  0.0, Max: 0, Diff: 0, Sum: 0, Workers: 3
[2.688s][debug][gc,phases         ] GC(48)       StringDedup Requests0 Weak     Min:  0.0, Avg:  0.0, Max:  0.0, Diff:  0.0, Sum:  0.0, Workers: 3
[2.688s][debug][gc,phases         ] GC(48)         Dead                           Min: 0, Avg:  0.0, Max: 0, Diff: 0, Sum: 0, Workers: 3
[2.688s][debug][gc,phases         ] GC(48)         Total                          Min: 0, Avg:  0.0, Max: 0, Diff: 0, Sum: 0, Workers: 3
[2.688s][debug][gc,phases         ] GC(48)       StringDedup Requests1 Weak     Min:  0.0, Avg:  0.0, Max:  0.0, Diff:  0.0, Sum:  0.0, Workers: 3
[2.688s][debug][gc,phases         ] GC(48)         Dead                           Min: 0, Avg:  0.0, Max: 0, Diff: 0, Sum: 0, Workers: 3
[2.688s][debug][gc,phases         ] GC(48)         Total                          Min: 0, Avg:  0.0, Max: 0, Diff: 0, Sum: 0, Workers: 3
[2.688s][debug][gc,phases         ] GC(48)       Weak JFR Old Object Samples    Min:  0.0, Avg:  0.0, Max:  0.0, Diff:  0.0, Sum:  0.0, Workers: 3
[2.688s][debug][gc,phases         ] GC(48)         Dead                           Min: 0, Avg:  0.0, Max: 0, Diff: 0, Sum: 0, Workers: 3
[2.688s][debug][gc,phases         ] GC(48)         Total                          Min: 0, Avg:  0.0, Max: 0, Diff: 0, Sum: 0, Workers: 3
[2.688s][debug][gc,phases         ] GC(48)     Post Evacuate Cleanup 1: 0.0ms
[2.688s][debug][gc,phases         ] GC(48)       Merge Per-Thread State (ms):   Min:  0.0, Avg:  0.0, Max:  0.0, Diff:  0.0, Sum:  0.0, Workers: 1
[2.688s][debug][gc,phases         ] GC(48)         Copied Bytes                   Min: 3006672, Avg: 3398028.0, Max: 3999808, Diff: 993136, Sum: 13592112, Workers: 4
[2.688s][debug][gc,phases         ] GC(48)         LAB Waste                      Min: 96, Avg: 128.0, Max: 176, Diff: 80, Sum: 512, Workers: 4
[2.688s][debug][gc,phases         ] GC(48)         LAB Undo Waste                 Min: 0, Avg:  0.0, Max: 0, Diff: 0, Sum: 0, Workers: 4
[2.688s][debug][gc,phases         ] GC(48)       Clear Logged Cards (ms):       Min:  0.0, Avg:  0.0, Max:  0.0, Diff:  0.0, Sum:  0.0, Workers: 3
[2.688s][debug][gc,phases         ] GC(48)       Recalculate Used Memory (ms):  Min:  0.0, Avg:  0.0, Max:  0.0, Diff:  0.0, Sum:  0.0, Workers: 1
[2.688s][debug][gc,phases         ] GC(48)     Post Evacuate Cleanup 2: 0.1ms
[2.688s][debug][gc,phases         ] GC(48)       Reset Hot Card Cache (ms):     Min:  0.0, Avg:  0.0, Max:  0.0, Diff:  0.0, Sum:  0.0, Workers: 1
[2.688s][debug][gc,phases         ] GC(48)       Purge Code Roots (ms):         Min:  0.0, Avg:  0.0, Max:  0.0, Diff:  0.0, Sum:  0.0, Workers: 1
[2.688s][debug][gc,phases         ] GC(48)       Update Derived Pointers (ms):  Min:  0.0, Avg:  0.0, Max:  0.0, Diff:  0.0, Sum:  0.0, Workers: 1
[2.688s][debug][gc,phases         ] GC(48)       Eagerly Reclaim Humongous Objects (ms): Min:  0.0, Avg:  0.0, Max:  0.0, Diff:  0.0, Sum:  0.0, Workers: 1
[2.688s][debug][gc,phases         ] GC(48)         Humongous Total                Min: 1, Avg:  1.0, Max: 1, Diff: 0, Sum: 1, Workers: 1
[2.688s][debug][gc,phases         ] GC(48)         Humongous Candidates           Min: 0, Avg:  0.0, Max: 0, Diff: 0, Sum: 0, Workers: 1
[2.688s][debug][gc,phases         ] GC(48)         Humongous Reclaimed            Min: 0, Avg:  0.0, Max: 0, Diff: 0, Sum: 0, Workers: 1
[2.688s][debug][gc,phases         ] GC(48)       Redirty Logged Cards (ms):     Min:  0.0, Avg:  0.0, Max:  0.0, Diff:  0.0, Sum:  0.0, Workers: 4
[2.688s][debug][gc,phases         ] GC(48)         Redirtied Cards:               Min: 0, Avg: 256.3, Max: 682, Diff: 682, Sum: 1025, Workers: 4
[2.688s][debug][gc,phases         ] GC(48)       Free Collection Set (ms):      Min:  0.0, Avg:  0.0, Max:  0.0, Diff:  0.0, Sum:  0.0, Workers: 4
[2.688s][debug][gc,phases         ] GC(48)     Rebuild Free List: 0.1ms
[2.688s][debug][gc,phases         ] GC(48)     Start New Collection Set: 0.0ms
[2.688s][debug][gc,phases         ] GC(48)     Resize TLABs: 0.0ms
[2.688s][debug][gc,phases         ] GC(48)     Expand Heap After Collection: 0.0ms
[2.689s][info ][gc,phases         ] GC(48)   Other: 0.8ms
[2.689s][info ][gc,heap           ] GC(48) Eden regions: 10->0(10)
[2.689s][info ][gc,heap           ] GC(48) Survivor regions: 3->2(2)
[2.689s][info ][gc,heap           ] GC(48) Old regions: 154->166
[2.689s][info ][gc,heap           ] GC(48) Archive regions: 0->0
[2.689s][info ][gc,heap           ] GC(48) Humongous regions: 36->36
[2.689s][info ][gc,metaspace      ] GC(48) Metaspace: 470K(640K)->470K(640K) NonClass: 437K(512K)->437K(512K) Class: 33K(128K)->33K(128K)
[2.689s][debug][gc,heap           ] GC(48) Heap after GC invocations=45 (full 2):
[2.689s][debug][gc,heap           ] GC(48)  garbage-first heap   total 262144K, used 206539K [0x00000000f0000000, 0x0000000100000000)
[2.689s][debug][gc,heap           ] GC(48)   region size 1024K, 2 young (2048K), 2 survivors (2048K)
[2.689s][debug][gc,heap           ] GC(48)  Metaspace       used 470K, committed 640K, reserved 1056768K
[2.689s][debug][gc,heap           ] GC(48)   class space    used 33K, committed 128K, reserved 1048576K
[2.689s][info ][gc                ] GC(48) Pause Young (Normal) (G1 Evacuation Pause) 200M->201M(256M) 23.478ms
[2.689s][info ][gc,cpu            ] GC(48) User=0.06s Sys=0.00s Real=0.02s
[2.761s][debug][gc,heap           ] GC(49) Heap before GC invocations=45 (full 2):
[2.761s][debug][gc,heap           ] GC(49)  garbage-first heap   total 262144K, used 216779K [0x00000000f0000000, 0x0000000100000000)
[2.761s][debug][gc,heap           ] GC(49)   region size 1024K, 12 young (12288K), 2 survivors (2048K)
[2.761s][debug][gc,heap           ] GC(49)  Metaspace       used 470K, committed 640K, reserved 1056768K
[2.761s][debug][gc,heap           ] GC(49)   class space    used 33K, committed 128K, reserved 1048576K
[2.761s][info ][gc,start          ] GC(49) Pause Young (Normal) (G1 Evacuation Pause)
[2.761s][info ][gc,task           ] GC(49) Using 4 workers of 4 for evacuation
[2.761s][debug][gc,tlab           ] GC(49) TLAB totals: thrds: 1  refills: 60 max: 60 slow allocs: 0 max 0 waste:  0.3% gc: 0B max: 0B slow: 34560B max: 34560B
[2.761s][debug][gc,age            ] GC(49) Desired survivor size 1048576 bytes, new threshold 1 (max threshold 15)
[2.761s][debug][gc,refine,stats   ] GC(49) Mutator refinement: 0.00ms, refined: 0, precleaned: 0, dirtied: 5100
[2.761s][debug][gc,refine,stats   ] GC(49) Concurrent refinement: 0.00ms, refined: 0, precleaned: 0, dirtied: 0
[2.761s][debug][gc,refine,stats   ] GC(49) Total refinement: 0.00ms, refined: 0, precleaned: 0, dirtied: 5100
[2.761s][debug][gc,refine,stats   ] GC(49) Generate dirty cards rate: 68.29 cards/ms
[2.761s][debug][gc,alloc,region   ] GC(49) Mutator Allocation stats, regions: 10, wasted size: 9280B ( 0.1%)
[2.761s][debug][gc,humongous      ] GC(49) Humongous region 173 (object size 36920416 @ 0x00000000fad00000) remset 0 code roots 0 marked 1 reclaim candidate 0 type array 0
[2.761s][debug][gc,ergo           ] GC(49) Running G1 Merge Heap Roots using 4 workers for 12 regions
[2.761s][debug][gc,remset         ] GC(49) Visited cards 6656 Total dirty 12288 (54.17%) Total old 462848 (1.44%)
[2.767s][debug][gc,ref            ] GC(49) Skipped phase 1 of Reference Processing: no references
[2.767s][debug][gc,ref            ] GC(49) Skipped phase 2 of Reference Processing: no references
[2.768s][debug][gc,ref            ] GC(49) Skipped phase 3 of Reference Processing: no references
[2.768s][debug][gc,ref            ] GC(49) Skipped phase 4 of Reference Processing: no references
[2.768s][debug][gc,ergo           ] GC(49) Running G1 Rebuild Free List Task using 4 workers for rebuilding free list of regions
[2.768s][debug][gc,plab           ] GC(49) Young PLAB allocation: allocated: 2097152B, wasted: 416B, unused: 0B, used: 2096736B, undo waste: 0B, 
[2.768s][debug][gc,plab           ] GC(49) Young other allocation: region end waste: 0B, regions filled: 2, direct allocated: 0B, failure used: 0B, failure wasted: 0B
[2.768s][debug][gc,plab           ] GC(49) Young sizing: calculated: 419344B, actual: 437352B
[2.768s][debug][gc,plab           ] GC(49) Old PLAB allocation: allocated: 2097152B, wasted: 0B, unused: 685488B, used: 1411664B, undo waste: 0B, 
[2.768s][debug][gc,plab           ] GC(49) Old other allocation: region end waste: 0B, regions filled: 3, direct allocated: 0B, failure used: 0B, failure wasted: 0B
[2.768s][debug][gc,plab           ] GC(49) Old sizing: calculated: 282328B, actual: 886392B
[2.768s][debug][gc,ergo,heap      ] GC(49) Heap expansion: short term pause time ratio 50.33% long term pause time ratio 43.02% threshold 7.69% pause time ratio 7.69% fully expanded true resize by 0B
[2.768s][debug][gc,mmu            ] GC(49) MMU: 73.7ms (200.0ms/201.0ms)
[2.768s][debug][gc,alloc,stats    ] Old generation allocation in the last mutator period, old gen allocated: 2097152B, humongous allocated: 0B,old gen growth: 2097152B.
[2.768s][debug][gc,ihop           ] GC(49) Basic information (value update), threshold: 120795955B (45.00), target occupancy: 268435456B, current occupancy: 213593840B, recent allocation size: 2097152B, recent allocation duration: 74.68ms, recent old gen allocation rate: 28082105.75B/s, recent marking phase length: 0.00ms
[2.768s][debug][gc,ihop           ] GC(49) Adaptive IHOP information (value update), threshold: 120795955B (52.94), internal target occupancy: 228170137B, occupancy: 213593840B, additional buffer size: 12582912B, predicted old gen allocation rate: 565733882.14B/s, predicted marking phase length: 0.00ms, prediction active: false
[2.768s][debug][gc,ergo,refine    ] GC(49) Concurrent refinement times: Logged Cards Scan time goal: 20.00ms Logged Cards Scan time: 1.20ms HCC time: 0.00ms
[2.768s][debug][gc,ergo,refine    ] GC(49) Updated Refinement Zones: green: 12153, yellow: 36459, red: 60765
[2.768s][info ][gc,phases         ] GC(49)   Pre Evacuate Collection Set: 0.1ms
[2.768s][debug][gc,phases         ] GC(49)     Prepare TLABs: 0.0ms
[2.768s][debug][gc,phases         ] GC(49)     Concatenate Dirty Card Logs: 0.0ms
[2.768s][debug][gc,phases         ] GC(49)     Choose Collection Set: 0.0ms
[2.768s][debug][gc,phases         ] GC(49)     Region Register: 0.1ms
[2.768s][debug][gc,phases         ] GC(49)     Prepare Heap Roots: 0.0ms
[2.768s][info ][gc,phases         ] GC(49)   Merge Heap Roots: 0.1ms
[2.768s][debug][gc,phases         ] GC(49)     Prepare Merge Heap Roots: 0.0ms
[2.768s][debug][gc,phases         ] GC(49)     Eager Reclaim (ms):            skipped
[2.769s][debug][gc,phases         ] GC(49)     Remembered Sets (ms):          Min:  0.0, Avg:  0.0, Max:  0.0, Diff:  0.0, Sum:  0.0, Workers: 4
[2.769s][debug][gc,phases         ] GC(49)       Merged Sparse:                 Min: 0, Avg:  0.0, Max: 0, Diff: 0, Sum: 0, Workers: 4
[2.769s][debug][gc,phases         ] GC(49)       Merged Fine:                   Min: 0, Avg:  0.0, Max: 0, Diff: 0, Sum: 0, Workers: 4
[2.769s][debug][gc,phases         ] GC(49)       Merged Coarse:                 Min: 0, Avg:  0.0, Max: 0, Diff: 0, Sum: 0, Workers: 4
[2.769s][debug][gc,phases         ] GC(49)       Dirty Cards:                   Min: 0, Avg:  0.0, Max: 0, Diff: 0, Sum: 0, Workers: 4
[2.769s][debug][gc,phases         ] GC(49)     Hot Card Cache (ms):           Min:  0.0, Avg:  0.0, Max:  0.0, Diff:  0.0, Sum:  0.0, Workers: 4
[2.769s][debug][gc,phases         ] GC(49)       Dirty Cards:                   Min: 0, Avg:  0.0, Max: 0, Diff: 0, Sum: 0, Workers: 4
[2.769s][debug][gc,phases         ] GC(49)       Skipped Cards:                 Min: 0, Avg:  0.0, Max: 0, Diff: 0, Sum: 0, Workers: 4
[2.769s][debug][gc,phases         ] GC(49)     Log Buffers (ms):              Min:  0.0, Avg:  0.0, Max:  0.0, Diff:  0.0, Sum:  0.1, Workers: 4
[2.769s][debug][gc,phases         ] GC(49)       Dirty Cards:                   Min: 1508, Avg: 1523.3, Max: 1532, Diff: 24, Sum: 6093, Workers: 4
[2.769s][debug][gc,phases         ] GC(49)       Skipped Cards:                 Min: 0, Avg:  0.0, Max: 0, Diff: 0, Sum: 0, Workers: 4
[2.769s][info ][gc,phases         ] GC(49)   Evacuate Collection Set: 6.1ms
[2.769s][debug][gc,phases         ] GC(49)     Ext Root Scanning (ms):        Min:  0.0, Avg:  0.0, Max:  0.0, Diff:  0.0, Sum:  0.1, Workers: 4
[2.769s][debug][gc,phases         ] GC(49)     Scan Heap Roots (ms):          Min:  0.9, Avg:  1.2, Max:  1.4, Diff:  0.5, Sum:  4.7, Workers: 4
[2.769s][debug][gc,phases         ] GC(49)       Scanned Cards:                 Min: 875, Avg: 1531.3, Max: 2048, Diff: 1173, Sum: 6125, Workers: 4
[2.769s][debug][gc,phases         ] GC(49)       Scanned Blocks:                Min: 4, Avg:  6.5, Max: 8, Diff: 4, Sum: 26, Workers: 4
[2.769s][debug][gc,phases         ] GC(49)       Claimed Chunks:                Min: 4, Avg:  6.5, Max: 8, Diff: 4, Sum: 26, Workers: 4
[2.769s][debug][gc,phases         ] GC(49)     Code Root Scan (ms):           Min:  0.0, Avg:  0.0, Max:  0.0, Diff:  0.0, Sum:  0.0, Workers: 4
[2.769s][debug][gc,phases         ] GC(49)     Object Copy (ms):              Min:  4.6, Avg:  4.8, Max:  5.1, Diff:  0.5, Sum: 19.3, Workers: 4
[2.769s][debug][gc,phases         ] GC(49)     Termination (ms):              Min:  0.0, Avg:  0.0, Max:  0.0, Diff:  0.0, Sum:  0.0, Workers: 4
[2.769s][debug][gc,phases         ] GC(49)       Termination Attempts:          Min: 1, Avg:  6.0, Max: 11, Diff: 10, Sum: 24, Workers: 4
[2.769s][debug][gc,phases         ] GC(49)     GC Worker Other (ms):          Min:  0.0, Avg:  0.0, Max:  0.0, Diff:  0.0, Sum:  0.0, Workers: 4
[2.769s][debug][gc,phases         ] GC(49)     GC Worker Total (ms):          Min:  6.0, Avg:  6.0, Max:  6.0, Diff:  0.0, Sum: 24.1, Workers: 4
[2.769s][info ][gc,phases         ] GC(49)   Post Evacuate Collection Set: 0.4ms
[2.769s][debug][gc,phases         ] GC(49)     Code Roots Fixup: 0.0ms
[2.769s][debug][gc,phases         ] GC(49)     Reference Processing: 0.2ms
[2.769s][debug][gc,phases,ref     ] GC(49)       Reconsider SoftReferences: 0.1ms
[2.769s][debug][gc,phases,ref     ] GC(49)         SoftRef (ms):                  skipped
[2.769s][debug][gc,phases,ref     ] GC(49)       Notify Soft/WeakReferences: 0.0ms
[2.769s][debug][gc,phases,ref     ] GC(49)         SoftRef (ms):                  skipped
[2.769s][debug][gc,phases,ref     ] GC(49)         WeakRef (ms):                  skipped
[2.769s][debug][gc,phases,ref     ] GC(49)         FinalRef (ms):                 skipped
[2.769s][debug][gc,phases,ref     ] GC(49)         Total (ms):                    skipped
[2.770s][debug][gc,phases,ref     ] GC(49)       Notify and keep alive finalizable: 0.0ms
[2.770s][debug][gc,phases,ref     ] GC(49)         FinalRef (ms):                 skipped
[2.770s][debug][gc,phases,ref     ] GC(49)       Notify PhantomReferences: 0.0ms
[2.770s][debug][gc,phases,ref     ] GC(49)         PhantomRef (ms):               skipped
[2.770s][debug][gc,phases,ref     ] GC(49)       SoftReference:
[2.770s][debug][gc,phases,ref     ] GC(49)         Discovered: 0
[2.770s][debug][gc,phases,ref     ] GC(49)         Cleared: 0
[2.770s][debug][gc,phases,ref     ] GC(49)       WeakReference:
[2.770s][debug][gc,phases,ref     ] GC(49)         Discovered: 0
[2.770s][debug][gc,phases,ref     ] GC(49)         Cleared: 0
[2.770s][debug][gc,phases,ref     ] GC(49)       FinalReference:
[2.770s][debug][gc,phases,ref     ] GC(49)         Discovered: 0
[2.770s][debug][gc,phases,ref     ] GC(49)         Cleared: 0
[2.770s][debug][gc,phases,ref     ] GC(49)       PhantomReference:
[2.770s][debug][gc,phases,ref     ] GC(49)         Discovered: 0
[2.770s][debug][gc,phases,ref     ] GC(49)         Cleared: 0
[2.770s][debug][gc,phases         ] GC(49)     Weak Processing: 0.1ms
[2.770s][debug][gc,phases         ] GC(49)       VM Weak                        Min:  0.0, Avg:  0.0, Max:  0.0, Diff:  0.0, Sum:  0.0, Workers: 3
[2.770s][debug][gc,phases         ] GC(49)         Dead                           Min: 0, Avg:  0.0, Max: 0, Diff: 0, Sum: 0, Workers: 3
[2.770s][debug][gc,phases         ] GC(49)         Total                          Min: 0, Avg:  2.7, Max: 8, Diff: 8, Sum: 8, Workers: 3
[2.770s][debug][gc,phases         ] GC(49)       ObjectSynchronizer Weak        Min:  0.0, Avg:  0.0, Max:  0.0, Diff:  0.0, Sum:  0.0, Workers: 3
[2.770s][debug][gc,phases         ] GC(49)         Dead                           Min: 0, Avg:  0.0, Max: 0, Diff: 0, Sum: 0, Workers: 3
[2.770s][debug][gc,phases         ] GC(49)         Total                          Min: 0, Avg:  1.0, Max: 3, Diff: 3, Sum: 3, Workers: 3
[2.770s][debug][gc,phases         ] GC(49)       JVMTI Tag Weak OopStorage      Min:  0.0, Avg:  0.0, Max:  0.0, Diff:  0.0, Sum:  0.0, Workers: 3
[2.770s][debug][gc,phases         ] GC(49)         Dead                           Min: 0, Avg:  0.0, Max: 0, Diff: 0, Sum: 0, Workers: 3
[2.770s][debug][gc,phases         ] GC(49)         Total                          Min: 0, Avg:  0.0, Max: 0, Diff: 0, Sum: 0, Workers: 3
[2.770s][debug][gc,phases         ] GC(49)       StringTable Weak               Min:  0.0, Avg:  0.0, Max:  0.0, Diff:  0.0, Sum:  0.0, Workers: 3
[2.770s][debug][gc,phases         ] GC(49)         Dead                           Min: 0, Avg:  0.0, Max: 0, Diff: 0, Sum: 0, Workers: 3
[2.770s][debug][gc,phases         ] GC(49)         Total                          Min: 768, Avg: 819.0, Max: 896, Diff: 128, Sum: 2457, Workers: 3
[2.770s][debug][gc,phases         ] GC(49)       ResolvedMethodTable Weak       Min:  0.0, Avg:  0.0, Max:  0.0, Diff:  0.0, Sum:  0.0, Workers: 3
[2.770s][debug][gc,phases         ] GC(49)         Dead                           Min: 0, Avg:  0.0, Max: 0, Diff: 0, Sum: 0, Workers: 3
[2.770s][debug][gc,phases         ] GC(49)         Total                          Min: 0, Avg: 45.7, Max: 73, Diff: 73, Sum: 137, Workers: 3
[2.770s][debug][gc,phases         ] GC(49)       JNI Weak                       Min:  0.0, Avg:  0.0, Max:  0.0, Diff:  0.0, Sum:  0.0, Workers: 3
[2.770s][debug][gc,phases         ] GC(49)         Dead                           Min: 0, Avg:  0.0, Max: 0, Diff: 0, Sum: 0, Workers: 3
[2.771s][debug][gc,phases         ] GC(49)         Total                          Min: 0, Avg:  0.0, Max: 0, Diff: 0, Sum: 0, Workers: 3
[2.771s][debug][gc,phases         ] GC(49)       StringDedup Table Weak         Min:  0.0, Avg:  0.0, Max:  0.0, Diff:  0.0, Sum:  0.0, Workers: 3
[2.771s][debug][gc,phases         ] GC(49)         Dead                           Min: 0, Avg:  0.0, Max: 0, Diff: 0, Sum: 0, Workers: 3
[2.771s][debug][gc,phases         ] GC(49)         Total                          Min: 0, Avg:  0.0, Max: 0, Diff: 0, Sum: 0, Workers: 3
[2.771s][debug][gc,phases         ] GC(49)       StringDedup Requests0 Weak     Min:  0.0, Avg:  0.0, Max:  0.0, Diff:  0.0, Sum:  0.0, Workers: 3
[2.771s][debug][gc,phases         ] GC(49)         Dead                           Min: 0, Avg:  0.0, Max: 0, Diff: 0, Sum: 0, Workers: 3
[2.771s][debug][gc,phases         ] GC(49)         Total                          Min: 0, Avg:  0.0, Max: 0, Diff: 0, Sum: 0, Workers: 3
[2.771s][debug][gc,phases         ] GC(49)       StringDedup Requests1 Weak     Min:  0.0, Avg:  0.0, Max:  0.0, Diff:  0.0, Sum:  0.0, Workers: 3
[2.771s][debug][gc,phases         ] GC(49)         Dead                           Min: 0, Avg:  0.0, Max: 0, Diff: 0, Sum: 0, Workers: 3
[2.771s][debug][gc,phases         ] GC(49)         Total                          Min: 0, Avg:  0.0, Max: 0, Diff: 0, Sum: 0, Workers: 3
[2.771s][debug][gc,phases         ] GC(49)       Weak JFR Old Object Samples    Min:  0.0, Avg:  0.0, Max:  0.0, Diff:  0.0, Sum:  0.0, Workers: 3
[2.771s][debug][gc,phases         ] GC(49)         Dead                           Min: 0, Avg:  0.0, Max: 0, Diff: 0, Sum: 0, Workers: 3
[2.771s][debug][gc,phases         ] GC(49)         Total                          Min: 0, Avg:  0.0, Max: 0, Diff: 0, Sum: 0, Workers: 3
[2.771s][debug][gc,phases         ] GC(49)     Post Evacuate Cleanup 1: 0.0ms
[2.771s][debug][gc,phases         ] GC(49)       Merge Per-Thread State (ms):   Min:  0.0, Avg:  0.0, Max:  0.0, Diff:  0.0, Sum:  0.0, Workers: 1
[2.771s][debug][gc,phases         ] GC(49)         Copied Bytes                   Min: 589248, Avg: 877100.0, Max: 1104816, Diff: 515568, Sum: 3508400, Workers: 4
[2.771s][debug][gc,phases         ] GC(49)         LAB Waste                      Min: 72, Avg: 104.0, Max: 144, Diff: 72, Sum: 416, Workers: 4
[2.771s][debug][gc,phases         ] GC(49)         LAB Undo Waste                 Min: 0, Avg:  0.0, Max: 0, Diff: 0, Sum: 0, Workers: 4
[2.771s][debug][gc,phases         ] GC(49)       Clear Logged Cards (ms):       Min:  0.0, Avg:  0.0, Max:  0.0, Diff:  0.0, Sum:  0.0, Workers: 3
[2.771s][debug][gc,phases         ] GC(49)       Recalculate Used Memory (ms):  Min:  0.0, Avg:  0.0, Max:  0.0, Diff:  0.0, Sum:  0.0, Workers: 1
[2.771s][debug][gc,phases         ] GC(49)     Post Evacuate Cleanup 2: 0.0ms
[2.771s][debug][gc,phases         ] GC(49)       Reset Hot Card Cache (ms):     Min:  0.0, Avg:  0.0, Max:  0.0, Diff:  0.0, Sum:  0.0, Workers: 1
[2.771s][debug][gc,phases         ] GC(49)       Purge Code Roots (ms):         Min:  0.0, Avg:  0.0, Max:  0.0, Diff:  0.0, Sum:  0.0, Workers: 1
[2.771s][debug][gc,phases         ] GC(49)       Update Derived Pointers (ms):  Min:  0.0, Avg:  0.0, Max:  0.0, Diff:  0.0, Sum:  0.0, Workers: 1
[2.772s][debug][gc,phases         ] GC(49)       Eagerly Reclaim Humongous Objects (ms): Min:  0.0, Avg:  0.0, Max:  0.0, Diff:  0.0, Sum:  0.0, Workers: 1
[2.772s][debug][gc,phases         ] GC(49)         Humongous Total                Min: 1, Avg:  1.0, Max: 1, Diff: 0, Sum: 1, Workers: 1
[2.772s][debug][gc,phases         ] GC(49)         Humongous Candidates           Min: 0, Avg:  0.0, Max: 0, Diff: 0, Sum: 0, Workers: 1
[2.772s][debug][gc,phases         ] GC(49)         Humongous Reclaimed            Min: 0, Avg:  0.0, Max: 0, Diff: 0, Sum: 0, Workers: 1
[2.772s][debug][gc,phases         ] GC(49)       Redirty Logged Cards (ms):     Min:  0.0, Avg:  0.0, Max:  0.0, Diff:  0.0, Sum:  0.0, Workers: 4
[2.772s][debug][gc,phases         ] GC(49)         Redirtied Cards:               Min: 0, Avg: 256.8, Max: 621, Diff: 621, Sum: 1027, Workers: 4
[2.772s][debug][gc,phases         ] GC(49)       Free Collection Set (ms):      Min:  0.0, Avg:  0.0, Max:  0.0, Diff:  0.0, Sum:  0.0, Workers: 4
[2.772s][debug][gc,phases         ] GC(49)     Rebuild Free List: 0.1ms
[2.772s][debug][gc,phases         ] GC(49)     Start New Collection Set: 0.0ms
[2.772s][debug][gc,phases         ] GC(49)     Resize TLABs: 0.0ms
[2.772s][debug][gc,phases         ] GC(49)     Expand Heap After Collection: 0.0ms
[2.772s][info ][gc,phases         ] GC(49)   Other: 1.0ms
[2.772s][info ][gc,heap           ] GC(49) Eden regions: 10->0(10)
[2.772s][info ][gc,heap           ] GC(49) Survivor regions: 2->2(2)
[2.772s][info ][gc,heap           ] GC(49) Old regions: 166->168
[2.772s][info ][gc,heap           ] GC(49) Archive regions: 0->0
[2.772s][info ][gc,heap           ] GC(49) Humongous regions: 36->36
[2.772s][info ][gc,metaspace      ] GC(49) Metaspace: 470K(640K)->470K(640K) NonClass: 437K(512K)->437K(512K) Class: 33K(128K)->33K(128K)
[2.772s][debug][gc,heap           ] GC(49) Heap after GC invocations=46 (full 2):
[2.772s][debug][gc,heap           ] GC(49)  garbage-first heap   total 262144K, used 208587K [0x00000000f0000000, 0x0000000100000000)
[2.772s][debug][gc,heap           ] GC(49)   region size 1024K, 2 young (2048K), 2 survivors (2048K)
[2.772s][debug][gc,heap           ] GC(49)  Metaspace       used 470K, committed 640K, reserved 1056768K
[2.772s][debug][gc,heap           ] GC(49)   class space    used 33K, committed 128K, reserved 1048576K
[2.772s][info ][gc                ] GC(49) Pause Young (Normal) (G1 Evacuation Pause) 211M->203M(256M) 11.382ms
[2.772s][info ][gc,cpu            ] GC(49) User=0.00s Sys=0.00s Real=0.01s
[2.795s][debug][gc,heap           ] GC(50) Heap before GC invocations=46 (full 2):
[2.795s][debug][gc,heap           ] GC(50)  garbage-first heap   total 262144K, used 218827K [0x00000000f0000000, 0x0000000100000000)
[2.795s][debug][gc,heap           ] GC(50)   region size 1024K, 12 young (12288K), 2 survivors (2048K)
[2.795s][debug][gc,heap           ] GC(50)  Metaspace       used 470K, committed 640K, reserved 1056768K
[2.795s][debug][gc,heap           ] GC(50)   class space    used 33K, committed 128K, reserved 1048576K
[2.795s][info ][gc,start          ] GC(50) Pause Young (Normal) (G1 Evacuation Pause)
[2.795s][info ][gc,task           ] GC(50) Using 4 workers of 4 for evacuation
[2.795s][debug][gc,tlab           ] GC(50) TLAB totals: thrds: 1  refills: 60 max: 60 slow allocs: 0 max 0 waste:  0.3% gc: 0B max: 0B slow: 34568B max: 34568B
[2.795s][debug][gc,age            ] GC(50) Desired survivor size 1048576 bytes, new threshold 1 (max threshold 15)
[2.795s][debug][gc,refine,stats   ] GC(50) Mutator refinement: 0.00ms, refined: 0, precleaned: 0, dirtied: 5096
[2.795s][debug][gc,refine,stats   ] GC(50) Concurrent refinement: 0.00ms, refined: 0, precleaned: 0, dirtied: 0
[2.795s][debug][gc,refine,stats   ] GC(50) Total refinement: 0.00ms, refined: 0, precleaned: 0, dirtied: 5096
[2.795s][debug][gc,refine,stats   ] GC(50) Generate dirty cards rate: 187.44 cards/ms
[2.795s][debug][gc,alloc,region   ] GC(50) Mutator Allocation stats, regions: 10, wasted size: 14080B ( 0.1%)
[2.795s][debug][gc,humongous      ] GC(50) Humongous region 173 (object size 36920416 @ 0x00000000fad00000) remset 0 code roots 0 marked 1 reclaim candidate 0 type array 0
[2.795s][debug][gc,ergo           ] GC(50) Running G1 Merge Heap Roots using 4 workers for 12 regions
[2.796s][debug][gc,remset         ] GC(50) Visited cards 6912 Total dirty 8192 (84.38%) Total old 466944 (1.48%)
[2.811s][debug][gc,ref            ] GC(50) Skipped phase 1 of Reference Processing: no references
[2.811s][debug][gc,ref            ] GC(50) Skipped phase 2 of Reference Processing: no references
[2.811s][debug][gc,ref            ] GC(50) Skipped phase 3 of Reference Processing: no references
[2.812s][debug][gc,ref            ] GC(50) Skipped phase 4 of Reference Processing: no references
[2.812s][debug][gc,ergo           ] GC(50) Running G1 Rebuild Free List Task using 4 workers for rebuilding free list of regions
[2.812s][debug][gc,plab           ] GC(50) Young PLAB allocation: allocated: 2097152B, wasted: 480B, unused: 0B, used: 2096672B, undo waste: 0B, 
[2.812s][debug][gc,plab           ] GC(50) Young other allocation: region end waste: 0B, regions filled: 2, direct allocated: 0B, failure used: 0B, failure wasted: 0B
[2.812s][debug][gc,plab           ] GC(50) Young sizing: calculated: 419328B, actual: 423832B
[2.812s][debug][gc,plab           ] GC(50) Old PLAB allocation: allocated: 10847840B, wasted: 1072B, unused: 410432B, used: 10436336B, undo waste: 0B, 
[2.812s][debug][gc,plab           ] GC(50) Old other allocation: region end waste: 0B, regions filled: 11, direct allocated: 0B, failure used: 0B, failure wasted: 0B
[2.812s][debug][gc,task,start     ] G1 Service Thread (Remembered Set Sampling Task) (run)
[2.812s][debug][gc,plab           ] GC(50) Old sizing: calculated: 2087264B, actual: 1787040B
[2.812s][debug][gc,ergo,heap      ] GC(50) Heap expansion: short term pause time ratio 8.70% long term pause time ratio 38.89% threshold 7.69% pause time ratio 7.69% fully expanded true resize by 0B
[2.812s][debug][gc,mmu            ] GC(50) MMU: 72.7ms (200.0ms/201.0ms)
[2.812s][debug][gc,alloc,stats    ] Old generation allocation in the last mutator period, old gen allocated: 10847840B, humongous allocated: 0B,old gen growth: 10847840B.
[2.812s][debug][gc,ihop           ] GC(50) Basic information (value update), threshold: 120795955B (45.00), target occupancy: 268435456B, current occupancy: 224442096B, recent allocation size: 10847840B, recent allocation duration: 27.19ms, recent old gen allocation rate: 399012752.56B/s, recent marking phase length: 0.00ms
[2.812s][debug][gc,ihop           ] GC(50) Adaptive IHOP information (value update), threshold: 120795955B (52.94), internal target occupancy: 228170137B, occupancy: 224442096B, additional buffer size: 12582912B, predicted old gen allocation rate: 560942618.96B/s, predicted marking phase length: 0.00ms, prediction active: false
[2.812s][debug][gc,ergo,refine    ] GC(50) Concurrent refinement times: Logged Cards Scan time goal: 20.00ms Logged Cards Scan time: 2.17ms HCC time: 0.00ms
[2.812s][debug][gc,ergo,refine    ] GC(50) Updated Refinement Zones: green: 12153, yellow: 36459, red: 60765
[2.812s][info ][gc,phases         ] GC(50)   Pre Evacuate Collection Set: 0.1ms
[2.812s][debug][gc,phases         ] GC(50)     Prepare TLABs: 0.0ms
[2.812s][debug][gc,phases         ] GC(50)     Concatenate Dirty Card Logs: 0.0ms
[2.812s][debug][gc,phases         ] GC(50)     Choose Collection Set: 0.0ms
[2.812s][debug][gc,phases         ] GC(50)     Region Register: 0.1ms
[2.812s][debug][gc,phases         ] GC(50)     Prepare Heap Roots: 0.0ms
[2.813s][info ][gc,phases         ] GC(50)   Merge Heap Roots: 0.1ms
[2.813s][debug][gc,phases         ] GC(50)     Prepare Merge Heap Roots: 0.0ms
[2.813s][debug][gc,phases         ] GC(50)     Eager Reclaim (ms):            skipped
[2.813s][debug][gc,phases         ] GC(50)     Remembered Sets (ms):          Min:  0.0, Avg:  0.0, Max:  0.0, Diff:  0.0, Sum:  0.0, Workers: 4
[2.813s][debug][gc,phases         ] GC(50)       Merged Sparse:                 Min: 0, Avg:  0.0, Max: 0, Diff: 0, Sum: 0, Workers: 4
[2.813s][debug][gc,phases         ] GC(50)       Merged Fine:                   Min: 0, Avg:  0.0, Max: 0, Diff: 0, Sum: 0, Workers: 4
[2.813s][debug][gc,phases         ] GC(50)       Merged Coarse:                 Min: 0, Avg:  0.0, Max: 0, Diff: 0, Sum: 0, Workers: 4
[2.813s][debug][gc,phases         ] GC(50)       Dirty Cards:                   Min: 0, Avg:  0.0, Max: 0, Diff: 0, Sum: 0, Workers: 4
[2.813s][debug][gc,phases         ] GC(50)     Hot Card Cache (ms):           Min:  0.0, Avg:  0.0, Max:  0.0, Diff:  0.0, Sum:  0.0, Workers: 4
[2.813s][debug][gc,phases         ] GC(50)       Dirty Cards:                   Min: 0, Avg:  0.0, Max: 0, Diff: 0, Sum: 0, Workers: 4
[2.813s][debug][gc,phases         ] GC(50)       Skipped Cards:                 Min: 0, Avg:  0.0, Max: 0, Diff: 0, Sum: 0, Workers: 4
[2.813s][debug][gc,phases         ] GC(50)     Log Buffers (ms):              Min:  0.0, Avg:  0.0, Max:  0.0, Diff:  0.0, Sum:  0.1, Workers: 4
[2.813s][debug][gc,phases         ] GC(50)       Dirty Cards:                   Min: 1473, Avg: 1522.8, Max: 1562, Diff: 89, Sum: 6091, Workers: 4
[2.813s][debug][gc,phases         ] GC(50)       Skipped Cards:                 Min: 0, Avg:  0.0, Max: 0, Diff: 0, Sum: 0, Workers: 4
[2.813s][info ][gc,phases         ] GC(50)   Evacuate Collection Set: 15.5ms
[2.813s][debug][gc,phases         ] GC(50)     Ext Root Scanning (ms):        Min:  0.0, Avg:  0.0, Max:  0.0, Diff:  0.0, Sum:  0.1, Workers: 4
[2.813s][debug][gc,phases         ] GC(50)     Scan Heap Roots (ms):          Min:  2.1, Avg:  2.2, Max:  2.3, Diff:  0.2, Sum:  8.6, Workers: 4
[2.813s][debug][gc,phases         ] GC(50)       Scanned Cards:                 Min: 1468, Avg: 1530.8, Max: 1583, Diff: 115, Sum: 6123, Workers: 4
[2.813s][debug][gc,phases         ] GC(50)       Scanned Blocks:                Min: 6, Avg:  6.8, Max: 8, Diff: 2, Sum: 27, Workers: 4
[2.813s][debug][gc,phases         ] GC(50)       Claimed Chunks:                Min: 6, Avg:  6.8, Max: 8, Diff: 2, Sum: 27, Workers: 4
[2.813s][debug][gc,phases         ] GC(50)     Code Root Scan (ms):           Min:  0.0, Avg:  0.0, Max:  0.0, Diff:  0.0, Sum:  0.0, Workers: 4
[2.813s][debug][gc,phases         ] GC(50)     Object Copy (ms):              Min: 13.2, Avg: 13.3, Max: 13.4, Diff:  0.2, Sum: 53.1, Workers: 4
[2.813s][debug][gc,phases         ] GC(50)     Termination (ms):              Min:  0.0, Avg:  0.0, Max:  0.0, Diff:  0.0, Sum:  0.0, Workers: 4
[2.813s][debug][gc,phases         ] GC(50)       Termination Attempts:          Min: 1, Avg:  9.5, Max: 19, Diff: 18, Sum: 38, Workers: 4
[2.813s][debug][gc,phases         ] GC(50)     GC Worker Other (ms):          Min:  0.0, Avg:  0.0, Max:  0.0, Diff:  0.0, Sum:  0.0, Workers: 4
[2.813s][debug][gc,phases         ] GC(50)     GC Worker Total (ms):          Min: 15.4, Avg: 15.5, Max: 15.5, Diff:  0.1, Sum: 61.9, Workers: 4
[2.813s][info ][gc,phases         ] GC(50)   Post Evacuate Collection Set: 0.7ms
[2.813s][debug][gc,phases         ] GC(50)     Code Roots Fixup: 0.0ms
[2.813s][debug][gc,phases         ] GC(50)     Reference Processing: 0.4ms
[2.813s][debug][gc,phases,ref     ] GC(50)       Reconsider SoftReferences: 0.2ms
[2.813s][debug][gc,phases,ref     ] GC(50)         SoftRef (ms):                  skipped
[2.813s][debug][gc,phases,ref     ] GC(50)       Notify Soft/WeakReferences: 0.0ms
[2.814s][debug][gc,phases,ref     ] GC(50)         SoftRef (ms):                  skipped
[2.814s][debug][gc,phases,ref     ] GC(50)         WeakRef (ms):                  skipped
[2.814s][debug][gc,phases,ref     ] GC(50)         FinalRef (ms):                 skipped
[2.814s][debug][gc,phases,ref     ] GC(50)         Total (ms):                    skipped
[2.814s][debug][gc,phases,ref     ] GC(50)       Notify and keep alive finalizable: 0.1ms
[2.814s][debug][gc,phases,ref     ] GC(50)         FinalRef (ms):                 skipped
[2.814s][debug][gc,phases,ref     ] GC(50)       Notify PhantomReferences: 0.0ms
[2.814s][debug][gc,phases,ref     ] GC(50)         PhantomRef (ms):               skipped
[2.814s][debug][gc,phases,ref     ] GC(50)       SoftReference:
[2.814s][debug][gc,phases,ref     ] GC(50)         Discovered: 0
[2.814s][debug][gc,phases,ref     ] GC(50)         Cleared: 0
[2.814s][debug][gc,phases,ref     ] GC(50)       WeakReference:
[2.814s][debug][gc,phases,ref     ] GC(50)         Discovered: 0
[2.814s][debug][gc,phases,ref     ] GC(50)         Cleared: 0
[2.814s][debug][gc,phases,ref     ] GC(50)       FinalReference:
[2.814s][debug][gc,phases,ref     ] GC(50)         Discovered: 0
[2.814s][debug][gc,phases,ref     ] GC(50)         Cleared: 0
[2.814s][debug][gc,phases,ref     ] GC(50)       PhantomReference:
[2.814s][debug][gc,phases,ref     ] GC(50)         Discovered: 0
[2.814s][debug][gc,phases,ref     ] GC(50)         Cleared: 0
[2.814s][debug][gc,phases         ] GC(50)     Weak Processing: 0.1ms
[2.814s][debug][gc,phases         ] GC(50)       VM Weak                        Min:  0.0, Avg:  0.0, Max:  0.0, Diff:  0.0, Sum:  0.0, Workers: 3
[2.814s][debug][gc,phases         ] GC(50)         Dead                           Min: 0, Avg:  0.0, Max: 0, Diff: 0, Sum: 0, Workers: 3
[2.814s][debug][gc,phases         ] GC(50)         Total                          Min: 0, Avg:  2.7, Max: 8, Diff: 8, Sum: 8, Workers: 3
[2.814s][debug][gc,phases         ] GC(50)       ObjectSynchronizer Weak        Min:  0.0, Avg:  0.0, Max:  0.0, Diff:  0.0, Sum:  0.0, Workers: 3
[2.814s][debug][gc,phases         ] GC(50)         Dead                           Min: 0, Avg:  0.0, Max: 0, Diff: 0, Sum: 0, Workers: 3
[2.814s][debug][gc,phases         ] GC(50)         Total                          Min: 0, Avg:  1.0, Max: 3, Diff: 3, Sum: 3, Workers: 3
[2.814s][debug][gc,phases         ] GC(50)       JVMTI Tag Weak OopStorage      Min:  0.0, Avg:  0.0, Max:  0.0, Diff:  0.0, Sum:  0.0, Workers: 3
[2.814s][debug][gc,phases         ] GC(50)         Dead                           Min: 0, Avg:  0.0, Max: 0, Diff: 0, Sum: 0, Workers: 3
[2.814s][debug][gc,phases         ] GC(50)         Total                          Min: 0, Avg:  0.0, Max: 0, Diff: 0, Sum: 0, Workers: 3
[2.814s][debug][gc,phases         ] GC(50)       StringTable Weak               Min:  0.0, Avg:  0.0, Max:  0.0, Diff:  0.0, Sum:  0.0, Workers: 3
[2.814s][debug][gc,phases         ] GC(50)         Dead                           Min: 0, Avg:  0.0, Max: 0, Diff: 0, Sum: 0, Workers: 3
[2.815s][debug][gc,phases         ] GC(50)         Total                          Min: 0, Avg: 819.0, Max: 1561, Diff: 1561, Sum: 2457, Workers: 3
[2.815s][debug][gc,phases         ] GC(50)       ResolvedMethodTable Weak       Min:  0.0, Avg:  0.0, Max:  0.0, Diff:  0.0, Sum:  0.0, Workers: 3
[2.815s][debug][gc,phases         ] GC(50)         Dead                           Min: 0, Avg:  0.0, Max: 0, Diff: 0, Sum: 0, Workers: 3
[2.815s][debug][gc,phases         ] GC(50)         Total                          Min: 0, Avg: 45.7, Max: 73, Diff: 73, Sum: 137, Workers: 3
[2.815s][debug][gc,phases         ] GC(50)       JNI Weak                       Min:  0.0, Avg:  0.0, Max:  0.0, Diff:  0.0, Sum:  0.0, Workers: 3
[2.815s][debug][gc,phases         ] GC(50)         Dead                           Min: 0, Avg:  0.0, Max: 0, Diff: 0, Sum: 0, Workers: 3
[2.815s][debug][gc,phases         ] GC(50)         Total                          Min: 0, Avg:  0.0, Max: 0, Diff: 0, Sum: 0, Workers: 3
[2.815s][debug][gc,phases         ] GC(50)       StringDedup Table Weak         Min:  0.0, Avg:  0.0, Max:  0.0, Diff:  0.0, Sum:  0.0, Workers: 3
[2.815s][debug][gc,phases         ] GC(50)         Dead                           Min: 0, Avg:  0.0, Max: 0, Diff: 0, Sum: 0, Workers: 3
[2.815s][debug][gc,phases         ] GC(50)         Total                          Min: 0, Avg:  0.0, Max: 0, Diff: 0, Sum: 0, Workers: 3
[2.815s][debug][gc,phases         ] GC(50)       StringDedup Requests0 Weak     Min:  0.0, Avg:  0.0, Max:  0.0, Diff:  0.0, Sum:  0.0, Workers: 3
[2.815s][debug][gc,phases         ] GC(50)         Dead                           Min: 0, Avg:  0.0, Max: 0, Diff: 0, Sum: 0, Workers: 3
[2.815s][debug][gc,phases         ] GC(50)         Total                          Min: 0, Avg:  0.0, Max: 0, Diff: 0, Sum: 0, Workers: 3
[2.815s][debug][gc,phases         ] GC(50)       StringDedup Requests1 Weak     Min:  0.0, Avg:  0.0, Max:  0.0, Diff:  0.0, Sum:  0.0, Workers: 3
[2.815s][debug][gc,phases         ] GC(50)         Dead                           Min: 0, Avg:  0.0, Max: 0, Diff: 0, Sum: 0, Workers: 3
[2.815s][debug][gc,phases         ] GC(50)         Total                          Min: 0, Avg:  0.0, Max: 0, Diff: 0, Sum: 0, Workers: 3
[2.815s][debug][gc,phases         ] GC(50)       Weak JFR Old Object Samples    Min:  0.0, Avg:  0.0, Max:  0.0, Diff:  0.0, Sum:  0.0, Workers: 3
[2.815s][debug][gc,phases         ] GC(50)         Dead                           Min: 0, Avg:  0.0, Max: 0, Diff: 0, Sum: 0, Workers: 3
[2.815s][debug][gc,phases         ] GC(50)         Total                          Min: 0, Avg:  0.0, Max: 0, Diff: 0, Sum: 0, Workers: 3
[2.815s][debug][gc,phases         ] GC(50)     Post Evacuate Cleanup 1: 0.0ms
[2.815s][debug][gc,phases         ] GC(50)       Merge Per-Thread State (ms):   Min:  0.0, Avg:  0.0, Max:  0.0, Diff:  0.0, Sum:  0.0, Workers: 1
[2.815s][debug][gc,phases         ] GC(50)         Copied Bytes                   Min: 3031360, Avg: 3133252.0, Max: 3211200, Diff: 179840, Sum: 12533008, Workers: 4
[2.815s][debug][gc,phases         ] GC(50)         LAB Waste                      Min: 320, Avg: 388.0, Max: 424, Diff: 104, Sum: 1552, Workers: 4
[2.815s][debug][gc,phases         ] GC(50)         LAB Undo Waste                 Min: 0, Avg:  0.0, Max: 0, Diff: 0, Sum: 0, Workers: 4
[2.815s][debug][gc,phases         ] GC(50)       Clear Logged Cards (ms):       Min:  0.0, Avg:  0.0, Max:  0.0, Diff:  0.0, Sum:  0.0, Workers: 3
[2.815s][debug][gc,phases         ] GC(50)       Recalculate Used Memory (ms):  Min:  0.0, Avg:  0.0, Max:  0.0, Diff:  0.0, Sum:  0.0, Workers: 1
[2.815s][debug][gc,phases         ] GC(50)     Post Evacuate Cleanup 2: 0.1ms
[2.815s][debug][gc,phases         ] GC(50)       Reset Hot Card Cache (ms):     Min:  0.0, Avg:  0.0, Max:  0.0, Diff:  0.0, Sum:  0.0, Workers: 1
[2.815s][debug][gc,phases         ] GC(50)       Purge Code Roots (ms):         Min:  0.0, Avg:  0.0, Max:  0.0, Diff:  0.0, Sum:  0.0, Workers: 1
[2.815s][debug][gc,phases         ] GC(50)       Update Derived Pointers (ms):  Min:  0.0, Avg:  0.0, Max:  0.0, Diff:  0.0, Sum:  0.0, Workers: 1
[2.815s][debug][gc,phases         ] GC(50)       Eagerly Reclaim Humongous Objects (ms): Min:  0.0, Avg:  0.0, Max:  0.0, Diff:  0.0, Sum:  0.0, Workers: 1
[2.816s][debug][gc,phases         ] GC(50)         Humongous Total                Min: 1, Avg:  1.0, Max: 1, Diff: 0, Sum: 1, Workers: 1
[2.816s][debug][gc,phases         ] GC(50)         Humongous Candidates           Min: 0, Avg:  0.0, Max: 0, Diff: 0, Sum: 0, Workers: 1
[2.816s][debug][gc,phases         ] GC(50)         Humongous Reclaimed            Min: 0, Avg:  0.0, Max: 0, Diff: 0, Sum: 0, Workers: 1
[2.816s][debug][gc,phases         ] GC(50)       Redirty Logged Cards (ms):     Min:  0.0, Avg:  0.0, Max:  0.0, Diff:  0.0, Sum:  0.0, Workers: 4
[2.816s][debug][gc,phases         ] GC(50)         Redirtied Cards:               Min: 0, Avg: 256.8, Max: 1027, Diff: 1027, Sum: 1027, Workers: 4
[2.816s][debug][gc,phases         ] GC(50)       Free Collection Set (ms):      Min:  0.0, Avg:  0.0, Max:  0.0, Diff:  0.0, Sum:  0.0, Workers: 4
[2.816s][debug][gc,phases         ] GC(50)     Rebuild Free List: 0.1ms
[2.816s][debug][gc,phases         ] GC(50)     Start New Collection Set: 0.0ms
[2.816s][debug][gc,phases         ] GC(50)     Resize TLABs: 0.0ms
[2.816s][debug][gc,phases         ] GC(50)     Expand Heap After Collection: 0.0ms
[2.816s][info ][gc,phases         ] GC(50)   Other: 1.0ms
[2.816s][info ][gc,heap           ] GC(50) Eden regions: 10->0(10)
[2.816s][info ][gc,heap           ] GC(50) Survivor regions: 2->2(2)
[2.816s][info ][gc,heap           ] GC(50) Old regions: 168->178
[2.816s][info ][gc,heap           ] GC(50) Archive regions: 0->0
[2.816s][info ][gc,heap           ] GC(50) Humongous regions: 36->36
[2.816s][info ][gc,metaspace      ] GC(50) Metaspace: 470K(640K)->470K(640K) NonClass: 437K(512K)->437K(512K) Class: 33K(128K)->33K(128K)
[2.816s][debug][gc,heap           ] GC(50) Heap after GC invocations=47 (full 2):
[2.816s][debug][gc,heap           ] GC(50)  garbage-first heap   total 262144K, used 219181K [0x00000000f0000000, 0x0000000100000000)
[2.816s][debug][gc,heap           ] GC(50)   region size 1024K, 2 young (2048K), 2 survivors (2048K)
[2.816s][debug][gc,heap           ] GC(50)  Metaspace       used 470K, committed 640K, reserved 1056768K
[2.816s][debug][gc,heap           ] GC(50)   class space    used 33K, committed 128K, reserved 1048576K
[2.816s][info ][gc                ] GC(50) Pause Young (Normal) (G1 Evacuation Pause) 213M->214M(256M) 21.016ms
[2.816s][info ][gc,cpu            ] GC(50) User=0.06s Sys=0.00s Real=0.02s
[2.816s][debug][gc,task           ] G1 Service Thread (Remembered Set Sampling Task) (run) 4.274ms (cpu: 0.000ms)
[2.837s][debug][gc,heap           ] GC(51) Heap before GC invocations=47 (full 2):
[2.837s][debug][gc,heap           ] GC(51)  garbage-first heap   total 262144K, used 229421K [0x00000000f0000000, 0x0000000100000000)
[2.837s][debug][gc,heap           ] GC(51)   region size 1024K, 12 young (12288K), 2 survivors (2048K)
[2.838s][debug][gc,heap           ] GC(51)  Metaspace       used 470K, committed 640K, reserved 1056768K
[2.838s][debug][gc,heap           ] GC(51)   class space    used 33K, committed 128K, reserved 1048576K
[2.838s][info ][gc,start          ] GC(51) Pause Young (Normal) (G1 Evacuation Pause)
[2.838s][info ][gc,task           ] GC(51) Using 4 workers of 4 for evacuation
[2.838s][debug][gc,tlab           ] GC(51) TLAB totals: thrds: 1  refills: 60 max: 60 slow allocs: 0 max 0 waste:  0.3% gc: 0B max: 0B slow: 34560B max: 34560B
[2.838s][debug][gc,age            ] GC(51) Desired survivor size 1048576 bytes, new threshold 1 (max threshold 15)
[2.838s][debug][gc,refine,stats   ] GC(51) Mutator refinement: 0.00ms, refined: 0, precleaned: 0, dirtied: 5095
[2.838s][debug][gc,refine,stats   ] GC(51) Concurrent refinement: 0.00ms, refined: 0, precleaned: 0, dirtied: 0
[2.838s][debug][gc,refine,stats   ] GC(51) Total refinement: 0.00ms, refined: 0, precleaned: 0, dirtied: 5095
[2.838s][debug][gc,refine,stats   ] GC(51) Generate dirty cards rate: 199.08 cards/ms
[2.838s][debug][gc,alloc,region   ] GC(51) Mutator Allocation stats, regions: 10, wasted size: 18880B ( 0.2%)
[2.838s][debug][gc,humongous      ] GC(51) Humongous region 173 (object size 36920416 @ 0x00000000fad00000) remset 0 code roots 0 marked 1 reclaim candidate 0 type array 0
[2.838s][debug][gc,ergo           ] GC(51) Running G1 Merge Heap Roots using 4 workers for 12 regions
[2.838s][debug][gc,remset         ] GC(51) Visited cards 6912 Total dirty 10240 (67.50%) Total old 487424 (1.42%)
[2.854s][debug][gc,ref            ] GC(51) Skipped phase 1 of Reference Processing: no references
[2.854s][debug][gc,ref            ] GC(51) Skipped phase 2 of Reference Processing: no references
[2.854s][debug][gc,ref            ] GC(51) Skipped phase 3 of Reference Processing: no references
[2.854s][debug][gc,ref            ] GC(51) Skipped phase 4 of Reference Processing: no references
[2.854s][debug][gc,ergo           ] GC(51) Running G1 Rebuild Free List Task using 4 workers for rebuilding free list of regions
[2.854s][debug][gc,plab           ] GC(51) Young PLAB allocation: allocated: 2097152B, wasted: 320B, unused: 0B, used: 2096832B, undo waste: 0B, 
[2.854s][debug][gc,plab           ] GC(51) Young other allocation: region end waste: 0B, regions filled: 2, direct allocated: 0B, failure used: 0B, failure wasted: 0B
[2.854s][debug][gc,plab           ] GC(51) Young sizing: calculated: 419360B, actual: 420472B
[2.854s][debug][gc,plab           ] GC(51) Old PLAB allocation: allocated: 11541072B, wasted: 608B, unused: 1108304B, used: 10432160B, undo waste: 0B, 
[2.854s][debug][gc,plab           ] GC(51) Old other allocation: region end waste: 0B, regions filled: 12, direct allocated: 0B, failure used: 0B, failure wasted: 0B
[2.854s][debug][gc,plab           ] GC(51) Old sizing: calculated: 2086432B, actual: 2011584B
[2.854s][debug][gc,ergo,heap      ] GC(51) Heap expansion: short term pause time ratio 38.32% long term pause time ratio 38.45% threshold 7.69% pause time ratio 7.69% fully expanded true resize by 0B
[2.854s][debug][gc,mmu            ] GC(51) MMU: 61.7ms (200.0ms/201.0ms)
[2.854s][debug][gc,alloc,stats    ] Old generation allocation in the last mutator period, old gen allocated: 11541072B, humongous allocated: 0B,old gen growth: 11541072B.
[2.855s][debug][gc,ihop           ] GC(51) Basic information (value update), threshold: 120795955B (45.00), target occupancy: 268435456B, current occupancy: 235983600B, recent allocation size: 11541072B, recent allocation duration: 25.59ms, recent old gen allocation rate: 450960527.04B/s, recent marking phase length: 0.00ms
[2.855s][debug][gc,ihop           ] GC(51) Adaptive IHOP information (value update), threshold: 120795955B (52.94), internal target occupancy: 228170137B, occupancy: 235983600B, additional buffer size: 12582912B, predicted old gen allocation rate: 558911997.29B/s, predicted marking phase length: 0.00ms, prediction active: false
[2.855s][debug][gc,ergo,refine    ] GC(51) Concurrent refinement times: Logged Cards Scan time goal: 20.00ms Logged Cards Scan time: 2.14ms HCC time: 0.00ms
[2.855s][debug][gc,ergo,refine    ] GC(51) Updated Refinement Zones: green: 12153, yellow: 36459, red: 60765
[2.855s][info ][gc,phases         ] GC(51)   Pre Evacuate Collection Set: 0.3ms
[2.855s][debug][gc,phases         ] GC(51)     Prepare TLABs: 0.0ms
[2.855s][debug][gc,phases         ] GC(51)     Concatenate Dirty Card Logs: 0.0ms
[2.855s][debug][gc,phases         ] GC(51)     Choose Collection Set: 0.0ms
[2.855s][debug][gc,phases         ] GC(51)     Region Register: 0.2ms
[2.855s][debug][gc,phases         ] GC(51)     Prepare Heap Roots: 0.0ms
[2.855s][info ][gc,phases         ] GC(51)   Merge Heap Roots: 0.2ms
[2.855s][debug][gc,phases         ] GC(51)     Prepare Merge Heap Roots: 0.0ms
[2.855s][debug][gc,phases         ] GC(51)     Eager Reclaim (ms):            skipped
[2.855s][debug][gc,phases         ] GC(51)     Remembered Sets (ms):          Min:  0.0, Avg:  0.0, Max:  0.0, Diff:  0.0, Sum:  0.0, Workers: 4
[2.855s][debug][gc,phases         ] GC(51)       Merged Sparse:                 Min: 0, Avg:  0.0, Max: 0, Diff: 0, Sum: 0, Workers: 4
[2.855s][debug][gc,phases         ] GC(51)       Merged Fine:                   Min: 0, Avg:  0.0, Max: 0, Diff: 0, Sum: 0, Workers: 4
[2.855s][debug][gc,phases         ] GC(51)       Merged Coarse:                 Min: 0, Avg:  0.0, Max: 0, Diff: 0, Sum: 0, Workers: 4
[2.855s][debug][gc,phases         ] GC(51)       Dirty Cards:                   Min: 0, Avg:  0.0, Max: 0, Diff: 0, Sum: 0, Workers: 4
[2.855s][debug][gc,phases         ] GC(51)     Hot Card Cache (ms):           Min:  0.0, Avg:  0.0, Max:  0.0, Diff:  0.0, Sum:  0.0, Workers: 4
[2.855s][debug][gc,phases         ] GC(51)       Dirty Cards:                   Min: 0, Avg:  0.0, Max: 0, Diff: 0, Sum: 0, Workers: 4
[2.855s][debug][gc,phases         ] GC(51)       Skipped Cards:                 Min: 0, Avg:  0.0, Max: 0, Diff: 0, Sum: 0, Workers: 4
[2.855s][debug][gc,phases         ] GC(51)     Log Buffers (ms):              Min:  0.0, Avg:  0.0, Max:  0.0, Diff:  0.0, Sum:  0.1, Workers: 4
[2.855s][debug][gc,phases         ] GC(51)       Dirty Cards:                   Min: 0, Avg: 1524.5, Max: 2858, Diff: 2858, Sum: 6098, Workers: 4
[2.855s][debug][gc,phases         ] GC(51)       Skipped Cards:                 Min: 0, Avg:  0.0, Max: 0, Diff: 0, Sum: 0, Workers: 4
[2.855s][info ][gc,phases         ] GC(51)   Evacuate Collection Set: 15.4ms
[2.855s][debug][gc,phases         ] GC(51)     Ext Root Scanning (ms):        Min:  0.0, Avg:  0.0, Max:  0.0, Diff:  0.0, Sum:  0.1, Workers: 4
[2.855s][debug][gc,phases         ] GC(51)     Scan Heap Roots (ms):          Min:  1.9, Avg:  2.1, Max:  2.2, Diff:  0.3, Sum:  8.4, Workers: 4
[2.855s][debug][gc,phases         ] GC(51)       Scanned Cards:                 Min: 1407, Avg: 1530.5, Max: 1655, Diff: 248, Sum: 6122, Workers: 4
[2.855s][debug][gc,phases         ] GC(51)       Scanned Blocks:                Min: 6, Avg:  6.8, Max: 7, Diff: 1, Sum: 27, Workers: 4
[2.855s][debug][gc,phases         ] GC(51)       Claimed Chunks:                Min: 6, Avg:  6.8, Max: 7, Diff: 1, Sum: 27, Workers: 4
[2.855s][debug][gc,phases         ] GC(51)     Code Root Scan (ms):           Min:  0.0, Avg:  0.0, Max:  0.0, Diff:  0.0, Sum:  0.0, Workers: 4
[2.855s][debug][gc,phases         ] GC(51)     Object Copy (ms):              Min: 13.1, Avg: 13.2, Max: 13.4, Diff:  0.2, Sum: 52.9, Workers: 4
[2.855s][debug][gc,phases         ] GC(51)     Termination (ms):              Min:  0.0, Avg:  0.0, Max:  0.0, Diff:  0.0, Sum:  0.0, Workers: 4
[2.855s][debug][gc,phases         ] GC(51)       Termination Attempts:          Min: 1, Avg:  7.5, Max: 13, Diff: 12, Sum: 30, Workers: 4
[2.855s][debug][gc,phases         ] GC(51)     GC Worker Other (ms):          Min:  0.0, Avg:  0.0, Max:  0.0, Diff:  0.0, Sum:  0.0, Workers: 4
[2.855s][debug][gc,phases         ] GC(51)     GC Worker Total (ms):          Min: 15.2, Avg: 15.4, Max: 15.4, Diff:  0.2, Sum: 61.4, Workers: 4
[2.855s][info ][gc,phases         ] GC(51)   Post Evacuate Collection Set: 0.4ms
[2.855s][debug][gc,phases         ] GC(51)     Code Roots Fixup: 0.0ms
[2.855s][debug][gc,phases         ] GC(51)     Reference Processing: 0.2ms
[2.855s][debug][gc,phases,ref     ] GC(51)       Reconsider SoftReferences: 0.1ms
[2.855s][debug][gc,phases,ref     ] GC(51)         SoftRef (ms):                  skipped
[2.855s][debug][gc,phases,ref     ] GC(51)       Notify Soft/WeakReferences: 0.0ms
[2.856s][debug][gc,phases,ref     ] GC(51)         SoftRef (ms):                  skipped
[2.856s][debug][gc,phases,ref     ] GC(51)         WeakRef (ms):                  skipped
[2.856s][debug][gc,phases,ref     ] GC(51)         FinalRef (ms):                 skipped
[2.856s][debug][gc,phases,ref     ] GC(51)         Total (ms):                    skipped
[2.856s][debug][gc,phases,ref     ] GC(51)       Notify and keep alive finalizable: 0.0ms
[2.856s][debug][gc,phases,ref     ] GC(51)         FinalRef (ms):                 skipped
[2.856s][debug][gc,phases,ref     ] GC(51)       Notify PhantomReferences: 0.0ms
[2.856s][debug][gc,phases,ref     ] GC(51)         PhantomRef (ms):               skipped
[2.856s][debug][gc,phases,ref     ] GC(51)       SoftReference:
[2.856s][debug][gc,phases,ref     ] GC(51)         Discovered: 0
[2.856s][debug][gc,phases,ref     ] GC(51)         Cleared: 0
[2.856s][debug][gc,phases,ref     ] GC(51)       WeakReference:
[2.856s][debug][gc,phases,ref     ] GC(51)         Discovered: 0
[2.856s][debug][gc,phases,ref     ] GC(51)         Cleared: 0
[2.856s][debug][gc,phases,ref     ] GC(51)       FinalReference:
[2.856s][debug][gc,phases,ref     ] GC(51)         Discovered: 0
[2.856s][debug][gc,phases,ref     ] GC(51)         Cleared: 0
[2.856s][debug][gc,phases,ref     ] GC(51)       PhantomReference:
[2.856s][debug][gc,phases,ref     ] GC(51)         Discovered: 0
[2.856s][debug][gc,phases,ref     ] GC(51)         Cleared: 0
[2.856s][debug][gc,phases         ] GC(51)     Weak Processing: 0.0ms
[2.856s][debug][gc,phases         ] GC(51)       VM Weak                        Min:  0.0, Avg:  0.0, Max:  0.0, Diff:  0.0, Sum:  0.0, Workers: 3
[2.856s][debug][gc,phases         ] GC(51)         Dead                           Min: 0, Avg:  0.0, Max: 0, Diff: 0, Sum: 0, Workers: 3
[2.856s][debug][gc,phases         ] GC(51)         Total                          Min: 0, Avg:  2.7, Max: 8, Diff: 8, Sum: 8, Workers: 3
[2.856s][debug][gc,phases         ] GC(51)       ObjectSynchronizer Weak        Min:  0.0, Avg:  0.0, Max:  0.0, Diff:  0.0, Sum:  0.0, Workers: 3
[2.856s][debug][gc,phases         ] GC(51)         Dead                           Min: 0, Avg:  0.0, Max: 0, Diff: 0, Sum: 0, Workers: 3
[2.856s][debug][gc,phases         ] GC(51)         Total                          Min: 0, Avg:  1.0, Max: 3, Diff: 3, Sum: 3, Workers: 3
[2.856s][debug][gc,phases         ] GC(51)       JVMTI Tag Weak OopStorage      Min:  0.0, Avg:  0.0, Max:  0.0, Diff:  0.0, Sum:  0.0, Workers: 3
[2.856s][debug][gc,phases         ] GC(51)         Dead                           Min: 0, Avg:  0.0, Max: 0, Diff: 0, Sum: 0, Workers: 3
[2.856s][debug][gc,phases         ] GC(51)         Total                          Min: 0, Avg:  0.0, Max: 0, Diff: 0, Sum: 0, Workers: 3
[2.856s][debug][gc,phases         ] GC(51)       StringTable Weak               Min:  0.0, Avg:  0.0, Max:  0.0, Diff:  0.0, Sum:  0.0, Workers: 3
[2.856s][debug][gc,phases         ] GC(51)         Dead                           Min: 0, Avg:  0.0, Max: 0, Diff: 0, Sum: 0, Workers: 3
[2.856s][debug][gc,phases         ] GC(51)         Total                          Min: 793, Avg: 819.0, Max: 832, Diff: 39, Sum: 2457, Workers: 3
[2.856s][debug][gc,phases         ] GC(51)       ResolvedMethodTable Weak       Min:  0.0, Avg:  0.0, Max:  0.0, Diff:  0.0, Sum:  0.0, Workers: 3
[2.856s][debug][gc,phases         ] GC(51)         Dead                           Min: 0, Avg:  0.0, Max: 0, Diff: 0, Sum: 0, Workers: 3
[2.856s][debug][gc,phases         ] GC(51)         Total                          Min: 9, Avg: 45.7, Max: 64, Diff: 55, Sum: 137, Workers: 3
[2.856s][debug][gc,phases         ] GC(51)       JNI Weak                       Min:  0.0, Avg:  0.0, Max:  0.0, Diff:  0.0, Sum:  0.0, Workers: 3
[2.856s][debug][gc,phases         ] GC(51)         Dead                           Min: 0, Avg:  0.0, Max: 0, Diff: 0, Sum: 0, Workers: 3
[2.856s][debug][gc,phases         ] GC(51)         Total                          Min: 0, Avg:  0.0, Max: 0, Diff: 0, Sum: 0, Workers: 3
[2.856s][debug][gc,phases         ] GC(51)       StringDedup Table Weak         Min:  0.0, Avg:  0.0, Max:  0.0, Diff:  0.0, Sum:  0.0, Workers: 3
[2.856s][debug][gc,phases         ] GC(51)         Dead                           Min: 0, Avg:  0.0, Max: 0, Diff: 0, Sum: 0, Workers: 3
[2.856s][debug][gc,phases         ] GC(51)         Total                          Min: 0, Avg:  0.0, Max: 0, Diff: 0, Sum: 0, Workers: 3
[2.856s][debug][gc,phases         ] GC(51)       StringDedup Requests0 Weak     Min:  0.0, Avg:  0.0, Max:  0.0, Diff:  0.0, Sum:  0.0, Workers: 3
[2.856s][debug][gc,phases         ] GC(51)         Dead                           Min: 0, Avg:  0.0, Max: 0, Diff: 0, Sum: 0, Workers: 3
[2.857s][debug][gc,phases         ] GC(51)         Total                          Min: 0, Avg:  0.0, Max: 0, Diff: 0, Sum: 0, Workers: 3
[2.857s][debug][gc,phases         ] GC(51)       StringDedup Requests1 Weak     Min:  0.0, Avg:  0.0, Max:  0.0, Diff:  0.0, Sum:  0.0, Workers: 3
[2.857s][debug][gc,phases         ] GC(51)         Dead                           Min: 0, Avg:  0.0, Max: 0, Diff: 0, Sum: 0, Workers: 3
[2.857s][debug][gc,phases         ] GC(51)         Total                          Min: 0, Avg:  0.0, Max: 0, Diff: 0, Sum: 0, Workers: 3
[2.857s][debug][gc,phases         ] GC(51)       Weak JFR Old Object Samples    Min:  0.0, Avg:  0.0, Max:  0.0, Diff:  0.0, Sum:  0.0, Workers: 3
[2.857s][debug][gc,phases         ] GC(51)         Dead                           Min: 0, Avg:  0.0, Max: 0, Diff: 0, Sum: 0, Workers: 3
[2.857s][debug][gc,phases         ] GC(51)         Total                          Min: 0, Avg:  0.0, Max: 0, Diff: 0, Sum: 0, Workers: 3
[2.857s][debug][gc,phases         ] GC(51)     Post Evacuate Cleanup 1: 0.0ms
[2.857s][debug][gc,phases         ] GC(51)       Merge Per-Thread State (ms):   Min:  0.0, Avg:  0.0, Max:  0.0, Diff:  0.0, Sum:  0.0, Workers: 1
[2.857s][debug][gc,phases         ] GC(51)         Copied Bytes                   Min: 2986896, Avg: 3132248.0, Max: 3390592, Diff: 403696, Sum: 12528992, Workers: 4
[2.857s][debug][gc,phases         ] GC(51)         LAB Waste                      Min: 216, Avg: 232.0, Max: 264, Diff: 48, Sum: 928, Workers: 4
[2.857s][debug][gc,phases         ] GC(51)         LAB Undo Waste                 Min: 0, Avg:  0.0, Max: 0, Diff: 0, Sum: 0, Workers: 4
[2.857s][debug][gc,phases         ] GC(51)       Clear Logged Cards (ms):       Min:  0.0, Avg:  0.0, Max:  0.0, Diff:  0.0, Sum:  0.0, Workers: 3
[2.857s][debug][gc,phases         ] GC(51)       Recalculate Used Memory (ms):  Min:  0.0, Avg:  0.0, Max:  0.0, Diff:  0.0, Sum:  0.0, Workers: 1
[2.857s][debug][gc,phases         ] GC(51)     Post Evacuate Cleanup 2: 0.1ms
[2.857s][debug][gc,phases         ] GC(51)       Reset Hot Card Cache (ms):     Min:  0.0, Avg:  0.0, Max:  0.0, Diff:  0.0, Sum:  0.0, Workers: 1
[2.857s][debug][gc,phases         ] GC(51)       Purge Code Roots (ms):         Min:  0.0, Avg:  0.0, Max:  0.0, Diff:  0.0, Sum:  0.0, Workers: 1
[2.857s][debug][gc,phases         ] GC(51)       Update Derived Pointers (ms):  Min:  0.0, Avg:  0.0, Max:  0.0, Diff:  0.0, Sum:  0.0, Workers: 1
[2.857s][debug][gc,phases         ] GC(51)       Eagerly Reclaim Humongous Objects (ms): Min:  0.0, Avg:  0.0, Max:  0.0, Diff:  0.0, Sum:  0.0, Workers: 1
[2.857s][debug][gc,phases         ] GC(51)         Humongous Total                Min: 1, Avg:  1.0, Max: 1, Diff: 0, Sum: 1, Workers: 1
[2.857s][debug][gc,phases         ] GC(51)         Humongous Candidates           Min: 0, Avg:  0.0, Max: 0, Diff: 0, Sum: 0, Workers: 1
[2.857s][debug][gc,phases         ] GC(51)         Humongous Reclaimed            Min: 0, Avg:  0.0, Max: 0, Diff: 0, Sum: 0, Workers: 1
[2.857s][debug][gc,phases         ] GC(51)       Redirty Logged Cards (ms):     Min:  0.0, Avg:  0.0, Max:  0.0, Diff:  0.0, Sum:  0.0, Workers: 4
[2.857s][debug][gc,phases         ] GC(51)         Redirtied Cards:               Min: 0, Avg: 257.0, Max: 616, Diff: 616, Sum: 1028, Workers: 4
[2.857s][debug][gc,phases         ] GC(51)       Free Collection Set (ms):      Min:  0.0, Avg:  0.0, Max:  0.0, Diff:  0.0, Sum:  0.0, Workers: 4
[2.857s][debug][gc,phases         ] GC(51)     Rebuild Free List: 0.1ms
[2.857s][debug][gc,phases         ] GC(51)     Start New Collection Set: 0.0ms
[2.857s][debug][gc,phases         ] GC(51)     Resize TLABs: 0.0ms
[2.857s][debug][gc,phases         ] GC(51)     Expand Heap After Collection: 0.0ms
[2.857s][info ][gc,phases         ] GC(51)   Other: 0.9ms
[2.857s][info ][gc,heap           ] GC(51) Eden regions: 10->0(10)
[2.857s][info ][gc,heap           ] GC(51) Survivor regions: 2->2(2)
[2.857s][info ][gc,heap           ] GC(51) Old regions: 178->189
[2.857s][info ][gc,heap           ] GC(51) Archive regions: 0->0
[2.857s][info ][gc,heap           ] GC(51) Humongous regions: 36->36
[2.857s][info ][gc,metaspace      ] GC(51) Metaspace: 470K(640K)->470K(640K) NonClass: 437K(512K)->437K(512K) Class: 33K(128K)->33K(128K)
[2.857s][debug][gc,heap           ] GC(51) Heap after GC invocations=48 (full 2):
[2.857s][debug][gc,heap           ] GC(51)  garbage-first heap   total 262144K, used 230452K [0x00000000f0000000, 0x0000000100000000)
[2.857s][debug][gc,heap           ] GC(51)   region size 1024K, 2 young (2048K), 2 survivors (2048K)
[2.857s][debug][gc,heap           ] GC(51)  Metaspace       used 470K, committed 640K, reserved 1056768K
[2.857s][debug][gc,heap           ] GC(51)   class space    used 33K, committed 128K, reserved 1048576K
[2.857s][info ][gc                ] GC(51) Pause Young (Normal) (G1 Evacuation Pause) 224M->225M(256M) 19.734ms
[2.857s][info ][gc,cpu            ] GC(51) User=0.06s Sys=0.00s Real=0.02s
[2.875s][debug][gc,heap           ] GC(52) Heap before GC invocations=48 (full 2):
[2.875s][debug][gc,heap           ] GC(52)  garbage-first heap   total 262144K, used 240692K [0x00000000f0000000, 0x0000000100000000)
[2.875s][debug][gc,heap           ] GC(52)   region size 1024K, 12 young (12288K), 2 survivors (2048K)
[2.875s][debug][gc,heap           ] GC(52)  Metaspace       used 470K, committed 640K, reserved 1056768K
[2.875s][debug][gc,heap           ] GC(52)   class space    used 33K, committed 128K, reserved 1048576K
[2.875s][info ][gc,start          ] GC(52) Pause Young (Normal) (G1 Evacuation Pause)
[2.875s][info ][gc,task           ] GC(52) Using 4 workers of 4 for evacuation
[2.875s][debug][gc,tlab           ] GC(52) TLAB totals: thrds: 1  refills: 70 max: 70 slow allocs: 0 max 0 waste:  0.4% gc: 0B max: 0B slow: 40800B max: 40800B
[2.875s][debug][gc,age            ] GC(52) Desired survivor size 1048576 bytes, new threshold 1 (max threshold 15)
[2.875s][debug][gc,refine,stats   ] GC(52) Mutator refinement: 0.00ms, refined: 0, precleaned: 0, dirtied: 5101
[2.875s][debug][gc,refine,stats   ] GC(52) Concurrent refinement: 0.00ms, refined: 0, precleaned: 0, dirtied: 0
[2.875s][debug][gc,refine,stats   ] GC(52) Total refinement: 0.00ms, refined: 0, precleaned: 0, dirtied: 5101
[2.875s][debug][gc,refine,stats   ] GC(52) Generate dirty cards rate: 245.25 cards/ms
[2.875s][debug][gc,alloc,region   ] GC(52) Mutator Allocation stats, regions: 10, wasted size: 0B ( 0.0%)
[2.875s][debug][gc,humongous      ] GC(52) Humongous region 173 (object size 36920416 @ 0x00000000fad00000) remset 0 code roots 0 marked 1 reclaim candidate 0 type array 0
[2.876s][debug][gc,ergo           ] GC(52) Running G1 Merge Heap Roots using 4 workers for 12 regions
[2.876s][debug][gc,remset         ] GC(52) Visited cards 6912 Total dirty 12288 (56.25%) Total old 509952 (1.36%)
[2.891s][debug][gc,ref            ] GC(52) Skipped phase 1 of Reference Processing: no references
[2.891s][debug][gc,ref            ] GC(52) Skipped phase 2 of Reference Processing: no references
[2.891s][debug][gc,ref            ] GC(52) Skipped phase 3 of Reference Processing: no references
[2.891s][debug][gc,ref            ] GC(52) Skipped phase 4 of Reference Processing: no references
[2.891s][debug][gc,ergo           ] GC(52) Running G1 Rebuild Free List Task using 4 workers for rebuilding free list of regions
[2.891s][debug][gc,plab           ] GC(52) Young PLAB allocation: allocated: 2097152B, wasted: 480B, unused: 0B, used: 2096672B, undo waste: 0B, 
[2.891s][debug][gc,plab           ] GC(52) Young other allocation: region end waste: 0B, regions filled: 2, direct allocated: 0B, failure used: 0B, failure wasted: 0B
[2.891s][debug][gc,plab           ] GC(52) Young sizing: calculated: 419328B, actual: 419608B
[2.891s][debug][gc,plab           ] GC(52) Old PLAB allocation: allocated: 11143280B, wasted: 448B, unused: 697712B, used: 10445120B, undo waste: 0B, 
[2.891s][debug][gc,plab           ] GC(52) Old other allocation: region end waste: 0B, regions filled: 12, direct allocated: 0B, failure used: 0B, failure wasted: 0B
[2.891s][debug][gc,plab           ] GC(52) Old sizing: calculated: 2089024B, actual: 2069664B
[2.891s][debug][gc,ergo,heap      ] GC(52) Heap expansion: short term pause time ratio 39.56% long term pause time ratio 38.42% threshold 7.69% pause time ratio 7.69% fully expanded true resize by 0B
[2.891s][debug][gc,mmu            ] GC(52) MMU: 56.8ms (200.0ms/201.0ms)
[2.891s][debug][gc,alloc,stats    ] Old generation allocation in the last mutator period, old gen allocated: 11143280B, humongous allocated: 0B,old gen growth: 11143280B.
[2.891s][debug][gc,ihop           ] GC(52) Basic information (value update), threshold: 120795955B (45.00), target occupancy: 268435456B, current occupancy: 247127280B, recent allocation size: 11143280B, recent allocation duration: 20.80ms, recent old gen allocation rate: 535750069.71B/s, recent marking phase length: 0.00ms
[2.891s][debug][gc,ihop           ] GC(52) Adaptive IHOP information (value update), threshold: 120795955B (52.94), internal target occupancy: 228170137B, occupancy: 247127280B, additional buffer size: 12582912B, predicted old gen allocation rate: 561665905.49B/s, predicted marking phase length: 0.00ms, prediction active: false
[2.891s][debug][gc,ergo,refine    ] GC(52) Concurrent refinement times: Logged Cards Scan time goal: 20.00ms Logged Cards Scan time: 2.14ms HCC time: 0.00ms
[2.891s][debug][gc,ergo,refine    ] GC(52) Updated Refinement Zones: green: 12153, yellow: 36459, red: 60765
[2.891s][info ][gc,phases         ] GC(52)   Pre Evacuate Collection Set: 0.1ms
[2.891s][debug][gc,phases         ] GC(52)     Prepare TLABs: 0.0ms
[2.892s][debug][gc,phases         ] GC(52)     Concatenate Dirty Card Logs: 0.0ms
[2.892s][debug][gc,phases         ] GC(52)     Choose Collection Set: 0.0ms
[2.892s][debug][gc,phases         ] GC(52)     Region Register: 0.1ms
[2.892s][debug][gc,phases         ] GC(52)     Prepare Heap Roots: 0.0ms
[2.892s][info ][gc,phases         ] GC(52)   Merge Heap Roots: 0.1ms
[2.892s][debug][gc,phases         ] GC(52)     Prepare Merge Heap Roots: 0.0ms
[2.892s][debug][gc,phases         ] GC(52)     Eager Reclaim (ms):            skipped
[2.892s][debug][gc,phases         ] GC(52)     Remembered Sets (ms):          Min:  0.0, Avg:  0.0, Max:  0.0, Diff:  0.0, Sum:  0.0, Workers: 4
[2.892s][debug][gc,phases         ] GC(52)       Merged Sparse:                 Min: 0, Avg:  0.0, Max: 0, Diff: 0, Sum: 0, Workers: 4
[2.892s][debug][gc,phases         ] GC(52)       Merged Fine:                   Min: 0, Avg:  0.0, Max: 0, Diff: 0, Sum: 0, Workers: 4
[2.892s][debug][gc,phases         ] GC(52)       Merged Coarse:                 Min: 0, Avg:  0.0, Max: 0, Diff: 0, Sum: 0, Workers: 4
[2.892s][debug][gc,phases         ] GC(52)       Dirty Cards:                   Min: 0, Avg:  0.0, Max: 0, Diff: 0, Sum: 0, Workers: 4
[2.892s][debug][gc,phases         ] GC(52)     Hot Card Cache (ms):           Min:  0.0, Avg:  0.0, Max:  0.0, Diff:  0.0, Sum:  0.0, Workers: 4
[2.892s][debug][gc,phases         ] GC(52)       Dirty Cards:                   Min: 0, Avg:  0.0, Max: 0, Diff: 0, Sum: 0, Workers: 4
[2.892s][debug][gc,phases         ] GC(52)       Skipped Cards:                 Min: 0, Avg:  0.0, Max: 0, Diff: 0, Sum: 0, Workers: 4
[2.892s][debug][gc,phases         ] GC(52)     Log Buffers (ms):              Min:  0.0, Avg:  0.0, Max:  0.0, Diff:  0.0, Sum:  0.1, Workers: 4
[2.892s][debug][gc,phases         ] GC(52)       Dirty Cards:                   Min: 1428, Avg: 1524.3, Max: 1636, Diff: 208, Sum: 6097, Workers: 4
[2.892s][debug][gc,phases         ] GC(52)       Skipped Cards:                 Min: 0, Avg:  0.0, Max: 0, Diff: 0, Sum: 0, Workers: 4
[2.892s][info ][gc,phases         ] GC(52)   Evacuate Collection Set: 15.1ms
[2.892s][debug][gc,phases         ] GC(52)     Ext Root Scanning (ms):        Min:  0.0, Avg:  0.0, Max:  0.0, Diff:  0.0, Sum:  0.1, Workers: 4
[2.892s][debug][gc,phases         ] GC(52)     Scan Heap Roots (ms):          Min:  2.0, Avg:  2.1, Max:  2.2, Diff:  0.2, Sum:  8.5, Workers: 4
[2.892s][debug][gc,phases         ] GC(52)       Scanned Cards:                 Min: 1469, Avg: 1532.3, Max: 1588, Diff: 119, Sum: 6129, Workers: 4
[2.892s][debug][gc,phases         ] GC(52)       Scanned Blocks:                Min: 6, Avg:  6.8, Max: 8, Diff: 2, Sum: 27, Workers: 4
[2.892s][debug][gc,phases         ] GC(52)       Claimed Chunks:                Min: 6, Avg:  6.8, Max: 8, Diff: 2, Sum: 27, Workers: 4
[2.892s][debug][gc,phases         ] GC(52)     Code Root Scan (ms):           Min:  0.0, Avg:  0.0, Max:  0.0, Diff:  0.0, Sum:  0.0, Workers: 4
[2.892s][debug][gc,phases         ] GC(52)     Object Copy (ms):              Min: 12.8, Avg: 12.9, Max: 13.0, Diff:  0.2, Sum: 51.6, Workers: 4
[2.892s][debug][gc,phases         ] GC(52)     Termination (ms):              Min:  0.0, Avg:  0.0, Max:  0.0, Diff:  0.0, Sum:  0.0, Workers: 4
[2.892s][debug][gc,phases         ] GC(52)       Termination Attempts:          Min: 1, Avg:  1.3, Max: 2, Diff: 1, Sum: 5, Workers: 4
[2.892s][debug][gc,phases         ] GC(52)     GC Worker Other (ms):          Min:  0.0, Avg:  0.0, Max:  0.0, Diff:  0.0, Sum:  0.0, Workers: 4
[2.892s][debug][gc,phases         ] GC(52)     GC Worker Total (ms):          Min: 15.1, Avg: 15.1, Max: 15.1, Diff:  0.0, Sum: 60.2, Workers: 4
[2.892s][info ][gc,phases         ] GC(52)   Post Evacuate Collection Set: 0.4ms
[2.892s][debug][gc,phases         ] GC(52)     Code Roots Fixup: 0.0ms
[2.892s][debug][gc,phases         ] GC(52)     Reference Processing: 0.2ms
[2.892s][debug][gc,phases,ref     ] GC(52)       Reconsider SoftReferences: 0.1ms
[2.892s][debug][gc,phases,ref     ] GC(52)         SoftRef (ms):                  skipped
[2.892s][debug][gc,phases,ref     ] GC(52)       Notify Soft/WeakReferences: 0.0ms
[2.892s][debug][gc,phases,ref     ] GC(52)         SoftRef (ms):                  skipped
[2.892s][debug][gc,phases,ref     ] GC(52)         WeakRef (ms):                  skipped
[2.892s][debug][gc,phases,ref     ] GC(52)         FinalRef (ms):                 skipped
[2.892s][debug][gc,phases,ref     ] GC(52)         Total (ms):                    skipped
[2.892s][debug][gc,phases,ref     ] GC(52)       Notify and keep alive finalizable: 0.0ms
[2.892s][debug][gc,phases,ref     ] GC(52)         FinalRef (ms):                 skipped
[2.892s][debug][gc,phases,ref     ] GC(52)       Notify PhantomReferences: 0.0ms
[2.892s][debug][gc,phases,ref     ] GC(52)         PhantomRef (ms):               skipped
[2.892s][debug][gc,phases,ref     ] GC(52)       SoftReference:
[2.892s][debug][gc,phases,ref     ] GC(52)         Discovered: 0
[2.892s][debug][gc,phases,ref     ] GC(52)         Cleared: 0
[2.892s][debug][gc,phases,ref     ] GC(52)       WeakReference:
[2.892s][debug][gc,phases,ref     ] GC(52)         Discovered: 0
[2.892s][debug][gc,phases,ref     ] GC(52)         Cleared: 0
[2.892s][debug][gc,phases,ref     ] GC(52)       FinalReference:
[2.892s][debug][gc,phases,ref     ] GC(52)         Discovered: 0
[2.892s][debug][gc,phases,ref     ] GC(52)         Cleared: 0
[2.892s][debug][gc,phases,ref     ] GC(52)       PhantomReference:
[2.892s][debug][gc,phases,ref     ] GC(52)         Discovered: 0
[2.892s][debug][gc,phases,ref     ] GC(52)         Cleared: 0
[2.892s][debug][gc,phases         ] GC(52)     Weak Processing: 0.0ms
[2.892s][debug][gc,phases         ] GC(52)       VM Weak                        Min:  0.0, Avg:  0.0, Max:  0.0, Diff:  0.0, Sum:  0.0, Workers: 3
[2.892s][debug][gc,phases         ] GC(52)         Dead                           Min: 0, Avg:  0.0, Max: 0, Diff: 0, Sum: 0, Workers: 3
[2.892s][debug][gc,phases         ] GC(52)         Total                          Min: 0, Avg:  2.7, Max: 8, Diff: 8, Sum: 8, Workers: 3
[2.893s][debug][gc,phases         ] GC(52)       ObjectSynchronizer Weak        Min:  0.0, Avg:  0.0, Max:  0.0, Diff:  0.0, Sum:  0.0, Workers: 3
[2.893s][debug][gc,phases         ] GC(52)         Dead                           Min: 0, Avg:  0.0, Max: 0, Diff: 0, Sum: 0, Workers: 3
[2.893s][debug][gc,phases         ] GC(52)         Total                          Min: 0, Avg:  1.0, Max: 3, Diff: 3, Sum: 3, Workers: 3
[2.893s][debug][gc,phases         ] GC(52)       JVMTI Tag Weak OopStorage      Min:  0.0, Avg:  0.0, Max:  0.0, Diff:  0.0, Sum:  0.0, Workers: 3
[2.893s][debug][gc,phases         ] GC(52)         Dead                           Min: 0, Avg:  0.0, Max: 0, Diff: 0, Sum: 0, Workers: 3
[2.893s][debug][gc,phases         ] GC(52)         Total                          Min: 0, Avg:  0.0, Max: 0, Diff: 0, Sum: 0, Workers: 3
[2.893s][debug][gc,phases         ] GC(52)       StringTable Weak               Min:  0.0, Avg:  0.0, Max:  0.0, Diff:  0.0, Sum:  0.0, Workers: 3
[2.893s][debug][gc,phases         ] GC(52)         Dead                           Min: 0, Avg:  0.0, Max: 0, Diff: 0, Sum: 0, Workers: 3
[2.893s][debug][gc,phases         ] GC(52)         Total                          Min: 793, Avg: 819.0, Max: 832, Diff: 39, Sum: 2457, Workers: 3
[2.893s][debug][gc,phases         ] GC(52)       ResolvedMethodTable Weak       Min:  0.0, Avg:  0.0, Max:  0.0, Diff:  0.0, Sum:  0.0, Workers: 3
[2.893s][debug][gc,phases         ] GC(52)         Dead                           Min: 0, Avg:  0.0, Max: 0, Diff: 0, Sum: 0, Workers: 3
[2.893s][debug][gc,phases         ] GC(52)         Total                          Min: 9, Avg: 45.7, Max: 64, Diff: 55, Sum: 137, Workers: 3
[2.893s][debug][gc,phases         ] GC(52)       JNI Weak                       Min:  0.0, Avg:  0.0, Max:  0.0, Diff:  0.0, Sum:  0.0, Workers: 3
[2.893s][debug][gc,phases         ] GC(52)         Dead                           Min: 0, Avg:  0.0, Max: 0, Diff: 0, Sum: 0, Workers: 3
[2.893s][debug][gc,phases         ] GC(52)         Total                          Min: 0, Avg:  0.0, Max: 0, Diff: 0, Sum: 0, Workers: 3
[2.893s][debug][gc,phases         ] GC(52)       StringDedup Table Weak         Min:  0.0, Avg:  0.0, Max:  0.0, Diff:  0.0, Sum:  0.0, Workers: 3
[2.893s][debug][gc,phases         ] GC(52)         Dead                           Min: 0, Avg:  0.0, Max: 0, Diff: 0, Sum: 0, Workers: 3
[2.893s][debug][gc,phases         ] GC(52)         Total                          Min: 0, Avg:  0.0, Max: 0, Diff: 0, Sum: 0, Workers: 3
[2.893s][debug][gc,phases         ] GC(52)       StringDedup Requests0 Weak     Min:  0.0, Avg:  0.0, Max:  0.0, Diff:  0.0, Sum:  0.0, Workers: 3
[2.893s][debug][gc,phases         ] GC(52)         Dead                           Min: 0, Avg:  0.0, Max: 0, Diff: 0, Sum: 0, Workers: 3
[2.893s][debug][gc,phases         ] GC(52)         Total                          Min: 0, Avg:  0.0, Max: 0, Diff: 0, Sum: 0, Workers: 3
[2.893s][debug][gc,phases         ] GC(52)       StringDedup Requests1 Weak     Min:  0.0, Avg:  0.0, Max:  0.0, Diff:  0.0, Sum:  0.0, Workers: 3
[2.893s][debug][gc,phases         ] GC(52)         Dead                           Min: 0, Avg:  0.0, Max: 0, Diff: 0, Sum: 0, Workers: 3
[2.893s][debug][gc,phases         ] GC(52)         Total                          Min: 0, Avg:  0.0, Max: 0, Diff: 0, Sum: 0, Workers: 3
[2.893s][debug][gc,phases         ] GC(52)       Weak JFR Old Object Samples    Min:  0.0, Avg:  0.0, Max:  0.0, Diff:  0.0, Sum:  0.0, Workers: 3
[2.893s][debug][gc,phases         ] GC(52)         Dead                           Min: 0, Avg:  0.0, Max: 0, Diff: 0, Sum: 0, Workers: 3
[2.893s][debug][gc,phases         ] GC(52)         Total                          Min: 0, Avg:  0.0, Max: 0, Diff: 0, Sum: 0, Workers: 3
[2.893s][debug][gc,phases         ] GC(52)     Post Evacuate Cleanup 1: 0.0ms
[2.893s][debug][gc,phases         ] GC(52)       Merge Per-Thread State (ms):   Min:  0.0, Avg:  0.0, Max:  0.0, Diff:  0.0, Sum:  0.0, Workers: 1
[2.893s][debug][gc,phases         ] GC(52)         Copied Bytes                   Min: 3050096, Avg: 3135448.0, Max: 3214912, Diff: 164816, Sum: 12541792, Workers: 4
[2.893s][debug][gc,phases         ] GC(52)         LAB Waste                      Min: 160, Avg: 232.0, Max: 320, Diff: 160, Sum: 928, Workers: 4
[2.893s][debug][gc,phases         ] GC(52)         LAB Undo Waste                 Min: 0, Avg:  0.0, Max: 0, Diff: 0, Sum: 0, Workers: 4
[2.893s][debug][gc,phases         ] GC(52)       Clear Logged Cards (ms):       Min:  0.0, Avg:  0.0, Max:  0.0, Diff:  0.0, Sum:  0.0, Workers: 3
[2.893s][debug][gc,phases         ] GC(52)       Recalculate Used Memory (ms):  Min:  0.0, Avg:  0.0, Max:  0.0, Diff:  0.0, Sum:  0.0, Workers: 1
[2.893s][debug][gc,phases         ] GC(52)     Post Evacuate Cleanup 2: 0.1ms
[2.893s][debug][gc,phases         ] GC(52)       Reset Hot Card Cache (ms):     Min:  0.0, Avg:  0.0, Max:  0.0, Diff:  0.0, Sum:  0.0, Workers: 1
[2.893s][debug][gc,phases         ] GC(52)       Purge Code Roots (ms):         Min:  0.0, Avg:  0.0, Max:  0.0, Diff:  0.0, Sum:  0.0, Workers: 1
[2.893s][debug][gc,phases         ] GC(52)       Update Derived Pointers (ms):  Min:  0.0, Avg:  0.0, Max:  0.0, Diff:  0.0, Sum:  0.0, Workers: 1
[2.893s][debug][gc,phases         ] GC(52)       Eagerly Reclaim Humongous Objects (ms): Min:  0.0, Avg:  0.0, Max:  0.0, Diff:  0.0, Sum:  0.0, Workers: 1
[2.893s][debug][gc,phases         ] GC(52)         Humongous Total                Min: 1, Avg:  1.0, Max: 1, Diff: 0, Sum: 1, Workers: 1
[2.893s][debug][gc,phases         ] GC(52)         Humongous Candidates           Min: 0, Avg:  0.0, Max: 0, Diff: 0, Sum: 0, Workers: 1
[2.893s][debug][gc,phases         ] GC(52)         Humongous Reclaimed            Min: 0, Avg:  0.0, Max: 0, Diff: 0, Sum: 0, Workers: 1
[2.893s][debug][gc,phases         ] GC(52)       Redirty Logged Cards (ms):     Min:  0.0, Avg:  0.0, Max:  0.0, Diff:  0.0, Sum:  0.0, Workers: 4
[2.893s][debug][gc,phases         ] GC(52)         Redirtied Cards:               Min: 0, Avg: 256.8, Max: 564, Diff: 564, Sum: 1027, Workers: 4
[2.893s][debug][gc,phases         ] GC(52)       Free Collection Set (ms):      Min:  0.0, Avg:  0.0, Max:  0.0, Diff:  0.0, Sum:  0.0, Workers: 4
[2.893s][debug][gc,phases         ] GC(52)     Rebuild Free List: 0.1ms
[2.893s][debug][gc,phases         ] GC(52)     Start New Collection Set: 0.0ms
[2.893s][debug][gc,phases         ] GC(52)     Resize TLABs: 0.0ms
[2.893s][debug][gc,phases         ] GC(52)     Expand Heap After Collection: 0.0ms
[2.893s][info ][gc,phases         ] GC(52)   Other: 0.8ms
[2.893s][info ][gc,heap           ] GC(52) Eden regions: 10->0(10)
[2.893s][info ][gc,heap           ] GC(52) Survivor regions: 2->2(2)
[2.893s][info ][gc,heap           ] GC(52) Old regions: 189->200
[2.893s][info ][gc,heap           ] GC(52) Archive regions: 0->0
[2.893s][info ][gc,heap           ] GC(52) Humongous regions: 36->36
[2.893s][info ][gc,metaspace      ] GC(52) Metaspace: 470K(640K)->470K(640K) NonClass: 437K(512K)->437K(512K) Class: 33K(128K)->33K(128K)
[2.894s][debug][gc,heap           ] GC(52) Heap after GC invocations=49 (full 2):
[2.894s][debug][gc,heap           ] GC(52)  garbage-first heap   total 262144K, used 241335K [0x00000000f0000000, 0x0000000100000000)
[2.894s][debug][gc,heap           ] GC(52)   region size 1024K, 2 young (2048K), 2 survivors (2048K)
[2.894s][debug][gc,heap           ] GC(52)  Metaspace       used 470K, committed 640K, reserved 1056768K
[2.894s][debug][gc,heap           ] GC(52)   class space    used 33K, committed 128K, reserved 1048576K
[2.894s][info ][gc                ] GC(52) Pause Young (Normal) (G1 Evacuation Pause) 235M->235M(256M) 18.461ms
[2.894s][info ][gc,cpu            ] GC(52) User=0.06s Sys=0.00s Real=0.02s
[2.904s][debug][gc,ergo,cset      ] Preventive GC, insufficient free regions. Predicted need 11. Curr Eden 7 (Pred 9). Curr Survivor 2 (Pred 3). Curr Old 200 (Pred 0) Free 11 Alloc 1
[2.905s][debug][gc,heap           ] GC(53) Heap before GC invocations=49 (full 2):
[2.905s][debug][gc,heap           ] GC(53)  garbage-first heap   total 262144K, used 247479K [0x00000000f0000000, 0x0000000100000000)
[2.905s][debug][gc,heap           ] GC(53)   region size 1024K, 9 young (9216K), 2 survivors (2048K)
[2.905s][debug][gc,heap           ] GC(53)  Metaspace       used 470K, committed 640K, reserved 1056768K
[2.905s][debug][gc,heap           ] GC(53)   class space    used 33K, committed 128K, reserved 1048576K
[2.905s][info ][gc,start          ] GC(53) Pause Young (Normal) (G1 Preventive Collection)
[2.905s][info ][gc,task           ] GC(53) Using 4 workers of 4 for evacuation
[2.905s][debug][gc,tlab           ] GC(53) TLAB totals: thrds: 1  refills: 49 max: 49 slow allocs: 0 max 0 waste:  0.4% gc: 0B max: 0B slow: 28224B max: 28224B
[2.905s][debug][gc,age            ] GC(53) Desired survivor size 1048576 bytes, new threshold 1 (max threshold 15)
[2.905s][debug][gc,refine,stats   ] GC(53) Mutator refinement: 0.00ms, refined: 0, precleaned: 0, dirtied: 3572
[2.905s][debug][gc,refine,stats   ] GC(53) Concurrent refinement: 0.00ms, refined: 0, precleaned: 0, dirtied: 0
[2.905s][debug][gc,refine,stats   ] GC(53) Total refinement: 0.00ms, refined: 0, precleaned: 0, dirtied: 3572
[2.905s][debug][gc,refine,stats   ] GC(53) Generate dirty cards rate: 266.30 cards/ms
[2.905s][debug][gc,alloc,region   ] GC(53) Mutator Allocation stats, regions: 7, wasted size: 0B ( 0.0%)
[2.905s][debug][gc,humongous      ] GC(53) Humongous region 173 (object size 36920416 @ 0x00000000fad00000) remset 0 code roots 0 marked 1 reclaim candidate 0 type array 0
[2.905s][debug][gc,ergo           ] GC(53) Running G1 Merge Heap Roots using 4 workers for 9 regions
[2.905s][debug][gc,remset         ] GC(53) Visited cards 5376 Total dirty 12288 (43.75%) Total old 520192 (1.03%)
[2.917s][debug][gc,ref            ] GC(53) Skipped phase 1 of Reference Processing: no references
[2.917s][debug][gc,ref            ] GC(53) Skipped phase 2 of Reference Processing: no references
[2.917s][debug][gc,ref            ] GC(53) Skipped phase 3 of Reference Processing: no references
[2.917s][debug][gc,ref            ] GC(53) Skipped phase 4 of Reference Processing: no references
[2.917s][debug][gc,ergo           ] GC(53) Running G1 Rebuild Free List Task using 4 workers for rebuilding free list of regions
[2.917s][debug][gc,plab           ] GC(53) Young PLAB allocation: allocated: 2097152B, wasted: 320B, unused: 0B, used: 2096832B, undo waste: 0B, 
[2.917s][debug][gc,plab           ] GC(53) Young other allocation: region end waste: 0B, regions filled: 2, direct allocated: 0B, failure used: 0B, failure wasted: 0B
[2.917s][debug][gc,plab           ] GC(53) Young sizing: calculated: 419360B, actual: 419416B
[2.917s][debug][gc,plab           ] GC(53) Old PLAB allocation: allocated: 8402728B, wasted: 424B, unused: 1090656B, used: 7311648B, undo waste: 0B, 
[2.917s][debug][gc,plab           ] GC(53) Old other allocation: region end waste: 0B, regions filled: 9, direct allocated: 0B, failure used: 0B, failure wasted: 0B
[2.917s][debug][gc,plab           ] GC(53) Old sizing: calculated: 1462328B, actual: 1614160B
[2.917s][debug][gc,ergo,heap      ] GC(53) Heap expansion: short term pause time ratio 43.61% long term pause time ratio 38.60% threshold 7.69% pause time ratio 7.69% fully expanded true resize by 0B
[2.917s][debug][gc,mmu            ] GC(53) MMU: 69.6ms (200.0ms/201.0ms)
[2.918s][debug][gc,alloc,stats    ] Old generation allocation in the last mutator period, old gen allocated: 8402728B, humongous allocated: 0B,old gen growth: 8402728B.
[2.918s][debug][gc,ihop           ] GC(53) Basic information (value update), threshold: 120795955B (45.00), target occupancy: 268435456B, current occupancy: 255530224B, recent allocation size: 8402728B, recent allocation duration: 13.41ms, recent old gen allocation rate: 626433470.51B/s, recent marking phase length: 0.00ms
[2.918s][debug][gc,ihop           ] GC(53) Adaptive IHOP information (value update), threshold: 120795955B (52.94), internal target occupancy: 228170137B, occupancy: 255530224B, additional buffer size: 12582912B, predicted old gen allocation rate: 569956855.40B/s, predicted marking phase length: 0.00ms, prediction active: false
[2.918s][debug][gc,ergo,refine    ] GC(53) Concurrent refinement times: Logged Cards Scan time goal: 20.00ms Logged Cards Scan time: 1.79ms HCC time: 0.00ms
[2.918s][debug][gc,ergo,refine    ] GC(53) Updated Refinement Zones: green: 12153, yellow: 36459, red: 60765
[2.918s][info ][gc,phases         ] GC(53)   Pre Evacuate Collection Set: 0.1ms
[2.918s][debug][gc,phases         ] GC(53)     Prepare TLABs: 0.0ms
[2.918s][debug][gc,phases         ] GC(53)     Concatenate Dirty Card Logs: 0.0ms
[2.918s][debug][gc,phases         ] GC(53)     Choose Collection Set: 0.0ms
[2.918s][debug][gc,phases         ] GC(53)     Region Register: 0.1ms
[2.918s][debug][gc,phases         ] GC(53)     Prepare Heap Roots: 0.0ms
[2.918s][info ][gc,phases         ] GC(53)   Merge Heap Roots: 0.2ms
[2.918s][debug][gc,phases         ] GC(53)     Prepare Merge Heap Roots: 0.0ms
[2.918s][debug][gc,phases         ] GC(53)     Eager Reclaim (ms):            skipped
[2.918s][debug][gc,phases         ] GC(53)     Remembered Sets (ms):          Min:  0.0, Avg:  0.0, Max:  0.0, Diff:  0.0, Sum:  0.0, Workers: 4
[2.918s][debug][gc,phases         ] GC(53)       Merged Sparse:                 Min: 0, Avg:  0.0, Max: 0, Diff: 0, Sum: 0, Workers: 4
[2.918s][debug][gc,phases         ] GC(53)       Merged Fine:                   Min: 0, Avg:  0.0, Max: 0, Diff: 0, Sum: 0, Workers: 4
[2.918s][debug][gc,phases         ] GC(53)       Merged Coarse:                 Min: 0, Avg:  0.0, Max: 0, Diff: 0, Sum: 0, Workers: 4
[2.918s][debug][gc,phases         ] GC(53)       Dirty Cards:                   Min: 0, Avg:  0.0, Max: 0, Diff: 0, Sum: 0, Workers: 4
[2.918s][debug][gc,phases         ] GC(53)     Hot Card Cache (ms):           Min:  0.0, Avg:  0.0, Max:  0.0, Diff:  0.0, Sum:  0.0, Workers: 4
[2.918s][debug][gc,phases         ] GC(53)       Dirty Cards:                   Min: 0, Avg:  0.0, Max: 0, Diff: 0, Sum: 0, Workers: 4
[2.918s][debug][gc,phases         ] GC(53)       Skipped Cards:                 Min: 0, Avg:  0.0, Max: 0, Diff: 0, Sum: 0, Workers: 4
[2.918s][debug][gc,phases         ] GC(53)     Log Buffers (ms):              Min:  0.0, Avg:  0.0, Max:  0.0, Diff:  0.0, Sum:  0.1, Workers: 4
[2.918s][debug][gc,phases         ] GC(53)       Dirty Cards:                   Min: 1016, Avg: 1141.8, Max: 1260, Diff: 244, Sum: 4567, Workers: 4
[2.918s][debug][gc,phases         ] GC(53)       Skipped Cards:                 Min: 0, Avg:  0.0, Max: 0, Diff: 0, Sum: 0, Workers: 4
[2.918s][info ][gc,phases         ] GC(53)   Evacuate Collection Set: 11.8ms
[2.918s][debug][gc,phases         ] GC(53)     Ext Root Scanning (ms):        Min:  0.0, Avg:  0.0, Max:  0.0, Diff:  0.0, Sum:  0.1, Workers: 4
[2.918s][debug][gc,phases         ] GC(53)     Scan Heap Roots (ms):          Min:  1.4, Avg:  1.8, Max:  2.4, Diff:  0.9, Sum:  7.1, Workers: 4
[2.918s][debug][gc,phases         ] GC(53)       Scanned Cards:                 Min: 1024, Avg: 1149.8, Max: 1255, Diff: 231, Sum: 4599, Workers: 4
[2.918s][debug][gc,phases         ] GC(53)       Scanned Blocks:                Min: 4, Avg:  5.3, Max: 6, Diff: 2, Sum: 21, Workers: 4
[2.918s][debug][gc,phases         ] GC(53)       Claimed Chunks:                Min: 4, Avg:  5.3, Max: 6, Diff: 2, Sum: 21, Workers: 4
[2.918s][debug][gc,phases         ] GC(53)     Code Root Scan (ms):           Min:  0.0, Avg:  0.0, Max:  0.0, Diff:  0.0, Sum:  0.0, Workers: 4
[2.918s][debug][gc,phases         ] GC(53)     Object Copy (ms):              Min:  9.4, Avg: 10.0, Max: 10.3, Diff:  0.9, Sum: 39.9, Workers: 4
[2.918s][debug][gc,phases         ] GC(53)     Termination (ms):              Min:  0.0, Avg:  0.0, Max:  0.0, Diff:  0.0, Sum:  0.0, Workers: 4
[2.918s][debug][gc,phases         ] GC(53)       Termination Attempts:          Min: 1, Avg:  5.8, Max: 12, Diff: 11, Sum: 23, Workers: 4
[2.918s][debug][gc,phases         ] GC(53)     GC Worker Other (ms):          Min:  0.0, Avg:  0.0, Max:  0.0, Diff:  0.0, Sum:  0.0, Workers: 4
[2.919s][debug][gc,phases         ] GC(53)     GC Worker Total (ms):          Min: 11.8, Avg: 11.8, Max: 11.8, Diff:  0.0, Sum: 47.2, Workers: 4
[2.919s][info ][gc,phases         ] GC(53)   Post Evacuate Collection Set: 0.4ms
[2.919s][debug][gc,phases         ] GC(53)     Code Roots Fixup: 0.0ms
[2.919s][debug][gc,phases         ] GC(53)     Reference Processing: 0.2ms
[2.919s][debug][gc,phases,ref     ] GC(53)       Reconsider SoftReferences: 0.1ms
[2.919s][debug][gc,phases,ref     ] GC(53)         SoftRef (ms):                  skipped
[2.919s][debug][gc,phases,ref     ] GC(53)       Notify Soft/WeakReferences: 0.0ms
[2.919s][debug][gc,phases,ref     ] GC(53)         SoftRef (ms):                  skipped
[2.919s][debug][gc,phases,ref     ] GC(53)         WeakRef (ms):                  skipped
[2.919s][debug][gc,phases,ref     ] GC(53)         FinalRef (ms):                 skipped
[2.919s][debug][gc,phases,ref     ] GC(53)         Total (ms):                    skipped
[2.919s][debug][gc,phases,ref     ] GC(53)       Notify and keep alive finalizable: 0.0ms
[2.919s][debug][gc,phases,ref     ] GC(53)         FinalRef (ms):                 skipped
[2.919s][debug][gc,phases,ref     ] GC(53)       Notify PhantomReferences: 0.0ms
[2.919s][debug][gc,phases,ref     ] GC(53)         PhantomRef (ms):               skipped
[2.919s][debug][gc,phases,ref     ] GC(53)       SoftReference:
[2.919s][debug][gc,phases,ref     ] GC(53)         Discovered: 0
[2.919s][debug][gc,phases,ref     ] GC(53)         Cleared: 0
[2.919s][debug][gc,phases,ref     ] GC(53)       WeakReference:
[2.919s][debug][gc,phases,ref     ] GC(53)         Discovered: 0
[2.919s][debug][gc,phases,ref     ] GC(53)         Cleared: 0
[2.919s][debug][gc,phases,ref     ] GC(53)       FinalReference:
[2.919s][debug][gc,phases,ref     ] GC(53)         Discovered: 0
[2.919s][debug][gc,phases,ref     ] GC(53)         Cleared: 0
[2.919s][debug][gc,phases,ref     ] GC(53)       PhantomReference:
[2.919s][debug][gc,phases,ref     ] GC(53)         Discovered: 0
[2.919s][debug][gc,phases,ref     ] GC(53)         Cleared: 0
[2.919s][debug][gc,phases         ] GC(53)     Weak Processing: 0.0ms
[2.919s][debug][gc,phases         ] GC(53)       VM Weak                        Min:  0.0, Avg:  0.0, Max:  0.0, Diff:  0.0, Sum:  0.0, Workers: 3
[2.919s][debug][gc,phases         ] GC(53)         Dead                           Min: 0, Avg:  0.0, Max: 0, Diff: 0, Sum: 0, Workers: 3
[2.919s][debug][gc,phases         ] GC(53)         Total                          Min: 0, Avg:  2.7, Max: 8, Diff: 8, Sum: 8, Workers: 3
[2.919s][debug][gc,phases         ] GC(53)       ObjectSynchronizer Weak        Min:  0.0, Avg:  0.0, Max:  0.0, Diff:  0.0, Sum:  0.0, Workers: 3
[2.919s][debug][gc,phases         ] GC(53)         Dead                           Min: 0, Avg:  0.0, Max: 0, Diff: 0, Sum: 0, Workers: 3
[2.919s][debug][gc,phases         ] GC(53)         Total                          Min: 0, Avg:  1.0, Max: 3, Diff: 3, Sum: 3, Workers: 3
[2.919s][debug][gc,phases         ] GC(53)       JVMTI Tag Weak OopStorage      Min:  0.0, Avg:  0.0, Max:  0.0, Diff:  0.0, Sum:  0.0, Workers: 3
[2.919s][debug][gc,phases         ] GC(53)         Dead                           Min: 0, Avg:  0.0, Max: 0, Diff: 0, Sum: 0, Workers: 3
[2.919s][debug][gc,phases         ] GC(53)         Total                          Min: 0, Avg:  0.0, Max: 0, Diff: 0, Sum: 0, Workers: 3
[2.919s][debug][gc,phases         ] GC(53)       StringTable Weak               Min:  0.0, Avg:  0.0, Max:  0.0, Diff:  0.0, Sum:  0.0, Workers: 3
[2.919s][debug][gc,phases         ] GC(53)         Dead                           Min: 0, Avg:  0.0, Max: 0, Diff: 0, Sum: 0, Workers: 3
[2.919s][debug][gc,phases         ] GC(53)         Total                          Min: 640, Avg: 819.0, Max: 921, Diff: 281, Sum: 2457, Workers: 3
[2.919s][debug][gc,phases         ] GC(53)       ResolvedMethodTable Weak       Min:  0.0, Avg:  0.0, Max:  0.0, Diff:  0.0, Sum:  0.0, Workers: 3
[2.919s][debug][gc,phases         ] GC(53)         Dead                           Min: 0, Avg:  0.0, Max: 0, Diff: 0, Sum: 0, Workers: 3
[2.919s][debug][gc,phases         ] GC(53)         Total                          Min: 0, Avg: 45.7, Max: 73, Diff: 73, Sum: 137, Workers: 3
[2.919s][debug][gc,phases         ] GC(53)       JNI Weak                       Min:  0.0, Avg:  0.0, Max:  0.0, Diff:  0.0, Sum:  0.0, Workers: 3
[2.919s][debug][gc,phases         ] GC(53)         Dead                           Min: 0, Avg:  0.0, Max: 0, Diff: 0, Sum: 0, Workers: 3
[2.919s][debug][gc,phases         ] GC(53)         Total                          Min: 0, Avg:  0.0, Max: 0, Diff: 0, Sum: 0, Workers: 3
[2.919s][debug][gc,phases         ] GC(53)       StringDedup Table Weak         Min:  0.0, Avg:  0.0, Max:  0.0, Diff:  0.0, Sum:  0.0, Workers: 3
[2.919s][debug][gc,phases         ] GC(53)         Dead                           Min: 0, Avg:  0.0, Max: 0, Diff: 0, Sum: 0, Workers: 3
[2.919s][debug][gc,phases         ] GC(53)         Total                          Min: 0, Avg:  0.0, Max: 0, Diff: 0, Sum: 0, Workers: 3
[2.919s][debug][gc,phases         ] GC(53)       StringDedup Requests0 Weak     Min:  0.0, Avg:  0.0, Max:  0.0, Diff:  0.0, Sum:  0.0, Workers: 3
[2.919s][debug][gc,phases         ] GC(53)         Dead                           Min: 0, Avg:  0.0, Max: 0, Diff: 0, Sum: 0, Workers: 3
[2.919s][debug][gc,phases         ] GC(53)         Total                          Min: 0, Avg:  0.0, Max: 0, Diff: 0, Sum: 0, Workers: 3
[2.919s][debug][gc,phases         ] GC(53)       StringDedup Requests1 Weak     Min:  0.0, Avg:  0.0, Max:  0.0, Diff:  0.0, Sum:  0.0, Workers: 3
[2.919s][debug][gc,phases         ] GC(53)         Dead                           Min: 0, Avg:  0.0, Max: 0, Diff: 0, Sum: 0, Workers: 3
[2.919s][debug][gc,phases         ] GC(53)         Total                          Min: 0, Avg:  0.0, Max: 0, Diff: 0, Sum: 0, Workers: 3
[2.919s][debug][gc,phases         ] GC(53)       Weak JFR Old Object Samples    Min:  0.0, Avg:  0.0, Max:  0.0, Diff:  0.0, Sum:  0.0, Workers: 3
[2.919s][debug][gc,phases         ] GC(53)         Dead                           Min: 0, Avg:  0.0, Max: 0, Diff: 0, Sum: 0, Workers: 3
[2.919s][debug][gc,phases         ] GC(53)         Total                          Min: 0, Avg:  0.0, Max: 0, Diff: 0, Sum: 0, Workers: 3
[2.919s][debug][gc,phases         ] GC(53)     Post Evacuate Cleanup 1: 0.0ms
[2.919s][debug][gc,phases         ] GC(53)       Merge Per-Thread State (ms):   Min:  0.0, Avg:  0.0, Max:  0.0, Diff:  0.0, Sum:  0.0, Workers: 1
[2.919s][debug][gc,phases         ] GC(53)         Copied Bytes                   Min: 2216272, Avg: 2352120.0, Max: 2448784, Diff: 232512, Sum: 9408480, Workers: 4
[2.919s][debug][gc,phases         ] GC(53)         LAB Waste                      Min: 144, Avg: 186.0, Max: 240, Diff: 96, Sum: 744, Workers: 4
[2.919s][debug][gc,phases         ] GC(53)         LAB Undo Waste                 Min: 0, Avg:  0.0, Max: 0, Diff: 0, Sum: 0, Workers: 4
[2.920s][debug][gc,phases         ] GC(53)       Clear Logged Cards (ms):       Min:  0.0, Avg:  0.0, Max:  0.0, Diff:  0.0, Sum:  0.0, Workers: 3
[2.920s][debug][gc,phases         ] GC(53)       Recalculate Used Memory (ms):  Min:  0.0, Avg:  0.0, Max:  0.0, Diff:  0.0, Sum:  0.0, Workers: 1
[2.920s][debug][gc,phases         ] GC(53)     Post Evacuate Cleanup 2: 0.0ms
[2.920s][debug][gc,phases         ] GC(53)       Reset Hot Card Cache (ms):     Min:  0.0, Avg:  0.0, Max:  0.0, Diff:  0.0, Sum:  0.0, Workers: 1
[2.920s][debug][gc,phases         ] GC(53)       Purge Code Roots (ms):         Min:  0.0, Avg:  0.0, Max:  0.0, Diff:  0.0, Sum:  0.0, Workers: 1
[2.920s][debug][gc,phases         ] GC(53)       Update Derived Pointers (ms):  Min:  0.0, Avg:  0.0, Max:  0.0, Diff:  0.0, Sum:  0.0, Workers: 1
[2.920s][debug][gc,phases         ] GC(53)       Eagerly Reclaim Humongous Objects (ms): Min:  0.0, Avg:  0.0, Max:  0.0, Diff:  0.0, Sum:  0.0, Workers: 1
[2.920s][debug][gc,phases         ] GC(53)         Humongous Total                Min: 1, Avg:  1.0, Max: 1, Diff: 0, Sum: 1, Workers: 1
[2.920s][debug][gc,phases         ] GC(53)         Humongous Candidates           Min: 0, Avg:  0.0, Max: 0, Diff: 0, Sum: 0, Workers: 1
[2.920s][debug][gc,phases         ] GC(53)         Humongous Reclaimed            Min: 0, Avg:  0.0, Max: 0, Diff: 0, Sum: 0, Workers: 1
[2.920s][debug][gc,phases         ] GC(53)       Redirty Logged Cards (ms):     Min:  0.0, Avg:  0.0, Max:  0.0, Diff:  0.0, Sum:  0.0, Workers: 4
[2.920s][debug][gc,phases         ] GC(53)         Redirtied Cards:               Min: 0, Avg: 256.5, Max: 769, Diff: 769, Sum: 1026, Workers: 4
[2.920s][debug][gc,phases         ] GC(53)       Free Collection Set (ms):      Min:  0.0, Avg:  0.0, Max:  0.0, Diff:  0.0, Sum:  0.0, Workers: 4
[2.920s][debug][gc,phases         ] GC(53)     Rebuild Free List: 0.1ms
[2.920s][debug][gc,phases         ] GC(53)     Start New Collection Set: 0.0ms
[2.920s][debug][gc,phases         ] GC(53)     Resize TLABs: 0.0ms
[2.920s][debug][gc,phases         ] GC(53)     Expand Heap After Collection: 0.0ms
[2.920s][info ][gc,phases         ] GC(53)   Other: 0.6ms
[2.920s][info ][gc,heap           ] GC(53) Eden regions: 7->0(10)
[2.920s][info ][gc,heap           ] GC(53) Survivor regions: 2->2(2)
[2.920s][info ][gc,heap           ] GC(53) Old regions: 200->208
[2.920s][info ][gc,heap           ] GC(53) Archive regions: 0->0
[2.920s][info ][gc,heap           ] GC(53) Humongous regions: 36->36
[2.920s][info ][gc,metaspace      ] GC(53) Metaspace: 470K(640K)->470K(640K) NonClass: 437K(512K)->437K(512K) Class: 33K(128K)->33K(128K)
[2.920s][debug][gc,heap           ] GC(53) Heap after GC invocations=50 (full 2):
[2.920s][debug][gc,heap           ] GC(53)  garbage-first heap   total 262144K, used 249541K [0x00000000f0000000, 0x0000000100000000)
[2.920s][debug][gc,heap           ] GC(53)   region size 1024K, 2 young (2048K), 2 survivors (2048K)
[2.920s][debug][gc,heap           ] GC(53)  Metaspace       used 470K, committed 640K, reserved 1056768K
[2.920s][debug][gc,heap           ] GC(53)   class space    used 33K, committed 128K, reserved 1048576K
[2.920s][info ][gc                ] GC(53) Pause Young (Normal) (G1 Preventive Collection) 242M->243M(256M) 15.302ms
[2.920s][info ][gc,cpu            ] GC(53) User=0.06s Sys=0.00s Real=0.01s
[2.924s][debug][gc,ergo,cset      ] Preventive GC, insufficient free regions. Predicted need 7. Curr Eden 3 (Pred 5). Curr Survivor 2 (Pred 3). Curr Old 208 (Pred 0) Free 7 Alloc 1
[2.924s][debug][gc,heap           ] GC(54) Heap before GC invocations=50 (full 2):
[2.924s][debug][gc,heap           ] GC(54)  garbage-first heap   total 262144K, used 251589K [0x00000000f0000000, 0x0000000100000000)
[2.924s][debug][gc,heap           ] GC(54)   region size 1024K, 5 young (5120K), 2 survivors (2048K)
[2.924s][debug][gc,heap           ] GC(54)  Metaspace       used 470K, committed 640K, reserved 1056768K
[2.924s][debug][gc,heap           ] GC(54)   class space    used 33K, committed 128K, reserved 1048576K
[2.924s][info ][gc,start          ] GC(54) Pause Young (Normal) (G1 Preventive Collection)
[2.924s][info ][gc,task           ] GC(54) Using 4 workers of 4 for evacuation
[2.924s][debug][gc,tlab           ] GC(54) TLAB totals: thrds: 1  refills: 21 max: 21 slow allocs: 0 max 0 waste:  0.4% gc: 0B max: 0B slow: 12096B max: 12096B
[2.924s][debug][gc,age            ] GC(54) Desired survivor size 1048576 bytes, new threshold 1 (max threshold 15)
[2.924s][debug][gc,refine,stats   ] GC(54) Mutator refinement: 0.00ms, refined: 0, precleaned: 0, dirtied: 1531
[2.924s][debug][gc,refine,stats   ] GC(54) Concurrent refinement: 0.00ms, refined: 0, precleaned: 0, dirtied: 0
[2.924s][debug][gc,refine,stats   ] GC(54) Total refinement: 0.00ms, refined: 0, precleaned: 0, dirtied: 1531
[2.924s][debug][gc,refine,stats   ] GC(54) Generate dirty cards rate: 223.00 cards/ms
[2.924s][debug][gc,alloc,region   ] GC(54) Mutator Allocation stats, regions: 3, wasted size: 0B ( 0.0%)
[2.924s][debug][gc,humongous      ] GC(54) Humongous region 173 (object size 36920416 @ 0x00000000fad00000) remset 0 code roots 0 marked 1 reclaim candidate 0 type array 0
[2.925s][debug][gc,ergo           ] GC(54) Running G1 Merge Heap Roots using 4 workers for 5 regions
[2.925s][debug][gc,remset         ] GC(54) Visited cards 3328 Total dirty 6144 (54.17%) Total old 520192 (0.64%)
[2.932s][debug][gc,ref            ] GC(54) Skipped phase 1 of Reference Processing: no references
[2.932s][debug][gc,ref            ] GC(54) Skipped phase 2 of Reference Processing: no references
[2.932s][debug][gc,ref            ] GC(54) Skipped phase 3 of Reference Processing: no references
[2.932s][debug][gc,ref            ] GC(54) Skipped phase 4 of Reference Processing: no references
[2.932s][debug][gc,ergo           ] GC(54) Running G1 Rebuild Free List Task using 4 workers for rebuilding free list of regions
[2.933s][debug][gc,plab           ] GC(54) Young PLAB allocation: allocated: 2097152B, wasted: 352B, unused: 0B, used: 2096800B, undo waste: 0B, 
[2.933s][debug][gc,plab           ] GC(54) Young other allocation: region end waste: 0B, regions filled: 2, direct allocated: 0B, failure used: 0B, failure wasted: 0B
[2.933s][debug][gc,plab           ] GC(54) Young sizing: calculated: 419360B, actual: 419368B
[2.933s][debug][gc,plab           ] GC(54) Old PLAB allocation: allocated: 4080208B, wasted: 128B, unused: 946416B, used: 3133664B, undo waste: 0B, 
[2.933s][debug][gc,plab           ] GC(54) Old other allocation: region end waste: 0B, regions filled: 5, direct allocated: 0B, failure used: 0B, failure wasted: 0B
[2.933s][debug][gc,plab           ] GC(54) Old sizing: calculated: 626728B, actual: 873584B
[2.933s][debug][gc,ergo,heap      ] GC(54) Heap expansion: short term pause time ratio 48.71% long term pause time ratio 38.97% threshold 7.69% pause time ratio 7.69% fully expanded true resize by 0B
[2.933s][debug][gc,mmu            ] GC(54) MMU: 77.9ms (200.0ms/201.0ms)
[2.933s][debug][gc,alloc,stats    ] Old generation allocation in the last mutator period, old gen allocated: 4080208B, humongous allocated: 0B,old gen growth: 4080208B.
[2.933s][debug][gc,ihop           ] GC(54) Basic information (value update), threshold: 120795955B (45.00), target occupancy: 268435456B, current occupancy: 259610864B, recent allocation size: 4080208B, recent allocation duration: 6.87ms, recent old gen allocation rate: 594306022.87B/s, recent marking phase length: 0.00ms
[2.933s][debug][gc,ihop           ] GC(54) Adaptive IHOP information (value update), threshold: 120795955B (52.94), internal target occupancy: 228170137B, occupancy: 259610864B, additional buffer size: 12582912B, predicted old gen allocation rate: 575528061.59B/s, predicted marking phase length: 0.00ms, prediction active: false
[2.933s][debug][gc,ergo,refine    ] GC(54) Concurrent refinement times: Logged Cards Scan time goal: 20.00ms Logged Cards Scan time: 0.91ms HCC time: 0.00ms
[2.933s][debug][gc,ergo,refine    ] GC(54) Updated Refinement Zones: green: 12153, yellow: 36459, red: 60765
[2.933s][info ][gc,phases         ] GC(54)   Pre Evacuate Collection Set: 0.1ms
[2.933s][debug][gc,phases         ] GC(54)     Prepare TLABs: 0.0ms
[2.933s][debug][gc,phases         ] GC(54)     Concatenate Dirty Card Logs: 0.0ms
[2.933s][debug][gc,phases         ] GC(54)     Choose Collection Set: 0.0ms
[2.933s][debug][gc,phases         ] GC(54)     Region Register: 0.1ms
[2.933s][debug][gc,phases         ] GC(54)     Prepare Heap Roots: 0.0ms
[2.933s][info ][gc,phases         ] GC(54)   Merge Heap Roots: 0.1ms
[2.933s][debug][gc,phases         ] GC(54)     Prepare Merge Heap Roots: 0.0ms
[2.933s][debug][gc,phases         ] GC(54)     Eager Reclaim (ms):            skipped
[2.933s][debug][gc,phases         ] GC(54)     Remembered Sets (ms):          Min:  0.0, Avg:  0.0, Max:  0.0, Diff:  0.0, Sum:  0.0, Workers: 4
[2.933s][debug][gc,phases         ] GC(54)       Merged Sparse:                 Min: 0, Avg:  0.0, Max: 0, Diff: 0, Sum: 0, Workers: 4
[2.933s][debug][gc,phases         ] GC(54)       Merged Fine:                   Min: 0, Avg:  0.0, Max: 0, Diff: 0, Sum: 0, Workers: 4
[2.933s][debug][gc,phases         ] GC(54)       Merged Coarse:                 Min: 0, Avg:  0.0, Max: 0, Diff: 0, Sum: 0, Workers: 4
[2.933s][debug][gc,phases         ] GC(54)       Dirty Cards:                   Min: 0, Avg:  0.0, Max: 0, Diff: 0, Sum: 0, Workers: 4
[2.933s][debug][gc,phases         ] GC(54)     Hot Card Cache (ms):           Min:  0.0, Avg:  0.0, Max:  0.0, Diff:  0.0, Sum:  0.0, Workers: 4
[2.933s][debug][gc,phases         ] GC(54)       Dirty Cards:                   Min: 0, Avg:  0.0, Max: 0, Diff: 0, Sum: 0, Workers: 4
[2.933s][debug][gc,phases         ] GC(54)       Skipped Cards:                 Min: 0, Avg:  0.0, Max: 0, Diff: 0, Sum: 0, Workers: 4
[2.933s][debug][gc,phases         ] GC(54)     Log Buffers (ms):              Min:  0.0, Avg:  0.0, Max:  0.0, Diff:  0.0, Sum:  0.1, Workers: 4
[2.933s][debug][gc,phases         ] GC(54)       Dirty Cards:                   Min: 504, Avg: 631.3, Max: 760, Diff: 256, Sum: 2525, Workers: 4
[2.933s][debug][gc,phases         ] GC(54)       Skipped Cards:                 Min: 0, Avg:  0.0, Max: 0, Diff: 0, Sum: 0, Workers: 4
[2.933s][info ][gc,phases         ] GC(54)   Evacuate Collection Set: 7.4ms
[2.933s][debug][gc,phases         ] GC(54)     Ext Root Scanning (ms):        Min:  0.0, Avg:  0.0, Max:  0.0, Diff:  0.0, Sum:  0.1, Workers: 4
[2.933s][debug][gc,phases         ] GC(54)     Scan Heap Roots (ms):          Min:  0.8, Avg:  0.9, Max:  1.0, Diff:  0.1, Sum:  3.6, Workers: 4
[2.933s][debug][gc,phases         ] GC(54)       Scanned Cards:                 Min: 600, Avg: 639.3, Max: 675, Diff: 75, Sum: 2557, Workers: 4
[2.933s][debug][gc,phases         ] GC(54)       Scanned Blocks:                Min: 3, Avg:  3.3, Max: 4, Diff: 1, Sum: 13, Workers: 4
[2.933s][debug][gc,phases         ] GC(54)       Claimed Chunks:                Min: 3, Avg:  3.3, Max: 4, Diff: 1, Sum: 13, Workers: 4
[2.933s][debug][gc,phases         ] GC(54)     Code Root Scan (ms):           Min:  0.0, Avg:  0.0, Max:  0.0, Diff:  0.0, Sum:  0.0, Workers: 4
[2.933s][debug][gc,phases         ] GC(54)     Object Copy (ms):              Min:  6.5, Avg:  6.5, Max:  6.6, Diff:  0.1, Sum: 26.0, Workers: 4
[2.933s][debug][gc,phases         ] GC(54)     Termination (ms):              Min:  0.0, Avg:  0.0, Max:  0.0, Diff:  0.0, Sum:  0.0, Workers: 4
[2.933s][debug][gc,phases         ] GC(54)       Termination Attempts:          Min: 1, Avg: 11.5, Max: 22, Diff: 21, Sum: 46, Workers: 4
[2.933s][debug][gc,phases         ] GC(54)     GC Worker Other (ms):          Min:  0.0, Avg:  0.0, Max:  0.0, Diff:  0.0, Sum:  0.0, Workers: 4
[2.933s][debug][gc,phases         ] GC(54)     GC Worker Total (ms):          Min:  7.4, Avg:  7.4, Max:  7.4, Diff:  0.0, Sum: 29.7, Workers: 4
[2.933s][info ][gc,phases         ] GC(54)   Post Evacuate Collection Set: 0.4ms
[2.933s][debug][gc,phases         ] GC(54)     Code Roots Fixup: 0.0ms
[2.933s][debug][gc,phases         ] GC(54)     Reference Processing: 0.2ms
[2.933s][debug][gc,phases,ref     ] GC(54)       Reconsider SoftReferences: 0.1ms
[2.933s][debug][gc,phases,ref     ] GC(54)         SoftRef (ms):                  skipped
[2.933s][debug][gc,phases,ref     ] GC(54)       Notify Soft/WeakReferences: 0.0ms
[2.933s][debug][gc,phases,ref     ] GC(54)         SoftRef (ms):                  skipped
[2.933s][debug][gc,phases,ref     ] GC(54)         WeakRef (ms):                  skipped
[2.933s][debug][gc,phases,ref     ] GC(54)         FinalRef (ms):                 skipped
[2.933s][debug][gc,phases,ref     ] GC(54)         Total (ms):                    skipped
[2.933s][debug][gc,phases,ref     ] GC(54)       Notify and keep alive finalizable: 0.0ms
[2.933s][debug][gc,phases,ref     ] GC(54)         FinalRef (ms):                 skipped
[2.934s][debug][gc,phases,ref     ] GC(54)       Notify PhantomReferences: 0.0ms
[2.934s][debug][gc,phases,ref     ] GC(54)         PhantomRef (ms):               skipped
[2.934s][debug][gc,phases,ref     ] GC(54)       SoftReference:
[2.934s][debug][gc,phases,ref     ] GC(54)         Discovered: 0
[2.934s][debug][gc,phases,ref     ] GC(54)         Cleared: 0
[2.934s][debug][gc,phases,ref     ] GC(54)       WeakReference:
[2.934s][debug][gc,phases,ref     ] GC(54)         Discovered: 0
[2.934s][debug][gc,phases,ref     ] GC(54)         Cleared: 0
[2.934s][debug][gc,phases,ref     ] GC(54)       FinalReference:
[2.934s][debug][gc,phases,ref     ] GC(54)         Discovered: 0
[2.934s][debug][gc,phases,ref     ] GC(54)         Cleared: 0
[2.934s][debug][gc,phases,ref     ] GC(54)       PhantomReference:
[2.934s][debug][gc,phases,ref     ] GC(54)         Discovered: 0
[2.934s][debug][gc,phases,ref     ] GC(54)         Cleared: 0
[2.934s][debug][gc,phases         ] GC(54)     Weak Processing: 0.0ms
[2.934s][debug][gc,phases         ] GC(54)       VM Weak                        Min:  0.0, Avg:  0.0, Max:  0.0, Diff:  0.0, Sum:  0.0, Workers: 3
[2.934s][debug][gc,phases         ] GC(54)         Dead                           Min: 0, Avg:  0.0, Max: 0, Diff: 0, Sum: 0, Workers: 3
[2.934s][debug][gc,phases         ] GC(54)         Total                          Min: 0, Avg:  2.7, Max: 8, Diff: 8, Sum: 8, Workers: 3
[2.934s][debug][gc,phases         ] GC(54)       ObjectSynchronizer Weak        Min:  0.0, Avg:  0.0, Max:  0.0, Diff:  0.0, Sum:  0.0, Workers: 3
[2.934s][debug][gc,phases         ] GC(54)         Dead                           Min: 0, Avg:  0.0, Max: 0, Diff: 0, Sum: 0, Workers: 3
[2.934s][debug][gc,phases         ] GC(54)         Total                          Min: 0, Avg:  1.0, Max: 3, Diff: 3, Sum: 3, Workers: 3
[2.934s][debug][gc,phases         ] GC(54)       JVMTI Tag Weak OopStorage      Min:  0.0, Avg:  0.0, Max:  0.0, Diff:  0.0, Sum:  0.0, Workers: 3
[2.934s][debug][gc,phases         ] GC(54)         Dead                           Min: 0, Avg:  0.0, Max: 0, Diff: 0, Sum: 0, Workers: 3
[2.934s][debug][gc,phases         ] GC(54)         Total                          Min: 0, Avg:  0.0, Max: 0, Diff: 0, Sum: 0, Workers: 3
[2.934s][debug][gc,phases         ] GC(54)       StringTable Weak               Min:  0.0, Avg:  0.0, Max:  0.0, Diff:  0.0, Sum:  0.0, Workers: 3
[2.934s][debug][gc,phases         ] GC(54)         Dead                           Min: 0, Avg:  0.0, Max: 0, Diff: 0, Sum: 0, Workers: 3
[2.934s][debug][gc,phases         ] GC(54)         Total                          Min: 640, Avg: 819.0, Max: 921, Diff: 281, Sum: 2457, Workers: 3
[2.934s][debug][gc,phases         ] GC(54)       ResolvedMethodTable Weak       Min:  0.0, Avg:  0.0, Max:  0.0, Diff:  0.0, Sum:  0.0, Workers: 3
[2.934s][debug][gc,phases         ] GC(54)         Dead                           Min: 0, Avg:  0.0, Max: 0, Diff: 0, Sum: 0, Workers: 3
[2.934s][debug][gc,phases         ] GC(54)         Total                          Min: 9, Avg: 45.7, Max: 64, Diff: 55, Sum: 137, Workers: 3
[2.934s][debug][gc,phases         ] GC(54)       JNI Weak                       Min:  0.0, Avg:  0.0, Max:  0.0, Diff:  0.0, Sum:  0.0, Workers: 3
[2.934s][debug][gc,phases         ] GC(54)         Dead                           Min: 0, Avg:  0.0, Max: 0, Diff: 0, Sum: 0, Workers: 3
[2.934s][debug][gc,phases         ] GC(54)         Total                          Min: 0, Avg:  0.0, Max: 0, Diff: 0, Sum: 0, Workers: 3
[2.934s][debug][gc,phases         ] GC(54)       StringDedup Table Weak         Min:  0.0, Avg:  0.0, Max:  0.0, Diff:  0.0, Sum:  0.0, Workers: 3
[2.934s][debug][gc,phases         ] GC(54)         Dead                           Min: 0, Avg:  0.0, Max: 0, Diff: 0, Sum: 0, Workers: 3
[2.934s][debug][gc,phases         ] GC(54)         Total                          Min: 0, Avg:  0.0, Max: 0, Diff: 0, Sum: 0, Workers: 3
[2.934s][debug][gc,phases         ] GC(54)       StringDedup Requests0 Weak     Min:  0.0, Avg:  0.0, Max:  0.0, Diff:  0.0, Sum:  0.0, Workers: 3
[2.934s][debug][gc,phases         ] GC(54)         Dead                           Min: 0, Avg:  0.0, Max: 0, Diff: 0, Sum: 0, Workers: 3
[2.934s][debug][gc,phases         ] GC(54)         Total                          Min: 0, Avg:  0.0, Max: 0, Diff: 0, Sum: 0, Workers: 3
[2.934s][debug][gc,phases         ] GC(54)       StringDedup Requests1 Weak     Min:  0.0, Avg:  0.0, Max:  0.0, Diff:  0.0, Sum:  0.0, Workers: 3
[2.934s][debug][gc,phases         ] GC(54)         Dead                           Min: 0, Avg:  0.0, Max: 0, Diff: 0, Sum: 0, Workers: 3
[2.934s][debug][gc,phases         ] GC(54)         Total                          Min: 0, Avg:  0.0, Max: 0, Diff: 0, Sum: 0, Workers: 3
[2.934s][debug][gc,phases         ] GC(54)       Weak JFR Old Object Samples    Min:  0.0, Avg:  0.0, Max:  0.0, Diff:  0.0, Sum:  0.0, Workers: 3
[2.934s][debug][gc,phases         ] GC(54)         Dead                           Min: 0, Avg:  0.0, Max: 0, Diff: 0, Sum: 0, Workers: 3
[2.934s][debug][gc,phases         ] GC(54)         Total                          Min: 0, Avg:  0.0, Max: 0, Diff: 0, Sum: 0, Workers: 3
[2.934s][debug][gc,phases         ] GC(54)     Post Evacuate Cleanup 1: 0.1ms
[2.934s][debug][gc,phases         ] GC(54)       Merge Per-Thread State (ms):   Min:  0.0, Avg:  0.0, Max:  0.0, Diff:  0.0, Sum:  0.0, Workers: 1
[2.934s][debug][gc,phases         ] GC(54)         Copied Bytes                   Min: 1197648, Avg: 1307616.0, Max: 1397168, Diff: 199520, Sum: 5230464, Workers: 4
[2.934s][debug][gc,phases         ] GC(54)         LAB Waste                      Min: 96, Avg: 120.0, Max: 144, Diff: 48, Sum: 480, Workers: 4
[2.934s][debug][gc,phases         ] GC(54)         LAB Undo Waste                 Min: 0, Avg:  0.0, Max: 0, Diff: 0, Sum: 0, Workers: 4
[2.934s][debug][gc,phases         ] GC(54)       Clear Logged Cards (ms):       Min:  0.0, Avg:  0.0, Max:  0.0, Diff:  0.0, Sum:  0.0, Workers: 3
[2.934s][debug][gc,phases         ] GC(54)       Recalculate Used Memory (ms):  Min:  0.0, Avg:  0.0, Max:  0.0, Diff:  0.0, Sum:  0.0, Workers: 1
[2.934s][debug][gc,phases         ] GC(54)     Post Evacuate Cleanup 2: 0.1ms
[2.934s][debug][gc,phases         ] GC(54)       Reset Hot Card Cache (ms):     Min:  0.0, Avg:  0.0, Max:  0.0, Diff:  0.0, Sum:  0.0, Workers: 1
[2.934s][debug][gc,phases         ] GC(54)       Purge Code Roots (ms):         Min:  0.0, Avg:  0.0, Max:  0.0, Diff:  0.0, Sum:  0.0, Workers: 1
[2.934s][debug][gc,phases         ] GC(54)       Update Derived Pointers (ms):  Min:  0.0, Avg:  0.0, Max:  0.0, Diff:  0.0, Sum:  0.0, Workers: 1
[2.934s][debug][gc,phases         ] GC(54)       Eagerly Reclaim Humongous Objects (ms): Min:  0.0, Avg:  0.0, Max:  0.0, Diff:  0.0, Sum:  0.0, Workers: 1
[2.934s][debug][gc,phases         ] GC(54)         Humongous Total                Min: 1, Avg:  1.0, Max: 1, Diff: 0, Sum: 1, Workers: 1
[2.934s][debug][gc,phases         ] GC(54)         Humongous Candidates           Min: 0, Avg:  0.0, Max: 0, Diff: 0, Sum: 0, Workers: 1
[2.934s][debug][gc,phases         ] GC(54)         Humongous Reclaimed            Min: 0, Avg:  0.0, Max: 0, Diff: 0, Sum: 0, Workers: 1
[2.934s][debug][gc,phases         ] GC(54)       Redirty Logged Cards (ms):     Min:  0.0, Avg:  0.0, Max:  0.0, Diff:  0.0, Sum:  0.0, Workers: 4
[2.934s][debug][gc,phases         ] GC(54)         Redirtied Cards:               Min: 0, Avg: 256.8, Max: 770, Diff: 770, Sum: 1027, Workers: 4
[2.935s][debug][gc,phases         ] GC(54)       Free Collection Set (ms):      Min:  0.0, Avg:  0.0, Max:  0.0, Diff:  0.0, Sum:  0.0, Workers: 4
[2.935s][debug][gc,phases         ] GC(54)     Rebuild Free List: 0.1ms
[2.935s][debug][gc,phases         ] GC(54)     Start New Collection Set: 0.0ms
[2.935s][debug][gc,phases         ] GC(54)     Resize TLABs: 0.0ms
[2.935s][debug][gc,phases         ] GC(54)     Expand Heap After Collection: 0.0ms
[2.935s][info ][gc,phases         ] GC(54)   Other: 0.6ms
[2.935s][info ][gc,heap           ] GC(54) Eden regions: 3->0(10)
[2.935s][info ][gc,heap           ] GC(54) Survivor regions: 2->2(2)
[2.935s][info ][gc,heap           ] GC(54) Old regions: 208->212
[2.935s][info ][gc,heap           ] GC(54) Archive regions: 0->0
[2.935s][info ][gc,heap           ] GC(54) Humongous regions: 36->36
[2.935s][info ][gc,metaspace      ] GC(54) Metaspace: 470K(640K)->470K(640K) NonClass: 437K(512K)->437K(512K) Class: 33K(128K)->33K(128K)
[2.935s][debug][gc,heap           ] GC(54) Heap after GC invocations=51 (full 2):
[2.935s][debug][gc,heap           ] GC(54)  garbage-first heap   total 262144K, used 253526K [0x00000000f0000000, 0x0000000100000000)
[2.935s][debug][gc,heap           ] GC(54)   region size 1024K, 2 young (2048K), 2 survivors (2048K)
[2.935s][debug][gc,heap           ] GC(54)  Metaspace       used 470K, committed 640K, reserved 1056768K
[2.935s][debug][gc,heap           ] GC(54)   class space    used 33K, committed 128K, reserved 1048576K
[2.935s][info ][gc                ] GC(54) Pause Young (Normal) (G1 Preventive Collection) 246M->247M(256M) 10.494ms
[2.935s][info ][gc,cpu            ] GC(54) User=0.05s Sys=0.00s Real=0.01s
[2.936s][debug][gc,ergo,cset      ] Preventive GC, insufficient free regions. Predicted need 5. Curr Eden 1 (Pred 3). Curr Survivor 2 (Pred 3). Curr Old 212 (Pred 0) Free 5 Alloc 1
[2.936s][debug][gc,heap           ] GC(55) Heap before GC invocations=51 (full 2):
[2.936s][debug][gc,heap           ] GC(55)  garbage-first heap   total 262144K, used 253526K [0x00000000f0000000, 0x0000000100000000)
[2.936s][debug][gc,heap           ] GC(55)   region size 1024K, 3 young (3072K), 2 survivors (2048K)
[2.936s][debug][gc,heap           ] GC(55)  Metaspace       used 470K, committed 640K, reserved 1056768K
[2.936s][debug][gc,heap           ] GC(55)   class space    used 33K, committed 128K, reserved 1048576K
[2.936s][info ][gc,start          ] GC(55) Pause Young (Normal) (G1 Preventive Collection)
[2.936s][info ][gc,task           ] GC(55) Using 4 workers of 4 for evacuation
[2.936s][debug][gc,tlab           ] GC(55) TLAB totals: thrds: 1  refills: 7 max: 7 slow allocs: 0 max 0 waste:  0.4% gc: 0B max: 0B slow: 4032B max: 4032B
[2.936s][debug][gc,age            ] GC(55) Desired survivor size 1048576 bytes, new threshold 1 (max threshold 15)
[2.937s][debug][gc,refine,stats   ] GC(55) Mutator refinement: 0.00ms, refined: 0, precleaned: 0, dirtied: 510
[2.937s][debug][gc,refine,stats   ] GC(55) Concurrent refinement: 0.00ms, refined: 0, precleaned: 0, dirtied: 0
[2.937s][debug][gc,refine,stats   ] GC(55) Total refinement: 0.00ms, refined: 0, precleaned: 0, dirtied: 510
[2.937s][debug][gc,refine,stats   ] GC(55) Generate dirty cards rate: 133.88 cards/ms
[2.937s][debug][gc,alloc,region   ] GC(55) Mutator Allocation stats, regions: 1, wasted size: 0B ( 0.0%)
[2.937s][debug][gc,humongous      ] GC(55) Humongous region 173 (object size 36920416 @ 0x00000000fad00000) remset 0 code roots 0 marked 1 reclaim candidate 0 type array 0
[2.937s][debug][gc,ergo           ] GC(55) Running G1 Merge Heap Roots using 4 workers for 3 regions
[2.937s][debug][gc,remset         ] GC(55) Visited cards 2304 Total dirty 4096 (56.25%) Total old 520192 (0.44%)
[2.942s][debug][gc,ref            ] GC(55) Skipped phase 1 of Reference Processing: no references
[2.942s][debug][gc,ref            ] GC(55) Skipped phase 2 of Reference Processing: no references
[2.942s][debug][gc,ref            ] GC(55) Skipped phase 3 of Reference Processing: no references
[2.942s][debug][gc,ref            ] GC(55) Skipped phase 4 of Reference Processing: no references
[2.942s][debug][gc,ergo           ] GC(55) Running G1 Rebuild Free List Task using 4 workers for rebuilding free list of regions
[2.942s][debug][gc,plab           ] GC(55) Young PLAB allocation: allocated: 1258256B, wasted: 208B, unused: 213504B, used: 1044544B, undo waste: 0B, 
[2.942s][debug][gc,plab           ] GC(55) Young other allocation: region end waste: 0B, regions filled: 2, direct allocated: 0B, failure used: 0B, failure wasted: 0B
[2.942s][debug][gc,plab           ] GC(55) Young sizing: calculated: 208904B, actual: 261520B
[2.942s][debug][gc,plab           ] GC(55) Old PLAB allocation: allocated: 2566752B, wasted: 176B, unused: 469776B, used: 2096800B, undo waste: 0B, 
[2.942s][debug][gc,plab           ] GC(55) Old other allocation: region end waste: 0B, regions filled: 3, direct allocated: 0B, failure used: 0B, failure wasted: 0B
[2.942s][debug][gc,plab           ] GC(55) Old sizing: calculated: 419360B, actual: 532912B
[2.942s][debug][gc,ergo,heap      ] GC(55) Heap expansion: short term pause time ratio 54.80% long term pause time ratio 41.87% threshold 7.69% pause time ratio 7.69% fully expanded true resize by 0B
[2.942s][debug][gc,mmu            ] GC(55) MMU: 83.6ms (200.0ms/201.0ms)
[2.942s][debug][gc,alloc,stats    ] Old generation allocation in the last mutator period, old gen allocated: 2566752B, humongous allocated: 0B,old gen growth: 2566752B.
[2.942s][debug][gc,ihop           ] GC(55) Basic information (value update), threshold: 120795955B (45.00), target occupancy: 268435456B, current occupancy: 261339136B, recent allocation size: 2566752B, recent allocation duration: 3.81ms, recent old gen allocation rate: 673811986.45B/s, recent marking phase length: 0.00ms
[2.942s][debug][gc,ihop           ] GC(55) Adaptive IHOP information (value update), threshold: 120795955B (52.94), internal target occupancy: 228170137B, occupancy: 261339136B, additional buffer size: 12582912B, predicted old gen allocation rate: 586039635.26B/s, predicted marking phase length: 0.00ms, prediction active: false
[2.942s][debug][gc,ergo,refine    ] GC(55) Concurrent refinement times: Logged Cards Scan time goal: 20.00ms Logged Cards Scan time: 0.56ms HCC time: 0.00ms
[2.942s][debug][gc,ergo,refine    ] GC(55) Updated Refinement Zones: green: 12153, yellow: 36459, red: 60765
[2.942s][info ][gc,phases         ] GC(55)   Pre Evacuate Collection Set: 0.1ms
[2.942s][debug][gc,phases         ] GC(55)     Prepare TLABs: 0.0ms
[2.942s][debug][gc,phases         ] GC(55)     Concatenate Dirty Card Logs: 0.0ms
[2.942s][debug][gc,phases         ] GC(55)     Choose Collection Set: 0.0ms
[2.942s][debug][gc,phases         ] GC(55)     Region Register: 0.1ms
[2.942s][debug][gc,phases         ] GC(55)     Prepare Heap Roots: 0.0ms
[2.942s][info ][gc,phases         ] GC(55)   Merge Heap Roots: 0.1ms
[2.942s][debug][gc,phases         ] GC(55)     Prepare Merge Heap Roots: 0.0ms
[2.942s][debug][gc,phases         ] GC(55)     Eager Reclaim (ms):            skipped
[2.942s][debug][gc,phases         ] GC(55)     Remembered Sets (ms):          Min:  0.0, Avg:  0.0, Max:  0.0, Diff:  0.0, Sum:  0.0, Workers: 4
[2.943s][debug][gc,phases         ] GC(55)       Merged Sparse:                 Min: 0, Avg:  0.0, Max: 0, Diff: 0, Sum: 0, Workers: 4
[2.943s][debug][gc,phases         ] GC(55)       Merged Fine:                   Min: 0, Avg:  0.0, Max: 0, Diff: 0, Sum: 0, Workers: 4
[2.943s][debug][gc,phases         ] GC(55)       Merged Coarse:                 Min: 0, Avg:  0.0, Max: 0, Diff: 0, Sum: 0, Workers: 4
[2.943s][debug][gc,phases         ] GC(55)       Dirty Cards:                   Min: 0, Avg:  0.0, Max: 0, Diff: 0, Sum: 0, Workers: 4
[2.943s][debug][gc,phases         ] GC(55)     Hot Card Cache (ms):           Min:  0.0, Avg:  0.0, Max:  0.0, Diff:  0.0, Sum:  0.0, Workers: 4
[2.943s][debug][gc,phases         ] GC(55)       Dirty Cards:                   Min: 0, Avg:  0.0, Max: 0, Diff: 0, Sum: 0, Workers: 4
[2.943s][debug][gc,phases         ] GC(55)       Skipped Cards:                 Min: 0, Avg:  0.0, Max: 0, Diff: 0, Sum: 0, Workers: 4
[2.943s][debug][gc,phases         ] GC(55)     Log Buffers (ms):              Min:  0.0, Avg:  0.0, Max:  0.0, Diff:  0.0, Sum:  0.0, Workers: 4
[2.943s][debug][gc,phases         ] GC(55)       Dirty Cards:                   Min: 248, Avg: 376.3, Max: 454, Diff: 206, Sum: 1505, Workers: 4
[2.943s][debug][gc,phases         ] GC(55)       Skipped Cards:                 Min: 0, Avg:  0.0, Max: 0, Diff: 0, Sum: 0, Workers: 4
[2.943s][info ][gc,phases         ] GC(55)   Evacuate Collection Set: 5.0ms
[2.943s][debug][gc,phases         ] GC(55)     Ext Root Scanning (ms):        Min:  0.0, Avg:  0.0, Max:  0.0, Diff:  0.0, Sum:  0.1, Workers: 4
[2.943s][debug][gc,phases         ] GC(55)     Scan Heap Roots (ms):          Min:  0.3, Avg:  0.6, Max:  0.8, Diff:  0.5, Sum:  2.2, Workers: 4
[2.943s][debug][gc,phases         ] GC(55)       Scanned Cards:                 Min: 240, Avg: 384.3, Max: 522, Diff: 282, Sum: 1537, Workers: 4
[2.943s][debug][gc,phases         ] GC(55)       Scanned Blocks:                Min: 2, Avg:  2.3, Max: 3, Diff: 1, Sum: 9, Workers: 4
[2.943s][debug][gc,phases         ] GC(55)       Claimed Chunks:                Min: 2, Avg:  2.3, Max: 3, Diff: 1, Sum: 9, Workers: 4
[2.943s][debug][gc,phases         ] GC(55)     Code Root Scan (ms):           Min:  0.0, Avg:  0.0, Max:  0.0, Diff:  0.0, Sum:  0.0, Workers: 4
[2.943s][debug][gc,phases         ] GC(55)     Object Copy (ms):              Min:  4.2, Avg:  4.4, Max:  4.6, Diff:  0.5, Sum: 17.7, Workers: 4
[2.943s][debug][gc,phases         ] GC(55)     Termination (ms):              Min:  0.0, Avg:  0.0, Max:  0.0, Diff:  0.0, Sum:  0.0, Workers: 4
[2.943s][debug][gc,phases         ] GC(55)       Termination Attempts:          Min: 1, Avg:  1.0, Max: 1, Diff: 0, Sum: 4, Workers: 4
[2.943s][debug][gc,phases         ] GC(55)     GC Worker Other (ms):          Min:  0.0, Avg:  0.0, Max:  0.0, Diff:  0.0, Sum:  0.0, Workers: 4
[2.943s][debug][gc,phases         ] GC(55)     GC Worker Total (ms):          Min:  5.0, Avg:  5.0, Max:  5.0, Diff:  0.0, Sum: 20.0, Workers: 4
[2.943s][info ][gc,phases         ] GC(55)   Post Evacuate Collection Set: 0.3ms
[2.943s][debug][gc,phases         ] GC(55)     Code Roots Fixup: 0.0ms
[2.943s][debug][gc,phases         ] GC(55)     Reference Processing: 0.1ms
[2.943s][debug][gc,phases,ref     ] GC(55)       Reconsider SoftReferences: 0.0ms
[2.943s][debug][gc,phases,ref     ] GC(55)         SoftRef (ms):                  skipped
[2.943s][debug][gc,phases,ref     ] GC(55)       Notify Soft/WeakReferences: 0.0ms
[2.943s][debug][gc,phases,ref     ] GC(55)         SoftRef (ms):                  skipped
[2.943s][debug][gc,phases,ref     ] GC(55)         WeakRef (ms):                  skipped
[2.943s][debug][gc,phases,ref     ] GC(55)         FinalRef (ms):                 skipped
[2.943s][debug][gc,phases,ref     ] GC(55)         Total (ms):                    skipped
[2.943s][debug][gc,phases,ref     ] GC(55)       Notify and keep alive finalizable: 0.0ms
[2.943s][debug][gc,phases,ref     ] GC(55)         FinalRef (ms):                 skipped
[2.943s][debug][gc,phases,ref     ] GC(55)       Notify PhantomReferences: 0.0ms
[2.943s][debug][gc,phases,ref     ] GC(55)         PhantomRef (ms):               skipped
[2.943s][debug][gc,phases,ref     ] GC(55)       SoftReference:
[2.943s][debug][gc,phases,ref     ] GC(55)         Discovered: 0
[2.943s][debug][gc,phases,ref     ] GC(55)         Cleared: 0
[2.943s][debug][gc,phases,ref     ] GC(55)       WeakReference:
[2.943s][debug][gc,phases,ref     ] GC(55)         Discovered: 0
[2.943s][debug][gc,phases,ref     ] GC(55)         Cleared: 0
[2.943s][debug][gc,phases,ref     ] GC(55)       FinalReference:
[2.943s][debug][gc,phases,ref     ] GC(55)         Discovered: 0
[2.943s][debug][gc,phases,ref     ] GC(55)         Cleared: 0
[2.943s][debug][gc,phases,ref     ] GC(55)       PhantomReference:
[2.943s][debug][gc,phases,ref     ] GC(55)         Discovered: 0
[2.943s][debug][gc,phases,ref     ] GC(55)         Cleared: 0
[2.943s][debug][gc,phases         ] GC(55)     Weak Processing: 0.0ms
[2.943s][debug][gc,phases         ] GC(55)       VM Weak                        Min:  0.0, Avg:  0.0, Max:  0.0, Diff:  0.0, Sum:  0.0, Workers: 3
[2.943s][debug][gc,phases         ] GC(55)         Dead                           Min: 0, Avg:  0.0, Max: 0, Diff: 0, Sum: 0, Workers: 3
[2.943s][debug][gc,phases         ] GC(55)         Total                          Min: 0, Avg:  2.7, Max: 8, Diff: 8, Sum: 8, Workers: 3
[2.943s][debug][gc,phases         ] GC(55)       ObjectSynchronizer Weak        Min:  0.0, Avg:  0.0, Max:  0.0, Diff:  0.0, Sum:  0.0, Workers: 3
[2.943s][debug][gc,phases         ] GC(55)         Dead                           Min: 0, Avg:  0.0, Max: 0, Diff: 0, Sum: 0, Workers: 3
[2.943s][debug][gc,phases         ] GC(55)         Total                          Min: 0, Avg:  1.0, Max: 3, Diff: 3, Sum: 3, Workers: 3
[2.943s][debug][gc,phases         ] GC(55)       JVMTI Tag Weak OopStorage      Min:  0.0, Avg:  0.0, Max:  0.0, Diff:  0.0, Sum:  0.0, Workers: 3
[2.943s][debug][gc,phases         ] GC(55)         Dead                           Min: 0, Avg:  0.0, Max: 0, Diff: 0, Sum: 0, Workers: 3
[2.943s][debug][gc,phases         ] GC(55)         Total                          Min: 0, Avg:  0.0, Max: 0, Diff: 0, Sum: 0, Workers: 3
[2.944s][debug][gc,phases         ] GC(55)       StringTable Weak               Min:  0.0, Avg:  0.0, Max:  0.0, Diff:  0.0, Sum:  0.0, Workers: 3
[2.944s][debug][gc,phases         ] GC(55)         Dead                           Min: 0, Avg:  0.0, Max: 0, Diff: 0, Sum: 0, Workers: 3
[2.944s][debug][gc,phases         ] GC(55)         Total                          Min: 704, Avg: 819.0, Max: 896, Diff: 192, Sum: 2457, Workers: 3
[2.944s][debug][gc,phases         ] GC(55)       ResolvedMethodTable Weak       Min:  0.0, Avg:  0.0, Max:  0.0, Diff:  0.0, Sum:  0.0, Workers: 3
[2.944s][debug][gc,phases         ] GC(55)         Dead                           Min: 0, Avg:  0.0, Max: 0, Diff: 0, Sum: 0, Workers: 3
[2.944s][debug][gc,phases         ] GC(55)         Total                          Min: 0, Avg: 45.7, Max: 73, Diff: 73, Sum: 137, Workers: 3
[2.944s][debug][gc,phases         ] GC(55)       JNI Weak                       Min:  0.0, Avg:  0.0, Max:  0.0, Diff:  0.0, Sum:  0.0, Workers: 3
[2.944s][debug][gc,phases         ] GC(55)         Dead                           Min: 0, Avg:  0.0, Max: 0, Diff: 0, Sum: 0, Workers: 3
[2.944s][debug][gc,phases         ] GC(55)         Total                          Min: 0, Avg:  0.0, Max: 0, Diff: 0, Sum: 0, Workers: 3
[2.944s][debug][gc,phases         ] GC(55)       StringDedup Table Weak         Min:  0.0, Avg:  0.0, Max:  0.0, Diff:  0.0, Sum:  0.0, Workers: 3
[2.944s][debug][gc,phases         ] GC(55)         Dead                           Min: 0, Avg:  0.0, Max: 0, Diff: 0, Sum: 0, Workers: 3
[2.944s][debug][gc,phases         ] GC(55)         Total                          Min: 0, Avg:  0.0, Max: 0, Diff: 0, Sum: 0, Workers: 3
[2.944s][debug][gc,phases         ] GC(55)       StringDedup Requests0 Weak     Min:  0.0, Avg:  0.0, Max:  0.0, Diff:  0.0, Sum:  0.0, Workers: 3
[2.944s][debug][gc,phases         ] GC(55)         Dead                           Min: 0, Avg:  0.0, Max: 0, Diff: 0, Sum: 0, Workers: 3
[2.944s][debug][gc,phases         ] GC(55)         Total                          Min: 0, Avg:  0.0, Max: 0, Diff: 0, Sum: 0, Workers: 3
[2.944s][debug][gc,phases         ] GC(55)       StringDedup Requests1 Weak     Min:  0.0, Avg:  0.0, Max:  0.0, Diff:  0.0, Sum:  0.0, Workers: 3
[2.944s][debug][gc,phases         ] GC(55)         Dead                           Min: 0, Avg:  0.0, Max: 0, Diff: 0, Sum: 0, Workers: 3
[2.944s][debug][gc,phases         ] GC(55)         Total                          Min: 0, Avg:  0.0, Max: 0, Diff: 0, Sum: 0, Workers: 3
[2.944s][debug][gc,phases         ] GC(55)       Weak JFR Old Object Samples    Min:  0.0, Avg:  0.0, Max:  0.0, Diff:  0.0, Sum:  0.0, Workers: 3
[2.944s][debug][gc,phases         ] GC(55)         Dead                           Min: 0, Avg:  0.0, Max: 0, Diff: 0, Sum: 0, Workers: 3
[2.944s][debug][gc,phases         ] GC(55)         Total                          Min: 0, Avg:  0.0, Max: 0, Diff: 0, Sum: 0, Workers: 3
[2.944s][debug][gc,phases         ] GC(55)     Post Evacuate Cleanup 1: 0.0ms
[2.944s][debug][gc,phases         ] GC(55)       Merge Per-Thread State (ms):   Min:  0.0, Avg:  0.0, Max:  0.0, Diff:  0.0, Sum:  0.0, Workers: 1
[2.944s][debug][gc,phases         ] GC(55)         Copied Bytes                   Min: 626304, Avg: 785336.0, Max: 905648, Diff: 279344, Sum: 3141344, Workers: 4
[2.944s][debug][gc,phases         ] GC(55)         LAB Waste                      Min: 56, Avg: 96.0, Max: 136, Diff: 80, Sum: 384, Workers: 4
[2.944s][debug][gc,phases         ] GC(55)         LAB Undo Waste                 Min: 0, Avg:  0.0, Max: 0, Diff: 0, Sum: 0, Workers: 4
[2.944s][debug][gc,phases         ] GC(55)       Clear Logged Cards (ms):       Min:  0.0, Avg:  0.0, Max:  0.0, Diff:  0.0, Sum:  0.0, Workers: 3
[2.944s][debug][gc,phases         ] GC(55)       Recalculate Used Memory (ms):  Min:  0.0, Avg:  0.0, Max:  0.0, Diff:  0.0, Sum:  0.0, Workers: 1
[2.944s][debug][gc,phases         ] GC(55)     Post Evacuate Cleanup 2: 0.0ms
[2.944s][debug][gc,phases         ] GC(55)       Reset Hot Card Cache (ms):     Min:  0.0, Avg:  0.0, Max:  0.0, Diff:  0.0, Sum:  0.0, Workers: 1
[2.944s][debug][gc,phases         ] GC(55)       Purge Code Roots (ms):         Min:  0.0, Avg:  0.0, Max:  0.0, Diff:  0.0, Sum:  0.0, Workers: 1
[2.944s][debug][gc,phases         ] GC(55)       Update Derived Pointers (ms):  Min:  0.0, Avg:  0.0, Max:  0.0, Diff:  0.0, Sum:  0.0, Workers: 1
[2.944s][debug][gc,phases         ] GC(55)       Eagerly Reclaim Humongous Objects (ms): Min:  0.0, Avg:  0.0, Max:  0.0, Diff:  0.0, Sum:  0.0, Workers: 1
[2.944s][debug][gc,phases         ] GC(55)         Humongous Total                Min: 1, Avg:  1.0, Max: 1, Diff: 0, Sum: 1, Workers: 1
[2.944s][debug][gc,phases         ] GC(55)         Humongous Candidates           Min: 0, Avg:  0.0, Max: 0, Diff: 0, Sum: 0, Workers: 1
[2.944s][debug][gc,phases         ] GC(55)         Humongous Reclaimed            Min: 0, Avg:  0.0, Max: 0, Diff: 0, Sum: 0, Workers: 1
[2.944s][debug][gc,phases         ] GC(55)       Redirty Logged Cards (ms):     Min:  0.0, Avg:  0.0, Max:  0.0, Diff:  0.0, Sum:  0.0, Workers: 4
[2.944s][debug][gc,phases         ] GC(55)         Redirtied Cards:               Min: 0, Avg: 152.0, Max: 340, Diff: 340, Sum: 608, Workers: 4
[2.944s][debug][gc,phases         ] GC(55)       Free Collection Set (ms):      Min:  0.0, Avg:  0.0, Max:  0.0, Diff:  0.0, Sum:  0.0, Workers: 4
[2.944s][debug][gc,phases         ] GC(55)     Rebuild Free List: 0.1ms
[2.944s][debug][gc,phases         ] GC(55)     Start New Collection Set: 0.0ms
[2.944s][debug][gc,phases         ] GC(55)     Resize TLABs: 0.0ms
[2.944s][debug][gc,phases         ] GC(55)     Expand Heap After Collection: 0.0ms
[2.944s][info ][gc,phases         ] GC(55)   Other: 0.5ms
[2.944s][info ][gc,heap           ] GC(55) Eden regions: 1->0(10)
[2.944s][info ][gc,heap           ] GC(55) Survivor regions: 2->2(2)
[2.944s][info ][gc,heap           ] GC(55) Old regions: 212->214
[2.944s][info ][gc,heap           ] GC(55) Archive regions: 0->0
[2.944s][info ][gc,heap           ] GC(55) Humongous regions: 36->36
[2.944s][info ][gc,metaspace      ] GC(55) Metaspace: 470K(640K)->470K(640K) NonClass: 437K(512K)->437K(512K) Class: 33K(128K)->33K(128K)
[2.944s][debug][gc,heap           ] GC(55) Heap after GC invocations=52 (full 2):
[2.944s][debug][gc,heap           ] GC(55)  garbage-first heap   total 262144K, used 255214K [0x00000000f0000000, 0x0000000100000000)
[2.945s][debug][gc,heap           ] GC(55)   region size 1024K, 2 young (2048K), 2 survivors (2048K)
[2.945s][debug][gc,heap           ] GC(55)  Metaspace       used 470K, committed 640K, reserved 1056768K
[2.945s][debug][gc,heap           ] GC(55)   class space    used 33K, committed 128K, reserved 1048576K
[2.945s][info ][gc                ] GC(55) Pause Young (Normal) (G1 Preventive Collection) 248M->249M(256M) 8.166ms
[2.945s][info ][gc,cpu            ] GC(55) User=0.02s Sys=0.00s Real=0.01s
[2.946s][debug][gc,ergo,cset      ] Preventive GC, insufficient free regions. Predicted need 4. Curr Eden 1 (Pred 3). Curr Survivor 2 (Pred 2). Curr Old 214 (Pred 0) Free 3 Alloc 1
[2.946s][debug][gc,heap           ] GC(56) Heap before GC invocations=52 (full 2):
[2.946s][debug][gc,heap           ] GC(56)  garbage-first heap   total 262144K, used 255214K [0x00000000f0000000, 0x0000000100000000)
[2.946s][debug][gc,heap           ] GC(56)   region size 1024K, 3 young (3072K), 2 survivors (2048K)
[2.946s][debug][gc,heap           ] GC(56)  Metaspace       used 470K, committed 640K, reserved 1056768K
[2.946s][debug][gc,heap           ] GC(56)   class space    used 33K, committed 128K, reserved 1048576K
[2.946s][info ][gc,start          ] GC(56) Pause Young (Normal) (G1 Preventive Collection)
[2.946s][info ][gc,task           ] GC(56) Using 4 workers of 4 for evacuation
[2.946s][debug][gc,tlab           ] GC(56) TLAB totals: thrds: 1  refills: 7 max: 7 slow allocs: 0 max 0 waste:  0.4% gc: 0B max: 0B slow: 4032B max: 4032B
[2.946s][debug][gc,age            ] GC(56) Desired survivor size 1048576 bytes, new threshold 15 (max threshold 15)
[2.946s][debug][gc,refine,stats   ] GC(56) Mutator refinement: 0.00ms, refined: 0, precleaned: 0, dirtied: 510
[2.946s][debug][gc,refine,stats   ] GC(56) Concurrent refinement: 0.00ms, refined: 0, precleaned: 0, dirtied: 0
[2.946s][debug][gc,refine,stats   ] GC(56) Total refinement: 0.00ms, refined: 0, precleaned: 0, dirtied: 510
[2.946s][debug][gc,refine,stats   ] GC(56) Generate dirty cards rate: 120.60 cards/ms
[2.947s][debug][gc,alloc,region   ] GC(56) Mutator Allocation stats, regions: 1, wasted size: 0B ( 0.0%)
[2.947s][debug][gc,humongous      ] GC(56) Humongous region 173 (object size 36920416 @ 0x00000000fad00000) remset 0 code roots 0 marked 1 reclaim candidate 0 type array 0
[2.947s][debug][gc,ergo           ] GC(56) Running G1 Merge Heap Roots using 4 workers for 3 regions
[2.947s][debug][gc,remset         ] GC(56) Visited cards 1280 Total dirty 4096 (31.25%) Total old 524288 (0.24%)
[2.952s][debug][gc,ref            ] GC(56) Skipped phase 1 of Reference Processing: no references
[2.952s][debug][gc,ref            ] GC(56) Skipped phase 2 of Reference Processing: no references
[2.952s][debug][gc,ref            ] GC(56) Skipped phase 3 of Reference Processing: no references
[2.952s][debug][gc,ref            ] GC(56) Skipped phase 4 of Reference Processing: no references
[2.952s][debug][gc,ergo           ] GC(56) Running G1 Rebuild Free List Task using 4 workers for rebuilding free list of regions
[2.952s][debug][gc,plab           ] GC(56) Young PLAB allocation: allocated: 2097152B, wasted: 512B, unused: 42864B, used: 2053776B, undo waste: 0B, 
[2.952s][debug][gc,plab           ] GC(56) Young other allocation: region end waste: 0B, regions filled: 2, direct allocated: 0B, failure used: 0B, failure wasted: 0B
[2.952s][debug][gc,plab           ] GC(56) Young sizing: calculated: 410752B, actual: 373440B
[2.952s][debug][gc,plab           ] GC(56) Old PLAB allocation: allocated: 174592B, wasted: 0B, unused: 139280B, used: 35312B, undo waste: 0B, 
[2.952s][debug][gc,plab           ] GC(56) Old other allocation: region end waste: 0B, regions filled: 1, direct allocated: 0B, failure used: 0B, failure wasted: 0B
[2.952s][debug][gc,plab           ] GC(56) Old sizing: calculated: 7056B, actual: 138520B
[2.952s][debug][gc,ergo,heap      ] GC(56) Heap expansion: short term pause time ratio 60.01% long term pause time ratio 39.78% threshold 7.69% pause time ratio 7.69% fully expanded true resize by 0B
[2.952s][debug][gc,mmu            ] GC(56) MMU: 89.4ms (200.0ms/201.0ms)
[2.952s][debug][gc,alloc,stats    ] Old generation allocation in the last mutator period, old gen allocated: 174592B, humongous allocated: 0B,old gen growth: 174592B.
[2.952s][debug][gc,ihop           ] GC(56) Basic information (value update), threshold: 120795955B (45.00), target occupancy: 268435456B, current occupancy: 262352624B, recent allocation size: 174592B, recent allocation duration: 4.23ms, recent old gen allocation rate: 41286416.95B/s, recent marking phase length: 0.00ms
[2.952s][debug][gc,ihop           ] GC(56) Adaptive IHOP information (value update), threshold: 120795955B (52.94), internal target occupancy: 228170137B, occupancy: 262352624B, additional buffer size: 12582912B, predicted old gen allocation rate: 569965427.21B/s, predicted marking phase length: 0.00ms, prediction active: false
[2.952s][debug][gc,ergo,refine    ] GC(56) Concurrent refinement times: Logged Cards Scan time goal: 20.00ms Logged Cards Scan time: 0.41ms HCC time: 0.00ms
[2.952s][debug][gc,ergo,refine    ] GC(56) Updated Refinement Zones: green: 12153, yellow: 36459, red: 60765
[2.952s][info ][gc,phases         ] GC(56)   Pre Evacuate Collection Set: 0.1ms
[2.952s][debug][gc,phases         ] GC(56)     Prepare TLABs: 0.0ms
[2.952s][debug][gc,phases         ] GC(56)     Concatenate Dirty Card Logs: 0.0ms
[2.952s][debug][gc,phases         ] GC(56)     Choose Collection Set: 0.0ms
[2.953s][debug][gc,phases         ] GC(56)     Region Register: 0.1ms
[2.953s][debug][gc,phases         ] GC(56)     Prepare Heap Roots: 0.0ms
[2.953s][info ][gc,phases         ] GC(56)   Merge Heap Roots: 0.1ms
[2.953s][debug][gc,phases         ] GC(56)     Prepare Merge Heap Roots: 0.0ms
[2.953s][debug][gc,phases         ] GC(56)     Eager Reclaim (ms):            skipped
[2.953s][debug][gc,phases         ] GC(56)     Remembered Sets (ms):          Min:  0.0, Avg:  0.0, Max:  0.0, Diff:  0.0, Sum:  0.0, Workers: 4
[2.953s][debug][gc,phases         ] GC(56)       Merged Sparse:                 Min: 0, Avg:  0.0, Max: 0, Diff: 0, Sum: 0, Workers: 4
[2.953s][debug][gc,phases         ] GC(56)       Merged Fine:                   Min: 0, Avg:  0.0, Max: 0, Diff: 0, Sum: 0, Workers: 4
[2.953s][debug][gc,phases         ] GC(56)       Merged Coarse:                 Min: 0, Avg:  0.0, Max: 0, Diff: 0, Sum: 0, Workers: 4
[2.953s][debug][gc,phases         ] GC(56)       Dirty Cards:                   Min: 0, Avg:  0.0, Max: 0, Diff: 0, Sum: 0, Workers: 4
[2.953s][debug][gc,phases         ] GC(56)     Hot Card Cache (ms):           Min:  0.0, Avg:  0.0, Max:  0.0, Diff:  0.0, Sum:  0.0, Workers: 4
[2.953s][debug][gc,phases         ] GC(56)       Dirty Cards:                   Min: 0, Avg:  0.0, Max: 0, Diff: 0, Sum: 0, Workers: 4
[2.953s][debug][gc,phases         ] GC(56)       Skipped Cards:                 Min: 0, Avg:  0.0, Max: 0, Diff: 0, Sum: 0, Workers: 4
[2.953s][debug][gc,phases         ] GC(56)     Log Buffers (ms):              Min:  0.0, Avg:  0.0, Max:  0.0, Diff:  0.0, Sum:  0.0, Workers: 4
[2.953s][debug][gc,phases         ] GC(56)       Dirty Cards:                   Min: 0, Avg: 275.5, Max: 856, Diff: 856, Sum: 1102, Workers: 4
[2.953s][debug][gc,phases         ] GC(56)       Skipped Cards:                 Min: 0, Avg:  0.0, Max: 0, Diff: 0, Sum: 0, Workers: 4
[2.953s][info ][gc,phases         ] GC(56)   Evacuate Collection Set: 4.9ms
[2.953s][debug][gc,phases         ] GC(56)     Ext Root Scanning (ms):        Min:  0.0, Avg:  0.0, Max:  0.0, Diff:  0.0, Sum:  0.1, Workers: 4
[2.953s][debug][gc,phases         ] GC(56)     Scan Heap Roots (ms):          Min:  0.4, Avg:  0.4, Max:  0.5, Diff:  0.1, Sum:  1.6, Workers: 4
[2.953s][debug][gc,phases         ] GC(56)       Scanned Cards:                 Min: 253, Avg: 255.3, Max: 256, Diff: 3, Sum: 1021, Workers: 4
[2.953s][debug][gc,phases         ] GC(56)       Scanned Blocks:                Min: 1, Avg:  1.3, Max: 2, Diff: 1, Sum: 5, Workers: 4
[2.953s][debug][gc,phases         ] GC(56)       Claimed Chunks:                Min: 1, Avg:  1.3, Max: 2, Diff: 1, Sum: 5, Workers: 4
[2.953s][debug][gc,phases         ] GC(56)     Code Root Scan (ms):           Min:  0.0, Avg:  0.0, Max:  0.0, Diff:  0.0, Sum:  0.0, Workers: 4
[2.953s][debug][gc,phases         ] GC(56)     Object Copy (ms):              Min:  4.4, Avg:  4.4, Max:  4.5, Diff:  0.1, Sum: 17.8, Workers: 4
[2.953s][debug][gc,phases         ] GC(56)     Termination (ms):              Min:  0.0, Avg:  0.0, Max:  0.0, Diff:  0.0, Sum:  0.0, Workers: 4
[2.953s][debug][gc,phases         ] GC(56)       Termination Attempts:          Min: 1, Avg: 11.3, Max: 19, Diff: 18, Sum: 45, Workers: 4
[2.953s][debug][gc,phases         ] GC(56)     GC Worker Other (ms):          Min:  0.0, Avg:  0.0, Max:  0.0, Diff:  0.0, Sum:  0.0, Workers: 4
[2.953s][debug][gc,phases         ] GC(56)     GC Worker Total (ms):          Min:  4.9, Avg:  4.9, Max:  4.9, Diff:  0.0, Sum: 19.5, Workers: 4
[2.953s][info ][gc,phases         ] GC(56)   Post Evacuate Collection Set: 0.4ms
[2.953s][debug][gc,phases         ] GC(56)     Code Roots Fixup: 0.0ms
[2.953s][debug][gc,phases         ] GC(56)     Reference Processing: 0.2ms
[2.953s][debug][gc,phases,ref     ] GC(56)       Reconsider SoftReferences: 0.1ms
[2.953s][debug][gc,phases,ref     ] GC(56)         SoftRef (ms):                  skipped
[2.953s][debug][gc,phases,ref     ] GC(56)       Notify Soft/WeakReferences: 0.0ms
[2.953s][debug][gc,phases,ref     ] GC(56)         SoftRef (ms):                  skipped
[2.953s][debug][gc,phases,ref     ] GC(56)         WeakRef (ms):                  skipped
[2.953s][debug][gc,phases,ref     ] GC(56)         FinalRef (ms):                 skipped
[2.953s][debug][gc,phases,ref     ] GC(56)         Total (ms):                    skipped
[2.953s][debug][gc,phases,ref     ] GC(56)       Notify and keep alive finalizable: 0.0ms
[2.953s][debug][gc,phases,ref     ] GC(56)         FinalRef (ms):                 skipped
[2.953s][debug][gc,phases,ref     ] GC(56)       Notify PhantomReferences: 0.0ms
[2.953s][debug][gc,phases,ref     ] GC(56)         PhantomRef (ms):               skipped
[2.953s][debug][gc,phases,ref     ] GC(56)       SoftReference:
[2.953s][debug][gc,phases,ref     ] GC(56)         Discovered: 0
[2.953s][debug][gc,phases,ref     ] GC(56)         Cleared: 0
[2.953s][debug][gc,phases,ref     ] GC(56)       WeakReference:
[2.953s][debug][gc,phases,ref     ] GC(56)         Discovered: 0
[2.953s][debug][gc,phases,ref     ] GC(56)         Cleared: 0
[2.954s][debug][gc,phases,ref     ] GC(56)       FinalReference:
[2.954s][debug][gc,phases,ref     ] GC(56)         Discovered: 0
[2.954s][debug][gc,phases,ref     ] GC(56)         Cleared: 0
[2.954s][debug][gc,phases,ref     ] GC(56)       PhantomReference:
[2.954s][debug][gc,phases,ref     ] GC(56)         Discovered: 0
[2.954s][debug][gc,phases,ref     ] GC(56)         Cleared: 0
[2.954s][debug][gc,phases         ] GC(56)     Weak Processing: 0.0ms
[2.954s][debug][gc,phases         ] GC(56)       VM Weak                        Min:  0.0, Avg:  0.0, Max:  0.0, Diff:  0.0, Sum:  0.0, Workers: 3
[2.954s][debug][gc,phases         ] GC(56)         Dead                           Min: 0, Avg:  0.0, Max: 0, Diff: 0, Sum: 0, Workers: 3
[2.954s][debug][gc,phases         ] GC(56)         Total                          Min: 0, Avg:  2.7, Max: 8, Diff: 8, Sum: 8, Workers: 3
[2.954s][debug][gc,phases         ] GC(56)       ObjectSynchronizer Weak        Min:  0.0, Avg:  0.0, Max:  0.0, Diff:  0.0, Sum:  0.0, Workers: 3
[2.954s][debug][gc,phases         ] GC(56)         Dead                           Min: 0, Avg:  0.0, Max: 0, Diff: 0, Sum: 0, Workers: 3
[2.954s][debug][gc,phases         ] GC(56)         Total                          Min: 0, Avg:  1.0, Max: 3, Diff: 3, Sum: 3, Workers: 3
[2.954s][debug][gc,phases         ] GC(56)       JVMTI Tag Weak OopStorage      Min:  0.0, Avg:  0.0, Max:  0.0, Diff:  0.0, Sum:  0.0, Workers: 3
[2.954s][debug][gc,phases         ] GC(56)         Dead                           Min: 0, Avg:  0.0, Max: 0, Diff: 0, Sum: 0, Workers: 3
[2.954s][debug][gc,phases         ] GC(56)         Total                          Min: 0, Avg:  0.0, Max: 0, Diff: 0, Sum: 0, Workers: 3
[2.954s][debug][gc,phases         ] GC(56)       StringTable Weak               Min:  0.0, Avg:  0.0, Max:  0.0, Diff:  0.0, Sum:  0.0, Workers: 3
[2.954s][debug][gc,phases         ] GC(56)         Dead                           Min: 0, Avg:  0.0, Max: 0, Diff: 0, Sum: 0, Workers: 3
[2.954s][debug][gc,phases         ] GC(56)         Total                          Min: 601, Avg: 819.0, Max: 1088, Diff: 487, Sum: 2457, Workers: 3
[2.954s][debug][gc,phases         ] GC(56)       ResolvedMethodTable Weak       Min:  0.0, Avg:  0.0, Max:  0.0, Diff:  0.0, Sum:  0.0, Workers: 3
[2.954s][debug][gc,phases         ] GC(56)         Dead                           Min: 0, Avg:  0.0, Max: 0, Diff: 0, Sum: 0, Workers: 3
[2.954s][debug][gc,phases         ] GC(56)         Total                          Min: 9, Avg: 45.7, Max: 64, Diff: 55, Sum: 137, Workers: 3
[2.954s][debug][gc,phases         ] GC(56)       JNI Weak                       Min:  0.0, Avg:  0.0, Max:  0.0, Diff:  0.0, Sum:  0.0, Workers: 3
[2.954s][debug][gc,phases         ] GC(56)         Dead                           Min: 0, Avg:  0.0, Max: 0, Diff: 0, Sum: 0, Workers: 3
[2.954s][debug][gc,phases         ] GC(56)         Total                          Min: 0, Avg:  0.0, Max: 0, Diff: 0, Sum: 0, Workers: 3
[2.954s][debug][gc,phases         ] GC(56)       StringDedup Table Weak         Min:  0.0, Avg:  0.0, Max:  0.0, Diff:  0.0, Sum:  0.0, Workers: 3
[2.954s][debug][gc,phases         ] GC(56)         Dead                           Min: 0, Avg:  0.0, Max: 0, Diff: 0, Sum: 0, Workers: 3
[2.954s][debug][gc,phases         ] GC(56)         Total                          Min: 0, Avg:  0.0, Max: 0, Diff: 0, Sum: 0, Workers: 3
[2.954s][debug][gc,phases         ] GC(56)       StringDedup Requests0 Weak     Min:  0.0, Avg:  0.0, Max:  0.0, Diff:  0.0, Sum:  0.0, Workers: 3
[2.954s][debug][gc,phases         ] GC(56)         Dead                           Min: 0, Avg:  0.0, Max: 0, Diff: 0, Sum: 0, Workers: 3
[2.954s][debug][gc,phases         ] GC(56)         Total                          Min: 0, Avg:  0.0, Max: 0, Diff: 0, Sum: 0, Workers: 3
[2.954s][debug][gc,phases         ] GC(56)       StringDedup Requests1 Weak     Min:  0.0, Avg:  0.0, Max:  0.0, Diff:  0.0, Sum:  0.0, Workers: 3
[2.954s][debug][gc,phases         ] GC(56)         Dead                           Min: 0, Avg:  0.0, Max: 0, Diff: 0, Sum: 0, Workers: 3
[2.954s][debug][gc,phases         ] GC(56)         Total                          Min: 0, Avg:  0.0, Max: 0, Diff: 0, Sum: 0, Workers: 3
[2.954s][debug][gc,phases         ] GC(56)       Weak JFR Old Object Samples    Min:  0.0, Avg:  0.0, Max:  0.0, Diff:  0.0, Sum:  0.0, Workers: 3
[2.954s][debug][gc,phases         ] GC(56)         Dead                           Min: 0, Avg:  0.0, Max: 0, Diff: 0, Sum: 0, Workers: 3
[2.954s][debug][gc,phases         ] GC(56)         Total                          Min: 0, Avg:  0.0, Max: 0, Diff: 0, Sum: 0, Workers: 3
[2.954s][debug][gc,phases         ] GC(56)     Post Evacuate Cleanup 1: 0.0ms
[2.954s][debug][gc,phases         ] GC(56)       Merge Per-Thread State (ms):   Min:  0.0, Avg:  0.0, Max:  0.0, Diff:  0.0, Sum:  0.0, Workers: 1
[2.954s][debug][gc,phases         ] GC(56)         Copied Bytes                   Min: 220976, Avg: 522272.0, Max: 666560, Diff: 445584, Sum: 2089088, Workers: 4
[2.954s][debug][gc,phases         ] GC(56)         LAB Waste                      Min: 48, Avg: 128.0, Max: 176, Diff: 128, Sum: 512, Workers: 4
[2.954s][debug][gc,phases         ] GC(56)         LAB Undo Waste                 Min: 0, Avg:  0.0, Max: 0, Diff: 0, Sum: 0, Workers: 4
[2.954s][debug][gc,phases         ] GC(56)       Clear Logged Cards (ms):       Min:  0.0, Avg:  0.0, Max:  0.0, Diff:  0.0, Sum:  0.0, Workers: 3
[2.954s][debug][gc,phases         ] GC(56)       Recalculate Used Memory (ms):  Min:  0.0, Avg:  0.0, Max:  0.0, Diff:  0.0, Sum:  0.0, Workers: 1
[2.954s][debug][gc,phases         ] GC(56)     Post Evacuate Cleanup 2: 0.0ms
[2.954s][debug][gc,phases         ] GC(56)       Reset Hot Card Cache (ms):     Min:  0.0, Avg:  0.0, Max:  0.0, Diff:  0.0, Sum:  0.0, Workers: 1
[2.954s][debug][gc,phases         ] GC(56)       Purge Code Roots (ms):         Min:  0.0, Avg:  0.0, Max:  0.0, Diff:  0.0, Sum:  0.0, Workers: 1
[2.954s][debug][gc,phases         ] GC(56)       Update Derived Pointers (ms):  Min:  0.0, Avg:  0.0, Max:  0.0, Diff:  0.0, Sum:  0.0, Workers: 1
[2.954s][debug][gc,phases         ] GC(56)       Eagerly Reclaim Humongous Objects (ms): Min:  0.0, Avg:  0.0, Max:  0.0, Diff:  0.0, Sum:  0.0, Workers: 1
[2.954s][debug][gc,phases         ] GC(56)         Humongous Total                Min: 1, Avg:  1.0, Max: 1, Diff: 0, Sum: 1, Workers: 1
[2.954s][debug][gc,phases         ] GC(56)         Humongous Candidates           Min: 0, Avg:  0.0, Max: 0, Diff: 0, Sum: 0, Workers: 1
[2.955s][debug][gc,phases         ] GC(56)         Humongous Reclaimed            Min: 0, Avg:  0.0, Max: 0, Diff: 0, Sum: 0, Workers: 1
[2.955s][debug][gc,phases         ] GC(56)       Redirty Logged Cards (ms):     Min:  0.0, Avg:  0.0, Max:  0.0, Diff:  0.0, Sum:  0.0, Workers: 4
[2.955s][debug][gc,phases         ] GC(56)         Redirtied Cards:               Min: 0, Avg: 477.3, Max: 1166, Diff: 1166, Sum: 1909, Workers: 4
[2.955s][debug][gc,phases         ] GC(56)       Free Collection Set (ms):      Min:  0.0, Avg:  0.0, Max:  0.0, Diff:  0.0, Sum:  0.0, Workers: 4
[2.955s][debug][gc,phases         ] GC(56)     Rebuild Free List: 0.1ms
[2.955s][debug][gc,phases         ] GC(56)     Start New Collection Set: 0.0ms
[2.955s][debug][gc,phases         ] GC(56)     Resize TLABs: 0.0ms
[2.955s][debug][gc,phases         ] GC(56)     Expand Heap After Collection: 0.0ms
[2.955s][info ][gc,phases         ] GC(56)   Other: 0.7ms
[2.955s][info ][gc,heap           ] GC(56) Eden regions: 1->0(10)
[2.955s][info ][gc,heap           ] GC(56) Survivor regions: 2->2(2)
[2.955s][info ][gc,heap           ] GC(56) Old regions: 214->214
[2.955s][info ][gc,heap           ] GC(56) Archive regions: 0->0
[2.955s][info ][gc,heap           ] GC(56) Humongous regions: 36->36
[2.955s][info ][gc,metaspace      ] GC(56) Metaspace: 470K(640K)->470K(640K) NonClass: 437K(512K)->437K(512K) Class: 33K(128K)->33K(128K)
[2.955s][debug][gc,heap           ] GC(56) Heap after GC invocations=53 (full 2):
[2.955s][debug][gc,heap           ] GC(56)  garbage-first heap   total 262144K, used 256203K [0x00000000f0000000, 0x0000000100000000)
[2.955s][debug][gc,heap           ] GC(56)   region size 1024K, 2 young (2048K), 2 survivors (2048K)
[2.955s][debug][gc,heap           ] GC(56)  Metaspace       used 470K, committed 640K, reserved 1056768K
[2.955s][debug][gc,heap           ] GC(56)   class space    used 33K, committed 128K, reserved 1048576K
[2.955s][info ][gc                ] GC(56) Pause Young (Normal) (G1 Preventive Collection) 250M->250M(256M) 8.578ms
[2.955s][info ][gc,cpu            ] GC(56) User=0.00s Sys=0.00s Real=0.01s
[2.957s][debug][gc,ergo,cset      ] Preventive GC, insufficient free regions. Predicted need 5. Curr Eden 1 (Pred 3). Curr Survivor 2 (Pred 3). Curr Old 214 (Pred 0) Free 3 Alloc 1
[2.957s][debug][gc,heap           ] GC(57) Heap before GC invocations=53 (full 2):
[2.957s][debug][gc,heap           ] GC(57)  garbage-first heap   total 262144K, used 256203K [0x00000000f0000000, 0x0000000100000000)
[2.957s][debug][gc,heap           ] GC(57)   region size 1024K, 3 young (3072K), 2 survivors (2048K)
[2.957s][debug][gc,heap           ] GC(57)  Metaspace       used 470K, committed 640K, reserved 1056768K
[2.957s][debug][gc,heap           ] GC(57)   class space    used 33K, committed 128K, reserved 1048576K
[2.957s][info ][gc,start          ] GC(57) Pause Young (Normal) (G1 Preventive Collection)
[2.957s][info ][gc,task           ] GC(57) Using 4 workers of 4 for evacuation
[2.957s][debug][gc,tlab           ] GC(57) TLAB totals: thrds: 1  refills: 7 max: 7 slow allocs: 0 max 0 waste:  0.4% gc: 0B max: 0B slow: 4032B max: 4032B
[2.958s][debug][gc,age            ] GC(57) Desired survivor size 1048576 bytes, new threshold 2 (max threshold 15)
[2.958s][debug][gc,refine,stats   ] GC(57) Mutator refinement: 0.00ms, refined: 0, precleaned: 0, dirtied: 510
[2.958s][debug][gc,refine,stats   ] GC(57) Concurrent refinement: 0.00ms, refined: 0, precleaned: 0, dirtied: 0
[2.958s][debug][gc,refine,stats   ] GC(57) Total refinement: 0.00ms, refined: 0, precleaned: 0, dirtied: 510
[2.958s][debug][gc,refine,stats   ] GC(57) Generate dirty cards rate: 95.91 cards/ms
[2.958s][debug][gc,alloc,region   ] GC(57) Mutator Allocation stats, regions: 1, wasted size: 0B ( 0.0%)
[2.958s][debug][gc,humongous      ] GC(57) Humongous region 173 (object size 36920416 @ 0x00000000fad00000) remset 0 code roots 0 marked 1 reclaim candidate 0 type array 0
[2.958s][debug][gc,ergo           ] GC(57) Running G1 Merge Heap Roots using 4 workers for 3 regions
[2.958s][debug][gc,remset         ] GC(57) Visited cards 1792 Total dirty 4096 (43.75%) Total old 524288 (0.34%)
[2.961s][debug][gc,ergo,heap      ] GC(57) Attempt heap expansion (region allocation request failed). Allocation request: 93360B
[2.961s][debug][gc,ergo,heap      ] GC(57) Did not expand the heap (heap already fully expanded)
[2.963s][debug][gc,ref            ] GC(57) Skipped phase 1 of Reference Processing: no references
[2.963s][debug][gc,ref            ] GC(57) Skipped phase 2 of Reference Processing: no references
[2.963s][debug][gc,ref            ] GC(57) Skipped phase 3 of Reference Processing: no references
[2.963s][debug][gc,ref            ] GC(57) Skipped phase 4 of Reference Processing: no references
[2.963s][debug][gc,ergo           ] GC(57) Running G1 Rebuild Free List Task using 4 workers for rebuilding free list of regions
[2.963s][debug][gc,plab           ] GC(57) Young PLAB allocation: allocated: 1048576B, wasted: 192B, unused: 0B, used: 1048384B, undo waste: 0B, 
[2.963s][debug][gc,plab           ] GC(57) Young other allocation: region end waste: 0B, regions filled: 1, direct allocated: 0B, failure used: 0B, failure wasted: 0B
[2.963s][debug][gc,plab           ] GC(57) Young sizing: calculated: 209672B, actual: 250608B
[2.963s][debug][gc,plab           ] GC(57) Old PLAB allocation: allocated: 2087296B, wasted: 912B, unused: 36448B, used: 2049936B, undo waste: 0B, 
[2.963s][debug][gc,plab           ] GC(57) Old other allocation: region end waste: 0B, regions filled: 2, direct allocated: 0B, failure used: 0B, failure wasted: 0B
[2.963s][debug][gc,plab           ] GC(57) Old sizing: calculated: 409984B, actual: 342112B
[2.963s][debug][gc,ergo,heap      ] GC(57) Heap expansion: short term pause time ratio 57.73% long term pause time ratio 37.59% threshold 7.69% pause time ratio 7.69% fully expanded true resize by 0B
[2.963s][debug][gc,mmu            ] GC(57) MMU: 93.8ms (200.0ms/201.0ms)
[2.963s][debug][gc,alloc,stats    ] Old generation allocation in the last mutator period, old gen allocated: 2087296B, humongous allocated: 0B,old gen growth: 2087296B.
[2.963s][debug][gc,ihop           ] GC(57) Basic information (value update), threshold: 120795955B (45.00), target occupancy: 268435456B, current occupancy: 263391472B, recent allocation size: 2087296B, recent allocation duration: 5.32ms, recent old gen allocation rate: 392548097.72B/s, recent marking phase length: 0.00ms
[2.964s][debug][gc,ihop           ] GC(57) Adaptive IHOP information (value update), threshold: 120795955B (52.94), internal target occupancy: 228170137B, occupancy: 263391472B, additional buffer size: 12582912B, predicted old gen allocation rate: 564463698.78B/s, predicted marking phase length: 0.00ms, prediction active: false
[2.964s][debug][gc,ergo,refine    ] GC(57) Concurrent refinement times: Logged Cards Scan time goal: 20.00ms Logged Cards Scan time: 0.70ms HCC time: 0.00ms
[2.964s][debug][gc,ergo,refine    ] GC(57) Updated Refinement Zones: green: 12153, yellow: 36459, red: 60765
[2.964s][info ][gc,phases         ] GC(57)   Pre Evacuate Collection Set: 0.1ms
[2.964s][debug][gc,phases         ] GC(57)     Prepare TLABs: 0.0ms
[2.964s][debug][gc,phases         ] GC(57)     Concatenate Dirty Card Logs: 0.0ms
[2.964s][debug][gc,phases         ] GC(57)     Choose Collection Set: 0.0ms
[2.964s][debug][gc,phases         ] GC(57)     Region Register: 0.1ms
[2.964s][debug][gc,phases         ] GC(57)     Prepare Heap Roots: 0.0ms
[2.964s][info ][gc,phases         ] GC(57)   Merge Heap Roots: 0.1ms
[2.964s][debug][gc,phases         ] GC(57)     Prepare Merge Heap Roots: 0.0ms
[2.964s][debug][gc,phases         ] GC(57)     Eager Reclaim (ms):            skipped
[2.964s][debug][gc,phases         ] GC(57)     Remembered Sets (ms):          Min:  0.0, Avg:  0.0, Max:  0.0, Diff:  0.0, Sum:  0.0, Workers: 4
[2.964s][debug][gc,phases         ] GC(57)       Merged Sparse:                 Min: 0, Avg:  0.0, Max: 0, Diff: 0, Sum: 0, Workers: 4
[2.964s][debug][gc,phases         ] GC(57)       Merged Fine:                   Min: 0, Avg:  0.0, Max: 0, Diff: 0, Sum: 0, Workers: 4
[2.964s][debug][gc,phases         ] GC(57)       Merged Coarse:                 Min: 0, Avg:  0.0, Max: 0, Diff: 0, Sum: 0, Workers: 4
[2.964s][debug][gc,phases         ] GC(57)       Dirty Cards:                   Min: 0, Avg:  0.0, Max: 0, Diff: 0, Sum: 0, Workers: 4
[2.964s][debug][gc,phases         ] GC(57)     Hot Card Cache (ms):           Min:  0.0, Avg:  0.0, Max:  0.0, Diff:  0.0, Sum:  0.0, Workers: 4
[2.964s][debug][gc,phases         ] GC(57)       Dirty Cards:                   Min: 0, Avg:  0.0, Max: 0, Diff: 0, Sum: 0, Workers: 4
[2.964s][debug][gc,phases         ] GC(57)       Skipped Cards:                 Min: 0, Avg:  0.0, Max: 0, Diff: 0, Sum: 0, Workers: 4
[2.964s][debug][gc,phases         ] GC(57)     Log Buffers (ms):              Min:  0.0, Avg:  0.0, Max:  0.0, Diff:  0.0, Sum:  0.0, Workers: 4
[2.964s][debug][gc,phases         ] GC(57)       Dirty Cards:                   Min: 0, Avg: 602.8, Max: 2411, Diff: 2411, Sum: 2411, Workers: 4
[2.964s][debug][gc,phases         ] GC(57)       Skipped Cards:                 Min: 0, Avg:  0.0, Max: 0, Diff: 0, Sum: 0, Workers: 4
[2.964s][info ][gc,phases         ] GC(57)   Evacuate Collection Set: 4.9ms
[2.964s][debug][gc,phases         ] GC(57)     Ext Root Scanning (ms):        Min:  0.0, Avg:  0.1, Max:  0.2, Diff:  0.2, Sum:  0.2, Workers: 4
[2.964s][debug][gc,phases         ] GC(57)     Scan Heap Roots (ms):          Min:  0.5, Avg:  0.7, Max:  0.9, Diff:  0.4, Sum:  2.8, Workers: 4
[2.964s][debug][gc,phases         ] GC(57)       Scanned Cards:                 Min: 256, Avg: 380.0, Max: 501, Diff: 245, Sum: 1520, Workers: 4
[2.964s][debug][gc,phases         ] GC(57)       Scanned Blocks:                Min: 1, Avg:  2.0, Max: 3, Diff: 2, Sum: 8, Workers: 4
[2.964s][debug][gc,phases         ] GC(57)       Claimed Chunks:                Min: 1, Avg:  1.8, Max: 2, Diff: 1, Sum: 7, Workers: 4
[2.964s][debug][gc,phases         ] GC(57)     Code Root Scan (ms):           Min:  0.0, Avg:  0.0, Max:  0.0, Diff:  0.0, Sum:  0.0, Workers: 4
[2.964s][debug][gc,phases         ] GC(57)     Object Copy (ms):              Min:  3.3, Avg:  3.8, Max:  4.1, Diff:  0.8, Sum: 15.1, Workers: 4
[2.964s][debug][gc,phases         ] GC(57)     Termination (ms):              Min:  0.0, Avg:  0.0, Max:  0.0, Diff:  0.0, Sum:  0.0, Workers: 4
[2.964s][debug][gc,phases         ] GC(57)       Termination Attempts:          Min: 1, Avg:  1.0, Max: 1, Diff: 0, Sum: 4, Workers: 4
[2.964s][debug][gc,phases         ] GC(57)     GC Worker Other (ms):          Min:  0.0, Avg:  0.0, Max:  0.0, Diff:  0.0, Sum:  0.0, Workers: 4
[2.965s][debug][gc,phases         ] GC(57)     GC Worker Total (ms):          Min:  4.2, Avg:  4.5, Max:  4.9, Diff:  0.7, Sum: 18.2, Workers: 4
[2.965s][info ][gc,phases         ] GC(57)   Post Evacuate Collection Set: 0.4ms
[2.965s][debug][gc,phases         ] GC(57)     Code Roots Fixup: 0.0ms
[2.965s][debug][gc,phases         ] GC(57)     Reference Processing: 0.1ms
[2.965s][debug][gc,phases,ref     ] GC(57)       Reconsider SoftReferences: 0.0ms
[2.965s][debug][gc,phases,ref     ] GC(57)         SoftRef (ms):                  skipped
[2.965s][debug][gc,phases,ref     ] GC(57)       Notify Soft/WeakReferences: 0.0ms
[2.965s][debug][gc,phases,ref     ] GC(57)         SoftRef (ms):                  skipped
[2.965s][debug][gc,phases,ref     ] GC(57)         WeakRef (ms):                  skipped
[2.965s][debug][gc,phases,ref     ] GC(57)         FinalRef (ms):                 skipped
[2.965s][debug][gc,phases,ref     ] GC(57)         Total (ms):                    skipped
[2.965s][debug][gc,phases,ref     ] GC(57)       Notify and keep alive finalizable: 0.0ms
[2.965s][debug][gc,phases,ref     ] GC(57)         FinalRef (ms):                 skipped
[2.965s][debug][gc,phases,ref     ] GC(57)       Notify PhantomReferences: 0.0ms
[2.965s][debug][gc,phases,ref     ] GC(57)         PhantomRef (ms):               skipped
[2.965s][debug][gc,phases,ref     ] GC(57)       SoftReference:
[2.965s][debug][gc,phases,ref     ] GC(57)         Discovered: 0
[2.965s][debug][gc,phases,ref     ] GC(57)         Cleared: 0
[2.965s][debug][gc,phases,ref     ] GC(57)       WeakReference:
[2.965s][debug][gc,phases,ref     ] GC(57)         Discovered: 0
[2.965s][debug][gc,phases,ref     ] GC(57)         Cleared: 0
[2.965s][debug][gc,phases,ref     ] GC(57)       FinalReference:
[2.965s][debug][gc,phases,ref     ] GC(57)         Discovered: 0
[2.965s][debug][gc,phases,ref     ] GC(57)         Cleared: 0
[2.965s][debug][gc,phases,ref     ] GC(57)       PhantomReference:
[2.965s][debug][gc,phases,ref     ] GC(57)         Discovered: 0
[2.965s][debug][gc,phases,ref     ] GC(57)         Cleared: 0
[2.965s][debug][gc,phases         ] GC(57)     Weak Processing: 0.0ms
[2.965s][debug][gc,phases         ] GC(57)       VM Weak                        Min:  0.0, Avg:  0.0, Max:  0.0, Diff:  0.0, Sum:  0.0, Workers: 3
[2.965s][debug][gc,phases         ] GC(57)         Dead                           Min: 0, Avg:  0.0, Max: 0, Diff: 0, Sum: 0, Workers: 3
[2.965s][debug][gc,phases         ] GC(57)         Total                          Min: 0, Avg:  2.7, Max: 8, Diff: 8, Sum: 8, Workers: 3
[2.965s][debug][gc,phases         ] GC(57)       ObjectSynchronizer Weak        Min:  0.0, Avg:  0.0, Max:  0.0, Diff:  0.0, Sum:  0.0, Workers: 3
[2.965s][debug][gc,phases         ] GC(57)         Dead                           Min: 0, Avg:  0.0, Max: 0, Diff: 0, Sum: 0, Workers: 3
[2.965s][debug][gc,phases         ] GC(57)         Total                          Min: 0, Avg:  1.0, Max: 3, Diff: 3, Sum: 3, Workers: 3
[2.965s][debug][gc,phases         ] GC(57)       JVMTI Tag Weak OopStorage      Min:  0.0, Avg:  0.0, Max:  0.0, Diff:  0.0, Sum:  0.0, Workers: 3
[2.965s][debug][gc,phases         ] GC(57)         Dead                           Min: 0, Avg:  0.0, Max: 0, Diff: 0, Sum: 0, Workers: 3
[2.965s][debug][gc,phases         ] GC(57)         Total                          Min: 0, Avg:  0.0, Max: 0, Diff: 0, Sum: 0, Workers: 3
[2.965s][debug][gc,phases         ] GC(57)       StringTable Weak               Min:  0.0, Avg:  0.0, Max:  0.0, Diff:  0.0, Sum:  0.0, Workers: 3
[2.965s][debug][gc,phases         ] GC(57)         Dead                           Min: 0, Avg:  0.0, Max: 0, Diff: 0, Sum: 0, Workers: 3
[2.965s][debug][gc,phases         ] GC(57)         Total                          Min: 768, Avg: 819.0, Max: 857, Diff: 89, Sum: 2457, Workers: 3
[2.965s][debug][gc,phases         ] GC(57)       ResolvedMethodTable Weak       Min:  0.0, Avg:  0.0, Max:  0.0, Diff:  0.0, Sum:  0.0, Workers: 3
[2.965s][debug][gc,phases         ] GC(57)         Dead                           Min: 0, Avg:  0.0, Max: 0, Diff: 0, Sum: 0, Workers: 3
[2.965s][debug][gc,phases         ] GC(57)         Total                          Min: 9, Avg: 45.7, Max: 64, Diff: 55, Sum: 137, Workers: 3
[2.965s][debug][gc,phases         ] GC(57)       JNI Weak                       Min:  0.0, Avg:  0.0, Max:  0.0, Diff:  0.0, Sum:  0.0, Workers: 3
[2.965s][debug][gc,phases         ] GC(57)         Dead                           Min: 0, Avg:  0.0, Max: 0, Diff: 0, Sum: 0, Workers: 3
[2.965s][debug][gc,phases         ] GC(57)         Total                          Min: 0, Avg:  0.0, Max: 0, Diff: 0, Sum: 0, Workers: 3
[2.966s][debug][gc,phases         ] GC(57)       StringDedup Table Weak         Min:  0.0, Avg:  0.0, Max:  0.0, Diff:  0.0, Sum:  0.0, Workers: 3
[2.966s][debug][gc,phases         ] GC(57)         Dead                           Min: 0, Avg:  0.0, Max: 0, Diff: 0, Sum: 0, Workers: 3
[2.966s][debug][gc,phases         ] GC(57)         Total                          Min: 0, Avg:  0.0, Max: 0, Diff: 0, Sum: 0, Workers: 3
[2.966s][debug][gc,phases         ] GC(57)       StringDedup Requests0 Weak     Min:  0.0, Avg:  0.0, Max:  0.0, Diff:  0.0, Sum:  0.0, Workers: 3
[2.966s][debug][gc,phases         ] GC(57)         Dead                           Min: 0, Avg:  0.0, Max: 0, Diff: 0, Sum: 0, Workers: 3
[2.966s][debug][gc,phases         ] GC(57)         Total                          Min: 0, Avg:  0.0, Max: 0, Diff: 0, Sum: 0, Workers: 3
[2.966s][debug][gc,phases         ] GC(57)       StringDedup Requests1 Weak     Min:  0.0, Avg:  0.0, Max:  0.0, Diff:  0.0, Sum:  0.0, Workers: 3
[2.966s][debug][gc,phases         ] GC(57)         Dead                           Min: 0, Avg:  0.0, Max: 0, Diff: 0, Sum: 0, Workers: 3
[2.966s][debug][gc,phases         ] GC(57)         Total                          Min: 0, Avg:  0.0, Max: 0, Diff: 0, Sum: 0, Workers: 3
[2.966s][debug][gc,phases         ] GC(57)       Weak JFR Old Object Samples    Min:  0.0, Avg:  0.0, Max:  0.0, Diff:  0.0, Sum:  0.0, Workers: 3
[2.966s][debug][gc,phases         ] GC(57)         Dead                           Min: 0, Avg:  0.0, Max: 0, Diff: 0, Sum: 0, Workers: 3
[2.966s][debug][gc,phases         ] GC(57)         Total                          Min: 0, Avg:  0.0, Max: 0, Diff: 0, Sum: 0, Workers: 3
[2.966s][debug][gc,phases         ] GC(57)     Post Evacuate Cleanup 1: 0.1ms
[2.966s][debug][gc,phases         ] GC(57)       Merge Per-Thread State (ms):   Min:  0.0, Avg:  0.0, Max:  0.0, Diff:  0.0, Sum:  0.0, Workers: 1
[2.966s][debug][gc,phases         ] GC(57)         Copied Bytes                   Min: 663776, Avg: 774580.0, Max: 931136, Diff: 267360, Sum: 3098320, Workers: 4
[2.966s][debug][gc,phases         ] GC(57)         LAB Waste                      Min: 128, Avg: 276.0, Max: 352, Diff: 224, Sum: 1104, Workers: 4
[2.966s][debug][gc,phases         ] GC(57)         LAB Undo Waste                 Min: 0, Avg:  0.0, Max: 0, Diff: 0, Sum: 0, Workers: 4
[2.966s][debug][gc,phases         ] GC(57)       Clear Logged Cards (ms):       Min:  0.0, Avg:  0.0, Max:  0.0, Diff:  0.0, Sum:  0.0, Workers: 3
[2.966s][debug][gc,phases         ] GC(57)       Recalculate Used Memory (ms):  Min:  0.0, Avg:  0.0, Max:  0.0, Diff:  0.0, Sum:  0.0, Workers: 1
[2.966s][debug][gc,phases         ] GC(57)     Post Evacuate Cleanup 2: 0.1ms
[2.966s][debug][gc,phases         ] GC(57)       Reset Hot Card Cache (ms):     Min:  0.0, Avg:  0.0, Max:  0.0, Diff:  0.0, Sum:  0.0, Workers: 1
[2.966s][debug][gc,phases         ] GC(57)       Purge Code Roots (ms):         Min:  0.0, Avg:  0.0, Max:  0.0, Diff:  0.0, Sum:  0.0, Workers: 1
[2.966s][debug][gc,phases         ] GC(57)       Update Derived Pointers (ms):  Min:  0.0, Avg:  0.0, Max:  0.0, Diff:  0.0, Sum:  0.0, Workers: 1
[2.966s][debug][gc,phases         ] GC(57)       Eagerly Reclaim Humongous Objects (ms): Min:  0.0, Avg:  0.0, Max:  0.0, Diff:  0.0, Sum:  0.0, Workers: 1
[2.966s][debug][gc,phases         ] GC(57)         Humongous Total                Min: 1, Avg:  1.0, Max: 1, Diff: 0, Sum: 1, Workers: 1
[2.966s][debug][gc,phases         ] GC(57)         Humongous Candidates           Min: 0, Avg:  0.0, Max: 0, Diff: 0, Sum: 0, Workers: 1
[2.966s][debug][gc,phases         ] GC(57)         Humongous Reclaimed            Min: 0, Avg:  0.0, Max: 0, Diff: 0, Sum: 0, Workers: 1
[2.966s][debug][gc,phases         ] GC(57)       Redirty Logged Cards (ms):     Min:  0.0, Avg:  0.0, Max:  0.0, Diff:  0.0, Sum:  0.0, Workers: 4
[2.966s][debug][gc,phases         ] GC(57)         Redirtied Cards:               Min: 0, Avg: 135.5, Max: 302, Diff: 302, Sum: 542, Workers: 4
[2.966s][debug][gc,phases         ] GC(57)       Free Collection Set (ms):      Min:  0.0, Avg:  0.0, Max:  0.0, Diff:  0.0, Sum:  0.0, Workers: 4
[2.966s][debug][gc,phases         ] GC(57)     Rebuild Free List: 0.1ms
[2.966s][debug][gc,phases         ] GC(57)     Start New Collection Set: 0.0ms
[2.966s][debug][gc,phases         ] GC(57)     Resize TLABs: 0.0ms
[2.966s][debug][gc,phases         ] GC(57)     Expand Heap After Collection: 0.0ms
[2.966s][info ][gc,phases         ] GC(57)   Other: 0.8ms
[2.966s][info ][gc,heap           ] GC(57) Eden regions: 1->0(11)
[2.966s][info ][gc,heap           ] GC(57) Survivor regions: 2->1(2)
[2.966s][info ][gc,heap           ] GC(57) Old regions: 214->216
[2.967s][info ][gc,heap           ] GC(57) Archive regions: 0->0
[2.967s][info ][gc,heap           ] GC(57) Humongous regions: 36->36
[2.967s][info ][gc,metaspace      ] GC(57) Metaspace: 470K(640K)->470K(640K) NonClass: 437K(512K)->437K(512K) Class: 33K(128K)->33K(128K)
[2.967s][debug][gc,heap           ] GC(57) Heap after GC invocations=54 (full 2):
[2.967s][debug][gc,heap           ] GC(57)  garbage-first heap   total 262144K, used 257218K [0x00000000f0000000, 0x0000000100000000)
[2.967s][debug][gc,heap           ] GC(57)   region size 1024K, 1 young (1024K), 1 survivors (1024K)
[2.967s][debug][gc,heap           ] GC(57)  Metaspace       used 470K, committed 640K, reserved 1056768K
[2.967s][debug][gc,heap           ] GC(57)   class space    used 33K, committed 128K, reserved 1048576K
[2.967s][info ][gc                ] GC(57) Pause Young (Normal) (G1 Preventive Collection) 251M->251M(256M) 9.300ms
[2.967s][info ][gc,cpu            ] GC(57) User=0.06s Sys=0.00s Real=0.01s
[2.969s][debug][gc,ergo,cset      ] Preventive GC, insufficient free regions. Predicted need 4. Curr Eden 1 (Pred 3). Curr Survivor 1 (Pred 2). Curr Old 216 (Pred 0) Free 2 Alloc 1
[2.969s][debug][gc,heap           ] GC(58) Heap before GC invocations=54 (full 2):
[2.970s][debug][gc,heap           ] GC(58)  garbage-first heap   total 262144K, used 257218K [0x00000000f0000000, 0x0000000100000000)
[2.970s][debug][gc,heap           ] GC(58)   region size 1024K, 2 young (2048K), 1 survivors (1024K)
[2.970s][debug][gc,heap           ] GC(58)  Metaspace       used 470K, committed 640K, reserved 1056768K
[2.970s][debug][gc,heap           ] GC(58)   class space    used 33K, committed 128K, reserved 1048576K
[2.970s][info ][gc,start          ] GC(58) Pause Young (Normal) (G1 Preventive Collection)
[2.970s][info ][gc,task           ] GC(58) Using 4 workers of 4 for evacuation
[2.970s][debug][gc,tlab           ] GC(58) TLAB totals: thrds: 1  refills: 6 max: 6 slow allocs: 0 max 0 waste:  0.3% gc: 0B max: 0B slow: 3488B max: 3488B
[2.970s][debug][gc,age            ] GC(58) Desired survivor size 1048576 bytes, new threshold 15 (max threshold 15)
[2.970s][debug][gc,refine,stats   ] GC(58) Mutator refinement: 0.00ms, refined: 0, precleaned: 0, dirtied: 511
[2.970s][debug][gc,refine,stats   ] GC(58) Concurrent refinement: 0.00ms, refined: 0, precleaned: 0, dirtied: 0
[2.970s][debug][gc,refine,stats   ] GC(58) Total refinement: 0.00ms, refined: 0, precleaned: 0, dirtied: 511
[2.970s][debug][gc,refine,stats   ] GC(58) Generate dirty cards rate: 80.39 cards/ms
[2.970s][debug][gc,alloc,region   ] GC(58) Mutator Allocation stats, regions: 1, wasted size: 0B ( 0.0%)
[2.970s][debug][gc,humongous      ] GC(58) Humongous region 173 (object size 36920416 @ 0x00000000fad00000) remset 0 code roots 0 marked 1 reclaim candidate 0 type array 0
[2.970s][debug][gc,ergo           ] GC(58) Running G1 Merge Heap Roots using 4 workers for 2 regions
[2.970s][debug][gc,remset         ] GC(58) Visited cards 1792 Total dirty 2048 (87.50%) Total old 524288 (0.34%)
[2.973s][debug][gc,ergo,heap      ] GC(58) Attempt heap expansion (region allocation request failed). Allocation request: 85528B
[2.973s][debug][gc,ergo,heap      ] GC(58) Did not expand the heap (heap already fully expanded)
[2.973s][debug][gc,ref            ] GC(58) Skipped phase 1 of Reference Processing: no references
[2.973s][debug][gc,ref            ] GC(58) Skipped phase 2 of Reference Processing: no references
[2.973s][debug][gc,ref            ] GC(58) Skipped phase 3 of Reference Processing: no references
[2.973s][debug][gc,ref            ] GC(58) Skipped phase 4 of Reference Processing: no references
[2.974s][debug][gc,ergo           ] GC(58) Running G1 Rebuild Free List Task using 4 workers for rebuilding free list of regions
[2.975s][debug][gc,plab           ] GC(58) Young PLAB allocation: allocated: 2097152B, wasted: 752B, unused: 60576B, used: 2035824B, undo waste: 0B, 
[2.975s][debug][gc,plab           ] GC(58) Young other allocation: region end waste: 0B, regions filled: 2, direct allocated: 0B, failure used: 0B, failure wasted: 0B
[2.975s][debug][gc,plab           ] GC(58) Young sizing: calculated: 407160B, actual: 368016B
[2.975s][debug][gc,plab           ] GC(58) Old PLAB allocation: allocated: 9728B, wasted: 16B, unused: 0B, used: 9712B, undo waste: 0B, 
[2.975s][debug][gc,plab           ] GC(58) Old other allocation: region end waste: 0B, regions filled: 1, direct allocated: 0B, failure used: 47936B, failure wasted: 1000640B
[2.975s][debug][gc,plab           ] GC(58) Old sizing: calculated: 1936B, actual: 86976B
[2.975s][debug][gc,ergo,heap      ] GC(58) Heap expansion: short term pause time ratio 52.49% long term pause time ratio 36.45% threshold 7.69% pause time ratio 7.69% fully expanded true resize by 0B
[2.975s][debug][gc,mmu            ] GC(58) MMU: 93.2ms (200.0ms/201.0ms)
[2.975s][debug][gc,alloc,stats    ] Old generation allocation in the last mutator period, old gen allocated: 1058304B, humongous allocated: 0B,old gen growth: 1058304B.
[2.975s][debug][gc,ihop           ] GC(58) Basic information (value update), threshold: 120795955B (45.00), target occupancy: 268435456B, current occupancy: 265498352B, recent allocation size: 1058304B, recent allocation duration: 6.36ms, recent old gen allocation rate: 166489003.56B/s, recent marking phase length: 0.00ms
[2.975s][debug][gc,ihop           ] GC(58) Adaptive IHOP information (value update), threshold: 120795955B (52.94), internal target occupancy: 228170137B, occupancy: 265498352B, additional buffer size: 12582912B, predicted old gen allocation rate: 551105972.61B/s, predicted marking phase length: 0.00ms, prediction active: false
[2.975s][debug][gc,ergo,refine    ] GC(58) Concurrent refinement times: Logged Cards Scan time goal: 20.00ms Logged Cards Scan time: 0.37ms HCC time: 0.00ms
[2.975s][debug][gc,ergo,refine    ] GC(58) Updated Refinement Zones: green: 12153, yellow: 36459, red: 60765
[2.975s][info ][gc                ] GC(58) To-space exhausted
[2.975s][info ][gc,phases         ] GC(58)   Pre Evacuate Collection Set: 0.1ms
[2.975s][debug][gc,phases         ] GC(58)     Prepare TLABs: 0.0ms
[2.975s][debug][gc,phases         ] GC(58)     Concatenate Dirty Card Logs: 0.0ms
[2.975s][debug][gc,phases         ] GC(58)     Choose Collection Set: 0.0ms
[2.975s][debug][gc,phases         ] GC(58)     Region Register: 0.1ms
[2.975s][debug][gc,phases         ] GC(58)     Prepare Heap Roots: 0.0ms
[2.975s][info ][gc,phases         ] GC(58)   Merge Heap Roots: 0.1ms
[2.975s][debug][gc,phases         ] GC(58)     Prepare Merge Heap Roots: 0.0ms
[2.975s][debug][gc,phases         ] GC(58)     Eager Reclaim (ms):            skipped
[2.975s][debug][gc,phases         ] GC(58)     Remembered Sets (ms):          Min:  0.0, Avg:  0.0, Max:  0.0, Diff:  0.0, Sum:  0.0, Workers: 4
[2.975s][debug][gc,phases         ] GC(58)       Merged Sparse:                 Min: 0, Avg:  0.0, Max: 0, Diff: 0, Sum: 0, Workers: 4
[2.975s][debug][gc,phases         ] GC(58)       Merged Fine:                   Min: 0, Avg:  0.0, Max: 0, Diff: 0, Sum: 0, Workers: 4
[2.975s][debug][gc,phases         ] GC(58)       Merged Coarse:                 Min: 0, Avg:  0.0, Max: 0, Diff: 0, Sum: 0, Workers: 4
[2.975s][debug][gc,phases         ] GC(58)       Dirty Cards:                   Min: 0, Avg:  0.0, Max: 0, Diff: 0, Sum: 0, Workers: 4
[2.975s][debug][gc,phases         ] GC(58)     Hot Card Cache (ms):           Min:  0.0, Avg:  0.0, Max:  0.0, Diff:  0.0, Sum:  0.0, Workers: 4
[2.975s][debug][gc,phases         ] GC(58)       Dirty Cards:                   Min: 0, Avg:  0.0, Max: 0, Diff: 0, Sum: 0, Workers: 4
[2.976s][debug][gc,phases         ] GC(58)       Skipped Cards:                 Min: 0, Avg:  0.0, Max: 0, Diff: 0, Sum: 0, Workers: 4
[2.976s][debug][gc,phases         ] GC(58)     Log Buffers (ms):              Min:  0.0, Avg:  0.0, Max:  0.0, Diff:  0.0, Sum:  0.0, Workers: 4
[2.976s][debug][gc,phases         ] GC(58)       Dirty Cards:                   Min: 192, Avg: 255.3, Max: 293, Diff: 101, Sum: 1021, Workers: 4
[2.976s][debug][gc,phases         ] GC(58)       Skipped Cards:                 Min: 0, Avg:  0.0, Max: 0, Diff: 0, Sum: 0, Workers: 4
[2.976s][info ][gc,phases         ] GC(58)   Evacuate Collection Set: 3.1ms
[2.976s][debug][gc,phases         ] GC(58)     Ext Root Scanning (ms):        Min:  0.0, Avg:  0.0, Max:  0.0, Diff:  0.0, Sum:  0.1, Workers: 4
[2.976s][debug][gc,phases         ] GC(58)     Scan Heap Roots (ms):          Min:  0.3, Avg:  0.4, Max:  0.4, Diff:  0.1, Sum:  1.5, Workers: 4
[2.976s][debug][gc,phases         ] GC(58)       Scanned Cards:                 Min: 222, Avg: 257.8, Max: 313, Diff: 91, Sum: 1031, Workers: 4
[2.976s][debug][gc,phases         ] GC(58)       Scanned Blocks:                Min: 1, Avg:  2.5, Max: 3, Diff: 2, Sum: 10, Workers: 4
[2.976s][debug][gc,phases         ] GC(58)       Claimed Chunks:                Min: 1, Avg:  1.8, Max: 2, Diff: 1, Sum: 7, Workers: 4
[2.976s][debug][gc,phases         ] GC(58)     Code Root Scan (ms):           Min:  0.0, Avg:  0.0, Max:  0.0, Diff:  0.0, Sum:  0.0, Workers: 4
[2.976s][debug][gc,phases         ] GC(58)     Object Copy (ms):              Min:  2.6, Avg:  2.7, Max:  2.7, Diff:  0.1, Sum: 10.8, Workers: 4
[2.976s][debug][gc,phases         ] GC(58)     Termination (ms):              Min:  0.0, Avg:  0.0, Max:  0.0, Diff:  0.0, Sum:  0.0, Workers: 4
[2.976s][debug][gc,phases         ] GC(58)       Termination Attempts:          Min: 1, Avg:  4.3, Max: 7, Diff: 6, Sum: 17, Workers: 4
[2.976s][debug][gc,phases         ] GC(58)     GC Worker Other (ms):          Min:  0.0, Avg:  0.0, Max:  0.0, Diff:  0.0, Sum:  0.0, Workers: 4
[2.976s][debug][gc,phases         ] GC(58)     GC Worker Total (ms):          Min:  3.1, Avg:  3.1, Max:  3.1, Diff:  0.0, Sum: 12.4, Workers: 4
[2.976s][info ][gc,phases         ] GC(58)   Post Evacuate Collection Set: 1.3ms
[2.976s][debug][gc,phases         ] GC(58)     Code Roots Fixup: 0.0ms
[2.976s][debug][gc,phases         ] GC(58)     Reference Processing: 0.1ms
[2.976s][debug][gc,phases,ref     ] GC(58)       Reconsider SoftReferences: 0.0ms
[2.976s][debug][gc,phases,ref     ] GC(58)         SoftRef (ms):                  skipped
[2.976s][debug][gc,phases,ref     ] GC(58)       Notify Soft/WeakReferences: 0.0ms
[2.976s][debug][gc,phases,ref     ] GC(58)         SoftRef (ms):                  skipped
[2.976s][debug][gc,phases,ref     ] GC(58)         WeakRef (ms):                  skipped
[2.976s][debug][gc,phases,ref     ] GC(58)         FinalRef (ms):                 skipped
[2.976s][debug][gc,phases,ref     ] GC(58)         Total (ms):                    skipped
[2.976s][debug][gc,phases,ref     ] GC(58)       Notify and keep alive finalizable: 0.0ms
[2.976s][debug][gc,phases,ref     ] GC(58)         FinalRef (ms):                 skipped
[2.976s][debug][gc,phases,ref     ] GC(58)       Notify PhantomReferences: 0.0ms
[2.976s][debug][gc,phases,ref     ] GC(58)         PhantomRef (ms):               skipped
[2.976s][debug][gc,phases,ref     ] GC(58)       SoftReference:
[2.976s][debug][gc,phases,ref     ] GC(58)         Discovered: 0
[2.976s][debug][gc,phases,ref     ] GC(58)         Cleared: 0
[2.976s][debug][gc,phases,ref     ] GC(58)       WeakReference:
[2.976s][debug][gc,phases,ref     ] GC(58)         Discovered: 0
[2.976s][debug][gc,phases,ref     ] GC(58)         Cleared: 0
[2.976s][debug][gc,phases,ref     ] GC(58)       FinalReference:
[2.977s][debug][gc,phases,ref     ] GC(58)         Discovered: 0
[2.977s][debug][gc,phases,ref     ] GC(58)         Cleared: 0
[2.977s][debug][gc,phases,ref     ] GC(58)       PhantomReference:
[2.977s][debug][gc,phases,ref     ] GC(58)         Discovered: 0
[2.977s][debug][gc,phases,ref     ] GC(58)         Cleared: 0
[2.977s][debug][gc,phases         ] GC(58)     Weak Processing: 0.0ms
[2.977s][debug][gc,phases         ] GC(58)       VM Weak                        Min:  0.0, Avg:  0.0, Max:  0.0, Diff:  0.0, Sum:  0.0, Workers: 3
[2.977s][debug][gc,phases         ] GC(58)         Dead                           Min: 0, Avg:  0.0, Max: 0, Diff: 0, Sum: 0, Workers: 3
[2.977s][debug][gc,phases         ] GC(58)         Total                          Min: 0, Avg:  2.7, Max: 8, Diff: 8, Sum: 8, Workers: 3
[2.977s][debug][gc,phases         ] GC(58)       ObjectSynchronizer Weak        Min:  0.0, Avg:  0.0, Max:  0.0, Diff:  0.0, Sum:  0.0, Workers: 3
[2.977s][debug][gc,phases         ] GC(58)         Dead                           Min: 0, Avg:  0.0, Max: 0, Diff: 0, Sum: 0, Workers: 3
[2.977s][debug][gc,phases         ] GC(58)         Total                          Min: 0, Avg:  1.0, Max: 3, Diff: 3, Sum: 3, Workers: 3
[2.977s][debug][gc,phases         ] GC(58)       JVMTI Tag Weak OopStorage      Min:  0.0, Avg:  0.0, Max:  0.0, Diff:  0.0, Sum:  0.0, Workers: 3
[2.977s][debug][gc,phases         ] GC(58)         Dead                           Min: 0, Avg:  0.0, Max: 0, Diff: 0, Sum: 0, Workers: 3
[2.977s][debug][gc,phases         ] GC(58)         Total                          Min: 0, Avg:  0.0, Max: 0, Diff: 0, Sum: 0, Workers: 3
[2.977s][debug][gc,phases         ] GC(58)       StringTable Weak               Min:  0.0, Avg:  0.0, Max:  0.0, Diff:  0.0, Sum:  0.0, Workers: 3
[2.977s][debug][gc,phases         ] GC(58)         Dead                           Min: 0, Avg:  0.0, Max: 0, Diff: 0, Sum: 0, Workers: 3
[2.977s][debug][gc,phases         ] GC(58)         Total                          Min: 729, Avg: 819.0, Max: 960, Diff: 231, Sum: 2457, Workers: 3
[2.977s][debug][gc,phases         ] GC(58)       ResolvedMethodTable Weak       Min:  0.0, Avg:  0.0, Max:  0.0, Diff:  0.0, Sum:  0.0, Workers: 3
[2.977s][debug][gc,phases         ] GC(58)         Dead                           Min: 0, Avg:  0.0, Max: 0, Diff: 0, Sum: 0, Workers: 3
[2.977s][debug][gc,phases         ] GC(58)         Total                          Min: 9, Avg: 45.7, Max: 64, Diff: 55, Sum: 137, Workers: 3
[2.977s][debug][gc,phases         ] GC(58)       JNI Weak                       Min:  0.0, Avg:  0.0, Max:  0.0, Diff:  0.0, Sum:  0.0, Workers: 3
[2.977s][debug][gc,phases         ] GC(58)         Dead                           Min: 0, Avg:  0.0, Max: 0, Diff: 0, Sum: 0, Workers: 3
[2.977s][debug][gc,phases         ] GC(58)         Total                          Min: 0, Avg:  0.0, Max: 0, Diff: 0, Sum: 0, Workers: 3
[2.977s][debug][gc,phases         ] GC(58)       StringDedup Table Weak         Min:  0.0, Avg:  0.0, Max:  0.0, Diff:  0.0, Sum:  0.0, Workers: 3
[2.977s][debug][gc,phases         ] GC(58)         Dead                           Min: 0, Avg:  0.0, Max: 0, Diff: 0, Sum: 0, Workers: 3
[2.977s][debug][gc,phases         ] GC(58)         Total                          Min: 0, Avg:  0.0, Max: 0, Diff: 0, Sum: 0, Workers: 3
[2.977s][debug][gc,phases         ] GC(58)       StringDedup Requests0 Weak     Min:  0.0, Avg:  0.0, Max:  0.0, Diff:  0.0, Sum:  0.0, Workers: 3
[2.977s][debug][gc,phases         ] GC(58)         Dead                           Min: 0, Avg:  0.0, Max: 0, Diff: 0, Sum: 0, Workers: 3
[2.977s][debug][gc,phases         ] GC(58)         Total                          Min: 0, Avg:  0.0, Max: 0, Diff: 0, Sum: 0, Workers: 3
[2.977s][debug][gc,phases         ] GC(58)       StringDedup Requests1 Weak     Min:  0.0, Avg:  0.0, Max:  0.0, Diff:  0.0, Sum:  0.0, Workers: 3
[2.977s][debug][gc,phases         ] GC(58)         Dead                           Min: 0, Avg:  0.0, Max: 0, Diff: 0, Sum: 0, Workers: 3
[2.977s][debug][gc,phases         ] GC(58)         Total                          Min: 0, Avg:  0.0, Max: 0, Diff: 0, Sum: 0, Workers: 3
[2.977s][debug][gc,phases         ] GC(58)       Weak JFR Old Object Samples    Min:  0.0, Avg:  0.0, Max:  0.0, Diff:  0.0, Sum:  0.0, Workers: 3
[2.977s][debug][gc,phases         ] GC(58)         Dead                           Min: 0, Avg:  0.0, Max: 0, Diff: 0, Sum: 0, Workers: 3
[2.977s][debug][gc,phases         ] GC(58)         Total                          Min: 0, Avg:  0.0, Max: 0, Diff: 0, Sum: 0, Workers: 3
[2.977s][debug][gc,phases         ] GC(58)     Post Evacuate Cleanup 1: 1.0ms
[2.977s][debug][gc,phases         ] GC(58)       Merge Per-Thread State (ms):   Min:  0.0, Avg:  0.0, Max:  0.0, Diff:  0.0, Sum:  0.0, Workers: 1
[2.977s][debug][gc,phases         ] GC(58)         Copied Bytes                   Min: 484560, Avg: 511384.0, Max: 537936, Diff: 53376, Sum: 2045536, Workers: 4
[2.977s][debug][gc,phases         ] GC(58)         LAB Waste                      Min: 184, Avg: 192.0, Max: 208, Diff: 24, Sum: 768, Workers: 4
[2.977s][debug][gc,phases         ] GC(58)         LAB Undo Waste                 Min: 0, Avg:  0.0, Max: 0, Diff: 0, Sum: 0, Workers: 4
[2.977s][debug][gc,phases         ] GC(58)       Clear Logged Cards (ms):       Min:  0.0, Avg:  0.0, Max:  0.0, Diff:  0.0, Sum:  0.0, Workers: 4
[2.977s][debug][gc,phases         ] GC(58)       Recalculate Used Memory (ms):  Min:  0.0, Avg:  0.0, Max:  0.0, Diff:  0.0, Sum:  0.0, Workers: 1
[2.977s][debug][gc,phases         ] GC(58)       Remove Self Forwards (ms):     Min:  0.0, Avg:  0.2, Max:  0.9, Diff:  0.9, Sum:  0.9, Workers: 4
[2.977s][debug][gc,phases         ] GC(58)     Post Evacuate Cleanup 2: 0.1ms
[2.977s][debug][gc,phases         ] GC(58)       Recalculate Used Memory (ms):  Min:  0.0, Avg:  0.0, Max:  0.0, Diff:  0.0, Sum:  0.0, Workers: 1
[2.977s][debug][gc,phases         ] GC(58)       Restore Preserved Marks (ms):  Min:  0.0, Avg:  0.0, Max:  0.0, Diff:  0.0, Sum:  0.0, Workers: 4
[2.977s][debug][gc,phases         ] GC(58)       Reset Hot Card Cache (ms):     Min:  0.0, Avg:  0.0, Max:  0.0, Diff:  0.0, Sum:  0.0, Workers: 1
[2.978s][debug][gc,phases         ] GC(58)       Purge Code Roots (ms):         Min:  0.0, Avg:  0.0, Max:  0.0, Diff:  0.0, Sum:  0.0, Workers: 1
[2.978s][debug][gc,phases         ] GC(58)       Update Derived Pointers (ms):  Min:  0.0, Avg:  0.0, Max:  0.0, Diff:  0.0, Sum:  0.0, Workers: 1
[2.978s][debug][gc,phases         ] GC(58)       Eagerly Reclaim Humongous Objects (ms): Min:  0.0, Avg:  0.0, Max:  0.0, Diff:  0.0, Sum:  0.0, Workers: 1
[2.978s][debug][gc,phases         ] GC(58)         Humongous Total                Min: 1, Avg:  1.0, Max: 1, Diff: 0, Sum: 1, Workers: 1
[2.978s][debug][gc,phases         ] GC(58)         Humongous Candidates           Min: 0, Avg:  0.0, Max: 0, Diff: 0, Sum: 0, Workers: 1
[2.978s][debug][gc,phases         ] GC(58)         Humongous Reclaimed            Min: 0, Avg:  0.0, Max: 0, Diff: 0, Sum: 0, Workers: 1
[2.978s][debug][gc,phases         ] GC(58)       Redirty Logged Cards (ms):     Min:  0.0, Avg:  0.0, Max:  0.0, Diff:  0.0, Sum:  0.0, Workers: 4
[2.978s][debug][gc,phases         ] GC(58)         Redirtied Cards:               Min: 0, Avg: 287.5, Max: 600, Diff: 600, Sum: 1150, Workers: 4
[2.978s][debug][gc,phases         ] GC(58)       Free Collection Set (ms):      Min:  0.0, Avg:  0.0, Max:  0.0, Diff:  0.0, Sum:  0.0, Workers: 4
[2.978s][debug][gc,phases         ] GC(58)     Rebuild Free List: 0.1ms
[2.978s][debug][gc,phases         ] GC(58)     Start New Collection Set: 0.0ms
[2.978s][debug][gc,phases         ] GC(58)     Resize TLABs: 0.0ms
[2.978s][debug][gc,phases         ] GC(58)     Expand Heap After Collection: 0.0ms
[2.978s][info ][gc,phases         ] GC(58)   Other: 0.9ms
[2.978s][info ][gc,heap           ] GC(58) Eden regions: 1->0(10)
[2.978s][info ][gc,heap           ] GC(58) Survivor regions: 1->2(2)
[2.978s][info ][gc,heap           ] GC(58) Old regions: 216->217
[2.978s][info ][gc,heap           ] GC(58) Archive regions: 0->0
[2.978s][info ][gc,heap           ] GC(58) Humongous regions: 36->36
[2.978s][info ][gc,metaspace      ] GC(58) Metaspace: 470K(640K)->470K(640K) NonClass: 437K(512K)->437K(512K) Class: 33K(128K)->33K(128K)
[2.978s][debug][gc,heap           ] GC(58) Heap after GC invocations=55 (full 2):
[2.978s][debug][gc,heap           ] GC(58)  garbage-first heap   total 262144K, used 259275K [0x00000000f0000000, 0x0000000100000000)
[2.978s][debug][gc,heap           ] GC(58)   region size 1024K, 2 young (2048K), 2 survivors (2048K)
[2.978s][debug][gc,heap           ] GC(58)  Metaspace       used 470K, committed 640K, reserved 1056768K
[2.978s][debug][gc,heap           ] GC(58)   class space    used 33K, committed 128K, reserved 1048576K
[2.978s][info ][gc                ] GC(58) Pause Young (Normal) (G1 Preventive Collection) 252M->253M(256M) 8.541ms
[2.978s][info ][gc,cpu            ] GC(58) User=0.00s Sys=0.02s Real=0.01s
[2.980s][debug][gc,heap           ] GC(59) Heap before GC invocations=55 (full 2):
[2.980s][debug][gc,heap           ] GC(59)  garbage-first heap   total 262144K, used 260299K [0x00000000f0000000, 0x0000000100000000)
[2.980s][debug][gc,heap           ] GC(59)   region size 1024K, 3 young (3072K), 2 survivors (2048K)
[2.980s][debug][gc,heap           ] GC(59)  Metaspace       used 470K, committed 640K, reserved 1056768K
[2.980s][debug][gc,heap           ] GC(59)   class space    used 33K, committed 128K, reserved 1048576K
[2.981s][info ][gc,start          ] GC(59) Pause Young (Normal) (G1 Evacuation Pause)
[2.981s][info ][gc,task           ] GC(59) Using 4 workers of 4 for evacuation
[2.981s][debug][gc,tlab           ] GC(59) TLAB totals: thrds: 1  refills: 7 max: 7 slow allocs: 0 max 0 waste:  0.4% gc: 0B max: 0B slow: 4032B max: 4032B
[2.981s][debug][gc,age            ] GC(59) Desired survivor size 1048576 bytes, new threshold 2 (max threshold 15)
[2.981s][debug][gc,refine,stats   ] GC(59) Mutator refinement: 0.00ms, refined: 0, precleaned: 0, dirtied: 510
[2.981s][debug][gc,refine,stats   ] GC(59) Concurrent refinement: 0.00ms, refined: 0, precleaned: 0, dirtied: 0
[2.981s][debug][gc,refine,stats   ] GC(59) Total refinement: 0.00ms, refined: 0, precleaned: 0, dirtied: 510
[2.981s][debug][gc,refine,stats   ] GC(59) Generate dirty cards rate: 29.60 cards/ms
[2.981s][debug][gc,alloc,region   ] GC(59) Mutator Allocation stats, regions: 1, wasted size: 0B ( 0.0%)
[2.981s][debug][gc,humongous      ] GC(59) Humongous region 173 (object size 36920416 @ 0x00000000fad00000) remset 0 code roots 0 marked 1 reclaim candidate 0 type array 0
[2.981s][debug][gc,ergo           ] GC(59) Running G1 Merge Heap Roots using 4 workers for 3 regions
[2.981s][debug][gc,remset         ] GC(59) Visited cards 2304 Total dirty 4096 (56.25%) Total old 530432 (0.43%)
[2.981s][debug][gc,ergo,heap      ] GC(59) Attempt heap expansion (region allocation request failed). Allocation request: 21744B
[2.981s][debug][gc,ergo,heap      ] GC(59) Did not expand the heap (heap already fully expanded)
[2.987s][debug][gc,ref            ] GC(59) Skipped phase 1 of Reference Processing: no references
[2.987s][debug][gc,ref            ] GC(59) Skipped phase 2 of Reference Processing: no references
[2.987s][debug][gc,ref            ] GC(59) Skipped phase 3 of Reference Processing: no references
[2.987s][debug][gc,ref            ] GC(59) Skipped phase 4 of Reference Processing: no references
[2.990s][debug][gc,ergo           ] GC(59) Running G1 Rebuild Free List Task using 4 workers for rebuilding free list of regions
[2.990s][debug][gc,plab           ] GC(59) Young PLAB allocation: allocated: 0B, wasted: 0B, unused: 0B, used: 0B, undo waste: 0B, 
[2.990s][debug][gc,plab           ] GC(59) Young other allocation: region end waste: 0B, regions filled: 0, direct allocated: 0B, failure used: 0B, failure wasted: 0B
[2.990s][debug][gc,plab           ] GC(59) Young sizing: calculated: 0B, actual: 92000B
[2.990s][debug][gc,plab           ] GC(59) Old PLAB allocation: allocated: 0B, wasted: 0B, unused: 0B, used: 0B, undo waste: 0B, 
[2.990s][debug][gc,plab           ] GC(59) Old other allocation: region end waste: 0B, regions filled: 0, direct allocated: 0B, failure used: 3080368B, failure wasted: 65360B
[2.990s][debug][gc,plab           ] GC(59) Old sizing: calculated: 0B, actual: 21744B
[2.990s][debug][gc,ergo,heap      ] GC(59) Heap expansion: short term pause time ratio 52.49% long term pause time ratio 36.45% threshold 7.69% pause time ratio 7.69% fully expanded true resize by 0B
[2.990s][debug][gc,mmu            ] GC(59) MMU: 102.6ms (200.0ms/201.0ms)
[2.990s][debug][gc,alloc,stats    ] Old generation allocation in the last mutator period, old gen allocated: 3145728B, humongous allocated: 0B,old gen growth: 3145728B.
[2.990s][debug][gc,ihop           ] GC(59) Basic information (value update), threshold: 120795955B (45.00), target occupancy: 268435456B, current occupancy: 266546928B, recent allocation size: 3145728B, recent allocation duration: 17.23ms, recent old gen allocation rate: 182575900.92B/s, recent marking phase length: 0.00ms
[2.990s][debug][gc,ihop           ] GC(59) Adaptive IHOP information (value update), threshold: 120795955B (52.94), internal target occupancy: 228170137B, occupancy: 266546928B, additional buffer size: 12582912B, predicted old gen allocation rate: 538533144.61B/s, predicted marking phase length: 0.00ms, prediction active: false
[2.990s][debug][gc,ergo,refine    ] GC(59) Concurrent refinement times: Logged Cards Scan time goal: 20.00ms Logged Cards Scan time: 0.54ms HCC time: 0.00ms
[2.990s][debug][gc,ergo,refine    ] GC(59) Updated Refinement Zones: green: 12153, yellow: 36459, red: 60765
[2.990s][info ][gc                ] GC(59) To-space exhausted
[2.990s][info ][gc,phases         ] GC(59)   Pre Evacuate Collection Set: 0.1ms
[2.990s][debug][gc,phases         ] GC(59)     Prepare TLABs: 0.0ms
[2.990s][debug][gc,phases         ] GC(59)     Concatenate Dirty Card Logs: 0.0ms
[2.990s][debug][gc,phases         ] GC(59)     Choose Collection Set: 0.0ms
[2.990s][debug][gc,phases         ] GC(59)     Region Register: 0.1ms
[2.990s][debug][gc,phases         ] GC(59)     Prepare Heap Roots: 0.0ms
[2.990s][info ][gc,phases         ] GC(59)   Merge Heap Roots: 0.1ms
[2.991s][debug][gc,phases         ] GC(59)     Prepare Merge Heap Roots: 0.0ms
[2.991s][debug][gc,phases         ] GC(59)     Eager Reclaim (ms):            skipped
[2.991s][debug][gc,phases         ] GC(59)     Remembered Sets (ms):          Min:  0.0, Avg:  0.0, Max:  0.0, Diff:  0.0, Sum:  0.0, Workers: 4
[2.991s][debug][gc,phases         ] GC(59)       Merged Sparse:                 Min: 0, Avg:  0.0, Max: 0, Diff: 0, Sum: 0, Workers: 4
[2.991s][debug][gc,phases         ] GC(59)       Merged Fine:                   Min: 0, Avg:  0.0, Max: 0, Diff: 0, Sum: 0, Workers: 4
[2.991s][debug][gc,phases         ] GC(59)       Merged Coarse:                 Min: 0, Avg:  0.0, Max: 0, Diff: 0, Sum: 0, Workers: 4
[2.991s][debug][gc,phases         ] GC(59)       Dirty Cards:                   Min: 0, Avg:  0.0, Max: 0, Diff: 0, Sum: 0, Workers: 4
[2.991s][debug][gc,phases         ] GC(59)     Hot Card Cache (ms):           Min:  0.0, Avg:  0.0, Max:  0.0, Diff:  0.0, Sum:  0.0, Workers: 4
[2.991s][debug][gc,phases         ] GC(59)       Dirty Cards:                   Min: 0, Avg:  0.0, Max: 0, Diff: 0, Sum: 0, Workers: 4
[2.991s][debug][gc,phases         ] GC(59)       Skipped Cards:                 Min: 0, Avg:  0.0, Max: 0, Diff: 0, Sum: 0, Workers: 4
[2.991s][debug][gc,phases         ] GC(59)     Log Buffers (ms):              Min:  0.0, Avg:  0.0, Max:  0.0, Diff:  0.0, Sum:  0.0, Workers: 4
[2.991s][debug][gc,phases         ] GC(59)       Dirty Cards:                   Min: 248, Avg: 407.0, Max: 559, Diff: 311, Sum: 1628, Workers: 4
[2.991s][debug][gc,phases         ] GC(59)       Skipped Cards:                 Min: 0, Avg:  0.0, Max: 0, Diff: 0, Sum: 0, Workers: 4
[2.991s][info ][gc,phases         ] GC(59)   Evacuate Collection Set: 5.8ms
[2.991s][debug][gc,phases         ] GC(59)     Ext Root Scanning (ms):        Min:  0.0, Avg:  0.0, Max:  0.0, Diff:  0.0, Sum:  0.1, Workers: 4
[2.991s][debug][gc,phases         ] GC(59)     Scan Heap Roots (ms):          Min:  0.4, Avg:  0.5, Max:  0.7, Diff:  0.3, Sum:  2.1, Workers: 4
[2.991s][debug][gc,phases         ] GC(59)       Scanned Cards:                 Min: 253, Avg: 384.3, Max: 512, Diff: 259, Sum: 1537, Workers: 4
[2.991s][debug][gc,phases         ] GC(59)       Scanned Blocks:                Min: 2, Avg:  3.3, Max: 6, Diff: 4, Sum: 13, Workers: 4
[2.991s][debug][gc,phases         ] GC(59)       Claimed Chunks:                Min: 2, Avg:  2.3, Max: 3, Diff: 1, Sum: 9, Workers: 4
[2.991s][debug][gc,phases         ] GC(59)     Code Root Scan (ms):           Min:  0.0, Avg:  0.0, Max:  0.0, Diff:  0.0, Sum:  0.0, Workers: 4
[2.991s][debug][gc,phases         ] GC(59)     Object Copy (ms):              Min:  5.0, Avg:  5.2, Max:  5.3, Diff:  0.3, Sum: 20.7, Workers: 4
[2.991s][debug][gc,phases         ] GC(59)     Termination (ms):              Min:  0.0, Avg:  0.0, Max:  0.0, Diff:  0.0, Sum:  0.0, Workers: 4
[2.991s][debug][gc,phases         ] GC(59)       Termination Attempts:          Min: 1, Avg:  1.0, Max: 1, Diff: 0, Sum: 4, Workers: 4
[2.991s][debug][gc,phases         ] GC(59)     GC Worker Other (ms):          Min:  0.0, Avg:  0.0, Max:  0.0, Diff:  0.0, Sum:  0.0, Workers: 4
[2.991s][debug][gc,phases         ] GC(59)     GC Worker Total (ms):          Min:  5.7, Avg:  5.7, Max:  5.7, Diff:  0.0, Sum: 23.0, Workers: 4
[2.991s][info ][gc,phases         ] GC(59)   Post Evacuate Collection Set: 3.1ms
[2.991s][debug][gc,phases         ] GC(59)     Code Roots Fixup: 0.0ms
[2.991s][debug][gc,phases         ] GC(59)     Reference Processing: 0.1ms
[2.991s][debug][gc,phases,ref     ] GC(59)       Reconsider SoftReferences: 0.1ms
[2.991s][debug][gc,phases,ref     ] GC(59)         SoftRef (ms):                  skipped
[2.991s][debug][gc,phases,ref     ] GC(59)       Notify Soft/WeakReferences: 0.0ms
[2.992s][debug][gc,phases,ref     ] GC(59)         SoftRef (ms):                  skipped
[2.992s][debug][gc,phases,ref     ] GC(59)         WeakRef (ms):                  skipped
[2.992s][debug][gc,phases,ref     ] GC(59)         FinalRef (ms):                 skipped
[2.992s][debug][gc,phases,ref     ] GC(59)         Total (ms):                    skipped
[2.992s][debug][gc,phases,ref     ] GC(59)       Notify and keep alive finalizable: 0.0ms
[2.992s][debug][gc,phases,ref     ] GC(59)         FinalRef (ms):                 skipped
[2.992s][debug][gc,phases,ref     ] GC(59)       Notify PhantomReferences: 0.0ms
[2.992s][debug][gc,phases,ref     ] GC(59)         PhantomRef (ms):               skipped
[2.992s][debug][gc,phases,ref     ] GC(59)       SoftReference:
[2.992s][debug][gc,phases,ref     ] GC(59)         Discovered: 0
[2.992s][debug][gc,phases,ref     ] GC(59)         Cleared: 0
[2.992s][debug][gc,phases,ref     ] GC(59)       WeakReference:
[2.992s][debug][gc,phases,ref     ] GC(59)         Discovered: 0
[2.992s][debug][gc,phases,ref     ] GC(59)         Cleared: 0
[2.992s][debug][gc,phases,ref     ] GC(59)       FinalReference:
[2.992s][debug][gc,phases,ref     ] GC(59)         Discovered: 0
[2.992s][debug][gc,phases,ref     ] GC(59)         Cleared: 0
[2.992s][debug][gc,phases,ref     ] GC(59)       PhantomReference:
[2.992s][debug][gc,phases,ref     ] GC(59)         Discovered: 0
[2.992s][debug][gc,phases,ref     ] GC(59)         Cleared: 0
[2.992s][debug][gc,phases         ] GC(59)     Weak Processing: 0.0ms
[2.992s][debug][gc,phases         ] GC(59)       VM Weak                        Min:  0.0, Avg:  0.0, Max:  0.0, Diff:  0.0, Sum:  0.0, Workers: 3
[2.992s][debug][gc,phases         ] GC(59)         Dead                           Min: 0, Avg:  0.0, Max: 0, Diff: 0, Sum: 0, Workers: 3
[2.992s][debug][gc,phases         ] GC(59)         Total                          Min: 0, Avg:  2.7, Max: 8, Diff: 8, Sum: 8, Workers: 3
[2.992s][debug][gc,phases         ] GC(59)       ObjectSynchronizer Weak        Min:  0.0, Avg:  0.0, Max:  0.0, Diff:  0.0, Sum:  0.0, Workers: 3
[2.992s][debug][gc,phases         ] GC(59)         Dead                           Min: 0, Avg:  0.0, Max: 0, Diff: 0, Sum: 0, Workers: 3
[2.992s][debug][gc,phases         ] GC(59)         Total                          Min: 0, Avg:  1.0, Max: 3, Diff: 3, Sum: 3, Workers: 3
[2.992s][debug][gc,phases         ] GC(59)       JVMTI Tag Weak OopStorage      Min:  0.0, Avg:  0.0, Max:  0.0, Diff:  0.0, Sum:  0.0, Workers: 3
[2.992s][debug][gc,phases         ] GC(59)         Dead                           Min: 0, Avg:  0.0, Max: 0, Diff: 0, Sum: 0, Workers: 3
[2.992s][debug][gc,phases         ] GC(59)         Total                          Min: 0, Avg:  0.0, Max: 0, Diff: 0, Sum: 0, Workers: 3
[2.992s][debug][gc,phases         ] GC(59)       StringTable Weak               Min:  0.0, Avg:  0.0, Max:  0.0, Diff:  0.0, Sum:  0.0, Workers: 3
[2.992s][debug][gc,phases         ] GC(59)         Dead                           Min: 0, Avg:  0.0, Max: 0, Diff: 0, Sum: 0, Workers: 3
[2.992s][debug][gc,phases         ] GC(59)         Total                          Min: 793, Avg: 819.0, Max: 832, Diff: 39, Sum: 2457, Workers: 3
[2.992s][debug][gc,phases         ] GC(59)       ResolvedMethodTable Weak       Min:  0.0, Avg:  0.0, Max:  0.0, Diff:  0.0, Sum:  0.0, Workers: 3
[2.993s][debug][gc,phases         ] GC(59)         Dead                           Min: 0, Avg:  0.0, Max: 0, Diff: 0, Sum: 0, Workers: 3
[2.993s][debug][gc,phases         ] GC(59)         Total                          Min: 9, Avg: 45.7, Max: 64, Diff: 55, Sum: 137, Workers: 3
[2.993s][debug][gc,phases         ] GC(59)       JNI Weak                       Min:  0.0, Avg:  0.0, Max:  0.0, Diff:  0.0, Sum:  0.0, Workers: 3
[2.993s][debug][gc,phases         ] GC(59)         Dead                           Min: 0, Avg:  0.0, Max: 0, Diff: 0, Sum: 0, Workers: 3
[2.993s][debug][gc,phases         ] GC(59)         Total                          Min: 0, Avg:  0.0, Max: 0, Diff: 0, Sum: 0, Workers: 3
[2.993s][debug][gc,phases         ] GC(59)       StringDedup Table Weak         Min:  0.0, Avg:  0.0, Max:  0.0, Diff:  0.0, Sum:  0.0, Workers: 3
[2.993s][debug][gc,phases         ] GC(59)         Dead                           Min: 0, Avg:  0.0, Max: 0, Diff: 0, Sum: 0, Workers: 3
[2.993s][debug][gc,phases         ] GC(59)         Total                          Min: 0, Avg:  0.0, Max: 0, Diff: 0, Sum: 0, Workers: 3
[2.993s][debug][gc,phases         ] GC(59)       StringDedup Requests0 Weak     Min:  0.0, Avg:  0.0, Max:  0.0, Diff:  0.0, Sum:  0.0, Workers: 3
[2.993s][debug][gc,phases         ] GC(59)         Dead                           Min: 0, Avg:  0.0, Max: 0, Diff: 0, Sum: 0, Workers: 3
[2.993s][debug][gc,phases         ] GC(59)         Total                          Min: 0, Avg:  0.0, Max: 0, Diff: 0, Sum: 0, Workers: 3
[2.993s][debug][gc,phases         ] GC(59)       StringDedup Requests1 Weak     Min:  0.0, Avg:  0.0, Max:  0.0, Diff:  0.0, Sum:  0.0, Workers: 3
[2.993s][debug][gc,phases         ] GC(59)         Dead                           Min: 0, Avg:  0.0, Max: 0, Diff: 0, Sum: 0, Workers: 3
[2.993s][debug][gc,phases         ] GC(59)         Total                          Min: 0, Avg:  0.0, Max: 0, Diff: 0, Sum: 0, Workers: 3
[2.993s][debug][gc,phases         ] GC(59)       Weak JFR Old Object Samples    Min:  0.0, Avg:  0.0, Max:  0.0, Diff:  0.0, Sum:  0.0, Workers: 3
[2.993s][debug][gc,phases         ] GC(59)         Dead                           Min: 0, Avg:  0.0, Max: 0, Diff: 0, Sum: 0, Workers: 3
[2.993s][debug][gc,phases         ] GC(59)         Total                          Min: 0, Avg:  0.0, Max: 0, Diff: 0, Sum: 0, Workers: 3
[2.993s][debug][gc,phases         ] GC(59)     Post Evacuate Cleanup 1: 2.8ms
[2.993s][debug][gc,phases         ] GC(59)       Merge Per-Thread State (ms):   Min:  0.0, Avg:  0.0, Max:  0.0, Diff:  0.0, Sum:  0.0, Workers: 1
[2.993s][debug][gc,phases         ] GC(59)         Copied Bytes                   Min: 0, Avg:  0.0, Max: 0, Diff: 0, Sum: 0, Workers: 4
[2.993s][debug][gc,phases         ] GC(59)         LAB Waste                      Min: 0, Avg:  0.0, Max: 0, Diff: 0, Sum: 0, Workers: 4
[2.993s][debug][gc,phases         ] GC(59)         LAB Undo Waste                 Min: 0, Avg:  0.0, Max: 0, Diff: 0, Sum: 0, Workers: 4
[2.993s][debug][gc,phases         ] GC(59)       Clear Logged Cards (ms):       Min:  0.0, Avg:  0.0, Max:  0.0, Diff:  0.0, Sum:  0.0, Workers: 4
[2.993s][debug][gc,phases         ] GC(59)       Recalculate Used Memory (ms):  Min:  0.0, Avg:  0.0, Max:  0.0, Diff:  0.0, Sum:  0.0, Workers: 1
[2.993s][debug][gc,phases         ] GC(59)       Remove Self Forwards (ms):     Min:  0.0, Avg:  1.9, Max:  2.7, Diff:  2.7, Sum:  7.7, Workers: 4
[2.993s][debug][gc,phases         ] GC(59)     Post Evacuate Cleanup 2: 0.0ms
[2.993s][debug][gc,phases         ] GC(59)       Recalculate Used Memory (ms):  Min:  0.0, Avg:  0.0, Max:  0.0, Diff:  0.0, Sum:  0.0, Workers: 1
[2.993s][debug][gc,phases         ] GC(59)       Restore Preserved Marks (ms):  Min:  0.0, Avg:  0.0, Max:  0.0, Diff:  0.0, Sum:  0.0, Workers: 4
[2.993s][debug][gc,phases         ] GC(59)       Reset Hot Card Cache (ms):     Min:  0.0, Avg:  0.0, Max:  0.0, Diff:  0.0, Sum:  0.0, Workers: 1
[2.993s][debug][gc,phases         ] GC(59)       Purge Code Roots (ms):         Min:  0.0, Avg:  0.0, Max:  0.0, Diff:  0.0, Sum:  0.0, Workers: 1
[2.994s][debug][gc,phases         ] GC(59)       Update Derived Pointers (ms):  Min:  0.0, Avg:  0.0, Max:  0.0, Diff:  0.0, Sum:  0.0, Workers: 1
[2.994s][debug][gc,phases         ] GC(59)       Eagerly Reclaim Humongous Objects (ms): Min:  0.0, Avg:  0.0, Max:  0.0, Diff:  0.0, Sum:  0.0, Workers: 1
[2.994s][debug][gc,phases         ] GC(59)         Humongous Total                Min: 1, Avg:  1.0, Max: 1, Diff: 0, Sum: 1, Workers: 1
[2.994s][debug][gc,phases         ] GC(59)         Humongous Candidates           Min: 0, Avg:  0.0, Max: 0, Diff: 0, Sum: 0, Workers: 1
[2.994s][debug][gc,phases         ] GC(59)         Humongous Reclaimed            Min: 0, Avg:  0.0, Max: 0, Diff: 0, Sum: 0, Workers: 1
[2.994s][debug][gc,phases         ] GC(59)       Redirty Logged Cards (ms):     Min:  0.0, Avg:  0.0, Max:  0.0, Diff:  0.0, Sum:  0.0, Workers: 4
[2.994s][debug][gc,phases         ] GC(59)         Redirtied Cards:               Min: 0, Avg: 506.8, Max: 809, Diff: 809, Sum: 2027, Workers: 4
[2.994s][debug][gc,phases         ] GC(59)       Free Collection Set (ms):      Min:  0.0, Avg:  0.0, Max:  0.0, Diff:  0.0, Sum:  0.0, Workers: 4
[2.994s][debug][gc,phases         ] GC(59)     Rebuild Free List: 0.1ms
[2.994s][debug][gc,phases         ] GC(59)     Start New Collection Set: 0.0ms
[2.994s][debug][gc,phases         ] GC(59)     Resize TLABs: 0.0ms
[2.994s][debug][gc,phases         ] GC(59)     Expand Heap After Collection: 0.0ms
[2.994s][info ][gc,phases         ] GC(59)   Other: 0.9ms
[2.994s][info ][gc,heap           ] GC(59) Eden regions: 1->0(12)
[2.994s][info ][gc,heap           ] GC(59) Survivor regions: 2->0(0)
[2.994s][info ][gc,heap           ] GC(59) Old regions: 217->220
[2.994s][info ][gc,heap           ] GC(59) Archive regions: 0->0
[2.994s][info ][gc,heap           ] GC(59) Humongous regions: 36->36
[2.994s][info ][gc,metaspace      ] GC(59) Metaspace: 470K(640K)->470K(640K) NonClass: 437K(512K)->437K(512K) Class: 33K(128K)->33K(128K)
[2.994s][debug][gc,heap           ] GC(59) Heap after GC invocations=56 (full 2):
[2.994s][debug][gc,heap           ] GC(59)  garbage-first heap   total 262144K, used 260299K [0x00000000f0000000, 0x0000000100000000)
[2.994s][debug][gc,heap           ] GC(59)   region size 1024K, 0 young (0K), 0 survivors (0K)
[2.994s][debug][gc,heap           ] GC(59)  Metaspace       used 470K, committed 640K, reserved 1056768K
[2.994s][debug][gc,heap           ] GC(59)   class space    used 33K, committed 128K, reserved 1048576K
[2.994s][info ][gc                ] GC(59) Pause Young (Normal) (G1 Evacuation Pause) 254M->254M(256M) 13.715ms
[2.994s][info ][gc,cpu            ] GC(59) User=0.00s Sys=0.02s Real=0.01s
[2.994s][debug][gc,ergo,heap      ] Attempt heap expansion (allocation request failed). Allocation request: 2048B
[2.994s][debug][gc,ergo,heap      ] Expand the heap. requested expansion amount: 1048576B expansion amount: 1048576B
[2.994s][debug][gc,ergo,heap      ] Did not expand the heap (heap already fully expanded)
[2.994s][info ][gc,ergo           ] Attempting full compaction
[2.994s][debug][gc,task           ] GC(60) Requesting 4 active workers for full compaction (waste limited workers: 4, adaptive workers: 4, used limited workers: 256)
[2.994s][info ][gc,task           ] GC(60) Using 4 workers of 4 for full compaction
[2.995s][info ][gc,start          ] GC(60) Pause Full (G1 Compaction Pause)
[2.995s][debug][gc,heap           ] GC(60) Heap before GC invocations=56 (full 2):
[2.995s][debug][gc,heap           ] GC(60)  garbage-first heap   total 262144K, used 260299K [0x00000000f0000000, 0x0000000100000000)
[2.995s][debug][gc,heap           ] GC(60)   region size 1024K, 0 young (0K), 0 survivors (0K)
[2.995s][debug][gc,heap           ] GC(60)  Metaspace       used 470K, committed 640K, reserved 1056768K
[2.995s][debug][gc,heap           ] GC(60)   class space    used 33K, committed 128K, reserved 1048576K
[2.995s][debug][gc,start          ] GC(60) Clear Next Bitmap
[2.995s][debug][gc,ergo           ] GC(60) Running G1 Clear Bitmap with 4 workers for 4 work units.
[2.995s][debug][gc                ] GC(60) Clear Next Bitmap 0.217ms
[2.995s][debug][gc,alloc,region   ] GC(60) Mutator Allocation stats, regions: 0, wasted size: 0B ( 0.0%)
[2.995s][info ][gc,phases,start   ] GC(60) Phase 1: Mark live objects
[3.047s][debug][gc,phases,start   ] GC(60) Phase 1: Reference Processing
[3.047s][debug][gc,ref            ] GC(60) ReferenceProcessor::execute queues: 4, RefProcThreadModel::Multi, marks_oops_alive: true
[3.047s][debug][gc,ref            ] GC(60) ReferenceProcessor::execute queues: 1, RefProcThreadModel::Single, marks_oops_alive: false
[3.047s][debug][gc,ref            ] GC(60) Skipped phase 3 of Reference Processing: no references
[3.047s][debug][gc,ref            ] GC(60) ReferenceProcessor::execute queues: 1, RefProcThreadModel::Single, marks_oops_alive: false
[3.047s][debug][gc,phases,ref     ] GC(60) Reference Processing: 0.2ms
[3.047s][debug][gc,phases,ref     ] GC(60)   Reconsider SoftReferences: 0.1ms
[3.047s][debug][gc,phases,ref     ] GC(60)     Balance queues: 0.0ms
[3.047s][debug][gc,phases,ref     ] GC(60)     SoftRef (ms):                  Min:  0.0, Avg:  0.0, Max:  0.0, Diff:  0.0, Sum:  0.0, Workers: 4
[3.047s][debug][gc,phases,ref     ] GC(60)   Notify Soft/WeakReferences: 0.1ms
[3.047s][debug][gc,phases,ref     ] GC(60)     SoftRef (ms):                  Min:  0.0, Avg:  0.0, Max:  0.0, Diff:  0.0, Sum:  0.0, Workers: 4
[3.047s][debug][gc,phases,ref     ] GC(60)     WeakRef (ms):                  Min:  0.0, Avg:  0.0, Max:  0.0, Diff:  0.0, Sum:  0.0, Workers: 4
[3.047s][debug][gc,phases,ref     ] GC(60)     FinalRef (ms):                 Min:  0.0, Avg:  0.0, Max:  0.0, Diff:  0.0, Sum:  0.0, Workers: 4
[3.047s][debug][gc,phases,ref     ] GC(60)     Total (ms):                    Min:  0.0, Avg:  0.0, Max:  0.0, Diff:  0.0, Sum:  0.0, Workers: 4
[3.047s][debug][gc,phases,ref     ] GC(60)   Notify and keep alive finalizable: 0.0ms
[3.047s][debug][gc,phases,ref     ] GC(60)     FinalRef (ms):                 skipped
[3.047s][debug][gc,phases,ref     ] GC(60)   Notify PhantomReferences: 0.0ms
[3.047s][debug][gc,phases,ref     ] GC(60)     PhantomRef (ms):               Min:  0.0, Avg:  0.0, Max:  0.0, Diff:  0.0, Sum:  0.0, Workers: 4
[3.047s][debug][gc,phases,ref     ] GC(60)   SoftReference:
[3.047s][debug][gc,phases,ref     ] GC(60)     Discovered: 8
[3.047s][debug][gc,phases,ref     ] GC(60)     Cleared: 8
[3.047s][debug][gc,phases,ref     ] GC(60)   WeakReference:
[3.047s][debug][gc,phases,ref     ] GC(60)     Discovered: 116
[3.047s][debug][gc,phases,ref     ] GC(60)     Cleared: 116
[3.047s][debug][gc,phases,ref     ] GC(60)   FinalReference:
[3.047s][debug][gc,phases,ref     ] GC(60)     Discovered: 0
[3.047s][debug][gc,phases,ref     ] GC(60)     Cleared: 0
[3.047s][debug][gc,phases,ref     ] GC(60)   PhantomReference:
[3.047s][debug][gc,phases,ref     ] GC(60)     Discovered: 1
[3.047s][debug][gc,phases,ref     ] GC(60)     Cleared: 1
[3.047s][debug][gc,phases         ] GC(60) Phase 1: Reference Processing 0.937ms
[3.048s][debug][gc,phases,start   ] GC(60) Phase 1: Weak Processing
[3.048s][debug][gc,phases         ] GC(60)   VM Weak                        Min:  0.0, Avg:  0.0, Max:  0.0, Diff:  0.0, Sum:  0.0, Workers: 3
[3.048s][debug][gc,phases         ] GC(60)     Dead                           Min: 0, Avg:  0.0, Max: 0, Diff: 0, Sum: 0, Workers: 3
[3.048s][debug][gc,phases         ] GC(60)     Total                          Min: 0, Avg:  2.7, Max: 8, Diff: 8, Sum: 8, Workers: 3
[3.048s][debug][gc,phases         ] GC(60)   ObjectSynchronizer Weak        Min:  0.0, Avg:  0.0, Max:  0.0, Diff:  0.0, Sum:  0.0, Workers: 3
[3.048s][debug][gc,phases         ] GC(60)     Dead                           Min: 0, Avg:  0.0, Max: 0, Diff: 0, Sum: 0, Workers: 3
[3.048s][debug][gc,phases         ] GC(60)     Total                          Min: 0, Avg:  1.0, Max: 3, Diff: 3, Sum: 3, Workers: 3
[3.048s][debug][gc,phases         ] GC(60)   JVMTI Tag Weak OopStorage      Min:  0.0, Avg:  0.0, Max:  0.0, Diff:  0.0, Sum:  0.0, Workers: 3
[3.048s][debug][gc,phases         ] GC(60)     Dead                           Min: 0, Avg:  0.0, Max: 0, Diff: 0, Sum: 0, Workers: 3
[3.048s][debug][gc,phases         ] GC(60)     Total                          Min: 0, Avg:  0.0, Max: 0, Diff: 0, Sum: 0, Workers: 3
[3.048s][debug][gc,phases         ] GC(60)   StringTable Weak               Min:  0.0, Avg:  0.0, Max:  0.0, Diff:  0.0, Sum:  0.0, Workers: 3
[3.048s][debug][gc,phases         ] GC(60)     Dead                           Min: 0, Avg:  0.0, Max: 0, Diff: 0, Sum: 0, Workers: 3
[3.048s][debug][gc,phases         ] GC(60)     Total                          Min: 448, Avg: 819.0, Max: 1024, Diff: 576, Sum: 2457, Workers: 3
[3.048s][debug][gc,phases         ] GC(60)   ResolvedMethodTable Weak       Min:  0.0, Avg:  0.0, Max:  0.0, Diff:  0.0, Sum:  0.0, Workers: 3
[3.048s][debug][gc,phases         ] GC(60)     Dead                           Min: 0, Avg:  0.0, Max: 0, Diff: 0, Sum: 0, Workers: 3
[3.048s][debug][gc,phases         ] GC(60)     Total                          Min: 9, Avg: 45.7, Max: 64, Diff: 55, Sum: 137, Workers: 3
[3.048s][debug][gc,phases         ] GC(60)   JNI Weak                       Min:  0.0, Avg:  0.0, Max:  0.0, Diff:  0.0, Sum:  0.0, Workers: 3
[3.048s][debug][gc,phases         ] GC(60)     Dead                           Min: 0, Avg:  0.0, Max: 0, Diff: 0, Sum: 0, Workers: 3
[3.048s][debug][gc,phases         ] GC(60)     Total                          Min: 0, Avg:  0.0, Max: 0, Diff: 0, Sum: 0, Workers: 3
[3.048s][debug][gc,phases         ] GC(60)   StringDedup Table Weak         Min:  0.0, Avg:  0.0, Max:  0.0, Diff:  0.0, Sum:  0.0, Workers: 3
[3.048s][debug][gc,phases         ] GC(60)     Dead                           Min: 0, Avg:  0.0, Max: 0, Diff: 0, Sum: 0, Workers: 3
[3.048s][debug][gc,phases         ] GC(60)     Total                          Min: 0, Avg:  0.0, Max: 0, Diff: 0, Sum: 0, Workers: 3
[3.048s][debug][gc,phases         ] GC(60)   StringDedup Requests0 Weak     Min:  0.0, Avg:  0.0, Max:  0.0, Diff:  0.0, Sum:  0.0, Workers: 3
[3.048s][debug][gc,phases         ] GC(60)     Dead                           Min: 0, Avg:  0.0, Max: 0, Diff: 0, Sum: 0, Workers: 3
[3.048s][debug][gc,phases         ] GC(60)     Total                          Min: 0, Avg:  0.0, Max: 0, Diff: 0, Sum: 0, Workers: 3
[3.048s][debug][gc,phases         ] GC(60)   StringDedup Requests1 Weak     Min:  0.0, Avg:  0.0, Max:  0.0, Diff:  0.0, Sum:  0.0, Workers: 3
[3.048s][debug][gc,phases         ] GC(60)     Dead                           Min: 0, Avg:  0.0, Max: 0, Diff: 0, Sum: 0, Workers: 3
[3.048s][debug][gc,phases         ] GC(60)     Total                          Min: 0, Avg:  0.0, Max: 0, Diff: 0, Sum: 0, Workers: 3
[3.049s][debug][gc,phases         ] GC(60)   Weak JFR Old Object Samples    Min:  0.0, Avg:  0.0, Max:  0.0, Diff:  0.0, Sum:  0.0, Workers: 3
[3.049s][debug][gc,phases         ] GC(60)     Dead                           Min: 0, Avg:  0.0, Max: 0, Diff: 0, Sum: 0, Workers: 3
[3.049s][debug][gc,phases         ] GC(60)     Total                          Min: 0, Avg:  0.0, Max: 0, Diff: 0, Sum: 0, Workers: 3
[3.049s][debug][gc,phases         ] GC(60) Phase 1: Weak Processing 1.102ms
[3.049s][debug][gc,phases,start   ] GC(60) Phase 1: Class Unloading and Cleanup
[3.049s][debug][gc,phases,start   ] GC(60) ClassLoaderData
[3.049s][debug][gc,phases         ] GC(60) ClassLoaderData 0.028ms
[3.049s][debug][gc,phases,start   ] GC(60) Trigger cleanups
[3.049s][debug][gc,phases         ] GC(60) Trigger cleanups 0.025ms
[3.049s][debug][gc,phases         ] GC(60) Phase 1: Class Unloading and Cleanup 0.271ms
[3.049s][info ][gc,phases         ] GC(60) Phase 1: Mark live objects 53.811ms
[3.049s][info ][gc,phases,start   ] GC(60) Phase 2: Prepare for compaction
[3.052s][info ][gc,phases         ] GC(60) Phase 2: Prepare for compaction 2.877ms
[3.052s][info ][gc,phases,start   ] GC(60) Phase 3: Adjust pointers
[3.068s][info ][gc,phases         ] GC(60) Phase 3: Adjust pointers 15.964ms
[3.068s][info ][gc,phases,start   ] GC(60) Phase 4: Compact heap
[3.071s][info ][gc,phases         ] GC(60) Phase 4: Compact heap 2.694ms
[3.071s][debug][gc,ergo           ] GC(60) Running G1 Clear Bitmap with 4 workers for 4 work units.
[3.071s][debug][gc,alloc,stats    ] Old generation allocation in the last mutator period, old gen allocated: 0B, humongous allocated: 0B,old gen growth: 0B.
[3.071s][info ][gc,heap           ] GC(60) Eden regions: 0->0(44)
[3.071s][info ][gc,heap           ] GC(60) Survivor regions: 0->0(0)
[3.071s][info ][gc,heap           ] GC(60) Old regions: 220->51
[3.071s][info ][gc,heap           ] GC(60) Archive regions: 0->0
[3.071s][info ][gc,heap           ] GC(60) Humongous regions: 36->36
[3.071s][info ][gc,metaspace      ] GC(60) Metaspace: 470K(640K)->470K(640K) NonClass: 437K(512K)->437K(512K) Class: 33K(128K)->33K(128K)
[3.071s][debug][gc,heap           ] GC(60) Heap after GC invocations=57 (full 3):
[3.071s][debug][gc,heap           ] GC(60)  garbage-first heap   total 262144K, used 87295K [0x00000000f0000000, 0x0000000100000000)
[3.071s][debug][gc,heap           ] GC(60)   region size 1024K, 0 young (0K), 0 survivors (0K)
[3.071s][debug][gc,heap           ] GC(60)  Metaspace       used 470K, committed 640K, reserved 1056768K
[3.071s][debug][gc,heap           ] GC(60)   class space    used 33K, committed 128K, reserved 1048576K
[3.071s][info ][gc                ] GC(60) Pause Full (G1 Compaction Pause) 254M->85M(256M) 76.813ms
[3.072s][info ][gc,cpu            ] GC(60) User=0.30s Sys=0.00s Real=0.08s
[3.072s][debug][gc,stats          ] ---------------------------------------------------------------------
[3.072s][debug][gc,stats          ] Marking Stats, task = 0, calls = 41
[3.072s][debug][gc,stats          ]   Elapsed time = 464.40ms, Termination time = 0.00ms
[3.072s][debug][gc,stats          ]   Step Times (cum): num = 131, avg = 4.41ms, sd = 7.04ms max = 16.00ms, total = 578.00ms
[3.072s][debug][gc,stats          ]   Mark Stats Cache: hits 2655488 misses 0 ratio 100.000
[3.072s][debug][gc,stats          ] ---------------------------------------------------------------------
[3.072s][info ][gc,marking        ] GC(46) Concurrent Mark From Roots 464.587ms
[3.072s][info ][gc,marking        ] GC(46) Concurrent Mark Abort
[3.072s][info ][gc                ] GC(46) Concurrent Mark Cycle 482.786ms
[3.114s][debug][gc,task,start     ] G1 Service Thread (Remembered Set Sampling Task) (run)
[3.114s][debug][gc,task           ] G1 Service Thread (Remembered Set Sampling Task) (run) 0.066ms (cpu: 0.000ms)
[3.118s][debug][gc,task,start     ] G1 Service Thread (Periodic GC Task) (run)
[3.118s][debug][gc,task           ] G1 Service Thread (Periodic GC Task) (run) 0.056ms (cpu: 0.000ms)
[3.119s][debug][gc,refine         ] Activated worker 0, on threshold: 12665, current: 12800
[3.120s][debug][gc,refine         ] Deactivated worker 0, off threshold: 12153, current: 12032, refined cards: 768
[3.122s][debug][gc,refine         ] Activated worker 0, on threshold: 12665, current: 12800
[3.122s][debug][gc,refine         ] Deactivated worker 0, off threshold: 12153, current: 12032, refined cards: 768
[3.124s][debug][gc,refine         ] Activated worker 0, on threshold: 12665, current: 12800
[3.125s][debug][gc,refine         ] Deactivated worker 0, off threshold: 12153, current: 12032, refined cards: 768
[3.127s][debug][gc,refine         ] Activated worker 0, on threshold: 12665, current: 12800
[3.128s][debug][gc,refine         ] Deactivated worker 0, off threshold: 12153, current: 12032, refined cards: 768
[3.130s][debug][gc,refine         ] Activated worker 0, on threshold: 12665, current: 12800
[3.131s][debug][gc,refine         ] Deactivated worker 0, off threshold: 12153, current: 12032, refined cards: 768
[3.132s][debug][gc,refine         ] Activated worker 0, on threshold: 12665, current: 12800
[3.133s][debug][gc,refine         ] Deactivated worker 0, off threshold: 12153, current: 12032, refined cards: 768
[3.135s][debug][gc,refine         ] Activated worker 0, on threshold: 12665, current: 12800
[3.135s][debug][gc,refine         ] Deactivated worker 0, off threshold: 12153, current: 12032, refined cards: 768
[3.137s][debug][gc,refine         ] Activated worker 0, on threshold: 12665, current: 12800
[3.138s][debug][gc,refine         ] Deactivated worker 0, off threshold: 12153, current: 12032, refined cards: 768
[3.139s][debug][gc,refine         ] Activated worker 0, on threshold: 12665, current: 12800
[3.140s][debug][gc,refine         ] Deactivated worker 0, off threshold: 12153, current: 12032, refined cards: 768
[3.141s][debug][gc,refine         ] Activated worker 0, on threshold: 12665, current: 12800
[3.142s][debug][gc,refine         ] Deactivated worker 0, off threshold: 12153, current: 12032, refined cards: 768
[3.143s][debug][gc,refine         ] Activated worker 0, on threshold: 12665, current: 12800
[3.144s][debug][gc,refine         ] Deactivated worker 0, off threshold: 12153, current: 12032, refined cards: 768
[3.145s][debug][gc,refine         ] Activated worker 0, on threshold: 12665, current: 12800
[3.146s][debug][gc,refine         ] Deactivated worker 0, off threshold: 12153, current: 12032, refined cards: 768
[3.147s][debug][gc,refine         ] Activated worker 0, on threshold: 12665, current: 12800
[3.148s][debug][gc,refine         ] Deactivated worker 0, off threshold: 12153, current: 12032, refined cards: 768
[3.149s][debug][gc,heap           ] GC(61) Heap before GC invocations=57 (full 3):
[3.149s][debug][gc,heap           ] GC(61)  garbage-first heap   total 262144K, used 132351K [0x00000000f0000000, 0x0000000100000000)
[3.149s][debug][gc,heap           ] GC(61)   region size 1024K, 44 young (45056K), 0 survivors (0K)
[3.149s][debug][gc,heap           ] GC(61)  Metaspace       used 470K, committed 640K, reserved 1056768K
[3.149s][debug][gc,heap           ] GC(61)   class space    used 33K, committed 128K, reserved 1048576K
[3.149s][info ][gc,start          ] GC(61) Pause Young (Normal) (G1 Evacuation Pause)
[3.149s][info ][gc,task           ] GC(61) Using 4 workers of 4 for evacuation
[3.149s][debug][gc,tlab           ] GC(61) TLAB totals: thrds: 1  refills: 132 max: 132 slow allocs: 0 max 0 waste:  0.2% gc: 0B max: 0B slow: 76032B max: 76032B
[3.149s][debug][gc,age            ] GC(61) Desired survivor size 3145728 bytes, new threshold 15 (max threshold 15)
[3.149s][debug][gc,refine,stats   ] GC(61) Mutator refinement: 0.00ms, refined: 0, precleaned: 0, dirtied: 22492
[3.149s][debug][gc,refine,stats   ] GC(61) Concurrent refinement: 9.45ms, refined: 9984, precleaned: 0, dirtied: 0
[3.149s][debug][gc,refine,stats   ] GC(61) Total refinement: 9.45ms, refined: 9984, precleaned: 0, dirtied: 22492
[3.149s][debug][gc,refine,stats   ] GC(61) Concurrent refinement rate: 1056.52 cards/ms
[3.149s][debug][gc,refine,stats   ] GC(61) Generate dirty cards rate: 121.20 cards/ms
[3.149s][debug][gc,alloc,region   ] GC(61) Mutator Allocation stats, regions: 44, wasted size: 0B ( 0.0%)
[3.149s][debug][gc,humongous      ] GC(61) Humongous region 173 (object size 36920416 @ 0x00000000fad00000) remset 0 code roots 0 marked 0 reclaim candidate 0 type array 0
[3.149s][debug][gc,ergo           ] GC(61) Running G1 Merge Heap Roots using 4 workers for 44 regions
[3.149s][debug][gc,remset         ] GC(61) Visited cards 22784 Total dirty 24576 (92.71%) Total old 358400 (6.36%)
[3.206s][debug][gc,ref            ] GC(61) Skipped phase 1 of Reference Processing: no references
[3.207s][debug][gc,ref            ] GC(61) Skipped phase 2 of Reference Processing: no references
[3.207s][debug][gc,ref            ] GC(61) Skipped phase 3 of Reference Processing: no references
[3.207s][debug][gc,ref            ] GC(61) Skipped phase 4 of Reference Processing: no references
[3.207s][debug][gc,ergo           ] GC(61) Running G1 Rebuild Free List Task using 4 workers for rebuilding free list of regions
[3.207s][debug][gc,plab           ] GC(61) Young PLAB allocation: allocated: 6291456B, wasted: 6624B, unused: 0B, used: 6284832B, undo waste: 0B, 
[3.207s][debug][gc,plab           ] GC(61) Young other allocation: region end waste: 0B, regions filled: 6, direct allocated: 0B, failure used: 0B, failure wasted: 0B
[3.207s][debug][gc,plab           ] GC(61) Young sizing: calculated: 1256960B, actual: 965720B
[3.207s][debug][gc,plab           ] GC(61) Old PLAB allocation: allocated: 39965392B, wasted: 177360B, unused: 11552B, used: 39776480B, undo waste: 0B, 
[3.207s][debug][gc,plab           ] GC(61) Old other allocation: region end waste: 0B, regions filled: 39, direct allocated: 0B, failure used: 0B, failure wasted: 0B
[3.207s][debug][gc,plab           ] GC(61) Old sizing: calculated: 7955296B, actual: 5971904B
[3.207s][debug][gc,ergo,heap      ] GC(61) Heap expansion: short term pause time ratio 52.49% long term pause time ratio 36.45% threshold 7.69% pause time ratio 7.69% fully expanded true resize by 0B
[3.207s][debug][gc,ergo,ihop      ] GC(61) Request concurrent cycle initiation (occupancy higher than threshold) occupancy: 132120576B allocation request: 0B threshold: 120795955B (45.00) source: end of GC
[3.207s][debug][gc,mmu            ] GC(61) MMU: 58.1ms (200.0ms/201.0ms)
[3.207s][debug][gc,alloc,stats    ] Old generation allocation in the last mutator period, old gen allocated: 39965392B, humongous allocated: 0B,old gen growth: 39965392B.
[3.207s][debug][gc,ihop           ] GC(61) Basic information (value update), threshold: 120795955B (45.00), target occupancy: 268435456B, current occupancy: 135647568B, recent allocation size: 39965392B, recent allocation duration: 185.58ms, recent old gen allocation rate: 215358043.72B/s, recent marking phase length: 0.00ms
[3.207s][debug][gc,ihop           ] GC(61) Adaptive IHOP information (value update), threshold: 120795955B (52.94), internal target occupancy: 228170137B, occupancy: 135647568B, additional buffer size: 36700160B, predicted old gen allocation rate: 527326191.22B/s, predicted marking phase length: 0.00ms, prediction active: false
[3.207s][debug][gc,ergo,refine    ] GC(61) Concurrent refinement times: Logged Cards Scan time goal: 20.00ms Logged Cards Scan time: 4.64ms HCC time: 0.00ms
[3.207s][debug][gc,ergo,refine    ] GC(61) Updated Refinement Zones: green: 13368, yellow: 40104, red: 66840
[3.207s][info ][gc,phases         ] GC(61)   Pre Evacuate Collection Set: 0.1ms
[3.207s][debug][gc,phases         ] GC(61)     Prepare TLABs: 0.0ms
[3.207s][debug][gc,phases         ] GC(61)     Concatenate Dirty Card Logs: 0.0ms
[3.208s][debug][gc,phases         ] GC(61)     Choose Collection Set: 0.0ms
[3.208s][debug][gc,phases         ] GC(61)     Region Register: 0.1ms
[3.208s][debug][gc,phases         ] GC(61)     Prepare Heap Roots: 0.0ms
[3.208s][info ][gc,phases         ] GC(61)   Merge Heap Roots: 0.2ms
[3.208s][debug][gc,phases         ] GC(61)     Prepare Merge Heap Roots: 0.0ms
[3.208s][debug][gc,phases         ] GC(61)     Eager Reclaim (ms):            skipped
[3.208s][debug][gc,phases         ] GC(61)     Remembered Sets (ms):          Min:  0.0, Avg:  0.0, Max:  0.0, Diff:  0.0, Sum:  0.1, Workers: 4
[3.208s][debug][gc,phases         ] GC(61)       Merged Sparse:                 Min: 0, Avg:  0.0, Max: 0, Diff: 0, Sum: 0, Workers: 4
[3.208s][debug][gc,phases         ] GC(61)       Merged Fine:                   Min: 5, Avg:  6.0, Max: 7, Diff: 2, Sum: 24, Workers: 4
[3.208s][debug][gc,phases         ] GC(61)       Merged Coarse:                 Min: 0, Avg:  0.0, Max: 0, Diff: 0, Sum: 0, Workers: 4
[3.208s][debug][gc,phases         ] GC(61)       Dirty Cards:                   Min: 2308, Avg: 2488.8, Max: 2550, Diff: 242, Sum: 9955, Workers: 4
[3.208s][debug][gc,phases         ] GC(61)     Hot Card Cache (ms):           Min:  0.0, Avg:  0.0, Max:  0.0, Diff:  0.0, Sum:  0.0, Workers: 4
[3.208s][debug][gc,phases         ] GC(61)       Dirty Cards:                   Min: 0, Avg:  0.0, Max: 0, Diff: 0, Sum: 0, Workers: 4
[3.208s][debug][gc,phases         ] GC(61)       Skipped Cards:                 Min: 0, Avg:  0.0, Max: 0, Diff: 0, Sum: 0, Workers: 4
[3.208s][debug][gc,phases         ] GC(61)     Log Buffers (ms):              Min:  0.1, Avg:  0.1, Max:  0.1, Diff:  0.0, Sum:  0.2, Workers: 4
[3.208s][debug][gc,phases         ] GC(61)       Dirty Cards:                   Min: 3028, Avg: 3119.0, Max: 3320, Diff: 292, Sum: 12476, Workers: 4
[3.208s][debug][gc,phases         ] GC(61)       Skipped Cards:                 Min: 0, Avg:  0.0, Max: 0, Diff: 0, Sum: 0, Workers: 4
[3.208s][info ][gc,phases         ] GC(61)   Evacuate Collection Set: 57.1ms
[3.208s][debug][gc,phases         ] GC(61)     Ext Root Scanning (ms):        Min:  0.0, Avg:  0.0, Max:  0.0, Diff:  0.0, Sum:  0.1, Workers: 4
[3.208s][debug][gc,phases         ] GC(61)     Scan Heap Roots (ms):          Min:  7.4, Avg:  8.3, Max:  9.9, Diff:  2.4, Sum: 33.1, Workers: 4
[3.208s][debug][gc,phases         ] GC(61)       Scanned Cards:                 Min: 5376, Avg: 5623.0, Max: 5888, Diff: 512, Sum: 22492, Workers: 4
[3.208s][debug][gc,phases         ] GC(61)       Scanned Blocks:                Min: 21, Avg: 22.3, Max: 23, Diff: 2, Sum: 89, Workers: 4
[3.208s][debug][gc,phases         ] GC(61)       Claimed Chunks:                Min: 21, Avg: 22.3, Max: 23, Diff: 2, Sum: 89, Workers: 4
[3.208s][debug][gc,phases         ] GC(61)     Code Root Scan (ms):           Min:  0.0, Avg:  0.0, Max:  0.0, Diff:  0.0, Sum:  0.0, Workers: 4
[3.209s][debug][gc,phases         ] GC(61)     Object Copy (ms):              Min: 47.2, Avg: 48.8, Max: 49.6, Diff:  2.4, Sum: 195.0, Workers: 4
[3.209s][debug][gc,phases         ] GC(61)     Termination (ms):              Min:  0.0, Avg:  0.0, Max:  0.0, Diff:  0.0, Sum:  0.0, Workers: 4
[3.209s][debug][gc,phases         ] GC(61)       Termination Attempts:          Min: 1, Avg:  1.0, Max: 1, Diff: 0, Sum: 4, Workers: 4
[3.209s][debug][gc,phases         ] GC(61)     GC Worker Other (ms):          Min:  0.0, Avg:  0.0, Max:  0.0, Diff:  0.0, Sum:  0.0, Workers: 4
[3.209s][debug][gc,phases         ] GC(61)     GC Worker Total (ms):          Min: 57.1, Avg: 57.1, Max: 57.1, Diff:  0.0, Sum: 228.2, Workers: 4
[3.209s][info ][gc,phases         ] GC(61)   Post Evacuate Collection Set: 0.5ms
[3.209s][debug][gc,phases         ] GC(61)     Code Roots Fixup: 0.0ms
[3.209s][debug][gc,phases         ] GC(61)     Reference Processing: 0.2ms
[3.209s][debug][gc,phases,ref     ] GC(61)       Reconsider SoftReferences: 0.1ms
[3.209s][debug][gc,phases,ref     ] GC(61)         SoftRef (ms):                  skipped
[3.209s][debug][gc,phases,ref     ] GC(61)       Notify Soft/WeakReferences: 0.0ms
[3.209s][debug][gc,phases,ref     ] GC(61)         SoftRef (ms):                  skipped
[3.209s][debug][gc,phases,ref     ] GC(61)         WeakRef (ms):                  skipped
[3.209s][debug][gc,phases,ref     ] GC(61)         FinalRef (ms):                 skipped
[3.209s][debug][gc,phases,ref     ] GC(61)         Total (ms):                    skipped
[3.209s][debug][gc,phases,ref     ] GC(61)       Notify and keep alive finalizable: 0.0ms
[3.209s][debug][gc,phases,ref     ] GC(61)         FinalRef (ms):                 skipped
[3.209s][debug][gc,phases,ref     ] GC(61)       Notify PhantomReferences: 0.0ms
[3.209s][debug][gc,phases,ref     ] GC(61)         PhantomRef (ms):               skipped
[3.209s][debug][gc,phases,ref     ] GC(61)       SoftReference:
[3.209s][debug][gc,phases,ref     ] GC(61)         Discovered: 0
[3.209s][debug][gc,phases,ref     ] GC(61)         Cleared: 0
[3.209s][debug][gc,phases,ref     ] GC(61)       WeakReference:
[3.209s][debug][gc,phases,ref     ] GC(61)         Discovered: 0
[3.209s][debug][gc,phases,ref     ] GC(61)         Cleared: 0
[3.209s][debug][gc,phases,ref     ] GC(61)       FinalReference:
[3.209s][debug][gc,phases,ref     ] GC(61)         Discovered: 0
[3.209s][debug][gc,phases,ref     ] GC(61)         Cleared: 0
[3.209s][debug][gc,phases,ref     ] GC(61)       PhantomReference:
[3.209s][debug][gc,phases,ref     ] GC(61)         Discovered: 0
[3.209s][debug][gc,phases,ref     ] GC(61)         Cleared: 0
[3.209s][debug][gc,phases         ] GC(61)     Weak Processing: 0.0ms
[3.209s][debug][gc,phases         ] GC(61)       VM Weak                        Min:  0.0, Avg:  0.0, Max:  0.0, Diff:  0.0, Sum:  0.0, Workers: 3
[3.209s][debug][gc,phases         ] GC(61)         Dead                           Min: 0, Avg:  0.0, Max: 0, Diff: 0, Sum: 0, Workers: 3
[3.209s][debug][gc,phases         ] GC(61)         Total                          Min: 0, Avg:  2.7, Max: 8, Diff: 8, Sum: 8, Workers: 3
[3.209s][debug][gc,phases         ] GC(61)       ObjectSynchronizer Weak        Min:  0.0, Avg:  0.0, Max:  0.0, Diff:  0.0, Sum:  0.0, Workers: 3
[3.209s][debug][gc,phases         ] GC(61)         Dead                           Min: 0, Avg:  0.0, Max: 0, Diff: 0, Sum: 0, Workers: 3
[3.209s][debug][gc,phases         ] GC(61)         Total                          Min: 0, Avg:  1.0, Max: 3, Diff: 3, Sum: 3, Workers: 3
[3.209s][debug][gc,phases         ] GC(61)       JVMTI Tag Weak OopStorage      Min:  0.0, Avg:  0.0, Max:  0.0, Diff:  0.0, Sum:  0.0, Workers: 3
[3.209s][debug][gc,phases         ] GC(61)         Dead                           Min: 0, Avg:  0.0, Max: 0, Diff: 0, Sum: 0, Workers: 3
[3.209s][debug][gc,phases         ] GC(61)         Total                          Min: 0, Avg:  0.0, Max: 0, Diff: 0, Sum: 0, Workers: 3
[3.210s][debug][gc,phases         ] GC(61)       StringTable Weak               Min:  0.0, Avg:  0.0, Max:  0.0, Diff:  0.0, Sum:  0.0, Workers: 3
[3.210s][debug][gc,phases         ] GC(61)         Dead                           Min: 0, Avg:  0.0, Max: 0, Diff: 0, Sum: 0, Workers: 3
[3.210s][debug][gc,phases         ] GC(61)         Total                          Min: 704, Avg: 819.0, Max: 960, Diff: 256, Sum: 2457, Workers: 3
[3.210s][debug][gc,phases         ] GC(61)       ResolvedMethodTable Weak       Min:  0.0, Avg:  0.0, Max:  0.0, Diff:  0.0, Sum:  0.0, Workers: 3
[3.210s][debug][gc,phases         ] GC(61)         Dead                           Min: 0, Avg:  0.0, Max: 0, Diff: 0, Sum: 0, Workers: 3
[3.210s][debug][gc,phases         ] GC(61)         Total                          Min: 9, Avg: 45.7, Max: 64, Diff: 55, Sum: 137, Workers: 3
[3.210s][debug][gc,phases         ] GC(61)       JNI Weak                       Min:  0.0, Avg:  0.0, Max:  0.0, Diff:  0.0, Sum:  0.0, Workers: 3
[3.210s][debug][gc,phases         ] GC(61)         Dead                           Min: 0, Avg:  0.0, Max: 0, Diff: 0, Sum: 0, Workers: 3
[3.210s][debug][gc,phases         ] GC(61)         Total                          Min: 0, Avg:  0.0, Max: 0, Diff: 0, Sum: 0, Workers: 3
[3.210s][debug][gc,phases         ] GC(61)       StringDedup Table Weak         Min:  0.0, Avg:  0.0, Max:  0.0, Diff:  0.0, Sum:  0.0, Workers: 3
[3.210s][debug][gc,phases         ] GC(61)         Dead                           Min: 0, Avg:  0.0, Max: 0, Diff: 0, Sum: 0, Workers: 3
[3.210s][debug][gc,phases         ] GC(61)         Total                          Min: 0, Avg:  0.0, Max: 0, Diff: 0, Sum: 0, Workers: 3
[3.210s][debug][gc,phases         ] GC(61)       StringDedup Requests0 Weak     Min:  0.0, Avg:  0.0, Max:  0.0, Diff:  0.0, Sum:  0.0, Workers: 3
[3.210s][debug][gc,phases         ] GC(61)         Dead                           Min: 0, Avg:  0.0, Max: 0, Diff: 0, Sum: 0, Workers: 3
[3.210s][debug][gc,phases         ] GC(61)         Total                          Min: 0, Avg:  0.0, Max: 0, Diff: 0, Sum: 0, Workers: 3
[3.210s][debug][gc,phases         ] GC(61)       StringDedup Requests1 Weak     Min:  0.0, Avg:  0.0, Max:  0.0, Diff:  0.0, Sum:  0.0, Workers: 3
[3.210s][debug][gc,phases         ] GC(61)         Dead                           Min: 0, Avg:  0.0, Max: 0, Diff: 0, Sum: 0, Workers: 3
[3.210s][debug][gc,phases         ] GC(61)         Total                          Min: 0, Avg:  0.0, Max: 0, Diff: 0, Sum: 0, Workers: 3
[3.210s][debug][gc,phases         ] GC(61)       Weak JFR Old Object Samples    Min:  0.0, Avg:  0.0, Max:  0.0, Diff:  0.0, Sum:  0.0, Workers: 3
[3.210s][debug][gc,phases         ] GC(61)         Dead                           Min: 0, Avg:  0.0, Max: 0, Diff: 0, Sum: 0, Workers: 3
[3.210s][debug][gc,phases         ] GC(61)         Total                          Min: 0, Avg:  0.0, Max: 0, Diff: 0, Sum: 0, Workers: 3
[3.210s][debug][gc,phases         ] GC(61)     Post Evacuate Cleanup 1: 0.0ms
[3.210s][debug][gc,phases         ] GC(61)       Merge Per-Thread State (ms):   Min:  0.0, Avg:  0.0, Max:  0.0, Diff:  0.0, Sum:  0.0, Workers: 1
[3.210s][debug][gc,phases         ] GC(61)         Copied Bytes                   Min: 10995872, Avg: 11515328.0, Max: 12067088, Diff: 1071216, Sum: 46061312, Workers: 4
[3.210s][debug][gc,phases         ] GC(61)         LAB Waste                      Min: 43584, Avg: 45996.0, Max: 48408, Diff: 4824, Sum: 183984, Workers: 4
[3.210s][debug][gc,phases         ] GC(61)         LAB Undo Waste                 Min: 0, Avg:  0.0, Max: 0, Diff: 0, Sum: 0, Workers: 4
[3.210s][debug][gc,phases         ] GC(61)       Clear Logged Cards (ms):       Min:  0.0, Avg:  0.0, Max:  0.0, Diff:  0.0, Sum:  0.0, Workers: 3
[3.210s][debug][gc,phases         ] GC(61)       Recalculate Used Memory (ms):  Min:  0.0, Avg:  0.0, Max:  0.0, Diff:  0.0, Sum:  0.0, Workers: 1
[3.210s][debug][gc,phases         ] GC(61)     Post Evacuate Cleanup 2: 0.1ms
[3.210s][debug][gc,phases         ] GC(61)       Reset Hot Card Cache (ms):     Min:  0.0, Avg:  0.0, Max:  0.0, Diff:  0.0, Sum:  0.0, Workers: 1
[3.210s][debug][gc,phases         ] GC(61)       Purge Code Roots (ms):         Min:  0.0, Avg:  0.0, Max:  0.0, Diff:  0.0, Sum:  0.0, Workers: 1
[3.210s][debug][gc,phases         ] GC(61)       Update Derived Pointers (ms):  Min:  0.0, Avg:  0.0, Max:  0.0, Diff:  0.0, Sum:  0.0, Workers: 1
[3.210s][debug][gc,phases         ] GC(61)       Eagerly Reclaim Humongous Objects (ms): Min:  0.0, Avg:  0.0, Max:  0.0, Diff:  0.0, Sum:  0.0, Workers: 1
[3.210s][debug][gc,phases         ] GC(61)         Humongous Total                Min: 1, Avg:  1.0, Max: 1, Diff: 0, Sum: 1, Workers: 1
[3.210s][debug][gc,phases         ] GC(61)         Humongous Candidates           Min: 0, Avg:  0.0, Max: 0, Diff: 0, Sum: 0, Workers: 1
[3.210s][debug][gc,phases         ] GC(61)         Humongous Reclaimed            Min: 0, Avg:  0.0, Max: 0, Diff: 0, Sum: 0, Workers: 1
[3.210s][debug][gc,phases         ] GC(61)       Redirty Logged Cards (ms):     Min:  0.0, Avg:  0.0, Max:  0.0, Diff:  0.0, Sum:  0.0, Workers: 4
[3.210s][debug][gc,phases         ] GC(61)         Redirtied Cards:               Min: 512, Avg: 768.0, Max: 1525, Diff: 1013, Sum: 3072, Workers: 4
[3.210s][debug][gc,phases         ] GC(61)       Free Collection Set (ms):      Min:  0.0, Avg:  0.0, Max:  0.0, Diff:  0.0, Sum:  0.0, Workers: 4
[3.210s][debug][gc,phases         ] GC(61)     Rebuild Free List: 0.1ms
[3.210s][debug][gc,phases         ] GC(61)     Start New Collection Set: 0.0ms
[3.210s][debug][gc,phases         ] GC(61)     Resize TLABs: 0.0ms
[3.210s][debug][gc,phases         ] GC(61)     Expand Heap After Collection: 0.0ms
[3.210s][info ][gc,phases         ] GC(61)   Other: 0.8ms
[3.210s][info ][gc,heap           ] GC(61) Eden regions: 44->0(29)
[3.210s][info ][gc,heap           ] GC(61) Survivor regions: 0->6(6)
[3.210s][info ][gc,heap           ] GC(61) Old regions: 51->90
[3.210s][info ][gc,heap           ] GC(61) Archive regions: 0->0
[3.210s][info ][gc,heap           ] GC(61) Humongous regions: 36->36
[3.210s][info ][gc,metaspace      ] GC(61) Metaspace: 470K(640K)->470K(640K) NonClass: 437K(512K)->437K(512K) Class: 33K(128K)->33K(128K)
[3.210s][debug][gc,heap           ] GC(61) Heap after GC invocations=58 (full 3):
[3.210s][debug][gc,heap           ] GC(61)  garbage-first heap   total 262144K, used 132468K [0x00000000f0000000, 0x0000000100000000)
[3.210s][debug][gc,heap           ] GC(61)   region size 1024K, 6 young (6144K), 6 survivors (6144K)
[3.210s][debug][gc,heap           ] GC(61)  Metaspace       used 470K, committed 640K, reserved 1056768K
[3.210s][debug][gc,heap           ] GC(61)   class space    used 33K, committed 128K, reserved 1048576K
[3.210s][info ][gc                ] GC(61) Pause Young (Normal) (G1 Evacuation Pause) 129M->129M(256M) 61.530ms
[3.210s][info ][gc,cpu            ] GC(61) User=0.19s Sys=0.00s Real=0.06s
[3.244s][debug][gc,refine         ] Activated worker 0, on threshold: 13880, current: 14080
[3.244s][debug][gc,refine         ] Deactivated worker 0, off threshold: 13368, current: 13337, refined cards: 743
[3.246s][debug][gc,refine         ] Activated worker 0, on threshold: 13880, current: 14105
[3.246s][debug][gc,refine         ] Deactivated worker 0, off threshold: 13368, current: 13328, refined cards: 777
[3.248s][debug][gc,refine         ] Activated worker 0, on threshold: 13880, current: 14096
[3.248s][debug][gc,refine         ] Deactivated worker 0, off threshold: 13368, current: 13326, refined cards: 770
[3.250s][debug][gc,refine         ] Activated worker 0, on threshold: 13880, current: 14094
[3.250s][debug][gc,refine         ] Deactivated worker 0, off threshold: 13368, current: 13312, refined cards: 782
[3.252s][debug][gc,refine         ] Activated worker 0, on threshold: 13880, current: 14080
[3.252s][debug][gc,refine         ] Deactivated worker 0, off threshold: 13368, current: 13312, refined cards: 768
[3.254s][debug][gc,heap           ] GC(62) Heap before GC invocations=58 (full 3):
[3.254s][debug][gc,heap           ] GC(62)  garbage-first heap   total 262144K, used 162164K [0x00000000f0000000, 0x0000000100000000)
[3.254s][debug][gc,heap           ] GC(62)   region size 1024K, 35 young (35840K), 6 survivors (6144K)
[3.254s][debug][gc,heap           ] GC(62)  Metaspace       used 470K, committed 640K, reserved 1056768K
[3.254s][debug][gc,heap           ] GC(62)   class space    used 33K, committed 128K, reserved 1048576K
[3.254s][debug][gc,ergo           ] GC(62) Initiate concurrent cycle (concurrent cycle initiation requested)
[3.254s][info ][gc,start          ] GC(62) Pause Young (Concurrent Start) (G1 Evacuation Pause)
[3.254s][info ][gc,task           ] GC(62) Using 4 workers of 4 for evacuation
[3.254s][debug][gc,tlab           ] GC(62) TLAB totals: thrds: 1  refills: 87 max: 87 slow allocs: 0 max 0 waste:  0.2% gc: 0B max: 0B slow: 50112B max: 50112B
[3.254s][debug][gc,age            ] GC(62) Desired survivor size 2621440 bytes, new threshold 1 (max threshold 15)
[3.254s][debug][gc,refine         ] Activated worker 0, on threshold: 13880, current: 14057
[3.254s][debug][gc,refine,stats   ] GC(62) Mutator refinement: 0.00ms, refined: 0, precleaned: 0, dirtied: 14825
[3.254s][debug][gc,refine,stats   ] GC(62) Concurrent refinement: 1.47ms, refined: 3840, precleaned: 0, dirtied: 0
[3.254s][debug][gc,refine,stats   ] GC(62) Total refinement: 1.47ms, refined: 3840, precleaned: 0, dirtied: 14825
[3.254s][debug][gc,refine,stats   ] GC(62) Concurrent refinement rate: 2607.10 cards/ms
[3.254s][debug][gc,refine,stats   ] GC(62) Generate dirty cards rate: 314.24 cards/ms
[3.254s][debug][gc,alloc,region   ] GC(62) Mutator Allocation stats, regions: 29, wasted size: 0B ( 0.0%)
[3.254s][debug][gc,humongous      ] GC(62) Humongous region 173 (object size 36920416 @ 0x00000000fad00000) remset 0 code roots 0 marked 0 reclaim candidate 0 type array 0
[3.255s][debug][gc,ergo           ] GC(62) Running G1 Merge Heap Roots using 4 workers for 35 regions
[3.255s][debug][gc,remset         ] GC(62) Visited cards 14336 Total dirty 18432 (77.78%) Total old 401408 (3.57%)
[3.282s][debug][gc,ref            ] GC(62) Skipped phase 1 of Reference Processing: no references
[3.282s][debug][gc,ref            ] GC(62) Skipped phase 2 of Reference Processing: no references
[3.282s][debug][gc,ref            ] GC(62) Skipped phase 3 of Reference Processing: no references
[3.282s][debug][gc,ref            ] GC(62) Skipped phase 4 of Reference Processing: no references
[3.282s][debug][gc,ergo           ] GC(62) Running G1 Rebuild Free List Task using 4 workers for rebuilding free list of regions
[3.282s][debug][gc,plab           ] GC(62) Young PLAB allocation: allocated: 5242880B, wasted: 400B, unused: 0B, used: 5242480B, undo waste: 0B, 
[3.283s][debug][gc,plab           ] GC(62) Young other allocation: region end waste: 0B, regions filled: 5, direct allocated: 0B, failure used: 0B, failure wasted: 0B
[3.283s][debug][gc,plab           ] GC(62) Young sizing: calculated: 1048496B, actual: 1027800B
[3.283s][debug][gc,plab           ] GC(62) Old PLAB allocation: allocated: 17181696B, wasted: 464B, unused: 1113152B, used: 16068080B, undo waste: 0B, 
[3.283s][debug][gc,plab           ] GC(62) Old other allocation: region end waste: 0B, regions filled: 17, direct allocated: 0B, failure used: 0B, failure wasted: 0B
[3.283s][debug][gc,plab           ] GC(62) Old sizing: calculated: 3213616B, actual: 3903184B
[3.283s][debug][gc,ergo,heap      ] GC(62) Heap expansion: short term pause time ratio 23.85% long term pause time ratio 29.45% threshold 7.69% pause time ratio 7.69% fully expanded true resize by 0B
[3.283s][debug][gc,mmu            ] GC(62) MMU: 86.6ms (200.0ms/201.0ms)
[3.283s][debug][gc,alloc,stats    ] Old generation allocation in the last mutator period, old gen allocated: 17181696B, humongous allocated: 0B,old gen growth: 17181696B.
[3.283s][debug][gc,ihop           ] GC(62) Basic information (value update), threshold: 120795955B (45.00), target occupancy: 268435456B, current occupancy: 151780688B, recent allocation size: 17181696B, recent allocation duration: 47.18ms, recent old gen allocation rate: 364194135.74B/s, recent marking phase length: 0.00ms
[3.283s][debug][gc,ihop           ] GC(62) Adaptive IHOP information (value update), threshold: 120795955B (52.94), internal target occupancy: 228170137B, occupancy: 151780688B, additional buffer size: 31457280B, predicted old gen allocation rate: 522376623.24B/s, predicted marking phase length: 0.00ms, prediction active: false
[3.283s][debug][gc,ergo,refine    ] GC(62) Concurrent refinement times: Logged Cards Scan time goal: 20.00ms Logged Cards Scan time: 4.52ms HCC time: 0.00ms
[3.283s][debug][gc,ergo,refine    ] GC(62) Updated Refinement Zones: green: 14704, yellow: 44112, red: 73520
[3.283s][info ][gc,phases         ] GC(62)   Pre Evacuate Collection Set: 0.1ms
[3.283s][debug][gc,phases         ] GC(62)     Prepare TLABs: 0.0ms
[3.283s][debug][gc,phases         ] GC(62)     Concatenate Dirty Card Logs: 0.0ms
[3.283s][debug][gc,phases         ] GC(62)     Choose Collection Set: 0.0ms
[3.283s][debug][gc,phases         ] GC(62)     Region Register: 0.1ms
[3.283s][debug][gc,phases         ] GC(62)     Prepare Heap Roots: 0.0ms
[3.283s][debug][gc,phases         ] GC(62)     Clear Claimed Marks: 0.0ms
[3.283s][info ][gc,phases         ] GC(62)   Merge Heap Roots: 0.1ms
[3.283s][debug][gc,phases         ] GC(62)     Prepare Merge Heap Roots: 0.0ms
[3.283s][debug][gc,phases         ] GC(62)     Eager Reclaim (ms):            skipped
[3.283s][debug][gc,phases         ] GC(62)     Remembered Sets (ms):          Min:  0.0, Avg:  0.0, Max:  0.0, Diff:  0.0, Sum:  0.0, Workers: 4
[3.283s][debug][gc,phases         ] GC(62)       Merged Sparse:                 Min: 0, Avg:  0.0, Max: 0, Diff: 0, Sum: 0, Workers: 4
[3.283s][debug][gc,phases         ] GC(62)       Merged Fine:                   Min: 0, Avg:  0.0, Max: 0, Diff: 0, Sum: 0, Workers: 4
[3.283s][debug][gc,phases         ] GC(62)       Merged Coarse:                 Min: 0, Avg:  0.0, Max: 0, Diff: 0, Sum: 0, Workers: 4
[3.283s][debug][gc,phases         ] GC(62)       Dirty Cards:                   Min: 0, Avg:  0.0, Max: 0, Diff: 0, Sum: 0, Workers: 4
[3.283s][debug][gc,phases         ] GC(62)     Hot Card Cache (ms):           Min:  0.0, Avg:  0.0, Max:  0.0, Diff:  0.0, Sum:  0.0, Workers: 4
[3.283s][debug][gc,phases         ] GC(62)       Dirty Cards:                   Min: 0, Avg:  0.0, Max: 0, Diff: 0, Sum: 0, Workers: 4
[3.283s][debug][gc,phases         ] GC(62)       Skipped Cards:                 Min: 0, Avg:  0.0, Max: 0, Diff: 0, Sum: 0, Workers: 4
[3.283s][debug][gc,phases         ] GC(62)     Log Buffers (ms):              Min:  0.1, Avg:  0.1, Max:  0.1, Diff:  0.0, Sum:  0.3, Workers: 4
[3.283s][debug][gc,phases         ] GC(62)       Dirty Cards:                   Min: 3297, Avg: 3506.3, Max: 3576, Diff: 279, Sum: 14025, Workers: 4
[3.283s][debug][gc,phases         ] GC(62)       Skipped Cards:                 Min: 0, Avg:  0.0, Max: 0, Diff: 0, Sum: 0, Workers: 4
[3.283s][info ][gc,phases         ] GC(62)   Evacuate Collection Set: 27.3ms
[3.283s][debug][gc,phases         ] GC(62)     Ext Root Scanning (ms):        Min:  0.0, Avg:  0.0, Max:  0.1, Diff:  0.1, Sum:  0.1, Workers: 4
[3.283s][debug][gc,phases         ] GC(62)     Scan Heap Roots (ms):          Min:  3.6, Avg:  4.5, Max:  5.0, Diff:  1.4, Sum: 17.9, Workers: 4
[3.283s][debug][gc,phases         ] GC(62)       Scanned Cards:                 Min: 2560, Avg: 3514.3, Max: 5848, Diff: 3288, Sum: 14057, Workers: 4
[3.283s][debug][gc,phases         ] GC(62)       Scanned Blocks:                Min: 10, Avg: 14.0, Max: 23, Diff: 13, Sum: 56, Workers: 4
[3.283s][debug][gc,phases         ] GC(62)       Claimed Chunks:                Min: 10, Avg: 14.0, Max: 23, Diff: 13, Sum: 56, Workers: 4
[3.283s][debug][gc,phases         ] GC(62)     Code Root Scan (ms):           Min:  0.0, Avg:  0.0, Max:  0.0, Diff:  0.0, Sum:  0.0, Workers: 4
[3.283s][debug][gc,phases         ] GC(62)     Object Copy (ms):              Min: 22.2, Avg: 22.8, Max: 23.6, Diff:  1.4, Sum: 91.1, Workers: 4
[3.283s][debug][gc,phases         ] GC(62)     Termination (ms):              Min:  0.0, Avg:  0.0, Max:  0.0, Diff:  0.0, Sum:  0.0, Workers: 4
[3.283s][debug][gc,phases         ] GC(62)       Termination Attempts:          Min: 1, Avg:  1.0, Max: 1, Diff: 0, Sum: 4, Workers: 4
[3.283s][debug][gc,phases         ] GC(62)     GC Worker Other (ms):          Min:  0.0, Avg:  0.0, Max:  0.0, Diff:  0.0, Sum:  0.0, Workers: 4
[3.283s][debug][gc,phases         ] GC(62)     GC Worker Total (ms):          Min: 27.2, Avg: 27.3, Max: 27.3, Diff:  0.1, Sum: 109.2, Workers: 4
[3.283s][info ][gc,phases         ] GC(62)   Post Evacuate Collection Set: 0.4ms
[3.283s][debug][gc,phases         ] GC(62)     Code Roots Fixup: 0.0ms
[3.283s][debug][gc,phases         ] GC(62)     Reference Processing: 0.2ms
[3.283s][debug][gc,phases,ref     ] GC(62)       Reconsider SoftReferences: 0.1ms
[3.283s][debug][gc,phases,ref     ] GC(62)         SoftRef (ms):                  skipped
[3.283s][debug][gc,phases,ref     ] GC(62)       Notify Soft/WeakReferences: 0.0ms
[3.283s][debug][gc,phases,ref     ] GC(62)         SoftRef (ms):                  skipped
[3.283s][debug][gc,phases,ref     ] GC(62)         WeakRef (ms):                  skipped
[3.283s][debug][gc,phases,ref     ] GC(62)         FinalRef (ms):                 skipped
[3.284s][debug][gc,phases,ref     ] GC(62)         Total (ms):                    skipped
[3.284s][debug][gc,phases,ref     ] GC(62)       Notify and keep alive finalizable: 0.0ms
[3.284s][debug][gc,phases,ref     ] GC(62)         FinalRef (ms):                 skipped
[3.284s][debug][gc,phases,ref     ] GC(62)       Notify PhantomReferences: 0.0ms
[3.284s][debug][gc,phases,ref     ] GC(62)         PhantomRef (ms):               skipped
[3.284s][debug][gc,phases,ref     ] GC(62)       SoftReference:
[3.284s][debug][gc,phases,ref     ] GC(62)         Discovered: 0
[3.284s][debug][gc,phases,ref     ] GC(62)         Cleared: 0
[3.284s][debug][gc,phases,ref     ] GC(62)       WeakReference:
[3.284s][debug][gc,phases,ref     ] GC(62)         Discovered: 0
[3.284s][debug][gc,phases,ref     ] GC(62)         Cleared: 0
[3.284s][debug][gc,phases,ref     ] GC(62)       FinalReference:
[3.284s][debug][gc,phases,ref     ] GC(62)         Discovered: 0
[3.284s][debug][gc,phases,ref     ] GC(62)         Cleared: 0
[3.284s][debug][gc,phases,ref     ] GC(62)       PhantomReference:
[3.284s][debug][gc,phases,ref     ] GC(62)         Discovered: 0
[3.284s][debug][gc,phases,ref     ] GC(62)         Cleared: 0
[3.284s][debug][gc,phases         ] GC(62)     Weak Processing: 0.0ms
[3.284s][debug][gc,phases         ] GC(62)       VM Weak                        Min:  0.0, Avg:  0.0, Max:  0.0, Diff:  0.0, Sum:  0.0, Workers: 3
[3.284s][debug][gc,phases         ] GC(62)         Dead                           Min: 0, Avg:  0.0, Max: 0, Diff: 0, Sum: 0, Workers: 3
[3.284s][debug][gc,phases         ] GC(62)         Total                          Min: 0, Avg:  2.7, Max: 8, Diff: 8, Sum: 8, Workers: 3
[3.284s][debug][gc,phases         ] GC(62)       ObjectSynchronizer Weak        Min:  0.0, Avg:  0.0, Max:  0.0, Diff:  0.0, Sum:  0.0, Workers: 3
[3.284s][debug][gc,phases         ] GC(62)         Dead                           Min: 0, Avg:  0.0, Max: 0, Diff: 0, Sum: 0, Workers: 3
[3.284s][debug][gc,phases         ] GC(62)         Total                          Min: 0, Avg:  1.0, Max: 3, Diff: 3, Sum: 3, Workers: 3
[3.284s][debug][gc,phases         ] GC(62)       JVMTI Tag Weak OopStorage      Min:  0.0, Avg:  0.0, Max:  0.0, Diff:  0.0, Sum:  0.0, Workers: 3
[3.284s][debug][gc,phases         ] GC(62)         Dead                           Min: 0, Avg:  0.0, Max: 0, Diff: 0, Sum: 0, Workers: 3
[3.284s][debug][gc,phases         ] GC(62)         Total                          Min: 0, Avg:  0.0, Max: 0, Diff: 0, Sum: 0, Workers: 3
[3.284s][debug][gc,phases         ] GC(62)       StringTable Weak               Min:  0.0, Avg:  0.0, Max:  0.0, Diff:  0.0, Sum:  0.0, Workers: 3
[3.284s][debug][gc,phases         ] GC(62)         Dead                           Min: 0, Avg:  0.0, Max: 0, Diff: 0, Sum: 0, Workers: 3
[3.284s][debug][gc,phases         ] GC(62)         Total                          Min: 768, Avg: 819.0, Max: 896, Diff: 128, Sum: 2457, Workers: 3
[3.284s][debug][gc,phases         ] GC(62)       ResolvedMethodTable Weak       Min:  0.0, Avg:  0.0, Max:  0.0, Diff:  0.0, Sum:  0.0, Workers: 3
[3.284s][debug][gc,phases         ] GC(62)         Dead                           Min: 0, Avg:  0.0, Max: 0, Diff: 0, Sum: 0, Workers: 3
[3.284s][debug][gc,phases         ] GC(62)         Total                          Min: 9, Avg: 45.7, Max: 64, Diff: 55, Sum: 137, Workers: 3
[3.284s][debug][gc,phases         ] GC(62)       JNI Weak                       Min:  0.0, Avg:  0.0, Max:  0.0, Diff:  0.0, Sum:  0.0, Workers: 3
[3.284s][debug][gc,phases         ] GC(62)         Dead                           Min: 0, Avg:  0.0, Max: 0, Diff: 0, Sum: 0, Workers: 3
[3.284s][debug][gc,phases         ] GC(62)         Total                          Min: 0, Avg:  0.0, Max: 0, Diff: 0, Sum: 0, Workers: 3
[3.284s][debug][gc,phases         ] GC(62)       StringDedup Table Weak         Min:  0.0, Avg:  0.0, Max:  0.0, Diff:  0.0, Sum:  0.0, Workers: 3
[3.284s][debug][gc,phases         ] GC(62)         Dead                           Min: 0, Avg:  0.0, Max: 0, Diff: 0, Sum: 0, Workers: 3
[3.284s][debug][gc,phases         ] GC(62)         Total                          Min: 0, Avg:  0.0, Max: 0, Diff: 0, Sum: 0, Workers: 3
[3.284s][debug][gc,phases         ] GC(62)       StringDedup Requests0 Weak     Min:  0.0, Avg:  0.0, Max:  0.0, Diff:  0.0, Sum:  0.0, Workers: 3
[3.284s][debug][gc,phases         ] GC(62)         Dead                           Min: 0, Avg:  0.0, Max: 0, Diff: 0, Sum: 0, Workers: 3
[3.284s][debug][gc,phases         ] GC(62)         Total                          Min: 0, Avg:  0.0, Max: 0, Diff: 0, Sum: 0, Workers: 3
[3.284s][debug][gc,phases         ] GC(62)       StringDedup Requests1 Weak     Min:  0.0, Avg:  0.0, Max:  0.0, Diff:  0.0, Sum:  0.0, Workers: 3
[3.284s][debug][gc,phases         ] GC(62)         Dead                           Min: 0, Avg:  0.0, Max: 0, Diff: 0, Sum: 0, Workers: 3
[3.284s][debug][gc,phases         ] GC(62)         Total                          Min: 0, Avg:  0.0, Max: 0, Diff: 0, Sum: 0, Workers: 3
[3.284s][debug][gc,phases         ] GC(62)       Weak JFR Old Object Samples    Min:  0.0, Avg:  0.0, Max:  0.0, Diff:  0.0, Sum:  0.0, Workers: 3
[3.284s][debug][gc,phases         ] GC(62)         Dead                           Min: 0, Avg:  0.0, Max: 0, Diff: 0, Sum: 0, Workers: 3
[3.284s][debug][gc,phases         ] GC(62)         Total                          Min: 0, Avg:  0.0, Max: 0, Diff: 0, Sum: 0, Workers: 3
[3.284s][debug][gc,phases         ] GC(62)     Post Evacuate Cleanup 1: 0.0ms
[3.284s][debug][gc,phases         ] GC(62)       Merge Per-Thread State (ms):   Min:  0.0, Avg:  0.0, Max:  0.0, Diff:  0.0, Sum:  0.0, Workers: 1
[3.284s][debug][gc,phases         ] GC(62)         Copied Bytes                   Min: 5039936, Avg: 5327640.0, Max: 5780000, Diff: 740064, Sum: 21310560, Workers: 4
[3.284s][debug][gc,phases         ] GC(62)         LAB Waste                      Min: 208, Avg: 216.0, Max: 240, Diff: 32, Sum: 864, Workers: 4
[3.284s][debug][gc,phases         ] GC(62)         LAB Undo Waste                 Min: 0, Avg:  0.0, Max: 0, Diff: 0, Sum: 0, Workers: 4
[3.284s][debug][gc,phases         ] GC(62)       Clear Logged Cards (ms):       Min:  0.0, Avg:  0.0, Max:  0.0, Diff:  0.0, Sum:  0.0, Workers: 3
[3.284s][debug][gc,phases         ] GC(62)       Recalculate Used Memory (ms):  Min:  0.0, Avg:  0.0, Max:  0.0, Diff:  0.0, Sum:  0.0, Workers: 1
[3.284s][debug][gc,phases         ] GC(62)     Post Evacuate Cleanup 2: 0.1ms
[3.284s][debug][gc,phases         ] GC(62)       Reset Hot Card Cache (ms):     Min:  0.0, Avg:  0.0, Max:  0.0, Diff:  0.0, Sum:  0.0, Workers: 1
[3.284s][debug][gc,phases         ] GC(62)       Purge Code Roots (ms):         Min:  0.0, Avg:  0.0, Max:  0.0, Diff:  0.0, Sum:  0.0, Workers: 1
[3.284s][debug][gc,phases         ] GC(62)       Update Derived Pointers (ms):  Min:  0.0, Avg:  0.0, Max:  0.0, Diff:  0.0, Sum:  0.0, Workers: 1
[3.284s][debug][gc,phases         ] GC(62)       Eagerly Reclaim Humongous Objects (ms): Min:  0.0, Avg:  0.0, Max:  0.0, Diff:  0.0, Sum:  0.0, Workers: 1
[3.284s][debug][gc,phases         ] GC(62)         Humongous Total                Min: 1, Avg:  1.0, Max: 1, Diff: 0, Sum: 1, Workers: 1
[3.285s][debug][gc,phases         ] GC(62)         Humongous Candidates           Min: 0, Avg:  0.0, Max: 0, Diff: 0, Sum: 0, Workers: 1
[3.285s][debug][gc,phases         ] GC(62)         Humongous Reclaimed            Min: 0, Avg:  0.0, Max: 0, Diff: 0, Sum: 0, Workers: 1
[3.285s][debug][gc,phases         ] GC(62)       Redirty Logged Cards (ms):     Min:  0.0, Avg:  0.0, Max:  0.0, Diff:  0.0, Sum:  0.0, Workers: 4
[3.285s][debug][gc,phases         ] GC(62)         Redirtied Cards:               Min: 0, Avg: 640.8, Max: 1143, Diff: 1143, Sum: 2563, Workers: 4
[3.285s][debug][gc,phases         ] GC(62)       Free Collection Set (ms):      Min:  0.0, Avg:  0.0, Max:  0.0, Diff:  0.0, Sum:  0.0, Workers: 4
[3.285s][debug][gc,phases         ] GC(62)     Rebuild Free List: 0.1ms
[3.285s][debug][gc,phases         ] GC(62)     Start New Collection Set: 0.0ms
[3.285s][debug][gc,phases         ] GC(62)     Resize TLABs: 0.0ms
[3.285s][debug][gc,phases         ] GC(62)     Expand Heap After Collection: 0.0ms
[3.285s][info ][gc,phases         ] GC(62)   Other: 0.7ms
[3.285s][info ][gc,heap           ] GC(62) Eden regions: 29->0(25)
[3.285s][info ][gc,heap           ] GC(62) Survivor regions: 6->5(5)
[3.285s][info ][gc,heap           ] GC(62) Old regions: 90->106
[3.285s][info ][gc,heap           ] GC(62) Archive regions: 0->0
[3.285s][info ][gc,heap           ] GC(62) Humongous regions: 36->36
[3.285s][info ][gc,metaspace      ] GC(62) Metaspace: 470K(640K)->470K(640K) NonClass: 437K(512K)->437K(512K) Class: 33K(128K)->33K(128K)
[3.285s][debug][gc,heap           ] GC(62) Heap after GC invocations=59 (full 3):
[3.285s][debug][gc,heap           ] GC(62)  garbage-first heap   total 262144K, used 148223K [0x00000000f0000000, 0x0000000100000000)
[3.285s][debug][gc,heap           ] GC(62)   region size 1024K, 5 young (5120K), 5 survivors (5120K)
[3.285s][debug][gc,heap           ] GC(62)  Metaspace       used 470K, committed 640K, reserved 1056768K
[3.285s][debug][gc,heap           ] GC(62)   class space    used 33K, committed 128K, reserved 1048576K
[3.285s][info ][gc                ] GC(62) Pause Young (Concurrent Start) (G1 Evacuation Pause) 158M->144M(256M) 30.662ms
[3.285s][info ][gc,cpu            ] GC(62) User=0.09s Sys=0.00s Real=0.03s
[3.285s][info ][gc                ] GC(63) Concurrent Mark Cycle
[3.285s][debug][gc,refine         ] Deactivated worker 0, off threshold: 14704, current: 2563, refined cards: 0
[3.285s][info ][gc,marking        ] GC(63) Concurrent Clear Claimed Marks
[3.285s][info ][gc,marking        ] GC(63) Concurrent Clear Claimed Marks 0.063ms
[3.285s][info ][gc,marking        ] GC(63) Concurrent Scan Root Regions
[3.285s][debug][gc,ergo           ] GC(63) Running G1 Root Region Scan using 1 workers for 22 work units.
[3.296s][info ][gc,marking        ] GC(63) Concurrent Scan Root Regions 11.356ms
[3.296s][info ][gc,marking        ] GC(63) Concurrent Mark
[3.296s][info ][gc,marking        ] GC(63) Concurrent Mark From Roots
[3.296s][info ][gc,task           ] GC(63) Using 1 workers of 1 for marking
[3.331s][debug][gc,heap           ] GC(64) Heap before GC invocations=59 (full 3):
[3.331s][debug][gc,heap           ] GC(64)  garbage-first heap   total 262144K, used 173823K [0x00000000f0000000, 0x0000000100000000)
[3.331s][debug][gc,heap           ] GC(64)   region size 1024K, 30 young (30720K), 5 survivors (5120K)
[3.331s][debug][gc,heap           ] GC(64)  Metaspace       used 470K, committed 640K, reserved 1056768K
[3.331s][debug][gc,heap           ] GC(64)   class space    used 33K, committed 128K, reserved 1048576K
[3.331s][info ][gc,start          ] GC(64) Pause Young (Normal) (G1 Evacuation Pause)
[3.331s][info ][gc,task           ] GC(64) Using 4 workers of 4 for evacuation
[3.331s][debug][gc,tlab           ] GC(64) TLAB totals: thrds: 1  refills: 75 max: 75 slow allocs: 0 max 0 waste:  0.2% gc: 0B max: 0B slow: 43200B max: 43200B
[3.331s][debug][gc,age            ] GC(64) Desired survivor size 2097152 bytes, new threshold 1 (max threshold 15)
[3.331s][debug][gc,refine         ] Activated worker 0, on threshold: 15216, current: 15370
[3.331s][debug][gc,refine,stats   ] GC(64) Mutator refinement: 0.00ms, refined: 0, precleaned: 0, dirtied: 12807
[3.331s][debug][gc,refine,stats   ] GC(64) Concurrent refinement: 0.00ms, refined: 0, precleaned: 0, dirtied: 0
[3.331s][debug][gc,refine,stats   ] GC(64) Total refinement: 0.00ms, refined: 0, precleaned: 0, dirtied: 12807
[3.331s][debug][gc,refine,stats   ] GC(64) Generate dirty cards rate: 266.61 cards/ms
[3.331s][debug][gc,alloc,region   ] GC(64) Mutator Allocation stats, regions: 25, wasted size: 17600B ( 0.1%)
[3.331s][debug][gc,humongous      ] GC(64) Humongous region 173 (object size 36920416 @ 0x00000000fad00000) remset 0 code roots 0 marked 1 reclaim candidate 0 type array 0
[3.331s][debug][gc,ergo           ] GC(64) Running G1 Merge Heap Roots using 4 workers for 30 regions
[3.331s][debug][gc,remset         ] GC(64) Visited cards 16896 Total dirty 24576 (68.75%) Total old 413696 (4.08%)
[3.370s][debug][gc,ref            ] GC(64) Skipped phase 1 of Reference Processing: no references
[3.370s][debug][gc,ref            ] GC(64) Skipped phase 2 of Reference Processing: no references
[3.370s][debug][gc,ref            ] GC(64) Skipped phase 3 of Reference Processing: no references
[3.370s][debug][gc,ref            ] GC(64) Skipped phase 4 of Reference Processing: no references
[3.370s][debug][gc,ergo           ] GC(64) Running G1 Rebuild Free List Task using 4 workers for rebuilding free list of regions
[3.370s][debug][gc,plab           ] GC(64) Young PLAB allocation: allocated: 4194304B, wasted: 320B, unused: 0B, used: 4193984B, undo waste: 0B, 
[3.370s][debug][gc,plab           ] GC(64) Young other allocation: region end waste: 0B, regions filled: 4, direct allocated: 0B, failure used: 0B, failure wasted: 0B
[3.370s][debug][gc,plab           ] GC(64) Young sizing: calculated: 838792B, actual: 886040B
[3.370s][debug][gc,plab           ] GC(64) Old PLAB allocation: allocated: 28311552B, wasted: 800B, unused: 1108656B, used: 27202096B, undo waste: 0B, 
[3.370s][debug][gc,plab           ] GC(64) Old other allocation: region end waste: 0B, regions filled: 28, direct allocated: 0B, failure used: 0B, failure wasted: 0B
[3.370s][debug][gc,plab           ] GC(64) Old sizing: calculated: 5440416B, actual: 5056104B
[3.370s][debug][gc,ergo,heap      ] GC(64) Heap expansion: short term pause time ratio 37.62% long term pause time ratio 33.95% threshold 7.69% pause time ratio 7.69% fully expanded true resize by 0B
[3.370s][debug][gc,mmu            ] GC(64) MMU: 105.8ms (200.0ms/201.0ms)
[3.370s][debug][gc,alloc,stats    ] Old generation allocation in the last mutator period, old gen allocated: 28311552B, humongous allocated: 0B,old gen growth: 28311552B.
[3.370s][debug][gc,ihop           ] GC(64) Basic information (value update), threshold: 120795955B (45.00), target occupancy: 268435456B, current occupancy: 179043664B, recent allocation size: 28311552B, recent allocation duration: 48.04ms, recent old gen allocation rate: 589369694.19B/s, recent marking phase length: 0.00ms
[3.371s][debug][gc,ihop           ] GC(64) Adaptive IHOP information (value update), threshold: 120795955B (52.94), internal target occupancy: 228170137B, occupancy: 179043664B, additional buffer size: 22020096B, predicted old gen allocation rate: 530574829.44B/s, predicted marking phase length: 0.00ms, prediction active: false
[3.371s][debug][gc,ergo,refine    ] GC(64) Concurrent refinement times: Logged Cards Scan time goal: 20.00ms Logged Cards Scan time: 5.88ms HCC time: 0.00ms
[3.371s][debug][gc,ergo,refine    ] GC(64) Updated Refinement Zones: green: 16174, yellow: 48522, red: 80870
[3.371s][info ][gc,phases         ] GC(64)   Pre Evacuate Collection Set: 0.1ms
[3.371s][debug][gc,phases         ] GC(64)     Prepare TLABs: 0.0ms
[3.371s][debug][gc,phases         ] GC(64)     Concatenate Dirty Card Logs: 0.0ms
[3.371s][debug][gc,phases         ] GC(64)     Choose Collection Set: 0.0ms
[3.371s][debug][gc,phases         ] GC(64)     Region Register: 0.1ms
[3.371s][debug][gc,phases         ] GC(64)     Prepare Heap Roots: 0.0ms
[3.371s][info ][gc,phases         ] GC(64)   Merge Heap Roots: 0.2ms
[3.371s][debug][gc,phases         ] GC(64)     Prepare Merge Heap Roots: 0.0ms
[3.371s][debug][gc,phases         ] GC(64)     Eager Reclaim (ms):            skipped
[3.371s][debug][gc,phases         ] GC(64)     Remembered Sets (ms):          Min:  0.0, Avg:  0.0, Max:  0.0, Diff:  0.0, Sum:  0.0, Workers: 4
[3.371s][debug][gc,phases         ] GC(64)       Merged Sparse:                 Min: 0, Avg:  0.0, Max: 0, Diff: 0, Sum: 0, Workers: 4
[3.371s][debug][gc,phases         ] GC(64)       Merged Fine:                   Min: 0, Avg:  0.0, Max: 0, Diff: 0, Sum: 0, Workers: 4
[3.371s][debug][gc,phases         ] GC(64)       Merged Coarse:                 Min: 0, Avg:  0.0, Max: 0, Diff: 0, Sum: 0, Workers: 4
[3.371s][debug][gc,phases         ] GC(64)       Dirty Cards:                   Min: 0, Avg:  0.0, Max: 0, Diff: 0, Sum: 0, Workers: 4
[3.371s][debug][gc,phases         ] GC(64)     Hot Card Cache (ms):           Min:  0.0, Avg:  0.0, Max:  0.0, Diff:  0.0, Sum:  0.0, Workers: 4
[3.371s][debug][gc,phases         ] GC(64)       Dirty Cards:                   Min: 0, Avg:  0.0, Max: 0, Diff: 0, Sum: 0, Workers: 4
[3.371s][debug][gc,phases         ] GC(64)       Skipped Cards:                 Min: 0, Avg:  0.0, Max: 0, Diff: 0, Sum: 0, Workers: 4
[3.371s][debug][gc,phases         ] GC(64)     Log Buffers (ms):              Min:  0.1, Avg:  0.1, Max:  0.1, Diff:  0.0, Sum:  0.3, Workers: 4
[3.371s][debug][gc,phases         ] GC(64)       Dirty Cards:                   Min: 3735, Avg: 3834.5, Max: 3951, Diff: 216, Sum: 15338, Workers: 4
[3.371s][debug][gc,phases         ] GC(64)       Skipped Cards:                 Min: 0, Avg:  0.0, Max: 0, Diff: 0, Sum: 0, Workers: 4
[3.371s][info ][gc,phases         ] GC(64)   Evacuate Collection Set: 38.7ms
[3.371s][debug][gc,phases         ] GC(64)     Ext Root Scanning (ms):        Min:  0.0, Avg:  0.0, Max:  0.0, Diff:  0.0, Sum:  0.1, Workers: 4
[3.371s][debug][gc,phases         ] GC(64)     Scan Heap Roots (ms):          Min:  4.9, Avg:  5.8, Max:  7.4, Diff:  2.5, Sum: 23.3, Workers: 4
[3.371s][debug][gc,phases         ] GC(64)       Scanned Cards:                 Min: 3584, Avg: 3842.5, Max: 3952, Diff: 368, Sum: 15370, Workers: 4
[3.371s][debug][gc,phases         ] GC(64)       Scanned Blocks:                Min: 14, Avg: 18.5, Max: 27, Diff: 13, Sum: 74, Workers: 4
[3.371s][debug][gc,phases         ] GC(64)       Claimed Chunks:                Min: 14, Avg: 16.5, Max: 19, Diff: 5, Sum: 66, Workers: 4
[3.371s][debug][gc,phases         ] GC(64)     Code Root Scan (ms):           Min:  0.0, Avg:  0.0, Max:  0.0, Diff:  0.0, Sum:  0.0, Workers: 4
[3.371s][debug][gc,phases         ] GC(64)     Object Copy (ms):              Min: 31.2, Avg: 32.8, Max: 33.7, Diff:  2.5, Sum: 131.1, Workers: 4
[3.371s][debug][gc,phases         ] GC(64)     Termination (ms):              Min:  0.0, Avg:  0.0, Max:  0.0, Diff:  0.0, Sum:  0.0, Workers: 4
[3.371s][debug][gc,phases         ] GC(64)       Termination Attempts:          Min: 1, Avg: 14.5, Max: 32, Diff: 31, Sum: 58, Workers: 4
[3.371s][debug][gc,phases         ] GC(64)     GC Worker Other (ms):          Min:  0.0, Avg:  0.0, Max:  0.0, Diff:  0.0, Sum:  0.0, Workers: 4
[3.371s][debug][gc,phases         ] GC(64)     GC Worker Total (ms):          Min: 38.6, Avg: 38.6, Max: 38.6, Diff:  0.0, Sum: 154.6, Workers: 4
[3.371s][info ][gc,phases         ] GC(64)   Post Evacuate Collection Set: 0.4ms
[3.371s][debug][gc,phases         ] GC(64)     Code Roots Fixup: 0.0ms
[3.371s][debug][gc,phases         ] GC(64)     Reference Processing: 0.2ms
[3.372s][debug][gc,phases,ref     ] GC(64)       Reconsider SoftReferences: 0.1ms
[3.372s][debug][gc,phases,ref     ] GC(64)         SoftRef (ms):                  skipped
[3.372s][debug][gc,phases,ref     ] GC(64)       Notify Soft/WeakReferences: 0.0ms
[3.372s][debug][gc,phases,ref     ] GC(64)         SoftRef (ms):                  skipped
[3.372s][debug][gc,phases,ref     ] GC(64)         WeakRef (ms):                  skipped
[3.372s][debug][gc,phases,ref     ] GC(64)         FinalRef (ms):                 skipped
[3.372s][debug][gc,phases,ref     ] GC(64)         Total (ms):                    skipped
[3.372s][debug][gc,phases,ref     ] GC(64)       Notify and keep alive finalizable: 0.0ms
[3.372s][debug][gc,phases,ref     ] GC(64)         FinalRef (ms):                 skipped
[3.372s][debug][gc,phases,ref     ] GC(64)       Notify PhantomReferences: 0.0ms
[3.372s][debug][gc,phases,ref     ] GC(64)         PhantomRef (ms):               skipped
[3.372s][debug][gc,phases,ref     ] GC(64)       SoftReference:
[3.372s][debug][gc,phases,ref     ] GC(64)         Discovered: 0
[3.372s][debug][gc,phases,ref     ] GC(64)         Cleared: 0
[3.372s][debug][gc,phases,ref     ] GC(64)       WeakReference:
[3.372s][debug][gc,phases,ref     ] GC(64)         Discovered: 0
[3.372s][debug][gc,phases,ref     ] GC(64)         Cleared: 0
[3.372s][debug][gc,phases,ref     ] GC(64)       FinalReference:
[3.372s][debug][gc,phases,ref     ] GC(64)         Discovered: 0
[3.372s][debug][gc,phases,ref     ] GC(64)         Cleared: 0
[3.372s][debug][gc,phases,ref     ] GC(64)       PhantomReference:
[3.372s][debug][gc,phases,ref     ] GC(64)         Discovered: 0
[3.372s][debug][gc,phases,ref     ] GC(64)         Cleared: 0
[3.372s][debug][gc,phases         ] GC(64)     Weak Processing: 0.0ms
[3.372s][debug][gc,phases         ] GC(64)       VM Weak                        Min:  0.0, Avg:  0.0, Max:  0.0, Diff:  0.0, Sum:  0.0, Workers: 3
[3.372s][debug][gc,phases         ] GC(64)         Dead                           Min: 0, Avg:  0.0, Max: 0, Diff: 0, Sum: 0, Workers: 3
[3.372s][debug][gc,phases         ] GC(64)         Total                          Min: 0, Avg:  2.7, Max: 8, Diff: 8, Sum: 8, Workers: 3
[3.372s][debug][gc,phases         ] GC(64)       ObjectSynchronizer Weak        Min:  0.0, Avg:  0.0, Max:  0.0, Diff:  0.0, Sum:  0.0, Workers: 3
[3.372s][debug][gc,phases         ] GC(64)         Dead                           Min: 0, Avg:  0.0, Max: 0, Diff: 0, Sum: 0, Workers: 3
[3.372s][debug][gc,phases         ] GC(64)         Total                          Min: 0, Avg:  1.0, Max: 3, Diff: 3, Sum: 3, Workers: 3
[3.372s][debug][gc,phases         ] GC(64)       JVMTI Tag Weak OopStorage      Min:  0.0, Avg:  0.0, Max:  0.0, Diff:  0.0, Sum:  0.0, Workers: 3
[3.372s][debug][gc,phases         ] GC(64)         Dead                           Min: 0, Avg:  0.0, Max: 0, Diff: 0, Sum: 0, Workers: 3
[3.372s][debug][gc,phases         ] GC(64)         Total                          Min: 0, Avg:  0.0, Max: 0, Diff: 0, Sum: 0, Workers: 3
[3.373s][debug][gc,phases         ] GC(64)       StringTable Weak               Min:  0.0, Avg:  0.0, Max:  0.0, Diff:  0.0, Sum:  0.0, Workers: 3
[3.373s][debug][gc,phases         ] GC(64)         Dead                           Min: 0, Avg:  0.0, Max: 0, Diff: 0, Sum: 0, Workers: 3
[3.373s][debug][gc,phases         ] GC(64)         Total                          Min: 665, Avg: 819.0, Max: 896, Diff: 231, Sum: 2457, Workers: 3
[3.373s][debug][gc,phases         ] GC(64)       ResolvedMethodTable Weak       Min:  0.0, Avg:  0.0, Max:  0.0, Diff:  0.0, Sum:  0.0, Workers: 3
[3.373s][debug][gc,task,start     ] G1 Service Thread (Remembered Set Sampling Task) (run)
[3.373s][debug][gc,phases         ] GC(64)         Dead                           Min: 0, Avg:  0.0, Max: 0, Diff: 0, Sum: 0, Workers: 3
[3.373s][debug][gc,phases         ] GC(64)         Total                          Min: 9, Avg: 45.7, Max: 64, Diff: 55, Sum: 137, Workers: 3
[3.373s][debug][gc,phases         ] GC(64)       JNI Weak                       Min:  0.0, Avg:  0.0, Max:  0.0, Diff:  0.0, Sum:  0.0, Workers: 3
[3.373s][debug][gc,phases         ] GC(64)         Dead                           Min: 0, Avg:  0.0, Max: 0, Diff: 0, Sum: 0, Workers: 3
[3.373s][debug][gc,phases         ] GC(64)         Total                          Min: 0, Avg:  0.0, Max: 0, Diff: 0, Sum: 0, Workers: 3
[3.373s][debug][gc,phases         ] GC(64)       StringDedup Table Weak         Min:  0.0, Avg:  0.0, Max:  0.0, Diff:  0.0, Sum:  0.0, Workers: 3
[3.373s][debug][gc,phases         ] GC(64)         Dead                           Min: 0, Avg:  0.0, Max: 0, Diff: 0, Sum: 0, Workers: 3
[3.373s][debug][gc,phases         ] GC(64)         Total                          Min: 0, Avg:  0.0, Max: 0, Diff: 0, Sum: 0, Workers: 3
[3.373s][debug][gc,phases         ] GC(64)       StringDedup Requests0 Weak     Min:  0.0, Avg:  0.0, Max:  0.0, Diff:  0.0, Sum:  0.0, Workers: 3
[3.373s][debug][gc,phases         ] GC(64)         Dead                           Min: 0, Avg:  0.0, Max: 0, Diff: 0, Sum: 0, Workers: 3
[3.373s][debug][gc,phases         ] GC(64)         Total                          Min: 0, Avg:  0.0, Max: 0, Diff: 0, Sum: 0, Workers: 3
[3.373s][debug][gc,phases         ] GC(64)       StringDedup Requests1 Weak     Min:  0.0, Avg:  0.0, Max:  0.0, Diff:  0.0, Sum:  0.0, Workers: 3
[3.373s][debug][gc,phases         ] GC(64)         Dead                           Min: 0, Avg:  0.0, Max: 0, Diff: 0, Sum: 0, Workers: 3
[3.373s][debug][gc,phases         ] GC(64)         Total                          Min: 0, Avg:  0.0, Max: 0, Diff: 0, Sum: 0, Workers: 3
[3.373s][debug][gc,phases         ] GC(64)       Weak JFR Old Object Samples    Min:  0.0, Avg:  0.0, Max:  0.0, Diff:  0.0, Sum:  0.0, Workers: 3
[3.373s][debug][gc,phases         ] GC(64)         Dead                           Min: 0, Avg:  0.0, Max: 0, Diff: 0, Sum: 0, Workers: 3
[3.373s][debug][gc,phases         ] GC(64)         Total                          Min: 0, Avg:  0.0, Max: 0, Diff: 0, Sum: 0, Workers: 3
[3.373s][debug][gc,phases         ] GC(64)     Post Evacuate Cleanup 1: 0.0ms
[3.373s][debug][gc,phases         ] GC(64)       Merge Per-Thread State (ms):   Min:  0.0, Avg:  0.0, Max:  0.0, Diff:  0.0, Sum:  0.0, Workers: 1
[3.373s][debug][gc,phases         ] GC(64)         Copied Bytes                   Min: 7176256, Avg: 7849020.0, Max: 8100768, Diff: 924512, Sum: 31396080, Workers: 4
[3.373s][debug][gc,phases         ] GC(64)         LAB Waste                      Min: 240, Avg: 280.0, Max: 320, Diff: 80, Sum: 1120, Workers: 4
[3.373s][debug][gc,phases         ] GC(64)         LAB Undo Waste                 Min: 0, Avg:  0.0, Max: 0, Diff: 0, Sum: 0, Workers: 4
[3.373s][debug][gc,phases         ] GC(64)       Clear Logged Cards (ms):       Min:  0.0, Avg:  0.0, Max:  0.0, Diff:  0.0, Sum:  0.0, Workers: 3
[3.373s][debug][gc,phases         ] GC(64)       Recalculate Used Memory (ms):  Min:  0.0, Avg:  0.0, Max:  0.0, Diff:  0.0, Sum:  0.0, Workers: 1
[3.373s][debug][gc,phases         ] GC(64)     Post Evacuate Cleanup 2: 0.1ms
[3.373s][debug][gc,phases         ] GC(64)       Reset Hot Card Cache (ms):     Min:  0.0, Avg:  0.0, Max:  0.0, Diff:  0.0, Sum:  0.0, Workers: 1
[3.373s][debug][gc,phases         ] GC(64)       Purge Code Roots (ms):         Min:  0.0, Avg:  0.0, Max:  0.0, Diff:  0.0, Sum:  0.0, Workers: 1
[3.373s][debug][gc,phases         ] GC(64)       Update Derived Pointers (ms):  Min:  0.0, Avg:  0.0, Max:  0.0, Diff:  0.0, Sum:  0.0, Workers: 1
[3.373s][debug][gc,phases         ] GC(64)       Eagerly Reclaim Humongous Objects (ms): Min:  0.0, Avg:  0.0, Max:  0.0, Diff:  0.0, Sum:  0.0, Workers: 1
[3.373s][debug][gc,phases         ] GC(64)         Humongous Total                Min: 1, Avg:  1.0, Max: 1, Diff: 0, Sum: 1, Workers: 1
[3.373s][debug][gc,phases         ] GC(64)         Humongous Candidates           Min: 0, Avg:  0.0, Max: 0, Diff: 0, Sum: 0, Workers: 1
[3.373s][debug][gc,phases         ] GC(64)         Humongous Reclaimed            Min: 0, Avg:  0.0, Max: 0, Diff: 0, Sum: 0, Workers: 1
[3.373s][debug][gc,phases         ] GC(64)       Redirty Logged Cards (ms):     Min:  0.0, Avg:  0.0, Max:  0.0, Diff:  0.0, Sum:  0.0, Workers: 4
[3.373s][debug][gc,phases         ] GC(64)         Redirtied Cards:               Min: 0, Avg: 512.8, Max: 901, Diff: 901, Sum: 2051, Workers: 4
[3.373s][debug][gc,phases         ] GC(64)       Free Collection Set (ms):      Min:  0.0, Avg:  0.0, Max:  0.0, Diff:  0.0, Sum:  0.0, Workers: 4
[3.373s][debug][gc,phases         ] GC(64)     Rebuild Free List: 0.1ms
[3.373s][debug][gc,phases         ] GC(64)     Start New Collection Set: 0.0ms
[3.373s][debug][gc,phases         ] GC(64)     Resize TLABs: 0.0ms
[3.373s][debug][gc,phases         ] GC(64)     Expand Heap After Collection: 0.0ms
[3.374s][info ][gc,phases         ] GC(64)   Other: 0.8ms
[3.374s][info ][gc,heap           ] GC(64) Eden regions: 25->0(17)
[3.374s][info ][gc,heap           ] GC(64) Survivor regions: 5->4(4)
[3.374s][info ][gc,heap           ] GC(64) Old regions: 106->133
[3.374s][info ][gc,heap           ] GC(64) Archive regions: 0->0
[3.374s][info ][gc,heap           ] GC(64) Humongous regions: 36->36
[3.374s][info ][gc,metaspace      ] GC(64) Metaspace: 470K(640K)->470K(640K) NonClass: 437K(512K)->437K(512K) Class: 33K(128K)->33K(128K)
[3.374s][debug][gc,heap           ] GC(64) Heap after GC invocations=60 (full 3):
[3.374s][debug][gc,heap           ] GC(64)  garbage-first heap   total 262144K, used 174847K [0x00000000f0000000, 0x0000000100000000)
[3.374s][debug][gc,heap           ] GC(64)   region size 1024K, 4 young (4096K), 4 survivors (4096K)
[3.374s][debug][gc,heap           ] GC(64)  Metaspace       used 470K, committed 640K, reserved 1056768K
[3.374s][debug][gc,heap           ] GC(64)   class space    used 33K, committed 128K, reserved 1048576K
[3.374s][info ][gc                ] GC(64) Pause Young (Normal) (G1 Evacuation Pause) 169M->170M(256M) 43.156ms
[3.374s][info ][gc,cpu            ] GC(64) User=0.19s Sys=0.00s Real=0.04s
[3.374s][debug][gc,refine         ] Deactivated worker 0, off threshold: 16174, current: 2051, refined cards: 0
[3.374s][debug][gc,task           ] G1 Service Thread (Remembered Set Sampling Task) (run) 1.323ms (cpu: 0.000ms)
[3.384s][debug][gc,stats          ] ---------------------------------------------------------------------
[3.384s][debug][gc,stats          ] Marking Stats, task = 0, calls = 9
[3.384s][debug][gc,stats          ]   Elapsed time = 87.58ms, Termination time = 0.00ms
[3.384s][debug][gc,stats          ]   Step Times (cum): num = 140, avg = 4.46ms, sd = 7.06ms max = 16.00ms, total = 625.00ms
[3.384s][debug][gc,stats          ]   Mark Stats Cache: hits 20218 misses 0 ratio 100.000
[3.384s][debug][gc,stats          ] ---------------------------------------------------------------------
[3.384s][info ][gc,marking        ] GC(63) Concurrent Mark From Roots 87.812ms
[3.384s][info ][gc,marking        ] GC(63) Concurrent Preclean
[3.384s][debug][gc,ref,start      ] GC(63) Preclean SoftReferences
[3.384s][debug][gc,ref            ] GC(63) Preclean SoftReferences 0.049ms
[3.384s][debug][gc,ref,start      ] GC(63) Preclean WeakReferences
[3.384s][debug][gc,ref            ] GC(63) Preclean WeakReferences 0.034ms
[3.384s][debug][gc,ref,start      ] GC(63) Preclean FinalReferences
[3.384s][debug][gc,ref            ] GC(63) Preclean FinalReferences 0.033ms
[3.384s][debug][gc,ref,start      ] GC(63) Preclean PhantomReferences
[3.385s][debug][gc,ref            ] GC(63) Preclean PhantomReferences 0.035ms
[3.385s][info ][gc,marking        ] GC(63) Concurrent Preclean 0.256ms
[3.385s][info ][gc,start          ] GC(63) Pause Remark
[3.385s][debug][gc,phases,start   ] GC(63) Finalize Marking
[3.385s][debug][gc,stats          ] ---------------------------------------------------------------------
[3.385s][debug][gc,stats          ] Marking Stats, task = 0, calls = 26
[3.385s][debug][gc,stats          ]   Elapsed time = 0.04ms, Termination time = 0.00ms
[3.385s][debug][gc,stats          ]   Step Times (cum): num = 157, avg = 3.98ms, sd = 6.81ms max = 16.00ms, total = 625.00ms
[3.385s][debug][gc,stats          ]   Mark Stats Cache: hits 20218 misses 0 ratio 100.000
[3.385s][debug][gc,stats          ] ---------------------------------------------------------------------
[3.385s][debug][gc,stats          ] Marking Stats, task = 1, calls = 1
[3.385s][debug][gc,stats          ]   Elapsed time = 0.03ms, Termination time = 0.00ms
[3.385s][debug][gc,stats          ]   Step Times (cum): num = 2, avg = 0.00ms, sd = 0.00ms max = 0.00ms, total = 0.00ms
[3.385s][debug][gc,stats          ]   Mark Stats Cache: hits 17 misses 0 ratio 100.000
[3.385s][debug][gc,stats          ] ---------------------------------------------------------------------
[3.385s][debug][gc,stats          ] Marking Stats, task = 2, calls = 1
[3.385s][debug][gc,stats          ]   Elapsed time = 0.04ms, Termination time = 0.00ms
[3.385s][debug][gc,stats          ]   Step Times (cum): num = 2, avg = 0.00ms, sd = 0.00ms max = 0.00ms, total = 0.00ms
[3.385s][debug][gc,stats          ]   Mark Stats Cache: hits 1242 misses 0 ratio 100.000
[3.385s][debug][gc,stats          ] ---------------------------------------------------------------------
[3.385s][debug][gc,stats          ] Marking Stats, task = 3, calls = 1
[3.385s][debug][gc,stats          ]   Elapsed time = 0.01ms, Termination time = 0.00ms
[3.385s][debug][gc,stats          ]   Step Times (cum): num = 2, avg = 0.00ms, sd = 0.00ms max = 0.00ms, total = 0.00ms
[3.385s][debug][gc,stats          ]   Mark Stats Cache: hits 0 misses 0 ratio 0.000
[3.385s][debug][gc,stats          ] ---------------------------------------------------------------------
[3.385s][debug][gc,phases         ] GC(63) Finalize Marking 0.695ms
[3.385s][debug][gc,phases,start   ] GC(63) Reference Processing
[3.385s][debug][gc,ref            ] GC(63) Skipped phase 1 of Reference Processing: no references
[3.385s][debug][gc,ref            ] GC(63) Skipped phase 2 of Reference Processing: no references
[3.386s][debug][gc,ref            ] GC(63) Skipped phase 3 of Reference Processing: no references
[3.386s][debug][gc,ref            ] GC(63) Skipped phase 4 of Reference Processing: no references
[3.386s][debug][gc,phases,ref     ] GC(63) Reference Processing: 0.1ms
[3.386s][debug][gc,phases,ref     ] GC(63)   Reconsider SoftReferences: 0.0ms
[3.386s][debug][gc,phases,ref     ] GC(63)     SoftRef (ms):                  skipped
[3.386s][debug][gc,phases,ref     ] GC(63)   Notify Soft/WeakReferences: 0.0ms
[3.386s][debug][gc,phases,ref     ] GC(63)     SoftRef (ms):                  skipped
[3.386s][debug][gc,phases,ref     ] GC(63)     WeakRef (ms):                  skipped
[3.386s][debug][gc,phases,ref     ] GC(63)     FinalRef (ms):                 skipped
[3.386s][debug][gc,phases,ref     ] GC(63)     Total (ms):                    skipped
[3.386s][debug][gc,phases,ref     ] GC(63)   Notify and keep alive finalizable: 0.0ms
[3.386s][debug][gc,phases,ref     ] GC(63)     FinalRef (ms):                 skipped
[3.386s][debug][gc,phases,ref     ] GC(63)   Notify PhantomReferences: 0.0ms
[3.386s][debug][gc,phases,ref     ] GC(63)     PhantomRef (ms):               skipped
[3.386s][debug][gc,phases,ref     ] GC(63)   SoftReference:
[3.386s][debug][gc,phases,ref     ] GC(63)     Discovered: 0
[3.386s][debug][gc,phases,ref     ] GC(63)     Cleared: 0
[3.386s][debug][gc,phases,ref     ] GC(63)   WeakReference:
[3.386s][debug][gc,phases,ref     ] GC(63)     Discovered: 0
[3.386s][debug][gc,phases,ref     ] GC(63)     Cleared: 0
[3.386s][debug][gc,phases,ref     ] GC(63)   FinalReference:
[3.386s][debug][gc,phases,ref     ] GC(63)     Discovered: 0
[3.386s][debug][gc,phases,ref     ] GC(63)     Cleared: 0
[3.386s][debug][gc,phases,ref     ] GC(63)   PhantomReference:
[3.386s][debug][gc,phases,ref     ] GC(63)     Discovered: 0
[3.386s][debug][gc,phases,ref     ] GC(63)     Cleared: 0
[3.386s][debug][gc,phases         ] GC(63) Reference Processing 0.591ms
[3.386s][debug][gc,phases,start   ] GC(63) Weak Processing
[3.386s][debug][gc,phases         ] GC(63)   VM Weak                        Min:  0.0, Avg:  0.0, Max:  0.0, Diff:  0.0, Sum:  0.0, Workers: 3
[3.386s][debug][gc,phases         ] GC(63)     Dead                           Min: 0, Avg:  0.0, Max: 0, Diff: 0, Sum: 0, Workers: 3
[3.386s][debug][gc,phases         ] GC(63)     Total                          Min: 0, Avg:  2.7, Max: 8, Diff: 8, Sum: 8, Workers: 3
[3.386s][debug][gc,phases         ] GC(63)   ObjectSynchronizer Weak        Min:  0.0, Avg:  0.0, Max:  0.0, Diff:  0.0, Sum:  0.0, Workers: 3
[3.386s][debug][gc,phases         ] GC(63)     Dead                           Min: 0, Avg:  0.0, Max: 0, Diff: 0, Sum: 0, Workers: 3
[3.386s][debug][gc,phases         ] GC(63)     Total                          Min: 0, Avg:  1.0, Max: 3, Diff: 3, Sum: 3, Workers: 3
[3.386s][debug][gc,phases         ] GC(63)   JVMTI Tag Weak OopStorage      Min:  0.0, Avg:  0.0, Max:  0.0, Diff:  0.0, Sum:  0.0, Workers: 3
[3.386s][debug][gc,phases         ] GC(63)     Dead                           Min: 0, Avg:  0.0, Max: 0, Diff: 0, Sum: 0, Workers: 3
[3.386s][debug][gc,phases         ] GC(63)     Total                          Min: 0, Avg:  0.0, Max: 0, Diff: 0, Sum: 0, Workers: 3
[3.386s][debug][gc,phases         ] GC(63)   StringTable Weak               Min:  0.0, Avg:  0.0, Max:  0.0, Diff:  0.0, Sum:  0.0, Workers: 3
[3.386s][debug][gc,phases         ] GC(63)     Dead                           Min: 0, Avg:  0.0, Max: 0, Diff: 0, Sum: 0, Workers: 3
[3.386s][debug][gc,phases         ] GC(63)     Total                          Min: 640, Avg: 819.0, Max: 921, Diff: 281, Sum: 2457, Workers: 3
[3.386s][debug][gc,phases         ] GC(63)   ResolvedMethodTable Weak       Min:  0.0, Avg:  0.0, Max:  0.0, Diff:  0.0, Sum:  0.0, Workers: 3
[3.386s][debug][gc,phases         ] GC(63)     Dead                           Min: 0, Avg:  0.0, Max: 0, Diff: 0, Sum: 0, Workers: 3
[3.386s][debug][gc,phases         ] GC(63)     Total                          Min: 9, Avg: 45.7, Max: 64, Diff: 55, Sum: 137, Workers: 3
[3.386s][debug][gc,phases         ] GC(63)   JNI Weak                       Min:  0.0, Avg:  0.0, Max:  0.0, Diff:  0.0, Sum:  0.0, Workers: 3
[3.386s][debug][gc,phases         ] GC(63)     Dead                           Min: 0, Avg:  0.0, Max: 0, Diff: 0, Sum: 0, Workers: 3
[3.386s][debug][gc,phases         ] GC(63)     Total                          Min: 0, Avg:  0.0, Max: 0, Diff: 0, Sum: 0, Workers: 3
[3.386s][debug][gc,phases         ] GC(63)   StringDedup Table Weak         Min:  0.0, Avg:  0.0, Max:  0.0, Diff:  0.0, Sum:  0.0, Workers: 3
[3.387s][debug][gc,phases         ] GC(63)     Dead                           Min: 0, Avg:  0.0, Max: 0, Diff: 0, Sum: 0, Workers: 3
[3.387s][debug][gc,phases         ] GC(63)     Total                          Min: 0, Avg:  0.0, Max: 0, Diff: 0, Sum: 0, Workers: 3
[3.387s][debug][gc,phases         ] GC(63)   StringDedup Requests0 Weak     Min:  0.0, Avg:  0.0, Max:  0.0, Diff:  0.0, Sum:  0.0, Workers: 3
[3.387s][debug][gc,phases         ] GC(63)     Dead                           Min: 0, Avg:  0.0, Max: 0, Diff: 0, Sum: 0, Workers: 3
[3.387s][debug][gc,phases         ] GC(63)     Total                          Min: 0, Avg:  0.0, Max: 0, Diff: 0, Sum: 0, Workers: 3
[3.387s][debug][gc,phases         ] GC(63)   StringDedup Requests1 Weak     Min:  0.0, Avg:  0.0, Max:  0.0, Diff:  0.0, Sum:  0.0, Workers: 3
[3.387s][debug][gc,phases         ] GC(63)     Dead                           Min: 0, Avg:  0.0, Max: 0, Diff: 0, Sum: 0, Workers: 3
[3.387s][debug][gc,phases         ] GC(63)     Total                          Min: 0, Avg:  0.0, Max: 0, Diff: 0, Sum: 0, Workers: 3
[3.387s][debug][gc,phases         ] GC(63)   Weak JFR Old Object Samples    Min:  0.0, Avg:  0.0, Max:  0.0, Diff:  0.0, Sum:  0.0, Workers: 3
[3.387s][debug][gc,phases         ] GC(63)     Dead                           Min: 0, Avg:  0.0, Max: 0, Diff: 0, Sum: 0, Workers: 3
[3.387s][debug][gc,phases         ] GC(63)     Total                          Min: 0, Avg:  0.0, Max: 0, Diff: 0, Sum: 0, Workers: 3
[3.387s][debug][gc,phases         ] GC(63) Weak Processing 0.705ms
[3.387s][debug][gc,phases,start   ] GC(63) Class Unloading
[3.387s][debug][gc,phases,start   ] GC(63) ClassLoaderData
[3.387s][debug][gc,phases         ] GC(63) ClassLoaderData 0.016ms
[3.387s][debug][gc,phases,start   ] GC(63) Trigger cleanups
[3.387s][debug][gc,phases         ] GC(63) Trigger cleanups 0.014ms
[3.387s][debug][gc,phases         ] GC(63) Class Unloading 0.216ms
[3.387s][debug][gc,phases,start   ] GC(63) Flush Task Caches
[3.387s][debug][gc,stats          ] Mark stats cache hits 21477 misses 0 ratio 100.000
[3.387s][debug][gc,phases         ] GC(63) Flush Task Caches 0.061ms
[3.387s][debug][gc,phases,start   ] GC(63) Update Remembered Set Tracking Before Rebuild
[3.387s][debug][gc,ergo           ] GC(63) Running G1 Update RemSet Tracking Before Rebuild using 1 workers for 256 regions in heap
[3.387s][debug][gc,remset,tracking] GC(63) Remembered Set Tracking update regions total 256, selected 4
[3.387s][debug][gc,phases         ] GC(63) Update Remembered Set Tracking Before Rebuild 0.153ms
[3.387s][debug][gc,phases,start   ] GC(63) Reclaim Empty Regions
[3.387s][debug][gc                ] GC(63) Reclaimed 86 empty regions
[3.387s][debug][gc,phases         ] GC(63) Reclaim Empty Regions 0.100ms
[3.387s][debug][gc,phases,start   ] GC(63) Purge Metaspace
[3.387s][debug][gc,phases         ] GC(63) Purge Metaspace 0.021ms
[3.387s][debug][gc,phases,start   ] GC(63) Report Object Count
[3.387s][debug][gc,phases         ] GC(63) Report Object Count 0.017ms
[3.387s][debug][gc,mmu            ] GC(63) MMU: 91.5ms (200.0ms/201.0ms)
[3.388s][info ][gc                ] GC(63) Pause Remark 176M->92M(256M) 2.837ms
[3.388s][info ][gc,cpu            ] GC(63) User=0.00s Sys=0.00s Real=0.00s
[3.388s][info ][gc,marking        ] GC(63) Concurrent Mark 91.126ms
[3.388s][info ][gc,marking        ] GC(63) Concurrent Rebuild Remembered Sets
[3.411s][debug][gc,heap           ] GC(65) Heap before GC invocations=60 (full 3):
[3.412s][debug][gc,heap           ] GC(65)  garbage-first heap   total 262144K, used 105983K [0x00000000f0000000, 0x0000000100000000)
[3.412s][debug][gc,heap           ] GC(65)   region size 1024K, 21 young (21504K), 4 survivors (4096K)
[3.412s][debug][gc,heap           ] GC(65)  Metaspace       used 471K, committed 640K, reserved 1056768K
[3.412s][debug][gc,heap           ] GC(65)   class space    used 33K, committed 128K, reserved 1048576K
[3.412s][info ][gc,start          ] GC(65) Pause Young (Normal) (G1 Evacuation Pause)
[3.412s][info ][gc,task           ] GC(65) Using 4 workers of 4 for evacuation
[3.412s][debug][gc,tlab           ] GC(65) TLAB totals: thrds: 1  refills: 68 max: 68 slow allocs: 0 max 0 waste:  0.2% gc: 0B max: 0B slow: 39448B max: 39448B
[3.412s][debug][gc,age            ] GC(65) Desired survivor size 1572864 bytes, new threshold 1 (max threshold 15)
[3.412s][debug][gc,refine,stats   ] GC(65) Mutator refinement: 0.00ms, refined: 0, precleaned: 0, dirtied: 8685
[3.412s][debug][gc,refine,stats   ] GC(65) Concurrent refinement: 0.00ms, refined: 0, precleaned: 0, dirtied: 0
[3.412s][debug][gc,refine,stats   ] GC(65) Total refinement: 0.00ms, refined: 0, precleaned: 0, dirtied: 8685
[3.412s][debug][gc,refine,stats   ] GC(65) Generate dirty cards rate: 225.25 cards/ms
[3.412s][debug][gc,alloc,region   ] GC(65) Mutator Allocation stats, regions: 17, wasted size: 0B ( 0.0%)
[3.412s][debug][gc,humongous      ] GC(65) Humongous region 173 (object size 36920416 @ 0x00000000fad00000) remset 0 code roots 0 marked 1 reclaim candidate 0 type array 0
[3.412s][debug][gc,ergo           ] GC(65) Running G1 Merge Heap Roots using 4 workers for 21 regions
[3.412s][debug][gc,remset         ] GC(65) Visited cards 11264 Total dirty 14336 (78.57%) Total old 256000 (4.40%)
[3.440s][debug][gc,ref            ] GC(65) Skipped phase 1 of Reference Processing: no references
[3.440s][debug][gc,ref            ] GC(65) Skipped phase 2 of Reference Processing: no references
[3.440s][debug][gc,ref            ] GC(65) Skipped phase 3 of Reference Processing: no references
[3.440s][debug][gc,ref            ] GC(65) Skipped phase 4 of Reference Processing: no references
[3.441s][debug][gc,ergo           ] GC(65) Running G1 Rebuild Free List Task using 4 workers for rebuilding free list of regions
[3.441s][debug][gc,plab           ] GC(65) Young PLAB allocation: allocated: 3145728B, wasted: 240B, unused: 0B, used: 3145488B, undo waste: 0B, 
[3.441s][debug][gc,plab           ] GC(65) Young other allocation: region end waste: 0B, regions filled: 3, direct allocated: 0B, failure used: 0B, failure wasted: 0B
[3.441s][debug][gc,plab           ] GC(65) Young sizing: calculated: 629096B, actual: 693328B
[3.441s][debug][gc,plab           ] GC(65) Old PLAB allocation: allocated: 19398656B, wasted: 528B, unused: 564160B, used: 18833968B, undo waste: 0B, 
[3.441s][debug][gc,plab           ] GC(65) Old other allocation: region end waste: 0B, regions filled: 19, direct allocated: 0B, failure used: 0B, failure wasted: 0B
[3.441s][debug][gc,plab           ] GC(65) Old sizing: calculated: 3766792B, actual: 4089120B
[3.441s][debug][gc,ergo,heap      ] GC(65) Heap expansion: short term pause time ratio 16.30% long term pause time ratio 34.44% threshold 7.69% pause time ratio 7.69% fully expanded true resize by 0B
[3.441s][debug][gc,mmu            ] GC(65) MMU: 100.1ms (200.0ms/201.0ms)
[3.441s][debug][gc,alloc,stats    ] Old generation allocation in the last mutator period, old gen allocated: 19398656B, humongous allocated: 0B,old gen growth: 19398656B.
[3.441s][debug][gc,ihop           ] GC(65) Basic information (value update), threshold: 120795955B (45.00), target occupancy: 268435456B, current occupancy: 109051888B, recent allocation size: 19398656B, recent allocation duration: 38.56ms, recent old gen allocation rate: 503122845.69B/s, recent marking phase length: 0.00ms
[3.441s][debug][gc,ihop           ] GC(65) Adaptive IHOP information (value update), threshold: 120795955B (52.94), internal target occupancy: 228170137B, occupancy: 109051888B, additional buffer size: 45088768B, predicted old gen allocation rate: 532687685.04B/s, predicted marking phase length: 0.00ms, prediction active: false
[3.441s][debug][gc,ergo,refine    ] GC(65) Concurrent refinement times: Logged Cards Scan time goal: 20.00ms Logged Cards Scan time: 4.92ms HCC time: 0.00ms
[3.441s][debug][gc,ergo,refine    ] GC(65) Updated Refinement Zones: green: 16174, yellow: 48522, red: 80870
[3.441s][info ][gc,phases         ] GC(65)   Pre Evacuate Collection Set: 0.1ms
[3.441s][debug][gc,phases         ] GC(65)     Prepare TLABs: 0.0ms
[3.441s][debug][gc,phases         ] GC(65)     Concatenate Dirty Card Logs: 0.0ms
[3.441s][debug][gc,phases         ] GC(65)     Choose Collection Set: 0.0ms
[3.441s][debug][gc,phases         ] GC(65)     Region Register: 0.1ms
[3.441s][debug][gc,phases         ] GC(65)     Prepare Heap Roots: 0.0ms
[3.441s][info ][gc,phases         ] GC(65)   Merge Heap Roots: 0.2ms
[3.441s][debug][gc,phases         ] GC(65)     Prepare Merge Heap Roots: 0.0ms
[3.441s][debug][gc,phases         ] GC(65)     Eager Reclaim (ms):            skipped
[3.441s][debug][gc,phases         ] GC(65)     Remembered Sets (ms):          Min:  0.0, Avg:  0.0, Max:  0.0, Diff:  0.0, Sum:  0.0, Workers: 4
[3.441s][debug][gc,phases         ] GC(65)       Merged Sparse:                 Min: 0, Avg:  0.0, Max: 0, Diff: 0, Sum: 0, Workers: 4
[3.442s][debug][gc,phases         ] GC(65)       Merged Fine:                   Min: 0, Avg:  0.0, Max: 0, Diff: 0, Sum: 0, Workers: 4
[3.442s][debug][gc,phases         ] GC(65)       Merged Coarse:                 Min: 0, Avg:  0.0, Max: 0, Diff: 0, Sum: 0, Workers: 4
[3.442s][debug][gc,phases         ] GC(65)       Dirty Cards:                   Min: 0, Avg:  0.0, Max: 0, Diff: 0, Sum: 0, Workers: 4
[3.442s][debug][gc,phases         ] GC(65)     Hot Card Cache (ms):           Min:  0.0, Avg:  0.0, Max:  0.0, Diff:  0.0, Sum:  0.0, Workers: 4
[3.442s][debug][gc,phases         ] GC(65)       Dirty Cards:                   Min: 0, Avg:  0.0, Max: 0, Diff: 0, Sum: 0, Workers: 4
[3.442s][debug][gc,phases         ] GC(65)       Skipped Cards:                 Min: 0, Avg:  0.0, Max: 0, Diff: 0, Sum: 0, Workers: 4
[3.442s][debug][gc,phases         ] GC(65)     Log Buffers (ms):              Min:  0.0, Avg:  0.0, Max:  0.0, Diff:  0.0, Sum:  0.2, Workers: 4
[3.442s][debug][gc,phases         ] GC(65)       Dirty Cards:                   Min: 2422, Avg: 2676.0, Max: 2814, Diff: 392, Sum: 10704, Workers: 4
[3.442s][debug][gc,phases         ] GC(65)       Skipped Cards:                 Min: 0, Avg:  0.0, Max: 0, Diff: 0, Sum: 0, Workers: 4
[3.442s][info ][gc,phases         ] GC(65)   Evacuate Collection Set: 28.1ms
[3.442s][debug][gc,phases         ] GC(65)     Ext Root Scanning (ms):        Min:  0.0, Avg:  0.0, Max:  0.0, Diff:  0.0, Sum:  0.1, Workers: 4
[3.442s][debug][gc,phases         ] GC(65)     Scan Heap Roots (ms):          Min:  3.5, Avg:  4.9, Max:  6.7, Diff:  3.2, Sum: 19.6, Workers: 4
[3.442s][debug][gc,phases         ] GC(65)       Scanned Cards:                 Min: 2551, Avg: 2684.0, Max: 2948, Diff: 397, Sum: 10736, Workers: 4
[3.442s][debug][gc,phases         ] GC(65)       Scanned Blocks:                Min: 10, Avg: 11.0, Max: 13, Diff: 3, Sum: 44, Workers: 4
[3.442s][debug][gc,phases         ] GC(65)       Claimed Chunks:                Min: 10, Avg: 11.0, Max: 13, Diff: 3, Sum: 44, Workers: 4
[3.442s][debug][gc,phases         ] GC(65)     Code Root Scan (ms):           Min:  0.0, Avg:  0.0, Max:  0.0, Diff:  0.0, Sum:  0.0, Workers: 4
[3.442s][debug][gc,phases         ] GC(65)     Object Copy (ms):              Min: 21.4, Avg: 23.1, Max: 24.5, Diff:  3.2, Sum: 92.6, Workers: 4
[3.442s][debug][gc,phases         ] GC(65)     Termination (ms):              Min:  0.0, Avg:  0.0, Max:  0.0, Diff:  0.0, Sum:  0.0, Workers: 4
[3.442s][debug][gc,phases         ] GC(65)       Termination Attempts:          Min: 1, Avg:  9.5, Max: 16, Diff: 15, Sum: 38, Workers: 4
[3.442s][debug][gc,phases         ] GC(65)     GC Worker Other (ms):          Min:  0.0, Avg:  0.0, Max:  0.0, Diff:  0.0, Sum:  0.0, Workers: 4
[3.442s][debug][gc,phases         ] GC(65)     GC Worker Total (ms):          Min: 28.1, Avg: 28.1, Max: 28.1, Diff:  0.0, Sum: 112.3, Workers: 4
[3.442s][info ][gc,phases         ] GC(65)   Post Evacuate Collection Set: 0.4ms
[3.442s][debug][gc,phases         ] GC(65)     Code Roots Fixup: 0.0ms
[3.442s][debug][gc,phases         ] GC(65)     Reference Processing: 0.2ms
[3.442s][debug][gc,phases,ref     ] GC(65)       Reconsider SoftReferences: 0.1ms
[3.442s][debug][gc,phases,ref     ] GC(65)         SoftRef (ms):                  skipped
[3.442s][debug][gc,phases,ref     ] GC(65)       Notify Soft/WeakReferences: 0.0ms
[3.442s][debug][gc,phases,ref     ] GC(65)         SoftRef (ms):                  skipped
[3.442s][debug][gc,phases,ref     ] GC(65)         WeakRef (ms):                  skipped
[3.442s][debug][gc,phases,ref     ] GC(65)         FinalRef (ms):                 skipped
[3.442s][debug][gc,phases,ref     ] GC(65)         Total (ms):                    skipped
[3.442s][debug][gc,phases,ref     ] GC(65)       Notify and keep alive finalizable: 0.0ms
[3.443s][debug][gc,phases,ref     ] GC(65)         FinalRef (ms):                 skipped
[3.443s][debug][gc,phases,ref     ] GC(65)       Notify PhantomReferences: 0.0ms
[3.443s][debug][gc,phases,ref     ] GC(65)         PhantomRef (ms):               skipped
[3.443s][debug][gc,phases,ref     ] GC(65)       SoftReference:
[3.443s][debug][gc,phases,ref     ] GC(65)         Discovered: 0
[3.443s][debug][gc,phases,ref     ] GC(65)         Cleared: 0
[3.443s][debug][gc,phases,ref     ] GC(65)       WeakReference:
[3.443s][debug][gc,phases,ref     ] GC(65)         Discovered: 0
[3.443s][debug][gc,phases,ref     ] GC(65)         Cleared: 0
[3.443s][debug][gc,phases,ref     ] GC(65)       FinalReference:
[3.443s][debug][gc,phases,ref     ] GC(65)         Discovered: 0
[3.443s][debug][gc,phases,ref     ] GC(65)         Cleared: 0
[3.443s][debug][gc,phases,ref     ] GC(65)       PhantomReference:
[3.443s][debug][gc,phases,ref     ] GC(65)         Discovered: 0
[3.443s][debug][gc,phases,ref     ] GC(65)         Cleared: 0
[3.443s][debug][gc,phases         ] GC(65)     Weak Processing: 0.1ms
[3.443s][debug][gc,phases         ] GC(65)       VM Weak                        Min:  0.0, Avg:  0.0, Max:  0.0, Diff:  0.0, Sum:  0.0, Workers: 3
[3.443s][debug][gc,phases         ] GC(65)         Dead                           Min: 0, Avg:  0.0, Max: 0, Diff: 0, Sum: 0, Workers: 3
[3.443s][debug][gc,phases         ] GC(65)         Total                          Min: 0, Avg:  2.7, Max: 8, Diff: 8, Sum: 8, Workers: 3
[3.443s][debug][gc,phases         ] GC(65)       ObjectSynchronizer Weak        Min:  0.0, Avg:  0.0, Max:  0.0, Diff:  0.0, Sum:  0.0, Workers: 3
[3.443s][debug][gc,phases         ] GC(65)         Dead                           Min: 0, Avg:  0.0, Max: 0, Diff: 0, Sum: 0, Workers: 3
[3.443s][debug][gc,phases         ] GC(65)         Total                          Min: 0, Avg:  1.0, Max: 3, Diff: 3, Sum: 3, Workers: 3
[3.443s][debug][gc,phases         ] GC(65)       JVMTI Tag Weak OopStorage      Min:  0.0, Avg:  0.0, Max:  0.0, Diff:  0.0, Sum:  0.0, Workers: 3
[3.443s][debug][gc,phases         ] GC(65)         Dead                           Min: 0, Avg:  0.0, Max: 0, Diff: 0, Sum: 0, Workers: 3
[3.443s][debug][gc,phases         ] GC(65)         Total                          Min: 0, Avg:  0.0, Max: 0, Diff: 0, Sum: 0, Workers: 3
[3.443s][debug][gc,phases         ] GC(65)       StringTable Weak               Min:  0.0, Avg:  0.0, Max:  0.0, Diff:  0.0, Sum:  0.0, Workers: 3
[3.443s][debug][gc,phases         ] GC(65)         Dead                           Min: 0, Avg:  0.0, Max: 0, Diff: 0, Sum: 0, Workers: 3
[3.443s][debug][gc,phases         ] GC(65)         Total                          Min: 793, Avg: 819.0, Max: 832, Diff: 39, Sum: 2457, Workers: 3
[3.443s][debug][gc,phases         ] GC(65)       ResolvedMethodTable Weak       Min:  0.0, Avg:  0.0, Max:  0.0, Diff:  0.0, Sum:  0.0, Workers: 3
[3.443s][debug][gc,phases         ] GC(65)         Dead                           Min: 0, Avg:  0.0, Max: 0, Diff: 0, Sum: 0, Workers: 3
[3.443s][debug][gc,phases         ] GC(65)         Total                          Min: 9, Avg: 45.7, Max: 64, Diff: 55, Sum: 137, Workers: 3
[3.443s][debug][gc,phases         ] GC(65)       JNI Weak                       Min:  0.0, Avg:  0.0, Max:  0.0, Diff:  0.0, Sum:  0.0, Workers: 3
[3.443s][debug][gc,phases         ] GC(65)         Dead                           Min: 0, Avg:  0.0, Max: 0, Diff: 0, Sum: 0, Workers: 3
[3.443s][debug][gc,phases         ] GC(65)         Total                          Min: 0, Avg:  0.0, Max: 0, Diff: 0, Sum: 0, Workers: 3
[3.443s][debug][gc,phases         ] GC(65)       StringDedup Table Weak         Min:  0.0, Avg:  0.0, Max:  0.0, Diff:  0.0, Sum:  0.0, Workers: 3
[3.444s][debug][gc,phases         ] GC(65)         Dead                           Min: 0, Avg:  0.0, Max: 0, Diff: 0, Sum: 0, Workers: 3
[3.444s][debug][gc,phases         ] GC(65)         Total                          Min: 0, Avg:  0.0, Max: 0, Diff: 0, Sum: 0, Workers: 3
[3.444s][debug][gc,phases         ] GC(65)       StringDedup Requests0 Weak     Min:  0.0, Avg:  0.0, Max:  0.0, Diff:  0.0, Sum:  0.0, Workers: 3
[3.444s][debug][gc,phases         ] GC(65)         Dead                           Min: 0, Avg:  0.0, Max: 0, Diff: 0, Sum: 0, Workers: 3
[3.444s][debug][gc,phases         ] GC(65)         Total                          Min: 0, Avg:  0.0, Max: 0, Diff: 0, Sum: 0, Workers: 3
[3.444s][debug][gc,phases         ] GC(65)       StringDedup Requests1 Weak     Min:  0.0, Avg:  0.0, Max:  0.0, Diff:  0.0, Sum:  0.0, Workers: 3
[3.444s][debug][gc,phases         ] GC(65)         Dead                           Min: 0, Avg:  0.0, Max: 0, Diff: 0, Sum: 0, Workers: 3
[3.444s][debug][gc,phases         ] GC(65)         Total                          Min: 0, Avg:  0.0, Max: 0, Diff: 0, Sum: 0, Workers: 3
[3.444s][debug][gc,phases         ] GC(65)       Weak JFR Old Object Samples    Min:  0.0, Avg:  0.0, Max:  0.0, Diff:  0.0, Sum:  0.0, Workers: 3
[3.444s][debug][gc,phases         ] GC(65)         Dead                           Min: 0, Avg:  0.0, Max: 0, Diff: 0, Sum: 0, Workers: 3
[3.444s][debug][gc,phases         ] GC(65)         Total                          Min: 0, Avg:  0.0, Max: 0, Diff: 0, Sum: 0, Workers: 3
[3.444s][debug][gc,phases         ] GC(65)     Post Evacuate Cleanup 1: 0.1ms
[3.444s][debug][gc,phases         ] GC(65)       Merge Per-Thread State (ms):   Min:  0.0, Avg:  0.0, Max:  0.0, Diff:  0.0, Sum:  0.0, Workers: 1
[3.444s][debug][gc,phases         ] GC(65)         Copied Bytes                   Min: 5094336, Avg: 5494864.0, Max: 6081056, Diff: 986720, Sum: 21979456, Workers: 4
[3.444s][debug][gc,phases         ] GC(65)         LAB Waste                      Min: 160, Avg: 192.0, Max: 224, Diff: 64, Sum: 768, Workers: 4
[3.444s][debug][gc,phases         ] GC(65)         LAB Undo Waste                 Min: 0, Avg:  0.0, Max: 0, Diff: 0, Sum: 0, Workers: 4
[3.444s][debug][gc,phases         ] GC(65)       Clear Logged Cards (ms):       Min:  0.0, Avg:  0.0, Max:  0.0, Diff:  0.0, Sum:  0.0, Workers: 3
[3.444s][debug][gc,phases         ] GC(65)       Recalculate Used Memory (ms):  Min:  0.0, Avg:  0.0, Max:  0.0, Diff:  0.0, Sum:  0.0, Workers: 1
[3.444s][debug][gc,phases         ] GC(65)     Post Evacuate Cleanup 2: 0.1ms
[3.444s][debug][gc,phases         ] GC(65)       Reset Hot Card Cache (ms):     Min:  0.0, Avg:  0.0, Max:  0.0, Diff:  0.0, Sum:  0.0, Workers: 1
[3.444s][debug][gc,phases         ] GC(65)       Purge Code Roots (ms):         Min:  0.0, Avg:  0.0, Max:  0.0, Diff:  0.0, Sum:  0.0, Workers: 1
[3.444s][debug][gc,phases         ] GC(65)       Update Derived Pointers (ms):  Min:  0.0, Avg:  0.0, Max:  0.0, Diff:  0.0, Sum:  0.0, Workers: 1
[3.444s][debug][gc,phases         ] GC(65)       Eagerly Reclaim Humongous Objects (ms): Min:  0.0, Avg:  0.0, Max:  0.0, Diff:  0.0, Sum:  0.0, Workers: 1
[3.444s][debug][gc,phases         ] GC(65)         Humongous Total                Min: 1, Avg:  1.0, Max: 1, Diff: 0, Sum: 1, Workers: 1
[3.444s][debug][gc,phases         ] GC(65)         Humongous Candidates           Min: 0, Avg:  0.0, Max: 0, Diff: 0, Sum: 0, Workers: 1
[3.444s][debug][gc,phases         ] GC(65)         Humongous Reclaimed            Min: 0, Avg:  0.0, Max: 0, Diff: 0, Sum: 0, Workers: 1
[3.444s][debug][gc,phases         ] GC(65)       Redirty Logged Cards (ms):     Min:  0.0, Avg:  0.0, Max:  0.0, Diff:  0.0, Sum:  0.0, Workers: 4
[3.444s][debug][gc,phases         ] GC(65)         Redirtied Cards:               Min: 0, Avg: 448.8, Max: 918, Diff: 918, Sum: 1795, Workers: 4
[3.444s][debug][gc,phases         ] GC(65)       Free Collection Set (ms):      Min:  0.0, Avg:  0.0, Max:  0.0, Diff:  0.0, Sum:  0.0, Workers: 4
[3.444s][debug][gc,phases         ] GC(65)     Rebuild Free List: 0.1ms
[3.444s][debug][gc,phases         ] GC(65)     Start New Collection Set: 0.0ms
[3.444s][debug][gc,phases         ] GC(65)     Resize TLABs: 0.0ms
[3.444s][debug][gc,phases         ] GC(65)     Expand Heap After Collection: 0.0ms
[3.444s][info ][gc,phases         ] GC(65)   Other: 0.9ms
[3.445s][info ][gc,heap           ] GC(65) Eden regions: 17->0(40)
[3.445s][info ][gc,heap           ] GC(65) Survivor regions: 4->3(3)
[3.445s][info ][gc,heap           ] GC(65) Old regions: 47->65
[3.445s][info ][gc,heap           ] GC(65) Archive regions: 0->0
[3.445s][info ][gc,heap           ] GC(65) Humongous regions: 36->36
[3.445s][info ][gc,metaspace      ] GC(65) Metaspace: 471K(640K)->471K(640K) NonClass: 438K(512K)->438K(512K) Class: 33K(128K)->33K(128K)
[3.445s][debug][gc,heap           ] GC(65) Heap after GC invocations=61 (full 3):
[3.445s][debug][gc,heap           ] GC(65)  garbage-first heap   total 262144K, used 106495K [0x00000000f0000000, 0x0000000100000000)
[3.445s][debug][gc,heap           ] GC(65)   region size 1024K, 3 young (3072K), 3 survivors (3072K)
[3.445s][debug][gc,heap           ] GC(65)  Metaspace       used 471K, committed 640K, reserved 1056768K
[3.445s][debug][gc,heap           ] GC(65)   class space    used 33K, committed 128K, reserved 1048576K
[3.445s][info ][gc                ] GC(65) Pause Young (Normal) (G1 Evacuation Pause) 103M->103M(256M) 33.171ms
[3.445s][info ][gc,cpu            ] GC(65) User=0.11s Sys=0.00s Real=0.03s
[3.498s][debug][gc,refine         ] Activated worker 0, on threshold: 16686, current: 16899
[3.499s][debug][gc,refine         ] Deactivated worker 0, off threshold: 16174, current: 16090, refined cards: 809
[3.500s][debug][gc,refine         ] Activated worker 0, on threshold: 16686, current: 16858
[3.501s][debug][gc,refine         ] Deactivated worker 0, off threshold: 16174, current: 16090, refined cards: 768
[3.503s][debug][gc,refine         ] Activated worker 0, on threshold: 16686, current: 16858
[3.504s][debug][gc,refine         ] Deactivated worker 0, off threshold: 16174, current: 16128, refined cards: 730
[3.505s][debug][gc,refine         ] Activated worker 0, on threshold: 16686, current: 16896
[3.506s][debug][gc,refine         ] Deactivated worker 0, off threshold: 16174, current: 16128, refined cards: 768
[3.509s][debug][gc,refine         ] Activated worker 0, on threshold: 16686, current: 16896
[3.510s][debug][gc,refine         ] Deactivated worker 0, off threshold: 16174, current: 16128, refined cards: 768
[3.512s][debug][gc,refine         ] Activated worker 0, on threshold: 16686, current: 16896
[3.512s][info ][gc,marking        ] GC(63) Concurrent Rebuild Remembered Sets 124.648ms
[3.512s][info ][gc,start          ] GC(63) Pause Cleanup
[3.512s][debug][gc,phases,start   ] GC(63) Update Remembered Set Tracking After Rebuild
[3.512s][debug][gc,phases         ] GC(63) Update Remembered Set Tracking After Rebuild 0.025ms
[3.512s][debug][gc,phases,start   ] GC(63) Finalize Concurrent Mark Cleanup
[3.513s][debug][gc,ergo,cset      ] GC(63) Pruned 3 regions out of 3, leaving 2039136 bytes waste (allowed 13421772)
[3.513s][debug][gc,ergo           ] GC(63) request young-only gcs (candidate old regions not available)
[3.513s][debug][gc,mmu            ] GC(63) MMU: 71.8ms (200.0ms/201.0ms)
[3.513s][debug][gc,phases         ] GC(63) Finalize Concurrent Mark Cleanup 0.126ms
[3.513s][info ][gc                ] GC(63) Pause Cleanup 141M->141M(256M) 0.218ms
[3.513s][info ][gc,cpu            ] GC(63) User=0.00s Sys=0.00s Real=0.00s
[3.513s][info ][gc,marking        ] GC(63) Concurrent Cleanup for Next Mark
[3.513s][debug][gc,ergo           ] GC(63) Running G1 Clear Bitmap with 1 workers for 4 work units.
[3.513s][info ][gc,marking        ] GC(63) Concurrent Cleanup for Next Mark 0.291ms
[3.513s][debug][gc,refine         ] Deactivated worker 0, off threshold: 16174, current: 15970, refined cards: 926
[3.513s][info ][gc                ] GC(63) Concurrent Mark Cycle 228.130ms
[3.518s][debug][gc,refine         ] Activated worker 0, on threshold: 16686, current: 16738
[3.518s][debug][gc,refine         ] Deactivated worker 0, off threshold: 16174, current: 15970, refined cards: 768
[3.520s][debug][gc,heap           ] GC(66) Heap before GC invocations=62 (full 3):
[3.520s][debug][gc,heap           ] GC(66)  garbage-first heap   total 262144K, used 147455K [0x00000000f0000000, 0x0000000100000000)
[3.520s][debug][gc,heap           ] GC(66)   region size 1024K, 43 young (44032K), 3 survivors (3072K)
[3.520s][debug][gc,heap           ] GC(66)  Metaspace       used 471K, committed 640K, reserved 1056768K
[3.520s][debug][gc,heap           ] GC(66)   class space    used 33K, committed 128K, reserved 1048576K
[3.520s][info ][gc,start          ] GC(66) Pause Young (Normal) (G1 Evacuation Pause)
[3.520s][info ][gc,task           ] GC(66) Using 4 workers of 4 for evacuation
[3.520s][debug][gc,tlab           ] GC(66) TLAB totals: thrds: 1  refills: 120 max: 120 slow allocs: 0 max 0 waste:  0.2% gc: 0B max: 0B slow: 69120B max: 69120B
[3.520s][debug][gc,age            ] GC(66) Desired survivor size 3145728 bytes, new threshold 15 (max threshold 15)
[3.520s][debug][gc,refine         ] Activated worker 0, on threshold: 16686, current: 16705
[3.520s][debug][gc,refine,stats   ] GC(66) Mutator refinement: 0.00ms, refined: 0, precleaned: 0, dirtied: 20447
[3.520s][debug][gc,refine,stats   ] GC(66) Concurrent refinement: 5.04ms, refined: 5537, precleaned: 0, dirtied: 0
[3.520s][debug][gc,refine,stats   ] GC(66) Total refinement: 5.04ms, refined: 5537, precleaned: 0, dirtied: 20447
[3.520s][debug][gc,refine,stats   ] GC(66) Concurrent refinement rate: 1097.81 cards/ms
[3.520s][debug][gc,refine,stats   ] GC(66) Generate dirty cards rate: 258.55 cards/ms
[3.520s][debug][gc,alloc,region   ] GC(66) Mutator Allocation stats, regions: 40, wasted size: 0B ( 0.0%)
[3.520s][debug][gc,humongous      ] GC(66) Humongous region 173 (object size 36920416 @ 0x00000000fad00000) remset 0 code roots 0 marked 0 reclaim candidate 0 type array 0
[3.520s][debug][gc,ergo           ] GC(66) Running G1 Merge Heap Roots using 4 workers for 43 regions
[3.521s][debug][gc,remset         ] GC(66) Visited cards 22784 Total dirty 30720 (74.17%) Total old 382976 (5.95%)
[3.526s][debug][gc,ref            ] GC(66) Skipped phase 1 of Reference Processing: no references
[3.526s][debug][gc,ref            ] GC(66) Skipped phase 2 of Reference Processing: no references
[3.526s][debug][gc,ref            ] GC(66) Skipped phase 3 of Reference Processing: no references
[3.526s][debug][gc,ref            ] GC(66) Skipped phase 4 of Reference Processing: no references
[3.526s][debug][gc,ergo           ] GC(66) Running G1 Rebuild Free List Task using 4 workers for rebuilding free list of regions
[3.526s][debug][gc,plab           ] GC(66) Young PLAB allocation: allocated: 1741888B, wasted: 112B, unused: 218224B, used: 1523552B, undo waste: 0B, 
[3.526s][debug][gc,plab           ] GC(66) Young other allocation: region end waste: 0B, regions filled: 2, direct allocated: 0B, failure used: 0B, failure wasted: 0B
[3.526s][debug][gc,plab           ] GC(66) Young sizing: calculated: 304704B, actual: 401856B
[3.526s][debug][gc,plab           ] GC(66) Old PLAB allocation: allocated: 0B, wasted: 0B, unused: 0B, used: 0B, undo waste: 0B, 
[3.526s][debug][gc,plab           ] GC(66) Old other allocation: region end waste: 0B, regions filled: 0, direct allocated: 0B, failure used: 0B, failure wasted: 0B
[3.526s][debug][gc,plab           ] GC(66) Old sizing: calculated: 0B, actual: 1022280B
[3.526s][debug][gc,ergo,heap      ] GC(66) Heap expansion: short term pause time ratio 0.21% long term pause time ratio 30.93% threshold 7.69% pause time ratio 7.69% fully expanded true resize by 0B
[3.526s][debug][gc,mmu            ] GC(66) MMU: 78.0ms (200.0ms/201.0ms)
[3.526s][debug][gc,alloc,stats    ] Old generation allocation in the last mutator period, old gen allocated: 0B, humongous allocated: 0B,old gen growth: 0B.
[3.526s][debug][gc,ihop           ] GC(66) Basic information (value update), threshold: 120795955B (45.00), target occupancy: 268435456B, current occupancy: 107648048B, recent allocation size: 0B, recent allocation duration: 79.08ms, recent old gen allocation rate: 0.00B/s, recent marking phase length: 0.00ms
[3.526s][debug][gc,ihop           ] GC(66) Adaptive IHOP information (value update), threshold: 120795955B (52.94), internal target occupancy: 228170137B, occupancy: 107648048B, additional buffer size: 49283072B, predicted old gen allocation rate: 517339643.23B/s, predicted marking phase length: 0.00ms, prediction active: false
[3.527s][debug][gc,ergo,refine    ] GC(66) Concurrent refinement times: Logged Cards Scan time goal: 20.00ms Logged Cards Scan time: 2.32ms HCC time: 0.00ms
[3.527s][debug][gc,ergo,refine    ] GC(66) Updated Refinement Zones: green: 17791, yellow: 53373, red: 88955
[3.527s][info ][gc,phases         ] GC(66)   Pre Evacuate Collection Set: 0.1ms
[3.527s][debug][gc,phases         ] GC(66)     Prepare TLABs: 0.0ms
[3.527s][debug][gc,phases         ] GC(66)     Concatenate Dirty Card Logs: 0.0ms
[3.527s][debug][gc,phases         ] GC(66)     Choose Collection Set: 0.0ms
[3.527s][debug][gc,phases         ] GC(66)     Region Register: 0.1ms
[3.527s][debug][gc,phases         ] GC(66)     Prepare Heap Roots: 0.0ms
[3.527s][info ][gc,phases         ] GC(66)   Merge Heap Roots: 0.2ms
[3.527s][debug][gc,phases         ] GC(66)     Prepare Merge Heap Roots: 0.0ms
[3.527s][debug][gc,phases         ] GC(66)     Eager Reclaim (ms):            skipped
[3.527s][debug][gc,phases         ] GC(66)     Remembered Sets (ms):          Min:  0.0, Avg:  0.0, Max:  0.0, Diff:  0.0, Sum:  0.1, Workers: 4
[3.527s][debug][gc,phases         ] GC(66)       Merged Sparse:                 Min: 0, Avg:  0.0, Max: 0, Diff: 0, Sum: 0, Workers: 4
[3.527s][debug][gc,phases         ] GC(66)       Merged Fine:                   Min: 11, Avg: 12.0, Max: 13, Diff: 2, Sum: 48, Workers: 4
[3.527s][debug][gc,phases         ] GC(66)       Merged Coarse:                 Min: 0, Avg:  0.0, Max: 0, Diff: 0, Sum: 0, Workers: 4
[3.527s][debug][gc,phases         ] GC(66)       Dirty Cards:                   Min: 504, Avg: 1313.0, Max: 2201, Diff: 1697, Sum: 5252, Workers: 4
[3.527s][debug][gc,phases         ] GC(66)     Hot Card Cache (ms):           Min:  0.0, Avg:  0.0, Max:  0.0, Diff:  0.0, Sum:  0.0, Workers: 4
[3.527s][debug][gc,phases         ] GC(66)       Dirty Cards:                   Min: 0, Avg:  0.0, Max: 0, Diff: 0, Sum: 0, Workers: 4
[3.527s][debug][gc,phases         ] GC(66)       Skipped Cards:                 Min: 0, Avg:  0.0, Max: 0, Diff: 0, Sum: 0, Workers: 4
[3.527s][debug][gc,phases         ] GC(66)     Log Buffers (ms):              Min:  0.1, Avg:  0.1, Max:  0.1, Diff:  0.0, Sum:  0.4, Workers: 4
[3.527s][debug][gc,phases         ] GC(66)       Dirty Cards:                   Min: 3320, Avg: 4168.3, Max: 4856, Diff: 1536, Sum: 16673, Workers: 4
[3.527s][debug][gc,phases         ] GC(66)       Skipped Cards:                 Min: 0, Avg:  0.0, Max: 0, Diff: 0, Sum: 0, Workers: 4
[3.527s][info ][gc,phases         ] GC(66)   Evacuate Collection Set: 5.3ms
[3.527s][debug][gc,phases         ] GC(66)     Ext Root Scanning (ms):        Min:  0.0, Avg:  0.0, Max:  0.0, Diff:  0.0, Sum:  0.1, Workers: 4
[3.527s][debug][gc,phases         ] GC(66)     Scan Heap Roots (ms):          Min:  2.0, Avg:  2.9, Max:  3.6, Diff:  1.6, Sum: 11.8, Workers: 4
[3.527s][debug][gc,phases         ] GC(66)       Scanned Cards:                 Min: 3575, Avg: 5496.5, Max: 6888, Diff: 3313, Sum: 21986, Workers: 4
[3.527s][debug][gc,phases         ] GC(66)       Scanned Blocks:                Min: 15, Avg: 22.3, Max: 27, Diff: 12, Sum: 89, Workers: 4
[3.527s][debug][gc,phases         ] GC(66)       Claimed Chunks:                Min: 15, Avg: 22.3, Max: 27, Diff: 12, Sum: 89, Workers: 4
[3.527s][debug][gc,phases         ] GC(66)     Code Root Scan (ms):           Min:  0.0, Avg:  0.0, Max:  0.0, Diff:  0.0, Sum:  0.0, Workers: 4
[3.527s][debug][gc,phases         ] GC(66)     Object Copy (ms):              Min:  1.6, Avg:  2.3, Max:  3.2, Diff:  1.6, Sum:  9.3, Workers: 4
[3.527s][debug][gc,phases         ] GC(66)     Termination (ms):              Min:  0.0, Avg:  0.0, Max:  0.0, Diff:  0.0, Sum:  0.0, Workers: 4
[3.527s][debug][gc,phases         ] GC(66)       Termination Attempts:          Min: 1, Avg:  2.8, Max: 4, Diff: 3, Sum: 11, Workers: 4
[3.527s][debug][gc,phases         ] GC(66)     GC Worker Other (ms):          Min:  0.0, Avg:  0.0, Max:  0.0, Diff:  0.0, Sum:  0.0, Workers: 4
[3.527s][debug][gc,phases         ] GC(66)     GC Worker Total (ms):          Min:  5.3, Avg:  5.3, Max:  5.3, Diff:  0.0, Sum: 21.1, Workers: 4
[3.527s][info ][gc,phases         ] GC(66)   Post Evacuate Collection Set: 0.3ms
[3.527s][debug][gc,phases         ] GC(66)     Code Roots Fixup: 0.0ms
[3.527s][debug][gc,phases         ] GC(66)     Reference Processing: 0.1ms
[3.527s][debug][gc,phases,ref     ] GC(66)       Reconsider SoftReferences: 0.0ms
[3.527s][debug][gc,phases,ref     ] GC(66)         SoftRef (ms):                  skipped
[3.527s][debug][gc,phases,ref     ] GC(66)       Notify Soft/WeakReferences: 0.0ms
[3.527s][debug][gc,phases,ref     ] GC(66)         SoftRef (ms):                  skipped
[3.527s][debug][gc,phases,ref     ] GC(66)         WeakRef (ms):                  skipped
[3.527s][debug][gc,phases,ref     ] GC(66)         FinalRef (ms):                 skipped
[3.527s][debug][gc,phases,ref     ] GC(66)         Total (ms):                    skipped
[3.527s][debug][gc,phases,ref     ] GC(66)       Notify and keep alive finalizable: 0.0ms
[3.527s][debug][gc,phases,ref     ] GC(66)         FinalRef (ms):                 skipped
[3.527s][debug][gc,phases,ref     ] GC(66)       Notify PhantomReferences: 0.0ms
[3.527s][debug][gc,phases,ref     ] GC(66)         PhantomRef (ms):               skipped
[3.527s][debug][gc,phases,ref     ] GC(66)       SoftReference:
[3.527s][debug][gc,phases,ref     ] GC(66)         Discovered: 0
[3.527s][debug][gc,phases,ref     ] GC(66)         Cleared: 0
[3.527s][debug][gc,phases,ref     ] GC(66)       WeakReference:
[3.527s][debug][gc,phases,ref     ] GC(66)         Discovered: 0
[3.527s][debug][gc,phases,ref     ] GC(66)         Cleared: 0
[3.527s][debug][gc,phases,ref     ] GC(66)       FinalReference:
[3.527s][debug][gc,phases,ref     ] GC(66)         Discovered: 0
[3.527s][debug][gc,phases,ref     ] GC(66)         Cleared: 0
[3.527s][debug][gc,phases,ref     ] GC(66)       PhantomReference:
[3.527s][debug][gc,phases,ref     ] GC(66)         Discovered: 0
[3.527s][debug][gc,phases,ref     ] GC(66)         Cleared: 0
[3.528s][debug][gc,phases         ] GC(66)     Weak Processing: 0.0ms
[3.528s][debug][gc,phases         ] GC(66)       VM Weak                        Min:  0.0, Avg:  0.0, Max:  0.0, Diff:  0.0, Sum:  0.0, Workers: 3
[3.528s][debug][gc,phases         ] GC(66)         Dead                           Min: 0, Avg:  0.0, Max: 0, Diff: 0, Sum: 0, Workers: 3
[3.528s][debug][gc,phases         ] GC(66)         Total                          Min: 0, Avg:  2.7, Max: 8, Diff: 8, Sum: 8, Workers: 3
[3.528s][debug][gc,phases         ] GC(66)       ObjectSynchronizer Weak        Min:  0.0, Avg:  0.0, Max:  0.0, Diff:  0.0, Sum:  0.0, Workers: 3
[3.528s][debug][gc,phases         ] GC(66)         Dead                           Min: 0, Avg:  0.0, Max: 0, Diff: 0, Sum: 0, Workers: 3
[3.528s][debug][gc,phases         ] GC(66)         Total                          Min: 0, Avg:  1.0, Max: 3, Diff: 3, Sum: 3, Workers: 3
[3.528s][debug][gc,phases         ] GC(66)       JVMTI Tag Weak OopStorage      Min:  0.0, Avg:  0.0, Max:  0.0, Diff:  0.0, Sum:  0.0, Workers: 3
[3.528s][debug][gc,phases         ] GC(66)         Dead                           Min: 0, Avg:  0.0, Max: 0, Diff: 0, Sum: 0, Workers: 3
[3.528s][debug][gc,phases         ] GC(66)         Total                          Min: 0, Avg:  0.0, Max: 0, Diff: 0, Sum: 0, Workers: 3
[3.528s][debug][gc,phases         ] GC(66)       StringTable Weak               Min:  0.0, Avg:  0.0, Max:  0.0, Diff:  0.0, Sum:  0.0, Workers: 3
[3.528s][debug][gc,phases         ] GC(66)         Dead                           Min: 0, Avg:  0.0, Max: 0, Diff: 0, Sum: 0, Workers: 3
[3.528s][debug][gc,phases         ] GC(66)         Total                          Min: 704, Avg: 819.0, Max: 1024, Diff: 320, Sum: 2457, Workers: 3
[3.528s][debug][gc,phases         ] GC(66)       ResolvedMethodTable Weak       Min:  0.0, Avg:  0.0, Max:  0.0, Diff:  0.0, Sum:  0.0, Workers: 3
[3.528s][debug][gc,phases         ] GC(66)         Dead                           Min: 0, Avg:  0.0, Max: 0, Diff: 0, Sum: 0, Workers: 3
[3.528s][debug][gc,phases         ] GC(66)         Total                          Min: 9, Avg: 45.7, Max: 64, Diff: 55, Sum: 137, Workers: 3
[3.528s][debug][gc,phases         ] GC(66)       JNI Weak                       Min:  0.0, Avg:  0.0, Max:  0.0, Diff:  0.0, Sum:  0.0, Workers: 3
[3.528s][debug][gc,phases         ] GC(66)         Dead                           Min: 0, Avg:  0.0, Max: 0, Diff: 0, Sum: 0, Workers: 3
[3.528s][debug][gc,phases         ] GC(66)         Total                          Min: 0, Avg:  0.0, Max: 0, Diff: 0, Sum: 0, Workers: 3
[3.528s][debug][gc,phases         ] GC(66)       StringDedup Table Weak         Min:  0.0, Avg:  0.0, Max:  0.0, Diff:  0.0, Sum:  0.0, Workers: 3
[3.528s][debug][gc,phases         ] GC(66)         Dead                           Min: 0, Avg:  0.0, Max: 0, Diff: 0, Sum: 0, Workers: 3
[3.528s][debug][gc,phases         ] GC(66)         Total                          Min: 0, Avg:  0.0, Max: 0, Diff: 0, Sum: 0, Workers: 3
[3.528s][debug][gc,phases         ] GC(66)       StringDedup Requests0 Weak     Min:  0.0, Avg:  0.0, Max:  0.0, Diff:  0.0, Sum:  0.0, Workers: 3
[3.528s][debug][gc,phases         ] GC(66)         Dead                           Min: 0, Avg:  0.0, Max: 0, Diff: 0, Sum: 0, Workers: 3
[3.528s][debug][gc,phases         ] GC(66)         Total                          Min: 0, Avg:  0.0, Max: 0, Diff: 0, Sum: 0, Workers: 3
[3.528s][debug][gc,phases         ] GC(66)       StringDedup Requests1 Weak     Min:  0.0, Avg:  0.0, Max:  0.0, Diff:  0.0, Sum:  0.0, Workers: 3
[3.528s][debug][gc,phases         ] GC(66)         Dead                           Min: 0, Avg:  0.0, Max: 0, Diff: 0, Sum: 0, Workers: 3
[3.528s][debug][gc,phases         ] GC(66)         Total                          Min: 0, Avg:  0.0, Max: 0, Diff: 0, Sum: 0, Workers: 3
[3.528s][debug][gc,phases         ] GC(66)       Weak JFR Old Object Samples    Min:  0.0, Avg:  0.0, Max:  0.0, Diff:  0.0, Sum:  0.0, Workers: 3
[3.528s][debug][gc,phases         ] GC(66)         Dead                           Min: 0, Avg:  0.0, Max: 0, Diff: 0, Sum: 0, Workers: 3
[3.528s][debug][gc,phases         ] GC(66)         Total                          Min: 0, Avg:  0.0, Max: 0, Diff: 0, Sum: 0, Workers: 3
[3.528s][debug][gc,phases         ] GC(66)     Post Evacuate Cleanup 1: 0.0ms
[3.528s][debug][gc,phases         ] GC(66)       Merge Per-Thread State (ms):   Min:  0.0, Avg:  0.0, Max:  0.0, Diff:  0.0, Sum:  0.0, Workers: 1
[3.528s][debug][gc,phases         ] GC(66)         Copied Bytes                   Min: 145264, Avg: 380888.0, Max: 613456, Diff: 468192, Sum: 1523552, Workers: 4
[3.528s][debug][gc,phases         ] GC(66)         LAB Waste                      Min: 0, Avg: 28.0, Max: 48, Diff: 48, Sum: 112, Workers: 4
[3.528s][debug][gc,phases         ] GC(66)         LAB Undo Waste                 Min: 0, Avg:  0.0, Max: 0, Diff: 0, Sum: 0, Workers: 4
[3.528s][debug][gc,phases         ] GC(66)       Clear Logged Cards (ms):       Min:  0.0, Avg:  0.0, Max:  0.0, Diff:  0.0, Sum:  0.0, Workers: 3
[3.528s][debug][gc,phases         ] GC(66)       Recalculate Used Memory (ms):  Min:  0.0, Avg:  0.0, Max:  0.0, Diff:  0.0, Sum:  0.0, Workers: 1
[3.528s][debug][gc,phases         ] GC(66)     Post Evacuate Cleanup 2: 0.0ms
[3.528s][debug][gc,phases         ] GC(66)       Reset Hot Card Cache (ms):     Min:  0.0, Avg:  0.0, Max:  0.0, Diff:  0.0, Sum:  0.0, Workers: 1
[3.528s][debug][gc,phases         ] GC(66)       Purge Code Roots (ms):         Min:  0.0, Avg:  0.0, Max:  0.0, Diff:  0.0, Sum:  0.0, Workers: 1
[3.528s][debug][gc,phases         ] GC(66)       Update Derived Pointers (ms):  Min:  0.0, Avg:  0.0, Max:  0.0, Diff:  0.0, Sum:  0.0, Workers: 1
[3.528s][debug][gc,phases         ] GC(66)       Eagerly Reclaim Humongous Objects (ms): Min:  0.0, Avg:  0.0, Max:  0.0, Diff:  0.0, Sum:  0.0, Workers: 1
[3.528s][debug][gc,phases         ] GC(66)         Humongous Total                Min: 1, Avg:  1.0, Max: 1, Diff: 0, Sum: 1, Workers: 1
[3.528s][debug][gc,phases         ] GC(66)         Humongous Candidates           Min: 0, Avg:  0.0, Max: 0, Diff: 0, Sum: 0, Workers: 1
[3.529s][debug][gc,phases         ] GC(66)         Humongous Reclaimed            Min: 0, Avg:  0.0, Max: 0, Diff: 0, Sum: 0, Workers: 1
[3.529s][debug][gc,phases         ] GC(66)       Redirty Logged Cards (ms):     Min:  0.0, Avg:  0.0, Max:  0.0, Diff:  0.0, Sum:  0.0, Workers: 4
[3.529s][debug][gc,phases         ] GC(66)         Redirtied Cards:               Min: 0, Avg: 382.8, Max: 712, Diff: 712, Sum: 1531, Workers: 4
[3.529s][debug][gc,phases         ] GC(66)       Free Collection Set (ms):      Min:  0.0, Avg:  0.0, Max:  0.0, Diff:  0.0, Sum:  0.0, Workers: 4
[3.529s][debug][gc,phases         ] GC(66)     Rebuild Free List: 0.1ms
[3.529s][debug][gc,phases         ] GC(66)     Start New Collection Set: 0.0ms
[3.529s][debug][gc,phases         ] GC(66)     Resize TLABs: 0.0ms
[3.529s][debug][gc,phases         ] GC(66)     Expand Heap After Collection: 0.0ms
[3.529s][info ][gc,phases         ] GC(66)   Other: 0.6ms
[3.529s][info ][gc,heap           ] GC(66) Eden regions: 40->0(45)
[3.529s][info ][gc,heap           ] GC(66) Survivor regions: 3->2(6)
[3.529s][info ][gc,heap           ] GC(66) Old regions: 65->65
[3.529s][info ][gc,heap           ] GC(66) Archive regions: 0->0
[3.529s][info ][gc,heap           ] GC(66) Humongous regions: 36->36
[3.529s][info ][gc,metaspace      ] GC(66) Metaspace: 471K(640K)->471K(640K) NonClass: 438K(512K)->438K(512K) Class: 33K(128K)->33K(128K)
[3.529s][debug][gc,heap           ] GC(66) Heap after GC invocations=63 (full 3):
[3.529s][debug][gc,heap           ] GC(66)  garbage-first heap   total 262144K, used 105125K [0x00000000f0000000, 0x0000000100000000)
[3.529s][debug][gc,heap           ] GC(66)   region size 1024K, 2 young (2048K), 2 survivors (2048K)
[3.529s][debug][gc,heap           ] GC(66)  Metaspace       used 471K, committed 640K, reserved 1056768K
[3.529s][debug][gc,heap           ] GC(66)   class space    used 33K, committed 128K, reserved 1048576K
[3.529s][info ][gc                ] GC(66) Pause Young (Normal) (G1 Evacuation Pause) 143M->102M(256M) 8.678ms
[3.529s][info ][gc,cpu            ] GC(66) User=0.06s Sys=0.00s Real=0.01s
[3.529s][debug][gc,refine         ] Deactivated worker 0, off threshold: 17791, current: 1531, refined cards: 0
[3.590s][debug][gc,refine         ] Activated worker 0, on threshold: 18303, current: 18427
[3.590s][debug][gc,refine         ] Deactivated worker 0, off threshold: 17791, current: 17715, refined cards: 712
[3.593s][debug][gc,refine         ] Activated worker 0, on threshold: 18303, current: 18483
[3.593s][debug][gc,refine         ] Deactivated worker 0, off threshold: 17791, current: 17664, refined cards: 819
[3.595s][debug][gc,refine         ] Activated worker 0, on threshold: 18303, current: 18432
[3.596s][debug][gc,refine         ] Deactivated worker 0, off threshold: 17791, current: 17664, refined cards: 768
[3.598s][debug][gc,refine         ] Activated worker 0, on threshold: 18303, current: 18432
[3.599s][debug][gc,refine         ] Deactivated worker 0, off threshold: 17791, current: 17664, refined cards: 768
[3.602s][debug][gc,refine         ] Activated worker 0, on threshold: 18303, current: 18432
[3.603s][debug][gc,refine         ] Deactivated worker 0, off threshold: 17791, current: 17664, refined cards: 768
[3.605s][debug][gc,refine         ] Activated worker 0, on threshold: 18303, current: 18432
[3.606s][debug][gc,refine         ] Deactivated worker 0, off threshold: 17791, current: 17664, refined cards: 768
[3.609s][debug][gc,refine         ] Activated worker 0, on threshold: 18303, current: 18432
[3.610s][debug][gc,refine         ] Deactivated worker 0, off threshold: 17791, current: 17664, refined cards: 1024
[3.612s][debug][gc,refine         ] Activated worker 0, on threshold: 18303, current: 18432
[3.614s][debug][gc,refine         ] Deactivated worker 0, off threshold: 17791, current: 17664, refined cards: 1024
[3.615s][debug][gc,heap           ] GC(67) Heap before GC invocations=63 (full 3):
[3.615s][debug][gc,heap           ] GC(67)  garbage-first heap   total 262144K, used 151205K [0x00000000f0000000, 0x0000000100000000)
[3.615s][debug][gc,heap           ] GC(67)   region size 1024K, 47 young (48128K), 2 survivors (2048K)
[3.615s][debug][gc,heap           ] GC(67)  Metaspace       used 471K, committed 640K, reserved 1056768K
[3.615s][debug][gc,heap           ] GC(67)   class space    used 33K, committed 128K, reserved 1048576K
[3.615s][info ][gc,start          ] GC(67) Pause Young (Normal) (G1 Evacuation Pause)
[3.615s][info ][gc,task           ] GC(67) Using 4 workers of 4 for evacuation
[3.615s][debug][gc,tlab           ] GC(67) TLAB totals: thrds: 1  refills: 135 max: 135 slow allocs: 0 max 0 waste:  0.2% gc: 0B max: 0B slow: 77760B max: 77760B
[3.615s][debug][gc,age            ] GC(67) Desired survivor size 3145728 bytes, new threshold 15 (max threshold 15)
[3.615s][debug][gc,refine,stats   ] GC(67) Mutator refinement: 0.00ms, refined: 0, precleaned: 0, dirtied: 23002
[3.615s][debug][gc,refine,stats   ] GC(67) Concurrent refinement: 6.73ms, refined: 6651, precleaned: 787, dirtied: 0
[3.615s][debug][gc,refine,stats   ] GC(67) Total refinement: 6.73ms, refined: 6651, precleaned: 787, dirtied: 23002
[3.615s][debug][gc,refine,stats   ] GC(67) Concurrent refinement rate: 988.31 cards/ms
[3.615s][debug][gc,refine,stats   ] GC(67) Generate dirty cards rate: 259.98 cards/ms
[3.615s][debug][gc,alloc,region   ] GC(67) Mutator Allocation stats, regions: 45, wasted size: 0B ( 0.0%)
[3.615s][debug][gc,humongous      ] GC(67) Humongous region 173 (object size 36920416 @ 0x00000000fad00000) remset 0 code roots 0 marked 0 reclaim candidate 0 type array 0
[3.615s][debug][gc,ergo           ] GC(67) Running G1 Merge Heap Roots using 4 workers for 47 regions
[3.615s][debug][gc,remset         ] GC(67) Visited cards 23808 Total dirty 24576 (96.88%) Total old 399360 (5.96%)
[3.676s][debug][gc,task,start     ] G1 Service Thread (Remembered Set Sampling Task) (run)
[3.676s][debug][gc,ref            ] GC(67) Skipped phase 1 of Reference Processing: no references
[3.676s][debug][gc,ref            ] GC(67) Skipped phase 2 of Reference Processing: no references
[3.676s][debug][gc,ref            ] GC(67) Skipped phase 3 of Reference Processing: no references
[3.676s][debug][gc,ref            ] GC(67) Skipped phase 4 of Reference Processing: no references
[3.676s][debug][gc,ergo           ] GC(67) Running G1 Rebuild Free List Task using 4 workers for rebuilding free list of regions
[3.676s][debug][gc,plab           ] GC(67) Young PLAB allocation: allocated: 6291456B, wasted: 1056B, unused: 0B, used: 6290400B, undo waste: 0B, 
[3.676s][debug][gc,plab           ] GC(67) Young other allocation: region end waste: 0B, regions filled: 6, direct allocated: 0B, failure used: 0B, failure wasted: 0B
[3.676s][debug][gc,plab           ] GC(67) Young sizing: calculated: 1258080B, actual: 1044024B
[3.676s][debug][gc,plab           ] GC(67) Old PLAB allocation: allocated: 42965312B, wasted: 3200B, unused: 620800B, used: 42341312B, undo waste: 0B, 
[3.676s][debug][gc,plab           ] GC(67) Old other allocation: region end waste: 0B, regions filled: 41, direct allocated: 0B, failure used: 0B, failure wasted: 0B
[3.676s][debug][gc,plab           ] GC(67) Old sizing: calculated: 8468256B, actual: 6606760B
[3.676s][debug][gc,ergo,heap      ] GC(67) Heap expansion: short term pause time ratio 44.87% long term pause time ratio 30.64% threshold 7.69% pause time ratio 7.69% fully expanded true resize by 0B
[3.676s][debug][gc,ergo,ihop      ] GC(67) Request concurrent cycle initiation (occupancy higher than threshold) occupancy: 148897792B allocation request: 0B threshold: 120795955B (45.00) source: end of GC
[3.676s][debug][gc,mmu            ] GC(67) MMU: 67.7ms (200.0ms/201.0ms)
[3.676s][debug][gc,alloc,stats    ] Old generation allocation in the last mutator period, old gen allocated: 42965312B, humongous allocated: 0B,old gen growth: 42965312B.
[3.676s][debug][gc,ihop           ] GC(67) Basic information (value update), threshold: 120795955B (45.00), target occupancy: 268435456B, current occupancy: 155163120B, recent allocation size: 42965312B, recent allocation duration: 88.48ms, recent old gen allocation rate: 485612150.56B/s, recent marking phase length: 0.00ms
[3.676s][debug][gc,ihop           ] GC(67) Adaptive IHOP information (value update), threshold: 120795955B (52.94), internal target occupancy: 228170137B, occupancy: 155163120B, additional buffer size: 32505856B, predicted old gen allocation rate: 519278536.98B/s, predicted marking phase length: 0.00ms, prediction active: false
[3.676s][debug][gc,ergo,refine    ] GC(67) Concurrent refinement times: Logged Cards Scan time goal: 20.00ms Logged Cards Scan time: 6.58ms HCC time: 0.00ms
[3.677s][debug][gc,ergo,refine    ] GC(67) Updated Refinement Zones: green: 19570, yellow: 58710, red: 97850
[3.677s][info ][gc,phases         ] GC(67)   Pre Evacuate Collection Set: 0.1ms
[3.677s][debug][gc,phases         ] GC(67)     Prepare TLABs: 0.0ms
[3.677s][debug][gc,phases         ] GC(67)     Concatenate Dirty Card Logs: 0.0ms
[3.677s][debug][gc,phases         ] GC(67)     Choose Collection Set: 0.0ms
[3.677s][debug][gc,phases         ] GC(67)     Region Register: 0.1ms
[3.677s][debug][gc,phases         ] GC(67)     Prepare Heap Roots: 0.0ms
[3.677s][info ][gc,phases         ] GC(67)   Merge Heap Roots: 0.2ms
[3.677s][debug][gc,phases         ] GC(67)     Prepare Merge Heap Roots: 0.0ms
[3.677s][debug][gc,phases         ] GC(67)     Eager Reclaim (ms):            skipped
[3.677s][debug][gc,phases         ] GC(67)     Remembered Sets (ms):          Min:  0.0, Avg:  0.0, Max:  0.0, Diff:  0.0, Sum:  0.1, Workers: 4
[3.677s][debug][gc,phases         ] GC(67)       Merged Sparse:                 Min: 0, Avg:  0.0, Max: 0, Diff: 0, Sum: 0, Workers: 4
[3.677s][debug][gc,phases         ] GC(67)       Merged Fine:                   Min: 0, Avg:  3.8, Max: 6, Diff: 6, Sum: 15, Workers: 4
[3.677s][debug][gc,phases         ] GC(67)       Merged Coarse:                 Min: 0, Avg:  0.0, Max: 0, Diff: 0, Sum: 0, Workers: 4
[3.677s][debug][gc,phases         ] GC(67)       Dirty Cards:                   Min: 0, Avg: 1460.5, Max: 2047, Diff: 2047, Sum: 5842, Workers: 4
[3.677s][debug][gc,phases         ] GC(67)     Hot Card Cache (ms):           Min:  0.0, Avg:  0.0, Max:  0.0, Diff:  0.0, Sum:  0.0, Workers: 4
[3.677s][debug][gc,phases         ] GC(67)       Dirty Cards:                   Min: 0, Avg:  0.0, Max: 0, Diff: 0, Sum: 0, Workers: 4
[3.677s][debug][gc,phases         ] GC(67)       Skipped Cards:                 Min: 0, Avg:  0.0, Max: 0, Diff: 0, Sum: 0, Workers: 4
[3.677s][debug][gc,phases         ] GC(67)     Log Buffers (ms):              Min:  0.0, Avg:  0.1, Max:  0.1, Diff:  0.1, Sum:  0.3, Workers: 4
[3.677s][debug][gc,phases         ] GC(67)       Dirty Cards:                   Min: 0, Avg: 4464.5, Max: 6136, Diff: 6136, Sum: 17858, Workers: 4
[3.677s][debug][gc,phases         ] GC(67)       Skipped Cards:                 Min: 0, Avg:  0.0, Max: 0, Diff: 0, Sum: 0, Workers: 4
[3.677s][info ][gc,phases         ] GC(67)   Evacuate Collection Set: 60.1ms
[3.677s][debug][gc,phases         ] GC(67)     Ext Root Scanning (ms):        Min:  0.0, Avg:  0.0, Max:  0.0, Diff:  0.0, Sum:  0.1, Workers: 4
[3.677s][debug][gc,phases         ] GC(67)     Scan Heap Roots (ms):          Min:  7.8, Avg:  8.6, Max:  9.2, Diff:  1.5, Sum: 34.6, Workers: 4
[3.677s][debug][gc,phases         ] GC(67)       Scanned Cards:                 Min: 5570, Avg: 5936.5, Max: 6144, Diff: 574, Sum: 23746, Workers: 4
[3.677s][debug][gc,phases         ] GC(67)       Scanned Blocks:                Min: 22, Avg: 23.3, Max: 24, Diff: 2, Sum: 93, Workers: 4
[3.677s][debug][gc,phases         ] GC(67)       Claimed Chunks:                Min: 22, Avg: 23.3, Max: 24, Diff: 2, Sum: 93, Workers: 4
[3.677s][debug][gc,phases         ] GC(67)     Code Root Scan (ms):           Min:  0.0, Avg:  0.0, Max:  0.0, Diff:  0.0, Sum:  0.0, Workers: 4
[3.677s][debug][gc,phases         ] GC(67)     Object Copy (ms):              Min: 47.4, Avg: 50.2, Max: 51.4, Diff:  4.0, Sum: 200.7, Workers: 4
[3.677s][debug][gc,phases         ] GC(67)     Termination (ms):              Min:  0.0, Avg:  0.0, Max:  0.0, Diff:  0.0, Sum:  0.0, Workers: 4
[3.677s][debug][gc,phases         ] GC(67)       Termination Attempts:          Min: 1, Avg:  1.5, Max: 3, Diff: 2, Sum: 6, Workers: 4
[3.677s][debug][gc,phases         ] GC(67)     GC Worker Other (ms):          Min:  0.0, Avg:  0.0, Max:  0.0, Diff:  0.0, Sum:  0.1, Workers: 4
[3.677s][debug][gc,phases         ] GC(67)     GC Worker Total (ms):          Min: 55.2, Avg: 58.8, Max: 60.1, Diff:  4.9, Sum: 235.4, Workers: 4
[3.677s][info ][gc,phases         ] GC(67)   Post Evacuate Collection Set: 0.5ms
[3.678s][debug][gc,phases         ] GC(67)     Code Roots Fixup: 0.0ms
[3.678s][debug][gc,phases         ] GC(67)     Reference Processing: 0.2ms
[3.678s][debug][gc,phases,ref     ] GC(67)       Reconsider SoftReferences: 0.1ms
[3.678s][debug][gc,phases,ref     ] GC(67)         SoftRef (ms):                  skipped
[3.678s][debug][gc,phases,ref     ] GC(67)       Notify Soft/WeakReferences: 0.0ms
[3.678s][debug][gc,phases,ref     ] GC(67)         SoftRef (ms):                  skipped
[3.678s][debug][gc,phases,ref     ] GC(67)         WeakRef (ms):                  skipped
[3.678s][debug][gc,phases,ref     ] GC(67)         FinalRef (ms):                 skipped
[3.678s][debug][gc,phases,ref     ] GC(67)         Total (ms):                    skipped
[3.678s][debug][gc,phases,ref     ] GC(67)       Notify and keep alive finalizable: 0.0ms
[3.678s][debug][gc,phases,ref     ] GC(67)         FinalRef (ms):                 skipped
[3.678s][debug][gc,phases,ref     ] GC(67)       Notify PhantomReferences: 0.0ms
[3.678s][debug][gc,phases,ref     ] GC(67)         PhantomRef (ms):               skipped
[3.678s][debug][gc,phases,ref     ] GC(67)       SoftReference:
[3.678s][debug][gc,phases,ref     ] GC(67)         Discovered: 0
[3.678s][debug][gc,phases,ref     ] GC(67)         Cleared: 0
[3.678s][debug][gc,phases,ref     ] GC(67)       WeakReference:
[3.678s][debug][gc,phases,ref     ] GC(67)         Discovered: 0
[3.678s][debug][gc,phases,ref     ] GC(67)         Cleared: 0
[3.678s][debug][gc,phases,ref     ] GC(67)       FinalReference:
[3.678s][debug][gc,phases,ref     ] GC(67)         Discovered: 0
[3.678s][debug][gc,phases,ref     ] GC(67)         Cleared: 0
[3.678s][debug][gc,phases,ref     ] GC(67)       PhantomReference:
[3.678s][debug][gc,phases,ref     ] GC(67)         Discovered: 0
[3.678s][debug][gc,phases,ref     ] GC(67)         Cleared: 0
[3.678s][debug][gc,phases         ] GC(67)     Weak Processing: 0.0ms
[3.678s][debug][gc,phases         ] GC(67)       VM Weak                        Min:  0.0, Avg:  0.0, Max:  0.0, Diff:  0.0, Sum:  0.0, Workers: 3
[3.678s][debug][gc,phases         ] GC(67)         Dead                           Min: 0, Avg:  0.0, Max: 0, Diff: 0, Sum: 0, Workers: 3
[3.678s][debug][gc,phases         ] GC(67)         Total                          Min: 0, Avg:  2.7, Max: 8, Diff: 8, Sum: 8, Workers: 3
[3.678s][debug][gc,phases         ] GC(67)       ObjectSynchronizer Weak        Min:  0.0, Avg:  0.0, Max:  0.0, Diff:  0.0, Sum:  0.0, Workers: 3
[3.678s][debug][gc,phases         ] GC(67)         Dead                           Min: 0, Avg:  0.0, Max: 0, Diff: 0, Sum: 0, Workers: 3
[3.678s][debug][gc,phases         ] GC(67)         Total                          Min: 0, Avg:  1.0, Max: 3, Diff: 3, Sum: 3, Workers: 3
[3.678s][debug][gc,phases         ] GC(67)       JVMTI Tag Weak OopStorage      Min:  0.0, Avg:  0.0, Max:  0.0, Diff:  0.0, Sum:  0.0, Workers: 3
[3.678s][debug][gc,phases         ] GC(67)         Dead                           Min: 0, Avg:  0.0, Max: 0, Diff: 0, Sum: 0, Workers: 3
[3.679s][debug][gc,phases         ] GC(67)         Total                          Min: 0, Avg:  0.0, Max: 0, Diff: 0, Sum: 0, Workers: 3
[3.679s][debug][gc,phases         ] GC(67)       StringTable Weak               Min:  0.0, Avg:  0.0, Max:  0.0, Diff:  0.0, Sum:  0.0, Workers: 3
[3.679s][debug][gc,phases         ] GC(67)         Dead                           Min: 0, Avg:  0.0, Max: 0, Diff: 0, Sum: 0, Workers: 3
[3.679s][debug][gc,phases         ] GC(67)         Total                          Min: 384, Avg: 819.0, Max: 1344, Diff: 960, Sum: 2457, Workers: 3
[3.679s][debug][gc,phases         ] GC(67)       ResolvedMethodTable Weak       Min:  0.0, Avg:  0.0, Max:  0.0, Diff:  0.0, Sum:  0.0, Workers: 3
[3.679s][debug][gc,phases         ] GC(67)         Dead                           Min: 0, Avg:  0.0, Max: 0, Diff: 0, Sum: 0, Workers: 3
[3.679s][debug][gc,phases         ] GC(67)         Total                          Min: 9, Avg: 45.7, Max: 64, Diff: 55, Sum: 137, Workers: 3
[3.679s][debug][gc,phases         ] GC(67)       JNI Weak                       Min:  0.0, Avg:  0.0, Max:  0.0, Diff:  0.0, Sum:  0.0, Workers: 3
[3.679s][debug][gc,phases         ] GC(67)         Dead                           Min: 0, Avg:  0.0, Max: 0, Diff: 0, Sum: 0, Workers: 3
[3.679s][debug][gc,phases         ] GC(67)         Total                          Min: 0, Avg:  0.0, Max: 0, Diff: 0, Sum: 0, Workers: 3
[3.679s][debug][gc,phases         ] GC(67)       StringDedup Table Weak         Min:  0.0, Avg:  0.0, Max:  0.0, Diff:  0.0, Sum:  0.0, Workers: 3
[3.679s][debug][gc,phases         ] GC(67)         Dead                           Min: 0, Avg:  0.0, Max: 0, Diff: 0, Sum: 0, Workers: 3
[3.679s][debug][gc,phases         ] GC(67)         Total                          Min: 0, Avg:  0.0, Max: 0, Diff: 0, Sum: 0, Workers: 3
[3.679s][debug][gc,phases         ] GC(67)       StringDedup Requests0 Weak     Min:  0.0, Avg:  0.0, Max:  0.0, Diff:  0.0, Sum:  0.0, Workers: 3
[3.679s][debug][gc,phases         ] GC(67)         Dead                           Min: 0, Avg:  0.0, Max: 0, Diff: 0, Sum: 0, Workers: 3
[3.679s][debug][gc,phases         ] GC(67)         Total                          Min: 0, Avg:  0.0, Max: 0, Diff: 0, Sum: 0, Workers: 3
[3.679s][debug][gc,phases         ] GC(67)       StringDedup Requests1 Weak     Min:  0.0, Avg:  0.0, Max:  0.0, Diff:  0.0, Sum:  0.0, Workers: 3
[3.679s][debug][gc,phases         ] GC(67)         Dead                           Min: 0, Avg:  0.0, Max: 0, Diff: 0, Sum: 0, Workers: 3
[3.679s][debug][gc,phases         ] GC(67)         Total                          Min: 0, Avg:  0.0, Max: 0, Diff: 0, Sum: 0, Workers: 3
[3.679s][debug][gc,phases         ] GC(67)       Weak JFR Old Object Samples    Min:  0.0, Avg:  0.0, Max:  0.0, Diff:  0.0, Sum:  0.0, Workers: 3
[3.679s][debug][gc,phases         ] GC(67)         Dead                           Min: 0, Avg:  0.0, Max: 0, Diff: 0, Sum: 0, Workers: 3
[3.679s][debug][gc,phases         ] GC(67)         Total                          Min: 0, Avg:  0.0, Max: 0, Diff: 0, Sum: 0, Workers: 3
[3.679s][debug][gc,phases         ] GC(67)     Post Evacuate Cleanup 1: 0.0ms
[3.679s][debug][gc,phases         ] GC(67)       Merge Per-Thread State (ms):   Min:  0.0, Avg:  0.0, Max:  0.0, Diff:  0.0, Sum:  0.0, Workers: 1
[3.679s][debug][gc,phases         ] GC(67)         Copied Bytes                   Min: 11412224, Avg: 12157928.0, Max: 12656384, Diff: 1244160, Sum: 48631712, Workers: 4
[3.679s][debug][gc,phases         ] GC(67)         LAB Waste                      Min: 912, Avg: 1064.0, Max: 1152, Diff: 240, Sum: 4256, Workers: 4
[3.679s][debug][gc,phases         ] GC(67)         LAB Undo Waste                 Min: 0, Avg:  0.0, Max: 0, Diff: 0, Sum: 0, Workers: 4
[3.679s][debug][gc,phases         ] GC(67)       Clear Logged Cards (ms):       Min:  0.0, Avg:  0.0, Max:  0.0, Diff:  0.0, Sum:  0.0, Workers: 3
[3.679s][debug][gc,phases         ] GC(67)       Recalculate Used Memory (ms):  Min:  0.0, Avg:  0.0, Max:  0.0, Diff:  0.0, Sum:  0.0, Workers: 1
[3.679s][debug][gc,phases         ] GC(67)     Post Evacuate Cleanup 2: 0.1ms
[3.679s][debug][gc,phases         ] GC(67)       Reset Hot Card Cache (ms):     Min:  0.0, Avg:  0.0, Max:  0.0, Diff:  0.0, Sum:  0.0, Workers: 1
[3.680s][debug][gc,phases         ] GC(67)       Purge Code Roots (ms):         Min:  0.0, Avg:  0.0, Max:  0.0, Diff:  0.0, Sum:  0.0, Workers: 1
[3.680s][debug][gc,phases         ] GC(67)       Update Derived Pointers (ms):  Min:  0.0, Avg:  0.0, Max:  0.0, Diff:  0.0, Sum:  0.0, Workers: 1
[3.680s][debug][gc,phases         ] GC(67)       Eagerly Reclaim Humongous Objects (ms): Min:  0.0, Avg:  0.0, Max:  0.0, Diff:  0.0, Sum:  0.0, Workers: 1
[3.680s][debug][gc,phases         ] GC(67)         Humongous Total                Min: 1, Avg:  1.0, Max: 1, Diff: 0, Sum: 1, Workers: 1
[3.680s][debug][gc,phases         ] GC(67)         Humongous Candidates           Min: 0, Avg:  0.0, Max: 0, Diff: 0, Sum: 0, Workers: 1
[3.680s][debug][gc,phases         ] GC(67)         Humongous Reclaimed            Min: 0, Avg:  0.0, Max: 0, Diff: 0, Sum: 0, Workers: 1
[3.680s][debug][gc,phases         ] GC(67)       Redirty Logged Cards (ms):     Min:  0.0, Avg:  0.0, Max:  0.0, Diff:  0.0, Sum:  0.0, Workers: 4
[3.680s][debug][gc,phases         ] GC(67)         Redirtied Cards:               Min: 88, Avg: 768.8, Max: 1619, Diff: 1531, Sum: 3075, Workers: 4
[3.680s][debug][gc,phases         ] GC(67)       Free Collection Set (ms):      Min:  0.0, Avg:  0.0, Max:  0.0, Diff:  0.0, Sum:  0.0, Workers: 4
[3.680s][debug][gc,phases         ] GC(67)     Rebuild Free List: 0.1ms
[3.680s][debug][gc,phases         ] GC(67)     Start New Collection Set: 0.0ms
[3.680s][debug][gc,phases         ] GC(67)     Resize TLABs: 0.0ms
[3.680s][debug][gc,phases         ] GC(67)     Expand Heap After Collection: 0.0ms
[3.680s][info ][gc,phases         ] GC(67)   Other: 1.1ms
[3.680s][info ][gc,heap           ] GC(67) Eden regions: 45->0(25)
[3.680s][info ][gc,heap           ] GC(67) Survivor regions: 2->6(6)
[3.680s][info ][gc,heap           ] GC(67) Old regions: 65->106
[3.680s][info ][gc,heap           ] GC(67) Archive regions: 0->0
[3.680s][info ][gc,heap           ] GC(67) Humongous regions: 36->36
[3.680s][info ][gc,metaspace      ] GC(67) Metaspace: 471K(640K)->471K(640K) NonClass: 438K(512K)->438K(512K) Class: 33K(128K)->33K(128K)
[3.680s][debug][gc,heap           ] GC(67) Heap after GC invocations=64 (full 3):
[3.680s][debug][gc,heap           ] GC(67)  garbage-first heap   total 262144K, used 151526K [0x00000000f0000000, 0x0000000100000000)
[3.680s][debug][gc,heap           ] GC(67)   region size 1024K, 6 young (6144K), 6 survivors (6144K)
[3.680s][debug][gc,heap           ] GC(67)  Metaspace       used 471K, committed 640K, reserved 1056768K
[3.680s][debug][gc,heap           ] GC(67)   class space    used 33K, committed 128K, reserved 1048576K
[3.680s][info ][gc                ] GC(67) Pause Young (Normal) (G1 Evacuation Pause) 147M->147M(256M) 65.513ms
[3.680s][info ][gc,cpu            ] GC(67) User=0.23s Sys=0.00s Real=0.06s
[3.680s][debug][gc,task           ] G1 Service Thread (Remembered Set Sampling Task) (run) 4.862ms (cpu: 0.000ms)
[3.721s][debug][gc,heap           ] GC(68) Heap before GC invocations=64 (full 3):
[3.721s][debug][gc,heap           ] GC(68)  garbage-first heap   total 262144K, used 177126K [0x00000000f0000000, 0x0000000100000000)
[3.721s][debug][gc,heap           ] GC(68)   region size 1024K, 31 young (31744K), 6 survivors (6144K)
[3.721s][debug][gc,heap           ] GC(68)  Metaspace       used 471K, committed 640K, reserved 1056768K
[3.721s][debug][gc,heap           ] GC(68)   class space    used 33K, committed 128K, reserved 1048576K
[3.721s][debug][gc,ergo           ] GC(68) Initiate concurrent cycle (concurrent cycle initiation requested)
[3.721s][info ][gc,start          ] GC(68) Pause Young (Concurrent Start) (G1 Evacuation Pause)
[3.721s][info ][gc,task           ] GC(68) Using 4 workers of 4 for evacuation
[3.721s][debug][gc,tlab           ] GC(68) TLAB totals: thrds: 1  refills: 75 max: 75 slow allocs: 0 max 0 waste:  0.2% gc: 0B max: 0B slow: 43200B max: 43200B
[3.721s][debug][gc,age            ] GC(68) Desired survivor size 2097152 bytes, new threshold 1 (max threshold 15)
[3.721s][debug][gc,refine,stats   ] GC(68) Mutator refinement: 0.00ms, refined: 0, precleaned: 0, dirtied: 12780
[3.721s][debug][gc,refine,stats   ] GC(68) Concurrent refinement: 0.00ms, refined: 0, precleaned: 0, dirtied: 0
[3.721s][debug][gc,refine,stats   ] GC(68) Total refinement: 0.00ms, refined: 0, precleaned: 0, dirtied: 12780
[3.721s][debug][gc,refine,stats   ] GC(68) Generate dirty cards rate: 284.75 cards/ms
[3.721s][debug][gc,alloc,region   ] GC(68) Mutator Allocation stats, regions: 25, wasted size: 0B ( 0.0%)
[3.721s][debug][gc,humongous      ] GC(68) Humongous region 173 (object size 36920416 @ 0x00000000fad00000) remset 0 code roots 0 marked 0 reclaim candidate 0 type array 0
[3.721s][debug][gc,ergo           ] GC(68) Running G1 Merge Heap Roots using 4 workers for 31 regions
[3.721s][debug][gc,remset         ] GC(68) Visited cards 16640 Total dirty 22528 (73.86%) Total old 417792 (3.98%)
[3.761s][debug][gc,ref            ] GC(68) Skipped phase 1 of Reference Processing: no references
[3.761s][debug][gc,ref            ] GC(68) Skipped phase 2 of Reference Processing: no references
[3.761s][debug][gc,ref            ] GC(68) Skipped phase 3 of Reference Processing: no references
[3.761s][debug][gc,ref            ] GC(68) Skipped phase 4 of Reference Processing: no references
[3.761s][debug][gc,ergo           ] GC(68) Running G1 Rebuild Free List Task using 4 workers for rebuilding free list of regions
[3.761s][debug][gc,plab           ] GC(68) Young PLAB allocation: allocated: 4194304B, wasted: 448B, unused: 0B, used: 4193856B, undo waste: 0B, 
[3.761s][debug][gc,plab           ] GC(68) Young other allocation: region end waste: 0B, regions filled: 4, direct allocated: 0B, failure used: 0B, failure wasted: 0B
[3.761s][debug][gc,plab           ] GC(68) Young sizing: calculated: 838768B, actual: 890080B
[3.761s][debug][gc,plab           ] GC(68) Old PLAB allocation: allocated: 29386240B, wasted: 848B, unused: 1117648B, used: 28267744B, undo waste: 0B, 
[3.761s][debug][gc,plab           ] GC(68) Old other allocation: region end waste: 0B, regions filled: 29, direct allocated: 0B, failure used: 0B, failure wasted: 0B
[3.761s][debug][gc,plab           ] GC(68) Old sizing: calculated: 5653544B, actual: 5891848B
[3.761s][debug][gc,ergo,heap      ] GC(68) Heap expansion: short term pause time ratio 40.95% long term pause time ratio 32.37% threshold 7.69% pause time ratio 7.69% fully expanded true resize by 0B
[3.761s][debug][gc,mmu            ] GC(68) MMU: 101.5ms (200.0ms/201.0ms)
[3.761s][debug][gc,alloc,stats    ] Old generation allocation in the last mutator period, old gen allocated: 29386240B, humongous allocated: 0B,old gen growth: 29386240B.
[3.761s][debug][gc,ihop           ] GC(68) Basic information (value update), threshold: 120795955B (45.00), target occupancy: 268435456B, current occupancy: 182452208B, recent allocation size: 29386240B, recent allocation duration: 44.88ms, recent old gen allocation rate: 654748817.45B/s, recent marking phase length: 0.00ms
[3.761s][debug][gc,ihop           ] GC(68) Adaptive IHOP information (value update), threshold: 120795955B (52.94), internal target occupancy: 228170137B, occupancy: 182452208B, additional buffer size: 20971520B, predicted old gen allocation rate: 532347377.51B/s, predicted marking phase length: 0.00ms, prediction active: false
[3.761s][debug][gc,ergo,refine    ] GC(68) Concurrent refinement times: Logged Cards Scan time goal: 20.00ms Logged Cards Scan time: 5.51ms HCC time: 0.00ms
[3.761s][debug][gc,ergo,refine    ] GC(68) Updated Refinement Zones: green: 19570, yellow: 58710, red: 97850
[3.761s][info ][gc,phases         ] GC(68)   Pre Evacuate Collection Set: 0.1ms
[3.761s][debug][gc,phases         ] GC(68)     Prepare TLABs: 0.0ms
[3.761s][debug][gc,phases         ] GC(68)     Concatenate Dirty Card Logs: 0.0ms
[3.761s][debug][gc,phases         ] GC(68)     Choose Collection Set: 0.0ms
[3.761s][debug][gc,phases         ] GC(68)     Region Register: 0.1ms
[3.761s][debug][gc,phases         ] GC(68)     Prepare Heap Roots: 0.0ms
[3.761s][debug][gc,phases         ] GC(68)     Clear Claimed Marks: 0.0ms
[3.761s][info ][gc,phases         ] GC(68)   Merge Heap Roots: 0.2ms
[3.761s][debug][gc,phases         ] GC(68)     Prepare Merge Heap Roots: 0.0ms
[3.762s][debug][gc,phases         ] GC(68)     Eager Reclaim (ms):            skipped
[3.762s][debug][gc,phases         ] GC(68)     Remembered Sets (ms):          Min:  0.0, Avg:  0.0, Max:  0.0, Diff:  0.0, Sum:  0.0, Workers: 4
[3.762s][debug][gc,phases         ] GC(68)       Merged Sparse:                 Min: 0, Avg:  0.0, Max: 0, Diff: 0, Sum: 0, Workers: 4
[3.762s][debug][gc,phases         ] GC(68)       Merged Fine:                   Min: 0, Avg:  0.0, Max: 0, Diff: 0, Sum: 0, Workers: 4
[3.762s][debug][gc,phases         ] GC(68)       Merged Coarse:                 Min: 0, Avg:  0.0, Max: 0, Diff: 0, Sum: 0, Workers: 4
[3.762s][debug][gc,phases         ] GC(68)       Dirty Cards:                   Min: 0, Avg:  0.0, Max: 0, Diff: 0, Sum: 0, Workers: 4
[3.762s][debug][gc,phases         ] GC(68)     Hot Card Cache (ms):           Min:  0.0, Avg:  0.0, Max:  0.0, Diff:  0.0, Sum:  0.0, Workers: 4
[3.762s][debug][gc,phases         ] GC(68)       Dirty Cards:                   Min: 0, Avg:  0.0, Max: 0, Diff: 0, Sum: 0, Workers: 4
[3.762s][debug][gc,phases         ] GC(68)       Skipped Cards:                 Min: 0, Avg:  0.0, Max: 0, Diff: 0, Sum: 0, Workers: 4
[3.762s][debug][gc,phases         ] GC(68)     Log Buffers (ms):              Min:  0.1, Avg:  0.1, Max:  0.1, Diff:  0.0, Sum:  0.3, Workers: 4
[3.762s][debug][gc,phases         ] GC(68)       Dirty Cards:                   Min: 3832, Avg: 3955.8, Max: 4100, Diff: 268, Sum: 15823, Workers: 4
[3.762s][debug][gc,phases         ] GC(68)       Skipped Cards:                 Min: 0, Avg:  0.0, Max: 0, Diff: 0, Sum: 0, Workers: 4
[3.762s][info ][gc,phases         ] GC(68)   Evacuate Collection Set: 39.0ms
[3.762s][debug][gc,phases         ] GC(68)     Ext Root Scanning (ms):        Min:  0.0, Avg:  0.0, Max:  0.1, Diff:  0.1, Sum:  0.1, Workers: 4
[3.762s][debug][gc,phases         ] GC(68)     Scan Heap Roots (ms):          Min:  4.9, Avg:  5.5, Max:  5.7, Diff:  0.8, Sum: 21.8, Workers: 4
[3.762s][debug][gc,phases         ] GC(68)       Scanned Cards:                 Min: 3584, Avg: 3963.8, Max: 4101, Diff: 517, Sum: 15855, Workers: 4
[3.762s][debug][gc,phases         ] GC(68)       Scanned Blocks:                Min: 14, Avg: 16.3, Max: 18, Diff: 4, Sum: 65, Workers: 4
[3.762s][debug][gc,phases         ] GC(68)       Claimed Chunks:                Min: 14, Avg: 16.3, Max: 18, Diff: 4, Sum: 65, Workers: 4
[3.762s][debug][gc,phases         ] GC(68)     Code Root Scan (ms):           Min:  0.0, Avg:  0.0, Max:  0.0, Diff:  0.0, Sum:  0.0, Workers: 4
[3.762s][debug][gc,phases         ] GC(68)     Object Copy (ms):              Min: 33.2, Avg: 33.5, Max: 34.0, Diff:  0.8, Sum: 134.0, Workers: 4
[3.762s][debug][gc,phases         ] GC(68)     Termination (ms):              Min:  0.0, Avg:  0.0, Max:  0.0, Diff:  0.0, Sum:  0.0, Workers: 4
[3.762s][debug][gc,phases         ] GC(68)       Termination Attempts:          Min: 1, Avg:  1.3, Max: 2, Diff: 1, Sum: 5, Workers: 4
[3.762s][debug][gc,phases         ] GC(68)     GC Worker Other (ms):          Min:  0.0, Avg:  0.0, Max:  0.0, Diff:  0.0, Sum:  0.0, Workers: 4
[3.762s][debug][gc,phases         ] GC(68)     GC Worker Total (ms):          Min: 39.0, Avg: 39.0, Max: 39.0, Diff:  0.0, Sum: 156.1, Workers: 4
[3.762s][info ][gc,phases         ] GC(68)   Post Evacuate Collection Set: 0.4ms
[3.762s][debug][gc,phases         ] GC(68)     Code Roots Fixup: 0.0ms
[3.762s][debug][gc,phases         ] GC(68)     Reference Processing: 0.2ms
[3.762s][debug][gc,phases,ref     ] GC(68)       Reconsider SoftReferences: 0.1ms
[3.762s][debug][gc,phases,ref     ] GC(68)         SoftRef (ms):                  skipped
[3.762s][debug][gc,phases,ref     ] GC(68)       Notify Soft/WeakReferences: 0.0ms
[3.762s][debug][gc,phases,ref     ] GC(68)         SoftRef (ms):                  skipped
[3.762s][debug][gc,phases,ref     ] GC(68)         WeakRef (ms):                  skipped
[3.762s][debug][gc,phases,ref     ] GC(68)         FinalRef (ms):                 skipped
[3.762s][debug][gc,phases,ref     ] GC(68)         Total (ms):                    skipped
[3.762s][debug][gc,phases,ref     ] GC(68)       Notify and keep alive finalizable: 0.0ms
[3.762s][debug][gc,phases,ref     ] GC(68)         FinalRef (ms):                 skipped
[3.762s][debug][gc,phases,ref     ] GC(68)       Notify PhantomReferences: 0.0ms
[3.762s][debug][gc,phases,ref     ] GC(68)         PhantomRef (ms):               skipped
[3.762s][debug][gc,phases,ref     ] GC(68)       SoftReference:
[3.762s][debug][gc,phases,ref     ] GC(68)         Discovered: 0
[3.762s][debug][gc,phases,ref     ] GC(68)         Cleared: 0
[3.762s][debug][gc,phases,ref     ] GC(68)       WeakReference:
[3.762s][debug][gc,phases,ref     ] GC(68)         Discovered: 0
[3.762s][debug][gc,phases,ref     ] GC(68)         Cleared: 0
[3.762s][debug][gc,phases,ref     ] GC(68)       FinalReference:
[3.762s][debug][gc,phases,ref     ] GC(68)         Discovered: 0
[3.762s][debug][gc,phases,ref     ] GC(68)         Cleared: 0
[3.762s][debug][gc,phases,ref     ] GC(68)       PhantomReference:
[3.762s][debug][gc,phases,ref     ] GC(68)         Discovered: 0
[3.762s][debug][gc,phases,ref     ] GC(68)         Cleared: 0
[3.762s][debug][gc,phases         ] GC(68)     Weak Processing: 0.0ms
[3.762s][debug][gc,phases         ] GC(68)       VM Weak                        Min:  0.0, Avg:  0.0, Max:  0.0, Diff:  0.0, Sum:  0.0, Workers: 3
[3.762s][debug][gc,phases         ] GC(68)         Dead                           Min: 0, Avg:  0.0, Max: 0, Diff: 0, Sum: 0, Workers: 3
[3.762s][debug][gc,phases         ] GC(68)         Total                          Min: 0, Avg:  2.7, Max: 8, Diff: 8, Sum: 8, Workers: 3
[3.762s][debug][gc,phases         ] GC(68)       ObjectSynchronizer Weak        Min:  0.0, Avg:  0.0, Max:  0.0, Diff:  0.0, Sum:  0.0, Workers: 3
[3.762s][debug][gc,phases         ] GC(68)         Dead                           Min: 0, Avg:  0.0, Max: 0, Diff: 0, Sum: 0, Workers: 3
[3.762s][debug][gc,phases         ] GC(68)         Total                          Min: 0, Avg:  1.0, Max: 3, Diff: 3, Sum: 3, Workers: 3
[3.762s][debug][gc,phases         ] GC(68)       JVMTI Tag Weak OopStorage      Min:  0.0, Avg:  0.0, Max:  0.0, Diff:  0.0, Sum:  0.0, Workers: 3
[3.762s][debug][gc,phases         ] GC(68)         Dead                           Min: 0, Avg:  0.0, Max: 0, Diff: 0, Sum: 0, Workers: 3
[3.762s][debug][gc,phases         ] GC(68)         Total                          Min: 0, Avg:  0.0, Max: 0, Diff: 0, Sum: 0, Workers: 3
[3.762s][debug][gc,phases         ] GC(68)       StringTable Weak               Min:  0.0, Avg:  0.0, Max:  0.0, Diff:  0.0, Sum:  0.0, Workers: 3
[3.762s][debug][gc,phases         ] GC(68)         Dead                           Min: 0, Avg:  0.0, Max: 0, Diff: 0, Sum: 0, Workers: 3
[3.763s][debug][gc,phases         ] GC(68)         Total                          Min: 320, Avg: 819.0, Max: 1088, Diff: 768, Sum: 2457, Workers: 3
[3.763s][debug][gc,phases         ] GC(68)       ResolvedMethodTable Weak       Min:  0.0, Avg:  0.0, Max:  0.0, Diff:  0.0, Sum:  0.0, Workers: 3
[3.763s][debug][gc,phases         ] GC(68)         Dead                           Min: 0, Avg:  0.0, Max: 0, Diff: 0, Sum: 0, Workers: 3
[3.763s][debug][gc,phases         ] GC(68)         Total                          Min: 9, Avg: 45.7, Max: 64, Diff: 55, Sum: 137, Workers: 3
[3.763s][debug][gc,phases         ] GC(68)       JNI Weak                       Min:  0.0, Avg:  0.0, Max:  0.0, Diff:  0.0, Sum:  0.0, Workers: 3
[3.763s][debug][gc,phases         ] GC(68)         Dead                           Min: 0, Avg:  0.0, Max: 0, Diff: 0, Sum: 0, Workers: 3
[3.763s][debug][gc,phases         ] GC(68)         Total                          Min: 0, Avg:  0.0, Max: 0, Diff: 0, Sum: 0, Workers: 3
[3.763s][debug][gc,phases         ] GC(68)       StringDedup Table Weak         Min:  0.0, Avg:  0.0, Max:  0.0, Diff:  0.0, Sum:  0.0, Workers: 3
[3.763s][debug][gc,phases         ] GC(68)         Dead                           Min: 0, Avg:  0.0, Max: 0, Diff: 0, Sum: 0, Workers: 3
[3.763s][debug][gc,phases         ] GC(68)         Total                          Min: 0, Avg:  0.0, Max: 0, Diff: 0, Sum: 0, Workers: 3
[3.763s][debug][gc,phases         ] GC(68)       StringDedup Requests0 Weak     Min:  0.0, Avg:  0.0, Max:  0.0, Diff:  0.0, Sum:  0.0, Workers: 3
[3.763s][debug][gc,phases         ] GC(68)         Dead                           Min: 0, Avg:  0.0, Max: 0, Diff: 0, Sum: 0, Workers: 3
[3.763s][debug][gc,phases         ] GC(68)         Total                          Min: 0, Avg:  0.0, Max: 0, Diff: 0, Sum: 0, Workers: 3
[3.763s][debug][gc,phases         ] GC(68)       StringDedup Requests1 Weak     Min:  0.0, Avg:  0.0, Max:  0.0, Diff:  0.0, Sum:  0.0, Workers: 3
[3.763s][debug][gc,phases         ] GC(68)         Dead                           Min: 0, Avg:  0.0, Max: 0, Diff: 0, Sum: 0, Workers: 3
[3.763s][debug][gc,phases         ] GC(68)         Total                          Min: 0, Avg:  0.0, Max: 0, Diff: 0, Sum: 0, Workers: 3
[3.763s][debug][gc,phases         ] GC(68)       Weak JFR Old Object Samples    Min:  0.0, Avg:  0.0, Max:  0.0, Diff:  0.0, Sum:  0.0, Workers: 3
[3.763s][debug][gc,phases         ] GC(68)         Dead                           Min: 0, Avg:  0.0, Max: 0, Diff: 0, Sum: 0, Workers: 3
[3.763s][debug][gc,phases         ] GC(68)         Total                          Min: 0, Avg:  0.0, Max: 0, Diff: 0, Sum: 0, Workers: 3
[3.763s][debug][gc,phases         ] GC(68)     Post Evacuate Cleanup 1: 0.0ms
[3.763s][debug][gc,phases         ] GC(68)       Merge Per-Thread State (ms):   Min:  0.0, Avg:  0.0, Max:  0.0, Diff:  0.0, Sum:  0.0, Workers: 1
[3.763s][debug][gc,phases         ] GC(68)         Copied Bytes                   Min: 7405776, Avg: 8115400.0, Max: 8424912, Diff: 1019136, Sum: 32461600, Workers: 4
[3.763s][debug][gc,phases         ] GC(68)         LAB Waste                      Min: 240, Avg: 324.0, Max: 416, Diff: 176, Sum: 1296, Workers: 4
[3.763s][debug][gc,phases         ] GC(68)         LAB Undo Waste                 Min: 0, Avg:  0.0, Max: 0, Diff: 0, Sum: 0, Workers: 4
[3.763s][debug][gc,phases         ] GC(68)       Clear Logged Cards (ms):       Min:  0.0, Avg:  0.0, Max:  0.0, Diff:  0.0, Sum:  0.0, Workers: 3
[3.763s][debug][gc,phases         ] GC(68)       Recalculate Used Memory (ms):  Min:  0.0, Avg:  0.0, Max:  0.0, Diff:  0.0, Sum:  0.0, Workers: 1
[3.763s][debug][gc,phases         ] GC(68)     Post Evacuate Cleanup 2: 0.1ms
[3.763s][debug][gc,phases         ] GC(68)       Reset Hot Card Cache (ms):     Min:  0.0, Avg:  0.0, Max:  0.0, Diff:  0.0, Sum:  0.0, Workers: 1
[3.763s][debug][gc,phases         ] GC(68)       Purge Code Roots (ms):         Min:  0.0, Avg:  0.0, Max:  0.0, Diff:  0.0, Sum:  0.0, Workers: 1
[3.763s][debug][gc,phases         ] GC(68)       Update Derived Pointers (ms):  Min:  0.0, Avg:  0.0, Max:  0.0, Diff:  0.0, Sum:  0.0, Workers: 1
[3.763s][debug][gc,phases         ] GC(68)       Eagerly Reclaim Humongous Objects (ms): Min:  0.0, Avg:  0.0, Max:  0.0, Diff:  0.0, Sum:  0.0, Workers: 1
[3.763s][debug][gc,phases         ] GC(68)         Humongous Total                Min: 1, Avg:  1.0, Max: 1, Diff: 0, Sum: 1, Workers: 1
[3.763s][debug][gc,phases         ] GC(68)         Humongous Candidates           Min: 0, Avg:  0.0, Max: 0, Diff: 0, Sum: 0, Workers: 1
[3.763s][debug][gc,phases         ] GC(68)         Humongous Reclaimed            Min: 0, Avg:  0.0, Max: 0, Diff: 0, Sum: 0, Workers: 1
[3.763s][debug][gc,phases         ] GC(68)       Redirty Logged Cards (ms):     Min:  0.0, Avg:  0.0, Max:  0.0, Diff:  0.0, Sum:  0.0, Workers: 4
[3.763s][debug][gc,phases         ] GC(68)         Redirtied Cards:               Min: 0, Avg: 512.5, Max: 1538, Diff: 1538, Sum: 2050, Workers: 4
[3.763s][debug][gc,phases         ] GC(68)       Free Collection Set (ms):      Min:  0.0, Avg:  0.0, Max:  0.0, Diff:  0.0, Sum:  0.0, Workers: 4
[3.763s][debug][gc,phases         ] GC(68)     Rebuild Free List: 0.1ms
[3.763s][debug][gc,phases         ] GC(68)     Start New Collection Set: 0.0ms
[3.763s][debug][gc,phases         ] GC(68)     Resize TLABs: 0.0ms
[3.763s][debug][gc,phases         ] GC(68)     Expand Heap After Collection: 0.0ms
[3.763s][info ][gc,phases         ] GC(68)   Other: 0.7ms
[3.763s][info ][gc,heap           ] GC(68) Eden regions: 25->0(16)
[3.763s][info ][gc,heap           ] GC(68) Survivor regions: 6->4(4)
[3.763s][info ][gc,heap           ] GC(68) Old regions: 106->134
[3.763s][info ][gc,heap           ] GC(68) Archive regions: 0->0
[3.763s][info ][gc,heap           ] GC(68) Humongous regions: 36->36
[3.763s][info ][gc,metaspace      ] GC(68) Metaspace: 471K(640K)->471K(640K) NonClass: 438K(512K)->438K(512K) Class: 33K(128K)->33K(128K)
[3.763s][debug][gc,heap           ] GC(68) Heap after GC invocations=65 (full 3):
[3.763s][debug][gc,heap           ] GC(68)  garbage-first heap   total 262144K, used 178175K [0x00000000f0000000, 0x0000000100000000)
[3.763s][debug][gc,heap           ] GC(68)   region size 1024K, 4 young (4096K), 4 survivors (4096K)
[3.763s][debug][gc,heap           ] GC(68)  Metaspace       used 471K, committed 640K, reserved 1056768K
[3.763s][debug][gc,heap           ] GC(68)   class space    used 33K, committed 128K, reserved 1048576K
[3.763s][info ][gc                ] GC(68) Pause Young (Concurrent Start) (G1 Evacuation Pause) 172M->173M(256M) 42.345ms
[3.763s][info ][gc,cpu            ] GC(68) User=0.17s Sys=0.00s Real=0.04s
[3.763s][info ][gc                ] GC(69) Concurrent Mark Cycle
[3.764s][info ][gc,marking        ] GC(69) Concurrent Clear Claimed Marks
[3.764s][info ][gc,marking        ] GC(69) Concurrent Clear Claimed Marks 0.024ms
[3.764s][info ][gc,marking        ] GC(69) Concurrent Scan Root Regions
[3.764s][debug][gc,ergo           ] GC(69) Running G1 Root Region Scan using 1 workers for 33 work units.
[3.780s][info ][gc,marking        ] GC(69) Concurrent Scan Root Regions 16.395ms
[3.780s][info ][gc,marking        ] GC(69) Concurrent Mark
[3.780s][info ][gc,marking        ] GC(69) Concurrent Mark From Roots
[3.780s][info ][gc,task           ] GC(69) Using 1 workers of 1 for marking
[3.789s][debug][gc,heap           ] GC(70) Heap before GC invocations=65 (full 3):
[3.789s][debug][gc,heap           ] GC(70)  garbage-first heap   total 262144K, used 194559K [0x00000000f0000000, 0x0000000100000000)
[3.789s][debug][gc,heap           ] GC(70)   region size 1024K, 20 young (20480K), 4 survivors (4096K)
[3.789s][debug][gc,heap           ] GC(70)  Metaspace       used 471K, committed 640K, reserved 1056768K
[3.789s][debug][gc,heap           ] GC(70)   class space    used 33K, committed 128K, reserved 1048576K
[3.789s][info ][gc,start          ] GC(70) Pause Young (Normal) (G1 Evacuation Pause)
[3.789s][info ][gc,task           ] GC(70) Using 4 workers of 4 for evacuation
[3.789s][debug][gc,tlab           ] GC(70) TLAB totals: thrds: 1  refills: 80 max: 80 slow allocs: 0 max 0 waste:  0.3% gc: 0B max: 0B slow: 46080B max: 46080B
[3.789s][debug][gc,age            ] GC(70) Desired survivor size 1572864 bytes, new threshold 1 (max threshold 15)
[3.790s][debug][gc,refine,stats   ] GC(70) Mutator refinement: 0.00ms, refined: 0, precleaned: 0, dirtied: 8207
[3.790s][debug][gc,refine,stats   ] GC(70) Concurrent refinement: 0.00ms, refined: 0, precleaned: 0, dirtied: 0
[3.790s][debug][gc,refine,stats   ] GC(70) Total refinement: 0.00ms, refined: 0, precleaned: 0, dirtied: 8207
[3.790s][debug][gc,refine,stats   ] GC(70) Generate dirty cards rate: 290.30 cards/ms
[3.790s][debug][gc,alloc,region   ] GC(70) Mutator Allocation stats, regions: 16, wasted size: 0B ( 0.0%)
[3.790s][debug][gc,humongous      ] GC(70) Humongous region 173 (object size 36920416 @ 0x00000000fad00000) remset 0 code roots 0 marked 1 reclaim candidate 0 type array 0
[3.790s][debug][gc,ergo           ] GC(70) Running G1 Merge Heap Roots using 4 workers for 20 regions
[3.790s][debug][gc,remset         ] GC(70) Visited cards 11520 Total dirty 18432 (62.50%) Total old 430080 (2.68%)
[3.816s][debug][gc,ref            ] GC(70) Skipped phase 1 of Reference Processing: no references
[3.816s][debug][gc,ref            ] GC(70) Skipped phase 2 of Reference Processing: no references
[3.816s][debug][gc,ref            ] GC(70) Skipped phase 3 of Reference Processing: no references
[3.816s][debug][gc,ref            ] GC(70) Skipped phase 4 of Reference Processing: no references
[3.816s][debug][gc,ergo           ] GC(70) Running G1 Rebuild Free List Task using 4 workers for rebuilding free list of regions
[3.816s][debug][gc,plab           ] GC(70) Young PLAB allocation: allocated: 3145728B, wasted: 336B, unused: 0B, used: 3145392B, undo waste: 0B, 
[3.816s][debug][gc,plab           ] GC(70) Young other allocation: region end waste: 0B, regions filled: 3, direct allocated: 0B, failure used: 0B, failure wasted: 0B
[3.817s][debug][gc,plab           ] GC(70) Young sizing: calculated: 629072B, actual: 694320B
[3.817s][debug][gc,plab           ] GC(70) Old PLAB allocation: allocated: 18874368B, wasted: 512B, unused: 1094256B, used: 17779600B, undo waste: 0B, 
[3.817s][debug][gc,plab           ] GC(70) Old other allocation: region end waste: 0B, regions filled: 18, direct allocated: 0B, failure used: 0B, failure wasted: 0B
[3.817s][debug][gc,plab           ] GC(70) Old sizing: calculated: 3555920B, actual: 4139896B
[3.817s][debug][gc,ergo,heap      ] GC(70) Heap expansion: short term pause time ratio 47.19% long term pause time ratio 33.61% threshold 7.69% pause time ratio 7.69% fully expanded true resize by 0B
[3.817s][debug][gc,mmu            ] GC(70) MMU: 127.8ms (200.0ms/201.0ms)
[3.817s][debug][gc,alloc,stats    ] Old generation allocation in the last mutator period, old gen allocated: 18874368B, humongous allocated: 0B,old gen growth: 18874368B.
[3.817s][debug][gc,ihop           ] GC(70) Basic information (value update), threshold: 120795955B (45.00), target occupancy: 268435456B, current occupancy: 200278000B, recent allocation size: 18874368B, recent allocation duration: 28.27ms, recent old gen allocation rate: 667630019.77B/s, recent marking phase length: 0.00ms
[3.817s][debug][gc,ihop           ] GC(70) Adaptive IHOP information (value update), threshold: 120795955B (52.94), internal target occupancy: 228170137B, occupancy: 200278000B, additional buffer size: 14680064B, predicted old gen allocation rate: 545405838.12B/s, predicted marking phase length: 0.00ms, prediction active: false
[3.817s][debug][gc,ergo,refine    ] GC(70) Concurrent refinement times: Logged Cards Scan time goal: 20.00ms Logged Cards Scan time: 4.25ms HCC time: 0.00ms
[3.817s][debug][gc,ergo,refine    ] GC(70) Updated Refinement Zones: green: 19570, yellow: 58710, red: 97850
[3.817s][info ][gc,phases         ] GC(70)   Pre Evacuate Collection Set: 0.1ms
[3.817s][debug][gc,phases         ] GC(70)     Prepare TLABs: 0.0ms
[3.817s][debug][gc,phases         ] GC(70)     Concatenate Dirty Card Logs: 0.0ms
[3.817s][debug][gc,phases         ] GC(70)     Choose Collection Set: 0.0ms
[3.817s][debug][gc,phases         ] GC(70)     Region Register: 0.1ms
[3.817s][debug][gc,phases         ] GC(70)     Prepare Heap Roots: 0.0ms
[3.817s][info ][gc,phases         ] GC(70)   Merge Heap Roots: 0.1ms
[3.817s][debug][gc,phases         ] GC(70)     Prepare Merge Heap Roots: 0.0ms
[3.817s][debug][gc,phases         ] GC(70)     Eager Reclaim (ms):            skipped
[3.817s][debug][gc,phases         ] GC(70)     Remembered Sets (ms):          Min:  0.0, Avg:  0.0, Max:  0.0, Diff:  0.0, Sum:  0.0, Workers: 4
[3.817s][debug][gc,phases         ] GC(70)       Merged Sparse:                 Min: 0, Avg:  0.0, Max: 0, Diff: 0, Sum: 0, Workers: 4
[3.817s][debug][gc,phases         ] GC(70)       Merged Fine:                   Min: 0, Avg:  0.0, Max: 0, Diff: 0, Sum: 0, Workers: 4
[3.817s][debug][gc,phases         ] GC(70)       Merged Coarse:                 Min: 0, Avg:  0.0, Max: 0, Diff: 0, Sum: 0, Workers: 4
[3.817s][debug][gc,phases         ] GC(70)       Dirty Cards:                   Min: 0, Avg:  0.0, Max: 0, Diff: 0, Sum: 0, Workers: 4
[3.817s][debug][gc,phases         ] GC(70)     Hot Card Cache (ms):           Min:  0.0, Avg:  0.0, Max:  0.0, Diff:  0.0, Sum:  0.0, Workers: 4
[3.817s][debug][gc,phases         ] GC(70)       Dirty Cards:                   Min: 0, Avg:  0.0, Max: 0, Diff: 0, Sum: 0, Workers: 4
[3.817s][debug][gc,phases         ] GC(70)       Skipped Cards:                 Min: 0, Avg:  0.0, Max: 0, Diff: 0, Sum: 0, Workers: 4
[3.817s][debug][gc,phases         ] GC(70)     Log Buffers (ms):              Min:  0.0, Avg:  0.0, Max:  0.0, Diff:  0.0, Sum:  0.2, Workers: 4
[3.817s][debug][gc,phases         ] GC(70)       Dirty Cards:                   Min: 2531, Avg: 2556.3, Max: 2591, Diff: 60, Sum: 10225, Workers: 4
[3.817s][debug][gc,phases         ] GC(70)       Skipped Cards:                 Min: 0, Avg:  0.0, Max: 0, Diff: 0, Sum: 0, Workers: 4
[3.818s][info ][gc,phases         ] GC(70)   Evacuate Collection Set: 26.1ms
[3.818s][debug][gc,phases         ] GC(70)     Ext Root Scanning (ms):        Min:  0.0, Avg:  0.0, Max:  0.0, Diff:  0.0, Sum:  0.1, Workers: 4
[3.818s][debug][gc,phases         ] GC(70)     Scan Heap Roots (ms):          Min:  3.8, Avg:  4.2, Max:  4.9, Diff:  1.1, Sum: 16.9, Workers: 4
[3.818s][debug][gc,phases         ] GC(70)       Scanned Cards:                 Min: 2388, Avg: 2564.3, Max: 2818, Diff: 430, Sum: 10257, Workers: 4
[3.818s][debug][gc,phases         ] GC(70)       Scanned Blocks:                Min: 10, Avg: 13.3, Max: 21, Diff: 11, Sum: 53, Workers: 4
[3.818s][debug][gc,phases         ] GC(70)       Claimed Chunks:                Min: 10, Avg: 11.3, Max: 13, Diff: 3, Sum: 45, Workers: 4
[3.818s][debug][gc,phases         ] GC(70)     Code Root Scan (ms):           Min:  0.0, Avg:  0.0, Max:  0.0, Diff:  0.0, Sum:  0.0, Workers: 4
[3.818s][debug][gc,phases         ] GC(70)     Object Copy (ms):              Min: 21.2, Avg: 21.9, Max: 22.3, Diff:  1.1, Sum: 87.5, Workers: 4
[3.818s][debug][gc,phases         ] GC(70)     Termination (ms):              Min:  0.0, Avg:  0.0, Max:  0.0, Diff:  0.0, Sum:  0.0, Workers: 4
[3.818s][debug][gc,phases         ] GC(70)       Termination Attempts:          Min: 1, Avg: 22.5, Max: 40, Diff: 39, Sum: 90, Workers: 4
[3.818s][debug][gc,phases         ] GC(70)     GC Worker Other (ms):          Min:  0.0, Avg:  0.0, Max:  0.0, Diff:  0.0, Sum:  0.0, Workers: 4
[3.818s][debug][gc,phases         ] GC(70)     GC Worker Total (ms):          Min: 26.1, Avg: 26.1, Max: 26.1, Diff:  0.0, Sum: 104.5, Workers: 4
[3.818s][info ][gc,phases         ] GC(70)   Post Evacuate Collection Set: 0.5ms
[3.818s][debug][gc,phases         ] GC(70)     Code Roots Fixup: 0.0ms
[3.818s][debug][gc,phases         ] GC(70)     Reference Processing: 0.2ms
[3.818s][debug][gc,phases,ref     ] GC(70)       Reconsider SoftReferences: 0.1ms
[3.818s][debug][gc,phases,ref     ] GC(70)         SoftRef (ms):                  skipped
[3.818s][debug][gc,phases,ref     ] GC(70)       Notify Soft/WeakReferences: 0.0ms
[3.818s][debug][gc,phases,ref     ] GC(70)         SoftRef (ms):                  skipped
[3.818s][debug][gc,phases,ref     ] GC(70)         WeakRef (ms):                  skipped
[3.818s][debug][gc,phases,ref     ] GC(70)         FinalRef (ms):                 skipped
[3.818s][debug][gc,phases,ref     ] GC(70)         Total (ms):                    skipped
[3.818s][debug][gc,phases,ref     ] GC(70)       Notify and keep alive finalizable: 0.0ms
[3.818s][debug][gc,phases,ref     ] GC(70)         FinalRef (ms):                 skipped
[3.818s][debug][gc,phases,ref     ] GC(70)       Notify PhantomReferences: 0.0ms
[3.818s][debug][gc,phases,ref     ] GC(70)         PhantomRef (ms):               skipped
[3.818s][debug][gc,phases,ref     ] GC(70)       SoftReference:
[3.818s][debug][gc,phases,ref     ] GC(70)         Discovered: 0
[3.818s][debug][gc,phases,ref     ] GC(70)         Cleared: 0
[3.818s][debug][gc,phases,ref     ] GC(70)       WeakReference:
[3.818s][debug][gc,phases,ref     ] GC(70)         Discovered: 0
[3.818s][debug][gc,phases,ref     ] GC(70)         Cleared: 0
[3.818s][debug][gc,phases,ref     ] GC(70)       FinalReference:
[3.818s][debug][gc,phases,ref     ] GC(70)         Discovered: 0
[3.819s][debug][gc,phases,ref     ] GC(70)         Cleared: 0
[3.819s][debug][gc,phases,ref     ] GC(70)       PhantomReference:
[3.819s][debug][gc,phases,ref     ] GC(70)         Discovered: 0
[3.819s][debug][gc,phases,ref     ] GC(70)         Cleared: 0
[3.819s][debug][gc,phases         ] GC(70)     Weak Processing: 0.0ms
[3.819s][debug][gc,phases         ] GC(70)       VM Weak                        Min:  0.0, Avg:  0.0, Max:  0.0, Diff:  0.0, Sum:  0.0, Workers: 3
[3.819s][debug][gc,phases         ] GC(70)         Dead                           Min: 0, Avg:  0.0, Max: 0, Diff: 0, Sum: 0, Workers: 3
[3.819s][debug][gc,phases         ] GC(70)         Total                          Min: 0, Avg:  2.7, Max: 8, Diff: 8, Sum: 8, Workers: 3
[3.819s][debug][gc,phases         ] GC(70)       ObjectSynchronizer Weak        Min:  0.0, Avg:  0.0, Max:  0.0, Diff:  0.0, Sum:  0.0, Workers: 3
[3.819s][debug][gc,phases         ] GC(70)         Dead                           Min: 0, Avg:  0.0, Max: 0, Diff: 0, Sum: 0, Workers: 3
[3.819s][debug][gc,phases         ] GC(70)         Total                          Min: 0, Avg:  1.0, Max: 3, Diff: 3, Sum: 3, Workers: 3
[3.819s][debug][gc,phases         ] GC(70)       JVMTI Tag Weak OopStorage      Min:  0.0, Avg:  0.0, Max:  0.0, Diff:  0.0, Sum:  0.0, Workers: 3
[3.819s][debug][gc,phases         ] GC(70)         Dead                           Min: 0, Avg:  0.0, Max: 0, Diff: 0, Sum: 0, Workers: 3
[3.819s][debug][gc,phases         ] GC(70)         Total                          Min: 0, Avg:  0.0, Max: 0, Diff: 0, Sum: 0, Workers: 3
[3.819s][debug][gc,phases         ] GC(70)       StringTable Weak               Min:  0.0, Avg:  0.0, Max:  0.0, Diff:  0.0, Sum:  0.0, Workers: 3
[3.819s][debug][gc,phases         ] GC(70)         Dead                           Min: 0, Avg:  0.0, Max: 0, Diff: 0, Sum: 0, Workers: 3
[3.819s][debug][gc,phases         ] GC(70)         Total                          Min: 768, Avg: 819.0, Max: 857, Diff: 89, Sum: 2457, Workers: 3
[3.819s][debug][gc,phases         ] GC(70)       ResolvedMethodTable Weak       Min:  0.0, Avg:  0.0, Max:  0.0, Diff:  0.0, Sum:  0.0, Workers: 3
[3.819s][debug][gc,phases         ] GC(70)         Dead                           Min: 0, Avg:  0.0, Max: 0, Diff: 0, Sum: 0, Workers: 3
[3.819s][debug][gc,phases         ] GC(70)         Total                          Min: 9, Avg: 45.7, Max: 64, Diff: 55, Sum: 137, Workers: 3
[3.819s][debug][gc,phases         ] GC(70)       JNI Weak                       Min:  0.0, Avg:  0.0, Max:  0.0, Diff:  0.0, Sum:  0.0, Workers: 3
[3.819s][debug][gc,phases         ] GC(70)         Dead                           Min: 0, Avg:  0.0, Max: 0, Diff: 0, Sum: 0, Workers: 3
[3.819s][debug][gc,phases         ] GC(70)         Total                          Min: 0, Avg:  0.0, Max: 0, Diff: 0, Sum: 0, Workers: 3
[3.819s][debug][gc,phases         ] GC(70)       StringDedup Table Weak         Min:  0.0, Avg:  0.0, Max:  0.0, Diff:  0.0, Sum:  0.0, Workers: 3
[3.819s][debug][gc,phases         ] GC(70)         Dead                           Min: 0, Avg:  0.0, Max: 0, Diff: 0, Sum: 0, Workers: 3
[3.819s][debug][gc,phases         ] GC(70)         Total                          Min: 0, Avg:  0.0, Max: 0, Diff: 0, Sum: 0, Workers: 3
[3.819s][debug][gc,phases         ] GC(70)       StringDedup Requests0 Weak     Min:  0.0, Avg:  0.0, Max:  0.0, Diff:  0.0, Sum:  0.0, Workers: 3
[3.819s][debug][gc,phases         ] GC(70)         Dead                           Min: 0, Avg:  0.0, Max: 0, Diff: 0, Sum: 0, Workers: 3
[3.819s][debug][gc,phases         ] GC(70)         Total                          Min: 0, Avg:  0.0, Max: 0, Diff: 0, Sum: 0, Workers: 3
[3.819s][debug][gc,phases         ] GC(70)       StringDedup Requests1 Weak     Min:  0.0, Avg:  0.0, Max:  0.0, Diff:  0.0, Sum:  0.0, Workers: 3
[3.819s][debug][gc,phases         ] GC(70)         Dead                           Min: 0, Avg:  0.0, Max: 0, Diff: 0, Sum: 0, Workers: 3
[3.819s][debug][gc,phases         ] GC(70)         Total                          Min: 0, Avg:  0.0, Max: 0, Diff: 0, Sum: 0, Workers: 3
[3.820s][debug][gc,phases         ] GC(70)       Weak JFR Old Object Samples    Min:  0.0, Avg:  0.0, Max:  0.0, Diff:  0.0, Sum:  0.0, Workers: 3
[3.820s][debug][gc,phases         ] GC(70)         Dead                           Min: 0, Avg:  0.0, Max: 0, Diff: 0, Sum: 0, Workers: 3
[3.820s][debug][gc,phases         ] GC(70)         Total                          Min: 0, Avg:  0.0, Max: 0, Diff: 0, Sum: 0, Workers: 3
[3.820s][debug][gc,phases         ] GC(70)     Post Evacuate Cleanup 1: 0.1ms
[3.820s][debug][gc,phases         ] GC(70)       Merge Per-Thread State (ms):   Min:  0.0, Avg:  0.0, Max:  0.0, Diff:  0.0, Sum:  0.0, Workers: 1
[3.820s][debug][gc,phases         ] GC(70)         Copied Bytes                   Min: 5016992, Avg: 5231248.0, Max: 5489120, Diff: 472128, Sum: 20924992, Workers: 4
[3.820s][debug][gc,phases         ] GC(70)         LAB Waste                      Min: 160, Avg: 212.0, Max: 240, Diff: 80, Sum: 848, Workers: 4
[3.820s][debug][gc,phases         ] GC(70)         LAB Undo Waste                 Min: 0, Avg:  0.0, Max: 0, Diff: 0, Sum: 0, Workers: 4
[3.820s][debug][gc,phases         ] GC(70)       Clear Logged Cards (ms):       Min:  0.0, Avg:  0.0, Max:  0.0, Diff:  0.0, Sum:  0.0, Workers: 3
[3.820s][debug][gc,phases         ] GC(70)       Recalculate Used Memory (ms):  Min:  0.0, Avg:  0.0, Max:  0.0, Diff:  0.0, Sum:  0.0, Workers: 1
[3.820s][debug][gc,phases         ] GC(70)     Post Evacuate Cleanup 2: 0.1ms
[3.820s][debug][gc,phases         ] GC(70)       Reset Hot Card Cache (ms):     Min:  0.0, Avg:  0.0, Max:  0.0, Diff:  0.0, Sum:  0.0, Workers: 1
[3.820s][debug][gc,phases         ] GC(70)       Purge Code Roots (ms):         Min:  0.0, Avg:  0.0, Max:  0.0, Diff:  0.0, Sum:  0.0, Workers: 1
[3.820s][debug][gc,phases         ] GC(70)       Update Derived Pointers (ms):  Min:  0.0, Avg:  0.0, Max:  0.0, Diff:  0.0, Sum:  0.0, Workers: 1
[3.820s][debug][gc,phases         ] GC(70)       Eagerly Reclaim Humongous Objects (ms): Min:  0.0, Avg:  0.0, Max:  0.0, Diff:  0.0, Sum:  0.0, Workers: 1
[3.820s][debug][gc,phases         ] GC(70)         Humongous Total                Min: 1, Avg:  1.0, Max: 1, Diff: 0, Sum: 1, Workers: 1
[3.820s][debug][gc,phases         ] GC(70)         Humongous Candidates           Min: 0, Avg:  0.0, Max: 0, Diff: 0, Sum: 0, Workers: 1
[3.820s][debug][gc,phases         ] GC(70)         Humongous Reclaimed            Min: 0, Avg:  0.0, Max: 0, Diff: 0, Sum: 0, Workers: 1
[3.820s][debug][gc,phases         ] GC(70)       Redirty Logged Cards (ms):     Min:  0.0, Avg:  0.0, Max:  0.0, Diff:  0.0, Sum:  0.0, Workers: 4
[3.820s][debug][gc,phases         ] GC(70)         Redirtied Cards:               Min: 0, Avg: 384.8, Max: 770, Diff: 770, Sum: 1539, Workers: 4
[3.820s][debug][gc,phases         ] GC(70)       Free Collection Set (ms):      Min:  0.0, Avg:  0.0, Max:  0.0, Diff:  0.0, Sum:  0.0, Workers: 4
[3.820s][debug][gc,phases         ] GC(70)     Rebuild Free List: 0.1ms
[3.820s][debug][gc,phases         ] GC(70)     Start New Collection Set: 0.0ms
[3.820s][debug][gc,phases         ] GC(70)     Resize TLABs: 0.0ms
[3.820s][debug][gc,phases         ] GC(70)     Expand Heap After Collection: 0.0ms
[3.820s][info ][gc,phases         ] GC(70)   Other: 0.8ms
[3.820s][info ][gc,heap           ] GC(70) Eden regions: 16->0(11)
[3.820s][info ][gc,heap           ] GC(70) Survivor regions: 4->3(3)
[3.820s][info ][gc,heap           ] GC(70) Old regions: 134->152
[3.820s][info ][gc,heap           ] GC(70) Archive regions: 0->0
[3.820s][info ][gc,heap           ] GC(70) Humongous regions: 36->36
[3.820s][info ][gc,metaspace      ] GC(70) Metaspace: 471K(640K)->471K(640K) NonClass: 438K(512K)->438K(512K) Class: 33K(128K)->33K(128K)
[3.820s][debug][gc,heap           ] GC(70) Heap after GC invocations=66 (full 3):
[3.821s][debug][gc,heap           ] GC(70)  garbage-first heap   total 262144K, used 195583K [0x00000000f0000000, 0x0000000100000000)
[3.821s][debug][gc,heap           ] GC(70)   region size 1024K, 3 young (3072K), 3 survivors (3072K)
[3.821s][debug][gc,heap           ] GC(70)  Metaspace       used 471K, committed 640K, reserved 1056768K
[3.821s][debug][gc,heap           ] GC(70)   class space    used 33K, committed 128K, reserved 1048576K
[3.821s][info ][gc                ] GC(70) Pause Young (Normal) (G1 Evacuation Pause) 189M->190M(256M) 31.205ms
[3.821s][info ][gc,cpu            ] GC(70) User=0.08s Sys=0.00s Real=0.03s
[3.844s][debug][gc,heap           ] GC(71) Heap before GC invocations=66 (full 3):
[3.844s][debug][gc,heap           ] GC(71)  garbage-first heap   total 262144K, used 206847K [0x00000000f0000000, 0x0000000100000000)
[3.844s][debug][gc,heap           ] GC(71)   region size 1024K, 14 young (14336K), 3 survivors (3072K)
[3.844s][debug][gc,heap           ] GC(71)  Metaspace       used 471K, committed 640K, reserved 1056768K
[3.844s][debug][gc,heap           ] GC(71)   class space    used 33K, committed 128K, reserved 1048576K
[3.845s][info ][gc,start          ] GC(71) Pause Young (Normal) (G1 Evacuation Pause)
[3.845s][info ][gc,task           ] GC(71) Using 4 workers of 4 for evacuation
[3.845s][debug][gc,tlab           ] GC(71) TLAB totals: thrds: 1  refills: 66 max: 66 slow allocs: 0 max 0 waste:  0.3% gc: 0B max: 0B slow: 38368B max: 38368B
[3.845s][debug][gc,age            ] GC(71) Desired survivor size 1048576 bytes, new threshold 1 (max threshold 15)
[3.845s][debug][gc,refine,stats   ] GC(71) Mutator refinement: 0.00ms, refined: 0, precleaned: 0, dirtied: 5614
[3.845s][debug][gc,refine,stats   ] GC(71) Concurrent refinement: 0.00ms, refined: 0, precleaned: 0, dirtied: 0
[3.845s][debug][gc,refine,stats   ] GC(71) Total refinement: 0.00ms, refined: 0, precleaned: 0, dirtied: 5614
[3.845s][debug][gc,refine,stats   ] GC(71) Generate dirty cards rate: 200.69 cards/ms
[3.845s][debug][gc,alloc,region   ] GC(71) Mutator Allocation stats, regions: 11, wasted size: 0B ( 0.0%)
[3.845s][debug][gc,humongous      ] GC(71) Humongous region 173 (object size 36920416 @ 0x00000000fad00000) remset 0 code roots 0 marked 1 reclaim candidate 0 type array 0
[3.845s][debug][gc,ergo           ] GC(71) Running G1 Merge Heap Roots using 4 workers for 14 regions
[3.845s][debug][gc,remset         ] GC(71) Visited cards 8192 Total dirty 14336 (57.14%) Total old 442368 (1.85%)
[3.864s][debug][gc,ref            ] GC(71) Skipped phase 1 of Reference Processing: no references
[3.864s][debug][gc,ref            ] GC(71) Skipped phase 2 of Reference Processing: no references
[3.864s][debug][gc,ref            ] GC(71) Skipped phase 3 of Reference Processing: no references
[3.864s][debug][gc,ref            ] GC(71) Skipped phase 4 of Reference Processing: no references
[3.864s][debug][gc,ergo           ] GC(71) Running G1 Rebuild Free List Task using 4 workers for rebuilding free list of regions
[3.864s][debug][gc,plab           ] GC(71) Young PLAB allocation: allocated: 2097152B, wasted: 320B, unused: 0B, used: 2096832B, undo waste: 0B, 
[3.864s][debug][gc,plab           ] GC(71) Young other allocation: region end waste: 0B, regions filled: 2, direct allocated: 0B, failure used: 0B, failure wasted: 0B
[3.864s][debug][gc,plab           ] GC(71) Young sizing: calculated: 419360B, actual: 488096B
[3.864s][debug][gc,plab           ] GC(71) Old PLAB allocation: allocated: 13631488B, wasted: 352B, unused: 1086608B, used: 12544528B, undo waste: 0B, 
[3.864s][debug][gc,plab           ] GC(71) Old other allocation: region end waste: 0B, regions filled: 13, direct allocated: 0B, failure used: 0B, failure wasted: 0B
[3.864s][debug][gc,plab           ] GC(71) Old sizing: calculated: 2508904B, actual: 2916648B
[3.864s][debug][gc,ergo,heap      ] GC(71) Heap expansion: short term pause time ratio 49.01% long term pause time ratio 34.36% threshold 7.69% pause time ratio 7.69% fully expanded true resize by 0B
[3.864s][debug][gc,mmu            ] GC(71) MMU: 99.9ms (200.0ms/201.0ms)
[3.864s][debug][gc,alloc,stats    ] Old generation allocation in the last mutator period, old gen allocated: 13631488B, humongous allocated: 0B,old gen growth: 13631488B.
[3.864s][debug][gc,ihop           ] GC(71) Basic information (value update), threshold: 120795955B (45.00), target occupancy: 268435456B, current occupancy: 212860912B, recent allocation size: 13631488B, recent allocation duration: 27.97ms, recent old gen allocation rate: 487300051.83B/s, recent marking phase length: 0.00ms
[3.864s][debug][gc,ihop           ] GC(71) Adaptive IHOP information (value update), threshold: 120795955B (52.94), internal target occupancy: 228170137B, occupancy: 212860912B, additional buffer size: 12582912B, predicted old gen allocation rate: 545747774.57B/s, predicted marking phase length: 0.00ms, prediction active: false
[3.864s][debug][gc,ergo,refine    ] GC(71) Concurrent refinement times: Logged Cards Scan time goal: 20.00ms Logged Cards Scan time: 2.82ms HCC time: 0.00ms
[3.864s][debug][gc,ergo,refine    ] GC(71) Updated Refinement Zones: green: 19570, yellow: 58710, red: 97850
[3.864s][info ][gc,phases         ] GC(71)   Pre Evacuate Collection Set: 0.1ms
[3.864s][debug][gc,phases         ] GC(71)     Prepare TLABs: 0.0ms
[3.864s][debug][gc,phases         ] GC(71)     Concatenate Dirty Card Logs: 0.0ms
[3.864s][debug][gc,phases         ] GC(71)     Choose Collection Set: 0.0ms
[3.864s][debug][gc,phases         ] GC(71)     Region Register: 0.1ms
[3.864s][debug][gc,phases         ] GC(71)     Prepare Heap Roots: 0.0ms
[3.864s][info ][gc,phases         ] GC(71)   Merge Heap Roots: 0.1ms
[3.864s][debug][gc,phases         ] GC(71)     Prepare Merge Heap Roots: 0.0ms
[3.864s][debug][gc,phases         ] GC(71)     Eager Reclaim (ms):            skipped
[3.865s][debug][gc,phases         ] GC(71)     Remembered Sets (ms):          Min:  0.0, Avg:  0.0, Max:  0.0, Diff:  0.0, Sum:  0.0, Workers: 4
[3.865s][debug][gc,phases         ] GC(71)       Merged Sparse:                 Min: 0, Avg:  0.0, Max: 0, Diff: 0, Sum: 0, Workers: 4
[3.865s][debug][gc,phases         ] GC(71)       Merged Fine:                   Min: 0, Avg:  0.0, Max: 0, Diff: 0, Sum: 0, Workers: 4
[3.865s][debug][gc,phases         ] GC(71)       Merged Coarse:                 Min: 0, Avg:  0.0, Max: 0, Diff: 0, Sum: 0, Workers: 4
[3.865s][debug][gc,phases         ] GC(71)       Dirty Cards:                   Min: 0, Avg:  0.0, Max: 0, Diff: 0, Sum: 0, Workers: 4
[3.865s][debug][gc,phases         ] GC(71)     Hot Card Cache (ms):           Min:  0.0, Avg:  0.0, Max:  0.0, Diff:  0.0, Sum:  0.0, Workers: 4
[3.865s][debug][gc,phases         ] GC(71)       Dirty Cards:                   Min: 0, Avg:  0.0, Max: 0, Diff: 0, Sum: 0, Workers: 4
[3.865s][debug][gc,phases         ] GC(71)       Skipped Cards:                 Min: 0, Avg:  0.0, Max: 0, Diff: 0, Sum: 0, Workers: 4
[3.865s][debug][gc,phases         ] GC(71)     Log Buffers (ms):              Min:  0.0, Avg:  0.0, Max:  0.0, Diff:  0.0, Sum:  0.1, Workers: 4
[3.865s][debug][gc,phases         ] GC(71)       Dirty Cards:                   Min: 1767, Avg: 1780.3, Max: 1785, Diff: 18, Sum: 7121, Workers: 4
[3.865s][debug][gc,phases         ] GC(71)       Skipped Cards:                 Min: 0, Avg:  0.0, Max: 0, Diff: 0, Sum: 0, Workers: 4
[3.865s][info ][gc,phases         ] GC(71)   Evacuate Collection Set: 18.5ms
[3.865s][debug][gc,phases         ] GC(71)     Ext Root Scanning (ms):        Min:  0.0, Avg:  0.0, Max:  0.0, Diff:  0.0, Sum:  0.1, Workers: 4
[3.865s][debug][gc,phases         ] GC(71)     Scan Heap Roots (ms):          Min:  2.4, Avg:  2.8, Max:  3.4, Diff:  1.0, Sum: 11.2, Workers: 4
[3.865s][debug][gc,phases         ] GC(71)       Scanned Cards:                 Min: 1536, Avg: 1788.3, Max: 1966, Diff: 430, Sum: 7153, Workers: 4
[3.865s][debug][gc,phases         ] GC(71)       Scanned Blocks:                Min: 6, Avg:  8.0, Max: 9, Diff: 3, Sum: 32, Workers: 4
[3.865s][debug][gc,phases         ] GC(71)       Claimed Chunks:                Min: 6, Avg:  8.0, Max: 9, Diff: 3, Sum: 32, Workers: 4
[3.865s][debug][gc,phases         ] GC(71)     Code Root Scan (ms):           Min:  0.0, Avg:  0.0, Max:  0.0, Diff:  0.0, Sum:  0.0, Workers: 4
[3.865s][debug][gc,phases         ] GC(71)     Object Copy (ms):              Min: 15.1, Avg: 15.6, Max: 16.0, Diff:  1.0, Sum: 62.6, Workers: 4
[3.865s][debug][gc,phases         ] GC(71)     Termination (ms):              Min:  0.0, Avg:  0.0, Max:  0.0, Diff:  0.0, Sum:  0.0, Workers: 4
[3.865s][debug][gc,phases         ] GC(71)       Termination Attempts:          Min: 1, Avg: 14.3, Max: 27, Diff: 26, Sum: 57, Workers: 4
[3.865s][debug][gc,phases         ] GC(71)     GC Worker Other (ms):          Min:  0.0, Avg:  0.0, Max:  0.0, Diff:  0.0, Sum:  0.0, Workers: 4
[3.865s][debug][gc,phases         ] GC(71)     GC Worker Total (ms):          Min: 18.5, Avg: 18.5, Max: 18.5, Diff:  0.0, Sum: 73.9, Workers: 4
[3.865s][info ][gc,phases         ] GC(71)   Post Evacuate Collection Set: 0.4ms
[3.865s][debug][gc,phases         ] GC(71)     Code Roots Fixup: 0.0ms
[3.865s][debug][gc,phases         ] GC(71)     Reference Processing: 0.2ms
[3.865s][debug][gc,phases,ref     ] GC(71)       Reconsider SoftReferences: 0.1ms
[3.865s][debug][gc,phases,ref     ] GC(71)         SoftRef (ms):                  skipped
[3.865s][debug][gc,phases,ref     ] GC(71)       Notify Soft/WeakReferences: 0.0ms
[3.865s][debug][gc,phases,ref     ] GC(71)         SoftRef (ms):                  skipped
[3.865s][debug][gc,phases,ref     ] GC(71)         WeakRef (ms):                  skipped
[3.865s][debug][gc,phases,ref     ] GC(71)         FinalRef (ms):                 skipped
[3.865s][debug][gc,phases,ref     ] GC(71)         Total (ms):                    skipped
[3.865s][debug][gc,phases,ref     ] GC(71)       Notify and keep alive finalizable: 0.0ms
[3.865s][debug][gc,phases,ref     ] GC(71)         FinalRef (ms):                 skipped
[3.865s][debug][gc,phases,ref     ] GC(71)       Notify PhantomReferences: 0.0ms
[3.865s][debug][gc,phases,ref     ] GC(71)         PhantomRef (ms):               skipped
[3.865s][debug][gc,phases,ref     ] GC(71)       SoftReference:
[3.865s][debug][gc,phases,ref     ] GC(71)         Discovered: 0
[3.865s][debug][gc,phases,ref     ] GC(71)         Cleared: 0
[3.865s][debug][gc,phases,ref     ] GC(71)       WeakReference:
[3.865s][debug][gc,phases,ref     ] GC(71)         Discovered: 0
[3.865s][debug][gc,phases,ref     ] GC(71)         Cleared: 0
[3.865s][debug][gc,phases,ref     ] GC(71)       FinalReference:
[3.865s][debug][gc,phases,ref     ] GC(71)         Discovered: 0
[3.865s][debug][gc,phases,ref     ] GC(71)         Cleared: 0
[3.866s][debug][gc,phases,ref     ] GC(71)       PhantomReference:
[3.866s][debug][gc,phases,ref     ] GC(71)         Discovered: 0
[3.866s][debug][gc,phases,ref     ] GC(71)         Cleared: 0
[3.866s][debug][gc,phases         ] GC(71)     Weak Processing: 0.0ms
[3.866s][debug][gc,phases         ] GC(71)       VM Weak                        Min:  0.0, Avg:  0.0, Max:  0.0, Diff:  0.0, Sum:  0.0, Workers: 3
[3.866s][debug][gc,phases         ] GC(71)         Dead                           Min: 0, Avg:  0.0, Max: 0, Diff: 0, Sum: 0, Workers: 3
[3.866s][debug][gc,phases         ] GC(71)         Total                          Min: 0, Avg:  2.7, Max: 8, Diff: 8, Sum: 8, Workers: 3
[3.866s][debug][gc,phases         ] GC(71)       ObjectSynchronizer Weak        Min:  0.0, Avg:  0.0, Max:  0.0, Diff:  0.0, Sum:  0.0, Workers: 3
[3.866s][debug][gc,phases         ] GC(71)         Dead                           Min: 0, Avg:  0.0, Max: 0, Diff: 0, Sum: 0, Workers: 3
[3.866s][debug][gc,phases         ] GC(71)         Total                          Min: 0, Avg:  1.0, Max: 3, Diff: 3, Sum: 3, Workers: 3
[3.866s][debug][gc,phases         ] GC(71)       JVMTI Tag Weak OopStorage      Min:  0.0, Avg:  0.0, Max:  0.0, Diff:  0.0, Sum:  0.0, Workers: 3
[3.866s][debug][gc,phases         ] GC(71)         Dead                           Min: 0, Avg:  0.0, Max: 0, Diff: 0, Sum: 0, Workers: 3
[3.866s][debug][gc,phases         ] GC(71)         Total                          Min: 0, Avg:  0.0, Max: 0, Diff: 0, Sum: 0, Workers: 3
[3.866s][debug][gc,phases         ] GC(71)       StringTable Weak               Min:  0.0, Avg:  0.0, Max:  0.0, Diff:  0.0, Sum:  0.0, Workers: 3
[3.866s][debug][gc,phases         ] GC(71)         Dead                           Min: 0, Avg:  0.0, Max: 0, Diff: 0, Sum: 0, Workers: 3
[3.866s][debug][gc,phases         ] GC(71)         Total                          Min: 640, Avg: 819.0, Max: 921, Diff: 281, Sum: 2457, Workers: 3
[3.866s][debug][gc,phases         ] GC(71)       ResolvedMethodTable Weak       Min:  0.0, Avg:  0.0, Max:  0.0, Diff:  0.0, Sum:  0.0, Workers: 3
[3.866s][debug][gc,phases         ] GC(71)         Dead                           Min: 0, Avg:  0.0, Max: 0, Diff: 0, Sum: 0, Workers: 3
[3.866s][debug][gc,phases         ] GC(71)         Total                          Min: 0, Avg: 45.7, Max: 73, Diff: 73, Sum: 137, Workers: 3
[3.866s][debug][gc,phases         ] GC(71)       JNI Weak                       Min:  0.0, Avg:  0.0, Max:  0.0, Diff:  0.0, Sum:  0.0, Workers: 3
[3.866s][debug][gc,phases         ] GC(71)         Dead                           Min: 0, Avg:  0.0, Max: 0, Diff: 0, Sum: 0, Workers: 3
[3.866s][debug][gc,phases         ] GC(71)         Total                          Min: 0, Avg:  0.0, Max: 0, Diff: 0, Sum: 0, Workers: 3
[3.866s][debug][gc,phases         ] GC(71)       StringDedup Table Weak         Min:  0.0, Avg:  0.0, Max:  0.0, Diff:  0.0, Sum:  0.0, Workers: 3
[3.866s][debug][gc,phases         ] GC(71)         Dead                           Min: 0, Avg:  0.0, Max: 0, Diff: 0, Sum: 0, Workers: 3
[3.866s][debug][gc,phases         ] GC(71)         Total                          Min: 0, Avg:  0.0, Max: 0, Diff: 0, Sum: 0, Workers: 3
[3.866s][debug][gc,phases         ] GC(71)       StringDedup Requests0 Weak     Min:  0.0, Avg:  0.0, Max:  0.0, Diff:  0.0, Sum:  0.0, Workers: 3
[3.866s][debug][gc,phases         ] GC(71)         Dead                           Min: 0, Avg:  0.0, Max: 0, Diff: 0, Sum: 0, Workers: 3
[3.866s][debug][gc,phases         ] GC(71)         Total                          Min: 0, Avg:  0.0, Max: 0, Diff: 0, Sum: 0, Workers: 3
[3.866s][debug][gc,phases         ] GC(71)       StringDedup Requests1 Weak     Min:  0.0, Avg:  0.0, Max:  0.0, Diff:  0.0, Sum:  0.0, Workers: 3
[3.866s][debug][gc,phases         ] GC(71)         Dead                           Min: 0, Avg:  0.0, Max: 0, Diff: 0, Sum: 0, Workers: 3
[3.866s][debug][gc,phases         ] GC(71)         Total                          Min: 0, Avg:  0.0, Max: 0, Diff: 0, Sum: 0, Workers: 3
[3.866s][debug][gc,phases         ] GC(71)       Weak JFR Old Object Samples    Min:  0.0, Avg:  0.0, Max:  0.0, Diff:  0.0, Sum:  0.0, Workers: 3
[3.867s][debug][gc,phases         ] GC(71)         Dead                           Min: 0, Avg:  0.0, Max: 0, Diff: 0, Sum: 0, Workers: 3
[3.867s][debug][gc,phases         ] GC(71)         Total                          Min: 0, Avg:  0.0, Max: 0, Diff: 0, Sum: 0, Workers: 3
[3.867s][debug][gc,phases         ] GC(71)     Post Evacuate Cleanup 1: 0.1ms
[3.867s][debug][gc,phases         ] GC(71)       Merge Per-Thread State (ms):   Min:  0.0, Avg:  0.0, Max:  0.0, Diff:  0.0, Sum:  0.0, Workers: 1
[3.867s][debug][gc,phases         ] GC(71)         Copied Bytes                   Min: 3228304, Avg: 3660340.0, Max: 3968960, Diff: 740656, Sum: 14641360, Workers: 4
[3.867s][debug][gc,phases         ] GC(71)         LAB Waste                      Min: 112, Avg: 168.0, Max: 224, Diff: 112, Sum: 672, Workers: 4
[3.867s][debug][gc,phases         ] GC(71)         LAB Undo Waste                 Min: 0, Avg:  0.0, Max: 0, Diff: 0, Sum: 0, Workers: 4
[3.867s][debug][gc,phases         ] GC(71)       Clear Logged Cards (ms):       Min:  0.0, Avg:  0.0, Max:  0.0, Diff:  0.0, Sum:  0.0, Workers: 3
[3.867s][debug][gc,phases         ] GC(71)       Recalculate Used Memory (ms):  Min:  0.0, Avg:  0.0, Max:  0.0, Diff:  0.0, Sum:  0.0, Workers: 1
[3.867s][debug][gc,phases         ] GC(71)     Post Evacuate Cleanup 2: 0.0ms
[3.867s][debug][gc,phases         ] GC(71)       Reset Hot Card Cache (ms):     Min:  0.0, Avg:  0.0, Max:  0.0, Diff:  0.0, Sum:  0.0, Workers: 1
[3.867s][debug][gc,phases         ] GC(71)       Purge Code Roots (ms):         Min:  0.0, Avg:  0.0, Max:  0.0, Diff:  0.0, Sum:  0.0, Workers: 1
[3.867s][debug][gc,phases         ] GC(71)       Update Derived Pointers (ms):  Min:  0.0, Avg:  0.0, Max:  0.0, Diff:  0.0, Sum:  0.0, Workers: 1
[3.867s][debug][gc,phases         ] GC(71)       Eagerly Reclaim Humongous Objects (ms): Min:  0.0, Avg:  0.0, Max:  0.0, Diff:  0.0, Sum:  0.0, Workers: 1
[3.867s][debug][gc,phases         ] GC(71)         Humongous Total                Min: 1, Avg:  1.0, Max: 1, Diff: 0, Sum: 1, Workers: 1
[3.867s][debug][gc,phases         ] GC(71)         Humongous Candidates           Min: 0, Avg:  0.0, Max: 0, Diff: 0, Sum: 0, Workers: 1
[3.867s][debug][gc,phases         ] GC(71)         Humongous Reclaimed            Min: 0, Avg:  0.0, Max: 0, Diff: 0, Sum: 0, Workers: 1
[3.867s][debug][gc,phases         ] GC(71)       Redirty Logged Cards (ms):     Min:  0.0, Avg:  0.0, Max:  0.0, Diff:  0.0, Sum:  0.0, Workers: 4
[3.867s][debug][gc,phases         ] GC(71)         Redirtied Cards:               Min: 0, Avg: 256.5, Max: 769, Diff: 769, Sum: 1026, Workers: 4
[3.867s][debug][gc,phases         ] GC(71)       Free Collection Set (ms):      Min:  0.0, Avg:  0.0, Max:  0.0, Diff:  0.0, Sum:  0.0, Workers: 4
[3.867s][debug][gc,phases         ] GC(71)     Rebuild Free List: 0.1ms
[3.867s][debug][gc,phases         ] GC(71)     Start New Collection Set: 0.0ms
[3.867s][debug][gc,phases         ] GC(71)     Resize TLABs: 0.0ms
[3.867s][debug][gc,phases         ] GC(71)     Expand Heap After Collection: 0.0ms
[3.867s][info ][gc,phases         ] GC(71)   Other: 0.8ms
[3.867s][info ][gc,heap           ] GC(71) Eden regions: 11->0(10)
[3.867s][info ][gc,heap           ] GC(71) Survivor regions: 3->2(2)
[3.867s][info ][gc,heap           ] GC(71) Old regions: 152->165
[3.867s][info ][gc,heap           ] GC(71) Archive regions: 0->0
[3.867s][info ][gc,heap           ] GC(71) Humongous regions: 36->36
[3.867s][info ][gc,metaspace      ] GC(71) Metaspace: 471K(640K)->471K(640K) NonClass: 438K(512K)->438K(512K) Class: 33K(128K)->33K(128K)
[3.867s][debug][gc,heap           ] GC(71) Heap after GC invocations=67 (full 3):
[3.867s][debug][gc,heap           ] GC(71)  garbage-first heap   total 262144K, used 207871K [0x00000000f0000000, 0x0000000100000000)
[3.867s][debug][gc,heap           ] GC(71)   region size 1024K, 2 young (2048K), 2 survivors (2048K)
[3.867s][debug][gc,heap           ] GC(71)  Metaspace       used 471K, committed 640K, reserved 1056768K
[3.867s][debug][gc,heap           ] GC(71)   class space    used 33K, committed 128K, reserved 1048576K
[3.867s][info ][gc                ] GC(71) Pause Young (Normal) (G1 Evacuation Pause) 201M->202M(256M) 22.753ms
[3.867s][info ][gc,cpu            ] GC(71) User=0.06s Sys=0.02s Real=0.02s
[3.929s][debug][gc,heap           ] GC(72) Heap before GC invocations=67 (full 3):
[3.929s][debug][gc,heap           ] GC(72)  garbage-first heap   total 262144K, used 218111K [0x00000000f0000000, 0x0000000100000000)
[3.929s][debug][gc,heap           ] GC(72)   region size 1024K, 12 young (12288K), 2 survivors (2048K)
[3.929s][debug][gc,heap           ] GC(72)  Metaspace       used 471K, committed 640K, reserved 1056768K
[3.929s][debug][gc,heap           ] GC(72)   class space    used 33K, committed 128K, reserved 1048576K
[3.929s][info ][gc,start          ] GC(72) Pause Young (Normal) (G1 Evacuation Pause)
[3.929s][info ][gc,task           ] GC(72) Using 4 workers of 4 for evacuation
[3.929s][debug][gc,tlab           ] GC(72) TLAB totals: thrds: 1  refills: 60 max: 60 slow allocs: 0 max 0 waste:  0.3% gc: 0B max: 0B slow: 34560B max: 34560B
[3.929s][debug][gc,age            ] GC(72) Desired survivor size 1048576 bytes, new threshold 1 (max threshold 15)
[3.929s][debug][gc,refine,stats   ] GC(72) Mutator refinement: 0.00ms, refined: 0, precleaned: 0, dirtied: 5102
[3.929s][debug][gc,refine,stats   ] GC(72) Concurrent refinement: 0.00ms, refined: 0, precleaned: 0, dirtied: 0
[3.929s][debug][gc,refine,stats   ] GC(72) Total refinement: 0.00ms, refined: 0, precleaned: 0, dirtied: 5102
[3.929s][debug][gc,refine,stats   ] GC(72) Generate dirty cards rate: 78.75 cards/ms
[3.929s][debug][gc,alloc,region   ] GC(72) Mutator Allocation stats, regions: 10, wasted size: 6080B ( 0.1%)
[3.929s][debug][gc,humongous      ] GC(72) Humongous region 173 (object size 36920416 @ 0x00000000fad00000) remset 0 code roots 0 marked 1 reclaim candidate 0 type array 0
[3.929s][debug][gc,ergo           ] GC(72) Running G1 Merge Heap Roots using 4 workers for 12 regions
[3.929s][debug][gc,remset         ] GC(72) Visited cards 7168 Total dirty 14336 (50.00%) Total old 460800 (1.56%)
[3.940s][debug][gc,ref            ] GC(72) Skipped phase 1 of Reference Processing: no references
[3.940s][debug][gc,ref            ] GC(72) Skipped phase 2 of Reference Processing: no references
[3.940s][debug][gc,ref            ] GC(72) Skipped phase 3 of Reference Processing: no references
[3.940s][debug][gc,ref            ] GC(72) Skipped phase 4 of Reference Processing: no references
[3.940s][debug][gc,ergo           ] GC(72) Running G1 Rebuild Free List Task using 4 workers for rebuilding free list of regions
[3.941s][debug][gc,plab           ] GC(72) Young PLAB allocation: allocated: 2097152B, wasted: 416B, unused: 0B, used: 2096736B, undo waste: 0B, 
[3.941s][debug][gc,plab           ] GC(72) Young other allocation: region end waste: 0B, regions filled: 2, direct allocated: 0B, failure used: 0B, failure wasted: 0B
[3.941s][debug][gc,plab           ] GC(72) Young sizing: calculated: 419344B, actual: 436528B
[3.941s][debug][gc,plab           ] GC(72) Old PLAB allocation: allocated: 6815744B, wasted: 144B, unused: 1037200B, used: 5778400B, undo waste: 0B, 
[3.941s][debug][gc,plab           ] GC(72) Old other allocation: region end waste: 0B, regions filled: 7, direct allocated: 0B, failure used: 0B, failure wasted: 0B
[3.941s][debug][gc,plab           ] GC(72) Old sizing: calculated: 1155680B, actual: 1595920B
[3.941s][debug][gc,ergo,heap      ] GC(72) Heap expansion: short term pause time ratio 41.13% long term pause time ratio 38.75% threshold 7.69% pause time ratio 7.69% fully expanded true resize by 0B
[3.941s][debug][gc,mmu            ] GC(72) MMU: 80.0ms (200.0ms/201.0ms)
[3.941s][debug][gc,alloc,stats    ] Old generation allocation in the last mutator period, old gen allocated: 6815744B, humongous allocated: 0B,old gen growth: 6815744B.
[3.941s][debug][gc,ihop           ] GC(72) Basic information (value update), threshold: 120795955B (45.00), target occupancy: 268435456B, current occupancy: 219676656B, recent allocation size: 6815744B, recent allocation duration: 64.79ms, recent old gen allocation rate: 105201690.45B/s, recent marking phase length: 0.00ms
[3.941s][debug][gc,ihop           ] GC(72) Adaptive IHOP information (value update), threshold: 120795955B (52.94), internal target occupancy: 228170137B, occupancy: 219676656B, additional buffer size: 12582912B, predicted old gen allocation rate: 531777095.92B/s, predicted marking phase length: 0.00ms, prediction active: false
[3.941s][debug][gc,ergo,refine    ] GC(72) Concurrent refinement times: Logged Cards Scan time goal: 20.00ms Logged Cards Scan time: 1.78ms HCC time: 0.00ms
[3.941s][debug][gc,ergo,refine    ] GC(72) Updated Refinement Zones: green: 19570, yellow: 58710, red: 97850
[3.941s][info ][gc,phases         ] GC(72)   Pre Evacuate Collection Set: 0.1ms
[3.941s][debug][gc,phases         ] GC(72)     Prepare TLABs: 0.0ms
[3.941s][debug][gc,phases         ] GC(72)     Concatenate Dirty Card Logs: 0.0ms
[3.941s][debug][gc,phases         ] GC(72)     Choose Collection Set: 0.0ms
[3.941s][debug][gc,phases         ] GC(72)     Region Register: 0.1ms
[3.941s][debug][gc,phases         ] GC(72)     Prepare Heap Roots: 0.0ms
[3.941s][info ][gc,phases         ] GC(72)   Merge Heap Roots: 0.1ms
[3.941s][debug][gc,phases         ] GC(72)     Prepare Merge Heap Roots: 0.0ms
[3.941s][debug][gc,phases         ] GC(72)     Eager Reclaim (ms):            skipped
[3.941s][debug][gc,phases         ] GC(72)     Remembered Sets (ms):          Min:  0.0, Avg:  0.0, Max:  0.0, Diff:  0.0, Sum:  0.0, Workers: 4
[3.941s][debug][gc,phases         ] GC(72)       Merged Sparse:                 Min: 0, Avg:  0.0, Max: 0, Diff: 0, Sum: 0, Workers: 4
[3.941s][debug][gc,phases         ] GC(72)       Merged Fine:                   Min: 0, Avg:  0.0, Max: 0, Diff: 0, Sum: 0, Workers: 4
[3.941s][debug][gc,phases         ] GC(72)       Merged Coarse:                 Min: 0, Avg:  0.0, Max: 0, Diff: 0, Sum: 0, Workers: 4
[3.941s][debug][gc,phases         ] GC(72)       Dirty Cards:                   Min: 0, Avg:  0.0, Max: 0, Diff: 0, Sum: 0, Workers: 4
[3.941s][debug][gc,phases         ] GC(72)     Hot Card Cache (ms):           Min:  0.0, Avg:  0.0, Max:  0.0, Diff:  0.0, Sum:  0.0, Workers: 4
[3.941s][debug][gc,phases         ] GC(72)       Dirty Cards:                   Min: 0, Avg:  0.0, Max: 0, Diff: 0, Sum: 0, Workers: 4
[3.941s][debug][gc,phases         ] GC(72)       Skipped Cards:                 Min: 0, Avg:  0.0, Max: 0, Diff: 0, Sum: 0, Workers: 4
[3.941s][debug][gc,phases         ] GC(72)     Log Buffers (ms):              Min:  0.0, Avg:  0.0, Max:  0.0, Diff:  0.0, Sum:  0.1, Workers: 4
[3.941s][debug][gc,phases         ] GC(72)       Dirty Cards:                   Min: 1510, Avg: 1524.0, Max: 1529, Diff: 19, Sum: 6096, Workers: 4
[3.941s][debug][gc,phases         ] GC(72)       Skipped Cards:                 Min: 0, Avg:  0.0, Max: 0, Diff: 0, Sum: 0, Workers: 4
[3.941s][info ][gc,phases         ] GC(72)   Evacuate Collection Set: 10.7ms
[3.941s][debug][gc,phases         ] GC(72)     Ext Root Scanning (ms):        Min:  0.0, Avg:  0.0, Max:  0.0, Diff:  0.0, Sum:  0.1, Workers: 4
[3.941s][debug][gc,phases         ] GC(72)     Scan Heap Roots (ms):          Min:  1.4, Avg:  1.8, Max:  2.1, Diff:  0.7, Sum:  7.0, Workers: 4
[3.941s][debug][gc,phases         ] GC(72)       Scanned Cards:                 Min: 1024, Avg: 1532.0, Max: 1793, Diff: 769, Sum: 6128, Workers: 4
[3.941s][debug][gc,phases         ] GC(72)       Scanned Blocks:                Min: 4, Avg:  7.0, Max: 8, Diff: 4, Sum: 28, Workers: 4
[3.941s][debug][gc,phases         ] GC(72)       Claimed Chunks:                Min: 4, Avg:  7.0, Max: 8, Diff: 4, Sum: 28, Workers: 4
[3.941s][debug][gc,phases         ] GC(72)     Code Root Scan (ms):           Min:  0.0, Avg:  0.0, Max:  0.0, Diff:  0.0, Sum:  0.0, Workers: 4
[3.941s][debug][gc,phases         ] GC(72)     Object Copy (ms):              Min:  8.6, Avg:  8.9, Max:  9.3, Diff:  0.7, Sum: 35.7, Workers: 4
[3.941s][debug][gc,phases         ] GC(72)     Termination (ms):              Min:  0.0, Avg:  0.0, Max:  0.0, Diff:  0.0, Sum:  0.0, Workers: 4
[3.941s][debug][gc,phases         ] GC(72)       Termination Attempts:          Min: 1, Avg:  3.0, Max: 5, Diff: 4, Sum: 12, Workers: 4
[3.941s][debug][gc,phases         ] GC(72)     GC Worker Other (ms):          Min:  0.0, Avg:  0.0, Max:  0.0, Diff:  0.0, Sum:  0.0, Workers: 4
[3.941s][debug][gc,phases         ] GC(72)     GC Worker Total (ms):          Min: 10.7, Avg: 10.7, Max: 10.7, Diff:  0.0, Sum: 42.9, Workers: 4
[3.941s][info ][gc,phases         ] GC(72)   Post Evacuate Collection Set: 0.5ms
[3.941s][debug][gc,phases         ] GC(72)     Code Roots Fixup: 0.0ms
[3.942s][debug][gc,phases         ] GC(72)     Reference Processing: 0.2ms
[3.942s][debug][gc,phases,ref     ] GC(72)       Reconsider SoftReferences: 0.1ms
[3.942s][debug][gc,phases,ref     ] GC(72)         SoftRef (ms):                  skipped
[3.942s][debug][gc,phases,ref     ] GC(72)       Notify Soft/WeakReferences: 0.0ms
[3.942s][debug][gc,phases,ref     ] GC(72)         SoftRef (ms):                  skipped
[3.942s][debug][gc,phases,ref     ] GC(72)         WeakRef (ms):                  skipped
[3.942s][debug][gc,phases,ref     ] GC(72)         FinalRef (ms):                 skipped
[3.942s][debug][gc,phases,ref     ] GC(72)         Total (ms):                    skipped
[3.942s][debug][gc,phases,ref     ] GC(72)       Notify and keep alive finalizable: 0.0ms
[3.942s][debug][gc,phases,ref     ] GC(72)         FinalRef (ms):                 skipped
[3.942s][debug][gc,phases,ref     ] GC(72)       Notify PhantomReferences: 0.0ms
[3.942s][debug][gc,phases,ref     ] GC(72)         PhantomRef (ms):               skipped
[3.942s][debug][gc,phases,ref     ] GC(72)       SoftReference:
[3.942s][debug][gc,phases,ref     ] GC(72)         Discovered: 0
[3.942s][debug][gc,phases,ref     ] GC(72)         Cleared: 0
[3.942s][debug][gc,phases,ref     ] GC(72)       WeakReference:
[3.942s][debug][gc,phases,ref     ] GC(72)         Discovered: 0
[3.942s][debug][gc,phases,ref     ] GC(72)         Cleared: 0
[3.942s][debug][gc,phases,ref     ] GC(72)       FinalReference:
[3.942s][debug][gc,phases,ref     ] GC(72)         Discovered: 0
[3.942s][debug][gc,phases,ref     ] GC(72)         Cleared: 0
[3.942s][debug][gc,phases,ref     ] GC(72)       PhantomReference:
[3.942s][debug][gc,phases,ref     ] GC(72)         Discovered: 0
[3.942s][debug][gc,phases,ref     ] GC(72)         Cleared: 0
[3.942s][debug][gc,phases         ] GC(72)     Weak Processing: 0.1ms
[3.942s][debug][gc,phases         ] GC(72)       VM Weak                        Min:  0.0, Avg:  0.0, Max:  0.0, Diff:  0.0, Sum:  0.0, Workers: 3
[3.942s][debug][gc,phases         ] GC(72)         Dead                           Min: 0, Avg:  0.0, Max: 0, Diff: 0, Sum: 0, Workers: 3
[3.942s][debug][gc,phases         ] GC(72)         Total                          Min: 0, Avg:  2.7, Max: 8, Diff: 8, Sum: 8, Workers: 3
[3.942s][debug][gc,phases         ] GC(72)       ObjectSynchronizer Weak        Min:  0.0, Avg:  0.0, Max:  0.0, Diff:  0.0, Sum:  0.0, Workers: 3
[3.942s][debug][gc,phases         ] GC(72)         Dead                           Min: 0, Avg:  0.0, Max: 0, Diff: 0, Sum: 0, Workers: 3
[3.942s][debug][gc,phases         ] GC(72)         Total                          Min: 0, Avg:  1.0, Max: 3, Diff: 3, Sum: 3, Workers: 3
[3.942s][debug][gc,phases         ] GC(72)       JVMTI Tag Weak OopStorage      Min:  0.0, Avg:  0.0, Max:  0.0, Diff:  0.0, Sum:  0.0, Workers: 3
[3.942s][debug][gc,phases         ] GC(72)         Dead                           Min: 0, Avg:  0.0, Max: 0, Diff: 0, Sum: 0, Workers: 3
[3.942s][debug][gc,phases         ] GC(72)         Total                          Min: 0, Avg:  0.0, Max: 0, Diff: 0, Sum: 0, Workers: 3
[3.942s][debug][gc,phases         ] GC(72)       StringTable Weak               Min:  0.0, Avg:  0.0, Max:  0.0, Diff:  0.0, Sum:  0.0, Workers: 3
[3.942s][debug][gc,phases         ] GC(72)         Dead                           Min: 0, Avg:  0.0, Max: 0, Diff: 0, Sum: 0, Workers: 3
[3.942s][debug][gc,phases         ] GC(72)         Total                          Min: 768, Avg: 819.0, Max: 896, Diff: 128, Sum: 2457, Workers: 3
[3.942s][debug][gc,phases         ] GC(72)       ResolvedMethodTable Weak       Min:  0.0, Avg:  0.0, Max:  0.0, Diff:  0.0, Sum:  0.0, Workers: 3
[3.942s][debug][gc,phases         ] GC(72)         Dead                           Min: 0, Avg:  0.0, Max: 0, Diff: 0, Sum: 0, Workers: 3
[3.942s][debug][gc,phases         ] GC(72)         Total                          Min: 9, Avg: 45.7, Max: 64, Diff: 55, Sum: 137, Workers: 3
[3.942s][debug][gc,phases         ] GC(72)       JNI Weak                       Min:  0.0, Avg:  0.0, Max:  0.0, Diff:  0.0, Sum:  0.0, Workers: 3
[3.942s][debug][gc,phases         ] GC(72)         Dead                           Min: 0, Avg:  0.0, Max: 0, Diff: 0, Sum: 0, Workers: 3
[3.942s][debug][gc,phases         ] GC(72)         Total                          Min: 0, Avg:  0.0, Max: 0, Diff: 0, Sum: 0, Workers: 3
[3.942s][debug][gc,phases         ] GC(72)       StringDedup Table Weak         Min:  0.0, Avg:  0.0, Max:  0.0, Diff:  0.0, Sum:  0.0, Workers: 3
[3.942s][debug][gc,phases         ] GC(72)         Dead                           Min: 0, Avg:  0.0, Max: 0, Diff: 0, Sum: 0, Workers: 3
[3.942s][debug][gc,phases         ] GC(72)         Total                          Min: 0, Avg:  0.0, Max: 0, Diff: 0, Sum: 0, Workers: 3
[3.942s][debug][gc,phases         ] GC(72)       StringDedup Requests0 Weak     Min:  0.0, Avg:  0.0, Max:  0.0, Diff:  0.0, Sum:  0.0, Workers: 3
[3.942s][debug][gc,phases         ] GC(72)         Dead                           Min: 0, Avg:  0.0, Max: 0, Diff: 0, Sum: 0, Workers: 3
[3.942s][debug][gc,phases         ] GC(72)         Total                          Min: 0, Avg:  0.0, Max: 0, Diff: 0, Sum: 0, Workers: 3
[3.942s][debug][gc,phases         ] GC(72)       StringDedup Requests1 Weak     Min:  0.0, Avg:  0.0, Max:  0.0, Diff:  0.0, Sum:  0.0, Workers: 3
[3.942s][debug][gc,phases         ] GC(72)         Dead                           Min: 0, Avg:  0.0, Max: 0, Diff: 0, Sum: 0, Workers: 3
[3.942s][debug][gc,phases         ] GC(72)         Total                          Min: 0, Avg:  0.0, Max: 0, Diff: 0, Sum: 0, Workers: 3
[3.943s][debug][gc,phases         ] GC(72)       Weak JFR Old Object Samples    Min:  0.0, Avg:  0.0, Max:  0.0, Diff:  0.0, Sum:  0.0, Workers: 3
[3.943s][debug][gc,phases         ] GC(72)         Dead                           Min: 0, Avg:  0.0, Max: 0, Diff: 0, Sum: 0, Workers: 3
[3.943s][debug][gc,phases         ] GC(72)         Total                          Min: 0, Avg:  0.0, Max: 0, Diff: 0, Sum: 0, Workers: 3
[3.943s][debug][gc,phases         ] GC(72)     Post Evacuate Cleanup 1: 0.1ms
[3.943s][debug][gc,phases         ] GC(72)       Merge Per-Thread State (ms):   Min:  0.0, Avg:  0.0, Max:  0.0, Diff:  0.0, Sum:  0.0, Workers: 1
[3.943s][debug][gc,phases         ] GC(72)         Copied Bytes                   Min: 1696528, Avg: 1968784.0, Max: 2161536, Diff: 465008, Sum: 7875136, Workers: 4
[3.943s][debug][gc,phases         ] GC(72)         LAB Waste                      Min: 120, Avg: 140.0, Max: 160, Diff: 40, Sum: 560, Workers: 4
[3.943s][debug][gc,phases         ] GC(72)         LAB Undo Waste                 Min: 0, Avg:  0.0, Max: 0, Diff: 0, Sum: 0, Workers: 4
[3.943s][debug][gc,phases         ] GC(72)       Clear Logged Cards (ms):       Min:  0.0, Avg:  0.0, Max:  0.0, Diff:  0.0, Sum:  0.0, Workers: 3
[3.943s][debug][gc,phases         ] GC(72)       Recalculate Used Memory (ms):  Min:  0.0, Avg:  0.0, Max:  0.0, Diff:  0.0, Sum:  0.0, Workers: 1
[3.943s][debug][gc,phases         ] GC(72)     Post Evacuate Cleanup 2: 0.1ms
[3.943s][debug][gc,phases         ] GC(72)       Reset Hot Card Cache (ms):     Min:  0.0, Avg:  0.0, Max:  0.0, Diff:  0.0, Sum:  0.0, Workers: 1
[3.943s][debug][gc,phases         ] GC(72)       Purge Code Roots (ms):         Min:  0.0, Avg:  0.0, Max:  0.0, Diff:  0.0, Sum:  0.0, Workers: 1
[3.943s][debug][gc,phases         ] GC(72)       Update Derived Pointers (ms):  Min:  0.0, Avg:  0.0, Max:  0.0, Diff:  0.0, Sum:  0.0, Workers: 1
[3.943s][debug][gc,phases         ] GC(72)       Eagerly Reclaim Humongous Objects (ms): Min:  0.0, Avg:  0.0, Max:  0.0, Diff:  0.0, Sum:  0.0, Workers: 1
[3.943s][debug][gc,phases         ] GC(72)         Humongous Total                Min: 1, Avg:  1.0, Max: 1, Diff: 0, Sum: 1, Workers: 1
[3.943s][debug][gc,phases         ] GC(72)         Humongous Candidates           Min: 0, Avg:  0.0, Max: 0, Diff: 0, Sum: 0, Workers: 1
[3.943s][debug][gc,phases         ] GC(72)         Humongous Reclaimed            Min: 0, Avg:  0.0, Max: 0, Diff: 0, Sum: 0, Workers: 1
[3.943s][debug][gc,phases         ] GC(72)       Redirty Logged Cards (ms):     Min:  0.0, Avg:  0.0, Max:  0.0, Diff:  0.0, Sum:  0.0, Workers: 4
[3.943s][debug][gc,phases         ] GC(72)         Redirtied Cards:               Min: 0, Avg: 257.0, Max: 574, Diff: 574, Sum: 1028, Workers: 4
[3.943s][debug][gc,phases         ] GC(72)       Free Collection Set (ms):      Min:  0.0, Avg:  0.0, Max:  0.0, Diff:  0.0, Sum:  0.0, Workers: 4
[3.943s][debug][gc,phases         ] GC(72)     Rebuild Free List: 0.1ms
[3.943s][debug][gc,phases         ] GC(72)     Start New Collection Set: 0.0ms
[3.943s][debug][gc,phases         ] GC(72)     Resize TLABs: 0.0ms
[3.943s][debug][gc,phases         ] GC(72)     Expand Heap After Collection: 0.0ms
[3.943s][info ][gc,phases         ] GC(72)   Other: 0.7ms
[3.943s][info ][gc,heap           ] GC(72) Eden regions: 10->0(10)
[3.943s][info ][gc,heap           ] GC(72) Survivor regions: 2->2(2)
[3.943s][info ][gc,heap           ] GC(72) Old regions: 165->172
[3.943s][info ][gc,heap           ] GC(72) Archive regions: 0->0
[3.943s][info ][gc,heap           ] GC(72) Humongous regions: 36->36
[3.943s][info ][gc,metaspace      ] GC(72) Metaspace: 471K(640K)->471K(640K) NonClass: 438K(512K)->438K(512K) Class: 33K(128K)->33K(128K)
[3.943s][debug][gc,heap           ] GC(72) Heap after GC invocations=68 (full 3):
[3.943s][debug][gc,heap           ] GC(72)  garbage-first heap   total 262144K, used 214527K [0x00000000f0000000, 0x0000000100000000)
[3.943s][debug][gc,heap           ] GC(72)   region size 1024K, 2 young (2048K), 2 survivors (2048K)
[3.943s][debug][gc,heap           ] GC(72)  Metaspace       used 471K, committed 640K, reserved 1056768K
[3.943s][debug][gc,heap           ] GC(72)   class space    used 33K, committed 128K, reserved 1048576K
[3.943s][info ][gc                ] GC(72) Pause Young (Normal) (G1 Evacuation Pause) 212M->209M(256M) 14.316ms
[3.943s][info ][gc,cpu            ] GC(72) User=0.00s Sys=0.00s Real=0.01s
[3.965s][debug][gc,heap           ] GC(73) Heap before GC invocations=68 (full 3):
[3.965s][debug][gc,heap           ] GC(73)  garbage-first heap   total 262144K, used 224767K [0x00000000f0000000, 0x0000000100000000)
[3.965s][debug][gc,heap           ] GC(73)   region size 1024K, 12 young (12288K), 2 survivors (2048K)
[3.965s][debug][gc,heap           ] GC(73)  Metaspace       used 471K, committed 640K, reserved 1056768K
[3.965s][debug][gc,heap           ] GC(73)   class space    used 33K, committed 128K, reserved 1048576K
[3.965s][info ][gc,start          ] GC(73) Pause Young (Normal) (G1 Evacuation Pause)
[3.965s][info ][gc,task           ] GC(73) Using 4 workers of 4 for evacuation
[3.965s][debug][gc,tlab           ] GC(73) TLAB totals: thrds: 1  refills: 60 max: 60 slow allocs: 0 max 0 waste:  0.3% gc: 0B max: 0B slow: 34568B max: 34568B
[3.965s][debug][gc,age            ] GC(73) Desired survivor size 1048576 bytes, new threshold 1 (max threshold 15)
[3.965s][debug][gc,refine,stats   ] GC(73) Mutator refinement: 0.00ms, refined: 0, precleaned: 0, dirtied: 5098
[3.965s][debug][gc,refine,stats   ] GC(73) Concurrent refinement: 0.00ms, refined: 0, precleaned: 0, dirtied: 0
[3.965s][debug][gc,refine,stats   ] GC(73) Total refinement: 0.00ms, refined: 0, precleaned: 0, dirtied: 5098
[3.965s][debug][gc,refine,stats   ] GC(73) Generate dirty cards rate: 210.84 cards/ms
[3.965s][debug][gc,alloc,region   ] GC(73) Mutator Allocation stats, regions: 10, wasted size: 10880B ( 0.1%)
[3.965s][debug][gc,humongous      ] GC(73) Humongous region 173 (object size 36920416 @ 0x00000000fad00000) remset 0 code roots 0 marked 1 reclaim candidate 0 type array 0
[3.965s][debug][gc,ergo           ] GC(73) Running G1 Merge Heap Roots using 4 workers for 12 regions
[3.965s][debug][gc,remset         ] GC(73) Visited cards 6656 Total dirty 10240 (65.00%) Total old 475136 (1.40%)
[3.981s][debug][gc,ref            ] GC(73) Skipped phase 1 of Reference Processing: no references
[3.981s][debug][gc,ref            ] GC(73) Skipped phase 2 of Reference Processing: no references
[3.981s][debug][gc,ref            ] GC(73) Skipped phase 3 of Reference Processing: no references
[3.981s][debug][gc,task,start     ] G1 Service Thread (Remembered Set Sampling Task) (run)
[3.981s][debug][gc,ref            ] GC(73) Skipped phase 4 of Reference Processing: no references
[3.981s][debug][gc,ergo           ] GC(73) Running G1 Rebuild Free List Task using 4 workers for rebuilding free list of regions
[3.982s][debug][gc,plab           ] GC(73) Young PLAB allocation: allocated: 2097152B, wasted: 480B, unused: 0B, used: 2096672B, undo waste: 0B, 
[3.982s][debug][gc,plab           ] GC(73) Young other allocation: region end waste: 0B, regions filled: 2, direct allocated: 0B, failure used: 0B, failure wasted: 0B
[3.982s][debug][gc,plab           ] GC(73) Young sizing: calculated: 419328B, actual: 423624B
[3.982s][debug][gc,plab           ] GC(73) Old PLAB allocation: allocated: 11010048B, wasted: 448B, unused: 570096B, used: 10439504B, undo waste: 0B, 
[3.982s][debug][gc,plab           ] GC(73) Old other allocation: region end waste: 0B, regions filled: 11, direct allocated: 0B, failure used: 0B, failure wasted: 0B
[3.982s][debug][gc,plab           ] GC(73) Old sizing: calculated: 2087896B, actual: 1964896B
[3.982s][debug][gc,ergo,heap      ] GC(73) Heap expansion: short term pause time ratio 15.30% long term pause time ratio 36.16% threshold 7.69% pause time ratio 7.69% fully expanded true resize by 0B
[3.982s][debug][gc,mmu            ] GC(73) MMU: 75.3ms (200.0ms/201.0ms)
[3.982s][debug][gc,alloc,stats    ] Old generation allocation in the last mutator period, old gen allocated: 11010048B, humongous allocated: 0B,old gen growth: 11010048B.
[3.982s][debug][gc,ihop           ] GC(73) Basic information (value update), threshold: 120795955B (45.00), target occupancy: 268435456B, current occupancy: 230686704B, recent allocation size: 11010048B, recent allocation duration: 24.18ms, recent old gen allocation rate: 455342622.12B/s, recent marking phase length: 0.00ms
[3.982s][debug][gc,ihop           ] GC(73) Adaptive IHOP information (value update), threshold: 120795955B (52.94), internal target occupancy: 228170137B, occupancy: 230686704B, additional buffer size: 12582912B, predicted old gen allocation rate: 531076963.75B/s, predicted marking phase length: 0.00ms, prediction active: false
[3.982s][debug][gc,ergo,refine    ] GC(73) Concurrent refinement times: Logged Cards Scan time goal: 20.00ms Logged Cards Scan time: 2.49ms HCC time: 0.00ms
[3.982s][debug][gc,ergo,refine    ] GC(73) Updated Refinement Zones: green: 19570, yellow: 58710, red: 97850
[3.982s][info ][gc,phases         ] GC(73)   Pre Evacuate Collection Set: 0.1ms
[3.982s][debug][gc,phases         ] GC(73)     Prepare TLABs: 0.0ms
[3.982s][debug][gc,phases         ] GC(73)     Concatenate Dirty Card Logs: 0.0ms
[3.982s][debug][gc,phases         ] GC(73)     Choose Collection Set: 0.0ms
[3.982s][debug][gc,phases         ] GC(73)     Region Register: 0.1ms
[3.982s][debug][gc,phases         ] GC(73)     Prepare Heap Roots: 0.0ms
[3.982s][info ][gc,phases         ] GC(73)   Merge Heap Roots: 0.1ms
[3.982s][debug][gc,phases         ] GC(73)     Prepare Merge Heap Roots: 0.0ms
[3.982s][debug][gc,phases         ] GC(73)     Eager Reclaim (ms):            skipped
[3.982s][debug][gc,phases         ] GC(73)     Remembered Sets (ms):          Min:  0.0, Avg:  0.0, Max:  0.0, Diff:  0.0, Sum:  0.0, Workers: 4
[3.982s][debug][gc,phases         ] GC(73)       Merged Sparse:                 Min: 0, Avg:  0.0, Max: 0, Diff: 0, Sum: 0, Workers: 4
[3.982s][debug][gc,phases         ] GC(73)       Merged Fine:                   Min: 0, Avg:  0.0, Max: 0, Diff: 0, Sum: 0, Workers: 4
[3.982s][debug][gc,phases         ] GC(73)       Merged Coarse:                 Min: 0, Avg:  0.0, Max: 0, Diff: 0, Sum: 0, Workers: 4
[3.982s][debug][gc,phases         ] GC(73)       Dirty Cards:                   Min: 0, Avg:  0.0, Max: 0, Diff: 0, Sum: 0, Workers: 4
[3.982s][debug][gc,phases         ] GC(73)     Hot Card Cache (ms):           Min:  0.0, Avg:  0.0, Max:  0.0, Diff:  0.0, Sum:  0.0, Workers: 4
[3.982s][debug][gc,phases         ] GC(73)       Dirty Cards:                   Min: 0, Avg:  0.0, Max: 0, Diff: 0, Sum: 0, Workers: 4
[3.982s][debug][gc,phases         ] GC(73)       Skipped Cards:                 Min: 0, Avg:  0.0, Max: 0, Diff: 0, Sum: 0, Workers: 4
[3.982s][debug][gc,phases         ] GC(73)     Log Buffers (ms):              Min:  0.0, Avg:  0.0, Max:  0.0, Diff:  0.0, Sum:  0.1, Workers: 4
[3.982s][debug][gc,phases         ] GC(73)       Dirty Cards:                   Min: 1506, Avg: 1523.5, Max: 1554, Diff: 48, Sum: 6094, Workers: 4
[3.982s][debug][gc,phases         ] GC(73)       Skipped Cards:                 Min: 0, Avg:  0.0, Max: 0, Diff: 0, Sum: 0, Workers: 4
[3.983s][info ][gc,phases         ] GC(73)   Evacuate Collection Set: 15.8ms
[3.983s][debug][gc,phases         ] GC(73)     Ext Root Scanning (ms):        Min:  0.0, Avg:  0.0, Max:  0.0, Diff:  0.0, Sum:  0.1, Workers: 4
[3.983s][debug][gc,phases         ] GC(73)     Scan Heap Roots (ms):          Min:  2.1, Avg:  2.5, Max:  3.1, Diff:  0.9, Sum:  9.9, Workers: 4
[3.983s][debug][gc,phases         ] GC(73)       Scanned Cards:                 Min: 1514, Avg: 1531.5, Max: 1540, Diff: 26, Sum: 6126, Workers: 4
[3.983s][debug][gc,phases         ] GC(73)       Scanned Blocks:                Min: 6, Avg:  6.5, Max: 8, Diff: 2, Sum: 26, Workers: 4
[3.983s][debug][gc,phases         ] GC(73)       Claimed Chunks:                Min: 6, Avg:  6.5, Max: 8, Diff: 2, Sum: 26, Workers: 4
[3.983s][debug][gc,phases         ] GC(73)     Code Root Scan (ms):           Min:  0.0, Avg:  0.0, Max:  0.0, Diff:  0.0, Sum:  0.0, Workers: 4
[3.983s][debug][gc,phases         ] GC(73)     Object Copy (ms):              Min: 12.7, Avg: 13.3, Max: 13.7, Diff:  0.9, Sum: 53.3, Workers: 4
[3.983s][debug][gc,phases         ] GC(73)     Termination (ms):              Min:  0.0, Avg:  0.0, Max:  0.0, Diff:  0.0, Sum:  0.0, Workers: 4
[3.983s][debug][gc,phases         ] GC(73)       Termination Attempts:          Min: 1, Avg:  1.0, Max: 1, Diff: 0, Sum: 4, Workers: 4
[3.983s][debug][gc,phases         ] GC(73)     GC Worker Other (ms):          Min:  0.0, Avg:  0.0, Max:  0.0, Diff:  0.0, Sum:  0.0, Workers: 4
[3.983s][debug][gc,phases         ] GC(73)     GC Worker Total (ms):          Min: 15.8, Avg: 15.8, Max: 15.8, Diff:  0.0, Sum: 63.3, Workers: 4
[3.983s][info ][gc,phases         ] GC(73)   Post Evacuate Collection Set: 0.5ms
[3.983s][debug][gc,phases         ] GC(73)     Code Roots Fixup: 0.0ms
[3.983s][debug][gc,phases         ] GC(73)     Reference Processing: 0.3ms
[3.983s][debug][gc,phases,ref     ] GC(73)       Reconsider SoftReferences: 0.1ms
[3.983s][debug][gc,phases,ref     ] GC(73)         SoftRef (ms):                  skipped
[3.983s][debug][gc,phases,ref     ] GC(73)       Notify Soft/WeakReferences: 0.0ms
[3.983s][debug][gc,phases,ref     ] GC(73)         SoftRef (ms):                  skipped
[3.983s][debug][gc,phases,ref     ] GC(73)         WeakRef (ms):                  skipped
[3.983s][debug][gc,phases,ref     ] GC(73)         FinalRef (ms):                 skipped
[3.983s][debug][gc,phases,ref     ] GC(73)         Total (ms):                    skipped
[3.983s][debug][gc,phases,ref     ] GC(73)       Notify and keep alive finalizable: 0.0ms
[3.983s][debug][gc,phases,ref     ] GC(73)         FinalRef (ms):                 skipped
[3.983s][debug][gc,phases,ref     ] GC(73)       Notify PhantomReferences: 0.1ms
[3.983s][debug][gc,phases,ref     ] GC(73)         PhantomRef (ms):               skipped
[3.983s][debug][gc,phases,ref     ] GC(73)       SoftReference:
[3.983s][debug][gc,phases,ref     ] GC(73)         Discovered: 0
[3.983s][debug][gc,phases,ref     ] GC(73)         Cleared: 0
[3.983s][debug][gc,phases,ref     ] GC(73)       WeakReference:
[3.983s][debug][gc,phases,ref     ] GC(73)         Discovered: 0
[3.983s][debug][gc,phases,ref     ] GC(73)         Cleared: 0
[3.983s][debug][gc,phases,ref     ] GC(73)       FinalReference:
[3.983s][debug][gc,phases,ref     ] GC(73)         Discovered: 0
[3.983s][debug][gc,phases,ref     ] GC(73)         Cleared: 0
[3.984s][debug][gc,phases,ref     ] GC(73)       PhantomReference:
[3.984s][debug][gc,phases,ref     ] GC(73)         Discovered: 0
[3.984s][debug][gc,phases,ref     ] GC(73)         Cleared: 0
[3.984s][debug][gc,phases         ] GC(73)     Weak Processing: 0.0ms
[3.984s][debug][gc,phases         ] GC(73)       VM Weak                        Min:  0.0, Avg:  0.0, Max:  0.0, Diff:  0.0, Sum:  0.0, Workers: 3
[3.984s][debug][gc,phases         ] GC(73)         Dead                           Min: 0, Avg:  0.0, Max: 0, Diff: 0, Sum: 0, Workers: 3
[3.984s][debug][gc,phases         ] GC(73)         Total                          Min: 0, Avg:  2.7, Max: 8, Diff: 8, Sum: 8, Workers: 3
[3.984s][debug][gc,phases         ] GC(73)       ObjectSynchronizer Weak        Min:  0.0, Avg:  0.0, Max:  0.0, Diff:  0.0, Sum:  0.0, Workers: 3
[3.984s][debug][gc,phases         ] GC(73)         Dead                           Min: 0, Avg:  0.0, Max: 0, Diff: 0, Sum: 0, Workers: 3
[3.984s][debug][gc,phases         ] GC(73)         Total                          Min: 0, Avg:  1.0, Max: 3, Diff: 3, Sum: 3, Workers: 3
[3.984s][debug][gc,phases         ] GC(73)       JVMTI Tag Weak OopStorage      Min:  0.0, Avg:  0.0, Max:  0.0, Diff:  0.0, Sum:  0.0, Workers: 3
[3.984s][debug][gc,phases         ] GC(73)         Dead                           Min: 0, Avg:  0.0, Max: 0, Diff: 0, Sum: 0, Workers: 3
[3.984s][debug][gc,phases         ] GC(73)         Total                          Min: 0, Avg:  0.0, Max: 0, Diff: 0, Sum: 0, Workers: 3
[3.984s][debug][gc,phases         ] GC(73)       StringTable Weak               Min:  0.0, Avg:  0.0, Max:  0.0, Diff:  0.0, Sum:  0.0, Workers: 3
[3.984s][debug][gc,phases         ] GC(73)         Dead                           Min: 0, Avg:  0.0, Max: 0, Diff: 0, Sum: 0, Workers: 3
[3.984s][debug][gc,phases         ] GC(73)         Total                          Min: 768, Avg: 819.0, Max: 921, Diff: 153, Sum: 2457, Workers: 3
[3.984s][debug][gc,phases         ] GC(73)       ResolvedMethodTable Weak       Min:  0.0, Avg:  0.0, Max:  0.0, Diff:  0.0, Sum:  0.0, Workers: 3
[3.984s][debug][gc,phases         ] GC(73)         Dead                           Min: 0, Avg:  0.0, Max: 0, Diff: 0, Sum: 0, Workers: 3
[3.984s][debug][gc,phases         ] GC(73)         Total                          Min: 9, Avg: 45.7, Max: 64, Diff: 55, Sum: 137, Workers: 3
[3.984s][debug][gc,phases         ] GC(73)       JNI Weak                       Min:  0.0, Avg:  0.0, Max:  0.0, Diff:  0.0, Sum:  0.0, Workers: 3
[3.984s][debug][gc,phases         ] GC(73)         Dead                           Min: 0, Avg:  0.0, Max: 0, Diff: 0, Sum: 0, Workers: 3
[3.984s][debug][gc,phases         ] GC(73)         Total                          Min: 0, Avg:  0.0, Max: 0, Diff: 0, Sum: 0, Workers: 3
[3.984s][debug][gc,phases         ] GC(73)       StringDedup Table Weak         Min:  0.0, Avg:  0.0, Max:  0.0, Diff:  0.0, Sum:  0.0, Workers: 3
[3.984s][debug][gc,phases         ] GC(73)         Dead                           Min: 0, Avg:  0.0, Max: 0, Diff: 0, Sum: 0, Workers: 3
[3.984s][debug][gc,phases         ] GC(73)         Total                          Min: 0, Avg:  0.0, Max: 0, Diff: 0, Sum: 0, Workers: 3
[3.984s][debug][gc,phases         ] GC(73)       StringDedup Requests0 Weak     Min:  0.0, Avg:  0.0, Max:  0.0, Diff:  0.0, Sum:  0.0, Workers: 3
[3.984s][debug][gc,phases         ] GC(73)         Dead                           Min: 0, Avg:  0.0, Max: 0, Diff: 0, Sum: 0, Workers: 3
[3.984s][debug][gc,phases         ] GC(73)         Total                          Min: 0, Avg:  0.0, Max: 0, Diff: 0, Sum: 0, Workers: 3
[3.984s][debug][gc,phases         ] GC(73)       StringDedup Requests1 Weak     Min:  0.0, Avg:  0.0, Max:  0.0, Diff:  0.0, Sum:  0.0, Workers: 3
[3.984s][debug][gc,phases         ] GC(73)         Dead                           Min: 0, Avg:  0.0, Max: 0, Diff: 0, Sum: 0, Workers: 3
[3.984s][debug][gc,phases         ] GC(73)         Total                          Min: 0, Avg:  0.0, Max: 0, Diff: 0, Sum: 0, Workers: 3
[3.984s][debug][gc,phases         ] GC(73)       Weak JFR Old Object Samples    Min:  0.0, Avg:  0.0, Max:  0.0, Diff:  0.0, Sum:  0.0, Workers: 3
[3.984s][debug][gc,phases         ] GC(73)         Dead                           Min: 0, Avg:  0.0, Max: 0, Diff: 0, Sum: 0, Workers: 3
[3.984s][debug][gc,phases         ] GC(73)         Total                          Min: 0, Avg:  0.0, Max: 0, Diff: 0, Sum: 0, Workers: 3
[3.984s][debug][gc,phases         ] GC(73)     Post Evacuate Cleanup 1: 0.1ms
[3.984s][debug][gc,phases         ] GC(73)       Merge Per-Thread State (ms):   Min:  0.0, Avg:  0.0, Max:  0.0, Diff:  0.0, Sum:  0.0, Workers: 1
[3.984s][debug][gc,phases         ] GC(73)         Copied Bytes                   Min: 2952688, Avg: 3134044.0, Max: 3298544, Diff: 345856, Sum: 12536176, Workers: 4
[3.984s][debug][gc,phases         ] GC(73)         LAB Waste                      Min: 144, Avg: 232.0, Max: 264, Diff: 120, Sum: 928, Workers: 4
[3.984s][debug][gc,phases         ] GC(73)         LAB Undo Waste                 Min: 0, Avg:  0.0, Max: 0, Diff: 0, Sum: 0, Workers: 4
[3.984s][debug][gc,phases         ] GC(73)       Clear Logged Cards (ms):       Min:  0.0, Avg:  0.0, Max:  0.0, Diff:  0.0, Sum:  0.0, Workers: 3
[3.985s][debug][gc,phases         ] GC(73)       Recalculate Used Memory (ms):  Min:  0.0, Avg:  0.0, Max:  0.0, Diff:  0.0, Sum:  0.0, Workers: 1
[3.985s][debug][gc,phases         ] GC(73)     Post Evacuate Cleanup 2: 0.0ms
[3.985s][debug][gc,phases         ] GC(73)       Reset Hot Card Cache (ms):     Min:  0.0, Avg:  0.0, Max:  0.0, Diff:  0.0, Sum:  0.0, Workers: 1
[3.985s][debug][gc,phases         ] GC(73)       Purge Code Roots (ms):         Min:  0.0, Avg:  0.0, Max:  0.0, Diff:  0.0, Sum:  0.0, Workers: 1
[3.985s][debug][gc,phases         ] GC(73)       Update Derived Pointers (ms):  Min:  0.0, Avg:  0.0, Max:  0.0, Diff:  0.0, Sum:  0.0, Workers: 1
[3.985s][debug][gc,phases         ] GC(73)       Eagerly Reclaim Humongous Objects (ms): Min:  0.0, Avg:  0.0, Max:  0.0, Diff:  0.0, Sum:  0.0, Workers: 1
[3.985s][debug][gc,phases         ] GC(73)         Humongous Total                Min: 1, Avg:  1.0, Max: 1, Diff: 0, Sum: 1, Workers: 1
[3.985s][debug][gc,phases         ] GC(73)         Humongous Candidates           Min: 0, Avg:  0.0, Max: 0, Diff: 0, Sum: 0, Workers: 1
[3.985s][debug][gc,phases         ] GC(73)         Humongous Reclaimed            Min: 0, Avg:  0.0, Max: 0, Diff: 0, Sum: 0, Workers: 1
[3.985s][debug][gc,phases         ] GC(73)       Redirty Logged Cards (ms):     Min:  0.0, Avg:  0.0, Max:  0.0, Diff:  0.0, Sum:  0.0, Workers: 4
[3.985s][debug][gc,phases         ] GC(73)         Redirtied Cards:               Min: 0, Avg: 256.8, Max: 886, Diff: 886, Sum: 1027, Workers: 4
[3.985s][debug][gc,phases         ] GC(73)       Free Collection Set (ms):      Min:  0.0, Avg:  0.0, Max:  0.0, Diff:  0.0, Sum:  0.0, Workers: 4
[3.985s][debug][gc,phases         ] GC(73)     Rebuild Free List: 0.1ms
[3.985s][debug][gc,phases         ] GC(73)     Start New Collection Set: 0.0ms
[3.985s][debug][gc,phases         ] GC(73)     Resize TLABs: 0.0ms
[3.985s][debug][gc,phases         ] GC(73)     Expand Heap After Collection: 0.0ms
[3.985s][info ][gc,phases         ] GC(73)   Other: 0.8ms
[3.985s][info ][gc,heap           ] GC(73) Eden regions: 10->0(10)
[3.985s][info ][gc,heap           ] GC(73) Survivor regions: 2->2(2)
[3.985s][info ][gc,heap           ] GC(73) Old regions: 172->182
[3.985s][info ][gc,heap           ] GC(73) Archive regions: 0->0
[3.985s][info ][gc,heap           ] GC(73) Humongous regions: 36->36
[3.985s][info ][gc,metaspace      ] GC(73) Metaspace: 471K(640K)->471K(640K) NonClass: 438K(512K)->438K(512K) Class: 33K(128K)->33K(128K)
[3.985s][debug][gc,heap           ] GC(73) Heap after GC invocations=69 (full 3):
[3.985s][debug][gc,heap           ] GC(73)  garbage-first heap   total 262144K, used 225279K [0x00000000f0000000, 0x0000000100000000)
[3.985s][debug][gc,heap           ] GC(73)   region size 1024K, 2 young (2048K), 2 survivors (2048K)
[3.985s][debug][gc,heap           ] GC(73)  Metaspace       used 471K, committed 640K, reserved 1056768K
[3.985s][debug][gc,heap           ] GC(73)   class space    used 33K, committed 128K, reserved 1048576K
[3.985s][info ][gc                ] GC(73) Pause Young (Normal) (G1 Evacuation Pause) 219M->219M(256M) 20.259ms
[3.985s][info ][gc,cpu            ] GC(73) User=0.06s Sys=0.00s Real=0.02s
[3.985s][debug][gc,task           ] G1 Service Thread (Remembered Set Sampling Task) (run) 3.929ms (cpu: 0.000ms)
[4.000s][debug][gc,heap           ] GC(74) Heap before GC invocations=69 (full 3):
[4.000s][debug][gc,heap           ] GC(74)  garbage-first heap   total 262144K, used 235519K [0x00000000f0000000, 0x0000000100000000)
[4.000s][debug][gc,heap           ] GC(74)   region size 1024K, 12 young (12288K), 2 survivors (2048K)
[4.000s][debug][gc,heap           ] GC(74)  Metaspace       used 471K, committed 640K, reserved 1056768K
[4.000s][debug][gc,heap           ] GC(74)   class space    used 33K, committed 128K, reserved 1048576K
[4.000s][info ][gc,start          ] GC(74) Pause Young (Normal) (G1 Evacuation Pause)
[4.000s][info ][gc,task           ] GC(74) Using 4 workers of 4 for evacuation
[4.000s][debug][gc,tlab           ] GC(74) TLAB totals: thrds: 1  refills: 60 max: 60 slow allocs: 0 max 0 waste:  0.3% gc: 0B max: 0B slow: 34560B max: 34560B
[4.000s][debug][gc,age            ] GC(74) Desired survivor size 1048576 bytes, new threshold 1 (max threshold 15)
[4.000s][debug][gc,refine,stats   ] GC(74) Mutator refinement: 0.00ms, refined: 0, precleaned: 0, dirtied: 5097
[4.000s][debug][gc,refine,stats   ] GC(74) Concurrent refinement: 0.00ms, refined: 0, precleaned: 0, dirtied: 0
[4.000s][debug][gc,refine,stats   ] GC(74) Total refinement: 0.00ms, refined: 0, precleaned: 0, dirtied: 5097
[4.000s][debug][gc,refine,stats   ] GC(74) Generate dirty cards rate: 277.16 cards/ms
[4.000s][debug][gc,alloc,region   ] GC(74) Mutator Allocation stats, regions: 10, wasted size: 15680B ( 0.1%)
[4.000s][debug][gc,humongous      ] GC(74) Humongous region 173 (object size 36920416 @ 0x00000000fad00000) remset 0 code roots 0 marked 1 reclaim candidate 0 type array 0
[4.000s][debug][gc,ergo           ] GC(74) Running G1 Merge Heap Roots using 4 workers for 12 regions
[4.000s][debug][gc,remset         ] GC(74) Visited cards 6912 Total dirty 12288 (56.25%) Total old 495616 (1.39%)
[4.016s][debug][gc,ref            ] GC(74) Skipped phase 1 of Reference Processing: no references
[4.016s][debug][gc,ref            ] GC(74) Skipped phase 2 of Reference Processing: no references
[4.016s][debug][gc,ref            ] GC(74) Skipped phase 3 of Reference Processing: no references
[4.016s][debug][gc,ref            ] GC(74) Skipped phase 4 of Reference Processing: no references
[4.016s][debug][gc,ergo           ] GC(74) Running G1 Rebuild Free List Task using 4 workers for rebuilding free list of regions
[4.016s][debug][gc,plab           ] GC(74) Young PLAB allocation: allocated: 2097152B, wasted: 320B, unused: 0B, used: 2096832B, undo waste: 0B, 
[4.016s][debug][gc,plab           ] GC(74) Young other allocation: region end waste: 0B, regions filled: 2, direct allocated: 0B, failure used: 0B, failure wasted: 0B
[4.016s][debug][gc,plab           ] GC(74) Young sizing: calculated: 419360B, actual: 420424B
[4.016s][debug][gc,plab           ] GC(74) Old PLAB allocation: allocated: 11534336B, wasted: 616B, unused: 1098360B, used: 10435360B, undo waste: 0B, 
[4.016s][debug][gc,plab           ] GC(74) Old other allocation: region end waste: 0B, regions filled: 11, direct allocated: 0B, failure used: 0B, failure wasted: 0B
[4.016s][debug][gc,plab           ] GC(74) Old sizing: calculated: 2087072B, actual: 2056528B
[4.016s][debug][gc,ergo,heap      ] GC(74) Heap expansion: short term pause time ratio 41.13% long term pause time ratio 35.19% threshold 7.69% pause time ratio 7.69% fully expanded true resize by 0B
[4.016s][debug][gc,mmu            ] GC(74) MMU: 65.7ms (200.0ms/201.0ms)
[4.016s][debug][gc,alloc,stats    ] Old generation allocation in the last mutator period, old gen allocated: 11534336B, humongous allocated: 0B,old gen growth: 11534336B.
[4.017s][debug][gc,ihop           ] GC(74) Basic information (value update), threshold: 120795955B (45.00), target occupancy: 268435456B, current occupancy: 242221040B, recent allocation size: 11534336B, recent allocation duration: 18.39ms, recent old gen allocation rate: 627193318.25B/s, recent marking phase length: 0.00ms
[4.017s][debug][gc,ihop           ] GC(74) Adaptive IHOP information (value update), threshold: 120795955B (52.94), internal target occupancy: 228170137B, occupancy: 242221040B, additional buffer size: 12582912B, predicted old gen allocation rate: 541171764.59B/s, predicted marking phase length: 0.00ms, prediction active: false
[4.017s][debug][gc,ergo,refine    ] GC(74) Concurrent refinement times: Logged Cards Scan time goal: 20.00ms Logged Cards Scan time: 2.38ms HCC time: 0.00ms
[4.017s][debug][gc,ergo,refine    ] GC(74) Updated Refinement Zones: green: 19570, yellow: 58710, red: 97850
[4.017s][info ][gc,phases         ] GC(74)   Pre Evacuate Collection Set: 0.1ms
[4.017s][debug][gc,phases         ] GC(74)     Prepare TLABs: 0.0ms
[4.017s][debug][gc,phases         ] GC(74)     Concatenate Dirty Card Logs: 0.0ms
[4.017s][debug][gc,phases         ] GC(74)     Choose Collection Set: 0.0ms
[4.017s][debug][gc,phases         ] GC(74)     Region Register: 0.1ms
[4.017s][debug][gc,phases         ] GC(74)     Prepare Heap Roots: 0.0ms
[4.017s][info ][gc,phases         ] GC(74)   Merge Heap Roots: 0.1ms
[4.017s][debug][gc,phases         ] GC(74)     Prepare Merge Heap Roots: 0.0ms
[4.017s][debug][gc,phases         ] GC(74)     Eager Reclaim (ms):            skipped
[4.017s][debug][gc,phases         ] GC(74)     Remembered Sets (ms):          Min:  0.0, Avg:  0.0, Max:  0.0, Diff:  0.0, Sum:  0.0, Workers: 4
[4.017s][debug][gc,phases         ] GC(74)       Merged Sparse:                 Min: 0, Avg:  0.0, Max: 0, Diff: 0, Sum: 0, Workers: 4
[4.017s][debug][gc,phases         ] GC(74)       Merged Fine:                   Min: 0, Avg:  0.0, Max: 0, Diff: 0, Sum: 0, Workers: 4
[4.017s][debug][gc,phases         ] GC(74)       Merged Coarse:                 Min: 0, Avg:  0.0, Max: 0, Diff: 0, Sum: 0, Workers: 4
[4.017s][debug][gc,phases         ] GC(74)       Dirty Cards:                   Min: 0, Avg:  0.0, Max: 0, Diff: 0, Sum: 0, Workers: 4
[4.017s][debug][gc,phases         ] GC(74)     Hot Card Cache (ms):           Min:  0.0, Avg:  0.0, Max:  0.0, Diff:  0.0, Sum:  0.0, Workers: 4
[4.017s][debug][gc,phases         ] GC(74)       Dirty Cards:                   Min: 0, Avg:  0.0, Max: 0, Diff: 0, Sum: 0, Workers: 4
[4.017s][debug][gc,phases         ] GC(74)       Skipped Cards:                 Min: 0, Avg:  0.0, Max: 0, Diff: 0, Sum: 0, Workers: 4
[4.017s][debug][gc,phases         ] GC(74)     Log Buffers (ms):              Min:  0.0, Avg:  0.0, Max:  0.0, Diff:  0.0, Sum:  0.1, Workers: 4
[4.017s][debug][gc,phases         ] GC(74)       Dirty Cards:                   Min: 1390, Avg: 1523.0, Max: 1761, Diff: 371, Sum: 6092, Workers: 4
[4.017s][debug][gc,phases         ] GC(74)       Skipped Cards:                 Min: 0, Avg:  0.0, Max: 0, Diff: 0, Sum: 0, Workers: 4
[4.017s][info ][gc,phases         ] GC(74)   Evacuate Collection Set: 15.3ms
[4.017s][debug][gc,phases         ] GC(74)     Ext Root Scanning (ms):        Min:  0.0, Avg:  0.0, Max:  0.0, Diff:  0.0, Sum:  0.1, Workers: 4
[4.017s][debug][gc,phases         ] GC(74)     Scan Heap Roots (ms):          Min:  2.1, Avg:  2.4, Max:  3.0, Diff:  0.9, Sum:  9.5, Workers: 4
[4.017s][debug][gc,phases         ] GC(74)       Scanned Cards:                 Min: 1513, Avg: 1531.0, Max: 1544, Diff: 31, Sum: 6124, Workers: 4
[4.017s][debug][gc,phases         ] GC(74)       Scanned Blocks:                Min: 6, Avg:  6.8, Max: 8, Diff: 2, Sum: 27, Workers: 4
[4.017s][debug][gc,phases         ] GC(74)       Claimed Chunks:                Min: 6, Avg:  6.8, Max: 8, Diff: 2, Sum: 27, Workers: 4
[4.017s][debug][gc,phases         ] GC(74)     Code Root Scan (ms):           Min:  0.0, Avg:  0.0, Max:  0.0, Diff:  0.0, Sum:  0.0, Workers: 4
[4.017s][debug][gc,phases         ] GC(74)     Object Copy (ms):              Min: 12.3, Avg: 12.9, Max: 13.1, Diff:  0.9, Sum: 51.6, Workers: 4
[4.017s][debug][gc,phases         ] GC(74)     Termination (ms):              Min:  0.0, Avg:  0.0, Max:  0.0, Diff:  0.0, Sum:  0.0, Workers: 4
[4.018s][debug][gc,phases         ] GC(74)       Termination Attempts:          Min: 1, Avg:  9.5, Max: 20, Diff: 19, Sum: 38, Workers: 4
[4.018s][debug][gc,phases         ] GC(74)     GC Worker Other (ms):          Min:  0.0, Avg:  0.0, Max:  0.0, Diff:  0.0, Sum:  0.0, Workers: 4
[4.018s][debug][gc,phases         ] GC(74)     GC Worker Total (ms):          Min: 15.3, Avg: 15.3, Max: 15.3, Diff:  0.0, Sum: 61.2, Workers: 4
[4.018s][info ][gc,phases         ] GC(74)   Post Evacuate Collection Set: 0.4ms
[4.018s][debug][gc,phases         ] GC(74)     Code Roots Fixup: 0.0ms
[4.018s][debug][gc,phases         ] GC(74)     Reference Processing: 0.2ms
[4.018s][debug][gc,phases,ref     ] GC(74)       Reconsider SoftReferences: 0.1ms
[4.018s][debug][gc,phases,ref     ] GC(74)         SoftRef (ms):                  skipped
[4.018s][debug][gc,phases,ref     ] GC(74)       Notify Soft/WeakReferences: 0.0ms
[4.018s][debug][gc,phases,ref     ] GC(74)         SoftRef (ms):                  skipped
[4.018s][debug][gc,phases,ref     ] GC(74)         WeakRef (ms):                  skipped
[4.018s][debug][gc,phases,ref     ] GC(74)         FinalRef (ms):                 skipped
[4.018s][debug][gc,phases,ref     ] GC(74)         Total (ms):                    skipped
[4.018s][debug][gc,phases,ref     ] GC(74)       Notify and keep alive finalizable: 0.0ms
[4.018s][debug][gc,phases,ref     ] GC(74)         FinalRef (ms):                 skipped
[4.018s][debug][gc,phases,ref     ] GC(74)       Notify PhantomReferences: 0.0ms
[4.018s][debug][gc,phases,ref     ] GC(74)         PhantomRef (ms):               skipped
[4.018s][debug][gc,phases,ref     ] GC(74)       SoftReference:
[4.018s][debug][gc,phases,ref     ] GC(74)         Discovered: 0
[4.018s][debug][gc,phases,ref     ] GC(74)         Cleared: 0
[4.018s][debug][gc,phases,ref     ] GC(74)       WeakReference:
[4.018s][debug][gc,phases,ref     ] GC(74)         Discovered: 0
[4.018s][debug][gc,phases,ref     ] GC(74)         Cleared: 0
[4.018s][debug][gc,phases,ref     ] GC(74)       FinalReference:
[4.018s][debug][gc,phases,ref     ] GC(74)         Discovered: 0
[4.018s][debug][gc,phases,ref     ] GC(74)         Cleared: 0
[4.018s][debug][gc,phases,ref     ] GC(74)       PhantomReference:
[4.018s][debug][gc,phases,ref     ] GC(74)         Discovered: 0
[4.018s][debug][gc,phases,ref     ] GC(74)         Cleared: 0
[4.018s][debug][gc,phases         ] GC(74)     Weak Processing: 0.0ms
[4.018s][debug][gc,phases         ] GC(74)       VM Weak                        Min:  0.0, Avg:  0.0, Max:  0.0, Diff:  0.0, Sum:  0.0, Workers: 3
[4.018s][debug][gc,phases         ] GC(74)         Dead                           Min: 0, Avg:  0.0, Max: 0, Diff: 0, Sum: 0, Workers: 3
[4.018s][debug][gc,phases         ] GC(74)         Total                          Min: 0, Avg:  2.7, Max: 8, Diff: 8, Sum: 8, Workers: 3
[4.018s][debug][gc,phases         ] GC(74)       ObjectSynchronizer Weak        Min:  0.0, Avg:  0.0, Max:  0.0, Diff:  0.0, Sum:  0.0, Workers: 3
[4.018s][debug][gc,phases         ] GC(74)         Dead                           Min: 0, Avg:  0.0, Max: 0, Diff: 0, Sum: 0, Workers: 3
[4.018s][debug][gc,phases         ] GC(74)         Total                          Min: 0, Avg:  1.0, Max: 3, Diff: 3, Sum: 3, Workers: 3
[4.018s][debug][gc,phases         ] GC(74)       JVMTI Tag Weak OopStorage      Min:  0.0, Avg:  0.0, Max:  0.0, Diff:  0.0, Sum:  0.0, Workers: 3
[4.018s][debug][gc,phases         ] GC(74)         Dead                           Min: 0, Avg:  0.0, Max: 0, Diff: 0, Sum: 0, Workers: 3
[4.018s][debug][gc,phases         ] GC(74)         Total                          Min: 0, Avg:  0.0, Max: 0, Diff: 0, Sum: 0, Workers: 3
[4.018s][debug][gc,phases         ] GC(74)       StringTable Weak               Min:  0.0, Avg:  0.0, Max:  0.0, Diff:  0.0, Sum:  0.0, Workers: 3
[4.018s][debug][gc,phases         ] GC(74)         Dead                           Min: 0, Avg:  0.0, Max: 0, Diff: 0, Sum: 0, Workers: 3
[4.018s][debug][gc,phases         ] GC(74)         Total                          Min: 640, Avg: 819.0, Max: 921, Diff: 281, Sum: 2457, Workers: 3
[4.019s][debug][gc,phases         ] GC(74)       ResolvedMethodTable Weak       Min:  0.0, Avg:  0.0, Max:  0.0, Diff:  0.0, Sum:  0.0, Workers: 3
[4.019s][debug][gc,phases         ] GC(74)         Dead                           Min: 0, Avg:  0.0, Max: 0, Diff: 0, Sum: 0, Workers: 3
[4.019s][debug][gc,phases         ] GC(74)         Total                          Min: 9, Avg: 45.7, Max: 64, Diff: 55, Sum: 137, Workers: 3
[4.019s][debug][gc,phases         ] GC(74)       JNI Weak                       Min:  0.0, Avg:  0.0, Max:  0.0, Diff:  0.0, Sum:  0.0, Workers: 3
[4.019s][debug][gc,phases         ] GC(74)         Dead                           Min: 0, Avg:  0.0, Max: 0, Diff: 0, Sum: 0, Workers: 3
[4.019s][debug][gc,phases         ] GC(74)         Total                          Min: 0, Avg:  0.0, Max: 0, Diff: 0, Sum: 0, Workers: 3
[4.019s][debug][gc,phases         ] GC(74)       StringDedup Table Weak         Min:  0.0, Avg:  0.0, Max:  0.0, Diff:  0.0, Sum:  0.0, Workers: 3
[4.019s][debug][gc,phases         ] GC(74)         Dead                           Min: 0, Avg:  0.0, Max: 0, Diff: 0, Sum: 0, Workers: 3
[4.019s][debug][gc,phases         ] GC(74)         Total                          Min: 0, Avg:  0.0, Max: 0, Diff: 0, Sum: 0, Workers: 3
[4.019s][debug][gc,phases         ] GC(74)       StringDedup Requests0 Weak     Min:  0.0, Avg:  0.0, Max:  0.0, Diff:  0.0, Sum:  0.0, Workers: 3
[4.019s][debug][gc,phases         ] GC(74)         Dead                           Min: 0, Avg:  0.0, Max: 0, Diff: 0, Sum: 0, Workers: 3
[4.019s][debug][gc,phases         ] GC(74)         Total                          Min: 0, Avg:  0.0, Max: 0, Diff: 0, Sum: 0, Workers: 3
[4.019s][debug][gc,phases         ] GC(74)       StringDedup Requests1 Weak     Min:  0.0, Avg:  0.0, Max:  0.0, Diff:  0.0, Sum:  0.0, Workers: 3
[4.019s][debug][gc,phases         ] GC(74)         Dead                           Min: 0, Avg:  0.0, Max: 0, Diff: 0, Sum: 0, Workers: 3
[4.019s][debug][gc,phases         ] GC(74)         Total                          Min: 0, Avg:  0.0, Max: 0, Diff: 0, Sum: 0, Workers: 3
[4.019s][debug][gc,phases         ] GC(74)       Weak JFR Old Object Samples    Min:  0.0, Avg:  0.0, Max:  0.0, Diff:  0.0, Sum:  0.0, Workers: 3
[4.019s][debug][gc,phases         ] GC(74)         Dead                           Min: 0, Avg:  0.0, Max: 0, Diff: 0, Sum: 0, Workers: 3
[4.019s][debug][gc,phases         ] GC(74)         Total                          Min: 0, Avg:  0.0, Max: 0, Diff: 0, Sum: 0, Workers: 3
[4.019s][debug][gc,phases         ] GC(74)     Post Evacuate Cleanup 1: 0.1ms
[4.019s][debug][gc,phases         ] GC(74)       Merge Per-Thread State (ms):   Min:  0.0, Avg:  0.0, Max:  0.0, Diff:  0.0, Sum:  0.0, Workers: 1
[4.019s][debug][gc,phases         ] GC(74)         Copied Bytes                   Min: 2925104, Avg: 3133048.0, Max: 3238560, Diff: 313456, Sum: 12532192, Workers: 4
[4.019s][debug][gc,phases         ] GC(74)         LAB Waste                      Min: 192, Avg: 234.0, Max: 272, Diff: 80, Sum: 936, Workers: 4
[4.019s][debug][gc,phases         ] GC(74)         LAB Undo Waste                 Min: 0, Avg:  0.0, Max: 0, Diff: 0, Sum: 0, Workers: 4
[4.019s][debug][gc,phases         ] GC(74)       Clear Logged Cards (ms):       Min:  0.0, Avg:  0.0, Max:  0.0, Diff:  0.0, Sum:  0.0, Workers: 3
[4.019s][debug][gc,phases         ] GC(74)       Recalculate Used Memory (ms):  Min:  0.0, Avg:  0.0, Max:  0.0, Diff:  0.0, Sum:  0.0, Workers: 1
[4.019s][debug][gc,phases         ] GC(74)     Post Evacuate Cleanup 2: 0.1ms
[4.019s][debug][gc,phases         ] GC(74)       Reset Hot Card Cache (ms):     Min:  0.0, Avg:  0.0, Max:  0.0, Diff:  0.0, Sum:  0.0, Workers: 1
[4.019s][debug][gc,phases         ] GC(74)       Purge Code Roots (ms):         Min:  0.0, Avg:  0.0, Max:  0.0, Diff:  0.0, Sum:  0.0, Workers: 1
[4.019s][debug][gc,phases         ] GC(74)       Update Derived Pointers (ms):  Min:  0.0, Avg:  0.0, Max:  0.0, Diff:  0.0, Sum:  0.0, Workers: 1
[4.019s][debug][gc,phases         ] GC(74)       Eagerly Reclaim Humongous Objects (ms): Min:  0.0, Avg:  0.0, Max:  0.0, Diff:  0.0, Sum:  0.0, Workers: 1
[4.019s][debug][gc,phases         ] GC(74)         Humongous Total                Min: 1, Avg:  1.0, Max: 1, Diff: 0, Sum: 1, Workers: 1
[4.019s][debug][gc,phases         ] GC(74)         Humongous Candidates           Min: 0, Avg:  0.0, Max: 0, Diff: 0, Sum: 0, Workers: 1
[4.019s][debug][gc,phases         ] GC(74)         Humongous Reclaimed            Min: 0, Avg:  0.0, Max: 0, Diff: 0, Sum: 0, Workers: 1
[4.019s][debug][gc,phases         ] GC(74)       Redirty Logged Cards (ms):     Min:  0.0, Avg:  0.0, Max:  0.0, Diff:  0.0, Sum:  0.0, Workers: 4
[4.019s][debug][gc,phases         ] GC(74)         Redirtied Cards:               Min: 0, Avg: 256.5, Max: 717, Diff: 717, Sum: 1026, Workers: 4
[4.019s][debug][gc,phases         ] GC(74)       Free Collection Set (ms):      Min:  0.0, Avg:  0.0, Max:  0.0, Diff:  0.0, Sum:  0.0, Workers: 4
[4.019s][debug][gc,phases         ] GC(74)     Rebuild Free List: 0.1ms
[4.019s][debug][gc,phases         ] GC(74)     Start New Collection Set: 0.0ms
[4.019s][debug][gc,phases         ] GC(74)     Resize TLABs: 0.0ms
[4.019s][debug][gc,phases         ] GC(74)     Expand Heap After Collection: 0.0ms
[4.019s][info ][gc,phases         ] GC(74)   Other: 0.8ms
[4.019s][info ][gc,heap           ] GC(74) Eden regions: 10->0(10)
[4.019s][info ][gc,heap           ] GC(74) Survivor regions: 2->2(2)
[4.019s][info ][gc,heap           ] GC(74) Old regions: 182->193
[4.019s][info ][gc,heap           ] GC(74) Archive regions: 0->0
[4.019s][info ][gc,heap           ] GC(74) Humongous regions: 36->36
[4.019s][info ][gc,metaspace      ] GC(74) Metaspace: 471K(640K)->471K(640K) NonClass: 438K(512K)->438K(512K) Class: 33K(128K)->33K(128K)
[4.019s][debug][gc,heap           ] GC(74) Heap after GC invocations=70 (full 3):
[4.019s][debug][gc,heap           ] GC(74)  garbage-first heap   total 262144K, used 236543K [0x00000000f0000000, 0x0000000100000000)
[4.019s][debug][gc,heap           ] GC(74)   region size 1024K, 2 young (2048K), 2 survivors (2048K)
[4.019s][debug][gc,heap           ] GC(74)  Metaspace       used 471K, committed 640K, reserved 1056768K
[4.019s][debug][gc,heap           ] GC(74)   class space    used 33K, committed 128K, reserved 1048576K
[4.019s][info ][gc                ] GC(74) Pause Young (Normal) (G1 Evacuation Pause) 229M->230M(256M) 19.315ms
[4.019s][info ][gc,cpu            ] GC(74) User=0.06s Sys=0.00s Real=0.02s
[4.034s][debug][gc,ergo,cset      ] Preventive GC, insufficient free regions. Predicted need 15. Curr Eden 10 (Pred 13). Curr Survivor 2 (Pred 3). Curr Old 193 (Pred 0) Free 15 Alloc 1
[4.035s][debug][gc,heap           ] GC(75) Heap before GC invocations=70 (full 3):
[4.035s][debug][gc,heap           ] GC(75)  garbage-first heap   total 262144K, used 245759K [0x00000000f0000000, 0x0000000100000000)
[4.035s][debug][gc,heap           ] GC(75)   region size 1024K, 12 young (12288K), 2 survivors (2048K)
[4.035s][debug][gc,heap           ] GC(75)  Metaspace       used 471K, committed 640K, reserved 1056768K
[4.035s][debug][gc,heap           ] GC(75)   class space    used 33K, committed 128K, reserved 1048576K
[4.035s][info ][gc,start          ] GC(75) Pause Young (Normal) (G1 Preventive Collection)
[4.035s][info ][gc,task           ] GC(75) Using 4 workers of 4 for evacuation
[4.035s][debug][gc,tlab           ] GC(75) TLAB totals: thrds: 1  refills: 60 max: 60 slow allocs: 0 max 0 waste:  0.3% gc: 0B max: 0B slow: 34960B max: 34960B
[4.035s][debug][gc,age            ] GC(75) Desired survivor size 1048576 bytes, new threshold 1 (max threshold 15)
[4.035s][debug][gc,refine,stats   ] GC(75) Mutator refinement: 0.00ms, refined: 0, precleaned: 0, dirtied: 5094
[4.035s][debug][gc,refine,stats   ] GC(75) Concurrent refinement: 0.00ms, refined: 0, precleaned: 0, dirtied: 0
[4.035s][debug][gc,refine,stats   ] GC(75) Total refinement: 0.00ms, refined: 0, precleaned: 0, dirtied: 5094
[4.035s][debug][gc,refine,stats   ] GC(75) Generate dirty cards rate: 276.25 cards/ms
[4.035s][debug][gc,alloc,region   ] GC(75) Mutator Allocation stats, regions: 10, wasted size: 18072B ( 0.2%)
[4.035s][debug][gc,humongous      ] GC(75) Humongous region 173 (object size 36920416 @ 0x00000000fad00000) remset 0 code roots 0 marked 1 reclaim candidate 0 type array 0
[4.035s][debug][gc,ergo           ] GC(75) Running G1 Merge Heap Roots using 4 workers for 12 regions
[4.035s][debug][gc,remset         ] GC(75) Visited cards 7168 Total dirty 12288 (58.33%) Total old 518144 (1.38%)
[4.052s][debug][gc,ref            ] GC(75) Skipped phase 1 of Reference Processing: no references
[4.052s][debug][gc,ref            ] GC(75) Skipped phase 2 of Reference Processing: no references
[4.052s][debug][gc,ref            ] GC(75) Skipped phase 3 of Reference Processing: no references
[4.052s][debug][gc,ref            ] GC(75) Skipped phase 4 of Reference Processing: no references
[4.052s][debug][gc,ergo           ] GC(75) Running G1 Rebuild Free List Task using 4 workers for rebuilding free list of regions
[4.052s][debug][gc,plab           ] GC(75) Young PLAB allocation: allocated: 2097152B, wasted: 320B, unused: 0B, used: 2096832B, undo waste: 0B, 
[4.052s][debug][gc,plab           ] GC(75) Young other allocation: region end waste: 0B, regions filled: 2, direct allocated: 0B, failure used: 0B, failure wasted: 0B
[4.052s][debug][gc,plab           ] GC(75) Young sizing: calculated: 419360B, actual: 419624B
[4.052s][debug][gc,plab           ] GC(75) Old PLAB allocation: allocated: 10999888B, wasted: 432B, unused: 568736B, used: 10430720B, undo waste: 0B, 
[4.052s][debug][gc,plab           ] GC(75) Old other allocation: region end waste: 0B, regions filled: 11, direct allocated: 0B, failure used: 0B, failure wasted: 0B
[4.052s][debug][gc,plab           ] GC(75) Old sizing: calculated: 2086144B, actual: 2078736B
[4.052s][debug][gc,ergo,heap      ] GC(75) Heap expansion: short term pause time ratio 46.88% long term pause time ratio 36.34% threshold 7.69% pause time ratio 7.69% fully expanded true resize by 0B
[4.052s][debug][gc,mmu            ] GC(75) MMU: 75.2ms (200.0ms/201.0ms)
[4.052s][debug][gc,alloc,stats    ] Old generation allocation in the last mutator period, old gen allocated: 10999888B, humongous allocated: 0B,old gen growth: 10999888B.
[4.052s][debug][gc,ihop           ] GC(75) Basic information (value update), threshold: 120795955B (45.00), target occupancy: 268435456B, current occupancy: 253221360B, recent allocation size: 10999888B, recent allocation duration: 18.44ms, recent old gen allocation rate: 596529680.37B/s, recent marking phase length: 0.00ms
[4.052s][debug][gc,ihop           ] GC(75) Adaptive IHOP information (value update), threshold: 120795955B (52.94), internal target occupancy: 228170137B, occupancy: 253221360B, additional buffer size: 12582912B, predicted old gen allocation rate: 548410210.31B/s, predicted marking phase length: 0.00ms, prediction active: false
[4.053s][debug][gc,ergo,refine    ] GC(75) Concurrent refinement times: Logged Cards Scan time goal: 20.00ms Logged Cards Scan time: 2.23ms HCC time: 0.00ms
[4.053s][debug][gc,ergo,refine    ] GC(75) Updated Refinement Zones: green: 19570, yellow: 58710, red: 97850
[4.053s][info ][gc,phases         ] GC(75)   Pre Evacuate Collection Set: 0.1ms
[4.053s][debug][gc,phases         ] GC(75)     Prepare TLABs: 0.1ms
[4.053s][debug][gc,phases         ] GC(75)     Concatenate Dirty Card Logs: 0.0ms
[4.053s][debug][gc,phases         ] GC(75)     Choose Collection Set: 0.0ms
[4.053s][debug][gc,phases         ] GC(75)     Region Register: 0.1ms
[4.053s][debug][gc,phases         ] GC(75)     Prepare Heap Roots: 0.0ms
[4.053s][info ][gc,phases         ] GC(75)   Merge Heap Roots: 0.1ms
[4.053s][debug][gc,phases         ] GC(75)     Prepare Merge Heap Roots: 0.0ms
[4.053s][debug][gc,phases         ] GC(75)     Eager Reclaim (ms):            skipped
[4.053s][debug][gc,phases         ] GC(75)     Remembered Sets (ms):          Min:  0.0, Avg:  0.0, Max:  0.0, Diff:  0.0, Sum:  0.0, Workers: 4
[4.053s][debug][gc,phases         ] GC(75)       Merged Sparse:                 Min: 0, Avg:  0.0, Max: 0, Diff: 0, Sum: 0, Workers: 4
[4.053s][debug][gc,phases         ] GC(75)       Merged Fine:                   Min: 0, Avg:  0.0, Max: 0, Diff: 0, Sum: 0, Workers: 4
[4.053s][debug][gc,phases         ] GC(75)       Merged Coarse:                 Min: 0, Avg:  0.0, Max: 0, Diff: 0, Sum: 0, Workers: 4
[4.053s][debug][gc,phases         ] GC(75)       Dirty Cards:                   Min: 0, Avg:  0.0, Max: 0, Diff: 0, Sum: 0, Workers: 4
[4.053s][debug][gc,phases         ] GC(75)     Hot Card Cache (ms):           Min:  0.0, Avg:  0.0, Max:  0.0, Diff:  0.0, Sum:  0.0, Workers: 4
[4.053s][debug][gc,phases         ] GC(75)       Dirty Cards:                   Min: 0, Avg:  0.0, Max: 0, Diff: 0, Sum: 0, Workers: 4
[4.053s][debug][gc,phases         ] GC(75)       Skipped Cards:                 Min: 0, Avg:  0.0, Max: 0, Diff: 0, Sum: 0, Workers: 4
[4.053s][debug][gc,phases         ] GC(75)     Log Buffers (ms):              Min:  0.0, Avg:  0.0, Max:  0.0, Diff:  0.0, Sum:  0.1, Workers: 4
[4.053s][debug][gc,phases         ] GC(75)       Dirty Cards:                   Min: 1502, Avg: 1522.0, Max: 1530, Diff: 28, Sum: 6088, Workers: 4
[4.053s][debug][gc,phases         ] GC(75)       Skipped Cards:                 Min: 0, Avg:  0.0, Max: 0, Diff: 0, Sum: 0, Workers: 4
[4.053s][info ][gc,phases         ] GC(75)   Evacuate Collection Set: 16.4ms
[4.053s][debug][gc,phases         ] GC(75)     Ext Root Scanning (ms):        Min:  0.0, Avg:  0.0, Max:  0.0, Diff:  0.0, Sum:  0.1, Workers: 4
[4.053s][debug][gc,phases         ] GC(75)     Scan Heap Roots (ms):          Min:  1.9, Avg:  2.2, Max:  2.5, Diff:  0.6, Sum:  8.9, Workers: 4
[4.053s][debug][gc,phases         ] GC(75)       Scanned Cards:                 Min: 1280, Avg: 1530.0, Max: 1777, Diff: 497, Sum: 6120, Workers: 4
[4.053s][debug][gc,phases         ] GC(75)       Scanned Blocks:                Min: 5, Avg:  7.0, Max: 9, Diff: 4, Sum: 28, Workers: 4
[4.053s][debug][gc,phases         ] GC(75)       Claimed Chunks:                Min: 5, Avg:  7.0, Max: 9, Diff: 4, Sum: 28, Workers: 4
[4.053s][debug][gc,phases         ] GC(75)     Code Root Scan (ms):           Min:  0.0, Avg:  0.0, Max:  0.0, Diff:  0.0, Sum:  0.0, Workers: 4
[4.053s][debug][gc,phases         ] GC(75)     Object Copy (ms):              Min: 13.8, Avg: 14.1, Max: 14.4, Diff:  0.6, Sum: 56.5, Workers: 4
[4.053s][debug][gc,phases         ] GC(75)     Termination (ms):              Min:  0.0, Avg:  0.0, Max:  0.1, Diff:  0.0, Sum:  0.2, Workers: 4
[4.053s][debug][gc,phases         ] GC(75)       Termination Attempts:          Min: 1, Avg:  1.3, Max: 2, Diff: 1, Sum: 5, Workers: 4
[4.053s][debug][gc,phases         ] GC(75)     GC Worker Other (ms):          Min:  0.0, Avg:  0.0, Max:  0.0, Diff:  0.0, Sum:  0.0, Workers: 4
[4.053s][debug][gc,phases         ] GC(75)     GC Worker Total (ms):          Min: 16.4, Avg: 16.4, Max: 16.4, Diff:  0.0, Sum: 65.6, Workers: 4
[4.053s][info ][gc,phases         ] GC(75)   Post Evacuate Collection Set: 0.6ms
[4.053s][debug][gc,phases         ] GC(75)     Code Roots Fixup: 0.0ms
[4.053s][debug][gc,phases         ] GC(75)     Reference Processing: 0.3ms
[4.053s][debug][gc,phases,ref     ] GC(75)       Reconsider SoftReferences: 0.1ms
[4.053s][debug][gc,phases,ref     ] GC(75)         SoftRef (ms):                  skipped
[4.053s][debug][gc,phases,ref     ] GC(75)       Notify Soft/WeakReferences: 0.0ms
[4.053s][debug][gc,phases,ref     ] GC(75)         SoftRef (ms):                  skipped
[4.053s][debug][gc,phases,ref     ] GC(75)         WeakRef (ms):                  skipped
[4.053s][debug][gc,phases,ref     ] GC(75)         FinalRef (ms):                 skipped
[4.053s][debug][gc,phases,ref     ] GC(75)         Total (ms):                    skipped
[4.053s][debug][gc,phases,ref     ] GC(75)       Notify and keep alive finalizable: 0.0ms
[4.053s][debug][gc,phases,ref     ] GC(75)         FinalRef (ms):                 skipped
[4.053s][debug][gc,phases,ref     ] GC(75)       Notify PhantomReferences: 0.1ms
[4.054s][debug][gc,phases,ref     ] GC(75)         PhantomRef (ms):               skipped
[4.054s][debug][gc,phases,ref     ] GC(75)       SoftReference:
[4.054s][debug][gc,phases,ref     ] GC(75)         Discovered: 0
[4.054s][debug][gc,phases,ref     ] GC(75)         Cleared: 0
[4.054s][debug][gc,phases,ref     ] GC(75)       WeakReference:
[4.054s][debug][gc,phases,ref     ] GC(75)         Discovered: 0
[4.054s][debug][gc,phases,ref     ] GC(75)         Cleared: 0
[4.054s][debug][gc,phases,ref     ] GC(75)       FinalReference:
[4.054s][debug][gc,phases,ref     ] GC(75)         Discovered: 0
[4.054s][debug][gc,phases,ref     ] GC(75)         Cleared: 0
[4.054s][debug][gc,phases,ref     ] GC(75)       PhantomReference:
[4.054s][debug][gc,phases,ref     ] GC(75)         Discovered: 0
[4.054s][debug][gc,phases,ref     ] GC(75)         Cleared: 0
[4.054s][debug][gc,phases         ] GC(75)     Weak Processing: 0.1ms
[4.054s][debug][gc,phases         ] GC(75)       VM Weak                        Min:  0.0, Avg:  0.0, Max:  0.0, Diff:  0.0, Sum:  0.0, Workers: 3
[4.054s][debug][gc,phases         ] GC(75)         Dead                           Min: 0, Avg:  0.0, Max: 0, Diff: 0, Sum: 0, Workers: 3
[4.054s][debug][gc,phases         ] GC(75)         Total                          Min: 0, Avg:  2.7, Max: 8, Diff: 8, Sum: 8, Workers: 3
[4.054s][debug][gc,phases         ] GC(75)       ObjectSynchronizer Weak        Min:  0.0, Avg:  0.0, Max:  0.0, Diff:  0.0, Sum:  0.0, Workers: 3
[4.054s][debug][gc,phases         ] GC(75)         Dead                           Min: 0, Avg:  0.0, Max: 0, Diff: 0, Sum: 0, Workers: 3
[4.054s][debug][gc,phases         ] GC(75)         Total                          Min: 0, Avg:  1.0, Max: 3, Diff: 3, Sum: 3, Workers: 3
[4.054s][debug][gc,phases         ] GC(75)       JVMTI Tag Weak OopStorage      Min:  0.0, Avg:  0.0, Max:  0.0, Diff:  0.0, Sum:  0.0, Workers: 3
[4.054s][debug][gc,phases         ] GC(75)         Dead                           Min: 0, Avg:  0.0, Max: 0, Diff: 0, Sum: 0, Workers: 3
[4.054s][debug][gc,phases         ] GC(75)         Total                          Min: 0, Avg:  0.0, Max: 0, Diff: 0, Sum: 0, Workers: 3
[4.054s][debug][gc,phases         ] GC(75)       StringTable Weak               Min:  0.0, Avg:  0.0, Max:  0.1, Diff:  0.1, Sum:  0.1, Workers: 3
[4.054s][debug][gc,phases         ] GC(75)         Dead                           Min: 0, Avg:  0.0, Max: 0, Diff: 0, Sum: 0, Workers: 3
[4.054s][debug][gc,phases         ] GC(75)         Total                          Min: 0, Avg: 819.0, Max: 2432, Diff: 2432, Sum: 2457, Workers: 3
[4.054s][debug][gc,phases         ] GC(75)       ResolvedMethodTable Weak       Min:  0.0, Avg:  0.0, Max:  0.0, Diff:  0.0, Sum:  0.0, Workers: 3
[4.054s][debug][gc,phases         ] GC(75)         Dead                           Min: 0, Avg:  0.0, Max: 0, Diff: 0, Sum: 0, Workers: 3
[4.054s][debug][gc,phases         ] GC(75)         Total                          Min: 0, Avg: 45.7, Max: 137, Diff: 137, Sum: 137, Workers: 3
[4.054s][debug][gc,phases         ] GC(75)       JNI Weak                       Min:  0.0, Avg:  0.0, Max:  0.0, Diff:  0.0, Sum:  0.0, Workers: 3
[4.054s][debug][gc,phases         ] GC(75)         Dead                           Min: 0, Avg:  0.0, Max: 0, Diff: 0, Sum: 0, Workers: 3
[4.054s][debug][gc,phases         ] GC(75)         Total                          Min: 0, Avg:  0.0, Max: 0, Diff: 0, Sum: 0, Workers: 3
[4.054s][debug][gc,phases         ] GC(75)       StringDedup Table Weak         Min:  0.0, Avg:  0.0, Max:  0.0, Diff:  0.0, Sum:  0.0, Workers: 3
[4.054s][debug][gc,phases         ] GC(75)         Dead                           Min: 0, Avg:  0.0, Max: 0, Diff: 0, Sum: 0, Workers: 3
[4.054s][debug][gc,phases         ] GC(75)         Total                          Min: 0, Avg:  0.0, Max: 0, Diff: 0, Sum: 0, Workers: 3
[4.054s][debug][gc,phases         ] GC(75)       StringDedup Requests0 Weak     Min:  0.0, Avg:  0.0, Max:  0.0, Diff:  0.0, Sum:  0.0, Workers: 3
[4.054s][debug][gc,phases         ] GC(75)         Dead                           Min: 0, Avg:  0.0, Max: 0, Diff: 0, Sum: 0, Workers: 3
[4.054s][debug][gc,phases         ] GC(75)         Total                          Min: 0, Avg:  0.0, Max: 0, Diff: 0, Sum: 0, Workers: 3
[4.054s][debug][gc,phases         ] GC(75)       StringDedup Requests1 Weak     Min:  0.0, Avg:  0.0, Max:  0.0, Diff:  0.0, Sum:  0.0, Workers: 3
[4.054s][debug][gc,phases         ] GC(75)         Dead                           Min: 0, Avg:  0.0, Max: 0, Diff: 0, Sum: 0, Workers: 3
[4.054s][debug][gc,phases         ] GC(75)         Total                          Min: 0, Avg:  0.0, Max: 0, Diff: 0, Sum: 0, Workers: 3
[4.054s][debug][gc,phases         ] GC(75)       Weak JFR Old Object Samples    Min:  0.0, Avg:  0.0, Max:  0.0, Diff:  0.0, Sum:  0.0, Workers: 3
[4.054s][debug][gc,phases         ] GC(75)         Dead                           Min: 0, Avg:  0.0, Max: 0, Diff: 0, Sum: 0, Workers: 3
[4.054s][debug][gc,phases         ] GC(75)         Total                          Min: 0, Avg:  0.0, Max: 0, Diff: 0, Sum: 0, Workers: 3
[4.054s][debug][gc,phases         ] GC(75)     Post Evacuate Cleanup 1: 0.1ms
[4.054s][debug][gc,phases         ] GC(75)       Merge Per-Thread State (ms):   Min:  0.0, Avg:  0.0, Max:  0.0, Diff:  0.0, Sum:  0.0, Workers: 1
[4.055s][debug][gc,phases         ] GC(75)         Copied Bytes                   Min: 2764096, Avg: 3131888.0, Max: 3586592, Diff: 822496, Sum: 12527552, Workers: 4
[4.055s][debug][gc,phases         ] GC(75)         LAB Waste                      Min: 128, Avg: 188.0, Max: 272, Diff: 144, Sum: 752, Workers: 4
[4.055s][debug][gc,phases         ] GC(75)         LAB Undo Waste                 Min: 0, Avg:  0.0, Max: 0, Diff: 0, Sum: 0, Workers: 4
[4.055s][debug][gc,phases         ] GC(75)       Clear Logged Cards (ms):       Min:  0.0, Avg:  0.0, Max:  0.0, Diff:  0.0, Sum:  0.0, Workers: 3
[4.055s][debug][gc,phases         ] GC(75)       Recalculate Used Memory (ms):  Min:  0.0, Avg:  0.0, Max:  0.0, Diff:  0.0, Sum:  0.0, Workers: 1
[4.055s][debug][gc,phases         ] GC(75)     Post Evacuate Cleanup 2: 0.1ms
[4.055s][debug][gc,phases         ] GC(75)       Reset Hot Card Cache (ms):     Min:  0.0, Avg:  0.0, Max:  0.0, Diff:  0.0, Sum:  0.0, Workers: 1
[4.055s][debug][gc,phases         ] GC(75)       Purge Code Roots (ms):         Min:  0.0, Avg:  0.0, Max:  0.0, Diff:  0.0, Sum:  0.0, Workers: 1
[4.055s][debug][gc,phases         ] GC(75)       Update Derived Pointers (ms):  Min:  0.0, Avg:  0.0, Max:  0.0, Diff:  0.0, Sum:  0.0, Workers: 1
[4.055s][debug][gc,phases         ] GC(75)       Eagerly Reclaim Humongous Objects (ms): Min:  0.0, Avg:  0.0, Max:  0.0, Diff:  0.0, Sum:  0.0, Workers: 1
[4.055s][debug][gc,phases         ] GC(75)         Humongous Total                Min: 1, Avg:  1.0, Max: 1, Diff: 0, Sum: 1, Workers: 1
[4.055s][debug][gc,phases         ] GC(75)         Humongous Candidates           Min: 0, Avg:  0.0, Max: 0, Diff: 0, Sum: 0, Workers: 1
[4.055s][debug][gc,phases         ] GC(75)         Humongous Reclaimed            Min: 0, Avg:  0.0, Max: 0, Diff: 0, Sum: 0, Workers: 1
[4.055s][debug][gc,phases         ] GC(75)       Redirty Logged Cards (ms):     Min:  0.0, Avg:  0.0, Max:  0.0, Diff:  0.0, Sum:  0.0, Workers: 4
[4.055s][debug][gc,phases         ] GC(75)         Redirtied Cards:               Min: 0, Avg: 256.8, Max: 515, Diff: 515, Sum: 1027, Workers: 4
[4.055s][debug][gc,phases         ] GC(75)       Free Collection Set (ms):      Min:  0.0, Avg:  0.0, Max:  0.0, Diff:  0.0, Sum:  0.0, Workers: 4
[4.055s][debug][gc,phases         ] GC(75)     Rebuild Free List: 0.1ms
[4.055s][debug][gc,phases         ] GC(75)     Start New Collection Set: 0.0ms
[4.055s][debug][gc,phases         ] GC(75)     Resize TLABs: 0.0ms
[4.055s][debug][gc,phases         ] GC(75)     Expand Heap After Collection: 0.0ms
[4.055s][info ][gc,phases         ] GC(75)   Other: 0.8ms
[4.055s][info ][gc,heap           ] GC(75) Eden regions: 10->0(10)
[4.055s][info ][gc,heap           ] GC(75) Survivor regions: 2->2(2)
[4.055s][info ][gc,heap           ] GC(75) Old regions: 193->204
[4.055s][info ][gc,heap           ] GC(75) Archive regions: 0->0
[4.055s][info ][gc,heap           ] GC(75) Humongous regions: 36->36
[4.055s][info ][gc,metaspace      ] GC(75) Metaspace: 471K(640K)->471K(640K) NonClass: 438K(512K)->438K(512K) Class: 33K(128K)->33K(128K)
[4.055s][debug][gc,heap           ] GC(75) Heap after GC invocations=71 (full 3):
[4.055s][debug][gc,heap           ] GC(75)  garbage-first heap   total 262144K, used 247286K [0x00000000f0000000, 0x0000000100000000)
[4.055s][debug][gc,heap           ] GC(75)   region size 1024K, 2 young (2048K), 2 survivors (2048K)
[4.055s][debug][gc,heap           ] GC(75)  Metaspace       used 471K, committed 640K, reserved 1056768K
[4.055s][debug][gc,heap           ] GC(75)   class space    used 33K, committed 128K, reserved 1048576K
[4.055s][info ][gc                ] GC(75) Pause Young (Normal) (G1 Preventive Collection) 240M->241M(256M) 20.478ms
[4.055s][info ][gc,cpu            ] GC(75) User=0.06s Sys=0.02s Real=0.02s
[4.064s][debug][gc,ergo,cset      ] Preventive GC, insufficient free regions. Predicted need 9. Curr Eden 5 (Pred 7). Curr Survivor 2 (Pred 3). Curr Old 204 (Pred 0) Free 9 Alloc 1
[4.065s][debug][gc,heap           ] GC(76) Heap before GC invocations=71 (full 3):
[4.065s][debug][gc,heap           ] GC(76)  garbage-first heap   total 262144K, used 251382K [0x00000000f0000000, 0x0000000100000000)
[4.065s][debug][gc,heap           ] GC(76)   region size 1024K, 7 young (7168K), 2 survivors (2048K)
[4.065s][debug][gc,heap           ] GC(76)  Metaspace       used 471K, committed 640K, reserved 1056768K
[4.065s][debug][gc,heap           ] GC(76)   class space    used 33K, committed 128K, reserved 1048576K
[4.065s][info ][gc,start          ] GC(76) Pause Young (Normal) (G1 Preventive Collection)
[4.065s][info ][gc,task           ] GC(76) Using 4 workers of 4 for evacuation
[4.065s][debug][gc,tlab           ] GC(76) TLAB totals: thrds: 1  refills: 35 max: 35 slow allocs: 0 max 0 waste:  0.4% gc: 0B max: 0B slow: 20400B max: 20400B
[4.065s][debug][gc,age            ] GC(76) Desired survivor size 1048576 bytes, new threshold 1 (max threshold 15)
[4.065s][debug][gc,refine,stats   ] GC(76) Mutator refinement: 0.00ms, refined: 0, precleaned: 0, dirtied: 2551
[4.065s][debug][gc,refine,stats   ] GC(76) Concurrent refinement: 0.00ms, refined: 0, precleaned: 0, dirtied: 0
[4.065s][debug][gc,refine,stats   ] GC(76) Total refinement: 0.00ms, refined: 0, precleaned: 0, dirtied: 2551
[4.065s][debug][gc,refine,stats   ] GC(76) Generate dirty cards rate: 205.72 cards/ms
[4.065s][debug][gc,alloc,region   ] GC(76) Mutator Allocation stats, regions: 5, wasted size: 0B ( 0.0%)
[4.065s][debug][gc,humongous      ] GC(76) Humongous region 173 (object size 36920416 @ 0x00000000fad00000) remset 0 code roots 0 marked 1 reclaim candidate 0 type array 0
[4.065s][debug][gc,ergo           ] GC(76) Running G1 Merge Heap Roots using 4 workers for 7 regions
[4.065s][debug][gc,remset         ] GC(76) Visited cards 4352 Total dirty 10240 (42.50%) Total old 520192 (0.84%)
[4.075s][debug][gc,ref            ] GC(76) Skipped phase 1 of Reference Processing: no references
[4.075s][debug][gc,ref            ] GC(76) Skipped phase 2 of Reference Processing: no references
[4.075s][debug][gc,ref            ] GC(76) Skipped phase 3 of Reference Processing: no references
[4.075s][debug][gc,ref            ] GC(76) Skipped phase 4 of Reference Processing: no references
[4.075s][debug][gc,ergo           ] GC(76) Running G1 Rebuild Free List Task using 4 workers for rebuilding free list of regions
[4.075s][debug][gc,plab           ] GC(76) Young PLAB allocation: allocated: 2097152B, wasted: 480B, unused: 0B, used: 2096672B, undo waste: 0B, 
[4.075s][debug][gc,plab           ] GC(76) Young other allocation: region end waste: 0B, regions filled: 2, direct allocated: 0B, failure used: 0B, failure wasted: 0B
[4.075s][debug][gc,plab           ] GC(76) Young sizing: calculated: 419328B, actual: 419400B
[4.075s][debug][gc,plab           ] GC(76) Old PLAB allocation: allocated: 6296576B, wasted: 224B, unused: 1073712B, used: 5222640B, undo waste: 0B, 
[4.075s][debug][gc,plab           ] GC(76) Old other allocation: region end waste: 0B, regions filled: 7, direct allocated: 0B, failure used: 0B, failure wasted: 0B
[4.075s][debug][gc,plab           ] GC(76) Old sizing: calculated: 1044528B, actual: 1303080B
[4.076s][debug][gc,ergo,heap      ] GC(76) Heap expansion: short term pause time ratio 48.76% long term pause time ratio 35.48% threshold 7.69% pause time ratio 7.69% fully expanded true resize by 0B
[4.076s][debug][gc,mmu            ] GC(76) MMU: 73.1ms (200.0ms/201.0ms)
[4.076s][debug][gc,alloc,stats    ] Old generation allocation in the last mutator period, old gen allocated: 6296576B, humongous allocated: 0B,old gen growth: 6296576B.
[4.076s][debug][gc,ihop           ] GC(76) Basic information (value update), threshold: 120795955B (45.00), target occupancy: 268435456B, current occupancy: 259517936B, recent allocation size: 6296576B, recent allocation duration: 12.40ms, recent old gen allocation rate: 507767912.58B/s, recent marking phase length: 0.00ms
[4.076s][debug][gc,ihop           ] GC(76) Adaptive IHOP information (value update), threshold: 120795955B (52.94), internal target occupancy: 228170137B, occupancy: 259517936B, additional buffer size: 12582912B, predicted old gen allocation rate: 549572535.58B/s, predicted marking phase length: 0.00ms, prediction active: false
[4.076s][debug][gc,ergo,refine    ] GC(76) Concurrent refinement times: Logged Cards Scan time goal: 20.00ms Logged Cards Scan time: 1.44ms HCC time: 0.00ms
[4.076s][debug][gc,ergo,refine    ] GC(76) Updated Refinement Zones: green: 19570, yellow: 58710, red: 97850
[4.076s][info ][gc,phases         ] GC(76)   Pre Evacuate Collection Set: 0.1ms
[4.076s][debug][gc,phases         ] GC(76)     Prepare TLABs: 0.0ms
[4.076s][debug][gc,phases         ] GC(76)     Concatenate Dirty Card Logs: 0.0ms
[4.076s][debug][gc,phases         ] GC(76)     Choose Collection Set: 0.0ms
[4.076s][debug][gc,phases         ] GC(76)     Region Register: 0.1ms
[4.076s][debug][gc,phases         ] GC(76)     Prepare Heap Roots: 0.0ms
[4.076s][info ][gc,phases         ] GC(76)   Merge Heap Roots: 0.2ms
[4.076s][debug][gc,phases         ] GC(76)     Prepare Merge Heap Roots: 0.0ms
[4.076s][debug][gc,phases         ] GC(76)     Eager Reclaim (ms):            skipped
[4.076s][debug][gc,phases         ] GC(76)     Remembered Sets (ms):          Min:  0.0, Avg:  0.0, Max:  0.0, Diff:  0.0, Sum:  0.0, Workers: 4
[4.076s][debug][gc,phases         ] GC(76)       Merged Sparse:                 Min: 0, Avg:  0.0, Max: 0, Diff: 0, Sum: 0, Workers: 4
[4.076s][debug][gc,phases         ] GC(76)       Merged Fine:                   Min: 0, Avg:  0.0, Max: 0, Diff: 0, Sum: 0, Workers: 4
[4.076s][debug][gc,phases         ] GC(76)       Merged Coarse:                 Min: 0, Avg:  0.0, Max: 0, Diff: 0, Sum: 0, Workers: 4
[4.076s][debug][gc,phases         ] GC(76)       Dirty Cards:                   Min: 0, Avg:  0.0, Max: 0, Diff: 0, Sum: 0, Workers: 4
[4.076s][debug][gc,phases         ] GC(76)     Hot Card Cache (ms):           Min:  0.0, Avg:  0.0, Max:  0.0, Diff:  0.0, Sum:  0.0, Workers: 4
[4.076s][debug][gc,phases         ] GC(76)       Dirty Cards:                   Min: 0, Avg:  0.0, Max: 0, Diff: 0, Sum: 0, Workers: 4
[4.076s][debug][gc,phases         ] GC(76)       Skipped Cards:                 Min: 0, Avg:  0.0, Max: 0, Diff: 0, Sum: 0, Workers: 4
[4.076s][debug][gc,phases         ] GC(76)     Log Buffers (ms):              Min:  0.0, Avg:  0.0, Max:  0.1, Diff:  0.1, Sum:  0.1, Workers: 4
[4.076s][debug][gc,phases         ] GC(76)       Dirty Cards:                   Min: 0, Avg: 890.5, Max: 2031, Diff: 2031, Sum: 3562, Workers: 4
[4.076s][debug][gc,phases         ] GC(76)       Skipped Cards:                 Min: 0, Avg:  0.0, Max: 0, Diff: 0, Sum: 0, Workers: 4
[4.076s][info ][gc,phases         ] GC(76)   Evacuate Collection Set: 9.8ms
[4.076s][debug][gc,phases         ] GC(76)     Ext Root Scanning (ms):        Min:  0.0, Avg:  0.0, Max:  0.0, Diff:  0.0, Sum:  0.1, Workers: 4
[4.076s][debug][gc,phases         ] GC(76)     Scan Heap Roots (ms):          Min:  1.1, Avg:  1.4, Max:  1.7, Diff:  0.6, Sum:  5.7, Workers: 4
[4.076s][debug][gc,phases         ] GC(76)       Scanned Cards:                 Min: 810, Avg: 894.5, Max: 975, Diff: 165, Sum: 3578, Workers: 4
[4.076s][debug][gc,phases         ] GC(76)       Scanned Blocks:                Min: 4, Avg:  4.3, Max: 5, Diff: 1, Sum: 17, Workers: 4
[4.076s][debug][gc,phases         ] GC(76)       Claimed Chunks:                Min: 4, Avg:  4.3, Max: 5, Diff: 1, Sum: 17, Workers: 4
[4.076s][debug][gc,phases         ] GC(76)     Code Root Scan (ms):           Min:  0.0, Avg:  0.0, Max:  0.0, Diff:  0.0, Sum:  0.0, Workers: 4
[4.076s][debug][gc,phases         ] GC(76)     Object Copy (ms):              Min:  8.1, Avg:  8.3, Max:  8.6, Diff:  0.6, Sum: 33.1, Workers: 4
[4.076s][debug][gc,phases         ] GC(76)     Termination (ms):              Min:  0.0, Avg:  0.0, Max:  0.0, Diff:  0.0, Sum:  0.0, Workers: 4
[4.076s][debug][gc,phases         ] GC(76)       Termination Attempts:          Min: 1, Avg:  5.3, Max: 11, Diff: 10, Sum: 21, Workers: 4
[4.076s][debug][gc,phases         ] GC(76)     GC Worker Other (ms):          Min:  0.0, Avg:  0.0, Max:  0.0, Diff:  0.0, Sum:  0.0, Workers: 4
[4.076s][debug][gc,phases         ] GC(76)     GC Worker Total (ms):          Min:  9.4, Avg:  9.7, Max:  9.8, Diff:  0.4, Sum: 38.9, Workers: 4
[4.076s][info ][gc,phases         ] GC(76)   Post Evacuate Collection Set: 0.4ms
[4.076s][debug][gc,phases         ] GC(76)     Code Roots Fixup: 0.0ms
[4.076s][debug][gc,phases         ] GC(76)     Reference Processing: 0.2ms
[4.076s][debug][gc,phases,ref     ] GC(76)       Reconsider SoftReferences: 0.1ms
[4.076s][debug][gc,phases,ref     ] GC(76)         SoftRef (ms):                  skipped
[4.076s][debug][gc,phases,ref     ] GC(76)       Notify Soft/WeakReferences: 0.0ms
[4.076s][debug][gc,phases,ref     ] GC(76)         SoftRef (ms):                  skipped
[4.076s][debug][gc,phases,ref     ] GC(76)         WeakRef (ms):                  skipped
[4.076s][debug][gc,phases,ref     ] GC(76)         FinalRef (ms):                 skipped
[4.076s][debug][gc,phases,ref     ] GC(76)         Total (ms):                    skipped
[4.076s][debug][gc,phases,ref     ] GC(76)       Notify and keep alive finalizable: 0.0ms
[4.076s][debug][gc,phases,ref     ] GC(76)         FinalRef (ms):                 skipped
[4.076s][debug][gc,phases,ref     ] GC(76)       Notify PhantomReferences: 0.0ms
[4.076s][debug][gc,phases,ref     ] GC(76)         PhantomRef (ms):               skipped
[4.076s][debug][gc,phases,ref     ] GC(76)       SoftReference:
[4.076s][debug][gc,phases,ref     ] GC(76)         Discovered: 0
[4.076s][debug][gc,phases,ref     ] GC(76)         Cleared: 0
[4.076s][debug][gc,phases,ref     ] GC(76)       WeakReference:
[4.076s][debug][gc,phases,ref     ] GC(76)         Discovered: 0
[4.076s][debug][gc,phases,ref     ] GC(76)         Cleared: 0
[4.076s][debug][gc,phases,ref     ] GC(76)       FinalReference:
[4.076s][debug][gc,phases,ref     ] GC(76)         Discovered: 0
[4.076s][debug][gc,phases,ref     ] GC(76)         Cleared: 0
[4.077s][debug][gc,phases,ref     ] GC(76)       PhantomReference:
[4.077s][debug][gc,phases,ref     ] GC(76)         Discovered: 0
[4.077s][debug][gc,phases,ref     ] GC(76)         Cleared: 0
[4.077s][debug][gc,phases         ] GC(76)     Weak Processing: 0.0ms
[4.077s][debug][gc,phases         ] GC(76)       VM Weak                        Min:  0.0, Avg:  0.0, Max:  0.0, Diff:  0.0, Sum:  0.0, Workers: 3
[4.077s][debug][gc,phases         ] GC(76)         Dead                           Min: 0, Avg:  0.0, Max: 0, Diff: 0, Sum: 0, Workers: 3
[4.077s][debug][gc,phases         ] GC(76)         Total                          Min: 0, Avg:  2.7, Max: 8, Diff: 8, Sum: 8, Workers: 3
[4.077s][debug][gc,phases         ] GC(76)       ObjectSynchronizer Weak        Min:  0.0, Avg:  0.0, Max:  0.0, Diff:  0.0, Sum:  0.0, Workers: 3
[4.077s][debug][gc,phases         ] GC(76)         Dead                           Min: 0, Avg:  0.0, Max: 0, Diff: 0, Sum: 0, Workers: 3
[4.077s][debug][gc,phases         ] GC(76)         Total                          Min: 0, Avg:  1.0, Max: 3, Diff: 3, Sum: 3, Workers: 3
[4.077s][debug][gc,phases         ] GC(76)       JVMTI Tag Weak OopStorage      Min:  0.0, Avg:  0.0, Max:  0.0, Diff:  0.0, Sum:  0.0, Workers: 3
[4.077s][debug][gc,phases         ] GC(76)         Dead                           Min: 0, Avg:  0.0, Max: 0, Diff: 0, Sum: 0, Workers: 3
[4.077s][debug][gc,phases         ] GC(76)         Total                          Min: 0, Avg:  0.0, Max: 0, Diff: 0, Sum: 0, Workers: 3
[4.077s][debug][gc,phases         ] GC(76)       StringTable Weak               Min:  0.0, Avg:  0.0, Max:  0.0, Diff:  0.0, Sum:  0.0, Workers: 3
[4.077s][debug][gc,phases         ] GC(76)         Dead                           Min: 0, Avg:  0.0, Max: 0, Diff: 0, Sum: 0, Workers: 3
[4.077s][debug][gc,phases         ] GC(76)         Total                          Min: 768, Avg: 819.0, Max: 857, Diff: 89, Sum: 2457, Workers: 3
[4.077s][debug][gc,phases         ] GC(76)       ResolvedMethodTable Weak       Min:  0.0, Avg:  0.0, Max:  0.0, Diff:  0.0, Sum:  0.0, Workers: 3
[4.077s][debug][gc,phases         ] GC(76)         Dead                           Min: 0, Avg:  0.0, Max: 0, Diff: 0, Sum: 0, Workers: 3
[4.077s][debug][gc,phases         ] GC(76)         Total                          Min: 0, Avg: 45.7, Max: 73, Diff: 73, Sum: 137, Workers: 3
[4.077s][debug][gc,phases         ] GC(76)       JNI Weak                       Min:  0.0, Avg:  0.0, Max:  0.0, Diff:  0.0, Sum:  0.0, Workers: 3
[4.077s][debug][gc,phases         ] GC(76)         Dead                           Min: 0, Avg:  0.0, Max: 0, Diff: 0, Sum: 0, Workers: 3
[4.077s][debug][gc,phases         ] GC(76)         Total                          Min: 0, Avg:  0.0, Max: 0, Diff: 0, Sum: 0, Workers: 3
[4.077s][debug][gc,phases         ] GC(76)       StringDedup Table Weak         Min:  0.0, Avg:  0.0, Max:  0.0, Diff:  0.0, Sum:  0.0, Workers: 3
[4.077s][debug][gc,phases         ] GC(76)         Dead                           Min: 0, Avg:  0.0, Max: 0, Diff: 0, Sum: 0, Workers: 3
[4.077s][debug][gc,phases         ] GC(76)         Total                          Min: 0, Avg:  0.0, Max: 0, Diff: 0, Sum: 0, Workers: 3
[4.077s][debug][gc,phases         ] GC(76)       StringDedup Requests0 Weak     Min:  0.0, Avg:  0.0, Max:  0.0, Diff:  0.0, Sum:  0.0, Workers: 3
[4.077s][debug][gc,phases         ] GC(76)         Dead                           Min: 0, Avg:  0.0, Max: 0, Diff: 0, Sum: 0, Workers: 3
[4.077s][debug][gc,phases         ] GC(76)         Total                          Min: 0, Avg:  0.0, Max: 0, Diff: 0, Sum: 0, Workers: 3
[4.077s][debug][gc,phases         ] GC(76)       StringDedup Requests1 Weak     Min:  0.0, Avg:  0.0, Max:  0.0, Diff:  0.0, Sum:  0.0, Workers: 3
[4.077s][debug][gc,phases         ] GC(76)         Dead                           Min: 0, Avg:  0.0, Max: 0, Diff: 0, Sum: 0, Workers: 3
[4.077s][debug][gc,phases         ] GC(76)         Total                          Min: 0, Avg:  0.0, Max: 0, Diff: 0, Sum: 0, Workers: 3
[4.077s][debug][gc,phases         ] GC(76)       Weak JFR Old Object Samples    Min:  0.0, Avg:  0.0, Max:  0.0, Diff:  0.0, Sum:  0.0, Workers: 3
[4.077s][debug][gc,phases         ] GC(76)         Dead                           Min: 0, Avg:  0.0, Max: 0, Diff: 0, Sum: 0, Workers: 3
[4.077s][debug][gc,phases         ] GC(76)         Total                          Min: 0, Avg:  0.0, Max: 0, Diff: 0, Sum: 0, Workers: 3
[4.077s][debug][gc,phases         ] GC(76)     Post Evacuate Cleanup 1: 0.1ms
[4.077s][debug][gc,phases         ] GC(76)       Merge Per-Thread State (ms):   Min:  0.0, Avg:  0.0, Max:  0.0, Diff:  0.0, Sum:  0.0, Workers: 1
[4.077s][debug][gc,phases         ] GC(76)         Copied Bytes                   Min: 1755552, Avg: 1829828.0, Max: 1961072, Diff: 205520, Sum: 7319312, Workers: 4
[4.077s][debug][gc,phases         ] GC(76)         LAB Waste                      Min: 80, Avg: 176.0, Max: 256, Diff: 176, Sum: 704, Workers: 4
[4.077s][debug][gc,phases         ] GC(76)         LAB Undo Waste                 Min: 0, Avg:  0.0, Max: 0, Diff: 0, Sum: 0, Workers: 4
[4.077s][debug][gc,phases         ] GC(76)       Clear Logged Cards (ms):       Min:  0.0, Avg:  0.0, Max:  0.0, Diff:  0.0, Sum:  0.0, Workers: 3
[4.077s][debug][gc,phases         ] GC(76)       Recalculate Used Memory (ms):  Min:  0.0, Avg:  0.0, Max:  0.0, Diff:  0.0, Sum:  0.0, Workers: 1
[4.077s][debug][gc,phases         ] GC(76)     Post Evacuate Cleanup 2: 0.0ms
[4.077s][debug][gc,phases         ] GC(76)       Reset Hot Card Cache (ms):     Min:  0.0, Avg:  0.0, Max:  0.0, Diff:  0.0, Sum:  0.0, Workers: 1
[4.077s][debug][gc,phases         ] GC(76)       Purge Code Roots (ms):         Min:  0.0, Avg:  0.0, Max:  0.0, Diff:  0.0, Sum:  0.0, Workers: 1
[4.077s][debug][gc,phases         ] GC(76)       Update Derived Pointers (ms):  Min:  0.0, Avg:  0.0, Max:  0.0, Diff:  0.0, Sum:  0.0, Workers: 1
[4.077s][debug][gc,phases         ] GC(76)       Eagerly Reclaim Humongous Objects (ms): Min:  0.0, Avg:  0.0, Max:  0.0, Diff:  0.0, Sum:  0.0, Workers: 1
[4.077s][debug][gc,phases         ] GC(76)         Humongous Total                Min: 1, Avg:  1.0, Max: 1, Diff: 0, Sum: 1, Workers: 1
[4.077s][debug][gc,phases         ] GC(76)         Humongous Candidates           Min: 0, Avg:  0.0, Max: 0, Diff: 0, Sum: 0, Workers: 1
[4.077s][debug][gc,phases         ] GC(76)         Humongous Reclaimed            Min: 0, Avg:  0.0, Max: 0, Diff: 0, Sum: 0, Workers: 1
[4.077s][debug][gc,phases         ] GC(76)       Redirty Logged Cards (ms):     Min:  0.0, Avg:  0.0, Max:  0.0, Diff:  0.0, Sum:  0.0, Workers: 4
[4.077s][debug][gc,phases         ] GC(76)         Redirtied Cards:               Min: 0, Avg: 256.5, Max: 512, Diff: 512, Sum: 1026, Workers: 4
[4.077s][debug][gc,phases         ] GC(76)       Free Collection Set (ms):      Min:  0.0, Avg:  0.0, Max:  0.0, Diff:  0.0, Sum:  0.0, Workers: 4
[4.077s][debug][gc,phases         ] GC(76)     Rebuild Free List: 0.1ms
[4.077s][debug][gc,phases         ] GC(76)     Start New Collection Set: 0.0ms
[4.077s][debug][gc,phases         ] GC(76)     Resize TLABs: 0.0ms
[4.077s][debug][gc,phases         ] GC(76)     Expand Heap After Collection: 0.0ms
[4.077s][info ][gc,phases         ] GC(76)   Other: 0.5ms
[4.077s][info ][gc,heap           ] GC(76) Eden regions: 5->0(10)
[4.077s][info ][gc,heap           ] GC(76) Survivor regions: 2->2(2)
[4.077s][info ][gc,heap           ] GC(76) Old regions: 204->210
[4.078s][info ][gc,heap           ] GC(76) Archive regions: 0->0
[4.078s][info ][gc,heap           ] GC(76) Humongous regions: 36->36
[4.078s][info ][gc,metaspace      ] GC(76) Metaspace: 471K(640K)->471K(640K) NonClass: 438K(512K)->438K(512K) Class: 33K(128K)->33K(128K)
[4.078s][debug][gc,heap           ] GC(76) Heap after GC invocations=72 (full 3):
[4.078s][debug][gc,heap           ] GC(76)  garbage-first heap   total 262144K, used 253435K [0x00000000f0000000, 0x0000000100000000)
[4.078s][debug][gc,heap           ] GC(76)   region size 1024K, 2 young (2048K), 2 survivors (2048K)
[4.078s][debug][gc,heap           ] GC(76)  Metaspace       used 471K, committed 640K, reserved 1056768K
[4.078s][debug][gc,heap           ] GC(76)   class space    used 33K, committed 128K, reserved 1048576K
[4.078s][info ][gc                ] GC(76) Pause Young (Normal) (G1 Preventive Collection) 246M->247M(256M) 12.983ms
[4.078s][info ][gc,cpu            ] GC(76) User=0.06s Sys=0.00s Real=0.01s
[4.082s][debug][gc,ergo,cset      ] Preventive GC, insufficient free regions. Predicted need 6. Curr Eden 2 (Pred 4). Curr Survivor 2 (Pred 3). Curr Old 210 (Pred 0) Free 6 Alloc 1
[4.083s][debug][gc,heap           ] GC(77) Heap before GC invocations=72 (full 3):
[4.083s][debug][gc,heap           ] GC(77)  garbage-first heap   total 262144K, used 254459K [0x00000000f0000000, 0x0000000100000000)
[4.083s][debug][gc,heap           ] GC(77)   region size 1024K, 4 young (4096K), 2 survivors (2048K)
[4.083s][debug][gc,heap           ] GC(77)  Metaspace       used 471K, committed 640K, reserved 1056768K
[4.083s][debug][gc,heap           ] GC(77)   class space    used 33K, committed 128K, reserved 1048576K
[4.083s][info ][gc,start          ] GC(77) Pause Young (Normal) (G1 Preventive Collection)
[4.083s][info ][gc,task           ] GC(77) Using 4 workers of 4 for evacuation
[4.083s][debug][gc,tlab           ] GC(77) TLAB totals: thrds: 1  refills: 14 max: 14 slow allocs: 0 max 0 waste:  0.4% gc: 0B max: 0B slow: 8160B max: 8160B
[4.083s][debug][gc,age            ] GC(77) Desired survivor size 1048576 bytes, new threshold 1 (max threshold 15)
[4.083s][debug][gc,refine,stats   ] GC(77) Mutator refinement: 0.00ms, refined: 0, precleaned: 0, dirtied: 1021
[4.083s][debug][gc,refine,stats   ] GC(77) Concurrent refinement: 0.00ms, refined: 0, precleaned: 0, dirtied: 0
[4.083s][debug][gc,refine,stats   ] GC(77) Total refinement: 0.00ms, refined: 0, precleaned: 0, dirtied: 1021
[4.083s][debug][gc,refine,stats   ] GC(77) Generate dirty cards rate: 140.49 cards/ms
[4.083s][debug][gc,alloc,region   ] GC(77) Mutator Allocation stats, regions: 2, wasted size: 0B ( 0.0%)
[4.083s][debug][gc,humongous      ] GC(77) Humongous region 173 (object size 36920416 @ 0x00000000fad00000) remset 0 code roots 0 marked 1 reclaim candidate 0 type array 0
[4.083s][debug][gc,ergo           ] GC(77) Running G1 Merge Heap Roots using 4 workers for 4 regions
[4.083s][debug][gc,remset         ] GC(77) Visited cards 2816 Total dirty 6144 (45.83%) Total old 520192 (0.54%)
[4.089s][debug][gc,ref            ] GC(77) Skipped phase 1 of Reference Processing: no references
[4.089s][debug][gc,ref            ] GC(77) Skipped phase 2 of Reference Processing: no references
[4.089s][debug][gc,ref            ] GC(77) Skipped phase 3 of Reference Processing: no references
[4.089s][debug][gc,ref            ] GC(77) Skipped phase 4 of Reference Processing: no references
[4.089s][debug][gc,ergo           ] GC(77) Running G1 Rebuild Free List Task using 4 workers for rebuilding free list of regions
[4.089s][debug][gc,plab           ] GC(77) Young PLAB allocation: allocated: 2097152B, wasted: 304B, unused: 91680B, used: 2005168B, undo waste: 0B, 
[4.089s][debug][gc,plab           ] GC(77) Young other allocation: region end waste: 0B, regions filled: 2, direct allocated: 0B, failure used: 0B, failure wasted: 0B
[4.089s][debug][gc,plab           ] GC(77) Young sizing: calculated: 401032B, actual: 405624B
[4.089s][debug][gc,plab           ] GC(77) Old PLAB allocation: allocated: 2951816B, wasted: 168B, unused: 771152B, used: 2180496B, undo waste: 0B, 
[4.089s][debug][gc,plab           ] GC(77) Old other allocation: region end waste: 0B, regions filled: 4, direct allocated: 0B, failure used: 0B, failure wasted: 0B
[4.089s][debug][gc,plab           ] GC(77) Old sizing: calculated: 436096B, actual: 652840B
[4.089s][debug][gc,ergo,heap      ] GC(77) Heap expansion: short term pause time ratio 46.43% long term pause time ratio 40.42% threshold 7.69% pause time ratio 7.69% fully expanded true resize by 0B
[4.089s][debug][gc,mmu            ] GC(77) MMU: 79.7ms (200.0ms/201.0ms)
[4.089s][debug][gc,alloc,stats    ] Old generation allocation in the last mutator period, old gen allocated: 2951816B, humongous allocated: 0B,old gen growth: 2951816B.
[4.089s][debug][gc,ihop           ] GC(77) Basic information (value update), threshold: 120795955B (45.00), target occupancy: 268435456B, current occupancy: 262470128B, recent allocation size: 2951816B, recent allocation duration: 7.27ms, recent old gen allocation rate: 406166632.27B/s, recent marking phase length: 0.00ms
[4.089s][debug][gc,ihop           ] GC(77) Adaptive IHOP information (value update), threshold: 120795955B (52.94), internal target occupancy: 228170137B, occupancy: 262470128B, additional buffer size: 12582912B, predicted old gen allocation rate: 545271715.96B/s, predicted marking phase length: 0.00ms, prediction active: false
[4.089s][debug][gc,ergo,refine    ] GC(77) Concurrent refinement times: Logged Cards Scan time goal: 20.00ms Logged Cards Scan time: 0.71ms HCC time: 0.00ms
[4.089s][debug][gc,ergo,refine    ] GC(77) Updated Refinement Zones: green: 19570, yellow: 58710, red: 97850
[4.090s][info ][gc,phases         ] GC(77)   Pre Evacuate Collection Set: 0.1ms
[4.090s][debug][gc,phases         ] GC(77)     Prepare TLABs: 0.0ms
[4.090s][debug][gc,phases         ] GC(77)     Concatenate Dirty Card Logs: 0.0ms
[4.090s][debug][gc,phases         ] GC(77)     Choose Collection Set: 0.0ms
[4.090s][debug][gc,phases         ] GC(77)     Region Register: 0.1ms
[4.090s][debug][gc,phases         ] GC(77)     Prepare Heap Roots: 0.0ms
[4.090s][info ][gc,phases         ] GC(77)   Merge Heap Roots: 0.1ms
[4.090s][debug][gc,phases         ] GC(77)     Prepare Merge Heap Roots: 0.0ms
[4.090s][debug][gc,phases         ] GC(77)     Eager Reclaim (ms):            skipped
[4.090s][debug][gc,phases         ] GC(77)     Remembered Sets (ms):          Min:  0.0, Avg:  0.0, Max:  0.0, Diff:  0.0, Sum:  0.0, Workers: 4
[4.090s][debug][gc,phases         ] GC(77)       Merged Sparse:                 Min: 0, Avg:  0.0, Max: 0, Diff: 0, Sum: 0, Workers: 4
[4.090s][debug][gc,phases         ] GC(77)       Merged Fine:                   Min: 0, Avg:  0.0, Max: 0, Diff: 0, Sum: 0, Workers: 4
[4.090s][debug][gc,phases         ] GC(77)       Merged Coarse:                 Min: 0, Avg:  0.0, Max: 0, Diff: 0, Sum: 0, Workers: 4
[4.090s][debug][gc,phases         ] GC(77)       Dirty Cards:                   Min: 0, Avg:  0.0, Max: 0, Diff: 0, Sum: 0, Workers: 4
[4.090s][debug][gc,phases         ] GC(77)     Hot Card Cache (ms):           Min:  0.0, Avg:  0.0, Max:  0.0, Diff:  0.0, Sum:  0.0, Workers: 4
[4.090s][debug][gc,phases         ] GC(77)       Dirty Cards:                   Min: 0, Avg:  0.0, Max: 0, Diff: 0, Sum: 0, Workers: 4
[4.090s][debug][gc,phases         ] GC(77)       Skipped Cards:                 Min: 0, Avg:  0.0, Max: 0, Diff: 0, Sum: 0, Workers: 4
[4.090s][debug][gc,phases         ] GC(77)     Log Buffers (ms):              Min:  0.0, Avg:  0.0, Max:  0.0, Diff:  0.0, Sum:  0.0, Workers: 4
[4.090s][debug][gc,phases         ] GC(77)       Dirty Cards:                   Min: 0, Avg: 505.8, Max: 761, Diff: 761, Sum: 2023, Workers: 4
[4.090s][debug][gc,phases         ] GC(77)       Skipped Cards:                 Min: 0, Avg:  0.0, Max: 0, Diff: 0, Sum: 0, Workers: 4
[4.090s][info ][gc,phases         ] GC(77)   Evacuate Collection Set: 5.8ms
[4.090s][debug][gc,phases         ] GC(77)     Ext Root Scanning (ms):        Min:  0.0, Avg:  0.0, Max:  0.0, Diff:  0.0, Sum:  0.1, Workers: 4
[4.090s][debug][gc,phases         ] GC(77)     Scan Heap Roots (ms):          Min:  0.6, Avg:  0.7, Max:  0.8, Diff:  0.2, Sum:  2.8, Workers: 4
[4.090s][debug][gc,phases         ] GC(77)       Scanned Cards:                 Min: 430, Avg: 511.8, Max: 592, Diff: 162, Sum: 2047, Workers: 4
[4.090s][debug][gc,phases         ] GC(77)       Scanned Blocks:                Min: 2, Avg:  2.8, Max: 4, Diff: 2, Sum: 11, Workers: 4
[4.090s][debug][gc,phases         ] GC(77)       Claimed Chunks:                Min: 2, Avg:  2.8, Max: 4, Diff: 2, Sum: 11, Workers: 4
[4.090s][debug][gc,phases         ] GC(77)     Code Root Scan (ms):           Min:  0.0, Avg:  0.0, Max:  0.0, Diff:  0.0, Sum:  0.0, Workers: 4
[4.090s][debug][gc,phases         ] GC(77)     Object Copy (ms):              Min:  4.9, Avg:  5.0, Max:  5.1, Diff:  0.2, Sum: 20.1, Workers: 4
[4.090s][debug][gc,phases         ] GC(77)     Termination (ms):              Min:  0.0, Avg:  0.0, Max:  0.0, Diff:  0.0, Sum:  0.0, Workers: 4
[4.090s][debug][gc,phases         ] GC(77)       Termination Attempts:          Min: 1, Avg:  1.0, Max: 1, Diff: 0, Sum: 4, Workers: 4
[4.090s][debug][gc,phases         ] GC(77)     GC Worker Other (ms):          Min:  0.0, Avg:  0.0, Max:  0.0, Diff:  0.0, Sum:  0.0, Workers: 4
[4.090s][debug][gc,phases         ] GC(77)     GC Worker Total (ms):          Min:  5.7, Avg:  5.8, Max:  5.8, Diff:  0.1, Sum: 23.0, Workers: 4
[4.090s][info ][gc,phases         ] GC(77)   Post Evacuate Collection Set: 0.4ms
[4.090s][debug][gc,phases         ] GC(77)     Code Roots Fixup: 0.0ms
[4.090s][debug][gc,phases         ] GC(77)     Reference Processing: 0.2ms
[4.090s][debug][gc,phases,ref     ] GC(77)       Reconsider SoftReferences: 0.1ms
[4.090s][debug][gc,phases,ref     ] GC(77)         SoftRef (ms):                  skipped
[4.090s][debug][gc,phases,ref     ] GC(77)       Notify Soft/WeakReferences: 0.0ms
[4.090s][debug][gc,phases,ref     ] GC(77)         SoftRef (ms):                  skipped
[4.090s][debug][gc,phases,ref     ] GC(77)         WeakRef (ms):                  skipped
[4.090s][debug][gc,phases,ref     ] GC(77)         FinalRef (ms):                 skipped
[4.090s][debug][gc,phases,ref     ] GC(77)         Total (ms):                    skipped
[4.090s][debug][gc,phases,ref     ] GC(77)       Notify and keep alive finalizable: 0.0ms
[4.090s][debug][gc,phases,ref     ] GC(77)         FinalRef (ms):                 skipped
[4.090s][debug][gc,phases,ref     ] GC(77)       Notify PhantomReferences: 0.0ms
[4.090s][debug][gc,phases,ref     ] GC(77)         PhantomRef (ms):               skipped
[4.090s][debug][gc,phases,ref     ] GC(77)       SoftReference:
[4.090s][debug][gc,phases,ref     ] GC(77)         Discovered: 0
[4.091s][debug][gc,phases,ref     ] GC(77)         Cleared: 0
[4.091s][debug][gc,phases,ref     ] GC(77)       WeakReference:
[4.091s][debug][gc,phases,ref     ] GC(77)         Discovered: 0
[4.091s][debug][gc,phases,ref     ] GC(77)         Cleared: 0
[4.091s][debug][gc,phases,ref     ] GC(77)       FinalReference:
[4.091s][debug][gc,phases,ref     ] GC(77)         Discovered: 0
[4.091s][debug][gc,phases,ref     ] GC(77)         Cleared: 0
[4.091s][debug][gc,phases,ref     ] GC(77)       PhantomReference:
[4.091s][debug][gc,phases,ref     ] GC(77)         Discovered: 0
[4.091s][debug][gc,phases,ref     ] GC(77)         Cleared: 0
[4.091s][debug][gc,phases         ] GC(77)     Weak Processing: 0.0ms
[4.091s][debug][gc,phases         ] GC(77)       VM Weak                        Min:  0.0, Avg:  0.0, Max:  0.0, Diff:  0.0, Sum:  0.0, Workers: 3
[4.091s][debug][gc,phases         ] GC(77)         Dead                           Min: 0, Avg:  0.0, Max: 0, Diff: 0, Sum: 0, Workers: 3
[4.091s][debug][gc,phases         ] GC(77)         Total                          Min: 0, Avg:  2.7, Max: 8, Diff: 8, Sum: 8, Workers: 3
[4.091s][debug][gc,phases         ] GC(77)       ObjectSynchronizer Weak        Min:  0.0, Avg:  0.0, Max:  0.0, Diff:  0.0, Sum:  0.0, Workers: 3
[4.091s][debug][gc,phases         ] GC(77)         Dead                           Min: 0, Avg:  0.0, Max: 0, Diff: 0, Sum: 0, Workers: 3
[4.091s][debug][gc,phases         ] GC(77)         Total                          Min: 0, Avg:  1.0, Max: 3, Diff: 3, Sum: 3, Workers: 3
[4.091s][debug][gc,phases         ] GC(77)       JVMTI Tag Weak OopStorage      Min:  0.0, Avg:  0.0, Max:  0.0, Diff:  0.0, Sum:  0.0, Workers: 3
[4.091s][debug][gc,phases         ] GC(77)         Dead                           Min: 0, Avg:  0.0, Max: 0, Diff: 0, Sum: 0, Workers: 3
[4.091s][debug][gc,phases         ] GC(77)         Total                          Min: 0, Avg:  0.0, Max: 0, Diff: 0, Sum: 0, Workers: 3
[4.091s][debug][gc,phases         ] GC(77)       StringTable Weak               Min:  0.0, Avg:  0.0, Max:  0.0, Diff:  0.0, Sum:  0.0, Workers: 3
[4.091s][debug][gc,phases         ] GC(77)         Dead                           Min: 0, Avg:  0.0, Max: 0, Diff: 0, Sum: 0, Workers: 3
[4.091s][debug][gc,phases         ] GC(77)         Total                          Min: 665, Avg: 819.0, Max: 896, Diff: 231, Sum: 2457, Workers: 3
[4.091s][debug][gc,phases         ] GC(77)       ResolvedMethodTable Weak       Min:  0.0, Avg:  0.0, Max:  0.0, Diff:  0.0, Sum:  0.0, Workers: 3
[4.091s][debug][gc,phases         ] GC(77)         Dead                           Min: 0, Avg:  0.0, Max: 0, Diff: 0, Sum: 0, Workers: 3
[4.091s][debug][gc,phases         ] GC(77)         Total                          Min: 9, Avg: 45.7, Max: 64, Diff: 55, Sum: 137, Workers: 3
[4.091s][debug][gc,phases         ] GC(77)       JNI Weak                       Min:  0.0, Avg:  0.0, Max:  0.0, Diff:  0.0, Sum:  0.0, Workers: 3
[4.091s][debug][gc,phases         ] GC(77)         Dead                           Min: 0, Avg:  0.0, Max: 0, Diff: 0, Sum: 0, Workers: 3
[4.091s][debug][gc,phases         ] GC(77)         Total                          Min: 0, Avg:  0.0, Max: 0, Diff: 0, Sum: 0, Workers: 3
[4.091s][debug][gc,phases         ] GC(77)       StringDedup Table Weak         Min:  0.0, Avg:  0.0, Max:  0.0, Diff:  0.0, Sum:  0.0, Workers: 3
[4.091s][debug][gc,phases         ] GC(77)         Dead                           Min: 0, Avg:  0.0, Max: 0, Diff: 0, Sum: 0, Workers: 3
[4.091s][debug][gc,phases         ] GC(77)         Total                          Min: 0, Avg:  0.0, Max: 0, Diff: 0, Sum: 0, Workers: 3
[4.091s][debug][gc,phases         ] GC(77)       StringDedup Requests0 Weak     Min:  0.0, Avg:  0.0, Max:  0.0, Diff:  0.0, Sum:  0.0, Workers: 3
[4.091s][debug][gc,phases         ] GC(77)         Dead                           Min: 0, Avg:  0.0, Max: 0, Diff: 0, Sum: 0, Workers: 3
[4.091s][debug][gc,phases         ] GC(77)         Total                          Min: 0, Avg:  0.0, Max: 0, Diff: 0, Sum: 0, Workers: 3
[4.091s][debug][gc,phases         ] GC(77)       StringDedup Requests1 Weak     Min:  0.0, Avg:  0.0, Max:  0.0, Diff:  0.0, Sum:  0.0, Workers: 3
[4.091s][debug][gc,phases         ] GC(77)         Dead                           Min: 0, Avg:  0.0, Max: 0, Diff: 0, Sum: 0, Workers: 3
[4.091s][debug][gc,phases         ] GC(77)         Total                          Min: 0, Avg:  0.0, Max: 0, Diff: 0, Sum: 0, Workers: 3
[4.091s][debug][gc,phases         ] GC(77)       Weak JFR Old Object Samples    Min:  0.0, Avg:  0.0, Max:  0.0, Diff:  0.0, Sum:  0.0, Workers: 3
[4.091s][debug][gc,phases         ] GC(77)         Dead                           Min: 0, Avg:  0.0, Max: 0, Diff: 0, Sum: 0, Workers: 3
[4.091s][debug][gc,phases         ] GC(77)         Total                          Min: 0, Avg:  0.0, Max: 0, Diff: 0, Sum: 0, Workers: 3
[4.092s][debug][gc,phases         ] GC(77)     Post Evacuate Cleanup 1: 0.0ms
[4.092s][debug][gc,phases         ] GC(77)       Merge Per-Thread State (ms):   Min:  0.0, Avg:  0.0, Max:  0.0, Diff:  0.0, Sum:  0.0, Workers: 1
[4.092s][debug][gc,phases         ] GC(77)         Copied Bytes                   Min: 938976, Avg: 1046416.0, Max: 1152384, Diff: 213408, Sum: 4185664, Workers: 4
[4.092s][debug][gc,phases         ] GC(77)         LAB Waste                      Min: 72, Avg: 118.0, Max: 200, Diff: 128, Sum: 472, Workers: 4
[4.092s][debug][gc,phases         ] GC(77)         LAB Undo Waste                 Min: 0, Avg:  0.0, Max: 0, Diff: 0, Sum: 0, Workers: 4
[4.092s][debug][gc,phases         ] GC(77)       Clear Logged Cards (ms):       Min:  0.0, Avg:  0.0, Max:  0.0, Diff:  0.0, Sum:  0.0, Workers: 3
[4.092s][debug][gc,phases         ] GC(77)       Recalculate Used Memory (ms):  Min:  0.0, Avg:  0.0, Max:  0.0, Diff:  0.0, Sum:  0.0, Workers: 1
[4.092s][debug][gc,phases         ] GC(77)     Post Evacuate Cleanup 2: 0.0ms
[4.092s][debug][gc,phases         ] GC(77)       Reset Hot Card Cache (ms):     Min:  0.0, Avg:  0.0, Max:  0.0, Diff:  0.0, Sum:  0.0, Workers: 1
[4.092s][debug][gc,phases         ] GC(77)       Purge Code Roots (ms):         Min:  0.0, Avg:  0.0, Max:  0.0, Diff:  0.0, Sum:  0.0, Workers: 1
[4.092s][debug][gc,phases         ] GC(77)       Update Derived Pointers (ms):  Min:  0.0, Avg:  0.0, Max:  0.0, Diff:  0.0, Sum:  0.0, Workers: 1
[4.092s][debug][gc,phases         ] GC(77)       Eagerly Reclaim Humongous Objects (ms): Min:  0.0, Avg:  0.0, Max:  0.0, Diff:  0.0, Sum:  0.0, Workers: 1
[4.092s][debug][gc,phases         ] GC(77)         Humongous Total                Min: 1, Avg:  1.0, Max: 1, Diff: 0, Sum: 1, Workers: 1
[4.092s][debug][gc,phases         ] GC(77)         Humongous Candidates           Min: 0, Avg:  0.0, Max: 0, Diff: 0, Sum: 0, Workers: 1
[4.092s][debug][gc,phases         ] GC(77)         Humongous Reclaimed            Min: 0, Avg:  0.0, Max: 0, Diff: 0, Sum: 0, Workers: 1
[4.092s][debug][gc,phases         ] GC(77)       Redirty Logged Cards (ms):     Min:  0.0, Avg:  0.0, Max:  0.0, Diff:  0.0, Sum:  0.0, Workers: 4
[4.092s][debug][gc,phases         ] GC(77)         Redirtied Cards:               Min: 0, Avg: 410.0, Max: 713, Diff: 713, Sum: 1640, Workers: 4
[4.092s][debug][gc,phases         ] GC(77)       Free Collection Set (ms):      Min:  0.0, Avg:  0.0, Max:  0.0, Diff:  0.0, Sum:  0.0, Workers: 4
[4.092s][debug][gc,phases         ] GC(77)     Rebuild Free List: 0.1ms
[4.092s][debug][gc,phases         ] GC(77)     Start New Collection Set: 0.0ms
[4.092s][debug][gc,phases         ] GC(77)     Resize TLABs: 0.0ms
[4.092s][debug][gc,phases         ] GC(77)     Expand Heap After Collection: 0.0ms
[4.092s][info ][gc,phases         ] GC(77)   Other: 0.6ms
[4.092s][info ][gc,heap           ] GC(77) Eden regions: 2->0(10)
[4.092s][info ][gc,heap           ] GC(77) Survivor regions: 2->2(2)
[4.092s][info ][gc,heap           ] GC(77) Old regions: 210->213
[4.092s][info ][gc,heap           ] GC(77) Archive regions: 0->0
[4.092s][info ][gc,heap           ] GC(77) Humongous regions: 36->36
[4.092s][info ][gc,metaspace      ] GC(77) Metaspace: 471K(640K)->471K(640K) NonClass: 438K(512K)->438K(512K) Class: 33K(128K)->33K(128K)
[4.092s][debug][gc,heap           ] GC(77) Heap after GC invocations=73 (full 3):
[4.092s][debug][gc,heap           ] GC(77)  garbage-first heap   total 262144K, used 256318K [0x00000000f0000000, 0x0000000100000000)
[4.092s][debug][gc,heap           ] GC(77)   region size 1024K, 2 young (2048K), 2 survivors (2048K)
[4.092s][debug][gc,heap           ] GC(77)  Metaspace       used 471K, committed 640K, reserved 1056768K
[4.093s][debug][gc,heap           ] GC(77)   class space    used 33K, committed 128K, reserved 1048576K
[4.093s][info ][gc                ] GC(77) Pause Young (Normal) (G1 Preventive Collection) 249M->250M(256M) 9.857ms
[4.093s][info ][gc,cpu            ] GC(77) User=0.06s Sys=0.00s Real=0.01s
[4.095s][debug][gc,ergo,cset      ] Preventive GC, insufficient free regions. Predicted need 5. Curr Eden 1 (Pred 3). Curr Survivor 2 (Pred 3). Curr Old 213 (Pred 0) Free 4 Alloc 1
[4.095s][debug][gc,heap           ] GC(78) Heap before GC invocations=73 (full 3):
[4.095s][debug][gc,heap           ] GC(78)  garbage-first heap   total 262144K, used 256318K [0x00000000f0000000, 0x0000000100000000)
[4.095s][debug][gc,heap           ] GC(78)   region size 1024K, 3 young (3072K), 2 survivors (2048K)
[4.095s][debug][gc,heap           ] GC(78)  Metaspace       used 471K, committed 640K, reserved 1056768K
[4.095s][debug][gc,heap           ] GC(78)   class space    used 33K, committed 128K, reserved 1048576K
[4.095s][info ][gc,start          ] GC(78) Pause Young (Normal) (G1 Preventive Collection)
[4.095s][info ][gc,task           ] GC(78) Using 4 workers of 4 for evacuation
[4.095s][debug][gc,tlab           ] GC(78) TLAB totals: thrds: 1  refills: 7 max: 7 slow allocs: 0 max 0 waste:  0.4% gc: 0B max: 0B slow: 4080B max: 4080B
[4.096s][debug][gc,age            ] GC(78) Desired survivor size 1048576 bytes, new threshold 1 (max threshold 15)
[4.096s][debug][gc,refine,stats   ] GC(78) Mutator refinement: 0.00ms, refined: 0, precleaned: 0, dirtied: 510
[4.096s][debug][gc,refine,stats   ] GC(78) Concurrent refinement: 0.00ms, refined: 0, precleaned: 0, dirtied: 0
[4.096s][debug][gc,refine,stats   ] GC(78) Total refinement: 0.00ms, refined: 0, precleaned: 0, dirtied: 510
[4.096s][debug][gc,refine,stats   ] GC(78) Generate dirty cards rate: 82.96 cards/ms
[4.096s][debug][gc,alloc,region   ] GC(78) Mutator Allocation stats, regions: 1, wasted size: 0B ( 0.0%)
[4.096s][debug][gc,humongous      ] GC(78) Humongous region 173 (object size 36920416 @ 0x00000000fad00000) remset 0 code roots 0 marked 1 reclaim candidate 0 type array 0
[4.096s][debug][gc,ergo           ] GC(78) Running G1 Merge Heap Roots using 4 workers for 3 regions
[4.096s][debug][gc,remset         ] GC(78) Visited cards 1792 Total dirty 4096 (43.75%) Total old 522240 (0.34%)
[4.102s][debug][gc,ref            ] GC(78) Skipped phase 1 of Reference Processing: no references
[4.102s][debug][gc,ref            ] GC(78) Skipped phase 2 of Reference Processing: no references
[4.102s][debug][gc,ref            ] GC(78) Skipped phase 3 of Reference Processing: no references
[4.102s][debug][gc,ref            ] GC(78) Skipped phase 4 of Reference Processing: no references
[4.102s][debug][gc,ergo           ] GC(78) Running G1 Rebuild Free List Task using 4 workers for rebuilding free list of regions
[4.102s][debug][gc,plab           ] GC(78) Young PLAB allocation: allocated: 1251376B, wasted: 208B, unused: 206672B, used: 1044496B, undo waste: 0B, 
[4.102s][debug][gc,plab           ] GC(78) Young other allocation: region end waste: 0B, regions filled: 2, direct allocated: 0B, failure used: 0B, failure wasted: 0B
[4.102s][debug][gc,plab           ] GC(78) Young sizing: calculated: 208896B, actual: 258072B
[4.102s][debug][gc,plab           ] GC(78) Old PLAB allocation: allocated: 2423840B, wasted: 272B, unused: 418400B, used: 2005168B, undo waste: 0B, 
[4.102s][debug][gc,plab           ] GC(78) Old other allocation: region end waste: 0B, regions filled: 3, direct allocated: 0B, failure used: 0B, failure wasted: 0B
[4.102s][debug][gc,plab           ] GC(78) Old sizing: calculated: 401032B, actual: 463984B
[4.102s][debug][gc,ergo,heap      ] GC(78) Heap expansion: short term pause time ratio 47.53% long term pause time ratio 40.48% threshold 7.69% pause time ratio 7.69% fully expanded true resize by 0B
[4.102s][debug][gc,mmu            ] GC(78) MMU: 86.2ms (200.0ms/201.0ms)
[4.102s][debug][gc,alloc,stats    ] Old generation allocation in the last mutator period, old gen allocated: 2423840B, humongous allocated: 0B,old gen growth: 2423840B.
[4.102s][debug][gc,ihop           ] GC(78) Basic information (value update), threshold: 120795955B (45.00), target occupancy: 268435456B, current occupancy: 264048672B, recent allocation size: 2423840B, recent allocation duration: 6.15ms, recent old gen allocation rate: 394267774.94B/s, recent marking phase length: 0.00ms
[4.102s][debug][gc,ihop           ] GC(78) Adaptive IHOP information (value update), threshold: 120795955B (52.94), internal target occupancy: 228170137B, occupancy: 264048672B, additional buffer size: 12582912B, predicted old gen allocation rate: 540560664.92B/s, predicted marking phase length: 0.00ms, prediction active: false
[4.102s][debug][gc,ergo,refine    ] GC(78) Concurrent refinement times: Logged Cards Scan time goal: 20.00ms Logged Cards Scan time: 0.52ms HCC time: 0.00ms
[4.102s][debug][gc,ergo,refine    ] GC(78) Updated Refinement Zones: green: 19570, yellow: 58710, red: 97850
[4.102s][info ][gc,phases         ] GC(78)   Pre Evacuate Collection Set: 0.1ms
[4.102s][debug][gc,phases         ] GC(78)     Prepare TLABs: 0.0ms
[4.102s][debug][gc,phases         ] GC(78)     Concatenate Dirty Card Logs: 0.0ms
[4.102s][debug][gc,phases         ] GC(78)     Choose Collection Set: 0.0ms
[4.102s][debug][gc,phases         ] GC(78)     Region Register: 0.1ms
[4.102s][debug][gc,phases         ] GC(78)     Prepare Heap Roots: 0.0ms
[4.102s][info ][gc,phases         ] GC(78)   Merge Heap Roots: 0.1ms
[4.102s][debug][gc,phases         ] GC(78)     Prepare Merge Heap Roots: 0.0ms
[4.102s][debug][gc,phases         ] GC(78)     Eager Reclaim (ms):            skipped
[4.102s][debug][gc,phases         ] GC(78)     Remembered Sets (ms):          Min:  0.0, Avg:  0.0, Max:  0.0, Diff:  0.0, Sum:  0.0, Workers: 4
[4.102s][debug][gc,phases         ] GC(78)       Merged Sparse:                 Min: 0, Avg:  0.0, Max: 0, Diff: 0, Sum: 0, Workers: 4
[4.102s][debug][gc,phases         ] GC(78)       Merged Fine:                   Min: 0, Avg:  0.0, Max: 0, Diff: 0, Sum: 0, Workers: 4
[4.102s][debug][gc,phases         ] GC(78)       Merged Coarse:                 Min: 0, Avg:  0.0, Max: 0, Diff: 0, Sum: 0, Workers: 4
[4.102s][debug][gc,phases         ] GC(78)       Dirty Cards:                   Min: 0, Avg:  0.0, Max: 0, Diff: 0, Sum: 0, Workers: 4
[4.102s][debug][gc,phases         ] GC(78)     Hot Card Cache (ms):           Min:  0.0, Avg:  0.0, Max:  0.0, Diff:  0.0, Sum:  0.0, Workers: 4
[4.102s][debug][gc,phases         ] GC(78)       Dirty Cards:                   Min: 0, Avg:  0.0, Max: 0, Diff: 0, Sum: 0, Workers: 4
[4.102s][debug][gc,phases         ] GC(78)       Skipped Cards:                 Min: 0, Avg:  0.0, Max: 0, Diff: 0, Sum: 0, Workers: 4
[4.102s][debug][gc,phases         ] GC(78)     Log Buffers (ms):              Min:  0.0, Avg:  0.0, Max:  0.0, Diff:  0.0, Sum:  0.0, Workers: 4
[4.102s][debug][gc,phases         ] GC(78)       Dirty Cards:                   Min: 0, Avg: 531.5, Max: 900, Diff: 900, Sum: 2126, Workers: 4
[4.102s][debug][gc,phases         ] GC(78)       Skipped Cards:                 Min: 0, Avg:  0.0, Max: 0, Diff: 0, Sum: 0, Workers: 4
[4.102s][info ][gc,phases         ] GC(78)   Evacuate Collection Set: 5.7ms
[4.103s][debug][gc,phases         ] GC(78)     Ext Root Scanning (ms):        Min:  0.0, Avg:  0.0, Max:  0.0, Diff:  0.0, Sum:  0.1, Workers: 4
[4.103s][debug][gc,phases         ] GC(78)     Scan Heap Roots (ms):          Min:  0.0, Avg:  0.5, Max:  0.7, Diff:  0.7, Sum:  2.1, Workers: 4
[4.103s][debug][gc,phases         ] GC(78)       Scanned Cards:                 Min: 0, Avg: 372.8, Max: 512, Diff: 512, Sum: 1491, Workers: 4
[4.103s][debug][gc,phases         ] GC(78)       Scanned Blocks:                Min: 0, Avg:  2.0, Max: 3, Diff: 3, Sum: 8, Workers: 4
[4.103s][debug][gc,phases         ] GC(78)       Claimed Chunks:                Min: 0, Avg:  1.8, Max: 3, Diff: 3, Sum: 7, Workers: 4
[4.103s][debug][gc,phases         ] GC(78)     Code Root Scan (ms):           Min:  0.0, Avg:  0.0, Max:  0.0, Diff:  0.0, Sum:  0.0, Workers: 4
[4.103s][debug][gc,phases         ] GC(78)     Object Copy (ms):              Min:  1.9, Avg:  4.2, Max:  5.0, Diff:  3.1, Sum: 16.8, Workers: 4
[4.103s][debug][gc,phases         ] GC(78)     Termination (ms):              Min:  0.0, Avg:  0.0, Max:  0.1, Diff:  0.0, Sum:  0.2, Workers: 4
[4.103s][debug][gc,phases         ] GC(78)       Termination Attempts:          Min: 1, Avg:  1.8, Max: 3, Diff: 2, Sum: 7, Workers: 4
[4.103s][debug][gc,phases         ] GC(78)     GC Worker Other (ms):          Min:  0.0, Avg:  0.0, Max:  0.0, Diff:  0.0, Sum:  0.0, Workers: 4
[4.103s][debug][gc,phases         ] GC(78)     GC Worker Total (ms):          Min:  1.9, Avg:  4.8, Max:  5.7, Diff:  3.8, Sum: 19.1, Workers: 4
[4.103s][info ][gc,phases         ] GC(78)   Post Evacuate Collection Set: 0.3ms
[4.103s][debug][gc,phases         ] GC(78)     Code Roots Fixup: 0.0ms
[4.103s][debug][gc,phases         ] GC(78)     Reference Processing: 0.2ms
[4.103s][debug][gc,phases,ref     ] GC(78)       Reconsider SoftReferences: 0.1ms
[4.103s][debug][gc,phases,ref     ] GC(78)         SoftRef (ms):                  skipped
[4.103s][debug][gc,phases,ref     ] GC(78)       Notify Soft/WeakReferences: 0.0ms
[4.103s][debug][gc,phases,ref     ] GC(78)         SoftRef (ms):                  skipped
[4.103s][debug][gc,phases,ref     ] GC(78)         WeakRef (ms):                  skipped
[4.103s][debug][gc,phases,ref     ] GC(78)         FinalRef (ms):                 skipped
[4.103s][debug][gc,phases,ref     ] GC(78)         Total (ms):                    skipped
[4.103s][debug][gc,phases,ref     ] GC(78)       Notify and keep alive finalizable: 0.0ms
[4.103s][debug][gc,phases,ref     ] GC(78)         FinalRef (ms):                 skipped
[4.103s][debug][gc,phases,ref     ] GC(78)       Notify PhantomReferences: 0.0ms
[4.103s][debug][gc,phases,ref     ] GC(78)         PhantomRef (ms):               skipped
[4.103s][debug][gc,phases,ref     ] GC(78)       SoftReference:
[4.103s][debug][gc,phases,ref     ] GC(78)         Discovered: 0
[4.103s][debug][gc,phases,ref     ] GC(78)         Cleared: 0
[4.103s][debug][gc,phases,ref     ] GC(78)       WeakReference:
[4.103s][debug][gc,phases,ref     ] GC(78)         Discovered: 0
[4.103s][debug][gc,phases,ref     ] GC(78)         Cleared: 0
[4.103s][debug][gc,phases,ref     ] GC(78)       FinalReference:
[4.103s][debug][gc,phases,ref     ] GC(78)         Discovered: 0
[4.103s][debug][gc,phases,ref     ] GC(78)         Cleared: 0
[4.103s][debug][gc,phases,ref     ] GC(78)       PhantomReference:
[4.103s][debug][gc,phases,ref     ] GC(78)         Discovered: 0
[4.103s][debug][gc,phases,ref     ] GC(78)         Cleared: 0
[4.103s][debug][gc,phases         ] GC(78)     Weak Processing: 0.0ms
[4.103s][debug][gc,phases         ] GC(78)       VM Weak                        Min:  0.0, Avg:  0.0, Max:  0.0, Diff:  0.0, Sum:  0.0, Workers: 3
[4.103s][debug][gc,phases         ] GC(78)         Dead                           Min: 0, Avg:  0.0, Max: 0, Diff: 0, Sum: 0, Workers: 3
[4.103s][debug][gc,phases         ] GC(78)         Total                          Min: 0, Avg:  2.7, Max: 8, Diff: 8, Sum: 8, Workers: 3
[4.103s][debug][gc,phases         ] GC(78)       ObjectSynchronizer Weak        Min:  0.0, Avg:  0.0, Max:  0.0, Diff:  0.0, Sum:  0.0, Workers: 3
[4.103s][debug][gc,phases         ] GC(78)         Dead                           Min: 0, Avg:  0.0, Max: 0, Diff: 0, Sum: 0, Workers: 3
[4.103s][debug][gc,phases         ] GC(78)         Total                          Min: 0, Avg:  1.0, Max: 3, Diff: 3, Sum: 3, Workers: 3
[4.103s][debug][gc,phases         ] GC(78)       JVMTI Tag Weak OopStorage      Min:  0.0, Avg:  0.0, Max:  0.0, Diff:  0.0, Sum:  0.0, Workers: 3
[4.103s][debug][gc,phases         ] GC(78)         Dead                           Min: 0, Avg:  0.0, Max: 0, Diff: 0, Sum: 0, Workers: 3
[4.103s][debug][gc,phases         ] GC(78)         Total                          Min: 0, Avg:  0.0, Max: 0, Diff: 0, Sum: 0, Workers: 3
[4.103s][debug][gc,phases         ] GC(78)       StringTable Weak               Min:  0.0, Avg:  0.0, Max:  0.0, Diff:  0.0, Sum:  0.0, Workers: 3
[4.103s][debug][gc,phases         ] GC(78)         Dead                           Min: 0, Avg:  0.0, Max: 0, Diff: 0, Sum: 0, Workers: 3
[4.103s][debug][gc,phases         ] GC(78)         Total                          Min: 704, Avg: 819.0, Max: 1024, Diff: 320, Sum: 2457, Workers: 3
[4.103s][debug][gc,phases         ] GC(78)       ResolvedMethodTable Weak       Min:  0.0, Avg:  0.0, Max:  0.0, Diff:  0.0, Sum:  0.0, Workers: 3
[4.103s][debug][gc,phases         ] GC(78)         Dead                           Min: 0, Avg:  0.0, Max: 0, Diff: 0, Sum: 0, Workers: 3
[4.103s][debug][gc,phases         ] GC(78)         Total                          Min: 9, Avg: 45.7, Max: 64, Diff: 55, Sum: 137, Workers: 3
[4.103s][debug][gc,phases         ] GC(78)       JNI Weak                       Min:  0.0, Avg:  0.0, Max:  0.0, Diff:  0.0, Sum:  0.0, Workers: 3
[4.103s][debug][gc,phases         ] GC(78)         Dead                           Min: 0, Avg:  0.0, Max: 0, Diff: 0, Sum: 0, Workers: 3
[4.103s][debug][gc,phases         ] GC(78)         Total                          Min: 0, Avg:  0.0, Max: 0, Diff: 0, Sum: 0, Workers: 3
[4.103s][debug][gc,phases         ] GC(78)       StringDedup Table Weak         Min:  0.0, Avg:  0.0, Max:  0.0, Diff:  0.0, Sum:  0.0, Workers: 3
[4.103s][debug][gc,phases         ] GC(78)         Dead                           Min: 0, Avg:  0.0, Max: 0, Diff: 0, Sum: 0, Workers: 3
[4.103s][debug][gc,phases         ] GC(78)         Total                          Min: 0, Avg:  0.0, Max: 0, Diff: 0, Sum: 0, Workers: 3
[4.104s][debug][gc,phases         ] GC(78)       StringDedup Requests0 Weak     Min:  0.0, Avg:  0.0, Max:  0.0, Diff:  0.0, Sum:  0.0, Workers: 3
[4.104s][debug][gc,phases         ] GC(78)         Dead                           Min: 0, Avg:  0.0, Max: 0, Diff: 0, Sum: 0, Workers: 3
[4.104s][debug][gc,phases         ] GC(78)         Total                          Min: 0, Avg:  0.0, Max: 0, Diff: 0, Sum: 0, Workers: 3
[4.104s][debug][gc,phases         ] GC(78)       StringDedup Requests1 Weak     Min:  0.0, Avg:  0.0, Max:  0.0, Diff:  0.0, Sum:  0.0, Workers: 3
[4.104s][debug][gc,phases         ] GC(78)         Dead                           Min: 0, Avg:  0.0, Max: 0, Diff: 0, Sum: 0, Workers: 3
[4.104s][debug][gc,phases         ] GC(78)         Total                          Min: 0, Avg:  0.0, Max: 0, Diff: 0, Sum: 0, Workers: 3
[4.104s][debug][gc,phases         ] GC(78)       Weak JFR Old Object Samples    Min:  0.0, Avg:  0.0, Max:  0.0, Diff:  0.0, Sum:  0.0, Workers: 3
[4.104s][debug][gc,phases         ] GC(78)         Dead                           Min: 0, Avg:  0.0, Max: 0, Diff: 0, Sum: 0, Workers: 3
[4.104s][debug][gc,phases         ] GC(78)         Total                          Min: 0, Avg:  0.0, Max: 0, Diff: 0, Sum: 0, Workers: 3
[4.104s][debug][gc,phases         ] GC(78)     Post Evacuate Cleanup 1: 0.0ms
[4.104s][debug][gc,phases         ] GC(78)       Merge Per-Thread State (ms):   Min:  0.0, Avg:  0.0, Max:  0.0, Diff:  0.0, Sum:  0.0, Workers: 1
[4.104s][debug][gc,phases         ] GC(78)         Copied Bytes                   Min: 109520, Avg: 762416.0, Max: 1080400, Diff: 970880, Sum: 3049664, Workers: 4
[4.104s][debug][gc,phases         ] GC(78)         LAB Waste                      Min: 24, Avg: 120.0, Max: 160, Diff: 136, Sum: 480, Workers: 4
[4.104s][debug][gc,phases         ] GC(78)         LAB Undo Waste                 Min: 0, Avg:  0.0, Max: 0, Diff: 0, Sum: 0, Workers: 4
[4.104s][debug][gc,phases         ] GC(78)       Clear Logged Cards (ms):       Min:  0.0, Avg:  0.0, Max:  0.0, Diff:  0.0, Sum:  0.0, Workers: 3
[4.104s][debug][gc,phases         ] GC(78)       Recalculate Used Memory (ms):  Min:  0.0, Avg:  0.0, Max:  0.0, Diff:  0.0, Sum:  0.0, Workers: 1
[4.104s][debug][gc,phases         ] GC(78)     Post Evacuate Cleanup 2: 0.0ms
[4.104s][debug][gc,phases         ] GC(78)       Reset Hot Card Cache (ms):     Min:  0.0, Avg:  0.0, Max:  0.0, Diff:  0.0, Sum:  0.0, Workers: 1
[4.104s][debug][gc,phases         ] GC(78)       Purge Code Roots (ms):         Min:  0.0, Avg:  0.0, Max:  0.0, Diff:  0.0, Sum:  0.0, Workers: 1
[4.104s][debug][gc,phases         ] GC(78)       Update Derived Pointers (ms):  Min:  0.0, Avg:  0.0, Max:  0.0, Diff:  0.0, Sum:  0.0, Workers: 1
[4.104s][debug][gc,phases         ] GC(78)       Eagerly Reclaim Humongous Objects (ms): Min:  0.0, Avg:  0.0, Max:  0.0, Diff:  0.0, Sum:  0.0, Workers: 1
[4.104s][debug][gc,phases         ] GC(78)         Humongous Total                Min: 1, Avg:  1.0, Max: 1, Diff: 0, Sum: 1, Workers: 1
[4.104s][debug][gc,phases         ] GC(78)         Humongous Candidates           Min: 0, Avg:  0.0, Max: 0, Diff: 0, Sum: 0, Workers: 1
[4.104s][debug][gc,phases         ] GC(78)         Humongous Reclaimed            Min: 0, Avg:  0.0, Max: 0, Diff: 0, Sum: 0, Workers: 1
[4.104s][debug][gc,phases         ] GC(78)       Redirty Logged Cards (ms):     Min:  0.0, Avg:  0.0, Max:  0.0, Diff:  0.0, Sum:  0.0, Workers: 4
[4.104s][debug][gc,phases         ] GC(78)         Redirtied Cards:               Min: 0, Avg: 139.8, Max: 559, Diff: 559, Sum: 559, Workers: 4
[4.104s][debug][gc,phases         ] GC(78)       Free Collection Set (ms):      Min:  0.0, Avg:  0.0, Max:  0.0, Diff:  0.0, Sum:  0.0, Workers: 4
[4.104s][debug][gc,phases         ] GC(78)     Rebuild Free List: 0.1ms
[4.104s][debug][gc,phases         ] GC(78)     Start New Collection Set: 0.0ms
[4.104s][debug][gc,phases         ] GC(78)     Resize TLABs: 0.0ms
[4.104s][debug][gc,phases         ] GC(78)     Expand Heap After Collection: 0.0ms
[4.104s][info ][gc,phases         ] GC(78)   Other: 0.6ms
[4.104s][info ][gc,heap           ] GC(78) Eden regions: 1->0(10)
[4.104s][info ][gc,heap           ] GC(78) Survivor regions: 2->2(2)
[4.104s][info ][gc,heap           ] GC(78) Old regions: 213->215
[4.104s][info ][gc,heap           ] GC(78) Archive regions: 0->0
[4.104s][info ][gc,heap           ] GC(78) Humongous regions: 36->36
[4.104s][info ][gc,metaspace      ] GC(78) Metaspace: 471K(640K)->471K(640K) NonClass: 438K(512K)->438K(512K) Class: 33K(128K)->33K(128K)
[4.104s][debug][gc,heap           ] GC(78) Heap after GC invocations=74 (full 3):
[4.104s][debug][gc,heap           ] GC(78)  garbage-first heap   total 262144K, used 257860K [0x00000000f0000000, 0x0000000100000000)
[4.104s][debug][gc,heap           ] GC(78)   region size 1024K, 2 young (2048K), 2 survivors (2048K)
[4.104s][debug][gc,heap           ] GC(78)  Metaspace       used 471K, committed 640K, reserved 1056768K
[4.104s][debug][gc,heap           ] GC(78)   class space    used 33K, committed 128K, reserved 1048576K
[4.104s][info ][gc                ] GC(78) Pause Young (Normal) (G1 Preventive Collection) 251M->251M(256M) 8.774ms
[4.104s][info ][gc,cpu            ] GC(78) User=0.05s Sys=0.00s Real=0.01s
[4.107s][debug][gc,ergo,cset      ] Preventive GC, insufficient free regions. Predicted need 4. Curr Eden 1 (Pred 3). Curr Survivor 2 (Pred 2). Curr Old 215 (Pred 0) Free 2 Alloc 1
[4.107s][debug][gc,heap           ] GC(79) Heap before GC invocations=74 (full 3):
[4.107s][debug][gc,heap           ] GC(79)  garbage-first heap   total 262144K, used 257860K [0x00000000f0000000, 0x0000000100000000)
[4.107s][debug][gc,heap           ] GC(79)   region size 1024K, 3 young (3072K), 2 survivors (2048K)
[4.107s][debug][gc,heap           ] GC(79)  Metaspace       used 471K, committed 640K, reserved 1056768K
[4.107s][debug][gc,heap           ] GC(79)   class space    used 33K, committed 128K, reserved 1048576K
[4.107s][info ][gc,start          ] GC(79) Pause Young (Normal) (G1 Preventive Collection)
[4.107s][info ][gc,task           ] GC(79) Using 4 workers of 4 for evacuation
[4.107s][debug][gc,tlab           ] GC(79) TLAB totals: thrds: 1  refills: 7 max: 7 slow allocs: 0 max 0 waste:  0.4% gc: 0B max: 0B slow: 4080B max: 4080B
[4.107s][debug][gc,age            ] GC(79) Desired survivor size 1048576 bytes, new threshold 15 (max threshold 15)
[4.107s][debug][gc,refine,stats   ] GC(79) Mutator refinement: 0.00ms, refined: 0, precleaned: 0, dirtied: 510
[4.107s][debug][gc,refine,stats   ] GC(79) Concurrent refinement: 0.00ms, refined: 0, precleaned: 0, dirtied: 0
[4.107s][debug][gc,refine,stats   ] GC(79) Total refinement: 0.00ms, refined: 0, precleaned: 0, dirtied: 510
[4.107s][debug][gc,refine,stats   ] GC(79) Generate dirty cards rate: 100.24 cards/ms
[4.107s][debug][gc,alloc,region   ] GC(79) Mutator Allocation stats, regions: 1, wasted size: 0B ( 0.0%)
[4.107s][debug][gc,humongous      ] GC(79) Humongous region 173 (object size 36920416 @ 0x00000000fad00000) remset 0 code roots 0 marked 1 reclaim candidate 0 type array 0
[4.107s][debug][gc,ergo           ] GC(79) Running G1 Merge Heap Roots using 4 workers for 3 regions
[4.107s][debug][gc,remset         ] GC(79) Visited cards 1280 Total dirty 2048 (62.50%) Total old 526336 (0.24%)
[4.112s][debug][gc,ref            ] GC(79) Skipped phase 1 of Reference Processing: no references
[4.112s][debug][gc,ref            ] GC(79) Skipped phase 2 of Reference Processing: no references
[4.112s][debug][gc,ref            ] GC(79) Skipped phase 3 of Reference Processing: no references
[4.112s][debug][gc,ref            ] GC(79) Skipped phase 4 of Reference Processing: no references
[4.112s][debug][gc,ergo           ] GC(79) Running G1 Rebuild Free List Task using 4 workers for rebuilding free list of regions
[4.112s][debug][gc,plab           ] GC(79) Young PLAB allocation: allocated: 2097152B, wasted: 528B, unused: 25200B, used: 2071424B, undo waste: 0B, 
[4.112s][debug][gc,plab           ] GC(79) Young other allocation: region end waste: 0B, regions filled: 2, direct allocated: 0B, failure used: 0B, failure wasted: 0B
[4.112s][debug][gc,plab           ] GC(79) Young sizing: calculated: 414280B, actual: 375224B
[4.112s][debug][gc,plab           ] GC(79) Old PLAB allocation: allocated: 231984B, wasted: 0B, unused: 214416B, used: 17568B, undo waste: 0B, 
[4.112s][debug][gc,plab           ] GC(79) Old other allocation: region end waste: 0B, regions filled: 1, direct allocated: 0B, failure used: 0B, failure wasted: 0B
[4.112s][debug][gc,plab           ] GC(79) Old sizing: calculated: 3512B, actual: 118624B
[4.112s][debug][gc,ergo,heap      ] GC(79) Heap expansion: short term pause time ratio 51.50% long term pause time ratio 40.64% threshold 7.69% pause time ratio 7.69% fully expanded true resize by 0B
[4.112s][debug][gc,mmu            ] GC(79) MMU: 91.3ms (200.0ms/201.0ms)
[4.112s][debug][gc,alloc,stats    ] Old generation allocation in the last mutator period, old gen allocated: 231984B, humongous allocated: 0B,old gen growth: 231984B.
[4.112s][debug][gc,ihop           ] GC(79) Basic information (value update), threshold: 120795955B (45.00), target occupancy: 268435456B, current occupancy: 265126896B, recent allocation size: 231984B, recent allocation duration: 5.09ms, recent old gen allocation rate: 45596131.92B/s, recent marking phase length: 0.00ms
[4.112s][debug][gc,ihop           ] GC(79) Adaptive IHOP information (value update), threshold: 120795955B (52.94), internal target occupancy: 228170137B, occupancy: 265126896B, additional buffer size: 12582912B, predicted old gen allocation rate: 526536098.55B/s, predicted marking phase length: 0.00ms, prediction active: false
[4.112s][debug][gc,ergo,refine    ] GC(79) Concurrent refinement times: Logged Cards Scan time goal: 20.00ms Logged Cards Scan time: 0.45ms HCC time: 0.00ms
[4.112s][debug][gc,ergo,refine    ] GC(79) Updated Refinement Zones: green: 19570, yellow: 58710, red: 97850
[4.112s][info ][gc,phases         ] GC(79)   Pre Evacuate Collection Set: 0.1ms
[4.112s][debug][gc,phases         ] GC(79)     Prepare TLABs: 0.0ms
[4.112s][debug][gc,phases         ] GC(79)     Concatenate Dirty Card Logs: 0.0ms
[4.112s][debug][gc,phases         ] GC(79)     Choose Collection Set: 0.0ms
[4.112s][debug][gc,phases         ] GC(79)     Region Register: 0.1ms
[4.112s][debug][gc,phases         ] GC(79)     Prepare Heap Roots: 0.0ms
[4.112s][info ][gc,phases         ] GC(79)   Merge Heap Roots: 0.1ms
[4.112s][debug][gc,phases         ] GC(79)     Prepare Merge Heap Roots: 0.0ms
[4.112s][debug][gc,phases         ] GC(79)     Eager Reclaim (ms):            skipped
[4.112s][debug][gc,phases         ] GC(79)     Remembered Sets (ms):          Min:  0.0, Avg:  0.0, Max:  0.0, Diff:  0.0, Sum:  0.0, Workers: 4
[4.113s][debug][gc,phases         ] GC(79)       Merged Sparse:                 Min: 0, Avg:  0.0, Max: 0, Diff: 0, Sum: 0, Workers: 4
[4.113s][debug][gc,phases         ] GC(79)       Merged Fine:                   Min: 0, Avg:  0.0, Max: 0, Diff: 0, Sum: 0, Workers: 4
[4.113s][debug][gc,phases         ] GC(79)       Merged Coarse:                 Min: 0, Avg:  0.0, Max: 0, Diff: 0, Sum: 0, Workers: 4
[4.113s][debug][gc,phases         ] GC(79)       Dirty Cards:                   Min: 0, Avg:  0.0, Max: 0, Diff: 0, Sum: 0, Workers: 4
[4.113s][debug][gc,phases         ] GC(79)     Hot Card Cache (ms):           Min:  0.0, Avg:  0.0, Max:  0.0, Diff:  0.0, Sum:  0.0, Workers: 4
[4.113s][debug][gc,phases         ] GC(79)       Dirty Cards:                   Min: 0, Avg:  0.0, Max: 0, Diff: 0, Sum: 0, Workers: 4
[4.113s][debug][gc,phases         ] GC(79)       Skipped Cards:                 Min: 0, Avg:  0.0, Max: 0, Diff: 0, Sum: 0, Workers: 4
[4.113s][debug][gc,phases         ] GC(79)     Log Buffers (ms):              Min:  0.0, Avg:  0.0, Max:  0.0, Diff:  0.0, Sum:  0.0, Workers: 4
[4.113s][debug][gc,phases         ] GC(79)       Dirty Cards:                   Min: 0, Avg: 261.3, Max: 465, Diff: 465, Sum: 1045, Workers: 4
[4.113s][debug][gc,phases         ] GC(79)       Skipped Cards:                 Min: 0, Avg:  0.0, Max: 0, Diff: 0, Sum: 0, Workers: 4
[4.113s][info ][gc,phases         ] GC(79)   Evacuate Collection Set: 4.3ms
[4.113s][debug][gc,phases         ] GC(79)     Ext Root Scanning (ms):        Min:  0.0, Avg:  0.0, Max:  0.0, Diff:  0.0, Sum:  0.1, Workers: 4
[4.113s][debug][gc,phases         ] GC(79)     Scan Heap Roots (ms):          Min:  0.0, Avg:  0.4, Max:  0.9, Diff:  0.9, Sum:  1.8, Workers: 4
[4.113s][debug][gc,phases         ] GC(79)       Scanned Cards:                 Min: 0, Avg: 255.3, Max: 426, Diff: 426, Sum: 1021, Workers: 4
[4.113s][debug][gc,phases         ] GC(79)       Scanned Blocks:                Min: 0, Avg:  1.3, Max: 2, Diff: 2, Sum: 5, Workers: 4
[4.113s][debug][gc,phases         ] GC(79)       Claimed Chunks:                Min: 0, Avg:  1.3, Max: 2, Diff: 2, Sum: 5, Workers: 4
[4.113s][debug][gc,phases         ] GC(79)     Code Root Scan (ms):           Min:  0.0, Avg:  0.0, Max:  0.0, Diff:  0.0, Sum:  0.0, Workers: 4
[4.113s][debug][gc,phases         ] GC(79)     Object Copy (ms):              Min:  0.0, Avg:  2.5, Max:  3.8, Diff:  3.8, Sum: 10.1, Workers: 4
[4.113s][debug][gc,phases         ] GC(79)     Termination (ms):              Min:  0.0, Avg:  0.0, Max:  0.0, Diff:  0.0, Sum:  0.1, Workers: 4
[4.113s][debug][gc,phases         ] GC(79)       Termination Attempts:          Min: 1, Avg:  1.3, Max: 2, Diff: 1, Sum: 5, Workers: 4
[4.113s][debug][gc,phases         ] GC(79)     GC Worker Other (ms):          Min:  0.0, Avg:  0.0, Max:  0.0, Diff:  0.0, Sum:  0.0, Workers: 4
[4.113s][debug][gc,phases         ] GC(79)     GC Worker Total (ms):          Min:  0.0, Avg:  3.0, Max:  4.3, Diff:  4.3, Sum: 12.1, Workers: 4
[4.113s][info ][gc,phases         ] GC(79)   Post Evacuate Collection Set: 0.4ms
[4.113s][debug][gc,phases         ] GC(79)     Code Roots Fixup: 0.0ms
[4.113s][debug][gc,phases         ] GC(79)     Reference Processing: 0.2ms
[4.113s][debug][gc,phases,ref     ] GC(79)       Reconsider SoftReferences: 0.1ms
[4.113s][debug][gc,phases,ref     ] GC(79)         SoftRef (ms):                  skipped
[4.113s][debug][gc,phases,ref     ] GC(79)       Notify Soft/WeakReferences: 0.0ms
[4.113s][debug][gc,phases,ref     ] GC(79)         SoftRef (ms):                  skipped
[4.113s][debug][gc,phases,ref     ] GC(79)         WeakRef (ms):                  skipped
[4.113s][debug][gc,phases,ref     ] GC(79)         FinalRef (ms):                 skipped
[4.113s][debug][gc,phases,ref     ] GC(79)         Total (ms):                    skipped
[4.113s][debug][gc,phases,ref     ] GC(79)       Notify and keep alive finalizable: 0.0ms
[4.113s][debug][gc,phases,ref     ] GC(79)         FinalRef (ms):                 skipped
[4.113s][debug][gc,phases,ref     ] GC(79)       Notify PhantomReferences: 0.0ms
[4.113s][debug][gc,phases,ref     ] GC(79)         PhantomRef (ms):               skipped
[4.113s][debug][gc,phases,ref     ] GC(79)       SoftReference:
[4.113s][debug][gc,phases,ref     ] GC(79)         Discovered: 0
[4.113s][debug][gc,phases,ref     ] GC(79)         Cleared: 0
[4.113s][debug][gc,phases,ref     ] GC(79)       WeakReference:
[4.113s][debug][gc,phases,ref     ] GC(79)         Discovered: 0
[4.113s][debug][gc,phases,ref     ] GC(79)         Cleared: 0
[4.113s][debug][gc,phases,ref     ] GC(79)       FinalReference:
[4.113s][debug][gc,phases,ref     ] GC(79)         Discovered: 0
[4.113s][debug][gc,phases,ref     ] GC(79)         Cleared: 0
[4.113s][debug][gc,phases,ref     ] GC(79)       PhantomReference:
[4.113s][debug][gc,phases,ref     ] GC(79)         Discovered: 0
[4.113s][debug][gc,phases,ref     ] GC(79)         Cleared: 0
[4.113s][debug][gc,phases         ] GC(79)     Weak Processing: 0.0ms
[4.113s][debug][gc,phases         ] GC(79)       VM Weak                        Min:  0.0, Avg:  0.0, Max:  0.0, Diff:  0.0, Sum:  0.0, Workers: 3
[4.113s][debug][gc,phases         ] GC(79)         Dead                           Min: 0, Avg:  0.0, Max: 0, Diff: 0, Sum: 0, Workers: 3
[4.113s][debug][gc,phases         ] GC(79)         Total                          Min: 0, Avg:  2.7, Max: 8, Diff: 8, Sum: 8, Workers: 3
[4.113s][debug][gc,phases         ] GC(79)       ObjectSynchronizer Weak        Min:  0.0, Avg:  0.0, Max:  0.0, Diff:  0.0, Sum:  0.0, Workers: 3
[4.113s][debug][gc,phases         ] GC(79)         Dead                           Min: 0, Avg:  0.0, Max: 0, Diff: 0, Sum: 0, Workers: 3
[4.113s][debug][gc,phases         ] GC(79)         Total                          Min: 0, Avg:  1.0, Max: 3, Diff: 3, Sum: 3, Workers: 3
[4.113s][debug][gc,phases         ] GC(79)       JVMTI Tag Weak OopStorage      Min:  0.0, Avg:  0.0, Max:  0.0, Diff:  0.0, Sum:  0.0, Workers: 3
[4.113s][debug][gc,phases         ] GC(79)         Dead                           Min: 0, Avg:  0.0, Max: 0, Diff: 0, Sum: 0, Workers: 3
[4.113s][debug][gc,phases         ] GC(79)         Total                          Min: 0, Avg:  0.0, Max: 0, Diff: 0, Sum: 0, Workers: 3
[4.113s][debug][gc,phases         ] GC(79)       StringTable Weak               Min:  0.0, Avg:  0.0, Max:  0.0, Diff:  0.0, Sum:  0.0, Workers: 3
[4.113s][debug][gc,phases         ] GC(79)         Dead                           Min: 0, Avg:  0.0, Max: 0, Diff: 0, Sum: 0, Workers: 3
[4.113s][debug][gc,phases         ] GC(79)         Total                          Min: 601, Avg: 819.0, Max: 1024, Diff: 423, Sum: 2457, Workers: 3
[4.113s][debug][gc,phases         ] GC(79)       ResolvedMethodTable Weak       Min:  0.0, Avg:  0.0, Max:  0.0, Diff:  0.0, Sum:  0.0, Workers: 3
[4.114s][debug][gc,phases         ] GC(79)         Dead                           Min: 0, Avg:  0.0, Max: 0, Diff: 0, Sum: 0, Workers: 3
[4.114s][debug][gc,phases         ] GC(79)         Total                          Min: 9, Avg: 45.7, Max: 64, Diff: 55, Sum: 137, Workers: 3
[4.114s][debug][gc,phases         ] GC(79)       JNI Weak                       Min:  0.0, Avg:  0.0, Max:  0.0, Diff:  0.0, Sum:  0.0, Workers: 3
[4.114s][debug][gc,phases         ] GC(79)         Dead                           Min: 0, Avg:  0.0, Max: 0, Diff: 0, Sum: 0, Workers: 3
[4.114s][debug][gc,phases         ] GC(79)         Total                          Min: 0, Avg:  0.0, Max: 0, Diff: 0, Sum: 0, Workers: 3
[4.114s][debug][gc,phases         ] GC(79)       StringDedup Table Weak         Min:  0.0, Avg:  0.0, Max:  0.0, Diff:  0.0, Sum:  0.0, Workers: 3
[4.114s][debug][gc,phases         ] GC(79)         Dead                           Min: 0, Avg:  0.0, Max: 0, Diff: 0, Sum: 0, Workers: 3
[4.114s][debug][gc,phases         ] GC(79)         Total                          Min: 0, Avg:  0.0, Max: 0, Diff: 0, Sum: 0, Workers: 3
[4.114s][debug][gc,phases         ] GC(79)       StringDedup Requests0 Weak     Min:  0.0, Avg:  0.0, Max:  0.0, Diff:  0.0, Sum:  0.0, Workers: 3
[4.114s][debug][gc,phases         ] GC(79)         Dead                           Min: 0, Avg:  0.0, Max: 0, Diff: 0, Sum: 0, Workers: 3
[4.114s][debug][gc,phases         ] GC(79)         Total                          Min: 0, Avg:  0.0, Max: 0, Diff: 0, Sum: 0, Workers: 3
[4.114s][debug][gc,phases         ] GC(79)       StringDedup Requests1 Weak     Min:  0.0, Avg:  0.0, Max:  0.0, Diff:  0.0, Sum:  0.0, Workers: 3
[4.114s][debug][gc,phases         ] GC(79)         Dead                           Min: 0, Avg:  0.0, Max: 0, Diff: 0, Sum: 0, Workers: 3
[4.114s][debug][gc,phases         ] GC(79)         Total                          Min: 0, Avg:  0.0, Max: 0, Diff: 0, Sum: 0, Workers: 3
[4.114s][debug][gc,phases         ] GC(79)       Weak JFR Old Object Samples    Min:  0.0, Avg:  0.0, Max:  0.0, Diff:  0.0, Sum:  0.0, Workers: 3
[4.114s][debug][gc,phases         ] GC(79)         Dead                           Min: 0, Avg:  0.0, Max: 0, Diff: 0, Sum: 0, Workers: 3
[4.114s][debug][gc,phases         ] GC(79)         Total                          Min: 0, Avg:  0.0, Max: 0, Diff: 0, Sum: 0, Workers: 3
[4.114s][debug][gc,phases         ] GC(79)     Post Evacuate Cleanup 1: 0.0ms
[4.114s][debug][gc,phases         ] GC(79)       Merge Per-Thread State (ms):   Min:  0.0, Avg:  0.0, Max:  0.0, Diff:  0.0, Sum:  0.0, Workers: 1
[4.114s][debug][gc,phases         ] GC(79)         Copied Bytes                   Min: 0, Avg: 522248.0, Max: 748768, Diff: 748768, Sum: 2088992, Workers: 4
[4.114s][debug][gc,phases         ] GC(79)         LAB Waste                      Min: 0, Avg: 132.0, Max: 192, Diff: 192, Sum: 528, Workers: 4
[4.114s][debug][gc,phases         ] GC(79)         LAB Undo Waste                 Min: 0, Avg:  0.0, Max: 0, Diff: 0, Sum: 0, Workers: 4
[4.114s][debug][gc,phases         ] GC(79)       Clear Logged Cards (ms):       Min:  0.0, Avg:  0.0, Max:  0.0, Diff:  0.0, Sum:  0.0, Workers: 3
[4.114s][debug][gc,phases         ] GC(79)       Recalculate Used Memory (ms):  Min:  0.0, Avg:  0.0, Max:  0.0, Diff:  0.0, Sum:  0.0, Workers: 1
[4.114s][debug][gc,phases         ] GC(79)     Post Evacuate Cleanup 2: 0.0ms
[4.114s][debug][gc,phases         ] GC(79)       Reset Hot Card Cache (ms):     Min:  0.0, Avg:  0.0, Max:  0.0, Diff:  0.0, Sum:  0.0, Workers: 1
[4.114s][debug][gc,phases         ] GC(79)       Purge Code Roots (ms):         Min:  0.0, Avg:  0.0, Max:  0.0, Diff:  0.0, Sum:  0.0, Workers: 1
[4.114s][debug][gc,phases         ] GC(79)       Update Derived Pointers (ms):  Min:  0.0, Avg:  0.0, Max:  0.0, Diff:  0.0, Sum:  0.0, Workers: 1
[4.114s][debug][gc,phases         ] GC(79)       Eagerly Reclaim Humongous Objects (ms): Min:  0.0, Avg:  0.0, Max:  0.0, Diff:  0.0, Sum:  0.0, Workers: 1
[4.114s][debug][gc,phases         ] GC(79)         Humongous Total                Min: 1, Avg:  1.0, Max: 1, Diff: 0, Sum: 1, Workers: 1
[4.114s][debug][gc,phases         ] GC(79)         Humongous Candidates           Min: 0, Avg:  0.0, Max: 0, Diff: 0, Sum: 0, Workers: 1
[4.114s][debug][gc,phases         ] GC(79)         Humongous Reclaimed            Min: 0, Avg:  0.0, Max: 0, Diff: 0, Sum: 0, Workers: 1
[4.114s][debug][gc,phases         ] GC(79)       Redirty Logged Cards (ms):     Min:  0.0, Avg:  0.0, Max:  0.0, Diff:  0.0, Sum:  0.0, Workers: 4
[4.114s][debug][gc,phases         ] GC(79)         Redirtied Cards:               Min: 0, Avg: 268.3, Max: 717, Diff: 717, Sum: 1073, Workers: 4
[4.114s][debug][gc,phases         ] GC(79)       Free Collection Set (ms):      Min:  0.0, Avg:  0.0, Max:  0.0, Diff:  0.0, Sum:  0.0, Workers: 4
[4.114s][debug][gc,phases         ] GC(79)     Rebuild Free List: 0.1ms
[4.114s][debug][gc,phases         ] GC(79)     Start New Collection Set: 0.0ms
[4.114s][debug][gc,phases         ] GC(79)     Resize TLABs: 0.0ms
[4.114s][debug][gc,phases         ] GC(79)     Expand Heap After Collection: 0.0ms
[4.114s][info ][gc,phases         ] GC(79)   Other: 0.5ms
[4.114s][info ][gc,heap           ] GC(79) Eden regions: 1->0(10)
[4.114s][info ][gc,heap           ] GC(79) Survivor regions: 2->2(2)
[4.114s][info ][gc,heap           ] GC(79) Old regions: 215->215
[4.114s][info ][gc,heap           ] GC(79) Archive regions: 0->0
[4.114s][info ][gc,heap           ] GC(79) Humongous regions: 36->36
[4.114s][info ][gc,metaspace      ] GC(79) Metaspace: 471K(640K)->471K(640K) NonClass: 438K(512K)->438K(512K) Class: 33K(128K)->33K(128K)
[4.114s][debug][gc,heap           ] GC(79) Heap after GC invocations=75 (full 3):
[4.114s][debug][gc,heap           ] GC(79)  garbage-first heap   total 262144K, used 258912K [0x00000000f0000000, 0x0000000100000000)
[4.114s][debug][gc,heap           ] GC(79)   region size 1024K, 2 young (2048K), 2 survivors (2048K)
[4.114s][debug][gc,heap           ] GC(79)  Metaspace       used 471K, committed 640K, reserved 1056768K
[4.114s][debug][gc,heap           ] GC(79)   class space    used 33K, committed 128K, reserved 1048576K
[4.114s][info ][gc                ] GC(79) Pause Young (Normal) (G1 Preventive Collection) 252M->252M(256M) 7.296ms
[4.114s][info ][gc,cpu            ] GC(79) User=0.00s Sys=0.00s Real=0.01s
[4.116s][debug][gc,ergo,cset      ] Preventive GC, insufficient free regions. Predicted need 5. Curr Eden 1 (Pred 3). Curr Survivor 2 (Pred 3). Curr Old 215 (Pred 0) Free 2 Alloc 1
[4.117s][debug][gc,heap           ] GC(80) Heap before GC invocations=75 (full 3):
[4.117s][debug][gc,heap           ] GC(80)  garbage-first heap   total 262144K, used 258912K [0x00000000f0000000, 0x0000000100000000)
[4.117s][debug][gc,heap           ] GC(80)   region size 1024K, 3 young (3072K), 2 survivors (2048K)
[4.117s][debug][gc,heap           ] GC(80)  Metaspace       used 471K, committed 640K, reserved 1056768K
[4.117s][debug][gc,heap           ] GC(80)   class space    used 33K, committed 128K, reserved 1048576K
[4.117s][info ][gc,start          ] GC(80) Pause Young (Normal) (G1 Preventive Collection)
[4.117s][info ][gc,task           ] GC(80) Using 4 workers of 4 for evacuation
[4.117s][debug][gc,tlab           ] GC(80) TLAB totals: thrds: 1  refills: 7 max: 7 slow allocs: 0 max 0 waste:  0.4% gc: 0B max: 0B slow: 4080B max: 4080B
[4.117s][debug][gc,age            ] GC(80) Desired survivor size 1048576 bytes, new threshold 2 (max threshold 15)
[4.117s][debug][gc,refine,stats   ] GC(80) Mutator refinement: 0.00ms, refined: 0, precleaned: 0, dirtied: 510
[4.117s][debug][gc,refine,stats   ] GC(80) Concurrent refinement: 0.00ms, refined: 0, precleaned: 0, dirtied: 0
[4.117s][debug][gc,refine,stats   ] GC(80) Total refinement: 0.00ms, refined: 0, precleaned: 0, dirtied: 510
[4.117s][debug][gc,refine,stats   ] GC(80) Generate dirty cards rate: 109.37 cards/ms
[4.117s][debug][gc,alloc,region   ] GC(80) Mutator Allocation stats, regions: 1, wasted size: 0B ( 0.0%)
[4.117s][debug][gc,humongous      ] GC(80) Humongous region 173 (object size 36920416 @ 0x00000000fad00000) remset 0 code roots 0 marked 1 reclaim candidate 0 type array 0
[4.117s][debug][gc,ergo           ] GC(80) Running G1 Merge Heap Roots using 4 workers for 3 regions
[4.117s][debug][gc,remset         ] GC(80) Visited cards 1792 Total dirty 2048 (87.50%) Total old 526336 (0.34%)
[4.121s][debug][gc,ergo,heap      ] GC(80) Attempt heap expansion (region allocation request failed). Allocation request: 93800B
[4.121s][debug][gc,ergo,heap      ] GC(80) Did not expand the heap (heap already fully expanded)
[4.124s][debug][gc,task,start     ] G1 Service Thread (Periodic GC Task) (run)
[4.124s][debug][gc,ref            ] GC(80) Skipped phase 1 of Reference Processing: no references
[4.124s][debug][gc,task           ] G1 Service Thread (Periodic GC Task) (run) 0.061ms (cpu: 0.000ms)
[4.124s][debug][gc,ref            ] GC(80) Skipped phase 2 of Reference Processing: no references
[4.124s][debug][gc,ref            ] GC(80) Skipped phase 3 of Reference Processing: no references
[4.124s][debug][gc,ref            ] GC(80) Skipped phase 4 of Reference Processing: no references
[4.126s][debug][gc,ergo           ] GC(80) Running G1 Rebuild Free List Task using 4 workers for rebuilding free list of regions
[4.126s][debug][gc,plab           ] GC(80) Young PLAB allocation: allocated: 1048576B, wasted: 288B, unused: 0B, used: 1048288B, undo waste: 0B, 
[4.126s][debug][gc,plab           ] GC(80) Young other allocation: region end waste: 0B, regions filled: 1, direct allocated: 0B, failure used: 0B, failure wasted: 0B
[4.126s][debug][gc,plab           ] GC(80) Young sizing: calculated: 209656B, actual: 251048B
[4.126s][debug][gc,plab           ] GC(80) Old PLAB allocation: allocated: 1211392B, wasted: 984B, unused: 28616B, used: 1181792B, undo waste: 0B, 
[4.126s][debug][gc,plab           ] GC(80) Old other allocation: region end waste: 0B, regions filled: 2, direct allocated: 0B, failure used: 885840B, failure wasted: 1211312B
[4.126s][debug][gc,plab           ] GC(80) Old sizing: calculated: 236352B, actual: 206920B
[4.126s][debug][gc,ergo,heap      ] GC(80) Heap expansion: short term pause time ratio 50.08% long term pause time ratio 39.33% threshold 7.69% pause time ratio 7.69% fully expanded true resize by 0B
[4.126s][debug][gc,mmu            ] GC(80) MMU: 100.3ms (200.0ms/201.0ms)
[4.126s][debug][gc,alloc,stats    ] Old generation allocation in the last mutator period, old gen allocated: 3308544B, humongous allocated: 0B,old gen growth: 3308544B.
[4.126s][debug][gc,ihop           ] GC(80) Basic information (value update), threshold: 120795955B (45.00), target occupancy: 268435456B, current occupancy: 267386864B, recent allocation size: 3308544B, recent allocation duration: 4.66ms, recent old gen allocation rate: 709515987.22B/s, recent marking phase length: 0.00ms
[4.126s][debug][gc,ihop           ] GC(80) Adaptive IHOP information (value update), threshold: 120795955B (52.94), internal target occupancy: 228170137B, occupancy: 267386864B, additional buffer size: 12582912B, predicted old gen allocation rate: 543117983.74B/s, predicted marking phase length: 0.00ms, prediction active: false
[4.126s][debug][gc,ergo,refine    ] GC(80) Concurrent refinement times: Logged Cards Scan time goal: 20.00ms Logged Cards Scan time: 0.84ms HCC time: 0.00ms
[4.126s][debug][gc,ergo,refine    ] GC(80) Updated Refinement Zones: green: 19570, yellow: 58710, red: 97850
[4.126s][info ][gc                ] GC(80) To-space exhausted
[4.126s][info ][gc,phases         ] GC(80)   Pre Evacuate Collection Set: 0.1ms
[4.126s][debug][gc,phases         ] GC(80)     Prepare TLABs: 0.0ms
[4.126s][debug][gc,phases         ] GC(80)     Concatenate Dirty Card Logs: 0.0ms
[4.126s][debug][gc,phases         ] GC(80)     Choose Collection Set: 0.0ms
[4.126s][debug][gc,phases         ] GC(80)     Region Register: 0.1ms
[4.126s][debug][gc,phases         ] GC(80)     Prepare Heap Roots: 0.0ms
[4.126s][info ][gc,phases         ] GC(80)   Merge Heap Roots: 0.1ms
[4.126s][debug][gc,phases         ] GC(80)     Prepare Merge Heap Roots: 0.0ms
[4.126s][debug][gc,phases         ] GC(80)     Eager Reclaim (ms):            skipped
[4.126s][debug][gc,phases         ] GC(80)     Remembered Sets (ms):          Min:  0.0, Avg:  0.0, Max:  0.0, Diff:  0.0, Sum:  0.0, Workers: 4
[4.126s][debug][gc,phases         ] GC(80)       Merged Sparse:                 Min: 0, Avg:  0.0, Max: 0, Diff: 0, Sum: 0, Workers: 4
[4.126s][debug][gc,phases         ] GC(80)       Merged Fine:                   Min: 0, Avg:  0.0, Max: 0, Diff: 0, Sum: 0, Workers: 4
[4.126s][debug][gc,phases         ] GC(80)       Merged Coarse:                 Min: 0, Avg:  0.0, Max: 0, Diff: 0, Sum: 0, Workers: 4
[4.126s][debug][gc,phases         ] GC(80)       Dirty Cards:                   Min: 0, Avg:  0.0, Max: 0, Diff: 0, Sum: 0, Workers: 4
[4.126s][debug][gc,phases         ] GC(80)     Hot Card Cache (ms):           Min:  0.0, Avg:  0.0, Max:  0.0, Diff:  0.0, Sum:  0.0, Workers: 4
[4.126s][debug][gc,phases         ] GC(80)       Dirty Cards:                   Min: 0, Avg:  0.0, Max: 0, Diff: 0, Sum: 0, Workers: 4
[4.126s][debug][gc,phases         ] GC(80)       Skipped Cards:                 Min: 0, Avg:  0.0, Max: 0, Diff: 0, Sum: 0, Workers: 4
[4.126s][debug][gc,phases         ] GC(80)     Log Buffers (ms):              Min:  0.0, Avg:  0.0, Max:  0.0, Diff:  0.0, Sum:  0.0, Workers: 4
[4.126s][debug][gc,phases         ] GC(80)       Dirty Cards:                   Min: 0, Avg: 389.8, Max: 553, Diff: 553, Sum: 1559, Workers: 4
[4.126s][debug][gc,phases         ] GC(80)       Skipped Cards:                 Min: 0, Avg:  0.0, Max: 0, Diff: 0, Sum: 0, Workers: 4
[4.126s][info ][gc,phases         ] GC(80)   Evacuate Collection Set: 6.4ms
[4.126s][debug][gc,phases         ] GC(80)     Ext Root Scanning (ms):        Min:  0.0, Avg:  0.0, Max:  0.0, Diff:  0.0, Sum:  0.1, Workers: 4
[4.126s][debug][gc,phases         ] GC(80)     Scan Heap Roots (ms):          Min:  0.0, Avg:  0.8, Max:  1.8, Diff:  1.8, Sum:  3.3, Workers: 4
[4.126s][debug][gc,phases         ] GC(80)       Scanned Cards:                 Min: 0, Avg: 381.3, Max: 512, Diff: 512, Sum: 1525, Workers: 4
[4.126s][debug][gc,phases         ] GC(80)       Scanned Blocks:                Min: 0, Avg:  2.0, Max: 3, Diff: 3, Sum: 8, Workers: 4
[4.126s][debug][gc,phases         ] GC(80)       Claimed Chunks:                Min: 0, Avg:  1.8, Max: 3, Diff: 3, Sum: 7, Workers: 4
[4.126s][debug][gc,phases         ] GC(80)     Code Root Scan (ms):           Min:  0.0, Avg:  0.0, Max:  0.0, Diff:  0.0, Sum:  0.0, Workers: 4
[4.126s][debug][gc,phases         ] GC(80)     Object Copy (ms):              Min:  2.4, Avg:  4.5, Max:  5.6, Diff:  3.2, Sum: 18.0, Workers: 4
[4.126s][debug][gc,phases         ] GC(80)     Termination (ms):              Min:  0.0, Avg:  0.0, Max:  0.0, Diff:  0.0, Sum:  0.1, Workers: 4
[4.126s][debug][gc,phases         ] GC(80)       Termination Attempts:          Min: 1, Avg:  2.3, Max: 5, Diff: 4, Sum: 9, Workers: 4
[4.126s][debug][gc,phases         ] GC(80)     GC Worker Other (ms):          Min:  0.0, Avg:  0.0, Max:  0.0, Diff:  0.0, Sum:  0.0, Workers: 4
[4.127s][debug][gc,phases         ] GC(80)     GC Worker Total (ms):          Min:  2.4, Avg:  5.4, Max:  6.4, Diff:  4.0, Sum: 21.6, Workers: 4
[4.127s][info ][gc,phases         ] GC(80)   Post Evacuate Collection Set: 2.1ms
[4.127s][debug][gc,phases         ] GC(80)     Code Roots Fixup: 0.0ms
[4.127s][debug][gc,phases         ] GC(80)     Reference Processing: 0.2ms
[4.127s][debug][gc,phases,ref     ] GC(80)       Reconsider SoftReferences: 0.1ms
[4.127s][debug][gc,phases,ref     ] GC(80)         SoftRef (ms):                  skipped
[4.127s][debug][gc,phases,ref     ] GC(80)       Notify Soft/WeakReferences: 0.1ms
[4.127s][debug][gc,phases,ref     ] GC(80)         SoftRef (ms):                  skipped
[4.127s][debug][gc,phases,ref     ] GC(80)         WeakRef (ms):                  skipped
[4.127s][debug][gc,phases,ref     ] GC(80)         FinalRef (ms):                 skipped
[4.127s][debug][gc,phases,ref     ] GC(80)         Total (ms):                    skipped
[4.127s][debug][gc,phases,ref     ] GC(80)       Notify and keep alive finalizable: 0.0ms
[4.127s][debug][gc,phases,ref     ] GC(80)         FinalRef (ms):                 skipped
[4.127s][debug][gc,phases,ref     ] GC(80)       Notify PhantomReferences: 0.0ms
[4.127s][debug][gc,phases,ref     ] GC(80)         PhantomRef (ms):               skipped
[4.127s][debug][gc,phases,ref     ] GC(80)       SoftReference:
[4.127s][debug][gc,phases,ref     ] GC(80)         Discovered: 0
[4.127s][debug][gc,phases,ref     ] GC(80)         Cleared: 0
[4.127s][debug][gc,phases,ref     ] GC(80)       WeakReference:
[4.127s][debug][gc,phases,ref     ] GC(80)         Discovered: 0
[4.127s][debug][gc,phases,ref     ] GC(80)         Cleared: 0
[4.127s][debug][gc,phases,ref     ] GC(80)       FinalReference:
[4.127s][debug][gc,phases,ref     ] GC(80)         Discovered: 0
[4.127s][debug][gc,phases,ref     ] GC(80)         Cleared: 0
[4.127s][debug][gc,phases,ref     ] GC(80)       PhantomReference:
[4.127s][debug][gc,phases,ref     ] GC(80)         Discovered: 0
[4.127s][debug][gc,phases,ref     ] GC(80)         Cleared: 0
[4.127s][debug][gc,phases         ] GC(80)     Weak Processing: 0.0ms
[4.127s][debug][gc,phases         ] GC(80)       VM Weak                        Min:  0.0, Avg:  0.0, Max:  0.0, Diff:  0.0, Sum:  0.0, Workers: 3
[4.127s][debug][gc,phases         ] GC(80)         Dead                           Min: 0, Avg:  0.0, Max: 0, Diff: 0, Sum: 0, Workers: 3
[4.127s][debug][gc,phases         ] GC(80)         Total                          Min: 0, Avg:  2.7, Max: 8, Diff: 8, Sum: 8, Workers: 3
[4.127s][debug][gc,phases         ] GC(80)       ObjectSynchronizer Weak        Min:  0.0, Avg:  0.0, Max:  0.0, Diff:  0.0, Sum:  0.0, Workers: 3
[4.127s][debug][gc,phases         ] GC(80)         Dead                           Min: 0, Avg:  0.0, Max: 0, Diff: 0, Sum: 0, Workers: 3
[4.127s][debug][gc,phases         ] GC(80)         Total                          Min: 0, Avg:  1.0, Max: 3, Diff: 3, Sum: 3, Workers: 3
[4.127s][debug][gc,phases         ] GC(80)       JVMTI Tag Weak OopStorage      Min:  0.0, Avg:  0.0, Max:  0.0, Diff:  0.0, Sum:  0.0, Workers: 3
[4.127s][debug][gc,phases         ] GC(80)         Dead                           Min: 0, Avg:  0.0, Max: 0, Diff: 0, Sum: 0, Workers: 3
[4.127s][debug][gc,phases         ] GC(80)         Total                          Min: 0, Avg:  0.0, Max: 0, Diff: 0, Sum: 0, Workers: 3
[4.127s][debug][gc,phases         ] GC(80)       StringTable Weak               Min:  0.0, Avg:  0.0, Max:  0.0, Diff:  0.0, Sum:  0.0, Workers: 3
[4.127s][debug][gc,phases         ] GC(80)         Dead                           Min: 0, Avg:  0.0, Max: 0, Diff: 0, Sum: 0, Workers: 3
[4.127s][debug][gc,phases         ] GC(80)         Total                          Min: 576, Avg: 819.0, Max: 985, Diff: 409, Sum: 2457, Workers: 3
[4.127s][debug][gc,phases         ] GC(80)       ResolvedMethodTable Weak       Min:  0.0, Avg:  0.0, Max:  0.0, Diff:  0.0, Sum:  0.0, Workers: 3
[4.127s][debug][gc,phases         ] GC(80)         Dead                           Min: 0, Avg:  0.0, Max: 0, Diff: 0, Sum: 0, Workers: 3
[4.127s][debug][gc,phases         ] GC(80)         Total                          Min: 9, Avg: 45.7, Max: 64, Diff: 55, Sum: 137, Workers: 3
[4.127s][debug][gc,phases         ] GC(80)       JNI Weak                       Min:  0.0, Avg:  0.0, Max:  0.0, Diff:  0.0, Sum:  0.0, Workers: 3
[4.127s][debug][gc,phases         ] GC(80)         Dead                           Min: 0, Avg:  0.0, Max: 0, Diff: 0, Sum: 0, Workers: 3
[4.127s][debug][gc,phases         ] GC(80)         Total                          Min: 0, Avg:  0.0, Max: 0, Diff: 0, Sum: 0, Workers: 3
[4.127s][debug][gc,phases         ] GC(80)       StringDedup Table Weak         Min:  0.0, Avg:  0.0, Max:  0.0, Diff:  0.0, Sum:  0.0, Workers: 3
[4.127s][debug][gc,phases         ] GC(80)         Dead                           Min: 0, Avg:  0.0, Max: 0, Diff: 0, Sum: 0, Workers: 3
[4.127s][debug][gc,phases         ] GC(80)         Total                          Min: 0, Avg:  0.0, Max: 0, Diff: 0, Sum: 0, Workers: 3
[4.127s][debug][gc,phases         ] GC(80)       StringDedup Requests0 Weak     Min:  0.0, Avg:  0.0, Max:  0.0, Diff:  0.0, Sum:  0.0, Workers: 3
[4.127s][debug][gc,phases         ] GC(80)         Dead                           Min: 0, Avg:  0.0, Max: 0, Diff: 0, Sum: 0, Workers: 3
[4.127s][debug][gc,phases         ] GC(80)         Total                          Min: 0, Avg:  0.0, Max: 0, Diff: 0, Sum: 0, Workers: 3
[4.127s][debug][gc,phases         ] GC(80)       StringDedup Requests1 Weak     Min:  0.0, Avg:  0.0, Max:  0.0, Diff:  0.0, Sum:  0.0, Workers: 3
[4.127s][debug][gc,phases         ] GC(80)         Dead                           Min: 0, Avg:  0.0, Max: 0, Diff: 0, Sum: 0, Workers: 3
[4.127s][debug][gc,phases         ] GC(80)         Total                          Min: 0, Avg:  0.0, Max: 0, Diff: 0, Sum: 0, Workers: 3
[4.127s][debug][gc,phases         ] GC(80)       Weak JFR Old Object Samples    Min:  0.0, Avg:  0.0, Max:  0.0, Diff:  0.0, Sum:  0.0, Workers: 3
[4.127s][debug][gc,phases         ] GC(80)         Dead                           Min: 0, Avg:  0.0, Max: 0, Diff: 0, Sum: 0, Workers: 3
[4.127s][debug][gc,phases         ] GC(80)         Total                          Min: 0, Avg:  0.0, Max: 0, Diff: 0, Sum: 0, Workers: 3
[4.127s][debug][gc,phases         ] GC(80)     Post Evacuate Cleanup 1: 1.7ms
[4.128s][debug][gc,phases         ] GC(80)       Merge Per-Thread State (ms):   Min:  0.0, Avg:  0.0, Max:  0.0, Diff:  0.0, Sum:  0.0, Workers: 1
[4.128s][debug][gc,phases         ] GC(80)         Copied Bytes                   Min: 1040, Avg: 557520.0, Max: 801344, Diff: 800304, Sum: 2230080, Workers: 4
[4.128s][debug][gc,phases         ] GC(80)         LAB Waste                      Min: 0, Avg: 318.0, Max: 504, Diff: 504, Sum: 1272, Workers: 4
[4.128s][debug][gc,phases         ] GC(80)         LAB Undo Waste                 Min: 0, Avg:  0.0, Max: 0, Diff: 0, Sum: 0, Workers: 4
[4.128s][debug][gc,phases         ] GC(80)       Clear Logged Cards (ms):       Min:  0.0, Avg:  0.0, Max:  0.0, Diff:  0.0, Sum:  0.0, Workers: 4
[4.128s][debug][gc,phases         ] GC(80)       Recalculate Used Memory (ms):  Min:  0.0, Avg:  0.0, Max:  0.0, Diff:  0.0, Sum:  0.0, Workers: 1
[4.128s][debug][gc,phases         ] GC(80)       Remove Self Forwards (ms):     Min:  0.0, Avg:  0.7, Max:  1.6, Diff:  1.6, Sum:  2.8, Workers: 4
[4.128s][debug][gc,phases         ] GC(80)     Post Evacuate Cleanup 2: 0.0ms
[4.128s][debug][gc,phases         ] GC(80)       Recalculate Used Memory (ms):  Min:  0.0, Avg:  0.0, Max:  0.0, Diff:  0.0, Sum:  0.0, Workers: 1
[4.128s][debug][gc,phases         ] GC(80)       Restore Preserved Marks (ms):  Min:  0.0, Avg:  0.0, Max:  0.0, Diff:  0.0, Sum:  0.0, Workers: 4
[4.128s][debug][gc,phases         ] GC(80)       Reset Hot Card Cache (ms):     Min:  0.0, Avg:  0.0, Max:  0.0, Diff:  0.0, Sum:  0.0, Workers: 1
[4.128s][debug][gc,phases         ] GC(80)       Purge Code Roots (ms):         Min:  0.0, Avg:  0.0, Max:  0.0, Diff:  0.0, Sum:  0.0, Workers: 1
[4.128s][debug][gc,phases         ] GC(80)       Update Derived Pointers (ms):  Min:  0.0, Avg:  0.0, Max:  0.0, Diff:  0.0, Sum:  0.0, Workers: 1
[4.128s][debug][gc,phases         ] GC(80)       Eagerly Reclaim Humongous Objects (ms): Min:  0.0, Avg:  0.0, Max:  0.0, Diff:  0.0, Sum:  0.0, Workers: 1
[4.128s][debug][gc,phases         ] GC(80)         Humongous Total                Min: 1, Avg:  1.0, Max: 1, Diff: 0, Sum: 1, Workers: 1
[4.128s][debug][gc,phases         ] GC(80)         Humongous Candidates           Min: 0, Avg:  0.0, Max: 0, Diff: 0, Sum: 0, Workers: 1
[4.128s][debug][gc,phases         ] GC(80)         Humongous Reclaimed            Min: 0, Avg:  0.0, Max: 0, Diff: 0, Sum: 0, Workers: 1
[4.128s][debug][gc,phases         ] GC(80)       Redirty Logged Cards (ms):     Min:  0.0, Avg:  0.0, Max:  0.0, Diff:  0.0, Sum:  0.0, Workers: 4
[4.128s][debug][gc,phases         ] GC(80)         Redirtied Cards:               Min: 0, Avg: 245.8, Max: 887, Diff: 887, Sum: 983, Workers: 4
[4.128s][debug][gc,phases         ] GC(80)       Free Collection Set (ms):      Min:  0.0, Avg:  0.0, Max:  0.0, Diff:  0.0, Sum:  0.0, Workers: 4
[4.128s][debug][gc,phases         ] GC(80)     Rebuild Free List: 0.1ms
[4.128s][debug][gc,phases         ] GC(80)     Start New Collection Set: 0.0ms
[4.128s][debug][gc,phases         ] GC(80)     Resize TLABs: 0.0ms
[4.128s][debug][gc,phases         ] GC(80)     Expand Heap After Collection: 0.0ms
[4.128s][info ][gc,phases         ] GC(80)   Other: 0.7ms
[4.128s][info ][gc,heap           ] GC(80) Eden regions: 1->0(11)
[4.128s][info ][gc,heap           ] GC(80) Survivor regions: 2->1(2)
[4.128s][info ][gc,heap           ] GC(80) Old regions: 215->218
[4.128s][info ][gc,heap           ] GC(80) Archive regions: 0->0
[4.128s][info ][gc,heap           ] GC(80) Humongous regions: 36->36
[4.128s][info ][gc,metaspace      ] GC(80) Metaspace: 471K(640K)->471K(640K) NonClass: 438K(512K)->438K(512K) Class: 33K(128K)->33K(128K)
[4.128s][debug][gc,heap           ] GC(80) Heap after GC invocations=76 (full 3):
[4.128s][debug][gc,heap           ] GC(80)  garbage-first heap   total 262144K, used 261119K [0x00000000f0000000, 0x0000000100000000)
[4.128s][debug][gc,heap           ] GC(80)   region size 1024K, 1 young (1024K), 1 survivors (1024K)
[4.128s][debug][gc,heap           ] GC(80)  Metaspace       used 471K, committed 640K, reserved 1056768K
[4.128s][debug][gc,heap           ] GC(80)   class space    used 33K, committed 128K, reserved 1048576K
[4.129s][info ][gc                ] GC(80) Pause Young (Normal) (G1 Preventive Collection) 253M->254M(256M) 11.723ms
[4.129s][info ][gc,cpu            ] GC(80) User=0.00s Sys=0.00s Real=0.01s
[4.131s][debug][gc,heap           ] GC(81) Heap before GC invocations=76 (full 3):
[4.131s][debug][gc,heap           ] GC(81)  garbage-first heap   total 262144K, used 262143K [0x00000000f0000000, 0x0000000100000000)
[4.131s][debug][gc,heap           ] GC(81)   region size 1024K, 2 young (2048K), 1 survivors (1024K)
[4.131s][debug][gc,heap           ] GC(81)  Metaspace       used 471K, committed 640K, reserved 1056768K
[4.131s][debug][gc,heap           ] GC(81)   class space    used 33K, committed 128K, reserved 1048576K
[4.131s][info ][gc,start          ] GC(81) Pause Young (Normal) (G1 Evacuation Pause)
[4.131s][info ][gc,task           ] GC(81) Using 4 workers of 4 for evacuation
[4.131s][debug][gc,tlab           ] GC(81) TLAB totals: thrds: 1  refills: 6 max: 6 slow allocs: 0 max 0 waste:  0.3% gc: 0B max: 0B slow: 3456B max: 3456B
[4.131s][debug][gc,age            ] GC(81) Desired survivor size 1048576 bytes, new threshold 15 (max threshold 15)
[4.131s][debug][gc,refine,stats   ] GC(81) Mutator refinement: 0.00ms, refined: 0, precleaned: 0, dirtied: 510
[4.131s][debug][gc,refine,stats   ] GC(81) Concurrent refinement: 0.00ms, refined: 0, precleaned: 0, dirtied: 0
[4.131s][debug][gc,refine,stats   ] GC(81) Total refinement: 0.00ms, refined: 0, precleaned: 0, dirtied: 510
[4.131s][debug][gc,refine,stats   ] GC(81) Generate dirty cards rate: 27.26 cards/ms
[4.131s][debug][gc,alloc,region   ] GC(81) Mutator Allocation stats, regions: 1, wasted size: 0B ( 0.0%)
[4.131s][debug][gc,humongous      ] GC(81) Humongous region 173 (object size 36920416 @ 0x00000000fad00000) remset 0 code roots 0 marked 1 reclaim candidate 0 type array 0
[4.131s][debug][gc,ergo           ] GC(81) Running G1 Merge Heap Roots using 4 workers for 2 regions
[4.131s][debug][gc,remset         ] GC(81) Visited cards 2048 Total dirty 4096 (50.00%) Total old 528384 (0.39%)
[4.131s][debug][gc,ergo,heap      ] GC(81) Attempt heap expansion (region allocation request failed). Allocation request: 51728B
[4.131s][debug][gc,ergo,heap      ] GC(81) Did not expand the heap (heap already fully expanded)
[4.136s][debug][gc,ref            ] GC(81) Skipped phase 1 of Reference Processing: no references
[4.136s][debug][gc,ref            ] GC(81) Skipped phase 2 of Reference Processing: no references
[4.136s][debug][gc,ref            ] GC(81) Skipped phase 3 of Reference Processing: no references
[4.136s][debug][gc,ref            ] GC(81) Skipped phase 4 of Reference Processing: no references
[4.139s][debug][gc,ergo           ] GC(81) Running G1 Rebuild Free List Task using 4 workers for rebuilding free list of regions
[4.139s][debug][gc,plab           ] GC(81) Young PLAB allocation: allocated: 0B, wasted: 0B, unused: 0B, used: 0B, undo waste: 0B, 
[4.140s][debug][gc,plab           ] GC(81) Young other allocation: region end waste: 0B, regions filled: 0, direct allocated: 0B, failure used: 0B, failure wasted: 0B
[4.140s][debug][gc,plab           ] GC(81) Young sizing: calculated: 0B, actual: 62760B
[4.140s][debug][gc,plab           ] GC(81) Old PLAB allocation: allocated: 0B, wasted: 0B, unused: 0B, used: 0B, undo waste: 0B, 
[4.140s][debug][gc,plab           ] GC(81) Old other allocation: region end waste: 0B, regions filled: 0, direct allocated: 0B, failure used: 2093408B, failure wasted: 3744B
[4.140s][debug][gc,plab           ] GC(81) Old sizing: calculated: 0B, actual: 51728B
[4.140s][debug][gc,ergo,heap      ] GC(81) Heap expansion: short term pause time ratio 50.08% long term pause time ratio 39.33% threshold 7.69% pause time ratio 7.69% fully expanded true resize by 0B
[4.140s][debug][gc,mmu            ] GC(81) MMU: 99.3ms (200.0ms/201.0ms)
[4.140s][debug][gc,alloc,stats    ] Old generation allocation in the last mutator period, old gen allocated: 2097152B, humongous allocated: 0B,old gen growth: 2097152B.
[4.140s][debug][gc,ihop           ] GC(81) Basic information (value update), threshold: 120795955B (45.00), target occupancy: 268435456B, current occupancy: 268435440B, recent allocation size: 2097152B, recent allocation duration: 18.71ms, recent old gen allocation rate: 112080636.63B/s, recent marking phase length: 0.00ms
[4.140s][debug][gc,ihop           ] GC(81) Adaptive IHOP information (value update), threshold: 120795955B (52.94), internal target occupancy: 228170137B, occupancy: 268435440B, additional buffer size: 12582912B, predicted old gen allocation rate: 529532239.01B/s, predicted marking phase length: 0.00ms, prediction active: false
[4.140s][debug][gc,ergo,refine    ] GC(81) Concurrent refinement times: Logged Cards Scan time goal: 20.00ms Logged Cards Scan time: 0.51ms HCC time: 0.00ms
[4.140s][debug][gc,ergo,refine    ] GC(81) Updated Refinement Zones: green: 19570, yellow: 58710, red: 97850
[4.140s][info ][gc                ] GC(81) To-space exhausted
[4.140s][info ][gc,phases         ] GC(81)   Pre Evacuate Collection Set: 0.1ms
[4.140s][debug][gc,phases         ] GC(81)     Prepare TLABs: 0.0ms
[4.140s][debug][gc,phases         ] GC(81)     Concatenate Dirty Card Logs: 0.0ms
[4.140s][debug][gc,phases         ] GC(81)     Choose Collection Set: 0.0ms
[4.140s][debug][gc,phases         ] GC(81)     Region Register: 0.1ms
[4.140s][debug][gc,phases         ] GC(81)     Prepare Heap Roots: 0.0ms
[4.140s][info ][gc,phases         ] GC(81)   Merge Heap Roots: 0.1ms
[4.140s][debug][gc,phases         ] GC(81)     Prepare Merge Heap Roots: 0.0ms
[4.140s][debug][gc,phases         ] GC(81)     Eager Reclaim (ms):            skipped
[4.140s][debug][gc,phases         ] GC(81)     Remembered Sets (ms):          Min:  0.0, Avg:  0.0, Max:  0.0, Diff:  0.0, Sum:  0.0, Workers: 4
[4.140s][debug][gc,phases         ] GC(81)       Merged Sparse:                 Min: 0, Avg:  0.0, Max: 0, Diff: 0, Sum: 0, Workers: 4
[4.140s][debug][gc,phases         ] GC(81)       Merged Fine:                   Min: 0, Avg:  0.0, Max: 0, Diff: 0, Sum: 0, Workers: 4
[4.140s][debug][gc,phases         ] GC(81)       Merged Coarse:                 Min: 0, Avg:  0.0, Max: 0, Diff: 0, Sum: 0, Workers: 4
[4.140s][debug][gc,phases         ] GC(81)       Dirty Cards:                   Min: 0, Avg:  0.0, Max: 0, Diff: 0, Sum: 0, Workers: 4
[4.140s][debug][gc,phases         ] GC(81)     Hot Card Cache (ms):           Min:  0.0, Avg:  0.0, Max:  0.0, Diff:  0.0, Sum:  0.0, Workers: 4
[4.140s][debug][gc,phases         ] GC(81)       Dirty Cards:                   Min: 0, Avg:  0.0, Max: 0, Diff: 0, Sum: 0, Workers: 4
[4.140s][debug][gc,phases         ] GC(81)       Skipped Cards:                 Min: 0, Avg:  0.0, Max: 0, Diff: 0, Sum: 0, Workers: 4
[4.140s][debug][gc,phases         ] GC(81)     Log Buffers (ms):              Min:  0.0, Avg:  0.0, Max:  0.0, Diff:  0.0, Sum:  0.0, Workers: 4
[4.140s][debug][gc,phases         ] GC(81)       Dirty Cards:                   Min: 0, Avg: 367.3, Max: 518, Diff: 518, Sum: 1469, Workers: 4
[4.140s][debug][gc,phases         ] GC(81)       Skipped Cards:                 Min: 0, Avg:  0.0, Max: 0, Diff: 0, Sum: 0, Workers: 4
[4.140s][info ][gc,phases         ] GC(81)   Evacuate Collection Set: 5.2ms
[4.140s][debug][gc,phases         ] GC(81)     Ext Root Scanning (ms):        Min:  0.0, Avg:  0.0, Max:  0.0, Diff:  0.0, Sum:  0.0, Workers: 4
[4.140s][debug][gc,phases         ] GC(81)     Scan Heap Roots (ms):          Min:  0.3, Avg:  0.5, Max:  0.8, Diff:  0.5, Sum:  2.0, Workers: 4
[4.140s][debug][gc,phases         ] GC(81)       Scanned Cards:                 Min: 234, Avg: 365.5, Max: 574, Diff: 340, Sum: 1462, Workers: 4
[4.140s][debug][gc,phases         ] GC(81)       Scanned Blocks:                Min: 2, Avg:  3.3, Max: 5, Diff: 3, Sum: 13, Workers: 4
[4.140s][debug][gc,phases         ] GC(81)       Claimed Chunks:                Min: 1, Avg:  2.0, Max: 3, Diff: 2, Sum: 8, Workers: 4
[4.140s][debug][gc,phases         ] GC(81)     Code Root Scan (ms):           Min:  0.0, Avg:  0.0, Max:  0.0, Diff:  0.0, Sum:  0.0, Workers: 4
[4.141s][debug][gc,phases         ] GC(81)     Object Copy (ms):              Min:  3.4, Avg:  4.3, Max:  4.7, Diff:  1.3, Sum: 17.0, Workers: 4
[4.141s][debug][gc,phases         ] GC(81)     Termination (ms):              Min:  0.0, Avg:  0.0, Max:  0.0, Diff:  0.0, Sum:  0.0, Workers: 4
[4.141s][debug][gc,phases         ] GC(81)       Termination Attempts:          Min: 1, Avg:  6.0, Max: 14, Diff: 13, Sum: 24, Workers: 4
[4.141s][debug][gc,phases         ] GC(81)     GC Worker Other (ms):          Min:  0.0, Avg:  0.0, Max:  0.0, Diff:  0.0, Sum:  0.0, Workers: 4
[4.141s][debug][gc,phases         ] GC(81)     GC Worker Total (ms):          Min:  3.7, Avg:  4.8, Max:  5.1, Diff:  1.4, Sum: 19.1, Workers: 4
[4.141s][info ][gc,phases         ] GC(81)   Post Evacuate Collection Set: 3.1ms
[4.141s][debug][gc,phases         ] GC(81)     Code Roots Fixup: 0.0ms
[4.141s][debug][gc,phases         ] GC(81)     Reference Processing: 0.1ms
[4.141s][debug][gc,phases,ref     ] GC(81)       Reconsider SoftReferences: 0.1ms
[4.141s][debug][gc,phases,ref     ] GC(81)         SoftRef (ms):                  skipped
[4.141s][debug][gc,phases,ref     ] GC(81)       Notify Soft/WeakReferences: 0.0ms
[4.141s][debug][gc,phases,ref     ] GC(81)         SoftRef (ms):                  skipped
[4.141s][debug][gc,phases,ref     ] GC(81)         WeakRef (ms):                  skipped
[4.141s][debug][gc,phases,ref     ] GC(81)         FinalRef (ms):                 skipped
[4.141s][debug][gc,phases,ref     ] GC(81)         Total (ms):                    skipped
[4.141s][debug][gc,phases,ref     ] GC(81)       Notify and keep alive finalizable: 0.0ms
[4.141s][debug][gc,phases,ref     ] GC(81)         FinalRef (ms):                 skipped
[4.141s][debug][gc,phases,ref     ] GC(81)       Notify PhantomReferences: 0.0ms
[4.141s][debug][gc,phases,ref     ] GC(81)         PhantomRef (ms):               skipped
[4.141s][debug][gc,phases,ref     ] GC(81)       SoftReference:
[4.141s][debug][gc,phases,ref     ] GC(81)         Discovered: 0
[4.141s][debug][gc,phases,ref     ] GC(81)         Cleared: 0
[4.141s][debug][gc,phases,ref     ] GC(81)       WeakReference:
[4.141s][debug][gc,phases,ref     ] GC(81)         Discovered: 0
[4.141s][debug][gc,phases,ref     ] GC(81)         Cleared: 0
[4.141s][debug][gc,phases,ref     ] GC(81)       FinalReference:
[4.141s][debug][gc,phases,ref     ] GC(81)         Discovered: 0
[4.141s][debug][gc,phases,ref     ] GC(81)         Cleared: 0
[4.141s][debug][gc,phases,ref     ] GC(81)       PhantomReference:
[4.141s][debug][gc,phases,ref     ] GC(81)         Discovered: 0
[4.141s][debug][gc,phases,ref     ] GC(81)         Cleared: 0
[4.141s][debug][gc,phases         ] GC(81)     Weak Processing: 0.0ms
[4.141s][debug][gc,phases         ] GC(81)       VM Weak                        Min:  0.0, Avg:  0.0, Max:  0.0, Diff:  0.0, Sum:  0.0, Workers: 3
[4.141s][debug][gc,phases         ] GC(81)         Dead                           Min: 0, Avg:  0.0, Max: 0, Diff: 0, Sum: 0, Workers: 3
[4.141s][debug][gc,phases         ] GC(81)         Total                          Min: 0, Avg:  2.7, Max: 8, Diff: 8, Sum: 8, Workers: 3
[4.141s][debug][gc,phases         ] GC(81)       ObjectSynchronizer Weak        Min:  0.0, Avg:  0.0, Max:  0.0, Diff:  0.0, Sum:  0.0, Workers: 3
[4.141s][debug][gc,phases         ] GC(81)         Dead                           Min: 0, Avg:  0.0, Max: 0, Diff: 0, Sum: 0, Workers: 3
[4.141s][debug][gc,phases         ] GC(81)         Total                          Min: 0, Avg:  1.0, Max: 3, Diff: 3, Sum: 3, Workers: 3
[4.141s][debug][gc,phases         ] GC(81)       JVMTI Tag Weak OopStorage      Min:  0.0, Avg:  0.0, Max:  0.0, Diff:  0.0, Sum:  0.0, Workers: 3
[4.141s][debug][gc,phases         ] GC(81)         Dead                           Min: 0, Avg:  0.0, Max: 0, Diff: 0, Sum: 0, Workers: 3
[4.141s][debug][gc,phases         ] GC(81)         Total                          Min: 0, Avg:  0.0, Max: 0, Diff: 0, Sum: 0, Workers: 3
[4.141s][debug][gc,phases         ] GC(81)       StringTable Weak               Min:  0.0, Avg:  0.0, Max:  0.0, Diff:  0.0, Sum:  0.0, Workers: 3
[4.141s][debug][gc,phases         ] GC(81)         Dead                           Min: 0, Avg:  0.0, Max: 0, Diff: 0, Sum: 0, Workers: 3
[4.141s][debug][gc,phases         ] GC(81)         Total                          Min: 768, Avg: 819.0, Max: 896, Diff: 128, Sum: 2457, Workers: 3
[4.141s][debug][gc,phases         ] GC(81)       ResolvedMethodTable Weak       Min:  0.0, Avg:  0.0, Max:  0.0, Diff:  0.0, Sum:  0.0, Workers: 3
[4.142s][debug][gc,phases         ] GC(81)         Dead                           Min: 0, Avg:  0.0, Max: 0, Diff: 0, Sum: 0, Workers: 3
[4.142s][debug][gc,phases         ] GC(81)         Total                          Min: 9, Avg: 45.7, Max: 64, Diff: 55, Sum: 137, Workers: 3
[4.142s][debug][gc,phases         ] GC(81)       JNI Weak                       Min:  0.0, Avg:  0.0, Max:  0.0, Diff:  0.0, Sum:  0.0, Workers: 3
[4.142s][debug][gc,phases         ] GC(81)         Dead                           Min: 0, Avg:  0.0, Max: 0, Diff: 0, Sum: 0, Workers: 3
[4.142s][debug][gc,phases         ] GC(81)         Total                          Min: 0, Avg:  0.0, Max: 0, Diff: 0, Sum: 0, Workers: 3
[4.142s][debug][gc,phases         ] GC(81)       StringDedup Table Weak         Min:  0.0, Avg:  0.0, Max:  0.0, Diff:  0.0, Sum:  0.0, Workers: 3
[4.142s][debug][gc,phases         ] GC(81)         Dead                           Min: 0, Avg:  0.0, Max: 0, Diff: 0, Sum: 0, Workers: 3
[4.142s][debug][gc,phases         ] GC(81)         Total                          Min: 0, Avg:  0.0, Max: 0, Diff: 0, Sum: 0, Workers: 3
[4.142s][debug][gc,phases         ] GC(81)       StringDedup Requests0 Weak     Min:  0.0, Avg:  0.0, Max:  0.0, Diff:  0.0, Sum:  0.0, Workers: 3
[4.142s][debug][gc,phases         ] GC(81)         Dead                           Min: 0, Avg:  0.0, Max: 0, Diff: 0, Sum: 0, Workers: 3
[4.142s][debug][gc,phases         ] GC(81)         Total                          Min: 0, Avg:  0.0, Max: 0, Diff: 0, Sum: 0, Workers: 3
[4.142s][debug][gc,phases         ] GC(81)       StringDedup Requests1 Weak     Min:  0.0, Avg:  0.0, Max:  0.0, Diff:  0.0, Sum:  0.0, Workers: 3
[4.142s][debug][gc,phases         ] GC(81)         Dead                           Min: 0, Avg:  0.0, Max: 0, Diff: 0, Sum: 0, Workers: 3
[4.142s][debug][gc,phases         ] GC(81)         Total                          Min: 0, Avg:  0.0, Max: 0, Diff: 0, Sum: 0, Workers: 3
[4.142s][debug][gc,phases         ] GC(81)       Weak JFR Old Object Samples    Min:  0.0, Avg:  0.0, Max:  0.0, Diff:  0.0, Sum:  0.0, Workers: 3
[4.142s][debug][gc,phases         ] GC(81)         Dead                           Min: 0, Avg:  0.0, Max: 0, Diff: 0, Sum: 0, Workers: 3
[4.142s][debug][gc,phases         ] GC(81)         Total                          Min: 0, Avg:  0.0, Max: 0, Diff: 0, Sum: 0, Workers: 3
[4.142s][debug][gc,phases         ] GC(81)     Post Evacuate Cleanup 1: 2.8ms
[4.142s][debug][gc,phases         ] GC(81)       Merge Per-Thread State (ms):   Min:  0.0, Avg:  0.0, Max:  0.0, Diff:  0.0, Sum:  0.0, Workers: 1
[4.142s][debug][gc,phases         ] GC(81)         Copied Bytes                   Min: 0, Avg:  0.0, Max: 0, Diff: 0, Sum: 0, Workers: 4
[4.142s][debug][gc,phases         ] GC(81)         LAB Waste                      Min: 0, Avg:  0.0, Max: 0, Diff: 0, Sum: 0, Workers: 4
[4.142s][debug][gc,phases         ] GC(81)         LAB Undo Waste                 Min: 0, Avg:  0.0, Max: 0, Diff: 0, Sum: 0, Workers: 4
[4.142s][debug][gc,phases         ] GC(81)       Clear Logged Cards (ms):       Min:  0.0, Avg:  0.0, Max:  0.0, Diff:  0.0, Sum:  0.0, Workers: 4
[4.142s][debug][gc,phases         ] GC(81)       Recalculate Used Memory (ms):  Min:  0.0, Avg:  0.0, Max:  0.0, Diff:  0.0, Sum:  0.0, Workers: 1
[4.142s][debug][gc,phases         ] GC(81)       Remove Self Forwards (ms):     Min:  0.0, Avg:  1.3, Max:  2.7, Diff:  2.7, Sum:  5.0, Workers: 4
[4.142s][debug][gc,phases         ] GC(81)     Post Evacuate Cleanup 2: 0.0ms
[4.142s][debug][gc,phases         ] GC(81)       Recalculate Used Memory (ms):  Min:  0.0, Avg:  0.0, Max:  0.0, Diff:  0.0, Sum:  0.0, Workers: 1
[4.142s][debug][gc,phases         ] GC(81)       Restore Preserved Marks (ms):  Min:  0.0, Avg:  0.0, Max:  0.0, Diff:  0.0, Sum:  0.0, Workers: 4
[4.142s][debug][gc,phases         ] GC(81)       Reset Hot Card Cache (ms):     Min:  0.0, Avg:  0.0, Max:  0.0, Diff:  0.0, Sum:  0.0, Workers: 1
[4.142s][debug][gc,phases         ] GC(81)       Purge Code Roots (ms):         Min:  0.0, Avg:  0.0, Max:  0.0, Diff:  0.0, Sum:  0.0, Workers: 1
[4.142s][debug][gc,phases         ] GC(81)       Update Derived Pointers (ms):  Min:  0.0, Avg:  0.0, Max:  0.0, Diff:  0.0, Sum:  0.0, Workers: 1
[4.142s][debug][gc,phases         ] GC(81)       Eagerly Reclaim Humongous Objects (ms): Min:  0.0, Avg:  0.0, Max:  0.0, Diff:  0.0, Sum:  0.0, Workers: 1
[4.142s][debug][gc,phases         ] GC(81)         Humongous Total                Min: 1, Avg:  1.0, Max: 1, Diff: 0, Sum: 1, Workers: 1
[4.142s][debug][gc,phases         ] GC(81)         Humongous Candidates           Min: 0, Avg:  0.0, Max: 0, Diff: 0, Sum: 0, Workers: 1
[4.142s][debug][gc,phases         ] GC(81)         Humongous Reclaimed            Min: 0, Avg:  0.0, Max: 0, Diff: 0, Sum: 0, Workers: 1
[4.142s][debug][gc,phases         ] GC(81)       Redirty Logged Cards (ms):     Min:  0.0, Avg:  0.0, Max:  0.0, Diff:  0.0, Sum:  0.0, Workers: 4
[4.142s][debug][gc,phases         ] GC(81)         Redirtied Cards:               Min: 0, Avg: 471.5, Max: 768, Diff: 768, Sum: 1886, Workers: 4
[4.142s][debug][gc,phases         ] GC(81)       Free Collection Set (ms):      Min:  0.0, Avg:  0.0, Max:  0.0, Diff:  0.0, Sum:  0.0, Workers: 4
[4.142s][debug][gc,phases         ] GC(81)     Rebuild Free List: 0.1ms
[4.142s][debug][gc,phases         ] GC(81)     Start New Collection Set: 0.0ms
[4.142s][debug][gc,phases         ] GC(81)     Resize TLABs: 0.0ms
[4.142s][debug][gc,phases         ] GC(81)     Expand Heap After Collection: 0.0ms
[4.142s][info ][gc,phases         ] GC(81)   Other: 0.8ms
[4.142s][info ][gc,heap           ] GC(81) Eden regions: 1->0(12)
[4.142s][info ][gc,heap           ] GC(81) Survivor regions: 1->0(0)
[4.142s][info ][gc,heap           ] GC(81) Old regions: 218->220
[4.142s][info ][gc,heap           ] GC(81) Archive regions: 0->0
[4.142s][info ][gc,heap           ] GC(81) Humongous regions: 36->36
[4.142s][info ][gc,metaspace      ] GC(81) Metaspace: 471K(640K)->471K(640K) NonClass: 438K(512K)->438K(512K) Class: 33K(128K)->33K(128K)
[4.142s][debug][gc,heap           ] GC(81) Heap after GC invocations=77 (full 3):
[4.142s][debug][gc,heap           ] GC(81)  garbage-first heap   total 262144K, used 262143K [0x00000000f0000000, 0x0000000100000000)
[4.142s][debug][gc,heap           ] GC(81)   region size 1024K, 0 young (0K), 0 survivors (0K)
[4.142s][debug][gc,heap           ] GC(81)  Metaspace       used 471K, committed 640K, reserved 1056768K
[4.142s][debug][gc,heap           ] GC(81)   class space    used 33K, committed 128K, reserved 1048576K
[4.143s][info ][gc                ] GC(81) Pause Young (Normal) (G1 Evacuation Pause) 255M->255M(256M) 11.618ms
[4.143s][info ][gc,cpu            ] GC(81) User=0.05s Sys=0.00s Real=0.01s
[4.143s][debug][gc,ergo,heap      ] Attempt heap expansion (allocation request failed). Allocation request: 2048B
[4.143s][debug][gc,ergo,heap      ] Expand the heap. requested expansion amount: 1048576B expansion amount: 1048576B
[4.143s][debug][gc,ergo,heap      ] Did not expand the heap (heap already fully expanded)
[4.143s][info ][gc,ergo           ] Attempting full compaction
[4.143s][debug][gc,task           ] GC(82) Requesting 4 active workers for full compaction (waste limited workers: 4, adaptive workers: 4, used limited workers: 256)
[4.143s][info ][gc,task           ] GC(82) Using 4 workers of 4 for full compaction
[4.143s][info ][gc,start          ] GC(82) Pause Full (G1 Compaction Pause)
[4.143s][debug][gc,heap           ] GC(82) Heap before GC invocations=77 (full 3):
[4.143s][debug][gc,heap           ] GC(82)  garbage-first heap   total 262144K, used 262143K [0x00000000f0000000, 0x0000000100000000)
[4.143s][debug][gc,heap           ] GC(82)   region size 1024K, 0 young (0K), 0 survivors (0K)
[4.143s][debug][gc,heap           ] GC(82)  Metaspace       used 471K, committed 640K, reserved 1056768K
[4.143s][debug][gc,heap           ] GC(82)   class space    used 33K, committed 128K, reserved 1048576K
[4.143s][debug][gc,start          ] GC(82) Clear Next Bitmap
[4.143s][debug][gc,ergo           ] GC(82) Running G1 Clear Bitmap with 4 workers for 4 work units.
[4.143s][debug][gc                ] GC(82) Clear Next Bitmap 0.193ms
[4.143s][debug][gc,alloc,region   ] GC(82) Mutator Allocation stats, regions: 0, wasted size: 0B ( 0.0%)
[4.143s][info ][gc,phases,start   ] GC(82) Phase 1: Mark live objects
[4.193s][debug][gc,phases,start   ] GC(82) Phase 1: Reference Processing
[4.193s][debug][gc,ref            ] GC(82) ReferenceProcessor::execute queues: 4, RefProcThreadModel::Multi, marks_oops_alive: true
[4.193s][debug][gc,ref            ] GC(82) ReferenceProcessor::execute queues: 1, RefProcThreadModel::Single, marks_oops_alive: false
[4.193s][debug][gc,ref            ] GC(82) Skipped phase 3 of Reference Processing: no references
[4.193s][debug][gc,ref            ] GC(82) ReferenceProcessor::execute queues: 1, RefProcThreadModel::Single, marks_oops_alive: false
[4.193s][debug][gc,phases,ref     ] GC(82) Reference Processing: 0.2ms
[4.193s][debug][gc,phases,ref     ] GC(82)   Reconsider SoftReferences: 0.1ms
[4.193s][debug][gc,phases,ref     ] GC(82)     Balance queues: 0.0ms
[4.193s][debug][gc,phases,ref     ] GC(82)     SoftRef (ms):                  Min:  0.0, Avg:  0.0, Max:  0.0, Diff:  0.0, Sum:  0.0, Workers: 4
[4.193s][debug][gc,phases,ref     ] GC(82)   Notify Soft/WeakReferences: 0.1ms
[4.193s][debug][gc,phases,ref     ] GC(82)     SoftRef (ms):                  Min:  0.0, Avg:  0.0, Max:  0.0, Diff:  0.0, Sum:  0.0, Workers: 4
[4.193s][debug][gc,phases,ref     ] GC(82)     WeakRef (ms):                  Min:  0.0, Avg:  0.0, Max:  0.0, Diff:  0.0, Sum:  0.0, Workers: 4
[4.193s][debug][gc,phases,ref     ] GC(82)     FinalRef (ms):                 Min:  0.0, Avg:  0.0, Max:  0.0, Diff:  0.0, Sum:  0.0, Workers: 4
[4.193s][debug][gc,phases,ref     ] GC(82)     Total (ms):                    Min:  0.0, Avg:  0.0, Max:  0.0, Diff:  0.0, Sum:  0.0, Workers: 4
[4.193s][debug][gc,phases,ref     ] GC(82)   Notify and keep alive finalizable: 0.0ms
[4.193s][debug][gc,phases,ref     ] GC(82)     FinalRef (ms):                 skipped
[4.194s][debug][gc,phases,ref     ] GC(82)   Notify PhantomReferences: 0.0ms
[4.194s][debug][gc,phases,ref     ] GC(82)     PhantomRef (ms):               Min:  0.0, Avg:  0.0, Max:  0.0, Diff:  0.0, Sum:  0.0, Workers: 4
[4.194s][debug][gc,phases,ref     ] GC(82)   SoftReference:
[4.194s][debug][gc,phases,ref     ] GC(82)     Discovered: 23
[4.194s][debug][gc,phases,ref     ] GC(82)     Cleared: 23
[4.194s][debug][gc,phases,ref     ] GC(82)   WeakReference:
[4.194s][debug][gc,phases,ref     ] GC(82)     Discovered: 101
[4.194s][debug][gc,phases,ref     ] GC(82)     Cleared: 101
[4.194s][debug][gc,phases,ref     ] GC(82)   FinalReference:
[4.194s][debug][gc,phases,ref     ] GC(82)     Discovered: 0
[4.194s][debug][gc,phases,ref     ] GC(82)     Cleared: 0
[4.194s][debug][gc,phases,ref     ] GC(82)   PhantomReference:
[4.194s][debug][gc,phases,ref     ] GC(82)     Discovered: 1
[4.194s][debug][gc,phases,ref     ] GC(82)     Cleared: 1
[4.194s][debug][gc,phases         ] GC(82) Phase 1: Reference Processing 0.759ms
[4.194s][debug][gc,phases,start   ] GC(82) Phase 1: Weak Processing
[4.194s][debug][gc,phases         ] GC(82)   VM Weak                        Min:  0.0, Avg:  0.0, Max:  0.0, Diff:  0.0, Sum:  0.0, Workers: 3
[4.194s][debug][gc,phases         ] GC(82)     Dead                           Min: 0, Avg:  0.0, Max: 0, Diff: 0, Sum: 0, Workers: 3
[4.194s][debug][gc,phases         ] GC(82)     Total                          Min: 0, Avg:  2.7, Max: 8, Diff: 8, Sum: 8, Workers: 3
[4.194s][debug][gc,phases         ] GC(82)   ObjectSynchronizer Weak        Min:  0.0, Avg:  0.0, Max:  0.0, Diff:  0.0, Sum:  0.0, Workers: 3
[4.194s][debug][gc,phases         ] GC(82)     Dead                           Min: 0, Avg:  0.0, Max: 0, Diff: 0, Sum: 0, Workers: 3
[4.194s][debug][gc,phases         ] GC(82)     Total                          Min: 0, Avg:  1.0, Max: 3, Diff: 3, Sum: 3, Workers: 3
[4.194s][debug][gc,phases         ] GC(82)   JVMTI Tag Weak OopStorage      Min:  0.0, Avg:  0.0, Max:  0.0, Diff:  0.0, Sum:  0.0, Workers: 3
[4.194s][debug][gc,phases         ] GC(82)     Dead                           Min: 0, Avg:  0.0, Max: 0, Diff: 0, Sum: 0, Workers: 3
[4.194s][debug][gc,phases         ] GC(82)     Total                          Min: 0, Avg:  0.0, Max: 0, Diff: 0, Sum: 0, Workers: 3
[4.194s][debug][gc,phases         ] GC(82)   StringTable Weak               Min:  0.0, Avg:  0.0, Max:  0.0, Diff:  0.0, Sum:  0.0, Workers: 3
[4.194s][debug][gc,phases         ] GC(82)     Dead                           Min: 0, Avg:  0.0, Max: 0, Diff: 0, Sum: 0, Workers: 3
[4.194s][debug][gc,phases         ] GC(82)     Total                          Min: 793, Avg: 819.0, Max: 832, Diff: 39, Sum: 2457, Workers: 3
[4.194s][debug][gc,phases         ] GC(82)   ResolvedMethodTable Weak       Min:  0.0, Avg:  0.0, Max:  0.0, Diff:  0.0, Sum:  0.0, Workers: 3
[4.194s][debug][gc,phases         ] GC(82)     Dead                           Min: 0, Avg:  0.0, Max: 0, Diff: 0, Sum: 0, Workers: 3
[4.194s][debug][gc,phases         ] GC(82)     Total                          Min: 9, Avg: 45.7, Max: 64, Diff: 55, Sum: 137, Workers: 3
[4.194s][debug][gc,phases         ] GC(82)   JNI Weak                       Min:  0.0, Avg:  0.0, Max:  0.0, Diff:  0.0, Sum:  0.0, Workers: 3
[4.194s][debug][gc,phases         ] GC(82)     Dead                           Min: 0, Avg:  0.0, Max: 0, Diff: 0, Sum: 0, Workers: 3
[4.194s][debug][gc,phases         ] GC(82)     Total                          Min: 0, Avg:  0.0, Max: 0, Diff: 0, Sum: 0, Workers: 3
[4.194s][debug][gc,phases         ] GC(82)   StringDedup Table Weak         Min:  0.0, Avg:  0.0, Max:  0.0, Diff:  0.0, Sum:  0.0, Workers: 3
[4.194s][debug][gc,phases         ] GC(82)     Dead                           Min: 0, Avg:  0.0, Max: 0, Diff: 0, Sum: 0, Workers: 3
[4.194s][debug][gc,phases         ] GC(82)     Total                          Min: 0, Avg:  0.0, Max: 0, Diff: 0, Sum: 0, Workers: 3
[4.194s][debug][gc,phases         ] GC(82)   StringDedup Requests0 Weak     Min:  0.0, Avg:  0.0, Max:  0.0, Diff:  0.0, Sum:  0.0, Workers: 3
[4.194s][debug][gc,phases         ] GC(82)     Dead                           Min: 0, Avg:  0.0, Max: 0, Diff: 0, Sum: 0, Workers: 3
[4.194s][debug][gc,phases         ] GC(82)     Total                          Min: 0, Avg:  0.0, Max: 0, Diff: 0, Sum: 0, Workers: 3
[4.194s][debug][gc,phases         ] GC(82)   StringDedup Requests1 Weak     Min:  0.0, Avg:  0.0, Max:  0.0, Diff:  0.0, Sum:  0.0, Workers: 3
[4.194s][debug][gc,phases         ] GC(82)     Dead                           Min: 0, Avg:  0.0, Max: 0, Diff: 0, Sum: 0, Workers: 3
[4.194s][debug][gc,phases         ] GC(82)     Total                          Min: 0, Avg:  0.0, Max: 0, Diff: 0, Sum: 0, Workers: 3
[4.194s][debug][gc,phases         ] GC(82)   Weak JFR Old Object Samples    Min:  0.0, Avg:  0.0, Max:  0.0, Diff:  0.0, Sum:  0.0, Workers: 3
[4.194s][debug][gc,phases         ] GC(82)     Dead                           Min: 0, Avg:  0.0, Max: 0, Diff: 0, Sum: 0, Workers: 3
[4.194s][debug][gc,phases         ] GC(82)     Total                          Min: 0, Avg:  0.0, Max: 0, Diff: 0, Sum: 0, Workers: 3
[4.194s][debug][gc,phases         ] GC(82) Phase 1: Weak Processing 0.694ms
[4.195s][debug][gc,phases,start   ] GC(82) Phase 1: Class Unloading and Cleanup
[4.195s][debug][gc,phases,start   ] GC(82) ClassLoaderData
[4.195s][debug][gc,phases         ] GC(82) ClassLoaderData 0.020ms
[4.195s][debug][gc,phases,start   ] GC(82) Trigger cleanups
[4.195s][debug][gc,phases         ] GC(82) Trigger cleanups 0.019ms
[4.195s][debug][gc,phases         ] GC(82) Phase 1: Class Unloading and Cleanup 0.278ms
[4.195s][info ][gc,phases         ] GC(82) Phase 1: Mark live objects 51.650ms
[4.195s][info ][gc,phases,start   ] GC(82) Phase 2: Prepare for compaction
[4.199s][info ][gc,phases         ] GC(82) Phase 2: Prepare for compaction 4.000ms
[4.199s][info ][gc,phases,start   ] GC(82) Phase 3: Adjust pointers
[4.215s][info ][gc,phases         ] GC(82) Phase 3: Adjust pointers 16.401ms
[4.216s][info ][gc,phases,start   ] GC(82) Phase 4: Compact heap
[4.220s][info ][gc,phases         ] GC(82) Phase 4: Compact heap 4.053ms
[4.220s][debug][gc,ergo           ] GC(82) Running G1 Clear Bitmap with 4 workers for 4 work units.
[4.220s][debug][gc,alloc,stats    ] Old generation allocation in the last mutator period, old gen allocated: 0B, humongous allocated: 0B,old gen growth: 0B.
[4.220s][info ][gc,heap           ] GC(82) Eden regions: 0->0(45)
[4.220s][info ][gc,heap           ] GC(82) Survivor regions: 0->0(0)
[4.220s][info ][gc,heap           ] GC(82) Old regions: 220->51
[4.220s][info ][gc,heap           ] GC(82) Archive regions: 0->0
[4.220s][info ][gc,heap           ] GC(82) Humongous regions: 36->36
[4.220s][info ][gc,metaspace      ] GC(82) Metaspace: 471K(640K)->471K(640K) NonClass: 438K(512K)->438K(512K) Class: 33K(128K)->33K(128K)
[4.220s][debug][gc,heap           ] GC(82) Heap after GC invocations=78 (full 4):
[4.220s][debug][gc,heap           ] GC(82)  garbage-first heap   total 262144K, used 87480K [0x00000000f0000000, 0x0000000100000000)
[4.221s][debug][gc,heap           ] GC(82)   region size 1024K, 0 young (0K), 0 survivors (0K)
[4.221s][debug][gc,heap           ] GC(82)  Metaspace       used 471K, committed 640K, reserved 1056768K
[4.221s][debug][gc,heap           ] GC(82)   class space    used 33K, committed 128K, reserved 1048576K
[4.221s][info ][gc                ] GC(82) Pause Full (G1 Compaction Pause) 255M->85M(256M) 77.865ms
[4.221s][info ][gc,cpu            ] GC(82) User=0.23s Sys=0.02s Real=0.08s
[4.221s][debug][gc,stats          ] ---------------------------------------------------------------------
[4.221s][debug][gc,stats          ] Marking Stats, task = 0, calls = 34
[4.221s][debug][gc,stats          ]   Elapsed time = 441.05ms, Termination time = 0.00ms
[4.221s][debug][gc,stats          ]   Step Times (cum): num = 191, avg = 4.09ms, sd = 6.87ms max = 16.00ms, total = 781.00ms
[4.221s][debug][gc,stats          ]   Mark Stats Cache: hits 2665749 misses 0 ratio 100.000
[4.221s][debug][gc,stats          ] ---------------------------------------------------------------------
[4.221s][info ][gc,marking        ] GC(69) Concurrent Mark From Roots 441.272ms
[4.221s][info ][gc,marking        ] GC(69) Concurrent Mark Abort
[4.221s][info ][gc                ] GC(69) Concurrent Mark Cycle 457.908ms
[4.283s][debug][gc,task,start     ] G1 Service Thread (Remembered Set Sampling Task) (run)
[4.283s][debug][gc,task           ] G1 Service Thread (Remembered Set Sampling Task) (run) 0.074ms (cpu: 0.000ms)
[4.288s][debug][gc,refine         ] Activated worker 0, on threshold: 20082, current: 20224
[4.289s][debug][gc,refine         ] Deactivated worker 0, off threshold: 19570, current: 19456, refined cards: 768
[4.290s][debug][gc,refine         ] Activated worker 0, on threshold: 20082, current: 20224
[4.291s][debug][gc,refine         ] Deactivated worker 0, off threshold: 19570, current: 19456, refined cards: 768
[4.293s][debug][gc,refine         ] Activated worker 0, on threshold: 20082, current: 20224
[4.295s][debug][gc,refine         ] Deactivated worker 0, off threshold: 19570, current: 19456, refined cards: 1024
[4.297s][debug][gc,refine         ] Activated worker 0, on threshold: 20082, current: 20224
[4.298s][debug][gc,refine         ] Deactivated worker 0, off threshold: 19570, current: 19456, refined cards: 768
[4.298s][debug][gc,heap           ] GC(83) Heap before GC invocations=78 (full 4):
[4.299s][debug][gc,heap           ] GC(83)  garbage-first heap   total 262144K, used 133560K [0x00000000f0000000, 0x0000000100000000)
[4.299s][debug][gc,heap           ] GC(83)   region size 1024K, 45 young (46080K), 0 survivors (0K)
[4.299s][debug][gc,heap           ] GC(83)  Metaspace       used 471K, committed 640K, reserved 1056768K
[4.299s][debug][gc,heap           ] GC(83)   class space    used 33K, committed 128K, reserved 1048576K
[4.299s][info ][gc,start          ] GC(83) Pause Young (Normal) (G1 Evacuation Pause)
[4.299s][info ][gc,task           ] GC(83) Using 4 workers of 4 for evacuation
[4.299s][debug][gc,tlab           ] GC(83) TLAB totals: thrds: 1  refills: 135 max: 135 slow allocs: 0 max 0 waste:  0.2% gc: 0B max: 0B slow: 77760B max: 77760B
[4.299s][debug][gc,age            ] GC(83) Desired survivor size 3145728 bytes, new threshold 15 (max threshold 15)
[4.299s][debug][gc,refine,stats   ] GC(83) Mutator refinement: 0.00ms, refined: 0, precleaned: 0, dirtied: 23003
[4.299s][debug][gc,refine,stats   ] GC(83) Concurrent refinement: 3.74ms, refined: 3328, precleaned: 0, dirtied: 0
[4.299s][debug][gc,refine,stats   ] GC(83) Total refinement: 3.74ms, refined: 3328, precleaned: 0, dirtied: 23003
[4.299s][debug][gc,refine,stats   ] GC(83) Concurrent refinement rate: 890.32 cards/ms
[4.299s][debug][gc,refine,stats   ] GC(83) Generate dirty cards rate: 123.33 cards/ms
[4.299s][debug][gc,alloc,region   ] GC(83) Mutator Allocation stats, regions: 45, wasted size: 0B ( 0.0%)
[4.299s][debug][gc,humongous      ] GC(83) Humongous region 173 (object size 36920416 @ 0x00000000fad00000) remset 0 code roots 0 marked 0 reclaim candidate 0 type array 0
[4.299s][debug][gc,ergo           ] GC(83) Running G1 Merge Heap Roots using 4 workers for 45 regions
[4.299s][debug][gc,remset         ] GC(83) Visited cards 23296 Total dirty 24576 (94.79%) Total old 362496 (6.43%)
[4.357s][debug][gc,ref            ] GC(83) Skipped phase 1 of Reference Processing: no references
[4.357s][debug][gc,ref            ] GC(83) Skipped phase 2 of Reference Processing: no references
[4.357s][debug][gc,ref            ] GC(83) Skipped phase 3 of Reference Processing: no references
[4.357s][debug][gc,ref            ] GC(83) Skipped phase 4 of Reference Processing: no references
[4.357s][debug][gc,ergo           ] GC(83) Running G1 Rebuild Free List Task using 4 workers for rebuilding free list of regions
[4.357s][debug][gc,plab           ] GC(83) Young PLAB allocation: allocated: 6291456B, wasted: 9600B, unused: 0B, used: 6281856B, undo waste: 0B, 
[4.357s][debug][gc,plab           ] GC(83) Young other allocation: region end waste: 0B, regions filled: 6, direct allocated: 0B, failure used: 0B, failure wasted: 0B
[4.357s][debug][gc,plab           ] GC(83) Young sizing: calculated: 1256368B, actual: 957960B
[4.357s][debug][gc,plab           ] GC(83) Old PLAB allocation: allocated: 40907392B, wasted: 51120B, unused: 29968B, used: 40826304B, undo waste: 0B, 
[4.357s][debug][gc,plab           ] GC(83) Old other allocation: region end waste: 0B, regions filled: 40, direct allocated: 0B, failure used: 0B, failure wasted: 0B
[4.357s][debug][gc,plab           ] GC(83) Old sizing: calculated: 8165256B, actual: 6136872B
[4.357s][debug][gc,ergo,heap      ] GC(83) Heap expansion: short term pause time ratio 50.08% long term pause time ratio 39.33% threshold 7.69% pause time ratio 7.69% fully expanded true resize by 0B
[4.357s][debug][gc,ergo,ihop      ] GC(83) Request concurrent cycle initiation (occupancy higher than threshold) occupancy: 133169152B allocation request: 0B threshold: 120795955B (45.00) source: end of GC
[4.357s][debug][gc,mmu            ] GC(83) MMU: 58.4ms (200.0ms/201.0ms)
[4.357s][debug][gc,alloc,stats    ] Old generation allocation in the last mutator period, old gen allocated: 40907392B, humongous allocated: 0B,old gen growth: 40907392B.
[4.357s][debug][gc,ihop           ] GC(83) Basic information (value update), threshold: 120795955B (45.00), target occupancy: 268435456B, current occupancy: 136779088B, recent allocation size: 40907392B, recent allocation duration: 186.52ms, recent old gen allocation rate: 219316595.73B/s, recent marking phase length: 0.00ms
[4.357s][debug][gc,ihop           ] GC(83) Adaptive IHOP information (value update), threshold: 120795955B (52.94), internal target occupancy: 228170137B, occupancy: 136779088B, additional buffer size: 36700160B, predicted old gen allocation rate: 518824953.73B/s, predicted marking phase length: 0.00ms, prediction active: false
[4.357s][debug][gc,ergo,refine    ] GC(83) Concurrent refinement times: Logged Cards Scan time goal: 20.00ms Logged Cards Scan time: 7.68ms HCC time: 0.00ms
[4.357s][debug][gc,ergo,refine    ] GC(83) Updated Refinement Zones: green: 21527, yellow: 64581, red: 107635
[4.357s][info ][gc,phases         ] GC(83)   Pre Evacuate Collection Set: 0.1ms
[4.357s][debug][gc,phases         ] GC(83)     Prepare TLABs: 0.0ms
[4.357s][debug][gc,phases         ] GC(83)     Concatenate Dirty Card Logs: 0.0ms
[4.358s][debug][gc,phases         ] GC(83)     Choose Collection Set: 0.0ms
[4.358s][debug][gc,phases         ] GC(83)     Region Register: 0.1ms
[4.358s][debug][gc,phases         ] GC(83)     Prepare Heap Roots: 0.0ms
[4.358s][info ][gc,phases         ] GC(83)   Merge Heap Roots: 0.2ms
[4.358s][debug][gc,phases         ] GC(83)     Prepare Merge Heap Roots: 0.0ms
[4.358s][debug][gc,phases         ] GC(83)     Eager Reclaim (ms):            skipped
[4.358s][debug][gc,phases         ] GC(83)     Remembered Sets (ms):          Min:  0.0, Avg:  0.0, Max:  0.0, Diff:  0.0, Sum:  0.0, Workers: 4
[4.358s][debug][gc,phases         ] GC(83)       Merged Sparse:                 Min: 0, Avg:  0.0, Max: 0, Diff: 0, Sum: 0, Workers: 4
[4.358s][debug][gc,phases         ] GC(83)       Merged Fine:                   Min: 2, Avg:  2.0, Max: 2, Diff: 0, Sum: 8, Workers: 4
[4.358s][debug][gc,phases         ] GC(83)       Merged Coarse:                 Min: 0, Avg:  0.0, Max: 0, Diff: 0, Sum: 0, Workers: 4
[4.358s][debug][gc,phases         ] GC(83)       Dirty Cards:                   Min: 503, Avg: 824.8, Max: 1015, Diff: 512, Sum: 3299, Workers: 4
[4.358s][debug][gc,phases         ] GC(83)     Hot Card Cache (ms):           Min:  0.0, Avg:  0.0, Max:  0.0, Diff:  0.0, Sum:  0.0, Workers: 4
[4.358s][debug][gc,phases         ] GC(83)       Dirty Cards:                   Min: 0, Avg:  0.0, Max: 0, Diff: 0, Sum: 0, Workers: 4
[4.358s][debug][gc,phases         ] GC(83)       Skipped Cards:                 Min: 0, Avg:  0.0, Max: 0, Diff: 0, Sum: 0, Workers: 4
[4.358s][debug][gc,phases         ] GC(83)     Log Buffers (ms):              Min:  0.1, Avg:  0.1, Max:  0.1, Diff:  0.0, Sum:  0.3, Workers: 4
[4.358s][debug][gc,phases         ] GC(83)       Dirty Cards:                   Min: 4600, Avg: 4910.8, Max: 5112, Diff: 512, Sum: 19643, Workers: 4
[4.358s][debug][gc,phases         ] GC(83)       Skipped Cards:                 Min: 0, Avg:  0.0, Max: 0, Diff: 0, Sum: 0, Workers: 4
[4.358s][info ][gc,phases         ] GC(83)   Evacuate Collection Set: 57.2ms
[4.358s][debug][gc,phases         ] GC(83)     Ext Root Scanning (ms):        Min:  0.0, Avg:  0.0, Max:  0.0, Diff:  0.0, Sum:  0.1, Workers: 4
[4.358s][debug][gc,phases         ] GC(83)     Scan Heap Roots (ms):          Min:  8.2, Avg:  8.9, Max:  9.9, Diff:  1.6, Sum: 35.6, Workers: 4
[4.358s][debug][gc,phases         ] GC(83)       Scanned Cards:                 Min: 5467, Avg: 5750.8, Max: 6016, Diff: 549, Sum: 23003, Workers: 4
[4.358s][debug][gc,phases         ] GC(83)       Scanned Blocks:                Min: 22, Avg: 22.8, Max: 24, Diff: 2, Sum: 91, Workers: 4
[4.358s][debug][gc,phases         ] GC(83)       Claimed Chunks:                Min: 22, Avg: 22.8, Max: 24, Diff: 2, Sum: 91, Workers: 4
[4.358s][debug][gc,phases         ] GC(83)     Code Root Scan (ms):           Min:  0.0, Avg:  0.0, Max:  0.0, Diff:  0.0, Sum:  0.0, Workers: 4
[4.358s][debug][gc,phases         ] GC(83)     Object Copy (ms):              Min: 47.3, Avg: 48.3, Max: 49.0, Diff:  1.6, Sum: 193.1, Workers: 4
[4.358s][debug][gc,phases         ] GC(83)     Termination (ms):              Min:  0.0, Avg:  0.0, Max:  0.0, Diff:  0.0, Sum:  0.0, Workers: 4
[4.358s][debug][gc,phases         ] GC(83)       Termination Attempts:          Min: 1, Avg:  1.0, Max: 1, Diff: 0, Sum: 4, Workers: 4
[4.358s][debug][gc,phases         ] GC(83)     GC Worker Other (ms):          Min:  0.0, Avg:  0.0, Max:  0.0, Diff:  0.0, Sum:  0.0, Workers: 4
[4.358s][debug][gc,phases         ] GC(83)     GC Worker Total (ms):          Min: 57.2, Avg: 57.2, Max: 57.2, Diff:  0.0, Sum: 228.8, Workers: 4
[4.358s][info ][gc,phases         ] GC(83)   Post Evacuate Collection Set: 0.4ms
[4.358s][debug][gc,phases         ] GC(83)     Code Roots Fixup: 0.0ms
[4.359s][debug][gc,phases         ] GC(83)     Reference Processing: 0.2ms
[4.359s][debug][gc,phases,ref     ] GC(83)       Reconsider SoftReferences: 0.1ms
[4.359s][debug][gc,phases,ref     ] GC(83)         SoftRef (ms):                  skipped
[4.359s][debug][gc,phases,ref     ] GC(83)       Notify Soft/WeakReferences: 0.0ms
[4.359s][debug][gc,phases,ref     ] GC(83)         SoftRef (ms):                  skipped
[4.359s][debug][gc,phases,ref     ] GC(83)         WeakRef (ms):                  skipped
[4.359s][debug][gc,phases,ref     ] GC(83)         FinalRef (ms):                 skipped
[4.359s][debug][gc,phases,ref     ] GC(83)         Total (ms):                    skipped
[4.359s][debug][gc,phases,ref     ] GC(83)       Notify and keep alive finalizable: 0.0ms
[4.359s][debug][gc,phases,ref     ] GC(83)         FinalRef (ms):                 skipped
[4.359s][debug][gc,phases,ref     ] GC(83)       Notify PhantomReferences: 0.0ms
[4.359s][debug][gc,phases,ref     ] GC(83)         PhantomRef (ms):               skipped
[4.359s][debug][gc,phases,ref     ] GC(83)       SoftReference:
[4.359s][debug][gc,phases,ref     ] GC(83)         Discovered: 0
[4.359s][debug][gc,phases,ref     ] GC(83)         Cleared: 0
[4.359s][debug][gc,phases,ref     ] GC(83)       WeakReference:
[4.359s][debug][gc,phases,ref     ] GC(83)         Discovered: 0
[4.359s][debug][gc,phases,ref     ] GC(83)         Cleared: 0
[4.359s][debug][gc,phases,ref     ] GC(83)       FinalReference:
[4.359s][debug][gc,phases,ref     ] GC(83)         Discovered: 0
[4.359s][debug][gc,phases,ref     ] GC(83)         Cleared: 0
[4.359s][debug][gc,phases,ref     ] GC(83)       PhantomReference:
[4.359s][debug][gc,phases,ref     ] GC(83)         Discovered: 0
[4.359s][debug][gc,phases,ref     ] GC(83)         Cleared: 0
[4.359s][debug][gc,phases         ] GC(83)     Weak Processing: 0.0ms
[4.359s][debug][gc,phases         ] GC(83)       VM Weak                        Min:  0.0, Avg:  0.0, Max:  0.0, Diff:  0.0, Sum:  0.0, Workers: 3
[4.359s][debug][gc,phases         ] GC(83)         Dead                           Min: 0, Avg:  0.0, Max: 0, Diff: 0, Sum: 0, Workers: 3
[4.359s][debug][gc,phases         ] GC(83)         Total                          Min: 0, Avg:  2.7, Max: 8, Diff: 8, Sum: 8, Workers: 3
[4.359s][debug][gc,phases         ] GC(83)       ObjectSynchronizer Weak        Min:  0.0, Avg:  0.0, Max:  0.0, Diff:  0.0, Sum:  0.0, Workers: 3
[4.359s][debug][gc,phases         ] GC(83)         Dead                           Min: 0, Avg:  0.0, Max: 0, Diff: 0, Sum: 0, Workers: 3
[4.359s][debug][gc,phases         ] GC(83)         Total                          Min: 0, Avg:  1.0, Max: 3, Diff: 3, Sum: 3, Workers: 3
[4.359s][debug][gc,phases         ] GC(83)       JVMTI Tag Weak OopStorage      Min:  0.0, Avg:  0.0, Max:  0.0, Diff:  0.0, Sum:  0.0, Workers: 3
[4.359s][debug][gc,phases         ] GC(83)         Dead                           Min: 0, Avg:  0.0, Max: 0, Diff: 0, Sum: 0, Workers: 3
[4.359s][debug][gc,phases         ] GC(83)         Total                          Min: 0, Avg:  0.0, Max: 0, Diff: 0, Sum: 0, Workers: 3
[4.359s][debug][gc,phases         ] GC(83)       StringTable Weak               Min:  0.0, Avg:  0.0, Max:  0.0, Diff:  0.0, Sum:  0.0, Workers: 3
[4.359s][debug][gc,phases         ] GC(83)         Dead                           Min: 0, Avg:  0.0, Max: 0, Diff: 0, Sum: 0, Workers: 3
[4.359s][debug][gc,phases         ] GC(83)         Total                          Min: 768, Avg: 819.0, Max: 896, Diff: 128, Sum: 2457, Workers: 3
[4.359s][debug][gc,phases         ] GC(83)       ResolvedMethodTable Weak       Min:  0.0, Avg:  0.0, Max:  0.0, Diff:  0.0, Sum:  0.0, Workers: 3
[4.359s][debug][gc,phases         ] GC(83)         Dead                           Min: 0, Avg:  0.0, Max: 0, Diff: 0, Sum: 0, Workers: 3
[4.359s][debug][gc,phases         ] GC(83)         Total                          Min: 9, Avg: 45.7, Max: 64, Diff: 55, Sum: 137, Workers: 3
[4.359s][debug][gc,phases         ] GC(83)       JNI Weak                       Min:  0.0, Avg:  0.0, Max:  0.0, Diff:  0.0, Sum:  0.0, Workers: 3
[4.359s][debug][gc,phases         ] GC(83)         Dead                           Min: 0, Avg:  0.0, Max: 0, Diff: 0, Sum: 0, Workers: 3
[4.359s][debug][gc,phases         ] GC(83)         Total                          Min: 0, Avg:  0.0, Max: 0, Diff: 0, Sum: 0, Workers: 3
[4.359s][debug][gc,phases         ] GC(83)       StringDedup Table Weak         Min:  0.0, Avg:  0.0, Max:  0.0, Diff:  0.0, Sum:  0.0, Workers: 3
[4.359s][debug][gc,phases         ] GC(83)         Dead                           Min: 0, Avg:  0.0, Max: 0, Diff: 0, Sum: 0, Workers: 3
[4.359s][debug][gc,phases         ] GC(83)         Total                          Min: 0, Avg:  0.0, Max: 0, Diff: 0, Sum: 0, Workers: 3
[4.359s][debug][gc,phases         ] GC(83)       StringDedup Requests0 Weak     Min:  0.0, Avg:  0.0, Max:  0.0, Diff:  0.0, Sum:  0.0, Workers: 3
[4.359s][debug][gc,phases         ] GC(83)         Dead                           Min: 0, Avg:  0.0, Max: 0, Diff: 0, Sum: 0, Workers: 3
[4.359s][debug][gc,phases         ] GC(83)         Total                          Min: 0, Avg:  0.0, Max: 0, Diff: 0, Sum: 0, Workers: 3
[4.359s][debug][gc,phases         ] GC(83)       StringDedup Requests1 Weak     Min:  0.0, Avg:  0.0, Max:  0.0, Diff:  0.0, Sum:  0.0, Workers: 3
[4.359s][debug][gc,phases         ] GC(83)         Dead                           Min: 0, Avg:  0.0, Max: 0, Diff: 0, Sum: 0, Workers: 3
[4.359s][debug][gc,phases         ] GC(83)         Total                          Min: 0, Avg:  0.0, Max: 0, Diff: 0, Sum: 0, Workers: 3
[4.360s][debug][gc,phases         ] GC(83)       Weak JFR Old Object Samples    Min:  0.0, Avg:  0.0, Max:  0.0, Diff:  0.0, Sum:  0.0, Workers: 3
[4.360s][debug][gc,phases         ] GC(83)         Dead                           Min: 0, Avg:  0.0, Max: 0, Diff: 0, Sum: 0, Workers: 3
[4.360s][debug][gc,phases         ] GC(83)         Total                          Min: 0, Avg:  0.0, Max: 0, Diff: 0, Sum: 0, Workers: 3
[4.360s][debug][gc,phases         ] GC(83)     Post Evacuate Cleanup 1: 0.0ms
[4.360s][debug][gc,phases         ] GC(83)       Merge Per-Thread State (ms):   Min:  0.0, Avg:  0.0, Max:  0.0, Diff:  0.0, Sum:  0.0, Workers: 1
[4.360s][debug][gc,phases         ] GC(83)         Copied Bytes                   Min: 11201424, Avg: 11777040.0, Max: 12214880, Diff: 1013456, Sum: 47108160, Workers: 4
[4.360s][debug][gc,phases         ] GC(83)         LAB Waste                      Min: 14464, Avg: 15180.0, Max: 15688, Diff: 1224, Sum: 60720, Workers: 4
[4.360s][debug][gc,phases         ] GC(83)         LAB Undo Waste                 Min: 0, Avg:  0.0, Max: 0, Diff: 0, Sum: 0, Workers: 4
[4.360s][debug][gc,phases         ] GC(83)       Clear Logged Cards (ms):       Min:  0.0, Avg:  0.0, Max:  0.0, Diff:  0.0, Sum:  0.0, Workers: 3
[4.360s][debug][gc,phases         ] GC(83)       Recalculate Used Memory (ms):  Min:  0.0, Avg:  0.0, Max:  0.0, Diff:  0.0, Sum:  0.0, Workers: 1
[4.360s][debug][gc,phases         ] GC(83)     Post Evacuate Cleanup 2: 0.1ms
[4.360s][debug][gc,phases         ] GC(83)       Reset Hot Card Cache (ms):     Min:  0.0, Avg:  0.0, Max:  0.0, Diff:  0.0, Sum:  0.0, Workers: 1
[4.360s][debug][gc,phases         ] GC(83)       Purge Code Roots (ms):         Min:  0.0, Avg:  0.0, Max:  0.0, Diff:  0.0, Sum:  0.0, Workers: 1
[4.360s][debug][gc,phases         ] GC(83)       Update Derived Pointers (ms):  Min:  0.0, Avg:  0.0, Max:  0.0, Diff:  0.0, Sum:  0.0, Workers: 1
[4.360s][debug][gc,phases         ] GC(83)       Eagerly Reclaim Humongous Objects (ms): Min:  0.0, Avg:  0.0, Max:  0.0, Diff:  0.0, Sum:  0.0, Workers: 1
[4.360s][debug][gc,phases         ] GC(83)         Humongous Total                Min: 1, Avg:  1.0, Max: 1, Diff: 0, Sum: 1, Workers: 1
[4.360s][debug][gc,phases         ] GC(83)         Humongous Candidates           Min: 0, Avg:  0.0, Max: 0, Diff: 0, Sum: 0, Workers: 1
[4.360s][debug][gc,phases         ] GC(83)         Humongous Reclaimed            Min: 0, Avg:  0.0, Max: 0, Diff: 0, Sum: 0, Workers: 1
[4.360s][debug][gc,phases         ] GC(83)       Redirty Logged Cards (ms):     Min:  0.0, Avg:  0.0, Max:  0.0, Diff:  0.0, Sum:  0.0, Workers: 4
[4.360s][debug][gc,phases         ] GC(83)         Redirtied Cards:               Min: 256, Avg: 767.8, Max: 1555, Diff: 1299, Sum: 3071, Workers: 4
[4.360s][debug][gc,phases         ] GC(83)       Free Collection Set (ms):      Min:  0.0, Avg:  0.0, Max:  0.0, Diff:  0.0, Sum:  0.0, Workers: 4
[4.360s][debug][gc,phases         ] GC(83)     Rebuild Free List: 0.1ms
[4.360s][debug][gc,phases         ] GC(83)     Start New Collection Set: 0.0ms
[4.360s][debug][gc,phases         ] GC(83)     Resize TLABs: 0.0ms
[4.360s][debug][gc,phases         ] GC(83)     Expand Heap After Collection: 0.0ms
[4.360s][info ][gc,phases         ] GC(83)   Other: 1.0ms
[4.360s][info ][gc,heap           ] GC(83) Eden regions: 45->0(29)
[4.360s][info ][gc,heap           ] GC(83) Survivor regions: 0->6(6)
[4.360s][info ][gc,heap           ] GC(83) Old regions: 51->91
[4.360s][info ][gc,heap           ] GC(83) Archive regions: 0->0
[4.360s][info ][gc,heap           ] GC(83) Humongous regions: 36->36
[4.360s][info ][gc,metaspace      ] GC(83) Metaspace: 471K(640K)->471K(640K) NonClass: 438K(512K)->438K(512K) Class: 33K(128K)->33K(128K)
[4.360s][debug][gc,heap           ] GC(83) Heap after GC invocations=79 (full 4):
[4.360s][debug][gc,heap           ] GC(83)  garbage-first heap   total 262144K, used 133573K [0x00000000f0000000, 0x0000000100000000)
[4.360s][debug][gc,heap           ] GC(83)   region size 1024K, 6 young (6144K), 6 survivors (6144K)
[4.360s][debug][gc,heap           ] GC(83)  Metaspace       used 471K, committed 640K, reserved 1056768K
[4.360s][debug][gc,heap           ] GC(83)   class space    used 33K, committed 128K, reserved 1048576K
[4.360s][info ][gc                ] GC(83) Pause Young (Normal) (G1 Evacuation Pause) 130M->130M(256M) 61.659ms
[4.360s][info ][gc,cpu            ] GC(83) User=0.25s Sys=0.00s Real=0.06s
[4.409s][debug][gc,heap           ] GC(84) Heap before GC invocations=79 (full 4):
[4.409s][debug][gc,heap           ] GC(84)  garbage-first heap   total 262144K, used 163269K [0x00000000f0000000, 0x0000000100000000)
[4.409s][debug][gc,heap           ] GC(84)   region size 1024K, 35 young (35840K), 6 survivors (6144K)
[4.409s][debug][gc,heap           ] GC(84)  Metaspace       used 471K, committed 640K, reserved 1056768K
[4.409s][debug][gc,heap           ] GC(84)   class space    used 33K, committed 128K, reserved 1048576K
[4.409s][debug][gc,ergo           ] GC(84) Initiate concurrent cycle (concurrent cycle initiation requested)
[4.409s][info ][gc,start          ] GC(84) Pause Young (Concurrent Start) (G1 Evacuation Pause)
[4.409s][info ][gc,task           ] GC(84) Using 4 workers of 4 for evacuation
[4.409s][debug][gc,tlab           ] GC(84) TLAB totals: thrds: 1  refills: 87 max: 87 slow allocs: 0 max 0 waste:  0.2% gc: 0B max: 0B slow: 50112B max: 50112B
[4.409s][debug][gc,age            ] GC(84) Desired survivor size 2621440 bytes, new threshold 1 (max threshold 15)
[4.409s][debug][gc,refine,stats   ] GC(84) Mutator refinement: 0.00ms, refined: 0, precleaned: 0, dirtied: 14825
[4.409s][debug][gc,refine,stats   ] GC(84) Concurrent refinement: 0.00ms, refined: 0, precleaned: 0, dirtied: 0
[4.409s][debug][gc,refine,stats   ] GC(84) Total refinement: 0.00ms, refined: 0, precleaned: 0, dirtied: 14825
[4.410s][debug][gc,refine,stats   ] GC(84) Generate dirty cards rate: 283.61 cards/ms
[4.410s][debug][gc,alloc,region   ] GC(84) Mutator Allocation stats, regions: 29, wasted size: 0B ( 0.0%)
[4.410s][debug][gc,humongous      ] GC(84) Humongous region 173 (object size 36920416 @ 0x00000000fad00000) remset 0 code roots 0 marked 0 reclaim candidate 0 type array 0
[4.410s][debug][gc,ergo           ] GC(84) Running G1 Merge Heap Roots using 4 workers for 35 regions
[4.410s][debug][gc,remset         ] GC(84) Visited cards 18688 Total dirty 26624 (70.19%) Total old 403456 (4.63%)
[4.438s][debug][gc,ref            ] GC(84) Skipped phase 1 of Reference Processing: no references
[4.438s][debug][gc,ref            ] GC(84) Skipped phase 2 of Reference Processing: no references
[4.438s][debug][gc,ref            ] GC(84) Skipped phase 3 of Reference Processing: no references
[4.438s][debug][gc,ref            ] GC(84) Skipped phase 4 of Reference Processing: no references
[4.438s][debug][gc,ergo           ] GC(84) Running G1 Rebuild Free List Task using 4 workers for rebuilding free list of regions
[4.438s][debug][gc,plab           ] GC(84) Young PLAB allocation: allocated: 5242880B, wasted: 400B, unused: 0B, used: 5242480B, undo waste: 0B, 
[4.438s][debug][gc,plab           ] GC(84) Young other allocation: region end waste: 0B, regions filled: 5, direct allocated: 0B, failure used: 0B, failure wasted: 0B
[4.438s][debug][gc,plab           ] GC(84) Young sizing: calculated: 1048496B, actual: 1025856B
[4.438s][debug][gc,plab           ] GC(84) Old PLAB allocation: allocated: 18336768B, wasted: 496B, unused: 1041104B, used: 17295168B, undo waste: 0B, 
[4.438s][debug][gc,plab           ] GC(84) Old other allocation: region end waste: 0B, regions filled: 18, direct allocated: 0B, failure used: 0B, failure wasted: 0B
[4.438s][debug][gc,plab           ] GC(84) Old sizing: calculated: 3459032B, actual: 4128488B
[4.438s][debug][gc,ergo,heap      ] GC(84) Heap expansion: short term pause time ratio 23.85% long term pause time ratio 31.32% threshold 7.69% pause time ratio 7.69% fully expanded true resize by 0B
[4.438s][debug][gc,mmu            ] GC(84) MMU: 87.4ms (200.0ms/201.0ms)
[4.439s][debug][gc,alloc,stats    ] Old generation allocation in the last mutator period, old gen allocated: 18336768B, humongous allocated: 0B,old gen growth: 18336768B.
[4.439s][debug][gc,ihop           ] GC(84) Basic information (value update), threshold: 120795955B (45.00), target occupancy: 268435456B, current occupancy: 154067280B, recent allocation size: 18336768B, recent allocation duration: 52.27ms, recent old gen allocation rate: 350785829.89B/s, recent marking phase length: 0.00ms
[4.439s][debug][gc,ihop           ] GC(84) Adaptive IHOP information (value update), threshold: 120795955B (52.94), internal target occupancy: 228170137B, occupancy: 154067280B, additional buffer size: 31457280B, predicted old gen allocation rate: 513445097.26B/s, predicted marking phase length: 0.00ms, prediction active: false
[4.439s][debug][gc,ergo,refine    ] GC(84) Concurrent refinement times: Logged Cards Scan time goal: 20.00ms Logged Cards Scan time: 4.82ms HCC time: 0.00ms
[4.439s][debug][gc,ergo,refine    ] GC(84) Updated Refinement Zones: green: 21527, yellow: 64581, red: 107635
[4.439s][info ][gc,phases         ] GC(84)   Pre Evacuate Collection Set: 0.1ms
[4.439s][debug][gc,phases         ] GC(84)     Prepare TLABs: 0.0ms
[4.439s][debug][gc,phases         ] GC(84)     Concatenate Dirty Card Logs: 0.0ms
[4.439s][debug][gc,phases         ] GC(84)     Choose Collection Set: 0.0ms
[4.439s][debug][gc,phases         ] GC(84)     Region Register: 0.1ms
[4.439s][debug][gc,phases         ] GC(84)     Prepare Heap Roots: 0.0ms
[4.439s][debug][gc,phases         ] GC(84)     Clear Claimed Marks: 0.0ms
[4.439s][info ][gc,phases         ] GC(84)   Merge Heap Roots: 0.2ms
[4.439s][debug][gc,phases         ] GC(84)     Prepare Merge Heap Roots: 0.0ms
[4.439s][debug][gc,phases         ] GC(84)     Eager Reclaim (ms):            skipped
[4.439s][debug][gc,phases         ] GC(84)     Remembered Sets (ms):          Min:  0.0, Avg:  0.0, Max:  0.0, Diff:  0.0, Sum:  0.0, Workers: 4
[4.439s][debug][gc,phases         ] GC(84)       Merged Sparse:                 Min: 0, Avg:  0.0, Max: 0, Diff: 0, Sum: 0, Workers: 4
[4.439s][debug][gc,phases         ] GC(84)       Merged Fine:                   Min: 0, Avg:  0.0, Max: 0, Diff: 0, Sum: 0, Workers: 4
[4.439s][debug][gc,phases         ] GC(84)       Merged Coarse:                 Min: 0, Avg:  0.0, Max: 0, Diff: 0, Sum: 0, Workers: 4
[4.439s][debug][gc,phases         ] GC(84)       Dirty Cards:                   Min: 0, Avg:  0.0, Max: 0, Diff: 0, Sum: 0, Workers: 4
[4.439s][debug][gc,phases         ] GC(84)     Hot Card Cache (ms):           Min:  0.0, Avg:  0.0, Max:  0.0, Diff:  0.0, Sum:  0.0, Workers: 4
[4.439s][debug][gc,phases         ] GC(84)       Dirty Cards:                   Min: 0, Avg:  0.0, Max: 0, Diff: 0, Sum: 0, Workers: 4
[4.439s][debug][gc,phases         ] GC(84)       Skipped Cards:                 Min: 0, Avg:  0.0, Max: 0, Diff: 0, Sum: 0, Workers: 4
[4.439s][debug][gc,phases         ] GC(84)     Log Buffers (ms):              Min:  0.1, Avg:  0.1, Max:  0.1, Diff:  0.0, Sum:  0.3, Workers: 4
[4.439s][debug][gc,phases         ] GC(84)       Dirty Cards:                   Min: 4324, Avg: 4466.0, Max: 4619, Diff: 295, Sum: 17864, Workers: 4
[4.439s][debug][gc,phases         ] GC(84)       Skipped Cards:                 Min: 0, Avg:  0.0, Max: 0, Diff: 0, Sum: 0, Workers: 4
[4.439s][info ][gc,phases         ] GC(84)   Evacuate Collection Set: 27.9ms
[4.439s][debug][gc,phases         ] GC(84)     Ext Root Scanning (ms):        Min:  0.0, Avg:  0.0, Max:  0.1, Diff:  0.1, Sum:  0.1, Workers: 4
[4.439s][debug][gc,phases         ] GC(84)     Scan Heap Roots (ms):          Min:  3.9, Avg:  4.8, Max:  5.6, Diff:  1.7, Sum: 19.0, Workers: 4
[4.439s][debug][gc,phases         ] GC(84)       Scanned Cards:                 Min: 2816, Avg: 4474.0, Max: 6253, Diff: 3437, Sum: 17896, Workers: 4
[4.439s][debug][gc,phases         ] GC(84)       Scanned Blocks:                Min: 11, Avg: 18.3, Max: 25, Diff: 14, Sum: 73, Workers: 4
[4.439s][debug][gc,phases         ] GC(84)       Claimed Chunks:                Min: 11, Avg: 18.3, Max: 25, Diff: 14, Sum: 73, Workers: 4
[4.439s][debug][gc,phases         ] GC(84)     Code Root Scan (ms):           Min:  0.0, Avg:  0.0, Max:  0.0, Diff:  0.0, Sum:  0.0, Workers: 4
[4.439s][debug][gc,phases         ] GC(84)     Object Copy (ms):              Min: 22.1, Avg: 22.9, Max: 23.8, Diff:  1.7, Sum: 91.6, Workers: 4
[4.439s][debug][gc,phases         ] GC(84)     Termination (ms):              Min:  0.1, Avg:  0.1, Max:  0.2, Diff:  0.0, Sum:  0.6, Workers: 4
[4.439s][debug][gc,phases         ] GC(84)       Termination Attempts:          Min: 1, Avg:  1.0, Max: 1, Diff: 0, Sum: 4, Workers: 4
[4.439s][debug][gc,phases         ] GC(84)     GC Worker Other (ms):          Min:  0.0, Avg:  0.0, Max:  0.0, Diff:  0.0, Sum:  0.0, Workers: 4
[4.439s][debug][gc,phases         ] GC(84)     GC Worker Total (ms):          Min: 27.8, Avg: 27.8, Max: 27.9, Diff:  0.0, Sum: 111.4, Workers: 4
[4.439s][info ][gc,phases         ] GC(84)   Post Evacuate Collection Set: 0.4ms
[4.439s][debug][gc,phases         ] GC(84)     Code Roots Fixup: 0.0ms
[4.439s][debug][gc,phases         ] GC(84)     Reference Processing: 0.2ms
[4.439s][debug][gc,phases,ref     ] GC(84)       Reconsider SoftReferences: 0.1ms
[4.439s][debug][gc,phases,ref     ] GC(84)         SoftRef (ms):                  skipped
[4.439s][debug][gc,phases,ref     ] GC(84)       Notify Soft/WeakReferences: 0.0ms
[4.439s][debug][gc,phases,ref     ] GC(84)         SoftRef (ms):                  skipped
[4.439s][debug][gc,phases,ref     ] GC(84)         WeakRef (ms):                  skipped
[4.439s][debug][gc,phases,ref     ] GC(84)         FinalRef (ms):                 skipped
[4.439s][debug][gc,phases,ref     ] GC(84)         Total (ms):                    skipped
[4.439s][debug][gc,phases,ref     ] GC(84)       Notify and keep alive finalizable: 0.0ms
[4.439s][debug][gc,phases,ref     ] GC(84)         FinalRef (ms):                 skipped
[4.439s][debug][gc,phases,ref     ] GC(84)       Notify PhantomReferences: 0.0ms
[4.439s][debug][gc,phases,ref     ] GC(84)         PhantomRef (ms):               skipped
[4.439s][debug][gc,phases,ref     ] GC(84)       SoftReference:
[4.439s][debug][gc,phases,ref     ] GC(84)         Discovered: 0
[4.439s][debug][gc,phases,ref     ] GC(84)         Cleared: 0
[4.439s][debug][gc,phases,ref     ] GC(84)       WeakReference:
[4.439s][debug][gc,phases,ref     ] GC(84)         Discovered: 0
[4.439s][debug][gc,phases,ref     ] GC(84)         Cleared: 0
[4.440s][debug][gc,phases,ref     ] GC(84)       FinalReference:
[4.440s][debug][gc,phases,ref     ] GC(84)         Discovered: 0
[4.440s][debug][gc,phases,ref     ] GC(84)         Cleared: 0
[4.440s][debug][gc,phases,ref     ] GC(84)       PhantomReference:
[4.440s][debug][gc,phases,ref     ] GC(84)         Discovered: 0
[4.440s][debug][gc,phases,ref     ] GC(84)         Cleared: 0
[4.440s][debug][gc,phases         ] GC(84)     Weak Processing: 0.0ms
[4.440s][debug][gc,phases         ] GC(84)       VM Weak                        Min:  0.0, Avg:  0.0, Max:  0.0, Diff:  0.0, Sum:  0.0, Workers: 3
[4.440s][debug][gc,phases         ] GC(84)         Dead                           Min: 0, Avg:  0.0, Max: 0, Diff: 0, Sum: 0, Workers: 3
[4.440s][debug][gc,phases         ] GC(84)         Total                          Min: 0, Avg:  2.7, Max: 8, Diff: 8, Sum: 8, Workers: 3
[4.440s][debug][gc,phases         ] GC(84)       ObjectSynchronizer Weak        Min:  0.0, Avg:  0.0, Max:  0.0, Diff:  0.0, Sum:  0.0, Workers: 3
[4.440s][debug][gc,phases         ] GC(84)         Dead                           Min: 0, Avg:  0.0, Max: 0, Diff: 0, Sum: 0, Workers: 3
[4.440s][debug][gc,phases         ] GC(84)         Total                          Min: 0, Avg:  1.0, Max: 3, Diff: 3, Sum: 3, Workers: 3
[4.440s][debug][gc,phases         ] GC(84)       JVMTI Tag Weak OopStorage      Min:  0.0, Avg:  0.0, Max:  0.0, Diff:  0.0, Sum:  0.0, Workers: 3
[4.440s][debug][gc,phases         ] GC(84)         Dead                           Min: 0, Avg:  0.0, Max: 0, Diff: 0, Sum: 0, Workers: 3
[4.440s][debug][gc,phases         ] GC(84)         Total                          Min: 0, Avg:  0.0, Max: 0, Diff: 0, Sum: 0, Workers: 3
[4.440s][debug][gc,phases         ] GC(84)       StringTable Weak               Min:  0.0, Avg:  0.0, Max:  0.0, Diff:  0.0, Sum:  0.0, Workers: 3
[4.440s][debug][gc,phases         ] GC(84)         Dead                           Min: 0, Avg:  0.0, Max: 0, Diff: 0, Sum: 0, Workers: 3
[4.440s][debug][gc,phases         ] GC(84)         Total                          Min: 0, Avg: 819.0, Max: 2009, Diff: 2009, Sum: 2457, Workers: 3
[4.440s][debug][gc,phases         ] GC(84)       ResolvedMethodTable Weak       Min:  0.0, Avg:  0.0, Max:  0.0, Diff:  0.0, Sum:  0.0, Workers: 3
[4.440s][debug][gc,phases         ] GC(84)         Dead                           Min: 0, Avg:  0.0, Max: 0, Diff: 0, Sum: 0, Workers: 3
[4.440s][debug][gc,phases         ] GC(84)         Total                          Min: 0, Avg: 45.7, Max: 73, Diff: 73, Sum: 137, Workers: 3
[4.440s][debug][gc,phases         ] GC(84)       JNI Weak                       Min:  0.0, Avg:  0.0, Max:  0.0, Diff:  0.0, Sum:  0.0, Workers: 3
[4.440s][debug][gc,phases         ] GC(84)         Dead                           Min: 0, Avg:  0.0, Max: 0, Diff: 0, Sum: 0, Workers: 3
[4.440s][debug][gc,phases         ] GC(84)         Total                          Min: 0, Avg:  0.0, Max: 0, Diff: 0, Sum: 0, Workers: 3
[4.440s][debug][gc,phases         ] GC(84)       StringDedup Table Weak         Min:  0.0, Avg:  0.0, Max:  0.0, Diff:  0.0, Sum:  0.0, Workers: 3
[4.440s][debug][gc,phases         ] GC(84)         Dead                           Min: 0, Avg:  0.0, Max: 0, Diff: 0, Sum: 0, Workers: 3
[4.440s][debug][gc,phases         ] GC(84)         Total                          Min: 0, Avg:  0.0, Max: 0, Diff: 0, Sum: 0, Workers: 3
[4.440s][debug][gc,phases         ] GC(84)       StringDedup Requests0 Weak     Min:  0.0, Avg:  0.0, Max:  0.0, Diff:  0.0, Sum:  0.0, Workers: 3
[4.440s][debug][gc,phases         ] GC(84)         Dead                           Min: 0, Avg:  0.0, Max: 0, Diff: 0, Sum: 0, Workers: 3
[4.440s][debug][gc,phases         ] GC(84)         Total                          Min: 0, Avg:  0.0, Max: 0, Diff: 0, Sum: 0, Workers: 3
[4.440s][debug][gc,phases         ] GC(84)       StringDedup Requests1 Weak     Min:  0.0, Avg:  0.0, Max:  0.0, Diff:  0.0, Sum:  0.0, Workers: 3
[4.440s][debug][gc,phases         ] GC(84)         Dead                           Min: 0, Avg:  0.0, Max: 0, Diff: 0, Sum: 0, Workers: 3
[4.440s][debug][gc,phases         ] GC(84)         Total                          Min: 0, Avg:  0.0, Max: 0, Diff: 0, Sum: 0, Workers: 3
[4.440s][debug][gc,phases         ] GC(84)       Weak JFR Old Object Samples    Min:  0.0, Avg:  0.0, Max:  0.0, Diff:  0.0, Sum:  0.0, Workers: 3
[4.440s][debug][gc,phases         ] GC(84)         Dead                           Min: 0, Avg:  0.0, Max: 0, Diff: 0, Sum: 0, Workers: 3
[4.440s][debug][gc,phases         ] GC(84)         Total                          Min: 0, Avg:  0.0, Max: 0, Diff: 0, Sum: 0, Workers: 3
[4.440s][debug][gc,phases         ] GC(84)     Post Evacuate Cleanup 1: 0.1ms
[4.440s][debug][gc,phases         ] GC(84)       Merge Per-Thread State (ms):   Min:  0.0, Avg:  0.0, Max:  0.0, Diff:  0.0, Sum:  0.0, Workers: 1
[4.440s][debug][gc,phases         ] GC(84)         Copied Bytes                   Min: 5333136, Avg: 5634412.0, Max: 5789488, Diff: 456352, Sum: 22537648, Workers: 4
[4.440s][debug][gc,phases         ] GC(84)         LAB Waste                      Min: 208, Avg: 224.0, Max: 240, Diff: 32, Sum: 896, Workers: 4
[4.440s][debug][gc,phases         ] GC(84)         LAB Undo Waste                 Min: 0, Avg:  0.0, Max: 0, Diff: 0, Sum: 0, Workers: 4
[4.440s][debug][gc,phases         ] GC(84)       Clear Logged Cards (ms):       Min:  0.0, Avg:  0.0, Max:  0.0, Diff:  0.0, Sum:  0.0, Workers: 3
[4.440s][debug][gc,phases         ] GC(84)       Recalculate Used Memory (ms):  Min:  0.0, Avg:  0.0, Max:  0.0, Diff:  0.0, Sum:  0.0, Workers: 1
[4.440s][debug][gc,phases         ] GC(84)     Post Evacuate Cleanup 2: 0.1ms
[4.440s][debug][gc,phases         ] GC(84)       Reset Hot Card Cache (ms):     Min:  0.0, Avg:  0.0, Max:  0.0, Diff:  0.0, Sum:  0.0, Workers: 1
[4.441s][debug][gc,phases         ] GC(84)       Purge Code Roots (ms):         Min:  0.0, Avg:  0.0, Max:  0.0, Diff:  0.0, Sum:  0.0, Workers: 1
[4.441s][debug][gc,phases         ] GC(84)       Update Derived Pointers (ms):  Min:  0.0, Avg:  0.0, Max:  0.0, Diff:  0.0, Sum:  0.0, Workers: 1
[4.441s][debug][gc,phases         ] GC(84)       Eagerly Reclaim Humongous Objects (ms): Min:  0.0, Avg:  0.0, Max:  0.0, Diff:  0.0, Sum:  0.0, Workers: 1
[4.441s][debug][gc,phases         ] GC(84)         Humongous Total                Min: 1, Avg:  1.0, Max: 1, Diff: 0, Sum: 1, Workers: 1
[4.441s][debug][gc,phases         ] GC(84)         Humongous Candidates           Min: 0, Avg:  0.0, Max: 0, Diff: 0, Sum: 0, Workers: 1
[4.441s][debug][gc,phases         ] GC(84)         Humongous Reclaimed            Min: 0, Avg:  0.0, Max: 0, Diff: 0, Sum: 0, Workers: 1
[4.441s][debug][gc,phases         ] GC(84)       Redirty Logged Cards (ms):     Min:  0.0, Avg:  0.0, Max:  0.0, Diff:  0.0, Sum:  0.0, Workers: 4
[4.441s][debug][gc,phases         ] GC(84)         Redirtied Cards:               Min: 0, Avg: 641.0, Max: 1414, Diff: 1414, Sum: 2564, Workers: 4
[4.441s][debug][gc,phases         ] GC(84)       Free Collection Set (ms):      Min:  0.0, Avg:  0.0, Max:  0.0, Diff:  0.0, Sum:  0.1, Workers: 4
[4.441s][debug][gc,phases         ] GC(84)     Rebuild Free List: 0.1ms
[4.441s][debug][gc,phases         ] GC(84)     Start New Collection Set: 0.0ms
[4.441s][debug][gc,phases         ] GC(84)     Resize TLABs: 0.0ms
[4.441s][debug][gc,phases         ] GC(84)     Expand Heap After Collection: 0.0ms
[4.441s][info ][gc,phases         ] GC(84)   Other: 0.8ms
[4.441s][info ][gc,heap           ] GC(84) Eden regions: 29->0(25)
[4.441s][info ][gc,heap           ] GC(84) Survivor regions: 6->5(5)
[4.441s][info ][gc,heap           ] GC(84) Old regions: 91->108
[4.441s][info ][gc,heap           ] GC(84) Archive regions: 0->0
[4.441s][info ][gc,heap           ] GC(84) Humongous regions: 36->36
[4.441s][info ][gc,metaspace      ] GC(84) Metaspace: 471K(640K)->471K(640K) NonClass: 438K(512K)->438K(512K) Class: 33K(128K)->33K(128K)
[4.441s][debug][gc,heap           ] GC(84) Heap after GC invocations=80 (full 4):
[4.441s][debug][gc,heap           ] GC(84)  garbage-first heap   total 262144K, used 150456K [0x00000000f0000000, 0x0000000100000000)
[4.441s][debug][gc,heap           ] GC(84)   region size 1024K, 5 young (5120K), 5 survivors (5120K)
[4.441s][debug][gc,heap           ] GC(84)  Metaspace       used 471K, committed 640K, reserved 1056768K
[4.441s][debug][gc,heap           ] GC(84)   class space    used 33K, committed 128K, reserved 1048576K
[4.441s][info ][gc                ] GC(84) Pause Young (Concurrent Start) (G1 Evacuation Pause) 159M->146M(256M) 31.560ms
[4.441s][info ][gc,cpu            ] GC(84) User=0.13s Sys=0.00s Real=0.03s
[4.441s][info ][gc                ] GC(85) Concurrent Mark Cycle
[4.441s][info ][gc,marking        ] GC(85) Concurrent Clear Claimed Marks
[4.441s][info ][gc,marking        ] GC(85) Concurrent Clear Claimed Marks 0.018ms
[4.441s][info ][gc,marking        ] GC(85) Concurrent Scan Root Regions
[4.441s][debug][gc,ergo           ] GC(85) Running G1 Root Region Scan using 1 workers for 23 work units.
[4.455s][info ][gc,marking        ] GC(85) Concurrent Scan Root Regions 13.565ms
[4.455s][info ][gc,marking        ] GC(85) Concurrent Mark
[4.455s][info ][gc,marking        ] GC(85) Concurrent Mark From Roots
[4.455s][info ][gc,task           ] GC(85) Using 1 workers of 1 for marking
[4.485s][debug][gc,heap           ] GC(86) Heap before GC invocations=80 (full 4):
[4.485s][debug][gc,heap           ] GC(86)  garbage-first heap   total 262144K, used 176056K [0x00000000f0000000, 0x0000000100000000)
[4.485s][debug][gc,heap           ] GC(86)   region size 1024K, 30 young (30720K), 5 survivors (5120K)
[4.485s][debug][gc,heap           ] GC(86)  Metaspace       used 471K, committed 640K, reserved 1056768K
[4.485s][debug][gc,heap           ] GC(86)   class space    used 33K, committed 128K, reserved 1048576K
[4.485s][info ][gc,start          ] GC(86) Pause Young (Normal) (G1 Evacuation Pause)
[4.485s][info ][gc,task           ] GC(86) Using 4 workers of 4 for evacuation
[4.485s][debug][gc,tlab           ] GC(86) TLAB totals: thrds: 1  refills: 75 max: 75 slow allocs: 0 max 0 waste:  0.2% gc: 0B max: 0B slow: 43600B max: 43600B
[4.485s][debug][gc,age            ] GC(86) Desired survivor size 2097152 bytes, new threshold 1 (max threshold 15)
[4.485s][debug][gc,refine,stats   ] GC(86) Mutator refinement: 0.00ms, refined: 0, precleaned: 0, dirtied: 12805
[4.486s][debug][gc,refine,stats   ] GC(86) Concurrent refinement: 0.00ms, refined: 0, precleaned: 0, dirtied: 0
[4.486s][debug][gc,refine,stats   ] GC(86) Total refinement: 0.00ms, refined: 0, precleaned: 0, dirtied: 12805
[4.486s][debug][gc,refine,stats   ] GC(86) Generate dirty cards rate: 272.41 cards/ms
[4.486s][debug][gc,alloc,region   ] GC(86) Mutator Allocation stats, regions: 25, wasted size: 22000B ( 0.1%)
[4.486s][debug][gc,humongous      ] GC(86) Humongous region 173 (object size 36920416 @ 0x00000000fad00000) remset 0 code roots 0 marked 1 reclaim candidate 0 type array 0
[4.486s][debug][gc,ergo           ] GC(86) Running G1 Merge Heap Roots using 4 workers for 30 regions
[4.486s][debug][gc,remset         ] GC(86) Visited cards 16896 Total dirty 24576 (68.75%) Total old 417792 (4.04%)
[4.523s][debug][gc,task,start     ] G1 Service Thread (Remembered Set Sampling Task) (run)
[4.523s][debug][gc,ref            ] GC(86) Skipped phase 1 of Reference Processing: no references
[4.523s][debug][gc,ref            ] GC(86) Skipped phase 2 of Reference Processing: no references
[4.523s][debug][gc,ref            ] GC(86) Skipped phase 3 of Reference Processing: no references
[4.523s][debug][gc,ref            ] GC(86) Skipped phase 4 of Reference Processing: no references
[4.523s][debug][gc,ergo           ] GC(86) Running G1 Rebuild Free List Task using 4 workers for rebuilding free list of regions
[4.523s][debug][gc,plab           ] GC(86) Young PLAB allocation: allocated: 4194304B, wasted: 320B, unused: 0B, used: 4193984B, undo waste: 0B, 
[4.523s][debug][gc,plab           ] GC(86) Young other allocation: region end waste: 0B, regions filled: 4, direct allocated: 0B, failure used: 0B, failure wasted: 0B
[4.523s][debug][gc,plab           ] GC(86) Young sizing: calculated: 838792B, actual: 885552B
[4.523s][debug][gc,plab           ] GC(86) Old PLAB allocation: allocated: 27787264B, wasted: 784B, unused: 589184B, used: 27197296B, undo waste: 0B, 
[4.523s][debug][gc,plab           ] GC(86) Old other allocation: region end waste: 0B, regions filled: 27, direct allocated: 0B, failure used: 0B, failure wasted: 0B
[4.524s][debug][gc,plab           ] GC(86) Old sizing: calculated: 5439456B, actual: 5111712B
[4.524s][debug][gc,ergo,heap      ] GC(86) Heap expansion: short term pause time ratio 35.71% long term pause time ratio 31.13% threshold 7.69% pause time ratio 7.69% fully expanded true resize by 0B
[4.524s][debug][gc,mmu            ] GC(86) MMU: 101.7ms (200.0ms/201.0ms)
[4.524s][debug][gc,alloc,stats    ] Old generation allocation in the last mutator period, old gen allocated: 27787264B, humongous allocated: 0B,old gen growth: 27787264B.
[4.524s][debug][gc,ihop           ] GC(86) Basic information (value update), threshold: 120795955B (45.00), target occupancy: 268435456B, current occupancy: 180805968B, recent allocation size: 27787264B, recent allocation duration: 47.01ms, recent old gen allocation rate: 591129084.76B/s, recent marking phase length: 0.00ms
[4.524s][debug][gc,ihop           ] GC(86) Adaptive IHOP information (value update), threshold: 120795955B (52.94), internal target occupancy: 228170137B, occupancy: 180805968B, additional buffer size: 20971520B, predicted old gen allocation rate: 522092546.35B/s, predicted marking phase length: 0.00ms, prediction active: false
[4.524s][debug][gc,ergo,refine    ] GC(86) Concurrent refinement times: Logged Cards Scan time goal: 20.00ms Logged Cards Scan time: 5.72ms HCC time: 0.00ms
[4.524s][debug][gc,ergo,refine    ] GC(86) Updated Refinement Zones: green: 21527, yellow: 64581, red: 107635
[4.524s][info ][gc,phases         ] GC(86)   Pre Evacuate Collection Set: 0.1ms
[4.524s][debug][gc,phases         ] GC(86)     Prepare TLABs: 0.0ms
[4.524s][debug][gc,phases         ] GC(86)     Concatenate Dirty Card Logs: 0.0ms
[4.524s][debug][gc,phases         ] GC(86)     Choose Collection Set: 0.0ms
[4.524s][debug][gc,phases         ] GC(86)     Region Register: 0.1ms
[4.524s][debug][gc,phases         ] GC(86)     Prepare Heap Roots: 0.0ms
[4.524s][info ][gc,phases         ] GC(86)   Merge Heap Roots: 0.2ms
[4.524s][debug][gc,phases         ] GC(86)     Prepare Merge Heap Roots: 0.0ms
[4.524s][debug][gc,phases         ] GC(86)     Eager Reclaim (ms):            skipped
[4.524s][debug][gc,phases         ] GC(86)     Remembered Sets (ms):          Min:  0.0, Avg:  0.0, Max:  0.0, Diff:  0.0, Sum:  0.0, Workers: 4
[4.524s][debug][gc,phases         ] GC(86)       Merged Sparse:                 Min: 0, Avg:  0.0, Max: 0, Diff: 0, Sum: 0, Workers: 4
[4.524s][debug][gc,phases         ] GC(86)       Merged Fine:                   Min: 0, Avg:  0.0, Max: 0, Diff: 0, Sum: 0, Workers: 4
[4.524s][debug][gc,phases         ] GC(86)       Merged Coarse:                 Min: 0, Avg:  0.0, Max: 0, Diff: 0, Sum: 0, Workers: 4
[4.524s][debug][gc,phases         ] GC(86)       Dirty Cards:                   Min: 0, Avg:  0.0, Max: 0, Diff: 0, Sum: 0, Workers: 4
[4.524s][debug][gc,phases         ] GC(86)     Hot Card Cache (ms):           Min:  0.0, Avg:  0.0, Max:  0.0, Diff:  0.0, Sum:  0.0, Workers: 4
[4.524s][debug][gc,phases         ] GC(86)       Dirty Cards:                   Min: 0, Avg:  0.0, Max: 0, Diff: 0, Sum: 0, Workers: 4
[4.524s][debug][gc,phases         ] GC(86)       Skipped Cards:                 Min: 0, Avg:  0.0, Max: 0, Diff: 0, Sum: 0, Workers: 4
[4.524s][debug][gc,phases         ] GC(86)     Log Buffers (ms):              Min:  0.1, Avg:  0.1, Max:  0.1, Diff:  0.0, Sum:  0.3, Workers: 4
[4.524s][debug][gc,phases         ] GC(86)       Dirty Cards:                   Min: 3657, Avg: 3834.3, Max: 4023, Diff: 366, Sum: 15337, Workers: 4
[4.524s][debug][gc,phases         ] GC(86)       Skipped Cards:                 Min: 0, Avg:  0.0, Max: 0, Diff: 0, Sum: 0, Workers: 4
[4.524s][info ][gc,phases         ] GC(86)   Evacuate Collection Set: 37.0ms
[4.524s][debug][gc,phases         ] GC(86)     Ext Root Scanning (ms):        Min:  0.0, Avg:  0.0, Max:  0.0, Diff:  0.0, Sum:  0.1, Workers: 4
[4.524s][debug][gc,phases         ] GC(86)     Scan Heap Roots (ms):          Min:  5.3, Avg:  5.7, Max:  6.5, Diff:  1.3, Sum: 22.7, Workers: 4
[4.524s][debug][gc,phases         ] GC(86)       Scanned Cards:                 Min: 3776, Avg: 3842.3, Max: 3909, Diff: 133, Sum: 15369, Workers: 4
[4.524s][debug][gc,phases         ] GC(86)       Scanned Blocks:                Min: 15, Avg: 18.5, Max: 26, Diff: 11, Sum: 74, Workers: 4
[4.524s][debug][gc,phases         ] GC(86)       Claimed Chunks:                Min: 15, Avg: 16.5, Max: 18, Diff: 3, Sum: 66, Workers: 4
[4.524s][debug][gc,phases         ] GC(86)     Code Root Scan (ms):           Min:  0.0, Avg:  0.0, Max:  0.0, Diff:  0.0, Sum:  0.0, Workers: 4
[4.524s][debug][gc,phases         ] GC(86)     Object Copy (ms):              Min: 30.4, Avg: 31.3, Max: 31.7, Diff:  1.3, Sum: 125.3, Workers: 4
[4.524s][debug][gc,phases         ] GC(86)     Termination (ms):              Min:  0.0, Avg:  0.0, Max:  0.0, Diff:  0.0, Sum:  0.0, Workers: 4
[4.524s][debug][gc,phases         ] GC(86)       Termination Attempts:          Min: 1, Avg:  5.8, Max: 10, Diff: 9, Sum: 23, Workers: 4
[4.524s][debug][gc,phases         ] GC(86)     GC Worker Other (ms):          Min:  0.0, Avg:  0.0, Max:  0.0, Diff:  0.0, Sum:  0.0, Workers: 4
[4.524s][debug][gc,phases         ] GC(86)     GC Worker Total (ms):          Min: 37.0, Avg: 37.0, Max: 37.0, Diff:  0.0, Sum: 148.1, Workers: 4
[4.524s][info ][gc,phases         ] GC(86)   Post Evacuate Collection Set: 0.4ms
[4.524s][debug][gc,phases         ] GC(86)     Code Roots Fixup: 0.0ms
[4.524s][debug][gc,phases         ] GC(86)     Reference Processing: 0.2ms
[4.524s][debug][gc,phases,ref     ] GC(86)       Reconsider SoftReferences: 0.1ms
[4.524s][debug][gc,phases,ref     ] GC(86)         SoftRef (ms):                  skipped
[4.524s][debug][gc,phases,ref     ] GC(86)       Notify Soft/WeakReferences: 0.0ms
[4.524s][debug][gc,phases,ref     ] GC(86)         SoftRef (ms):                  skipped
[4.524s][debug][gc,phases,ref     ] GC(86)         WeakRef (ms):                  skipped
[4.524s][debug][gc,phases,ref     ] GC(86)         FinalRef (ms):                 skipped
[4.524s][debug][gc,phases,ref     ] GC(86)         Total (ms):                    skipped
[4.524s][debug][gc,phases,ref     ] GC(86)       Notify and keep alive finalizable: 0.0ms
[4.524s][debug][gc,phases,ref     ] GC(86)         FinalRef (ms):                 skipped
[4.524s][debug][gc,phases,ref     ] GC(86)       Notify PhantomReferences: 0.0ms
[4.525s][debug][gc,phases,ref     ] GC(86)         PhantomRef (ms):               skipped
[4.525s][debug][gc,phases,ref     ] GC(86)       SoftReference:
[4.525s][debug][gc,phases,ref     ] GC(86)         Discovered: 0
[4.525s][debug][gc,phases,ref     ] GC(86)         Cleared: 0
[4.525s][debug][gc,phases,ref     ] GC(86)       WeakReference:
[4.525s][debug][gc,phases,ref     ] GC(86)         Discovered: 0
[4.525s][debug][gc,phases,ref     ] GC(86)         Cleared: 0
[4.525s][debug][gc,phases,ref     ] GC(86)       FinalReference:
[4.525s][debug][gc,phases,ref     ] GC(86)         Discovered: 0
[4.525s][debug][gc,phases,ref     ] GC(86)         Cleared: 0
[4.525s][debug][gc,phases,ref     ] GC(86)       PhantomReference:
[4.525s][debug][gc,phases,ref     ] GC(86)         Discovered: 0
[4.525s][debug][gc,phases,ref     ] GC(86)         Cleared: 0
[4.525s][debug][gc,phases         ] GC(86)     Weak Processing: 0.0ms
[4.525s][debug][gc,phases         ] GC(86)       VM Weak                        Min:  0.0, Avg:  0.0, Max:  0.0, Diff:  0.0, Sum:  0.0, Workers: 3
[4.525s][debug][gc,phases         ] GC(86)         Dead                           Min: 0, Avg:  0.0, Max: 0, Diff: 0, Sum: 0, Workers: 3
[4.525s][debug][gc,phases         ] GC(86)         Total                          Min: 0, Avg:  2.7, Max: 8, Diff: 8, Sum: 8, Workers: 3
[4.525s][debug][gc,phases         ] GC(86)       ObjectSynchronizer Weak        Min:  0.0, Avg:  0.0, Max:  0.0, Diff:  0.0, Sum:  0.0, Workers: 3
[4.525s][debug][gc,phases         ] GC(86)         Dead                           Min: 0, Avg:  0.0, Max: 0, Diff: 0, Sum: 0, Workers: 3
[4.525s][debug][gc,phases         ] GC(86)         Total                          Min: 0, Avg:  1.0, Max: 3, Diff: 3, Sum: 3, Workers: 3
[4.525s][debug][gc,phases         ] GC(86)       JVMTI Tag Weak OopStorage      Min:  0.0, Avg:  0.0, Max:  0.0, Diff:  0.0, Sum:  0.0, Workers: 3
[4.525s][debug][gc,phases         ] GC(86)         Dead                           Min: 0, Avg:  0.0, Max: 0, Diff: 0, Sum: 0, Workers: 3
[4.525s][debug][gc,phases         ] GC(86)         Total                          Min: 0, Avg:  0.0, Max: 0, Diff: 0, Sum: 0, Workers: 3
[4.525s][debug][gc,phases         ] GC(86)       StringTable Weak               Min:  0.0, Avg:  0.0, Max:  0.0, Diff:  0.0, Sum:  0.0, Workers: 3
[4.525s][debug][gc,phases         ] GC(86)         Dead                           Min: 0, Avg:  0.0, Max: 0, Diff: 0, Sum: 0, Workers: 3
[4.525s][debug][gc,phases         ] GC(86)         Total                          Min: 729, Avg: 819.0, Max: 896, Diff: 167, Sum: 2457, Workers: 3
[4.525s][debug][gc,phases         ] GC(86)       ResolvedMethodTable Weak       Min:  0.0, Avg:  0.0, Max:  0.0, Diff:  0.0, Sum:  0.0, Workers: 3
[4.525s][debug][gc,phases         ] GC(86)         Dead                           Min: 0, Avg:  0.0, Max: 0, Diff: 0, Sum: 0, Workers: 3
[4.525s][debug][gc,phases         ] GC(86)         Total                          Min: 9, Avg: 45.7, Max: 64, Diff: 55, Sum: 137, Workers: 3
[4.525s][debug][gc,phases         ] GC(86)       JNI Weak                       Min:  0.0, Avg:  0.0, Max:  0.0, Diff:  0.0, Sum:  0.0, Workers: 3
[4.525s][debug][gc,phases         ] GC(86)         Dead                           Min: 0, Avg:  0.0, Max: 0, Diff: 0, Sum: 0, Workers: 3
[4.525s][debug][gc,phases         ] GC(86)         Total                          Min: 0, Avg:  0.0, Max: 0, Diff: 0, Sum: 0, Workers: 3
[4.525s][debug][gc,phases         ] GC(86)       StringDedup Table Weak         Min:  0.0, Avg:  0.0, Max:  0.0, Diff:  0.0, Sum:  0.0, Workers: 3
[4.525s][debug][gc,phases         ] GC(86)         Dead                           Min: 0, Avg:  0.0, Max: 0, Diff: 0, Sum: 0, Workers: 3
[4.525s][debug][gc,phases         ] GC(86)         Total                          Min: 0, Avg:  0.0, Max: 0, Diff: 0, Sum: 0, Workers: 3
[4.525s][debug][gc,phases         ] GC(86)       StringDedup Requests0 Weak     Min:  0.0, Avg:  0.0, Max:  0.0, Diff:  0.0, Sum:  0.0, Workers: 3
[4.525s][debug][gc,phases         ] GC(86)         Dead                           Min: 0, Avg:  0.0, Max: 0, Diff: 0, Sum: 0, Workers: 3
[4.525s][debug][gc,phases         ] GC(86)         Total                          Min: 0, Avg:  0.0, Max: 0, Diff: 0, Sum: 0, Workers: 3
[4.525s][debug][gc,phases         ] GC(86)       StringDedup Requests1 Weak     Min:  0.0, Avg:  0.0, Max:  0.0, Diff:  0.0, Sum:  0.0, Workers: 3
[4.525s][debug][gc,phases         ] GC(86)         Dead                           Min: 0, Avg:  0.0, Max: 0, Diff: 0, Sum: 0, Workers: 3
[4.526s][debug][gc,phases         ] GC(86)         Total                          Min: 0, Avg:  0.0, Max: 0, Diff: 0, Sum: 0, Workers: 3
[4.526s][debug][gc,phases         ] GC(86)       Weak JFR Old Object Samples    Min:  0.0, Avg:  0.0, Max:  0.0, Diff:  0.0, Sum:  0.0, Workers: 3
[4.526s][debug][gc,phases         ] GC(86)         Dead                           Min: 0, Avg:  0.0, Max: 0, Diff: 0, Sum: 0, Workers: 3
[4.526s][debug][gc,phases         ] GC(86)         Total                          Min: 0, Avg:  0.0, Max: 0, Diff: 0, Sum: 0, Workers: 3
[4.526s][debug][gc,phases         ] GC(86)     Post Evacuate Cleanup 1: 0.1ms
[4.526s][debug][gc,phases         ] GC(86)       Merge Per-Thread State (ms):   Min:  0.0, Avg:  0.0, Max:  0.0, Diff:  0.0, Sum:  0.0, Workers: 1
[4.526s][debug][gc,phases         ] GC(86)         Copied Bytes                   Min: 7709520, Avg: 7847820.0, Max: 7955792, Diff: 246272, Sum: 31391280, Workers: 4
[4.526s][debug][gc,phases         ] GC(86)         LAB Waste                      Min: 224, Avg: 276.0, Max: 304, Diff: 80, Sum: 1104, Workers: 4
[4.526s][debug][gc,phases         ] GC(86)         LAB Undo Waste                 Min: 0, Avg:  0.0, Max: 0, Diff: 0, Sum: 0, Workers: 4
[4.526s][debug][gc,phases         ] GC(86)       Clear Logged Cards (ms):       Min:  0.0, Avg:  0.0, Max:  0.0, Diff:  0.0, Sum:  0.0, Workers: 3
[4.526s][debug][gc,phases         ] GC(86)       Recalculate Used Memory (ms):  Min:  0.0, Avg:  0.0, Max:  0.0, Diff:  0.0, Sum:  0.0, Workers: 1
[4.526s][debug][gc,phases         ] GC(86)     Post Evacuate Cleanup 2: 0.1ms
[4.526s][debug][gc,phases         ] GC(86)       Reset Hot Card Cache (ms):     Min:  0.0, Avg:  0.0, Max:  0.0, Diff:  0.0, Sum:  0.0, Workers: 1
[4.526s][debug][gc,phases         ] GC(86)       Purge Code Roots (ms):         Min:  0.0, Avg:  0.0, Max:  0.0, Diff:  0.0, Sum:  0.0, Workers: 1
[4.526s][debug][gc,phases         ] GC(86)       Update Derived Pointers (ms):  Min:  0.0, Avg:  0.0, Max:  0.0, Diff:  0.0, Sum:  0.0, Workers: 1
[4.526s][debug][gc,phases         ] GC(86)       Eagerly Reclaim Humongous Objects (ms): Min:  0.0, Avg:  0.0, Max:  0.0, Diff:  0.0, Sum:  0.0, Workers: 1
[4.526s][debug][gc,phases         ] GC(86)         Humongous Total                Min: 1, Avg:  1.0, Max: 1, Diff: 0, Sum: 1, Workers: 1
[4.526s][debug][gc,phases         ] GC(86)         Humongous Candidates           Min: 0, Avg:  0.0, Max: 0, Diff: 0, Sum: 0, Workers: 1
[4.526s][debug][gc,phases         ] GC(86)         Humongous Reclaimed            Min: 0, Avg:  0.0, Max: 0, Diff: 0, Sum: 0, Workers: 1
[4.526s][debug][gc,phases         ] GC(86)       Redirty Logged Cards (ms):     Min:  0.0, Avg:  0.0, Max:  0.0, Diff:  0.0, Sum:  0.0, Workers: 4
[4.526s][debug][gc,phases         ] GC(86)         Redirtied Cards:               Min: 0, Avg: 512.5, Max: 905, Diff: 905, Sum: 2050, Workers: 4
[4.526s][debug][gc,phases         ] GC(86)       Free Collection Set (ms):      Min:  0.0, Avg:  0.0, Max:  0.0, Diff:  0.0, Sum:  0.0, Workers: 4
[4.526s][debug][gc,phases         ] GC(86)     Rebuild Free List: 0.1ms
[4.526s][debug][gc,phases         ] GC(86)     Start New Collection Set: 0.0ms
[4.526s][debug][gc,phases         ] GC(86)     Resize TLABs: 0.0ms
[4.526s][debug][gc,phases         ] GC(86)     Expand Heap After Collection: 0.0ms
[4.526s][info ][gc,phases         ] GC(86)   Other: 0.7ms
[4.526s][info ][gc,heap           ] GC(86) Eden regions: 25->0(16)
[4.526s][info ][gc,heap           ] GC(86) Survivor regions: 5->4(4)
[4.526s][info ][gc,heap           ] GC(86) Old regions: 108->134
[4.526s][info ][gc,heap           ] GC(86) Archive regions: 0->0
[4.526s][info ][gc,heap           ] GC(86) Humongous regions: 36->36
[4.526s][info ][gc,metaspace      ] GC(86) Metaspace: 471K(640K)->471K(640K) NonClass: 438K(512K)->438K(512K) Class: 33K(128K)->33K(128K)
[4.526s][debug][gc,heap           ] GC(86) Heap after GC invocations=81 (full 4):
[4.526s][debug][gc,heap           ] GC(86)  garbage-first heap   total 262144K, used 176568K [0x00000000f0000000, 0x0000000100000000)
[4.526s][debug][gc,heap           ] GC(86)   region size 1024K, 4 young (4096K), 4 survivors (4096K)
[4.527s][debug][gc,heap           ] GC(86)  Metaspace       used 471K, committed 640K, reserved 1056768K
[4.527s][debug][gc,heap           ] GC(86)   class space    used 33K, committed 128K, reserved 1048576K
[4.527s][info ][gc                ] GC(86) Pause Young (Normal) (G1 Evacuation Pause) 171M->172M(256M) 41.186ms
[4.527s][info ][gc,cpu            ] GC(86) User=0.16s Sys=0.00s Real=0.04s
[4.527s][debug][gc,task           ] G1 Service Thread (Remembered Set Sampling Task) (run) 3.802ms (cpu: 0.000ms)
[4.538s][debug][gc,stats          ] ---------------------------------------------------------------------
[4.538s][debug][gc,stats          ] Marking Stats, task = 0, calls = 6
[4.538s][debug][gc,stats          ]   Elapsed time = 83.00ms, Termination time = 0.00ms
[4.538s][debug][gc,stats          ]   Step Times (cum): num = 197, avg = 4.12ms, sd = 6.89ms max = 16.00ms, total = 812.00ms
[4.538s][debug][gc,stats          ]   Mark Stats Cache: hits 21406 misses 0 ratio 100.000
[4.538s][debug][gc,stats          ] ---------------------------------------------------------------------
[4.538s][info ][gc,marking        ] GC(85) Concurrent Mark From Roots 83.287ms
[4.538s][info ][gc,marking        ] GC(85) Concurrent Preclean
[4.538s][debug][gc,ref,start      ] GC(85) Preclean SoftReferences
[4.538s][debug][gc,ref            ] GC(85) Preclean SoftReferences 0.043ms
[4.538s][debug][gc,ref,start      ] GC(85) Preclean WeakReferences
[4.538s][debug][gc,ref            ] GC(85) Preclean WeakReferences 0.052ms
[4.538s][debug][gc,ref,start      ] GC(85) Preclean FinalReferences
[4.538s][debug][gc,ref            ] GC(85) Preclean FinalReferences 0.043ms
[4.538s][debug][gc,ref,start      ] GC(85) Preclean PhantomReferences
[4.538s][debug][gc,ref            ] GC(85) Preclean PhantomReferences 0.049ms
[4.538s][info ][gc,marking        ] GC(85) Concurrent Preclean 0.313ms
[4.538s][info ][gc,start          ] GC(85) Pause Remark
[4.539s][debug][gc,phases,start   ] GC(85) Finalize Marking
[4.539s][debug][gc,stats          ] ---------------------------------------------------------------------
[4.539s][debug][gc,stats          ] Marking Stats, task = 0, calls = 23
[4.539s][debug][gc,stats          ]   Elapsed time = 0.03ms, Termination time = 0.00ms
[4.539s][debug][gc,stats          ]   Step Times (cum): num = 214, avg = 3.79ms, sd = 6.70ms max = 16.00ms, total = 812.00ms
[4.539s][debug][gc,stats          ]   Mark Stats Cache: hits 21406 misses 0 ratio 100.000
[4.539s][debug][gc,stats          ] ---------------------------------------------------------------------
[4.539s][debug][gc,stats          ] Marking Stats, task = 1, calls = 1
[4.539s][debug][gc,stats          ]   Elapsed time = 0.02ms, Termination time = 0.00ms
[4.539s][debug][gc,stats          ]   Step Times (cum): num = 3, avg = 0.00ms, sd = 0.00ms max = 0.00ms, total = 0.00ms
[4.539s][debug][gc,stats          ]   Mark Stats Cache: hits 17 misses 0 ratio 100.000
[4.539s][debug][gc,stats          ] ---------------------------------------------------------------------
[4.539s][debug][gc,stats          ] Marking Stats, task = 2, calls = 1
[4.539s][debug][gc,stats          ]   Elapsed time = 0.03ms, Termination time = 0.00ms
[4.539s][debug][gc,stats          ]   Step Times (cum): num = 3, avg = 0.00ms, sd = 0.00ms max = 0.00ms, total = 0.00ms
[4.539s][debug][gc,stats          ]   Mark Stats Cache: hits 30 misses 0 ratio 100.000
[4.539s][debug][gc,stats          ] ---------------------------------------------------------------------
[4.539s][debug][gc,stats          ] Marking Stats, task = 3, calls = 1
[4.539s][debug][gc,stats          ]   Elapsed time = 0.02ms, Termination time = 0.00ms
[4.539s][debug][gc,stats          ]   Step Times (cum): num = 3, avg = 0.00ms, sd = 0.00ms max = 0.00ms, total = 0.00ms
[4.539s][debug][gc,stats          ]   Mark Stats Cache: hits 24 misses 0 ratio 100.000
[4.539s][debug][gc,stats          ] ---------------------------------------------------------------------
[4.539s][debug][gc,phases         ] GC(85) Finalize Marking 0.659ms
[4.539s][debug][gc,phases,start   ] GC(85) Reference Processing
[4.539s][debug][gc,ref            ] GC(85) Skipped phase 1 of Reference Processing: no references
[4.539s][debug][gc,ref            ] GC(85) Skipped phase 2 of Reference Processing: no references
[4.539s][debug][gc,ref            ] GC(85) Skipped phase 3 of Reference Processing: no references
[4.539s][debug][gc,ref            ] GC(85) Skipped phase 4 of Reference Processing: no references
[4.539s][debug][gc,phases,ref     ] GC(85) Reference Processing: 0.1ms
[4.539s][debug][gc,phases,ref     ] GC(85)   Reconsider SoftReferences: 0.0ms
[4.539s][debug][gc,phases,ref     ] GC(85)     SoftRef (ms):                  skipped
[4.539s][debug][gc,phases,ref     ] GC(85)   Notify Soft/WeakReferences: 0.0ms
[4.539s][debug][gc,phases,ref     ] GC(85)     SoftRef (ms):                  skipped
[4.540s][debug][gc,phases,ref     ] GC(85)     WeakRef (ms):                  skipped
[4.540s][debug][gc,phases,ref     ] GC(85)     FinalRef (ms):                 skipped
[4.540s][debug][gc,phases,ref     ] GC(85)     Total (ms):                    skipped
[4.540s][debug][gc,phases,ref     ] GC(85)   Notify and keep alive finalizable: 0.0ms
[4.540s][debug][gc,phases,ref     ] GC(85)     FinalRef (ms):                 skipped
[4.540s][debug][gc,phases,ref     ] GC(85)   Notify PhantomReferences: 0.0ms
[4.540s][debug][gc,phases,ref     ] GC(85)     PhantomRef (ms):               skipped
[4.540s][debug][gc,phases,ref     ] GC(85)   SoftReference:
[4.540s][debug][gc,phases,ref     ] GC(85)     Discovered: 0
[4.540s][debug][gc,phases,ref     ] GC(85)     Cleared: 0
[4.540s][debug][gc,phases,ref     ] GC(85)   WeakReference:
[4.540s][debug][gc,phases,ref     ] GC(85)     Discovered: 0
[4.540s][debug][gc,phases,ref     ] GC(85)     Cleared: 0
[4.540s][debug][gc,phases,ref     ] GC(85)   FinalReference:
[4.540s][debug][gc,phases,ref     ] GC(85)     Discovered: 0
[4.540s][debug][gc,phases,ref     ] GC(85)     Cleared: 0
[4.540s][debug][gc,phases,ref     ] GC(85)   PhantomReference:
[4.540s][debug][gc,phases,ref     ] GC(85)     Discovered: 0
[4.540s][debug][gc,phases,ref     ] GC(85)     Cleared: 0
[4.540s][debug][gc,phases         ] GC(85) Reference Processing 0.599ms
[4.540s][debug][gc,phases,start   ] GC(85) Weak Processing
[4.540s][debug][gc,phases         ] GC(85)   VM Weak                        Min:  0.0, Avg:  0.0, Max:  0.0, Diff:  0.0, Sum:  0.0, Workers: 3
[4.540s][debug][gc,phases         ] GC(85)     Dead                           Min: 0, Avg:  0.0, Max: 0, Diff: 0, Sum: 0, Workers: 3
[4.540s][debug][gc,phases         ] GC(85)     Total                          Min: 0, Avg:  2.7, Max: 8, Diff: 8, Sum: 8, Workers: 3
[4.540s][debug][gc,phases         ] GC(85)   ObjectSynchronizer Weak        Min:  0.0, Avg:  0.0, Max:  0.0, Diff:  0.0, Sum:  0.0, Workers: 3
[4.540s][debug][gc,phases         ] GC(85)     Dead                           Min: 0, Avg:  0.0, Max: 0, Diff: 0, Sum: 0, Workers: 3
[4.540s][debug][gc,phases         ] GC(85)     Total                          Min: 0, Avg:  1.0, Max: 3, Diff: 3, Sum: 3, Workers: 3
[4.540s][debug][gc,phases         ] GC(85)   JVMTI Tag Weak OopStorage      Min:  0.0, Avg:  0.0, Max:  0.0, Diff:  0.0, Sum:  0.0, Workers: 3
[4.540s][debug][gc,phases         ] GC(85)     Dead                           Min: 0, Avg:  0.0, Max: 0, Diff: 0, Sum: 0, Workers: 3
[4.540s][debug][gc,phases         ] GC(85)     Total                          Min: 0, Avg:  0.0, Max: 0, Diff: 0, Sum: 0, Workers: 3
[4.540s][debug][gc,phases         ] GC(85)   StringTable Weak               Min:  0.0, Avg:  0.0, Max:  0.0, Diff:  0.0, Sum:  0.0, Workers: 3
[4.540s][debug][gc,phases         ] GC(85)     Dead                           Min: 0, Avg:  0.0, Max: 0, Diff: 0, Sum: 0, Workers: 3
[4.540s][debug][gc,phases         ] GC(85)     Total                          Min: 768, Avg: 819.0, Max: 896, Diff: 128, Sum: 2457, Workers: 3
[4.540s][debug][gc,phases         ] GC(85)   ResolvedMethodTable Weak       Min:  0.0, Avg:  0.0, Max:  0.0, Diff:  0.0, Sum:  0.0, Workers: 3
[4.540s][debug][gc,phases         ] GC(85)     Dead                           Min: 0, Avg:  0.0, Max: 0, Diff: 0, Sum: 0, Workers: 3
[4.540s][debug][gc,phases         ] GC(85)     Total                          Min: 9, Avg: 45.7, Max: 64, Diff: 55, Sum: 137, Workers: 3
[4.540s][debug][gc,phases         ] GC(85)   JNI Weak                       Min:  0.0, Avg:  0.0, Max:  0.0, Diff:  0.0, Sum:  0.0, Workers: 3
[4.540s][debug][gc,phases         ] GC(85)     Dead                           Min: 0, Avg:  0.0, Max: 0, Diff: 0, Sum: 0, Workers: 3
[4.541s][debug][gc,phases         ] GC(85)     Total                          Min: 0, Avg:  0.0, Max: 0, Diff: 0, Sum: 0, Workers: 3
[4.541s][debug][gc,phases         ] GC(85)   StringDedup Table Weak         Min:  0.0, Avg:  0.0, Max:  0.0, Diff:  0.0, Sum:  0.0, Workers: 3
[4.541s][debug][gc,phases         ] GC(85)     Dead                           Min: 0, Avg:  0.0, Max: 0, Diff: 0, Sum: 0, Workers: 3
[4.541s][debug][gc,phases         ] GC(85)     Total                          Min: 0, Avg:  0.0, Max: 0, Diff: 0, Sum: 0, Workers: 3
[4.541s][debug][gc,phases         ] GC(85)   StringDedup Requests0 Weak     Min:  0.0, Avg:  0.0, Max:  0.0, Diff:  0.0, Sum:  0.0, Workers: 3
[4.541s][debug][gc,phases         ] GC(85)     Dead                           Min: 0, Avg:  0.0, Max: 0, Diff: 0, Sum: 0, Workers: 3
[4.541s][debug][gc,phases         ] GC(85)     Total                          Min: 0, Avg:  0.0, Max: 0, Diff: 0, Sum: 0, Workers: 3
[4.541s][debug][gc,phases         ] GC(85)   StringDedup Requests1 Weak     Min:  0.0, Avg:  0.0, Max:  0.0, Diff:  0.0, Sum:  0.0, Workers: 3
[4.541s][debug][gc,phases         ] GC(85)     Dead                           Min: 0, Avg:  0.0, Max: 0, Diff: 0, Sum: 0, Workers: 3
[4.541s][debug][gc,phases         ] GC(85)     Total                          Min: 0, Avg:  0.0, Max: 0, Diff: 0, Sum: 0, Workers: 3
[4.541s][debug][gc,phases         ] GC(85)   Weak JFR Old Object Samples    Min:  0.0, Avg:  0.0, Max:  0.0, Diff:  0.0, Sum:  0.0, Workers: 3
[4.541s][debug][gc,phases         ] GC(85)     Dead                           Min: 0, Avg:  0.0, Max: 0, Diff: 0, Sum: 0, Workers: 3
[4.541s][debug][gc,phases         ] GC(85)     Total                          Min: 0, Avg:  0.0, Max: 0, Diff: 0, Sum: 0, Workers: 3
[4.541s][debug][gc,phases         ] GC(85) Weak Processing 1.203ms
[4.541s][debug][gc,phases,start   ] GC(85) Class Unloading
[4.541s][debug][gc,phases,start   ] GC(85) ClassLoaderData
[4.541s][debug][gc,phases         ] GC(85) ClassLoaderData 0.033ms
[4.541s][debug][gc,phases,start   ] GC(85) Trigger cleanups
[4.541s][debug][gc,phases         ] GC(85) Trigger cleanups 0.030ms
[4.541s][debug][gc,phases         ] GC(85) Class Unloading 0.295ms
[4.541s][debug][gc,phases,start   ] GC(85) Flush Task Caches
[4.541s][debug][gc,stats          ] Mark stats cache hits 21477 misses 0 ratio 100.000
[4.541s][debug][gc,phases         ] GC(85) Flush Task Caches 0.076ms
[4.541s][debug][gc,phases,start   ] GC(85) Update Remembered Set Tracking Before Rebuild
[4.542s][debug][gc,ergo           ] GC(85) Running G1 Update RemSet Tracking Before Rebuild using 1 workers for 256 regions in heap
[4.542s][debug][gc,remset,tracking] GC(85) Remembered Set Tracking update regions total 256, selected 3
[4.542s][debug][gc,phases         ] GC(85) Update Remembered Set Tracking Before Rebuild 0.139ms
[4.542s][debug][gc,phases,start   ] GC(85) Reclaim Empty Regions
[4.542s][debug][gc                ] GC(85) Reclaimed 87 empty regions
[4.542s][debug][gc,phases         ] GC(85) Reclaim Empty Regions 0.092ms
[4.542s][debug][gc,phases,start   ] GC(85) Purge Metaspace
[4.542s][debug][gc,phases         ] GC(85) Purge Metaspace 0.015ms
[4.542s][debug][gc,phases,start   ] GC(85) Report Object Count
[4.542s][debug][gc,phases         ] GC(85) Report Object Count 0.015ms
[4.542s][debug][gc,mmu            ] GC(85) MMU: 86.8ms (200.0ms/201.0ms)
[4.542s][info ][gc                ] GC(85) Pause Remark 179M->93M(256M) 3.389ms
[4.542s][info ][gc,cpu            ] GC(85) User=0.00s Sys=0.02s Real=0.00s
[4.542s][info ][gc,marking        ] GC(85) Concurrent Mark 87.224ms
[4.542s][info ][gc,marking        ] GC(85) Concurrent Rebuild Remembered Sets
[4.560s][debug][gc,heap           ] GC(87) Heap before GC invocations=81 (full 4):
[4.560s][debug][gc,heap           ] GC(87)  garbage-first heap   total 262144K, used 105471K [0x00000000f0000000, 0x0000000100000000)
[4.560s][debug][gc,heap           ] GC(87)   region size 1024K, 20 young (20480K), 4 survivors (4096K)
[4.560s][debug][gc,heap           ] GC(87)  Metaspace       used 471K, committed 640K, reserved 1056768K
[4.560s][debug][gc,heap           ] GC(87)   class space    used 33K, committed 128K, reserved 1048576K
[4.560s][info ][gc,start          ] GC(87) Pause Young (Normal) (G1 Evacuation Pause)
[4.560s][info ][gc,task           ] GC(87) Using 4 workers of 4 for evacuation
[4.560s][debug][gc,tlab           ] GC(87) TLAB totals: thrds: 1  refills: 80 max: 80 slow allocs: 0 max 0 waste:  0.3% gc: 0B max: 0B slow: 46584B max: 46584B
[4.560s][debug][gc,age            ] GC(87) Desired survivor size 1572864 bytes, new threshold 1 (max threshold 15)
[4.560s][debug][gc,refine,stats   ] GC(87) Mutator refinement: 0.00ms, refined: 0, precleaned: 0, dirtied: 8170
[4.560s][debug][gc,refine,stats   ] GC(87) Concurrent refinement: 0.00ms, refined: 0, precleaned: 0, dirtied: 0
[4.560s][debug][gc,refine,stats   ] GC(87) Total refinement: 0.00ms, refined: 0, precleaned: 0, dirtied: 8170
[4.561s][debug][gc,refine,stats   ] GC(87) Generate dirty cards rate: 243.84 cards/ms
[4.561s][debug][gc,alloc,region   ] GC(87) Mutator Allocation stats, regions: 16, wasted size: 0B ( 0.0%)
[4.561s][debug][gc,humongous      ] GC(87) Humongous region 173 (object size 36920416 @ 0x00000000fad00000) remset 0 code roots 0 marked 1 reclaim candidate 0 type array 0
[4.561s][debug][gc,ergo           ] GC(87) Running G1 Merge Heap Roots using 4 workers for 20 regions
[4.561s][debug][gc,remset         ] GC(87) Visited cards 11008 Total dirty 14336 (76.79%) Total old 251904 (4.37%)
[4.586s][debug][gc,ref            ] GC(87) Skipped phase 1 of Reference Processing: no references
[4.586s][debug][gc,ref            ] GC(87) Skipped phase 2 of Reference Processing: no references
[4.586s][debug][gc,ref            ] GC(87) Skipped phase 3 of Reference Processing: no references
[4.586s][debug][gc,ref            ] GC(87) Skipped phase 4 of Reference Processing: no references
[4.586s][debug][gc,ergo           ] GC(87) Running G1 Rebuild Free List Task using 4 workers for rebuilding free list of regions
[4.586s][debug][gc,plab           ] GC(87) Young PLAB allocation: allocated: 3145728B, wasted: 336B, unused: 0B, used: 3145392B, undo waste: 0B, 
[4.586s][debug][gc,plab           ] GC(87) Young other allocation: region end waste: 0B, regions filled: 3, direct allocated: 0B, failure used: 0B, failure wasted: 0B
[4.586s][debug][gc,plab           ] GC(87) Young sizing: calculated: 629072B, actual: 693192B
[4.587s][debug][gc,plab           ] GC(87) Old PLAB allocation: allocated: 18350080B, wasted: 496B, unused: 571232B, used: 17778352B, undo waste: 0B, 
[4.587s][debug][gc,plab           ] GC(87) Old other allocation: region end waste: 0B, regions filled: 18, direct allocated: 0B, failure used: 0B, failure wasted: 0B
[4.587s][debug][gc,plab           ] GC(87) Old sizing: calculated: 3555664B, actual: 3944672B
[4.587s][debug][gc,ergo,heap      ] GC(87) Heap expansion: short term pause time ratio 18.21% long term pause time ratio 34.21% threshold 7.69% pause time ratio 7.69% fully expanded true resize by 0B
[4.587s][debug][gc,mmu            ] GC(87) MMU: 96.7ms (200.0ms/201.0ms)
[4.587s][debug][gc,alloc,stats    ] Old generation allocation in the last mutator period, old gen allocated: 18350080B, humongous allocated: 0B,old gen growth: 18350080B.
[4.587s][debug][gc,ihop           ] GC(87) Basic information (value update), threshold: 120795955B (45.00), target occupancy: 268435456B, current occupancy: 108527600B, recent allocation size: 18350080B, recent allocation duration: 33.51ms, recent old gen allocation rate: 547670396.38B/s, recent marking phase length: 0.00ms
[4.587s][debug][gc,ihop           ] GC(87) Adaptive IHOP information (value update), threshold: 120795955B (52.94), internal target occupancy: 228170137B, occupancy: 108527600B, additional buffer size: 46137344B, predicted old gen allocation rate: 527196135.22B/s, predicted marking phase length: 0.00ms, prediction active: false
[4.587s][debug][gc,ergo,refine    ] GC(87) Concurrent refinement times: Logged Cards Scan time goal: 20.00ms Logged Cards Scan time: 3.61ms HCC time: 0.00ms
[4.587s][debug][gc,ergo,refine    ] GC(87) Updated Refinement Zones: green: 21527, yellow: 64581, red: 107635
[4.587s][info ][gc,phases         ] GC(87)   Pre Evacuate Collection Set: 0.1ms
[4.587s][debug][gc,phases         ] GC(87)     Prepare TLABs: 0.0ms
[4.587s][debug][gc,phases         ] GC(87)     Concatenate Dirty Card Logs: 0.0ms
[4.587s][debug][gc,phases         ] GC(87)     Choose Collection Set: 0.0ms
[4.587s][debug][gc,phases         ] GC(87)     Region Register: 0.1ms
[4.587s][debug][gc,phases         ] GC(87)     Prepare Heap Roots: 0.0ms
[4.587s][info ][gc,phases         ] GC(87)   Merge Heap Roots: 0.1ms
[4.587s][debug][gc,phases         ] GC(87)     Prepare Merge Heap Roots: 0.0ms
[4.587s][debug][gc,phases         ] GC(87)     Eager Reclaim (ms):            skipped
[4.587s][debug][gc,phases         ] GC(87)     Remembered Sets (ms):          Min:  0.0, Avg:  0.0, Max:  0.0, Diff:  0.0, Sum:  0.0, Workers: 4
[4.587s][debug][gc,phases         ] GC(87)       Merged Sparse:                 Min: 0, Avg:  0.0, Max: 0, Diff: 0, Sum: 0, Workers: 4
[4.587s][debug][gc,phases         ] GC(87)       Merged Fine:                   Min: 0, Avg:  0.0, Max: 0, Diff: 0, Sum: 0, Workers: 4
[4.587s][debug][gc,phases         ] GC(87)       Merged Coarse:                 Min: 0, Avg:  0.0, Max: 0, Diff: 0, Sum: 0, Workers: 4
[4.587s][debug][gc,phases         ] GC(87)       Dirty Cards:                   Min: 0, Avg:  0.0, Max: 0, Diff: 0, Sum: 0, Workers: 4
[4.587s][debug][gc,phases         ] GC(87)     Hot Card Cache (ms):           Min:  0.0, Avg:  0.0, Max:  0.0, Diff:  0.0, Sum:  0.0, Workers: 4
[4.587s][debug][gc,phases         ] GC(87)       Dirty Cards:                   Min: 0, Avg:  0.0, Max: 0, Diff: 0, Sum: 0, Workers: 4
[4.587s][debug][gc,phases         ] GC(87)       Skipped Cards:                 Min: 0, Avg:  0.0, Max: 0, Diff: 0, Sum: 0, Workers: 4
[4.587s][debug][gc,phases         ] GC(87)     Log Buffers (ms):              Min:  0.0, Avg:  0.0, Max:  0.0, Diff:  0.0, Sum:  0.2, Workers: 4
[4.587s][debug][gc,phases         ] GC(87)       Dirty Cards:                   Min: 2296, Avg: 2547.0, Max: 2808, Diff: 512, Sum: 10188, Workers: 4
[4.587s][debug][gc,phases         ] GC(87)       Skipped Cards:                 Min: 0, Avg:  0.0, Max: 0, Diff: 0, Sum: 0, Workers: 4
[4.587s][info ][gc,phases         ] GC(87)   Evacuate Collection Set: 25.1ms
[4.587s][debug][gc,phases         ] GC(87)     Ext Root Scanning (ms):        Min:  0.0, Avg:  0.0, Max:  0.0, Diff:  0.0, Sum:  0.1, Workers: 4
[4.587s][debug][gc,phases         ] GC(87)     Scan Heap Roots (ms):          Min:  3.5, Avg:  3.6, Max:  3.7, Diff:  0.2, Sum: 14.3, Workers: 4
[4.588s][debug][gc,phases         ] GC(87)       Scanned Cards:                 Min: 2509, Avg: 2555.0, Max: 2591, Diff: 82, Sum: 10220, Workers: 4
[4.588s][debug][gc,phases         ] GC(87)       Scanned Blocks:                Min: 10, Avg: 10.8, Max: 12, Diff: 2, Sum: 43, Workers: 4
[4.588s][debug][gc,phases         ] GC(87)       Claimed Chunks:                Min: 10, Avg: 10.8, Max: 12, Diff: 2, Sum: 43, Workers: 4
[4.588s][debug][gc,phases         ] GC(87)     Code Root Scan (ms):           Min:  0.0, Avg:  0.0, Max:  0.0, Diff:  0.0, Sum:  0.0, Workers: 4
[4.588s][debug][gc,phases         ] GC(87)     Object Copy (ms):              Min: 21.4, Avg: 21.5, Max: 21.6, Diff:  0.1, Sum: 85.9, Workers: 4
[4.588s][debug][gc,phases         ] GC(87)     Termination (ms):              Min:  0.0, Avg:  0.0, Max:  0.0, Diff:  0.0, Sum:  0.0, Workers: 4
[4.588s][debug][gc,phases         ] GC(87)       Termination Attempts:          Min: 1, Avg:  4.0, Max: 6, Diff: 5, Sum: 16, Workers: 4
[4.588s][debug][gc,phases         ] GC(87)     GC Worker Other (ms):          Min:  0.0, Avg:  0.0, Max:  0.0, Diff:  0.0, Sum:  0.0, Workers: 4
[4.588s][debug][gc,phases         ] GC(87)     GC Worker Total (ms):          Min: 25.1, Avg: 25.1, Max: 25.1, Diff:  0.0, Sum: 100.4, Workers: 4
[4.588s][info ][gc,phases         ] GC(87)   Post Evacuate Collection Set: 0.5ms
[4.588s][debug][gc,phases         ] GC(87)     Code Roots Fixup: 0.0ms
[4.588s][debug][gc,phases         ] GC(87)     Reference Processing: 0.2ms
[4.588s][debug][gc,phases,ref     ] GC(87)       Reconsider SoftReferences: 0.1ms
[4.588s][debug][gc,phases,ref     ] GC(87)         SoftRef (ms):                  skipped
[4.588s][debug][gc,phases,ref     ] GC(87)       Notify Soft/WeakReferences: 0.0ms
[4.588s][debug][gc,phases,ref     ] GC(87)         SoftRef (ms):                  skipped
[4.588s][debug][gc,phases,ref     ] GC(87)         WeakRef (ms):                  skipped
[4.588s][debug][gc,phases,ref     ] GC(87)         FinalRef (ms):                 skipped
[4.588s][debug][gc,phases,ref     ] GC(87)         Total (ms):                    skipped
[4.588s][debug][gc,phases,ref     ] GC(87)       Notify and keep alive finalizable: 0.0ms
[4.588s][debug][gc,phases,ref     ] GC(87)         FinalRef (ms):                 skipped
[4.588s][debug][gc,phases,ref     ] GC(87)       Notify PhantomReferences: 0.0ms
[4.588s][debug][gc,phases,ref     ] GC(87)         PhantomRef (ms):               skipped
[4.588s][debug][gc,phases,ref     ] GC(87)       SoftReference:
[4.588s][debug][gc,phases,ref     ] GC(87)         Discovered: 0
[4.588s][debug][gc,phases,ref     ] GC(87)         Cleared: 0
[4.588s][debug][gc,phases,ref     ] GC(87)       WeakReference:
[4.588s][debug][gc,phases,ref     ] GC(87)         Discovered: 0
[4.588s][debug][gc,phases,ref     ] GC(87)         Cleared: 0
[4.588s][debug][gc,phases,ref     ] GC(87)       FinalReference:
[4.588s][debug][gc,phases,ref     ] GC(87)         Discovered: 0
[4.588s][debug][gc,phases,ref     ] GC(87)         Cleared: 0
[4.588s][debug][gc,phases,ref     ] GC(87)       PhantomReference:
[4.588s][debug][gc,phases,ref     ] GC(87)         Discovered: 0
[4.589s][debug][gc,phases,ref     ] GC(87)         Cleared: 0
[4.589s][debug][gc,phases         ] GC(87)     Weak Processing: 0.1ms
[4.589s][debug][gc,phases         ] GC(87)       VM Weak                        Min:  0.0, Avg:  0.0, Max:  0.0, Diff:  0.0, Sum:  0.0, Workers: 3
[4.589s][debug][gc,phases         ] GC(87)         Dead                           Min: 0, Avg:  0.0, Max: 0, Diff: 0, Sum: 0, Workers: 3
[4.589s][debug][gc,phases         ] GC(87)         Total                          Min: 0, Avg:  2.7, Max: 8, Diff: 8, Sum: 8, Workers: 3
[4.589s][debug][gc,phases         ] GC(87)       ObjectSynchronizer Weak        Min:  0.0, Avg:  0.0, Max:  0.0, Diff:  0.0, Sum:  0.0, Workers: 3
[4.589s][debug][gc,phases         ] GC(87)         Dead                           Min: 0, Avg:  0.0, Max: 0, Diff: 0, Sum: 0, Workers: 3
[4.589s][debug][gc,phases         ] GC(87)         Total                          Min: 0, Avg:  1.0, Max: 3, Diff: 3, Sum: 3, Workers: 3
[4.589s][debug][gc,phases         ] GC(87)       JVMTI Tag Weak OopStorage      Min:  0.0, Avg:  0.0, Max:  0.0, Diff:  0.0, Sum:  0.0, Workers: 3
[4.589s][debug][gc,phases         ] GC(87)         Dead                           Min: 0, Avg:  0.0, Max: 0, Diff: 0, Sum: 0, Workers: 3
[4.589s][debug][gc,phases         ] GC(87)         Total                          Min: 0, Avg:  0.0, Max: 0, Diff: 0, Sum: 0, Workers: 3
[4.589s][debug][gc,phases         ] GC(87)       StringTable Weak               Min:  0.0, Avg:  0.0, Max:  0.0, Diff:  0.0, Sum:  0.0, Workers: 3
[4.589s][debug][gc,phases         ] GC(87)         Dead                           Min: 0, Avg:  0.0, Max: 0, Diff: 0, Sum: 0, Workers: 3
[4.589s][debug][gc,phases         ] GC(87)         Total                          Min: 0, Avg: 819.0, Max: 1817, Diff: 1817, Sum: 2457, Workers: 3
[4.589s][debug][gc,phases         ] GC(87)       ResolvedMethodTable Weak       Min:  0.0, Avg:  0.0, Max:  0.0, Diff:  0.0, Sum:  0.0, Workers: 3
[4.589s][debug][gc,phases         ] GC(87)         Dead                           Min: 0, Avg:  0.0, Max: 0, Diff: 0, Sum: 0, Workers: 3
[4.589s][debug][gc,phases         ] GC(87)         Total                          Min: 0, Avg: 45.7, Max: 137, Diff: 137, Sum: 137, Workers: 3
[4.589s][debug][gc,phases         ] GC(87)       JNI Weak                       Min:  0.0, Avg:  0.0, Max:  0.0, Diff:  0.0, Sum:  0.0, Workers: 3
[4.589s][debug][gc,phases         ] GC(87)         Dead                           Min: 0, Avg:  0.0, Max: 0, Diff: 0, Sum: 0, Workers: 3
[4.589s][debug][gc,phases         ] GC(87)         Total                          Min: 0, Avg:  0.0, Max: 0, Diff: 0, Sum: 0, Workers: 3
[4.589s][debug][gc,phases         ] GC(87)       StringDedup Table Weak         Min:  0.0, Avg:  0.0, Max:  0.0, Diff:  0.0, Sum:  0.0, Workers: 3
[4.589s][debug][gc,phases         ] GC(87)         Dead                           Min: 0, Avg:  0.0, Max: 0, Diff: 0, Sum: 0, Workers: 3
[4.589s][debug][gc,phases         ] GC(87)         Total                          Min: 0, Avg:  0.0, Max: 0, Diff: 0, Sum: 0, Workers: 3
[4.589s][debug][gc,phases         ] GC(87)       StringDedup Requests0 Weak     Min:  0.0, Avg:  0.0, Max:  0.0, Diff:  0.0, Sum:  0.0, Workers: 3
[4.589s][debug][gc,phases         ] GC(87)         Dead                           Min: 0, Avg:  0.0, Max: 0, Diff: 0, Sum: 0, Workers: 3
[4.589s][debug][gc,phases         ] GC(87)         Total                          Min: 0, Avg:  0.0, Max: 0, Diff: 0, Sum: 0, Workers: 3
[4.589s][debug][gc,phases         ] GC(87)       StringDedup Requests1 Weak     Min:  0.0, Avg:  0.0, Max:  0.0, Diff:  0.0, Sum:  0.0, Workers: 3
[4.589s][debug][gc,phases         ] GC(87)         Dead                           Min: 0, Avg:  0.0, Max: 0, Diff: 0, Sum: 0, Workers: 3
[4.589s][debug][gc,phases         ] GC(87)         Total                          Min: 0, Avg:  0.0, Max: 0, Diff: 0, Sum: 0, Workers: 3
[4.589s][debug][gc,phases         ] GC(87)       Weak JFR Old Object Samples    Min:  0.0, Avg:  0.0, Max:  0.0, Diff:  0.0, Sum:  0.0, Workers: 3
[4.589s][debug][gc,phases         ] GC(87)         Dead                           Min: 0, Avg:  0.0, Max: 0, Diff: 0, Sum: 0, Workers: 3
[4.589s][debug][gc,phases         ] GC(87)         Total                          Min: 0, Avg:  0.0, Max: 0, Diff: 0, Sum: 0, Workers: 3
[4.589s][debug][gc,phases         ] GC(87)     Post Evacuate Cleanup 1: 0.1ms
[4.589s][debug][gc,phases         ] GC(87)       Merge Per-Thread State (ms):   Min:  0.0, Avg:  0.0, Max:  0.0, Diff:  0.0, Sum:  0.0, Workers: 1
[4.589s][debug][gc,phases         ] GC(87)         Copied Bytes                   Min: 5143712, Avg: 5230936.0, Max: 5322224, Diff: 178512, Sum: 20923744, Workers: 4
[4.589s][debug][gc,phases         ] GC(87)         LAB Waste                      Min: 144, Avg: 208.0, Max: 272, Diff: 128, Sum: 832, Workers: 4
[4.589s][debug][gc,phases         ] GC(87)         LAB Undo Waste                 Min: 0, Avg:  0.0, Max: 0, Diff: 0, Sum: 0, Workers: 4
[4.589s][debug][gc,phases         ] GC(87)       Clear Logged Cards (ms):       Min:  0.0, Avg:  0.0, Max:  0.0, Diff:  0.0, Sum:  0.0, Workers: 3
[4.589s][debug][gc,phases         ] GC(87)       Recalculate Used Memory (ms):  Min:  0.0, Avg:  0.0, Max:  0.0, Diff:  0.0, Sum:  0.0, Workers: 1
[4.589s][debug][gc,phases         ] GC(87)     Post Evacuate Cleanup 2: 0.1ms
[4.590s][debug][gc,phases         ] GC(87)       Reset Hot Card Cache (ms):     Min:  0.0, Avg:  0.0, Max:  0.0, Diff:  0.0, Sum:  0.0, Workers: 1
[4.590s][debug][gc,phases         ] GC(87)       Purge Code Roots (ms):         Min:  0.0, Avg:  0.0, Max:  0.0, Diff:  0.0, Sum:  0.0, Workers: 1
[4.590s][debug][gc,phases         ] GC(87)       Update Derived Pointers (ms):  Min:  0.0, Avg:  0.0, Max:  0.0, Diff:  0.0, Sum:  0.0, Workers: 1
[4.590s][debug][gc,phases         ] GC(87)       Eagerly Reclaim Humongous Objects (ms): Min:  0.0, Avg:  0.0, Max:  0.0, Diff:  0.0, Sum:  0.0, Workers: 1
[4.590s][debug][gc,phases         ] GC(87)         Humongous Total                Min: 1, Avg:  1.0, Max: 1, Diff: 0, Sum: 1, Workers: 1
[4.590s][debug][gc,phases         ] GC(87)         Humongous Candidates           Min: 0, Avg:  0.0, Max: 0, Diff: 0, Sum: 0, Workers: 1
[4.590s][debug][gc,phases         ] GC(87)         Humongous Reclaimed            Min: 0, Avg:  0.0, Max: 0, Diff: 0, Sum: 0, Workers: 1
[4.590s][debug][gc,phases         ] GC(87)       Redirty Logged Cards (ms):     Min:  0.0, Avg:  0.0, Max:  0.0, Diff:  0.0, Sum:  0.0, Workers: 4
[4.590s][debug][gc,phases         ] GC(87)         Redirtied Cards:               Min: 0, Avg: 384.5, Max: 1282, Diff: 1282, Sum: 1538, Workers: 4
[4.590s][debug][gc,phases         ] GC(87)       Free Collection Set (ms):      Min:  0.0, Avg:  0.0, Max:  0.0, Diff:  0.0, Sum:  0.1, Workers: 4
[4.590s][debug][gc,phases         ] GC(87)     Rebuild Free List: 0.1ms
[4.590s][debug][gc,phases         ] GC(87)     Start New Collection Set: 0.0ms
[4.590s][debug][gc,phases         ] GC(87)     Resize TLABs: 0.0ms
[4.590s][debug][gc,phases         ] GC(87)     Expand Heap After Collection: 0.0ms
[4.590s][info ][gc,phases         ] GC(87)   Other: 1.0ms
[4.590s][info ][gc,heap           ] GC(87) Eden regions: 16->0(41)
[4.590s][info ][gc,heap           ] GC(87) Survivor regions: 4->3(3)
[4.590s][info ][gc,heap           ] GC(87) Old regions: 47->65
[4.590s][info ][gc,heap           ] GC(87) Archive regions: 0->0
[4.590s][info ][gc,heap           ] GC(87) Humongous regions: 36->36
[4.590s][info ][gc,metaspace      ] GC(87) Metaspace: 471K(640K)->471K(640K) NonClass: 438K(512K)->438K(512K) Class: 33K(128K)->33K(128K)
[4.590s][debug][gc,heap           ] GC(87) Heap after GC invocations=82 (full 4):
[4.590s][debug][gc,heap           ] GC(87)  garbage-first heap   total 262144K, used 105983K [0x00000000f0000000, 0x0000000100000000)
[4.590s][debug][gc,heap           ] GC(87)   region size 1024K, 3 young (3072K), 3 survivors (3072K)
[4.590s][debug][gc,heap           ] GC(87)  Metaspace       used 471K, committed 640K, reserved 1056768K
[4.590s][debug][gc,heap           ] GC(87)   class space    used 33K, committed 128K, reserved 1048576K
[4.590s][info ][gc                ] GC(87) Pause Young (Normal) (G1 Evacuation Pause) 102M->103M(256M) 29.863ms
[4.590s][info ][gc,cpu            ] GC(87) User=0.13s Sys=0.00s Real=0.03s
[4.675s][debug][gc,refine         ] Activated worker 0, on threshold: 22039, current: 22274
[4.675s][debug][gc,refine         ] Deactivated worker 0, off threshold: 21527, current: 21465, refined cards: 809
[4.676s][debug][gc,heap           ] GC(88) Heap before GC invocations=82 (full 4):
[4.676s][debug][gc,heap           ] GC(88)  garbage-first heap   total 262144K, used 147967K [0x00000000f0000000, 0x0000000100000000)
[4.676s][debug][gc,heap           ] GC(88)   region size 1024K, 44 young (45056K), 3 survivors (3072K)
[4.676s][debug][gc,heap           ] GC(88)  Metaspace       used 471K, committed 640K, reserved 1056768K
[4.676s][debug][gc,heap           ] GC(88)   class space    used 33K, committed 128K, reserved 1048576K
[4.676s][info ][gc,start          ] GC(88) Pause Young (Normal) (G1 Evacuation Pause)
[4.676s][info ][gc,task           ] GC(88) Using 4 workers of 4 for evacuation
[4.676s][debug][gc,tlab           ] GC(88) TLAB totals: thrds: 1  refills: 123 max: 123 slow allocs: 0 max 0 waste:  0.2% gc: 0B max: 0B slow: 70848B max: 70848B
[4.676s][debug][gc,age            ] GC(88) Desired survivor size 3145728 bytes, new threshold 15 (max threshold 15)
[4.676s][debug][gc,refine,stats   ] GC(88) Mutator refinement: 0.00ms, refined: 0, precleaned: 0, dirtied: 20959
[4.676s][debug][gc,refine,stats   ] GC(88) Concurrent refinement: 0.42ms, refined: 809, precleaned: 0, dirtied: 0
[4.676s][debug][gc,refine,stats   ] GC(88) Total refinement: 0.42ms, refined: 809, precleaned: 0, dirtied: 20959
[4.676s][debug][gc,refine,stats   ] GC(88) Concurrent refinement rate: 1917.52 cards/ms
[4.676s][debug][gc,refine,stats   ] GC(88) Generate dirty cards rate: 234.50 cards/ms
[4.676s][debug][gc,alloc,region   ] GC(88) Mutator Allocation stats, regions: 41, wasted size: 0B ( 0.0%)
[4.676s][debug][gc,humongous      ] GC(88) Humongous region 173 (object size 36920416 @ 0x00000000fad00000) remset 0 code roots 0 marked 1 reclaim candidate 0 type array 0
[4.676s][debug][gc,ergo           ] GC(88) Running G1 Merge Heap Roots using 4 workers for 44 regions
[4.676s][debug][gc,remset         ] GC(88) Visited cards 23296 Total dirty 28672 (81.25%) Total old 387072 (6.02%)
[4.684s][debug][gc,ref            ] GC(88) Skipped phase 1 of Reference Processing: no references
[4.684s][debug][gc,ref            ] GC(88) Skipped phase 2 of Reference Processing: no references
[4.684s][debug][gc,ref            ] GC(88) Skipped phase 3 of Reference Processing: no references
[4.684s][debug][gc,ref            ] GC(88) Skipped phase 4 of Reference Processing: no references
[4.684s][debug][gc,ergo           ] GC(88) Running G1 Rebuild Free List Task using 4 workers for rebuilding free list of regions
[4.684s][debug][gc,plab           ] GC(88) Young PLAB allocation: allocated: 3136928B, wasted: 256B, unused: 399696B, used: 2736976B, undo waste: 0B, 
[4.684s][debug][gc,plab           ] GC(88) Young other allocation: region end waste: 0B, regions filled: 3, direct allocated: 0B, failure used: 0B, failure wasted: 0B
[4.684s][debug][gc,plab           ] GC(88) Young sizing: calculated: 547392B, actual: 583840B
[4.684s][debug][gc,plab           ] GC(88) Old PLAB allocation: allocated: 0B, wasted: 0B, unused: 0B, used: 0B, undo waste: 0B, 
[4.684s][debug][gc,plab           ] GC(88) Old other allocation: region end waste: 0B, regions filled: 1, direct allocated: 0B, failure used: 0B, failure wasted: 0B
[4.684s][debug][gc,plab           ] GC(88) Old sizing: calculated: 0B, actual: 986168B
[4.684s][debug][gc,ergo,heap      ] GC(88) Heap expansion: short term pause time ratio 58.61% long term pause time ratio 35.36% threshold 7.69% pause time ratio 7.69% fully expanded true resize by 0B
[4.684s][debug][gc,mmu            ] GC(88) MMU: 75.9ms (200.0ms/201.0ms)
[4.684s][debug][gc,alloc,stats    ] Old generation allocation in the last mutator period, old gen allocated: 0B, humongous allocated: 0B,old gen growth: 0B.
[4.684s][debug][gc,ihop           ] GC(88) Basic information (value update), threshold: 120795955B (45.00), target occupancy: 268435456B, current occupancy: 108518800B, recent allocation size: 0B, recent allocation duration: 89.38ms, recent old gen allocation rate: 0.00B/s, recent marking phase length: 0.00ms
[4.684s][debug][gc,ihop           ] GC(88) Adaptive IHOP information (value update), threshold: 120795955B (52.94), internal target occupancy: 228170137B, occupancy: 108518800B, additional buffer size: 50331648B, predicted old gen allocation rate: 512665468.11B/s, predicted marking phase length: 0.00ms, prediction active: false
[4.684s][debug][gc,ergo,refine    ] GC(88) Concurrent refinement times: Logged Cards Scan time goal: 20.00ms Logged Cards Scan time: 3.42ms HCC time: 0.00ms
[4.684s][debug][gc,ergo,refine    ] GC(88) Updated Refinement Zones: green: 23679, yellow: 71037, red: 118395
[4.684s][info ][gc,phases         ] GC(88)   Pre Evacuate Collection Set: 0.1ms
[4.684s][debug][gc,phases         ] GC(88)     Prepare TLABs: 0.0ms
[4.684s][debug][gc,phases         ] GC(88)     Concatenate Dirty Card Logs: 0.0ms
[4.684s][debug][gc,phases         ] GC(88)     Choose Collection Set: 0.0ms
[4.684s][debug][gc,phases         ] GC(88)     Region Register: 0.1ms
[4.684s][debug][gc,phases         ] GC(88)     Prepare Heap Roots: 0.0ms
[4.684s][info ][gc,phases         ] GC(88)   Merge Heap Roots: 0.2ms
[4.685s][debug][gc,phases         ] GC(88)     Prepare Merge Heap Roots: 0.0ms
[4.685s][debug][gc,phases         ] GC(88)     Eager Reclaim (ms):            skipped
[4.685s][debug][gc,phases         ] GC(88)     Remembered Sets (ms):          Min:  0.0, Avg:  0.0, Max:  0.0, Diff:  0.0, Sum:  0.1, Workers: 4
[4.685s][debug][gc,phases         ] GC(88)       Merged Sparse:                 Min: 0, Avg:  0.0, Max: 0, Diff: 0, Sum: 0, Workers: 4
[4.685s][debug][gc,phases         ] GC(88)       Merged Fine:                   Min: 9, Avg: 10.3, Max: 11, Diff: 2, Sum: 41, Workers: 4
[4.685s][debug][gc,phases         ] GC(88)       Merged Coarse:                 Min: 0, Avg:  0.0, Max: 0, Diff: 0, Sum: 0, Workers: 4
[4.685s][debug][gc,phases         ] GC(88)       Dirty Cards:                   Min: 0, Avg: 202.3, Max: 513, Diff: 513, Sum: 809, Workers: 4
[4.685s][debug][gc,phases         ] GC(88)     Hot Card Cache (ms):           Min:  0.0, Avg:  0.0, Max:  0.0, Diff:  0.0, Sum:  0.0, Workers: 4
[4.685s][debug][gc,phases         ] GC(88)       Dirty Cards:                   Min: 0, Avg:  0.0, Max: 0, Diff: 0, Sum: 0, Workers: 4
[4.685s][debug][gc,phases         ] GC(88)       Skipped Cards:                 Min: 0, Avg:  0.0, Max: 0, Diff: 0, Sum: 0, Workers: 4
[4.685s][debug][gc,phases         ] GC(88)     Log Buffers (ms):              Min:  0.1, Avg:  0.1, Max:  0.1, Diff:  0.0, Sum:  0.3, Workers: 4
[4.685s][debug][gc,phases         ] GC(88)       Dirty Cards:                   Min: 5329, Avg: 5414.0, Max: 5591, Diff: 262, Sum: 21656, Workers: 4
[4.685s][debug][gc,phases         ] GC(88)       Skipped Cards:                 Min: 0, Avg:  0.0, Max: 0, Diff: 0, Sum: 0, Workers: 4
[4.685s][info ][gc,phases         ] GC(88)   Evacuate Collection Set: 7.1ms
[4.685s][debug][gc,phases         ] GC(88)     Ext Root Scanning (ms):        Min:  0.0, Avg:  0.0, Max:  0.0, Diff:  0.0, Sum:  0.1, Workers: 4
[4.685s][debug][gc,phases         ] GC(88)     Scan Heap Roots (ms):          Min:  3.2, Avg:  3.5, Max:  3.8, Diff:  0.6, Sum: 13.9, Workers: 4
[4.685s][debug][gc,phases         ] GC(88)       Scanned Cards:                 Min: 3917, Avg: 5624.3, Max: 7209, Diff: 3292, Sum: 22497, Workers: 4
[4.685s][debug][gc,phases         ] GC(88)       Scanned Blocks:                Min: 17, Avg: 22.8, Max: 29, Diff: 12, Sum: 91, Workers: 4
[4.685s][debug][gc,phases         ] GC(88)       Claimed Chunks:                Min: 17, Avg: 22.8, Max: 29, Diff: 12, Sum: 91, Workers: 4
[4.685s][debug][gc,phases         ] GC(88)     Code Root Scan (ms):           Min:  0.0, Avg:  0.0, Max:  0.0, Diff:  0.0, Sum:  0.0, Workers: 4
[4.685s][debug][gc,phases         ] GC(88)     Object Copy (ms):              Min:  3.3, Avg:  3.6, Max:  3.9, Diff:  0.6, Sum: 14.3, Workers: 4
[4.685s][debug][gc,phases         ] GC(88)     Termination (ms):              Min:  0.0, Avg:  0.0, Max:  0.0, Diff:  0.0, Sum:  0.0, Workers: 4
[4.685s][debug][gc,phases         ] GC(88)       Termination Attempts:          Min: 1, Avg: 13.5, Max: 26, Diff: 25, Sum: 54, Workers: 4
[4.685s][debug][gc,phases         ] GC(88)     GC Worker Other (ms):          Min:  0.0, Avg:  0.0, Max:  0.0, Diff:  0.0, Sum:  0.0, Workers: 4
[4.685s][debug][gc,phases         ] GC(88)     GC Worker Total (ms):          Min:  7.1, Avg:  7.1, Max:  7.1, Diff:  0.0, Sum: 28.3, Workers: 4
[4.685s][info ][gc,phases         ] GC(88)   Post Evacuate Collection Set: 0.4ms
[4.685s][debug][gc,phases         ] GC(88)     Code Roots Fixup: 0.0ms
[4.685s][debug][gc,phases         ] GC(88)     Reference Processing: 0.2ms
[4.685s][debug][gc,phases,ref     ] GC(88)       Reconsider SoftReferences: 0.1ms
[4.685s][debug][gc,phases,ref     ] GC(88)         SoftRef (ms):                  skipped
[4.685s][debug][gc,phases,ref     ] GC(88)       Notify Soft/WeakReferences: 0.0ms
[4.685s][debug][gc,phases,ref     ] GC(88)         SoftRef (ms):                  skipped
[4.685s][debug][gc,phases,ref     ] GC(88)         WeakRef (ms):                  skipped
[4.685s][debug][gc,phases,ref     ] GC(88)         FinalRef (ms):                 skipped
[4.685s][debug][gc,phases,ref     ] GC(88)         Total (ms):                    skipped
[4.685s][debug][gc,phases,ref     ] GC(88)       Notify and keep alive finalizable: 0.0ms
[4.685s][debug][gc,phases,ref     ] GC(88)         FinalRef (ms):                 skipped
[4.685s][debug][gc,phases,ref     ] GC(88)       Notify PhantomReferences: 0.0ms
[4.685s][debug][gc,phases,ref     ] GC(88)         PhantomRef (ms):               skipped
[4.685s][debug][gc,phases,ref     ] GC(88)       SoftReference:
[4.685s][debug][gc,phases,ref     ] GC(88)         Discovered: 0
[4.686s][debug][gc,phases,ref     ] GC(88)         Cleared: 0
[4.686s][debug][gc,phases,ref     ] GC(88)       WeakReference:
[4.686s][debug][gc,phases,ref     ] GC(88)         Discovered: 0
[4.686s][debug][gc,phases,ref     ] GC(88)         Cleared: 0
[4.686s][debug][gc,phases,ref     ] GC(88)       FinalReference:
[4.686s][debug][gc,phases,ref     ] GC(88)         Discovered: 0
[4.686s][debug][gc,phases,ref     ] GC(88)         Cleared: 0
[4.686s][debug][gc,phases,ref     ] GC(88)       PhantomReference:
[4.686s][debug][gc,phases,ref     ] GC(88)         Discovered: 0
[4.686s][debug][gc,phases,ref     ] GC(88)         Cleared: 0
[4.686s][debug][gc,phases         ] GC(88)     Weak Processing: 0.0ms
[4.686s][debug][gc,phases         ] GC(88)       VM Weak                        Min:  0.0, Avg:  0.0, Max:  0.0, Diff:  0.0, Sum:  0.0, Workers: 3
[4.686s][debug][gc,phases         ] GC(88)         Dead                           Min: 0, Avg:  0.0, Max: 0, Diff: 0, Sum: 0, Workers: 3
[4.686s][debug][gc,phases         ] GC(88)         Total                          Min: 0, Avg:  2.7, Max: 8, Diff: 8, Sum: 8, Workers: 3
[4.686s][debug][gc,phases         ] GC(88)       ObjectSynchronizer Weak        Min:  0.0, Avg:  0.0, Max:  0.0, Diff:  0.0, Sum:  0.0, Workers: 3
[4.686s][debug][gc,phases         ] GC(88)         Dead                           Min: 0, Avg:  0.0, Max: 0, Diff: 0, Sum: 0, Workers: 3
[4.686s][debug][gc,phases         ] GC(88)         Total                          Min: 0, Avg:  1.0, Max: 3, Diff: 3, Sum: 3, Workers: 3
[4.686s][debug][gc,phases         ] GC(88)       JVMTI Tag Weak OopStorage      Min:  0.0, Avg:  0.0, Max:  0.0, Diff:  0.0, Sum:  0.0, Workers: 3
[4.686s][debug][gc,phases         ] GC(88)         Dead                           Min: 0, Avg:  0.0, Max: 0, Diff: 0, Sum: 0, Workers: 3
[4.686s][debug][gc,phases         ] GC(88)         Total                          Min: 0, Avg:  0.0, Max: 0, Diff: 0, Sum: 0, Workers: 3
[4.686s][debug][gc,phases         ] GC(88)       StringTable Weak               Min:  0.0, Avg:  0.0, Max:  0.0, Diff:  0.0, Sum:  0.0, Workers: 3
[4.686s][debug][gc,phases         ] GC(88)         Dead                           Min: 0, Avg:  0.0, Max: 0, Diff: 0, Sum: 0, Workers: 3
[4.686s][debug][gc,phases         ] GC(88)         Total                          Min: 576, Avg: 819.0, Max: 960, Diff: 384, Sum: 2457, Workers: 3
[4.686s][debug][gc,phases         ] GC(88)       ResolvedMethodTable Weak       Min:  0.0, Avg:  0.0, Max:  0.0, Diff:  0.0, Sum:  0.0, Workers: 3
[4.686s][debug][gc,phases         ] GC(88)         Dead                           Min: 0, Avg:  0.0, Max: 0, Diff: 0, Sum: 0, Workers: 3
[4.686s][debug][gc,phases         ] GC(88)         Total                          Min: 0, Avg: 45.7, Max: 73, Diff: 73, Sum: 137, Workers: 3
[4.686s][debug][gc,phases         ] GC(88)       JNI Weak                       Min:  0.0, Avg:  0.0, Max:  0.0, Diff:  0.0, Sum:  0.0, Workers: 3
[4.686s][debug][gc,phases         ] GC(88)         Dead                           Min: 0, Avg:  0.0, Max: 0, Diff: 0, Sum: 0, Workers: 3
[4.686s][debug][gc,phases         ] GC(88)         Total                          Min: 0, Avg:  0.0, Max: 0, Diff: 0, Sum: 0, Workers: 3
[4.686s][debug][gc,phases         ] GC(88)       StringDedup Table Weak         Min:  0.0, Avg:  0.0, Max:  0.0, Diff:  0.0, Sum:  0.0, Workers: 3
[4.686s][debug][gc,phases         ] GC(88)         Dead                           Min: 0, Avg:  0.0, Max: 0, Diff: 0, Sum: 0, Workers: 3
[4.686s][debug][gc,phases         ] GC(88)         Total                          Min: 0, Avg:  0.0, Max: 0, Diff: 0, Sum: 0, Workers: 3
[4.686s][debug][gc,phases         ] GC(88)       StringDedup Requests0 Weak     Min:  0.0, Avg:  0.0, Max:  0.0, Diff:  0.0, Sum:  0.0, Workers: 3
[4.686s][debug][gc,phases         ] GC(88)         Dead                           Min: 0, Avg:  0.0, Max: 0, Diff: 0, Sum: 0, Workers: 3
[4.686s][debug][gc,phases         ] GC(88)         Total                          Min: 0, Avg:  0.0, Max: 0, Diff: 0, Sum: 0, Workers: 3
[4.686s][debug][gc,phases         ] GC(88)       StringDedup Requests1 Weak     Min:  0.0, Avg:  0.0, Max:  0.0, Diff:  0.0, Sum:  0.0, Workers: 3
[4.686s][debug][gc,phases         ] GC(88)         Dead                           Min: 0, Avg:  0.0, Max: 0, Diff: 0, Sum: 0, Workers: 3
[4.686s][debug][gc,phases         ] GC(88)         Total                          Min: 0, Avg:  0.0, Max: 0, Diff: 0, Sum: 0, Workers: 3
[4.686s][debug][gc,phases         ] GC(88)       Weak JFR Old Object Samples    Min:  0.0, Avg:  0.0, Max:  0.0, Diff:  0.0, Sum:  0.0, Workers: 3
[4.686s][debug][gc,phases         ] GC(88)         Dead                           Min: 0, Avg:  0.0, Max: 0, Diff: 0, Sum: 0, Workers: 3
[4.686s][debug][gc,phases         ] GC(88)         Total                          Min: 0, Avg:  0.0, Max: 0, Diff: 0, Sum: 0, Workers: 3
[4.686s][debug][gc,phases         ] GC(88)     Post Evacuate Cleanup 1: 0.1ms
[4.686s][debug][gc,phases         ] GC(88)       Merge Per-Thread State (ms):   Min:  0.0, Avg:  0.0, Max:  0.0, Diff:  0.0, Sum:  0.0, Workers: 1
[4.686s][debug][gc,phases         ] GC(88)         Copied Bytes                   Min: 586656, Avg: 684244.0, Max: 863504, Diff: 276848, Sum: 2736976, Workers: 4
[4.686s][debug][gc,phases         ] GC(88)         LAB Waste                      Min: 48, Avg: 64.0, Max: 96, Diff: 48, Sum: 256, Workers: 4
[4.686s][debug][gc,phases         ] GC(88)         LAB Undo Waste                 Min: 0, Avg:  0.0, Max: 0, Diff: 0, Sum: 0, Workers: 4
[4.686s][debug][gc,phases         ] GC(88)       Clear Logged Cards (ms):       Min:  0.0, Avg:  0.0, Max:  0.0, Diff:  0.0, Sum:  0.0, Workers: 3
[4.686s][debug][gc,phases         ] GC(88)       Recalculate Used Memory (ms):  Min:  0.0, Avg:  0.0, Max:  0.0, Diff:  0.0, Sum:  0.0, Workers: 1
[4.686s][debug][gc,phases         ] GC(88)     Post Evacuate Cleanup 2: 0.1ms
[4.686s][debug][gc,phases         ] GC(88)       Reset Hot Card Cache (ms):     Min:  0.0, Avg:  0.0, Max:  0.0, Diff:  0.0, Sum:  0.0, Workers: 1
[4.686s][debug][gc,phases         ] GC(88)       Purge Code Roots (ms):         Min:  0.0, Avg:  0.0, Max:  0.0, Diff:  0.0, Sum:  0.0, Workers: 1
[4.686s][debug][gc,phases         ] GC(88)       Update Derived Pointers (ms):  Min:  0.0, Avg:  0.0, Max:  0.0, Diff:  0.0, Sum:  0.0, Workers: 1
[4.686s][debug][gc,phases         ] GC(88)       Eagerly Reclaim Humongous Objects (ms): Min:  0.0, Avg:  0.0, Max:  0.0, Diff:  0.0, Sum:  0.0, Workers: 1
[4.687s][debug][gc,phases         ] GC(88)         Humongous Total                Min: 1, Avg:  1.0, Max: 1, Diff: 0, Sum: 1, Workers: 1
[4.687s][debug][gc,phases         ] GC(88)         Humongous Candidates           Min: 0, Avg:  0.0, Max: 0, Diff: 0, Sum: 0, Workers: 1
[4.687s][debug][gc,phases         ] GC(88)         Humongous Reclaimed            Min: 0, Avg:  0.0, Max: 0, Diff: 0, Sum: 0, Workers: 1
[4.687s][debug][gc,phases         ] GC(88)       Redirty Logged Cards (ms):     Min:  0.0, Avg:  0.0, Max:  0.0, Diff:  0.0, Sum:  0.0, Workers: 4
[4.687s][debug][gc,phases         ] GC(88)         Redirtied Cards:               Min: 0, Avg: 379.3, Max: 1005, Diff: 1005, Sum: 1517, Workers: 4
[4.687s][debug][gc,phases         ] GC(88)       Free Collection Set (ms):      Min:  0.0, Avg:  0.0, Max:  0.0, Diff:  0.0, Sum:  0.0, Workers: 4
[4.687s][debug][gc,phases         ] GC(88)     Rebuild Free List: 0.1ms
[4.687s][debug][gc,phases         ] GC(88)     Start New Collection Set: 0.0ms
[4.687s][debug][gc,phases         ] GC(88)     Resize TLABs: 0.0ms
[4.687s][debug][gc,phases         ] GC(88)     Expand Heap After Collection: 0.0ms
[4.687s][info ][gc,phases         ] GC(88)   Other: 0.7ms
[4.687s][info ][gc,heap           ] GC(88) Eden regions: 41->0(45)
[4.687s][info ][gc,heap           ] GC(88) Survivor regions: 3->3(6)
[4.687s][info ][gc,heap           ] GC(88) Old regions: 65->65
[4.687s][info ][gc,heap           ] GC(88) Archive regions: 0->0
[4.687s][info ][gc,heap           ] GC(88) Humongous regions: 36->36
[4.687s][info ][gc,metaspace      ] GC(88) Metaspace: 471K(640K)->471K(640K) NonClass: 438K(512K)->438K(512K) Class: 33K(128K)->33K(128K)
[4.687s][debug][gc,heap           ] GC(88) Heap after GC invocations=83 (full 4):
[4.687s][debug][gc,heap           ] GC(88)  garbage-first heap   total 262144K, used 105975K [0x00000000f0000000, 0x0000000100000000)
[4.687s][debug][gc,heap           ] GC(88)   region size 1024K, 3 young (3072K), 3 survivors (3072K)
[4.687s][debug][gc,heap           ] GC(88)  Metaspace       used 471K, committed 640K, reserved 1056768K
[4.687s][debug][gc,heap           ] GC(88)   class space    used 33K, committed 128K, reserved 1048576K
[4.687s][info ][gc                ] GC(88) Pause Young (Normal) (G1 Evacuation Pause) 144M->103M(256M) 11.046ms
[4.687s][info ][gc,cpu            ] GC(88) User=0.06s Sys=0.00s Real=0.01s
[4.695s][info ][gc,marking        ] GC(85) Concurrent Rebuild Remembered Sets 152.820ms
[4.695s][info ][gc,start          ] GC(85) Pause Cleanup
[4.695s][debug][gc,phases,start   ] GC(85) Update Remembered Set Tracking After Rebuild
[4.695s][debug][gc,phases         ] GC(85) Update Remembered Set Tracking After Rebuild 0.029ms
[4.695s][debug][gc,phases,start   ] GC(85) Finalize Concurrent Mark Cleanup
[4.695s][debug][gc,ergo,cset      ] GC(85) Pruned 3 regions out of 3, leaving 2039136 bytes waste (allowed 13421772)
[4.695s][debug][gc,ergo           ] GC(85) request young-only gcs (candidate old regions not available)
[4.695s][debug][gc,mmu            ] GC(85) MMU: 67.4ms (200.0ms/201.0ms)
[4.695s][debug][gc,phases         ] GC(85) Finalize Concurrent Mark Cleanup 0.217ms
[4.695s][info ][gc                ] GC(85) Pause Cleanup 107M->107M(256M) 0.330ms
[4.695s][info ][gc,cpu            ] GC(85) User=0.00s Sys=0.00s Real=0.00s
[4.695s][info ][gc,marking        ] GC(85) Concurrent Cleanup for Next Mark
[4.695s][debug][gc,ergo           ] GC(85) Running G1 Clear Bitmap with 1 workers for 4 work units.
[4.696s][info ][gc,marking        ] GC(85) Concurrent Cleanup for Next Mark 0.327ms
[4.696s][info ][gc                ] GC(85) Concurrent Mark Cycle 254.761ms
[4.767s][debug][gc,refine         ] Activated worker 0, on threshold: 24191, current: 24301
[4.769s][debug][gc,refine         ] Deactivated worker 0, off threshold: 23679, current: 23476, refined cards: 825
[4.769s][debug][gc,heap           ] GC(89) Heap before GC invocations=84 (full 4):
[4.769s][debug][gc,heap           ] GC(89)  garbage-first heap   total 262144K, used 152055K [0x00000000f0000000, 0x0000000100000000)
[4.769s][debug][gc,heap           ] GC(89)   region size 1024K, 48 young (49152K), 3 survivors (3072K)
[4.769s][debug][gc,heap           ] GC(89)  Metaspace       used 471K, committed 640K, reserved 1056768K
[4.769s][debug][gc,heap           ] GC(89)   class space    used 33K, committed 128K, reserved 1048576K
[4.769s][info ][gc,start          ] GC(89) Pause Young (Normal) (G1 Evacuation Pause)
[4.769s][info ][gc,task           ] GC(89) Using 4 workers of 4 for evacuation
[4.769s][debug][gc,tlab           ] GC(89) TLAB totals: thrds: 1  refills: 135 max: 135 slow allocs: 0 max 0 waste:  0.2% gc: 0B max: 0B slow: 77760B max: 77760B
[4.769s][debug][gc,age            ] GC(89) Desired survivor size 3145728 bytes, new threshold 15 (max threshold 15)
[4.769s][debug][gc,refine,stats   ] GC(89) Mutator refinement: 0.00ms, refined: 0, precleaned: 0, dirtied: 23002
[4.769s][debug][gc,refine,stats   ] GC(89) Concurrent refinement: 0.96ms, refined: 825, precleaned: 2, dirtied: 0
[4.769s][debug][gc,refine,stats   ] GC(89) Total refinement: 0.96ms, refined: 825, precleaned: 2, dirtied: 23002
[4.769s][debug][gc,refine,stats   ] GC(89) Concurrent refinement rate: 862.88 cards/ms
[4.769s][debug][gc,refine,stats   ] GC(89) Generate dirty cards rate: 272.37 cards/ms
[4.769s][debug][gc,alloc,region   ] GC(89) Mutator Allocation stats, regions: 45, wasted size: 0B ( 0.0%)
[4.769s][debug][gc,humongous      ] GC(89) Humongous region 173 (object size 36920416 @ 0x00000000fad00000) remset 0 code roots 0 marked 0 reclaim candidate 0 type array 0
[4.769s][debug][gc,ergo           ] GC(89) Running G1 Merge Heap Roots using 4 workers for 48 regions
[4.769s][debug][gc,remset         ] GC(89) Visited cards 24576 Total dirty 24576 (100.00%) Total old 403456 (6.09%)
[4.831s][debug][gc,ref            ] GC(89) Skipped phase 1 of Reference Processing: no references
[4.831s][debug][gc,task,start     ] G1 Service Thread (Remembered Set Sampling Task) (run)
[4.831s][debug][gc,ref            ] GC(89) Skipped phase 2 of Reference Processing: no references
[4.832s][debug][gc,ref            ] GC(89) Skipped phase 3 of Reference Processing: no references
[4.832s][debug][gc,ref            ] GC(89) Skipped phase 4 of Reference Processing: no references
[4.832s][debug][gc,ergo           ] GC(89) Running G1 Rebuild Free List Task using 4 workers for rebuilding free list of regions
[4.832s][debug][gc,plab           ] GC(89) Young PLAB allocation: allocated: 6291456B, wasted: 1152B, unused: 0B, used: 6290304B, undo waste: 0B, 
[4.832s][debug][gc,plab           ] GC(89) Young other allocation: region end waste: 0B, regions filled: 6, direct allocated: 0B, failure used: 0B, failure wasted: 0B
[4.832s][debug][gc,plab           ] GC(89) Young sizing: calculated: 1258056B, actual: 1089496B
[4.832s][debug][gc,plab           ] GC(89) Old PLAB allocation: allocated: 44008976B, wasted: 4608B, unused: 449536B, used: 43554832B, undo waste: 0B, 
[4.832s][debug][gc,plab           ] GC(89) Old other allocation: region end waste: 0B, regions filled: 43, direct allocated: 0B, failure used: 0B, failure wasted: 0B
[4.832s][debug][gc,plab           ] GC(89) Old sizing: calculated: 8710960B, actual: 6779760B
[4.832s][debug][gc,ergo,heap      ] GC(89) Heap expansion: short term pause time ratio 2.31% long term pause time ratio 29.33% threshold 7.69% pause time ratio 7.69% fully expanded true resize by 0B
[4.832s][debug][gc,ergo,ihop      ] GC(89) Request concurrent cycle initiation (occupancy higher than threshold) occupancy: 149946368B allocation request: 0B threshold: 120795955B (45.00) source: end of GC
[4.832s][debug][gc,mmu            ] GC(89) MMU: 71.6ms (200.0ms/201.0ms)
[4.832s][debug][gc,alloc,stats    ] Old generation allocation in the last mutator period, old gen allocated: 44008976B, humongous allocated: 0B,old gen growth: 44008976B.
[4.832s][debug][gc,ihop           ] GC(89) Basic information (value update), threshold: 120795955B (45.00), target occupancy: 268435456B, current occupancy: 155682800B, recent allocation size: 44008976B, recent allocation duration: 84.45ms, recent old gen allocation rate: 521115385.75B/s, recent marking phase length: 0.00ms
[4.832s][debug][gc,ihop           ] GC(89) Adaptive IHOP information (value update), threshold: 120795955B (52.94), internal target occupancy: 228170137B, occupancy: 155682800B, additional buffer size: 32505856B, predicted old gen allocation rate: 516810597.64B/s, predicted marking phase length: 0.00ms, prediction active: false
[4.832s][debug][gc,ergo,refine    ] GC(89) Concurrent refinement times: Logged Cards Scan time goal: 20.00ms Logged Cards Scan time: 8.58ms HCC time: 0.00ms
[4.832s][debug][gc,ergo,refine    ] GC(89) Updated Refinement Zones: green: 23679, yellow: 71037, red: 118395
[4.832s][info ][gc,phases         ] GC(89)   Pre Evacuate Collection Set: 0.1ms
[4.832s][debug][gc,phases         ] GC(89)     Prepare TLABs: 0.0ms
[4.832s][debug][gc,phases         ] GC(89)     Concatenate Dirty Card Logs: 0.0ms
[4.832s][debug][gc,phases         ] GC(89)     Choose Collection Set: 0.0ms
[4.832s][debug][gc,phases         ] GC(89)     Region Register: 0.1ms
[4.833s][debug][gc,phases         ] GC(89)     Prepare Heap Roots: 0.0ms
[4.833s][info ][gc,phases         ] GC(89)   Merge Heap Roots: 0.2ms
[4.833s][debug][gc,phases         ] GC(89)     Prepare Merge Heap Roots: 0.0ms
[4.833s][debug][gc,phases         ] GC(89)     Eager Reclaim (ms):            skipped
[4.833s][debug][gc,phases         ] GC(89)     Remembered Sets (ms):          Min:  0.0, Avg:  0.0, Max:  0.0, Diff:  0.0, Sum:  0.0, Workers: 4
[4.833s][debug][gc,phases         ] GC(89)       Merged Sparse:                 Min: 0, Avg:  0.3, Max: 1, Diff: 1, Sum: 1, Workers: 4
[4.833s][debug][gc,phases         ] GC(89)       Merged Fine:                   Min: 0, Avg:  0.8, Max: 2, Diff: 2, Sum: 3, Workers: 4
[4.833s][debug][gc,phases         ] GC(89)       Merged Coarse:                 Min: 0, Avg:  0.0, Max: 0, Diff: 0, Sum: 0, Workers: 4
[4.833s][debug][gc,phases         ] GC(89)       Dirty Cards:                   Min: 0, Avg: 202.3, Max: 644, Diff: 644, Sum: 809, Workers: 4
[4.833s][debug][gc,phases         ] GC(89)     Hot Card Cache (ms):           Min:  0.0, Avg:  0.0, Max:  0.0, Diff:  0.0, Sum:  0.0, Workers: 4
[4.833s][debug][gc,phases         ] GC(89)       Dirty Cards:                   Min: 0, Avg:  0.0, Max: 0, Diff: 0, Sum: 0, Workers: 4
[4.833s][debug][gc,phases         ] GC(89)       Skipped Cards:                 Min: 0, Avg:  0.0, Max: 0, Diff: 0, Sum: 0, Workers: 4
[4.833s][debug][gc,phases         ] GC(89)     Log Buffers (ms):              Min:  0.1, Avg:  0.1, Max:  0.1, Diff:  0.0, Sum:  0.4, Workers: 4
[4.833s][debug][gc,phases         ] GC(89)       Dirty Cards:                   Min: 5713, Avg: 5915.5, Max: 6098, Diff: 385, Sum: 23662, Workers: 4
[4.833s][debug][gc,phases         ] GC(89)       Skipped Cards:                 Min: 0, Avg:  0.0, Max: 0, Diff: 0, Sum: 0, Workers: 4
[4.833s][info ][gc,phases         ] GC(89)   Evacuate Collection Set: 62.0ms
[4.833s][debug][gc,phases         ] GC(89)     Ext Root Scanning (ms):        Min:  0.0, Avg:  0.0, Max:  0.0, Diff:  0.0, Sum:  0.1, Workers: 4
[4.833s][debug][gc,phases         ] GC(89)     Scan Heap Roots (ms):          Min:  7.9, Avg:  8.7, Max:  9.2, Diff:  1.3, Sum: 34.9, Workers: 4
[4.833s][debug][gc,phases         ] GC(89)       Scanned Cards:                 Min: 5395, Avg: 6084.8, Max: 6400, Diff: 1005, Sum: 24339, Workers: 4
[4.833s][debug][gc,phases         ] GC(89)       Scanned Blocks:                Min: 22, Avg: 24.0, Max: 25, Diff: 3, Sum: 96, Workers: 4
[4.833s][debug][gc,phases         ] GC(89)       Claimed Chunks:                Min: 22, Avg: 24.0, Max: 25, Diff: 3, Sum: 96, Workers: 4
[4.833s][debug][gc,phases         ] GC(89)     Code Root Scan (ms):           Min:  0.0, Avg:  0.0, Max:  0.0, Diff:  0.0, Sum:  0.0, Workers: 4
[4.833s][debug][gc,phases         ] GC(89)     Object Copy (ms):              Min: 52.7, Avg: 53.2, Max: 54.0, Diff:  1.3, Sum: 213.0, Workers: 4
[4.833s][debug][gc,phases         ] GC(89)     Termination (ms):              Min:  0.0, Avg:  0.0, Max:  0.0, Diff:  0.0, Sum:  0.0, Workers: 4
[4.833s][debug][gc,phases         ] GC(89)       Termination Attempts:          Min: 1, Avg:  3.0, Max: 6, Diff: 5, Sum: 12, Workers: 4
[4.833s][debug][gc,phases         ] GC(89)     GC Worker Other (ms):          Min:  0.0, Avg:  0.0, Max:  0.0, Diff:  0.0, Sum:  0.1, Workers: 4
[4.833s][debug][gc,phases         ] GC(89)     GC Worker Total (ms):          Min: 62.0, Avg: 62.0, Max: 62.0, Diff:  0.0, Sum: 247.9, Workers: 4
[4.833s][info ][gc,phases         ] GC(89)   Post Evacuate Collection Set: 0.5ms
[4.833s][debug][gc,phases         ] GC(89)     Code Roots Fixup: 0.0ms
[4.833s][debug][gc,phases         ] GC(89)     Reference Processing: 0.2ms
[4.833s][debug][gc,phases,ref     ] GC(89)       Reconsider SoftReferences: 0.1ms
[4.834s][debug][gc,phases,ref     ] GC(89)         SoftRef (ms):                  skipped
[4.834s][debug][gc,phases,ref     ] GC(89)       Notify Soft/WeakReferences: 0.1ms
[4.834s][debug][gc,phases,ref     ] GC(89)         SoftRef (ms):                  skipped
[4.834s][debug][gc,phases,ref     ] GC(89)         WeakRef (ms):                  skipped
[4.834s][debug][gc,phases,ref     ] GC(89)         FinalRef (ms):                 skipped
[4.834s][debug][gc,phases,ref     ] GC(89)         Total (ms):                    skipped
[4.834s][debug][gc,phases,ref     ] GC(89)       Notify and keep alive finalizable: 0.0ms
[4.834s][debug][gc,phases,ref     ] GC(89)         FinalRef (ms):                 skipped
[4.834s][debug][gc,phases,ref     ] GC(89)       Notify PhantomReferences: 0.0ms
[4.834s][debug][gc,phases,ref     ] GC(89)         PhantomRef (ms):               skipped
[4.834s][debug][gc,phases,ref     ] GC(89)       SoftReference:
[4.834s][debug][gc,phases,ref     ] GC(89)         Discovered: 0
[4.834s][debug][gc,phases,ref     ] GC(89)         Cleared: 0
[4.834s][debug][gc,phases,ref     ] GC(89)       WeakReference:
[4.834s][debug][gc,phases,ref     ] GC(89)         Discovered: 0
[4.834s][debug][gc,phases,ref     ] GC(89)         Cleared: 0
[4.834s][debug][gc,phases,ref     ] GC(89)       FinalReference:
[4.834s][debug][gc,phases,ref     ] GC(89)         Discovered: 0
[4.834s][debug][gc,phases,ref     ] GC(89)         Cleared: 0
[4.834s][debug][gc,phases,ref     ] GC(89)       PhantomReference:
[4.834s][debug][gc,phases,ref     ] GC(89)         Discovered: 0
[4.834s][debug][gc,phases,ref     ] GC(89)         Cleared: 0
[4.834s][debug][gc,phases         ] GC(89)     Weak Processing: 0.0ms
[4.834s][debug][gc,phases         ] GC(89)       VM Weak                        Min:  0.0, Avg:  0.0, Max:  0.0, Diff:  0.0, Sum:  0.0, Workers: 3
[4.834s][debug][gc,phases         ] GC(89)         Dead                           Min: 0, Avg:  0.0, Max: 0, Diff: 0, Sum: 0, Workers: 3
[4.834s][debug][gc,phases         ] GC(89)         Total                          Min: 0, Avg:  2.7, Max: 8, Diff: 8, Sum: 8, Workers: 3
[4.834s][debug][gc,phases         ] GC(89)       ObjectSynchronizer Weak        Min:  0.0, Avg:  0.0, Max:  0.0, Diff:  0.0, Sum:  0.0, Workers: 3
[4.834s][debug][gc,phases         ] GC(89)         Dead                           Min: 0, Avg:  0.0, Max: 0, Diff: 0, Sum: 0, Workers: 3
[4.834s][debug][gc,phases         ] GC(89)         Total                          Min: 0, Avg:  1.0, Max: 3, Diff: 3, Sum: 3, Workers: 3
[4.834s][debug][gc,phases         ] GC(89)       JVMTI Tag Weak OopStorage      Min:  0.0, Avg:  0.0, Max:  0.0, Diff:  0.0, Sum:  0.0, Workers: 3
[4.834s][debug][gc,phases         ] GC(89)         Dead                           Min: 0, Avg:  0.0, Max: 0, Diff: 0, Sum: 0, Workers: 3
[4.834s][debug][gc,phases         ] GC(89)         Total                          Min: 0, Avg:  0.0, Max: 0, Diff: 0, Sum: 0, Workers: 3
[4.834s][debug][gc,phases         ] GC(89)       StringTable Weak               Min:  0.0, Avg:  0.0, Max:  0.0, Diff:  0.0, Sum:  0.0, Workers: 3
[4.834s][debug][gc,phases         ] GC(89)         Dead                           Min: 0, Avg:  0.0, Max: 0, Diff: 0, Sum: 0, Workers: 3
[4.834s][debug][gc,phases         ] GC(89)         Total                          Min: 768, Avg: 819.0, Max: 857, Diff: 89, Sum: 2457, Workers: 3
[4.834s][debug][gc,phases         ] GC(89)       ResolvedMethodTable Weak       Min:  0.0, Avg:  0.0, Max:  0.0, Diff:  0.0, Sum:  0.0, Workers: 3
[4.834s][debug][gc,phases         ] GC(89)         Dead                           Min: 0, Avg:  0.0, Max: 0, Diff: 0, Sum: 0, Workers: 3
[4.834s][debug][gc,phases         ] GC(89)         Total                          Min: 9, Avg: 45.7, Max: 64, Diff: 55, Sum: 137, Workers: 3
[4.834s][debug][gc,phases         ] GC(89)       JNI Weak                       Min:  0.0, Avg:  0.0, Max:  0.0, Diff:  0.0, Sum:  0.0, Workers: 3
[4.834s][debug][gc,phases         ] GC(89)         Dead                           Min: 0, Avg:  0.0, Max: 0, Diff: 0, Sum: 0, Workers: 3
[4.834s][debug][gc,phases         ] GC(89)         Total                          Min: 0, Avg:  0.0, Max: 0, Diff: 0, Sum: 0, Workers: 3
[4.834s][debug][gc,phases         ] GC(89)       StringDedup Table Weak         Min:  0.0, Avg:  0.0, Max:  0.0, Diff:  0.0, Sum:  0.0, Workers: 3
[4.834s][debug][gc,phases         ] GC(89)         Dead                           Min: 0, Avg:  0.0, Max: 0, Diff: 0, Sum: 0, Workers: 3
[4.834s][debug][gc,phases         ] GC(89)         Total                          Min: 0, Avg:  0.0, Max: 0, Diff: 0, Sum: 0, Workers: 3
[4.834s][debug][gc,phases         ] GC(89)       StringDedup Requests0 Weak     Min:  0.0, Avg:  0.0, Max:  0.0, Diff:  0.0, Sum:  0.0, Workers: 3
[4.834s][debug][gc,phases         ] GC(89)         Dead                           Min: 0, Avg:  0.0, Max: 0, Diff: 0, Sum: 0, Workers: 3
[4.834s][debug][gc,phases         ] GC(89)         Total                          Min: 0, Avg:  0.0, Max: 0, Diff: 0, Sum: 0, Workers: 3
[4.834s][debug][gc,phases         ] GC(89)       StringDedup Requests1 Weak     Min:  0.0, Avg:  0.0, Max:  0.0, Diff:  0.0, Sum:  0.0, Workers: 3
[4.834s][debug][gc,phases         ] GC(89)         Dead                           Min: 0, Avg:  0.0, Max: 0, Diff: 0, Sum: 0, Workers: 3
[4.834s][debug][gc,phases         ] GC(89)         Total                          Min: 0, Avg:  0.0, Max: 0, Diff: 0, Sum: 0, Workers: 3
[4.834s][debug][gc,phases         ] GC(89)       Weak JFR Old Object Samples    Min:  0.0, Avg:  0.0, Max:  0.0, Diff:  0.0, Sum:  0.0, Workers: 3
[4.834s][debug][gc,phases         ] GC(89)         Dead                           Min: 0, Avg:  0.0, Max: 0, Diff: 0, Sum: 0, Workers: 3
[4.834s][debug][gc,phases         ] GC(89)         Total                          Min: 0, Avg:  0.0, Max: 0, Diff: 0, Sum: 0, Workers: 3
[4.834s][debug][gc,phases         ] GC(89)     Post Evacuate Cleanup 1: 0.1ms
[4.834s][debug][gc,phases         ] GC(89)       Merge Per-Thread State (ms):   Min:  0.0, Avg:  0.0, Max:  0.0, Diff:  0.0, Sum:  0.0, Workers: 1
[4.834s][debug][gc,phases         ] GC(89)         Copied Bytes                   Min: 11182816, Avg: 12461284.0, Max: 13189696, Diff: 2006880, Sum: 49845136, Workers: 4
[4.834s][debug][gc,phases         ] GC(89)         LAB Waste                      Min: 1280, Avg: 1440.0, Max: 1512, Diff: 232, Sum: 5760, Workers: 4
[4.834s][debug][gc,phases         ] GC(89)         LAB Undo Waste                 Min: 0, Avg:  0.0, Max: 0, Diff: 0, Sum: 0, Workers: 4
[4.834s][debug][gc,phases         ] GC(89)       Clear Logged Cards (ms):       Min:  0.0, Avg:  0.0, Max:  0.0, Diff:  0.0, Sum:  0.0, Workers: 3
[4.834s][debug][gc,phases         ] GC(89)       Recalculate Used Memory (ms):  Min:  0.0, Avg:  0.0, Max:  0.0, Diff:  0.0, Sum:  0.0, Workers: 1
[4.835s][debug][gc,phases         ] GC(89)     Post Evacuate Cleanup 2: 0.1ms
[4.835s][debug][gc,phases         ] GC(89)       Reset Hot Card Cache (ms):     Min:  0.0, Avg:  0.0, Max:  0.0, Diff:  0.0, Sum:  0.0, Workers: 1
[4.835s][debug][gc,phases         ] GC(89)       Purge Code Roots (ms):         Min:  0.0, Avg:  0.0, Max:  0.0, Diff:  0.0, Sum:  0.0, Workers: 1
[4.835s][debug][gc,phases         ] GC(89)       Update Derived Pointers (ms):  Min:  0.0, Avg:  0.0, Max:  0.0, Diff:  0.0, Sum:  0.0, Workers: 1
[4.835s][debug][gc,phases         ] GC(89)       Eagerly Reclaim Humongous Objects (ms): Min:  0.0, Avg:  0.0, Max:  0.0, Diff:  0.0, Sum:  0.0, Workers: 1
[4.835s][debug][gc,phases         ] GC(89)         Humongous Total                Min: 1, Avg:  1.0, Max: 1, Diff: 0, Sum: 1, Workers: 1
[4.835s][debug][gc,phases         ] GC(89)         Humongous Candidates           Min: 0, Avg:  0.0, Max: 0, Diff: 0, Sum: 0, Workers: 1
[4.835s][debug][gc,phases         ] GC(89)         Humongous Reclaimed            Min: 0, Avg:  0.0, Max: 0, Diff: 0, Sum: 0, Workers: 1
[4.835s][debug][gc,phases         ] GC(89)       Redirty Logged Cards (ms):     Min:  0.0, Avg:  0.0, Max:  0.0, Diff:  0.0, Sum:  0.0, Workers: 4
[4.835s][debug][gc,phases         ] GC(89)         Redirtied Cards:               Min: 256, Avg: 769.0, Max: 1508, Diff: 1252, Sum: 3076, Workers: 4
[4.835s][debug][gc,phases         ] GC(89)       Free Collection Set (ms):      Min:  0.0, Avg:  0.0, Max:  0.0, Diff:  0.0, Sum:  0.0, Workers: 4
[4.835s][debug][gc,phases         ] GC(89)     Rebuild Free List: 0.1ms
[4.835s][debug][gc,phases         ] GC(89)     Start New Collection Set: 0.0ms
[4.835s][debug][gc,phases         ] GC(89)     Resize TLABs: 0.0ms
[4.835s][debug][gc,phases         ] GC(89)     Expand Heap After Collection: 0.0ms
[4.835s][info ][gc,phases         ] GC(89)   Other: 0.9ms
[4.835s][info ][gc,heap           ] GC(89) Eden regions: 45->0(25)
[4.835s][info ][gc,heap           ] GC(89) Survivor regions: 3->6(6)
[4.835s][info ][gc,heap           ] GC(89) Old regions: 65->107
[4.835s][info ][gc,heap           ] GC(89) Archive regions: 0->0
[4.835s][info ][gc,heap           ] GC(89) Humongous regions: 36->36
[4.835s][info ][gc,metaspace      ] GC(89) Metaspace: 471K(640K)->471K(640K) NonClass: 438K(512K)->438K(512K) Class: 33K(128K)->33K(128K)
[4.835s][debug][gc,heap           ] GC(89) Heap after GC invocations=85 (full 4):
[4.835s][debug][gc,heap           ] GC(89)  garbage-first heap   total 262144K, used 152033K [0x00000000f0000000, 0x0000000100000000)
[4.835s][debug][gc,heap           ] GC(89)   region size 1024K, 6 young (6144K), 6 survivors (6144K)
[4.835s][debug][gc,heap           ] GC(89)  Metaspace       used 471K, committed 640K, reserved 1056768K
[4.835s][debug][gc,heap           ] GC(89)   class space    used 33K, committed 128K, reserved 1048576K
[4.835s][info ][gc                ] GC(89) Pause Young (Normal) (G1 Evacuation Pause) 148M->148M(256M) 66.101ms
[4.835s][info ][gc,cpu            ] GC(89) User=0.23s Sys=0.00s Real=0.07s
[4.835s][debug][gc,task           ] G1 Service Thread (Remembered Set Sampling Task) (run) 3.579ms (cpu: 0.000ms)
[4.869s][debug][gc,heap           ] GC(90) Heap before GC invocations=85 (full 4):
[4.869s][debug][gc,heap           ] GC(90)  garbage-first heap   total 262144K, used 177633K [0x00000000f0000000, 0x0000000100000000)
[4.869s][debug][gc,heap           ] GC(90)   region size 1024K, 31 young (31744K), 6 survivors (6144K)
[4.869s][debug][gc,heap           ] GC(90)  Metaspace       used 471K, committed 640K, reserved 1056768K
[4.869s][debug][gc,heap           ] GC(90)   class space    used 33K, committed 128K, reserved 1048576K
[4.869s][debug][gc,ergo           ] GC(90) Initiate concurrent cycle (concurrent cycle initiation requested)
[4.869s][info ][gc,start          ] GC(90) Pause Young (Concurrent Start) (G1 Evacuation Pause)
[4.869s][info ][gc,task           ] GC(90) Using 4 workers of 4 for evacuation
[4.869s][debug][gc,tlab           ] GC(90) TLAB totals: thrds: 1  refills: 75 max: 75 slow allocs: 0 max 0 waste:  0.2% gc: 0B max: 0B slow: 43200B max: 43200B
[4.869s][debug][gc,age            ] GC(90) Desired survivor size 2097152 bytes, new threshold 1 (max threshold 15)
[4.869s][debug][gc,refine,stats   ] GC(90) Mutator refinement: 0.00ms, refined: 0, precleaned: 0, dirtied: 12778
[4.869s][debug][gc,refine,stats   ] GC(90) Concurrent refinement: 0.00ms, refined: 0, precleaned: 0, dirtied: 0
[4.870s][debug][gc,refine,stats   ] GC(90) Total refinement: 0.00ms, refined: 0, precleaned: 0, dirtied: 12778
[4.870s][debug][gc,refine,stats   ] GC(90) Generate dirty cards rate: 342.12 cards/ms
[4.870s][debug][gc,alloc,region   ] GC(90) Mutator Allocation stats, regions: 25, wasted size: 3200B ( 0.0%)
[4.870s][debug][gc,humongous      ] GC(90) Humongous region 173 (object size 36920416 @ 0x00000000fad00000) remset 0 code roots 0 marked 0 reclaim candidate 0 type array 0
[4.870s][debug][gc,ergo           ] GC(90) Running G1 Merge Heap Roots using 4 workers for 31 regions
[4.870s][debug][gc,remset         ] GC(90) Visited cards 16384 Total dirty 24576 (66.67%) Total old 419840 (3.90%)
[4.909s][debug][gc,ref            ] GC(90) Skipped phase 1 of Reference Processing: no references
[4.910s][debug][gc,ref            ] GC(90) Skipped phase 2 of Reference Processing: no references
[4.910s][debug][gc,ref            ] GC(90) Skipped phase 3 of Reference Processing: no references
[4.910s][debug][gc,ref            ] GC(90) Skipped phase 4 of Reference Processing: no references
[4.910s][debug][gc,ergo           ] GC(90) Running G1 Rebuild Free List Task using 4 workers for rebuilding free list of regions
[4.910s][debug][gc,plab           ] GC(90) Young PLAB allocation: allocated: 4194304B, wasted: 256B, unused: 0B, used: 4194048B, undo waste: 0B, 
[4.910s][debug][gc,plab           ] GC(90) Young other allocation: region end waste: 0B, regions filled: 4, direct allocated: 0B, failure used: 0B, failure wasted: 0B
[4.910s][debug][gc,plab           ] GC(90) Young sizing: calculated: 838808B, actual: 901480B
[4.910s][debug][gc,plab           ] GC(90) Old PLAB allocation: allocated: 29390848B, wasted: 848B, unused: 1125744B, used: 28264256B, undo waste: 0B, 
[4.910s][debug][gc,plab           ] GC(90) Old other allocation: region end waste: 0B, regions filled: 29, direct allocated: 0B, failure used: 0B, failure wasted: 0B
[4.910s][debug][gc,plab           ] GC(90) Old sizing: calculated: 5652848B, actual: 5934576B
[4.910s][debug][gc,ergo,heap      ] GC(90) Heap expansion: short term pause time ratio 46.15% long term pause time ratio 32.09% threshold 7.69% pause time ratio 7.69% fully expanded true resize by 0B
[4.910s][debug][gc,mmu            ] GC(90) MMU: 103.8ms (200.0ms/201.0ms)
[4.910s][debug][gc,alloc,stats    ] Old generation allocation in the last mutator period, old gen allocated: 29390848B, humongous allocated: 0B,old gen growth: 29390848B.
[4.910s][debug][gc,ihop           ] GC(90) Basic information (value update), threshold: 120795955B (45.00), target occupancy: 268435456B, current occupancy: 182976496B, recent allocation size: 29390848B, recent allocation duration: 37.35ms, recent old gen allocation rate: 786916202.13B/s, recent marking phase length: 0.00ms
[4.910s][debug][gc,ihop           ] GC(90) Adaptive IHOP information (value update), threshold: 120795955B (52.94), internal target occupancy: 228170137B, occupancy: 182976496B, additional buffer size: 20971520B, predicted old gen allocation rate: 540753002.86B/s, predicted marking phase length: 0.00ms, prediction active: false
[4.910s][debug][gc,ergo,refine    ] GC(90) Concurrent refinement times: Logged Cards Scan time goal: 20.00ms Logged Cards Scan time: 5.94ms HCC time: 0.00ms
[4.910s][debug][gc,ergo,refine    ] GC(90) Updated Refinement Zones: green: 23679, yellow: 71037, red: 118395
[4.910s][info ][gc,phases         ] GC(90)   Pre Evacuate Collection Set: 0.1ms
[4.910s][debug][gc,phases         ] GC(90)     Prepare TLABs: 0.0ms
[4.910s][debug][gc,phases         ] GC(90)     Concatenate Dirty Card Logs: 0.0ms
[4.910s][debug][gc,phases         ] GC(90)     Choose Collection Set: 0.0ms
[4.910s][debug][gc,phases         ] GC(90)     Region Register: 0.1ms
[4.910s][debug][gc,phases         ] GC(90)     Prepare Heap Roots: 0.0ms
[4.910s][debug][gc,phases         ] GC(90)     Clear Claimed Marks: 0.0ms
[4.910s][info ][gc,phases         ] GC(90)   Merge Heap Roots: 0.2ms
[4.910s][debug][gc,phases         ] GC(90)     Prepare Merge Heap Roots: 0.0ms
[4.910s][debug][gc,phases         ] GC(90)     Eager Reclaim (ms):            skipped
[4.910s][debug][gc,phases         ] GC(90)     Remembered Sets (ms):          Min:  0.0, Avg:  0.0, Max:  0.0, Diff:  0.0, Sum:  0.0, Workers: 4
[4.910s][debug][gc,phases         ] GC(90)       Merged Sparse:                 Min: 0, Avg:  0.0, Max: 0, Diff: 0, Sum: 0, Workers: 4
[4.910s][debug][gc,phases         ] GC(90)       Merged Fine:                   Min: 0, Avg:  0.0, Max: 0, Diff: 0, Sum: 0, Workers: 4
[4.910s][debug][gc,phases         ] GC(90)       Merged Coarse:                 Min: 0, Avg:  0.0, Max: 0, Diff: 0, Sum: 0, Workers: 4
[4.910s][debug][gc,phases         ] GC(90)       Dirty Cards:                   Min: 0, Avg:  0.0, Max: 0, Diff: 0, Sum: 0, Workers: 4
[4.911s][debug][gc,phases         ] GC(90)     Hot Card Cache (ms):           Min:  0.0, Avg:  0.0, Max:  0.0, Diff:  0.0, Sum:  0.0, Workers: 4
[4.911s][debug][gc,phases         ] GC(90)       Dirty Cards:                   Min: 0, Avg:  0.0, Max: 0, Diff: 0, Sum: 0, Workers: 4
[4.911s][debug][gc,phases         ] GC(90)       Skipped Cards:                 Min: 0, Avg:  0.0, Max: 0, Diff: 0, Sum: 0, Workers: 4
[4.911s][debug][gc,phases         ] GC(90)     Log Buffers (ms):              Min:  0.1, Avg:  0.1, Max:  0.1, Diff:  0.0, Sum:  0.3, Workers: 4
[4.911s][debug][gc,phases         ] GC(90)       Dirty Cards:                   Min: 3832, Avg: 3955.5, Max: 4098, Diff: 266, Sum: 15822, Workers: 4
[4.911s][debug][gc,phases         ] GC(90)       Skipped Cards:                 Min: 0, Avg:  0.0, Max: 0, Diff: 0, Sum: 0, Workers: 4
[4.911s][info ][gc,phases         ] GC(90)   Evacuate Collection Set: 39.6ms
[4.911s][debug][gc,phases         ] GC(90)     Ext Root Scanning (ms):        Min:  0.0, Avg:  0.0, Max:  0.1, Diff:  0.1, Sum:  0.1, Workers: 4
[4.911s][debug][gc,phases         ] GC(90)     Scan Heap Roots (ms):          Min:  5.2, Avg:  5.9, Max:  6.7, Diff:  1.4, Sum: 23.5, Workers: 4
[4.911s][debug][gc,phases         ] GC(90)       Scanned Cards:                 Min: 3836, Avg: 3963.5, Max: 4126, Diff: 290, Sum: 15854, Workers: 4
[4.911s][debug][gc,phases         ] GC(90)       Scanned Blocks:                Min: 15, Avg: 16.0, Max: 17, Diff: 2, Sum: 64, Workers: 4
[4.911s][debug][gc,phases         ] GC(90)       Claimed Chunks:                Min: 15, Avg: 16.0, Max: 17, Diff: 2, Sum: 64, Workers: 4
[4.911s][debug][gc,phases         ] GC(90)     Code Root Scan (ms):           Min:  0.0, Avg:  0.0, Max:  0.0, Diff:  0.0, Sum:  0.0, Workers: 4
[4.911s][debug][gc,phases         ] GC(90)     Object Copy (ms):              Min: 32.9, Avg: 33.7, Max: 34.4, Diff:  1.4, Sum: 134.8, Workers: 4
[4.911s][debug][gc,phases         ] GC(90)     Termination (ms):              Min:  0.0, Avg:  0.0, Max:  0.0, Diff:  0.0, Sum:  0.0, Workers: 4
[4.911s][debug][gc,phases         ] GC(90)       Termination Attempts:          Min: 1, Avg:  3.8, Max: 7, Diff: 6, Sum: 15, Workers: 4
[4.911s][debug][gc,phases         ] GC(90)     GC Worker Other (ms):          Min:  0.0, Avg:  0.0, Max:  0.0, Diff:  0.0, Sum:  0.0, Workers: 4
[4.911s][debug][gc,phases         ] GC(90)     GC Worker Total (ms):          Min: 39.6, Avg: 39.6, Max: 39.6, Diff:  0.0, Sum: 158.5, Workers: 4
[4.911s][info ][gc,phases         ] GC(90)   Post Evacuate Collection Set: 0.4ms
[4.911s][debug][gc,phases         ] GC(90)     Code Roots Fixup: 0.0ms
[4.911s][debug][gc,phases         ] GC(90)     Reference Processing: 0.2ms
[4.911s][debug][gc,phases,ref     ] GC(90)       Reconsider SoftReferences: 0.1ms
[4.911s][debug][gc,phases,ref     ] GC(90)         SoftRef (ms):                  skipped
[4.911s][debug][gc,phases,ref     ] GC(90)       Notify Soft/WeakReferences: 0.0ms
[4.911s][debug][gc,phases,ref     ] GC(90)         SoftRef (ms):                  skipped
[4.911s][debug][gc,phases,ref     ] GC(90)         WeakRef (ms):                  skipped
[4.911s][debug][gc,phases,ref     ] GC(90)         FinalRef (ms):                 skipped
[4.911s][debug][gc,phases,ref     ] GC(90)         Total (ms):                    skipped
[4.911s][debug][gc,phases,ref     ] GC(90)       Notify and keep alive finalizable: 0.0ms
[4.911s][debug][gc,phases,ref     ] GC(90)         FinalRef (ms):                 skipped
[4.911s][debug][gc,phases,ref     ] GC(90)       Notify PhantomReferences: 0.0ms
[4.911s][debug][gc,phases,ref     ] GC(90)         PhantomRef (ms):               skipped
[4.911s][debug][gc,phases,ref     ] GC(90)       SoftReference:
[4.911s][debug][gc,phases,ref     ] GC(90)         Discovered: 0
[4.911s][debug][gc,phases,ref     ] GC(90)         Cleared: 0
[4.911s][debug][gc,phases,ref     ] GC(90)       WeakReference:
[4.911s][debug][gc,phases,ref     ] GC(90)         Discovered: 0
[4.911s][debug][gc,phases,ref     ] GC(90)         Cleared: 0
[4.911s][debug][gc,phases,ref     ] GC(90)       FinalReference:
[4.911s][debug][gc,phases,ref     ] GC(90)         Discovered: 0
[4.911s][debug][gc,phases,ref     ] GC(90)         Cleared: 0
[4.911s][debug][gc,phases,ref     ] GC(90)       PhantomReference:
[4.911s][debug][gc,phases,ref     ] GC(90)         Discovered: 0
[4.911s][debug][gc,phases,ref     ] GC(90)         Cleared: 0
[4.911s][debug][gc,phases         ] GC(90)     Weak Processing: 0.0ms
[4.911s][debug][gc,phases         ] GC(90)       VM Weak                        Min:  0.0, Avg:  0.0, Max:  0.0, Diff:  0.0, Sum:  0.0, Workers: 3
[4.911s][debug][gc,phases         ] GC(90)         Dead                           Min: 0, Avg:  0.0, Max: 0, Diff: 0, Sum: 0, Workers: 3
[4.911s][debug][gc,phases         ] GC(90)         Total                          Min: 0, Avg:  2.7, Max: 8, Diff: 8, Sum: 8, Workers: 3
[4.911s][debug][gc,phases         ] GC(90)       ObjectSynchronizer Weak        Min:  0.0, Avg:  0.0, Max:  0.0, Diff:  0.0, Sum:  0.0, Workers: 3
[4.911s][debug][gc,phases         ] GC(90)         Dead                           Min: 0, Avg:  0.0, Max: 0, Diff: 0, Sum: 0, Workers: 3
[4.911s][debug][gc,phases         ] GC(90)         Total                          Min: 0, Avg:  1.0, Max: 3, Diff: 3, Sum: 3, Workers: 3
[4.911s][debug][gc,phases         ] GC(90)       JVMTI Tag Weak OopStorage      Min:  0.0, Avg:  0.0, Max:  0.0, Diff:  0.0, Sum:  0.0, Workers: 3
[4.911s][debug][gc,phases         ] GC(90)         Dead                           Min: 0, Avg:  0.0, Max: 0, Diff: 0, Sum: 0, Workers: 3
[4.911s][debug][gc,phases         ] GC(90)         Total                          Min: 0, Avg:  0.0, Max: 0, Diff: 0, Sum: 0, Workers: 3
[4.911s][debug][gc,phases         ] GC(90)       StringTable Weak               Min:  0.0, Avg:  0.0, Max:  0.0, Diff:  0.0, Sum:  0.0, Workers: 3
[4.911s][debug][gc,phases         ] GC(90)         Dead                           Min: 0, Avg:  0.0, Max: 0, Diff: 0, Sum: 0, Workers: 3
[4.911s][debug][gc,phases         ] GC(90)         Total                          Min: 793, Avg: 819.0, Max: 832, Diff: 39, Sum: 2457, Workers: 3
[4.911s][debug][gc,phases         ] GC(90)       ResolvedMethodTable Weak       Min:  0.0, Avg:  0.0, Max:  0.0, Diff:  0.0, Sum:  0.0, Workers: 3
[4.911s][debug][gc,phases         ] GC(90)         Dead                           Min: 0, Avg:  0.0, Max: 0, Diff: 0, Sum: 0, Workers: 3
[4.911s][debug][gc,phases         ] GC(90)         Total                          Min: 9, Avg: 45.7, Max: 64, Diff: 55, Sum: 137, Workers: 3
[4.911s][debug][gc,phases         ] GC(90)       JNI Weak                       Min:  0.0, Avg:  0.0, Max:  0.0, Diff:  0.0, Sum:  0.0, Workers: 3
[4.911s][debug][gc,phases         ] GC(90)         Dead                           Min: 0, Avg:  0.0, Max: 0, Diff: 0, Sum: 0, Workers: 3
[4.912s][debug][gc,phases         ] GC(90)         Total                          Min: 0, Avg:  0.0, Max: 0, Diff: 0, Sum: 0, Workers: 3
[4.912s][debug][gc,phases         ] GC(90)       StringDedup Table Weak         Min:  0.0, Avg:  0.0, Max:  0.0, Diff:  0.0, Sum:  0.0, Workers: 3
[4.912s][debug][gc,phases         ] GC(90)         Dead                           Min: 0, Avg:  0.0, Max: 0, Diff: 0, Sum: 0, Workers: 3
[4.912s][debug][gc,phases         ] GC(90)         Total                          Min: 0, Avg:  0.0, Max: 0, Diff: 0, Sum: 0, Workers: 3
[4.912s][debug][gc,phases         ] GC(90)       StringDedup Requests0 Weak     Min:  0.0, Avg:  0.0, Max:  0.0, Diff:  0.0, Sum:  0.0, Workers: 3
[4.912s][debug][gc,phases         ] GC(90)         Dead                           Min: 0, Avg:  0.0, Max: 0, Diff: 0, Sum: 0, Workers: 3
[4.912s][debug][gc,phases         ] GC(90)         Total                          Min: 0, Avg:  0.0, Max: 0, Diff: 0, Sum: 0, Workers: 3
[4.912s][debug][gc,phases         ] GC(90)       StringDedup Requests1 Weak     Min:  0.0, Avg:  0.0, Max:  0.0, Diff:  0.0, Sum:  0.0, Workers: 3
[4.912s][debug][gc,phases         ] GC(90)         Dead                           Min: 0, Avg:  0.0, Max: 0, Diff: 0, Sum: 0, Workers: 3
[4.912s][debug][gc,phases         ] GC(90)         Total                          Min: 0, Avg:  0.0, Max: 0, Diff: 0, Sum: 0, Workers: 3
[4.912s][debug][gc,phases         ] GC(90)       Weak JFR Old Object Samples    Min:  0.0, Avg:  0.0, Max:  0.0, Diff:  0.0, Sum:  0.0, Workers: 3
[4.912s][debug][gc,phases         ] GC(90)         Dead                           Min: 0, Avg:  0.0, Max: 0, Diff: 0, Sum: 0, Workers: 3
[4.912s][debug][gc,phases         ] GC(90)         Total                          Min: 0, Avg:  0.0, Max: 0, Diff: 0, Sum: 0, Workers: 3
[4.912s][debug][gc,phases         ] GC(90)     Post Evacuate Cleanup 1: 0.0ms
[4.912s][debug][gc,phases         ] GC(90)       Merge Per-Thread State (ms):   Min:  0.0, Avg:  0.0, Max:  0.0, Diff:  0.0, Sum:  0.0, Workers: 1
[4.912s][debug][gc,phases         ] GC(90)         Copied Bytes                   Min: 7633600, Avg: 8114576.0, Max: 8446656, Diff: 813056, Sum: 32458304, Workers: 4
[4.912s][debug][gc,phases         ] GC(90)         LAB Waste                      Min: 240, Avg: 276.0, Max: 288, Diff: 48, Sum: 1104, Workers: 4
[4.912s][debug][gc,phases         ] GC(90)         LAB Undo Waste                 Min: 0, Avg:  0.0, Max: 0, Diff: 0, Sum: 0, Workers: 4
[4.912s][debug][gc,phases         ] GC(90)       Clear Logged Cards (ms):       Min:  0.0, Avg:  0.0, Max:  0.0, Diff:  0.0, Sum:  0.0, Workers: 3
[4.912s][debug][gc,phases         ] GC(90)       Recalculate Used Memory (ms):  Min:  0.0, Avg:  0.0, Max:  0.0, Diff:  0.0, Sum:  0.0, Workers: 1
[4.912s][debug][gc,phases         ] GC(90)     Post Evacuate Cleanup 2: 0.1ms
[4.912s][debug][gc,phases         ] GC(90)       Reset Hot Card Cache (ms):     Min:  0.0, Avg:  0.0, Max:  0.0, Diff:  0.0, Sum:  0.0, Workers: 1
[4.912s][debug][gc,phases         ] GC(90)       Purge Code Roots (ms):         Min:  0.0, Avg:  0.0, Max:  0.0, Diff:  0.0, Sum:  0.0, Workers: 1
[4.912s][debug][gc,phases         ] GC(90)       Update Derived Pointers (ms):  Min:  0.0, Avg:  0.0, Max:  0.0, Diff:  0.0, Sum:  0.0, Workers: 1
[4.912s][debug][gc,phases         ] GC(90)       Eagerly Reclaim Humongous Objects (ms): Min:  0.0, Avg:  0.0, Max:  0.0, Diff:  0.0, Sum:  0.0, Workers: 1
[4.912s][debug][gc,phases         ] GC(90)         Humongous Total                Min: 1, Avg:  1.0, Max: 1, Diff: 0, Sum: 1, Workers: 1
[4.912s][debug][gc,phases         ] GC(90)         Humongous Candidates           Min: 0, Avg:  0.0, Max: 0, Diff: 0, Sum: 0, Workers: 1
[4.912s][debug][gc,phases         ] GC(90)         Humongous Reclaimed            Min: 0, Avg:  0.0, Max: 0, Diff: 0, Sum: 0, Workers: 1
[4.912s][debug][gc,phases         ] GC(90)       Redirty Logged Cards (ms):     Min:  0.0, Avg:  0.0, Max:  0.0, Diff:  0.0, Sum:  0.0, Workers: 4
[4.912s][debug][gc,phases         ] GC(90)         Redirtied Cards:               Min: 0, Avg: 512.5, Max: 1282, Diff: 1282, Sum: 2050, Workers: 4
[4.912s][debug][gc,phases         ] GC(90)       Free Collection Set (ms):      Min:  0.0, Avg:  0.0, Max:  0.0, Diff:  0.0, Sum:  0.0, Workers: 4
[4.912s][debug][gc,phases         ] GC(90)     Rebuild Free List: 0.1ms
[4.912s][debug][gc,phases         ] GC(90)     Start New Collection Set: 0.0ms
[4.912s][debug][gc,phases         ] GC(90)     Resize TLABs: 0.0ms
[4.912s][debug][gc,phases         ] GC(90)     Expand Heap After Collection: 0.0ms
[4.912s][info ][gc,phases         ] GC(90)   Other: 0.7ms
[4.912s][info ][gc,heap           ] GC(90) Eden regions: 25->0(16)
[4.912s][info ][gc,heap           ] GC(90) Survivor regions: 6->4(4)
[4.912s][info ][gc,heap           ] GC(90) Old regions: 107->135
[4.912s][info ][gc,heap           ] GC(90) Archive regions: 0->0
[4.912s][info ][gc,heap           ] GC(90) Humongous regions: 36->36
[4.912s][info ][gc,metaspace      ] GC(90) Metaspace: 471K(640K)->471K(640K) NonClass: 438K(512K)->438K(512K) Class: 33K(128K)->33K(128K)
[4.912s][debug][gc,heap           ] GC(90) Heap after GC invocations=86 (full 4):
[4.912s][debug][gc,heap           ] GC(90)  garbage-first heap   total 262144K, used 178687K [0x00000000f0000000, 0x0000000100000000)
[4.912s][debug][gc,heap           ] GC(90)   region size 1024K, 4 young (4096K), 4 survivors (4096K)
[4.912s][debug][gc,heap           ] GC(90)  Metaspace       used 471K, committed 640K, reserved 1056768K
[4.912s][debug][gc,heap           ] GC(90)   class space    used 33K, committed 128K, reserved 1048576K
[4.912s][info ][gc                ] GC(90) Pause Young (Concurrent Start) (G1 Evacuation Pause) 173M->174M(256M) 42.889ms
[4.912s][info ][gc,cpu            ] GC(90) User=0.13s Sys=0.00s Real=0.04s
[4.912s][info ][gc                ] GC(91) Concurrent Mark Cycle
[4.912s][info ][gc,marking        ] GC(91) Concurrent Clear Claimed Marks
[4.912s][info ][gc,marking        ] GC(91) Concurrent Clear Claimed Marks 0.019ms
[4.912s][info ][gc,marking        ] GC(91) Concurrent Scan Root Regions
[4.912s][debug][gc,ergo           ] GC(91) Running G1 Root Region Scan using 1 workers for 33 work units.
[4.927s][info ][gc,marking        ] GC(91) Concurrent Scan Root Regions 14.125ms
[4.927s][info ][gc,marking        ] GC(91) Concurrent Mark
[4.927s][info ][gc,marking        ] GC(91) Concurrent Mark From Roots
[4.927s][info ][gc,task           ] GC(91) Using 1 workers of 1 for marking
[4.937s][debug][gc,heap           ] GC(92) Heap before GC invocations=86 (full 4):
[4.937s][debug][gc,heap           ] GC(92)  garbage-first heap   total 262144K, used 195071K [0x00000000f0000000, 0x0000000100000000)
[4.937s][debug][gc,heap           ] GC(92)   region size 1024K, 20 young (20480K), 4 survivors (4096K)
[4.937s][debug][gc,heap           ] GC(92)  Metaspace       used 471K, committed 640K, reserved 1056768K
[4.937s][debug][gc,heap           ] GC(92)   class space    used 33K, committed 128K, reserved 1048576K
[4.937s][info ][gc,start          ] GC(92) Pause Young (Normal) (G1 Evacuation Pause)
[4.937s][info ][gc,task           ] GC(92) Using 4 workers of 4 for evacuation
[4.937s][debug][gc,tlab           ] GC(92) TLAB totals: thrds: 1  refills: 80 max: 80 slow allocs: 0 max 0 waste:  0.3% gc: 0B max: 0B slow: 46592B max: 46592B
[4.937s][debug][gc,age            ] GC(92) Desired survivor size 1572864 bytes, new threshold 1 (max threshold 15)
[4.937s][debug][gc,refine,stats   ] GC(92) Mutator refinement: 0.00ms, refined: 0, precleaned: 0, dirtied: 8207
[4.937s][debug][gc,refine,stats   ] GC(92) Concurrent refinement: 0.00ms, refined: 0, precleaned: 0, dirtied: 0
[4.937s][debug][gc,refine,stats   ] GC(92) Total refinement: 0.00ms, refined: 0, precleaned: 0, dirtied: 8207
[4.937s][debug][gc,refine,stats   ] GC(92) Generate dirty cards rate: 305.36 cards/ms
[4.937s][debug][gc,alloc,region   ] GC(92) Mutator Allocation stats, regions: 16, wasted size: 0B ( 0.0%)
[4.937s][debug][gc,humongous      ] GC(92) Humongous region 173 (object size 36920416 @ 0x00000000fad00000) remset 0 code roots 0 marked 1 reclaim candidate 0 type array 0
[4.937s][debug][gc,ergo           ] GC(92) Running G1 Merge Heap Roots using 4 workers for 20 regions
[4.937s][debug][gc,remset         ] GC(92) Visited cards 11520 Total dirty 20480 (56.25%) Total old 432128 (2.67%)
[4.963s][debug][gc,ref            ] GC(92) Skipped phase 1 of Reference Processing: no references
[4.963s][debug][gc,ref            ] GC(92) Skipped phase 2 of Reference Processing: no references
[4.963s][debug][gc,ref            ] GC(92) Skipped phase 3 of Reference Processing: no references
[4.963s][debug][gc,ref            ] GC(92) Skipped phase 4 of Reference Processing: no references
[4.963s][debug][gc,ergo           ] GC(92) Running G1 Rebuild Free List Task using 4 workers for rebuilding free list of regions
[4.963s][debug][gc,plab           ] GC(92) Young PLAB allocation: allocated: 3145728B, wasted: 336B, unused: 0B, used: 3145392B, undo waste: 0B, 
[4.963s][debug][gc,plab           ] GC(92) Young other allocation: region end waste: 0B, regions filled: 3, direct allocated: 0B, failure used: 0B, failure wasted: 0B
[4.963s][debug][gc,plab           ] GC(92) Young sizing: calculated: 629072B, actual: 697168B
[4.963s][debug][gc,plab           ] GC(92) Old PLAB allocation: allocated: 18874368B, wasted: 512B, unused: 1094576B, used: 17779280B, undo waste: 0B, 
[4.963s][debug][gc,plab           ] GC(92) Old other allocation: region end waste: 0B, regions filled: 19, direct allocated: 0B, failure used: 0B, failure wasted: 0B
[4.963s][debug][gc,plab           ] GC(92) Old sizing: calculated: 3555856B, actual: 4150536B
[4.963s][debug][gc,ergo,heap      ] GC(92) Heap expansion: short term pause time ratio 52.13% long term pause time ratio 33.72% threshold 7.69% pause time ratio 7.69% fully expanded true resize by 0B
[4.963s][debug][gc,mmu            ] GC(92) MMU: 130.3ms (200.0ms/201.0ms)
[4.964s][debug][gc,alloc,stats    ] Old generation allocation in the last mutator period, old gen allocated: 18874368B, humongous allocated: 0B,old gen growth: 18874368B.
[4.964s][debug][gc,ihop           ] GC(92) Basic information (value update), threshold: 120795955B (45.00), target occupancy: 268435456B, current occupancy: 200802288B, recent allocation size: 18874368B, recent allocation duration: 26.88ms, recent old gen allocation rate: 702257643.24B/s, recent marking phase length: 0.00ms
[4.964s][debug][gc,ihop           ] GC(92) Adaptive IHOP information (value update), threshold: 120795955B (52.94), internal target occupancy: 228170137B, occupancy: 200802288B, additional buffer size: 14680064B, predicted old gen allocation rate: 555748035.32B/s, predicted marking phase length: 0.00ms, prediction active: false
[4.964s][debug][gc,ergo,refine    ] GC(92) Concurrent refinement times: Logged Cards Scan time goal: 20.00ms Logged Cards Scan time: 3.75ms HCC time: 0.00ms
[4.964s][debug][gc,ergo,refine    ] GC(92) Updated Refinement Zones: green: 23679, yellow: 71037, red: 118395
[4.964s][info ][gc,phases         ] GC(92)   Pre Evacuate Collection Set: 0.1ms
[4.964s][debug][gc,phases         ] GC(92)     Prepare TLABs: 0.0ms
[4.964s][debug][gc,phases         ] GC(92)     Concatenate Dirty Card Logs: 0.0ms
[4.964s][debug][gc,phases         ] GC(92)     Choose Collection Set: 0.0ms
[4.964s][debug][gc,phases         ] GC(92)     Region Register: 0.1ms
[4.964s][debug][gc,phases         ] GC(92)     Prepare Heap Roots: 0.0ms
[4.964s][info ][gc,phases         ] GC(92)   Merge Heap Roots: 0.1ms
[4.964s][debug][gc,phases         ] GC(92)     Prepare Merge Heap Roots: 0.0ms
[4.964s][debug][gc,phases         ] GC(92)     Eager Reclaim (ms):            skipped
[4.964s][debug][gc,phases         ] GC(92)     Remembered Sets (ms):          Min:  0.0, Avg:  0.0, Max:  0.0, Diff:  0.0, Sum:  0.0, Workers: 4
[4.964s][debug][gc,phases         ] GC(92)       Merged Sparse:                 Min: 0, Avg:  0.0, Max: 0, Diff: 0, Sum: 0, Workers: 4
[4.964s][debug][gc,phases         ] GC(92)       Merged Fine:                   Min: 0, Avg:  0.0, Max: 0, Diff: 0, Sum: 0, Workers: 4
[4.964s][debug][gc,phases         ] GC(92)       Merged Coarse:                 Min: 0, Avg:  0.0, Max: 0, Diff: 0, Sum: 0, Workers: 4
[4.964s][debug][gc,phases         ] GC(92)       Dirty Cards:                   Min: 0, Avg:  0.0, Max: 0, Diff: 0, Sum: 0, Workers: 4
[4.964s][debug][gc,phases         ] GC(92)     Hot Card Cache (ms):           Min:  0.0, Avg:  0.0, Max:  0.0, Diff:  0.0, Sum:  0.0, Workers: 4
[4.964s][debug][gc,phases         ] GC(92)       Dirty Cards:                   Min: 0, Avg:  0.0, Max: 0, Diff: 0, Sum: 0, Workers: 4
[4.964s][debug][gc,phases         ] GC(92)       Skipped Cards:                 Min: 0, Avg:  0.0, Max: 0, Diff: 0, Sum: 0, Workers: 4
[4.964s][debug][gc,phases         ] GC(92)     Log Buffers (ms):              Min:  0.0, Avg:  0.0, Max:  0.0, Diff:  0.0, Sum:  0.2, Workers: 4
[4.964s][debug][gc,phases         ] GC(92)       Dirty Cards:                   Min: 2531, Avg: 2556.3, Max: 2588, Diff: 57, Sum: 10225, Workers: 4
[4.964s][debug][gc,phases         ] GC(92)       Skipped Cards:                 Min: 0, Avg:  0.0, Max: 0, Diff: 0, Sum: 0, Workers: 4
[4.964s][info ][gc,phases         ] GC(92)   Evacuate Collection Set: 25.5ms
[4.964s][debug][gc,phases         ] GC(92)     Ext Root Scanning (ms):        Min:  0.0, Avg:  0.0, Max:  0.0, Diff:  0.0, Sum:  0.1, Workers: 4
[4.964s][debug][gc,phases         ] GC(92)     Scan Heap Roots (ms):          Min:  3.2, Avg:  3.7, Max:  4.4, Diff:  1.2, Sum: 14.9, Workers: 4
[4.964s][debug][gc,phases         ] GC(92)       Scanned Cards:                 Min: 2314, Avg: 2564.3, Max: 2828, Diff: 514, Sum: 10257, Workers: 4
[4.964s][debug][gc,phases         ] GC(92)       Scanned Blocks:                Min: 10, Avg: 13.3, Max: 20, Diff: 10, Sum: 53, Workers: 4
[4.964s][debug][gc,phases         ] GC(92)       Claimed Chunks:                Min: 10, Avg: 11.3, Max: 12, Diff: 2, Sum: 45, Workers: 4
[4.964s][debug][gc,phases         ] GC(92)     Code Root Scan (ms):           Min:  0.0, Avg:  0.0, Max:  0.0, Diff:  0.0, Sum:  0.0, Workers: 4
[4.964s][debug][gc,phases         ] GC(92)     Object Copy (ms):              Min: 21.1, Avg: 21.7, Max: 22.3, Diff:  1.2, Sum: 86.8, Workers: 4
[4.964s][debug][gc,phases         ] GC(92)     Termination (ms):              Min:  0.0, Avg:  0.0, Max:  0.0, Diff:  0.0, Sum:  0.0, Workers: 4
[4.964s][debug][gc,phases         ] GC(92)       Termination Attempts:          Min: 1, Avg:  1.0, Max: 1, Diff: 0, Sum: 4, Workers: 4
[4.964s][debug][gc,phases         ] GC(92)     GC Worker Other (ms):          Min:  0.0, Avg:  0.0, Max:  0.0, Diff:  0.0, Sum:  0.0, Workers: 4
[4.964s][debug][gc,phases         ] GC(92)     GC Worker Total (ms):          Min: 25.5, Avg: 25.5, Max: 25.5, Diff:  0.0, Sum: 101.8, Workers: 4
[4.964s][info ][gc,phases         ] GC(92)   Post Evacuate Collection Set: 0.4ms
[4.964s][debug][gc,phases         ] GC(92)     Code Roots Fixup: 0.0ms
[4.964s][debug][gc,phases         ] GC(92)     Reference Processing: 0.2ms
[4.964s][debug][gc,phases,ref     ] GC(92)       Reconsider SoftReferences: 0.1ms
[4.964s][debug][gc,phases,ref     ] GC(92)         SoftRef (ms):                  skipped
[4.964s][debug][gc,phases,ref     ] GC(92)       Notify Soft/WeakReferences: 0.0ms
[4.964s][debug][gc,phases,ref     ] GC(92)         SoftRef (ms):                  skipped
[4.964s][debug][gc,phases,ref     ] GC(92)         WeakRef (ms):                  skipped
[4.964s][debug][gc,phases,ref     ] GC(92)         FinalRef (ms):                 skipped
[4.964s][debug][gc,phases,ref     ] GC(92)         Total (ms):                    skipped
[4.964s][debug][gc,phases,ref     ] GC(92)       Notify and keep alive finalizable: 0.0ms
[4.964s][debug][gc,phases,ref     ] GC(92)         FinalRef (ms):                 skipped
[4.964s][debug][gc,phases,ref     ] GC(92)       Notify PhantomReferences: 0.0ms
[4.964s][debug][gc,phases,ref     ] GC(92)         PhantomRef (ms):               skipped
[4.964s][debug][gc,phases,ref     ] GC(92)       SoftReference:
[4.964s][debug][gc,phases,ref     ] GC(92)         Discovered: 0
[4.964s][debug][gc,phases,ref     ] GC(92)         Cleared: 0
[4.964s][debug][gc,phases,ref     ] GC(92)       WeakReference:
[4.964s][debug][gc,phases,ref     ] GC(92)         Discovered: 0
[4.964s][debug][gc,phases,ref     ] GC(92)         Cleared: 0
[4.964s][debug][gc,phases,ref     ] GC(92)       FinalReference:
[4.964s][debug][gc,phases,ref     ] GC(92)         Discovered: 0
[4.964s][debug][gc,phases,ref     ] GC(92)         Cleared: 0
[4.964s][debug][gc,phases,ref     ] GC(92)       PhantomReference:
[4.965s][debug][gc,phases,ref     ] GC(92)         Discovered: 0
[4.965s][debug][gc,phases,ref     ] GC(92)         Cleared: 0
[4.965s][debug][gc,phases         ] GC(92)     Weak Processing: 0.0ms
[4.965s][debug][gc,phases         ] GC(92)       VM Weak                        Min:  0.0, Avg:  0.0, Max:  0.0, Diff:  0.0, Sum:  0.0, Workers: 3
[4.965s][debug][gc,phases         ] GC(92)         Dead                           Min: 0, Avg:  0.0, Max: 0, Diff: 0, Sum: 0, Workers: 3
[4.965s][debug][gc,phases         ] GC(92)         Total                          Min: 0, Avg:  2.7, Max: 8, Diff: 8, Sum: 8, Workers: 3
[4.965s][debug][gc,phases         ] GC(92)       ObjectSynchronizer Weak        Min:  0.0, Avg:  0.0, Max:  0.0, Diff:  0.0, Sum:  0.0, Workers: 3
[4.965s][debug][gc,phases         ] GC(92)         Dead                           Min: 0, Avg:  0.0, Max: 0, Diff: 0, Sum: 0, Workers: 3
[4.965s][debug][gc,phases         ] GC(92)         Total                          Min: 0, Avg:  1.0, Max: 3, Diff: 3, Sum: 3, Workers: 3
[4.965s][debug][gc,phases         ] GC(92)       JVMTI Tag Weak OopStorage      Min:  0.0, Avg:  0.0, Max:  0.0, Diff:  0.0, Sum:  0.0, Workers: 3
[4.965s][debug][gc,phases         ] GC(92)         Dead                           Min: 0, Avg:  0.0, Max: 0, Diff: 0, Sum: 0, Workers: 3
[4.965s][debug][gc,phases         ] GC(92)         Total                          Min: 0, Avg:  0.0, Max: 0, Diff: 0, Sum: 0, Workers: 3
[4.965s][debug][gc,phases         ] GC(92)       StringTable Weak               Min:  0.0, Avg:  0.0, Max:  0.0, Diff:  0.0, Sum:  0.0, Workers: 3
[4.965s][debug][gc,phases         ] GC(92)         Dead                           Min: 0, Avg:  0.0, Max: 0, Diff: 0, Sum: 0, Workers: 3
[4.965s][debug][gc,phases         ] GC(92)         Total                          Min: 512, Avg: 819.0, Max: 1177, Diff: 665, Sum: 2457, Workers: 3
[4.965s][debug][gc,phases         ] GC(92)       ResolvedMethodTable Weak       Min:  0.0, Avg:  0.0, Max:  0.0, Diff:  0.0, Sum:  0.0, Workers: 3
[4.965s][debug][gc,phases         ] GC(92)         Dead                           Min: 0, Avg:  0.0, Max: 0, Diff: 0, Sum: 0, Workers: 3
[4.965s][debug][gc,phases         ] GC(92)         Total                          Min: 9, Avg: 45.7, Max: 64, Diff: 55, Sum: 137, Workers: 3
[4.965s][debug][gc,phases         ] GC(92)       JNI Weak                       Min:  0.0, Avg:  0.0, Max:  0.0, Diff:  0.0, Sum:  0.0, Workers: 3
[4.965s][debug][gc,phases         ] GC(92)         Dead                           Min: 0, Avg:  0.0, Max: 0, Diff: 0, Sum: 0, Workers: 3
[4.965s][debug][gc,phases         ] GC(92)         Total                          Min: 0, Avg:  0.0, Max: 0, Diff: 0, Sum: 0, Workers: 3
[4.965s][debug][gc,phases         ] GC(92)       StringDedup Table Weak         Min:  0.0, Avg:  0.0, Max:  0.0, Diff:  0.0, Sum:  0.0, Workers: 3
[4.965s][debug][gc,phases         ] GC(92)         Dead                           Min: 0, Avg:  0.0, Max: 0, Diff: 0, Sum: 0, Workers: 3
[4.965s][debug][gc,phases         ] GC(92)         Total                          Min: 0, Avg:  0.0, Max: 0, Diff: 0, Sum: 0, Workers: 3
[4.965s][debug][gc,phases         ] GC(92)       StringDedup Requests0 Weak     Min:  0.0, Avg:  0.0, Max:  0.0, Diff:  0.0, Sum:  0.0, Workers: 3
[4.965s][debug][gc,phases         ] GC(92)         Dead                           Min: 0, Avg:  0.0, Max: 0, Diff: 0, Sum: 0, Workers: 3
[4.965s][debug][gc,phases         ] GC(92)         Total                          Min: 0, Avg:  0.0, Max: 0, Diff: 0, Sum: 0, Workers: 3
[4.965s][debug][gc,phases         ] GC(92)       StringDedup Requests1 Weak     Min:  0.0, Avg:  0.0, Max:  0.0, Diff:  0.0, Sum:  0.0, Workers: 3
[4.965s][debug][gc,phases         ] GC(92)         Dead                           Min: 0, Avg:  0.0, Max: 0, Diff: 0, Sum: 0, Workers: 3
[4.965s][debug][gc,phases         ] GC(92)         Total                          Min: 0, Avg:  0.0, Max: 0, Diff: 0, Sum: 0, Workers: 3
[4.965s][debug][gc,phases         ] GC(92)       Weak JFR Old Object Samples    Min:  0.0, Avg:  0.0, Max:  0.0, Diff:  0.0, Sum:  0.0, Workers: 3
[4.965s][debug][gc,phases         ] GC(92)         Dead                           Min: 0, Avg:  0.0, Max: 0, Diff: 0, Sum: 0, Workers: 3
[4.965s][debug][gc,phases         ] GC(92)         Total                          Min: 0, Avg:  0.0, Max: 0, Diff: 0, Sum: 0, Workers: 3
[4.965s][debug][gc,phases         ] GC(92)     Post Evacuate Cleanup 1: 0.1ms
[4.965s][debug][gc,phases         ] GC(92)       Merge Per-Thread State (ms):   Min:  0.0, Avg:  0.0, Max:  0.0, Diff:  0.0, Sum:  0.0, Workers: 1
[4.965s][debug][gc,phases         ] GC(92)         Copied Bytes                   Min: 4798944, Avg: 5231168.0, Max: 5693728, Diff: 894784, Sum: 20924672, Workers: 4
[4.965s][debug][gc,phases         ] GC(92)         LAB Waste                      Min: 160, Avg: 212.0, Max: 264, Diff: 104, Sum: 848, Workers: 4
[4.965s][debug][gc,phases         ] GC(92)         LAB Undo Waste                 Min: 0, Avg:  0.0, Max: 0, Diff: 0, Sum: 0, Workers: 4
[4.965s][debug][gc,phases         ] GC(92)       Clear Logged Cards (ms):       Min:  0.0, Avg:  0.0, Max:  0.0, Diff:  0.0, Sum:  0.0, Workers: 3
[4.965s][debug][gc,phases         ] GC(92)       Recalculate Used Memory (ms):  Min:  0.0, Avg:  0.0, Max:  0.0, Diff:  0.0, Sum:  0.0, Workers: 1
[4.965s][debug][gc,phases         ] GC(92)     Post Evacuate Cleanup 2: 0.0ms
[4.965s][debug][gc,phases         ] GC(92)       Reset Hot Card Cache (ms):     Min:  0.0, Avg:  0.0, Max:  0.0, Diff:  0.0, Sum:  0.0, Workers: 1
[4.965s][debug][gc,phases         ] GC(92)       Purge Code Roots (ms):         Min:  0.0, Avg:  0.0, Max:  0.0, Diff:  0.0, Sum:  0.0, Workers: 1
[4.965s][debug][gc,phases         ] GC(92)       Update Derived Pointers (ms):  Min:  0.0, Avg:  0.0, Max:  0.0, Diff:  0.0, Sum:  0.0, Workers: 1
[4.965s][debug][gc,phases         ] GC(92)       Eagerly Reclaim Humongous Objects (ms): Min:  0.0, Avg:  0.0, Max:  0.0, Diff:  0.0, Sum:  0.0, Workers: 1
[4.965s][debug][gc,phases         ] GC(92)         Humongous Total                Min: 1, Avg:  1.0, Max: 1, Diff: 0, Sum: 1, Workers: 1
[4.965s][debug][gc,phases         ] GC(92)         Humongous Candidates           Min: 0, Avg:  0.0, Max: 0, Diff: 0, Sum: 0, Workers: 1
[4.965s][debug][gc,phases         ] GC(92)         Humongous Reclaimed            Min: 0, Avg:  0.0, Max: 0, Diff: 0, Sum: 0, Workers: 1
[4.965s][debug][gc,phases         ] GC(92)       Redirty Logged Cards (ms):     Min:  0.0, Avg:  0.0, Max:  0.0, Diff:  0.0, Sum:  0.0, Workers: 4
[4.965s][debug][gc,phases         ] GC(92)         Redirtied Cards:               Min: 0, Avg: 385.0, Max: 845, Diff: 845, Sum: 1540, Workers: 4
[4.965s][debug][gc,phases         ] GC(92)       Free Collection Set (ms):      Min:  0.0, Avg:  0.0, Max:  0.0, Diff:  0.0, Sum:  0.0, Workers: 4
[4.965s][debug][gc,phases         ] GC(92)     Rebuild Free List: 0.1ms
[4.965s][debug][gc,phases         ] GC(92)     Start New Collection Set: 0.0ms
[4.965s][debug][gc,phases         ] GC(92)     Resize TLABs: 0.0ms
[4.965s][debug][gc,phases         ] GC(92)     Expand Heap After Collection: 0.0ms
[4.966s][info ][gc,phases         ] GC(92)   Other: 0.7ms
[4.966s][info ][gc,heap           ] GC(92) Eden regions: 16->0(11)
[4.966s][info ][gc,heap           ] GC(92) Survivor regions: 4->3(3)
[4.966s][info ][gc,heap           ] GC(92) Old regions: 135->153
[4.966s][info ][gc,heap           ] GC(92) Archive regions: 0->0
[4.966s][info ][gc,heap           ] GC(92) Humongous regions: 36->36
[4.966s][info ][gc,metaspace      ] GC(92) Metaspace: 471K(640K)->471K(640K) NonClass: 438K(512K)->438K(512K) Class: 33K(128K)->33K(128K)
[4.966s][debug][gc,heap           ] GC(92) Heap after GC invocations=87 (full 4):
[4.966s][debug][gc,heap           ] GC(92)  garbage-first heap   total 262144K, used 196095K [0x00000000f0000000, 0x0000000100000000)
[4.966s][debug][gc,heap           ] GC(92)   region size 1024K, 3 young (3072K), 3 survivors (3072K)
[4.966s][debug][gc,heap           ] GC(92)  Metaspace       used 471K, committed 640K, reserved 1056768K
[4.966s][debug][gc,heap           ] GC(92)   class space    used 33K, committed 128K, reserved 1048576K
[4.966s][info ][gc                ] GC(92) Pause Young (Normal) (G1 Evacuation Pause) 190M->191M(256M) 28.757ms
[4.966s][info ][gc,cpu            ] GC(92) User=0.13s Sys=0.00s Real=0.03s
[4.984s][debug][gc,heap           ] GC(93) Heap before GC invocations=87 (full 4):
[4.984s][debug][gc,heap           ] GC(93)  garbage-first heap   total 262144K, used 207359K [0x00000000f0000000, 0x0000000100000000)
[4.985s][debug][gc,heap           ] GC(93)   region size 1024K, 14 young (14336K), 3 survivors (3072K)
[4.985s][debug][gc,heap           ] GC(93)  Metaspace       used 471K, committed 640K, reserved 1056768K
[4.985s][debug][gc,heap           ] GC(93)   class space    used 33K, committed 128K, reserved 1048576K
[4.985s][info ][gc,start          ] GC(93) Pause Young (Normal) (G1 Evacuation Pause)
[4.985s][info ][gc,task           ] GC(93) Using 4 workers of 4 for evacuation
[4.985s][debug][gc,tlab           ] GC(93) TLAB totals: thrds: 1  refills: 66 max: 66 slow allocs: 0 max 0 waste:  0.3% gc: 0B max: 0B slow: 38016B max: 38016B
[4.985s][debug][gc,age            ] GC(93) Desired survivor size 1048576 bytes, new threshold 1 (max threshold 15)
[4.985s][debug][gc,refine,stats   ] GC(93) Mutator refinement: 0.00ms, refined: 0, precleaned: 0, dirtied: 5613
[4.985s][debug][gc,refine,stats   ] GC(93) Concurrent refinement: 0.00ms, refined: 0, precleaned: 0, dirtied: 0
[4.985s][debug][gc,refine,stats   ] GC(93) Total refinement: 0.00ms, refined: 0, precleaned: 0, dirtied: 5613
[4.985s][debug][gc,refine,stats   ] GC(93) Generate dirty cards rate: 265.19 cards/ms
[4.985s][debug][gc,alloc,region   ] GC(93) Mutator Allocation stats, regions: 11, wasted size: 0B ( 0.0%)
[4.985s][debug][gc,humongous      ] GC(93) Humongous region 173 (object size 36920416 @ 0x00000000fad00000) remset 0 code roots 0 marked 1 reclaim candidate 0 type array 0
[4.985s][debug][gc,ergo           ] GC(93) Running G1 Merge Heap Roots using 4 workers for 14 regions
[4.985s][debug][gc,remset         ] GC(93) Visited cards 7680 Total dirty 10240 (75.00%) Total old 444416 (1.73%)
[5.004s][debug][gc,ref            ] GC(93) Skipped phase 1 of Reference Processing: no references
[5.004s][debug][gc,ref            ] GC(93) Skipped phase 2 of Reference Processing: no references
[5.004s][debug][gc,ref            ] GC(93) Skipped phase 3 of Reference Processing: no references
[5.004s][debug][gc,ref            ] GC(93) Skipped phase 4 of Reference Processing: no references
[5.004s][debug][gc,ergo           ] GC(93) Running G1 Rebuild Free List Task using 4 workers for rebuilding free list of regions
[5.004s][debug][gc,plab           ] GC(93) Young PLAB allocation: allocated: 2097152B, wasted: 224B, unused: 0B, used: 2096928B, undo waste: 0B, 
[5.004s][debug][gc,plab           ] GC(93) Young other allocation: region end waste: 0B, regions filled: 2, direct allocated: 0B, failure used: 0B, failure wasted: 0B
[5.004s][debug][gc,plab           ] GC(93) Young sizing: calculated: 419384B, actual: 488824B
[5.004s][debug][gc,plab           ] GC(93) Old PLAB allocation: allocated: 14155776B, wasted: 368B, unused: 1610624B, used: 12544784B, undo waste: 0B, 
[5.005s][debug][gc,plab           ] GC(93) Old other allocation: region end waste: 0B, regions filled: 14, direct allocated: 0B, failure used: 0B, failure wasted: 0B
[5.005s][debug][gc,plab           ] GC(93) Old sizing: calculated: 2508952B, actual: 2919344B
[5.005s][debug][gc,ergo,heap      ] GC(93) Heap expansion: short term pause time ratio 49.62% long term pause time ratio 34.52% threshold 7.69% pause time ratio 7.69% fully expanded true resize by 0B
[5.005s][debug][gc,mmu            ] GC(93) MMU: 115.6ms (200.0ms/201.0ms)
[5.005s][debug][gc,alloc,stats    ] Old generation allocation in the last mutator period, old gen allocated: 14155776B, humongous allocated: 0B,old gen growth: 14155776B.
[5.005s][debug][gc,ihop           ] GC(93) Basic information (value update), threshold: 120795955B (45.00), target occupancy: 268435456B, current occupancy: 213909488B, recent allocation size: 14155776B, recent allocation duration: 21.17ms, recent old gen allocation rate: 668801043.19B/s, recent marking phase length: 0.00ms
[5.005s][debug][gc,ihop           ] GC(93) Adaptive IHOP information (value update), threshold: 120795955B (52.94), internal target occupancy: 228170137B, occupancy: 213909488B, additional buffer size: 12582912B, predicted old gen allocation rate: 567114053.60B/s, predicted marking phase length: 0.00ms, prediction active: false
[5.005s][debug][gc,ergo,refine    ] GC(93) Concurrent refinement times: Logged Cards Scan time goal: 20.00ms Logged Cards Scan time: 2.63ms HCC time: 0.00ms
[5.005s][debug][gc,ergo,refine    ] GC(93) Updated Refinement Zones: green: 23679, yellow: 71037, red: 118395
[5.005s][info ][gc,phases         ] GC(93)   Pre Evacuate Collection Set: 0.1ms
[5.005s][debug][gc,phases         ] GC(93)     Prepare TLABs: 0.0ms
[5.005s][debug][gc,phases         ] GC(93)     Concatenate Dirty Card Logs: 0.0ms
[5.005s][debug][gc,phases         ] GC(93)     Choose Collection Set: 0.0ms
[5.005s][debug][gc,phases         ] GC(93)     Region Register: 0.1ms
[5.005s][debug][gc,phases         ] GC(93)     Prepare Heap Roots: 0.0ms
[5.005s][info ][gc,phases         ] GC(93)   Merge Heap Roots: 0.1ms
[5.005s][debug][gc,phases         ] GC(93)     Prepare Merge Heap Roots: 0.0ms
[5.005s][debug][gc,phases         ] GC(93)     Eager Reclaim (ms):            skipped
[5.005s][debug][gc,phases         ] GC(93)     Remembered Sets (ms):          Min:  0.0, Avg:  0.0, Max:  0.0, Diff:  0.0, Sum:  0.0, Workers: 4
[5.005s][debug][gc,phases         ] GC(93)       Merged Sparse:                 Min: 0, Avg:  0.0, Max: 0, Diff: 0, Sum: 0, Workers: 4
[5.005s][debug][gc,phases         ] GC(93)       Merged Fine:                   Min: 0, Avg:  0.0, Max: 0, Diff: 0, Sum: 0, Workers: 4
[5.005s][debug][gc,phases         ] GC(93)       Merged Coarse:                 Min: 0, Avg:  0.0, Max: 0, Diff: 0, Sum: 0, Workers: 4
[5.005s][debug][gc,phases         ] GC(93)       Dirty Cards:                   Min: 0, Avg:  0.0, Max: 0, Diff: 0, Sum: 0, Workers: 4
[5.005s][debug][gc,phases         ] GC(93)     Hot Card Cache (ms):           Min:  0.0, Avg:  0.0, Max:  0.0, Diff:  0.0, Sum:  0.0, Workers: 4
[5.005s][debug][gc,phases         ] GC(93)       Dirty Cards:                   Min: 0, Avg:  0.0, Max: 0, Diff: 0, Sum: 0, Workers: 4
[5.005s][debug][gc,phases         ] GC(93)       Skipped Cards:                 Min: 0, Avg:  0.0, Max: 0, Diff: 0, Sum: 0, Workers: 4
[5.005s][debug][gc,phases         ] GC(93)     Log Buffers (ms):              Min:  0.0, Avg:  0.0, Max:  0.0, Diff:  0.0, Sum:  0.1, Workers: 4
[5.005s][debug][gc,phases         ] GC(93)       Dirty Cards:                   Min: 1693, Avg: 1780.3, Max: 1860, Diff: 167, Sum: 7121, Workers: 4
[5.005s][debug][gc,phases         ] GC(93)       Skipped Cards:                 Min: 0, Avg:  0.0, Max: 0, Diff: 0, Sum: 0, Workers: 4
[5.005s][info ][gc,phases         ] GC(93)   Evacuate Collection Set: 19.1ms
[5.005s][debug][gc,phases         ] GC(93)     Ext Root Scanning (ms):        Min:  0.0, Avg:  0.0, Max:  0.0, Diff:  0.0, Sum:  0.1, Workers: 4
[5.005s][debug][gc,phases         ] GC(93)     Scan Heap Roots (ms):          Min:  2.4, Avg:  2.6, Max:  2.7, Diff:  0.3, Sum: 10.4, Workers: 4
[5.005s][debug][gc,phases         ] GC(93)       Scanned Cards:                 Min: 1719, Avg: 1788.3, Max: 1895, Diff: 176, Sum: 7153, Workers: 4
[5.005s][debug][gc,phases         ] GC(93)       Scanned Blocks:                Min: 7, Avg:  7.5, Max: 9, Diff: 2, Sum: 30, Workers: 4
[5.005s][debug][gc,phases         ] GC(93)       Claimed Chunks:                Min: 7, Avg:  7.5, Max: 9, Diff: 2, Sum: 30, Workers: 4
[5.005s][debug][gc,phases         ] GC(93)     Code Root Scan (ms):           Min:  0.0, Avg:  0.0, Max:  0.0, Diff:  0.0, Sum:  0.0, Workers: 4
[5.005s][debug][gc,phases         ] GC(93)     Object Copy (ms):              Min: 16.3, Avg: 16.4, Max: 16.6, Diff:  0.3, Sum: 65.6, Workers: 4
[5.005s][debug][gc,phases         ] GC(93)     Termination (ms):              Min:  0.0, Avg:  0.0, Max:  0.0, Diff:  0.0, Sum:  0.0, Workers: 4
[5.005s][debug][gc,phases         ] GC(93)       Termination Attempts:          Min: 1, Avg:  1.0, Max: 1, Diff: 0, Sum: 4, Workers: 4
[5.005s][debug][gc,phases         ] GC(93)     GC Worker Other (ms):          Min:  0.0, Avg:  0.0, Max:  0.0, Diff:  0.0, Sum:  0.0, Workers: 4
[5.005s][debug][gc,phases         ] GC(93)     GC Worker Total (ms):          Min: 19.0, Avg: 19.0, Max: 19.0, Diff:  0.0, Sum: 76.2, Workers: 4
[5.005s][info ][gc,phases         ] GC(93)   Post Evacuate Collection Set: 0.4ms
[5.005s][debug][gc,phases         ] GC(93)     Code Roots Fixup: 0.0ms
[5.005s][debug][gc,phases         ] GC(93)     Reference Processing: 0.2ms
[5.005s][debug][gc,phases,ref     ] GC(93)       Reconsider SoftReferences: 0.1ms
[5.005s][debug][gc,phases,ref     ] GC(93)         SoftRef (ms):                  skipped
[5.005s][debug][gc,phases,ref     ] GC(93)       Notify Soft/WeakReferences: 0.0ms
[5.005s][debug][gc,phases,ref     ] GC(93)         SoftRef (ms):                  skipped
[5.005s][debug][gc,phases,ref     ] GC(93)         WeakRef (ms):                  skipped
[5.005s][debug][gc,phases,ref     ] GC(93)         FinalRef (ms):                 skipped
[5.005s][debug][gc,phases,ref     ] GC(93)         Total (ms):                    skipped
[5.005s][debug][gc,phases,ref     ] GC(93)       Notify and keep alive finalizable: 0.0ms
[5.005s][debug][gc,phases,ref     ] GC(93)         FinalRef (ms):                 skipped
[5.005s][debug][gc,phases,ref     ] GC(93)       Notify PhantomReferences: 0.0ms
[5.005s][debug][gc,phases,ref     ] GC(93)         PhantomRef (ms):               skipped
[5.005s][debug][gc,phases,ref     ] GC(93)       SoftReference:
[5.005s][debug][gc,phases,ref     ] GC(93)         Discovered: 0
[5.005s][debug][gc,phases,ref     ] GC(93)         Cleared: 0
[5.005s][debug][gc,phases,ref     ] GC(93)       WeakReference:
[5.005s][debug][gc,phases,ref     ] GC(93)         Discovered: 0
[5.006s][debug][gc,phases,ref     ] GC(93)         Cleared: 0
[5.006s][debug][gc,phases,ref     ] GC(93)       FinalReference:
[5.006s][debug][gc,phases,ref     ] GC(93)         Discovered: 0
[5.006s][debug][gc,phases,ref     ] GC(93)         Cleared: 0
[5.006s][debug][gc,phases,ref     ] GC(93)       PhantomReference:
[5.006s][debug][gc,phases,ref     ] GC(93)         Discovered: 0
[5.006s][debug][gc,phases,ref     ] GC(93)         Cleared: 0
[5.006s][debug][gc,phases         ] GC(93)     Weak Processing: 0.0ms
[5.006s][debug][gc,phases         ] GC(93)       VM Weak                        Min:  0.0, Avg:  0.0, Max:  0.0, Diff:  0.0, Sum:  0.0, Workers: 3
[5.006s][debug][gc,phases         ] GC(93)         Dead                           Min: 0, Avg:  0.0, Max: 0, Diff: 0, Sum: 0, Workers: 3
[5.006s][debug][gc,phases         ] GC(93)         Total                          Min: 0, Avg:  2.7, Max: 8, Diff: 8, Sum: 8, Workers: 3
[5.006s][debug][gc,phases         ] GC(93)       ObjectSynchronizer Weak        Min:  0.0, Avg:  0.0, Max:  0.0, Diff:  0.0, Sum:  0.0, Workers: 3
[5.006s][debug][gc,phases         ] GC(93)         Dead                           Min: 0, Avg:  0.0, Max: 0, Diff: 0, Sum: 0, Workers: 3
[5.006s][debug][gc,phases         ] GC(93)         Total                          Min: 0, Avg:  1.0, Max: 3, Diff: 3, Sum: 3, Workers: 3
[5.006s][debug][gc,phases         ] GC(93)       JVMTI Tag Weak OopStorage      Min:  0.0, Avg:  0.0, Max:  0.0, Diff:  0.0, Sum:  0.0, Workers: 3
[5.006s][debug][gc,phases         ] GC(93)         Dead                           Min: 0, Avg:  0.0, Max: 0, Diff: 0, Sum: 0, Workers: 3
[5.006s][debug][gc,phases         ] GC(93)         Total                          Min: 0, Avg:  0.0, Max: 0, Diff: 0, Sum: 0, Workers: 3
[5.006s][debug][gc,phases         ] GC(93)       StringTable Weak               Min:  0.0, Avg:  0.0, Max:  0.0, Diff:  0.0, Sum:  0.0, Workers: 3
[5.006s][debug][gc,phases         ] GC(93)         Dead                           Min: 0, Avg:  0.0, Max: 0, Diff: 0, Sum: 0, Workers: 3
[5.006s][debug][gc,phases         ] GC(93)         Total                          Min: 704, Avg: 819.0, Max: 896, Diff: 192, Sum: 2457, Workers: 3
[5.006s][debug][gc,phases         ] GC(93)       ResolvedMethodTable Weak       Min:  0.0, Avg:  0.0, Max:  0.0, Diff:  0.0, Sum:  0.0, Workers: 3
[5.006s][debug][gc,phases         ] GC(93)         Dead                           Min: 0, Avg:  0.0, Max: 0, Diff: 0, Sum: 0, Workers: 3
[5.006s][debug][gc,phases         ] GC(93)         Total                          Min: 9, Avg: 45.7, Max: 64, Diff: 55, Sum: 137, Workers: 3
[5.006s][debug][gc,phases         ] GC(93)       JNI Weak                       Min:  0.0, Avg:  0.0, Max:  0.0, Diff:  0.0, Sum:  0.0, Workers: 3
[5.006s][debug][gc,phases         ] GC(93)         Dead                           Min: 0, Avg:  0.0, Max: 0, Diff: 0, Sum: 0, Workers: 3
[5.006s][debug][gc,phases         ] GC(93)         Total                          Min: 0, Avg:  0.0, Max: 0, Diff: 0, Sum: 0, Workers: 3
[5.006s][debug][gc,phases         ] GC(93)       StringDedup Table Weak         Min:  0.0, Avg:  0.0, Max:  0.0, Diff:  0.0, Sum:  0.0, Workers: 3
[5.006s][debug][gc,phases         ] GC(93)         Dead                           Min: 0, Avg:  0.0, Max: 0, Diff: 0, Sum: 0, Workers: 3
[5.006s][debug][gc,phases         ] GC(93)         Total                          Min: 0, Avg:  0.0, Max: 0, Diff: 0, Sum: 0, Workers: 3
[5.006s][debug][gc,phases         ] GC(93)       StringDedup Requests0 Weak     Min:  0.0, Avg:  0.0, Max:  0.0, Diff:  0.0, Sum:  0.0, Workers: 3
[5.006s][debug][gc,phases         ] GC(93)         Dead                           Min: 0, Avg:  0.0, Max: 0, Diff: 0, Sum: 0, Workers: 3
[5.006s][debug][gc,phases         ] GC(93)         Total                          Min: 0, Avg:  0.0, Max: 0, Diff: 0, Sum: 0, Workers: 3
[5.006s][debug][gc,phases         ] GC(93)       StringDedup Requests1 Weak     Min:  0.0, Avg:  0.0, Max:  0.0, Diff:  0.0, Sum:  0.0, Workers: 3
[5.006s][debug][gc,phases         ] GC(93)         Dead                           Min: 0, Avg:  0.0, Max: 0, Diff: 0, Sum: 0, Workers: 3
[5.006s][debug][gc,phases         ] GC(93)         Total                          Min: 0, Avg:  0.0, Max: 0, Diff: 0, Sum: 0, Workers: 3
[5.006s][debug][gc,phases         ] GC(93)       Weak JFR Old Object Samples    Min:  0.0, Avg:  0.0, Max:  0.0, Diff:  0.0, Sum:  0.0, Workers: 3
[5.006s][debug][gc,phases         ] GC(93)         Dead                           Min: 0, Avg:  0.0, Max: 0, Diff: 0, Sum: 0, Workers: 3
[5.006s][debug][gc,phases         ] GC(93)         Total                          Min: 0, Avg:  0.0, Max: 0, Diff: 0, Sum: 0, Workers: 3
[5.006s][debug][gc,phases         ] GC(93)     Post Evacuate Cleanup 1: 0.0ms
[5.006s][debug][gc,phases         ] GC(93)       Merge Per-Thread State (ms):   Min:  0.0, Avg:  0.0, Max:  0.0, Diff:  0.0, Sum:  0.0, Workers: 1
[5.006s][debug][gc,phases         ] GC(93)         Copied Bytes                   Min: 3508848, Avg: 3660428.0, Max: 3878784, Diff: 369936, Sum: 14641712, Workers: 4
[5.006s][debug][gc,phases         ] GC(93)         LAB Waste                      Min: 112, Avg: 148.0, Max: 208, Diff: 96, Sum: 592, Workers: 4
[5.006s][debug][gc,phases         ] GC(93)         LAB Undo Waste                 Min: 0, Avg:  0.0, Max: 0, Diff: 0, Sum: 0, Workers: 4
[5.006s][debug][gc,phases         ] GC(93)       Clear Logged Cards (ms):       Min:  0.0, Avg:  0.0, Max:  0.0, Diff:  0.0, Sum:  0.0, Workers: 3
[5.006s][debug][gc,phases         ] GC(93)       Recalculate Used Memory (ms):  Min:  0.0, Avg:  0.0, Max:  0.0, Diff:  0.0, Sum:  0.0, Workers: 1
[5.006s][debug][gc,phases         ] GC(93)     Post Evacuate Cleanup 2: 0.0ms
[5.006s][debug][gc,phases         ] GC(93)       Reset Hot Card Cache (ms):     Min:  0.0, Avg:  0.0, Max:  0.0, Diff:  0.0, Sum:  0.0, Workers: 1
[5.006s][debug][gc,phases         ] GC(93)       Purge Code Roots (ms):         Min:  0.0, Avg:  0.0, Max:  0.0, Diff:  0.0, Sum:  0.0, Workers: 1
[5.006s][debug][gc,phases         ] GC(93)       Update Derived Pointers (ms):  Min:  0.0, Avg:  0.0, Max:  0.0, Diff:  0.0, Sum:  0.0, Workers: 1
[5.006s][debug][gc,phases         ] GC(93)       Eagerly Reclaim Humongous Objects (ms): Min:  0.0, Avg:  0.0, Max:  0.0, Diff:  0.0, Sum:  0.0, Workers: 1
[5.006s][debug][gc,phases         ] GC(93)         Humongous Total                Min: 1, Avg:  1.0, Max: 1, Diff: 0, Sum: 1, Workers: 1
[5.006s][debug][gc,phases         ] GC(93)         Humongous Candidates           Min: 0, Avg:  0.0, Max: 0, Diff: 0, Sum: 0, Workers: 1
[5.006s][debug][gc,phases         ] GC(93)         Humongous Reclaimed            Min: 0, Avg:  0.0, Max: 0, Diff: 0, Sum: 0, Workers: 1
[5.006s][debug][gc,phases         ] GC(93)       Redirty Logged Cards (ms):     Min:  0.0, Avg:  0.0, Max:  0.0, Diff:  0.0, Sum:  0.0, Workers: 4
[5.006s][debug][gc,phases         ] GC(93)         Redirtied Cards:               Min: 0, Avg: 256.3, Max: 599, Diff: 599, Sum: 1025, Workers: 4
[5.006s][debug][gc,phases         ] GC(93)       Free Collection Set (ms):      Min:  0.0, Avg:  0.0, Max:  0.0, Diff:  0.0, Sum:  0.0, Workers: 4
[5.006s][debug][gc,phases         ] GC(93)     Rebuild Free List: 0.1ms
[5.006s][debug][gc,phases         ] GC(93)     Start New Collection Set: 0.0ms
[5.006s][debug][gc,phases         ] GC(93)     Resize TLABs: 0.0ms
[5.006s][debug][gc,phases         ] GC(93)     Expand Heap After Collection: 0.0ms
[5.006s][info ][gc,phases         ] GC(93)   Other: 0.6ms
[5.007s][info ][gc,heap           ] GC(93) Eden regions: 11->0(10)
[5.007s][info ][gc,heap           ] GC(93) Survivor regions: 3->2(2)
[5.007s][info ][gc,heap           ] GC(93) Old regions: 153->166
[5.007s][info ][gc,heap           ] GC(93) Archive regions: 0->0
[5.007s][info ][gc,heap           ] GC(93) Humongous regions: 36->36
[5.007s][info ][gc,metaspace      ] GC(93) Metaspace: 471K(640K)->471K(640K) NonClass: 438K(512K)->438K(512K) Class: 33K(128K)->33K(128K)
[5.007s][debug][gc,heap           ] GC(93) Heap after GC invocations=88 (full 4):
[5.007s][debug][gc,heap           ] GC(93)  garbage-first heap   total 262144K, used 208895K [0x00000000f0000000, 0x0000000100000000)
[5.007s][debug][gc,heap           ] GC(93)   region size 1024K, 2 young (2048K), 2 survivors (2048K)
[5.007s][debug][gc,heap           ] GC(93)  Metaspace       used 471K, committed 640K, reserved 1056768K
[5.007s][debug][gc,heap           ] GC(93)   class space    used 33K, committed 128K, reserved 1048576K
[5.007s][info ][gc                ] GC(93) Pause Young (Normal) (G1 Evacuation Pause) 202M->203M(256M) 22.105ms
[5.007s][info ][gc,cpu            ] GC(93) User=0.06s Sys=0.02s Real=0.02s
[5.056s][debug][gc,heap           ] GC(94) Heap before GC invocations=88 (full 4):
[5.056s][debug][gc,heap           ] GC(94)  garbage-first heap   total 262144K, used 219135K [0x00000000f0000000, 0x0000000100000000)
[5.056s][debug][gc,heap           ] GC(94)   region size 1024K, 12 young (12288K), 2 survivors (2048K)
[5.056s][debug][gc,heap           ] GC(94)  Metaspace       used 471K, committed 640K, reserved 1056768K
[5.056s][debug][gc,heap           ] GC(94)   class space    used 33K, committed 128K, reserved 1048576K
[5.056s][info ][gc,start          ] GC(94) Pause Young (Normal) (G1 Evacuation Pause)
[5.056s][info ][gc,task           ] GC(94) Using 4 workers of 4 for evacuation
[5.056s][debug][gc,tlab           ] GC(94) TLAB totals: thrds: 1  refills: 60 max: 60 slow allocs: 0 max 0 waste:  0.3% gc: 0B max: 0B slow: 34960B max: 34960B
[5.056s][debug][gc,age            ] GC(94) Desired survivor size 1048576 bytes, new threshold 1 (max threshold 15)
[5.056s][debug][gc,refine,stats   ] GC(94) Mutator refinement: 0.00ms, refined: 0, precleaned: 0, dirtied: 5101
[5.056s][debug][gc,refine,stats   ] GC(94) Concurrent refinement: 0.00ms, refined: 0, precleaned: 0, dirtied: 0
[5.056s][debug][gc,refine,stats   ] GC(94) Total refinement: 0.00ms, refined: 0, precleaned: 0, dirtied: 5101
[5.056s][debug][gc,refine,stats   ] GC(94) Generate dirty cards rate: 99.03 cards/ms
[5.056s][debug][gc,alloc,region   ] GC(94) Mutator Allocation stats, regions: 10, wasted size: 6480B ( 0.1%)
[5.056s][debug][gc,humongous      ] GC(94) Humongous region 173 (object size 36920416 @ 0x00000000fad00000) remset 0 code roots 0 marked 1 reclaim candidate 0 type array 0
[5.056s][debug][gc,ergo           ] GC(94) Running G1 Merge Heap Roots using 4 workers for 12 regions
[5.056s][debug][gc,remset         ] GC(94) Visited cards 7168 Total dirty 14336 (50.00%) Total old 462848 (1.55%)
[5.068s][debug][gc,ref            ] GC(94) Skipped phase 1 of Reference Processing: no references
[5.068s][debug][gc,ref            ] GC(94) Skipped phase 2 of Reference Processing: no references
[5.068s][debug][gc,ref            ] GC(94) Skipped phase 3 of Reference Processing: no references
[5.068s][debug][gc,ref            ] GC(94) Skipped phase 4 of Reference Processing: no references
[5.069s][debug][gc,ergo           ] GC(94) Running G1 Rebuild Free List Task using 4 workers for rebuilding free list of regions
[5.069s][debug][gc,plab           ] GC(94) Young PLAB allocation: allocated: 2097152B, wasted: 416B, unused: 0B, used: 2096736B, undo waste: 0B, 
[5.069s][debug][gc,plab           ] GC(94) Young other allocation: region end waste: 0B, regions filled: 2, direct allocated: 0B, failure used: 0B, failure wasted: 0B
[5.069s][debug][gc,plab           ] GC(94) Young sizing: calculated: 419344B, actual: 436712B
[5.069s][debug][gc,plab           ] GC(94) Old PLAB allocation: allocated: 8388608B, wasted: 192B, unused: 1400752B, used: 6987664B, undo waste: 0B, 
[5.069s][debug][gc,plab           ] GC(94) Old other allocation: region end waste: 0B, regions filled: 8, direct allocated: 0B, failure used: 0B, failure wasted: 0B
[5.069s][debug][gc,plab           ] GC(94) Old sizing: calculated: 1397528B, actual: 1777976B
[5.069s][debug][gc,ergo,heap      ] GC(94) Heap expansion: short term pause time ratio 48.49% long term pause time ratio 39.45% threshold 7.69% pause time ratio 7.69% fully expanded true resize by 0B
[5.069s][debug][gc,mmu            ] GC(94) MMU: 99.8ms (200.0ms/201.0ms)
[5.069s][debug][gc,alloc,stats    ] Old generation allocation in the last mutator period, old gen allocated: 8388608B, humongous allocated: 0B,old gen growth: 8388608B.
[5.069s][debug][gc,ihop           ] GC(94) Basic information (value update), threshold: 120795955B (45.00), target occupancy: 268435456B, current occupancy: 222298096B, recent allocation size: 8388608B, recent allocation duration: 51.51ms, recent old gen allocation rate: 162847331.02B/s, recent marking phase length: 0.00ms
[5.069s][debug][gc,ihop           ] GC(94) Adaptive IHOP information (value update), threshold: 120795955B (52.94), internal target occupancy: 228170137B, occupancy: 222298096B, additional buffer size: 12582912B, predicted old gen allocation rate: 553870487.33B/s, predicted marking phase length: 0.00ms, prediction active: false
[5.069s][debug][gc,ergo,refine    ] GC(94) Concurrent refinement times: Logged Cards Scan time goal: 20.00ms Logged Cards Scan time: 1.78ms HCC time: 0.00ms
[5.069s][debug][gc,ergo,refine    ] GC(94) Updated Refinement Zones: green: 23679, yellow: 71037, red: 118395
[5.069s][info ][gc,phases         ] GC(94)   Pre Evacuate Collection Set: 0.1ms
[5.069s][debug][gc,phases         ] GC(94)     Prepare TLABs: 0.0ms
[5.069s][debug][gc,phases         ] GC(94)     Concatenate Dirty Card Logs: 0.0ms
[5.069s][debug][gc,phases         ] GC(94)     Choose Collection Set: 0.0ms
[5.069s][debug][gc,phases         ] GC(94)     Region Register: 0.1ms
[5.069s][debug][gc,phases         ] GC(94)     Prepare Heap Roots: 0.0ms
[5.069s][info ][gc,phases         ] GC(94)   Merge Heap Roots: 0.1ms
[5.069s][debug][gc,phases         ] GC(94)     Prepare Merge Heap Roots: 0.0ms
[5.069s][debug][gc,phases         ] GC(94)     Eager Reclaim (ms):            skipped
[5.069s][debug][gc,phases         ] GC(94)     Remembered Sets (ms):          Min:  0.0, Avg:  0.0, Max:  0.0, Diff:  0.0, Sum:  0.0, Workers: 4
[5.069s][debug][gc,phases         ] GC(94)       Merged Sparse:                 Min: 0, Avg:  0.0, Max: 0, Diff: 0, Sum: 0, Workers: 4
[5.069s][debug][gc,phases         ] GC(94)       Merged Fine:                   Min: 0, Avg:  0.0, Max: 0, Diff: 0, Sum: 0, Workers: 4
[5.069s][debug][gc,phases         ] GC(94)       Merged Coarse:                 Min: 0, Avg:  0.0, Max: 0, Diff: 0, Sum: 0, Workers: 4
[5.069s][debug][gc,phases         ] GC(94)       Dirty Cards:                   Min: 0, Avg:  0.0, Max: 0, Diff: 0, Sum: 0, Workers: 4
[5.069s][debug][gc,phases         ] GC(94)     Hot Card Cache (ms):           Min:  0.0, Avg:  0.0, Max:  0.0, Diff:  0.0, Sum:  0.0, Workers: 4
[5.069s][debug][gc,phases         ] GC(94)       Dirty Cards:                   Min: 0, Avg:  0.0, Max: 0, Diff: 0, Sum: 0, Workers: 4
[5.069s][debug][gc,phases         ] GC(94)       Skipped Cards:                 Min: 0, Avg:  0.0, Max: 0, Diff: 0, Sum: 0, Workers: 4
[5.069s][debug][gc,phases         ] GC(94)     Log Buffers (ms):              Min:  0.0, Avg:  0.0, Max:  0.0, Diff:  0.0, Sum:  0.1, Workers: 4
[5.069s][debug][gc,phases         ] GC(94)       Dirty Cards:                   Min: 1442, Avg: 1523.5, Max: 1615, Diff: 173, Sum: 6094, Workers: 4
[5.069s][debug][gc,phases         ] GC(94)       Skipped Cards:                 Min: 0, Avg:  0.0, Max: 0, Diff: 0, Sum: 0, Workers: 4
[5.069s][info ][gc,phases         ] GC(94)   Evacuate Collection Set: 11.8ms
[5.069s][debug][gc,phases         ] GC(94)     Ext Root Scanning (ms):        Min:  0.0, Avg:  0.0, Max:  0.0, Diff:  0.0, Sum:  0.1, Workers: 4
[5.069s][debug][gc,phases         ] GC(94)     Scan Heap Roots (ms):          Min:  1.4, Avg:  1.8, Max:  2.1, Diff:  0.7, Sum:  7.1, Workers: 4
[5.069s][debug][gc,phases         ] GC(94)       Scanned Cards:                 Min: 1024, Avg: 1531.5, Max: 1879, Diff: 855, Sum: 6126, Workers: 4
[5.069s][debug][gc,phases         ] GC(94)       Scanned Blocks:                Min: 4, Avg:  7.0, Max: 9, Diff: 5, Sum: 28, Workers: 4
[5.069s][debug][gc,phases         ] GC(94)       Claimed Chunks:                Min: 4, Avg:  7.0, Max: 9, Diff: 5, Sum: 28, Workers: 4
[5.069s][debug][gc,phases         ] GC(94)     Code Root Scan (ms):           Min:  0.0, Avg:  0.0, Max:  0.0, Diff:  0.0, Sum:  0.0, Workers: 4
[5.069s][debug][gc,phases         ] GC(94)     Object Copy (ms):              Min:  9.7, Avg: 10.0, Max: 10.4, Diff:  0.7, Sum: 40.1, Workers: 4
[5.069s][debug][gc,phases         ] GC(94)     Termination (ms):              Min:  0.0, Avg:  0.0, Max:  0.0, Diff:  0.0, Sum:  0.0, Workers: 4
[5.069s][debug][gc,phases         ] GC(94)       Termination Attempts:          Min: 1, Avg:  1.0, Max: 1, Diff: 0, Sum: 4, Workers: 4
[5.070s][debug][gc,phases         ] GC(94)     GC Worker Other (ms):          Min:  0.0, Avg:  0.0, Max:  0.0, Diff:  0.0, Sum:  0.0, Workers: 4
[5.070s][debug][gc,phases         ] GC(94)     GC Worker Total (ms):          Min: 11.8, Avg: 11.8, Max: 11.8, Diff:  0.0, Sum: 47.2, Workers: 4
[5.070s][info ][gc,phases         ] GC(94)   Post Evacuate Collection Set: 0.4ms
[5.070s][debug][gc,phases         ] GC(94)     Code Roots Fixup: 0.0ms
[5.070s][debug][gc,phases         ] GC(94)     Reference Processing: 0.2ms
[5.070s][debug][gc,phases,ref     ] GC(94)       Reconsider SoftReferences: 0.1ms
[5.070s][debug][gc,phases,ref     ] GC(94)         SoftRef (ms):                  skipped
[5.070s][debug][gc,phases,ref     ] GC(94)       Notify Soft/WeakReferences: 0.0ms
[5.070s][debug][gc,phases,ref     ] GC(94)         SoftRef (ms):                  skipped
[5.070s][debug][gc,phases,ref     ] GC(94)         WeakRef (ms):                  skipped
[5.070s][debug][gc,phases,ref     ] GC(94)         FinalRef (ms):                 skipped
[5.070s][debug][gc,phases,ref     ] GC(94)         Total (ms):                    skipped
[5.070s][debug][gc,phases,ref     ] GC(94)       Notify and keep alive finalizable: 0.0ms
[5.070s][debug][gc,phases,ref     ] GC(94)         FinalRef (ms):                 skipped
[5.070s][debug][gc,phases,ref     ] GC(94)       Notify PhantomReferences: 0.0ms
[5.070s][debug][gc,phases,ref     ] GC(94)         PhantomRef (ms):               skipped
[5.070s][debug][gc,phases,ref     ] GC(94)       SoftReference:
[5.070s][debug][gc,phases,ref     ] GC(94)         Discovered: 0
[5.070s][debug][gc,phases,ref     ] GC(94)         Cleared: 0
[5.070s][debug][gc,phases,ref     ] GC(94)       WeakReference:
[5.070s][debug][gc,phases,ref     ] GC(94)         Discovered: 0
[5.070s][debug][gc,phases,ref     ] GC(94)         Cleared: 0
[5.070s][debug][gc,phases,ref     ] GC(94)       FinalReference:
[5.070s][debug][gc,phases,ref     ] GC(94)         Discovered: 0
[5.070s][debug][gc,phases,ref     ] GC(94)         Cleared: 0
[5.070s][debug][gc,phases,ref     ] GC(94)       PhantomReference:
[5.070s][debug][gc,phases,ref     ] GC(94)         Discovered: 0
[5.070s][debug][gc,phases,ref     ] GC(94)         Cleared: 0
[5.070s][debug][gc,phases         ] GC(94)     Weak Processing: 0.0ms
[5.070s][debug][gc,phases         ] GC(94)       VM Weak                        Min:  0.0, Avg:  0.0, Max:  0.0, Diff:  0.0, Sum:  0.0, Workers: 3
[5.070s][debug][gc,phases         ] GC(94)         Dead                           Min: 0, Avg:  0.0, Max: 0, Diff: 0, Sum: 0, Workers: 3
[5.070s][debug][gc,phases         ] GC(94)         Total                          Min: 0, Avg:  2.7, Max: 8, Diff: 8, Sum: 8, Workers: 3
[5.070s][debug][gc,phases         ] GC(94)       ObjectSynchronizer Weak        Min:  0.0, Avg:  0.0, Max:  0.0, Diff:  0.0, Sum:  0.0, Workers: 3
[5.070s][debug][gc,phases         ] GC(94)         Dead                           Min: 0, Avg:  0.0, Max: 0, Diff: 0, Sum: 0, Workers: 3
[5.070s][debug][gc,phases         ] GC(94)         Total                          Min: 0, Avg:  1.0, Max: 3, Diff: 3, Sum: 3, Workers: 3
[5.070s][debug][gc,phases         ] GC(94)       JVMTI Tag Weak OopStorage      Min:  0.0, Avg:  0.0, Max:  0.0, Diff:  0.0, Sum:  0.0, Workers: 3
[5.070s][debug][gc,phases         ] GC(94)         Dead                           Min: 0, Avg:  0.0, Max: 0, Diff: 0, Sum: 0, Workers: 3
[5.070s][debug][gc,phases         ] GC(94)         Total                          Min: 0, Avg:  0.0, Max: 0, Diff: 0, Sum: 0, Workers: 3
[5.070s][debug][gc,phases         ] GC(94)       StringTable Weak               Min:  0.0, Avg:  0.0, Max:  0.0, Diff:  0.0, Sum:  0.0, Workers: 3
[5.070s][debug][gc,phases         ] GC(94)         Dead                           Min: 0, Avg:  0.0, Max: 0, Diff: 0, Sum: 0, Workers: 3
[5.070s][debug][gc,phases         ] GC(94)         Total                          Min: 665, Avg: 819.0, Max: 896, Diff: 231, Sum: 2457, Workers: 3
[5.070s][debug][gc,phases         ] GC(94)       ResolvedMethodTable Weak       Min:  0.0, Avg:  0.0, Max:  0.0, Diff:  0.0, Sum:  0.0, Workers: 3
[5.070s][debug][gc,phases         ] GC(94)         Dead                           Min: 0, Avg:  0.0, Max: 0, Diff: 0, Sum: 0, Workers: 3
[5.070s][debug][gc,phases         ] GC(94)         Total                          Min: 9, Avg: 45.7, Max: 64, Diff: 55, Sum: 137, Workers: 3
[5.070s][debug][gc,phases         ] GC(94)       JNI Weak                       Min:  0.0, Avg:  0.0, Max:  0.0, Diff:  0.0, Sum:  0.0, Workers: 3
[5.070s][debug][gc,phases         ] GC(94)         Dead                           Min: 0, Avg:  0.0, Max: 0, Diff: 0, Sum: 0, Workers: 3
[5.070s][debug][gc,phases         ] GC(94)         Total                          Min: 0, Avg:  0.0, Max: 0, Diff: 0, Sum: 0, Workers: 3
[5.070s][debug][gc,phases         ] GC(94)       StringDedup Table Weak         Min:  0.0, Avg:  0.0, Max:  0.0, Diff:  0.0, Sum:  0.0, Workers: 3
[5.070s][debug][gc,phases         ] GC(94)         Dead                           Min: 0, Avg:  0.0, Max: 0, Diff: 0, Sum: 0, Workers: 3
[5.070s][debug][gc,phases         ] GC(94)         Total                          Min: 0, Avg:  0.0, Max: 0, Diff: 0, Sum: 0, Workers: 3
[5.070s][debug][gc,phases         ] GC(94)       StringDedup Requests0 Weak     Min:  0.0, Avg:  0.0, Max:  0.0, Diff:  0.0, Sum:  0.0, Workers: 3
[5.070s][debug][gc,phases         ] GC(94)         Dead                           Min: 0, Avg:  0.0, Max: 0, Diff: 0, Sum: 0, Workers: 3
[5.070s][debug][gc,phases         ] GC(94)         Total                          Min: 0, Avg:  0.0, Max: 0, Diff: 0, Sum: 0, Workers: 3
[5.070s][debug][gc,phases         ] GC(94)       StringDedup Requests1 Weak     Min:  0.0, Avg:  0.0, Max:  0.0, Diff:  0.0, Sum:  0.0, Workers: 3
[5.070s][debug][gc,phases         ] GC(94)         Dead                           Min: 0, Avg:  0.0, Max: 0, Diff: 0, Sum: 0, Workers: 3
[5.070s][debug][gc,phases         ] GC(94)         Total                          Min: 0, Avg:  0.0, Max: 0, Diff: 0, Sum: 0, Workers: 3
[5.070s][debug][gc,phases         ] GC(94)       Weak JFR Old Object Samples    Min:  0.0, Avg:  0.0, Max:  0.0, Diff:  0.0, Sum:  0.0, Workers: 3
[5.070s][debug][gc,phases         ] GC(94)         Dead                           Min: 0, Avg:  0.0, Max: 0, Diff: 0, Sum: 0, Workers: 3
[5.070s][debug][gc,phases         ] GC(94)         Total                          Min: 0, Avg:  0.0, Max: 0, Diff: 0, Sum: 0, Workers: 3
[5.071s][debug][gc,phases         ] GC(94)     Post Evacuate Cleanup 1: 0.1ms
[5.071s][debug][gc,phases         ] GC(94)       Merge Per-Thread State (ms):   Min:  0.0, Avg:  0.0, Max:  0.0, Diff:  0.0, Sum:  0.0, Workers: 1
[5.071s][debug][gc,phases         ] GC(94)         Copied Bytes                   Min: 2080176, Avg: 2271100.0, Max: 2458800, Diff: 378624, Sum: 9084400, Workers: 4
[5.071s][debug][gc,phases         ] GC(94)         LAB Waste                      Min: 120, Avg: 152.0, Max: 168, Diff: 48, Sum: 608, Workers: 4
[5.071s][debug][gc,phases         ] GC(94)         LAB Undo Waste                 Min: 0, Avg:  0.0, Max: 0, Diff: 0, Sum: 0, Workers: 4
[5.071s][debug][gc,phases         ] GC(94)       Clear Logged Cards (ms):       Min:  0.0, Avg:  0.0, Max:  0.0, Diff:  0.0, Sum:  0.0, Workers: 3
[5.071s][debug][gc,phases         ] GC(94)       Recalculate Used Memory (ms):  Min:  0.0, Avg:  0.0, Max:  0.0, Diff:  0.0, Sum:  0.0, Workers: 1
[5.071s][debug][gc,phases         ] GC(94)     Post Evacuate Cleanup 2: 0.1ms
[5.071s][debug][gc,phases         ] GC(94)       Reset Hot Card Cache (ms):     Min:  0.0, Avg:  0.0, Max:  0.0, Diff:  0.0, Sum:  0.0, Workers: 1
[5.071s][debug][gc,phases         ] GC(94)       Purge Code Roots (ms):         Min:  0.0, Avg:  0.0, Max:  0.0, Diff:  0.0, Sum:  0.0, Workers: 1
[5.071s][debug][gc,phases         ] GC(94)       Update Derived Pointers (ms):  Min:  0.0, Avg:  0.0, Max:  0.0, Diff:  0.0, Sum:  0.0, Workers: 1
[5.071s][debug][gc,phases         ] GC(94)       Eagerly Reclaim Humongous Objects (ms): Min:  0.0, Avg:  0.0, Max:  0.0, Diff:  0.0, Sum:  0.0, Workers: 1
[5.071s][debug][gc,phases         ] GC(94)         Humongous Total                Min: 1, Avg:  1.0, Max: 1, Diff: 0, Sum: 1, Workers: 1
[5.071s][debug][gc,phases         ] GC(94)         Humongous Candidates           Min: 0, Avg:  0.0, Max: 0, Diff: 0, Sum: 0, Workers: 1
[5.071s][debug][gc,phases         ] GC(94)         Humongous Reclaimed            Min: 0, Avg:  0.0, Max: 0, Diff: 0, Sum: 0, Workers: 1
[5.071s][debug][gc,phases         ] GC(94)       Redirty Logged Cards (ms):     Min:  0.0, Avg:  0.0, Max:  0.0, Diff:  0.0, Sum:  0.0, Workers: 4
[5.071s][debug][gc,phases         ] GC(94)         Redirtied Cards:               Min: 0, Avg: 256.5, Max: 591, Diff: 591, Sum: 1026, Workers: 4
[5.071s][debug][gc,phases         ] GC(94)       Free Collection Set (ms):      Min:  0.0, Avg:  0.0, Max:  0.0, Diff:  0.0, Sum:  0.0, Workers: 4
[5.071s][debug][gc,phases         ] GC(94)     Rebuild Free List: 0.1ms
[5.071s][debug][gc,phases         ] GC(94)     Start New Collection Set: 0.0ms
[5.071s][debug][gc,phases         ] GC(94)     Resize TLABs: 0.0ms
[5.071s][debug][gc,phases         ] GC(94)     Expand Heap After Collection: 0.0ms
[5.071s][info ][gc,phases         ] GC(94)   Other: 0.7ms
[5.071s][info ][gc,heap           ] GC(94) Eden regions: 10->0(10)
[5.071s][info ][gc,heap           ] GC(94) Survivor regions: 2->2(2)
[5.071s][info ][gc,heap           ] GC(94) Old regions: 166->174
[5.071s][info ][gc,heap           ] GC(94) Archive regions: 0->0
[5.071s][info ][gc,heap           ] GC(94) Humongous regions: 36->36
[5.071s][info ][gc,metaspace      ] GC(94) Metaspace: 471K(640K)->471K(640K) NonClass: 438K(512K)->438K(512K) Class: 33K(128K)->33K(128K)
[5.071s][debug][gc,heap           ] GC(94) Heap after GC invocations=89 (full 4):
[5.071s][debug][gc,heap           ] GC(94)  garbage-first heap   total 262144K, used 217087K [0x00000000f0000000, 0x0000000100000000)
[5.071s][debug][gc,heap           ] GC(94)   region size 1024K, 2 young (2048K), 2 survivors (2048K)
[5.071s][debug][gc,heap           ] GC(94)  Metaspace       used 471K, committed 640K, reserved 1056768K
[5.071s][debug][gc,heap           ] GC(94)   class space    used 33K, committed 128K, reserved 1048576K
[5.071s][info ][gc                ] GC(94) Pause Young (Normal) (G1 Evacuation Pause) 213M->211M(256M) 15.092ms
[5.071s][info ][gc,cpu            ] GC(94) User=0.02s Sys=0.00s Real=0.01s
[5.087s][debug][gc,heap           ] GC(95) Heap before GC invocations=89 (full 4):
[5.087s][debug][gc,heap           ] GC(95)  garbage-first heap   total 262144K, used 227327K [0x00000000f0000000, 0x0000000100000000)
[5.087s][debug][gc,heap           ] GC(95)   region size 1024K, 12 young (12288K), 2 survivors (2048K)
[5.087s][debug][gc,heap           ] GC(95)  Metaspace       used 471K, committed 640K, reserved 1056768K
[5.087s][debug][gc,heap           ] GC(95)   class space    used 33K, committed 128K, reserved 1048576K
[5.087s][info ][gc,start          ] GC(95) Pause Young (Normal) (G1 Evacuation Pause)
[5.087s][info ][gc,task           ] GC(95) Using 4 workers of 4 for evacuation
[5.087s][debug][gc,tlab           ] GC(95) TLAB totals: thrds: 1  refills: 60 max: 60 slow allocs: 0 max 0 waste:  0.3% gc: 0B max: 0B slow: 34952B max: 34952B
[5.087s][debug][gc,age            ] GC(95) Desired survivor size 1048576 bytes, new threshold 1 (max threshold 15)
[5.087s][debug][gc,refine,stats   ] GC(95) Mutator refinement: 0.00ms, refined: 0, precleaned: 0, dirtied: 5098
[5.087s][debug][gc,refine,stats   ] GC(95) Concurrent refinement: 0.00ms, refined: 0, precleaned: 0, dirtied: 0
[5.087s][debug][gc,refine,stats   ] GC(95) Total refinement: 0.00ms, refined: 0, precleaned: 0, dirtied: 5098
[5.087s][debug][gc,refine,stats   ] GC(95) Generate dirty cards rate: 283.80 cards/ms
[5.087s][debug][gc,alloc,region   ] GC(95) Mutator Allocation stats, regions: 10, wasted size: 11280B ( 0.1%)
[5.087s][debug][gc,humongous      ] GC(95) Humongous region 173 (object size 36920416 @ 0x00000000fad00000) remset 0 code roots 0 marked 1 reclaim candidate 0 type array 0
[5.087s][debug][gc,ergo           ] GC(95) Running G1 Merge Heap Roots using 4 workers for 12 regions
[5.087s][debug][gc,remset         ] GC(95) Visited cards 7168 Total dirty 10240 (70.00%) Total old 479232 (1.50%)
[5.103s][debug][gc,ref            ] GC(95) Skipped phase 1 of Reference Processing: no references
[5.103s][debug][gc,ref            ] GC(95) Skipped phase 2 of Reference Processing: no references
[5.103s][debug][gc,ref            ] GC(95) Skipped phase 3 of Reference Processing: no references
[5.103s][debug][gc,ref            ] GC(95) Skipped phase 4 of Reference Processing: no references
[5.103s][debug][gc,ergo           ] GC(95) Running G1 Rebuild Free List Task using 4 workers for rebuilding free list of regions
[5.103s][debug][gc,plab           ] GC(95) Young PLAB allocation: allocated: 2097152B, wasted: 480B, unused: 0B, used: 2096672B, undo waste: 0B, 
[5.103s][debug][gc,plab           ] GC(95) Young other allocation: region end waste: 0B, regions filled: 2, direct allocated: 0B, failure used: 0B, failure wasted: 0B
[5.103s][debug][gc,plab           ] GC(95) Young sizing: calculated: 419328B, actual: 423672B
[5.103s][debug][gc,plab           ] GC(95) Old PLAB allocation: allocated: 11374736B, wasted: 600B, unused: 935416B, used: 10438720B, undo waste: 0B, 
[5.103s][debug][gc,plab           ] GC(95) Old other allocation: region end waste: 0B, regions filled: 11, direct allocated: 0B, failure used: 0B, failure wasted: 0B
[5.103s][debug][gc,plab           ] GC(95) Old sizing: calculated: 2087744B, actual: 2010296B
[5.103s][debug][gc,ergo,heap      ] GC(95) Heap expansion: short term pause time ratio 19.85% long term pause time ratio 37.93% threshold 7.69% pause time ratio 7.69% fully expanded true resize by 0B
[5.103s][debug][gc,mmu            ] GC(95) MMU: 83.5ms (200.0ms/201.0ms)
[5.103s][debug][gc,alloc,stats    ] Old generation allocation in the last mutator period, old gen allocated: 11374736B, humongous allocated: 0B,old gen growth: 11374736B.
[5.103s][debug][gc,ihop           ] GC(95) Basic information (value update), threshold: 120795955B (45.00), target occupancy: 268435456B, current occupancy: 233673200B, recent allocation size: 11374736B, recent allocation duration: 17.96ms, recent old gen allocation rate: 633213794.64B/s, recent marking phase length: 0.00ms
[5.103s][debug][gc,ihop           ] GC(95) Adaptive IHOP information (value update), threshold: 120795955B (52.94), internal target occupancy: 228170137B, occupancy: 233673200B, additional buffer size: 12582912B, predicted old gen allocation rate: 562845233.75B/s, predicted marking phase length: 0.00ms, prediction active: false
[5.103s][debug][gc,ergo,refine    ] GC(95) Concurrent refinement times: Logged Cards Scan time goal: 20.00ms Logged Cards Scan time: 2.15ms HCC time: 0.00ms
[5.103s][debug][gc,ergo,refine    ] GC(95) Updated Refinement Zones: green: 23679, yellow: 71037, red: 118395
[5.104s][info ][gc,phases         ] GC(95)   Pre Evacuate Collection Set: 0.1ms
[5.104s][debug][gc,phases         ] GC(95)     Prepare TLABs: 0.0ms
[5.104s][debug][gc,phases         ] GC(95)     Concatenate Dirty Card Logs: 0.0ms
[5.104s][debug][gc,phases         ] GC(95)     Choose Collection Set: 0.0ms
[5.104s][debug][gc,phases         ] GC(95)     Region Register: 0.1ms
[5.104s][debug][gc,phases         ] GC(95)     Prepare Heap Roots: 0.0ms
[5.104s][info ][gc,phases         ] GC(95)   Merge Heap Roots: 0.1ms
[5.104s][debug][gc,phases         ] GC(95)     Prepare Merge Heap Roots: 0.0ms
[5.104s][debug][gc,phases         ] GC(95)     Eager Reclaim (ms):            skipped
[5.104s][debug][gc,phases         ] GC(95)     Remembered Sets (ms):          Min:  0.0, Avg:  0.0, Max:  0.0, Diff:  0.0, Sum:  0.0, Workers: 4
[5.104s][debug][gc,phases         ] GC(95)       Merged Sparse:                 Min: 0, Avg:  0.0, Max: 0, Diff: 0, Sum: 0, Workers: 4
[5.104s][debug][gc,phases         ] GC(95)       Merged Fine:                   Min: 0, Avg:  0.0, Max: 0, Diff: 0, Sum: 0, Workers: 4
[5.104s][debug][gc,phases         ] GC(95)       Merged Coarse:                 Min: 0, Avg:  0.0, Max: 0, Diff: 0, Sum: 0, Workers: 4
[5.104s][debug][gc,phases         ] GC(95)       Dirty Cards:                   Min: 0, Avg:  0.0, Max: 0, Diff: 0, Sum: 0, Workers: 4
[5.104s][debug][gc,phases         ] GC(95)     Hot Card Cache (ms):           Min:  0.0, Avg:  0.0, Max:  0.0, Diff:  0.0, Sum:  0.0, Workers: 4
[5.104s][debug][gc,phases         ] GC(95)       Dirty Cards:                   Min: 0, Avg:  0.0, Max: 0, Diff: 0, Sum: 0, Workers: 4
[5.104s][debug][gc,phases         ] GC(95)       Skipped Cards:                 Min: 0, Avg:  0.0, Max: 0, Diff: 0, Sum: 0, Workers: 4
[5.104s][debug][gc,phases         ] GC(95)     Log Buffers (ms):              Min:  0.0, Avg:  0.0, Max:  0.0, Diff:  0.0, Sum:  0.1, Workers: 4
[5.104s][debug][gc,phases         ] GC(95)       Dirty Cards:                   Min: 1469, Avg: 1523.0, Max: 1567, Diff: 98, Sum: 6092, Workers: 4
[5.104s][debug][gc,phases         ] GC(95)       Skipped Cards:                 Min: 0, Avg:  0.0, Max: 0, Diff: 0, Sum: 0, Workers: 4
[5.104s][info ][gc,phases         ] GC(95)   Evacuate Collection Set: 15.7ms
[5.104s][debug][gc,phases         ] GC(95)     Ext Root Scanning (ms):        Min:  0.0, Avg:  0.0, Max:  0.0, Diff:  0.0, Sum:  0.1, Workers: 4
[5.104s][debug][gc,phases         ] GC(95)     Scan Heap Roots (ms):          Min:  2.0, Avg:  2.1, Max:  2.2, Diff:  0.2, Sum:  8.5, Workers: 4
[5.104s][debug][gc,phases         ] GC(95)       Scanned Cards:                 Min: 1453, Avg: 1531.0, Max: 1581, Diff: 128, Sum: 6124, Workers: 4
[5.104s][debug][gc,phases         ] GC(95)       Scanned Blocks:                Min: 6, Avg:  7.0, Max: 9, Diff: 3, Sum: 28, Workers: 4
[5.104s][debug][gc,phases         ] GC(95)       Claimed Chunks:                Min: 6, Avg:  7.0, Max: 9, Diff: 3, Sum: 28, Workers: 4
[5.104s][debug][gc,phases         ] GC(95)     Code Root Scan (ms):           Min:  0.0, Avg:  0.0, Max:  0.0, Diff:  0.0, Sum:  0.0, Workers: 4
[5.104s][debug][gc,phases         ] GC(95)     Object Copy (ms):              Min: 13.4, Avg: 13.4, Max: 13.6, Diff:  0.2, Sum: 53.8, Workers: 4
[5.104s][debug][gc,phases         ] GC(95)     Termination (ms):              Min:  0.0, Avg:  0.0, Max:  0.0, Diff:  0.0, Sum:  0.1, Workers: 4
[5.104s][debug][gc,phases         ] GC(95)       Termination Attempts:          Min: 1, Avg: 11.0, Max: 20, Diff: 19, Sum: 44, Workers: 4
[5.104s][debug][gc,phases         ] GC(95)     GC Worker Other (ms):          Min:  0.0, Avg:  0.0, Max:  0.0, Diff:  0.0, Sum:  0.0, Workers: 4
[5.104s][debug][gc,phases         ] GC(95)     GC Worker Total (ms):          Min: 15.6, Avg: 15.6, Max: 15.6, Diff:  0.0, Sum: 62.5, Workers: 4
[5.104s][info ][gc,phases         ] GC(95)   Post Evacuate Collection Set: 0.4ms
[5.104s][debug][gc,phases         ] GC(95)     Code Roots Fixup: 0.0ms
[5.104s][debug][gc,phases         ] GC(95)     Reference Processing: 0.2ms
[5.104s][debug][gc,phases,ref     ] GC(95)       Reconsider SoftReferences: 0.1ms
[5.104s][debug][gc,phases,ref     ] GC(95)         SoftRef (ms):                  skipped
[5.104s][debug][gc,phases,ref     ] GC(95)       Notify Soft/WeakReferences: 0.0ms
[5.104s][debug][gc,phases,ref     ] GC(95)         SoftRef (ms):                  skipped
[5.104s][debug][gc,phases,ref     ] GC(95)         WeakRef (ms):                  skipped
[5.104s][debug][gc,phases,ref     ] GC(95)         FinalRef (ms):                 skipped
[5.104s][debug][gc,phases,ref     ] GC(95)         Total (ms):                    skipped
[5.104s][debug][gc,phases,ref     ] GC(95)       Notify and keep alive finalizable: 0.0ms
[5.104s][debug][gc,phases,ref     ] GC(95)         FinalRef (ms):                 skipped
[5.104s][debug][gc,phases,ref     ] GC(95)       Notify PhantomReferences: 0.0ms
[5.104s][debug][gc,phases,ref     ] GC(95)         PhantomRef (ms):               skipped
[5.104s][debug][gc,phases,ref     ] GC(95)       SoftReference:
[5.104s][debug][gc,phases,ref     ] GC(95)         Discovered: 0
[5.104s][debug][gc,phases,ref     ] GC(95)         Cleared: 0
[5.104s][debug][gc,phases,ref     ] GC(95)       WeakReference:
[5.104s][debug][gc,phases,ref     ] GC(95)         Discovered: 0
[5.104s][debug][gc,phases,ref     ] GC(95)         Cleared: 0
[5.104s][debug][gc,phases,ref     ] GC(95)       FinalReference:
[5.104s][debug][gc,phases,ref     ] GC(95)         Discovered: 0
[5.104s][debug][gc,phases,ref     ] GC(95)         Cleared: 0
[5.104s][debug][gc,phases,ref     ] GC(95)       PhantomReference:
[5.104s][debug][gc,phases,ref     ] GC(95)         Discovered: 0
[5.104s][debug][gc,phases,ref     ] GC(95)         Cleared: 0
[5.104s][debug][gc,phases         ] GC(95)     Weak Processing: 0.0ms
[5.104s][debug][gc,phases         ] GC(95)       VM Weak                        Min:  0.0, Avg:  0.0, Max:  0.0, Diff:  0.0, Sum:  0.0, Workers: 3
[5.104s][debug][gc,phases         ] GC(95)         Dead                           Min: 0, Avg:  0.0, Max: 0, Diff: 0, Sum: 0, Workers: 3
[5.104s][debug][gc,phases         ] GC(95)         Total                          Min: 0, Avg:  2.7, Max: 8, Diff: 8, Sum: 8, Workers: 3
[5.104s][debug][gc,phases         ] GC(95)       ObjectSynchronizer Weak        Min:  0.0, Avg:  0.0, Max:  0.0, Diff:  0.0, Sum:  0.0, Workers: 3
[5.105s][debug][gc,phases         ] GC(95)         Dead                           Min: 0, Avg:  0.0, Max: 0, Diff: 0, Sum: 0, Workers: 3
[5.105s][debug][gc,phases         ] GC(95)         Total                          Min: 0, Avg:  1.0, Max: 3, Diff: 3, Sum: 3, Workers: 3
[5.105s][debug][gc,phases         ] GC(95)       JVMTI Tag Weak OopStorage      Min:  0.0, Avg:  0.0, Max:  0.0, Diff:  0.0, Sum:  0.0, Workers: 3
[5.105s][debug][gc,phases         ] GC(95)         Dead                           Min: 0, Avg:  0.0, Max: 0, Diff: 0, Sum: 0, Workers: 3
[5.105s][debug][gc,phases         ] GC(95)         Total                          Min: 0, Avg:  0.0, Max: 0, Diff: 0, Sum: 0, Workers: 3
[5.105s][debug][gc,phases         ] GC(95)       StringTable Weak               Min:  0.0, Avg:  0.0, Max:  0.0, Diff:  0.0, Sum:  0.0, Workers: 3
[5.105s][debug][gc,phases         ] GC(95)         Dead                           Min: 0, Avg:  0.0, Max: 0, Diff: 0, Sum: 0, Workers: 3
[5.105s][debug][gc,phases         ] GC(95)         Total                          Min: 729, Avg: 819.0, Max: 896, Diff: 167, Sum: 2457, Workers: 3
[5.105s][debug][gc,phases         ] GC(95)       ResolvedMethodTable Weak       Min:  0.0, Avg:  0.0, Max:  0.0, Diff:  0.0, Sum:  0.0, Workers: 3
[5.105s][debug][gc,phases         ] GC(95)         Dead                           Min: 0, Avg:  0.0, Max: 0, Diff: 0, Sum: 0, Workers: 3
[5.105s][debug][gc,phases         ] GC(95)         Total                          Min: 0, Avg: 45.7, Max: 73, Diff: 73, Sum: 137, Workers: 3
[5.105s][debug][gc,phases         ] GC(95)       JNI Weak                       Min:  0.0, Avg:  0.0, Max:  0.0, Diff:  0.0, Sum:  0.0, Workers: 3
[5.105s][debug][gc,phases         ] GC(95)         Dead                           Min: 0, Avg:  0.0, Max: 0, Diff: 0, Sum: 0, Workers: 3
[5.105s][debug][gc,phases         ] GC(95)         Total                          Min: 0, Avg:  0.0, Max: 0, Diff: 0, Sum: 0, Workers: 3
[5.105s][debug][gc,phases         ] GC(95)       StringDedup Table Weak         Min:  0.0, Avg:  0.0, Max:  0.0, Diff:  0.0, Sum:  0.0, Workers: 3
[5.105s][debug][gc,phases         ] GC(95)         Dead                           Min: 0, Avg:  0.0, Max: 0, Diff: 0, Sum: 0, Workers: 3
[5.105s][debug][gc,phases         ] GC(95)         Total                          Min: 0, Avg:  0.0, Max: 0, Diff: 0, Sum: 0, Workers: 3
[5.105s][debug][gc,phases         ] GC(95)       StringDedup Requests0 Weak     Min:  0.0, Avg:  0.0, Max:  0.0, Diff:  0.0, Sum:  0.0, Workers: 3
[5.105s][debug][gc,phases         ] GC(95)         Dead                           Min: 0, Avg:  0.0, Max: 0, Diff: 0, Sum: 0, Workers: 3
[5.105s][debug][gc,phases         ] GC(95)         Total                          Min: 0, Avg:  0.0, Max: 0, Diff: 0, Sum: 0, Workers: 3
[5.105s][debug][gc,phases         ] GC(95)       StringDedup Requests1 Weak     Min:  0.0, Avg:  0.0, Max:  0.0, Diff:  0.0, Sum:  0.0, Workers: 3
[5.105s][debug][gc,phases         ] GC(95)         Dead                           Min: 0, Avg:  0.0, Max: 0, Diff: 0, Sum: 0, Workers: 3
[5.105s][debug][gc,phases         ] GC(95)         Total                          Min: 0, Avg:  0.0, Max: 0, Diff: 0, Sum: 0, Workers: 3
[5.105s][debug][gc,phases         ] GC(95)       Weak JFR Old Object Samples    Min:  0.0, Avg:  0.0, Max:  0.0, Diff:  0.0, Sum:  0.0, Workers: 3
[5.105s][debug][gc,phases         ] GC(95)         Dead                           Min: 0, Avg:  0.0, Max: 0, Diff: 0, Sum: 0, Workers: 3
[5.105s][debug][gc,phases         ] GC(95)         Total                          Min: 0, Avg:  0.0, Max: 0, Diff: 0, Sum: 0, Workers: 3
[5.105s][debug][gc,phases         ] GC(95)     Post Evacuate Cleanup 1: 0.1ms
[5.105s][debug][gc,phases         ] GC(95)       Merge Per-Thread State (ms):   Min:  0.0, Avg:  0.0, Max:  0.0, Diff:  0.0, Sum:  0.0, Workers: 1
[5.105s][debug][gc,phases         ] GC(95)         Copied Bytes                   Min: 3001712, Avg: 3133848.0, Max: 3282672, Diff: 280960, Sum: 12535392, Workers: 4
[5.105s][debug][gc,phases         ] GC(95)         LAB Waste                      Min: 176, Avg: 270.0, Max: 368, Diff: 192, Sum: 1080, Workers: 4
[5.105s][debug][gc,phases         ] GC(95)         LAB Undo Waste                 Min: 0, Avg:  0.0, Max: 0, Diff: 0, Sum: 0, Workers: 4
[5.105s][debug][gc,phases         ] GC(95)       Clear Logged Cards (ms):       Min:  0.0, Avg:  0.0, Max:  0.0, Diff:  0.0, Sum:  0.0, Workers: 3
[5.105s][debug][gc,phases         ] GC(95)       Recalculate Used Memory (ms):  Min:  0.0, Avg:  0.0, Max:  0.0, Diff:  0.0, Sum:  0.0, Workers: 1
[5.105s][debug][gc,phases         ] GC(95)     Post Evacuate Cleanup 2: 0.1ms
[5.105s][debug][gc,phases         ] GC(95)       Reset Hot Card Cache (ms):     Min:  0.0, Avg:  0.0, Max:  0.0, Diff:  0.0, Sum:  0.0, Workers: 1
[5.105s][debug][gc,phases         ] GC(95)       Purge Code Roots (ms):         Min:  0.0, Avg:  0.0, Max:  0.0, Diff:  0.0, Sum:  0.0, Workers: 1
[5.105s][debug][gc,phases         ] GC(95)       Update Derived Pointers (ms):  Min:  0.0, Avg:  0.0, Max:  0.0, Diff:  0.0, Sum:  0.0, Workers: 1
[5.105s][debug][gc,phases         ] GC(95)       Eagerly Reclaim Humongous Objects (ms): Min:  0.0, Avg:  0.0, Max:  0.0, Diff:  0.0, Sum:  0.0, Workers: 1
[5.105s][debug][gc,phases         ] GC(95)         Humongous Total                Min: 1, Avg:  1.0, Max: 1, Diff: 0, Sum: 1, Workers: 1
[5.105s][debug][gc,phases         ] GC(95)         Humongous Candidates           Min: 0, Avg:  0.0, Max: 0, Diff: 0, Sum: 0, Workers: 1
[5.105s][debug][gc,phases         ] GC(95)         Humongous Reclaimed            Min: 0, Avg:  0.0, Max: 0, Diff: 0, Sum: 0, Workers: 1
[5.105s][debug][gc,phases         ] GC(95)       Redirty Logged Cards (ms):     Min:  0.0, Avg:  0.0, Max:  0.0, Diff:  0.0, Sum:  0.0, Workers: 4
[5.105s][debug][gc,phases         ] GC(95)         Redirtied Cards:               Min: 0, Avg: 256.5, Max: 790, Diff: 790, Sum: 1026, Workers: 4
[5.105s][debug][gc,phases         ] GC(95)       Free Collection Set (ms):      Min:  0.0, Avg:  0.0, Max:  0.0, Diff:  0.0, Sum:  0.0, Workers: 4
[5.105s][debug][gc,phases         ] GC(95)     Rebuild Free List: 0.1ms
[5.105s][debug][gc,phases         ] GC(95)     Start New Collection Set: 0.0ms
[5.105s][debug][gc,phases         ] GC(95)     Resize TLABs: 0.0ms
[5.105s][debug][gc,phases         ] GC(95)     Expand Heap After Collection: 0.0ms
[5.105s][info ][gc,phases         ] GC(95)   Other: 0.7ms
[5.105s][info ][gc,heap           ] GC(95) Eden regions: 10->0(10)
[5.105s][info ][gc,heap           ] GC(95) Survivor regions: 2->2(2)
[5.105s][info ][gc,heap           ] GC(95) Old regions: 174->185
[5.105s][info ][gc,heap           ] GC(95) Archive regions: 0->0
[5.105s][info ][gc,heap           ] GC(95) Humongous regions: 36->36
[5.105s][info ][gc,metaspace      ] GC(95) Metaspace: 471K(640K)->471K(640K) NonClass: 438K(512K)->438K(512K) Class: 33K(128K)->33K(128K)
[5.105s][debug][gc,heap           ] GC(95) Heap after GC invocations=90 (full 4):
[5.105s][debug][gc,heap           ] GC(95)  garbage-first heap   total 262144K, used 228196K [0x00000000f0000000, 0x0000000100000000)
[5.105s][debug][gc,heap           ] GC(95)   region size 1024K, 2 young (2048K), 2 survivors (2048K)
[5.106s][debug][gc,heap           ] GC(95)  Metaspace       used 471K, committed 640K, reserved 1056768K
[5.106s][debug][gc,heap           ] GC(95)   class space    used 33K, committed 128K, reserved 1048576K
[5.106s][info ][gc                ] GC(95) Pause Young (Normal) (G1 Evacuation Pause) 221M->222M(256M) 18.858ms
[5.106s][info ][gc,cpu            ] GC(95) User=0.06s Sys=0.00s Real=0.02s
[5.123s][debug][gc,heap           ] GC(96) Heap before GC invocations=90 (full 4):
[5.123s][debug][gc,heap           ] GC(96)  garbage-first heap   total 262144K, used 238436K [0x00000000f0000000, 0x0000000100000000)
[5.123s][debug][gc,heap           ] GC(96)   region size 1024K, 12 young (12288K), 2 survivors (2048K)
[5.123s][debug][gc,heap           ] GC(96)  Metaspace       used 471K, committed 640K, reserved 1056768K
[5.123s][debug][gc,heap           ] GC(96)   class space    used 33K, committed 128K, reserved 1048576K
[5.123s][info ][gc,start          ] GC(96) Pause Young (Normal) (G1 Evacuation Pause)
[5.123s][info ][gc,task           ] GC(96) Using 4 workers of 4 for evacuation
[5.123s][debug][gc,tlab           ] GC(96) TLAB totals: thrds: 1  refills: 60 max: 60 slow allocs: 0 max 0 waste:  0.3% gc: 0B max: 0B slow: 34960B max: 34960B
[5.123s][debug][gc,age            ] GC(96) Desired survivor size 1048576 bytes, new threshold 1 (max threshold 15)
[5.123s][debug][gc,refine,stats   ] GC(96) Mutator refinement: 0.00ms, refined: 0, precleaned: 0, dirtied: 5096
[5.123s][debug][gc,refine,stats   ] GC(96) Concurrent refinement: 0.00ms, refined: 0, precleaned: 0, dirtied: 0
[5.123s][debug][gc,refine,stats   ] GC(96) Total refinement: 0.00ms, refined: 0, precleaned: 0, dirtied: 5096
[5.123s][debug][gc,refine,stats   ] GC(96) Generate dirty cards rate: 258.05 cards/ms
[5.123s][debug][gc,alloc,region   ] GC(96) Mutator Allocation stats, regions: 10, wasted size: 16080B ( 0.2%)
[5.123s][debug][gc,humongous      ] GC(96) Humongous region 173 (object size 36920416 @ 0x00000000fad00000) remset 0 code roots 0 marked 1 reclaim candidate 0 type array 0
[5.123s][debug][gc,ergo           ] GC(96) Running G1 Merge Heap Roots using 4 workers for 12 regions
[5.123s][debug][gc,remset         ] GC(96) Visited cards 6912 Total dirty 12288 (56.25%) Total old 501760 (1.38%)
[5.140s][debug][gc,ref            ] GC(96) Skipped phase 1 of Reference Processing: no references
[5.140s][debug][gc,task,start     ] G1 Service Thread (Periodic GC Task) (run)
[5.140s][debug][gc,ref            ] GC(96) Skipped phase 2 of Reference Processing: no references
[5.140s][debug][gc,task           ] G1 Service Thread (Periodic GC Task) (run) 0.119ms (cpu: 0.000ms)
[5.140s][debug][gc,ref            ] GC(96) Skipped phase 3 of Reference Processing: no references
[5.140s][debug][gc,task,start     ] G1 Service Thread (Remembered Set Sampling Task) (run)
[5.140s][debug][gc,ref            ] GC(96) Skipped phase 4 of Reference Processing: no references
[5.140s][debug][gc,ergo           ] GC(96) Running G1 Rebuild Free List Task using 4 workers for rebuilding free list of regions
[5.140s][debug][gc,plab           ] GC(96) Young PLAB allocation: allocated: 2097152B, wasted: 480B, unused: 0B, used: 2096672B, undo waste: 0B, 
[5.140s][debug][gc,plab           ] GC(96) Young other allocation: region end waste: 0B, regions filled: 2, direct allocated: 0B, failure used: 0B, failure wasted: 0B
[5.140s][debug][gc,plab           ] GC(96) Young sizing: calculated: 419328B, actual: 420408B
[5.140s][debug][gc,plab           ] GC(96) Old PLAB allocation: allocated: 11650128B, wasted: 608B, unused: 1214800B, used: 10434720B, undo waste: 0B, 
[5.140s][debug][gc,plab           ] GC(96) Old other allocation: region end waste: 0B, regions filled: 12, direct allocated: 0B, failure used: 0B, failure wasted: 0B
[5.140s][debug][gc,plab           ] GC(96) Old sizing: calculated: 2086944B, actual: 2067776B
[5.140s][debug][gc,ergo,heap      ] GC(96) Heap expansion: short term pause time ratio 48.00% long term pause time ratio 37.53% threshold 7.69% pause time ratio 7.69% fully expanded true resize by 0B
[5.140s][debug][gc,mmu            ] GC(96) MMU: 90.6ms (200.0ms/201.0ms)
[5.140s][debug][gc,alloc,stats    ] Old generation allocation in the last mutator period, old gen allocated: 11650128B, humongous allocated: 0B,old gen growth: 11650128B.
[5.140s][debug][gc,ihop           ] GC(96) Basic information (value update), threshold: 120795955B (45.00), target occupancy: 268435456B, current occupancy: 245323760B, recent allocation size: 11650128B, recent allocation duration: 19.75ms, recent old gen allocation rate: 589927690.34B/s, recent marking phase length: 0.00ms
[5.140s][debug][gc,ihop           ] GC(96) Adaptive IHOP information (value update), threshold: 120795955B (52.94), internal target occupancy: 228170137B, occupancy: 245323760B, additional buffer size: 12582912B, predicted old gen allocation rate: 568270789.56B/s, predicted marking phase length: 0.00ms, prediction active: false
[5.140s][debug][gc,ergo,refine    ] GC(96) Concurrent refinement times: Logged Cards Scan time goal: 20.00ms Logged Cards Scan time: 2.36ms HCC time: 0.00ms
[5.140s][debug][gc,ergo,refine    ] GC(96) Updated Refinement Zones: green: 23679, yellow: 71037, red: 118395
[5.140s][info ][gc,phases         ] GC(96)   Pre Evacuate Collection Set: 0.1ms
[5.140s][debug][gc,phases         ] GC(96)     Prepare TLABs: 0.0ms
[5.140s][debug][gc,phases         ] GC(96)     Concatenate Dirty Card Logs: 0.0ms
[5.140s][debug][gc,phases         ] GC(96)     Choose Collection Set: 0.0ms
[5.140s][debug][gc,phases         ] GC(96)     Region Register: 0.1ms
[5.140s][debug][gc,phases         ] GC(96)     Prepare Heap Roots: 0.0ms
[5.140s][info ][gc,phases         ] GC(96)   Merge Heap Roots: 0.1ms
[5.141s][debug][gc,phases         ] GC(96)     Prepare Merge Heap Roots: 0.0ms
[5.141s][debug][gc,phases         ] GC(96)     Eager Reclaim (ms):            skipped
[5.141s][debug][gc,phases         ] GC(96)     Remembered Sets (ms):          Min:  0.0, Avg:  0.0, Max:  0.0, Diff:  0.0, Sum:  0.0, Workers: 4
[5.141s][debug][gc,phases         ] GC(96)       Merged Sparse:                 Min: 0, Avg:  0.0, Max: 0, Diff: 0, Sum: 0, Workers: 4
[5.141s][debug][gc,phases         ] GC(96)       Merged Fine:                   Min: 0, Avg:  0.0, Max: 0, Diff: 0, Sum: 0, Workers: 4
[5.141s][debug][gc,phases         ] GC(96)       Merged Coarse:                 Min: 0, Avg:  0.0, Max: 0, Diff: 0, Sum: 0, Workers: 4
[5.141s][debug][gc,phases         ] GC(96)       Dirty Cards:                   Min: 0, Avg:  0.0, Max: 0, Diff: 0, Sum: 0, Workers: 4
[5.141s][debug][gc,phases         ] GC(96)     Hot Card Cache (ms):           Min:  0.0, Avg:  0.0, Max:  0.0, Diff:  0.0, Sum:  0.0, Workers: 4
[5.141s][debug][gc,phases         ] GC(96)       Dirty Cards:                   Min: 0, Avg:  0.0, Max: 0, Diff: 0, Sum: 0, Workers: 4
[5.141s][debug][gc,phases         ] GC(96)       Skipped Cards:                 Min: 0, Avg:  0.0, Max: 0, Diff: 0, Sum: 0, Workers: 4
[5.141s][debug][gc,phases         ] GC(96)     Log Buffers (ms):              Min:  0.0, Avg:  0.0, Max:  0.0, Diff:  0.0, Sum:  0.1, Workers: 4
[5.141s][debug][gc,phases         ] GC(96)       Dirty Cards:                   Min: 0, Avg: 1524.5, Max: 2550, Diff: 2550, Sum: 6098, Workers: 4
[5.141s][debug][gc,phases         ] GC(96)       Skipped Cards:                 Min: 0, Avg:  0.0, Max: 0, Diff: 0, Sum: 0, Workers: 4
[5.141s][info ][gc,phases         ] GC(96)   Evacuate Collection Set: 16.0ms
[5.141s][debug][gc,phases         ] GC(96)     Ext Root Scanning (ms):        Min:  0.0, Avg:  0.0, Max:  0.0, Diff:  0.0, Sum:  0.1, Workers: 4
[5.141s][debug][gc,phases         ] GC(96)     Scan Heap Roots (ms):          Min:  1.9, Avg:  2.3, Max:  3.0, Diff:  1.1, Sum:  9.4, Workers: 4
[5.141s][debug][gc,phases         ] GC(96)       Scanned Cards:                 Min: 1316, Avg: 1530.5, Max: 1754, Diff: 438, Sum: 6122, Workers: 4
[5.141s][debug][gc,phases         ] GC(96)       Scanned Blocks:                Min: 6, Avg:  6.8, Max: 8, Diff: 2, Sum: 27, Workers: 4
[5.141s][debug][gc,phases         ] GC(96)       Claimed Chunks:                Min: 6, Avg:  6.8, Max: 8, Diff: 2, Sum: 27, Workers: 4
[5.141s][debug][gc,phases         ] GC(96)     Code Root Scan (ms):           Min:  0.0, Avg:  0.0, Max:  0.0, Diff:  0.0, Sum:  0.0, Workers: 4
[5.141s][debug][gc,phases         ] GC(96)     Object Copy (ms):              Min: 12.9, Avg: 13.4, Max: 13.8, Diff:  0.8, Sum: 53.4, Workers: 4
[5.141s][debug][gc,phases         ] GC(96)     Termination (ms):              Min:  0.0, Avg:  0.0, Max:  0.0, Diff:  0.0, Sum:  0.0, Workers: 4
[5.141s][debug][gc,phases         ] GC(96)       Termination Attempts:          Min: 1, Avg:  1.0, Max: 1, Diff: 0, Sum: 4, Workers: 4
[5.141s][debug][gc,phases         ] GC(96)     GC Worker Other (ms):          Min:  0.0, Avg:  0.0, Max:  0.0, Diff:  0.0, Sum:  0.0, Workers: 4
[5.141s][debug][gc,phases         ] GC(96)     GC Worker Total (ms):          Min: 15.1, Avg: 15.7, Max: 16.0, Diff:  0.9, Sum: 62.9, Workers: 4
[5.141s][info ][gc,phases         ] GC(96)   Post Evacuate Collection Set: 0.6ms
[5.141s][debug][gc,phases         ] GC(96)     Code Roots Fixup: 0.0ms
[5.141s][debug][gc,phases         ] GC(96)     Reference Processing: 0.4ms
[5.141s][debug][gc,phases,ref     ] GC(96)       Reconsider SoftReferences: 0.1ms
[5.141s][debug][gc,phases,ref     ] GC(96)         SoftRef (ms):                  skipped
[5.141s][debug][gc,phases,ref     ] GC(96)       Notify Soft/WeakReferences: 0.1ms
[5.141s][debug][gc,phases,ref     ] GC(96)         SoftRef (ms):                  skipped
[5.141s][debug][gc,phases,ref     ] GC(96)         WeakRef (ms):                  skipped
[5.141s][debug][gc,phases,ref     ] GC(96)         FinalRef (ms):                 skipped
[5.141s][debug][gc,phases,ref     ] GC(96)         Total (ms):                    skipped
[5.141s][debug][gc,phases,ref     ] GC(96)       Notify and keep alive finalizable: 0.1ms
[5.141s][debug][gc,phases,ref     ] GC(96)         FinalRef (ms):                 skipped
[5.141s][debug][gc,phases,ref     ] GC(96)       Notify PhantomReferences: 0.1ms
[5.141s][debug][gc,phases,ref     ] GC(96)         PhantomRef (ms):               skipped
[5.141s][debug][gc,phases,ref     ] GC(96)       SoftReference:
[5.141s][debug][gc,phases,ref     ] GC(96)         Discovered: 0
[5.141s][debug][gc,phases,ref     ] GC(96)         Cleared: 0
[5.141s][debug][gc,phases,ref     ] GC(96)       WeakReference:
[5.141s][debug][gc,phases,ref     ] GC(96)         Discovered: 0
[5.141s][debug][gc,phases,ref     ] GC(96)         Cleared: 0
[5.141s][debug][gc,phases,ref     ] GC(96)       FinalReference:
[5.141s][debug][gc,phases,ref     ] GC(96)         Discovered: 0
[5.141s][debug][gc,phases,ref     ] GC(96)         Cleared: 0
[5.141s][debug][gc,phases,ref     ] GC(96)       PhantomReference:
[5.141s][debug][gc,phases,ref     ] GC(96)         Discovered: 0
[5.141s][debug][gc,phases,ref     ] GC(96)         Cleared: 0
[5.141s][debug][gc,phases         ] GC(96)     Weak Processing: 0.0ms
[5.141s][debug][gc,phases         ] GC(96)       VM Weak                        Min:  0.0, Avg:  0.0, Max:  0.0, Diff:  0.0, Sum:  0.0, Workers: 3
[5.141s][debug][gc,phases         ] GC(96)         Dead                           Min: 0, Avg:  0.0, Max: 0, Diff: 0, Sum: 0, Workers: 3
[5.141s][debug][gc,phases         ] GC(96)         Total                          Min: 0, Avg:  2.7, Max: 8, Diff: 8, Sum: 8, Workers: 3
[5.141s][debug][gc,phases         ] GC(96)       ObjectSynchronizer Weak        Min:  0.0, Avg:  0.0, Max:  0.0, Diff:  0.0, Sum:  0.0, Workers: 3
[5.141s][debug][gc,phases         ] GC(96)         Dead                           Min: 0, Avg:  0.0, Max: 0, Diff: 0, Sum: 0, Workers: 3
[5.141s][debug][gc,phases         ] GC(96)         Total                          Min: 0, Avg:  1.0, Max: 3, Diff: 3, Sum: 3, Workers: 3
[5.141s][debug][gc,phases         ] GC(96)       JVMTI Tag Weak OopStorage      Min:  0.0, Avg:  0.0, Max:  0.0, Diff:  0.0, Sum:  0.0, Workers: 3
[5.142s][debug][gc,phases         ] GC(96)         Dead                           Min: 0, Avg:  0.0, Max: 0, Diff: 0, Sum: 0, Workers: 3
[5.142s][debug][gc,phases         ] GC(96)         Total                          Min: 0, Avg:  0.0, Max: 0, Diff: 0, Sum: 0, Workers: 3
[5.142s][debug][gc,phases         ] GC(96)       StringTable Weak               Min:  0.0, Avg:  0.0, Max:  0.0, Diff:  0.0, Sum:  0.0, Workers: 3
[5.142s][debug][gc,phases         ] GC(96)         Dead                           Min: 0, Avg:  0.0, Max: 0, Diff: 0, Sum: 0, Workers: 3
[5.142s][debug][gc,phases         ] GC(96)         Total                          Min: 768, Avg: 819.0, Max: 857, Diff: 89, Sum: 2457, Workers: 3
[5.142s][debug][gc,phases         ] GC(96)       ResolvedMethodTable Weak       Min:  0.0, Avg:  0.0, Max:  0.0, Diff:  0.0, Sum:  0.0, Workers: 3
[5.142s][debug][gc,phases         ] GC(96)         Dead                           Min: 0, Avg:  0.0, Max: 0, Diff: 0, Sum: 0, Workers: 3
[5.142s][debug][gc,phases         ] GC(96)         Total                          Min: 9, Avg: 45.7, Max: 64, Diff: 55, Sum: 137, Workers: 3
[5.142s][debug][gc,phases         ] GC(96)       JNI Weak                       Min:  0.0, Avg:  0.0, Max:  0.0, Diff:  0.0, Sum:  0.0, Workers: 3
[5.142s][debug][gc,phases         ] GC(96)         Dead                           Min: 0, Avg:  0.0, Max: 0, Diff: 0, Sum: 0, Workers: 3
[5.142s][debug][gc,phases         ] GC(96)         Total                          Min: 0, Avg:  0.0, Max: 0, Diff: 0, Sum: 0, Workers: 3
[5.142s][debug][gc,phases         ] GC(96)       StringDedup Table Weak         Min:  0.0, Avg:  0.0, Max:  0.0, Diff:  0.0, Sum:  0.0, Workers: 3
[5.142s][debug][gc,phases         ] GC(96)         Dead                           Min: 0, Avg:  0.0, Max: 0, Diff: 0, Sum: 0, Workers: 3
[5.142s][debug][gc,phases         ] GC(96)         Total                          Min: 0, Avg:  0.0, Max: 0, Diff: 0, Sum: 0, Workers: 3
[5.142s][debug][gc,phases         ] GC(96)       StringDedup Requests0 Weak     Min:  0.0, Avg:  0.0, Max:  0.0, Diff:  0.0, Sum:  0.0, Workers: 3
[5.142s][debug][gc,phases         ] GC(96)         Dead                           Min: 0, Avg:  0.0, Max: 0, Diff: 0, Sum: 0, Workers: 3
[5.142s][debug][gc,phases         ] GC(96)         Total                          Min: 0, Avg:  0.0, Max: 0, Diff: 0, Sum: 0, Workers: 3
[5.142s][debug][gc,phases         ] GC(96)       StringDedup Requests1 Weak     Min:  0.0, Avg:  0.0, Max:  0.0, Diff:  0.0, Sum:  0.0, Workers: 3
[5.142s][debug][gc,phases         ] GC(96)         Dead                           Min: 0, Avg:  0.0, Max: 0, Diff: 0, Sum: 0, Workers: 3
[5.142s][debug][gc,phases         ] GC(96)         Total                          Min: 0, Avg:  0.0, Max: 0, Diff: 0, Sum: 0, Workers: 3
[5.142s][debug][gc,phases         ] GC(96)       Weak JFR Old Object Samples    Min:  0.0, Avg:  0.0, Max:  0.0, Diff:  0.0, Sum:  0.0, Workers: 3
[5.142s][debug][gc,phases         ] GC(96)         Dead                           Min: 0, Avg:  0.0, Max: 0, Diff: 0, Sum: 0, Workers: 3
[5.142s][debug][gc,phases         ] GC(96)         Total                          Min: 0, Avg:  0.0, Max: 0, Diff: 0, Sum: 0, Workers: 3
[5.142s][debug][gc,phases         ] GC(96)     Post Evacuate Cleanup 1: 0.0ms
[5.142s][debug][gc,phases         ] GC(96)       Merge Per-Thread State (ms):   Min:  0.0, Avg:  0.0, Max:  0.0, Diff:  0.0, Sum:  0.0, Workers: 1
[5.142s][debug][gc,phases         ] GC(96)         Copied Bytes                   Min: 2820208, Avg: 3132848.0, Max: 3568256, Diff: 748048, Sum: 12531392, Workers: 4
[5.142s][debug][gc,phases         ] GC(96)         LAB Waste                      Min: 136, Avg: 272.0, Max: 384, Diff: 248, Sum: 1088, Workers: 4
[5.142s][debug][gc,phases         ] GC(96)         LAB Undo Waste                 Min: 0, Avg:  0.0, Max: 0, Diff: 0, Sum: 0, Workers: 4
[5.142s][debug][gc,phases         ] GC(96)       Clear Logged Cards (ms):       Min:  0.0, Avg:  0.0, Max:  0.0, Diff:  0.0, Sum:  0.0, Workers: 3
[5.142s][debug][gc,phases         ] GC(96)       Recalculate Used Memory (ms):  Min:  0.0, Avg:  0.0, Max:  0.0, Diff:  0.0, Sum:  0.0, Workers: 1
[5.142s][debug][gc,phases         ] GC(96)     Post Evacuate Cleanup 2: 0.0ms
[5.142s][debug][gc,phases         ] GC(96)       Reset Hot Card Cache (ms):     Min:  0.0, Avg:  0.0, Max:  0.0, Diff:  0.0, Sum:  0.0, Workers: 1
[5.142s][debug][gc,phases         ] GC(96)       Purge Code Roots (ms):         Min:  0.0, Avg:  0.0, Max:  0.0, Diff:  0.0, Sum:  0.0, Workers: 1
[5.142s][debug][gc,phases         ] GC(96)       Update Derived Pointers (ms):  Min:  0.0, Avg:  0.0, Max:  0.0, Diff:  0.0, Sum:  0.0, Workers: 1
[5.142s][debug][gc,phases         ] GC(96)       Eagerly Reclaim Humongous Objects (ms): Min:  0.0, Avg:  0.0, Max:  0.0, Diff:  0.0, Sum:  0.0, Workers: 1
[5.142s][debug][gc,phases         ] GC(96)         Humongous Total                Min: 1, Avg:  1.0, Max: 1, Diff: 0, Sum: 1, Workers: 1
[5.142s][debug][gc,phases         ] GC(96)         Humongous Candidates           Min: 0, Avg:  0.0, Max: 0, Diff: 0, Sum: 0, Workers: 1
[5.142s][debug][gc,phases         ] GC(96)         Humongous Reclaimed            Min: 0, Avg:  0.0, Max: 0, Diff: 0, Sum: 0, Workers: 1
[5.142s][debug][gc,phases         ] GC(96)       Redirty Logged Cards (ms):     Min:  0.0, Avg:  0.0, Max:  0.0, Diff:  0.0, Sum:  0.0, Workers: 4
[5.142s][debug][gc,phases         ] GC(96)         Redirtied Cards:               Min: 0, Avg: 256.8, Max: 514, Diff: 514, Sum: 1027, Workers: 4
[5.142s][debug][gc,phases         ] GC(96)       Free Collection Set (ms):      Min:  0.0, Avg:  0.0, Max:  0.0, Diff:  0.0, Sum:  0.0, Workers: 4
[5.142s][debug][gc,phases         ] GC(96)     Rebuild Free List: 0.1ms
[5.142s][debug][gc,phases         ] GC(96)     Start New Collection Set: 0.0ms
[5.142s][debug][gc,phases         ] GC(96)     Resize TLABs: 0.0ms
[5.142s][debug][gc,phases         ] GC(96)     Expand Heap After Collection: 0.0ms
[5.142s][info ][gc,phases         ] GC(96)   Other: 0.7ms
[5.142s][info ][gc,heap           ] GC(96) Eden regions: 10->0(10)
[5.142s][info ][gc,heap           ] GC(96) Survivor regions: 2->2(2)
[5.142s][info ][gc,heap           ] GC(96) Old regions: 185->196
[5.142s][info ][gc,heap           ] GC(96) Archive regions: 0->0
[5.142s][info ][gc,heap           ] GC(96) Humongous regions: 36->36
[5.142s][info ][gc,metaspace      ] GC(96) Metaspace: 471K(640K)->471K(640K) NonClass: 438K(512K)->438K(512K) Class: 33K(128K)->33K(128K)
[5.142s][debug][gc,heap           ] GC(96) Heap after GC invocations=91 (full 4):
[5.142s][debug][gc,heap           ] GC(96)  garbage-first heap   total 262144K, used 239573K [0x00000000f0000000, 0x0000000100000000)
[5.142s][debug][gc,heap           ] GC(96)   region size 1024K, 2 young (2048K), 2 survivors (2048K)
[5.142s][debug][gc,heap           ] GC(96)  Metaspace       used 471K, committed 640K, reserved 1056768K
[5.142s][debug][gc,heap           ] GC(96)   class space    used 33K, committed 128K, reserved 1048576K
[5.142s][info ][gc                ] GC(96) Pause Young (Normal) (G1 Evacuation Pause) 232M->233M(256M) 19.414ms
[5.142s][info ][gc,cpu            ] GC(96) User=0.06s Sys=0.00s Real=0.02s
[5.143s][debug][gc,task           ] G1 Service Thread (Remembered Set Sampling Task) (run) 2.737ms (cpu: 0.000ms)
[5.159s][debug][gc,ergo,cset      ] Preventive GC, insufficient free regions. Predicted need 14. Curr Eden 9 (Pred 11). Curr Survivor 2 (Pred 3). Curr Old 196 (Pred 0) Free 13 Alloc 1
[5.159s][debug][gc,heap           ] GC(97) Heap before GC invocations=91 (full 4):
[5.159s][debug][gc,heap           ] GC(97)  garbage-first heap   total 262144K, used 247765K [0x00000000f0000000, 0x0000000100000000)
[5.159s][debug][gc,heap           ] GC(97)   region size 1024K, 11 young (11264K), 2 survivors (2048K)
[5.159s][debug][gc,heap           ] GC(97)  Metaspace       used 471K, committed 640K, reserved 1056768K
[5.159s][debug][gc,heap           ] GC(97)   class space    used 33K, committed 128K, reserved 1048576K
[5.159s][info ][gc,start          ] GC(97) Pause Young (Normal) (G1 Preventive Collection)
[5.159s][info ][gc,task           ] GC(97) Using 4 workers of 4 for evacuation
[5.159s][debug][gc,tlab           ] GC(97) TLAB totals: thrds: 1  refills: 63 max: 63 slow allocs: 0 max 0 waste:  0.4% gc: 0B max: 0B slow: 36720B max: 36720B
[5.159s][debug][gc,age            ] GC(97) Desired survivor size 1048576 bytes, new threshold 1 (max threshold 15)
[5.159s][debug][gc,refine,stats   ] GC(97) Mutator refinement: 0.00ms, refined: 0, precleaned: 0, dirtied: 4591
[5.159s][debug][gc,refine,stats   ] GC(97) Concurrent refinement: 0.00ms, refined: 0, precleaned: 0, dirtied: 0
[5.159s][debug][gc,refine,stats   ] GC(97) Total refinement: 0.00ms, refined: 0, precleaned: 0, dirtied: 4591
[5.159s][debug][gc,refine,stats   ] GC(97) Generate dirty cards rate: 243.43 cards/ms
[5.159s][debug][gc,alloc,region   ] GC(97) Mutator Allocation stats, regions: 9, wasted size: 0B ( 0.0%)
[5.159s][debug][gc,humongous      ] GC(97) Humongous region 173 (object size 36920416 @ 0x00000000fad00000) remset 0 code roots 0 marked 1 reclaim candidate 0 type array 0
[5.159s][debug][gc,ergo           ] GC(97) Running G1 Merge Heap Roots using 4 workers for 11 regions
[5.159s][debug][gc,remset         ] GC(97) Visited cards 6400 Total dirty 12288 (52.08%) Total old 520192 (1.23%)
[5.174s][debug][gc,ref            ] GC(97) Skipped phase 1 of Reference Processing: no references
[5.174s][debug][gc,ref            ] GC(97) Skipped phase 2 of Reference Processing: no references
[5.174s][debug][gc,ref            ] GC(97) Skipped phase 3 of Reference Processing: no references
[5.174s][debug][gc,ref            ] GC(97) Skipped phase 4 of Reference Processing: no references
[5.174s][debug][gc,ergo           ] GC(97) Running G1 Rebuild Free List Task using 4 workers for rebuilding free list of regions
[5.174s][debug][gc,plab           ] GC(97) Young PLAB allocation: allocated: 2097152B, wasted: 480B, unused: 0B, used: 2096672B, undo waste: 0B, 
[5.174s][debug][gc,plab           ] GC(97) Young other allocation: region end waste: 0B, regions filled: 2, direct allocated: 0B, failure used: 0B, failure wasted: 0B
[5.174s][debug][gc,plab           ] GC(97) Young sizing: calculated: 419328B, actual: 419592B
[5.174s][debug][gc,plab           ] GC(97) Old PLAB allocation: allocated: 10514080B, wasted: 416B, unused: 1113200B, used: 9400464B, undo waste: 0B, 
[5.174s][debug][gc,plab           ] GC(97) Old other allocation: region end waste: 0B, regions filled: 11, direct allocated: 0B, failure used: 0B, failure wasted: 0B
[5.174s][debug][gc,plab           ] GC(97) Old sizing: calculated: 1880088B, actual: 1927008B
[5.174s][debug][gc,ergo,heap      ] GC(97) Heap expansion: short term pause time ratio 46.45% long term pause time ratio 38.67% threshold 7.69% pause time ratio 7.69% fully expanded true resize by 0B
[5.174s][debug][gc,mmu            ] GC(97) MMU: 81.7ms (200.0ms/201.0ms)
[5.174s][debug][gc,alloc,stats    ] Old generation allocation in the last mutator period, old gen allocated: 10514080B, humongous allocated: 0B,old gen growth: 10514080B.
[5.174s][debug][gc,ihop           ] GC(97) Basic information (value update), threshold: 120795955B (45.00), target occupancy: 268435456B, current occupancy: 255838192B, recent allocation size: 10514080B, recent allocation duration: 18.86ms, recent old gen allocation rate: 557489249.56B/s, recent marking phase length: 0.00ms
[5.174s][debug][gc,ihop           ] GC(97) Adaptive IHOP information (value update), threshold: 120795955B (52.94), internal target occupancy: 228170137B, occupancy: 255838192B, additional buffer size: 12582912B, predicted old gen allocation rate: 571254124.00B/s, predicted marking phase length: 0.00ms, prediction active: false
[5.175s][debug][gc,ergo,refine    ] GC(97) Concurrent refinement times: Logged Cards Scan time goal: 20.00ms Logged Cards Scan time: 2.01ms HCC time: 0.00ms
[5.175s][debug][gc,ergo,refine    ] GC(97) Updated Refinement Zones: green: 23679, yellow: 71037, red: 118395
[5.175s][info ][gc,phases         ] GC(97)   Pre Evacuate Collection Set: 0.1ms
[5.175s][debug][gc,phases         ] GC(97)     Prepare TLABs: 0.0ms
[5.175s][debug][gc,phases         ] GC(97)     Concatenate Dirty Card Logs: 0.0ms
[5.175s][debug][gc,phases         ] GC(97)     Choose Collection Set: 0.0ms
[5.175s][debug][gc,phases         ] GC(97)     Region Register: 0.1ms
[5.175s][debug][gc,phases         ] GC(97)     Prepare Heap Roots: 0.0ms
[5.175s][info ][gc,phases         ] GC(97)   Merge Heap Roots: 0.1ms
[5.175s][debug][gc,phases         ] GC(97)     Prepare Merge Heap Roots: 0.0ms
[5.175s][debug][gc,phases         ] GC(97)     Eager Reclaim (ms):            skipped
[5.175s][debug][gc,phases         ] GC(97)     Remembered Sets (ms):          Min:  0.0, Avg:  0.0, Max:  0.0, Diff:  0.0, Sum:  0.0, Workers: 4
[5.175s][debug][gc,phases         ] GC(97)       Merged Sparse:                 Min: 0, Avg:  0.0, Max: 0, Diff: 0, Sum: 0, Workers: 4
[5.175s][debug][gc,phases         ] GC(97)       Merged Fine:                   Min: 0, Avg:  0.0, Max: 0, Diff: 0, Sum: 0, Workers: 4
[5.175s][debug][gc,phases         ] GC(97)       Merged Coarse:                 Min: 0, Avg:  0.0, Max: 0, Diff: 0, Sum: 0, Workers: 4
[5.175s][debug][gc,phases         ] GC(97)       Dirty Cards:                   Min: 0, Avg:  0.0, Max: 0, Diff: 0, Sum: 0, Workers: 4
[5.175s][debug][gc,phases         ] GC(97)     Hot Card Cache (ms):           Min:  0.0, Avg:  0.0, Max:  0.0, Diff:  0.0, Sum:  0.0, Workers: 4
[5.175s][debug][gc,phases         ] GC(97)       Dirty Cards:                   Min: 0, Avg:  0.0, Max: 0, Diff: 0, Sum: 0, Workers: 4
[5.175s][debug][gc,phases         ] GC(97)       Skipped Cards:                 Min: 0, Avg:  0.0, Max: 0, Diff: 0, Sum: 0, Workers: 4
[5.175s][debug][gc,phases         ] GC(97)     Log Buffers (ms):              Min:  0.0, Avg:  0.0, Max:  0.0, Diff:  0.0, Sum:  0.1, Workers: 4
[5.175s][debug][gc,phases         ] GC(97)       Dirty Cards:                   Min: 1272, Avg: 1396.5, Max: 1530, Diff: 258, Sum: 5586, Workers: 4
[5.175s][debug][gc,phases         ] GC(97)       Skipped Cards:                 Min: 0, Avg:  0.0, Max: 0, Diff: 0, Sum: 0, Workers: 4
[5.175s][info ][gc,phases         ] GC(97)   Evacuate Collection Set: 14.4ms
[5.175s][debug][gc,phases         ] GC(97)     Ext Root Scanning (ms):        Min:  0.0, Avg:  0.0, Max:  0.0, Diff:  0.0, Sum:  0.1, Workers: 4
[5.175s][debug][gc,phases         ] GC(97)     Scan Heap Roots (ms):          Min:  1.8, Avg:  2.0, Max:  2.1, Diff:  0.4, Sum:  8.0, Workers: 4
[5.175s][debug][gc,phases         ] GC(97)       Scanned Cards:                 Min: 1280, Avg: 1404.5, Max: 1539, Diff: 259, Sum: 5618, Workers: 4
[5.175s][debug][gc,phases         ] GC(97)       Scanned Blocks:                Min: 5, Avg:  6.3, Max: 8, Diff: 3, Sum: 25, Workers: 4
[5.175s][debug][gc,phases         ] GC(97)       Claimed Chunks:                Min: 5, Avg:  6.3, Max: 8, Diff: 3, Sum: 25, Workers: 4
[5.175s][debug][gc,phases         ] GC(97)     Code Root Scan (ms):           Min:  0.0, Avg:  0.0, Max:  0.0, Diff:  0.0, Sum:  0.0, Workers: 4
[5.175s][debug][gc,phases         ] GC(97)     Object Copy (ms):              Min: 12.2, Avg: 12.3, Max: 12.6, Diff:  0.4, Sum: 49.3, Workers: 4
[5.175s][debug][gc,phases         ] GC(97)     Termination (ms):              Min:  0.0, Avg:  0.0, Max:  0.0, Diff:  0.0, Sum:  0.0, Workers: 4
[5.175s][debug][gc,phases         ] GC(97)       Termination Attempts:          Min: 1, Avg:  1.0, Max: 1, Diff: 0, Sum: 4, Workers: 4
[5.175s][debug][gc,phases         ] GC(97)     GC Worker Other (ms):          Min:  0.0, Avg:  0.0, Max:  0.0, Diff:  0.0, Sum:  0.0, Workers: 4
[5.175s][debug][gc,phases         ] GC(97)     GC Worker Total (ms):          Min: 14.3, Avg: 14.3, Max: 14.3, Diff:  0.0, Sum: 57.4, Workers: 4
[5.175s][info ][gc,phases         ] GC(97)   Post Evacuate Collection Set: 0.4ms
[5.175s][debug][gc,phases         ] GC(97)     Code Roots Fixup: 0.0ms
[5.175s][debug][gc,phases         ] GC(97)     Reference Processing: 0.2ms
[5.175s][debug][gc,phases,ref     ] GC(97)       Reconsider SoftReferences: 0.1ms
[5.175s][debug][gc,phases,ref     ] GC(97)         SoftRef (ms):                  skipped
[5.175s][debug][gc,phases,ref     ] GC(97)       Notify Soft/WeakReferences: 0.0ms
[5.175s][debug][gc,phases,ref     ] GC(97)         SoftRef (ms):                  skipped
[5.175s][debug][gc,phases,ref     ] GC(97)         WeakRef (ms):                  skipped
[5.175s][debug][gc,phases,ref     ] GC(97)         FinalRef (ms):                 skipped
[5.175s][debug][gc,phases,ref     ] GC(97)         Total (ms):                    skipped
[5.175s][debug][gc,phases,ref     ] GC(97)       Notify and keep alive finalizable: 0.0ms
[5.175s][debug][gc,phases,ref     ] GC(97)         FinalRef (ms):                 skipped
[5.175s][debug][gc,phases,ref     ] GC(97)       Notify PhantomReferences: 0.0ms
[5.175s][debug][gc,phases,ref     ] GC(97)         PhantomRef (ms):               skipped
[5.175s][debug][gc,phases,ref     ] GC(97)       SoftReference:
[5.176s][debug][gc,phases,ref     ] GC(97)         Discovered: 0
[5.176s][debug][gc,phases,ref     ] GC(97)         Cleared: 0
[5.176s][debug][gc,phases,ref     ] GC(97)       WeakReference:
[5.176s][debug][gc,phases,ref     ] GC(97)         Discovered: 0
[5.176s][debug][gc,phases,ref     ] GC(97)         Cleared: 0
[5.176s][debug][gc,phases,ref     ] GC(97)       FinalReference:
[5.176s][debug][gc,phases,ref     ] GC(97)         Discovered: 0
[5.176s][debug][gc,phases,ref     ] GC(97)         Cleared: 0
[5.176s][debug][gc,phases,ref     ] GC(97)       PhantomReference:
[5.176s][debug][gc,phases,ref     ] GC(97)         Discovered: 0
[5.176s][debug][gc,phases,ref     ] GC(97)         Cleared: 0
[5.176s][debug][gc,phases         ] GC(97)     Weak Processing: 0.0ms
[5.176s][debug][gc,phases         ] GC(97)       VM Weak                        Min:  0.0, Avg:  0.0, Max:  0.0, Diff:  0.0, Sum:  0.0, Workers: 3
[5.176s][debug][gc,phases         ] GC(97)         Dead                           Min: 0, Avg:  0.0, Max: 0, Diff: 0, Sum: 0, Workers: 3
[5.176s][debug][gc,phases         ] GC(97)         Total                          Min: 0, Avg:  2.7, Max: 8, Diff: 8, Sum: 8, Workers: 3
[5.176s][debug][gc,phases         ] GC(97)       ObjectSynchronizer Weak        Min:  0.0, Avg:  0.0, Max:  0.0, Diff:  0.0, Sum:  0.0, Workers: 3
[5.176s][debug][gc,phases         ] GC(97)         Dead                           Min: 0, Avg:  0.0, Max: 0, Diff: 0, Sum: 0, Workers: 3
[5.176s][debug][gc,phases         ] GC(97)         Total                          Min: 0, Avg:  1.0, Max: 3, Diff: 3, Sum: 3, Workers: 3
[5.176s][debug][gc,phases         ] GC(97)       JVMTI Tag Weak OopStorage      Min:  0.0, Avg:  0.0, Max:  0.0, Diff:  0.0, Sum:  0.0, Workers: 3
[5.176s][debug][gc,phases         ] GC(97)         Dead                           Min: 0, Avg:  0.0, Max: 0, Diff: 0, Sum: 0, Workers: 3
[5.176s][debug][gc,phases         ] GC(97)         Total                          Min: 0, Avg:  0.0, Max: 0, Diff: 0, Sum: 0, Workers: 3
[5.176s][debug][gc,phases         ] GC(97)       StringTable Weak               Min:  0.0, Avg:  0.0, Max:  0.0, Diff:  0.0, Sum:  0.0, Workers: 3
[5.176s][debug][gc,phases         ] GC(97)         Dead                           Min: 0, Avg:  0.0, Max: 0, Diff: 0, Sum: 0, Workers: 3
[5.176s][debug][gc,phases         ] GC(97)         Total                          Min: 768, Avg: 819.0, Max: 857, Diff: 89, Sum: 2457, Workers: 3
[5.176s][debug][gc,phases         ] GC(97)       ResolvedMethodTable Weak       Min:  0.0, Avg:  0.0, Max:  0.0, Diff:  0.0, Sum:  0.0, Workers: 3
[5.176s][debug][gc,phases         ] GC(97)         Dead                           Min: 0, Avg:  0.0, Max: 0, Diff: 0, Sum: 0, Workers: 3
[5.176s][debug][gc,phases         ] GC(97)         Total                          Min: 9, Avg: 45.7, Max: 64, Diff: 55, Sum: 137, Workers: 3
[5.176s][debug][gc,phases         ] GC(97)       JNI Weak                       Min:  0.0, Avg:  0.0, Max:  0.0, Diff:  0.0, Sum:  0.0, Workers: 3
[5.176s][debug][gc,phases         ] GC(97)         Dead                           Min: 0, Avg:  0.0, Max: 0, Diff: 0, Sum: 0, Workers: 3
[5.176s][debug][gc,phases         ] GC(97)         Total                          Min: 0, Avg:  0.0, Max: 0, Diff: 0, Sum: 0, Workers: 3
[5.176s][debug][gc,phases         ] GC(97)       StringDedup Table Weak         Min:  0.0, Avg:  0.0, Max:  0.0, Diff:  0.0, Sum:  0.0, Workers: 3
[5.176s][debug][gc,phases         ] GC(97)         Dead                           Min: 0, Avg:  0.0, Max: 0, Diff: 0, Sum: 0, Workers: 3
[5.176s][debug][gc,phases         ] GC(97)         Total                          Min: 0, Avg:  0.0, Max: 0, Diff: 0, Sum: 0, Workers: 3
[5.176s][debug][gc,phases         ] GC(97)       StringDedup Requests0 Weak     Min:  0.0, Avg:  0.0, Max:  0.0, Diff:  0.0, Sum:  0.0, Workers: 3
[5.176s][debug][gc,phases         ] GC(97)         Dead                           Min: 0, Avg:  0.0, Max: 0, Diff: 0, Sum: 0, Workers: 3
[5.176s][debug][gc,phases         ] GC(97)         Total                          Min: 0, Avg:  0.0, Max: 0, Diff: 0, Sum: 0, Workers: 3
[5.176s][debug][gc,phases         ] GC(97)       StringDedup Requests1 Weak     Min:  0.0, Avg:  0.0, Max:  0.0, Diff:  0.0, Sum:  0.0, Workers: 3
[5.176s][debug][gc,phases         ] GC(97)         Dead                           Min: 0, Avg:  0.0, Max: 0, Diff: 0, Sum: 0, Workers: 3
[5.176s][debug][gc,phases         ] GC(97)         Total                          Min: 0, Avg:  0.0, Max: 0, Diff: 0, Sum: 0, Workers: 3
[5.176s][debug][gc,phases         ] GC(97)       Weak JFR Old Object Samples    Min:  0.0, Avg:  0.0, Max:  0.0, Diff:  0.0, Sum:  0.0, Workers: 3
[5.176s][debug][gc,phases         ] GC(97)         Dead                           Min: 0, Avg:  0.0, Max: 0, Diff: 0, Sum: 0, Workers: 3
[5.176s][debug][gc,phases         ] GC(97)         Total                          Min: 0, Avg:  0.0, Max: 0, Diff: 0, Sum: 0, Workers: 3
[5.176s][debug][gc,phases         ] GC(97)     Post Evacuate Cleanup 1: 0.0ms
[5.176s][debug][gc,phases         ] GC(97)       Merge Per-Thread State (ms):   Min:  0.0, Avg:  0.0, Max:  0.0, Diff:  0.0, Sum:  0.0, Workers: 1
[5.176s][debug][gc,phases         ] GC(97)         Copied Bytes                   Min: 2761664, Avg: 2874284.0, Max: 3057552, Diff: 295888, Sum: 11497136, Workers: 4
[5.176s][debug][gc,phases         ] GC(97)         LAB Waste                      Min: 112, Avg: 224.0, Max: 320, Diff: 208, Sum: 896, Workers: 4
[5.176s][debug][gc,phases         ] GC(97)         LAB Undo Waste                 Min: 0, Avg:  0.0, Max: 0, Diff: 0, Sum: 0, Workers: 4
[5.176s][debug][gc,phases         ] GC(97)       Clear Logged Cards (ms):       Min:  0.0, Avg:  0.0, Max:  0.0, Diff:  0.0, Sum:  0.0, Workers: 3
[5.177s][debug][gc,phases         ] GC(97)       Recalculate Used Memory (ms):  Min:  0.0, Avg:  0.0, Max:  0.0, Diff:  0.0, Sum:  0.0, Workers: 1
[5.177s][debug][gc,phases         ] GC(97)     Post Evacuate Cleanup 2: 0.1ms
[5.177s][debug][gc,phases         ] GC(97)       Reset Hot Card Cache (ms):     Min:  0.0, Avg:  0.0, Max:  0.0, Diff:  0.0, Sum:  0.0, Workers: 1
[5.177s][debug][gc,phases         ] GC(97)       Purge Code Roots (ms):         Min:  0.0, Avg:  0.0, Max:  0.0, Diff:  0.0, Sum:  0.0, Workers: 1
[5.177s][debug][gc,phases         ] GC(97)       Update Derived Pointers (ms):  Min:  0.0, Avg:  0.0, Max:  0.0, Diff:  0.0, Sum:  0.0, Workers: 1
[5.177s][debug][gc,phases         ] GC(97)       Eagerly Reclaim Humongous Objects (ms): Min:  0.0, Avg:  0.0, Max:  0.0, Diff:  0.0, Sum:  0.0, Workers: 1
[5.177s][debug][gc,phases         ] GC(97)         Humongous Total                Min: 1, Avg:  1.0, Max: 1, Diff: 0, Sum: 1, Workers: 1
[5.177s][debug][gc,phases         ] GC(97)         Humongous Candidates           Min: 0, Avg:  0.0, Max: 0, Diff: 0, Sum: 0, Workers: 1
[5.177s][debug][gc,phases         ] GC(97)         Humongous Reclaimed            Min: 0, Avg:  0.0, Max: 0, Diff: 0, Sum: 0, Workers: 1
[5.177s][debug][gc,phases         ] GC(97)       Redirty Logged Cards (ms):     Min:  0.0, Avg:  0.0, Max:  0.0, Diff:  0.0, Sum:  0.0, Workers: 4
[5.177s][debug][gc,phases         ] GC(97)         Redirtied Cards:               Min: 0, Avg: 256.8, Max: 515, Diff: 515, Sum: 1027, Workers: 4
[5.177s][debug][gc,phases         ] GC(97)       Free Collection Set (ms):      Min:  0.0, Avg:  0.0, Max:  0.0, Diff:  0.0, Sum:  0.0, Workers: 4
[5.177s][debug][gc,phases         ] GC(97)     Rebuild Free List: 0.1ms
[5.177s][debug][gc,phases         ] GC(97)     Start New Collection Set: 0.0ms
[5.177s][debug][gc,phases         ] GC(97)     Resize TLABs: 0.0ms
[5.177s][debug][gc,phases         ] GC(97)     Expand Heap After Collection: 0.0ms
[5.177s][info ][gc,phases         ] GC(97)   Other: 0.7ms
[5.177s][info ][gc,heap           ] GC(97) Eden regions: 9->0(10)
[5.177s][info ][gc,heap           ] GC(97) Survivor regions: 2->2(2)
[5.177s][info ][gc,heap           ] GC(97) Old regions: 196->206
[5.177s][info ][gc,heap           ] GC(97) Archive regions: 0->0
[5.177s][info ][gc,heap           ] GC(97) Humongous regions: 36->36
[5.177s][info ][gc,metaspace      ] GC(97) Metaspace: 471K(640K)->471K(640K) NonClass: 438K(512K)->438K(512K) Class: 33K(128K)->33K(128K)
[5.177s][debug][gc,heap           ] GC(97) Heap after GC invocations=92 (full 4):
[5.177s][debug][gc,heap           ] GC(97)  garbage-first heap   total 262144K, used 249841K [0x00000000f0000000, 0x0000000100000000)
[5.177s][debug][gc,heap           ] GC(97)   region size 1024K, 2 young (2048K), 2 survivors (2048K)
[5.177s][debug][gc,heap           ] GC(97)  Metaspace       used 471K, committed 640K, reserved 1056768K
[5.177s][debug][gc,heap           ] GC(97)   class space    used 33K, committed 128K, reserved 1048576K
[5.177s][info ][gc                ] GC(97) Pause Young (Normal) (G1 Preventive Collection) 242M->243M(256M) 17.993ms
[5.177s][info ][gc,cpu            ] GC(97) User=0.06s Sys=0.00s Real=0.02s
[5.184s][debug][gc,ergo,cset      ] Preventive GC, insufficient free regions. Predicted need 8. Curr Eden 4 (Pred 6). Curr Survivor 2 (Pred 3). Curr Old 206 (Pred 0) Free 8 Alloc 1
[5.184s][debug][gc,heap           ] GC(98) Heap before GC invocations=92 (full 4):
[5.184s][debug][gc,heap           ] GC(98)  garbage-first heap   total 262144K, used 252913K [0x00000000f0000000, 0x0000000100000000)
[5.184s][debug][gc,heap           ] GC(98)   region size 1024K, 6 young (6144K), 2 survivors (2048K)
[5.184s][debug][gc,heap           ] GC(98)  Metaspace       used 471K, committed 640K, reserved 1056768K
[5.184s][debug][gc,heap           ] GC(98)   class space    used 33K, committed 128K, reserved 1048576K
[5.184s][info ][gc,start          ] GC(98) Pause Young (Normal) (G1 Preventive Collection)
[5.184s][info ][gc,task           ] GC(98) Using 4 workers of 4 for evacuation
[5.184s][debug][gc,tlab           ] GC(98) TLAB totals: thrds: 1  refills: 28 max: 28 slow allocs: 0 max 0 waste:  0.4% gc: 0B max: 0B slow: 16128B max: 16128B
[5.184s][debug][gc,age            ] GC(98) Desired survivor size 1048576 bytes, new threshold 1 (max threshold 15)
[5.184s][debug][gc,refine,stats   ] GC(98) Mutator refinement: 0.00ms, refined: 0, precleaned: 0, dirtied: 2042
[5.184s][debug][gc,refine,stats   ] GC(98) Concurrent refinement: 0.00ms, refined: 0, precleaned: 0, dirtied: 0
[5.184s][debug][gc,refine,stats   ] GC(98) Total refinement: 0.00ms, refined: 0, precleaned: 0, dirtied: 2042
[5.184s][debug][gc,refine,stats   ] GC(98) Generate dirty cards rate: 213.64 cards/ms
[5.184s][debug][gc,alloc,region   ] GC(98) Mutator Allocation stats, regions: 4, wasted size: 0B ( 0.0%)
[5.184s][debug][gc,humongous      ] GC(98) Humongous region 173 (object size 36920416 @ 0x00000000fad00000) remset 0 code roots 0 marked 1 reclaim candidate 0 type array 0
[5.184s][debug][gc,ergo           ] GC(98) Running G1 Merge Heap Roots using 4 workers for 6 regions
[5.184s][debug][gc,remset         ] GC(98) Visited cards 3840 Total dirty 8192 (46.88%) Total old 520192 (0.74%)
[5.193s][debug][gc,ref            ] GC(98) Skipped phase 1 of Reference Processing: no references
[5.193s][debug][gc,ref            ] GC(98) Skipped phase 2 of Reference Processing: no references
[5.193s][debug][gc,ref            ] GC(98) Skipped phase 3 of Reference Processing: no references
[5.193s][debug][gc,ref            ] GC(98) Skipped phase 4 of Reference Processing: no references
[5.193s][debug][gc,ergo           ] GC(98) Running G1 Rebuild Free List Task using 4 workers for rebuilding free list of regions
[5.193s][debug][gc,plab           ] GC(98) Young PLAB allocation: allocated: 2097152B, wasted: 320B, unused: 0B, used: 2096832B, undo waste: 0B, 
[5.193s][debug][gc,plab           ] GC(98) Young other allocation: region end waste: 0B, regions filled: 2, direct allocated: 0B, failure used: 0B, failure wasted: 0B
[5.193s][debug][gc,plab           ] GC(98) Young sizing: calculated: 419360B, actual: 419416B
[5.193s][debug][gc,plab           ] GC(98) Old PLAB allocation: allocated: 5257216B, wasted: 248B, unused: 1078952B, used: 4178016B, undo waste: 0B, 
[5.193s][debug][gc,plab           ] GC(98) Old other allocation: region end waste: 0B, regions filled: 6, direct allocated: 0B, failure used: 0B, failure wasted: 0B
[5.193s][debug][gc,plab           ] GC(98) Old sizing: calculated: 835600B, actual: 1108448B
[5.193s][debug][gc,ergo,heap      ] GC(98) Heap expansion: short term pause time ratio 44.80% long term pause time ratio 37.51% threshold 7.69% pause time ratio 7.69% fully expanded true resize by 0B
[5.193s][debug][gc,mmu            ] GC(98) MMU: 83.4ms (200.0ms/201.0ms)
[5.193s][debug][gc,alloc,stats    ] Old generation allocation in the last mutator period, old gen allocated: 5257216B, humongous allocated: 0B,old gen growth: 5257216B.
[5.193s][debug][gc,ihop           ] GC(98) Basic information (value update), threshold: 120795955B (45.00), target occupancy: 268435456B, current occupancy: 261095408B, recent allocation size: 5257216B, recent allocation duration: 9.56ms, recent old gen allocation rate: 550033061.31B/s, recent marking phase length: 0.00ms
[5.193s][debug][gc,ihop           ] GC(98) Adaptive IHOP information (value update), threshold: 120795955B (52.94), internal target occupancy: 228170137B, occupancy: 261095408B, additional buffer size: 12582912B, predicted old gen allocation rate: 573532405.76B/s, predicted marking phase length: 0.00ms, prediction active: false
[5.193s][debug][gc,ergo,refine    ] GC(98) Concurrent refinement times: Logged Cards Scan time goal: 20.00ms Logged Cards Scan time: 1.06ms HCC time: 0.00ms
[5.193s][debug][gc,ergo,refine    ] GC(98) Updated Refinement Zones: green: 23679, yellow: 71037, red: 118395
[5.193s][info ][gc,phases         ] GC(98)   Pre Evacuate Collection Set: 0.1ms
[5.193s][debug][gc,phases         ] GC(98)     Prepare TLABs: 0.0ms
[5.193s][debug][gc,phases         ] GC(98)     Concatenate Dirty Card Logs: 0.0ms
[5.194s][debug][gc,phases         ] GC(98)     Choose Collection Set: 0.0ms
[5.194s][debug][gc,phases         ] GC(98)     Region Register: 0.1ms
[5.194s][debug][gc,phases         ] GC(98)     Prepare Heap Roots: 0.0ms
[5.194s][info ][gc,phases         ] GC(98)   Merge Heap Roots: 0.1ms
[5.194s][debug][gc,phases         ] GC(98)     Prepare Merge Heap Roots: 0.0ms
[5.194s][debug][gc,phases         ] GC(98)     Eager Reclaim (ms):            skipped
[5.194s][debug][gc,phases         ] GC(98)     Remembered Sets (ms):          Min:  0.0, Avg:  0.0, Max:  0.0, Diff:  0.0, Sum:  0.0, Workers: 4
[5.194s][debug][gc,phases         ] GC(98)       Merged Sparse:                 Min: 0, Avg:  0.0, Max: 0, Diff: 0, Sum: 0, Workers: 4
[5.194s][debug][gc,phases         ] GC(98)       Merged Fine:                   Min: 0, Avg:  0.0, Max: 0, Diff: 0, Sum: 0, Workers: 4
[5.194s][debug][gc,phases         ] GC(98)       Merged Coarse:                 Min: 0, Avg:  0.0, Max: 0, Diff: 0, Sum: 0, Workers: 4
[5.194s][debug][gc,phases         ] GC(98)       Dirty Cards:                   Min: 0, Avg:  0.0, Max: 0, Diff: 0, Sum: 0, Workers: 4
[5.194s][debug][gc,phases         ] GC(98)     Hot Card Cache (ms):           Min:  0.0, Avg:  0.0, Max:  0.0, Diff:  0.0, Sum:  0.0, Workers: 4
[5.194s][debug][gc,phases         ] GC(98)       Dirty Cards:                   Min: 0, Avg:  0.0, Max: 0, Diff: 0, Sum: 0, Workers: 4
[5.194s][debug][gc,phases         ] GC(98)       Skipped Cards:                 Min: 0, Avg:  0.0, Max: 0, Diff: 0, Sum: 0, Workers: 4
[5.194s][debug][gc,phases         ] GC(98)     Log Buffers (ms):              Min:  0.0, Avg:  0.0, Max:  0.0, Diff:  0.0, Sum:  0.1, Workers: 4
[5.194s][debug][gc,phases         ] GC(98)       Dirty Cards:                   Min: 557, Avg: 759.3, Max: 960, Diff: 403, Sum: 3037, Workers: 4
[5.194s][debug][gc,phases         ] GC(98)       Skipped Cards:                 Min: 0, Avg:  0.0, Max: 0, Diff: 0, Sum: 0, Workers: 4
[5.194s][info ][gc,phases         ] GC(98)   Evacuate Collection Set: 8.3ms
[5.194s][debug][gc,phases         ] GC(98)     Ext Root Scanning (ms):        Min:  0.0, Avg:  0.0, Max:  0.0, Diff:  0.0, Sum:  0.1, Workers: 4
[5.194s][debug][gc,phases         ] GC(98)     Scan Heap Roots (ms):          Min:  1.0, Avg:  1.1, Max:  1.1, Diff:  0.1, Sum:  4.2, Workers: 4
[5.194s][debug][gc,phases         ] GC(98)       Scanned Cards:                 Min: 732, Avg: 767.3, Max: 818, Diff: 86, Sum: 3069, Workers: 4
[5.194s][debug][gc,phases         ] GC(98)       Scanned Blocks:                Min: 3, Avg:  3.8, Max: 6, Diff: 3, Sum: 15, Workers: 4
[5.194s][debug][gc,phases         ] GC(98)       Claimed Chunks:                Min: 3, Avg:  3.8, Max: 6, Diff: 3, Sum: 15, Workers: 4
[5.194s][debug][gc,phases         ] GC(98)     Code Root Scan (ms):           Min:  0.0, Avg:  0.0, Max:  0.0, Diff:  0.0, Sum:  0.0, Workers: 4
[5.194s][debug][gc,phases         ] GC(98)     Object Copy (ms):              Min:  7.1, Avg:  7.2, Max:  7.2, Diff:  0.1, Sum: 28.8, Workers: 4
[5.194s][debug][gc,phases         ] GC(98)     Termination (ms):              Min:  0.0, Avg:  0.0, Max:  0.0, Diff:  0.0, Sum:  0.0, Workers: 4
[5.194s][debug][gc,phases         ] GC(98)       Termination Attempts:          Min: 1, Avg:  9.8, Max: 18, Diff: 17, Sum: 39, Workers: 4
[5.194s][debug][gc,phases         ] GC(98)     GC Worker Other (ms):          Min:  0.0, Avg:  0.0, Max:  0.0, Diff:  0.0, Sum:  0.0, Workers: 4
[5.194s][debug][gc,phases         ] GC(98)     GC Worker Total (ms):          Min:  8.3, Avg:  8.3, Max:  8.3, Diff:  0.0, Sum: 33.1, Workers: 4
[5.194s][info ][gc,phases         ] GC(98)   Post Evacuate Collection Set: 0.4ms
[5.194s][debug][gc,phases         ] GC(98)     Code Roots Fixup: 0.0ms
[5.194s][debug][gc,phases         ] GC(98)     Reference Processing: 0.2ms
[5.194s][debug][gc,phases,ref     ] GC(98)       Reconsider SoftReferences: 0.1ms
[5.194s][debug][gc,phases,ref     ] GC(98)         SoftRef (ms):                  skipped
[5.194s][debug][gc,phases,ref     ] GC(98)       Notify Soft/WeakReferences: 0.0ms
[5.194s][debug][gc,phases,ref     ] GC(98)         SoftRef (ms):                  skipped
[5.195s][debug][gc,phases,ref     ] GC(98)         WeakRef (ms):                  skipped
[5.195s][debug][gc,phases,ref     ] GC(98)         FinalRef (ms):                 skipped
[5.195s][debug][gc,phases,ref     ] GC(98)         Total (ms):                    skipped
[5.195s][debug][gc,phases,ref     ] GC(98)       Notify and keep alive finalizable: 0.0ms
[5.195s][debug][gc,phases,ref     ] GC(98)         FinalRef (ms):                 skipped
[5.195s][debug][gc,phases,ref     ] GC(98)       Notify PhantomReferences: 0.0ms
[5.195s][debug][gc,phases,ref     ] GC(98)         PhantomRef (ms):               skipped
[5.195s][debug][gc,phases,ref     ] GC(98)       SoftReference:
[5.195s][debug][gc,phases,ref     ] GC(98)         Discovered: 0
[5.195s][debug][gc,phases,ref     ] GC(98)         Cleared: 0
[5.195s][debug][gc,phases,ref     ] GC(98)       WeakReference:
[5.195s][debug][gc,phases,ref     ] GC(98)         Discovered: 0
[5.195s][debug][gc,phases,ref     ] GC(98)         Cleared: 0
[5.195s][debug][gc,phases,ref     ] GC(98)       FinalReference:
[5.195s][debug][gc,phases,ref     ] GC(98)         Discovered: 0
[5.195s][debug][gc,phases,ref     ] GC(98)         Cleared: 0
[5.195s][debug][gc,phases,ref     ] GC(98)       PhantomReference:
[5.195s][debug][gc,phases,ref     ] GC(98)         Discovered: 0
[5.195s][debug][gc,phases,ref     ] GC(98)         Cleared: 0
[5.195s][debug][gc,phases         ] GC(98)     Weak Processing: 0.1ms
[5.195s][debug][gc,phases         ] GC(98)       VM Weak                        Min:  0.0, Avg:  0.0, Max:  0.0, Diff:  0.0, Sum:  0.0, Workers: 3
[5.195s][debug][gc,phases         ] GC(98)         Dead                           Min: 0, Avg:  0.0, Max: 0, Diff: 0, Sum: 0, Workers: 3
[5.195s][debug][gc,phases         ] GC(98)         Total                          Min: 0, Avg:  2.7, Max: 8, Diff: 8, Sum: 8, Workers: 3
[5.195s][debug][gc,phases         ] GC(98)       ObjectSynchronizer Weak        Min:  0.0, Avg:  0.0, Max:  0.0, Diff:  0.0, Sum:  0.0, Workers: 3
[5.195s][debug][gc,phases         ] GC(98)         Dead                           Min: 0, Avg:  0.0, Max: 0, Diff: 0, Sum: 0, Workers: 3
[5.195s][debug][gc,phases         ] GC(98)         Total                          Min: 0, Avg:  1.0, Max: 3, Diff: 3, Sum: 3, Workers: 3
[5.195s][debug][gc,phases         ] GC(98)       JVMTI Tag Weak OopStorage      Min:  0.0, Avg:  0.0, Max:  0.0, Diff:  0.0, Sum:  0.0, Workers: 3
[5.195s][debug][gc,phases         ] GC(98)         Dead                           Min: 0, Avg:  0.0, Max: 0, Diff: 0, Sum: 0, Workers: 3
[5.195s][debug][gc,phases         ] GC(98)         Total                          Min: 0, Avg:  0.0, Max: 0, Diff: 0, Sum: 0, Workers: 3
[5.195s][debug][gc,phases         ] GC(98)       StringTable Weak               Min:  0.0, Avg:  0.0, Max:  0.0, Diff:  0.0, Sum:  0.0, Workers: 3
[5.195s][debug][gc,phases         ] GC(98)         Dead                           Min: 0, Avg:  0.0, Max: 0, Diff: 0, Sum: 0, Workers: 3
[5.195s][debug][gc,phases         ] GC(98)         Total                          Min: 384, Avg: 819.0, Max: 1369, Diff: 985, Sum: 2457, Workers: 3
[5.195s][debug][gc,phases         ] GC(98)       ResolvedMethodTable Weak       Min:  0.0, Avg:  0.0, Max:  0.0, Diff:  0.0, Sum:  0.0, Workers: 3
[5.195s][debug][gc,phases         ] GC(98)         Dead                           Min: 0, Avg:  0.0, Max: 0, Diff: 0, Sum: 0, Workers: 3
[5.195s][debug][gc,phases         ] GC(98)         Total                          Min: 9, Avg: 45.7, Max: 64, Diff: 55, Sum: 137, Workers: 3
[5.196s][debug][gc,phases         ] GC(98)       JNI Weak                       Min:  0.0, Avg:  0.0, Max:  0.0, Diff:  0.0, Sum:  0.0, Workers: 3
[5.196s][debug][gc,phases         ] GC(98)         Dead                           Min: 0, Avg:  0.0, Max: 0, Diff: 0, Sum: 0, Workers: 3
[5.196s][debug][gc,phases         ] GC(98)         Total                          Min: 0, Avg:  0.0, Max: 0, Diff: 0, Sum: 0, Workers: 3
[5.196s][debug][gc,phases         ] GC(98)       StringDedup Table Weak         Min:  0.0, Avg:  0.0, Max:  0.0, Diff:  0.0, Sum:  0.0, Workers: 3
[5.196s][debug][gc,phases         ] GC(98)         Dead                           Min: 0, Avg:  0.0, Max: 0, Diff: 0, Sum: 0, Workers: 3
[5.196s][debug][gc,phases         ] GC(98)         Total                          Min: 0, Avg:  0.0, Max: 0, Diff: 0, Sum: 0, Workers: 3
[5.196s][debug][gc,phases         ] GC(98)       StringDedup Requests0 Weak     Min:  0.0, Avg:  0.0, Max:  0.0, Diff:  0.0, Sum:  0.0, Workers: 3
[5.196s][debug][gc,phases         ] GC(98)         Dead                           Min: 0, Avg:  0.0, Max: 0, Diff: 0, Sum: 0, Workers: 3
[5.196s][debug][gc,phases         ] GC(98)         Total                          Min: 0, Avg:  0.0, Max: 0, Diff: 0, Sum: 0, Workers: 3
[5.196s][debug][gc,phases         ] GC(98)       StringDedup Requests1 Weak     Min:  0.0, Avg:  0.0, Max:  0.0, Diff:  0.0, Sum:  0.0, Workers: 3
[5.196s][debug][gc,phases         ] GC(98)         Dead                           Min: 0, Avg:  0.0, Max: 0, Diff: 0, Sum: 0, Workers: 3
[5.196s][debug][gc,phases         ] GC(98)         Total                          Min: 0, Avg:  0.0, Max: 0, Diff: 0, Sum: 0, Workers: 3
[5.196s][debug][gc,phases         ] GC(98)       Weak JFR Old Object Samples    Min:  0.0, Avg:  0.0, Max:  0.0, Diff:  0.0, Sum:  0.0, Workers: 3
[5.196s][debug][gc,phases         ] GC(98)         Dead                           Min: 0, Avg:  0.0, Max: 0, Diff: 0, Sum: 0, Workers: 3
[5.196s][debug][gc,phases         ] GC(98)         Total                          Min: 0, Avg:  0.0, Max: 0, Diff: 0, Sum: 0, Workers: 3
[5.196s][debug][gc,phases         ] GC(98)     Post Evacuate Cleanup 1: 0.0ms
[5.196s][debug][gc,phases         ] GC(98)       Merge Per-Thread State (ms):   Min:  0.0, Avg:  0.0, Max:  0.0, Diff:  0.0, Sum:  0.0, Workers: 1
[5.196s][debug][gc,phases         ] GC(98)         Copied Bytes                   Min: 1443552, Avg: 1568712.0, Max: 1715952, Diff: 272400, Sum: 6274848, Workers: 4
[5.196s][debug][gc,phases         ] GC(98)         LAB Waste                      Min: 96, Avg: 142.0, Max: 184, Diff: 88, Sum: 568, Workers: 4
[5.196s][debug][gc,phases         ] GC(98)         LAB Undo Waste                 Min: 0, Avg:  0.0, Max: 0, Diff: 0, Sum: 0, Workers: 4
[5.196s][debug][gc,phases         ] GC(98)       Clear Logged Cards (ms):       Min:  0.0, Avg:  0.0, Max:  0.0, Diff:  0.0, Sum:  0.0, Workers: 3
[5.196s][debug][gc,phases         ] GC(98)       Recalculate Used Memory (ms):  Min:  0.0, Avg:  0.0, Max:  0.0, Diff:  0.0, Sum:  0.0, Workers: 1
[5.196s][debug][gc,phases         ] GC(98)     Post Evacuate Cleanup 2: 0.1ms
[5.196s][debug][gc,phases         ] GC(98)       Reset Hot Card Cache (ms):     Min:  0.0, Avg:  0.0, Max:  0.0, Diff:  0.0, Sum:  0.0, Workers: 1
[5.196s][debug][gc,phases         ] GC(98)       Purge Code Roots (ms):         Min:  0.0, Avg:  0.0, Max:  0.0, Diff:  0.0, Sum:  0.0, Workers: 1
[5.196s][debug][gc,phases         ] GC(98)       Update Derived Pointers (ms):  Min:  0.0, Avg:  0.0, Max:  0.0, Diff:  0.0, Sum:  0.0, Workers: 1
[5.196s][debug][gc,phases         ] GC(98)       Eagerly Reclaim Humongous Objects (ms): Min:  0.0, Avg:  0.0, Max:  0.0, Diff:  0.0, Sum:  0.0, Workers: 1
[5.196s][debug][gc,phases         ] GC(98)         Humongous Total                Min: 1, Avg:  1.0, Max: 1, Diff: 0, Sum: 1, Workers: 1
[5.196s][debug][gc,phases         ] GC(98)         Humongous Candidates           Min: 0, Avg:  0.0, Max: 0, Diff: 0, Sum: 0, Workers: 1
[5.196s][debug][gc,phases         ] GC(98)         Humongous Reclaimed            Min: 0, Avg:  0.0, Max: 0, Diff: 0, Sum: 0, Workers: 1
[5.196s][debug][gc,phases         ] GC(98)       Redirty Logged Cards (ms):     Min:  0.0, Avg:  0.0, Max:  0.0, Diff:  0.0, Sum:  0.0, Workers: 4
[5.196s][debug][gc,phases         ] GC(98)         Redirtied Cards:               Min: 0, Avg: 256.8, Max: 975, Diff: 975, Sum: 1027, Workers: 4
[5.197s][debug][gc,phases         ] GC(98)       Free Collection Set (ms):      Min:  0.0, Avg:  0.0, Max:  0.0, Diff:  0.0, Sum:  0.0, Workers: 4
[5.197s][debug][gc,phases         ] GC(98)     Rebuild Free List: 0.1ms
[5.197s][debug][gc,phases         ] GC(98)     Start New Collection Set: 0.0ms
[5.197s][debug][gc,phases         ] GC(98)     Resize TLABs: 0.0ms
[5.197s][debug][gc,phases         ] GC(98)     Expand Heap After Collection: 0.0ms
[5.197s][info ][gc,phases         ] GC(98)   Other: 0.7ms
[5.197s][info ][gc,heap           ] GC(98) Eden regions: 4->0(10)
[5.197s][info ][gc,heap           ] GC(98) Survivor regions: 2->2(2)
[5.197s][info ][gc,heap           ] GC(98) Old regions: 206->211
[5.197s][info ][gc,heap           ] GC(98) Archive regions: 0->0
[5.197s][info ][gc,heap           ] GC(98) Humongous regions: 36->36
[5.197s][info ][gc,metaspace      ] GC(98) Metaspace: 471K(640K)->471K(640K) NonClass: 438K(512K)->438K(512K) Class: 33K(128K)->33K(128K)
[5.197s][debug][gc,heap           ] GC(98) Heap after GC invocations=93 (full 4):
[5.197s][debug][gc,heap           ] GC(98)  garbage-first heap   total 262144K, used 254975K [0x00000000f0000000, 0x0000000100000000)
[5.197s][debug][gc,heap           ] GC(98)   region size 1024K, 2 young (2048K), 2 survivors (2048K)
[5.197s][debug][gc,heap           ] GC(98)  Metaspace       used 471K, committed 640K, reserved 1056768K
[5.197s][debug][gc,heap           ] GC(98)   class space    used 33K, committed 128K, reserved 1048576K
[5.197s][info ][gc                ] GC(98) Pause Young (Normal) (G1 Preventive Collection) 247M->248M(256M) 13.108ms
[5.197s][info ][gc,cpu            ] GC(98) User=0.02s Sys=0.00s Real=0.01s
[5.202s][debug][gc,ergo,cset      ] Preventive GC, insufficient free regions. Predicted need 6. Curr Eden 2 (Pred 4). Curr Survivor 2 (Pred 3). Curr Old 211 (Pred 0) Free 5 Alloc 1
[5.202s][debug][gc,heap           ] GC(99) Heap before GC invocations=93 (full 4):
[5.202s][debug][gc,heap           ] GC(99)  garbage-first heap   total 262144K, used 255999K [0x00000000f0000000, 0x0000000100000000)
[5.202s][debug][gc,heap           ] GC(99)   region size 1024K, 4 young (4096K), 2 survivors (2048K)
[5.202s][debug][gc,heap           ] GC(99)  Metaspace       used 471K, committed 640K, reserved 1056768K
[5.202s][debug][gc,heap           ] GC(99)   class space    used 33K, committed 128K, reserved 1048576K
[5.202s][info ][gc,start          ] GC(99) Pause Young (Normal) (G1 Preventive Collection)
[5.202s][info ][gc,task           ] GC(99) Using 4 workers of 4 for evacuation
[5.202s][debug][gc,tlab           ] GC(99) TLAB totals: thrds: 1  refills: 14 max: 14 slow allocs: 0 max 0 waste:  0.4% gc: 0B max: 0B slow: 8064B max: 8064B
[5.202s][debug][gc,age            ] GC(99) Desired survivor size 1048576 bytes, new threshold 1 (max threshold 15)
[5.202s][debug][gc,refine,stats   ] GC(99) Mutator refinement: 0.00ms, refined: 0, precleaned: 0, dirtied: 1021
[5.202s][debug][gc,refine,stats   ] GC(99) Concurrent refinement: 0.00ms, refined: 0, precleaned: 0, dirtied: 0
[5.202s][debug][gc,refine,stats   ] GC(99) Total refinement: 0.00ms, refined: 0, precleaned: 0, dirtied: 1021
[5.202s][debug][gc,refine,stats   ] GC(99) Generate dirty cards rate: 112.45 cards/ms
[5.202s][debug][gc,alloc,region   ] GC(99) Mutator Allocation stats, regions: 2, wasted size: 0B ( 0.0%)
[5.202s][debug][gc,humongous      ] GC(99) Humongous region 173 (object size 36920416 @ 0x00000000fad00000) remset 0 code roots 0 marked 1 reclaim candidate 0 type array 0
[5.202s][debug][gc,ergo           ] GC(99) Running G1 Merge Heap Roots using 4 workers for 4 regions
[5.203s][debug][gc,remset         ] GC(99) Visited cards 2816 Total dirty 4096 (68.75%) Total old 522240 (0.54%)
[5.208s][debug][gc,ref            ] GC(99) Skipped phase 1 of Reference Processing: no references
[5.208s][debug][gc,ref            ] GC(99) Skipped phase 2 of Reference Processing: no references
[5.208s][debug][gc,ref            ] GC(99) Skipped phase 3 of Reference Processing: no references
[5.208s][debug][gc,ref            ] GC(99) Skipped phase 4 of Reference Processing: no references
[5.208s][debug][gc,ergo           ] GC(99) Running G1 Rebuild Free List Task using 4 workers for rebuilding free list of regions
[5.208s][debug][gc,plab           ] GC(99) Young PLAB allocation: allocated: 2097152B, wasted: 320B, unused: 49168B, used: 2047664B, undo waste: 0B, 
[5.208s][debug][gc,plab           ] GC(99) Young other allocation: region end waste: 0B, regions filled: 2, direct allocated: 0B, failure used: 0B, failure wasted: 0B
[5.208s][debug][gc,plab           ] GC(99) Young sizing: calculated: 409528B, actual: 412000B
[5.208s][debug][gc,plab           ] GC(99) Old PLAB allocation: allocated: 2928488B, wasted: 168B, unused: 790064B, used: 2138256B, undo waste: 0B, 
[5.208s][debug][gc,plab           ] GC(99) Old other allocation: region end waste: 0B, regions filled: 3, direct allocated: 0B, failure used: 0B, failure wasted: 0B
[5.209s][debug][gc,plab           ] GC(99) Old sizing: calculated: 427648B, actual: 597848B
[5.209s][debug][gc,ergo,heap      ] GC(99) Heap expansion: short term pause time ratio 49.08% long term pause time ratio 43.52% threshold 7.69% pause time ratio 7.69% fully expanded true resize by 0B
[5.209s][debug][gc,mmu            ] GC(99) MMU: 77.3ms (200.0ms/201.0ms)
[5.209s][debug][gc,alloc,stats    ] Old generation allocation in the last mutator period, old gen allocated: 2928488B, humongous allocated: 0B,old gen growth: 2928488B.
[5.209s][debug][gc,ihop           ] GC(99) Basic information (value update), threshold: 120795955B (45.00), target occupancy: 268435456B, current occupancy: 264024048B, recent allocation size: 2928488B, recent allocation duration: 9.08ms, recent old gen allocation rate: 322531361.17B/s, recent marking phase length: 0.00ms
[5.209s][debug][gc,ihop           ] GC(99) Adaptive IHOP information (value update), threshold: 120795955B (52.94), internal target occupancy: 228170137B, occupancy: 264024048B, additional buffer size: 12582912B, predicted old gen allocation rate: 564793886.43B/s, predicted marking phase length: 0.00ms, prediction active: false
[5.209s][debug][gc,ergo,refine    ] GC(99) Concurrent refinement times: Logged Cards Scan time goal: 20.00ms Logged Cards Scan time: 0.73ms HCC time: 0.00ms
[5.209s][debug][gc,ergo,refine    ] GC(99) Updated Refinement Zones: green: 23679, yellow: 71037, red: 118395
[5.209s][info ][gc,phases         ] GC(99)   Pre Evacuate Collection Set: 0.1ms
[5.209s][debug][gc,phases         ] GC(99)     Prepare TLABs: 0.0ms
[5.209s][debug][gc,phases         ] GC(99)     Concatenate Dirty Card Logs: 0.0ms
[5.209s][debug][gc,phases         ] GC(99)     Choose Collection Set: 0.0ms
[5.209s][debug][gc,phases         ] GC(99)     Region Register: 0.1ms
[5.209s][debug][gc,phases         ] GC(99)     Prepare Heap Roots: 0.0ms
[5.209s][info ][gc,phases         ] GC(99)   Merge Heap Roots: 0.1ms
[5.209s][debug][gc,phases         ] GC(99)     Prepare Merge Heap Roots: 0.0ms
[5.209s][debug][gc,phases         ] GC(99)     Eager Reclaim (ms):            skipped
[5.209s][debug][gc,phases         ] GC(99)     Remembered Sets (ms):          Min:  0.0, Avg:  0.0, Max:  0.0, Diff:  0.0, Sum:  0.0, Workers: 4
[5.209s][debug][gc,phases         ] GC(99)       Merged Sparse:                 Min: 0, Avg:  0.0, Max: 0, Diff: 0, Sum: 0, Workers: 4
[5.209s][debug][gc,phases         ] GC(99)       Merged Fine:                   Min: 0, Avg:  0.0, Max: 0, Diff: 0, Sum: 0, Workers: 4
[5.209s][debug][gc,phases         ] GC(99)       Merged Coarse:                 Min: 0, Avg:  0.0, Max: 0, Diff: 0, Sum: 0, Workers: 4
[5.209s][debug][gc,phases         ] GC(99)       Dirty Cards:                   Min: 0, Avg:  0.0, Max: 0, Diff: 0, Sum: 0, Workers: 4
[5.209s][debug][gc,phases         ] GC(99)     Hot Card Cache (ms):           Min:  0.0, Avg:  0.0, Max:  0.0, Diff:  0.0, Sum:  0.0, Workers: 4
[5.209s][debug][gc,phases         ] GC(99)       Dirty Cards:                   Min: 0, Avg:  0.0, Max: 0, Diff: 0, Sum: 0, Workers: 4
[5.209s][debug][gc,phases         ] GC(99)       Skipped Cards:                 Min: 0, Avg:  0.0, Max: 0, Diff: 0, Sum: 0, Workers: 4
[5.209s][debug][gc,phases         ] GC(99)     Log Buffers (ms):              Min:  0.0, Avg:  0.0, Max:  0.0, Diff:  0.0, Sum:  0.0, Workers: 4
[5.209s][debug][gc,phases         ] GC(99)       Dirty Cards:                   Min: 503, Avg: 504.0, Max: 505, Diff: 2, Sum: 2016, Workers: 4
[5.209s][debug][gc,phases         ] GC(99)       Skipped Cards:                 Min: 0, Avg:  0.0, Max: 0, Diff: 0, Sum: 0, Workers: 4
[5.209s][info ][gc,phases         ] GC(99)   Evacuate Collection Set: 5.4ms
[5.209s][debug][gc,phases         ] GC(99)     Ext Root Scanning (ms):        Min:  0.0, Avg:  0.0, Max:  0.0, Diff:  0.0, Sum:  0.1, Workers: 4
[5.209s][debug][gc,phases         ] GC(99)     Scan Heap Roots (ms):          Min:  0.7, Avg:  0.7, Max:  0.8, Diff:  0.1, Sum:  2.9, Workers: 4
[5.209s][debug][gc,phases         ] GC(99)       Scanned Cards:                 Min: 459, Avg: 512.0, Max: 546, Diff: 87, Sum: 2048, Workers: 4
[5.209s][debug][gc,phases         ] GC(99)       Scanned Blocks:                Min: 2, Avg:  2.8, Max: 3, Diff: 1, Sum: 11, Workers: 4
[5.209s][debug][gc,phases         ] GC(99)       Claimed Chunks:                Min: 2, Avg:  2.8, Max: 3, Diff: 1, Sum: 11, Workers: 4
[5.209s][debug][gc,phases         ] GC(99)     Code Root Scan (ms):           Min:  0.0, Avg:  0.0, Max:  0.0, Diff:  0.0, Sum:  0.0, Workers: 4
[5.209s][debug][gc,phases         ] GC(99)     Object Copy (ms):              Min:  4.5, Avg:  4.6, Max:  4.6, Diff:  0.1, Sum: 18.2, Workers: 4
[5.209s][debug][gc,phases         ] GC(99)     Termination (ms):              Min:  0.0, Avg:  0.0, Max:  0.0, Diff:  0.0, Sum:  0.1, Workers: 4
[5.209s][debug][gc,phases         ] GC(99)       Termination Attempts:          Min: 1, Avg:  2.0, Max: 3, Diff: 2, Sum: 8, Workers: 4
[5.209s][debug][gc,phases         ] GC(99)     GC Worker Other (ms):          Min:  0.0, Avg:  0.0, Max:  0.0, Diff:  0.0, Sum:  0.0, Workers: 4
[5.209s][debug][gc,phases         ] GC(99)     GC Worker Total (ms):          Min:  5.3, Avg:  5.3, Max:  5.3, Diff:  0.0, Sum: 21.3, Workers: 4
[5.209s][info ][gc,phases         ] GC(99)   Post Evacuate Collection Set: 0.4ms
[5.209s][debug][gc,phases         ] GC(99)     Code Roots Fixup: 0.0ms
[5.209s][debug][gc,phases         ] GC(99)     Reference Processing: 0.1ms
[5.209s][debug][gc,phases,ref     ] GC(99)       Reconsider SoftReferences: 0.1ms
[5.209s][debug][gc,phases,ref     ] GC(99)         SoftRef (ms):                  skipped
[5.210s][debug][gc,phases,ref     ] GC(99)       Notify Soft/WeakReferences: 0.0ms
[5.210s][debug][gc,phases,ref     ] GC(99)         SoftRef (ms):                  skipped
[5.210s][debug][gc,phases,ref     ] GC(99)         WeakRef (ms):                  skipped
[5.210s][debug][gc,phases,ref     ] GC(99)         FinalRef (ms):                 skipped
[5.210s][debug][gc,phases,ref     ] GC(99)         Total (ms):                    skipped
[5.210s][debug][gc,phases,ref     ] GC(99)       Notify and keep alive finalizable: 0.0ms
[5.210s][debug][gc,phases,ref     ] GC(99)         FinalRef (ms):                 skipped
[5.210s][debug][gc,phases,ref     ] GC(99)       Notify PhantomReferences: 0.0ms
[5.210s][debug][gc,phases,ref     ] GC(99)         PhantomRef (ms):               skipped
[5.210s][debug][gc,phases,ref     ] GC(99)       SoftReference:
[5.210s][debug][gc,phases,ref     ] GC(99)         Discovered: 0
[5.210s][debug][gc,phases,ref     ] GC(99)         Cleared: 0
[5.210s][debug][gc,phases,ref     ] GC(99)       WeakReference:
[5.210s][debug][gc,phases,ref     ] GC(99)         Discovered: 0
[5.210s][debug][gc,phases,ref     ] GC(99)         Cleared: 0
[5.210s][debug][gc,phases,ref     ] GC(99)       FinalReference:
[5.210s][debug][gc,phases,ref     ] GC(99)         Discovered: 0
[5.210s][debug][gc,phases,ref     ] GC(99)         Cleared: 0
[5.210s][debug][gc,phases,ref     ] GC(99)       PhantomReference:
[5.210s][debug][gc,phases,ref     ] GC(99)         Discovered: 0
[5.210s][debug][gc,phases,ref     ] GC(99)         Cleared: 0
[5.210s][debug][gc,phases         ] GC(99)     Weak Processing: 0.1ms
[5.210s][debug][gc,phases         ] GC(99)       VM Weak                        Min:  0.0, Avg:  0.0, Max:  0.0, Diff:  0.0, Sum:  0.0, Workers: 3
[5.210s][debug][gc,phases         ] GC(99)         Dead                           Min: 0, Avg:  0.0, Max: 0, Diff: 0, Sum: 0, Workers: 3
[5.210s][debug][gc,phases         ] GC(99)         Total                          Min: 0, Avg:  2.7, Max: 8, Diff: 8, Sum: 8, Workers: 3
[5.210s][debug][gc,phases         ] GC(99)       ObjectSynchronizer Weak        Min:  0.0, Avg:  0.0, Max:  0.0, Diff:  0.0, Sum:  0.0, Workers: 3
[5.210s][debug][gc,phases         ] GC(99)         Dead                           Min: 0, Avg:  0.0, Max: 0, Diff: 0, Sum: 0, Workers: 3
[5.210s][debug][gc,phases         ] GC(99)         Total                          Min: 0, Avg:  1.0, Max: 3, Diff: 3, Sum: 3, Workers: 3
[5.210s][debug][gc,phases         ] GC(99)       JVMTI Tag Weak OopStorage      Min:  0.0, Avg:  0.0, Max:  0.0, Diff:  0.0, Sum:  0.0, Workers: 3
[5.210s][debug][gc,phases         ] GC(99)         Dead                           Min: 0, Avg:  0.0, Max: 0, Diff: 0, Sum: 0, Workers: 3
[5.210s][debug][gc,phases         ] GC(99)         Total                          Min: 0, Avg:  0.0, Max: 0, Diff: 0, Sum: 0, Workers: 3
[5.210s][debug][gc,phases         ] GC(99)       StringTable Weak               Min:  0.0, Avg:  0.0, Max:  0.0, Diff:  0.0, Sum:  0.0, Workers: 3
[5.210s][debug][gc,phases         ] GC(99)         Dead                           Min: 0, Avg:  0.0, Max: 0, Diff: 0, Sum: 0, Workers: 3
[5.210s][debug][gc,phases         ] GC(99)         Total                          Min: 0, Avg: 819.0, Max: 1753, Diff: 1753, Sum: 2457, Workers: 3
[5.210s][debug][gc,phases         ] GC(99)       ResolvedMethodTable Weak       Min:  0.0, Avg:  0.0, Max:  0.0, Diff:  0.0, Sum:  0.0, Workers: 3
[5.210s][debug][gc,phases         ] GC(99)         Dead                           Min: 0, Avg:  0.0, Max: 0, Diff: 0, Sum: 0, Workers: 3
[5.210s][debug][gc,phases         ] GC(99)         Total                          Min: 0, Avg: 45.7, Max: 73, Diff: 73, Sum: 137, Workers: 3
[5.210s][debug][gc,phases         ] GC(99)       JNI Weak                       Min:  0.0, Avg:  0.0, Max:  0.0, Diff:  0.0, Sum:  0.0, Workers: 3
[5.210s][debug][gc,phases         ] GC(99)         Dead                           Min: 0, Avg:  0.0, Max: 0, Diff: 0, Sum: 0, Workers: 3
[5.210s][debug][gc,phases         ] GC(99)         Total                          Min: 0, Avg:  0.0, Max: 0, Diff: 0, Sum: 0, Workers: 3
[5.210s][debug][gc,phases         ] GC(99)       StringDedup Table Weak         Min:  0.0, Avg:  0.0, Max:  0.0, Diff:  0.0, Sum:  0.0, Workers: 3
[5.210s][debug][gc,phases         ] GC(99)         Dead                           Min: 0, Avg:  0.0, Max: 0, Diff: 0, Sum: 0, Workers: 3
[5.210s][debug][gc,phases         ] GC(99)         Total                          Min: 0, Avg:  0.0, Max: 0, Diff: 0, Sum: 0, Workers: 3
[5.210s][debug][gc,phases         ] GC(99)       StringDedup Requests0 Weak     Min:  0.0, Avg:  0.0, Max:  0.0, Diff:  0.0, Sum:  0.0, Workers: 3
[5.210s][debug][gc,phases         ] GC(99)         Dead                           Min: 0, Avg:  0.0, Max: 0, Diff: 0, Sum: 0, Workers: 3
[5.210s][debug][gc,phases         ] GC(99)         Total                          Min: 0, Avg:  0.0, Max: 0, Diff: 0, Sum: 0, Workers: 3
[5.210s][debug][gc,phases         ] GC(99)       StringDedup Requests1 Weak     Min:  0.0, Avg:  0.0, Max:  0.0, Diff:  0.0, Sum:  0.0, Workers: 3
[5.211s][debug][gc,phases         ] GC(99)         Dead                           Min: 0, Avg:  0.0, Max: 0, Diff: 0, Sum: 0, Workers: 3
[5.211s][debug][gc,phases         ] GC(99)         Total                          Min: 0, Avg:  0.0, Max: 0, Diff: 0, Sum: 0, Workers: 3
[5.211s][debug][gc,phases         ] GC(99)       Weak JFR Old Object Samples    Min:  0.0, Avg:  0.0, Max:  0.0, Diff:  0.0, Sum:  0.0, Workers: 3
[5.211s][debug][gc,phases         ] GC(99)         Dead                           Min: 0, Avg:  0.0, Max: 0, Diff: 0, Sum: 0, Workers: 3
[5.211s][debug][gc,phases         ] GC(99)         Total                          Min: 0, Avg:  0.0, Max: 0, Diff: 0, Sum: 0, Workers: 3
[5.211s][debug][gc,phases         ] GC(99)     Post Evacuate Cleanup 1: 0.0ms
[5.211s][debug][gc,phases         ] GC(99)       Merge Per-Thread State (ms):   Min:  0.0, Avg:  0.0, Max:  0.0, Diff:  0.0, Sum:  0.0, Workers: 1
[5.211s][debug][gc,phases         ] GC(99)         Copied Bytes                   Min: 1002384, Avg: 1046480.0, Max: 1107088, Diff: 104704, Sum: 4185920, Workers: 4
[5.211s][debug][gc,phases         ] GC(99)         LAB Waste                      Min: 104, Avg: 122.0, Max: 160, Diff: 56, Sum: 488, Workers: 4
[5.211s][debug][gc,phases         ] GC(99)         LAB Undo Waste                 Min: 0, Avg:  0.0, Max: 0, Diff: 0, Sum: 0, Workers: 4
[5.211s][debug][gc,phases         ] GC(99)       Clear Logged Cards (ms):       Min:  0.0, Avg:  0.0, Max:  0.0, Diff:  0.0, Sum:  0.0, Workers: 3
[5.211s][debug][gc,phases         ] GC(99)       Recalculate Used Memory (ms):  Min:  0.0, Avg:  0.0, Max:  0.0, Diff:  0.0, Sum:  0.0, Workers: 1
[5.211s][debug][gc,phases         ] GC(99)     Post Evacuate Cleanup 2: 0.1ms
[5.211s][debug][gc,phases         ] GC(99)       Reset Hot Card Cache (ms):     Min:  0.0, Avg:  0.0, Max:  0.0, Diff:  0.0, Sum:  0.0, Workers: 1
[5.211s][debug][gc,phases         ] GC(99)       Purge Code Roots (ms):         Min:  0.0, Avg:  0.0, Max:  0.0, Diff:  0.0, Sum:  0.0, Workers: 1
[5.211s][debug][gc,phases         ] GC(99)       Update Derived Pointers (ms):  Min:  0.0, Avg:  0.0, Max:  0.0, Diff:  0.0, Sum:  0.0, Workers: 1
[5.211s][debug][gc,phases         ] GC(99)       Eagerly Reclaim Humongous Objects (ms): Min:  0.0, Avg:  0.0, Max:  0.0, Diff:  0.0, Sum:  0.0, Workers: 1
[5.211s][debug][gc,phases         ] GC(99)         Humongous Total                Min: 1, Avg:  1.0, Max: 1, Diff: 0, Sum: 1, Workers: 1
[5.211s][debug][gc,phases         ] GC(99)         Humongous Candidates           Min: 0, Avg:  0.0, Max: 0, Diff: 0, Sum: 0, Workers: 1
[5.211s][debug][gc,phases         ] GC(99)         Humongous Reclaimed            Min: 0, Avg:  0.0, Max: 0, Diff: 0, Sum: 0, Workers: 1
[5.211s][debug][gc,phases         ] GC(99)       Redirty Logged Cards (ms):     Min:  0.0, Avg:  0.0, Max:  0.0, Diff:  0.0, Sum:  0.0, Workers: 4
[5.211s][debug][gc,phases         ] GC(99)         Redirtied Cards:               Min: 0, Avg: 257.0, Max: 1028, Diff: 1028, Sum: 1028, Workers: 4
[5.211s][debug][gc,phases         ] GC(99)       Free Collection Set (ms):      Min:  0.0, Avg:  0.0, Max:  0.0, Diff:  0.0, Sum:  0.0, Workers: 4
[5.211s][debug][gc,phases         ] GC(99)     Rebuild Free List: 0.1ms
[5.211s][debug][gc,phases         ] GC(99)     Start New Collection Set: 0.0ms
[5.211s][debug][gc,phases         ] GC(99)     Resize TLABs: 0.0ms
[5.211s][debug][gc,phases         ] GC(99)     Expand Heap After Collection: 0.0ms
[5.211s][info ][gc,phases         ] GC(99)   Other: 0.7ms
[5.211s][info ][gc,heap           ] GC(99) Eden regions: 2->0(10)
[5.211s][info ][gc,heap           ] GC(99) Survivor regions: 2->2(2)
[5.211s][info ][gc,heap           ] GC(99) Old regions: 211->214
[5.211s][info ][gc,heap           ] GC(99) Archive regions: 0->0
[5.211s][info ][gc,heap           ] GC(99) Humongous regions: 36->36
[5.211s][info ][gc,metaspace      ] GC(99) Metaspace: 471K(640K)->471K(640K) NonClass: 438K(512K)->438K(512K) Class: 33K(128K)->33K(128K)
[5.211s][debug][gc,heap           ] GC(99) Heap after GC invocations=94 (full 4):
[5.211s][debug][gc,heap           ] GC(99)  garbage-first heap   total 262144K, used 257835K [0x00000000f0000000, 0x0000000100000000)
[5.211s][debug][gc,heap           ] GC(99)   region size 1024K, 2 young (2048K), 2 survivors (2048K)
[5.211s][debug][gc,heap           ] GC(99)  Metaspace       used 471K, committed 640K, reserved 1056768K
[5.211s][debug][gc,heap           ] GC(99)   class space    used 33K, committed 128K, reserved 1048576K
[5.211s][info ][gc                ] GC(99) Pause Young (Normal) (G1 Preventive Collection) 250M->251M(256M) 9.063ms
[5.211s][info ][gc,cpu            ] GC(99) User=0.02s Sys=0.00s Real=0.01s
[5.213s][debug][gc,ergo,cset      ] Preventive GC, insufficient free regions. Predicted need 5. Curr Eden 1 (Pred 3). Curr Survivor 2 (Pred 3). Curr Old 214 (Pred 0) Free 3 Alloc 1
[5.214s][debug][gc,heap           ] GC(100) Heap before GC invocations=94 (full 4):
[5.214s][debug][gc,heap           ] GC(100)  garbage-first heap   total 262144K, used 257835K [0x00000000f0000000, 0x0000000100000000)
[5.214s][debug][gc,heap           ] GC(100)   region size 1024K, 3 young (3072K), 2 survivors (2048K)
[5.214s][debug][gc,heap           ] GC(100)  Metaspace       used 471K, committed 640K, reserved 1056768K
[5.214s][debug][gc,heap           ] GC(100)   class space    used 33K, committed 128K, reserved 1048576K
[5.214s][info ][gc,start          ] GC(100) Pause Young (Normal) (G1 Preventive Collection)
[5.214s][info ][gc,task           ] GC(100) Using 4 workers of 4 for evacuation
[5.214s][debug][gc,tlab           ] GC(100) TLAB totals: thrds: 1  refills: 7 max: 7 slow allocs: 0 max 0 waste:  0.4% gc: 0B max: 0B slow: 4032B max: 4032B
[5.214s][debug][gc,age            ] GC(100) Desired survivor size 1048576 bytes, new threshold 1 (max threshold 15)
[5.214s][debug][gc,refine,stats   ] GC(100) Mutator refinement: 0.00ms, refined: 0, precleaned: 0, dirtied: 510
[5.214s][debug][gc,refine,stats   ] GC(100) Concurrent refinement: 0.00ms, refined: 0, precleaned: 0, dirtied: 0
[5.214s][debug][gc,refine,stats   ] GC(100) Total refinement: 0.00ms, refined: 0, precleaned: 0, dirtied: 510
[5.214s][debug][gc,refine,stats   ] GC(100) Generate dirty cards rate: 98.71 cards/ms
[5.214s][debug][gc,alloc,region   ] GC(100) Mutator Allocation stats, regions: 1, wasted size: 0B ( 0.0%)
[5.214s][debug][gc,humongous      ] GC(100) Humongous region 173 (object size 36920416 @ 0x00000000fad00000) remset 0 code roots 0 marked 1 reclaim candidate 0 type array 0
[5.214s][debug][gc,ergo           ] GC(100) Running G1 Merge Heap Roots using 4 workers for 3 regions
[5.214s][debug][gc,remset         ] GC(100) Visited cards 1792 Total dirty 4096 (43.75%) Total old 524288 (0.34%)
[5.218s][debug][gc,ergo,heap      ] GC(100) Attempt heap expansion (region allocation request failed). Allocation request: 149456B
[5.218s][debug][gc,ergo,heap      ] GC(100) Did not expand the heap (heap already fully expanded)
[5.219s][debug][gc,ref            ] GC(100) Skipped phase 1 of Reference Processing: no references
[5.219s][debug][gc,ref            ] GC(100) Skipped phase 2 of Reference Processing: no references
[5.219s][debug][gc,ref            ] GC(100) Skipped phase 3 of Reference Processing: no references
[5.219s][debug][gc,ref            ] GC(100) Skipped phase 4 of Reference Processing: no references
[5.220s][debug][gc,ergo           ] GC(100) Running G1 Rebuild Free List Task using 4 workers for rebuilding free list of regions
[5.220s][debug][gc,plab           ] GC(100) Young PLAB allocation: allocated: 1048576B, wasted: 208B, unused: 63200B, used: 985168B, undo waste: 0B, 
[5.220s][debug][gc,plab           ] GC(100) Young other allocation: region end waste: 0B, regions filled: 1, direct allocated: 0B, failure used: 0B, failure wasted: 0B
[5.220s][debug][gc,plab           ] GC(100) Young sizing: calculated: 197032B, actual: 250768B
[5.220s][debug][gc,plab           ] GC(100) Old PLAB allocation: allocated: 2314240B, wasted: 240B, unused: 276320B, used: 2037680B, undo waste: 0B, 
[5.220s][debug][gc,plab           ] GC(100) Old other allocation: region end waste: 0B, regions filled: 3, direct allocated: 0B, failure used: 69360B, failure wasted: 2027792B
[5.220s][debug][gc,plab           ] GC(100) Old sizing: calculated: 407536B, actual: 455112B
[5.221s][debug][gc,ergo,heap      ] GC(100) Heap expansion: short term pause time ratio 40.90% long term pause time ratio 44.32% threshold 7.69% pause time ratio 7.69% fully expanded true resize by 0B
[5.221s][debug][gc,mmu            ] GC(100) MMU: 84.1ms (200.0ms/201.0ms)
[5.221s][debug][gc,alloc,stats    ] Old generation allocation in the last mutator period, old gen allocated: 4411392B, humongous allocated: 0B,old gen growth: 4411392B.
[5.221s][debug][gc,ihop           ] GC(100) Basic information (value update), threshold: 120795955B (45.00), target occupancy: 268435456B, current occupancy: 267386864B, recent allocation size: 4411392B, recent allocation duration: 5.17ms, recent old gen allocation rate: 853845349.85B/s, recent marking phase length: 0.00ms
[5.221s][debug][gc,ihop           ] GC(100) Adaptive IHOP information (value update), threshold: 120795955B (52.94), internal target occupancy: 228170137B, occupancy: 267386864B, additional buffer size: 12582912B, predicted old gen allocation rate: 590434613.78B/s, predicted marking phase length: 0.00ms, prediction active: false
[5.221s][debug][gc,ergo,refine    ] GC(100) Concurrent refinement times: Logged Cards Scan time goal: 20.00ms Logged Cards Scan time: 0.57ms HCC time: 0.00ms
[5.221s][debug][gc,ergo,refine    ] GC(100) Updated Refinement Zones: green: 23679, yellow: 71037, red: 118395
[5.221s][info ][gc                ] GC(100) To-space exhausted
[5.221s][info ][gc,phases         ] GC(100)   Pre Evacuate Collection Set: 0.1ms
[5.221s][debug][gc,phases         ] GC(100)     Prepare TLABs: 0.0ms
[5.221s][debug][gc,phases         ] GC(100)     Concatenate Dirty Card Logs: 0.0ms
[5.221s][debug][gc,phases         ] GC(100)     Choose Collection Set: 0.0ms
[5.221s][debug][gc,phases         ] GC(100)     Region Register: 0.1ms
[5.221s][debug][gc,phases         ] GC(100)     Prepare Heap Roots: 0.0ms
[5.221s][info ][gc,phases         ] GC(100)   Merge Heap Roots: 0.1ms
[5.221s][debug][gc,phases         ] GC(100)     Prepare Merge Heap Roots: 0.0ms
[5.221s][debug][gc,phases         ] GC(100)     Eager Reclaim (ms):            skipped
[5.221s][debug][gc,phases         ] GC(100)     Remembered Sets (ms):          Min:  0.0, Avg:  0.0, Max:  0.0, Diff:  0.0, Sum:  0.0, Workers: 4
[5.221s][debug][gc,phases         ] GC(100)       Merged Sparse:                 Min: 0, Avg:  0.0, Max: 0, Diff: 0, Sum: 0, Workers: 4
[5.221s][debug][gc,phases         ] GC(100)       Merged Fine:                   Min: 0, Avg:  0.0, Max: 0, Diff: 0, Sum: 0, Workers: 4
[5.221s][debug][gc,phases         ] GC(100)       Merged Coarse:                 Min: 0, Avg:  0.0, Max: 0, Diff: 0, Sum: 0, Workers: 4
[5.221s][debug][gc,phases         ] GC(100)       Dirty Cards:                   Min: 0, Avg:  0.0, Max: 0, Diff: 0, Sum: 0, Workers: 4
[5.221s][debug][gc,phases         ] GC(100)     Hot Card Cache (ms):           Min:  0.0, Avg:  0.0, Max:  0.0, Diff:  0.0, Sum:  0.0, Workers: 4
[5.221s][debug][gc,phases         ] GC(100)       Dirty Cards:                   Min: 0, Avg:  0.0, Max: 0, Diff: 0, Sum: 0, Workers: 4
[5.221s][debug][gc,phases         ] GC(100)       Skipped Cards:                 Min: 0, Avg:  0.0, Max: 0, Diff: 0, Sum: 0, Workers: 4
[5.221s][debug][gc,phases         ] GC(100)     Log Buffers (ms):              Min:  0.0, Avg:  0.0, Max:  0.0, Diff:  0.0, Sum:  0.0, Workers: 4
[5.221s][debug][gc,phases         ] GC(100)       Dirty Cards:                   Min: 248, Avg: 376.5, Max: 502, Diff: 254, Sum: 1506, Workers: 4
[5.221s][debug][gc,phases         ] GC(100)       Skipped Cards:                 Min: 0, Avg:  0.0, Max: 0, Diff: 0, Sum: 0, Workers: 4
[5.221s][info ][gc,phases         ] GC(100)   Evacuate Collection Set: 4.9ms
[5.221s][debug][gc,phases         ] GC(100)     Ext Root Scanning (ms):        Min:  0.0, Avg:  0.0, Max:  0.0, Diff:  0.0, Sum:  0.1, Workers: 4
[5.221s][debug][gc,phases         ] GC(100)     Scan Heap Roots (ms):          Min:  0.4, Avg:  0.6, Max:  0.8, Diff:  0.5, Sum:  2.3, Workers: 4
[5.221s][debug][gc,phases         ] GC(100)       Scanned Cards:                 Min: 256, Avg: 380.3, Max: 512, Diff: 256, Sum: 1521, Workers: 4
[5.221s][debug][gc,phases         ] GC(100)       Scanned Blocks:                Min: 1, Avg:  2.0, Max: 3, Diff: 2, Sum: 8, Workers: 4
[5.221s][debug][gc,phases         ] GC(100)       Claimed Chunks:                Min: 1, Avg:  1.8, Max: 2, Diff: 1, Sum: 7, Workers: 4
[5.221s][debug][gc,phases         ] GC(100)     Code Root Scan (ms):           Min:  0.0, Avg:  0.0, Max:  0.0, Diff:  0.0, Sum:  0.0, Workers: 4
[5.222s][debug][gc,phases         ] GC(100)     Object Copy (ms):              Min:  4.1, Avg:  4.3, Max:  4.5, Diff:  0.5, Sum: 17.3, Workers: 4
[5.222s][debug][gc,phases         ] GC(100)     Termination (ms):              Min:  0.0, Avg:  0.0, Max:  0.0, Diff:  0.0, Sum:  0.0, Workers: 4
[5.222s][debug][gc,phases         ] GC(100)       Termination Attempts:          Min: 1, Avg:  1.3, Max: 2, Diff: 1, Sum: 5, Workers: 4
[5.222s][debug][gc,phases         ] GC(100)     GC Worker Other (ms):          Min:  0.0, Avg:  0.0, Max:  0.0, Diff:  0.0, Sum:  0.0, Workers: 4
[5.222s][debug][gc,phases         ] GC(100)     GC Worker Total (ms):          Min:  4.9, Avg:  4.9, Max:  4.9, Diff:  0.0, Sum: 19.7, Workers: 4
[5.222s][info ][gc,phases         ] GC(100)   Post Evacuate Collection Set: 1.3ms
[5.222s][debug][gc,phases         ] GC(100)     Code Roots Fixup: 0.0ms
[5.222s][debug][gc,phases         ] GC(100)     Reference Processing: 0.1ms
[5.222s][debug][gc,phases,ref     ] GC(100)       Reconsider SoftReferences: 0.0ms
[5.222s][debug][gc,phases,ref     ] GC(100)         SoftRef (ms):                  skipped
[5.222s][debug][gc,phases,ref     ] GC(100)       Notify Soft/WeakReferences: 0.0ms
[5.222s][debug][gc,phases,ref     ] GC(100)         SoftRef (ms):                  skipped
[5.222s][debug][gc,phases,ref     ] GC(100)         WeakRef (ms):                  skipped
[5.222s][debug][gc,phases,ref     ] GC(100)         FinalRef (ms):                 skipped
[5.222s][debug][gc,phases,ref     ] GC(100)         Total (ms):                    skipped
[5.222s][debug][gc,phases,ref     ] GC(100)       Notify and keep alive finalizable: 0.0ms
[5.222s][debug][gc,phases,ref     ] GC(100)         FinalRef (ms):                 skipped
[5.222s][debug][gc,phases,ref     ] GC(100)       Notify PhantomReferences: 0.0ms
[5.222s][debug][gc,phases,ref     ] GC(100)         PhantomRef (ms):               skipped
[5.222s][debug][gc,phases,ref     ] GC(100)       SoftReference:
[5.222s][debug][gc,phases,ref     ] GC(100)         Discovered: 0
[5.222s][debug][gc,phases,ref     ] GC(100)         Cleared: 0
[5.222s][debug][gc,phases,ref     ] GC(100)       WeakReference:
[5.222s][debug][gc,phases,ref     ] GC(100)         Discovered: 0
[5.222s][debug][gc,phases,ref     ] GC(100)         Cleared: 0
[5.222s][debug][gc,phases,ref     ] GC(100)       FinalReference:
[5.222s][debug][gc,phases,ref     ] GC(100)         Discovered: 0
[5.222s][debug][gc,phases,ref     ] GC(100)         Cleared: 0
[5.222s][debug][gc,phases,ref     ] GC(100)       PhantomReference:
[5.222s][debug][gc,phases,ref     ] GC(100)         Discovered: 0
[5.222s][debug][gc,phases,ref     ] GC(100)         Cleared: 0
[5.222s][debug][gc,phases         ] GC(100)     Weak Processing: 0.0ms
[5.222s][debug][gc,phases         ] GC(100)       VM Weak                        Min:  0.0, Avg:  0.0, Max:  0.0, Diff:  0.0, Sum:  0.0, Workers: 3
[5.222s][debug][gc,phases         ] GC(100)         Dead                           Min: 0, Avg:  0.0, Max: 0, Diff: 0, Sum: 0, Workers: 3
[5.222s][debug][gc,phases         ] GC(100)         Total                          Min: 0, Avg:  2.7, Max: 8, Diff: 8, Sum: 8, Workers: 3
[5.222s][debug][gc,phases         ] GC(100)       ObjectSynchronizer Weak        Min:  0.0, Avg:  0.0, Max:  0.0, Diff:  0.0, Sum:  0.0, Workers: 3
[5.223s][debug][gc,phases         ] GC(100)         Dead                           Min: 0, Avg:  0.0, Max: 0, Diff: 0, Sum: 0, Workers: 3
[5.223s][debug][gc,phases         ] GC(100)         Total                          Min: 0, Avg:  1.0, Max: 3, Diff: 3, Sum: 3, Workers: 3
[5.223s][debug][gc,phases         ] GC(100)       JVMTI Tag Weak OopStorage      Min:  0.0, Avg:  0.0, Max:  0.0, Diff:  0.0, Sum:  0.0, Workers: 3
[5.223s][debug][gc,phases         ] GC(100)         Dead                           Min: 0, Avg:  0.0, Max: 0, Diff: 0, Sum: 0, Workers: 3
[5.223s][debug][gc,phases         ] GC(100)         Total                          Min: 0, Avg:  0.0, Max: 0, Diff: 0, Sum: 0, Workers: 3
[5.223s][debug][gc,phases         ] GC(100)       StringTable Weak               Min:  0.0, Avg:  0.0, Max:  0.0, Diff:  0.0, Sum:  0.0, Workers: 3
[5.223s][debug][gc,phases         ] GC(100)         Dead                           Min: 0, Avg:  0.0, Max: 0, Diff: 0, Sum: 0, Workers: 3
[5.223s][debug][gc,phases         ] GC(100)         Total                          Min: 665, Avg: 819.0, Max: 896, Diff: 231, Sum: 2457, Workers: 3
[5.223s][debug][gc,phases         ] GC(100)       ResolvedMethodTable Weak       Min:  0.0, Avg:  0.0, Max:  0.0, Diff:  0.0, Sum:  0.0, Workers: 3
[5.223s][debug][gc,phases         ] GC(100)         Dead                           Min: 0, Avg:  0.0, Max: 0, Diff: 0, Sum: 0, Workers: 3
[5.223s][debug][gc,phases         ] GC(100)         Total                          Min: 9, Avg: 45.7, Max: 64, Diff: 55, Sum: 137, Workers: 3
[5.223s][debug][gc,phases         ] GC(100)       JNI Weak                       Min:  0.0, Avg:  0.0, Max:  0.0, Diff:  0.0, Sum:  0.0, Workers: 3
[5.223s][debug][gc,phases         ] GC(100)         Dead                           Min: 0, Avg:  0.0, Max: 0, Diff: 0, Sum: 0, Workers: 3
[5.223s][debug][gc,phases         ] GC(100)         Total                          Min: 0, Avg:  0.0, Max: 0, Diff: 0, Sum: 0, Workers: 3
[5.223s][debug][gc,phases         ] GC(100)       StringDedup Table Weak         Min:  0.0, Avg:  0.0, Max:  0.0, Diff:  0.0, Sum:  0.0, Workers: 3
[5.223s][debug][gc,phases         ] GC(100)         Dead                           Min: 0, Avg:  0.0, Max: 0, Diff: 0, Sum: 0, Workers: 3
[5.223s][debug][gc,phases         ] GC(100)         Total                          Min: 0, Avg:  0.0, Max: 0, Diff: 0, Sum: 0, Workers: 3
[5.223s][debug][gc,phases         ] GC(100)       StringDedup Requests0 Weak     Min:  0.0, Avg:  0.0, Max:  0.0, Diff:  0.0, Sum:  0.0, Workers: 3
[5.223s][debug][gc,phases         ] GC(100)         Dead                           Min: 0, Avg:  0.0, Max: 0, Diff: 0, Sum: 0, Workers: 3
[5.223s][debug][gc,phases         ] GC(100)         Total                          Min: 0, Avg:  0.0, Max: 0, Diff: 0, Sum: 0, Workers: 3
[5.223s][debug][gc,phases         ] GC(100)       StringDedup Requests1 Weak     Min:  0.0, Avg:  0.0, Max:  0.0, Diff:  0.0, Sum:  0.0, Workers: 3
[5.223s][debug][gc,phases         ] GC(100)         Dead                           Min: 0, Avg:  0.0, Max: 0, Diff: 0, Sum: 0, Workers: 3
[5.223s][debug][gc,phases         ] GC(100)         Total                          Min: 0, Avg:  0.0, Max: 0, Diff: 0, Sum: 0, Workers: 3
[5.223s][debug][gc,phases         ] GC(100)       Weak JFR Old Object Samples    Min:  0.0, Avg:  0.0, Max:  0.0, Diff:  0.0, Sum:  0.0, Workers: 3
[5.223s][debug][gc,phases         ] GC(100)         Dead                           Min: 0, Avg:  0.0, Max: 0, Diff: 0, Sum: 0, Workers: 3
[5.223s][debug][gc,phases         ] GC(100)         Total                          Min: 0, Avg:  0.0, Max: 0, Diff: 0, Sum: 0, Workers: 3
[5.223s][debug][gc,phases         ] GC(100)     Post Evacuate Cleanup 1: 1.0ms
[5.223s][debug][gc,phases         ] GC(100)       Merge Per-Thread State (ms):   Min:  0.0, Avg:  0.0, Max:  0.0, Diff:  0.0, Sum:  0.0, Workers: 1
[5.223s][debug][gc,phases         ] GC(100)         Copied Bytes                   Min: 615136, Avg: 755712.0, Max: 899008, Diff: 283872, Sum: 3022848, Workers: 4
[5.223s][debug][gc,phases         ] GC(100)         LAB Waste                      Min: 72, Avg: 112.0, Max: 144, Diff: 72, Sum: 448, Workers: 4
[5.223s][debug][gc,phases         ] GC(100)         LAB Undo Waste                 Min: 0, Avg:  0.0, Max: 0, Diff: 0, Sum: 0, Workers: 4
[5.223s][debug][gc,phases         ] GC(100)       Clear Logged Cards (ms):       Min:  0.0, Avg:  0.0, Max:  0.0, Diff:  0.0, Sum:  0.0, Workers: 4
[5.224s][debug][gc,phases         ] GC(100)       Recalculate Used Memory (ms):  Min:  0.0, Avg:  0.0, Max:  0.0, Diff:  0.0, Sum:  0.0, Workers: 1
[5.224s][debug][gc,phases         ] GC(100)       Remove Self Forwards (ms):     Min:  0.0, Avg:  0.5, Max:  1.0, Diff:  1.0, Sum:  1.9, Workers: 4
[5.224s][debug][gc,phases         ] GC(100)     Post Evacuate Cleanup 2: 0.0ms
[5.224s][debug][gc,phases         ] GC(100)       Recalculate Used Memory (ms):  Min:  0.0, Avg:  0.0, Max:  0.0, Diff:  0.0, Sum:  0.0, Workers: 1
[5.224s][debug][gc,phases         ] GC(100)       Restore Preserved Marks (ms):  Min:  0.0, Avg:  0.0, Max:  0.0, Diff:  0.0, Sum:  0.0, Workers: 4
[5.224s][debug][gc,phases         ] GC(100)       Reset Hot Card Cache (ms):     Min:  0.0, Avg:  0.0, Max:  0.0, Diff:  0.0, Sum:  0.0, Workers: 1
[5.224s][debug][gc,phases         ] GC(100)       Purge Code Roots (ms):         Min:  0.0, Avg:  0.0, Max:  0.0, Diff:  0.0, Sum:  0.0, Workers: 1
[5.224s][debug][gc,phases         ] GC(100)       Update Derived Pointers (ms):  Min:  0.0, Avg:  0.0, Max:  0.0, Diff:  0.0, Sum:  0.0, Workers: 1
[5.224s][debug][gc,phases         ] GC(100)       Eagerly Reclaim Humongous Objects (ms): Min:  0.0, Avg:  0.0, Max:  0.0, Diff:  0.0, Sum:  0.0, Workers: 1
[5.224s][debug][gc,phases         ] GC(100)         Humongous Total                Min: 1, Avg:  1.0, Max: 1, Diff: 0, Sum: 1, Workers: 1
[5.224s][debug][gc,phases         ] GC(100)         Humongous Candidates           Min: 0, Avg:  0.0, Max: 0, Diff: 0, Sum: 0, Workers: 1
[5.224s][debug][gc,phases         ] GC(100)         Humongous Reclaimed            Min: 0, Avg:  0.0, Max: 0, Diff: 0, Sum: 0, Workers: 1
[5.224s][debug][gc,phases         ] GC(100)       Redirty Logged Cards (ms):     Min:  0.0, Avg:  0.0, Max:  0.0, Diff:  0.0, Sum:  0.0, Workers: 4
[5.224s][debug][gc,phases         ] GC(100)         Redirtied Cards:               Min: 0, Avg: 151.3, Max: 311, Diff: 311, Sum: 605, Workers: 4
[5.224s][debug][gc,phases         ] GC(100)       Free Collection Set (ms):      Min:  0.0, Avg:  0.0, Max:  0.0, Diff:  0.0, Sum:  0.0, Workers: 4
[5.224s][debug][gc,phases         ] GC(100)     Rebuild Free List: 0.1ms
[5.224s][debug][gc,phases         ] GC(100)     Start New Collection Set: 0.0ms
[5.224s][debug][gc,phases         ] GC(100)     Resize TLABs: 0.0ms
[5.224s][debug][gc,phases         ] GC(100)     Expand Heap After Collection: 0.0ms
[5.224s][info ][gc,phases         ] GC(100)   Other: 0.8ms
[5.224s][info ][gc,heap           ] GC(100) Eden regions: 1->0(11)
[5.224s][info ][gc,heap           ] GC(100) Survivor regions: 2->1(2)
[5.224s][info ][gc,heap           ] GC(100) Old regions: 214->218
[5.224s][info ][gc,heap           ] GC(100) Archive regions: 0->0
[5.224s][info ][gc,heap           ] GC(100) Humongous regions: 36->36
[5.224s][info ][gc,metaspace      ] GC(100) Metaspace: 471K(640K)->471K(640K) NonClass: 438K(512K)->438K(512K) Class: 33K(128K)->33K(128K)
[5.224s][debug][gc,heap           ] GC(100) Heap after GC invocations=95 (full 4):
[5.224s][debug][gc,heap           ] GC(100)  garbage-first heap   total 262144K, used 261119K [0x00000000f0000000, 0x0000000100000000)
[5.224s][debug][gc,heap           ] GC(100)   region size 1024K, 1 young (1024K), 1 survivors (1024K)
[5.224s][debug][gc,heap           ] GC(100)  Metaspace       used 471K, committed 640K, reserved 1056768K
[5.224s][debug][gc,heap           ] GC(100)   class space    used 33K, committed 128K, reserved 1048576K
[5.224s][info ][gc                ] GC(100) Pause Young (Normal) (G1 Preventive Collection) 252M->254M(256M) 10.604ms
[5.224s][info ][gc,cpu            ] GC(100) User=0.00s Sys=0.00s Real=0.01s
[5.227s][debug][gc,heap           ] GC(101) Heap before GC invocations=95 (full 4):
[5.227s][debug][gc,heap           ] GC(101)  garbage-first heap   total 262144K, used 262143K [0x00000000f0000000, 0x0000000100000000)
[5.227s][debug][gc,heap           ] GC(101)   region size 1024K, 2 young (2048K), 1 survivors (1024K)
[5.227s][debug][gc,heap           ] GC(101)  Metaspace       used 471K, committed 640K, reserved 1056768K
[5.227s][debug][gc,heap           ] GC(101)   class space    used 33K, committed 128K, reserved 1048576K
[5.227s][info ][gc,start          ] GC(101) Pause Young (Normal) (G1 Evacuation Pause)
[5.227s][info ][gc,task           ] GC(101) Using 4 workers of 4 for evacuation
[5.227s][debug][gc,tlab           ] GC(101) TLAB totals: thrds: 1  refills: 6 max: 6 slow allocs: 0 max 0 waste:  0.3% gc: 0B max: 0B slow: 3488B max: 3488B
[5.227s][debug][gc,age            ] GC(101) Desired survivor size 1048576 bytes, new threshold 15 (max threshold 15)
[5.227s][debug][gc,refine,stats   ] GC(101) Mutator refinement: 0.00ms, refined: 0, precleaned: 0, dirtied: 510
[5.227s][debug][gc,refine,stats   ] GC(101) Concurrent refinement: 0.00ms, refined: 0, precleaned: 0, dirtied: 0
[5.227s][debug][gc,refine,stats   ] GC(101) Total refinement: 0.00ms, refined: 0, precleaned: 0, dirtied: 510
[5.227s][debug][gc,refine,stats   ] GC(101) Generate dirty cards rate: 27.69 cards/ms
[5.227s][debug][gc,alloc,region   ] GC(101) Mutator Allocation stats, regions: 1, wasted size: 0B ( 0.0%)
[5.227s][debug][gc,humongous      ] GC(101) Humongous region 173 (object size 36920416 @ 0x00000000fad00000) remset 0 code roots 0 marked 1 reclaim candidate 0 type array 0
[5.227s][debug][gc,ergo           ] GC(101) Running G1 Merge Heap Roots using 4 workers for 2 regions
[5.227s][debug][gc,remset         ] GC(101) Visited cards 1536 Total dirty 4096 (37.50%) Total old 528384 (0.29%)
[5.228s][debug][gc,ergo,heap      ] GC(101) Attempt heap expansion (region allocation request failed). Allocation request: 113776B
[5.228s][debug][gc,ergo,heap      ] GC(101) Did not expand the heap (heap already fully expanded)
[5.232s][debug][gc,ref            ] GC(101) Skipped phase 1 of Reference Processing: no references
[5.232s][debug][gc,ref            ] GC(101) Skipped phase 2 of Reference Processing: no references
[5.232s][debug][gc,ref            ] GC(101) Skipped phase 3 of Reference Processing: no references
[5.232s][debug][gc,ref            ] GC(101) Skipped phase 4 of Reference Processing: no references
[5.234s][debug][gc,ergo           ] GC(101) Running G1 Rebuild Free List Task using 4 workers for rebuilding free list of regions
[5.235s][debug][gc,plab           ] GC(101) Young PLAB allocation: allocated: 0B, wasted: 0B, unused: 0B, used: 0B, undo waste: 0B, 
[5.235s][debug][gc,plab           ] GC(101) Young other allocation: region end waste: 0B, regions filled: 0, direct allocated: 0B, failure used: 0B, failure wasted: 0B
[5.235s][debug][gc,plab           ] GC(101) Young sizing: calculated: 0B, actual: 62688B
[5.235s][debug][gc,plab           ] GC(101) Old PLAB allocation: allocated: 0B, wasted: 0B, unused: 0B, used: 0B, undo waste: 0B, 
[5.235s][debug][gc,plab           ] GC(101) Old other allocation: region end waste: 0B, regions filled: 0, direct allocated: 0B, failure used: 2030256B, failure wasted: 66896B
[5.235s][debug][gc,plab           ] GC(101) Old sizing: calculated: 0B, actual: 113776B
[5.235s][debug][gc,ergo,heap      ] GC(101) Heap expansion: short term pause time ratio 40.90% long term pause time ratio 44.32% threshold 7.69% pause time ratio 7.69% fully expanded true resize by 0B
[5.235s][debug][gc,mmu            ] GC(101) MMU: 91.8ms (200.0ms/201.0ms)
[5.235s][debug][gc,alloc,stats    ] Old generation allocation in the last mutator period, old gen allocated: 2097152B, humongous allocated: 0B,old gen growth: 2097152B.
[5.235s][debug][gc,ihop           ] GC(101) Basic information (value update), threshold: 120795955B (45.00), target occupancy: 268435456B, current occupancy: 268435440B, recent allocation size: 2097152B, recent allocation duration: 18.42ms, recent old gen allocation rate: 113856845.03B/s, recent marking phase length: 0.00ms
[5.235s][debug][gc,ihop           ] GC(101) Adaptive IHOP information (value update), threshold: 120795955B (52.94), internal target occupancy: 228170137B, occupancy: 268435440B, additional buffer size: 12582912B, predicted old gen allocation rate: 576009559.23B/s, predicted marking phase length: 0.00ms, prediction active: false
[5.235s][debug][gc,ergo,refine    ] GC(101) Concurrent refinement times: Logged Cards Scan time goal: 20.00ms Logged Cards Scan time: 0.67ms HCC time: 0.00ms
[5.235s][debug][gc,ergo,refine    ] GC(101) Updated Refinement Zones: green: 23679, yellow: 71037, red: 118395
[5.235s][info ][gc                ] GC(101) To-space exhausted
[5.235s][info ][gc,phases         ] GC(101)   Pre Evacuate Collection Set: 0.1ms
[5.235s][debug][gc,phases         ] GC(101)     Prepare TLABs: 0.0ms
[5.235s][debug][gc,phases         ] GC(101)     Concatenate Dirty Card Logs: 0.0ms
[5.235s][debug][gc,phases         ] GC(101)     Choose Collection Set: 0.0ms
[5.235s][debug][gc,phases         ] GC(101)     Region Register: 0.1ms
[5.235s][debug][gc,phases         ] GC(101)     Prepare Heap Roots: 0.0ms
[5.235s][info ][gc,phases         ] GC(101)   Merge Heap Roots: 0.1ms
[5.235s][debug][gc,phases         ] GC(101)     Prepare Merge Heap Roots: 0.0ms
[5.235s][debug][gc,phases         ] GC(101)     Eager Reclaim (ms):            skipped
[5.235s][debug][gc,phases         ] GC(101)     Remembered Sets (ms):          Min:  0.0, Avg:  0.0, Max:  0.0, Diff:  0.0, Sum:  0.0, Workers: 4
[5.235s][debug][gc,phases         ] GC(101)       Merged Sparse:                 Min: 0, Avg:  0.0, Max: 0, Diff: 0, Sum: 0, Workers: 4
[5.235s][debug][gc,phases         ] GC(101)       Merged Fine:                   Min: 0, Avg:  0.0, Max: 0, Diff: 0, Sum: 0, Workers: 4
[5.235s][debug][gc,phases         ] GC(101)       Merged Coarse:                 Min: 0, Avg:  0.0, Max: 0, Diff: 0, Sum: 0, Workers: 4
[5.235s][debug][gc,phases         ] GC(101)       Dirty Cards:                   Min: 0, Avg:  0.0, Max: 0, Diff: 0, Sum: 0, Workers: 4
[5.235s][debug][gc,phases         ] GC(101)     Hot Card Cache (ms):           Min:  0.0, Avg:  0.0, Max:  0.0, Diff:  0.0, Sum:  0.0, Workers: 4
[5.235s][debug][gc,phases         ] GC(101)       Dirty Cards:                   Min: 0, Avg:  0.0, Max: 0, Diff: 0, Sum: 0, Workers: 4
[5.235s][debug][gc,phases         ] GC(101)       Skipped Cards:                 Min: 0, Avg:  0.0, Max: 0, Diff: 0, Sum: 0, Workers: 4
[5.235s][debug][gc,phases         ] GC(101)     Log Buffers (ms):              Min:  0.0, Avg:  0.0, Max:  0.0, Diff:  0.0, Sum:  0.0, Workers: 4
[5.235s][debug][gc,phases         ] GC(101)       Dirty Cards:                   Min: 30, Avg: 270.8, Max: 366, Diff: 336, Sum: 1083, Workers: 4
[5.235s][debug][gc,phases         ] GC(101)       Skipped Cards:                 Min: 0, Avg:  0.0, Max: 0, Diff: 0, Sum: 0, Workers: 4
[5.235s][info ][gc,phases         ] GC(101)   Evacuate Collection Set: 4.3ms
[5.235s][debug][gc,phases         ] GC(101)     Ext Root Scanning (ms):        Min:  0.0, Avg:  0.0, Max:  0.0, Diff:  0.0, Sum:  0.1, Workers: 4
[5.235s][debug][gc,phases         ] GC(101)     Scan Heap Roots (ms):          Min:  0.3, Avg:  0.7, Max:  1.3, Diff:  0.9, Sum:  2.7, Workers: 4
[5.235s][debug][gc,phases         ] GC(101)       Scanned Cards:                 Min: 226, Avg: 257.0, Max: 290, Diff: 64, Sum: 1028, Workers: 4
[5.235s][debug][gc,phases         ] GC(101)       Scanned Blocks:                Min: 1, Avg:  1.8, Max: 3, Diff: 2, Sum: 7, Workers: 4
[5.235s][debug][gc,phases         ] GC(101)       Claimed Chunks:                Min: 1, Avg:  1.5, Max: 2, Diff: 1, Sum: 6, Workers: 4
[5.235s][debug][gc,phases         ] GC(101)     Code Root Scan (ms):           Min:  0.0, Avg:  0.0, Max:  0.0, Diff:  0.0, Sum:  0.0, Workers: 4
[5.235s][debug][gc,phases         ] GC(101)     Object Copy (ms):              Min:  3.0, Avg:  3.6, Max:  3.9, Diff:  0.9, Sum: 14.4, Workers: 4
[5.235s][debug][gc,phases         ] GC(101)     Termination (ms):              Min:  0.0, Avg:  0.0, Max:  0.0, Diff:  0.0, Sum:  0.0, Workers: 4
[5.235s][debug][gc,phases         ] GC(101)       Termination Attempts:          Min: 1, Avg:  1.0, Max: 1, Diff: 0, Sum: 4, Workers: 4
[5.235s][debug][gc,phases         ] GC(101)     GC Worker Other (ms):          Min:  0.0, Avg:  0.0, Max:  0.0, Diff:  0.0, Sum:  0.0, Workers: 4
[5.235s][debug][gc,phases         ] GC(101)     GC Worker Total (ms):          Min:  4.3, Avg:  4.3, Max:  4.3, Diff:  0.0, Sum: 17.2, Workers: 4
[5.235s][info ][gc,phases         ] GC(101)   Post Evacuate Collection Set: 2.8ms
[5.235s][debug][gc,phases         ] GC(101)     Code Roots Fixup: 0.0ms
[5.235s][debug][gc,phases         ] GC(101)     Reference Processing: 0.1ms
[5.236s][debug][gc,phases,ref     ] GC(101)       Reconsider SoftReferences: 0.1ms
[5.236s][debug][gc,phases,ref     ] GC(101)         SoftRef (ms):                  skipped
[5.236s][debug][gc,phases,ref     ] GC(101)       Notify Soft/WeakReferences: 0.0ms
[5.236s][debug][gc,phases,ref     ] GC(101)         SoftRef (ms):                  skipped
[5.236s][debug][gc,phases,ref     ] GC(101)         WeakRef (ms):                  skipped
[5.236s][debug][gc,phases,ref     ] GC(101)         FinalRef (ms):                 skipped
[5.236s][debug][gc,phases,ref     ] GC(101)         Total (ms):                    skipped
[5.236s][debug][gc,phases,ref     ] GC(101)       Notify and keep alive finalizable: 0.0ms
[5.236s][debug][gc,phases,ref     ] GC(101)         FinalRef (ms):                 skipped
[5.236s][debug][gc,phases,ref     ] GC(101)       Notify PhantomReferences: 0.0ms
[5.236s][debug][gc,phases,ref     ] GC(101)         PhantomRef (ms):               skipped
[5.236s][debug][gc,phases,ref     ] GC(101)       SoftReference:
[5.236s][debug][gc,phases,ref     ] GC(101)         Discovered: 0
[5.236s][debug][gc,phases,ref     ] GC(101)         Cleared: 0
[5.236s][debug][gc,phases,ref     ] GC(101)       WeakReference:
[5.236s][debug][gc,phases,ref     ] GC(101)         Discovered: 0
[5.236s][debug][gc,phases,ref     ] GC(101)         Cleared: 0
[5.236s][debug][gc,phases,ref     ] GC(101)       FinalReference:
[5.236s][debug][gc,phases,ref     ] GC(101)         Discovered: 0
[5.236s][debug][gc,phases,ref     ] GC(101)         Cleared: 0
[5.236s][debug][gc,phases,ref     ] GC(101)       PhantomReference:
[5.236s][debug][gc,phases,ref     ] GC(101)         Discovered: 0
[5.236s][debug][gc,phases,ref     ] GC(101)         Cleared: 0
[5.236s][debug][gc,phases         ] GC(101)     Weak Processing: 0.0ms
[5.236s][debug][gc,phases         ] GC(101)       VM Weak                        Min:  0.0, Avg:  0.0, Max:  0.0, Diff:  0.0, Sum:  0.0, Workers: 3
[5.236s][debug][gc,phases         ] GC(101)         Dead                           Min: 0, Avg:  0.0, Max: 0, Diff: 0, Sum: 0, Workers: 3
[5.236s][debug][gc,phases         ] GC(101)         Total                          Min: 0, Avg:  2.7, Max: 8, Diff: 8, Sum: 8, Workers: 3
[5.236s][debug][gc,phases         ] GC(101)       ObjectSynchronizer Weak        Min:  0.0, Avg:  0.0, Max:  0.0, Diff:  0.0, Sum:  0.0, Workers: 3
[5.236s][debug][gc,phases         ] GC(101)         Dead                           Min: 0, Avg:  0.0, Max: 0, Diff: 0, Sum: 0, Workers: 3
[5.236s][debug][gc,phases         ] GC(101)         Total                          Min: 0, Avg:  1.0, Max: 3, Diff: 3, Sum: 3, Workers: 3
[5.236s][debug][gc,phases         ] GC(101)       JVMTI Tag Weak OopStorage      Min:  0.0, Avg:  0.0, Max:  0.0, Diff:  0.0, Sum:  0.0, Workers: 3
[5.236s][debug][gc,phases         ] GC(101)         Dead                           Min: 0, Avg:  0.0, Max: 0, Diff: 0, Sum: 0, Workers: 3
[5.236s][debug][gc,phases         ] GC(101)         Total                          Min: 0, Avg:  0.0, Max: 0, Diff: 0, Sum: 0, Workers: 3
[5.236s][debug][gc,phases         ] GC(101)       StringTable Weak               Min:  0.0, Avg:  0.0, Max:  0.0, Diff:  0.0, Sum:  0.0, Workers: 3
[5.236s][debug][gc,phases         ] GC(101)         Dead                           Min: 0, Avg:  0.0, Max: 0, Diff: 0, Sum: 0, Workers: 3
[5.236s][debug][gc,phases         ] GC(101)         Total                          Min: 729, Avg: 819.0, Max: 960, Diff: 231, Sum: 2457, Workers: 3
[5.236s][debug][gc,phases         ] GC(101)       ResolvedMethodTable Weak       Min:  0.0, Avg:  0.0, Max:  0.0, Diff:  0.0, Sum:  0.0, Workers: 3
[5.236s][debug][gc,phases         ] GC(101)         Dead                           Min: 0, Avg:  0.0, Max: 0, Diff: 0, Sum: 0, Workers: 3
[5.236s][debug][gc,phases         ] GC(101)         Total                          Min: 9, Avg: 45.7, Max: 64, Diff: 55, Sum: 137, Workers: 3
[5.236s][debug][gc,phases         ] GC(101)       JNI Weak                       Min:  0.0, Avg:  0.0, Max:  0.0, Diff:  0.0, Sum:  0.0, Workers: 3
[5.236s][debug][gc,phases         ] GC(101)         Dead                           Min: 0, Avg:  0.0, Max: 0, Diff: 0, Sum: 0, Workers: 3
[5.236s][debug][gc,phases         ] GC(101)         Total                          Min: 0, Avg:  0.0, Max: 0, Diff: 0, Sum: 0, Workers: 3
[5.236s][debug][gc,phases         ] GC(101)       StringDedup Table Weak         Min:  0.0, Avg:  0.0, Max:  0.0, Diff:  0.0, Sum:  0.0, Workers: 3
[5.236s][debug][gc,phases         ] GC(101)         Dead                           Min: 0, Avg:  0.0, Max: 0, Diff: 0, Sum: 0, Workers: 3
[5.236s][debug][gc,phases         ] GC(101)         Total                          Min: 0, Avg:  0.0, Max: 0, Diff: 0, Sum: 0, Workers: 3
[5.236s][debug][gc,phases         ] GC(101)       StringDedup Requests0 Weak     Min:  0.0, Avg:  0.0, Max:  0.0, Diff:  0.0, Sum:  0.0, Workers: 3
[5.236s][debug][gc,phases         ] GC(101)         Dead                           Min: 0, Avg:  0.0, Max: 0, Diff: 0, Sum: 0, Workers: 3
[5.236s][debug][gc,phases         ] GC(101)         Total                          Min: 0, Avg:  0.0, Max: 0, Diff: 0, Sum: 0, Workers: 3
[5.236s][debug][gc,phases         ] GC(101)       StringDedup Requests1 Weak     Min:  0.0, Avg:  0.0, Max:  0.0, Diff:  0.0, Sum:  0.0, Workers: 3
[5.236s][debug][gc,phases         ] GC(101)         Dead                           Min: 0, Avg:  0.0, Max: 0, Diff: 0, Sum: 0, Workers: 3
[5.236s][debug][gc,phases         ] GC(101)         Total                          Min: 0, Avg:  0.0, Max: 0, Diff: 0, Sum: 0, Workers: 3
[5.236s][debug][gc,phases         ] GC(101)       Weak JFR Old Object Samples    Min:  0.0, Avg:  0.0, Max:  0.0, Diff:  0.0, Sum:  0.0, Workers: 3
[5.237s][debug][gc,phases         ] GC(101)         Dead                           Min: 0, Avg:  0.0, Max: 0, Diff: 0, Sum: 0, Workers: 3
[5.237s][debug][gc,phases         ] GC(101)         Total                          Min: 0, Avg:  0.0, Max: 0, Diff: 0, Sum: 0, Workers: 3
[5.237s][debug][gc,phases         ] GC(101)     Post Evacuate Cleanup 1: 2.5ms
[5.237s][debug][gc,phases         ] GC(101)       Merge Per-Thread State (ms):   Min:  0.0, Avg:  0.0, Max:  0.0, Diff:  0.0, Sum:  0.0, Workers: 1
[5.237s][debug][gc,phases         ] GC(101)         Copied Bytes                   Min: 0, Avg:  0.0, Max: 0, Diff: 0, Sum: 0, Workers: 4
[5.237s][debug][gc,phases         ] GC(101)         LAB Waste                      Min: 0, Avg:  0.0, Max: 0, Diff: 0, Sum: 0, Workers: 4
[5.237s][debug][gc,phases         ] GC(101)         LAB Undo Waste                 Min: 0, Avg:  0.0, Max: 0, Diff: 0, Sum: 0, Workers: 4
[5.237s][debug][gc,phases         ] GC(101)       Clear Logged Cards (ms):       Min:  0.0, Avg:  0.0, Max:  0.0, Diff:  0.0, Sum:  0.0, Workers: 4
[5.237s][debug][gc,phases         ] GC(101)       Recalculate Used Memory (ms):  Min:  0.0, Avg:  0.0, Max:  0.0, Diff:  0.0, Sum:  0.0, Workers: 1
[5.237s][debug][gc,phases         ] GC(101)       Remove Self Forwards (ms):     Min:  0.0, Avg:  1.2, Max:  2.5, Diff:  2.5, Sum:  4.8, Workers: 4
[5.237s][debug][gc,phases         ] GC(101)     Post Evacuate Cleanup 2: 0.1ms
[5.237s][debug][gc,phases         ] GC(101)       Recalculate Used Memory (ms):  Min:  0.0, Avg:  0.0, Max:  0.0, Diff:  0.0, Sum:  0.0, Workers: 1
[5.237s][debug][gc,phases         ] GC(101)       Restore Preserved Marks (ms):  Min:  0.0, Avg:  0.0, Max:  0.0, Diff:  0.0, Sum:  0.0, Workers: 4
[5.237s][debug][gc,phases         ] GC(101)       Reset Hot Card Cache (ms):     Min:  0.0, Avg:  0.0, Max:  0.0, Diff:  0.0, Sum:  0.0, Workers: 1
[5.237s][debug][gc,phases         ] GC(101)       Purge Code Roots (ms):         Min:  0.0, Avg:  0.0, Max:  0.0, Diff:  0.0, Sum:  0.0, Workers: 1
[5.237s][debug][gc,phases         ] GC(101)       Update Derived Pointers (ms):  Min:  0.0, Avg:  0.0, Max:  0.0, Diff:  0.0, Sum:  0.0, Workers: 1
[5.237s][debug][gc,phases         ] GC(101)       Eagerly Reclaim Humongous Objects (ms): Min:  0.0, Avg:  0.0, Max:  0.0, Diff:  0.0, Sum:  0.0, Workers: 1
[5.237s][debug][gc,phases         ] GC(101)         Humongous Total                Min: 1, Avg:  1.0, Max: 1, Diff: 0, Sum: 1, Workers: 1
[5.237s][debug][gc,phases         ] GC(101)         Humongous Candidates           Min: 0, Avg:  0.0, Max: 0, Diff: 0, Sum: 0, Workers: 1
[5.237s][debug][gc,phases         ] GC(101)         Humongous Reclaimed            Min: 0, Avg:  0.0, Max: 0, Diff: 0, Sum: 0, Workers: 1
[5.237s][debug][gc,phases         ] GC(101)       Redirty Logged Cards (ms):     Min:  0.0, Avg:  0.0, Max:  0.0, Diff:  0.0, Sum:  0.0, Workers: 4
[5.237s][debug][gc,phases         ] GC(101)         Redirtied Cards:               Min: 0, Avg: 297.3, Max: 514, Diff: 514, Sum: 1189, Workers: 4
[5.237s][debug][gc,phases         ] GC(101)       Free Collection Set (ms):      Min:  0.0, Avg:  0.0, Max:  0.0, Diff:  0.0, Sum:  0.0, Workers: 4
[5.237s][debug][gc,phases         ] GC(101)     Rebuild Free List: 0.1ms
[5.237s][debug][gc,phases         ] GC(101)     Start New Collection Set: 0.0ms
[5.237s][debug][gc,phases         ] GC(101)     Resize TLABs: 0.0ms
[5.237s][debug][gc,phases         ] GC(101)     Expand Heap After Collection: 0.0ms
[5.237s][info ][gc,phases         ] GC(101)   Other: 0.8ms
[5.237s][info ][gc,heap           ] GC(101) Eden regions: 1->0(12)
[5.237s][info ][gc,heap           ] GC(101) Survivor regions: 1->0(0)
[5.237s][info ][gc,heap           ] GC(101) Old regions: 218->220
[5.237s][info ][gc,heap           ] GC(101) Archive regions: 0->0
[5.237s][info ][gc,heap           ] GC(101) Humongous regions: 36->36
[5.237s][info ][gc,metaspace      ] GC(101) Metaspace: 471K(640K)->471K(640K) NonClass: 438K(512K)->438K(512K) Class: 33K(128K)->33K(128K)
[5.237s][debug][gc,heap           ] GC(101) Heap after GC invocations=96 (full 4):
[5.237s][debug][gc,heap           ] GC(101)  garbage-first heap   total 262144K, used 262143K [0x00000000f0000000, 0x0000000100000000)
[5.237s][debug][gc,heap           ] GC(101)   region size 1024K, 0 young (0K), 0 survivors (0K)
[5.237s][debug][gc,heap           ] GC(101)  Metaspace       used 471K, committed 640K, reserved 1056768K
[5.237s][debug][gc,heap           ] GC(101)   class space    used 33K, committed 128K, reserved 1048576K
[5.237s][info ][gc                ] GC(101) Pause Young (Normal) (G1 Evacuation Pause) 255M->255M(256M) 10.481ms
[5.237s][info ][gc,cpu            ] GC(101) User=0.00s Sys=0.00s Real=0.01s
[5.237s][debug][gc,ergo,heap      ] Attempt heap expansion (allocation request failed). Allocation request: 2048B
[5.237s][debug][gc,ergo,heap      ] Expand the heap. requested expansion amount: 1048576B expansion amount: 1048576B
[5.237s][debug][gc,ergo,heap      ] Did not expand the heap (heap already fully expanded)
[5.237s][info ][gc,ergo           ] Attempting full compaction
[5.237s][debug][gc,task           ] GC(102) Requesting 4 active workers for full compaction (waste limited workers: 4, adaptive workers: 4, used limited workers: 256)
[5.238s][info ][gc,task           ] GC(102) Using 4 workers of 4 for full compaction
[5.238s][info ][gc,start          ] GC(102) Pause Full (G1 Compaction Pause)
[5.238s][debug][gc,heap           ] GC(102) Heap before GC invocations=96 (full 4):
[5.238s][debug][gc,heap           ] GC(102)  garbage-first heap   total 262144K, used 262143K [0x00000000f0000000, 0x0000000100000000)
[5.238s][debug][gc,heap           ] GC(102)   region size 1024K, 0 young (0K), 0 survivors (0K)
[5.238s][debug][gc,heap           ] GC(102)  Metaspace       used 471K, committed 640K, reserved 1056768K
[5.238s][debug][gc,heap           ] GC(102)   class space    used 33K, committed 128K, reserved 1048576K
[5.238s][debug][gc,start          ] GC(102) Clear Next Bitmap
[5.238s][debug][gc,ergo           ] GC(102) Running G1 Clear Bitmap with 4 workers for 4 work units.
[5.238s][debug][gc                ] GC(102) Clear Next Bitmap 0.336ms
[5.238s][debug][gc,alloc,region   ] GC(102) Mutator Allocation stats, regions: 0, wasted size: 0B ( 0.0%)
[5.238s][info ][gc,phases,start   ] GC(102) Phase 1: Mark live objects
[5.285s][debug][gc,phases,start   ] GC(102) Phase 1: Reference Processing
[5.285s][debug][gc,ref            ] GC(102) ReferenceProcessor::execute queues: 4, RefProcThreadModel::Multi, marks_oops_alive: true
[5.286s][debug][gc,ref            ] GC(102) ReferenceProcessor::execute queues: 1, RefProcThreadModel::Single, marks_oops_alive: false
[5.286s][debug][gc,ref            ] GC(102) Skipped phase 3 of Reference Processing: no references
[5.286s][debug][gc,ref            ] GC(102) ReferenceProcessor::execute queues: 1, RefProcThreadModel::Single, marks_oops_alive: false
[5.286s][debug][gc,phases,ref     ] GC(102) Reference Processing: 0.2ms
[5.286s][debug][gc,phases,ref     ] GC(102)   Reconsider SoftReferences: 0.1ms
[5.286s][debug][gc,phases,ref     ] GC(102)     Balance queues: 0.0ms
[5.286s][debug][gc,phases,ref     ] GC(102)     SoftRef (ms):                  Min:  0.0, Avg:  0.0, Max:  0.0, Diff:  0.0, Sum:  0.0, Workers: 4
[5.286s][debug][gc,phases,ref     ] GC(102)   Notify Soft/WeakReferences: 0.1ms
[5.286s][debug][gc,phases,ref     ] GC(102)     SoftRef (ms):                  Min:  0.0, Avg:  0.0, Max:  0.0, Diff:  0.0, Sum:  0.0, Workers: 4
[5.286s][debug][gc,phases,ref     ] GC(102)     WeakRef (ms):                  Min:  0.0, Avg:  0.0, Max:  0.0, Diff:  0.0, Sum:  0.0, Workers: 4
[5.286s][debug][gc,phases,ref     ] GC(102)     FinalRef (ms):                 Min:  0.0, Avg:  0.0, Max:  0.0, Diff:  0.0, Sum:  0.0, Workers: 4
[5.286s][debug][gc,phases,ref     ] GC(102)     Total (ms):                    Min:  0.0, Avg:  0.0, Max:  0.0, Diff:  0.0, Sum:  0.0, Workers: 4
[5.286s][debug][gc,phases,ref     ] GC(102)   Notify and keep alive finalizable: 0.0ms
[5.286s][debug][gc,phases,ref     ] GC(102)     FinalRef (ms):                 skipped
[5.286s][debug][gc,phases,ref     ] GC(102)   Notify PhantomReferences: 0.0ms
[5.286s][debug][gc,phases,ref     ] GC(102)     PhantomRef (ms):               Min:  0.0, Avg:  0.0, Max:  0.0, Diff:  0.0, Sum:  0.0, Workers: 4
[5.286s][debug][gc,phases,ref     ] GC(102)   SoftReference:
[5.286s][debug][gc,phases,ref     ] GC(102)     Discovered: 9
[5.286s][debug][gc,phases,ref     ] GC(102)     Cleared: 9
[5.286s][debug][gc,phases,ref     ] GC(102)   WeakReference:
[5.286s][debug][gc,phases,ref     ] GC(102)     Discovered: 64
[5.286s][debug][gc,phases,ref     ] GC(102)     Cleared: 64
[5.286s][debug][gc,phases,ref     ] GC(102)   FinalReference:
[5.286s][debug][gc,phases,ref     ] GC(102)     Discovered: 0
[5.286s][debug][gc,phases,ref     ] GC(102)     Cleared: 0
[5.286s][debug][gc,phases,ref     ] GC(102)   PhantomReference:
[5.286s][debug][gc,phases,ref     ] GC(102)     Discovered: 1
[5.286s][debug][gc,phases,ref     ] GC(102)     Cleared: 1
[5.286s][debug][gc,phases         ] GC(102) Phase 1: Reference Processing 0.984ms
[5.286s][debug][gc,phases,start   ] GC(102) Phase 1: Weak Processing
[5.286s][debug][gc,phases         ] GC(102)   VM Weak                        Min:  0.0, Avg:  0.0, Max:  0.0, Diff:  0.0, Sum:  0.0, Workers: 3
[5.286s][debug][gc,phases         ] GC(102)     Dead                           Min: 0, Avg:  0.0, Max: 0, Diff: 0, Sum: 0, Workers: 3
[5.287s][debug][gc,phases         ] GC(102)     Total                          Min: 0, Avg:  2.7, Max: 8, Diff: 8, Sum: 8, Workers: 3
[5.287s][debug][gc,phases         ] GC(102)   ObjectSynchronizer Weak        Min:  0.0, Avg:  0.0, Max:  0.0, Diff:  0.0, Sum:  0.0, Workers: 3
[5.287s][debug][gc,phases         ] GC(102)     Dead                           Min: 0, Avg:  0.0, Max: 0, Diff: 0, Sum: 0, Workers: 3
[5.287s][debug][gc,phases         ] GC(102)     Total                          Min: 0, Avg:  1.0, Max: 3, Diff: 3, Sum: 3, Workers: 3
[5.287s][debug][gc,phases         ] GC(102)   JVMTI Tag Weak OopStorage      Min:  0.0, Avg:  0.0, Max:  0.0, Diff:  0.0, Sum:  0.0, Workers: 3
[5.287s][debug][gc,phases         ] GC(102)     Dead                           Min: 0, Avg:  0.0, Max: 0, Diff: 0, Sum: 0, Workers: 3
[5.287s][debug][gc,phases         ] GC(102)     Total                          Min: 0, Avg:  0.0, Max: 0, Diff: 0, Sum: 0, Workers: 3
[5.287s][debug][gc,phases         ] GC(102)   StringTable Weak               Min:  0.0, Avg:  0.0, Max:  0.0, Diff:  0.0, Sum:  0.0, Workers: 3
[5.287s][debug][gc,phases         ] GC(102)     Dead                           Min: 0, Avg:  0.0, Max: 0, Diff: 0, Sum: 0, Workers: 3
[5.287s][debug][gc,phases         ] GC(102)     Total                          Min: 448, Avg: 819.0, Max: 1088, Diff: 640, Sum: 2457, Workers: 3
[5.287s][debug][gc,phases         ] GC(102)   ResolvedMethodTable Weak       Min:  0.0, Avg:  0.0, Max:  0.0, Diff:  0.0, Sum:  0.0, Workers: 3
[5.287s][debug][gc,phases         ] GC(102)     Dead                           Min: 0, Avg:  0.0, Max: 0, Diff: 0, Sum: 0, Workers: 3
[5.287s][debug][gc,phases         ] GC(102)     Total                          Min: 9, Avg: 45.7, Max: 64, Diff: 55, Sum: 137, Workers: 3
[5.287s][debug][gc,phases         ] GC(102)   JNI Weak                       Min:  0.0, Avg:  0.0, Max:  0.0, Diff:  0.0, Sum:  0.0, Workers: 3
[5.287s][debug][gc,phases         ] GC(102)     Dead                           Min: 0, Avg:  0.0, Max: 0, Diff: 0, Sum: 0, Workers: 3
[5.287s][debug][gc,phases         ] GC(102)     Total                          Min: 0, Avg:  0.0, Max: 0, Diff: 0, Sum: 0, Workers: 3
[5.287s][debug][gc,phases         ] GC(102)   StringDedup Table Weak         Min:  0.0, Avg:  0.0, Max:  0.0, Diff:  0.0, Sum:  0.0, Workers: 3
[5.287s][debug][gc,phases         ] GC(102)     Dead                           Min: 0, Avg:  0.0, Max: 0, Diff: 0, Sum: 0, Workers: 3
[5.287s][debug][gc,phases         ] GC(102)     Total                          Min: 0, Avg:  0.0, Max: 0, Diff: 0, Sum: 0, Workers: 3
[5.287s][debug][gc,phases         ] GC(102)   StringDedup Requests0 Weak     Min:  0.0, Avg:  0.0, Max:  0.0, Diff:  0.0, Sum:  0.0, Workers: 3
[5.287s][debug][gc,phases         ] GC(102)     Dead                           Min: 0, Avg:  0.0, Max: 0, Diff: 0, Sum: 0, Workers: 3
[5.287s][debug][gc,phases         ] GC(102)     Total                          Min: 0, Avg:  0.0, Max: 0, Diff: 0, Sum: 0, Workers: 3
[5.287s][debug][gc,phases         ] GC(102)   StringDedup Requests1 Weak     Min:  0.0, Avg:  0.0, Max:  0.0, Diff:  0.0, Sum:  0.0, Workers: 3
[5.287s][debug][gc,phases         ] GC(102)     Dead                           Min: 0, Avg:  0.0, Max: 0, Diff: 0, Sum: 0, Workers: 3
[5.287s][debug][gc,phases         ] GC(102)     Total                          Min: 0, Avg:  0.0, Max: 0, Diff: 0, Sum: 0, Workers: 3
[5.287s][debug][gc,phases         ] GC(102)   Weak JFR Old Object Samples    Min:  0.0, Avg:  0.0, Max:  0.0, Diff:  0.0, Sum:  0.0, Workers: 3
[5.287s][debug][gc,phases         ] GC(102)     Dead                           Min: 0, Avg:  0.0, Max: 0, Diff: 0, Sum: 0, Workers: 3
[5.287s][debug][gc,phases         ] GC(102)     Total                          Min: 0, Avg:  0.0, Max: 0, Diff: 0, Sum: 0, Workers: 3
[5.287s][debug][gc,phases         ] GC(102) Phase 1: Weak Processing 0.732ms
[5.287s][debug][gc,phases,start   ] GC(102) Phase 1: Class Unloading and Cleanup
[5.287s][debug][gc,phases,start   ] GC(102) ClassLoaderData
[5.287s][debug][gc,phases         ] GC(102) ClassLoaderData 0.016ms
[5.287s][debug][gc,phases,start   ] GC(102) Trigger cleanups
[5.287s][debug][gc,phases         ] GC(102) Trigger cleanups 0.014ms
[5.287s][debug][gc,phases         ] GC(102) Phase 1: Class Unloading and Cleanup 0.253ms
[5.287s][info ][gc,phases         ] GC(102) Phase 1: Mark live objects 49.133ms
[5.287s][info ][gc,phases,start   ] GC(102) Phase 2: Prepare for compaction
[5.290s][info ][gc,phases         ] GC(102) Phase 2: Prepare for compaction 2.621ms
[5.290s][info ][gc,phases,start   ] GC(102) Phase 3: Adjust pointers
[5.305s][info ][gc,phases         ] GC(102) Phase 3: Adjust pointers 14.924ms
[5.305s][info ][gc,phases,start   ] GC(102) Phase 4: Compact heap
[5.307s][info ][gc,phases         ] GC(102) Phase 4: Compact heap 2.355ms
[5.308s][debug][gc,ergo           ] GC(102) Running G1 Clear Bitmap with 4 workers for 4 work units.
[5.308s][debug][gc,alloc,stats    ] Old generation allocation in the last mutator period, old gen allocated: 0B, humongous allocated: 0B,old gen growth: 0B.
[5.308s][info ][gc,heap           ] GC(102) Eden regions: 0->0(45)
[5.308s][info ][gc,heap           ] GC(102) Survivor regions: 0->0(0)
[5.308s][info ][gc,heap           ] GC(102) Old regions: 220->49
[5.308s][info ][gc,heap           ] GC(102) Archive regions: 0->0
[5.308s][info ][gc,heap           ] GC(102) Humongous regions: 36->36
[5.308s][info ][gc,metaspace      ] GC(102) Metaspace: 471K(640K)->471K(640K) NonClass: 438K(512K)->438K(512K) Class: 33K(128K)->33K(128K)
[5.308s][debug][gc,heap           ] GC(102) Heap after GC invocations=97 (full 5):
[5.308s][debug][gc,heap           ] GC(102)  garbage-first heap   total 262144K, used 84546K [0x00000000f0000000, 0x0000000100000000)
[5.308s][debug][gc,heap           ] GC(102)   region size 1024K, 0 young (0K), 0 survivors (0K)
[5.308s][debug][gc,heap           ] GC(102)  Metaspace       used 471K, committed 640K, reserved 1056768K
[5.308s][debug][gc,heap           ] GC(102)   class space    used 33K, committed 128K, reserved 1048576K
[5.308s][info ][gc                ] GC(102) Pause Full (G1 Compaction Pause) 255M->82M(256M) 70.749ms
[5.309s][info ][gc,cpu            ] GC(102) User=0.31s Sys=0.00s Real=0.07s
[5.309s][debug][gc,stats          ] ---------------------------------------------------------------------
[5.309s][debug][gc,stats          ] Marking Stats, task = 0, calls = 35
[5.309s][debug][gc,stats          ]   Elapsed time = 382.15ms, Termination time = 0.00ms
[5.309s][debug][gc,stats          ]   Step Times (cum): num = 249, avg = 3.89ms, sd = 6.76ms max = 16.00ms, total = 969.00ms
[5.309s][debug][gc,stats          ]   Mark Stats Cache: hits 2741659 misses 0 ratio 100.000
[5.309s][debug][gc,stats          ] ---------------------------------------------------------------------
[5.309s][info ][gc,marking        ] GC(91) Concurrent Mark From Roots 382.381ms
[5.309s][info ][gc,marking        ] GC(91) Concurrent Mark Abort
[5.309s][info ][gc                ] GC(91) Concurrent Mark Cycle 396.695ms
[5.383s][debug][gc,heap           ] GC(103) Heap before GC invocations=97 (full 5):
[5.383s][debug][gc,heap           ] GC(103)  garbage-first heap   total 262144K, used 130626K [0x00000000f0000000, 0x0000000100000000)
[5.383s][debug][gc,heap           ] GC(103)   region size 1024K, 45 young (46080K), 0 survivors (0K)
[5.383s][debug][gc,heap           ] GC(103)  Metaspace       used 471K, committed 640K, reserved 1056768K
[5.383s][debug][gc,heap           ] GC(103)   class space    used 33K, committed 128K, reserved 1048576K
[5.383s][info ][gc,start          ] GC(103) Pause Young (Normal) (G1 Evacuation Pause)
[5.383s][info ][gc,task           ] GC(103) Using 4 workers of 4 for evacuation
[5.383s][debug][gc,tlab           ] GC(103) TLAB totals: thrds: 1  refills: 135 max: 135 slow allocs: 0 max 0 waste:  0.2% gc: 0B max: 0B slow: 77760B max: 77760B
[5.383s][debug][gc,age            ] GC(103) Desired survivor size 3145728 bytes, new threshold 15 (max threshold 15)
[5.383s][debug][gc,refine,stats   ] GC(103) Mutator refinement: 0.00ms, refined: 0, precleaned: 0, dirtied: 23003
[5.383s][debug][gc,refine,stats   ] GC(103) Concurrent refinement: 0.00ms, refined: 0, precleaned: 0, dirtied: 0
[5.383s][debug][gc,refine,stats   ] GC(103) Total refinement: 0.00ms, refined: 0, precleaned: 0, dirtied: 23003
[5.383s][debug][gc,refine,stats   ] GC(103) Generate dirty cards rate: 131.90 cards/ms
[5.383s][debug][gc,alloc,region   ] GC(103) Mutator Allocation stats, regions: 45, wasted size: 0B ( 0.0%)
[5.383s][debug][gc,humongous      ] GC(103) Humongous region 173 (object size 36920416 @ 0x00000000fad00000) remset 0 code roots 0 marked 0 reclaim candidate 0 type array 0
[5.383s][debug][gc,ergo           ] GC(103) Running G1 Merge Heap Roots using 4 workers for 45 regions
[5.383s][debug][gc,remset         ] GC(103) Visited cards 23040 Total dirty 24576 (93.75%) Total old 358400 (6.43%)
[5.440s][debug][gc,ref            ] GC(103) Skipped phase 1 of Reference Processing: no references
[5.440s][debug][gc,ref            ] GC(103) Skipped phase 2 of Reference Processing: no references
[5.440s][debug][gc,ref            ] GC(103) Skipped phase 3 of Reference Processing: no references
[5.440s][debug][gc,ref            ] GC(103) Skipped phase 4 of Reference Processing: no references
[5.441s][debug][gc,ergo           ] GC(103) Running G1 Rebuild Free List Task using 4 workers for rebuilding free list of regions
[5.441s][debug][gc,plab           ] GC(103) Young PLAB allocation: allocated: 6291456B, wasted: 9600B, unused: 0B, used: 6281856B, undo waste: 0B, 
[5.441s][debug][gc,plab           ] GC(103) Young other allocation: region end waste: 0B, regions filled: 6, direct allocated: 0B, failure used: 0B, failure wasted: 0B
[5.441s][debug][gc,plab           ] GC(103) Young sizing: calculated: 1256368B, actual: 957944B
[5.441s][debug][gc,plab           ] GC(103) Old PLAB allocation: allocated: 40894464B, wasted: 34232B, unused: 33928B, used: 40826304B, undo waste: 0B, 
[5.441s][debug][gc,plab           ] GC(103) Old other allocation: region end waste: 0B, regions filled: 39, direct allocated: 0B, failure used: 0B, failure wasted: 0B
[5.441s][debug][gc,plab           ] GC(103) Old sizing: calculated: 8165256B, actual: 6152384B
[5.441s][debug][gc,ergo,heap      ] GC(103) Heap expansion: short term pause time ratio 40.90% long term pause time ratio 44.32% threshold 7.69% pause time ratio 7.69% fully expanded true resize by 0B
[5.441s][debug][gc,ergo,ihop      ] GC(103) Request concurrent cycle initiation (occupancy higher than threshold) occupancy: 130023424B allocation request: 0B threshold: 120795955B (45.00) source: end of GC
[5.441s][debug][gc,mmu            ] GC(103) MMU: 58.0ms (200.0ms/201.0ms)
[5.441s][debug][gc,alloc,stats    ] Old generation allocation in the last mutator period, old gen allocated: 40894464B, humongous allocated: 0B,old gen growth: 40894464B.
[5.441s][debug][gc,ihop           ] GC(103) Basic information (value update), threshold: 120795955B (45.00), target occupancy: 268435456B, current occupancy: 133761952B, recent allocation size: 40894464B, recent allocation duration: 174.40ms, recent old gen allocation rate: 234484723.17B/s, recent marking phase length: 0.00ms
[5.441s][debug][gc,ihop           ] GC(103) Adaptive IHOP information (value update), threshold: 120795955B (52.94), internal target occupancy: 228170137B, occupancy: 133761952B, additional buffer size: 37748736B, predicted old gen allocation rate: 564343441.00B/s, predicted marking phase length: 0.00ms, prediction active: false
[5.441s][debug][gc,ergo,refine    ] GC(103) Concurrent refinement times: Logged Cards Scan time goal: 20.00ms Logged Cards Scan time: 8.22ms HCC time: 0.00ms
[5.441s][debug][gc,ergo,refine    ] GC(103) Updated Refinement Zones: green: 23679, yellow: 71037, red: 118395
[5.441s][info ][gc,phases         ] GC(103)   Pre Evacuate Collection Set: 0.1ms
[5.441s][debug][gc,phases         ] GC(103)     Prepare TLABs: 0.0ms
[5.441s][debug][gc,phases         ] GC(103)     Concatenate Dirty Card Logs: 0.0ms
[5.441s][debug][gc,phases         ] GC(103)     Choose Collection Set: 0.0ms
[5.441s][debug][gc,phases         ] GC(103)     Region Register: 0.1ms
[5.441s][debug][gc,phases         ] GC(103)     Prepare Heap Roots: 0.0ms
[5.441s][info ][gc,phases         ] GC(103)   Merge Heap Roots: 0.2ms
[5.441s][debug][gc,phases         ] GC(103)     Prepare Merge Heap Roots: 0.0ms
[5.441s][debug][gc,phases         ] GC(103)     Eager Reclaim (ms):            skipped
[5.441s][debug][gc,phases         ] GC(103)     Remembered Sets (ms):          Min:  0.0, Avg:  0.0, Max:  0.0, Diff:  0.0, Sum:  0.0, Workers: 4
[5.441s][debug][gc,phases         ] GC(103)       Merged Sparse:                 Min: 0, Avg:  0.0, Max: 0, Diff: 0, Sum: 0, Workers: 4
[5.441s][debug][gc,phases         ] GC(103)       Merged Fine:                   Min: 0, Avg:  0.0, Max: 0, Diff: 0, Sum: 0, Workers: 4
[5.441s][debug][gc,phases         ] GC(103)       Merged Coarse:                 Min: 0, Avg:  0.0, Max: 0, Diff: 0, Sum: 0, Workers: 4
[5.441s][debug][gc,phases         ] GC(103)       Dirty Cards:                   Min: 0, Avg:  0.0, Max: 0, Diff: 0, Sum: 0, Workers: 4
[5.441s][debug][gc,phases         ] GC(103)     Hot Card Cache (ms):           Min:  0.0, Avg:  0.0, Max:  0.0, Diff:  0.0, Sum:  0.0, Workers: 4
[5.441s][debug][gc,phases         ] GC(103)       Dirty Cards:                   Min: 0, Avg:  0.0, Max: 0, Diff: 0, Sum: 0, Workers: 4
[5.441s][debug][gc,phases         ] GC(103)       Skipped Cards:                 Min: 0, Avg:  0.0, Max: 0, Diff: 0, Sum: 0, Workers: 4
[5.441s][debug][gc,phases         ] GC(103)     Log Buffers (ms):              Min:  0.1, Avg:  0.1, Max:  0.1, Diff:  0.0, Sum:  0.4, Workers: 4
[5.441s][debug][gc,phases         ] GC(103)       Dirty Cards:                   Min: 5331, Avg: 5742.8, Max: 5880, Diff: 549, Sum: 22971, Workers: 4
[5.442s][debug][gc,phases         ] GC(103)       Skipped Cards:                 Min: 0, Avg:  0.0, Max: 0, Diff: 0, Sum: 0, Workers: 4
[5.442s][info ][gc,phases         ] GC(103)   Evacuate Collection Set: 56.9ms
[5.442s][debug][gc,phases         ] GC(103)     Ext Root Scanning (ms):        Min:  0.0, Avg:  0.0, Max:  0.0, Diff:  0.0, Sum:  0.1, Workers: 4
[5.442s][debug][gc,phases         ] GC(103)     Scan Heap Roots (ms):          Min:  7.8, Avg:  8.1, Max:  8.4, Diff:  0.7, Sum: 32.5, Workers: 4
[5.442s][debug][gc,phases         ] GC(103)       Scanned Cards:                 Min: 5376, Avg: 5750.8, Max: 6109, Diff: 733, Sum: 23003, Workers: 4
[5.442s][debug][gc,phases         ] GC(103)       Scanned Blocks:                Min: 21, Avg: 22.5, Max: 24, Diff: 3, Sum: 90, Workers: 4
[5.442s][debug][gc,phases         ] GC(103)       Claimed Chunks:                Min: 21, Avg: 22.5, Max: 24, Diff: 3, Sum: 90, Workers: 4
[5.442s][debug][gc,phases         ] GC(103)     Code Root Scan (ms):           Min:  0.0, Avg:  0.0, Max:  0.0, Diff:  0.0, Sum:  0.0, Workers: 4
[5.442s][debug][gc,phases         ] GC(103)     Object Copy (ms):              Min: 48.4, Avg: 48.7, Max: 49.0, Diff:  0.7, Sum: 194.8, Workers: 4
[5.442s][debug][gc,phases         ] GC(103)     Termination (ms):              Min:  0.0, Avg:  0.0, Max:  0.0, Diff:  0.0, Sum:  0.0, Workers: 4
[5.442s][debug][gc,task,start     ] G1 Service Thread (Remembered Set Sampling Task) (run)
[5.442s][debug][gc,phases         ] GC(103)       Termination Attempts:          Min: 1, Avg:  2.5, Max: 4, Diff: 3, Sum: 10, Workers: 4
[5.442s][debug][gc,phases         ] GC(103)     GC Worker Other (ms):          Min:  0.0, Avg:  0.0, Max:  0.0, Diff:  0.0, Sum:  0.1, Workers: 4
[5.442s][debug][gc,phases         ] GC(103)     GC Worker Total (ms):          Min: 56.9, Avg: 56.9, Max: 56.9, Diff:  0.0, Sum: 227.4, Workers: 4
[5.442s][info ][gc,phases         ] GC(103)   Post Evacuate Collection Set: 0.4ms
[5.442s][debug][gc,phases         ] GC(103)     Code Roots Fixup: 0.0ms
[5.442s][debug][gc,phases         ] GC(103)     Reference Processing: 0.2ms
[5.442s][debug][gc,phases,ref     ] GC(103)       Reconsider SoftReferences: 0.1ms
[5.442s][debug][gc,phases,ref     ] GC(103)         SoftRef (ms):                  skipped
[5.442s][debug][gc,phases,ref     ] GC(103)       Notify Soft/WeakReferences: 0.0ms
[5.442s][debug][gc,phases,ref     ] GC(103)         SoftRef (ms):                  skipped
[5.442s][debug][gc,phases,ref     ] GC(103)         WeakRef (ms):                  skipped
[5.442s][debug][gc,phases,ref     ] GC(103)         FinalRef (ms):                 skipped
[5.442s][debug][gc,phases,ref     ] GC(103)         Total (ms):                    skipped
[5.442s][debug][gc,phases,ref     ] GC(103)       Notify and keep alive finalizable: 0.0ms
[5.442s][debug][gc,phases,ref     ] GC(103)         FinalRef (ms):                 skipped
[5.442s][debug][gc,phases,ref     ] GC(103)       Notify PhantomReferences: 0.0ms
[5.442s][debug][gc,phases,ref     ] GC(103)         PhantomRef (ms):               skipped
[5.442s][debug][gc,phases,ref     ] GC(103)       SoftReference:
[5.442s][debug][gc,phases,ref     ] GC(103)         Discovered: 0
[5.442s][debug][gc,phases,ref     ] GC(103)         Cleared: 0
[5.442s][debug][gc,phases,ref     ] GC(103)       WeakReference:
[5.442s][debug][gc,phases,ref     ] GC(103)         Discovered: 0
[5.442s][debug][gc,phases,ref     ] GC(103)         Cleared: 0
[5.442s][debug][gc,phases,ref     ] GC(103)       FinalReference:
[5.442s][debug][gc,phases,ref     ] GC(103)         Discovered: 0
[5.442s][debug][gc,phases,ref     ] GC(103)         Cleared: 0
[5.442s][debug][gc,phases,ref     ] GC(103)       PhantomReference:
[5.442s][debug][gc,phases,ref     ] GC(103)         Discovered: 0
[5.442s][debug][gc,phases,ref     ] GC(103)         Cleared: 0
[5.442s][debug][gc,phases         ] GC(103)     Weak Processing: 0.0ms
[5.442s][debug][gc,phases         ] GC(103)       VM Weak                        Min:  0.0, Avg:  0.0, Max:  0.0, Diff:  0.0, Sum:  0.0, Workers: 3
[5.442s][debug][gc,phases         ] GC(103)         Dead                           Min: 0, Avg:  0.0, Max: 0, Diff: 0, Sum: 0, Workers: 3
[5.442s][debug][gc,phases         ] GC(103)         Total                          Min: 0, Avg:  2.7, Max: 8, Diff: 8, Sum: 8, Workers: 3
[5.442s][debug][gc,phases         ] GC(103)       ObjectSynchronizer Weak        Min:  0.0, Avg:  0.0, Max:  0.0, Diff:  0.0, Sum:  0.0, Workers: 3
[5.442s][debug][gc,phases         ] GC(103)         Dead                           Min: 0, Avg:  0.0, Max: 0, Diff: 0, Sum: 0, Workers: 3
[5.442s][debug][gc,phases         ] GC(103)         Total                          Min: 0, Avg:  1.0, Max: 3, Diff: 3, Sum: 3, Workers: 3
[5.442s][debug][gc,phases         ] GC(103)       JVMTI Tag Weak OopStorage      Min:  0.0, Avg:  0.0, Max:  0.0, Diff:  0.0, Sum:  0.0, Workers: 3
[5.442s][debug][gc,phases         ] GC(103)         Dead                           Min: 0, Avg:  0.0, Max: 0, Diff: 0, Sum: 0, Workers: 3
[5.442s][debug][gc,phases         ] GC(103)         Total                          Min: 0, Avg:  0.0, Max: 0, Diff: 0, Sum: 0, Workers: 3
[5.442s][debug][gc,phases         ] GC(103)       StringTable Weak               Min:  0.0, Avg:  0.0, Max:  0.0, Diff:  0.0, Sum:  0.0, Workers: 3
[5.442s][debug][gc,phases         ] GC(103)         Dead                           Min: 0, Avg:  0.0, Max: 0, Diff: 0, Sum: 0, Workers: 3
[5.443s][debug][gc,phases         ] GC(103)         Total                          Min: 576, Avg: 819.0, Max: 960, Diff: 384, Sum: 2457, Workers: 3
[5.443s][debug][gc,phases         ] GC(103)       ResolvedMethodTable Weak       Min:  0.0, Avg:  0.0, Max:  0.0, Diff:  0.0, Sum:  0.0, Workers: 3
[5.443s][debug][gc,phases         ] GC(103)         Dead                           Min: 0, Avg:  0.0, Max: 0, Diff: 0, Sum: 0, Workers: 3
[5.443s][debug][gc,phases         ] GC(103)         Total                          Min: 0, Avg: 45.7, Max: 73, Diff: 73, Sum: 137, Workers: 3
[5.443s][debug][gc,phases         ] GC(103)       JNI Weak                       Min:  0.0, Avg:  0.0, Max:  0.0, Diff:  0.0, Sum:  0.0, Workers: 3
[5.443s][debug][gc,phases         ] GC(103)         Dead                           Min: 0, Avg:  0.0, Max: 0, Diff: 0, Sum: 0, Workers: 3
[5.443s][debug][gc,phases         ] GC(103)         Total                          Min: 0, Avg:  0.0, Max: 0, Diff: 0, Sum: 0, Workers: 3
[5.443s][debug][gc,phases         ] GC(103)       StringDedup Table Weak         Min:  0.0, Avg:  0.0, Max:  0.0, Diff:  0.0, Sum:  0.0, Workers: 3
[5.443s][debug][gc,phases         ] GC(103)         Dead                           Min: 0, Avg:  0.0, Max: 0, Diff: 0, Sum: 0, Workers: 3
[5.443s][debug][gc,phases         ] GC(103)         Total                          Min: 0, Avg:  0.0, Max: 0, Diff: 0, Sum: 0, Workers: 3
[5.443s][debug][gc,phases         ] GC(103)       StringDedup Requests0 Weak     Min:  0.0, Avg:  0.0, Max:  0.0, Diff:  0.0, Sum:  0.0, Workers: 3
[5.443s][debug][gc,phases         ] GC(103)         Dead                           Min: 0, Avg:  0.0, Max: 0, Diff: 0, Sum: 0, Workers: 3
[5.443s][debug][gc,phases         ] GC(103)         Total                          Min: 0, Avg:  0.0, Max: 0, Diff: 0, Sum: 0, Workers: 3
[5.443s][debug][gc,phases         ] GC(103)       StringDedup Requests1 Weak     Min:  0.0, Avg:  0.0, Max:  0.0, Diff:  0.0, Sum:  0.0, Workers: 3
[5.443s][debug][gc,phases         ] GC(103)         Dead                           Min: 0, Avg:  0.0, Max: 0, Diff: 0, Sum: 0, Workers: 3
[5.443s][debug][gc,phases         ] GC(103)         Total                          Min: 0, Avg:  0.0, Max: 0, Diff: 0, Sum: 0, Workers: 3
[5.443s][debug][gc,phases         ] GC(103)       Weak JFR Old Object Samples    Min:  0.0, Avg:  0.0, Max:  0.0, Diff:  0.0, Sum:  0.0, Workers: 3
[5.443s][debug][gc,phases         ] GC(103)         Dead                           Min: 0, Avg:  0.0, Max: 0, Diff: 0, Sum: 0, Workers: 3
[5.443s][debug][gc,phases         ] GC(103)         Total                          Min: 0, Avg:  0.0, Max: 0, Diff: 0, Sum: 0, Workers: 3
[5.443s][debug][gc,phases         ] GC(103)     Post Evacuate Cleanup 1: 0.1ms
[5.443s][debug][gc,phases         ] GC(103)       Merge Per-Thread State (ms):   Min:  0.0, Avg:  0.0, Max:  0.0, Diff:  0.0, Sum:  0.0, Workers: 1
[5.443s][debug][gc,phases         ] GC(103)         Copied Bytes                   Min: 11012928, Avg: 11777040.0, Max: 12405312, Diff: 1392384, Sum: 47108160, Workers: 4
[5.443s][debug][gc,phases         ] GC(103)         LAB Waste                      Min: 10288, Avg: 10958.0, Max: 11512, Diff: 1224, Sum: 43832, Workers: 4
[5.443s][debug][gc,phases         ] GC(103)         LAB Undo Waste                 Min: 0, Avg:  0.0, Max: 0, Diff: 0, Sum: 0, Workers: 4
[5.443s][debug][gc,phases         ] GC(103)       Clear Logged Cards (ms):       Min:  0.0, Avg:  0.0, Max:  0.0, Diff:  0.0, Sum:  0.0, Workers: 3
[5.443s][debug][gc,phases         ] GC(103)       Recalculate Used Memory (ms):  Min:  0.0, Avg:  0.0, Max:  0.0, Diff:  0.0, Sum:  0.0, Workers: 1
[5.443s][debug][gc,phases         ] GC(103)     Post Evacuate Cleanup 2: 0.1ms
[5.443s][debug][gc,phases         ] GC(103)       Reset Hot Card Cache (ms):     Min:  0.0, Avg:  0.0, Max:  0.0, Diff:  0.0, Sum:  0.0, Workers: 1
[5.443s][debug][gc,phases         ] GC(103)       Purge Code Roots (ms):         Min:  0.0, Avg:  0.0, Max:  0.0, Diff:  0.0, Sum:  0.0, Workers: 1
[5.443s][debug][gc,phases         ] GC(103)       Update Derived Pointers (ms):  Min:  0.0, Avg:  0.0, Max:  0.0, Diff:  0.0, Sum:  0.0, Workers: 1
[5.443s][debug][gc,phases         ] GC(103)       Eagerly Reclaim Humongous Objects (ms): Min:  0.0, Avg:  0.0, Max:  0.0, Diff:  0.0, Sum:  0.0, Workers: 1
[5.443s][debug][gc,phases         ] GC(103)         Humongous Total                Min: 1, Avg:  1.0, Max: 1, Diff: 0, Sum: 1, Workers: 1
[5.443s][debug][gc,phases         ] GC(103)         Humongous Candidates           Min: 0, Avg:  0.0, Max: 0, Diff: 0, Sum: 0, Workers: 1
[5.443s][debug][gc,phases         ] GC(103)         Humongous Reclaimed            Min: 0, Avg:  0.0, Max: 0, Diff: 0, Sum: 0, Workers: 1
[5.443s][debug][gc,phases         ] GC(103)       Redirty Logged Cards (ms):     Min:  0.0, Avg:  0.0, Max:  0.0, Diff:  0.0, Sum:  0.0, Workers: 4
[5.443s][debug][gc,phases         ] GC(103)         Redirtied Cards:               Min: 0, Avg: 768.0, Max: 1280, Diff: 1280, Sum: 3072, Workers: 4
[5.443s][debug][gc,phases         ] GC(103)       Free Collection Set (ms):      Min:  0.0, Avg:  0.0, Max:  0.0, Diff:  0.0, Sum:  0.0, Workers: 4
[5.443s][debug][gc,phases         ] GC(103)     Rebuild Free List: 0.1ms
[5.443s][debug][gc,phases         ] GC(103)     Start New Collection Set: 0.0ms
[5.443s][debug][gc,phases         ] GC(103)     Resize TLABs: 0.0ms
[5.443s][debug][gc,phases         ] GC(103)     Expand Heap After Collection: 0.0ms
[5.443s][info ][gc,phases         ] GC(103)   Other: 0.9ms
[5.443s][info ][gc,heap           ] GC(103) Eden regions: 45->0(30)
[5.443s][info ][gc,heap           ] GC(103) Survivor regions: 0->6(6)
[5.443s][info ][gc,heap           ] GC(103) Old regions: 49->88
[5.443s][info ][gc,heap           ] GC(103) Archive regions: 0->0
[5.443s][info ][gc,heap           ] GC(103) Humongous regions: 36->36
[5.443s][info ][gc,metaspace      ] GC(103) Metaspace: 471K(640K)->471K(640K) NonClass: 438K(512K)->438K(512K) Class: 33K(128K)->33K(128K)
[5.443s][debug][gc,heap           ] GC(103) Heap after GC invocations=98 (full 5):
[5.443s][debug][gc,heap           ] GC(103)  garbage-first heap   total 262144K, used 130626K [0x00000000f0000000, 0x0000000100000000)
[5.443s][debug][gc,heap           ] GC(103)   region size 1024K, 6 young (6144K), 6 survivors (6144K)
[5.443s][debug][gc,heap           ] GC(103)  Metaspace       used 471K, committed 640K, reserved 1056768K
[5.443s][debug][gc,heap           ] GC(103)   class space    used 33K, committed 128K, reserved 1048576K
[5.443s][info ][gc                ] GC(103) Pause Young (Normal) (G1 Evacuation Pause) 127M->127M(256M) 60.582ms
[5.443s][info ][gc,cpu            ] GC(103) User=0.19s Sys=0.00s Real=0.06s
[5.444s][debug][gc,task           ] G1 Service Thread (Remembered Set Sampling Task) (run) 1.779ms (cpu: 0.000ms)
[5.493s][debug][gc,heap           ] GC(104) Heap before GC invocations=98 (full 5):
[5.493s][debug][gc,heap           ] GC(104)  garbage-first heap   total 262144K, used 161346K [0x00000000f0000000, 0x0000000100000000)
[5.493s][debug][gc,heap           ] GC(104)   region size 1024K, 36 young (36864K), 6 survivors (6144K)
[5.493s][debug][gc,heap           ] GC(104)  Metaspace       used 471K, committed 640K, reserved 1056768K
[5.493s][debug][gc,heap           ] GC(104)   class space    used 33K, committed 128K, reserved 1048576K
[5.493s][debug][gc,ergo           ] GC(104) Initiate concurrent cycle (concurrent cycle initiation requested)
[5.493s][info ][gc,start          ] GC(104) Pause Young (Concurrent Start) (G1 Evacuation Pause)
[5.493s][info ][gc,task           ] GC(104) Using 4 workers of 4 for evacuation
[5.493s][debug][gc,tlab           ] GC(104) TLAB totals: thrds: 1  refills: 90 max: 90 slow allocs: 0 max 0 waste:  0.2% gc: 0B max: 0B slow: 51840B max: 51840B
[5.493s][debug][gc,age            ] GC(104) Desired survivor size 2621440 bytes, new threshold 1 (max threshold 15)
[5.493s][debug][gc,refine,stats   ] GC(104) Mutator refinement: 0.00ms, refined: 0, precleaned: 0, dirtied: 15336
[5.493s][debug][gc,refine,stats   ] GC(104) Concurrent refinement: 0.00ms, refined: 0, precleaned: 0, dirtied: 0
[5.493s][debug][gc,refine,stats   ] GC(104) Total refinement: 0.00ms, refined: 0, precleaned: 0, dirtied: 15336
[5.493s][debug][gc,refine,stats   ] GC(104) Generate dirty cards rate: 293.73 cards/ms
[5.493s][debug][gc,alloc,region   ] GC(104) Mutator Allocation stats, regions: 30, wasted size: 0B ( 0.0%)
[5.493s][debug][gc,humongous      ] GC(104) Humongous region 173 (object size 36920416 @ 0x00000000fad00000) remset 0 code roots 0 marked 0 reclaim candidate 0 type array 0
[5.493s][debug][gc,ergo           ] GC(104) Running G1 Merge Heap Roots using 4 workers for 36 regions
[5.494s][debug][gc,remset         ] GC(104) Visited cards 19456 Total dirty 26624 (73.08%) Total old 401408 (4.85%)
[5.520s][debug][gc,ref            ] GC(104) Skipped phase 1 of Reference Processing: no references
[5.520s][debug][gc,ref            ] GC(104) Skipped phase 2 of Reference Processing: no references
[5.520s][debug][gc,ref            ] GC(104) Skipped phase 3 of Reference Processing: no references
[5.520s][debug][gc,ref            ] GC(104) Skipped phase 4 of Reference Processing: no references
[5.520s][debug][gc,ergo           ] GC(104) Running G1 Rebuild Free List Task using 4 workers for rebuilding free list of regions
[5.520s][debug][gc,plab           ] GC(104) Young PLAB allocation: allocated: 5242880B, wasted: 560B, unused: 0B, used: 5242320B, undo waste: 0B, 
[5.520s][debug][gc,plab           ] GC(104) Young other allocation: region end waste: 0B, regions filled: 5, direct allocated: 0B, failure used: 0B, failure wasted: 0B
[5.520s][debug][gc,plab           ] GC(104) Young sizing: calculated: 1048464B, actual: 1025832B
[5.520s][debug][gc,plab           ] GC(104) Old PLAB allocation: allocated: 16252928B, wasted: 432B, unused: 866080B, used: 15386416B, undo waste: 0B, 
[5.520s][debug][gc,plab           ] GC(104) Old other allocation: region end waste: 0B, regions filled: 16, direct allocated: 0B, failure used: 0B, failure wasted: 0B
[5.520s][debug][gc,plab           ] GC(104) Old sizing: calculated: 3077280B, actual: 3846056B
[5.521s][debug][gc,ergo,heap      ] GC(104) Heap expansion: short term pause time ratio 24.97% long term pause time ratio 36.52% threshold 7.69% pause time ratio 7.69% fully expanded true resize by 0B
[5.521s][debug][gc,mmu            ] GC(104) MMU: 85.4ms (200.0ms/201.0ms)
[5.521s][debug][gc,alloc,stats    ] Old generation allocation in the last mutator period, old gen allocated: 16252928B, humongous allocated: 0B,old gen growth: 16252928B.
[5.521s][debug][gc,ihop           ] GC(104) Basic information (value update), threshold: 120795955B (45.00), target occupancy: 268435456B, current occupancy: 148966304B, recent allocation size: 16252928B, recent allocation duration: 52.21ms, recent old gen allocation rate: 311294368.22B/s, recent marking phase length: 0.00ms
[5.521s][debug][gc,ihop           ] GC(104) Adaptive IHOP information (value update), threshold: 120795955B (52.94), internal target occupancy: 228170137B, occupancy: 148966304B, additional buffer size: 32505856B, predicted old gen allocation rate: 555549044.74B/s, predicted marking phase length: 0.00ms, prediction active: false
[5.521s][debug][gc,ergo,refine    ] GC(104) Concurrent refinement times: Logged Cards Scan time goal: 20.00ms Logged Cards Scan time: 4.65ms HCC time: 0.00ms
[5.521s][debug][gc,ergo,refine    ] GC(104) Updated Refinement Zones: green: 23679, yellow: 71037, red: 118395
[5.521s][info ][gc,phases         ] GC(104)   Pre Evacuate Collection Set: 0.1ms
[5.521s][debug][gc,phases         ] GC(104)     Prepare TLABs: 0.0ms
[5.521s][debug][gc,phases         ] GC(104)     Concatenate Dirty Card Logs: 0.0ms
[5.521s][debug][gc,phases         ] GC(104)     Choose Collection Set: 0.0ms
[5.521s][debug][gc,phases         ] GC(104)     Region Register: 0.1ms
[5.521s][debug][gc,phases         ] GC(104)     Prepare Heap Roots: 0.0ms
[5.521s][debug][gc,phases         ] GC(104)     Clear Claimed Marks: 0.0ms
[5.521s][info ][gc,phases         ] GC(104)   Merge Heap Roots: 0.2ms
[5.521s][debug][gc,phases         ] GC(104)     Prepare Merge Heap Roots: 0.0ms
[5.521s][debug][gc,phases         ] GC(104)     Eager Reclaim (ms):            skipped
[5.521s][debug][gc,phases         ] GC(104)     Remembered Sets (ms):          Min:  0.0, Avg:  0.0, Max:  0.0, Diff:  0.0, Sum:  0.0, Workers: 4
[5.521s][debug][gc,phases         ] GC(104)       Merged Sparse:                 Min: 0, Avg:  0.0, Max: 0, Diff: 0, Sum: 0, Workers: 4
[5.521s][debug][gc,phases         ] GC(104)       Merged Fine:                   Min: 0, Avg:  0.0, Max: 0, Diff: 0, Sum: 0, Workers: 4
[5.521s][debug][gc,phases         ] GC(104)       Merged Coarse:                 Min: 0, Avg:  0.0, Max: 0, Diff: 0, Sum: 0, Workers: 4
[5.521s][debug][gc,phases         ] GC(104)       Dirty Cards:                   Min: 0, Avg:  0.0, Max: 0, Diff: 0, Sum: 0, Workers: 4
[5.521s][debug][gc,phases         ] GC(104)     Hot Card Cache (ms):           Min:  0.0, Avg:  0.0, Max:  0.0, Diff:  0.0, Sum:  0.0, Workers: 4
[5.521s][debug][gc,phases         ] GC(104)       Dirty Cards:                   Min: 0, Avg:  0.0, Max: 0, Diff: 0, Sum: 0, Workers: 4
[5.521s][debug][gc,phases         ] GC(104)       Skipped Cards:                 Min: 0, Avg:  0.0, Max: 0, Diff: 0, Sum: 0, Workers: 4
[5.521s][debug][gc,phases         ] GC(104)     Log Buffers (ms):              Min:  0.1, Avg:  0.1, Max:  0.1, Diff:  0.0, Sum:  0.3, Workers: 4
[5.521s][debug][gc,phases         ] GC(104)       Dirty Cards:                   Min: 4580, Avg: 4594.0, Max: 4608, Diff: 28, Sum: 18376, Workers: 4
[5.522s][debug][gc,phases         ] GC(104)       Skipped Cards:                 Min: 0, Avg:  0.0, Max: 0, Diff: 0, Sum: 0, Workers: 4
[5.522s][info ][gc,phases         ] GC(104)   Evacuate Collection Set: 26.3ms
[5.522s][debug][gc,phases         ] GC(104)     Ext Root Scanning (ms):        Min:  0.0, Avg:  0.0, Max:  0.1, Diff:  0.1, Sum:  0.1, Workers: 4
[5.522s][debug][gc,phases         ] GC(104)     Scan Heap Roots (ms):          Min:  3.7, Avg:  4.6, Max:  5.4, Diff:  1.7, Sum: 18.3, Workers: 4
[5.522s][debug][gc,phases         ] GC(104)       Scanned Cards:                 Min: 2649, Avg: 4602.0, Max: 5644, Diff: 2995, Sum: 18408, Workers: 4
[5.522s][debug][gc,phases         ] GC(104)       Scanned Blocks:                Min: 11, Avg: 19.0, Max: 24, Diff: 13, Sum: 76, Workers: 4
[5.522s][debug][gc,phases         ] GC(104)       Claimed Chunks:                Min: 11, Avg: 19.0, Max: 24, Diff: 13, Sum: 76, Workers: 4
[5.522s][debug][gc,phases         ] GC(104)     Code Root Scan (ms):           Min:  0.0, Avg:  0.0, Max:  0.0, Diff:  0.0, Sum:  0.0, Workers: 4
[5.522s][debug][gc,phases         ] GC(104)     Object Copy (ms):              Min: 20.8, Avg: 21.6, Max: 22.5, Diff:  1.7, Sum: 86.4, Workers: 4
[5.522s][debug][gc,phases         ] GC(104)     Termination (ms):              Min:  0.0, Avg:  0.0, Max:  0.0, Diff:  0.0, Sum:  0.0, Workers: 4
[5.522s][debug][gc,phases         ] GC(104)       Termination Attempts:          Min: 1, Avg:  1.0, Max: 1, Diff: 0, Sum: 4, Workers: 4
[5.522s][debug][gc,phases         ] GC(104)     GC Worker Other (ms):          Min:  0.0, Avg:  0.0, Max:  0.0, Diff:  0.0, Sum:  0.0, Workers: 4
[5.522s][debug][gc,phases         ] GC(104)     GC Worker Total (ms):          Min: 26.2, Avg: 26.2, Max: 26.2, Diff:  0.0, Sum: 104.9, Workers: 4
[5.522s][info ][gc,phases         ] GC(104)   Post Evacuate Collection Set: 0.5ms
[5.522s][debug][gc,phases         ] GC(104)     Code Roots Fixup: 0.0ms
[5.522s][debug][gc,phases         ] GC(104)     Reference Processing: 0.2ms
[5.522s][debug][gc,phases,ref     ] GC(104)       Reconsider SoftReferences: 0.1ms
[5.522s][debug][gc,phases,ref     ] GC(104)         SoftRef (ms):                  skipped
[5.522s][debug][gc,phases,ref     ] GC(104)       Notify Soft/WeakReferences: 0.0ms
[5.522s][debug][gc,phases,ref     ] GC(104)         SoftRef (ms):                  skipped
[5.522s][debug][gc,phases,ref     ] GC(104)         WeakRef (ms):                  skipped
[5.522s][debug][gc,phases,ref     ] GC(104)         FinalRef (ms):                 skipped
[5.522s][debug][gc,phases,ref     ] GC(104)         Total (ms):                    skipped
[5.522s][debug][gc,phases,ref     ] GC(104)       Notify and keep alive finalizable: 0.0ms
[5.522s][debug][gc,phases,ref     ] GC(104)         FinalRef (ms):                 skipped
[5.522s][debug][gc,phases,ref     ] GC(104)       Notify PhantomReferences: 0.0ms
[5.522s][debug][gc,phases,ref     ] GC(104)         PhantomRef (ms):               skipped
[5.522s][debug][gc,phases,ref     ] GC(104)       SoftReference:
[5.522s][debug][gc,phases,ref     ] GC(104)         Discovered: 0
[5.522s][debug][gc,phases,ref     ] GC(104)         Cleared: 0
[5.522s][debug][gc,phases,ref     ] GC(104)       WeakReference:
[5.522s][debug][gc,phases,ref     ] GC(104)         Discovered: 0
[5.523s][debug][gc,phases,ref     ] GC(104)         Cleared: 0
[5.523s][debug][gc,phases,ref     ] GC(104)       FinalReference:
[5.523s][debug][gc,phases,ref     ] GC(104)         Discovered: 0
[5.523s][debug][gc,phases,ref     ] GC(104)         Cleared: 0
[5.523s][debug][gc,phases,ref     ] GC(104)       PhantomReference:
[5.523s][debug][gc,phases,ref     ] GC(104)         Discovered: 0
[5.523s][debug][gc,phases,ref     ] GC(104)         Cleared: 0
[5.523s][debug][gc,phases         ] GC(104)     Weak Processing: 0.0ms
[5.523s][debug][gc,phases         ] GC(104)       VM Weak                        Min:  0.0, Avg:  0.0, Max:  0.0, Diff:  0.0, Sum:  0.0, Workers: 3
[5.523s][debug][gc,phases         ] GC(104)         Dead                           Min: 0, Avg:  0.0, Max: 0, Diff: 0, Sum: 0, Workers: 3
[5.523s][debug][gc,phases         ] GC(104)         Total                          Min: 0, Avg:  2.7, Max: 8, Diff: 8, Sum: 8, Workers: 3
[5.523s][debug][gc,phases         ] GC(104)       ObjectSynchronizer Weak        Min:  0.0, Avg:  0.0, Max:  0.0, Diff:  0.0, Sum:  0.0, Workers: 3
[5.523s][debug][gc,phases         ] GC(104)         Dead                           Min: 0, Avg:  0.0, Max: 0, Diff: 0, Sum: 0, Workers: 3
[5.523s][debug][gc,phases         ] GC(104)         Total                          Min: 0, Avg:  1.0, Max: 3, Diff: 3, Sum: 3, Workers: 3
[5.523s][debug][gc,phases         ] GC(104)       JVMTI Tag Weak OopStorage      Min:  0.0, Avg:  0.0, Max:  0.0, Diff:  0.0, Sum:  0.0, Workers: 3
[5.523s][debug][gc,phases         ] GC(104)         Dead                           Min: 0, Avg:  0.0, Max: 0, Diff: 0, Sum: 0, Workers: 3
[5.523s][debug][gc,phases         ] GC(104)         Total                          Min: 0, Avg:  0.0, Max: 0, Diff: 0, Sum: 0, Workers: 3
[5.523s][debug][gc,phases         ] GC(104)       StringTable Weak               Min:  0.0, Avg:  0.0, Max:  0.0, Diff:  0.0, Sum:  0.0, Workers: 3
[5.523s][debug][gc,phases         ] GC(104)         Dead                           Min: 0, Avg:  0.0, Max: 0, Diff: 0, Sum: 0, Workers: 3
[5.523s][debug][gc,phases         ] GC(104)         Total                          Min: 512, Avg: 819.0, Max: 985, Diff: 473, Sum: 2457, Workers: 3
[5.523s][debug][gc,phases         ] GC(104)       ResolvedMethodTable Weak       Min:  0.0, Avg:  0.0, Max:  0.0, Diff:  0.0, Sum:  0.0, Workers: 3
[5.523s][debug][gc,phases         ] GC(104)         Dead                           Min: 0, Avg:  0.0, Max: 0, Diff: 0, Sum: 0, Workers: 3
[5.523s][debug][gc,phases         ] GC(104)         Total                          Min: 9, Avg: 45.7, Max: 64, Diff: 55, Sum: 137, Workers: 3
[5.523s][debug][gc,phases         ] GC(104)       JNI Weak                       Min:  0.0, Avg:  0.0, Max:  0.0, Diff:  0.0, Sum:  0.0, Workers: 3
[5.523s][debug][gc,phases         ] GC(104)         Dead                           Min: 0, Avg:  0.0, Max: 0, Diff: 0, Sum: 0, Workers: 3
[5.523s][debug][gc,phases         ] GC(104)         Total                          Min: 0, Avg:  0.0, Max: 0, Diff: 0, Sum: 0, Workers: 3
[5.523s][debug][gc,phases         ] GC(104)       StringDedup Table Weak         Min:  0.0, Avg:  0.0, Max:  0.0, Diff:  0.0, Sum:  0.0, Workers: 3
[5.523s][debug][gc,phases         ] GC(104)         Dead                           Min: 0, Avg:  0.0, Max: 0, Diff: 0, Sum: 0, Workers: 3
[5.523s][debug][gc,phases         ] GC(104)         Total                          Min: 0, Avg:  0.0, Max: 0, Diff: 0, Sum: 0, Workers: 3
[5.523s][debug][gc,phases         ] GC(104)       StringDedup Requests0 Weak     Min:  0.0, Avg:  0.0, Max:  0.0, Diff:  0.0, Sum:  0.0, Workers: 3
[5.523s][debug][gc,phases         ] GC(104)         Dead                           Min: 0, Avg:  0.0, Max: 0, Diff: 0, Sum: 0, Workers: 3
[5.523s][debug][gc,phases         ] GC(104)         Total                          Min: 0, Avg:  0.0, Max: 0, Diff: 0, Sum: 0, Workers: 3
[5.523s][debug][gc,phases         ] GC(104)       StringDedup Requests1 Weak     Min:  0.0, Avg:  0.0, Max:  0.0, Diff:  0.0, Sum:  0.0, Workers: 3
[5.523s][debug][gc,phases         ] GC(104)         Dead                           Min: 0, Avg:  0.0, Max: 0, Diff: 0, Sum: 0, Workers: 3
[5.523s][debug][gc,phases         ] GC(104)         Total                          Min: 0, Avg:  0.0, Max: 0, Diff: 0, Sum: 0, Workers: 3
[5.523s][debug][gc,phases         ] GC(104)       Weak JFR Old Object Samples    Min:  0.0, Avg:  0.0, Max:  0.0, Diff:  0.0, Sum:  0.0, Workers: 3
[5.524s][debug][gc,phases         ] GC(104)         Dead                           Min: 0, Avg:  0.0, Max: 0, Diff: 0, Sum: 0, Workers: 3
[5.524s][debug][gc,phases         ] GC(104)         Total                          Min: 0, Avg:  0.0, Max: 0, Diff: 0, Sum: 0, Workers: 3
[5.524s][debug][gc,phases         ] GC(104)     Post Evacuate Cleanup 1: 0.0ms
[5.524s][debug][gc,phases         ] GC(104)       Merge Per-Thread State (ms):   Min:  0.0, Avg:  0.0, Max:  0.0, Diff:  0.0, Sum:  0.0, Workers: 1
[5.524s][debug][gc,phases         ] GC(104)         Copied Bytes                   Min: 4716592, Avg: 5157184.0, Max: 5570208, Diff: 853616, Sum: 20628736, Workers: 4
[5.524s][debug][gc,phases         ] GC(104)         LAB Waste                      Min: 216, Avg: 248.0, Max: 288, Diff: 72, Sum: 992, Workers: 4
[5.524s][debug][gc,phases         ] GC(104)         LAB Undo Waste                 Min: 0, Avg:  0.0, Max: 0, Diff: 0, Sum: 0, Workers: 4
[5.524s][debug][gc,phases         ] GC(104)       Clear Logged Cards (ms):       Min:  0.0, Avg:  0.0, Max:  0.0, Diff:  0.0, Sum:  0.0, Workers: 3
[5.524s][debug][gc,phases         ] GC(104)       Recalculate Used Memory (ms):  Min:  0.0, Avg:  0.0, Max:  0.0, Diff:  0.0, Sum:  0.0, Workers: 1
[5.524s][debug][gc,phases         ] GC(104)     Post Evacuate Cleanup 2: 0.1ms
[5.524s][debug][gc,phases         ] GC(104)       Reset Hot Card Cache (ms):     Min:  0.0, Avg:  0.0, Max:  0.0, Diff:  0.0, Sum:  0.0, Workers: 1
[5.524s][debug][gc,phases         ] GC(104)       Purge Code Roots (ms):         Min:  0.0, Avg:  0.0, Max:  0.0, Diff:  0.0, Sum:  0.0, Workers: 1
[5.524s][debug][gc,phases         ] GC(104)       Update Derived Pointers (ms):  Min:  0.0, Avg:  0.0, Max:  0.0, Diff:  0.0, Sum:  0.0, Workers: 1
[5.524s][debug][gc,phases         ] GC(104)       Eagerly Reclaim Humongous Objects (ms): Min:  0.0, Avg:  0.0, Max:  0.0, Diff:  0.0, Sum:  0.0, Workers: 1
[5.524s][debug][gc,phases         ] GC(104)         Humongous Total                Min: 1, Avg:  1.0, Max: 1, Diff: 0, Sum: 1, Workers: 1
[5.524s][debug][gc,phases         ] GC(104)         Humongous Candidates           Min: 0, Avg:  0.0, Max: 0, Diff: 0, Sum: 0, Workers: 1
[5.524s][debug][gc,phases         ] GC(104)         Humongous Reclaimed            Min: 0, Avg:  0.0, Max: 0, Diff: 0, Sum: 0, Workers: 1
[5.524s][debug][gc,phases         ] GC(104)       Redirty Logged Cards (ms):     Min:  0.0, Avg:  0.0, Max:  0.0, Diff:  0.0, Sum:  0.0, Workers: 4
[5.524s][debug][gc,phases         ] GC(104)         Redirtied Cards:               Min: 0, Avg: 641.0, Max: 1239, Diff: 1239, Sum: 2564, Workers: 4
[5.524s][debug][gc,phases         ] GC(104)       Free Collection Set (ms):      Min:  0.0, Avg:  0.0, Max:  0.0, Diff:  0.0, Sum:  0.0, Workers: 4
[5.524s][debug][gc,phases         ] GC(104)     Rebuild Free List: 0.1ms
[5.524s][debug][gc,phases         ] GC(104)     Start New Collection Set: 0.0ms
[5.524s][debug][gc,phases         ] GC(104)     Resize TLABs: 0.0ms
[5.524s][debug][gc,phases         ] GC(104)     Expand Heap After Collection: 0.0ms
[5.524s][info ][gc,phases         ] GC(104)   Other: 0.8ms
[5.524s][info ][gc,heap           ] GC(104) Eden regions: 30->0(26)
[5.524s][info ][gc,heap           ] GC(104) Survivor regions: 6->5(5)
[5.524s][info ][gc,heap           ] GC(104) Old regions: 88->104
[5.524s][info ][gc,heap           ] GC(104) Archive regions: 0->0
[5.524s][info ][gc,heap           ] GC(104) Humongous regions: 36->36
[5.524s][info ][gc,metaspace      ] GC(104) Metaspace: 471K(640K)->471K(640K) NonClass: 438K(512K)->438K(512K) Class: 33K(128K)->33K(128K)
[5.524s][debug][gc,heap           ] GC(104) Heap after GC invocations=99 (full 5):
[5.524s][debug][gc,heap           ] GC(104)  garbage-first heap   total 262144K, used 145474K [0x00000000f0000000, 0x0000000100000000)
[5.524s][debug][gc,heap           ] GC(104)   region size 1024K, 5 young (5120K), 5 survivors (5120K)
[5.524s][debug][gc,heap           ] GC(104)  Metaspace       used 471K, committed 640K, reserved 1056768K
[5.524s][debug][gc,heap           ] GC(104)   class space    used 33K, committed 128K, reserved 1048576K
[5.525s][info ][gc                ] GC(104) Pause Young (Concurrent Start) (G1 Evacuation Pause) 157M->142M(256M) 31.391ms
[5.525s][info ][gc,cpu            ] GC(104) User=0.06s Sys=0.02s Real=0.03s
[5.525s][info ][gc                ] GC(105) Concurrent Mark Cycle
[5.525s][info ][gc,marking        ] GC(105) Concurrent Clear Claimed Marks
[5.525s][info ][gc,marking        ] GC(105) Concurrent Clear Claimed Marks 0.031ms
[5.525s][info ][gc,marking        ] GC(105) Concurrent Scan Root Regions
[5.525s][debug][gc,ergo           ] GC(105) Running G1 Root Region Scan using 1 workers for 21 work units.
[5.539s][info ][gc,marking        ] GC(105) Concurrent Scan Root Regions 14.209ms
[5.539s][info ][gc,marking        ] GC(105) Concurrent Mark
[5.539s][info ][gc,marking        ] GC(105) Concurrent Mark From Roots
[5.539s][info ][gc,task           ] GC(105) Using 1 workers of 1 for marking
[5.572s][debug][gc,heap           ] GC(106) Heap before GC invocations=99 (full 5):
[5.572s][debug][gc,heap           ] GC(106)  garbage-first heap   total 262144K, used 172098K [0x00000000f0000000, 0x0000000100000000)
[5.572s][debug][gc,heap           ] GC(106)   region size 1024K, 31 young (31744K), 5 survivors (5120K)
[5.572s][debug][gc,heap           ] GC(106)  Metaspace       used 471K, committed 640K, reserved 1056768K
[5.572s][debug][gc,heap           ] GC(106)   class space    used 33K, committed 128K, reserved 1048576K
[5.572s][info ][gc,start          ] GC(106) Pause Young (Normal) (G1 Evacuation Pause)
[5.572s][info ][gc,task           ] GC(106) Using 4 workers of 4 for evacuation
[5.572s][debug][gc,tlab           ] GC(106) TLAB totals: thrds: 1  refills: 78 max: 78 slow allocs: 0 max 0 waste:  0.2% gc: 0B max: 0B slow: 44928B max: 44928B
[5.572s][debug][gc,age            ] GC(106) Desired survivor size 2097152 bytes, new threshold 1 (max threshold 15)
[5.572s][debug][gc,refine,stats   ] GC(106) Mutator refinement: 0.00ms, refined: 0, precleaned: 0, dirtied: 13327
[5.572s][debug][gc,refine,stats   ] GC(106) Concurrent refinement: 0.00ms, refined: 0, precleaned: 0, dirtied: 0
[5.572s][debug][gc,refine,stats   ] GC(106) Total refinement: 0.00ms, refined: 0, precleaned: 0, dirtied: 13327
[5.572s][debug][gc,refine,stats   ] GC(106) Generate dirty cards rate: 257.94 cards/ms
[5.572s][debug][gc,alloc,region   ] GC(106) Mutator Allocation stats, regions: 26, wasted size: 0B ( 0.0%)
[5.572s][debug][gc,humongous      ] GC(106) Humongous region 173 (object size 36920416 @ 0x00000000fad00000) remset 0 code roots 0 marked 1 reclaim candidate 0 type array 0
[5.573s][debug][gc,ergo           ] GC(106) Running G1 Merge Heap Roots using 4 workers for 31 regions
[5.573s][debug][gc,remset         ] GC(106) Visited cards 17664 Total dirty 24576 (71.88%) Total old 413696 (4.27%)
[5.613s][debug][gc,ref            ] GC(106) Skipped phase 1 of Reference Processing: no references
[5.613s][debug][gc,ref            ] GC(106) Skipped phase 2 of Reference Processing: no references
[5.613s][debug][gc,ref            ] GC(106) Skipped phase 3 of Reference Processing: no references
[5.613s][debug][gc,ref            ] GC(106) Skipped phase 4 of Reference Processing: no references
[5.613s][debug][gc,ergo           ] GC(106) Running G1 Rebuild Free List Task using 4 workers for rebuilding free list of regions
[5.613s][debug][gc,plab           ] GC(106) Young PLAB allocation: allocated: 4194304B, wasted: 448B, unused: 0B, used: 4193856B, undo waste: 0B, 
[5.613s][debug][gc,plab           ] GC(106) Young other allocation: region end waste: 0B, regions filled: 4, direct allocated: 0B, failure used: 0B, failure wasted: 0B
[5.613s][debug][gc,plab           ] GC(106) Young sizing: calculated: 838768B, actual: 885528B
[5.613s][debug][gc,plab           ] GC(106) Old PLAB allocation: allocated: 29884416B, wasted: 848B, unused: 1617056B, used: 28266512B, undo waste: 0B, 
[5.613s][debug][gc,plab           ] GC(106) Old other allocation: region end waste: 0B, regions filled: 29, direct allocated: 0B, failure used: 0B, failure wasted: 0B
[5.613s][debug][gc,plab           ] GC(106) Old sizing: calculated: 5653296B, actual: 5201480B
[5.613s][debug][gc,ergo,heap      ] GC(106) Heap expansion: short term pause time ratio 34.37% long term pause time ratio 34.25% threshold 7.69% pause time ratio 7.69% fully expanded true resize by 0B
[5.613s][debug][gc,mmu            ] GC(106) MMU: 97.1ms (200.0ms/201.0ms)
[5.613s][debug][gc,alloc,stats    ] Old generation allocation in the last mutator period, old gen allocated: 29884416B, humongous allocated: 0B,old gen growth: 29884416B.
[5.613s][debug][gc,ihop           ] GC(106) Basic information (value update), threshold: 120795955B (45.00), target occupancy: 268435456B, current occupancy: 177802144B, recent allocation size: 29884416B, recent allocation duration: 51.67ms, recent old gen allocation rate: 578396483.68B/s, recent marking phase length: 0.00ms
[5.614s][debug][gc,ihop           ] GC(106) Adaptive IHOP information (value update), threshold: 120795955B (52.94), internal target occupancy: 228170137B, occupancy: 177802144B, additional buffer size: 22020096B, predicted old gen allocation rate: 560628538.46B/s, predicted marking phase length: 0.00ms, prediction active: false
[5.614s][debug][gc,ergo,refine    ] GC(106) Concurrent refinement times: Logged Cards Scan time goal: 20.00ms Logged Cards Scan time: 6.14ms HCC time: 0.00ms
[5.614s][debug][gc,ergo,refine    ] GC(106) Updated Refinement Zones: green: 23679, yellow: 71037, red: 118395
[5.614s][info ][gc,phases         ] GC(106)   Pre Evacuate Collection Set: 0.1ms
[5.614s][debug][gc,phases         ] GC(106)     Prepare TLABs: 0.0ms
[5.614s][debug][gc,phases         ] GC(106)     Concatenate Dirty Card Logs: 0.0ms
[5.614s][debug][gc,phases         ] GC(106)     Choose Collection Set: 0.0ms
[5.614s][debug][gc,phases         ] GC(106)     Region Register: 0.1ms
[5.614s][debug][gc,phases         ] GC(106)     Prepare Heap Roots: 0.0ms
[5.614s][info ][gc,phases         ] GC(106)   Merge Heap Roots: 0.2ms
[5.614s][debug][gc,phases         ] GC(106)     Prepare Merge Heap Roots: 0.0ms
[5.614s][debug][gc,phases         ] GC(106)     Eager Reclaim (ms):            skipped
[5.614s][debug][gc,phases         ] GC(106)     Remembered Sets (ms):          Min:  0.0, Avg:  0.0, Max:  0.0, Diff:  0.0, Sum:  0.0, Workers: 4
[5.614s][debug][gc,phases         ] GC(106)       Merged Sparse:                 Min: 0, Avg:  0.0, Max: 0, Diff: 0, Sum: 0, Workers: 4
[5.614s][debug][gc,phases         ] GC(106)       Merged Fine:                   Min: 0, Avg:  0.0, Max: 0, Diff: 0, Sum: 0, Workers: 4
[5.614s][debug][gc,phases         ] GC(106)       Merged Coarse:                 Min: 0, Avg:  0.0, Max: 0, Diff: 0, Sum: 0, Workers: 4
[5.614s][debug][gc,phases         ] GC(106)       Dirty Cards:                   Min: 0, Avg:  0.0, Max: 0, Diff: 0, Sum: 0, Workers: 4
[5.614s][debug][gc,phases         ] GC(106)     Hot Card Cache (ms):           Min:  0.0, Avg:  0.0, Max:  0.0, Diff:  0.0, Sum:  0.0, Workers: 4
[5.614s][debug][gc,phases         ] GC(106)       Dirty Cards:                   Min: 0, Avg:  0.0, Max: 0, Diff: 0, Sum: 0, Workers: 4
[5.614s][debug][gc,phases         ] GC(106)       Skipped Cards:                 Min: 0, Avg:  0.0, Max: 0, Diff: 0, Sum: 0, Workers: 4
[5.614s][debug][gc,phases         ] GC(106)     Log Buffers (ms):              Min:  0.0, Avg:  0.1, Max:  0.1, Diff:  0.1, Sum:  0.4, Workers: 4
[5.614s][debug][gc,phases         ] GC(106)       Dirty Cards:                   Min: 0, Avg: 3966.8, Max: 7014, Diff: 7014, Sum: 15867, Workers: 4
[5.614s][debug][gc,phases         ] GC(106)       Skipped Cards:                 Min: 0, Avg:  0.0, Max: 0, Diff: 0, Sum: 0, Workers: 4
[5.614s][info ][gc,phases         ] GC(106)   Evacuate Collection Set: 39.9ms
[5.614s][debug][gc,phases         ] GC(106)     Ext Root Scanning (ms):        Min:  0.0, Avg:  0.0, Max:  0.0, Diff:  0.0, Sum:  0.1, Workers: 4
[5.614s][debug][gc,phases         ] GC(106)     Scan Heap Roots (ms):          Min:  5.8, Avg:  6.1, Max:  6.2, Diff:  0.4, Sum: 24.2, Workers: 4
[5.614s][debug][gc,phases         ] GC(106)       Scanned Cards:                 Min: 3752, Avg: 3972.8, Max: 4100, Diff: 348, Sum: 15891, Workers: 4
[5.615s][debug][gc,phases         ] GC(106)       Scanned Blocks:                Min: 15, Avg: 19.3, Max: 27, Diff: 12, Sum: 77, Workers: 4
[5.615s][debug][gc,phases         ] GC(106)       Claimed Chunks:                Min: 15, Avg: 17.3, Max: 19, Diff: 4, Sum: 69, Workers: 4
[5.615s][debug][gc,phases         ] GC(106)     Code Root Scan (ms):           Min:  0.0, Avg:  0.0, Max:  0.0, Diff:  0.0, Sum:  0.0, Workers: 4
[5.615s][debug][gc,phases         ] GC(106)     Object Copy (ms):              Min: 33.6, Avg: 33.8, Max: 34.0, Diff:  0.4, Sum: 135.1, Workers: 4
[5.615s][debug][gc,phases         ] GC(106)     Termination (ms):              Min:  0.0, Avg:  0.0, Max:  0.0, Diff:  0.0, Sum:  0.0, Workers: 4
[5.615s][debug][gc,phases         ] GC(106)       Termination Attempts:          Min: 1, Avg:  1.0, Max: 1, Diff: 0, Sum: 4, Workers: 4
[5.615s][debug][gc,phases         ] GC(106)     GC Worker Other (ms):          Min:  0.0, Avg:  0.0, Max:  0.0, Diff:  0.0, Sum:  0.1, Workers: 4
[5.615s][debug][gc,phases         ] GC(106)     GC Worker Total (ms):          Min: 39.8, Avg: 39.9, Max: 39.9, Diff:  0.0, Sum: 159.4, Workers: 4
[5.615s][info ][gc,phases         ] GC(106)   Post Evacuate Collection Set: 0.4ms
[5.615s][debug][gc,phases         ] GC(106)     Code Roots Fixup: 0.0ms
[5.615s][debug][gc,phases         ] GC(106)     Reference Processing: 0.2ms
[5.615s][debug][gc,phases,ref     ] GC(106)       Reconsider SoftReferences: 0.1ms
[5.615s][debug][gc,phases,ref     ] GC(106)         SoftRef (ms):                  skipped
[5.615s][debug][gc,phases,ref     ] GC(106)       Notify Soft/WeakReferences: 0.0ms
[5.615s][debug][gc,phases,ref     ] GC(106)         SoftRef (ms):                  skipped
[5.615s][debug][gc,phases,ref     ] GC(106)         WeakRef (ms):                  skipped
[5.615s][debug][gc,phases,ref     ] GC(106)         FinalRef (ms):                 skipped
[5.615s][debug][gc,phases,ref     ] GC(106)         Total (ms):                    skipped
[5.615s][debug][gc,phases,ref     ] GC(106)       Notify and keep alive finalizable: 0.0ms
[5.615s][debug][gc,phases,ref     ] GC(106)         FinalRef (ms):                 skipped
[5.615s][debug][gc,phases,ref     ] GC(106)       Notify PhantomReferences: 0.0ms
[5.615s][debug][gc,phases,ref     ] GC(106)         PhantomRef (ms):               skipped
[5.615s][debug][gc,phases,ref     ] GC(106)       SoftReference:
[5.615s][debug][gc,phases,ref     ] GC(106)         Discovered: 0
[5.615s][debug][gc,phases,ref     ] GC(106)         Cleared: 0
[5.615s][debug][gc,phases,ref     ] GC(106)       WeakReference:
[5.615s][debug][gc,phases,ref     ] GC(106)         Discovered: 0
[5.615s][debug][gc,phases,ref     ] GC(106)         Cleared: 0
[5.615s][debug][gc,phases,ref     ] GC(106)       FinalReference:
[5.615s][debug][gc,phases,ref     ] GC(106)         Discovered: 0
[5.615s][debug][gc,phases,ref     ] GC(106)         Cleared: 0
[5.615s][debug][gc,phases,ref     ] GC(106)       PhantomReference:
[5.615s][debug][gc,phases,ref     ] GC(106)         Discovered: 0
[5.616s][debug][gc,phases,ref     ] GC(106)         Cleared: 0
[5.616s][debug][gc,phases         ] GC(106)     Weak Processing: 0.0ms
[5.616s][debug][gc,phases         ] GC(106)       VM Weak                        Min:  0.0, Avg:  0.0, Max:  0.0, Diff:  0.0, Sum:  0.0, Workers: 3
[5.616s][debug][gc,phases         ] GC(106)         Dead                           Min: 0, Avg:  0.0, Max: 0, Diff: 0, Sum: 0, Workers: 3
[5.616s][debug][gc,phases         ] GC(106)         Total                          Min: 0, Avg:  2.7, Max: 8, Diff: 8, Sum: 8, Workers: 3
[5.616s][debug][gc,phases         ] GC(106)       ObjectSynchronizer Weak        Min:  0.0, Avg:  0.0, Max:  0.0, Diff:  0.0, Sum:  0.0, Workers: 3
[5.616s][debug][gc,phases         ] GC(106)         Dead                           Min: 0, Avg:  0.0, Max: 0, Diff: 0, Sum: 0, Workers: 3
[5.616s][debug][gc,phases         ] GC(106)         Total                          Min: 0, Avg:  1.0, Max: 3, Diff: 3, Sum: 3, Workers: 3
[5.616s][debug][gc,phases         ] GC(106)       JVMTI Tag Weak OopStorage      Min:  0.0, Avg:  0.0, Max:  0.0, Diff:  0.0, Sum:  0.0, Workers: 3
[5.616s][debug][gc,phases         ] GC(106)         Dead                           Min: 0, Avg:  0.0, Max: 0, Diff: 0, Sum: 0, Workers: 3
[5.616s][debug][gc,phases         ] GC(106)         Total                          Min: 0, Avg:  0.0, Max: 0, Diff: 0, Sum: 0, Workers: 3
[5.616s][debug][gc,phases         ] GC(106)       StringTable Weak               Min:  0.0, Avg:  0.0, Max:  0.0, Diff:  0.0, Sum:  0.0, Workers: 3
[5.616s][debug][gc,phases         ] GC(106)         Dead                           Min: 0, Avg:  0.0, Max: 0, Diff: 0, Sum: 0, Workers: 3
[5.616s][debug][gc,phases         ] GC(106)         Total                          Min: 768, Avg: 819.0, Max: 896, Diff: 128, Sum: 2457, Workers: 3
[5.616s][debug][gc,phases         ] GC(106)       ResolvedMethodTable Weak       Min:  0.0, Avg:  0.0, Max:  0.0, Diff:  0.0, Sum:  0.0, Workers: 3
[5.616s][debug][gc,phases         ] GC(106)         Dead                           Min: 0, Avg:  0.0, Max: 0, Diff: 0, Sum: 0, Workers: 3
[5.616s][debug][gc,phases         ] GC(106)         Total                          Min: 9, Avg: 45.7, Max: 64, Diff: 55, Sum: 137, Workers: 3
[5.616s][debug][gc,phases         ] GC(106)       JNI Weak                       Min:  0.0, Avg:  0.0, Max:  0.0, Diff:  0.0, Sum:  0.0, Workers: 3
[5.616s][debug][gc,phases         ] GC(106)         Dead                           Min: 0, Avg:  0.0, Max: 0, Diff: 0, Sum: 0, Workers: 3
[5.616s][debug][gc,phases         ] GC(106)         Total                          Min: 0, Avg:  0.0, Max: 0, Diff: 0, Sum: 0, Workers: 3
[5.616s][debug][gc,phases         ] GC(106)       StringDedup Table Weak         Min:  0.0, Avg:  0.0, Max:  0.0, Diff:  0.0, Sum:  0.0, Workers: 3
[5.616s][debug][gc,phases         ] GC(106)         Dead                           Min: 0, Avg:  0.0, Max: 0, Diff: 0, Sum: 0, Workers: 3
[5.616s][debug][gc,phases         ] GC(106)         Total                          Min: 0, Avg:  0.0, Max: 0, Diff: 0, Sum: 0, Workers: 3
[5.616s][debug][gc,phases         ] GC(106)       StringDedup Requests0 Weak     Min:  0.0, Avg:  0.0, Max:  0.0, Diff:  0.0, Sum:  0.0, Workers: 3
[5.616s][debug][gc,phases         ] GC(106)         Dead                           Min: 0, Avg:  0.0, Max: 0, Diff: 0, Sum: 0, Workers: 3
[5.616s][debug][gc,phases         ] GC(106)         Total                          Min: 0, Avg:  0.0, Max: 0, Diff: 0, Sum: 0, Workers: 3
[5.616s][debug][gc,phases         ] GC(106)       StringDedup Requests1 Weak     Min:  0.0, Avg:  0.0, Max:  0.0, Diff:  0.0, Sum:  0.0, Workers: 3
[5.616s][debug][gc,phases         ] GC(106)         Dead                           Min: 0, Avg:  0.0, Max: 0, Diff: 0, Sum: 0, Workers: 3
[5.616s][debug][gc,phases         ] GC(106)         Total                          Min: 0, Avg:  0.0, Max: 0, Diff: 0, Sum: 0, Workers: 3
[5.616s][debug][gc,phases         ] GC(106)       Weak JFR Old Object Samples    Min:  0.0, Avg:  0.0, Max:  0.0, Diff:  0.0, Sum:  0.0, Workers: 3
[5.616s][debug][gc,phases         ] GC(106)         Dead                           Min: 0, Avg:  0.0, Max: 0, Diff: 0, Sum: 0, Workers: 3
[5.616s][debug][gc,phases         ] GC(106)         Total                          Min: 0, Avg:  0.0, Max: 0, Diff: 0, Sum: 0, Workers: 3
[5.616s][debug][gc,phases         ] GC(106)     Post Evacuate Cleanup 1: 0.0ms
[5.617s][debug][gc,phases         ] GC(106)       Merge Per-Thread State (ms):   Min:  0.0, Avg:  0.0, Max:  0.0, Diff:  0.0, Sum:  0.0, Workers: 1
[5.617s][debug][gc,phases         ] GC(106)         Copied Bytes                   Min: 7767456, Avg: 8115092.0, Max: 8568448, Diff: 800992, Sum: 32460368, Workers: 4
[5.617s][debug][gc,phases         ] GC(106)         LAB Waste                      Min: 256, Avg: 324.0, Max: 392, Diff: 136, Sum: 1296, Workers: 4
[5.617s][debug][gc,phases         ] GC(106)         LAB Undo Waste                 Min: 0, Avg:  0.0, Max: 0, Diff: 0, Sum: 0, Workers: 4
[5.617s][debug][gc,phases         ] GC(106)       Clear Logged Cards (ms):       Min:  0.0, Avg:  0.0, Max:  0.0, Diff:  0.0, Sum:  0.0, Workers: 3
[5.617s][debug][gc,phases         ] GC(106)       Recalculate Used Memory (ms):  Min:  0.0, Avg:  0.0, Max:  0.0, Diff:  0.0, Sum:  0.0, Workers: 1
[5.617s][debug][gc,phases         ] GC(106)     Post Evacuate Cleanup 2: 0.1ms
[5.617s][debug][gc,phases         ] GC(106)       Reset Hot Card Cache (ms):     Min:  0.0, Avg:  0.0, Max:  0.0, Diff:  0.0, Sum:  0.0, Workers: 1
[5.617s][debug][gc,phases         ] GC(106)       Purge Code Roots (ms):         Min:  0.0, Avg:  0.0, Max:  0.0, Diff:  0.0, Sum:  0.0, Workers: 1
[5.617s][debug][gc,phases         ] GC(106)       Update Derived Pointers (ms):  Min:  0.0, Avg:  0.0, Max:  0.0, Diff:  0.0, Sum:  0.0, Workers: 1
[5.617s][debug][gc,phases         ] GC(106)       Eagerly Reclaim Humongous Objects (ms): Min:  0.0, Avg:  0.0, Max:  0.0, Diff:  0.0, Sum:  0.0, Workers: 1
[5.617s][debug][gc,phases         ] GC(106)         Humongous Total                Min: 1, Avg:  1.0, Max: 1, Diff: 0, Sum: 1, Workers: 1
[5.617s][debug][gc,phases         ] GC(106)         Humongous Candidates           Min: 0, Avg:  0.0, Max: 0, Diff: 0, Sum: 0, Workers: 1
[5.617s][debug][gc,phases         ] GC(106)         Humongous Reclaimed            Min: 0, Avg:  0.0, Max: 0, Diff: 0, Sum: 0, Workers: 1
[5.617s][debug][gc,phases         ] GC(106)       Redirty Logged Cards (ms):     Min:  0.0, Avg:  0.0, Max:  0.0, Diff:  0.0, Sum:  0.0, Workers: 4
[5.617s][debug][gc,phases         ] GC(106)         Redirtied Cards:               Min: 0, Avg: 512.5, Max: 1282, Diff: 1282, Sum: 2050, Workers: 4
[5.617s][debug][gc,phases         ] GC(106)       Free Collection Set (ms):      Min:  0.0, Avg:  0.0, Max:  0.0, Diff:  0.0, Sum:  0.0, Workers: 4
[5.617s][debug][gc,phases         ] GC(106)     Rebuild Free List: 0.1ms
[5.617s][debug][gc,phases         ] GC(106)     Start New Collection Set: 0.0ms
[5.617s][debug][gc,phases         ] GC(106)     Resize TLABs: 0.0ms
[5.617s][debug][gc,phases         ] GC(106)     Expand Heap After Collection: 0.0ms
[5.617s][info ][gc,phases         ] GC(106)   Other: 1.0ms
[5.617s][info ][gc,heap           ] GC(106) Eden regions: 26->0(17)
[5.617s][info ][gc,heap           ] GC(106) Survivor regions: 5->4(4)
[5.617s][info ][gc,heap           ] GC(106) Old regions: 104->132
[5.617s][info ][gc,heap           ] GC(106) Archive regions: 0->0
[5.617s][info ][gc,heap           ] GC(106) Humongous regions: 36->36
[5.617s][info ][gc,metaspace      ] GC(106) Metaspace: 471K(640K)->471K(640K) NonClass: 438K(512K)->438K(512K) Class: 33K(128K)->33K(128K)
[5.617s][debug][gc,heap           ] GC(106) Heap after GC invocations=100 (full 5):
[5.617s][debug][gc,heap           ] GC(106)  garbage-first heap   total 262144K, used 173634K [0x00000000f0000000, 0x0000000100000000)
[5.617s][debug][gc,heap           ] GC(106)   region size 1024K, 4 young (4096K), 4 survivors (4096K)
[5.617s][debug][gc,heap           ] GC(106)  Metaspace       used 471K, committed 640K, reserved 1056768K
[5.617s][debug][gc,heap           ] GC(106)   class space    used 33K, committed 128K, reserved 1048576K
[5.617s][info ][gc                ] GC(106) Pause Young (Normal) (G1 Evacuation Pause) 168M->169M(256M) 45.363ms
[5.618s][info ][gc,cpu            ] GC(106) User=0.11s Sys=0.02s Real=0.04s
[5.624s][debug][gc,stats          ] ---------------------------------------------------------------------
[5.624s][debug][gc,stats          ] Marking Stats, task = 0, calls = 6
[5.624s][debug][gc,stats          ]   Elapsed time = 84.41ms, Termination time = 0.00ms
[5.624s][debug][gc,stats          ]   Step Times (cum): num = 255, avg = 3.92ms, sd = 6.78ms max = 16.00ms, total = 1000.00ms
[5.624s][debug][gc,stats          ]   Mark Stats Cache: hits 20185 misses 0 ratio 100.000
[5.624s][debug][gc,stats          ] ---------------------------------------------------------------------
[5.624s][info ][gc,marking        ] GC(105) Concurrent Mark From Roots 84.624ms
[5.624s][info ][gc,marking        ] GC(105) Concurrent Preclean
[5.624s][debug][gc,ref,start      ] GC(105) Preclean SoftReferences
[5.624s][debug][gc,ref            ] GC(105) Preclean SoftReferences 0.032ms
[5.624s][debug][gc,ref,start      ] GC(105) Preclean WeakReferences
[5.624s][debug][gc,ref            ] GC(105) Preclean WeakReferences 0.033ms
[5.624s][debug][gc,ref,start      ] GC(105) Preclean FinalReferences
[5.624s][debug][gc,ref            ] GC(105) Preclean FinalReferences 0.026ms
[5.624s][debug][gc,ref,start      ] GC(105) Preclean PhantomReferences
[5.624s][debug][gc,ref            ] GC(105) Preclean PhantomReferences 0.026ms
[5.624s][info ][gc,marking        ] GC(105) Concurrent Preclean 0.200ms
[5.624s][info ][gc,start          ] GC(105) Pause Remark
[5.624s][debug][gc,phases,start   ] GC(105) Finalize Marking
[5.624s][debug][gc,stats          ] ---------------------------------------------------------------------
[5.624s][debug][gc,stats          ] Marking Stats, task = 0, calls = 23
[5.624s][debug][gc,stats          ]   Elapsed time = 0.02ms, Termination time = 0.00ms
[5.624s][debug][gc,stats          ]   Step Times (cum): num = 272, avg = 3.68ms, sd = 6.63ms max = 16.00ms, total = 1000.00ms
[5.624s][debug][gc,stats          ]   Mark Stats Cache: hits 20185 misses 0 ratio 100.000
[5.624s][debug][gc,stats          ] ---------------------------------------------------------------------
[5.624s][debug][gc,stats          ] Marking Stats, task = 1, calls = 1
[5.624s][debug][gc,stats          ]   Elapsed time = 0.02ms, Termination time = 0.00ms
[5.624s][debug][gc,stats          ]   Step Times (cum): num = 4, avg = 0.00ms, sd = 0.00ms max = 0.00ms, total = 0.00ms
[5.624s][debug][gc,stats          ]   Mark Stats Cache: hits 1238 misses 0 ratio 100.000
[5.624s][debug][gc,stats          ] ---------------------------------------------------------------------
[5.624s][debug][gc,stats          ] Marking Stats, task = 2, calls = 1
[5.624s][debug][gc,stats          ]   Elapsed time = 0.02ms, Termination time = 0.00ms
[5.624s][debug][gc,stats          ]   Step Times (cum): num = 4, avg = 0.00ms, sd = 0.00ms max = 0.00ms, total = 0.00ms
[5.624s][debug][gc,stats          ]   Mark Stats Cache: hits 24 misses 0 ratio 100.000
[5.624s][debug][gc,stats          ] ---------------------------------------------------------------------
[5.624s][debug][gc,stats          ] Marking Stats, task = 3, calls = 1
[5.624s][debug][gc,stats          ]   Elapsed time = 0.02ms, Termination time = 0.00ms
[5.624s][debug][gc,stats          ]   Step Times (cum): num = 4, avg = 0.00ms, sd = 0.00ms max = 0.00ms, total = 0.00ms
[5.624s][debug][gc,stats          ]   Mark Stats Cache: hits 30 misses 0 ratio 100.000
[5.624s][debug][gc,stats          ] ---------------------------------------------------------------------
[5.624s][debug][gc,phases         ] GC(105) Finalize Marking 0.414ms
[5.624s][debug][gc,phases,start   ] GC(105) Reference Processing
[5.624s][debug][gc,ref            ] GC(105) Skipped phase 1 of Reference Processing: no references
[5.624s][debug][gc,ref            ] GC(105) Skipped phase 2 of Reference Processing: no references
[5.625s][debug][gc,ref            ] GC(105) Skipped phase 3 of Reference Processing: no references
[5.625s][debug][gc,ref            ] GC(105) Skipped phase 4 of Reference Processing: no references
[5.625s][debug][gc,phases,ref     ] GC(105) Reference Processing: 0.1ms
[5.625s][debug][gc,phases,ref     ] GC(105)   Reconsider SoftReferences: 0.0ms
[5.625s][debug][gc,phases,ref     ] GC(105)     SoftRef (ms):                  skipped
[5.625s][debug][gc,phases,ref     ] GC(105)   Notify Soft/WeakReferences: 0.0ms
[5.625s][debug][gc,phases,ref     ] GC(105)     SoftRef (ms):                  skipped
[5.625s][debug][gc,phases,ref     ] GC(105)     WeakRef (ms):                  skipped
[5.625s][debug][gc,phases,ref     ] GC(105)     FinalRef (ms):                 skipped
[5.625s][debug][gc,phases,ref     ] GC(105)     Total (ms):                    skipped
[5.625s][debug][gc,phases,ref     ] GC(105)   Notify and keep alive finalizable: 0.0ms
[5.625s][debug][gc,phases,ref     ] GC(105)     FinalRef (ms):                 skipped
[5.625s][debug][gc,phases,ref     ] GC(105)   Notify PhantomReferences: 0.0ms
[5.625s][debug][gc,phases,ref     ] GC(105)     PhantomRef (ms):               skipped
[5.625s][debug][gc,phases,ref     ] GC(105)   SoftReference:
[5.625s][debug][gc,phases,ref     ] GC(105)     Discovered: 0
[5.625s][debug][gc,phases,ref     ] GC(105)     Cleared: 0
[5.625s][debug][gc,phases,ref     ] GC(105)   WeakReference:
[5.625s][debug][gc,phases,ref     ] GC(105)     Discovered: 0
[5.625s][debug][gc,phases,ref     ] GC(105)     Cleared: 0
[5.625s][debug][gc,phases,ref     ] GC(105)   FinalReference:
[5.625s][debug][gc,phases,ref     ] GC(105)     Discovered: 0
[5.625s][debug][gc,phases,ref     ] GC(105)     Cleared: 0
[5.625s][debug][gc,phases,ref     ] GC(105)   PhantomReference:
[5.625s][debug][gc,phases,ref     ] GC(105)     Discovered: 0
[5.625s][debug][gc,phases,ref     ] GC(105)     Cleared: 0
[5.625s][debug][gc,phases         ] GC(105) Reference Processing 0.463ms
[5.625s][debug][gc,phases,start   ] GC(105) Weak Processing
[5.625s][debug][gc,phases         ] GC(105)   VM Weak                        Min:  0.0, Avg:  0.0, Max:  0.0, Diff:  0.0, Sum:  0.0, Workers: 3
[5.625s][debug][gc,phases         ] GC(105)     Dead                           Min: 0, Avg:  0.0, Max: 0, Diff: 0, Sum: 0, Workers: 3
[5.625s][debug][gc,phases         ] GC(105)     Total                          Min: 0, Avg:  2.7, Max: 8, Diff: 8, Sum: 8, Workers: 3
[5.625s][debug][gc,phases         ] GC(105)   ObjectSynchronizer Weak        Min:  0.0, Avg:  0.0, Max:  0.0, Diff:  0.0, Sum:  0.0, Workers: 3
[5.625s][debug][gc,phases         ] GC(105)     Dead                           Min: 0, Avg:  0.0, Max: 0, Diff: 0, Sum: 0, Workers: 3
[5.625s][debug][gc,phases         ] GC(105)     Total                          Min: 0, Avg:  1.0, Max: 3, Diff: 3, Sum: 3, Workers: 3
[5.625s][debug][gc,phases         ] GC(105)   JVMTI Tag Weak OopStorage      Min:  0.0, Avg:  0.0, Max:  0.0, Diff:  0.0, Sum:  0.0, Workers: 3
[5.625s][debug][gc,phases         ] GC(105)     Dead                           Min: 0, Avg:  0.0, Max: 0, Diff: 0, Sum: 0, Workers: 3
[5.625s][debug][gc,phases         ] GC(105)     Total                          Min: 0, Avg:  0.0, Max: 0, Diff: 0, Sum: 0, Workers: 3
[5.625s][debug][gc,phases         ] GC(105)   StringTable Weak               Min:  0.0, Avg:  0.0, Max:  0.0, Diff:  0.0, Sum:  0.0, Workers: 3
[5.625s][debug][gc,phases         ] GC(105)     Dead                           Min: 0, Avg:  0.0, Max: 0, Diff: 0, Sum: 0, Workers: 3
[5.625s][debug][gc,phases         ] GC(105)     Total                          Min: 729, Avg: 819.0, Max: 896, Diff: 167, Sum: 2457, Workers: 3
[5.625s][debug][gc,phases         ] GC(105)   ResolvedMethodTable Weak       Min:  0.0, Avg:  0.0, Max:  0.0, Diff:  0.0, Sum:  0.0, Workers: 3
[5.625s][debug][gc,phases         ] GC(105)     Dead                           Min: 0, Avg:  0.0, Max: 0, Diff: 0, Sum: 0, Workers: 3
[5.625s][debug][gc,phases         ] GC(105)     Total                          Min: 9, Avg: 45.7, Max: 64, Diff: 55, Sum: 137, Workers: 3
[5.625s][debug][gc,phases         ] GC(105)   JNI Weak                       Min:  0.0, Avg:  0.0, Max:  0.0, Diff:  0.0, Sum:  0.0, Workers: 3
[5.625s][debug][gc,phases         ] GC(105)     Dead                           Min: 0, Avg:  0.0, Max: 0, Diff: 0, Sum: 0, Workers: 3
[5.625s][debug][gc,phases         ] GC(105)     Total                          Min: 0, Avg:  0.0, Max: 0, Diff: 0, Sum: 0, Workers: 3
[5.625s][debug][gc,phases         ] GC(105)   StringDedup Table Weak         Min:  0.0, Avg:  0.0, Max:  0.0, Diff:  0.0, Sum:  0.0, Workers: 3
[5.625s][debug][gc,phases         ] GC(105)     Dead                           Min: 0, Avg:  0.0, Max: 0, Diff: 0, Sum: 0, Workers: 3
[5.625s][debug][gc,phases         ] GC(105)     Total                          Min: 0, Avg:  0.0, Max: 0, Diff: 0, Sum: 0, Workers: 3
[5.625s][debug][gc,phases         ] GC(105)   StringDedup Requests0 Weak     Min:  0.0, Avg:  0.0, Max:  0.0, Diff:  0.0, Sum:  0.0, Workers: 3
[5.625s][debug][gc,phases         ] GC(105)     Dead                           Min: 0, Avg:  0.0, Max: 0, Diff: 0, Sum: 0, Workers: 3
[5.625s][debug][gc,phases         ] GC(105)     Total                          Min: 0, Avg:  0.0, Max: 0, Diff: 0, Sum: 0, Workers: 3
[5.625s][debug][gc,phases         ] GC(105)   StringDedup Requests1 Weak     Min:  0.0, Avg:  0.0, Max:  0.0, Diff:  0.0, Sum:  0.0, Workers: 3
[5.625s][debug][gc,phases         ] GC(105)     Dead                           Min: 0, Avg:  0.0, Max: 0, Diff: 0, Sum: 0, Workers: 3
[5.625s][debug][gc,phases         ] GC(105)     Total                          Min: 0, Avg:  0.0, Max: 0, Diff: 0, Sum: 0, Workers: 3
[5.625s][debug][gc,phases         ] GC(105)   Weak JFR Old Object Samples    Min:  0.0, Avg:  0.0, Max:  0.0, Diff:  0.0, Sum:  0.0, Workers: 3
[5.625s][debug][gc,phases         ] GC(105)     Dead                           Min: 0, Avg:  0.0, Max: 0, Diff: 0, Sum: 0, Workers: 3
[5.626s][debug][gc,phases         ] GC(105)     Total                          Min: 0, Avg:  0.0, Max: 0, Diff: 0, Sum: 0, Workers: 3
[5.626s][debug][gc,phases         ] GC(105) Weak Processing 0.589ms
[5.626s][debug][gc,phases,start   ] GC(105) Class Unloading
[5.626s][debug][gc,phases,start   ] GC(105) ClassLoaderData
[5.626s][debug][gc,phases         ] GC(105) ClassLoaderData 0.017ms
[5.626s][debug][gc,phases,start   ] GC(105) Trigger cleanups
[5.626s][debug][gc,phases         ] GC(105) Trigger cleanups 0.024ms
[5.626s][debug][gc,phases         ] GC(105) Class Unloading 0.271ms
[5.626s][debug][gc,phases,start   ] GC(105) Flush Task Caches
[5.626s][debug][gc,stats          ] Mark stats cache hits 21477 misses 0 ratio 100.000
[5.626s][debug][gc,phases         ] GC(105) Flush Task Caches 0.044ms
[5.626s][debug][gc,phases,start   ] GC(105) Update Remembered Set Tracking Before Rebuild
[5.626s][debug][gc,ergo           ] GC(105) Running G1 Update RemSet Tracking Before Rebuild using 1 workers for 256 regions in heap
[5.626s][debug][gc,remset,tracking] GC(105) Remembered Set Tracking update regions total 256, selected 2
[5.626s][debug][gc,phases         ] GC(105) Update Remembered Set Tracking Before Rebuild 0.128ms
[5.626s][debug][gc,phases,start   ] GC(105) Reclaim Empty Regions
[5.626s][debug][gc                ] GC(105) Reclaimed 86 empty regions
[5.626s][debug][gc,phases         ] GC(105) Reclaim Empty Regions 0.125ms
[5.626s][debug][gc,phases,start   ] GC(105) Purge Metaspace
[5.626s][debug][gc,phases         ] GC(105) Purge Metaspace 0.029ms
[5.626s][debug][gc,phases,start   ] GC(105) Report Object Count
[5.626s][debug][gc,phases         ] GC(105) Report Object Count 0.029ms
[5.626s][debug][gc,mmu            ] GC(105) MMU: 86.5ms (200.0ms/201.0ms)
[5.626s][info ][gc                ] GC(105) Pause Remark 172M->89M(256M) 2.407ms
[5.626s][info ][gc,cpu            ] GC(105) User=0.00s Sys=0.00s Real=0.00s
[5.626s][info ][gc,marking        ] GC(105) Concurrent Mark 87.471ms
[5.627s][info ][gc,marking        ] GC(105) Concurrent Rebuild Remembered Sets
[5.650s][debug][gc,heap           ] GC(107) Heap before GC invocations=100 (full 5):
[5.650s][debug][gc,heap           ] GC(107)  garbage-first heap   total 262144K, used 105472K [0x00000000f0000000, 0x0000000100000000)
[5.650s][debug][gc,heap           ] GC(107)   region size 1024K, 21 young (21504K), 4 survivors (4096K)
[5.650s][debug][gc,heap           ] GC(107)  Metaspace       used 471K, committed 640K, reserved 1056768K
[5.650s][debug][gc,heap           ] GC(107)   class space    used 33K, committed 128K, reserved 1048576K
[5.650s][info ][gc,start          ] GC(107) Pause Young (Normal) (G1 Evacuation Pause)
[5.650s][info ][gc,task           ] GC(107) Using 4 workers of 4 for evacuation
[5.650s][debug][gc,tlab           ] GC(107) TLAB totals: thrds: 1  refills: 68 max: 68 slow allocs: 0 max 0 waste:  0.2% gc: 0B max: 0B slow: 39168B max: 39168B
[5.650s][debug][gc,age            ] GC(107) Desired survivor size 1572864 bytes, new threshold 1 (max threshold 15)
[5.650s][debug][gc,refine,stats   ] GC(107) Mutator refinement: 0.00ms, refined: 0, precleaned: 0, dirtied: 8686
[5.650s][debug][gc,refine,stats   ] GC(107) Concurrent refinement: 0.00ms, refined: 0, precleaned: 0, dirtied: 0
[5.650s][debug][gc,refine,stats   ] GC(107) Total refinement: 0.00ms, refined: 0, precleaned: 0, dirtied: 8686
[5.650s][debug][gc,refine,stats   ] GC(107) Generate dirty cards rate: 252.42 cards/ms
[5.650s][debug][gc,alloc,region   ] GC(107) Mutator Allocation stats, regions: 17, wasted size: 0B ( 0.0%)
[5.650s][debug][gc,humongous      ] GC(107) Humongous region 173 (object size 36920416 @ 0x00000000fad00000) remset 0 code roots 0 marked 1 reclaim candidate 0 type array 0
[5.650s][debug][gc,ergo           ] GC(107) Running G1 Merge Heap Roots using 4 workers for 21 regions
[5.650s][debug][gc,remset         ] GC(107) Visited cards 11520 Total dirty 16384 (70.31%) Total old 253952 (4.54%)
[5.677s][debug][gc,ref            ] GC(107) Skipped phase 1 of Reference Processing: no references
[5.677s][debug][gc,ref            ] GC(107) Skipped phase 2 of Reference Processing: no references
[5.677s][debug][gc,ref            ] GC(107) Skipped phase 3 of Reference Processing: no references
[5.677s][debug][gc,ref            ] GC(107) Skipped phase 4 of Reference Processing: no references
[5.678s][debug][gc,ergo           ] GC(107) Running G1 Rebuild Free List Task using 4 workers for rebuilding free list of regions
[5.678s][debug][gc,plab           ] GC(107) Young PLAB allocation: allocated: 3145728B, wasted: 240B, unused: 0B, used: 3145488B, undo waste: 0B, 
[5.678s][debug][gc,plab           ] GC(107) Young other allocation: region end waste: 0B, regions filled: 3, direct allocated: 0B, failure used: 0B, failure wasted: 0B
[5.678s][debug][gc,plab           ] GC(107) Young sizing: calculated: 629096B, actual: 693200B
[5.678s][debug][gc,plab           ] GC(107) Old PLAB allocation: allocated: 19922944B, wasted: 544B, unused: 1087408B, used: 18834992B, undo waste: 0B, 
[5.678s][debug][gc,plab           ] GC(107) Old other allocation: region end waste: 0B, regions filled: 19, direct allocated: 0B, failure used: 0B, failure wasted: 0B
[5.678s][debug][gc,plab           ] GC(107) Old sizing: calculated: 3766992B, actual: 4125608B
[5.678s][debug][gc,ergo,heap      ] GC(107) Heap expansion: short term pause time ratio 18.02% long term pause time ratio 33.16% threshold 7.69% pause time ratio 7.69% fully expanded true resize by 0B
[5.678s][debug][gc,mmu            ] GC(107) MMU: 98.6ms (200.0ms/201.0ms)
[5.678s][debug][gc,alloc,stats    ] Old generation allocation in the last mutator period, old gen allocated: 19922944B, humongous allocated: 0B,old gen growth: 19922944B.
[5.678s][debug][gc,ihop           ] GC(107) Basic information (value update), threshold: 120795955B (45.00), target occupancy: 268435456B, current occupancy: 109051904B, recent allocation size: 19922944B, recent allocation duration: 34.41ms, recent old gen allocation rate: 578963483.03B/s, recent marking phase length: 0.00ms
[5.678s][debug][gc,ihop           ] GC(107) Adaptive IHOP information (value update), threshold: 120795955B (52.94), internal target occupancy: 228170137B, occupancy: 109051904B, additional buffer size: 46137344B, predicted old gen allocation rate: 565358055.28B/s, predicted marking phase length: 0.00ms, prediction active: false
[5.678s][debug][gc,ergo,refine    ] GC(107) Concurrent refinement times: Logged Cards Scan time goal: 20.00ms Logged Cards Scan time: 3.93ms HCC time: 0.00ms
[5.678s][debug][gc,ergo,refine    ] GC(107) Updated Refinement Zones: green: 23679, yellow: 71037, red: 118395
[5.678s][info ][gc,phases         ] GC(107)   Pre Evacuate Collection Set: 0.1ms
[5.678s][debug][gc,phases         ] GC(107)     Prepare TLABs: 0.0ms
[5.678s][debug][gc,phases         ] GC(107)     Concatenate Dirty Card Logs: 0.0ms
[5.678s][debug][gc,phases         ] GC(107)     Choose Collection Set: 0.0ms
[5.678s][debug][gc,phases         ] GC(107)     Region Register: 0.1ms
[5.678s][debug][gc,phases         ] GC(107)     Prepare Heap Roots: 0.0ms
[5.678s][info ][gc,phases         ] GC(107)   Merge Heap Roots: 0.1ms
[5.678s][debug][gc,phases         ] GC(107)     Prepare Merge Heap Roots: 0.0ms
[5.678s][debug][gc,phases         ] GC(107)     Eager Reclaim (ms):            skipped
[5.678s][debug][gc,phases         ] GC(107)     Remembered Sets (ms):          Min:  0.0, Avg:  0.0, Max:  0.0, Diff:  0.0, Sum:  0.0, Workers: 4
[5.678s][debug][gc,phases         ] GC(107)       Merged Sparse:                 Min: 0, Avg:  0.0, Max: 0, Diff: 0, Sum: 0, Workers: 4
[5.678s][debug][gc,phases         ] GC(107)       Merged Fine:                   Min: 0, Avg:  0.0, Max: 0, Diff: 0, Sum: 0, Workers: 4
[5.678s][debug][gc,phases         ] GC(107)       Merged Coarse:                 Min: 0, Avg:  0.0, Max: 0, Diff: 0, Sum: 0, Workers: 4
[5.678s][debug][gc,phases         ] GC(107)       Dirty Cards:                   Min: 0, Avg:  0.0, Max: 0, Diff: 0, Sum: 0, Workers: 4
[5.678s][debug][gc,phases         ] GC(107)     Hot Card Cache (ms):           Min:  0.0, Avg:  0.0, Max:  0.0, Diff:  0.0, Sum:  0.0, Workers: 4
[5.679s][debug][gc,phases         ] GC(107)       Dirty Cards:                   Min: 0, Avg:  0.0, Max: 0, Diff: 0, Sum: 0, Workers: 4
[5.679s][debug][gc,phases         ] GC(107)       Skipped Cards:                 Min: 0, Avg:  0.0, Max: 0, Diff: 0, Sum: 0, Workers: 4
[5.679s][debug][gc,phases         ] GC(107)     Log Buffers (ms):              Min:  0.0, Avg:  0.0, Max:  0.0, Diff:  0.0, Sum:  0.2, Workers: 4
[5.679s][debug][gc,phases         ] GC(107)       Dirty Cards:                   Min: 2552, Avg: 2676.0, Max: 2808, Diff: 256, Sum: 10704, Workers: 4
[5.679s][debug][gc,phases         ] GC(107)       Skipped Cards:                 Min: 0, Avg:  0.0, Max: 0, Diff: 0, Sum: 0, Workers: 4
[5.679s][info ][gc,phases         ] GC(107)   Evacuate Collection Set: 26.7ms
[5.679s][debug][gc,phases         ] GC(107)     Ext Root Scanning (ms):        Min:  0.0, Avg:  0.0, Max:  0.0, Diff:  0.0, Sum:  0.1, Workers: 4
[5.679s][debug][gc,phases         ] GC(107)     Scan Heap Roots (ms):          Min:  3.6, Avg:  3.9, Max:  4.1, Diff:  0.5, Sum: 15.6, Workers: 4
[5.679s][debug][gc,phases         ] GC(107)       Scanned Cards:                 Min: 2544, Avg: 2684.0, Max: 2816, Diff: 272, Sum: 10736, Workers: 4
[5.679s][debug][gc,phases         ] GC(107)       Scanned Blocks:                Min: 11, Avg: 11.3, Max: 12, Diff: 1, Sum: 45, Workers: 4
[5.679s][debug][gc,phases         ] GC(107)       Claimed Chunks:                Min: 11, Avg: 11.3, Max: 12, Diff: 1, Sum: 45, Workers: 4
[5.679s][debug][gc,phases         ] GC(107)     Code Root Scan (ms):           Min:  0.0, Avg:  0.0, Max:  0.0, Diff:  0.0, Sum:  0.0, Workers: 4
[5.679s][debug][gc,phases         ] GC(107)     Object Copy (ms):              Min: 22.6, Avg: 22.8, Max: 23.0, Diff:  0.5, Sum: 91.0, Workers: 4
[5.679s][debug][gc,phases         ] GC(107)     Termination (ms):              Min:  0.0, Avg:  0.0, Max:  0.0, Diff:  0.0, Sum:  0.0, Workers: 4
[5.679s][debug][gc,phases         ] GC(107)       Termination Attempts:          Min: 1, Avg:  7.5, Max: 13, Diff: 12, Sum: 30, Workers: 4
[5.679s][debug][gc,phases         ] GC(107)     GC Worker Other (ms):          Min:  0.0, Avg:  0.0, Max:  0.0, Diff:  0.0, Sum:  0.0, Workers: 4
[5.679s][debug][gc,phases         ] GC(107)     GC Worker Total (ms):          Min: 26.7, Avg: 26.7, Max: 26.7, Diff:  0.0, Sum: 106.7, Workers: 4
[5.679s][info ][gc,phases         ] GC(107)   Post Evacuate Collection Set: 0.4ms
[5.679s][debug][gc,phases         ] GC(107)     Code Roots Fixup: 0.0ms
[5.679s][debug][gc,phases         ] GC(107)     Reference Processing: 0.2ms
[5.679s][debug][gc,phases,ref     ] GC(107)       Reconsider SoftReferences: 0.1ms
[5.679s][debug][gc,phases,ref     ] GC(107)         SoftRef (ms):                  skipped
[5.679s][debug][gc,phases,ref     ] GC(107)       Notify Soft/WeakReferences: 0.1ms
[5.679s][debug][gc,phases,ref     ] GC(107)         SoftRef (ms):                  skipped
[5.679s][debug][gc,phases,ref     ] GC(107)         WeakRef (ms):                  skipped
[5.679s][debug][gc,phases,ref     ] GC(107)         FinalRef (ms):                 skipped
[5.679s][debug][gc,phases,ref     ] GC(107)         Total (ms):                    skipped
[5.679s][debug][gc,phases,ref     ] GC(107)       Notify and keep alive finalizable: 0.0ms
[5.679s][debug][gc,phases,ref     ] GC(107)         FinalRef (ms):                 skipped
[5.679s][debug][gc,phases,ref     ] GC(107)       Notify PhantomReferences: 0.0ms
[5.679s][debug][gc,phases,ref     ] GC(107)         PhantomRef (ms):               skipped
[5.679s][debug][gc,phases,ref     ] GC(107)       SoftReference:
[5.679s][debug][gc,phases,ref     ] GC(107)         Discovered: 0
[5.679s][debug][gc,phases,ref     ] GC(107)         Cleared: 0
[5.679s][debug][gc,phases,ref     ] GC(107)       WeakReference:
[5.679s][debug][gc,phases,ref     ] GC(107)         Discovered: 0
[5.680s][debug][gc,phases,ref     ] GC(107)         Cleared: 0
[5.680s][debug][gc,phases,ref     ] GC(107)       FinalReference:
[5.680s][debug][gc,phases,ref     ] GC(107)         Discovered: 0
[5.680s][debug][gc,phases,ref     ] GC(107)         Cleared: 0
[5.680s][debug][gc,phases,ref     ] GC(107)       PhantomReference:
[5.680s][debug][gc,phases,ref     ] GC(107)         Discovered: 0
[5.680s][debug][gc,phases,ref     ] GC(107)         Cleared: 0
[5.680s][debug][gc,phases         ] GC(107)     Weak Processing: 0.0ms
[5.680s][debug][gc,phases         ] GC(107)       VM Weak                        Min:  0.0, Avg:  0.0, Max:  0.0, Diff:  0.0, Sum:  0.0, Workers: 3
[5.680s][debug][gc,phases         ] GC(107)         Dead                           Min: 0, Avg:  0.0, Max: 0, Diff: 0, Sum: 0, Workers: 3
[5.680s][debug][gc,phases         ] GC(107)         Total                          Min: 0, Avg:  2.7, Max: 8, Diff: 8, Sum: 8, Workers: 3
[5.680s][debug][gc,phases         ] GC(107)       ObjectSynchronizer Weak        Min:  0.0, Avg:  0.0, Max:  0.0, Diff:  0.0, Sum:  0.0, Workers: 3
[5.680s][debug][gc,phases         ] GC(107)         Dead                           Min: 0, Avg:  0.0, Max: 0, Diff: 0, Sum: 0, Workers: 3
[5.680s][debug][gc,phases         ] GC(107)         Total                          Min: 0, Avg:  1.0, Max: 3, Diff: 3, Sum: 3, Workers: 3
[5.680s][debug][gc,phases         ] GC(107)       JVMTI Tag Weak OopStorage      Min:  0.0, Avg:  0.0, Max:  0.0, Diff:  0.0, Sum:  0.0, Workers: 3
[5.680s][debug][gc,phases         ] GC(107)         Dead                           Min: 0, Avg:  0.0, Max: 0, Diff: 0, Sum: 0, Workers: 3
[5.680s][debug][gc,phases         ] GC(107)         Total                          Min: 0, Avg:  0.0, Max: 0, Diff: 0, Sum: 0, Workers: 3
[5.680s][debug][gc,phases         ] GC(107)       StringTable Weak               Min:  0.0, Avg:  0.0, Max:  0.0, Diff:  0.0, Sum:  0.0, Workers: 3
[5.680s][debug][gc,phases         ] GC(107)         Dead                           Min: 0, Avg:  0.0, Max: 0, Diff: 0, Sum: 0, Workers: 3
[5.680s][debug][gc,phases         ] GC(107)         Total                          Min: 512, Avg: 819.0, Max: 985, Diff: 473, Sum: 2457, Workers: 3
[5.680s][debug][gc,phases         ] GC(107)       ResolvedMethodTable Weak       Min:  0.0, Avg:  0.0, Max:  0.0, Diff:  0.0, Sum:  0.0, Workers: 3
[5.680s][debug][gc,phases         ] GC(107)         Dead                           Min: 0, Avg:  0.0, Max: 0, Diff: 0, Sum: 0, Workers: 3
[5.680s][debug][gc,phases         ] GC(107)         Total                          Min: 0, Avg: 45.7, Max: 73, Diff: 73, Sum: 137, Workers: 3
[5.680s][debug][gc,phases         ] GC(107)       JNI Weak                       Min:  0.0, Avg:  0.0, Max:  0.0, Diff:  0.0, Sum:  0.0, Workers: 3
[5.680s][debug][gc,phases         ] GC(107)         Dead                           Min: 0, Avg:  0.0, Max: 0, Diff: 0, Sum: 0, Workers: 3
[5.680s][debug][gc,phases         ] GC(107)         Total                          Min: 0, Avg:  0.0, Max: 0, Diff: 0, Sum: 0, Workers: 3
[5.680s][debug][gc,phases         ] GC(107)       StringDedup Table Weak         Min:  0.0, Avg:  0.0, Max:  0.0, Diff:  0.0, Sum:  0.0, Workers: 3
[5.680s][debug][gc,phases         ] GC(107)         Dead                           Min: 0, Avg:  0.0, Max: 0, Diff: 0, Sum: 0, Workers: 3
[5.680s][debug][gc,phases         ] GC(107)         Total                          Min: 0, Avg:  0.0, Max: 0, Diff: 0, Sum: 0, Workers: 3
[5.680s][debug][gc,phases         ] GC(107)       StringDedup Requests0 Weak     Min:  0.0, Avg:  0.0, Max:  0.0, Diff:  0.0, Sum:  0.0, Workers: 3
[5.680s][debug][gc,phases         ] GC(107)         Dead                           Min: 0, Avg:  0.0, Max: 0, Diff: 0, Sum: 0, Workers: 3
[5.680s][debug][gc,phases         ] GC(107)         Total                          Min: 0, Avg:  0.0, Max: 0, Diff: 0, Sum: 0, Workers: 3
[5.681s][debug][gc,phases         ] GC(107)       StringDedup Requests1 Weak     Min:  0.0, Avg:  0.0, Max:  0.0, Diff:  0.0, Sum:  0.0, Workers: 3
[5.681s][debug][gc,phases         ] GC(107)         Dead                           Min: 0, Avg:  0.0, Max: 0, Diff: 0, Sum: 0, Workers: 3
[5.681s][debug][gc,phases         ] GC(107)         Total                          Min: 0, Avg:  0.0, Max: 0, Diff: 0, Sum: 0, Workers: 3
[5.681s][debug][gc,phases         ] GC(107)       Weak JFR Old Object Samples    Min:  0.0, Avg:  0.0, Max:  0.0, Diff:  0.0, Sum:  0.0, Workers: 3
[5.681s][debug][gc,phases         ] GC(107)         Dead                           Min: 0, Avg:  0.0, Max: 0, Diff: 0, Sum: 0, Workers: 3
[5.681s][debug][gc,phases         ] GC(107)         Total                          Min: 0, Avg:  0.0, Max: 0, Diff: 0, Sum: 0, Workers: 3
[5.681s][debug][gc,phases         ] GC(107)     Post Evacuate Cleanup 1: 0.0ms
[5.681s][debug][gc,phases         ] GC(107)       Merge Per-Thread State (ms):   Min:  0.0, Avg:  0.0, Max:  0.0, Diff:  0.0, Sum:  0.0, Workers: 1
[5.681s][debug][gc,phases         ] GC(107)         Copied Bytes                   Min: 5238320, Avg: 5495120.0, Max: 5820032, Diff: 581712, Sum: 21980480, Workers: 4
[5.681s][debug][gc,phases         ] GC(107)         LAB Waste                      Min: 144, Avg: 196.0, Max: 240, Diff: 96, Sum: 784, Workers: 4
[5.681s][debug][gc,phases         ] GC(107)         LAB Undo Waste                 Min: 0, Avg:  0.0, Max: 0, Diff: 0, Sum: 0, Workers: 4
[5.681s][debug][gc,phases         ] GC(107)       Clear Logged Cards (ms):       Min:  0.0, Avg:  0.0, Max:  0.0, Diff:  0.0, Sum:  0.0, Workers: 3
[5.681s][debug][gc,phases         ] GC(107)       Recalculate Used Memory (ms):  Min:  0.0, Avg:  0.0, Max:  0.0, Diff:  0.0, Sum:  0.0, Workers: 1
[5.681s][debug][gc,phases         ] GC(107)     Post Evacuate Cleanup 2: 0.1ms
[5.681s][debug][gc,phases         ] GC(107)       Reset Hot Card Cache (ms):     Min:  0.0, Avg:  0.0, Max:  0.0, Diff:  0.0, Sum:  0.0, Workers: 1
[5.681s][debug][gc,phases         ] GC(107)       Purge Code Roots (ms):         Min:  0.0, Avg:  0.0, Max:  0.0, Diff:  0.0, Sum:  0.0, Workers: 1
[5.681s][debug][gc,phases         ] GC(107)       Update Derived Pointers (ms):  Min:  0.0, Avg:  0.0, Max:  0.0, Diff:  0.0, Sum:  0.0, Workers: 1
[5.681s][debug][gc,phases         ] GC(107)       Eagerly Reclaim Humongous Objects (ms): Min:  0.0, Avg:  0.0, Max:  0.0, Diff:  0.0, Sum:  0.0, Workers: 1
[5.681s][debug][gc,phases         ] GC(107)         Humongous Total                Min: 1, Avg:  1.0, Max: 1, Diff: 0, Sum: 1, Workers: 1
[5.681s][debug][gc,phases         ] GC(107)         Humongous Candidates           Min: 0, Avg:  0.0, Max: 0, Diff: 0, Sum: 0, Workers: 1
[5.681s][debug][gc,phases         ] GC(107)         Humongous Reclaimed            Min: 0, Avg:  0.0, Max: 0, Diff: 0, Sum: 0, Workers: 1
[5.681s][debug][gc,phases         ] GC(107)       Redirty Logged Cards (ms):     Min:  0.0, Avg:  0.0, Max:  0.0, Diff:  0.0, Sum:  0.0, Workers: 4
[5.681s][debug][gc,phases         ] GC(107)         Redirtied Cards:               Min: 0, Avg: 384.8, Max: 1539, Diff: 1539, Sum: 1539, Workers: 4
[5.681s][debug][gc,phases         ] GC(107)       Free Collection Set (ms):      Min:  0.0, Avg:  0.0, Max:  0.0, Diff:  0.0, Sum:  0.0, Workers: 4
[5.681s][debug][gc,phases         ] GC(107)     Rebuild Free List: 0.1ms
[5.681s][debug][gc,phases         ] GC(107)     Start New Collection Set: 0.0ms
[5.681s][debug][gc,phases         ] GC(107)     Resize TLABs: 0.0ms
[5.681s][debug][gc,phases         ] GC(107)     Expand Heap After Collection: 0.0ms
[5.681s][info ][gc,phases         ] GC(107)   Other: 0.8ms
[5.681s][info ][gc,heap           ] GC(107) Eden regions: 17->0(41)
[5.681s][info ][gc,heap           ] GC(107) Survivor regions: 4->3(3)
[5.681s][info ][gc,heap           ] GC(107) Old regions: 46->65
[5.681s][info ][gc,heap           ] GC(107) Archive regions: 0->0
[5.681s][info ][gc,heap           ] GC(107) Humongous regions: 36->36
[5.682s][info ][gc,metaspace      ] GC(107) Metaspace: 471K(640K)->471K(640K) NonClass: 438K(512K)->438K(512K) Class: 33K(128K)->33K(128K)
[5.682s][debug][gc,heap           ] GC(107) Heap after GC invocations=101 (full 5):
[5.682s][debug][gc,heap           ] GC(107)  garbage-first heap   total 262144K, used 106496K [0x00000000f0000000, 0x0000000100000000)
[5.682s][debug][gc,heap           ] GC(107)   region size 1024K, 3 young (3072K), 3 survivors (3072K)
[5.682s][debug][gc,heap           ] GC(107)  Metaspace       used 471K, committed 640K, reserved 1056768K
[5.682s][debug][gc,heap           ] GC(107)   class space    used 33K, committed 128K, reserved 1048576K
[5.682s][info ][gc                ] GC(107) Pause Young (Normal) (G1 Evacuation Pause) 103M->104M(256M) 31.641ms
[5.682s][info ][gc,cpu            ] GC(107) User=0.06s Sys=0.02s Real=0.03s
[5.742s][debug][gc,task,start     ] G1 Service Thread (Remembered Set Sampling Task) (run)
[5.742s][debug][gc,task           ] G1 Service Thread (Remembered Set Sampling Task) (run) 0.076ms (cpu: 0.000ms)
[5.761s][info ][gc,marking        ] GC(105) Concurrent Rebuild Remembered Sets 134.775ms
[5.761s][info ][gc,start          ] GC(105) Pause Cleanup
[5.762s][debug][gc,phases,start   ] GC(105) Update Remembered Set Tracking After Rebuild
[5.762s][debug][gc,phases         ] GC(105) Update Remembered Set Tracking After Rebuild 0.034ms
[5.762s][debug][gc,phases,start   ] GC(105) Finalize Concurrent Mark Cleanup
[5.762s][debug][gc,ergo,cset      ] GC(105) Pruned 2 regions out of 2, leaving 990560 bytes waste (allowed 13421772)
[5.762s][debug][gc,ergo           ] GC(105) request young-only gcs (candidate old regions not available)
[5.762s][debug][gc,mmu            ] GC(105) MMU: 71.4ms (200.0ms/201.0ms)
[5.762s][debug][gc,phases         ] GC(105) Finalize Concurrent Mark Cleanup 0.154ms
[5.762s][info ][gc                ] GC(105) Pause Cleanup 142M->142M(256M) 0.276ms
[5.762s][info ][gc,cpu            ] GC(105) User=0.00s Sys=0.00s Real=0.00s
[5.762s][info ][gc,marking        ] GC(105) Concurrent Cleanup for Next Mark
[5.762s][debug][gc,ergo           ] GC(105) Running G1 Clear Bitmap with 1 workers for 4 work units.
[5.762s][info ][gc,marking        ] GC(105) Concurrent Cleanup for Next Mark 0.397ms
[5.762s][info ][gc                ] GC(105) Concurrent Mark Cycle 237.685ms
[5.768s][debug][gc,heap           ] GC(108) Heap before GC invocations=102 (full 5):
[5.768s][debug][gc,heap           ] GC(108)  garbage-first heap   total 262144K, used 148480K [0x00000000f0000000, 0x0000000100000000)
[5.768s][debug][gc,heap           ] GC(108)   region size 1024K, 44 young (45056K), 3 survivors (3072K)
[5.768s][debug][gc,heap           ] GC(108)  Metaspace       used 471K, committed 640K, reserved 1056768K
[5.768s][debug][gc,heap           ] GC(108)   class space    used 33K, committed 128K, reserved 1048576K
[5.768s][info ][gc,start          ] GC(108) Pause Young (Normal) (G1 Evacuation Pause)
[5.768s][info ][gc,task           ] GC(108) Using 4 workers of 4 for evacuation
[5.768s][debug][gc,tlab           ] GC(108) TLAB totals: thrds: 1  refills: 123 max: 123 slow allocs: 0 max 0 waste:  0.2% gc: 0B max: 0B slow: 70856B max: 70856B
[5.768s][debug][gc,age            ] GC(108) Desired survivor size 3145728 bytes, new threshold 15 (max threshold 15)
[5.768s][debug][gc,refine,stats   ] GC(108) Mutator refinement: 0.00ms, refined: 0, precleaned: 0, dirtied: 20959
[5.768s][debug][gc,refine,stats   ] GC(108) Concurrent refinement: 0.00ms, refined: 0, precleaned: 0, dirtied: 0
[5.768s][debug][gc,refine,stats   ] GC(108) Total refinement: 0.00ms, refined: 0, precleaned: 0, dirtied: 20959
[5.768s][debug][gc,refine,stats   ] GC(108) Generate dirty cards rate: 232.76 cards/ms
[5.768s][debug][gc,alloc,region   ] GC(108) Mutator Allocation stats, regions: 41, wasted size: 0B ( 0.0%)
[5.768s][debug][gc,humongous      ] GC(108) Humongous region 173 (object size 36920416 @ 0x00000000fad00000) remset 0 code roots 0 marked 0 reclaim candidate 0 type array 0
[5.768s][debug][gc,ergo           ] GC(108) Running G1 Merge Heap Roots using 4 workers for 44 regions
[5.769s][debug][gc,remset         ] GC(108) Visited cards 23040 Total dirty 30720 (75.00%) Total old 387072 (5.95%)
[5.775s][debug][gc,ref            ] GC(108) Skipped phase 1 of Reference Processing: no references
[5.775s][debug][gc,ref            ] GC(108) Skipped phase 2 of Reference Processing: no references
[5.775s][debug][gc,ref            ] GC(108) Skipped phase 3 of Reference Processing: no references
[5.775s][debug][gc,ref            ] GC(108) Skipped phase 4 of Reference Processing: no references
[5.775s][debug][gc,ergo           ] GC(108) Running G1 Rebuild Free List Task using 4 workers for rebuilding free list of regions
[5.775s][debug][gc,plab           ] GC(108) Young PLAB allocation: allocated: 3319024B, wasted: 288B, unused: 365440B, used: 2953296B, undo waste: 0B, 
[5.775s][debug][gc,plab           ] GC(108) Young other allocation: region end waste: 0B, regions filled: 4, direct allocated: 0B, failure used: 0B, failure wasted: 0B
[5.775s][debug][gc,plab           ] GC(108) Young sizing: calculated: 590656B, actual: 616288B
[5.775s][debug][gc,plab           ] GC(108) Old PLAB allocation: allocated: 0B, wasted: 0B, unused: 0B, used: 0B, undo waste: 0B, 
[5.775s][debug][gc,plab           ] GC(108) Old other allocation: region end waste: 0B, regions filled: 0, direct allocated: 0B, failure used: 0B, failure wasted: 0B
[5.775s][debug][gc,plab           ] GC(108) Old sizing: calculated: 0B, actual: 1031400B
[5.775s][debug][gc,ergo,heap      ] GC(108) Heap expansion: short term pause time ratio 0.22% long term pause time ratio 31.10% threshold 7.69% pause time ratio 7.69% fully expanded true resize by 0B
[5.775s][debug][gc,mmu            ] GC(108) MMU: 76.5ms (200.0ms/201.0ms)
[5.776s][debug][gc,alloc,stats    ] Old generation allocation in the last mutator period, old gen allocated: 0B, humongous allocated: 0B,old gen growth: 0B.
[5.776s][debug][gc,ihop           ] GC(108) Basic information (value update), threshold: 120795955B (45.00), target occupancy: 268435456B, current occupancy: 109225200B, recent allocation size: 0B, recent allocation duration: 90.04ms, recent old gen allocation rate: 0.00B/s, recent marking phase length: 0.00ms
[5.776s][debug][gc,ihop           ] GC(108) Adaptive IHOP information (value update), threshold: 120795955B (52.94), internal target occupancy: 228170137B, occupancy: 109225200B, additional buffer size: 51380224B, predicted old gen allocation rate: 550282103.47B/s, predicted marking phase length: 0.00ms, prediction active: false
[5.776s][debug][gc,ergo,refine    ] GC(108) Concurrent refinement times: Logged Cards Scan time goal: 20.00ms Logged Cards Scan time: 3.19ms HCC time: 0.00ms
[5.776s][debug][gc,ergo,refine    ] GC(108) Updated Refinement Zones: green: 23679, yellow: 71037, red: 118395
[5.776s][info ][gc,phases         ] GC(108)   Pre Evacuate Collection Set: 0.1ms
[5.776s][debug][gc,phases         ] GC(108)     Prepare TLABs: 0.0ms
[5.776s][debug][gc,phases         ] GC(108)     Concatenate Dirty Card Logs: 0.0ms
[5.776s][debug][gc,phases         ] GC(108)     Choose Collection Set: 0.0ms
[5.776s][debug][gc,phases         ] GC(108)     Region Register: 0.1ms
[5.776s][debug][gc,phases         ] GC(108)     Prepare Heap Roots: 0.0ms
[5.776s][info ][gc,phases         ] GC(108)   Merge Heap Roots: 0.2ms
[5.776s][debug][gc,phases         ] GC(108)     Prepare Merge Heap Roots: 0.0ms
[5.776s][debug][gc,phases         ] GC(108)     Eager Reclaim (ms):            skipped
[5.776s][debug][gc,phases         ] GC(108)     Remembered Sets (ms):          Min:  0.0, Avg:  0.0, Max:  0.0, Diff:  0.0, Sum:  0.1, Workers: 4
[5.776s][debug][gc,phases         ] GC(108)       Merged Sparse:                 Min: 0, Avg:  0.0, Max: 0, Diff: 0, Sum: 0, Workers: 4
[5.776s][debug][gc,phases         ] GC(108)       Merged Fine:                   Min: 11, Avg: 13.0, Max: 15, Diff: 4, Sum: 52, Workers: 4
[5.776s][debug][gc,phases         ] GC(108)       Merged Coarse:                 Min: 0, Avg:  0.0, Max: 0, Diff: 0, Sum: 0, Workers: 4
[5.776s][debug][gc,phases         ] GC(108)       Dirty Cards:                   Min: 0, Avg:  0.0, Max: 0, Diff: 0, Sum: 0, Workers: 4
[5.776s][debug][gc,phases         ] GC(108)     Hot Card Cache (ms):           Min:  0.0, Avg:  0.0, Max:  0.0, Diff:  0.0, Sum:  0.0, Workers: 4
[5.776s][debug][gc,phases         ] GC(108)       Dirty Cards:                   Min: 0, Avg:  0.0, Max: 0, Diff: 0, Sum: 0, Workers: 4
[5.776s][debug][gc,phases         ] GC(108)       Skipped Cards:                 Min: 0, Avg:  0.0, Max: 0, Diff: 0, Sum: 0, Workers: 4
[5.776s][debug][gc,phases         ] GC(108)     Log Buffers (ms):              Min:  0.1, Avg:  0.1, Max:  0.1, Diff:  0.0, Sum:  0.4, Workers: 4
[5.776s][debug][gc,phases         ] GC(108)       Dirty Cards:                   Min: 5557, Avg: 5616.5, Max: 5700, Diff: 143, Sum: 22466, Workers: 4
[5.776s][debug][gc,phases         ] GC(108)       Skipped Cards:                 Min: 0, Avg:  0.0, Max: 0, Diff: 0, Sum: 0, Workers: 4
[5.776s][info ][gc,phases         ] GC(108)   Evacuate Collection Set: 6.3ms
[5.776s][debug][gc,phases         ] GC(108)     Ext Root Scanning (ms):        Min:  0.0, Avg:  0.0, Max:  0.0, Diff:  0.0, Sum:  0.1, Workers: 4
[5.776s][debug][gc,phases         ] GC(108)     Scan Heap Roots (ms):          Min:  2.3, Avg:  3.1, Max:  3.5, Diff:  1.2, Sum: 12.4, Workers: 4
[5.776s][debug][gc,phases         ] GC(108)       Scanned Cards:                 Min: 3644, Avg: 5624.5, Max: 6845, Diff: 3201, Sum: 22498, Workers: 4
[5.776s][debug][gc,phases         ] GC(108)       Scanned Blocks:                Min: 15, Avg: 22.5, Max: 27, Diff: 12, Sum: 90, Workers: 4
[5.776s][debug][gc,phases         ] GC(108)       Claimed Chunks:                Min: 15, Avg: 22.5, Max: 27, Diff: 12, Sum: 90, Workers: 4
[5.776s][debug][gc,phases         ] GC(108)     Code Root Scan (ms):           Min:  0.0, Avg:  0.0, Max:  0.0, Diff:  0.0, Sum:  0.0, Workers: 4
[5.776s][debug][gc,phases         ] GC(108)     Object Copy (ms):              Min:  2.7, Avg:  3.1, Max:  3.9, Diff:  1.2, Sum: 12.6, Workers: 4
[5.776s][debug][gc,phases         ] GC(108)     Termination (ms):              Min:  0.0, Avg:  0.0, Max:  0.0, Diff:  0.0, Sum:  0.0, Workers: 4
[5.776s][debug][gc,phases         ] GC(108)       Termination Attempts:          Min: 1, Avg:  1.0, Max: 1, Diff: 0, Sum: 4, Workers: 4
[5.776s][debug][gc,phases         ] GC(108)     GC Worker Other (ms):          Min:  0.0, Avg:  0.0, Max:  0.0, Diff:  0.0, Sum:  0.0, Workers: 4
[5.776s][debug][gc,phases         ] GC(108)     GC Worker Total (ms):          Min:  6.3, Avg:  6.3, Max:  6.3, Diff:  0.0, Sum: 25.1, Workers: 4
[5.776s][info ][gc,phases         ] GC(108)   Post Evacuate Collection Set: 0.4ms
[5.776s][debug][gc,phases         ] GC(108)     Code Roots Fixup: 0.0ms
[5.776s][debug][gc,phases         ] GC(108)     Reference Processing: 0.2ms
[5.776s][debug][gc,phases,ref     ] GC(108)       Reconsider SoftReferences: 0.1ms
[5.776s][debug][gc,phases,ref     ] GC(108)         SoftRef (ms):                  skipped
[5.776s][debug][gc,phases,ref     ] GC(108)       Notify Soft/WeakReferences: 0.0ms
[5.776s][debug][gc,phases,ref     ] GC(108)         SoftRef (ms):                  skipped
[5.776s][debug][gc,phases,ref     ] GC(108)         WeakRef (ms):                  skipped
[5.776s][debug][gc,phases,ref     ] GC(108)         FinalRef (ms):                 skipped
[5.776s][debug][gc,phases,ref     ] GC(108)         Total (ms):                    skipped
[5.776s][debug][gc,phases,ref     ] GC(108)       Notify and keep alive finalizable: 0.0ms
[5.776s][debug][gc,phases,ref     ] GC(108)         FinalRef (ms):                 skipped
[5.776s][debug][gc,phases,ref     ] GC(108)       Notify PhantomReferences: 0.0ms
[5.777s][debug][gc,phases,ref     ] GC(108)         PhantomRef (ms):               skipped
[5.777s][debug][gc,phases,ref     ] GC(108)       SoftReference:
[5.777s][debug][gc,phases,ref     ] GC(108)         Discovered: 0
[5.777s][debug][gc,phases,ref     ] GC(108)         Cleared: 0
[5.777s][debug][gc,phases,ref     ] GC(108)       WeakReference:
[5.777s][debug][gc,phases,ref     ] GC(108)         Discovered: 0
[5.777s][debug][gc,phases,ref     ] GC(108)         Cleared: 0
[5.777s][debug][gc,phases,ref     ] GC(108)       FinalReference:
[5.777s][debug][gc,phases,ref     ] GC(108)         Discovered: 0
[5.777s][debug][gc,phases,ref     ] GC(108)         Cleared: 0
[5.777s][debug][gc,phases,ref     ] GC(108)       PhantomReference:
[5.777s][debug][gc,phases,ref     ] GC(108)         Discovered: 0
[5.777s][debug][gc,phases,ref     ] GC(108)         Cleared: 0
[5.777s][debug][gc,phases         ] GC(108)     Weak Processing: 0.0ms
[5.777s][debug][gc,phases         ] GC(108)       VM Weak                        Min:  0.0, Avg:  0.0, Max:  0.0, Diff:  0.0, Sum:  0.0, Workers: 3
[5.777s][debug][gc,phases         ] GC(108)         Dead                           Min: 0, Avg:  0.0, Max: 0, Diff: 0, Sum: 0, Workers: 3
[5.777s][debug][gc,phases         ] GC(108)         Total                          Min: 0, Avg:  2.7, Max: 8, Diff: 8, Sum: 8, Workers: 3
[5.777s][debug][gc,phases         ] GC(108)       ObjectSynchronizer Weak        Min:  0.0, Avg:  0.0, Max:  0.0, Diff:  0.0, Sum:  0.0, Workers: 3
[5.777s][debug][gc,phases         ] GC(108)         Dead                           Min: 0, Avg:  0.0, Max: 0, Diff: 0, Sum: 0, Workers: 3
[5.777s][debug][gc,phases         ] GC(108)         Total                          Min: 0, Avg:  1.0, Max: 3, Diff: 3, Sum: 3, Workers: 3
[5.777s][debug][gc,phases         ] GC(108)       JVMTI Tag Weak OopStorage      Min:  0.0, Avg:  0.0, Max:  0.0, Diff:  0.0, Sum:  0.0, Workers: 3
[5.777s][debug][gc,phases         ] GC(108)         Dead                           Min: 0, Avg:  0.0, Max: 0, Diff: 0, Sum: 0, Workers: 3
[5.777s][debug][gc,phases         ] GC(108)         Total                          Min: 0, Avg:  0.0, Max: 0, Diff: 0, Sum: 0, Workers: 3
[5.777s][debug][gc,phases         ] GC(108)       StringTable Weak               Min:  0.0, Avg:  0.0, Max:  0.0, Diff:  0.0, Sum:  0.0, Workers: 3
[5.777s][debug][gc,phases         ] GC(108)         Dead                           Min: 0, Avg:  0.0, Max: 0, Diff: 0, Sum: 0, Workers: 3
[5.777s][debug][gc,phases         ] GC(108)         Total                          Min: 729, Avg: 819.0, Max: 960, Diff: 231, Sum: 2457, Workers: 3
[5.777s][debug][gc,phases         ] GC(108)       ResolvedMethodTable Weak       Min:  0.0, Avg:  0.0, Max:  0.0, Diff:  0.0, Sum:  0.0, Workers: 3
[5.777s][debug][gc,phases         ] GC(108)         Dead                           Min: 0, Avg:  0.0, Max: 0, Diff: 0, Sum: 0, Workers: 3
[5.777s][debug][gc,phases         ] GC(108)         Total                          Min: 9, Avg: 45.7, Max: 64, Diff: 55, Sum: 137, Workers: 3
[5.777s][debug][gc,phases         ] GC(108)       JNI Weak                       Min:  0.0, Avg:  0.0, Max:  0.0, Diff:  0.0, Sum:  0.0, Workers: 3
[5.777s][debug][gc,phases         ] GC(108)         Dead                           Min: 0, Avg:  0.0, Max: 0, Diff: 0, Sum: 0, Workers: 3
[5.777s][debug][gc,phases         ] GC(108)         Total                          Min: 0, Avg:  0.0, Max: 0, Diff: 0, Sum: 0, Workers: 3
[5.777s][debug][gc,phases         ] GC(108)       StringDedup Table Weak         Min:  0.0, Avg:  0.0, Max:  0.0, Diff:  0.0, Sum:  0.0, Workers: 3
[5.777s][debug][gc,phases         ] GC(108)         Dead                           Min: 0, Avg:  0.0, Max: 0, Diff: 0, Sum: 0, Workers: 3
[5.777s][debug][gc,phases         ] GC(108)         Total                          Min: 0, Avg:  0.0, Max: 0, Diff: 0, Sum: 0, Workers: 3
[5.777s][debug][gc,phases         ] GC(108)       StringDedup Requests0 Weak     Min:  0.0, Avg:  0.0, Max:  0.0, Diff:  0.0, Sum:  0.0, Workers: 3
[5.777s][debug][gc,phases         ] GC(108)         Dead                           Min: 0, Avg:  0.0, Max: 0, Diff: 0, Sum: 0, Workers: 3
[5.777s][debug][gc,phases         ] GC(108)         Total                          Min: 0, Avg:  0.0, Max: 0, Diff: 0, Sum: 0, Workers: 3
[5.777s][debug][gc,phases         ] GC(108)       StringDedup Requests1 Weak     Min:  0.0, Avg:  0.0, Max:  0.0, Diff:  0.0, Sum:  0.0, Workers: 3
[5.777s][debug][gc,phases         ] GC(108)         Dead                           Min: 0, Avg:  0.0, Max: 0, Diff: 0, Sum: 0, Workers: 3
[5.777s][debug][gc,phases         ] GC(108)         Total                          Min: 0, Avg:  0.0, Max: 0, Diff: 0, Sum: 0, Workers: 3
[5.777s][debug][gc,phases         ] GC(108)       Weak JFR Old Object Samples    Min:  0.0, Avg:  0.0, Max:  0.0, Diff:  0.0, Sum:  0.0, Workers: 3
[5.777s][debug][gc,phases         ] GC(108)         Dead                           Min: 0, Avg:  0.0, Max: 0, Diff: 0, Sum: 0, Workers: 3
[5.777s][debug][gc,phases         ] GC(108)         Total                          Min: 0, Avg:  0.0, Max: 0, Diff: 0, Sum: 0, Workers: 3
[5.777s][debug][gc,phases         ] GC(108)     Post Evacuate Cleanup 1: 0.0ms
[5.777s][debug][gc,phases         ] GC(108)       Merge Per-Thread State (ms):   Min:  0.0, Avg:  0.0, Max:  0.0, Diff:  0.0, Sum:  0.0, Workers: 1
[5.777s][debug][gc,phases         ] GC(108)         Copied Bytes                   Min: 540160, Avg: 738324.0, Max: 1022720, Diff: 482560, Sum: 2953296, Workers: 4
[5.777s][debug][gc,phases         ] GC(108)         LAB Waste                      Min: 64, Avg: 72.0, Max: 96, Diff: 32, Sum: 288, Workers: 4
[5.777s][debug][gc,phases         ] GC(108)         LAB Undo Waste                 Min: 0, Avg:  0.0, Max: 0, Diff: 0, Sum: 0, Workers: 4
[5.777s][debug][gc,phases         ] GC(108)       Clear Logged Cards (ms):       Min:  0.0, Avg:  0.0, Max:  0.0, Diff:  0.0, Sum:  0.0, Workers: 3
[5.777s][debug][gc,phases         ] GC(108)       Recalculate Used Memory (ms):  Min:  0.0, Avg:  0.0, Max:  0.0, Diff:  0.0, Sum:  0.0, Workers: 1
[5.778s][debug][gc,phases         ] GC(108)     Post Evacuate Cleanup 2: 0.1ms
[5.778s][debug][gc,phases         ] GC(108)       Reset Hot Card Cache (ms):     Min:  0.0, Avg:  0.0, Max:  0.0, Diff:  0.0, Sum:  0.0, Workers: 1
[5.778s][debug][gc,phases         ] GC(108)       Purge Code Roots (ms):         Min:  0.0, Avg:  0.0, Max:  0.0, Diff:  0.0, Sum:  0.0, Workers: 1
[5.778s][debug][gc,phases         ] GC(108)       Update Derived Pointers (ms):  Min:  0.0, Avg:  0.0, Max:  0.0, Diff:  0.0, Sum:  0.0, Workers: 1
[5.778s][debug][gc,phases         ] GC(108)       Eagerly Reclaim Humongous Objects (ms): Min:  0.0, Avg:  0.0, Max:  0.0, Diff:  0.0, Sum:  0.0, Workers: 1
[5.778s][debug][gc,phases         ] GC(108)         Humongous Total                Min: 1, Avg:  1.0, Max: 1, Diff: 0, Sum: 1, Workers: 1
[5.778s][debug][gc,phases         ] GC(108)         Humongous Candidates           Min: 0, Avg:  0.0, Max: 0, Diff: 0, Sum: 0, Workers: 1
[5.778s][debug][gc,phases         ] GC(108)         Humongous Reclaimed            Min: 0, Avg:  0.0, Max: 0, Diff: 0, Sum: 0, Workers: 1
[5.778s][debug][gc,phases         ] GC(108)       Redirty Logged Cards (ms):     Min:  0.0, Avg:  0.0, Max:  0.0, Diff:  0.0, Sum:  0.0, Workers: 4
[5.778s][debug][gc,phases         ] GC(108)         Redirtied Cards:               Min: 0, Avg: 447.5, Max: 768, Diff: 768, Sum: 1790, Workers: 4
[5.778s][debug][gc,phases         ] GC(108)       Free Collection Set (ms):      Min:  0.0, Avg:  0.0, Max:  0.0, Diff:  0.0, Sum:  0.0, Workers: 4
[5.778s][debug][gc,phases         ] GC(108)     Rebuild Free List: 0.1ms
[5.778s][debug][gc,phases         ] GC(108)     Start New Collection Set: 0.0ms
[5.778s][debug][gc,phases         ] GC(108)     Resize TLABs: 0.0ms
[5.778s][debug][gc,phases         ] GC(108)     Expand Heap After Collection: 0.0ms
[5.778s][info ][gc,phases         ] GC(108)   Other: 0.8ms
[5.778s][info ][gc,heap           ] GC(108) Eden regions: 41->0(45)
[5.778s][info ][gc,heap           ] GC(108) Survivor regions: 3->4(6)
[5.778s][info ][gc,heap           ] GC(108) Old regions: 65->65
[5.778s][info ][gc,heap           ] GC(108) Archive regions: 0->0
[5.778s][info ][gc,heap           ] GC(108) Humongous regions: 36->36
[5.778s][info ][gc,metaspace      ] GC(108) Metaspace: 471K(640K)->471K(640K) NonClass: 438K(512K)->438K(512K) Class: 33K(128K)->33K(128K)
[5.778s][debug][gc,heap           ] GC(108) Heap after GC invocations=103 (full 5):
[5.778s][debug][gc,heap           ] GC(108)  garbage-first heap   total 262144K, used 106665K [0x00000000f0000000, 0x0000000100000000)
[5.778s][debug][gc,heap           ] GC(108)   region size 1024K, 4 young (4096K), 4 survivors (4096K)
[5.778s][debug][gc,heap           ] GC(108)  Metaspace       used 471K, committed 640K, reserved 1056768K
[5.778s][debug][gc,heap           ] GC(108)   class space    used 33K, committed 128K, reserved 1048576K
[5.778s][info ][gc                ] GC(108) Pause Young (Normal) (G1 Evacuation Pause) 145M->104M(256M) 10.268ms
[5.778s][info ][gc,cpu            ] GC(108) User=0.06s Sys=0.00s Real=0.01s
[5.852s][debug][gc,refine         ] Activated worker 0, on threshold: 24191, current: 24318
[5.852s][debug][gc,refine         ] Deactivated worker 0, off threshold: 23679, current: 23670, refined cards: 648
[5.853s][debug][gc,heap           ] GC(109) Heap before GC invocations=103 (full 5):
[5.853s][debug][gc,heap           ] GC(109)  garbage-first heap   total 262144K, used 152745K [0x00000000f0000000, 0x0000000100000000)
[5.853s][debug][gc,heap           ] GC(109)   region size 1024K, 49 young (50176K), 4 survivors (4096K)
[5.853s][debug][gc,heap           ] GC(109)  Metaspace       used 471K, committed 640K, reserved 1056768K
[5.853s][debug][gc,heap           ] GC(109)   class space    used 33K, committed 128K, reserved 1048576K
[5.853s][info ][gc,start          ] GC(109) Pause Young (Normal) (G1 Evacuation Pause)
[5.853s][info ][gc,task           ] GC(109) Using 4 workers of 4 for evacuation
[5.853s][debug][gc,tlab           ] GC(109) TLAB totals: thrds: 1  refills: 135 max: 135 slow allocs: 0 max 0 waste:  0.2% gc: 0B max: 0B slow: 77760B max: 77760B
[5.853s][debug][gc,age            ] GC(109) Desired survivor size 3670016 bytes, new threshold 15 (max threshold 15)
[5.854s][debug][gc,refine,stats   ] GC(109) Mutator refinement: 0.00ms, refined: 0, precleaned: 0, dirtied: 23002
[5.854s][debug][gc,refine,stats   ] GC(109) Concurrent refinement: 0.50ms, refined: 648, precleaned: 0, dirtied: 0
[5.854s][debug][gc,refine,stats   ] GC(109) Total refinement: 0.50ms, refined: 648, precleaned: 0, dirtied: 23002
[5.854s][debug][gc,refine,stats   ] GC(109) Concurrent refinement rate: 1288.78 cards/ms
[5.854s][debug][gc,refine,stats   ] GC(109) Generate dirty cards rate: 294.82 cards/ms
[5.854s][debug][gc,alloc,region   ] GC(109) Mutator Allocation stats, regions: 45, wasted size: 0B ( 0.0%)
[5.854s][debug][gc,humongous      ] GC(109) Humongous region 173 (object size 36920416 @ 0x00000000fad00000) remset 0 code roots 0 marked 0 reclaim candidate 0 type array 0
[5.854s][debug][gc,ergo           ] GC(109) Running G1 Merge Heap Roots using 4 workers for 49 regions
[5.854s][debug][gc,remset         ] GC(109) Visited cards 24576 Total dirty 24576 (100.00%) Total old 407552 (6.03%)
[5.914s][debug][gc,ref            ] GC(109) Skipped phase 1 of Reference Processing: no references
[5.914s][debug][gc,ref            ] GC(109) Skipped phase 2 of Reference Processing: no references
[5.914s][debug][gc,ref            ] GC(109) Skipped phase 3 of Reference Processing: no references
[5.914s][debug][gc,ref            ] GC(109) Skipped phase 4 of Reference Processing: no references
[5.914s][debug][gc,ergo           ] GC(109) Running G1 Rebuild Free List Task using 4 workers for rebuilding free list of regions
[5.914s][debug][gc,plab           ] GC(109) Young PLAB allocation: allocated: 7340032B, wasted: 1120B, unused: 0B, used: 7338912B, undo waste: 0B, 
[5.914s][debug][gc,plab           ] GC(109) Young other allocation: region end waste: 0B, regions filled: 7, direct allocated: 0B, failure used: 0B, failure wasted: 0B
[5.914s][debug][gc,plab           ] GC(109) Young sizing: calculated: 1467776B, actual: 1254904B
[5.914s][debug][gc,plab           ] GC(109) Old PLAB allocation: allocated: 42974432B, wasted: 4480B, unused: 247408B, used: 42722544B, undo waste: 0B, 
[5.914s][debug][gc,plab           ] GC(109) Old other allocation: region end waste: 0B, regions filled: 41, direct allocated: 0B, failure used: 0B, failure wasted: 0B
[5.914s][debug][gc,plab           ] GC(109) Old sizing: calculated: 8544504B, actual: 6666224B
[5.914s][debug][gc,ergo,heap      ] GC(109) Heap expansion: short term pause time ratio 53.54% long term pause time ratio 30.70% threshold 7.69% pause time ratio 7.69% fully expanded true resize by 0B
[5.914s][debug][gc,ergo,ihop      ] GC(109) Request concurrent cycle initiation (occupancy higher than threshold) occupancy: 148897792B allocation request: 0B threshold: 120795955B (45.00) source: end of GC
[5.914s][debug][gc,mmu            ] GC(109) MMU: 68.3ms (200.0ms/201.0ms)
[5.914s][debug][gc,alloc,stats    ] Old generation allocation in the last mutator period, old gen allocated: 42974432B, humongous allocated: 0B,old gen growth: 42974432B.
[5.914s][debug][gc,ihop           ] GC(109) Basic information (value update), threshold: 120795955B (45.00), target occupancy: 268435456B, current occupancy: 156220928B, recent allocation size: 42974432B, recent allocation duration: 78.02ms, recent old gen allocation rate: 550817964.27B/s, recent marking phase length: 0.00ms
[5.914s][debug][gc,ihop           ] GC(109) Adaptive IHOP information (value update), threshold: 120795955B (52.94), internal target occupancy: 228170137B, occupancy: 156220928B, additional buffer size: 33554432B, predicted old gen allocation rate: 554057559.29B/s, predicted marking phase length: 0.00ms, prediction active: false
[5.914s][debug][gc,ergo,refine    ] GC(109) Concurrent refinement times: Logged Cards Scan time goal: 20.00ms Logged Cards Scan time: 8.89ms HCC time: 0.00ms
[5.915s][debug][gc,ergo,refine    ] GC(109) Updated Refinement Zones: green: 26046, yellow: 78138, red: 130230
[5.915s][info ][gc,phases         ] GC(109)   Pre Evacuate Collection Set: 0.1ms
[5.915s][debug][gc,phases         ] GC(109)     Prepare TLABs: 0.0ms
[5.915s][debug][gc,phases         ] GC(109)     Concatenate Dirty Card Logs: 0.0ms
[5.915s][debug][gc,phases         ] GC(109)     Choose Collection Set: 0.0ms
[5.915s][debug][gc,phases         ] GC(109)     Region Register: 0.1ms
[5.915s][debug][gc,phases         ] GC(109)     Prepare Heap Roots: 0.0ms
[5.915s][info ][gc,phases         ] GC(109)   Merge Heap Roots: 0.2ms
[5.915s][debug][gc,phases         ] GC(109)     Prepare Merge Heap Roots: 0.0ms
[5.915s][debug][gc,phases         ] GC(109)     Eager Reclaim (ms):            skipped
[5.915s][debug][gc,phases         ] GC(109)     Remembered Sets (ms):          Min:  0.0, Avg:  0.0, Max:  0.0, Diff:  0.0, Sum:  0.0, Workers: 4
[5.915s][debug][gc,phases         ] GC(109)       Merged Sparse:                 Min: 0, Avg:  0.5, Max: 1, Diff: 1, Sum: 2, Workers: 4
[5.915s][debug][gc,phases         ] GC(109)       Merged Fine:                   Min: 0, Avg:  0.8, Max: 2, Diff: 2, Sum: 3, Workers: 4
[5.915s][debug][gc,phases         ] GC(109)       Merged Coarse:                 Min: 0, Avg:  0.0, Max: 0, Diff: 0, Sum: 0, Workers: 4
[5.915s][debug][gc,phases         ] GC(109)       Dirty Cards:                   Min: 0, Avg: 158.0, Max: 387, Diff: 387, Sum: 632, Workers: 4
[5.915s][debug][gc,phases         ] GC(109)     Hot Card Cache (ms):           Min:  0.0, Avg:  0.0, Max:  0.0, Diff:  0.0, Sum:  0.0, Workers: 4
[5.915s][debug][gc,phases         ] GC(109)       Dirty Cards:                   Min: 0, Avg:  0.0, Max: 0, Diff: 0, Sum: 0, Workers: 4
[5.915s][debug][gc,phases         ] GC(109)       Skipped Cards:                 Min: 0, Avg:  0.0, Max: 0, Diff: 0, Sum: 0, Workers: 4
[5.915s][debug][gc,phases         ] GC(109)     Log Buffers (ms):              Min:  0.1, Avg:  0.1, Max:  0.1, Diff:  0.0, Sum:  0.4, Workers: 4
[5.915s][debug][gc,phases         ] GC(109)       Dirty Cards:                   Min: 5880, Avg: 6028.0, Max: 6136, Diff: 256, Sum: 24112, Workers: 4
[5.915s][debug][gc,phases         ] GC(109)       Skipped Cards:                 Min: 0, Avg:  0.0, Max: 0, Diff: 0, Sum: 0, Workers: 4
[5.915s][info ][gc,phases         ] GC(109)   Evacuate Collection Set: 59.8ms
[5.915s][debug][gc,phases         ] GC(109)     Ext Root Scanning (ms):        Min:  0.0, Avg:  0.0, Max:  0.0, Diff:  0.0, Sum:  0.0, Workers: 4
[5.915s][debug][gc,phases         ] GC(109)     Scan Heap Roots (ms):          Min:  8.4, Avg:  8.9, Max:  9.7, Diff:  1.2, Sum: 35.6, Workers: 4
[5.915s][debug][gc,phases         ] GC(109)       Scanned Cards:                 Min: 5888, Avg: 6111.3, Max: 6400, Diff: 512, Sum: 24445, Workers: 4
[5.915s][debug][gc,phases         ] GC(109)       Scanned Blocks:                Min: 23, Avg: 24.0, Max: 25, Diff: 2, Sum: 96, Workers: 4
[5.915s][debug][gc,phases         ] GC(109)       Claimed Chunks:                Min: 23, Avg: 24.0, Max: 25, Diff: 2, Sum: 96, Workers: 4
[5.915s][debug][gc,phases         ] GC(109)     Code Root Scan (ms):           Min:  0.0, Avg:  0.0, Max:  0.0, Diff:  0.0, Sum:  0.0, Workers: 4
[5.915s][debug][gc,phases         ] GC(109)     Object Copy (ms):              Min: 50.1, Avg: 50.8, Max: 51.3, Diff:  1.2, Sum: 203.3, Workers: 4
[5.915s][debug][gc,phases         ] GC(109)     Termination (ms):              Min:  0.0, Avg:  0.0, Max:  0.0, Diff:  0.0, Sum:  0.0, Workers: 4
[5.915s][debug][gc,phases         ] GC(109)       Termination Attempts:          Min: 1, Avg:  1.3, Max: 2, Diff: 1, Sum: 5, Workers: 4
[5.915s][debug][gc,phases         ] GC(109)     GC Worker Other (ms):          Min:  0.0, Avg:  0.0, Max:  0.0, Diff:  0.0, Sum:  0.1, Workers: 4
[5.915s][debug][gc,phases         ] GC(109)     GC Worker Total (ms):          Min: 59.8, Avg: 59.8, Max: 59.8, Diff:  0.0, Sum: 239.1, Workers: 4
[5.915s][info ][gc,phases         ] GC(109)   Post Evacuate Collection Set: 0.4ms
[5.915s][debug][gc,phases         ] GC(109)     Code Roots Fixup: 0.0ms
[5.915s][debug][gc,phases         ] GC(109)     Reference Processing: 0.2ms
[5.915s][debug][gc,phases,ref     ] GC(109)       Reconsider SoftReferences: 0.1ms
[5.915s][debug][gc,phases,ref     ] GC(109)         SoftRef (ms):                  skipped
[5.915s][debug][gc,phases,ref     ] GC(109)       Notify Soft/WeakReferences: 0.0ms
[5.915s][debug][gc,phases,ref     ] GC(109)         SoftRef (ms):                  skipped
[5.915s][debug][gc,phases,ref     ] GC(109)         WeakRef (ms):                  skipped
[5.915s][debug][gc,phases,ref     ] GC(109)         FinalRef (ms):                 skipped
[5.915s][debug][gc,phases,ref     ] GC(109)         Total (ms):                    skipped
[5.915s][debug][gc,phases,ref     ] GC(109)       Notify and keep alive finalizable: 0.0ms
[5.915s][debug][gc,phases,ref     ] GC(109)         FinalRef (ms):                 skipped
[5.915s][debug][gc,phases,ref     ] GC(109)       Notify PhantomReferences: 0.0ms
[5.915s][debug][gc,phases,ref     ] GC(109)         PhantomRef (ms):               skipped
[5.915s][debug][gc,phases,ref     ] GC(109)       SoftReference:
[5.915s][debug][gc,phases,ref     ] GC(109)         Discovered: 0
[5.915s][debug][gc,phases,ref     ] GC(109)         Cleared: 0
[5.915s][debug][gc,phases,ref     ] GC(109)       WeakReference:
[5.915s][debug][gc,phases,ref     ] GC(109)         Discovered: 0
[5.915s][debug][gc,phases,ref     ] GC(109)         Cleared: 0
[5.915s][debug][gc,phases,ref     ] GC(109)       FinalReference:
[5.916s][debug][gc,phases,ref     ] GC(109)         Discovered: 0
[5.916s][debug][gc,phases,ref     ] GC(109)         Cleared: 0
[5.916s][debug][gc,phases,ref     ] GC(109)       PhantomReference:
[5.916s][debug][gc,phases,ref     ] GC(109)         Discovered: 0
[5.916s][debug][gc,phases,ref     ] GC(109)         Cleared: 0
[5.916s][debug][gc,phases         ] GC(109)     Weak Processing: 0.1ms
[5.916s][debug][gc,phases         ] GC(109)       VM Weak                        Min:  0.0, Avg:  0.0, Max:  0.0, Diff:  0.0, Sum:  0.0, Workers: 3
[5.916s][debug][gc,phases         ] GC(109)         Dead                           Min: 0, Avg:  0.0, Max: 0, Diff: 0, Sum: 0, Workers: 3
[5.916s][debug][gc,phases         ] GC(109)         Total                          Min: 0, Avg:  2.7, Max: 8, Diff: 8, Sum: 8, Workers: 3
[5.916s][debug][gc,phases         ] GC(109)       ObjectSynchronizer Weak        Min:  0.0, Avg:  0.0, Max:  0.0, Diff:  0.0, Sum:  0.0, Workers: 3
[5.916s][debug][gc,phases         ] GC(109)         Dead                           Min: 0, Avg:  0.0, Max: 0, Diff: 0, Sum: 0, Workers: 3
[5.916s][debug][gc,phases         ] GC(109)         Total                          Min: 0, Avg:  1.0, Max: 3, Diff: 3, Sum: 3, Workers: 3
[5.916s][debug][gc,phases         ] GC(109)       JVMTI Tag Weak OopStorage      Min:  0.0, Avg:  0.0, Max:  0.0, Diff:  0.0, Sum:  0.0, Workers: 3
[5.916s][debug][gc,phases         ] GC(109)         Dead                           Min: 0, Avg:  0.0, Max: 0, Diff: 0, Sum: 0, Workers: 3
[5.916s][debug][gc,phases         ] GC(109)         Total                          Min: 0, Avg:  0.0, Max: 0, Diff: 0, Sum: 0, Workers: 3
[5.916s][debug][gc,phases         ] GC(109)       StringTable Weak               Min:  0.0, Avg:  0.0, Max:  0.0, Diff:  0.0, Sum:  0.0, Workers: 3
[5.916s][debug][gc,phases         ] GC(109)         Dead                           Min: 0, Avg:  0.0, Max: 0, Diff: 0, Sum: 0, Workers: 3
[5.916s][debug][gc,phases         ] GC(109)         Total                          Min: 704, Avg: 819.0, Max: 921, Diff: 217, Sum: 2457, Workers: 3
[5.916s][debug][gc,phases         ] GC(109)       ResolvedMethodTable Weak       Min:  0.0, Avg:  0.0, Max:  0.0, Diff:  0.0, Sum:  0.0, Workers: 3
[5.916s][debug][gc,phases         ] GC(109)         Dead                           Min: 0, Avg:  0.0, Max: 0, Diff: 0, Sum: 0, Workers: 3
[5.916s][debug][gc,phases         ] GC(109)         Total                          Min: 9, Avg: 45.7, Max: 64, Diff: 55, Sum: 137, Workers: 3
[5.916s][debug][gc,phases         ] GC(109)       JNI Weak                       Min:  0.0, Avg:  0.0, Max:  0.0, Diff:  0.0, Sum:  0.0, Workers: 3
[5.916s][debug][gc,phases         ] GC(109)         Dead                           Min: 0, Avg:  0.0, Max: 0, Diff: 0, Sum: 0, Workers: 3
[5.916s][debug][gc,phases         ] GC(109)         Total                          Min: 0, Avg:  0.0, Max: 0, Diff: 0, Sum: 0, Workers: 3
[5.916s][debug][gc,phases         ] GC(109)       StringDedup Table Weak         Min:  0.0, Avg:  0.0, Max:  0.0, Diff:  0.0, Sum:  0.0, Workers: 3
[5.916s][debug][gc,phases         ] GC(109)         Dead                           Min: 0, Avg:  0.0, Max: 0, Diff: 0, Sum: 0, Workers: 3
[5.916s][debug][gc,phases         ] GC(109)         Total                          Min: 0, Avg:  0.0, Max: 0, Diff: 0, Sum: 0, Workers: 3
[5.916s][debug][gc,phases         ] GC(109)       StringDedup Requests0 Weak     Min:  0.0, Avg:  0.0, Max:  0.0, Diff:  0.0, Sum:  0.0, Workers: 3
[5.916s][debug][gc,phases         ] GC(109)         Dead                           Min: 0, Avg:  0.0, Max: 0, Diff: 0, Sum: 0, Workers: 3
[5.916s][debug][gc,phases         ] GC(109)         Total                          Min: 0, Avg:  0.0, Max: 0, Diff: 0, Sum: 0, Workers: 3
[5.916s][debug][gc,phases         ] GC(109)       StringDedup Requests1 Weak     Min:  0.0, Avg:  0.0, Max:  0.0, Diff:  0.0, Sum:  0.0, Workers: 3
