[0.042s][debug][gc,heap] Minimum heap 536870912  Initial heap 536870912  Maximum heap 536870912
[0.042s][info ][gc     ] Using G1
[0.042s][debug][gc,heap,coops] Heap address: 0x00000000e0000000, size: 512 MB, Compressed Oops mode: 32-bit
[0.046s][debug][gc           ] ConcGCThreads: 1 offset 8
[0.046s][debug][gc           ] ParallelGCThreads: 4
[0.046s][debug][gc           ] Initialize mark stack with 4096 chunks, maximum 524288
[0.047s][debug][gc,ergo,heap ] Expand the heap. requested expansion amount: 536870912B expansion amount: 536870912B
[0.054s][debug][gc,heap,region] Activate regions [0, 512)
[0.055s][debug][gc,ihop       ] Target occupancy update: old: 0B, new: 536870912B
[0.055s][debug][gc,ergo,refine] Initial Refinement Zones: green: 1024, yellow: 3072, red: 5120, min yellow size: 2048
[0.055s][debug][gc,task       ] G1 Service Thread (Remembered Set Sampling Task) (register)
[0.055s][debug][gc,task       ] G1 Service Thread (Periodic GC Task) (register)
[0.055s][info ][gc,init       ] Version: 17+35-LTS (release)
[0.055s][info ][gc,init       ] CPUs: 4 total, 4 available
[0.055s][info ][gc,init       ] Memory: 16282M
[0.056s][info ][gc,init       ] Large Page Support: Disabled
[0.056s][info ][gc,init       ] NUMA Support: Disabled
[0.056s][info ][gc,init       ] Compressed Oops: Enabled (32-bit)
[0.056s][info ][gc,init       ] Heap Region Size: 1M
[0.056s][info ][gc,init       ] Heap Min Capacity: 512M
[0.056s][info ][gc,init       ] Heap Initial Capacity: 512M
[0.056s][info ][gc,init       ] Heap Max Capacity: 512M
[0.056s][info ][gc,init       ] Pre-touch: Disabled
[0.056s][info ][gc,init       ] Parallel Workers: 4
[0.056s][info ][gc,init       ] Concurrent Workers: 1
[0.056s][info ][gc,init       ] Concurrent Refinement Workers: 4
[0.056s][info ][gc,init       ] Periodic GC: Disabled
[0.058s][info ][gc,metaspace  ] CDS archive(s) mapped at: [0x0000000800000000-0x0000000800bc0000-0x0000000800bc0000), size 12320768, SharedBaseAddress: 0x0000000800000000, ArchiveRelocationMode: 0.
[0.058s][info ][gc,metaspace  ] Compressed class space mapped at: 0x0000000800c00000-0x0000000840c00000, reserved size: 1073741824
[0.058s][info ][gc,metaspace  ] Narrow klass base: 0x0000000800000000, Narrow klass shift: 0, Narrow klass range: 0x100000000
[0.100s][debug][gc,task,start ] G1 Service Thread (Remembered Set Sampling Task) (run)
[0.100s][debug][gc,task       ] G1 Service Thread (Remembered Set Sampling Task) (run) 0.079ms (cpu: 0.000ms)
[0.100s][debug][gc,task,start ] G1 Service Thread (Periodic GC Task) (run)
[0.100s][debug][gc,task       ] G1 Service Thread (Periodic GC Task) (run) 0.026ms (cpu: 0.000ms)
[0.303s][debug][gc,refine     ] Activated worker 0, on threshold: 1536, current: 3584
[0.306s][debug][gc,refine     ] Activated worker 1, on threshold: 2048, current: 2816
[0.307s][debug][gc,refine     ] Deactivated worker 1, off threshold: 1536, current: 1536, refined cards: 512
[0.308s][debug][gc,refine     ] Deactivated worker 0, off threshold: 1024, current: 1024, refined cards: 4096
[0.312s][debug][gc,refine     ] Activated worker 0, on threshold: 1536, current: 3840
[0.312s][debug][gc,refine     ] Activated worker 1, on threshold: 2048, current: 3840
[0.314s][debug][gc,refine     ] Deactivated worker 1, off threshold: 1536, current: 1280, refined cards: 1280
[0.315s][debug][gc,refine     ] Deactivated worker 0, off threshold: 1024, current: 1024, refined cards: 1792
[0.317s][debug][gc,refine     ] Activated worker 2, on threshold: 2560, current: 1536
[0.317s][debug][gc,refine     ] Deactivated worker 2, off threshold: 2048, current: 1536, refined cards: 0
[0.323s][debug][gc,refine     ] Activated worker 0, on threshold: 1536, current: 3840
[0.323s][debug][gc,refine     ] Activated worker 1, on threshold: 2048, current: 4864
[0.325s][debug][gc,refine     ] Activated worker 2, on threshold: 2560, current: 2816
[0.325s][debug][gc,refine     ] Deactivated worker 2, off threshold: 2048, current: 2048, refined cards: 256
[0.326s][debug][gc,refine     ] Deactivated worker 1, off threshold: 1536, current: 1536, refined cards: 1536
[0.326s][debug][gc,refine     ] Activated worker 1, on threshold: 2048, current: 2304
[0.327s][debug][gc,refine     ] Deactivated worker 1, off threshold: 1536, current: 1280, refined cards: 512
[0.328s][debug][gc,refine     ] Deactivated worker 0, off threshold: 1024, current: 1024, refined cards: 3328
[0.339s][debug][gc,refine     ] Activated worker 0, on threshold: 1536, current: 3328
[0.339s][debug][gc,refine     ] Activated worker 1, on threshold: 2048, current: 4864
[0.339s][debug][gc,refine     ] Activated worker 2, on threshold: 2560, current: 4864
[0.341s][debug][gc,refine     ] Deactivated worker 2, off threshold: 2048, current: 2048, refined cards: 1024
[0.341s][debug][gc,refine     ] Activated worker 3, on threshold: 3072, current: 4864
[0.341s][debug][gc,refine     ] Activated worker 2, on threshold: 2560, current: 4608
[0.342s][debug][gc,refine     ] Deactivated worker 3, off threshold: 2560, current: 2560, refined cards: 512
[0.342s][debug][gc,refine     ] Deactivated worker 2, off threshold: 2048, current: 1792, refined cards: 768
[0.343s][debug][gc,refine     ] Deactivated worker 1, off threshold: 1536, current: 1536, refined cards: 2048
[0.343s][debug][gc,task,start ] G1 Service Thread (Remembered Set Sampling Task) (run)
[0.343s][debug][gc,task       ] G1 Service Thread (Remembered Set Sampling Task) (run) 0.055ms (cpu: 0.000ms)
[0.344s][debug][gc,refine     ] Deactivated worker 0, off threshold: 1024, current: 1024, refined cards: 3584
[0.352s][debug][gc,refine     ] Activated worker 0, on threshold: 1536, current: 3328
[0.352s][debug][gc,refine     ] Activated worker 1, on threshold: 2048, current: 3072
[0.352s][debug][gc,refine     ] Activated worker 2, on threshold: 2560, current: 2816
[0.353s][debug][gc,refine     ] Deactivated worker 2, off threshold: 2048, current: 2048, refined cards: 256
[0.353s][debug][gc,refine     ] Deactivated worker 1, off threshold: 1536, current: 1280, refined cards: 768
[0.354s][debug][gc,refine     ] Deactivated worker 0, off threshold: 1024, current: 1024, refined cards: 1536
[0.354s][debug][gc,heap       ] GC(0) Heap before GC invocations=0 (full 0):
[0.354s][debug][gc,heap       ] GC(0)  garbage-first heap   total 524288K, used 41984K [0x00000000e0000000, 0x0000000100000000)
[0.354s][debug][gc,heap       ] GC(0)   region size 1024K, 25 young (25600K), 0 survivors (0K)
[0.354s][debug][gc,heap       ] GC(0)  Metaspace       used 492K, committed 640K, reserved 1056768K
[0.354s][debug][gc,heap       ] GC(0)   class space    used 37K, committed 128K, reserved 1048576K
[0.354s][info ][gc,start      ] GC(0) Pause Young (Normal) (G1 Evacuation Pause)
[0.355s][info ][gc,task       ] GC(0) Using 4 workers of 4 for evacuation
[0.355s][debug][gc,tlab       ] GC(0) TLAB totals: thrds: 3  refills: 72 max: 70 slow allocs: 8 max 8 waste:  2.2% gc: 525048B max: 524008B slow: 40384B max: 40384B
[0.355s][debug][gc,age        ] GC(0) Desired survivor size 2097152 bytes, new threshold 15 (max threshold 15)
[0.355s][debug][gc,refine,stats] GC(0) Mutator refinement: 6.12ms, refined: 768, precleaned: 0, dirtied: 25752
[0.355s][debug][gc,refine,stats] GC(0) Concurrent refinement: 32.16ms, refined: 23808, precleaned: 0, dirtied: 0
[0.355s][debug][gc,refine,stats] GC(0) Total refinement: 38.28ms, refined: 24576, precleaned: 0, dirtied: 25752
[0.355s][debug][gc,refine,stats] GC(0) Concurrent refinement rate: 641.97 cards/ms
[0.355s][debug][gc,refine,stats] GC(0) Generate dirty cards rate: 82.36 cards/ms
[0.355s][debug][gc,alloc,region] GC(0) Mutator Allocation stats, regions: 25, wasted size: 0B ( 0.0%)
[0.355s][debug][gc,humongous   ] GC(0) Humongous region 0 (object size 640280 @ 0x00000000e0000000) remset 0 code roots 0 marked 0 reclaim candidate 0 type array 0
[0.355s][debug][gc,humongous   ] GC(0) Humongous region 1 (object size 960408 @ 0x00000000e0100000) remset 0 code roots 0 marked 0 reclaim candidate 0 type array 0
[0.355s][debug][gc,humongous   ] GC(0) Humongous region 2 (object size 1440600 @ 0x00000000e0200000) remset 0 code roots 0 marked 0 reclaim candidate 0 type array 0
[0.355s][debug][gc,humongous   ] GC(0) Humongous region 4 (object size 2160888 @ 0x00000000e0400000) remset 0 code roots 0 marked 0 reclaim candidate 0 type array 0
[0.355s][debug][gc,humongous   ] GC(0) Humongous region 7 (object size 3241320 @ 0x00000000e0700000) remset 0 code roots 0 marked 0 reclaim candidate 0 type array 0
[0.355s][debug][gc,humongous   ] GC(0) Humongous region 11 (object size 4861968 @ 0x00000000e0b00000) remset 0 code roots 0 marked 0 reclaim candidate 0 type array 0
[0.355s][debug][gc,ergo        ] GC(0) Running G1 Merge Heap Roots using 4 workers for 25 regions
[0.355s][debug][gc,remset      ] GC(0) Visited cards 26368 Total dirty 32768 (80.47%) Total old 135168 (19.51%)
[0.407s][debug][gc,ref         ] GC(0) Skipped phase 1 of Reference Processing: no references
[0.407s][debug][gc,ref         ] GC(0) ReferenceProcessor::execute queues: 1, RefProcThreadModel::Single, marks_oops_alive: false
[0.407s][debug][gc,ref         ] GC(0) Skipped phase 3 of Reference Processing: no references
[0.407s][debug][gc,ref         ] GC(0) ReferenceProcessor::execute queues: 1, RefProcThreadModel::Single, marks_oops_alive: false
[0.408s][debug][gc,ergo        ] GC(0) Running G1 Rebuild Free List Task using 4 workers for rebuilding free list of regions
[0.408s][debug][gc,plab        ] GC(0) Young PLAB allocation: allocated: 4140976B, wasted: 4672B, unused: 0B, used: 4136304B, undo waste: 0B, 
[0.408s][debug][gc,plab        ] GC(0) Young other allocation: region end waste: 0B, regions filled: 4, direct allocated: 53328B, failure used: 0B, failure wasted: 0B
[0.408s][debug][gc,plab        ] GC(0) Young sizing: calculated: 827256B, actual: 827256B
[0.408s][debug][gc,plab        ] GC(0) Old PLAB allocation: allocated: 15941632B, wasted: 31168B, unused: 23312B, used: 15887152B, undo waste: 0B, 
[0.408s][debug][gc,plab        ] GC(0) Old other allocation: region end waste: 0B, regions filled: 16, direct allocated: 0B, failure used: 0B, failure wasted: 0B
[0.408s][debug][gc,plab        ] GC(0) Old sizing: calculated: 3177424B, actual: 3177424B
[0.408s][debug][gc,ergo,heap   ] GC(0) Heap expansion: short term pause time ratio 0.00% long term pause time ratio 0.00% threshold 7.69% pause time ratio 7.69% fully expanded true resize by 0B
[0.408s][debug][gc,mmu         ] GC(0) MMU: 53.3ms (200.0ms/201.0ms)
[0.408s][debug][gc,alloc,stats ] Old generation allocation in the last mutator period, old gen allocated: 15941632B, humongous allocated: 16777216B,old gen growth: 32718848B.
[0.408s][debug][gc,ihop        ] GC(0) Basic information (value update), threshold: 241591910B (45.00), target occupancy: 536870912B, current occupancy: 36913152B, recent allocation size: 32718848B, recent allocation duration: 312.67ms, recent old gen allocation rate: 104644157.36B/s, recent marking phase length: 0.00ms
[0.408s][debug][gc,ihop        ] GC(0) Adaptive IHOP information (value update), threshold: 241591910B (52.94), internal target occupancy: 456340275B, occupancy: 36913152B, additional buffer size: 26214400B, predicted old gen allocation rate: 209288314.72B/s, predicted marking phase length: 0.00ms, prediction active: false
[0.408s][debug][gc,ergo,refine ] GC(0) Concurrent refinement times: Logged Cards Scan time goal: 20.00ms Logged Cards Scan time: 0.46ms HCC time: 0.00ms
[0.408s][debug][gc,ergo,refine ] GC(0) Updated Refinement Zones: green: 1126, yellow: 3378, red: 5630
[0.408s][debug][gc,refine      ] Activated worker 0, on threshold: 1638, current: 5868
[0.408s][info ][gc,phases      ] GC(0)   Pre Evacuate Collection Set: 0.4ms
[0.408s][debug][gc,phases      ] GC(0)     Prepare TLABs: 0.0ms
[0.408s][debug][gc,phases      ] GC(0)     Concatenate Dirty Card Logs: 0.0ms
[0.408s][debug][gc,phases      ] GC(0)     Choose Collection Set: 0.0ms
[0.408s][debug][gc,phases      ] GC(0)     Region Register: 0.4ms
[0.408s][debug][gc,phases      ] GC(0)     Prepare Heap Roots: 0.0ms
[0.408s][info ][gc,phases      ] GC(0)   Merge Heap Roots: 0.2ms
[0.408s][debug][gc,phases      ] GC(0)     Prepare Merge Heap Roots: 0.0ms
[0.408s][debug][gc,phases      ] GC(0)     Eager Reclaim (ms):            skipped
[0.408s][debug][gc,phases      ] GC(0)     Remembered Sets (ms):          Min:  0.0, Avg:  0.1, Max:  0.1, Diff:  0.1, Sum:  0.2, Workers: 4
[0.408s][debug][gc,phases      ] GC(0)       Merged Sparse:                 Min: 0, Avg:  3.0, Max: 12, Diff: 12, Sum: 12, Workers: 4
[0.408s][debug][gc,phases      ] GC(0)       Merged Fine:                   Min: 0, Avg: 22.3, Max: 30, Diff: 30, Sum: 89, Workers: 4
[0.408s][debug][gc,phases      ] GC(0)       Merged Coarse:                 Min: 0, Avg:  0.0, Max: 0, Diff: 0, Sum: 0, Workers: 4
[0.409s][debug][gc,phases      ] GC(0)       Dirty Cards:                   Min: 0, Avg: 6139.5, Max: 8369, Diff: 8369, Sum: 24558, Workers: 4
[0.409s][debug][gc,phases      ] GC(0)     Hot Card Cache (ms):           Min:  0.0, Avg:  0.0, Max:  0.0, Diff:  0.0, Sum:  0.0, Workers: 4
[0.409s][debug][gc,phases      ] GC(0)       Dirty Cards:                   Min: 0, Avg:  0.0, Max: 0, Diff: 0, Sum: 0, Workers: 4
[0.409s][debug][gc,phases      ] GC(0)       Skipped Cards:                 Min: 0, Avg:  0.0, Max: 0, Diff: 0, Sum: 0, Workers: 4
[0.409s][debug][gc,phases      ] GC(0)     Log Buffers (ms):              Min:  0.0, Avg:  0.0, Max:  0.0, Diff:  0.0, Sum:  0.0, Workers: 4
[0.409s][debug][gc,phases      ] GC(0)       Dirty Cards:                   Min: 0, Avg: 288.0, Max: 504, Diff: 504, Sum: 1152, Workers: 4
[0.409s][debug][gc,phases      ] GC(0)       Skipped Cards:                 Min: 0, Avg:  0.0, Max: 0, Diff: 0, Sum: 0, Workers: 4
[0.409s][info ][gc,phases      ] GC(0)   Evacuate Collection Set: 51.6ms
[0.409s][debug][gc,phases      ] GC(0)     Ext Root Scanning (ms):        Min:  0.1, Avg:  0.5, Max:  1.4, Diff:  1.3, Sum:  1.9, Workers: 4
[0.409s][debug][gc,phases      ] GC(0)     Scan Heap Roots (ms):          Min:  7.9, Avg: 10.1, Max: 11.6, Diff:  3.8, Sum: 40.5, Workers: 4
[0.409s][debug][gc,phases      ] GC(0)       Scanned Cards:                 Min: 5120, Avg: 6438.0, Max: 7355, Diff: 2235, Sum: 25752, Workers: 4
[0.409s][debug][gc,phases      ] GC(0)       Scanned Blocks:                Min: 20, Avg: 25.8, Max: 29, Diff: 9, Sum: 103, Workers: 4
[0.409s][debug][gc,phases      ] GC(0)       Claimed Chunks:                Min: 20, Avg: 25.8, Max: 29, Diff: 9, Sum: 103, Workers: 4
[0.409s][debug][gc,phases      ] GC(0)     Code Root Scan (ms):           Min:  0.0, Avg:  0.0, Max:  0.1, Diff:  0.1, Sum:  0.1, Workers: 4
[0.409s][debug][gc,phases      ] GC(0)     Object Copy (ms):              Min: 38.5, Avg: 41.0, Max: 43.6, Diff:  5.1, Sum: 163.8, Workers: 4
[0.409s][debug][gc,phases      ] GC(0)     Termination (ms):              Min:  0.0, Avg:  0.0, Max:  0.0, Diff:  0.0, Sum:  0.1, Workers: 4
[0.409s][debug][gc,phases      ] GC(0)       Termination Attempts:          Min: 1, Avg: 18.8, Max: 33, Diff: 32, Sum: 75, Workers: 4
[0.409s][debug][gc,phases      ] GC(0)     GC Worker Other (ms):          Min:  0.0, Avg:  0.0, Max:  0.0, Diff:  0.0, Sum:  0.1, Workers: 4
[0.409s][debug][gc,phases      ] GC(0)     GC Worker Total (ms):          Min: 51.6, Avg: 51.6, Max: 51.6, Diff:  0.1, Sum: 206.5, Workers: 4
[0.409s][info ][gc,phases      ] GC(0)   Post Evacuate Collection Set: 0.6ms
[0.409s][debug][gc,phases      ] GC(0)     Code Roots Fixup: 0.0ms
[0.409s][debug][gc,phases      ] GC(0)     Reference Processing: 0.2ms
[0.409s][debug][gc,phases,ref  ] GC(0)       Reconsider SoftReferences: 0.1ms
[0.409s][debug][gc,phases,ref  ] GC(0)         SoftRef (ms):                  skipped
[0.409s][debug][gc,phases,ref  ] GC(0)       Notify Soft/WeakReferences: 0.1ms
[0.409s][debug][gc,phases,ref  ] GC(0)         SoftRef (ms):                  Min:  0.0, Avg:  0.0, Max:  0.0, Diff:  0.0, Sum:  0.0, Workers: 4
[0.409s][debug][gc,phases,ref  ] GC(0)         WeakRef (ms):                  Min:  0.0, Avg:  0.0, Max:  0.0, Diff:  0.0, Sum:  0.0, Workers: 4
[0.409s][debug][gc,phases,ref  ] GC(0)         FinalRef (ms):                 Min:  0.0, Avg:  0.0, Max:  0.0, Diff:  0.0, Sum:  0.0, Workers: 4
[0.409s][debug][gc,phases,ref  ] GC(0)         Total (ms):                    Min:  0.0, Avg:  0.0, Max:  0.0, Diff:  0.0, Sum:  0.0, Workers: 4
[0.409s][debug][gc,phases,ref  ] GC(0)       Notify and keep alive finalizable: 0.0ms
[0.409s][debug][gc,phases,ref  ] GC(0)         FinalRef (ms):                 skipped
[0.409s][debug][gc,phases,ref  ] GC(0)       Notify PhantomReferences: 0.0ms
[0.409s][debug][gc,phases,ref  ] GC(0)         PhantomRef (ms):               Min:  0.0, Avg:  0.0, Max:  0.0, Diff:  0.0, Sum:  0.0, Workers: 4
[0.410s][debug][gc,phases,ref  ] GC(0)       SoftReference:
[0.410s][debug][gc,phases,ref  ] GC(0)         Discovered: 0
[0.410s][debug][gc,phases,ref  ] GC(0)         Cleared: 0
[0.410s][debug][gc,phases,ref  ] GC(0)       WeakReference:
[0.410s][debug][gc,phases,ref  ] GC(0)         Discovered: 190
[0.410s][debug][gc,phases,ref  ] GC(0)         Cleared: 154
[0.410s][debug][gc,phases,ref  ] GC(0)       FinalReference:
[0.410s][debug][gc,phases,ref  ] GC(0)         Discovered: 0
[0.410s][debug][gc,phases,ref  ] GC(0)         Cleared: 0
[0.410s][debug][gc,phases,ref  ] GC(0)       PhantomReference:
[0.410s][debug][gc,phases,ref  ] GC(0)         Discovered: 2
[0.410s][debug][gc,phases,ref  ] GC(0)         Cleared: 0
[0.410s][debug][gc,phases      ] GC(0)     Weak Processing: 0.1ms
[0.410s][debug][gc,phases      ] GC(0)       VM Weak                        Min:  0.0, Avg:  0.0, Max:  0.0, Diff:  0.0, Sum:  0.0, Workers: 3
[0.410s][debug][gc,phases      ] GC(0)         Dead                           Min: 0, Avg:  0.0, Max: 0, Diff: 0, Sum: 0, Workers: 3
[0.410s][debug][gc,phases      ] GC(0)         Total                          Min: 0, Avg:  4.7, Max: 14, Diff: 14, Sum: 14, Workers: 3
[0.410s][debug][gc,phases      ] GC(0)       ObjectSynchronizer Weak        Min:  0.0, Avg:  0.0, Max:  0.0, Diff:  0.0, Sum:  0.0, Workers: 3
[0.410s][debug][gc,phases      ] GC(0)         Dead                           Min: 0, Avg:  0.0, Max: 0, Diff: 0, Sum: 0, Workers: 3
[0.410s][debug][gc,phases      ] GC(0)         Total                          Min: 0, Avg:  1.0, Max: 3, Diff: 3, Sum: 3, Workers: 3
[0.410s][debug][gc,phases      ] GC(0)       JVMTI Tag Weak OopStorage      Min:  0.0, Avg:  0.0, Max:  0.0, Diff:  0.0, Sum:  0.0, Workers: 3
[0.410s][debug][gc,phases      ] GC(0)         Dead                           Min: 0, Avg:  0.0, Max: 0, Diff: 0, Sum: 0, Workers: 3
[0.410s][debug][gc,phases      ] GC(0)         Total                          Min: 0, Avg:  0.0, Max: 0, Diff: 0, Sum: 0, Workers: 3
[0.410s][debug][gc,phases      ] GC(0)       StringTable Weak               Min:  0.0, Avg:  0.0, Max:  0.0, Diff:  0.0, Sum:  0.1, Workers: 3
[0.410s][debug][gc,phases      ] GC(0)         Dead                           Min: 0, Avg:  0.7, Max: 2, Diff: 2, Sum: 2, Workers: 3
[0.410s][debug][gc,phases      ] GC(0)         Total                          Min: 704, Avg: 821.3, Max: 960, Diff: 256, Sum: 2464, Workers: 3
[0.410s][debug][gc,phases      ] GC(0)       ResolvedMethodTable Weak       Min:  0.0, Avg:  0.0, Max:  0.0, Diff:  0.0, Sum:  0.0, Workers: 3
[0.410s][debug][gc,phases      ] GC(0)         Dead                           Min: 0, Avg:  0.0, Max: 0, Diff: 0, Sum: 0, Workers: 3
[0.410s][debug][gc,phases      ] GC(0)         Total                          Min: 9, Avg: 45.7, Max: 64, Diff: 55, Sum: 137, Workers: 3
[0.410s][debug][gc,phases      ] GC(0)       JNI Weak                       Min:  0.0, Avg:  0.0, Max:  0.0, Diff:  0.0, Sum:  0.0, Workers: 3
[0.410s][debug][gc,phases      ] GC(0)         Dead                           Min: 0, Avg:  0.0, Max: 0, Diff: 0, Sum: 0, Workers: 3
[0.410s][debug][gc,phases      ] GC(0)         Total                          Min: 0, Avg:  0.0, Max: 0, Diff: 0, Sum: 0, Workers: 3
[0.410s][debug][gc,phases      ] GC(0)       StringDedup Table Weak         Min:  0.0, Avg:  0.0, Max:  0.0, Diff:  0.0, Sum:  0.0, Workers: 3
[0.410s][debug][gc,phases      ] GC(0)         Dead                           Min: 0, Avg:  0.0, Max: 0, Diff: 0, Sum: 0, Workers: 3
[0.411s][debug][gc,phases      ] GC(0)         Total                          Min: 0, Avg:  0.0, Max: 0, Diff: 0, Sum: 0, Workers: 3
[0.411s][debug][gc,phases      ] GC(0)       StringDedup Requests0 Weak     Min:  0.0, Avg:  0.0, Max:  0.0, Diff:  0.0, Sum:  0.0, Workers: 3
[0.411s][debug][gc,phases      ] GC(0)         Dead                           Min: 0, Avg:  0.0, Max: 0, Diff: 0, Sum: 0, Workers: 3
[0.411s][debug][gc,phases      ] GC(0)         Total                          Min: 0, Avg:  0.0, Max: 0, Diff: 0, Sum: 0, Workers: 3
[0.411s][debug][gc,phases      ] GC(0)       StringDedup Requests1 Weak     Min:  0.0, Avg:  0.0, Max:  0.0, Diff:  0.0, Sum:  0.0, Workers: 3
[0.411s][debug][gc,phases      ] GC(0)         Dead                           Min: 0, Avg:  0.0, Max: 0, Diff: 0, Sum: 0, Workers: 3
[0.411s][debug][gc,phases      ] GC(0)         Total                          Min: 0, Avg:  0.0, Max: 0, Diff: 0, Sum: 0, Workers: 3
[0.411s][debug][gc,phases      ] GC(0)       Weak JFR Old Object Samples    Min:  0.0, Avg:  0.0, Max:  0.0, Diff:  0.0, Sum:  0.0, Workers: 3
[0.411s][debug][gc,phases      ] GC(0)         Dead                           Min: 0, Avg:  0.0, Max: 0, Diff: 0, Sum: 0, Workers: 3
[0.411s][debug][gc,phases      ] GC(0)         Total                          Min: 0, Avg:  0.0, Max: 0, Diff: 0, Sum: 0, Workers: 3
[0.411s][debug][gc,phases      ] GC(0)     Post Evacuate Cleanup 1: 0.1ms
[0.411s][debug][gc,phases      ] GC(0)       Merge Per-Thread State (ms):   Min:  0.0, Avg:  0.0, Max:  0.0, Diff:  0.0, Sum:  0.0, Workers: 1
[0.411s][debug][gc,phases      ] GC(0)         Copied Bytes                   Min: 3624096, Avg: 5019196.0, Max: 7507912, Diff: 3883816, Sum: 20076784, Workers: 4
[0.411s][debug][gc,phases      ] GC(0)         LAB Waste                      Min: 5488, Avg: 8960.0, Max: 13232, Diff: 7744, Sum: 35840, Workers: 4
[0.411s][debug][gc,phases      ] GC(0)         LAB Undo Waste                 Min: 0, Avg:  0.0, Max: 0, Diff: 0, Sum: 0, Workers: 4
[0.411s][debug][gc,phases      ] GC(0)       Clear Logged Cards (ms):       Min:  0.0, Avg:  0.0, Max:  0.0, Diff:  0.0, Sum:  0.0, Workers: 3
[0.411s][debug][gc,phases      ] GC(0)       Recalculate Used Memory (ms):  Min:  0.0, Avg:  0.0, Max:  0.0, Diff:  0.0, Sum:  0.0, Workers: 1
[0.411s][debug][gc,phases      ] GC(0)     Post Evacuate Cleanup 2: 0.1ms
[0.411s][debug][gc,phases      ] GC(0)       Reset Hot Card Cache (ms):     Min:  0.0, Avg:  0.0, Max:  0.0, Diff:  0.0, Sum:  0.0, Workers: 1
[0.411s][debug][gc,phases      ] GC(0)       Purge Code Roots (ms):         Min:  0.0, Avg:  0.0, Max:  0.0, Diff:  0.0, Sum:  0.0, Workers: 1
[0.411s][debug][gc,phases      ] GC(0)       Update Derived Pointers (ms):  Min:  0.0, Avg:  0.0, Max:  0.0, Diff:  0.0, Sum:  0.0, Workers: 1
[0.411s][debug][gc,phases      ] GC(0)       Eagerly Reclaim Humongous Objects (ms): Min:  0.0, Avg:  0.0, Max:  0.0, Diff:  0.0, Sum:  0.0, Workers: 1
[0.411s][debug][gc,phases      ] GC(0)         Humongous Total                Min: 6, Avg:  6.0, Max: 6, Diff: 0, Sum: 6, Workers: 1
[0.411s][debug][gc,phases      ] GC(0)         Humongous Candidates           Min: 0, Avg:  0.0, Max: 0, Diff: 0, Sum: 0, Workers: 1
[0.411s][debug][gc,phases      ] GC(0)         Humongous Reclaimed            Min: 0, Avg:  0.0, Max: 0, Diff: 0, Sum: 0, Workers: 1
[0.412s][debug][gc,phases      ] GC(0)       Redirty Logged Cards (ms):     Min:  0.0, Avg:  0.0, Max:  0.0, Diff:  0.0, Sum:  0.0, Workers: 4
[0.412s][debug][gc,phases      ] GC(0)         Redirtied Cards:               Min: 0, Avg: 1467.0, Max: 2404, Diff: 2404, Sum: 5868, Workers: 4
[0.412s][debug][gc,phases      ] GC(0)       Free Collection Set (ms):      Min:  0.0, Avg:  0.0, Max:  0.0, Diff:  0.0, Sum:  0.0, Workers: 4
[0.412s][debug][gc,phases      ] GC(0)     Rebuild Free List: 0.1ms
[0.412s][debug][gc,phases      ] GC(0)     Start New Collection Set: 0.0ms
[0.412s][debug][gc,phases      ] GC(0)     Resize TLABs: 0.0ms
[0.412s][debug][gc,phases      ] GC(0)     Expand Heap After Collection: 0.0ms
[0.412s][info ][gc,phases      ] GC(0)   Other: 1.2ms
[0.412s][info ][gc,heap        ] GC(0) Eden regions: 25->0(21)
[0.412s][info ][gc,heap        ] GC(0) Survivor regions: 0->4(4)
[0.412s][info ][gc,heap        ] GC(0) Old regions: 0->16
[0.412s][info ][gc,heap        ] GC(0) Archive regions: 0->0
[0.412s][info ][gc,heap        ] GC(0) Humongous regions: 16->16
[0.412s][info ][gc,metaspace   ] GC(0) Metaspace: 492K(640K)->492K(640K) NonClass: 454K(512K)->454K(512K) Class: 37K(128K)->37K(128K)
[0.412s][debug][gc,heap        ] GC(0) Heap after GC invocations=1 (full 0):
[0.412s][debug][gc,heap        ] GC(0)  garbage-first heap   total 524288K, used 36048K [0x00000000e0000000, 0x0000000100000000)
[0.412s][debug][gc,heap        ] GC(0)   region size 1024K, 4 young (4096K), 4 survivors (4096K)
[0.412s][debug][gc,heap        ] GC(0)  Metaspace       used 492K, committed 640K, reserved 1056768K
[0.412s][debug][gc,heap        ] GC(0)   class space    used 37K, committed 128K, reserved 1048576K
[0.412s][info ][gc             ] GC(0) Pause Young (Normal) (G1 Evacuation Pause) 41M->35M(512M) 57.824ms
[0.412s][info ][gc,cpu         ] GC(0) User=0.17s Sys=0.02s Real=0.06s
[0.412s][debug][gc,refine      ] Activated worker 1, on threshold: 2252, current: 5708
[0.412s][debug][gc,refine      ] Activated worker 2, on threshold: 2815, current: 5452
[0.413s][debug][gc,refine      ] Activated worker 3, on threshold: 3378, current: 3367
[0.414s][debug][gc,refine      ] Deactivated worker 3, off threshold: 2815, current: 2244, refined cards: 256
[0.414s][debug][gc,refine      ] Deactivated worker 2, off threshold: 2252, current: 1988, refined cards: 1123
[0.414s][debug][gc,refine      ] Deactivated worker 1, off threshold: 1689, current: 1280, refined cards: 1476
[0.415s][debug][gc,refine      ] Deactivated worker 0, off threshold: 1126, current: 1024, refined cards: 1989
[0.420s][debug][gc,refine      ] Activated worker 0, on threshold: 1638, current: 3328
[0.420s][debug][gc,refine      ] Activated worker 1, on threshold: 2252, current: 5120
[0.420s][debug][gc,refine      ] Activated worker 2, on threshold: 2815, current: 4864
[0.421s][debug][gc,refine      ] Activated worker 3, on threshold: 3378, current: 3072
[0.421s][debug][gc,refine      ] Deactivated worker 3, off threshold: 2815, current: 2560, refined cards: 0
[0.422s][debug][gc,refine      ] Activated worker 3, on threshold: 3378, current: 5120
[0.422s][debug][gc,refine      ] Deactivated worker 3, off threshold: 2815, current: 1792, refined cards: 768
[0.423s][debug][gc,refine      ] Deactivated worker 2, off threshold: 2252, current: 1280, refined cards: 2304
[0.423s][debug][gc,refine      ] Deactivated worker 1, off threshold: 1689, current: 1536, refined cards: 3072
[0.423s][debug][gc,refine      ] Deactivated worker 0, off threshold: 1126, current: 1024, refined cards: 2816
[0.425s][debug][gc,refine      ] Activated worker 0, on threshold: 1638, current: 1792
[0.426s][debug][gc,refine      ] Deactivated worker 0, off threshold: 1126, current: 1024, refined cards: 768
[0.427s][debug][gc,refine      ] Activated worker 0, on threshold: 1638, current: 1792
[0.429s][debug][gc,refine      ] Deactivated worker 0, off threshold: 1126, current: 1024, refined cards: 1024
[0.431s][debug][gc,refine      ] Activated worker 0, on threshold: 1638, current: 1792
[0.432s][debug][gc,refine      ] Deactivated worker 0, off threshold: 1126, current: 1024, refined cards: 1024
[0.434s][debug][gc,refine      ] Activated worker 0, on threshold: 1638, current: 1792
[0.435s][debug][gc,refine      ] Deactivated worker 0, off threshold: 1126, current: 1024, refined cards: 1024
[0.436s][debug][gc,refine      ] Activated worker 0, on threshold: 1638, current: 1792
[0.437s][debug][gc,refine      ] Deactivated worker 0, off threshold: 1126, current: 1024, refined cards: 768
[0.444s][debug][gc,refine      ] Activated worker 0, on threshold: 1638, current: 1792
[0.444s][debug][gc,refine      ] Activated worker 1, on threshold: 2252, current: 5120
[0.444s][debug][gc,refine      ] Activated worker 2, on threshold: 2815, current: 4864
[0.444s][debug][gc,refine      ] Activated worker 3, on threshold: 3378, current: 4608
[0.445s][debug][gc,refine      ] Deactivated worker 3, off threshold: 2815, current: 2560, refined cards: 512
[0.445s][debug][gc,refine      ] Deactivated worker 2, off threshold: 2252, current: 1792, refined cards: 1024
[0.445s][debug][gc,refine      ] Deactivated worker 1, off threshold: 1689, current: 1536, refined cards: 1024
[0.445s][debug][gc,refine      ] Activated worker 1, on threshold: 2252, current: 5120
[0.445s][debug][gc,refine      ] Activated worker 2, on threshold: 2815, current: 4864
[0.445s][debug][gc,refine      ] Activated worker 3, on threshold: 3378, current: 5120
[0.446s][debug][gc,refine      ] Deactivated worker 3, off threshold: 2815, current: 1536, refined cards: 768
[0.446s][debug][gc,refine      ] Deactivated worker 2, off threshold: 2252, current: 1536, refined cards: 1024
[0.446s][debug][gc,refine      ] Deactivated worker 1, off threshold: 1689, current: 1280, refined cards: 1280
[0.447s][debug][gc,refine      ] Activated worker 1, on threshold: 2252, current: 3072
[0.447s][debug][gc,refine      ] Activated worker 2, on threshold: 2815, current: 5120
[0.448s][debug][gc,refine      ] Deactivated worker 2, off threshold: 2252, current: 2048, refined cards: 1024
[0.448s][debug][gc,refine      ] Activated worker 3, on threshold: 3378, current: 2048
[0.448s][debug][gc,refine      ] Deactivated worker 3, off threshold: 2815, current: 2048, refined cards: 0
[0.448s][debug][gc,refine      ] Deactivated worker 1, off threshold: 1689, current: 1280, refined cards: 1536
[0.449s][debug][gc,refine      ] Deactivated worker 0, off threshold: 1126, current: 1024, refined cards: 5120
[0.451s][debug][gc,refine      ] Activated worker 0, on threshold: 1638, current: 1792
[0.452s][debug][gc,refine      ] Deactivated worker 0, off threshold: 1126, current: 1024, refined cards: 768
[0.454s][debug][gc,refine      ] Activated worker 0, on threshold: 1638, current: 1792
[0.455s][debug][gc,refine      ] Deactivated worker 0, off threshold: 1126, current: 1024, refined cards: 1024
[0.458s][debug][gc,refine      ] Activated worker 0, on threshold: 1638, current: 1792
[0.459s][debug][gc,refine      ] Deactivated worker 0, off threshold: 1126, current: 1024, refined cards: 768
[0.461s][debug][gc,refine      ] Activated worker 0, on threshold: 1638, current: 1792
[0.462s][debug][gc,refine      ] Deactivated worker 0, off threshold: 1126, current: 1024, refined cards: 768
[0.464s][debug][gc,refine      ] Activated worker 0, on threshold: 1638, current: 1792
[0.465s][debug][gc,refine      ] Deactivated worker 0, off threshold: 1126, current: 1024, refined cards: 1024
[0.467s][debug][gc,refine      ] Activated worker 0, on threshold: 1638, current: 1792
[0.468s][debug][gc,refine      ] Deactivated worker 0, off threshold: 1126, current: 1024, refined cards: 1024
[0.469s][debug][gc,heap        ] GC(1) Heap before GC invocations=1 (full 0):
[0.469s][debug][gc,heap        ] GC(1)  garbage-first heap   total 524288K, used 75984K [0x00000000e0000000, 0x0000000100000000)
[0.469s][debug][gc,heap        ] GC(1)   region size 1024K, 25 young (25600K), 4 survivors (4096K)
[0.469s][debug][gc,heap        ] GC(1)  Metaspace       used 492K, committed 640K, reserved 1056768K
[0.469s][debug][gc,heap        ] GC(1)   class space    used 37K, committed 128K, reserved 1048576K
[0.469s][info ][gc,start       ] GC(1) Pause Young (Normal) (G1 Evacuation Pause)
[0.469s][info ][gc,task        ] GC(1) Using 4 workers of 4 for evacuation
[0.469s][debug][gc,tlab        ] GC(1) TLAB totals: thrds: 1  refills: 84 max: 84 slow allocs: 2 max 2 waste:  0.2% gc: 0B max: 0B slow: 48384B max: 48384B
[0.469s][debug][gc,age         ] GC(1) Desired survivor size 2097152 bytes, new threshold 1 (max threshold 15)
[0.469s][debug][gc,refine,stats] GC(1) Mutator refinement: 7.61ms, refined: 1792, precleaned: 0, dirtied: 34471
[0.469s][debug][gc,refine,stats] GC(1) Concurrent refinement: 42.12ms, refined: 37100, precleaned: 3, dirtied: 0
[0.469s][debug][gc,refine,stats] GC(1) Total refinement: 49.74ms, refined: 38892, precleaned: 3, dirtied: 34471
[0.469s][debug][gc,refine,stats] GC(1) Concurrent refinement rate: 781.96 cards/ms
[0.469s][debug][gc,refine,stats] GC(1) Generate dirty cards rate: 563.65 cards/ms
[0.469s][debug][gc,alloc,region] GC(1) Mutator Allocation stats, regions: 21, wasted size: 0B ( 0.0%)
[0.469s][debug][gc,humongous   ] GC(1) Humongous region 0 (object size 640280 @ 0x00000000e0000000) remset 0 code roots 0 marked 0 reclaim candidate 0 type array 0
[0.469s][debug][gc,humongous   ] GC(1) Humongous region 4 (object size 2160888 @ 0x00000000e0400000) remset 0 code roots 0 marked 0 reclaim candidate 0 type array 0
[0.469s][debug][gc,humongous   ] GC(1) Humongous region 1 (object size 960408 @ 0x00000000e0100000) remset 0 code roots 0 marked 0 reclaim candidate 0 type array 0
[0.469s][debug][gc,humongous   ] GC(1) Humongous region 2 (object size 1440600 @ 0x00000000e0200000) remset 0 code roots 0 marked 0 reclaim candidate 0 type array 0
[0.469s][debug][gc,humongous   ] GC(1) Humongous region 7 (object size 3241320 @ 0x00000000e0700000) remset 0 code roots 0 marked 0 reclaim candidate 0 type array 0
[0.469s][debug][gc,humongous   ] GC(1) Humongous region 11 (object size 4861968 @ 0x00000000e0b00000) remset 0 code roots 0 marked 0 reclaim candidate 0 type array 0
[0.469s][debug][gc,humongous   ] GC(1) Humongous region 32 (object size 7292936 @ 0x00000000e2000000) remset 0 code roots 0 marked 0 reclaim candidate 0 type array 0
[0.469s][debug][gc,humongous   ] GC(1) Humongous region 39 (object size 10939400 @ 0x00000000e2700000) remset 0 code roots 0 marked 0 reclaim candidate 0 type array 0
[0.470s][debug][gc,ergo        ] GC(1) Running G1 Merge Heap Roots using 4 workers for 25 regions
[0.470s][debug][gc,remset      ] GC(1) Visited cards 27648 Total dirty 71680 (38.57%) Total old 204800 (13.50%)
[0.514s][debug][gc,ref         ] GC(1) Skipped phase 1 of Reference Processing: no references
[0.514s][debug][gc,ref         ] GC(1) Skipped phase 2 of Reference Processing: no references
[0.514s][debug][gc,ref         ] GC(1) Skipped phase 3 of Reference Processing: no references
[0.514s][debug][gc,ref         ] GC(1) Skipped phase 4 of Reference Processing: no references
[0.514s][debug][gc,ergo        ] GC(1) Running G1 Rebuild Free List Task using 4 workers for rebuilding free list of regions
[0.514s][debug][gc,plab        ] GC(1) Young PLAB allocation: allocated: 4194304B, wasted: 576B, unused: 0B, used: 4193728B, undo waste: 0B, 
[0.514s][debug][gc,plab        ] GC(1) Young other allocation: region end waste: 0B, regions filled: 4, direct allocated: 0B, failure used: 0B, failure wasted: 0B
[0.515s][debug][gc,plab        ] GC(1) Young sizing: calculated: 838744B, actual: 835872B
[0.515s][debug][gc,plab        ] GC(1) Old PLAB allocation: allocated: 22855680B, wasted: 1128B, unused: 887096B, used: 21967456B, undo waste: 0B, 
[0.515s][debug][gc,plab        ] GC(1) Old other allocation: region end waste: 0B, regions filled: 22, direct allocated: 0B, failure used: 0B, failure wasted: 0B
[0.515s][debug][gc,plab        ] GC(1) Old sizing: calculated: 4393488B, actual: 4089472B
[0.515s][debug][gc,ergo,heap   ] GC(1) Heap expansion: short term pause time ratio 14.55% long term pause time ratio 14.55% threshold 7.69% pause time ratio 7.69% fully expanded true resize by 0B
[0.515s][debug][gc,mmu         ] GC(1) MMU: 98.9ms (200.0ms/201.0ms)
[0.515s][debug][gc,alloc,stats ] Old generation allocation in the last mutator period, old gen allocated: 22855680B, humongous allocated: 18874368B,old gen growth: 41730048B.
[0.515s][debug][gc,ihop        ] GC(1) Basic information (value update), threshold: 241591910B (45.00), target occupancy: 536870912B, current occupancy: 78643200B, recent allocation size: 41730048B, recent allocation duration: 61.16ms, recent old gen allocation rate: 682341837.66B/s, recent marking phase length: 0.00ms
[0.515s][debug][gc,ihop        ] GC(1) Adaptive IHOP information (value update), threshold: 241591910B (52.94), internal target occupancy: 456340275B, occupancy: 78643200B, additional buffer size: 26214400B, predicted old gen allocation rate: 233675822.41B/s, predicted marking phase length: 0.00ms, prediction active: false
[0.515s][debug][gc,ergo,refine ] GC(1) Concurrent refinement times: Logged Cards Scan time goal: 20.00ms Logged Cards Scan time: 0.53ms HCC time: 0.00ms
[0.515s][debug][gc,ergo,refine ] GC(1) Updated Refinement Zones: green: 1238, yellow: 3714, red: 6190
[0.515s][debug][gc,refine      ] Activated worker 0, on threshold: 1750, current: 4132
[0.515s][info ][gc,phases      ] GC(1)   Pre Evacuate Collection Set: 0.4ms
[0.515s][debug][gc,phases      ] GC(1)     Prepare TLABs: 0.0ms
[0.515s][debug][gc,phases      ] GC(1)     Concatenate Dirty Card Logs: 0.0ms
[0.515s][debug][gc,phases      ] GC(1)     Choose Collection Set: 0.0ms
[0.515s][debug][gc,phases      ] GC(1)     Region Register: 0.4ms
[0.515s][debug][gc,phases      ] GC(1)     Prepare Heap Roots: 0.0ms
[0.515s][info ][gc,phases      ] GC(1)   Merge Heap Roots: 0.2ms
[0.515s][debug][gc,phases      ] GC(1)     Prepare Merge Heap Roots: 0.0ms
[0.515s][debug][gc,phases      ] GC(1)     Eager Reclaim (ms):            skipped
[0.515s][debug][gc,phases      ] GC(1)     Remembered Sets (ms):          Min:  0.1, Avg:  0.1, Max:  0.1, Diff:  0.0, Sum:  0.2, Workers: 4
[0.515s][debug][gc,phases      ] GC(1)       Merged Sparse:                 Min: 0, Avg:  3.0, Max: 8, Diff: 8, Sum: 12, Workers: 4
[0.515s][debug][gc,phases      ] GC(1)       Merged Fine:                   Min: 13, Avg: 26.5, Max: 35, Diff: 22, Sum: 106, Workers: 4
[0.515s][debug][gc,phases      ] GC(1)       Merged Coarse:                 Min: 0, Avg:  0.0, Max: 0, Diff: 0, Sum: 0, Workers: 4
[0.515s][debug][gc,phases      ] GC(1)       Dirty Cards:                   Min: 5341, Avg: 5847.5, Max: 6373, Diff: 1032, Sum: 23390, Workers: 4
[0.515s][debug][gc,phases      ] GC(1)     Hot Card Cache (ms):           Min:  0.0, Avg:  0.0, Max:  0.0, Diff:  0.0, Sum:  0.0, Workers: 4
[0.515s][debug][gc,phases      ] GC(1)       Dirty Cards:                   Min: 0, Avg:  0.0, Max: 0, Diff: 0, Sum: 0, Workers: 4
[0.515s][debug][gc,phases      ] GC(1)       Skipped Cards:                 Min: 0, Avg:  0.0, Max: 0, Diff: 0, Sum: 0, Workers: 4
[0.515s][debug][gc,phases      ] GC(1)     Log Buffers (ms):              Min:  0.0, Avg:  0.0, Max:  0.0, Diff:  0.0, Sum:  0.0, Workers: 4
[0.516s][debug][gc,phases      ] GC(1)       Dirty Cards:                   Min: 0, Avg: 355.8, Max: 671, Diff: 671, Sum: 1423, Workers: 4
[0.516s][debug][gc,phases      ] GC(1)       Skipped Cards:                 Min: 0, Avg:  0.0, Max: 0, Diff: 0, Sum: 0, Workers: 4
[0.516s][info ][gc,phases      ] GC(1)   Evacuate Collection Set: 44.1ms
[0.516s][debug][gc,phases      ] GC(1)     Ext Root Scanning (ms):        Min:  0.0, Avg:  0.1, Max:  0.3, Diff:  0.3, Sum:  0.4, Workers: 4
[0.516s][debug][gc,phases      ] GC(1)     Scan Heap Roots (ms):          Min:  8.1, Avg:  9.1, Max: 10.4, Diff:  2.3, Sum: 36.4, Workers: 4
[0.516s][debug][gc,phases      ] GC(1)       Scanned Cards:                 Min: 5050, Avg: 6215.5, Max: 7373, Diff: 2323, Sum: 24862, Workers: 4
[0.516s][debug][gc,phases      ] GC(1)       Scanned Blocks:                Min: 21, Avg: 27.8, Max: 32, Diff: 11, Sum: 111, Workers: 4
[0.516s][debug][gc,phases      ] GC(1)       Claimed Chunks:                Min: 21, Avg: 27.0, Max: 30, Diff: 9, Sum: 108, Workers: 4
[0.516s][debug][gc,phases      ] GC(1)     Code Root Scan (ms):           Min:  0.0, Avg:  0.0, Max:  0.1, Diff:  0.1, Sum:  0.2, Workers: 4
[0.516s][debug][gc,phases      ] GC(1)     Object Copy (ms):              Min: 33.6, Avg: 34.8, Max: 35.9, Diff:  2.3, Sum: 139.3, Workers: 4
[0.516s][debug][gc,phases      ] GC(1)     Termination (ms):              Min:  0.0, Avg:  0.0, Max:  0.0, Diff:  0.0, Sum:  0.0, Workers: 4
[0.516s][debug][gc,phases      ] GC(1)       Termination Attempts:          Min: 1, Avg:  7.3, Max: 12, Diff: 11, Sum: 29, Workers: 4
[0.516s][debug][gc,phases      ] GC(1)     GC Worker Other (ms):          Min:  0.0, Avg:  0.0, Max:  0.0, Diff:  0.0, Sum:  0.1, Workers: 4
[0.516s][debug][gc,phases      ] GC(1)     GC Worker Total (ms):          Min: 44.1, Avg: 44.1, Max: 44.1, Diff:  0.0, Sum: 176.3, Workers: 4
[0.516s][info ][gc,phases      ] GC(1)   Post Evacuate Collection Set: 0.5ms
[0.516s][debug][gc,phases      ] GC(1)     Code Roots Fixup: 0.0ms
[0.516s][debug][gc,phases      ] GC(1)     Reference Processing: 0.2ms
[0.516s][debug][gc,phases,ref  ] GC(1)       Reconsider SoftReferences: 0.1ms
[0.516s][debug][gc,phases,ref  ] GC(1)         SoftRef (ms):                  skipped
[0.516s][debug][gc,phases,ref  ] GC(1)       Notify Soft/WeakReferences: 0.0ms
[0.516s][debug][gc,phases,ref  ] GC(1)         SoftRef (ms):                  skipped
[0.516s][debug][gc,phases,ref  ] GC(1)         WeakRef (ms):                  skipped
[0.516s][debug][gc,phases,ref  ] GC(1)         FinalRef (ms):                 skipped
[0.516s][debug][gc,phases,ref  ] GC(1)         Total (ms):                    skipped
[0.516s][debug][gc,phases,ref  ] GC(1)       Notify and keep alive finalizable: 0.0ms
[0.516s][debug][gc,phases,ref  ] GC(1)         FinalRef (ms):                 skipped
[0.516s][debug][gc,phases,ref  ] GC(1)       Notify PhantomReferences: 0.0ms
[0.516s][debug][gc,phases,ref  ] GC(1)         PhantomRef (ms):               skipped
[0.516s][debug][gc,phases,ref  ] GC(1)       SoftReference:
[0.516s][debug][gc,phases,ref  ] GC(1)         Discovered: 0
[0.516s][debug][gc,phases,ref  ] GC(1)         Cleared: 0
[0.516s][debug][gc,phases,ref  ] GC(1)       WeakReference:
[0.516s][debug][gc,phases,ref  ] GC(1)         Discovered: 0
[0.516s][debug][gc,phases,ref  ] GC(1)         Cleared: 0
[0.516s][debug][gc,phases,ref  ] GC(1)       FinalReference:
[0.517s][debug][gc,phases,ref  ] GC(1)         Discovered: 0
[0.517s][debug][gc,phases,ref  ] GC(1)         Cleared: 0
[0.517s][debug][gc,phases,ref  ] GC(1)       PhantomReference:
[0.517s][debug][gc,phases,ref  ] GC(1)         Discovered: 0
[0.517s][debug][gc,phases,ref  ] GC(1)         Cleared: 0
[0.517s][debug][gc,phases      ] GC(1)     Weak Processing: 0.1ms
[0.517s][debug][gc,phases      ] GC(1)       VM Weak                        Min:  0.0, Avg:  0.0, Max:  0.0, Diff:  0.0, Sum:  0.0, Workers: 3
[0.517s][debug][gc,phases      ] GC(1)         Dead                           Min: 0, Avg:  0.0, Max: 0, Diff: 0, Sum: 0, Workers: 3
[0.517s][debug][gc,phases      ] GC(1)         Total                          Min: 0, Avg:  4.7, Max: 14, Diff: 14, Sum: 14, Workers: 3
[0.517s][debug][gc,phases      ] GC(1)       ObjectSynchronizer Weak        Min:  0.0, Avg:  0.0, Max:  0.0, Diff:  0.0, Sum:  0.0, Workers: 3
[0.517s][debug][gc,phases      ] GC(1)         Dead                           Min: 0, Avg:  0.0, Max: 0, Diff: 0, Sum: 0, Workers: 3
[0.517s][debug][gc,phases      ] GC(1)         Total                          Min: 0, Avg:  1.0, Max: 3, Diff: 3, Sum: 3, Workers: 3
[0.517s][debug][gc,phases      ] GC(1)       JVMTI Tag Weak OopStorage      Min:  0.0, Avg:  0.0, Max:  0.0, Diff:  0.0, Sum:  0.0, Workers: 3
[0.517s][debug][gc,phases      ] GC(1)         Dead                           Min: 0, Avg:  0.0, Max: 0, Diff: 0, Sum: 0, Workers: 3
[0.517s][debug][gc,phases      ] GC(1)         Total                          Min: 0, Avg:  0.0, Max: 0, Diff: 0, Sum: 0, Workers: 3
[0.517s][debug][gc,phases      ] GC(1)       StringTable Weak               Min:  0.0, Avg:  0.0, Max:  0.0, Diff:  0.0, Sum:  0.1, Workers: 3
[0.517s][debug][gc,phases      ] GC(1)         Dead                           Min: 0, Avg:  0.0, Max: 0, Diff: 0, Sum: 0, Workers: 3
[0.517s][debug][gc,phases      ] GC(1)         Total                          Min: 0, Avg: 821.3, Max: 1248, Diff: 1248, Sum: 2464, Workers: 3
[0.517s][debug][gc,phases      ] GC(1)       ResolvedMethodTable Weak       Min:  0.0, Avg:  0.0, Max:  0.0, Diff:  0.0, Sum:  0.0, Workers: 3
[0.517s][debug][gc,phases      ] GC(1)         Dead                           Min: 0, Avg:  0.0, Max: 0, Diff: 0, Sum: 0, Workers: 3
[0.517s][debug][gc,phases      ] GC(1)         Total                          Min: 0, Avg: 45.7, Max: 73, Diff: 73, Sum: 137, Workers: 3
[0.517s][debug][gc,phases      ] GC(1)       JNI Weak                       Min:  0.0, Avg:  0.0, Max:  0.0, Diff:  0.0, Sum:  0.0, Workers: 3
[0.517s][debug][gc,phases      ] GC(1)         Dead                           Min: 0, Avg:  0.0, Max: 0, Diff: 0, Sum: 0, Workers: 3
[0.517s][debug][gc,phases      ] GC(1)         Total                          Min: 0, Avg:  0.0, Max: 0, Diff: 0, Sum: 0, Workers: 3
[0.517s][debug][gc,phases      ] GC(1)       StringDedup Table Weak         Min:  0.0, Avg:  0.0, Max:  0.0, Diff:  0.0, Sum:  0.0, Workers: 3
[0.517s][debug][gc,phases      ] GC(1)         Dead                           Min: 0, Avg:  0.0, Max: 0, Diff: 0, Sum: 0, Workers: 3
[0.517s][debug][gc,phases      ] GC(1)         Total                          Min: 0, Avg:  0.0, Max: 0, Diff: 0, Sum: 0, Workers: 3
[0.517s][debug][gc,phases      ] GC(1)       StringDedup Requests0 Weak     Min:  0.0, Avg:  0.0, Max:  0.0, Diff:  0.0, Sum:  0.0, Workers: 3
[0.517s][debug][gc,phases      ] GC(1)         Dead                           Min: 0, Avg:  0.0, Max: 0, Diff: 0, Sum: 0, Workers: 3
[0.517s][debug][gc,phases      ] GC(1)         Total                          Min: 0, Avg:  0.0, Max: 0, Diff: 0, Sum: 0, Workers: 3
[0.517s][debug][gc,phases      ] GC(1)       StringDedup Requests1 Weak     Min:  0.0, Avg:  0.0, Max:  0.0, Diff:  0.0, Sum:  0.0, Workers: 3
[0.517s][debug][gc,phases      ] GC(1)         Dead                           Min: 0, Avg:  0.0, Max: 0, Diff: 0, Sum: 0, Workers: 3
[0.517s][debug][gc,phases      ] GC(1)         Total                          Min: 0, Avg:  0.0, Max: 0, Diff: 0, Sum: 0, Workers: 3
[0.518s][debug][gc,phases      ] GC(1)       Weak JFR Old Object Samples    Min:  0.0, Avg:  0.0, Max:  0.0, Diff:  0.0, Sum:  0.0, Workers: 3
[0.518s][debug][gc,phases      ] GC(1)         Dead                           Min: 0, Avg:  0.0, Max: 0, Diff: 0, Sum: 0, Workers: 3
[0.518s][debug][gc,phases      ] GC(1)         Total                          Min: 0, Avg:  0.0, Max: 0, Diff: 0, Sum: 0, Workers: 3
[0.518s][debug][gc,phases      ] GC(1)     Post Evacuate Cleanup 1: 0.1ms
[0.518s][debug][gc,phases      ] GC(1)       Merge Per-Thread State (ms):   Min:  0.1, Avg:  0.1, Max:  0.1, Diff:  0.0, Sum:  0.1, Workers: 1
[0.518s][debug][gc,phases      ] GC(1)         Copied Bytes                   Min: 5017552, Avg: 6540296.0, Max: 7721816, Diff: 2704264, Sum: 26161184, Workers: 4
[0.518s][debug][gc,phases      ] GC(1)         LAB Waste                      Min: 304, Avg: 426.0, Max: 728, Diff: 424, Sum: 1704, Workers: 4
[0.518s][debug][gc,phases      ] GC(1)         LAB Undo Waste                 Min: 0, Avg:  0.0, Max: 0, Diff: 0, Sum: 0, Workers: 4
[0.518s][debug][gc,phases      ] GC(1)       Clear Logged Cards (ms):       Min:  0.0, Avg:  0.0, Max:  0.0, Diff:  0.0, Sum:  0.0, Workers: 3
[0.518s][debug][gc,phases      ] GC(1)       Recalculate Used Memory (ms):  Min:  0.0, Avg:  0.0, Max:  0.0, Diff:  0.0, Sum:  0.0, Workers: 1
[0.518s][debug][gc,phases      ] GC(1)     Post Evacuate Cleanup 2: 0.1ms
[0.518s][debug][gc,phases      ] GC(1)       Reset Hot Card Cache (ms):     Min:  0.0, Avg:  0.0, Max:  0.0, Diff:  0.0, Sum:  0.0, Workers: 1
[0.518s][debug][gc,phases      ] GC(1)       Purge Code Roots (ms):         Min:  0.0, Avg:  0.0, Max:  0.0, Diff:  0.0, Sum:  0.0, Workers: 1
[0.518s][debug][gc,phases      ] GC(1)       Update Derived Pointers (ms):  Min:  0.0, Avg:  0.0, Max:  0.0, Diff:  0.0, Sum:  0.0, Workers: 1
[0.518s][debug][gc,phases      ] GC(1)       Eagerly Reclaim Humongous Objects (ms): Min:  0.0, Avg:  0.0, Max:  0.0, Diff:  0.0, Sum:  0.0, Workers: 1
[0.518s][debug][gc,phases      ] GC(1)         Humongous Total                Min: 8, Avg:  8.0, Max: 8, Diff: 0, Sum: 8, Workers: 1
[0.518s][debug][gc,phases      ] GC(1)         Humongous Candidates           Min: 0, Avg:  0.0, Max: 0, Diff: 0, Sum: 0, Workers: 1
[0.518s][debug][gc,phases      ] GC(1)         Humongous Reclaimed            Min: 0, Avg:  0.0, Max: 0, Diff: 0, Sum: 0, Workers: 1
[0.518s][debug][gc,phases      ] GC(1)       Redirty Logged Cards (ms):     Min:  0.0, Avg:  0.0, Max:  0.0, Diff:  0.0, Sum:  0.0, Workers: 4
[0.518s][debug][gc,phases      ] GC(1)         Redirtied Cards:               Min: 0, Avg: 1033.0, Max: 2231, Diff: 2231, Sum: 4132, Workers: 4
[0.518s][debug][gc,phases      ] GC(1)       Free Collection Set (ms):      Min:  0.0, Avg:  0.0, Max:  0.0, Diff:  0.0, Sum:  0.0, Workers: 4
[0.518s][debug][gc,phases      ] GC(1)     Rebuild Free List: 0.1ms
[0.518s][debug][gc,phases      ] GC(1)     Start New Collection Set: 0.0ms
[0.518s][debug][gc,phases      ] GC(1)     Resize TLABs: 0.0ms
[0.518s][debug][gc,phases      ] GC(1)     Expand Heap After Collection: 0.0ms
[0.518s][info ][gc,phases      ] GC(1)   Other: 1.0ms
[0.518s][info ][gc,heap        ] GC(1) Eden regions: 21->0(21)
[0.518s][info ][gc,heap        ] GC(1) Survivor regions: 4->4(4)
[0.518s][info ][gc,heap        ] GC(1) Old regions: 16->37
[0.518s][info ][gc,heap        ] GC(1) Archive regions: 0->0
[0.518s][info ][gc,heap        ] GC(1) Humongous regions: 34->34
[0.518s][info ][gc,metaspace   ] GC(1) Metaspace: 492K(640K)->492K(640K) NonClass: 455K(512K)->455K(512K) Class: 37K(128K)->37K(128K)
[0.518s][debug][gc,heap        ] GC(1) Heap after GC invocations=2 (full 0):
[0.518s][debug][gc,heap        ] GC(1)  garbage-first heap   total 524288K, used 76800K [0x00000000e0000000, 0x0000000100000000)
[0.519s][debug][gc,heap        ] GC(1)   region size 1024K, 4 young (4096K), 4 survivors (4096K)
[0.519s][debug][gc,heap        ] GC(1)  Metaspace       used 492K, committed 640K, reserved 1056768K
[0.519s][debug][gc,heap        ] GC(1)   class space    used 37K, committed 128K, reserved 1048576K
[0.519s][info ][gc             ] GC(1) Pause Young (Normal) (G1 Evacuation Pause) 74M->75M(512M) 49.672ms
[0.519s][info ][gc,cpu         ] GC(1) User=0.16s Sys=0.03s Real=0.05s
[0.519s][debug][gc,refine      ] Activated worker 1, on threshold: 2476, current: 3953
[0.519s][debug][gc,refine      ] Activated worker 2, on threshold: 3095, current: 3697
[0.520s][debug][gc,refine      ] Deactivated worker 2, off threshold: 2476, current: 2073, refined cards: 600
[0.520s][debug][gc,refine      ] Deactivated worker 1, off threshold: 1857, current: 1708, refined cards: 877
[0.521s][debug][gc,refine      ] Deactivated worker 0, off threshold: 1238, current: 1196, refined cards: 1971
[0.523s][debug][gc,refine      ] Activated worker 0, on threshold: 1750, current: 1964
[0.525s][debug][gc,refine      ] Deactivated worker 0, off threshold: 1238, current: 1024, refined cards: 940
[0.536s][debug][gc,refine      ] Activated worker 0, on threshold: 1750, current: 3072
[0.536s][debug][gc,refine      ] Activated worker 1, on threshold: 2476, current: 5888
[0.536s][debug][gc,refine      ] Activated worker 2, on threshold: 3095, current: 5632
[0.536s][debug][gc,refine      ] Activated worker 3, on threshold: 3714, current: 4608
[0.537s][debug][gc,refine      ] Deactivated worker 3, off threshold: 3095, current: 2560, refined cards: 512
[0.537s][debug][gc,refine      ] Deactivated worker 2, off threshold: 2476, current: 2304, refined cards: 1024
[0.538s][debug][gc,refine      ] Activated worker 2, on threshold: 3095, current: 5632
[0.538s][debug][gc,refine      ] Activated worker 3, on threshold: 3714, current: 5376
[0.538s][debug][gc,refine      ] Deactivated worker 3, off threshold: 3095, current: 2304, refined cards: 768
[0.538s][debug][gc,refine      ] Activated worker 3, on threshold: 3714, current: 5632
[0.539s][debug][gc,refine      ] Deactivated worker 3, off threshold: 3095, current: 2816, refined cards: 768
[0.539s][debug][gc,refine      ] Activated worker 3, on threshold: 3714, current: 5632
[0.540s][debug][gc,refine      ] Deactivated worker 3, off threshold: 3095, current: 3072, refined cards: 768
[0.540s][debug][gc,refine      ] Deactivated worker 2, off threshold: 2476, current: 2304, refined cards: 3072
[0.541s][debug][gc,refine      ] Deactivated worker 1, off threshold: 1857, current: 1792, refined cards: 5120
[0.541s][debug][gc,refine      ] Activated worker 1, on threshold: 2476, current: 4096
[0.541s][debug][gc,refine      ] Activated worker 2, on threshold: 3095, current: 3840
[0.541s][debug][gc,refine      ] Activated worker 3, on threshold: 3714, current: 3584
[0.542s][debug][gc,refine      ] Deactivated worker 3, off threshold: 3095, current: 2560, refined cards: 256
[0.542s][debug][gc,refine      ] Deactivated worker 2, off threshold: 2476, current: 2048, refined cards: 512
[0.542s][debug][gc,refine      ] Deactivated worker 1, off threshold: 1857, current: 1792, refined cards: 768
[0.543s][debug][gc,refine      ] Deactivated worker 0, off threshold: 1238, current: 1024, refined cards: 7168
[0.545s][debug][gc,refine      ] Activated worker 0, on threshold: 1750, current: 1792
[0.547s][debug][gc,refine      ] Deactivated worker 0, off threshold: 1238, current: 1024, refined cards: 1024
[0.549s][debug][gc,refine      ] Activated worker 0, on threshold: 1750, current: 1792
[0.550s][debug][gc,refine      ] Deactivated worker 0, off threshold: 1238, current: 1024, refined cards: 768
[0.552s][debug][gc,refine      ] Activated worker 0, on threshold: 1750, current: 1792
[0.553s][debug][gc,refine      ] Deactivated worker 0, off threshold: 1238, current: 1024, refined cards: 1024
[0.556s][debug][gc,refine      ] Activated worker 0, on threshold: 1750, current: 1792
[0.557s][debug][gc,refine      ] Deactivated worker 0, off threshold: 1238, current: 1024, refined cards: 1024
[0.560s][debug][gc,refine      ] Activated worker 0, on threshold: 1750, current: 1792
[0.561s][debug][gc,refine      ] Deactivated worker 0, off threshold: 1238, current: 1024, refined cards: 1024
[0.564s][debug][gc,refine      ] Activated worker 0, on threshold: 1750, current: 1792
[0.565s][debug][gc,refine      ] Deactivated worker 0, off threshold: 1238, current: 1024, refined cards: 768
[0.567s][debug][gc,refine      ] Activated worker 0, on threshold: 1750, current: 1792
[0.568s][debug][gc,refine      ] Deactivated worker 0, off threshold: 1238, current: 1024, refined cards: 768
[0.570s][debug][gc,refine      ] Activated worker 0, on threshold: 1750, current: 1792
[0.571s][debug][gc,refine      ] Deactivated worker 0, off threshold: 1238, current: 1024, refined cards: 768
[0.573s][debug][gc,refine      ] Activated worker 0, on threshold: 1750, current: 1792
[0.575s][debug][gc,refine      ] Deactivated worker 0, off threshold: 1238, current: 1024, refined cards: 1024
[0.577s][debug][gc,refine      ] Activated worker 0, on threshold: 1750, current: 1792
[0.578s][debug][gc,heap        ] GC(2) Heap before GC invocations=2 (full 0):
[0.578s][debug][gc,heap        ] GC(2)  garbage-first heap   total 524288K, used 114688K [0x00000000e0000000, 0x0000000100000000)
[0.578s][debug][gc,heap        ] GC(2)   region size 1024K, 25 young (25600K), 4 survivors (4096K)
[0.578s][debug][gc,heap        ] GC(2)  Metaspace       used 492K, committed 640K, reserved 1056768K
[0.578s][debug][gc,heap        ] GC(2)   class space    used 37K, committed 128K, reserved 1048576K
[0.578s][info ][gc,start       ] GC(2) Pause Young (Normal) (G1 Evacuation Pause)
[0.578s][info ][gc,task        ] GC(2) Using 4 workers of 4 for evacuation
[0.578s][debug][gc,tlab        ] GC(2) TLAB totals: thrds: 1  refills: 84 max: 84 slow allocs: 1 max 1 waste:  0.2% gc: 0B max: 0B slow: 48384B max: 48384B
[0.578s][debug][gc,age         ] GC(2) Desired survivor size 2097152 bytes, new threshold 1 (max threshold 15)
[0.578s][debug][gc,refine,stats] GC(2) Mutator refinement: 4.90ms, refined: 1024, precleaned: 0, dirtied: 32098
[0.578s][debug][gc,refine,stats] GC(2) Concurrent refinement: 35.32ms, refined: 33630, precleaned: 0, dirtied: 0
[0.578s][debug][gc,refine,stats] GC(2) Total refinement: 40.22ms, refined: 34654, precleaned: 0, dirtied: 32098
[0.578s][debug][gc,refine,stats] GC(2) Concurrent refinement rate: 861.71 cards/ms
[0.578s][debug][gc,refine,stats] GC(2) Generate dirty cards rate: 507.78 cards/ms
[0.578s][debug][gc,alloc,region] GC(2) Mutator Allocation stats, regions: 21, wasted size: 0B ( 0.0%)
[0.578s][debug][gc,humongous   ] GC(2) Humongous region 0 (object size 640280 @ 0x00000000e0000000) remset 0 code roots 0 marked 0 reclaim candidate 0 type array 0
[0.578s][debug][gc,humongous   ] GC(2) Humongous region 2 (object size 1440600 @ 0x00000000e0200000) remset 0 code roots 0 marked 0 reclaim candidate 0 type array 0
[0.578s][debug][gc,humongous   ] GC(2) Humongous region 1 (object size 960408 @ 0x00000000e0100000) remset 0 code roots 0 marked 0 reclaim candidate 0 type array 0
[0.578s][debug][gc,humongous   ] GC(2) Humongous region 4 (object size 2160888 @ 0x00000000e0400000) remset 0 code roots 0 marked 0 reclaim candidate 0 type array 0
[0.578s][debug][gc,humongous   ] GC(2) Humongous region 7 (object size 3241320 @ 0x00000000e0700000) remset 0 code roots 0 marked 0 reclaim candidate 0 type array 0
[0.578s][debug][gc,humongous   ] GC(2) Humongous region 11 (object size 4861968 @ 0x00000000e0b00000) remset 0 code roots 0 marked 0 reclaim candidate 0 type array 0
[0.578s][debug][gc,humongous   ] GC(2) Humongous region 32 (object size 7292936 @ 0x00000000e2000000) remset 0 code roots 0 marked 0 reclaim candidate 0 type array 0
[0.578s][debug][gc,humongous   ] GC(2) Humongous region 39 (object size 10939400 @ 0x00000000e2700000) remset 1 code roots 0 marked 0 reclaim candidate 0 type array 0
[0.578s][debug][gc,humongous   ] GC(2) Humongous region 71 (object size 16409088 @ 0x00000000e4700000) remset 1 code roots 0 marked 0 reclaim candidate 0 type array 0
[0.579s][debug][gc,ergo        ] GC(2) Running G1 Merge Heap Roots using 4 workers for 25 regions
[0.579s][debug][gc,remset      ] GC(2) Visited cards 19456 Total dirty 40960 (47.50%) Total old 280576 (6.93%)
[0.618s][debug][gc,ref         ] GC(2) Skipped phase 1 of Reference Processing: no references
[0.618s][debug][gc,ref         ] GC(2) Skipped phase 2 of Reference Processing: no references
[0.618s][debug][gc,ref         ] GC(2) Skipped phase 3 of Reference Processing: no references
[0.618s][debug][gc,ref         ] GC(2) Skipped phase 4 of Reference Processing: no references
[0.618s][debug][gc,ergo        ] GC(2) Running G1 Rebuild Free List Task using 4 workers for rebuilding free list of regions
[0.618s][debug][gc,plab        ] GC(2) Young PLAB allocation: allocated: 4194304B, wasted: 576B, unused: 0B, used: 4193728B, undo waste: 0B, 
[0.618s][debug][gc,plab        ] GC(2) Young other allocation: region end waste: 0B, regions filled: 4, direct allocated: 0B, failure used: 0B, failure wasted: 0B
[0.618s][debug][gc,plab        ] GC(2) Young sizing: calculated: 838744B, actual: 838024B
[0.618s][debug][gc,plab        ] GC(2) Old PLAB allocation: allocated: 23068672B, wasted: 640B, unused: 1096320B, used: 21971712B, undo waste: 0B, 
[0.618s][debug][gc,plab        ] GC(2) Old other allocation: region end waste: 0B, regions filled: 22, direct allocated: 0B, failure used: 0B, failure wasted: 0B
[0.618s][debug][gc,plab        ] GC(2) Old sizing: calculated: 4394336B, actual: 4318120B
[0.618s][debug][gc,ergo,heap   ] GC(2) Heap expansion: short term pause time ratio 42.75% long term pause time ratio 9.66% threshold 7.69% pause time ratio 7.69% fully expanded true resize by 0B
[0.618s][debug][gc,mmu         ] GC(2) MMU: 86.2ms (200.0ms/201.0ms)
[0.619s][debug][gc,alloc,stats ] Old generation allocation in the last mutator period, old gen allocated: 23068672B, humongous allocated: 16777216B,old gen growth: 39845888B.
[0.619s][debug][gc,ihop        ] GC(2) Basic information (value update), threshold: 241591910B (45.00), target occupancy: 536870912B, current occupancy: 118489088B, recent allocation size: 39845888B, recent allocation duration: 63.21ms, recent old gen allocation rate: 630347240.90B/s, recent marking phase length: 0.00ms
[0.619s][debug][gc,ihop        ] GC(2) Adaptive IHOP information (value update), threshold: 241591910B (52.94), internal target occupancy: 456340275B, occupancy: 118489088B, additional buffer size: 26214400B, predicted old gen allocation rate: 240199224.27B/s, predicted marking phase length: 0.00ms, prediction active: false
[0.619s][debug][gc,ergo,refine ] GC(2) Concurrent refinement times: Logged Cards Scan time goal: 20.00ms Logged Cards Scan time: 0.59ms HCC time: 0.00ms
[0.619s][debug][gc,ergo,refine ] GC(2) Updated Refinement Zones: green: 1361, yellow: 4083, red: 6805
[0.619s][info ][gc,phases      ] GC(2)   Pre Evacuate Collection Set: 0.4ms
[0.619s][debug][gc,phases      ] GC(2)     Prepare TLABs: 0.0ms
[0.619s][debug][gc,phases      ] GC(2)     Concatenate Dirty Card Logs: 0.0ms
[0.619s][debug][gc,phases      ] GC(2)     Choose Collection Set: 0.0ms
[0.619s][debug][gc,phases      ] GC(2)     Region Register: 0.4ms
[0.619s][debug][gc,phases      ] GC(2)     Prepare Heap Roots: 0.0ms
[0.619s][info ][gc,phases      ] GC(2)   Merge Heap Roots: 0.1ms
[0.619s][debug][gc,phases      ] GC(2)     Prepare Merge Heap Roots: 0.0ms
[0.619s][debug][gc,phases      ] GC(2)     Eager Reclaim (ms):            skipped
[0.619s][debug][gc,phases      ] GC(2)     Remembered Sets (ms):          Min:  0.0, Avg:  0.0, Max:  0.0, Diff:  0.0, Sum:  0.2, Workers: 4
[0.619s][debug][gc,phases      ] GC(2)       Merged Sparse:                 Min: 0, Avg:  0.5, Max: 1, Diff: 1, Sum: 2, Workers: 4
[0.619s][debug][gc,phases      ] GC(2)       Merged Fine:                   Min: 8, Avg: 16.3, Max: 32, Diff: 24, Sum: 65, Workers: 4
[0.619s][debug][gc,phases      ] GC(2)       Merged Coarse:                 Min: 0, Avg:  0.0, Max: 0, Diff: 0, Sum: 0, Workers: 4
[0.619s][debug][gc,phases      ] GC(2)       Dirty Cards:                   Min: 3571, Avg: 4171.5, Max: 4658, Diff: 1087, Sum: 16686, Workers: 4
[0.619s][debug][gc,phases      ] GC(2)     Hot Card Cache (ms):           Min:  0.0, Avg:  0.0, Max:  0.0, Diff:  0.0, Sum:  0.0, Workers: 4
[0.619s][debug][gc,phases      ] GC(2)       Dirty Cards:                   Min: 0, Avg:  0.0, Max: 0, Diff: 0, Sum: 0, Workers: 4
[0.619s][debug][gc,phases      ] GC(2)       Skipped Cards:                 Min: 0, Avg:  0.0, Max: 0, Diff: 0, Sum: 0, Workers: 4
[0.619s][debug][gc,phases      ] GC(2)     Log Buffers (ms):              Min:  0.0, Avg:  0.0, Max:  0.0, Diff:  0.0, Sum:  0.0, Workers: 4
[0.619s][debug][gc,phases      ] GC(2)       Dirty Cards:                   Min: 0, Avg: 388.0, Max: 702, Diff: 702, Sum: 1552, Workers: 4
[0.619s][debug][gc,phases      ] GC(2)       Skipped Cards:                 Min: 0, Avg:  0.0, Max: 0, Diff: 0, Sum: 0, Workers: 4
[0.619s][info ][gc,phases      ] GC(2)   Evacuate Collection Set: 39.0ms
[0.619s][debug][gc,phases      ] GC(2)     Ext Root Scanning (ms):        Min:  0.0, Avg:  0.0, Max:  0.0, Diff:  0.0, Sum:  0.0, Workers: 4
[0.619s][debug][gc,phases      ] GC(2)     Scan Heap Roots (ms):          Min:  4.8, Avg:  6.9, Max:  8.2, Diff:  3.4, Sum: 27.7, Workers: 4
[0.619s][debug][gc,phases      ] GC(2)       Scanned Cards:                 Min: 3278, Avg: 4573.3, Max: 5317, Diff: 2039, Sum: 18293, Workers: 4
[0.620s][debug][gc,phases      ] GC(2)       Scanned Blocks:                Min: 13, Avg: 19.0, Max: 22, Diff: 9, Sum: 76, Workers: 4
[0.620s][debug][gc,phases      ] GC(2)       Claimed Chunks:                Min: 13, Avg: 19.0, Max: 22, Diff: 9, Sum: 76, Workers: 4
[0.620s][debug][gc,phases      ] GC(2)     Code Root Scan (ms):           Min:  0.0, Avg:  0.0, Max:  0.0, Diff:  0.0, Sum:  0.0, Workers: 4
[0.620s][debug][gc,phases      ] GC(2)     Object Copy (ms):              Min: 30.7, Avg: 32.0, Max: 34.2, Diff:  3.4, Sum: 128.2, Workers: 4
[0.620s][debug][gc,phases      ] GC(2)     Termination (ms):              Min:  0.0, Avg:  0.0, Max:  0.0, Diff:  0.0, Sum:  0.0, Workers: 4
[0.620s][debug][gc,phases      ] GC(2)       Termination Attempts:          Min: 1, Avg:  1.0, Max: 1, Diff: 0, Sum: 4, Workers: 4
[0.620s][debug][gc,phases      ] GC(2)     GC Worker Other (ms):          Min:  0.0, Avg:  0.0, Max:  0.0, Diff:  0.0, Sum:  0.1, Workers: 4
[0.620s][debug][gc,phases      ] GC(2)     GC Worker Total (ms):          Min: 39.0, Avg: 39.0, Max: 39.0, Diff:  0.0, Sum: 156.0, Workers: 4
[0.620s][info ][gc,phases      ] GC(2)   Post Evacuate Collection Set: 0.4ms
[0.620s][debug][gc,phases      ] GC(2)     Code Roots Fixup: 0.0ms
[0.620s][debug][gc,phases      ] GC(2)     Reference Processing: 0.2ms
[0.620s][debug][gc,phases,ref  ] GC(2)       Reconsider SoftReferences: 0.1ms
[0.620s][debug][gc,phases,ref  ] GC(2)         SoftRef (ms):                  skipped
[0.620s][debug][gc,phases,ref  ] GC(2)       Notify Soft/WeakReferences: 0.0ms
[0.620s][debug][gc,phases,ref  ] GC(2)         SoftRef (ms):                  skipped
[0.620s][debug][gc,phases,ref  ] GC(2)         WeakRef (ms):                  skipped
[0.620s][debug][gc,phases,ref  ] GC(2)         FinalRef (ms):                 skipped
[0.620s][debug][gc,phases,ref  ] GC(2)         Total (ms):                    skipped
[0.620s][debug][gc,phases,ref  ] GC(2)       Notify and keep alive finalizable: 0.0ms
[0.620s][debug][gc,phases,ref  ] GC(2)         FinalRef (ms):                 skipped
[0.620s][debug][gc,phases,ref  ] GC(2)       Notify PhantomReferences: 0.0ms
[0.620s][debug][gc,phases,ref  ] GC(2)         PhantomRef (ms):               skipped
[0.620s][debug][gc,phases,ref  ] GC(2)       SoftReference:
[0.620s][debug][gc,phases,ref  ] GC(2)         Discovered: 0
[0.620s][debug][gc,phases,ref  ] GC(2)         Cleared: 0
[0.620s][debug][gc,phases,ref  ] GC(2)       WeakReference:
[0.620s][debug][gc,phases,ref  ] GC(2)         Discovered: 0
[0.620s][debug][gc,phases,ref  ] GC(2)         Cleared: 0
[0.620s][debug][gc,phases,ref  ] GC(2)       FinalReference:
[0.620s][debug][gc,phases,ref  ] GC(2)         Discovered: 0
[0.620s][debug][gc,phases,ref  ] GC(2)         Cleared: 0
[0.620s][debug][gc,phases,ref  ] GC(2)       PhantomReference:
[0.620s][debug][gc,phases,ref  ] GC(2)         Discovered: 0
[0.621s][debug][gc,phases,ref  ] GC(2)         Cleared: 0
[0.621s][debug][gc,phases      ] GC(2)     Weak Processing: 0.0ms
[0.621s][debug][gc,phases      ] GC(2)       VM Weak                        Min:  0.0, Avg:  0.0, Max:  0.0, Diff:  0.0, Sum:  0.0, Workers: 3
[0.621s][debug][gc,phases      ] GC(2)         Dead                           Min: 0, Avg:  0.0, Max: 0, Diff: 0, Sum: 0, Workers: 3
[0.621s][debug][gc,phases      ] GC(2)         Total                          Min: 0, Avg:  4.7, Max: 14, Diff: 14, Sum: 14, Workers: 3
[0.621s][debug][gc,phases      ] GC(2)       ObjectSynchronizer Weak        Min:  0.0, Avg:  0.0, Max:  0.0, Diff:  0.0, Sum:  0.0, Workers: 3
[0.621s][debug][gc,phases      ] GC(2)         Dead                           Min: 0, Avg:  0.0, Max: 0, Diff: 0, Sum: 0, Workers: 3
[0.621s][debug][gc,phases      ] GC(2)         Total                          Min: 0, Avg:  1.0, Max: 3, Diff: 3, Sum: 3, Workers: 3
[0.621s][debug][gc,phases      ] GC(2)       JVMTI Tag Weak OopStorage      Min:  0.0, Avg:  0.0, Max:  0.0, Diff:  0.0, Sum:  0.0, Workers: 3
[0.621s][debug][gc,phases      ] GC(2)         Dead                           Min: 0, Avg:  0.0, Max: 0, Diff: 0, Sum: 0, Workers: 3
[0.621s][debug][gc,phases      ] GC(2)         Total                          Min: 0, Avg:  0.0, Max: 0, Diff: 0, Sum: 0, Workers: 3
[0.621s][debug][gc,phases      ] GC(2)       StringTable Weak               Min:  0.0, Avg:  0.0, Max:  0.0, Diff:  0.0, Sum:  0.0, Workers: 3
[0.621s][debug][gc,phases      ] GC(2)         Dead                           Min: 0, Avg:  0.0, Max: 0, Diff: 0, Sum: 0, Workers: 3
[0.621s][debug][gc,phases      ] GC(2)         Total                          Min: 640, Avg: 821.3, Max: 960, Diff: 320, Sum: 2464, Workers: 3
[0.621s][debug][gc,phases      ] GC(2)       ResolvedMethodTable Weak       Min:  0.0, Avg:  0.0, Max:  0.0, Diff:  0.0, Sum:  0.0, Workers: 3
[0.621s][debug][gc,phases      ] GC(2)         Dead                           Min: 0, Avg:  0.0, Max: 0, Diff: 0, Sum: 0, Workers: 3
[0.621s][debug][gc,phases      ] GC(2)         Total                          Min: 9, Avg: 45.7, Max: 64, Diff: 55, Sum: 137, Workers: 3
[0.621s][debug][gc,phases      ] GC(2)       JNI Weak                       Min:  0.0, Avg:  0.0, Max:  0.0, Diff:  0.0, Sum:  0.0, Workers: 3
[0.621s][debug][gc,phases      ] GC(2)         Dead                           Min: 0, Avg:  0.0, Max: 0, Diff: 0, Sum: 0, Workers: 3
[0.621s][debug][gc,phases      ] GC(2)         Total                          Min: 0, Avg:  0.0, Max: 0, Diff: 0, Sum: 0, Workers: 3
[0.621s][debug][gc,phases      ] GC(2)       StringDedup Table Weak         Min:  0.0, Avg:  0.0, Max:  0.0, Diff:  0.0, Sum:  0.0, Workers: 3
[0.621s][debug][gc,phases      ] GC(2)         Dead                           Min: 0, Avg:  0.0, Max: 0, Diff: 0, Sum: 0, Workers: 3
[0.621s][debug][gc,phases      ] GC(2)         Total                          Min: 0, Avg:  0.0, Max: 0, Diff: 0, Sum: 0, Workers: 3
[0.622s][debug][gc,phases      ] GC(2)       StringDedup Requests0 Weak     Min:  0.0, Avg:  0.0, Max:  0.0, Diff:  0.0, Sum:  0.0, Workers: 3
[0.622s][debug][gc,phases      ] GC(2)         Dead                           Min: 0, Avg:  0.0, Max: 0, Diff: 0, Sum: 0, Workers: 3
[0.622s][debug][gc,phases      ] GC(2)         Total                          Min: 0, Avg:  0.0, Max: 0, Diff: 0, Sum: 0, Workers: 3
[0.622s][debug][gc,phases      ] GC(2)       StringDedup Requests1 Weak     Min:  0.0, Avg:  0.0, Max:  0.0, Diff:  0.0, Sum:  0.0, Workers: 3
[0.622s][debug][gc,phases      ] GC(2)         Dead                           Min: 0, Avg:  0.0, Max: 0, Diff: 0, Sum: 0, Workers: 3
[0.622s][debug][gc,phases      ] GC(2)         Total                          Min: 0, Avg:  0.0, Max: 0, Diff: 0, Sum: 0, Workers: 3
[0.622s][debug][gc,phases      ] GC(2)       Weak JFR Old Object Samples    Min:  0.0, Avg:  0.0, Max:  0.0, Diff:  0.0, Sum:  0.0, Workers: 3
[0.622s][debug][gc,phases      ] GC(2)         Dead                           Min: 0, Avg:  0.0, Max: 0, Diff: 0, Sum: 0, Workers: 3
[0.622s][debug][gc,phases      ] GC(2)         Total                          Min: 0, Avg:  0.0, Max: 0, Diff: 0, Sum: 0, Workers: 3
[0.622s][debug][gc,phases      ] GC(2)     Post Evacuate Cleanup 1: 0.0ms
[0.622s][debug][gc,phases      ] GC(2)       Merge Per-Thread State (ms):   Min:  0.0, Avg:  0.0, Max:  0.0, Diff:  0.0, Sum:  0.0, Workers: 1
[0.622s][debug][gc,phases      ] GC(2)         Copied Bytes                   Min: 5959280, Avg: 6541360.0, Max: 6985968, Diff: 1026688, Sum: 26165440, Workers: 4
[0.622s][debug][gc,phases      ] GC(2)         LAB Waste                      Min: 176, Avg: 304.0, Max: 368, Diff: 192, Sum: 1216, Workers: 4
[0.622s][debug][gc,phases      ] GC(2)         LAB Undo Waste                 Min: 0, Avg:  0.0, Max: 0, Diff: 0, Sum: 0, Workers: 4
[0.622s][debug][gc,phases      ] GC(2)       Clear Logged Cards (ms):       Min:  0.0, Avg:  0.0, Max:  0.0, Diff:  0.0, Sum:  0.0, Workers: 3
[0.622s][debug][gc,phases      ] GC(2)       Recalculate Used Memory (ms):  Min:  0.0, Avg:  0.0, Max:  0.0, Diff:  0.0, Sum:  0.0, Workers: 1
[0.622s][debug][gc,phases      ] GC(2)     Post Evacuate Cleanup 2: 0.1ms
[0.622s][debug][gc,phases      ] GC(2)       Reset Hot Card Cache (ms):     Min:  0.0, Avg:  0.0, Max:  0.0, Diff:  0.0, Sum:  0.0, Workers: 1
[0.622s][debug][gc,phases      ] GC(2)       Purge Code Roots (ms):         Min:  0.0, Avg:  0.0, Max:  0.0, Diff:  0.0, Sum:  0.0, Workers: 1
[0.622s][debug][gc,phases      ] GC(2)       Update Derived Pointers (ms):  Min:  0.0, Avg:  0.0, Max:  0.0, Diff:  0.0, Sum:  0.0, Workers: 1
[0.622s][debug][gc,phases      ] GC(2)       Eagerly Reclaim Humongous Objects (ms): Min:  0.0, Avg:  0.0, Max:  0.0, Diff:  0.0, Sum:  0.0, Workers: 1
[0.622s][debug][gc,phases      ] GC(2)         Humongous Total                Min: 9, Avg:  9.0, Max: 9, Diff: 0, Sum: 9, Workers: 1
[0.622s][debug][gc,phases      ] GC(2)         Humongous Candidates           Min: 0, Avg:  0.0, Max: 0, Diff: 0, Sum: 0, Workers: 1
[0.622s][debug][gc,phases      ] GC(2)         Humongous Reclaimed            Min: 0, Avg:  0.0, Max: 0, Diff: 0, Sum: 0, Workers: 1
[0.622s][debug][gc,phases      ] GC(2)       Redirty Logged Cards (ms):     Min:  0.0, Avg:  0.0, Max:  0.0, Diff:  0.0, Sum:  0.0, Workers: 4
[0.622s][debug][gc,phases      ] GC(2)         Redirtied Cards:               Min: 0, Avg: 641.3, Max: 2565, Diff: 2565, Sum: 2565, Workers: 4
[0.622s][debug][gc,phases      ] GC(2)       Free Collection Set (ms):      Min:  0.0, Avg:  0.0, Max:  0.0, Diff:  0.0, Sum:  0.0, Workers: 4
[0.622s][debug][gc,phases      ] GC(2)     Rebuild Free List: 0.1ms
[0.622s][debug][gc,phases      ] GC(2)     Start New Collection Set: 0.0ms
[0.622s][debug][gc,phases      ] GC(2)     Resize TLABs: 0.0ms
[0.622s][debug][gc,phases      ] GC(2)     Expand Heap After Collection: 0.0ms
[0.623s][info ][gc,phases      ] GC(2)   Other: 1.1ms
[0.623s][info ][gc,heap        ] GC(2) Eden regions: 21->0(21)
[0.623s][info ][gc,heap        ] GC(2) Survivor regions: 4->4(4)
[0.623s][info ][gc,heap        ] GC(2) Old regions: 37->59
[0.623s][info ][gc,heap        ] GC(2) Archive regions: 0->0
[0.623s][info ][gc,heap        ] GC(2) Humongous regions: 50->50
[0.623s][info ][gc,metaspace   ] GC(2) Metaspace: 492K(640K)->492K(640K) NonClass: 455K(512K)->455K(512K) Class: 37K(128K)->37K(128K)
[0.623s][debug][gc,heap        ] GC(2) Heap after GC invocations=3 (full 0):
[0.623s][debug][gc,heap        ] GC(2)  garbage-first heap   total 524288K, used 115712K [0x00000000e0000000, 0x0000000100000000)
[0.623s][debug][gc,heap        ] GC(2)   region size 1024K, 4 young (4096K), 4 survivors (4096K)
[0.623s][debug][gc,heap        ] GC(2)  Metaspace       used 492K, committed 640K, reserved 1056768K
[0.623s][debug][gc,heap        ] GC(2)   class space    used 37K, committed 128K, reserved 1048576K
[0.623s][info ][gc             ] GC(2) Pause Young (Normal) (G1 Evacuation Pause) 112M->113M(512M) 45.041ms
[0.623s][info ][gc,cpu         ] GC(2) User=0.17s Sys=0.02s Real=0.04s
[0.625s][debug][gc,refine      ] Deactivated worker 0, off threshold: 1361, current: 1280, refined cards: 2111
[0.627s][debug][gc,refine      ] Activated worker 0, on threshold: 1873, current: 2048
[0.629s][debug][gc,refine      ] Deactivated worker 0, off threshold: 1361, current: 1280, refined cards: 768
[0.644s][debug][gc,task,start  ] G1 Service Thread (Remembered Set Sampling Task) (run)
[0.644s][debug][gc,task        ] G1 Service Thread (Remembered Set Sampling Task) (run) 0.087ms (cpu: 0.000ms)
[0.646s][debug][gc,refine      ] Activated worker 0, on threshold: 1873, current: 3072
[0.646s][debug][gc,refine      ] Activated worker 1, on threshold: 2722, current: 6400
[0.646s][debug][gc,refine      ] Activated worker 2, on threshold: 3403, current: 6144
[0.646s][debug][gc,refine      ] Activated worker 3, on threshold: 4083, current: 5888
[0.647s][debug][gc,refine      ] Deactivated worker 3, off threshold: 3402, current: 3072, refined cards: 768
[0.647s][debug][gc,refine      ] Deactivated worker 2, off threshold: 2722, current: 2560, refined cards: 1024
[0.647s][debug][gc,refine      ] Activated worker 2, on threshold: 3403, current: 6144
[0.647s][debug][gc,refine      ] Activated worker 3, on threshold: 4083, current: 6400
[0.648s][debug][gc,refine      ] Deactivated worker 3, off threshold: 3402, current: 3328, refined cards: 768
[0.648s][debug][gc,refine      ] Activated worker 3, on threshold: 4083, current: 5888
[0.649s][debug][gc,refine      ] Deactivated worker 3, off threshold: 3402, current: 2816, refined cards: 768
[0.649s][debug][gc,refine      ] Activated worker 3, on threshold: 4083, current: 6144
[0.650s][debug][gc,refine      ] Deactivated worker 3, off threshold: 3402, current: 3072, refined cards: 768
[0.650s][debug][gc,refine      ] Activated worker 3, on threshold: 4083, current: 6144
[0.652s][debug][gc,refine      ] Deactivated worker 2, off threshold: 2722, current: 2048, refined cards: 5120
[0.652s][debug][gc,refine      ] Deactivated worker 1, off threshold: 2041, current: 1792, refined cards: 5632
[0.652s][debug][gc,refine      ] Deactivated worker 3, off threshold: 3402, current: 1792, refined cards: 256
[0.652s][debug][gc,refine      ] Activated worker 1, on threshold: 2722, current: 6400
[0.652s][debug][gc,refine      ] Activated worker 2, on threshold: 3403, current: 6144
[0.653s][debug][gc,refine      ] Activated worker 3, on threshold: 4083, current: 4608
[0.653s][debug][gc,refine      ] Deactivated worker 3, off threshold: 3402, current: 2560, refined cards: 512
[0.653s][debug][gc,refine      ] Deactivated worker 2, off threshold: 2722, current: 2560, refined cards: 1024
[0.654s][debug][gc,refine      ] Activated worker 2, on threshold: 3403, current: 4608
[0.654s][debug][gc,refine      ] Activated worker 3, on threshold: 4083, current: 4096
[0.654s][debug][gc,refine      ] Deactivated worker 3, off threshold: 3402, current: 3072, refined cards: 256
[0.654s][debug][gc,refine      ] Deactivated worker 2, off threshold: 2722, current: 2560, refined cards: 512
[0.655s][debug][gc,refine      ] Deactivated worker 1, off threshold: 2041, current: 1536, refined cards: 2816
[0.656s][debug][gc,refine      ] Deactivated worker 0, off threshold: 1361, current: 1280, refined cards: 10752
[0.659s][debug][gc,refine      ] Activated worker 0, on threshold: 1873, current: 2048
[0.660s][debug][gc,refine      ] Deactivated worker 0, off threshold: 1361, current: 1280, refined cards: 1024
[0.663s][debug][gc,refine      ] Activated worker 0, on threshold: 1873, current: 2048
[0.664s][debug][gc,refine      ] Deactivated worker 0, off threshold: 1361, current: 1280, refined cards: 1024
[0.667s][debug][gc,refine      ] Activated worker 0, on threshold: 1873, current: 2048
[0.668s][debug][gc,refine      ] Deactivated worker 0, off threshold: 1361, current: 1280, refined cards: 768
[0.670s][debug][gc,refine      ] Activated worker 0, on threshold: 1873, current: 2048
[0.671s][debug][gc,refine      ] Deactivated worker 0, off threshold: 1361, current: 1280, refined cards: 768
[0.673s][debug][gc,refine      ] Activated worker 0, on threshold: 1873, current: 2048
[0.675s][debug][gc,refine      ] Deactivated worker 0, off threshold: 1361, current: 1280, refined cards: 1024
[0.678s][debug][gc,refine      ] Activated worker 0, on threshold: 1873, current: 2048
[0.679s][debug][gc,refine      ] Deactivated worker 0, off threshold: 1361, current: 1280, refined cards: 1024
[0.681s][debug][gc,refine      ] Activated worker 0, on threshold: 1873, current: 2048
[0.683s][debug][gc,refine      ] Deactivated worker 0, off threshold: 1361, current: 1280, refined cards: 768
[0.685s][debug][gc,refine      ] Activated worker 0, on threshold: 1873, current: 2048
[0.686s][debug][gc,refine      ] Deactivated worker 0, off threshold: 1361, current: 1280, refined cards: 1024
[0.688s][debug][gc,refine      ] Activated worker 0, on threshold: 1873, current: 2048
[0.690s][debug][gc,refine      ] Deactivated worker 0, off threshold: 1361, current: 1280, refined cards: 1024
[0.692s][debug][gc,heap        ] GC(3) Heap before GC invocations=3 (full 0):
[0.692s][debug][gc,heap        ] GC(3)  garbage-first heap   total 524288K, used 161792K [0x00000000e0000000, 0x0000000100000000)
[0.692s][debug][gc,heap        ] GC(3)   region size 1024K, 25 young (25600K), 4 survivors (4096K)
[0.692s][debug][gc,heap        ] GC(3)  Metaspace       used 492K, committed 640K, reserved 1056768K
[0.692s][debug][gc,heap        ] GC(3)   class space    used 37K, committed 128K, reserved 1048576K
[0.692s][info ][gc,start       ] GC(3) Pause Young (Normal) (G1 Evacuation Pause)
[0.692s][info ][gc,task        ] GC(3) Using 4 workers of 4 for evacuation
[0.692s][debug][gc,tlab        ] GC(3) TLAB totals: thrds: 1  refills: 84 max: 84 slow allocs: 1 max 1 waste:  0.2% gc: 0B max: 0B slow: 48384B max: 48384B
[0.692s][debug][gc,age         ] GC(3) Desired survivor size 2097152 bytes, new threshold 1 (max threshold 15)
[0.692s][debug][gc,refine,stats] GC(3) Mutator refinement: 7.93ms, refined: 1536, precleaned: 0, dirtied: 42779
[0.692s][debug][gc,refine,stats] GC(3) Concurrent refinement: 45.73ms, refined: 41989, precleaned: 0, dirtied: 0
[0.692s][debug][gc,refine,stats] GC(3) Total refinement: 53.67ms, refined: 43525, precleaned: 0, dirtied: 42779
[0.692s][debug][gc,refine,stats] GC(3) Concurrent refinement rate: 811.04 cards/ms
[0.692s][debug][gc,refine,stats] GC(3) Generate dirty cards rate: 582.93 cards/ms
[0.692s][debug][gc,alloc,region] GC(3) Mutator Allocation stats, regions: 21, wasted size: 0B ( 0.0%)
[0.692s][debug][gc,humongous   ] GC(3) Humongous region 0 (object size 640280 @ 0x00000000e0000000) remset 0 code roots 0 marked 0 reclaim candidate 0 type array 0
[0.692s][debug][gc,humongous   ] GC(3) Humongous region 2 (object size 1440600 @ 0x00000000e0200000) remset 0 code roots 0 marked 0 reclaim candidate 0 type array 0
[0.692s][debug][gc,humongous   ] GC(3) Humongous region 4 (object size 2160888 @ 0x00000000e0400000) remset 0 code roots 0 marked 0 reclaim candidate 0 type array 0
[0.692s][debug][gc,humongous   ] GC(3) Humongous region 1 (object size 960408 @ 0x00000000e0100000) remset 0 code roots 0 marked 0 reclaim candidate 0 type array 0
[0.692s][debug][gc,humongous   ] GC(3) Humongous region 7 (object size 3241320 @ 0x00000000e0700000) remset 0 code roots 0 marked 0 reclaim candidate 0 type array 0
[0.692s][debug][gc,humongous   ] GC(3) Humongous region 11 (object size 4861968 @ 0x00000000e0b00000) remset 0 code roots 0 marked 0 reclaim candidate 0 type array 0
[0.692s][debug][gc,humongous   ] GC(3) Humongous region 32 (object size 7292936 @ 0x00000000e2000000) remset 0 code roots 0 marked 0 reclaim candidate 0 type array 0
[0.692s][debug][gc,humongous   ] GC(3) Humongous region 39 (object size 10939400 @ 0x00000000e2700000) remset 1 code roots 0 marked 0 reclaim candidate 0 type array 0
[0.692s][debug][gc,humongous   ] GC(3) Humongous region 71 (object size 16409088 @ 0x00000000e4700000) remset 1 code roots 0 marked 0 reclaim candidate 0 type array 0
[0.692s][debug][gc,humongous   ] GC(3) Humongous region 109 (object size 24613616 @ 0x00000000e6d00000) remset 1 code roots 0 marked 0 reclaim candidate 0 type array 0
[0.693s][debug][gc,ergo        ] GC(3) Running G1 Merge Heap Roots using 4 workers for 25 regions
[0.693s][debug][gc,remset      ] GC(3) Visited cards 18688 Total dirty 28672 (65.18%) Total old 374784 (4.99%)
[0.736s][debug][gc,ref         ] GC(3) Skipped phase 1 of Reference Processing: no references
[0.736s][debug][gc,ref         ] GC(3) Skipped phase 2 of Reference Processing: no references
[0.736s][debug][gc,ref         ] GC(3) Skipped phase 3 of Reference Processing: no references
[0.736s][debug][gc,ref         ] GC(3) Skipped phase 4 of Reference Processing: no references
[0.736s][debug][gc,ergo        ] GC(3) Running G1 Rebuild Free List Task using 4 workers for rebuilding free list of regions
[0.736s][debug][gc,plab        ] GC(3) Young PLAB allocation: allocated: 4194304B, wasted: 384B, unused: 0B, used: 4193920B, undo waste: 0B, 
[0.736s][debug][gc,plab        ] GC(3) Young other allocation: region end waste: 0B, regions filled: 4, direct allocated: 0B, failure used: 0B, failure wasted: 0B
[0.736s][debug][gc,plab        ] GC(3) Young sizing: calculated: 838784B, actual: 838592B
[0.736s][debug][gc,plab        ] GC(3) Old PLAB allocation: allocated: 23068672B, wasted: 640B, unused: 1096512B, used: 21971520B, undo waste: 0B, 
[0.736s][debug][gc,plab        ] GC(3) Old other allocation: region end waste: 0B, regions filled: 22, direct allocated: 0B, failure used: 0B, failure wasted: 0B
[0.736s][debug][gc,plab        ] GC(3) Old sizing: calculated: 4394304B, actual: 4375256B
[0.736s][debug][gc,ergo,heap   ] GC(3) Heap expansion: short term pause time ratio 39.07% long term pause time ratio 14.95% threshold 7.69% pause time ratio 7.69% fully expanded true resize by 0B
[0.736s][debug][gc,mmu         ] GC(3) MMU: 85.2ms (200.0ms/201.0ms)
[0.737s][debug][gc,alloc,stats ] Old generation allocation in the last mutator period, old gen allocated: 23068672B, humongous allocated: 25165824B,old gen growth: 48234496B.
[0.737s][debug][gc,ihop        ] GC(3) Basic information (value update), threshold: 241591910B (45.00), target occupancy: 536870912B, current occupancy: 166723584B, recent allocation size: 48234496B, recent allocation duration: 73.39ms, recent old gen allocation rate: 657272878.40B/s, recent marking phase length: 0.00ms
[0.737s][debug][gc,ihop        ] GC(3) Adaptive IHOP information (value update), threshold: 241591910B (52.94), internal target occupancy: 456340275B, occupancy: 166723584B, additional buffer size: 26214400B, predicted old gen allocation rate: 279839524.47B/s, predicted marking phase length: 0.00ms, prediction active: false
[0.737s][debug][gc,ergo,refine ] GC(3) Concurrent refinement times: Logged Cards Scan time goal: 20.00ms Logged Cards Scan time: 0.71ms HCC time: 0.00ms
[0.737s][debug][gc,ergo,refine ] GC(3) Updated Refinement Zones: green: 1497, yellow: 4491, red: 7485
[0.737s][debug][gc,refine      ] Activated worker 0, on threshold: 2009, current: 2870
[0.737s][info ][gc,phases      ] GC(3)   Pre Evacuate Collection Set: 0.5ms
[0.737s][debug][gc,phases      ] GC(3)     Prepare TLABs: 0.0ms
[0.737s][debug][gc,phases      ] GC(3)     Concatenate Dirty Card Logs: 0.0ms
[0.737s][debug][gc,phases      ] GC(3)     Choose Collection Set: 0.0ms
[0.737s][debug][gc,phases      ] GC(3)     Region Register: 0.5ms
[0.737s][debug][gc,phases      ] GC(3)     Prepare Heap Roots: 0.0ms
[0.737s][info ][gc,phases      ] GC(3)   Merge Heap Roots: 0.2ms
[0.737s][debug][gc,phases      ] GC(3)     Prepare Merge Heap Roots: 0.0ms
[0.737s][debug][gc,phases      ] GC(3)     Eager Reclaim (ms):            skipped
[0.737s][debug][gc,phases      ] GC(3)     Remembered Sets (ms):          Min:  0.0, Avg:  0.0, Max:  0.0, Diff:  0.0, Sum:  0.2, Workers: 4
[0.737s][debug][gc,phases      ] GC(3)       Merged Sparse:                 Min: 0, Avg:  1.3, Max: 3, Diff: 3, Sum: 5, Workers: 4
[0.737s][debug][gc,phases      ] GC(3)       Merged Fine:                   Min: 9, Avg: 12.0, Max: 21, Diff: 12, Sum: 48, Workers: 4
[0.737s][debug][gc,phases      ] GC(3)       Merged Coarse:                 Min: 0, Avg:  0.0, Max: 0, Diff: 0, Sum: 0, Workers: 4
[0.737s][debug][gc,phases      ] GC(3)       Dirty Cards:                   Min: 3570, Avg: 3707.5, Max: 3885, Diff: 315, Sum: 14830, Workers: 4
[0.737s][debug][gc,phases      ] GC(3)     Hot Card Cache (ms):           Min:  0.0, Avg:  0.0, Max:  0.0, Diff:  0.0, Sum:  0.0, Workers: 4
[0.737s][debug][gc,phases      ] GC(3)       Dirty Cards:                   Min: 0, Avg:  0.0, Max: 0, Diff: 0, Sum: 0, Workers: 4
[0.737s][debug][gc,phases      ] GC(3)       Skipped Cards:                 Min: 0, Avg:  0.0, Max: 0, Diff: 0, Sum: 0, Workers: 4
[0.737s][debug][gc,phases      ] GC(3)     Log Buffers (ms):              Min:  0.0, Avg:  0.0, Max:  0.0, Diff:  0.0, Sum:  0.0, Workers: 4
[0.737s][debug][gc,phases      ] GC(3)       Dirty Cards:                   Min: 275, Avg: 446.8, Max: 504, Diff: 229, Sum: 1787, Workers: 4
[0.737s][debug][gc,phases      ] GC(3)       Skipped Cards:                 Min: 0, Avg:  0.0, Max: 0, Diff: 0, Sum: 0, Workers: 4
[0.737s][info ][gc,phases      ] GC(3)   Evacuate Collection Set: 43.1ms
[0.737s][debug][gc,phases      ] GC(3)     Ext Root Scanning (ms):        Min:  0.0, Avg:  0.0, Max:  0.0, Diff:  0.0, Sum:  0.0, Workers: 4
[0.737s][debug][gc,phases      ] GC(3)     Scan Heap Roots (ms):          Min:  6.0, Avg:  6.6, Max:  7.3, Diff:  1.3, Sum: 26.2, Workers: 4
[0.737s][debug][gc,phases      ] GC(3)       Scanned Cards:                 Min: 3330, Avg: 4169.3, Max: 5173, Diff: 1843, Sum: 16677, Workers: 4
[0.738s][debug][gc,phases      ] GC(3)       Scanned Blocks:                Min: 15, Avg: 18.3, Max: 22, Diff: 7, Sum: 73, Workers: 4
[0.738s][debug][gc,phases      ] GC(3)       Claimed Chunks:                Min: 15, Avg: 18.3, Max: 22, Diff: 7, Sum: 73, Workers: 4
[0.738s][debug][gc,phases      ] GC(3)     Code Root Scan (ms):           Min:  0.0, Avg:  0.0, Max:  0.0, Diff:  0.0, Sum:  0.0, Workers: 4
[0.738s][debug][gc,phases      ] GC(3)     Object Copy (ms):              Min: 35.8, Avg: 36.5, Max: 37.1, Diff:  1.3, Sum: 146.0, Workers: 4
[0.738s][debug][gc,phases      ] GC(3)     Termination (ms):              Min:  0.0, Avg:  0.0, Max:  0.0, Diff:  0.0, Sum:  0.0, Workers: 4
[0.738s][debug][gc,phases      ] GC(3)       Termination Attempts:          Min: 1, Avg: 34.0, Max: 53, Diff: 52, Sum: 136, Workers: 4
[0.738s][debug][gc,phases      ] GC(3)     GC Worker Other (ms):          Min:  0.0, Avg:  0.0, Max:  0.0, Diff:  0.0, Sum:  0.1, Workers: 4
[0.738s][debug][gc,phases      ] GC(3)     GC Worker Total (ms):          Min: 43.1, Avg: 43.1, Max: 43.1, Diff:  0.0, Sum: 172.4, Workers: 4
[0.738s][info ][gc,phases      ] GC(3)   Post Evacuate Collection Set: 0.4ms
[0.738s][debug][gc,phases      ] GC(3)     Code Roots Fixup: 0.0ms
[0.738s][debug][gc,phases      ] GC(3)     Reference Processing: 0.1ms
[0.738s][debug][gc,phases,ref  ] GC(3)       Reconsider SoftReferences: 0.1ms
[0.738s][debug][gc,phases,ref  ] GC(3)         SoftRef (ms):                  skipped
[0.738s][debug][gc,phases,ref  ] GC(3)       Notify Soft/WeakReferences: 0.0ms
[0.738s][debug][gc,phases,ref  ] GC(3)         SoftRef (ms):                  skipped
[0.738s][debug][gc,phases,ref  ] GC(3)         WeakRef (ms):                  skipped
[0.738s][debug][gc,phases,ref  ] GC(3)         FinalRef (ms):                 skipped
[0.738s][debug][gc,phases,ref  ] GC(3)         Total (ms):                    skipped
[0.738s][debug][gc,phases,ref  ] GC(3)       Notify and keep alive finalizable: 0.0ms
[0.738s][debug][gc,phases,ref  ] GC(3)         FinalRef (ms):                 skipped
[0.738s][debug][gc,phases,ref  ] GC(3)       Notify PhantomReferences: 0.0ms
[0.738s][debug][gc,phases,ref  ] GC(3)         PhantomRef (ms):               skipped
[0.738s][debug][gc,phases,ref  ] GC(3)       SoftReference:
[0.738s][debug][gc,phases,ref  ] GC(3)         Discovered: 0
[0.738s][debug][gc,phases,ref  ] GC(3)         Cleared: 0
[0.738s][debug][gc,phases,ref  ] GC(3)       WeakReference:
[0.738s][debug][gc,phases,ref  ] GC(3)         Discovered: 0
[0.738s][debug][gc,phases,ref  ] GC(3)         Cleared: 0
[0.738s][debug][gc,phases,ref  ] GC(3)       FinalReference:
[0.738s][debug][gc,phases,ref  ] GC(3)         Discovered: 0
[0.738s][debug][gc,phases,ref  ] GC(3)         Cleared: 0
[0.738s][debug][gc,phases,ref  ] GC(3)       PhantomReference:
[0.738s][debug][gc,phases,ref  ] GC(3)         Discovered: 0
[0.738s][debug][gc,phases,ref  ] GC(3)         Cleared: 0
[0.738s][debug][gc,phases      ] GC(3)     Weak Processing: 0.0ms
[0.738s][debug][gc,phases      ] GC(3)       VM Weak                        Min:  0.0, Avg:  0.0, Max:  0.0, Diff:  0.0, Sum:  0.0, Workers: 3
[0.739s][debug][gc,phases      ] GC(3)         Dead                           Min: 0, Avg:  0.0, Max: 0, Diff: 0, Sum: 0, Workers: 3
[0.739s][debug][gc,phases      ] GC(3)         Total                          Min: 0, Avg:  4.7, Max: 14, Diff: 14, Sum: 14, Workers: 3
[0.739s][debug][gc,phases      ] GC(3)       ObjectSynchronizer Weak        Min:  0.0, Avg:  0.0, Max:  0.0, Diff:  0.0, Sum:  0.0, Workers: 3
[0.739s][debug][gc,phases      ] GC(3)         Dead                           Min: 0, Avg:  0.0, Max: 0, Diff: 0, Sum: 0, Workers: 3
[0.739s][debug][gc,phases      ] GC(3)         Total                          Min: 0, Avg:  1.0, Max: 3, Diff: 3, Sum: 3, Workers: 3
[0.739s][debug][gc,phases      ] GC(3)       JVMTI Tag Weak OopStorage      Min:  0.0, Avg:  0.0, Max:  0.0, Diff:  0.0, Sum:  0.0, Workers: 3
[0.739s][debug][gc,phases      ] GC(3)         Dead                           Min: 0, Avg:  0.0, Max: 0, Diff: 0, Sum: 0, Workers: 3
[0.739s][debug][gc,phases      ] GC(3)         Total                          Min: 0, Avg:  0.0, Max: 0, Diff: 0, Sum: 0, Workers: 3
[0.739s][debug][gc,phases      ] GC(3)       StringTable Weak               Min:  0.0, Avg:  0.0, Max:  0.0, Diff:  0.0, Sum:  0.0, Workers: 3
[0.739s][debug][gc,phases      ] GC(3)         Dead                           Min: 0, Avg:  0.0, Max: 0, Diff: 0, Sum: 0, Workers: 3
[0.739s][debug][gc,phases      ] GC(3)         Total                          Min: 704, Avg: 821.3, Max: 928, Diff: 224, Sum: 2464, Workers: 3
[0.739s][debug][gc,phases      ] GC(3)       ResolvedMethodTable Weak       Min:  0.0, Avg:  0.0, Max:  0.0, Diff:  0.0, Sum:  0.0, Workers: 3
[0.739s][debug][gc,phases      ] GC(3)         Dead                           Min: 0, Avg:  0.0, Max: 0, Diff: 0, Sum: 0, Workers: 3
[0.739s][debug][gc,phases      ] GC(3)         Total                          Min: 9, Avg: 45.7, Max: 64, Diff: 55, Sum: 137, Workers: 3
[0.739s][debug][gc,phases      ] GC(3)       JNI Weak                       Min:  0.0, Avg:  0.0, Max:  0.0, Diff:  0.0, Sum:  0.0, Workers: 3
[0.739s][debug][gc,phases      ] GC(3)         Dead                           Min: 0, Avg:  0.0, Max: 0, Diff: 0, Sum: 0, Workers: 3
[0.739s][debug][gc,phases      ] GC(3)         Total                          Min: 0, Avg:  0.0, Max: 0, Diff: 0, Sum: 0, Workers: 3
[0.739s][debug][gc,phases      ] GC(3)       StringDedup Table Weak         Min:  0.0, Avg:  0.0, Max:  0.0, Diff:  0.0, Sum:  0.0, Workers: 3
[0.739s][debug][gc,phases      ] GC(3)         Dead                           Min: 0, Avg:  0.0, Max: 0, Diff: 0, Sum: 0, Workers: 3
[0.739s][debug][gc,phases      ] GC(3)         Total                          Min: 0, Avg:  0.0, Max: 0, Diff: 0, Sum: 0, Workers: 3
[0.739s][debug][gc,phases      ] GC(3)       StringDedup Requests0 Weak     Min:  0.0, Avg:  0.0, Max:  0.0, Diff:  0.0, Sum:  0.0, Workers: 3
[0.739s][debug][gc,phases      ] GC(3)         Dead                           Min: 0, Avg:  0.0, Max: 0, Diff: 0, Sum: 0, Workers: 3
[0.739s][debug][gc,phases      ] GC(3)         Total                          Min: 0, Avg:  0.0, Max: 0, Diff: 0, Sum: 0, Workers: 3
[0.739s][debug][gc,phases      ] GC(3)       StringDedup Requests1 Weak     Min:  0.0, Avg:  0.0, Max:  0.0, Diff:  0.0, Sum:  0.0, Workers: 3
[0.739s][debug][gc,phases      ] GC(3)         Dead                           Min: 0, Avg:  0.0, Max: 0, Diff: 0, Sum: 0, Workers: 3
[0.739s][debug][gc,phases      ] GC(3)         Total                          Min: 0, Avg:  0.0, Max: 0, Diff: 0, Sum: 0, Workers: 3
[0.739s][debug][gc,phases      ] GC(3)       Weak JFR Old Object Samples    Min:  0.0, Avg:  0.0, Max:  0.0, Diff:  0.0, Sum:  0.0, Workers: 3
[0.739s][debug][gc,phases      ] GC(3)         Dead                           Min: 0, Avg:  0.0, Max: 0, Diff: 0, Sum: 0, Workers: 3
[0.739s][debug][gc,phases      ] GC(3)         Total                          Min: 0, Avg:  0.0, Max: 0, Diff: 0, Sum: 0, Workers: 3
[0.739s][debug][gc,phases      ] GC(3)     Post Evacuate Cleanup 1: 0.0ms
[0.739s][debug][gc,phases      ] GC(3)       Merge Per-Thread State (ms):   Min:  0.0, Avg:  0.0, Max:  0.0, Diff:  0.0, Sum:  0.0, Workers: 1
[0.740s][debug][gc,phases      ] GC(3)         Copied Bytes                   Min: 5693216, Avg: 6541360.0, Max: 7346544, Diff: 1653328, Sum: 26165440, Workers: 4
[0.740s][debug][gc,phases      ] GC(3)         LAB Waste                      Min: 176, Avg: 256.0, Max: 384, Diff: 208, Sum: 1024, Workers: 4
[0.740s][debug][gc,phases      ] GC(3)         LAB Undo Waste                 Min: 0, Avg:  0.0, Max: 0, Diff: 0, Sum: 0, Workers: 4
[0.740s][debug][gc,phases      ] GC(3)       Clear Logged Cards (ms):       Min:  0.0, Avg:  0.0, Max:  0.0, Diff:  0.0, Sum:  0.0, Workers: 3
[0.740s][debug][gc,phases      ] GC(3)       Recalculate Used Memory (ms):  Min:  0.0, Avg:  0.0, Max:  0.0, Diff:  0.0, Sum:  0.0, Workers: 1
[0.740s][debug][gc,phases      ] GC(3)     Post Evacuate Cleanup 2: 0.1ms
[0.740s][debug][gc,phases      ] GC(3)       Reset Hot Card Cache (ms):     Min:  0.0, Avg:  0.0, Max:  0.0, Diff:  0.0, Sum:  0.0, Workers: 1
[0.740s][debug][gc,phases      ] GC(3)       Purge Code Roots (ms):         Min:  0.0, Avg:  0.0, Max:  0.0, Diff:  0.0, Sum:  0.0, Workers: 1
[0.740s][debug][gc,phases      ] GC(3)       Update Derived Pointers (ms):  Min:  0.0, Avg:  0.0, Max:  0.0, Diff:  0.0, Sum:  0.0, Workers: 1
[0.740s][debug][gc,phases      ] GC(3)       Eagerly Reclaim Humongous Objects (ms): Min:  0.0, Avg:  0.0, Max:  0.0, Diff:  0.0, Sum:  0.0, Workers: 1
[0.740s][debug][gc,phases      ] GC(3)         Humongous Total                Min: 10, Avg: 10.0, Max: 10, Diff: 0, Sum: 10, Workers: 1
[0.740s][debug][gc,phases      ] GC(3)         Humongous Candidates           Min: 0, Avg:  0.0, Max: 0, Diff: 0, Sum: 0, Workers: 1
[0.740s][debug][gc,phases      ] GC(3)         Humongous Reclaimed            Min: 0, Avg:  0.0, Max: 0, Diff: 0, Sum: 0, Workers: 1
[0.740s][debug][gc,phases      ] GC(3)       Redirty Logged Cards (ms):     Min:  0.0, Avg:  0.0, Max:  0.0, Diff:  0.0, Sum:  0.0, Workers: 4
[0.740s][debug][gc,phases      ] GC(3)         Redirtied Cards:               Min: 0, Avg: 717.5, Max: 2357, Diff: 2357, Sum: 2870, Workers: 4
[0.740s][debug][gc,phases      ] GC(3)       Free Collection Set (ms):      Min:  0.0, Avg:  0.0, Max:  0.0, Diff:  0.0, Sum:  0.0, Workers: 4
[0.740s][debug][gc,phases      ] GC(3)     Rebuild Free List: 0.1ms
[0.740s][debug][gc,phases      ] GC(3)     Start New Collection Set: 0.0ms
[0.740s][debug][gc,phases      ] GC(3)     Resize TLABs: 0.0ms
[0.740s][debug][gc,phases      ] GC(3)     Expand Heap After Collection: 0.0ms
[0.740s][info ][gc,phases      ] GC(3)   Other: 0.9ms
[0.740s][info ][gc,heap        ] GC(3) Eden regions: 21->0(21)
[0.740s][info ][gc,heap        ] GC(3) Survivor regions: 4->4(4)
[0.740s][info ][gc,heap        ] GC(3) Old regions: 59->81
[0.740s][info ][gc,heap        ] GC(3) Archive regions: 0->0
[0.740s][info ][gc,heap        ] GC(3) Humongous regions: 74->74
[0.740s][info ][gc,metaspace   ] GC(3) Metaspace: 492K(640K)->492K(640K) NonClass: 455K(512K)->455K(512K) Class: 37K(128K)->37K(128K)
[0.740s][debug][gc,heap        ] GC(3) Heap after GC invocations=4 (full 0):
[0.740s][debug][gc,heap        ] GC(3)  garbage-first heap   total 524288K, used 162816K [0x00000000e0000000, 0x0000000100000000)
[0.740s][debug][gc,heap        ] GC(3)   region size 1024K, 4 young (4096K), 4 survivors (4096K)
[0.740s][debug][gc,heap        ] GC(3)  Metaspace       used 492K, committed 640K, reserved 1056768K
[0.740s][debug][gc,heap        ] GC(3)   class space    used 37K, committed 128K, reserved 1048576K
[0.740s][info ][gc             ] GC(3) Pause Young (Normal) (G1 Evacuation Pause) 158M->159M(512M) 48.644ms
[0.740s][info ][gc,cpu         ] GC(3) User=0.17s Sys=0.00s Real=0.05s
[0.743s][debug][gc,refine      ] Deactivated worker 0, off threshold: 1497, current: 1487, refined cards: 1639
[0.745s][debug][gc,refine      ] Activated worker 0, on threshold: 2009, current: 2255
[0.747s][debug][gc,refine      ] Deactivated worker 0, off threshold: 1497, current: 1281, refined cards: 1230
[0.749s][debug][gc,refine      ] Activated worker 0, on threshold: 2009, current: 2049
[0.750s][debug][gc,refine      ] Deactivated worker 0, off threshold: 1497, current: 1280, refined cards: 1025
[0.753s][debug][gc,refine      ] Activated worker 0, on threshold: 2009, current: 2048
[0.754s][debug][gc,refine      ] Deactivated worker 0, off threshold: 1497, current: 1280, refined cards: 1024
[0.756s][debug][gc,refine      ] Activated worker 0, on threshold: 2009, current: 2048
[0.757s][debug][gc,refine      ] Deactivated worker 0, off threshold: 1497, current: 1280, refined cards: 1024
[0.760s][debug][gc,refine      ] Activated worker 0, on threshold: 2009, current: 2048
[0.761s][debug][gc,refine      ] Deactivated worker 0, off threshold: 1497, current: 1280, refined cards: 1024
[0.763s][debug][gc,refine      ] Activated worker 0, on threshold: 2009, current: 2048
[0.764s][debug][gc,refine      ] Deactivated worker 0, off threshold: 1497, current: 1280, refined cards: 768
[0.794s][debug][gc,refine      ] Activated worker 0, on threshold: 2009, current: 2560
[0.794s][debug][gc,refine      ] Activated worker 1, on threshold: 2994, current: 7168
[0.794s][debug][gc,refine      ] Activated worker 2, on threshold: 3743, current: 6912
[0.794s][debug][gc,refine      ] Activated worker 3, on threshold: 4491, current: 6656
[0.795s][debug][gc,refine      ] Deactivated worker 3, off threshold: 3742, current: 3584, refined cards: 1280
[0.796s][debug][gc,refine      ] Deactivated worker 2, off threshold: 2994, current: 2816, refined cards: 1536
[0.796s][debug][gc,refine      ] Activated worker 2, on threshold: 3743, current: 7168
[0.796s][debug][gc,refine      ] Activated worker 3, on threshold: 4491, current: 6656
[0.797s][debug][gc,refine      ] Deactivated worker 3, off threshold: 3742, current: 3584, refined cards: 512
[0.797s][debug][gc,refine      ] Activated worker 3, on threshold: 4491, current: 6912
[0.798s][debug][gc,refine      ] Deactivated worker 3, off threshold: 3742, current: 2816, refined cards: 1024
[0.798s][debug][gc,refine      ] Deactivated worker 2, off threshold: 2994, current: 2304, refined cards: 2560
[0.799s][debug][gc,refine      ] Activated worker 2, on threshold: 3743, current: 7168
[0.800s][debug][gc,refine      ] Activated worker 3, on threshold: 4491, current: 3072
[0.800s][debug][gc,refine      ] Deactivated worker 3, off threshold: 3742, current: 2816, refined cards: 0
[0.800s][debug][gc,refine      ] Deactivated worker 2, off threshold: 2994, current: 2560, refined cards: 1536
[0.800s][debug][gc,refine      ] Activated worker 2, on threshold: 3743, current: 7168
[0.801s][debug][gc,refine      ] Activated worker 3, on threshold: 4491, current: 4864
[0.801s][debug][gc,refine      ] Deactivated worker 3, off threshold: 3742, current: 3584, refined cards: 256
[0.802s][debug][gc,refine      ] Activated worker 3, on threshold: 4491, current: 6656
[0.802s][debug][gc,refine      ] Deactivated worker 3, off threshold: 3742, current: 3584, refined cards: 768
[0.803s][debug][gc,refine      ] Deactivated worker 2, off threshold: 2994, current: 2816, refined cards: 2048
[0.803s][debug][gc,refine      ] Activated worker 2, on threshold: 3743, current: 4608
[0.804s][debug][gc,refine      ] Deactivated worker 2, off threshold: 2994, current: 2560, refined cards: 768
[0.804s][debug][gc,refine      ] Activated worker 3, on threshold: 4491, current: 2304
[0.804s][debug][gc,refine      ] Deactivated worker 3, off threshold: 3742, current: 2304, refined cards: 0
[0.804s][debug][gc,refine      ] Deactivated worker 1, off threshold: 2245, current: 1792, refined cards: 10240
[0.805s][debug][gc,refine      ] Activated worker 1, on threshold: 2994, current: 7168
[0.805s][debug][gc,refine      ] Activated worker 2, on threshold: 3743, current: 6912
[0.805s][debug][gc,refine      ] Activated worker 3, on threshold: 4491, current: 6400
[0.806s][debug][gc,refine      ] Deactivated worker 3, off threshold: 3742, current: 3584, refined cards: 512
[0.806s][debug][gc,refine      ] Deactivated worker 2, off threshold: 2994, current: 2816, refined cards: 1280
[0.806s][debug][gc,refine      ] Activated worker 2, on threshold: 3743, current: 7168
[0.806s][debug][gc,refine      ] Activated worker 3, on threshold: 4491, current: 6656
[0.807s][debug][gc,refine      ] Deactivated worker 3, off threshold: 3742, current: 3584, refined cards: 768
[0.809s][debug][gc,refine      ] Deactivated worker 2, off threshold: 2994, current: 2304, refined cards: 1792
[0.809s][debug][gc,refine      ] Deactivated worker 1, off threshold: 2245, current: 1792, refined cards: 3840
[0.810s][debug][gc,refine      ] Deactivated worker 0, off threshold: 1497, current: 1280, refined cards: 16384
[0.813s][debug][gc,refine      ] Activated worker 0, on threshold: 2009, current: 2048
[0.814s][debug][gc,refine      ] Deactivated worker 0, off threshold: 1497, current: 1280, refined cards: 768
[0.817s][debug][gc,refine      ] Activated worker 0, on threshold: 2009, current: 2048
[0.818s][debug][gc,refine      ] Deactivated worker 0, off threshold: 1497, current: 1280, refined cards: 768
[0.820s][debug][gc,refine      ] Activated worker 0, on threshold: 2009, current: 2048
[0.821s][debug][gc,refine      ] Deactivated worker 0, off threshold: 1497, current: 1280, refined cards: 768
[0.837s][debug][gc,refine      ] Activated worker 0, on threshold: 2009, current: 2048
[0.837s][debug][gc,refine      ] Deactivated worker 0, off threshold: 1497, current: 1280, refined cards: 768
[0.838s][debug][gc,heap        ] GC(4) Heap before GC invocations=4 (full 0):
[0.838s][debug][gc,heap        ] GC(4)  garbage-first heap   total 524288K, used 221184K [0x00000000e0000000, 0x0000000100000000)
[0.838s][debug][gc,heap        ] GC(4)   region size 1024K, 25 young (25600K), 4 survivors (4096K)
[0.838s][debug][gc,heap        ] GC(4)  Metaspace       used 493K, committed 640K, reserved 1056768K
[0.838s][debug][gc,heap        ] GC(4)   class space    used 37K, committed 128K, reserved 1048576K
[0.838s][info ][gc,start       ] GC(4) Pause Young (Normal) (G1 Evacuation Pause)
[0.838s][info ][gc,task        ] GC(4) Using 4 workers of 4 for evacuation
[0.838s][debug][gc,tlab        ] GC(4) TLAB totals: thrds: 1  refills: 84 max: 84 slow allocs: 1 max 1 waste:  0.2% gc: 0B max: 0B slow: 48384B max: 48384B
[0.838s][debug][gc,age         ] GC(4) Desired survivor size 2097152 bytes, new threshold 1 (max threshold 15)
[0.838s][debug][gc,refine,stats] GC(4) Mutator refinement: 11.63ms, refined: 2048, precleaned: 0, dirtied: 58500
[0.838s][debug][gc,refine,stats] GC(4) Concurrent refinement: 61.68ms, refined: 57910, precleaned: 0, dirtied: 0
[0.838s][debug][gc,refine,stats] GC(4) Total refinement: 73.31ms, refined: 59958, precleaned: 0, dirtied: 58500
[0.838s][debug][gc,refine,stats] GC(4) Concurrent refinement rate: 817.87 cards/ms
[0.838s][debug][gc,refine,stats] GC(4) Generate dirty cards rate: 577.64 cards/ms
[0.838s][debug][gc,alloc,region] GC(4) Mutator Allocation stats, regions: 21, wasted size: 0B ( 0.0%)
[0.838s][debug][gc,humongous   ] GC(4) Humongous region 0 (object size 640280 @ 0x00000000e0000000) remset 0 code roots 0 marked 0 reclaim candidate 0 type array 0
[0.838s][debug][gc,humongous   ] GC(4) Humongous region 155 (object size 36920416 @ 0x00000000e9b00000) remset 1 code roots 0 marked 0 reclaim candidate 0 type array 0
[0.838s][debug][gc,humongous   ] GC(4) Humongous region 2 (object size 1440600 @ 0x00000000e0200000) remset 0 code roots 0 marked 0 reclaim candidate 0 type array 0
[0.838s][debug][gc,humongous   ] GC(4) Humongous region 1 (object size 960408 @ 0x00000000e0100000) remset 0 code roots 0 marked 0 reclaim candidate 0 type array 0
[0.838s][debug][gc,humongous   ] GC(4) Humongous region 4 (object size 2160888 @ 0x00000000e0400000) remset 0 code roots 0 marked 0 reclaim candidate 0 type array 0
[0.838s][debug][gc,humongous   ] GC(4) Humongous region 7 (object size 3241320 @ 0x00000000e0700000) remset 0 code roots 0 marked 0 reclaim candidate 0 type array 0
[0.838s][debug][gc,humongous   ] GC(4) Humongous region 11 (object size 4861968 @ 0x00000000e0b00000) remset 0 code roots 0 marked 0 reclaim candidate 0 type array 0
[0.838s][debug][gc,humongous   ] GC(4) Humongous region 32 (object size 7292936 @ 0x00000000e2000000) remset 0 code roots 0 marked 0 reclaim candidate 0 type array 0
[0.838s][debug][gc,humongous   ] GC(4) Humongous region 39 (object size 10939400 @ 0x00000000e2700000) remset 1 code roots 0 marked 0 reclaim candidate 0 type array 0
[0.838s][debug][gc,humongous   ] GC(4) Humongous region 71 (object size 16409088 @ 0x00000000e4700000) remset 1 code roots 0 marked 0 reclaim candidate 0 type array 0
[0.838s][debug][gc,humongous   ] GC(4) Humongous region 109 (object size 24613616 @ 0x00000000e6d00000) remset 1 code roots 0 marked 0 reclaim candidate 0 type array 0
[0.838s][debug][gc,ergo        ] GC(4) Running G1 Merge Heap Roots using 4 workers for 25 regions
[0.838s][debug][gc,remset      ] GC(4) Visited cards 23808 Total dirty 38912 (61.18%) Total old 493568 (4.82%)
[0.869s][debug][gc,ref         ] GC(4) Skipped phase 1 of Reference Processing: no references
[0.869s][debug][gc,ref         ] GC(4) Skipped phase 2 of Reference Processing: no references
[0.869s][debug][gc,ref         ] GC(4) Skipped phase 3 of Reference Processing: no references
[0.869s][debug][gc,ref         ] GC(4) Skipped phase 4 of Reference Processing: no references
[0.869s][debug][gc,ergo        ] GC(4) Running G1 Rebuild Free List Task using 4 workers for rebuilding free list of regions
[0.869s][debug][gc,plab        ] GC(4) Young PLAB allocation: allocated: 4194304B, wasted: 384B, unused: 0B, used: 4193920B, undo waste: 0B, 
[0.869s][debug][gc,plab        ] GC(4) Young other allocation: region end waste: 0B, regions filled: 4, direct allocated: 0B, failure used: 0B, failure wasted: 0B
[0.869s][debug][gc,plab        ] GC(4) Young sizing: calculated: 838784B, actual: 838736B
[0.869s][debug][gc,plab        ] GC(4) Old PLAB allocation: allocated: 15728640B, wasted: 416B, unused: 1526240B, used: 14201984B, undo waste: 0B, 
[0.869s][debug][gc,plab        ] GC(4) Old other allocation: region end waste: 0B, regions filled: 15, direct allocated: 0B, failure used: 0B, failure wasted: 0B
[0.869s][debug][gc,plab        ] GC(4) Old sizing: calculated: 2840392B, actual: 3224104B
[0.869s][debug][gc,ergo,heap   ] GC(4) Heap expansion: short term pause time ratio 37.81% long term pause time ratio 18.84% threshold 7.69% pause time ratio 7.69% fully expanded true resize by 0B
[0.869s][debug][gc,mmu         ] GC(4) MMU: 76.1ms (200.0ms/201.0ms)
[0.869s][debug][gc,alloc,stats ] Old generation allocation in the last mutator period, old gen allocated: 15728640B, humongous allocated: 37748736B,old gen growth: 53477376B.
[0.869s][debug][gc,ihop        ] GC(4) Basic information (value update), threshold: 241591910B (45.00), target occupancy: 536870912B, current occupancy: 220200960B, recent allocation size: 53477376B, recent allocation duration: 101.27ms, recent old gen allocation rate: 528050098.10B/s, recent marking phase length: 0.00ms
[0.869s][debug][gc,ihop        ] GC(4) Adaptive IHOP information (value update), threshold: 241591910B (52.94), internal target occupancy: 456340275B, occupancy: 220200960B, additional buffer size: 26214400B, predicted old gen allocation rate: 301855194.57B/s, predicted marking phase length: 0.00ms, prediction active: false
[0.869s][debug][gc,ergo,refine ] GC(4) Concurrent refinement times: Logged Cards Scan time goal: 20.00ms Logged Cards Scan time: 0.35ms HCC time: 0.00ms
[0.869s][debug][gc,ergo,refine ] GC(4) Updated Refinement Zones: green: 1497, yellow: 4491, red: 7485
[0.869s][debug][gc,refine      ] Activated worker 0, on threshold: 2009, current: 2051
[0.869s][info ][gc,phases      ] GC(4)   Pre Evacuate Collection Set: 0.5ms
[0.869s][debug][gc,phases      ] GC(4)     Prepare TLABs: 0.0ms
[0.870s][debug][gc,phases      ] GC(4)     Concatenate Dirty Card Logs: 0.0ms
[0.870s][debug][gc,phases      ] GC(4)     Choose Collection Set: 0.0ms
[0.870s][debug][gc,phases      ] GC(4)     Region Register: 0.5ms
[0.870s][debug][gc,phases      ] GC(4)     Prepare Heap Roots: 0.0ms
[0.870s][info ][gc,phases      ] GC(4)   Merge Heap Roots: 0.2ms
[0.870s][debug][gc,phases      ] GC(4)     Prepare Merge Heap Roots: 0.0ms
[0.870s][debug][gc,phases      ] GC(4)     Eager Reclaim (ms):            skipped
[0.870s][debug][gc,phases      ] GC(4)     Remembered Sets (ms):          Min:  0.0, Avg:  0.0, Max:  0.0, Diff:  0.0, Sum:  0.2, Workers: 4
[0.870s][debug][gc,phases      ] GC(4)       Merged Sparse:                 Min: 0, Avg:  0.8, Max: 3, Diff: 3, Sum: 3, Workers: 4
[0.870s][debug][gc,phases      ] GC(4)       Merged Fine:                   Min: 11, Avg: 13.5, Max: 17, Diff: 6, Sum: 54, Workers: 4
[0.870s][debug][gc,phases      ] GC(4)       Merged Coarse:                 Min: 0, Avg:  0.0, Max: 0, Diff: 0, Sum: 0, Workers: 4
[0.870s][debug][gc,phases      ] GC(4)       Dirty Cards:                   Min: 4661, Avg: 4942.0, Max: 5103, Diff: 442, Sum: 19768, Workers: 4
[0.870s][debug][gc,phases      ] GC(4)     Hot Card Cache (ms):           Min:  0.0, Avg:  0.0, Max:  0.0, Diff:  0.0, Sum:  0.0, Workers: 4
[0.870s][debug][gc,phases      ] GC(4)       Dirty Cards:                   Min: 0, Avg:  0.0, Max: 0, Diff: 0, Sum: 0, Workers: 4
[0.870s][debug][gc,phases      ] GC(4)       Skipped Cards:                 Min: 0, Avg:  0.0, Max: 0, Diff: 0, Sum: 0, Workers: 4
[0.870s][debug][gc,phases      ] GC(4)     Log Buffers (ms):              Min:  0.0, Avg:  0.0, Max:  0.0, Diff:  0.0, Sum:  0.0, Workers: 4
[0.870s][debug][gc,phases      ] GC(4)       Dirty Cards:                   Min: 248, Avg: 345.0, Max: 504, Diff: 256, Sum: 1380, Workers: 4
[0.870s][debug][gc,phases      ] GC(4)       Skipped Cards:                 Min: 0, Avg:  0.0, Max: 0, Diff: 0, Sum: 0, Workers: 4
[0.870s][info ][gc,phases      ] GC(4)   Evacuate Collection Set: 30.0ms
[0.870s][debug][gc,phases      ] GC(4)     Ext Root Scanning (ms):        Min:  0.0, Avg:  0.0, Max:  0.0, Diff:  0.0, Sum:  0.1, Workers: 4
[0.870s][debug][gc,phases      ] GC(4)     Scan Heap Roots (ms):          Min:  4.2, Avg:  5.2, Max:  8.2, Diff:  4.0, Sum: 20.9, Workers: 4
[0.870s][debug][gc,phases      ] GC(4)       Scanned Cards:                 Min: 3101, Avg: 5302.0, Max: 11065, Diff: 7964, Sum: 21208, Workers: 4
[0.870s][debug][gc,phases      ] GC(4)       Scanned Blocks:                Min: 13, Avg: 23.3, Max: 45, Diff: 32, Sum: 93, Workers: 4
[0.870s][debug][gc,phases      ] GC(4)       Claimed Chunks:                Min: 13, Avg: 23.3, Max: 45, Diff: 32, Sum: 93, Workers: 4
[0.870s][debug][gc,phases      ] GC(4)     Code Root Scan (ms):           Min:  0.0, Avg:  0.0, Max:  0.0, Diff:  0.0, Sum:  0.0, Workers: 4
[0.870s][debug][gc,phases      ] GC(4)     Object Copy (ms):              Min: 21.8, Avg: 24.7, Max: 25.8, Diff:  4.0, Sum: 98.9, Workers: 4
[0.870s][debug][gc,phases      ] GC(4)     Termination (ms):              Min:  0.0, Avg:  0.0, Max:  0.0, Diff:  0.0, Sum:  0.0, Workers: 4
[0.870s][debug][gc,phases      ] GC(4)       Termination Attempts:          Min: 1, Avg: 13.5, Max: 23, Diff: 22, Sum: 54, Workers: 4
[0.870s][debug][gc,phases      ] GC(4)     GC Worker Other (ms):          Min:  0.0, Avg:  0.0, Max:  0.0, Diff:  0.0, Sum:  0.0, Workers: 4
[0.870s][debug][gc,phases      ] GC(4)     GC Worker Total (ms):          Min: 30.0, Avg: 30.0, Max: 30.0, Diff:  0.0, Sum: 119.9, Workers: 4
[0.870s][info ][gc,phases      ] GC(4)   Post Evacuate Collection Set: 0.5ms
[0.870s][debug][gc,phases      ] GC(4)     Code Roots Fixup: 0.0ms
[0.870s][debug][gc,phases      ] GC(4)     Reference Processing: 0.2ms
[0.870s][debug][gc,phases,ref  ] GC(4)       Reconsider SoftReferences: 0.1ms
[0.870s][debug][gc,phases,ref  ] GC(4)         SoftRef (ms):                  skipped
[0.870s][debug][gc,phases,ref  ] GC(4)       Notify Soft/WeakReferences: 0.0ms
[0.870s][debug][gc,phases,ref  ] GC(4)         SoftRef (ms):                  skipped
[0.870s][debug][gc,phases,ref  ] GC(4)         WeakRef (ms):                  skipped
[0.871s][debug][gc,phases,ref  ] GC(4)         FinalRef (ms):                 skipped
[0.871s][debug][gc,phases,ref  ] GC(4)         Total (ms):                    skipped
[0.871s][debug][gc,phases,ref  ] GC(4)       Notify and keep alive finalizable: 0.0ms
[0.871s][debug][gc,phases,ref  ] GC(4)         FinalRef (ms):                 skipped
[0.871s][debug][gc,phases,ref  ] GC(4)       Notify PhantomReferences: 0.0ms
[0.871s][debug][gc,phases,ref  ] GC(4)         PhantomRef (ms):               skipped
[0.871s][debug][gc,phases,ref  ] GC(4)       SoftReference:
[0.871s][debug][gc,phases,ref  ] GC(4)         Discovered: 0
[0.871s][debug][gc,phases,ref  ] GC(4)         Cleared: 0
[0.871s][debug][gc,phases,ref  ] GC(4)       WeakReference:
[0.871s][debug][gc,phases,ref  ] GC(4)         Discovered: 0
[0.871s][debug][gc,phases,ref  ] GC(4)         Cleared: 0
[0.871s][debug][gc,phases,ref  ] GC(4)       FinalReference:
[0.871s][debug][gc,phases,ref  ] GC(4)         Discovered: 0
[0.871s][debug][gc,phases,ref  ] GC(4)         Cleared: 0
[0.871s][debug][gc,phases,ref  ] GC(4)       PhantomReference:
[0.871s][debug][gc,phases,ref  ] GC(4)         Discovered: 0
[0.871s][debug][gc,phases,ref  ] GC(4)         Cleared: 0
[0.871s][debug][gc,phases      ] GC(4)     Weak Processing: 0.0ms
[0.871s][debug][gc,phases      ] GC(4)       VM Weak                        Min:  0.0, Avg:  0.0, Max:  0.0, Diff:  0.0, Sum:  0.0, Workers: 3
[0.871s][debug][gc,phases      ] GC(4)         Dead                           Min: 0, Avg:  0.0, Max: 0, Diff: 0, Sum: 0, Workers: 3
[0.871s][debug][gc,phases      ] GC(4)         Total                          Min: 0, Avg:  4.7, Max: 14, Diff: 14, Sum: 14, Workers: 3
[0.871s][debug][gc,phases      ] GC(4)       ObjectSynchronizer Weak        Min:  0.0, Avg:  0.0, Max:  0.0, Diff:  0.0, Sum:  0.0, Workers: 3
[0.871s][debug][gc,phases      ] GC(4)         Dead                           Min: 0, Avg:  0.0, Max: 0, Diff: 0, Sum: 0, Workers: 3
[0.871s][debug][gc,phases      ] GC(4)         Total                          Min: 0, Avg:  1.0, Max: 3, Diff: 3, Sum: 3, Workers: 3
[0.871s][debug][gc,phases      ] GC(4)       JVMTI Tag Weak OopStorage      Min:  0.0, Avg:  0.0, Max:  0.0, Diff:  0.0, Sum:  0.0, Workers: 3
[0.871s][debug][gc,phases      ] GC(4)         Dead                           Min: 0, Avg:  0.0, Max: 0, Diff: 0, Sum: 0, Workers: 3
[0.871s][debug][gc,phases      ] GC(4)         Total                          Min: 0, Avg:  0.0, Max: 0, Diff: 0, Sum: 0, Workers: 3
[0.871s][debug][gc,phases      ] GC(4)       StringTable Weak               Min:  0.0, Avg:  0.0, Max:  0.0, Diff:  0.0, Sum:  0.0, Workers: 3
[0.871s][debug][gc,phases      ] GC(4)         Dead                           Min: 0, Avg:  0.0, Max: 0, Diff: 0, Sum: 0, Workers: 3
[0.871s][debug][gc,phases      ] GC(4)         Total                          Min: 704, Avg: 821.3, Max: 928, Diff: 224, Sum: 2464, Workers: 3
[0.871s][debug][gc,phases      ] GC(4)       ResolvedMethodTable Weak       Min:  0.0, Avg:  0.0, Max:  0.0, Diff:  0.0, Sum:  0.0, Workers: 3
[0.872s][debug][gc,phases      ] GC(4)         Dead                           Min: 0, Avg:  0.0, Max: 0, Diff: 0, Sum: 0, Workers: 3
[0.872s][debug][gc,phases      ] GC(4)         Total                          Min: 9, Avg: 45.7, Max: 64, Diff: 55, Sum: 137, Workers: 3
[0.872s][debug][gc,phases      ] GC(4)       JNI Weak                       Min:  0.0, Avg:  0.0, Max:  0.0, Diff:  0.0, Sum:  0.0, Workers: 3
[0.872s][debug][gc,phases      ] GC(4)         Dead                           Min: 0, Avg:  0.0, Max: 0, Diff: 0, Sum: 0, Workers: 3
[0.872s][debug][gc,phases      ] GC(4)         Total                          Min: 0, Avg:  0.0, Max: 0, Diff: 0, Sum: 0, Workers: 3
[0.872s][debug][gc,phases      ] GC(4)       StringDedup Table Weak         Min:  0.0, Avg:  0.0, Max:  0.0, Diff:  0.0, Sum:  0.0, Workers: 3
[0.872s][debug][gc,phases      ] GC(4)         Dead                           Min: 0, Avg:  0.0, Max: 0, Diff: 0, Sum: 0, Workers: 3
[0.872s][debug][gc,phases      ] GC(4)         Total                          Min: 0, Avg:  0.0, Max: 0, Diff: 0, Sum: 0, Workers: 3
[0.872s][debug][gc,phases      ] GC(4)       StringDedup Requests0 Weak     Min:  0.0, Avg:  0.0, Max:  0.0, Diff:  0.0, Sum:  0.0, Workers: 3
[0.872s][debug][gc,phases      ] GC(4)         Dead                           Min: 0, Avg:  0.0, Max: 0, Diff: 0, Sum: 0, Workers: 3
[0.872s][debug][gc,phases      ] GC(4)         Total                          Min: 0, Avg:  0.0, Max: 0, Diff: 0, Sum: 0, Workers: 3
[0.872s][debug][gc,phases      ] GC(4)       StringDedup Requests1 Weak     Min:  0.0, Avg:  0.0, Max:  0.0, Diff:  0.0, Sum:  0.0, Workers: 3
[0.872s][debug][gc,phases      ] GC(4)         Dead                           Min: 0, Avg:  0.0, Max: 0, Diff: 0, Sum: 0, Workers: 3
[0.872s][debug][gc,phases      ] GC(4)         Total                          Min: 0, Avg:  0.0, Max: 0, Diff: 0, Sum: 0, Workers: 3
[0.872s][debug][gc,phases      ] GC(4)       Weak JFR Old Object Samples    Min:  0.0, Avg:  0.0, Max:  0.0, Diff:  0.0, Sum:  0.0, Workers: 3
[0.872s][debug][gc,phases      ] GC(4)         Dead                           Min: 0, Avg:  0.0, Max: 0, Diff: 0, Sum: 0, Workers: 3
[0.872s][debug][gc,phases      ] GC(4)         Total                          Min: 0, Avg:  0.0, Max: 0, Diff: 0, Sum: 0, Workers: 3
[0.872s][debug][gc,phases      ] GC(4)     Post Evacuate Cleanup 1: 0.0ms
[0.872s][debug][gc,phases      ] GC(4)       Merge Per-Thread State (ms):   Min:  0.0, Avg:  0.0, Max:  0.0, Diff:  0.0, Sum:  0.0, Workers: 1
[0.872s][debug][gc,phases      ] GC(4)         Copied Bytes                   Min: 3315424, Avg: 4598976.0, Max: 5928064, Diff: 2612640, Sum: 18395904, Workers: 4
[0.872s][debug][gc,phases      ] GC(4)         LAB Waste                      Min: 96, Avg: 200.0, Max: 288, Diff: 192, Sum: 800, Workers: 4
[0.872s][debug][gc,phases      ] GC(4)         LAB Undo Waste                 Min: 0, Avg:  0.0, Max: 0, Diff: 0, Sum: 0, Workers: 4
[0.872s][debug][gc,phases      ] GC(4)       Clear Logged Cards (ms):       Min:  0.0, Avg:  0.0, Max:  0.0, Diff:  0.0, Sum:  0.0, Workers: 3
[0.872s][debug][gc,phases      ] GC(4)       Recalculate Used Memory (ms):  Min:  0.0, Avg:  0.0, Max:  0.0, Diff:  0.0, Sum:  0.0, Workers: 1
[0.872s][debug][gc,phases      ] GC(4)     Post Evacuate Cleanup 2: 0.1ms
[0.872s][debug][gc,phases      ] GC(4)       Reset Hot Card Cache (ms):     Min:  0.0, Avg:  0.0, Max:  0.0, Diff:  0.0, Sum:  0.0, Workers: 1
[0.872s][debug][gc,phases      ] GC(4)       Purge Code Roots (ms):         Min:  0.0, Avg:  0.0, Max:  0.0, Diff:  0.0, Sum:  0.0, Workers: 1
[0.872s][debug][gc,phases      ] GC(4)       Update Derived Pointers (ms):  Min:  0.0, Avg:  0.0, Max:  0.0, Diff:  0.0, Sum:  0.0, Workers: 1
[0.872s][debug][gc,phases      ] GC(4)       Eagerly Reclaim Humongous Objects (ms): Min:  0.0, Avg:  0.0, Max:  0.0, Diff:  0.0, Sum:  0.0, Workers: 1
[0.872s][debug][gc,phases      ] GC(4)         Humongous Total                Min: 11, Avg: 11.0, Max: 11, Diff: 0, Sum: 11, Workers: 1
[0.872s][debug][gc,phases      ] GC(4)         Humongous Candidates           Min: 0, Avg:  0.0, Max: 0, Diff: 0, Sum: 0, Workers: 1
[0.872s][debug][gc,phases      ] GC(4)         Humongous Reclaimed            Min: 0, Avg:  0.0, Max: 0, Diff: 0, Sum: 0, Workers: 1
[0.872s][debug][gc,phases      ] GC(4)       Redirty Logged Cards (ms):     Min:  0.0, Avg:  0.0, Max:  0.0, Diff:  0.0, Sum:  0.0, Workers: 4
[0.872s][debug][gc,phases      ] GC(4)         Redirtied Cards:               Min: 0, Avg: 512.8, Max: 1129, Diff: 1129, Sum: 2051, Workers: 4
[0.872s][debug][gc,phases      ] GC(4)       Free Collection Set (ms):      Min:  0.0, Avg:  0.0, Max:  0.0, Diff:  0.0, Sum:  0.0, Workers: 4
[0.872s][debug][gc,phases      ] GC(4)     Rebuild Free List: 0.1ms
[0.872s][debug][gc,phases      ] GC(4)     Start New Collection Set: 0.0ms
[0.873s][debug][gc,phases      ] GC(4)     Resize TLABs: 0.0ms
[0.873s][debug][gc,phases      ] GC(4)     Expand Heap After Collection: 0.0ms
[0.873s][info ][gc,phases      ] GC(4)   Other: 0.8ms
[0.873s][info ][gc,heap        ] GC(4) Eden regions: 21->0(21)
[0.873s][info ][gc,heap        ] GC(4) Survivor regions: 4->4(4)
[0.873s][info ][gc,heap        ] GC(4) Old regions: 81->96
[0.873s][info ][gc,heap        ] GC(4) Archive regions: 0->0
[0.873s][info ][gc,heap        ] GC(4) Humongous regions: 110->110
[0.873s][info ][gc,metaspace   ] GC(4) Metaspace: 493K(640K)->493K(640K) NonClass: 455K(512K)->455K(512K) Class: 37K(128K)->37K(128K)
[0.873s][debug][gc,heap        ] GC(4) Heap after GC invocations=5 (full 0):
[0.873s][debug][gc,heap        ] GC(4)  garbage-first heap   total 524288K, used 215040K [0x00000000e0000000, 0x0000000100000000)
[0.873s][debug][gc,heap        ] GC(4)   region size 1024K, 4 young (4096K), 4 survivors (4096K)
[0.873s][debug][gc,heap        ] GC(4)  Metaspace       used 493K, committed 640K, reserved 1056768K
[0.873s][debug][gc,heap        ] GC(4)   class space    used 37K, committed 128K, reserved 1048576K
[0.873s][info ][gc             ] GC(4) Pause Young (Normal) (G1 Evacuation Pause) 216M->210M(512M) 35.167ms
[0.873s][info ][gc,cpu         ] GC(4) User=0.11s Sys=0.02s Real=0.03s
[0.874s][debug][gc,refine      ] Deactivated worker 0, off threshold: 1497, current: 1487, refined cards: 564
[0.878s][debug][gc,refine      ] Activated worker 0, on threshold: 2009, current: 2255
[0.879s][debug][gc,refine      ] Deactivated worker 0, off threshold: 1497, current: 1434, refined cards: 821
[0.884s][debug][gc,refine      ] Activated worker 0, on threshold: 2009, current: 2202
[0.885s][debug][gc,refine      ] Deactivated worker 0, off threshold: 1497, current: 1280, refined cards: 922
[0.889s][debug][gc,refine      ] Activated worker 0, on threshold: 2009, current: 2048
[0.890s][debug][gc,refine      ] Deactivated worker 0, off threshold: 1497, current: 1280, refined cards: 1024
[0.893s][debug][gc,refine      ] Activated worker 0, on threshold: 2009, current: 2048
[0.894s][debug][gc,refine      ] Deactivated worker 0, off threshold: 1497, current: 1280, refined cards: 768
[0.896s][debug][gc,refine      ] Activated worker 0, on threshold: 2009, current: 2048
[0.897s][debug][gc,refine      ] Deactivated worker 0, off threshold: 1497, current: 1280, refined cards: 1024
[0.900s][debug][gc,refine      ] Activated worker 0, on threshold: 2009, current: 2048
[0.901s][debug][gc,refine      ] Deactivated worker 0, off threshold: 1497, current: 1280, refined cards: 768
[0.903s][debug][gc,refine      ] Activated worker 0, on threshold: 2009, current: 2048
[0.905s][debug][gc,refine      ] Deactivated worker 0, off threshold: 1497, current: 1280, refined cards: 1024
[0.906s][debug][gc,refine      ] Activated worker 0, on threshold: 2009, current: 2048
[0.908s][debug][gc,refine      ] Deactivated worker 0, off threshold: 1497, current: 1280, refined cards: 1024
[0.910s][debug][gc,refine      ] Activated worker 0, on threshold: 2009, current: 2048
[0.911s][debug][gc,refine      ] Deactivated worker 0, off threshold: 1497, current: 1280, refined cards: 768
[0.913s][debug][gc,refine      ] Activated worker 0, on threshold: 2009, current: 2048
[0.913s][debug][gc,heap        ] GC(5) Heap before GC invocations=5 (full 0):
[0.913s][debug][gc,heap        ] GC(5)  garbage-first heap   total 524288K, used 236544K [0x00000000e0000000, 0x0000000100000000)
[0.913s][debug][gc,heap        ] GC(5)   region size 1024K, 25 young (25600K), 4 survivors (4096K)
[0.913s][debug][gc,heap        ] GC(5)  Metaspace       used 493K, committed 640K, reserved 1056768K
[0.913s][debug][gc,heap        ] GC(5)   class space    used 37K, committed 128K, reserved 1048576K
[0.913s][info ][gc,start       ] GC(5) Pause Young (Normal) (G1 Evacuation Pause)
[0.913s][info ][gc,task        ] GC(5) Using 4 workers of 4 for evacuation
[0.913s][debug][gc,tlab        ] GC(5) TLAB totals: thrds: 1  refills: 84 max: 84 slow allocs: 0 max 0 waste:  0.2% gc: 0B max: 0B slow: 48384B max: 48384B
[0.913s][debug][gc,age         ] GC(5) Desired survivor size 2097152 bytes, new threshold 1 (max threshold 15)
[0.913s][debug][gc,refine,stats] GC(5) Mutator refinement: 0.00ms, refined: 0, precleaned: 0, dirtied: 8858
[0.913s][debug][gc,refine,stats] GC(5) Concurrent refinement: 10.51ms, refined: 9177, precleaned: 0, dirtied: 0
[0.913s][debug][gc,refine,stats] GC(5) Total refinement: 10.51ms, refined: 9177, precleaned: 0, dirtied: 8858
[0.914s][debug][gc,refine,stats] GC(5) Concurrent refinement rate: 872.89 cards/ms
[0.914s][debug][gc,refine,stats] GC(5) Generate dirty cards rate: 200.29 cards/ms
[0.914s][debug][gc,alloc,region] GC(5) Mutator Allocation stats, regions: 21, wasted size: 0B ( 0.0%)
[0.914s][debug][gc,humongous   ] GC(5) Humongous region 0 (object size 640280 @ 0x00000000e0000000) remset 0 code roots 0 marked 0 reclaim candidate 0 type array 0
[0.914s][debug][gc,humongous   ] GC(5) Humongous region 155 (object size 36920416 @ 0x00000000e9b00000) remset 1 code roots 0 marked 0 reclaim candidate 0 type array 0
[0.914s][debug][gc,humongous   ] GC(5) Humongous region 4 (object size 2160888 @ 0x00000000e0400000) remset 0 code roots 0 marked 0 reclaim candidate 0 type array 0
[0.914s][debug][gc,humongous   ] GC(5) Humongous region 2 (object size 1440600 @ 0x00000000e0200000) remset 0 code roots 0 marked 0 reclaim candidate 0 type array 0
[0.914s][debug][gc,humongous   ] GC(5) Humongous region 1 (object size 960408 @ 0x00000000e0100000) remset 0 code roots 0 marked 0 reclaim candidate 0 type array 0
[0.914s][debug][gc,humongous   ] GC(5) Humongous region 7 (object size 3241320 @ 0x00000000e0700000) remset 0 code roots 0 marked 0 reclaim candidate 0 type array 0
[0.914s][debug][gc,humongous   ] GC(5) Humongous region 11 (object size 4861968 @ 0x00000000e0b00000) remset 0 code roots 0 marked 0 reclaim candidate 0 type array 0
[0.914s][debug][gc,humongous   ] GC(5) Humongous region 32 (object size 7292936 @ 0x00000000e2000000) remset 0 code roots 0 marked 0 reclaim candidate 0 type array 0
[0.914s][debug][gc,humongous   ] GC(5) Humongous region 39 (object size 10939400 @ 0x00000000e2700000) remset 1 code roots 0 marked 0 reclaim candidate 0 type array 0
[0.914s][debug][gc,humongous   ] GC(5) Humongous region 71 (object size 16409088 @ 0x00000000e4700000) remset 1 code roots 0 marked 0 reclaim candidate 0 type array 0
[0.914s][debug][gc,humongous   ] GC(5) Humongous region 109 (object size 24613616 @ 0x00000000e6d00000) remset 1 code roots 0 marked 0 reclaim candidate 0 type array 0
[0.914s][debug][gc,ergo        ] GC(5) Running G1 Merge Heap Roots using 4 workers for 25 regions
[0.914s][debug][gc,remset      ] GC(5) Visited cards 11520 Total dirty 16384 (70.31%) Total old 524288 (2.20%)
[0.946s][debug][gc,task,start  ] G1 Service Thread (Remembered Set Sampling Task) (run)
[0.947s][debug][gc,ref         ] GC(5) Skipped phase 1 of Reference Processing: no references
[0.947s][debug][gc,ref         ] GC(5) Skipped phase 2 of Reference Processing: no references
[0.947s][debug][gc,ref         ] GC(5) Skipped phase 3 of Reference Processing: no references
[0.947s][debug][gc,ref         ] GC(5) Skipped phase 4 of Reference Processing: no references
[0.947s][debug][gc,ergo        ] GC(5) Running G1 Rebuild Free List Task using 4 workers for rebuilding free list of regions
[0.947s][debug][gc,plab        ] GC(5) Young PLAB allocation: allocated: 4194304B, wasted: 384B, unused: 0B, used: 4193920B, undo waste: 0B, 
[0.947s][debug][gc,plab        ] GC(5) Young other allocation: region end waste: 0B, regions filled: 4, direct allocated: 0B, failure used: 0B, failure wasted: 0B
[0.947s][debug][gc,plab        ] GC(5) Young sizing: calculated: 838784B, actual: 838768B
[0.947s][debug][gc,plab        ] GC(5) Old PLAB allocation: allocated: 19398656B, wasted: 528B, unused: 1258720B, used: 18139408B, undo waste: 0B, 
[0.947s][debug][gc,plab        ] GC(5) Old other allocation: region end waste: 0B, regions filled: 19, direct allocated: 0B, failure used: 0B, failure wasted: 0B
[0.948s][debug][gc,plab        ] GC(5) Old sizing: calculated: 3627880B, actual: 3526936B
[0.948s][debug][gc,ergo,heap   ] GC(5) Heap expansion: short term pause time ratio 23.71% long term pause time ratio 19.62% threshold 7.69% pause time ratio 7.69% fully expanded true resize by 0B
[0.948s][debug][gc,mmu         ] GC(5) MMU: 65.6ms (200.0ms/201.0ms)
[0.948s][debug][gc,alloc,stats ] Old generation allocation in the last mutator period, old gen allocated: 19398656B, humongous allocated: 0B,old gen growth: 19398656B.
[0.948s][debug][gc,ihop        ] GC(5) Basic information (value update), threshold: 241591910B (45.00), target occupancy: 536870912B, current occupancy: 239599616B, recent allocation size: 19398656B, recent allocation duration: 44.23ms, recent old gen allocation rate: 438619654.24B/s, recent marking phase length: 0.00ms
[0.948s][debug][gc,ihop        ] GC(5) Adaptive IHOP information (value update), threshold: 241591910B (52.94), internal target occupancy: 456340275B, occupancy: 239599616B, additional buffer size: 26214400B, predicted old gen allocation rate: 314544809.06B/s, predicted marking phase length: 0.00ms, prediction active: false
[0.948s][debug][gc,ergo,refine ] GC(5) Concurrent refinement times: Logged Cards Scan time goal: 20.00ms Logged Cards Scan time: 0.74ms HCC time: 0.00ms
[0.948s][debug][gc,ergo,refine ] GC(5) Updated Refinement Zones: green: 1646, yellow: 4938, red: 8230
[0.948s][info ][gc,phases      ] GC(5)   Pre Evacuate Collection Set: 0.5ms
[0.948s][debug][gc,phases      ] GC(5)     Prepare TLABs: 0.0ms
[0.948s][debug][gc,phases      ] GC(5)     Concatenate Dirty Card Logs: 0.0ms
[0.948s][debug][gc,phases      ] GC(5)     Choose Collection Set: 0.0ms
[0.948s][debug][gc,phases      ] GC(5)     Region Register: 0.4ms
[0.948s][debug][gc,phases      ] GC(5)     Prepare Heap Roots: 0.0ms
[0.948s][info ][gc,phases      ] GC(5)   Merge Heap Roots: 0.1ms
[0.948s][debug][gc,phases      ] GC(5)     Prepare Merge Heap Roots: 0.0ms
[0.948s][debug][gc,phases      ] GC(5)     Eager Reclaim (ms):            skipped
[0.948s][debug][gc,phases      ] GC(5)     Remembered Sets (ms):          Min:  0.0, Avg:  0.0, Max:  0.0, Diff:  0.0, Sum:  0.1, Workers: 4
[0.948s][debug][gc,phases      ] GC(5)       Merged Sparse:                 Min: 0, Avg:  0.0, Max: 0, Diff: 0, Sum: 0, Workers: 4
[0.948s][debug][gc,phases      ] GC(5)       Merged Fine:                   Min: 5, Avg:  7.8, Max: 11, Diff: 6, Sum: 31, Workers: 4
[0.948s][debug][gc,phases      ] GC(5)       Merged Coarse:                 Min: 0, Avg:  0.0, Max: 0, Diff: 0, Sum: 0, Workers: 4
[0.948s][debug][gc,phases      ] GC(5)       Dirty Cards:                   Min: 2037, Avg: 2287.3, Max: 2555, Diff: 518, Sum: 9149, Workers: 4
[0.948s][debug][gc,phases      ] GC(5)     Hot Card Cache (ms):           Min:  0.0, Avg:  0.0, Max:  0.0, Diff:  0.0, Sum:  0.0, Workers: 4
[0.948s][debug][gc,phases      ] GC(5)       Dirty Cards:                   Min: 0, Avg:  0.0, Max: 0, Diff: 0, Sum: 0, Workers: 4
[0.948s][debug][gc,phases      ] GC(5)       Skipped Cards:                 Min: 0, Avg:  0.0, Max: 0, Diff: 0, Sum: 0, Workers: 4
[0.948s][debug][gc,phases      ] GC(5)     Log Buffers (ms):              Min:  0.0, Avg:  0.0, Max:  0.0, Diff:  0.0, Sum:  0.0, Workers: 4
[0.948s][debug][gc,phases      ] GC(5)       Dirty Cards:                   Min: 248, Avg: 425.0, Max: 504, Diff: 256, Sum: 1700, Workers: 4
[0.948s][debug][gc,phases      ] GC(5)       Skipped Cards:                 Min: 0, Avg:  0.0, Max: 0, Diff: 0, Sum: 0, Workers: 4
[0.948s][info ][gc,phases      ] GC(5)   Evacuate Collection Set: 32.8ms
[0.948s][debug][gc,phases      ] GC(5)     Ext Root Scanning (ms):        Min:  0.0, Avg:  0.0, Max:  0.0, Diff:  0.0, Sum:  0.0, Workers: 4
[0.948s][debug][gc,phases      ] GC(5)     Scan Heap Roots (ms):          Min:  4.1, Avg:  4.7, Max:  5.0, Diff:  1.0, Sum: 18.9, Workers: 4
[0.948s][debug][gc,phases      ] GC(5)       Scanned Cards:                 Min: 2250, Avg: 2727.3, Max: 3279, Diff: 1029, Sum: 10909, Workers: 4
[0.948s][debug][gc,phases      ] GC(5)       Scanned Blocks:                Min: 9, Avg: 11.3, Max: 14, Diff: 5, Sum: 45, Workers: 4
[0.948s][debug][gc,phases      ] GC(5)       Claimed Chunks:                Min: 9, Avg: 11.3, Max: 14, Diff: 5, Sum: 45, Workers: 4
[0.948s][debug][gc,phases      ] GC(5)     Code Root Scan (ms):           Min:  0.0, Avg:  0.0, Max:  0.0, Diff:  0.0, Sum:  0.0, Workers: 4
[0.948s][debug][gc,phases      ] GC(5)     Object Copy (ms):              Min: 26.7, Avg: 27.4, Max: 27.9, Diff:  1.2, Sum: 109.4, Workers: 4
[0.948s][debug][gc,phases      ] GC(5)     Termination (ms):              Min:  0.0, Avg:  0.6, Max:  0.8, Diff:  0.8, Sum:  2.3, Workers: 4
[0.948s][debug][gc,phases      ] GC(5)       Termination Attempts:          Min: 1, Avg:  1.0, Max: 1, Diff: 0, Sum: 4, Workers: 4
[0.949s][debug][gc,phases      ] GC(5)     GC Worker Other (ms):          Min:  0.0, Avg:  0.0, Max:  0.0, Diff:  0.0, Sum:  0.1, Workers: 4
[0.949s][debug][gc,phases      ] GC(5)     GC Worker Total (ms):          Min: 32.3, Avg: 32.7, Max: 32.8, Diff:  0.5, Sum: 130.7, Workers: 4
[0.949s][info ][gc,phases      ] GC(5)   Post Evacuate Collection Set: 0.4ms
[0.949s][debug][gc,phases      ] GC(5)     Code Roots Fixup: 0.0ms
[0.949s][debug][gc,phases      ] GC(5)     Reference Processing: 0.2ms
[0.949s][debug][gc,phases,ref  ] GC(5)       Reconsider SoftReferences: 0.1ms
[0.949s][debug][gc,phases,ref  ] GC(5)         SoftRef (ms):                  skipped
[0.949s][debug][gc,phases,ref  ] GC(5)       Notify Soft/WeakReferences: 0.0ms
[0.949s][debug][gc,phases,ref  ] GC(5)         SoftRef (ms):                  skipped
[0.949s][debug][gc,phases,ref  ] GC(5)         WeakRef (ms):                  skipped
[0.949s][debug][gc,phases,ref  ] GC(5)         FinalRef (ms):                 skipped
[0.949s][debug][gc,phases,ref  ] GC(5)         Total (ms):                    skipped
[0.949s][debug][gc,phases,ref  ] GC(5)       Notify and keep alive finalizable: 0.0ms
[0.949s][debug][gc,phases,ref  ] GC(5)         FinalRef (ms):                 skipped
[0.949s][debug][gc,phases,ref  ] GC(5)       Notify PhantomReferences: 0.1ms
[0.949s][debug][gc,phases,ref  ] GC(5)         PhantomRef (ms):               skipped
[0.949s][debug][gc,phases,ref  ] GC(5)       SoftReference:
[0.949s][debug][gc,phases,ref  ] GC(5)         Discovered: 0
[0.949s][debug][gc,phases,ref  ] GC(5)         Cleared: 0
[0.949s][debug][gc,phases,ref  ] GC(5)       WeakReference:
[0.949s][debug][gc,phases,ref  ] GC(5)         Discovered: 0
[0.949s][debug][gc,phases,ref  ] GC(5)         Cleared: 0
[0.949s][debug][gc,phases,ref  ] GC(5)       FinalReference:
[0.949s][debug][gc,phases,ref  ] GC(5)         Discovered: 0
[0.949s][debug][gc,phases,ref  ] GC(5)         Cleared: 0
[0.949s][debug][gc,phases,ref  ] GC(5)       PhantomReference:
[0.949s][debug][gc,phases,ref  ] GC(5)         Discovered: 0
[0.949s][debug][gc,phases,ref  ] GC(5)         Cleared: 0
[0.949s][debug][gc,phases      ] GC(5)     Weak Processing: 0.0ms
[0.949s][debug][gc,phases      ] GC(5)       VM Weak                        Min:  0.0, Avg:  0.0, Max:  0.0, Diff:  0.0, Sum:  0.0, Workers: 3
[0.949s][debug][gc,phases      ] GC(5)         Dead                           Min: 0, Avg:  0.0, Max: 0, Diff: 0, Sum: 0, Workers: 3
[0.949s][debug][gc,phases      ] GC(5)         Total                          Min: 0, Avg:  4.7, Max: 14, Diff: 14, Sum: 14, Workers: 3
[0.949s][debug][gc,phases      ] GC(5)       ObjectSynchronizer Weak        Min:  0.0, Avg:  0.0, Max:  0.0, Diff:  0.0, Sum:  0.0, Workers: 3
[0.949s][debug][gc,phases      ] GC(5)         Dead                           Min: 0, Avg:  0.0, Max: 0, Diff: 0, Sum: 0, Workers: 3
[0.949s][debug][gc,phases      ] GC(5)         Total                          Min: 0, Avg:  1.0, Max: 3, Diff: 3, Sum: 3, Workers: 3
[0.949s][debug][gc,phases      ] GC(5)       JVMTI Tag Weak OopStorage      Min:  0.0, Avg:  0.0, Max:  0.0, Diff:  0.0, Sum:  0.0, Workers: 3
[0.949s][debug][gc,phases      ] GC(5)         Dead                           Min: 0, Avg:  0.0, Max: 0, Diff: 0, Sum: 0, Workers: 3
[0.949s][debug][gc,phases      ] GC(5)         Total                          Min: 0, Avg:  0.0, Max: 0, Diff: 0, Sum: 0, Workers: 3
[0.949s][debug][gc,phases      ] GC(5)       StringTable Weak               Min:  0.0, Avg:  0.0, Max:  0.0, Diff:  0.0, Sum:  0.0, Workers: 3
[0.949s][debug][gc,phases      ] GC(5)         Dead                           Min: 0, Avg:  0.0, Max: 0, Diff: 0, Sum: 0, Workers: 3
[0.949s][debug][gc,phases      ] GC(5)         Total                          Min: 640, Avg: 821.3, Max: 992, Diff: 352, Sum: 2464, Workers: 3
[0.949s][debug][gc,phases      ] GC(5)       ResolvedMethodTable Weak       Min:  0.0, Avg:  0.0, Max:  0.0, Diff:  0.0, Sum:  0.0, Workers: 3
[0.949s][debug][gc,phases      ] GC(5)         Dead                           Min: 0, Avg:  0.0, Max: 0, Diff: 0, Sum: 0, Workers: 3
[0.949s][debug][gc,phases      ] GC(5)         Total                          Min: 9, Avg: 45.7, Max: 64, Diff: 55, Sum: 137, Workers: 3
[0.949s][debug][gc,phases      ] GC(5)       JNI Weak                       Min:  0.0, Avg:  0.0, Max:  0.0, Diff:  0.0, Sum:  0.0, Workers: 3
[0.949s][debug][gc,phases      ] GC(5)         Dead                           Min: 0, Avg:  0.0, Max: 0, Diff: 0, Sum: 0, Workers: 3
[0.949s][debug][gc,phases      ] GC(5)         Total                          Min: 0, Avg:  0.0, Max: 0, Diff: 0, Sum: 0, Workers: 3
[0.949s][debug][gc,phases      ] GC(5)       StringDedup Table Weak         Min:  0.0, Avg:  0.0, Max:  0.0, Diff:  0.0, Sum:  0.0, Workers: 3
[0.949s][debug][gc,phases      ] GC(5)         Dead                           Min: 0, Avg:  0.0, Max: 0, Diff: 0, Sum: 0, Workers: 3
[0.949s][debug][gc,phases      ] GC(5)         Total                          Min: 0, Avg:  0.0, Max: 0, Diff: 0, Sum: 0, Workers: 3
[0.949s][debug][gc,phases      ] GC(5)       StringDedup Requests0 Weak     Min:  0.0, Avg:  0.0, Max:  0.0, Diff:  0.0, Sum:  0.0, Workers: 3
[0.949s][debug][gc,phases      ] GC(5)         Dead                           Min: 0, Avg:  0.0, Max: 0, Diff: 0, Sum: 0, Workers: 3
[0.949s][debug][gc,phases      ] GC(5)         Total                          Min: 0, Avg:  0.0, Max: 0, Diff: 0, Sum: 0, Workers: 3
[0.949s][debug][gc,phases      ] GC(5)       StringDedup Requests1 Weak     Min:  0.0, Avg:  0.0, Max:  0.0, Diff:  0.0, Sum:  0.0, Workers: 3
[0.949s][debug][gc,phases      ] GC(5)         Dead                           Min: 0, Avg:  0.0, Max: 0, Diff: 0, Sum: 0, Workers: 3
[0.950s][debug][gc,phases      ] GC(5)         Total                          Min: 0, Avg:  0.0, Max: 0, Diff: 0, Sum: 0, Workers: 3
[0.950s][debug][gc,phases      ] GC(5)       Weak JFR Old Object Samples    Min:  0.0, Avg:  0.0, Max:  0.0, Diff:  0.0, Sum:  0.0, Workers: 3
[0.950s][debug][gc,phases      ] GC(5)         Dead                           Min: 0, Avg:  0.0, Max: 0, Diff: 0, Sum: 0, Workers: 3
[0.950s][debug][gc,phases      ] GC(5)         Total                          Min: 0, Avg:  0.0, Max: 0, Diff: 0, Sum: 0, Workers: 3
[0.950s][debug][gc,phases      ] GC(5)     Post Evacuate Cleanup 1: 0.0ms
[0.950s][debug][gc,phases      ] GC(5)       Merge Per-Thread State (ms):   Min:  0.0, Avg:  0.0, Max:  0.0, Diff:  0.0, Sum:  0.0, Workers: 1
[0.950s][debug][gc,phases      ] GC(5)         Copied Bytes                   Min: 4528208, Avg: 5583332.0, Max: 6647632, Diff: 2119424, Sum: 22333328, Workers: 4
[0.950s][debug][gc,phases      ] GC(5)         LAB Waste                      Min: 192, Avg: 228.0, Max: 272, Diff: 80, Sum: 912, Workers: 4
[0.950s][debug][gc,phases      ] GC(5)         LAB Undo Waste                 Min: 0, Avg:  0.0, Max: 0, Diff: 0, Sum: 0, Workers: 4
[0.950s][debug][gc,phases      ] GC(5)       Clear Logged Cards (ms):       Min:  0.0, Avg:  0.0, Max:  0.0, Diff:  0.0, Sum:  0.0, Workers: 3
[0.950s][debug][gc,phases      ] GC(5)       Recalculate Used Memory (ms):  Min:  0.0, Avg:  0.0, Max:  0.0, Diff:  0.0, Sum:  0.0, Workers: 1
[0.950s][debug][gc,phases      ] GC(5)     Post Evacuate Cleanup 2: 0.1ms
[0.950s][debug][gc,phases      ] GC(5)       Reset Hot Card Cache (ms):     Min:  0.0, Avg:  0.0, Max:  0.0, Diff:  0.0, Sum:  0.0, Workers: 1
[0.950s][debug][gc,phases      ] GC(5)       Purge Code Roots (ms):         Min:  0.0, Avg:  0.0, Max:  0.0, Diff:  0.0, Sum:  0.0, Workers: 1
[0.950s][debug][gc,phases      ] GC(5)       Update Derived Pointers (ms):  Min:  0.0, Avg:  0.0, Max:  0.0, Diff:  0.0, Sum:  0.0, Workers: 1
[0.950s][debug][gc,phases      ] GC(5)       Eagerly Reclaim Humongous Objects (ms): Min:  0.0, Avg:  0.0, Max:  0.0, Diff:  0.0, Sum:  0.0, Workers: 1
[0.950s][debug][gc,phases      ] GC(5)         Humongous Total                Min: 11, Avg: 11.0, Max: 11, Diff: 0, Sum: 11, Workers: 1
[0.950s][debug][gc,phases      ] GC(5)         Humongous Candidates           Min: 0, Avg:  0.0, Max: 0, Diff: 0, Sum: 0, Workers: 1
[0.950s][debug][gc,phases      ] GC(5)         Humongous Reclaimed            Min: 0, Avg:  0.0, Max: 0, Diff: 0, Sum: 0, Workers: 1
[0.950s][debug][gc,phases      ] GC(5)       Redirty Logged Cards (ms):     Min:  0.0, Avg:  0.0, Max:  0.0, Diff:  0.0, Sum:  0.0, Workers: 4
[0.950s][debug][gc,phases      ] GC(5)         Redirtied Cards:               Min: 0, Avg: 512.5, Max: 1435, Diff: 1435, Sum: 2050, Workers: 4
[0.950s][debug][gc,phases      ] GC(5)       Free Collection Set (ms):      Min:  0.0, Avg:  0.0, Max:  0.0, Diff:  0.0, Sum:  0.0, Workers: 4
[0.950s][debug][gc,phases      ] GC(5)     Rebuild Free List: 0.1ms
[0.950s][debug][gc,phases      ] GC(5)     Start New Collection Set: 0.0ms
[0.950s][debug][gc,phases      ] GC(5)     Resize TLABs: 0.0ms
[0.950s][debug][gc,phases      ] GC(5)     Expand Heap After Collection: 0.0ms
[0.950s][info ][gc,phases      ] GC(5)   Other: 0.7ms
[0.950s][info ][gc,heap        ] GC(5) Eden regions: 21->0(21)
[0.950s][info ][gc,heap        ] GC(5) Survivor regions: 4->4(4)
[0.950s][info ][gc,heap        ] GC(5) Old regions: 96->115
[0.950s][info ][gc,heap        ] GC(5) Archive regions: 0->0
[0.950s][info ][gc,heap        ] GC(5) Humongous regions: 110->110
[0.950s][info ][gc,metaspace   ] GC(5) Metaspace: 493K(640K)->493K(640K) NonClass: 455K(512K)->455K(512K) Class: 37K(128K)->37K(128K)
[0.950s][debug][gc,heap        ] GC(5) Heap after GC invocations=6 (full 0):
[0.950s][debug][gc,heap        ] GC(5)  garbage-first heap   total 524288K, used 233984K [0x00000000e0000000, 0x0000000100000000)
[0.950s][debug][gc,heap        ] GC(5)   region size 1024K, 4 young (4096K), 4 survivors (4096K)
[0.950s][debug][gc,heap        ] GC(5)  Metaspace       used 493K, committed 640K, reserved 1056768K
[0.950s][debug][gc,heap        ] GC(5)   class space    used 37K, committed 128K, reserved 1048576K
[0.950s][info ][gc             ] GC(5) Pause Young (Normal) (G1 Evacuation Pause) 231M->228M(512M) 37.007ms
[0.950s][info ][gc,cpu         ] GC(5) User=0.13s Sys=0.00s Real=0.04s
[0.950s][debug][gc,task        ] G1 Service Thread (Remembered Set Sampling Task) (run) 4.016ms (cpu: 0.000ms)
[0.952s][debug][gc,refine      ] Deactivated worker 0, off threshold: 1646, current: 1435, refined cards: 1085
[0.954s][debug][gc,refine      ] Activated worker 0, on threshold: 2158, current: 2203
[0.954s][debug][gc,refine      ] Deactivated worker 0, off threshold: 1646, current: 1639, refined cards: 564
[0.957s][debug][gc,refine      ] Activated worker 0, on threshold: 2158, current: 2407
[0.958s][debug][gc,refine      ] Deactivated worker 0, off threshold: 1646, current: 1536, refined cards: 871
[0.959s][debug][gc,refine      ] Activated worker 0, on threshold: 2158, current: 2304
[0.961s][debug][gc,refine      ] Deactivated worker 0, off threshold: 1646, current: 1536, refined cards: 1024
[0.963s][debug][gc,refine      ] Activated worker 0, on threshold: 2158, current: 2304
[0.964s][debug][gc,refine      ] Deactivated worker 0, off threshold: 1646, current: 1536, refined cards: 768
[0.966s][debug][gc,refine      ] Activated worker 0, on threshold: 2158, current: 2304
[0.967s][debug][gc,refine      ] Deactivated worker 0, off threshold: 1646, current: 1536, refined cards: 768
[0.969s][debug][gc,refine      ] Activated worker 0, on threshold: 2158, current: 2304
[0.970s][debug][gc,refine      ] Deactivated worker 0, off threshold: 1646, current: 1536, refined cards: 768
[0.972s][debug][gc,refine      ] Activated worker 0, on threshold: 2158, current: 2304
[0.973s][debug][gc,refine      ] Deactivated worker 0, off threshold: 1646, current: 1536, refined cards: 768
[0.975s][debug][gc,refine      ] Activated worker 0, on threshold: 2158, current: 2304
[0.976s][debug][gc,refine      ] Deactivated worker 0, off threshold: 1646, current: 1536, refined cards: 768
[0.977s][debug][gc,refine      ] Activated worker 0, on threshold: 2158, current: 2304
[0.978s][debug][gc,refine      ] Deactivated worker 0, off threshold: 1646, current: 1536, refined cards: 768
[0.980s][debug][gc,refine      ] Activated worker 0, on threshold: 2158, current: 2304
[0.981s][debug][gc,refine      ] Deactivated worker 0, off threshold: 1646, current: 1536, refined cards: 768
[0.982s][debug][gc,refine      ] Activated worker 0, on threshold: 2158, current: 2304
[0.983s][debug][gc,refine      ] Deactivated worker 0, off threshold: 1646, current: 1536, refined cards: 768
[0.985s][debug][gc,refine      ] Activated worker 0, on threshold: 2158, current: 2304
[0.985s][debug][gc,refine      ] Deactivated worker 0, off threshold: 1646, current: 1536, refined cards: 768
[0.987s][debug][gc,refine      ] Activated worker 0, on threshold: 2158, current: 2304
[0.988s][debug][gc,refine      ] Deactivated worker 0, off threshold: 1646, current: 1536, refined cards: 768
[0.988s][debug][gc,heap        ] GC(6) Heap before GC invocations=6 (full 0):
[0.988s][debug][gc,heap        ] GC(6)  garbage-first heap   total 524288K, used 255488K [0x00000000e0000000, 0x0000000100000000)
[0.988s][debug][gc,heap        ] GC(6)   region size 1024K, 25 young (25600K), 4 survivors (4096K)
[0.988s][debug][gc,heap        ] GC(6)  Metaspace       used 493K, committed 640K, reserved 1056768K
[0.988s][debug][gc,heap        ] GC(6)   class space    used 37K, committed 128K, reserved 1048576K
[0.988s][info ][gc,start       ] GC(6) Pause Young (Normal) (G1 Evacuation Pause)
[0.988s][info ][gc,task        ] GC(6) Using 4 workers of 4 for evacuation
[0.989s][debug][gc,tlab        ] GC(6) TLAB totals: thrds: 1  refills: 84 max: 84 slow allocs: 0 max 0 waste:  0.2% gc: 0B max: 0B slow: 48720B max: 48720B
[0.989s][debug][gc,age         ] GC(6) Desired survivor size 2097152 bytes, new threshold 1 (max threshold 15)
[0.989s][debug][gc,refine,stats] GC(6) Mutator refinement: 0.00ms, refined: 0, precleaned: 0, dirtied: 10730
[0.989s][debug][gc,refine,stats] GC(6) Concurrent refinement: 12.28ms, refined: 10754, precleaned: 0, dirtied: 0
[0.989s][debug][gc,refine,stats] GC(6) Total refinement: 12.28ms, refined: 10754, precleaned: 0, dirtied: 10730
[0.989s][debug][gc,refine,stats] GC(6) Concurrent refinement rate: 876.06 cards/ms
[0.989s][debug][gc,refine,stats] GC(6) Generate dirty cards rate: 261.97 cards/ms
[0.989s][debug][gc,alloc,region] GC(6) Mutator Allocation stats, regions: 21, wasted size: 0B ( 0.0%)
[0.989s][debug][gc,humongous   ] GC(6) Humongous region 0 (object size 640280 @ 0x00000000e0000000) remset 0 code roots 0 marked 0 reclaim candidate 0 type array 0
[0.989s][debug][gc,humongous   ] GC(6) Humongous region 155 (object size 36920416 @ 0x00000000e9b00000) remset 1 code roots 0 marked 0 reclaim candidate 0 type array 0
[0.989s][debug][gc,humongous   ] GC(6) Humongous region 2 (object size 1440600 @ 0x00000000e0200000) remset 0 code roots 0 marked 0 reclaim candidate 0 type array 0
[0.989s][debug][gc,humongous   ] GC(6) Humongous region 1 (object size 960408 @ 0x00000000e0100000) remset 0 code roots 0 marked 0 reclaim candidate 0 type array 0
[0.989s][debug][gc,humongous   ] GC(6) Humongous region 4 (object size 2160888 @ 0x00000000e0400000) remset 0 code roots 0 marked 0 reclaim candidate 0 type array 0
[0.989s][debug][gc,humongous   ] GC(6) Humongous region 7 (object size 3241320 @ 0x00000000e0700000) remset 0 code roots 0 marked 0 reclaim candidate 0 type array 0
[0.989s][debug][gc,humongous   ] GC(6) Humongous region 11 (object size 4861968 @ 0x00000000e0b00000) remset 0 code roots 0 marked 0 reclaim candidate 0 type array 0
[0.989s][debug][gc,humongous   ] GC(6) Humongous region 32 (object size 7292936 @ 0x00000000e2000000) remset 0 code roots 0 marked 0 reclaim candidate 0 type array 0
[0.989s][debug][gc,humongous   ] GC(6) Humongous region 39 (object size 10939400 @ 0x00000000e2700000) remset 1 code roots 0 marked 0 reclaim candidate 0 type array 0
[0.989s][debug][gc,humongous   ] GC(6) Humongous region 71 (object size 16409088 @ 0x00000000e4700000) remset 1 code roots 0 marked 0 reclaim candidate 0 type array 0
[0.989s][debug][gc,humongous   ] GC(6) Humongous region 109 (object size 24613616 @ 0x00000000e6d00000) remset 1 code roots 0 marked 0 reclaim candidate 0 type array 0
[0.989s][debug][gc,ergo        ] GC(6) Running G1 Merge Heap Roots using 4 workers for 25 regions
[0.989s][debug][gc,remset      ] GC(6) Visited cards 13568 Total dirty 18432 (73.61%) Total old 563200 (2.41%)
[1.030s][debug][gc,ref         ] GC(6) Skipped phase 1 of Reference Processing: no references
[1.030s][debug][gc,ref         ] GC(6) Skipped phase 2 of Reference Processing: no references
[1.030s][debug][gc,ref         ] GC(6) Skipped phase 3 of Reference Processing: no references
[1.030s][debug][gc,ref         ] GC(6) Skipped phase 4 of Reference Processing: no references
[1.030s][debug][gc,ergo        ] GC(6) Running G1 Rebuild Free List Task using 4 workers for rebuilding free list of regions
[1.030s][debug][gc,plab        ] GC(6) Young PLAB allocation: allocated: 4194304B, wasted: 576B, unused: 0B, used: 4193728B, undo waste: 0B, 
[1.030s][debug][gc,plab        ] GC(6) Young other allocation: region end waste: 0B, regions filled: 4, direct allocated: 0B, failure used: 0B, failure wasted: 0B
[1.030s][debug][gc,plab        ] GC(6) Young sizing: calculated: 838744B, actual: 838744B
[1.030s][debug][gc,plab        ] GC(6) Old PLAB allocation: allocated: 23592960B, wasted: 656B, unused: 1620736B, used: 21971568B, undo waste: 0B, 
[1.030s][debug][gc,plab        ] GC(6) Old other allocation: region end waste: 0B, regions filled: 23, direct allocated: 0B, failure used: 0B, failure wasted: 0B
[1.030s][debug][gc,plab        ] GC(6) Old sizing: calculated: 4394312B, actual: 4177464B
[1.030s][debug][gc,ergo,heap   ] GC(6) Heap expansion: short term pause time ratio 43.57% long term pause time ratio 21.69% threshold 7.69% pause time ratio 7.69% fully expanded true resize by 0B
[1.030s][debug][gc,ergo,ihop   ] GC(6) Request concurrent cycle initiation (occupancy higher than threshold) occupancy: 258998272B allocation request: 0B threshold: 241591910B (45.00) source: end of GC
[1.030s][debug][gc,mmu         ] GC(6) MMU: 107.4ms (200.0ms/201.0ms)
[1.030s][debug][gc,alloc,stats ] Old generation allocation in the last mutator period, old gen allocated: 23592960B, humongous allocated: 0B,old gen growth: 23592960B.
[1.030s][debug][gc,ihop        ] GC(6) Basic information (value update), threshold: 241591910B (45.00), target occupancy: 536870912B, current occupancy: 263192576B, recent allocation size: 23592960B, recent allocation duration: 40.96ms, recent old gen allocation rate: 576016875.49B/s, recent marking phase length: 0.00ms
[1.030s][debug][gc,ihop        ] GC(6) Adaptive IHOP information (value update), threshold: 241591910B (52.94), internal target occupancy: 456340275B, occupancy: 263192576B, additional buffer size: 30408704B, predicted old gen allocation rate: 337734996.48B/s, predicted marking phase length: 0.00ms, prediction active: false
[1.030s][debug][gc,ergo,refine ] GC(6) Concurrent refinement times: Logged Cards Scan time goal: 20.00ms Logged Cards Scan time: 0.99ms HCC time: 0.00ms
[1.030s][debug][gc,ergo,refine ] GC(6) Updated Refinement Zones: green: 1810, yellow: 5430, red: 9050
[1.031s][info ][gc,phases      ] GC(6)   Pre Evacuate Collection Set: 0.5ms
[1.031s][debug][gc,phases      ] GC(6)     Prepare TLABs: 0.0ms
[1.031s][debug][gc,phases      ] GC(6)     Concatenate Dirty Card Logs: 0.0ms
[1.031s][debug][gc,phases      ] GC(6)     Choose Collection Set: 0.0ms
[1.031s][debug][gc,phases      ] GC(6)     Region Register: 0.4ms
[1.031s][debug][gc,phases      ] GC(6)     Prepare Heap Roots: 0.0ms
[1.031s][info ][gc,phases      ] GC(6)   Merge Heap Roots: 0.1ms
[1.031s][debug][gc,phases      ] GC(6)     Prepare Merge Heap Roots: 0.0ms
[1.031s][debug][gc,phases      ] GC(6)     Eager Reclaim (ms):            skipped
[1.031s][debug][gc,phases      ] GC(6)     Remembered Sets (ms):          Min:  0.0, Avg:  0.0, Max:  0.0, Diff:  0.0, Sum:  0.1, Workers: 4
[1.031s][debug][gc,phases      ] GC(6)       Merged Sparse:                 Min: 0, Avg:  0.5, Max: 2, Diff: 2, Sum: 2, Workers: 4
[1.031s][debug][gc,phases      ] GC(6)       Merged Fine:                   Min: 6, Avg:  8.0, Max: 11, Diff: 5, Sum: 32, Workers: 4
[1.031s][debug][gc,phases      ] GC(6)       Merged Coarse:                 Min: 0, Avg:  0.0, Max: 0, Diff: 0, Sum: 0, Workers: 4
[1.031s][debug][gc,phases      ] GC(6)       Dirty Cards:                   Min: 2548, Avg: 2681.5, Max: 3076, Diff: 528, Sum: 10726, Workers: 4
[1.031s][debug][gc,phases      ] GC(6)     Hot Card Cache (ms):           Min:  0.0, Avg:  0.0, Max:  0.0, Diff:  0.0, Sum:  0.0, Workers: 4
[1.031s][debug][gc,phases      ] GC(6)       Dirty Cards:                   Min: 0, Avg:  0.0, Max: 0, Diff: 0, Sum: 0, Workers: 4
[1.031s][debug][gc,phases      ] GC(6)       Skipped Cards:                 Min: 0, Avg:  0.0, Max: 0, Diff: 0, Sum: 0, Workers: 4
[1.031s][debug][gc,phases      ] GC(6)     Log Buffers (ms):              Min:  0.0, Avg:  0.0, Max:  0.0, Diff:  0.0, Sum:  0.0, Workers: 4
[1.031s][debug][gc,phases      ] GC(6)       Dirty Cards:                   Min: 482, Avg: 498.5, Max: 504, Diff: 22, Sum: 1994, Workers: 4
[1.031s][debug][gc,phases      ] GC(6)       Skipped Cards:                 Min: 0, Avg:  0.0, Max: 0, Diff: 0, Sum: 0, Workers: 4
[1.031s][info ][gc,phases      ] GC(6)   Evacuate Collection Set: 40.4ms
[1.031s][debug][gc,phases      ] GC(6)     Ext Root Scanning (ms):        Min:  0.0, Avg:  0.0, Max:  0.0, Diff:  0.0, Sum:  0.0, Workers: 4
[1.031s][debug][gc,phases      ] GC(6)     Scan Heap Roots (ms):          Min:  4.6, Avg:  6.3, Max:  9.7, Diff:  5.1, Sum: 25.1, Workers: 4
[1.031s][debug][gc,phases      ] GC(6)       Scanned Cards:                 Min: 2407, Avg: 3195.0, Max: 3584, Diff: 1177, Sum: 12780, Workers: 4
[1.031s][debug][gc,phases      ] GC(6)       Scanned Blocks:                Min: 10, Avg: 13.3, Max: 15, Diff: 5, Sum: 53, Workers: 4
[1.031s][debug][gc,phases      ] GC(6)       Claimed Chunks:                Min: 10, Avg: 13.3, Max: 15, Diff: 5, Sum: 53, Workers: 4
[1.031s][debug][gc,phases      ] GC(6)     Code Root Scan (ms):           Min:  0.0, Avg:  0.0, Max:  0.0, Diff:  0.0, Sum:  0.0, Workers: 4
[1.031s][debug][gc,phases      ] GC(6)     Object Copy (ms):              Min: 30.7, Avg: 33.3, Max: 35.3, Diff:  4.7, Sum: 133.4, Workers: 4
[1.032s][debug][gc,phases      ] GC(6)     Termination (ms):              Min:  0.0, Avg:  0.7, Max:  1.4, Diff:  1.4, Sum:  2.9, Workers: 4
[1.032s][debug][gc,phases      ] GC(6)       Termination Attempts:          Min: 1, Avg: 36.0, Max: 52, Diff: 51, Sum: 144, Workers: 4
[1.032s][debug][gc,phases      ] GC(6)     GC Worker Other (ms):          Min:  0.0, Avg:  0.0, Max:  0.0, Diff:  0.0, Sum:  0.1, Workers: 4
[1.032s][debug][gc,phases      ] GC(6)     GC Worker Total (ms):          Min: 40.4, Avg: 40.4, Max: 40.4, Diff:  0.0, Sum: 161.5, Workers: 4
[1.032s][info ][gc,phases      ] GC(6)   Post Evacuate Collection Set: 0.4ms
[1.032s][debug][gc,phases      ] GC(6)     Code Roots Fixup: 0.0ms
[1.032s][debug][gc,phases      ] GC(6)     Reference Processing: 0.2ms
[1.032s][debug][gc,phases,ref  ] GC(6)       Reconsider SoftReferences: 0.1ms
[1.032s][debug][gc,phases,ref  ] GC(6)         SoftRef (ms):                  skipped
[1.032s][debug][gc,phases,ref  ] GC(6)       Notify Soft/WeakReferences: 0.0ms
[1.032s][debug][gc,phases,ref  ] GC(6)         SoftRef (ms):                  skipped
[1.032s][debug][gc,phases,ref  ] GC(6)         WeakRef (ms):                  skipped
[1.032s][debug][gc,phases,ref  ] GC(6)         FinalRef (ms):                 skipped
[1.032s][debug][gc,phases,ref  ] GC(6)         Total (ms):                    skipped
[1.032s][debug][gc,phases,ref  ] GC(6)       Notify and keep alive finalizable: 0.0ms
[1.032s][debug][gc,phases,ref  ] GC(6)         FinalRef (ms):                 skipped
[1.032s][debug][gc,phases,ref  ] GC(6)       Notify PhantomReferences: 0.0ms
[1.032s][debug][gc,phases,ref  ] GC(6)         PhantomRef (ms):               skipped
[1.032s][debug][gc,phases,ref  ] GC(6)       SoftReference:
[1.032s][debug][gc,phases,ref  ] GC(6)         Discovered: 0
[1.032s][debug][gc,phases,ref  ] GC(6)         Cleared: 0
[1.032s][debug][gc,phases,ref  ] GC(6)       WeakReference:
[1.032s][debug][gc,phases,ref  ] GC(6)         Discovered: 0
[1.032s][debug][gc,phases,ref  ] GC(6)         Cleared: 0
[1.032s][debug][gc,phases,ref  ] GC(6)       FinalReference:
[1.032s][debug][gc,phases,ref  ] GC(6)         Discovered: 0
[1.032s][debug][gc,phases,ref  ] GC(6)         Cleared: 0
[1.032s][debug][gc,phases,ref  ] GC(6)       PhantomReference:
[1.032s][debug][gc,phases,ref  ] GC(6)         Discovered: 0
[1.032s][debug][gc,phases,ref  ] GC(6)         Cleared: 0
[1.032s][debug][gc,phases      ] GC(6)     Weak Processing: 0.0ms
[1.032s][debug][gc,phases      ] GC(6)       VM Weak                        Min:  0.0, Avg:  0.0, Max:  0.0, Diff:  0.0, Sum:  0.0, Workers: 3
[1.032s][debug][gc,phases      ] GC(6)         Dead                           Min: 0, Avg:  0.0, Max: 0, Diff: 0, Sum: 0, Workers: 3
[1.032s][debug][gc,phases      ] GC(6)         Total                          Min: 0, Avg:  4.7, Max: 14, Diff: 14, Sum: 14, Workers: 3
[1.032s][debug][gc,phases      ] GC(6)       ObjectSynchronizer Weak        Min:  0.0, Avg:  0.0, Max:  0.0, Diff:  0.0, Sum:  0.0, Workers: 3
[1.033s][debug][gc,phases      ] GC(6)         Dead                           Min: 0, Avg:  0.0, Max: 0, Diff: 0, Sum: 0, Workers: 3
[1.033s][debug][gc,phases      ] GC(6)         Total                          Min: 0, Avg:  1.0, Max: 3, Diff: 3, Sum: 3, Workers: 3
[1.033s][debug][gc,phases      ] GC(6)       JVMTI Tag Weak OopStorage      Min:  0.0, Avg:  0.0, Max:  0.0, Diff:  0.0, Sum:  0.0, Workers: 3
[1.033s][debug][gc,phases      ] GC(6)         Dead                           Min: 0, Avg:  0.0, Max: 0, Diff: 0, Sum: 0, Workers: 3
[1.033s][debug][gc,phases      ] GC(6)         Total                          Min: 0, Avg:  0.0, Max: 0, Diff: 0, Sum: 0, Workers: 3
[1.033s][debug][gc,phases      ] GC(6)       StringTable Weak               Min:  0.0, Avg:  0.0, Max:  0.0, Diff:  0.0, Sum:  0.0, Workers: 3
[1.033s][debug][gc,phases      ] GC(6)         Dead                           Min: 0, Avg:  0.0, Max: 0, Diff: 0, Sum: 0, Workers: 3
[1.033s][debug][gc,phases      ] GC(6)         Total                          Min: 768, Avg: 821.3, Max: 896, Diff: 128, Sum: 2464, Workers: 3
[1.033s][debug][gc,phases      ] GC(6)       ResolvedMethodTable Weak       Min:  0.0, Avg:  0.0, Max:  0.0, Diff:  0.0, Sum:  0.0, Workers: 3
[1.033s][debug][gc,phases      ] GC(6)         Dead                           Min: 0, Avg:  0.0, Max: 0, Diff: 0, Sum: 0, Workers: 3
[1.033s][debug][gc,phases      ] GC(6)         Total                          Min: 9, Avg: 45.7, Max: 64, Diff: 55, Sum: 137, Workers: 3
[1.033s][debug][gc,phases      ] GC(6)       JNI Weak                       Min:  0.0, Avg:  0.0, Max:  0.0, Diff:  0.0, Sum:  0.0, Workers: 3
[1.033s][debug][gc,phases      ] GC(6)         Dead                           Min: 0, Avg:  0.0, Max: 0, Diff: 0, Sum: 0, Workers: 3
[1.033s][debug][gc,phases      ] GC(6)         Total                          Min: 0, Avg:  0.0, Max: 0, Diff: 0, Sum: 0, Workers: 3
[1.033s][debug][gc,phases      ] GC(6)       StringDedup Table Weak         Min:  0.0, Avg:  0.0, Max:  0.0, Diff:  0.0, Sum:  0.0, Workers: 3
[1.033s][debug][gc,phases      ] GC(6)         Dead                           Min: 0, Avg:  0.0, Max: 0, Diff: 0, Sum: 0, Workers: 3
[1.033s][debug][gc,phases      ] GC(6)         Total                          Min: 0, Avg:  0.0, Max: 0, Diff: 0, Sum: 0, Workers: 3
[1.033s][debug][gc,phases      ] GC(6)       StringDedup Requests0 Weak     Min:  0.0, Avg:  0.0, Max:  0.0, Diff:  0.0, Sum:  0.0, Workers: 3
[1.033s][debug][gc,phases      ] GC(6)         Dead                           Min: 0, Avg:  0.0, Max: 0, Diff: 0, Sum: 0, Workers: 3
[1.033s][debug][gc,phases      ] GC(6)         Total                          Min: 0, Avg:  0.0, Max: 0, Diff: 0, Sum: 0, Workers: 3
[1.033s][debug][gc,phases      ] GC(6)       StringDedup Requests1 Weak     Min:  0.0, Avg:  0.0, Max:  0.0, Diff:  0.0, Sum:  0.0, Workers: 3
[1.033s][debug][gc,phases      ] GC(6)         Dead                           Min: 0, Avg:  0.0, Max: 0, Diff: 0, Sum: 0, Workers: 3
[1.033s][debug][gc,phases      ] GC(6)         Total                          Min: 0, Avg:  0.0, Max: 0, Diff: 0, Sum: 0, Workers: 3
[1.033s][debug][gc,phases      ] GC(6)       Weak JFR Old Object Samples    Min:  0.0, Avg:  0.0, Max:  0.0, Diff:  0.0, Sum:  0.0, Workers: 3
[1.033s][debug][gc,phases      ] GC(6)         Dead                           Min: 0, Avg:  0.0, Max: 0, Diff: 0, Sum: 0, Workers: 3
[1.033s][debug][gc,phases      ] GC(6)         Total                          Min: 0, Avg:  0.0, Max: 0, Diff: 0, Sum: 0, Workers: 3
[1.033s][debug][gc,phases      ] GC(6)     Post Evacuate Cleanup 1: 0.0ms
[1.033s][debug][gc,phases      ] GC(6)       Merge Per-Thread State (ms):   Min:  0.0, Avg:  0.0, Max:  0.0, Diff:  0.0, Sum:  0.0, Workers: 1
[1.033s][debug][gc,phases      ] GC(6)         Copied Bytes                   Min: 5168592, Avg: 6541324.0, Max: 7112768, Diff: 1944176, Sum: 26165296, Workers: 4
[1.033s][debug][gc,phases      ] GC(6)         LAB Waste                      Min: 192, Avg: 308.0, Max: 456, Diff: 264, Sum: 1232, Workers: 4
[1.033s][debug][gc,phases      ] GC(6)         LAB Undo Waste                 Min: 0, Avg:  0.0, Max: 0, Diff: 0, Sum: 0, Workers: 4
[1.033s][debug][gc,phases      ] GC(6)       Clear Logged Cards (ms):       Min:  0.0, Avg:  0.0, Max:  0.0, Diff:  0.0, Sum:  0.0, Workers: 3
[1.034s][debug][gc,phases      ] GC(6)       Recalculate Used Memory (ms):  Min:  0.0, Avg:  0.0, Max:  0.0, Diff:  0.0, Sum:  0.0, Workers: 1
[1.034s][debug][gc,phases      ] GC(6)     Post Evacuate Cleanup 2: 0.1ms
[1.034s][debug][gc,phases      ] GC(6)       Reset Hot Card Cache (ms):     Min:  0.0, Avg:  0.0, Max:  0.0, Diff:  0.0, Sum:  0.0, Workers: 1
[1.034s][debug][gc,phases      ] GC(6)       Purge Code Roots (ms):         Min:  0.0, Avg:  0.0, Max:  0.0, Diff:  0.0, Sum:  0.0, Workers: 1
[1.034s][debug][gc,phases      ] GC(6)       Update Derived Pointers (ms):  Min:  0.0, Avg:  0.0, Max:  0.0, Diff:  0.0, Sum:  0.0, Workers: 1
[1.034s][debug][gc,phases      ] GC(6)       Eagerly Reclaim Humongous Objects (ms): Min:  0.0, Avg:  0.0, Max:  0.0, Diff:  0.0, Sum:  0.0, Workers: 1
[1.034s][debug][gc,phases      ] GC(6)         Humongous Total                Min: 11, Avg: 11.0, Max: 11, Diff: 0, Sum: 11, Workers: 1
[1.034s][debug][gc,phases      ] GC(6)         Humongous Candidates           Min: 0, Avg:  0.0, Max: 0, Diff: 0, Sum: 0, Workers: 1
[1.034s][debug][gc,phases      ] GC(6)         Humongous Reclaimed            Min: 0, Avg:  0.0, Max: 0, Diff: 0, Sum: 0, Workers: 1
[1.034s][debug][gc,phases      ] GC(6)       Redirty Logged Cards (ms):     Min:  0.0, Avg:  0.0, Max:  0.0, Diff:  0.0, Sum:  0.0, Workers: 4
[1.034s][debug][gc,phases      ] GC(6)         Redirtied Cards:               Min: 0, Avg: 512.8, Max: 1281, Diff: 1281, Sum: 2051, Workers: 4
[1.034s][debug][gc,phases      ] GC(6)       Free Collection Set (ms):      Min:  0.0, Avg:  0.0, Max:  0.0, Diff:  0.0, Sum:  0.0, Workers: 4
[1.034s][debug][gc,phases      ] GC(6)     Rebuild Free List: 0.1ms
[1.034s][debug][gc,phases      ] GC(6)     Start New Collection Set: 0.0ms
[1.034s][debug][gc,phases      ] GC(6)     Resize TLABs: 0.0ms
[1.034s][debug][gc,phases      ] GC(6)     Expand Heap After Collection: 0.0ms
[1.034s][info ][gc,phases      ] GC(6)   Other: 0.8ms
[1.034s][info ][gc,heap        ] GC(6) Eden regions: 21->0(25)
[1.034s][info ][gc,heap        ] GC(6) Survivor regions: 4->4(4)
[1.034s][info ][gc,heap        ] GC(6) Old regions: 115->137
[1.034s][info ][gc,heap        ] GC(6) Archive regions: 0->0
[1.034s][info ][gc,heap        ] GC(6) Humongous regions: 110->110
[1.034s][info ][gc,metaspace   ] GC(6) Metaspace: 493K(640K)->493K(640K) NonClass: 455K(512K)->455K(512K) Class: 37K(128K)->37K(128K)
[1.034s][debug][gc,heap        ] GC(6) Heap after GC invocations=7 (full 0):
[1.034s][debug][gc,heap        ] GC(6)  garbage-first heap   total 524288K, used 257024K [0x00000000e0000000, 0x0000000100000000)
[1.034s][debug][gc,heap        ] GC(6)   region size 1024K, 4 young (4096K), 4 survivors (4096K)
[1.034s][debug][gc,heap        ] GC(6)  Metaspace       used 493K, committed 640K, reserved 1056768K
[1.034s][debug][gc,heap        ] GC(6)   class space    used 37K, committed 128K, reserved 1048576K
[1.034s][info ][gc             ] GC(6) Pause Young (Normal) (G1 Evacuation Pause) 249M->251M(512M) 45.853ms
[1.034s][info ][gc,cpu         ] GC(6) User=0.05s Sys=0.02s Real=0.05s
[1.036s][debug][gc,refine      ] Activated worker 0, on threshold: 2322, current: 2563
[1.037s][debug][gc,refine      ] Deactivated worker 0, off threshold: 1810, current: 1793, refined cards: 770
[1.039s][debug][gc,refine      ] Activated worker 0, on threshold: 2322, current: 2561
[1.040s][debug][gc,refine      ] Deactivated worker 0, off threshold: 1810, current: 1793, refined cards: 768
[1.042s][debug][gc,refine      ] Activated worker 0, on threshold: 2322, current: 2561
[1.044s][debug][gc,refine      ] Deactivated worker 0, off threshold: 1810, current: 1792, refined cards: 1025
[1.046s][debug][gc,refine      ] Activated worker 0, on threshold: 2322, current: 2560
[1.047s][debug][gc,refine      ] Deactivated worker 0, off threshold: 1810, current: 1792, refined cards: 768
[1.050s][debug][gc,refine      ] Activated worker 0, on threshold: 2322, current: 2560
[1.051s][debug][gc,refine      ] Deactivated worker 0, off threshold: 1810, current: 1792, refined cards: 768
[1.053s][debug][gc,refine      ] Activated worker 0, on threshold: 2322, current: 2560
[1.055s][debug][gc,refine      ] Deactivated worker 0, off threshold: 1810, current: 1792, refined cards: 1024
[1.057s][debug][gc,refine      ] Activated worker 0, on threshold: 2322, current: 2560
[1.058s][debug][gc,refine      ] Deactivated worker 0, off threshold: 1810, current: 1792, refined cards: 768
[1.061s][debug][gc,refine      ] Activated worker 0, on threshold: 2322, current: 2560
[1.062s][debug][gc,refine      ] Deactivated worker 0, off threshold: 1810, current: 1792, refined cards: 768
[1.067s][debug][gc,refine      ] Activated worker 0, on threshold: 2322, current: 2560
[1.068s][debug][gc,refine      ] Deactivated worker 0, off threshold: 1810, current: 1792, refined cards: 768
[1.073s][debug][gc,refine      ] Activated worker 0, on threshold: 2322, current: 2560
[1.074s][debug][gc,refine      ] Deactivated worker 0, off threshold: 1810, current: 1792, refined cards: 768
[1.080s][debug][gc,refine      ] Activated worker 0, on threshold: 2322, current: 2560
[1.081s][debug][gc,refine      ] Deactivated worker 0, off threshold: 1810, current: 1792, refined cards: 768
[1.088s][debug][gc,refine      ] Activated worker 0, on threshold: 2322, current: 2560
[1.089s][debug][gc,refine      ] Deactivated worker 0, off threshold: 1810, current: 1792, refined cards: 768
[1.093s][debug][gc,heap        ] GC(7) Heap before GC invocations=7 (full 0):
[1.093s][debug][gc,heap        ] GC(7)  garbage-first heap   total 524288K, used 282624K [0x00000000e0000000, 0x0000000100000000)
[1.093s][debug][gc,heap        ] GC(7)   region size 1024K, 29 young (29696K), 4 survivors (4096K)
[1.093s][debug][gc,heap        ] GC(7)  Metaspace       used 493K, committed 640K, reserved 1056768K
[1.093s][debug][gc,heap        ] GC(7)   class space    used 37K, committed 128K, reserved 1048576K
[1.093s][debug][gc,ergo        ] GC(7) Initiate concurrent cycle (concurrent cycle initiation requested)
[1.093s][info ][gc,start       ] GC(7) Pause Young (Concurrent Start) (G1 Evacuation Pause)
[1.093s][info ][gc,task        ] GC(7) Using 4 workers of 4 for evacuation
[1.093s][debug][gc,tlab        ] GC(7) TLAB totals: thrds: 1  refills: 75 max: 75 slow allocs: 0 max 0 waste:  0.2% gc: 0B max: 0B slow: 43208B max: 43208B
[1.094s][debug][gc,age         ] GC(7) Desired survivor size 2097152 bytes, new threshold 1 (max threshold 15)
[1.094s][debug][gc,refine      ] Activated worker 0, on threshold: 2322, current: 2476
[1.094s][debug][gc,refine,stats] GC(7) Mutator refinement: 0.00ms, refined: 0, precleaned: 0, dirtied: 10156
[1.094s][debug][gc,refine,stats] GC(7) Concurrent refinement: 12.11ms, refined: 9731, precleaned: 0, dirtied: 0
[1.094s][debug][gc,refine,stats] GC(7) Total refinement: 12.11ms, refined: 9731, precleaned: 0, dirtied: 10156
[1.094s][debug][gc,refine,stats] GC(7) Concurrent refinement rate: 803.25 cards/ms
[1.094s][debug][gc,refine,stats] GC(7) Generate dirty cards rate: 160.66 cards/ms
[1.094s][debug][gc,alloc,region] GC(7) Mutator Allocation stats, regions: 25, wasted size: 0B ( 0.0%)
[1.094s][debug][gc,humongous   ] GC(7) Humongous region 0 (object size 640280 @ 0x00000000e0000000) remset 0 code roots 0 marked 0 reclaim candidate 0 type array 0
[1.094s][debug][gc,humongous   ] GC(7) Humongous region 155 (object size 36920416 @ 0x00000000e9b00000) remset 1 code roots 0 marked 0 reclaim candidate 0 type array 0
[1.094s][debug][gc,humongous   ] GC(7) Humongous region 2 (object size 1440600 @ 0x00000000e0200000) remset 0 code roots 0 marked 0 reclaim candidate 0 type array 0
[1.094s][debug][gc,humongous   ] GC(7) Humongous region 1 (object size 960408 @ 0x00000000e0100000) remset 0 code roots 0 marked 0 reclaim candidate 0 type array 0
[1.094s][debug][gc,humongous   ] GC(7) Humongous region 4 (object size 2160888 @ 0x00000000e0400000) remset 0 code roots 0 marked 0 reclaim candidate 0 type array 0
[1.094s][debug][gc,humongous   ] GC(7) Humongous region 7 (object size 3241320 @ 0x00000000e0700000) remset 0 code roots 0 marked 0 reclaim candidate 0 type array 0
[1.094s][debug][gc,humongous   ] GC(7) Humongous region 11 (object size 4861968 @ 0x00000000e0b00000) remset 0 code roots 0 marked 0 reclaim candidate 0 type array 0
[1.094s][debug][gc,humongous   ] GC(7) Humongous region 32 (object size 7292936 @ 0x00000000e2000000) remset 0 code roots 0 marked 0 reclaim candidate 0 type array 0
[1.094s][debug][gc,humongous   ] GC(7) Humongous region 39 (object size 10939400 @ 0x00000000e2700000) remset 1 code roots 0 marked 0 reclaim candidate 0 type array 0
[1.094s][debug][gc,humongous   ] GC(7) Humongous region 71 (object size 16409088 @ 0x00000000e4700000) remset 1 code roots 0 marked 0 reclaim candidate 0 type array 0
[1.094s][debug][gc,humongous   ] GC(7) Humongous region 109 (object size 24613616 @ 0x00000000e6d00000) remset 1 code roots 0 marked 0 reclaim candidate 0 type array 0
[1.094s][debug][gc,ergo        ] GC(7) Running G1 Merge Heap Roots using 4 workers for 29 regions
[1.095s][debug][gc,remset      ] GC(7) Visited cards 13568 Total dirty 22528 (60.23%) Total old 624640 (2.17%)
[1.129s][debug][gc,task,start  ] G1 Service Thread (Periodic GC Task) (run)
[1.129s][debug][gc,task        ] G1 Service Thread (Periodic GC Task) (run) 0.069ms (cpu: 0.000ms)
[1.133s][debug][gc,ref         ] GC(7) Skipped phase 1 of Reference Processing: no references
[1.133s][debug][gc,ref         ] GC(7) Skipped phase 2 of Reference Processing: no references
[1.133s][debug][gc,ref         ] GC(7) Skipped phase 3 of Reference Processing: no references
[1.133s][debug][gc,ref         ] GC(7) Skipped phase 4 of Reference Processing: no references
[1.133s][debug][gc,ergo        ] GC(7) Running G1 Rebuild Free List Task using 4 workers for rebuilding free list of regions
[1.133s][debug][gc,plab        ] GC(7) Young PLAB allocation: allocated: 4194304B, wasted: 384B, unused: 0B, used: 4193920B, undo waste: 0B, 
[1.133s][debug][gc,plab        ] GC(7) Young other allocation: region end waste: 0B, regions filled: 4, direct allocated: 0B, failure used: 0B, failure wasted: 0B
[1.134s][debug][gc,plab        ] GC(7) Young sizing: calculated: 838784B, actual: 838768B
[1.134s][debug][gc,plab        ] GC(7) Old PLAB allocation: allocated: 22020096B, wasted: 608B, unused: 1223280B, used: 20796208B, undo waste: 0B, 
[1.134s][debug][gc,plab        ] GC(7) Old other allocation: region end waste: 0B, regions filled: 21, direct allocated: 0B, failure used: 0B, failure wasted: 0B
[1.134s][debug][gc,plab        ] GC(7) Old sizing: calculated: 4159240B, actual: 4163792B
[1.134s][debug][gc,ergo,heap   ] GC(7) Heap expansion: short term pause time ratio 50.48% long term pause time ratio 24.10% threshold 7.69% pause time ratio 7.69% fully expanded true resize by 0B
[1.134s][debug][gc,mmu         ] GC(7) MMU: 96.8ms (200.0ms/201.0ms)
[1.134s][debug][gc,alloc,stats ] Old generation allocation in the last mutator period, old gen allocated: 22020096B, humongous allocated: 0B,old gen growth: 22020096B.
[1.134s][debug][gc,ihop        ] GC(7) Basic information (value update), threshold: 241591910B (45.00), target occupancy: 536870912B, current occupancy: 285212672B, recent allocation size: 22020096B, recent allocation duration: 63.22ms, recent old gen allocation rate: 348332157.47B/s, recent marking phase length: 0.00ms
[1.134s][debug][gc,ihop        ] GC(7) Adaptive IHOP information (value update), threshold: 241591910B (52.94), internal target occupancy: 456340275B, occupancy: 285212672B, additional buffer size: 36700160B, predicted old gen allocation rate: 341693046.02B/s, predicted marking phase length: 0.00ms, prediction active: false
[1.134s][debug][gc,ergo,refine ] GC(7) Concurrent refinement times: Logged Cards Scan time goal: 20.00ms Logged Cards Scan time: 1.16ms HCC time: 0.00ms
[1.134s][debug][gc,ergo,refine ] GC(7) Updated Refinement Zones: green: 1991, yellow: 5973, red: 9955
[1.134s][info ][gc,phases      ] GC(7)   Pre Evacuate Collection Set: 0.6ms
[1.134s][debug][gc,phases      ] GC(7)     Prepare TLABs: 0.0ms
[1.134s][debug][gc,phases      ] GC(7)     Concatenate Dirty Card Logs: 0.0ms
[1.134s][debug][gc,phases      ] GC(7)     Choose Collection Set: 0.0ms
[1.134s][debug][gc,phases      ] GC(7)     Region Register: 0.5ms
[1.134s][debug][gc,phases      ] GC(7)     Prepare Heap Roots: 0.0ms
[1.134s][debug][gc,phases      ] GC(7)     Clear Claimed Marks: 0.0ms
[1.134s][info ][gc,phases      ] GC(7)   Merge Heap Roots: 0.2ms
[1.134s][debug][gc,phases      ] GC(7)     Prepare Merge Heap Roots: 0.0ms
[1.134s][debug][gc,phases      ] GC(7)     Eager Reclaim (ms):            skipped
[1.134s][debug][gc,phases      ] GC(7)     Remembered Sets (ms):          Min:  0.0, Avg:  0.0, Max:  0.0, Diff:  0.0, Sum:  0.1, Workers: 4
[1.134s][debug][gc,phases      ] GC(7)       Merged Sparse:                 Min: 0, Avg:  0.0, Max: 0, Diff: 0, Sum: 0, Workers: 4
[1.134s][debug][gc,phases      ] GC(7)       Merged Fine:                   Min: 0, Avg:  7.8, Max: 14, Diff: 14, Sum: 31, Workers: 4
[1.134s][debug][gc,phases      ] GC(7)       Merged Coarse:                 Min: 0, Avg:  0.0, Max: 0, Diff: 0, Sum: 0, Workers: 4
[1.134s][debug][gc,phases      ] GC(7)       Dirty Cards:                   Min: 0, Avg: 2427.5, Max: 3578, Diff: 3578, Sum: 9710, Workers: 4
[1.134s][debug][gc,phases      ] GC(7)     Hot Card Cache (ms):           Min:  0.0, Avg:  0.0, Max:  0.0, Diff:  0.0, Sum:  0.0, Workers: 4
[1.134s][debug][gc,phases      ] GC(7)       Dirty Cards:                   Min: 0, Avg:  0.0, Max: 0, Diff: 0, Sum: 0, Workers: 4
[1.134s][debug][gc,phases      ] GC(7)       Skipped Cards:                 Min: 0, Avg:  0.0, Max: 0, Diff: 0, Sum: 0, Workers: 4
[1.134s][debug][gc,phases      ] GC(7)     Log Buffers (ms):              Min:  0.0, Avg:  0.0, Max:  0.0, Diff:  0.0, Sum:  0.0, Workers: 4
[1.134s][debug][gc,phases      ] GC(7)       Dirty Cards:                   Min: 0, Avg: 613.0, Max: 1016, Diff: 1016, Sum: 2452, Workers: 4
[1.135s][debug][gc,phases      ] GC(7)       Skipped Cards:                 Min: 0, Avg:  0.0, Max: 0, Diff: 0, Sum: 0, Workers: 4
[1.135s][info ][gc,phases      ] GC(7)   Evacuate Collection Set: 38.4ms
[1.135s][debug][gc,phases      ] GC(7)     Ext Root Scanning (ms):        Min:  0.0, Avg:  0.0, Max:  0.1, Diff:  0.1, Sum:  0.2, Workers: 4
[1.135s][debug][gc,phases      ] GC(7)     Scan Heap Roots (ms):          Min:  4.6, Avg:  5.7, Max:  6.7, Diff:  2.1, Sum: 22.8, Workers: 4
[1.135s][debug][gc,phases      ] GC(7)       Scanned Cards:                 Min: 2561, Avg: 3051.8, Max: 3586, Diff: 1025, Sum: 12207, Workers: 4
[1.135s][debug][gc,phases      ] GC(7)       Scanned Blocks:                Min: 11, Avg: 13.3, Max: 16, Diff: 5, Sum: 53, Workers: 4
[1.135s][debug][gc,phases      ] GC(7)       Claimed Chunks:                Min: 11, Avg: 13.3, Max: 16, Diff: 5, Sum: 53, Workers: 4
[1.135s][debug][gc,phases      ] GC(7)     Code Root Scan (ms):           Min:  0.0, Avg:  0.0, Max:  0.0, Diff:  0.0, Sum:  0.0, Workers: 4
[1.135s][debug][gc,phases      ] GC(7)     Object Copy (ms):              Min: 31.6, Avg: 32.6, Max: 33.7, Diff:  2.1, Sum: 130.5, Workers: 4
[1.135s][debug][gc,phases      ] GC(7)     Termination (ms):              Min:  0.0, Avg:  0.0, Max:  0.0, Diff:  0.0, Sum:  0.0, Workers: 4
[1.135s][debug][gc,phases      ] GC(7)       Termination Attempts:          Min: 1, Avg:  8.0, Max: 17, Diff: 16, Sum: 32, Workers: 4
[1.135s][debug][gc,phases      ] GC(7)     GC Worker Other (ms):          Min:  0.0, Avg:  0.0, Max:  0.0, Diff:  0.0, Sum:  0.1, Workers: 4
[1.135s][debug][gc,phases      ] GC(7)     GC Worker Total (ms):          Min: 38.4, Avg: 38.4, Max: 38.4, Diff:  0.0, Sum: 153.6, Workers: 4
[1.135s][info ][gc,phases      ] GC(7)   Post Evacuate Collection Set: 0.4ms
[1.135s][debug][gc,phases      ] GC(7)     Code Roots Fixup: 0.0ms
[1.135s][debug][gc,phases      ] GC(7)     Reference Processing: 0.2ms
[1.135s][debug][gc,phases,ref  ] GC(7)       Reconsider SoftReferences: 0.1ms
[1.135s][debug][gc,phases,ref  ] GC(7)         SoftRef (ms):                  skipped
[1.135s][debug][gc,phases,ref  ] GC(7)       Notify Soft/WeakReferences: 0.0ms
[1.135s][debug][gc,phases,ref  ] GC(7)         SoftRef (ms):                  skipped
[1.135s][debug][gc,phases,ref  ] GC(7)         WeakRef (ms):                  skipped
[1.135s][debug][gc,phases,ref  ] GC(7)         FinalRef (ms):                 skipped
[1.135s][debug][gc,phases,ref  ] GC(7)         Total (ms):                    skipped
[1.135s][debug][gc,phases,ref  ] GC(7)       Notify and keep alive finalizable: 0.0ms
[1.135s][debug][gc,phases,ref  ] GC(7)         FinalRef (ms):                 skipped
[1.135s][debug][gc,phases,ref  ] GC(7)       Notify PhantomReferences: 0.0ms
[1.135s][debug][gc,phases,ref  ] GC(7)         PhantomRef (ms):               skipped
[1.135s][debug][gc,phases,ref  ] GC(7)       SoftReference:
[1.135s][debug][gc,phases,ref  ] GC(7)         Discovered: 0
[1.135s][debug][gc,phases,ref  ] GC(7)         Cleared: 0
[1.135s][debug][gc,phases,ref  ] GC(7)       WeakReference:
[1.135s][debug][gc,phases,ref  ] GC(7)         Discovered: 0
[1.135s][debug][gc,phases,ref  ] GC(7)         Cleared: 0
[1.135s][debug][gc,phases,ref  ] GC(7)       FinalReference:
[1.135s][debug][gc,phases,ref  ] GC(7)         Discovered: 0
[1.135s][debug][gc,phases,ref  ] GC(7)         Cleared: 0
[1.135s][debug][gc,phases,ref  ] GC(7)       PhantomReference:
[1.135s][debug][gc,phases,ref  ] GC(7)         Discovered: 0
[1.135s][debug][gc,phases,ref  ] GC(7)         Cleared: 0
[1.135s][debug][gc,phases      ] GC(7)     Weak Processing: 0.0ms
[1.135s][debug][gc,phases      ] GC(7)       VM Weak                        Min:  0.0, Avg:  0.0, Max:  0.0, Diff:  0.0, Sum:  0.0, Workers: 3
[1.136s][debug][gc,phases      ] GC(7)         Dead                           Min: 0, Avg:  0.0, Max: 0, Diff: 0, Sum: 0, Workers: 3
[1.136s][debug][gc,phases      ] GC(7)         Total                          Min: 0, Avg:  4.7, Max: 14, Diff: 14, Sum: 14, Workers: 3
[1.136s][debug][gc,phases      ] GC(7)       ObjectSynchronizer Weak        Min:  0.0, Avg:  0.0, Max:  0.0, Diff:  0.0, Sum:  0.0, Workers: 3
[1.136s][debug][gc,phases      ] GC(7)         Dead                           Min: 0, Avg:  0.0, Max: 0, Diff: 0, Sum: 0, Workers: 3
[1.136s][debug][gc,phases      ] GC(7)         Total                          Min: 0, Avg:  1.0, Max: 3, Diff: 3, Sum: 3, Workers: 3
[1.136s][debug][gc,phases      ] GC(7)       JVMTI Tag Weak OopStorage      Min:  0.0, Avg:  0.0, Max:  0.0, Diff:  0.0, Sum:  0.0, Workers: 3
[1.136s][debug][gc,phases      ] GC(7)         Dead                           Min: 0, Avg:  0.0, Max: 0, Diff: 0, Sum: 0, Workers: 3
[1.136s][debug][gc,phases      ] GC(7)         Total                          Min: 0, Avg:  0.0, Max: 0, Diff: 0, Sum: 0, Workers: 3
[1.136s][debug][gc,phases      ] GC(7)       StringTable Weak               Min:  0.0, Avg:  0.0, Max:  0.0, Diff:  0.0, Sum:  0.0, Workers: 3
[1.136s][debug][gc,phases      ] GC(7)         Dead                           Min: 0, Avg:  0.0, Max: 0, Diff: 0, Sum: 0, Workers: 3
[1.136s][debug][gc,phases      ] GC(7)         Total                          Min: 768, Avg: 821.3, Max: 896, Diff: 128, Sum: 2464, Workers: 3
[1.136s][debug][gc,phases      ] GC(7)       ResolvedMethodTable Weak       Min:  0.0, Avg:  0.0, Max:  0.0, Diff:  0.0, Sum:  0.0, Workers: 3
[1.136s][debug][gc,phases      ] GC(7)         Dead                           Min: 0, Avg:  0.0, Max: 0, Diff: 0, Sum: 0, Workers: 3
[1.136s][debug][gc,phases      ] GC(7)         Total                          Min: 9, Avg: 45.7, Max: 64, Diff: 55, Sum: 137, Workers: 3
[1.136s][debug][gc,phases      ] GC(7)       JNI Weak                       Min:  0.0, Avg:  0.0, Max:  0.0, Diff:  0.0, Sum:  0.0, Workers: 3
[1.136s][debug][gc,phases      ] GC(7)         Dead                           Min: 0, Avg:  0.0, Max: 0, Diff: 0, Sum: 0, Workers: 3
[1.136s][debug][gc,phases      ] GC(7)         Total                          Min: 0, Avg:  0.0, Max: 0, Diff: 0, Sum: 0, Workers: 3
[1.136s][debug][gc,phases      ] GC(7)       StringDedup Table Weak         Min:  0.0, Avg:  0.0, Max:  0.0, Diff:  0.0, Sum:  0.0, Workers: 3
[1.136s][debug][gc,phases      ] GC(7)         Dead                           Min: 0, Avg:  0.0, Max: 0, Diff: 0, Sum: 0, Workers: 3
[1.136s][debug][gc,phases      ] GC(7)         Total                          Min: 0, Avg:  0.0, Max: 0, Diff: 0, Sum: 0, Workers: 3
[1.136s][debug][gc,phases      ] GC(7)       StringDedup Requests0 Weak     Min:  0.0, Avg:  0.0, Max:  0.0, Diff:  0.0, Sum:  0.0, Workers: 3
[1.136s][debug][gc,phases      ] GC(7)         Dead                           Min: 0, Avg:  0.0, Max: 0, Diff: 0, Sum: 0, Workers: 3
[1.136s][debug][gc,phases      ] GC(7)         Total                          Min: 0, Avg:  0.0, Max: 0, Diff: 0, Sum: 0, Workers: 3
[1.136s][debug][gc,phases      ] GC(7)       StringDedup Requests1 Weak     Min:  0.0, Avg:  0.0, Max:  0.0, Diff:  0.0, Sum:  0.0, Workers: 3
[1.136s][debug][gc,phases      ] GC(7)         Dead                           Min: 0, Avg:  0.0, Max: 0, Diff: 0, Sum: 0, Workers: 3
[1.136s][debug][gc,phases      ] GC(7)         Total                          Min: 0, Avg:  0.0, Max: 0, Diff: 0, Sum: 0, Workers: 3
[1.136s][debug][gc,phases      ] GC(7)       Weak JFR Old Object Samples    Min:  0.0, Avg:  0.0, Max:  0.0, Diff:  0.0, Sum:  0.0, Workers: 3
[1.136s][debug][gc,phases      ] GC(7)         Dead                           Min: 0, Avg:  0.0, Max: 0, Diff: 0, Sum: 0, Workers: 3
[1.136s][debug][gc,phases      ] GC(7)         Total                          Min: 0, Avg:  0.0, Max: 0, Diff: 0, Sum: 0, Workers: 3
[1.136s][debug][gc,phases      ] GC(7)     Post Evacuate Cleanup 1: 0.0ms
[1.136s][debug][gc,phases      ] GC(7)       Merge Per-Thread State (ms):   Min:  0.0, Avg:  0.0, Max:  0.0, Diff:  0.0, Sum:  0.0, Workers: 1
[1.136s][debug][gc,phases      ] GC(7)         Copied Bytes                   Min: 5511264, Avg: 6247532.0, Max: 7051280, Diff: 1540016, Sum: 24990128, Workers: 4
[1.136s][debug][gc,phases      ] GC(7)         LAB Waste                      Min: 208, Avg: 248.0, Max: 304, Diff: 96, Sum: 992, Workers: 4
[1.136s][debug][gc,phases      ] GC(7)         LAB Undo Waste                 Min: 0, Avg:  0.0, Max: 0, Diff: 0, Sum: 0, Workers: 4
[1.136s][debug][gc,phases      ] GC(7)       Clear Logged Cards (ms):       Min:  0.0, Avg:  0.0, Max:  0.0, Diff:  0.0, Sum:  0.0, Workers: 3
[1.136s][debug][gc,phases      ] GC(7)       Recalculate Used Memory (ms):  Min:  0.0, Avg:  0.0, Max:  0.0, Diff:  0.0, Sum:  0.0, Workers: 1
[1.137s][debug][gc,phases      ] GC(7)     Post Evacuate Cleanup 2: 0.0ms
[1.137s][debug][gc,phases      ] GC(7)       Reset Hot Card Cache (ms):     Min:  0.0, Avg:  0.0, Max:  0.0, Diff:  0.0, Sum:  0.0, Workers: 1
[1.137s][debug][gc,phases      ] GC(7)       Purge Code Roots (ms):         Min:  0.0, Avg:  0.0, Max:  0.0, Diff:  0.0, Sum:  0.0, Workers: 1
[1.137s][debug][gc,phases      ] GC(7)       Update Derived Pointers (ms):  Min:  0.0, Avg:  0.0, Max:  0.0, Diff:  0.0, Sum:  0.0, Workers: 1
[1.137s][debug][gc,phases      ] GC(7)       Eagerly Reclaim Humongous Objects (ms): Min:  0.0, Avg:  0.0, Max:  0.0, Diff:  0.0, Sum:  0.0, Workers: 1
[1.137s][debug][gc,phases      ] GC(7)         Humongous Total                Min: 11, Avg: 11.0, Max: 11, Diff: 0, Sum: 11, Workers: 1
[1.137s][debug][gc,phases      ] GC(7)         Humongous Candidates           Min: 0, Avg:  0.0, Max: 0, Diff: 0, Sum: 0, Workers: 1
[1.137s][debug][gc,phases      ] GC(7)         Humongous Reclaimed            Min: 0, Avg:  0.0, Max: 0, Diff: 0, Sum: 0, Workers: 1
[1.137s][debug][gc,phases      ] GC(7)       Redirty Logged Cards (ms):     Min:  0.0, Avg:  0.0, Max:  0.0, Diff:  0.0, Sum:  0.0, Workers: 4
[1.137s][debug][gc,phases      ] GC(7)         Redirtied Cards:               Min: 0, Avg: 512.8, Max: 1027, Diff: 1027, Sum: 2051, Workers: 4
[1.137s][debug][gc,phases      ] GC(7)       Free Collection Set (ms):      Min:  0.0, Avg:  0.0, Max:  0.0, Diff:  0.0, Sum:  0.0, Workers: 4
[1.137s][debug][gc,phases      ] GC(7)     Rebuild Free List: 0.1ms
[1.137s][debug][gc,phases      ] GC(7)     Start New Collection Set: 0.0ms
[1.137s][debug][gc,phases      ] GC(7)     Resize TLABs: 0.0ms
[1.137s][debug][gc,phases      ] GC(7)     Expand Heap After Collection: 0.0ms
[1.137s][info ][gc,phases      ] GC(7)   Other: 1.2ms
[1.137s][info ][gc,heap        ] GC(7) Eden regions: 25->0(31)
[1.137s][info ][gc,heap        ] GC(7) Survivor regions: 4->4(4)
[1.137s][info ][gc,heap        ] GC(7) Old regions: 137->158
[1.137s][info ][gc,heap        ] GC(7) Archive regions: 0->0
[1.137s][info ][gc,heap        ] GC(7) Humongous regions: 110->110
[1.137s][info ][gc,metaspace   ] GC(7) Metaspace: 493K(640K)->493K(640K) NonClass: 455K(512K)->455K(512K) Class: 37K(128K)->37K(128K)
[1.137s][debug][gc,heap        ] GC(7) Heap after GC invocations=8 (full 0):
[1.137s][debug][gc,heap        ] GC(7)  garbage-first heap   total 524288K, used 278528K [0x00000000e0000000, 0x0000000100000000)
[1.137s][debug][gc,heap        ] GC(7)   region size 1024K, 4 young (4096K), 4 survivors (4096K)
[1.137s][debug][gc,heap        ] GC(7)  Metaspace       used 493K, committed 640K, reserved 1056768K
[1.137s][debug][gc,heap        ] GC(7)   class space    used 37K, committed 128K, reserved 1048576K
[1.138s][info ][gc             ] GC(7) Pause Young (Concurrent Start) (G1 Evacuation Pause) 276M->272M(512M) 44.131ms
[1.138s][info ][gc,cpu         ] GC(7) User=0.14s Sys=0.00s Real=0.04s
[1.138s][info ][gc             ] GC(8) Concurrent Mark Cycle
[1.138s][info ][gc,marking     ] GC(8) Concurrent Clear Claimed Marks
[1.138s][info ][gc,marking     ] GC(8) Concurrent Clear Claimed Marks 0.024ms
[1.138s][info ][gc,marking     ] GC(8) Concurrent Scan Root Regions
[1.138s][debug][gc,ergo        ] GC(8) Running G1 Root Region Scan using 1 workers for 25 work units.
[1.138s][debug][gc,refine      ] Deactivated worker 0, off threshold: 1991, current: 1743, refined cards: 308
[1.144s][debug][gc,refine      ] Activated worker 0, on threshold: 2503, current: 2511
[1.145s][debug][gc,refine      ] Deactivated worker 0, off threshold: 1991, current: 1896, refined cards: 615
[1.148s][debug][gc,refine      ] Activated worker 0, on threshold: 2503, current: 2664
[1.149s][debug][gc,refine      ] Deactivated worker 0, off threshold: 1991, current: 1844, refined cards: 820
[1.152s][debug][gc,refine      ] Activated worker 0, on threshold: 2503, current: 2612
[1.153s][debug][gc,refine      ] Deactivated worker 0, off threshold: 1991, current: 1792, refined cards: 820
[1.157s][info ][gc,marking     ] GC(8) Concurrent Scan Root Regions 19.089ms
[1.157s][info ][gc,marking     ] GC(8) Concurrent Mark
[1.157s][info ][gc,marking     ] GC(8) Concurrent Mark From Roots
[1.157s][info ][gc,task        ] GC(8) Using 1 workers of 1 for marking
[1.157s][debug][gc,refine      ] Activated worker 0, on threshold: 2503, current: 2560
[1.158s][debug][gc,refine      ] Deactivated worker 0, off threshold: 1991, current: 1792, refined cards: 768
[1.162s][debug][gc,refine      ] Activated worker 0, on threshold: 2503, current: 2560
[1.163s][debug][gc,refine      ] Deactivated worker 0, off threshold: 1991, current: 1792, refined cards: 768
[1.168s][debug][gc,refine      ] Activated worker 0, on threshold: 2503, current: 2560
[1.169s][debug][gc,refine      ] Deactivated worker 0, off threshold: 1991, current: 1792, refined cards: 768
[1.173s][debug][gc,refine      ] Activated worker 0, on threshold: 2503, current: 2560
[1.174s][debug][gc,refine      ] Deactivated worker 0, off threshold: 1991, current: 1792, refined cards: 768
[1.177s][debug][gc,refine      ] Activated worker 0, on threshold: 2503, current: 2560
[1.178s][debug][gc,refine      ] Deactivated worker 0, off threshold: 1991, current: 1792, refined cards: 768
[1.182s][debug][gc,refine      ] Activated worker 0, on threshold: 2503, current: 2560
[1.183s][debug][gc,refine      ] Deactivated worker 0, off threshold: 1991, current: 1792, refined cards: 768
[1.185s][debug][gc,refine      ] Activated worker 0, on threshold: 2503, current: 2560
[1.186s][debug][gc,refine      ] Deactivated worker 0, off threshold: 1991, current: 1792, refined cards: 768
[1.206s][debug][gc,refine      ] Activated worker 0, on threshold: 2503, current: 2560
[1.207s][debug][gc,refine      ] Deactivated worker 0, off threshold: 1991, current: 1792, refined cards: 768
[1.209s][debug][gc,refine      ] Activated worker 0, on threshold: 2503, current: 2560
[1.210s][debug][gc,refine      ] Deactivated worker 0, off threshold: 1991, current: 1792, refined cards: 768
[1.213s][debug][gc,refine      ] Activated worker 0, on threshold: 2503, current: 2560
[1.214s][debug][gc,refine      ] Deactivated worker 0, off threshold: 1991, current: 1792, refined cards: 768
[1.217s][debug][gc,refine      ] Activated worker 0, on threshold: 2503, current: 2560
[1.218s][debug][gc,refine      ] Deactivated worker 0, off threshold: 1991, current: 1792, refined cards: 768
[1.225s][debug][gc,refine      ] Activated worker 0, on threshold: 2503, current: 2560
[1.226s][debug][gc,refine      ] Deactivated worker 0, off threshold: 1991, current: 1792, refined cards: 768
[1.229s][debug][gc,refine      ] Activated worker 0, on threshold: 2503, current: 2560
[1.230s][debug][gc,refine      ] Deactivated worker 0, off threshold: 1991, current: 1792, refined cards: 768
[1.235s][debug][gc,refine      ] Activated worker 0, on threshold: 2503, current: 2560
[1.236s][debug][gc,refine      ] Deactivated worker 0, off threshold: 1991, current: 1792, refined cards: 768
[1.240s][debug][gc,refine      ] Activated worker 0, on threshold: 2503, current: 2560
[1.241s][debug][gc,refine      ] Deactivated worker 0, off threshold: 1991, current: 1792, refined cards: 768
[1.246s][debug][gc,refine      ] Activated worker 0, on threshold: 2503, current: 2560
[1.247s][debug][gc,refine      ] Deactivated worker 0, off threshold: 1991, current: 1792, refined cards: 768
[1.249s][debug][gc,task,start  ] G1 Service Thread (Remembered Set Sampling Task) (run)
[1.250s][debug][gc,task        ] G1 Service Thread (Remembered Set Sampling Task) (run) 0.085ms (cpu: 0.000ms)
[1.250s][debug][gc,refine      ] Activated worker 0, on threshold: 2503, current: 2560
[1.251s][debug][gc,refine      ] Deactivated worker 0, off threshold: 1991, current: 1792, refined cards: 768
[1.254s][debug][gc,heap        ] GC(9) Heap before GC invocations=8 (full 0):
[1.254s][debug][gc,heap        ] GC(9)  garbage-first heap   total 524288K, used 310272K [0x00000000e0000000, 0x0000000100000000)
[1.254s][debug][gc,heap        ] GC(9)   region size 1024K, 35 young (35840K), 4 survivors (4096K)
[1.254s][debug][gc,heap        ] GC(9)  Metaspace       used 493K, committed 640K, reserved 1056768K
[1.254s][debug][gc,heap        ] GC(9)   class space    used 37K, committed 128K, reserved 1048576K
[1.254s][info ][gc,start       ] GC(9) Pause Young (Normal) (G1 Evacuation Pause)
[1.254s][info ][gc,task        ] GC(9) Using 4 workers of 4 for evacuation
[1.254s][debug][gc,tlab        ] GC(9) TLAB totals: thrds: 1  refills: 93 max: 93 slow allocs: 0 max 0 waste:  0.2% gc: 0B max: 0B slow: 53568B max: 53568B
[1.254s][debug][gc,age         ] GC(9) Desired survivor size 2621440 bytes, new threshold 1 (max threshold 15)
[1.254s][debug][gc,refine,stats] GC(9) Mutator refinement: 0.00ms, refined: 0, precleaned: 0, dirtied: 15871
[1.254s][debug][gc,refine,stats] GC(9) Concurrent refinement: 18.72ms, refined: 15619, precleaned: 0, dirtied: 0
[1.254s][debug][gc,refine,stats] GC(9) Total refinement: 18.72ms, refined: 15619, precleaned: 0, dirtied: 15871
[1.254s][debug][gc,refine,stats] GC(9) Concurrent refinement rate: 834.15 cards/ms
[1.254s][debug][gc,refine,stats] GC(9) Generate dirty cards rate: 131.63 cards/ms
[1.254s][debug][gc,alloc,region] GC(9) Mutator Allocation stats, regions: 31, wasted size: 0B ( 0.0%)
[1.255s][debug][gc,humongous   ] GC(9) Humongous region 0 (object size 640280 @ 0x00000000e0000000) remset 0 code roots 0 marked 0 reclaim candidate 0 type array 0
[1.255s][debug][gc,humongous   ] GC(9) Humongous region 155 (object size 36920416 @ 0x00000000e9b00000) remset 1 code roots 0 marked 1 reclaim candidate 0 type array 0
[1.255s][debug][gc,humongous   ] GC(9) Humongous region 1 (object size 960408 @ 0x00000000e0100000) remset 0 code roots 0 marked 0 reclaim candidate 0 type array 0
[1.255s][debug][gc,humongous   ] GC(9) Humongous region 2 (object size 1440600 @ 0x00000000e0200000) remset 0 code roots 0 marked 0 reclaim candidate 0 type array 0
[1.255s][debug][gc,humongous   ] GC(9) Humongous region 4 (object size 2160888 @ 0x00000000e0400000) remset 0 code roots 0 marked 0 reclaim candidate 0 type array 0
[1.255s][debug][gc,humongous   ] GC(9) Humongous region 7 (object size 3241320 @ 0x00000000e0700000) remset 0 code roots 0 marked 0 reclaim candidate 0 type array 0
[1.255s][debug][gc,humongous   ] GC(9) Humongous region 11 (object size 4861968 @ 0x00000000e0b00000) remset 0 code roots 0 marked 0 reclaim candidate 0 type array 0
[1.255s][debug][gc,humongous   ] GC(9) Humongous region 32 (object size 7292936 @ 0x00000000e2000000) remset 0 code roots 0 marked 0 reclaim candidate 0 type array 0
[1.255s][debug][gc,humongous   ] GC(9) Humongous region 39 (object size 10939400 @ 0x00000000e2700000) remset 1 code roots 0 marked 0 reclaim candidate 0 type array 0
[1.255s][debug][gc,humongous   ] GC(9) Humongous region 71 (object size 16409088 @ 0x00000000e4700000) remset 1 code roots 0 marked 0 reclaim candidate 0 type array 0
[1.255s][debug][gc,humongous   ] GC(9) Humongous region 109 (object size 24613616 @ 0x00000000e6d00000) remset 1 code roots 0 marked 0 reclaim candidate 0 type array 0
[1.255s][debug][gc,ergo        ] GC(9) Running G1 Merge Heap Roots using 4 workers for 35 regions
[1.255s][debug][gc,remset      ] GC(9) Visited cards 19456 Total dirty 26624 (73.08%) Total old 692224 (2.81%)
[1.321s][debug][gc,ref         ] GC(9) Skipped phase 1 of Reference Processing: no references
[1.321s][debug][gc,ref         ] GC(9) Skipped phase 2 of Reference Processing: no references
[1.321s][debug][gc,ref         ] GC(9) Skipped phase 3 of Reference Processing: no references
[1.321s][debug][gc,ref         ] GC(9) Skipped phase 4 of Reference Processing: no references
[1.321s][debug][gc,ergo        ] GC(9) Running G1 Rebuild Free List Task using 4 workers for rebuilding free list of regions
[1.322s][debug][gc,plab        ] GC(9) Young PLAB allocation: allocated: 5242880B, wasted: 720B, unused: 0B, used: 5242160B, undo waste: 0B, 
[1.322s][debug][gc,plab        ] GC(9) Young other allocation: region end waste: 0B, regions filled: 5, direct allocated: 0B, failure used: 0B, failure wasted: 0B
[1.322s][debug][gc,plab        ] GC(9) Young sizing: calculated: 1048432B, actual: 996016B
[1.322s][debug][gc,plab        ] GC(9) Old PLAB allocation: allocated: 31981568B, wasted: 912B, unused: 576608B, used: 31404048B, undo waste: 0B, 
[1.322s][debug][gc,plab        ] GC(9) Old other allocation: region end waste: 0B, regions filled: 31, direct allocated: 0B, failure used: 0B, failure wasted: 0B
[1.322s][debug][gc,plab        ] GC(9) Old sizing: calculated: 6280808B, actual: 5751552B
[1.322s][debug][gc,ergo,heap   ] GC(9) Heap expansion: short term pause time ratio 38.85% long term pause time ratio 25.50% threshold 7.69% pause time ratio 7.69% fully expanded true resize by 0B
[1.322s][debug][gc,mmu         ] GC(9) MMU: 80.4ms (200.0ms/201.0ms)
[1.322s][debug][gc,alloc,stats ] Old generation allocation in the last mutator period, old gen allocated: 31981568B, humongous allocated: 0B,old gen growth: 31981568B.
[1.322s][debug][gc,ihop        ] GC(9) Basic information (value update), threshold: 241591910B (45.00), target occupancy: 536870912B, current occupancy: 318242816B, recent allocation size: 31981568B, recent allocation duration: 120.57ms, recent old gen allocation rate: 265242334.85B/s, recent marking phase length: 0.00ms
[1.322s][debug][gc,ihop        ] GC(9) Adaptive IHOP information (value update), threshold: 241591910B (52.94), internal target occupancy: 456340275B, occupancy: 318242816B, additional buffer size: 37748736B, predicted old gen allocation rate: 340513941.89B/s, predicted marking phase length: 0.00ms, prediction active: false
[1.322s][debug][gc,ergo,refine ] GC(9) Concurrent refinement times: Logged Cards Scan time goal: 20.00ms Logged Cards Scan time: 1.09ms HCC time: 0.00ms
[1.322s][debug][gc,ergo,refine ] GC(9) Updated Refinement Zones: green: 2190, yellow: 6570, red: 10950
[1.322s][info ][gc,phases      ] GC(9)   Pre Evacuate Collection Set: 0.5ms
[1.322s][debug][gc,phases      ] GC(9)     Prepare TLABs: 0.0ms
[1.322s][debug][gc,phases      ] GC(9)     Concatenate Dirty Card Logs: 0.0ms
[1.322s][debug][gc,phases      ] GC(9)     Choose Collection Set: 0.0ms
[1.322s][debug][gc,phases      ] GC(9)     Region Register: 0.5ms
[1.322s][debug][gc,phases      ] GC(9)     Prepare Heap Roots: 0.0ms
[1.322s][info ][gc,phases      ] GC(9)   Merge Heap Roots: 0.2ms
[1.322s][debug][gc,phases      ] GC(9)     Prepare Merge Heap Roots: 0.0ms
[1.322s][debug][gc,phases      ] GC(9)     Eager Reclaim (ms):            skipped
[1.322s][debug][gc,phases      ] GC(9)     Remembered Sets (ms):          Min:  0.0, Avg:  0.0, Max:  0.1, Diff:  0.0, Sum:  0.2, Workers: 4
[1.322s][debug][gc,phases      ] GC(9)       Merged Sparse:                 Min: 0, Avg:  0.0, Max: 0, Diff: 0, Sum: 0, Workers: 4
[1.322s][debug][gc,phases      ] GC(9)       Merged Fine:                   Min: 5, Avg: 11.0, Max: 17, Diff: 12, Sum: 44, Workers: 4
[1.322s][debug][gc,phases      ] GC(9)       Merged Coarse:                 Min: 0, Avg:  0.0, Max: 0, Diff: 0, Sum: 0, Workers: 4
[1.322s][debug][gc,phases      ] GC(9)       Dirty Cards:                   Min: 1527, Avg: 3897.8, Max: 5109, Diff: 3582, Sum: 15591, Workers: 4
[1.322s][debug][gc,phases      ] GC(9)     Hot Card Cache (ms):           Min:  0.0, Avg:  0.0, Max:  0.0, Diff:  0.0, Sum:  0.0, Workers: 4
[1.322s][debug][gc,phases      ] GC(9)       Dirty Cards:                   Min: 0, Avg:  0.0, Max: 0, Diff: 0, Sum: 0, Workers: 4
[1.322s][debug][gc,phases      ] GC(9)       Skipped Cards:                 Min: 0, Avg:  0.0, Max: 0, Diff: 0, Sum: 0, Workers: 4
[1.323s][debug][gc,phases      ] GC(9)     Log Buffers (ms):              Min:  0.0, Avg:  0.0, Max:  0.0, Diff:  0.0, Sum:  0.0, Workers: 4
[1.323s][debug][gc,phases      ] GC(9)       Dirty Cards:                   Min: 504, Avg: 567.8, Max: 735, Diff: 231, Sum: 2271, Workers: 4
[1.323s][debug][gc,phases      ] GC(9)       Skipped Cards:                 Min: 0, Avg:  0.0, Max: 0, Diff: 0, Sum: 0, Workers: 4
[1.323s][info ][gc,phases      ] GC(9)   Evacuate Collection Set: 65.9ms
[1.323s][debug][gc,phases      ] GC(9)     Ext Root Scanning (ms):        Min:  0.0, Avg:  0.0, Max:  0.0, Diff:  0.0, Sum:  0.1, Workers: 4
[1.323s][debug][gc,phases      ] GC(9)     Scan Heap Roots (ms):          Min:  5.6, Avg:  8.5, Max: 11.6, Diff:  5.9, Sum: 34.0, Workers: 4
[1.323s][debug][gc,phases      ] GC(9)       Scanned Cards:                 Min: 3328, Avg: 4480.5, Max: 5172, Diff: 1844, Sum: 17922, Workers: 4
[1.323s][debug][gc,phases      ] GC(9)       Scanned Blocks:                Min: 13, Avg: 21.8, Max: 34, Diff: 21, Sum: 87, Workers: 4
[1.323s][debug][gc,phases      ] GC(9)       Claimed Chunks:                Min: 13, Avg: 19.0, Max: 23, Diff: 10, Sum: 76, Workers: 4
[1.323s][debug][gc,phases      ] GC(9)     Code Root Scan (ms):           Min:  0.0, Avg:  0.0, Max:  0.0, Diff:  0.0, Sum:  0.0, Workers: 4
[1.323s][debug][gc,phases      ] GC(9)     Object Copy (ms):              Min: 53.9, Avg: 57.0, Max: 59.9, Diff:  6.0, Sum: 228.0, Workers: 4
[1.323s][debug][gc,phases      ] GC(9)     Termination (ms):              Min:  0.0, Avg:  0.1, Max:  0.3, Diff:  0.3, Sum:  0.5, Workers: 4
[1.323s][debug][gc,phases      ] GC(9)       Termination Attempts:          Min: 1, Avg:  6.0, Max: 11, Diff: 10, Sum: 24, Workers: 4
[1.323s][debug][gc,phases      ] GC(9)     GC Worker Other (ms):          Min:  0.0, Avg:  0.0, Max:  0.0, Diff:  0.0, Sum:  0.1, Workers: 4
[1.323s][debug][gc,phases      ] GC(9)     GC Worker Total (ms):          Min: 65.5, Avg: 65.7, Max: 65.9, Diff:  0.3, Sum: 262.6, Workers: 4
[1.323s][info ][gc,phases      ] GC(9)   Post Evacuate Collection Set: 0.5ms
[1.323s][debug][gc,phases      ] GC(9)     Code Roots Fixup: 0.0ms
[1.323s][debug][gc,phases      ] GC(9)     Reference Processing: 0.2ms
[1.323s][debug][gc,phases,ref  ] GC(9)       Reconsider SoftReferences: 0.1ms
[1.323s][debug][gc,phases,ref  ] GC(9)         SoftRef (ms):                  skipped
[1.323s][debug][gc,phases,ref  ] GC(9)       Notify Soft/WeakReferences: 0.0ms
[1.323s][debug][gc,phases,ref  ] GC(9)         SoftRef (ms):                  skipped
[1.323s][debug][gc,phases,ref  ] GC(9)         WeakRef (ms):                  skipped
[1.323s][debug][gc,phases,ref  ] GC(9)         FinalRef (ms):                 skipped
[1.323s][debug][gc,phases,ref  ] GC(9)         Total (ms):                    skipped
[1.323s][debug][gc,phases,ref  ] GC(9)       Notify and keep alive finalizable: 0.0ms
[1.323s][debug][gc,phases,ref  ] GC(9)         FinalRef (ms):                 skipped
[1.323s][debug][gc,phases,ref  ] GC(9)       Notify PhantomReferences: 0.0ms
[1.323s][debug][gc,phases,ref  ] GC(9)         PhantomRef (ms):               skipped
[1.323s][debug][gc,phases,ref  ] GC(9)       SoftReference:
[1.323s][debug][gc,phases,ref  ] GC(9)         Discovered: 0
[1.323s][debug][gc,phases,ref  ] GC(9)         Cleared: 0
[1.323s][debug][gc,phases,ref  ] GC(9)       WeakReference:
[1.323s][debug][gc,phases,ref  ] GC(9)         Discovered: 0
[1.324s][debug][gc,phases,ref  ] GC(9)         Cleared: 0
[1.324s][debug][gc,phases,ref  ] GC(9)       FinalReference:
[1.324s][debug][gc,phases,ref  ] GC(9)         Discovered: 0
[1.324s][debug][gc,phases,ref  ] GC(9)         Cleared: 0
[1.324s][debug][gc,phases,ref  ] GC(9)       PhantomReference:
[1.324s][debug][gc,phases,ref  ] GC(9)         Discovered: 0
[1.324s][debug][gc,phases,ref  ] GC(9)         Cleared: 0
[1.324s][debug][gc,phases      ] GC(9)     Weak Processing: 0.1ms
[1.324s][debug][gc,phases      ] GC(9)       VM Weak                        Min:  0.0, Avg:  0.0, Max:  0.0, Diff:  0.0, Sum:  0.0, Workers: 3
[1.324s][debug][gc,phases      ] GC(9)         Dead                           Min: 0, Avg:  0.0, Max: 0, Diff: 0, Sum: 0, Workers: 3
[1.324s][debug][gc,phases      ] GC(9)         Total                          Min: 0, Avg:  4.7, Max: 14, Diff: 14, Sum: 14, Workers: 3
[1.324s][debug][gc,phases      ] GC(9)       ObjectSynchronizer Weak        Min:  0.0, Avg:  0.0, Max:  0.0, Diff:  0.0, Sum:  0.0, Workers: 3
[1.324s][debug][gc,phases      ] GC(9)         Dead                           Min: 0, Avg:  0.0, Max: 0, Diff: 0, Sum: 0, Workers: 3
[1.324s][debug][gc,phases      ] GC(9)         Total                          Min: 0, Avg:  1.0, Max: 3, Diff: 3, Sum: 3, Workers: 3
[1.324s][debug][gc,phases      ] GC(9)       JVMTI Tag Weak OopStorage      Min:  0.0, Avg:  0.0, Max:  0.0, Diff:  0.0, Sum:  0.0, Workers: 3
[1.324s][debug][gc,phases      ] GC(9)         Dead                           Min: 0, Avg:  0.0, Max: 0, Diff: 0, Sum: 0, Workers: 3
[1.324s][debug][gc,phases      ] GC(9)         Total                          Min: 0, Avg:  0.0, Max: 0, Diff: 0, Sum: 0, Workers: 3
[1.324s][debug][gc,phases      ] GC(9)       StringTable Weak               Min:  0.0, Avg:  0.0, Max:  0.0, Diff:  0.0, Sum:  0.0, Workers: 3
[1.324s][debug][gc,phases      ] GC(9)         Dead                           Min: 0, Avg:  0.0, Max: 0, Diff: 0, Sum: 0, Workers: 3
[1.324s][debug][gc,phases      ] GC(9)         Total                          Min: 288, Avg: 821.3, Max: 1088, Diff: 800, Sum: 2464, Workers: 3
[1.324s][debug][gc,phases      ] GC(9)       ResolvedMethodTable Weak       Min:  0.0, Avg:  0.0, Max:  0.0, Diff:  0.0, Sum:  0.0, Workers: 3
[1.324s][debug][gc,phases      ] GC(9)         Dead                           Min: 0, Avg:  0.0, Max: 0, Diff: 0, Sum: 0, Workers: 3
[1.324s][debug][gc,phases      ] GC(9)         Total                          Min: 9, Avg: 45.7, Max: 64, Diff: 55, Sum: 137, Workers: 3
[1.324s][debug][gc,phases      ] GC(9)       JNI Weak                       Min:  0.0, Avg:  0.0, Max:  0.0, Diff:  0.0, Sum:  0.0, Workers: 3
[1.324s][debug][gc,phases      ] GC(9)         Dead                           Min: 0, Avg:  0.0, Max: 0, Diff: 0, Sum: 0, Workers: 3
[1.324s][debug][gc,phases      ] GC(9)         Total                          Min: 0, Avg:  0.0, Max: 0, Diff: 0, Sum: 0, Workers: 3
[1.324s][debug][gc,phases      ] GC(9)       StringDedup Table Weak         Min:  0.0, Avg:  0.0, Max:  0.0, Diff:  0.0, Sum:  0.0, Workers: 3
[1.324s][debug][gc,phases      ] GC(9)         Dead                           Min: 0, Avg:  0.0, Max: 0, Diff: 0, Sum: 0, Workers: 3
[1.324s][debug][gc,phases      ] GC(9)         Total                          Min: 0, Avg:  0.0, Max: 0, Diff: 0, Sum: 0, Workers: 3
[1.324s][debug][gc,phases      ] GC(9)       StringDedup Requests0 Weak     Min:  0.0, Avg:  0.0, Max:  0.0, Diff:  0.0, Sum:  0.0, Workers: 3
[1.324s][debug][gc,phases      ] GC(9)         Dead                           Min: 0, Avg:  0.0, Max: 0, Diff: 0, Sum: 0, Workers: 3
[1.325s][debug][gc,phases      ] GC(9)         Total                          Min: 0, Avg:  0.0, Max: 0, Diff: 0, Sum: 0, Workers: 3
[1.325s][debug][gc,phases      ] GC(9)       StringDedup Requests1 Weak     Min:  0.0, Avg:  0.0, Max:  0.0, Diff:  0.0, Sum:  0.0, Workers: 3
[1.325s][debug][gc,phases      ] GC(9)         Dead                           Min: 0, Avg:  0.0, Max: 0, Diff: 0, Sum: 0, Workers: 3
[1.325s][debug][gc,phases      ] GC(9)         Total                          Min: 0, Avg:  0.0, Max: 0, Diff: 0, Sum: 0, Workers: 3
[1.325s][debug][gc,phases      ] GC(9)       Weak JFR Old Object Samples    Min:  0.0, Avg:  0.0, Max:  0.0, Diff:  0.0, Sum:  0.0, Workers: 3
[1.325s][debug][gc,phases      ] GC(9)         Dead                           Min: 0, Avg:  0.0, Max: 0, Diff: 0, Sum: 0, Workers: 3
[1.325s][debug][gc,phases      ] GC(9)         Total                          Min: 0, Avg:  0.0, Max: 0, Diff: 0, Sum: 0, Workers: 3
[1.325s][debug][gc,phases      ] GC(9)     Post Evacuate Cleanup 1: 0.1ms
[1.325s][debug][gc,phases      ] GC(9)       Merge Per-Thread State (ms):   Min:  0.0, Avg:  0.0, Max:  0.0, Diff:  0.0, Sum:  0.0, Workers: 1
[1.325s][debug][gc,phases      ] GC(9)         Copied Bytes                   Min: 6645504, Avg: 9161552.0, Max: 10699984, Diff: 4054480, Sum: 36646208, Workers: 4
[1.325s][debug][gc,phases      ] GC(9)         LAB Waste                      Min: 256, Avg: 408.0, Max: 536, Diff: 280, Sum: 1632, Workers: 4
[1.325s][debug][gc,phases      ] GC(9)         LAB Undo Waste                 Min: 0, Avg:  0.0, Max: 0, Diff: 0, Sum: 0, Workers: 4
[1.325s][debug][gc,phases      ] GC(9)       Clear Logged Cards (ms):       Min:  0.0, Avg:  0.0, Max:  0.0, Diff:  0.0, Sum:  0.0, Workers: 3
[1.325s][debug][gc,phases      ] GC(9)       Recalculate Used Memory (ms):  Min:  0.0, Avg:  0.0, Max:  0.0, Diff:  0.0, Sum:  0.0, Workers: 1
[1.325s][debug][gc,phases      ] GC(9)     Post Evacuate Cleanup 2: 0.1ms
[1.325s][debug][gc,phases      ] GC(9)       Reset Hot Card Cache (ms):     Min:  0.0, Avg:  0.0, Max:  0.0, Diff:  0.0, Sum:  0.0, Workers: 1
[1.325s][debug][gc,phases      ] GC(9)       Purge Code Roots (ms):         Min:  0.0, Avg:  0.0, Max:  0.0, Diff:  0.0, Sum:  0.0, Workers: 1
[1.325s][debug][gc,phases      ] GC(9)       Update Derived Pointers (ms):  Min:  0.0, Avg:  0.0, Max:  0.0, Diff:  0.0, Sum:  0.0, Workers: 1
[1.325s][debug][gc,phases      ] GC(9)       Eagerly Reclaim Humongous Objects (ms): Min:  0.0, Avg:  0.0, Max:  0.0, Diff:  0.0, Sum:  0.0, Workers: 1
[1.325s][debug][gc,phases      ] GC(9)         Humongous Total                Min: 11, Avg: 11.0, Max: 11, Diff: 0, Sum: 11, Workers: 1
[1.325s][debug][gc,phases      ] GC(9)         Humongous Candidates           Min: 0, Avg:  0.0, Max: 0, Diff: 0, Sum: 0, Workers: 1
[1.325s][debug][gc,phases      ] GC(9)         Humongous Reclaimed            Min: 0, Avg:  0.0, Max: 0, Diff: 0, Sum: 0, Workers: 1
[1.325s][debug][gc,phases      ] GC(9)       Redirty Logged Cards (ms):     Min:  0.0, Avg:  0.0, Max:  0.0, Diff:  0.0, Sum:  0.0, Workers: 4
[1.325s][debug][gc,phases      ] GC(9)         Redirtied Cards:               Min: 0, Avg: 640.8, Max: 1333, Diff: 1333, Sum: 2563, Workers: 4
[1.325s][debug][gc,phases      ] GC(9)       Free Collection Set (ms):      Min:  0.0, Avg:  0.0, Max:  0.0, Diff:  0.0, Sum:  0.0, Workers: 4
[1.325s][debug][gc,phases      ] GC(9)     Rebuild Free List: 0.1ms
[1.325s][debug][gc,phases      ] GC(9)     Start New Collection Set: 0.0ms
[1.325s][debug][gc,phases      ] GC(9)     Resize TLABs: 0.0ms
[1.325s][debug][gc,phases      ] GC(9)     Expand Heap After Collection: 0.0ms
[1.325s][info ][gc,phases      ] GC(9)   Other: 1.0ms
[1.325s][info ][gc,heap        ] GC(9) Eden regions: 31->0(31)
[1.325s][info ][gc,heap        ] GC(9) Survivor regions: 4->5(5)
[1.325s][info ][gc,heap        ] GC(9) Old regions: 158->189
[1.325s][info ][gc,heap        ] GC(9) Archive regions: 0->0
[1.325s][info ][gc,heap        ] GC(9) Humongous regions: 110->110
[1.325s][info ][gc,metaspace   ] GC(9) Metaspace: 493K(640K)->493K(640K) NonClass: 455K(512K)->455K(512K) Class: 37K(128K)->37K(128K)
[1.326s][debug][gc,heap        ] GC(9) Heap after GC invocations=9 (full 0):
[1.326s][debug][gc,heap        ] GC(9)  garbage-first heap   total 524288K, used 310784K [0x00000000e0000000, 0x0000000100000000)
[1.326s][debug][gc,heap        ] GC(9)   region size 1024K, 5 young (5120K), 5 survivors (5120K)
[1.326s][debug][gc,heap        ] GC(9)  Metaspace       used 493K, committed 640K, reserved 1056768K
[1.326s][debug][gc,heap        ] GC(9)   class space    used 37K, committed 128K, reserved 1048576K
[1.326s][info ][gc             ] GC(9) Pause Young (Normal) (G1 Evacuation Pause) 303M->303M(512M) 71.499ms
[1.326s][info ][gc,cpu         ] GC(9) User=0.23s Sys=0.00s Real=0.07s
[1.327s][debug][gc,refine      ] Activated worker 0, on threshold: 2702, current: 2819
[1.328s][debug][gc,refine      ] Deactivated worker 0, off threshold: 2190, current: 2050, refined cards: 769
[1.330s][debug][gc,refine      ] Activated worker 0, on threshold: 2702, current: 2818
[1.331s][debug][gc,refine      ] Deactivated worker 0, off threshold: 2190, current: 1998, refined cards: 820
[1.334s][debug][gc,refine      ] Activated worker 0, on threshold: 2702, current: 2766
[1.335s][debug][gc,refine      ] Deactivated worker 0, off threshold: 2190, current: 2048, refined cards: 718
[1.337s][debug][gc,refine      ] Activated worker 0, on threshold: 2702, current: 2816
[1.338s][debug][gc,refine      ] Deactivated worker 0, off threshold: 2190, current: 2048, refined cards: 768
[1.340s][debug][gc,refine      ] Activated worker 0, on threshold: 2702, current: 2816
[1.341s][debug][gc,refine      ] Deactivated worker 0, off threshold: 2190, current: 2048, refined cards: 768
[1.343s][debug][gc,refine      ] Activated worker 0, on threshold: 2702, current: 2816
[1.344s][debug][gc,refine      ] Deactivated worker 0, off threshold: 2190, current: 2048, refined cards: 768
[1.347s][debug][gc,refine      ] Activated worker 0, on threshold: 2702, current: 2816
[1.348s][debug][gc,refine      ] Deactivated worker 0, off threshold: 2190, current: 2048, refined cards: 768
[1.350s][debug][gc,refine      ] Activated worker 0, on threshold: 2702, current: 2816
[1.352s][debug][gc,refine      ] Deactivated worker 0, off threshold: 2190, current: 2048, refined cards: 768
[1.396s][debug][gc,refine      ] Activated worker 0, on threshold: 2702, current: 2816
[1.396s][debug][gc,refine      ] Deactivated worker 0, off threshold: 2190, current: 2048, refined cards: 768
[1.399s][debug][gc,refine      ] Activated worker 0, on threshold: 2702, current: 2816
[1.399s][debug][gc,refine      ] Deactivated worker 0, off threshold: 2190, current: 2048, refined cards: 768
[1.401s][debug][gc,refine      ] Activated worker 0, on threshold: 2702, current: 2816
[1.402s][debug][gc,refine      ] Deactivated worker 0, off threshold: 2190, current: 2048, refined cards: 768
[1.405s][debug][gc,refine      ] Activated worker 0, on threshold: 2702, current: 2816
[1.405s][debug][gc,refine      ] Deactivated worker 0, off threshold: 2190, current: 2048, refined cards: 768
[1.407s][debug][gc,refine      ] Activated worker 0, on threshold: 2702, current: 2816
[1.409s][debug][gc,refine      ] Deactivated worker 0, off threshold: 2190, current: 2048, refined cards: 1024
[1.410s][debug][gc,refine      ] Activated worker 0, on threshold: 2702, current: 2816
[1.412s][debug][gc,refine      ] Deactivated worker 0, off threshold: 2190, current: 2048, refined cards: 768
[1.414s][debug][gc,refine      ] Activated worker 0, on threshold: 2702, current: 2816
[1.415s][debug][gc,refine      ] Deactivated worker 0, off threshold: 2190, current: 2048, refined cards: 768
[1.416s][debug][gc,refine      ] Activated worker 0, on threshold: 2702, current: 2816
[1.417s][debug][gc,refine      ] Deactivated worker 0, off threshold: 2190, current: 2048, refined cards: 768
[1.419s][debug][gc,refine      ] Activated worker 0, on threshold: 2702, current: 2816
[1.420s][debug][gc,refine      ] Deactivated worker 0, off threshold: 2190, current: 2048, refined cards: 1024
[1.424s][debug][gc,refine      ] Activated worker 0, on threshold: 2702, current: 2816
[1.425s][debug][gc,refine      ] Deactivated worker 0, off threshold: 2190, current: 2048, refined cards: 1024
[1.427s][debug][gc,refine      ] Activated worker 0, on threshold: 2702, current: 2816
[1.428s][debug][gc,refine      ] Deactivated worker 0, off threshold: 2190, current: 2048, refined cards: 1024
[1.430s][debug][gc,stats       ] ---------------------------------------------------------------------
[1.430s][debug][gc,stats       ] Marking Stats, task = 0, calls = 28
[1.430s][debug][gc,stats       ]   Elapsed time = 273.09ms, Termination time = 0.00ms
[1.430s][debug][gc,stats       ]   Step Times (cum): num = 28, avg = 7.29ms, sd = 7.83ms max = 16.00ms, total = 204.00ms
[1.430s][debug][gc,stats       ]   Mark Stats Cache: hits 2305489 misses 0 ratio 100.000
[1.430s][debug][gc,stats       ] ---------------------------------------------------------------------
[1.430s][info ][gc,marking     ] GC(8) Concurrent Mark From Roots 273.351ms
[1.430s][info ][gc,marking     ] GC(8) Concurrent Preclean
[1.430s][debug][gc,ref,start   ] GC(8) Preclean SoftReferences
[1.430s][debug][gc,ref         ] GC(8) Preclean SoftReferences 0.059ms
[1.430s][debug][gc,ref,start   ] GC(8) Preclean WeakReferences
[1.430s][debug][gc,ref         ] GC(8) Preclean WeakReferences 0.073ms
[1.431s][debug][gc,ref,start   ] GC(8) Preclean FinalReferences
[1.431s][debug][gc,ref         ] GC(8) Preclean FinalReferences 0.044ms
[1.431s][debug][gc,ref,start   ] GC(8) Preclean PhantomReferences
[1.431s][debug][gc,ref         ] GC(8) Preclean PhantomReferences 0.162ms
[1.431s][info ][gc,marking     ] GC(8) Concurrent Preclean 0.644ms
[1.431s][debug][gc,heap        ] GC(10) Heap before GC invocations=9 (full 0):
[1.431s][debug][gc,heap        ] GC(10)  garbage-first heap   total 524288K, used 342528K [0x00000000e0000000, 0x0000000100000000)
[1.431s][debug][gc,heap        ] GC(10)   region size 1024K, 36 young (36864K), 5 survivors (5120K)
[1.431s][debug][gc,heap        ] GC(10)  Metaspace       used 493K, committed 640K, reserved 1056768K
[1.431s][debug][gc,heap        ] GC(10)   class space    used 37K, committed 128K, reserved 1048576K
[1.431s][info ][gc,start       ] GC(10) Pause Young (Normal) (G1 Evacuation Pause)
[1.431s][info ][gc,task        ] GC(10) Using 4 workers of 4 for evacuation
[1.431s][debug][gc,tlab        ] GC(10) TLAB totals: thrds: 1  refills: 93 max: 93 slow allocs: 0 max 0 waste:  0.2% gc: 0B max: 0B slow: 53568B max: 53568B
[1.431s][debug][gc,age         ] GC(10) Desired survivor size 2621440 bytes, new threshold 1 (max threshold 15)
[1.431s][debug][gc,refine      ] Activated worker 0, on threshold: 2702, current: 2791
[1.431s][debug][gc,refine,stats] GC(10) Mutator refinement: 0.00ms, refined: 0, precleaned: 0, dirtied: 15847
[1.432s][debug][gc,refine,stats] GC(10) Concurrent refinement: 18.54ms, refined: 15619, precleaned: 0, dirtied: 0
[1.432s][debug][gc,refine,stats] GC(10) Total refinement: 18.54ms, refined: 15619, precleaned: 0, dirtied: 15847
[1.432s][debug][gc,refine,stats] GC(10) Concurrent refinement rate: 842.58 cards/ms
[1.432s][debug][gc,refine,stats] GC(10) Generate dirty cards rate: 144.62 cards/ms
[1.432s][debug][gc,alloc,region] GC(10) Mutator Allocation stats, regions: 31, wasted size: 0B ( 0.0%)
[1.432s][debug][gc,humongous   ] GC(10) Humongous region 0 (object size 640280 @ 0x00000000e0000000) remset 0 code roots 0 marked 0 reclaim candidate 0 type array 0
[1.432s][debug][gc,humongous   ] GC(10) Humongous region 155 (object size 36920416 @ 0x00000000e9b00000) remset 1 code roots 0 marked 1 reclaim candidate 0 type array 0
[1.432s][debug][gc,humongous   ] GC(10) Humongous region 1 (object size 960408 @ 0x00000000e0100000) remset 0 code roots 0 marked 0 reclaim candidate 0 type array 0
[1.432s][debug][gc,humongous   ] GC(10) Humongous region 2 (object size 1440600 @ 0x00000000e0200000) remset 0 code roots 0 marked 0 reclaim candidate 0 type array 0
[1.432s][debug][gc,humongous   ] GC(10) Humongous region 4 (object size 2160888 @ 0x00000000e0400000) remset 0 code roots 0 marked 0 reclaim candidate 0 type array 0
[1.432s][debug][gc,humongous   ] GC(10) Humongous region 7 (object size 3241320 @ 0x00000000e0700000) remset 0 code roots 0 marked 0 reclaim candidate 0 type array 0
[1.432s][debug][gc,humongous   ] GC(10) Humongous region 11 (object size 4861968 @ 0x00000000e0b00000) remset 0 code roots 0 marked 0 reclaim candidate 0 type array 0
[1.432s][debug][gc,humongous   ] GC(10) Humongous region 32 (object size 7292936 @ 0x00000000e2000000) remset 0 code roots 0 marked 0 reclaim candidate 0 type array 0
[1.432s][debug][gc,humongous   ] GC(10) Humongous region 39 (object size 10939400 @ 0x00000000e2700000) remset 1 code roots 0 marked 0 reclaim candidate 0 type array 0
[1.432s][debug][gc,humongous   ] GC(10) Humongous region 71 (object size 16409088 @ 0x00000000e4700000) remset 1 code roots 0 marked 0 reclaim candidate 0 type array 0
[1.432s][debug][gc,humongous   ] GC(10) Humongous region 109 (object size 24613616 @ 0x00000000e6d00000) remset 1 code roots 0 marked 0 reclaim candidate 0 type array 0
[1.432s][debug][gc,ergo        ] GC(10) Running G1 Merge Heap Roots using 4 workers for 36 regions
[1.432s][debug][gc,remset      ] GC(10) Visited cards 17152 Total dirty 22528 (76.14%) Total old 759808 (2.26%)
[1.464s][debug][gc,ref         ] GC(10) Skipped phase 1 of Reference Processing: no references
[1.464s][debug][gc,task,start  ] G1 Service Thread (Remembered Set Sampling Task) (run)
[1.464s][debug][gc,ref         ] GC(10) Skipped phase 2 of Reference Processing: no references
[1.464s][debug][gc,ref         ] GC(10) Skipped phase 3 of Reference Processing: no references
[1.464s][debug][gc,ref         ] GC(10) Skipped phase 4 of Reference Processing: no references
[1.464s][debug][gc,ergo        ] GC(10) Running G1 Rebuild Free List Task using 4 workers for rebuilding free list of regions
[1.464s][debug][gc,plab        ] GC(10) Young PLAB allocation: allocated: 5242880B, wasted: 560B, unused: 0B, used: 5242320B, undo waste: 0B, 
[1.464s][debug][gc,plab        ] GC(10) Young other allocation: region end waste: 0B, regions filled: 5, direct allocated: 0B, failure used: 0B, failure wasted: 0B
[1.464s][debug][gc,plab        ] GC(10) Young sizing: calculated: 1048464B, actual: 1035352B
[1.464s][debug][gc,plab        ] GC(10) Old PLAB allocation: allocated: 16252928B, wasted: 432B, unused: 658944B, used: 15593552B, undo waste: 0B, 
[1.464s][debug][gc,plab        ] GC(10) Old other allocation: region end waste: 0B, regions filled: 16, direct allocated: 0B, failure used: 0B, failure wasted: 0B
[1.464s][debug][gc,plab        ] GC(10) Old sizing: calculated: 3118704B, actual: 3776912B
[1.464s][debug][gc,ergo,heap   ] GC(10) Heap expansion: short term pause time ratio 35.90% long term pause time ratio 27.03% threshold 7.69% pause time ratio 7.69% fully expanded true resize by 0B
[1.464s][debug][gc,mmu         ] GC(10) MMU: 91.4ms (200.0ms/201.0ms)
[1.464s][debug][gc,alloc,stats ] Old generation allocation in the last mutator period, old gen allocated: 16252928B, humongous allocated: 0B,old gen growth: 16252928B.
[1.464s][debug][gc,ihop        ] GC(10) Basic information (value update), threshold: 241591910B (45.00), target occupancy: 536870912B, current occupancy: 334495744B, recent allocation size: 16252928B, recent allocation duration: 109.58ms, recent old gen allocation rate: 148324671.21B/s, recent marking phase length: 0.00ms
[1.464s][debug][gc,ihop        ] GC(10) Adaptive IHOP information (value update), threshold: 241591910B (52.94), internal target occupancy: 456340275B, occupancy: 334495744B, additional buffer size: 40894464B, predicted old gen allocation rate: 333911622.24B/s, predicted marking phase length: 0.00ms, prediction active: false
[1.464s][debug][gc,ergo,refine ] GC(10) Concurrent refinement times: Logged Cards Scan time goal: 20.00ms Logged Cards Scan time: 0.75ms HCC time: 0.00ms
[1.464s][debug][gc,ergo,refine ] GC(10) Updated Refinement Zones: green: 2409, yellow: 7227, red: 12045
[1.464s][info ][gc,phases      ] GC(10)   Pre Evacuate Collection Set: 0.5ms
[1.464s][debug][gc,phases      ] GC(10)     Prepare TLABs: 0.0ms
[1.464s][debug][gc,phases      ] GC(10)     Concatenate Dirty Card Logs: 0.0ms
[1.464s][debug][gc,phases      ] GC(10)     Choose Collection Set: 0.0ms
[1.465s][debug][gc,phases      ] GC(10)     Region Register: 0.5ms
[1.465s][debug][gc,phases      ] GC(10)     Prepare Heap Roots: 0.0ms
[1.465s][info ][gc,phases      ] GC(10)   Merge Heap Roots: 0.1ms
[1.465s][debug][gc,phases      ] GC(10)     Prepare Merge Heap Roots: 0.0ms
[1.465s][debug][gc,phases      ] GC(10)     Eager Reclaim (ms):            skipped
[1.465s][debug][gc,phases      ] GC(10)     Remembered Sets (ms):          Min:  0.0, Avg:  0.0, Max:  0.0, Diff:  0.0, Sum:  0.1, Workers: 4
[1.465s][debug][gc,phases      ] GC(10)       Merged Sparse:                 Min: 0, Avg:  0.5, Max: 1, Diff: 1, Sum: 2, Workers: 4
[1.465s][debug][gc,phases      ] GC(10)       Merged Fine:                   Min: 7, Avg: 10.3, Max: 17, Diff: 10, Sum: 41, Workers: 4
[1.465s][debug][gc,phases      ] GC(10)       Merged Coarse:                 Min: 0, Avg:  0.0, Max: 0, Diff: 0, Sum: 0, Workers: 4
[1.465s][debug][gc,phases      ] GC(10)       Dirty Cards:                   Min: 3061, Avg: 3375.5, Max: 3846, Diff: 785, Sum: 13502, Workers: 4
[1.465s][debug][gc,phases      ] GC(10)     Hot Card Cache (ms):           Min:  0.0, Avg:  0.0, Max:  0.0, Diff:  0.0, Sum:  0.0, Workers: 4
[1.465s][debug][gc,phases      ] GC(10)       Dirty Cards:                   Min: 0, Avg:  0.0, Max: 0, Diff: 0, Sum: 0, Workers: 4
[1.465s][debug][gc,phases      ] GC(10)       Skipped Cards:                 Min: 0, Avg:  0.0, Max: 0, Diff: 0, Sum: 0, Workers: 4
[1.465s][debug][gc,phases      ] GC(10)     Log Buffers (ms):              Min:  0.0, Avg:  0.0, Max:  0.0, Diff:  0.0, Sum:  0.1, Workers: 4
[1.465s][debug][gc,phases      ] GC(10)       Dirty Cards:                   Min: 504, Avg: 689.8, Max: 760, Diff: 256, Sum: 2759, Workers: 4
[1.465s][debug][gc,phases      ] GC(10)       Skipped Cards:                 Min: 0, Avg:  0.0, Max: 0, Diff: 0, Sum: 0, Workers: 4
[1.465s][info ][gc,phases      ] GC(10)   Evacuate Collection Set: 31.3ms
[1.465s][debug][gc,phases      ] GC(10)     Ext Root Scanning (ms):        Min:  0.0, Avg:  0.0, Max:  0.0, Diff:  0.0, Sum:  0.1, Workers: 4
[1.465s][debug][gc,phases      ] GC(10)     Scan Heap Roots (ms):          Min:  3.5, Avg:  4.4, Max:  4.9, Diff:  1.4, Sum: 17.4, Workers: 4
[1.465s][debug][gc,phases      ] GC(10)       Scanned Cards:                 Min: 3022, Avg: 4080.3, Max: 4661, Diff: 1639, Sum: 16321, Workers: 4
[1.465s][debug][gc,phases      ] GC(10)       Scanned Blocks:                Min: 12, Avg: 16.8, Max: 20, Diff: 8, Sum: 67, Workers: 4
[1.465s][debug][gc,phases      ] GC(10)       Claimed Chunks:                Min: 12, Avg: 16.8, Max: 20, Diff: 8, Sum: 67, Workers: 4
[1.465s][debug][gc,phases      ] GC(10)     Code Root Scan (ms):           Min:  0.0, Avg:  0.0, Max:  0.0, Diff:  0.0, Sum:  0.0, Workers: 4
[1.465s][debug][gc,phases      ] GC(10)     Object Copy (ms):              Min: 26.2, Avg: 26.8, Max: 27.6, Diff:  1.4, Sum: 107.1, Workers: 4
[1.465s][debug][gc,phases      ] GC(10)     Termination (ms):              Min:  0.0, Avg:  0.0, Max:  0.1, Diff:  0.1, Sum:  0.2, Workers: 4
[1.465s][debug][gc,phases      ] GC(10)       Termination Attempts:          Min: 1, Avg: 15.3, Max: 27, Diff: 26, Sum: 61, Workers: 4
[1.465s][debug][gc,phases      ] GC(10)     GC Worker Other (ms):          Min:  0.0, Avg:  0.0, Max:  0.0, Diff:  0.0, Sum:  0.0, Workers: 4
[1.465s][debug][gc,phases      ] GC(10)     GC Worker Total (ms):          Min: 31.2, Avg: 31.2, Max: 31.3, Diff:  0.1, Sum: 124.8, Workers: 4
[1.465s][info ][gc,phases      ] GC(10)   Post Evacuate Collection Set: 0.5ms
[1.465s][debug][gc,phases      ] GC(10)     Code Roots Fixup: 0.0ms
[1.466s][debug][gc,phases      ] GC(10)     Reference Processing: 0.2ms
[1.466s][debug][gc,phases,ref  ] GC(10)       Reconsider SoftReferences: 0.1ms
[1.466s][debug][gc,phases,ref  ] GC(10)         SoftRef (ms):                  skipped
[1.466s][debug][gc,phases,ref  ] GC(10)       Notify Soft/WeakReferences: 0.1ms
[1.466s][debug][gc,phases,ref  ] GC(10)         SoftRef (ms):                  skipped
[1.466s][debug][gc,phases,ref  ] GC(10)         WeakRef (ms):                  skipped
[1.466s][debug][gc,phases,ref  ] GC(10)         FinalRef (ms):                 skipped
[1.466s][debug][gc,phases,ref  ] GC(10)         Total (ms):                    skipped
[1.466s][debug][gc,phases,ref  ] GC(10)       Notify and keep alive finalizable: 0.0ms
[1.466s][debug][gc,phases,ref  ] GC(10)         FinalRef (ms):                 skipped
[1.466s][debug][gc,phases,ref  ] GC(10)       Notify PhantomReferences: 0.0ms
[1.466s][debug][gc,phases,ref  ] GC(10)         PhantomRef (ms):               skipped
[1.466s][debug][gc,phases,ref  ] GC(10)       SoftReference:
[1.466s][debug][gc,phases,ref  ] GC(10)         Discovered: 0
[1.466s][debug][gc,phases,ref  ] GC(10)         Cleared: 0
[1.466s][debug][gc,phases,ref  ] GC(10)       WeakReference:
[1.466s][debug][gc,phases,ref  ] GC(10)         Discovered: 0
[1.466s][debug][gc,phases,ref  ] GC(10)         Cleared: 0
[1.466s][debug][gc,phases,ref  ] GC(10)       FinalReference:
[1.466s][debug][gc,phases,ref  ] GC(10)         Discovered: 0
[1.466s][debug][gc,phases,ref  ] GC(10)         Cleared: 0
[1.466s][debug][gc,phases,ref  ] GC(10)       PhantomReference:
[1.466s][debug][gc,phases,ref  ] GC(10)         Discovered: 0
[1.466s][debug][gc,phases,ref  ] GC(10)         Cleared: 0
[1.466s][debug][gc,phases      ] GC(10)     Weak Processing: 0.0ms
[1.466s][debug][gc,phases      ] GC(10)       VM Weak                        Min:  0.0, Avg:  0.0, Max:  0.0, Diff:  0.0, Sum:  0.0, Workers: 3
[1.466s][debug][gc,phases      ] GC(10)         Dead                           Min: 0, Avg:  0.0, Max: 0, Diff: 0, Sum: 0, Workers: 3
[1.466s][debug][gc,phases      ] GC(10)         Total                          Min: 0, Avg:  4.7, Max: 14, Diff: 14, Sum: 14, Workers: 3
[1.466s][debug][gc,phases      ] GC(10)       ObjectSynchronizer Weak        Min:  0.0, Avg:  0.0, Max:  0.0, Diff:  0.0, Sum:  0.0, Workers: 3
[1.466s][debug][gc,phases      ] GC(10)         Dead                           Min: 0, Avg:  0.0, Max: 0, Diff: 0, Sum: 0, Workers: 3
[1.466s][debug][gc,phases      ] GC(10)         Total                          Min: 0, Avg:  1.0, Max: 3, Diff: 3, Sum: 3, Workers: 3
[1.466s][debug][gc,phases      ] GC(10)       JVMTI Tag Weak OopStorage      Min:  0.0, Avg:  0.0, Max:  0.0, Diff:  0.0, Sum:  0.0, Workers: 3
[1.466s][debug][gc,phases      ] GC(10)         Dead                           Min: 0, Avg:  0.0, Max: 0, Diff: 0, Sum: 0, Workers: 3
[1.466s][debug][gc,phases      ] GC(10)         Total                          Min: 0, Avg:  0.0, Max: 0, Diff: 0, Sum: 0, Workers: 3
[1.466s][debug][gc,phases      ] GC(10)       StringTable Weak               Min:  0.0, Avg:  0.0, Max:  0.0, Diff:  0.0, Sum:  0.0, Workers: 3
[1.466s][debug][gc,phases      ] GC(10)         Dead                           Min: 0, Avg:  0.0, Max: 0, Diff: 0, Sum: 0, Workers: 3
[1.466s][debug][gc,phases      ] GC(10)         Total                          Min: 608, Avg: 821.3, Max: 960, Diff: 352, Sum: 2464, Workers: 3
[1.466s][debug][gc,phases      ] GC(10)       ResolvedMethodTable Weak       Min:  0.0, Avg:  0.0, Max:  0.0, Diff:  0.0, Sum:  0.0, Workers: 3
[1.466s][debug][gc,phases      ] GC(10)         Dead                           Min: 0, Avg:  0.0, Max: 0, Diff: 0, Sum: 0, Workers: 3
[1.466s][debug][gc,phases      ] GC(10)         Total                          Min: 9, Avg: 45.7, Max: 64, Diff: 55, Sum: 137, Workers: 3
[1.466s][debug][gc,phases      ] GC(10)       JNI Weak                       Min:  0.0, Avg:  0.0, Max:  0.0, Diff:  0.0, Sum:  0.0, Workers: 3
[1.466s][debug][gc,phases      ] GC(10)         Dead                           Min: 0, Avg:  0.0, Max: 0, Diff: 0, Sum: 0, Workers: 3
[1.466s][debug][gc,phases      ] GC(10)         Total                          Min: 0, Avg:  0.0, Max: 0, Diff: 0, Sum: 0, Workers: 3
[1.466s][debug][gc,phases      ] GC(10)       StringDedup Table Weak         Min:  0.0, Avg:  0.0, Max:  0.0, Diff:  0.0, Sum:  0.0, Workers: 3
[1.466s][debug][gc,phases      ] GC(10)         Dead                           Min: 0, Avg:  0.0, Max: 0, Diff: 0, Sum: 0, Workers: 3
[1.467s][debug][gc,phases      ] GC(10)         Total                          Min: 0, Avg:  0.0, Max: 0, Diff: 0, Sum: 0, Workers: 3
[1.467s][debug][gc,phases      ] GC(10)       StringDedup Requests0 Weak     Min:  0.0, Avg:  0.0, Max:  0.0, Diff:  0.0, Sum:  0.0, Workers: 3
[1.467s][debug][gc,phases      ] GC(10)         Dead                           Min: 0, Avg:  0.0, Max: 0, Diff: 0, Sum: 0, Workers: 3
[1.467s][debug][gc,phases      ] GC(10)         Total                          Min: 0, Avg:  0.0, Max: 0, Diff: 0, Sum: 0, Workers: 3
[1.467s][debug][gc,phases      ] GC(10)       StringDedup Requests1 Weak     Min:  0.0, Avg:  0.0, Max:  0.0, Diff:  0.0, Sum:  0.0, Workers: 3
[1.467s][debug][gc,phases      ] GC(10)         Dead                           Min: 0, Avg:  0.0, Max: 0, Diff: 0, Sum: 0, Workers: 3
[1.467s][debug][gc,phases      ] GC(10)         Total                          Min: 0, Avg:  0.0, Max: 0, Diff: 0, Sum: 0, Workers: 3
[1.467s][debug][gc,phases      ] GC(10)       Weak JFR Old Object Samples    Min:  0.0, Avg:  0.0, Max:  0.0, Diff:  0.0, Sum:  0.0, Workers: 3
[1.467s][debug][gc,phases      ] GC(10)         Dead                           Min: 0, Avg:  0.0, Max: 0, Diff: 0, Sum: 0, Workers: 3
[1.467s][debug][gc,phases      ] GC(10)         Total                          Min: 0, Avg:  0.0, Max: 0, Diff: 0, Sum: 0, Workers: 3
[1.467s][debug][gc,phases      ] GC(10)     Post Evacuate Cleanup 1: 0.0ms
[1.467s][debug][gc,phases      ] GC(10)       Merge Per-Thread State (ms):   Min:  0.0, Avg:  0.0, Max:  0.0, Diff:  0.0, Sum:  0.0, Workers: 1
[1.467s][debug][gc,phases      ] GC(10)         Copied Bytes                   Min: 3840352, Avg: 5208968.0, Max: 6366992, Diff: 2526640, Sum: 20835872, Workers: 4
[1.467s][debug][gc,phases      ] GC(10)         LAB Waste                      Min: 184, Avg: 248.0, Max: 312, Diff: 128, Sum: 992, Workers: 4
[1.467s][debug][gc,phases      ] GC(10)         LAB Undo Waste                 Min: 0, Avg:  0.0, Max: 0, Diff: 0, Sum: 0, Workers: 4
[1.467s][debug][gc,phases      ] GC(10)       Clear Logged Cards (ms):       Min:  0.0, Avg:  0.0, Max:  0.0, Diff:  0.0, Sum:  0.0, Workers: 3
[1.467s][debug][gc,phases      ] GC(10)       Recalculate Used Memory (ms):  Min:  0.0, Avg:  0.0, Max:  0.0, Diff:  0.0, Sum:  0.0, Workers: 1
[1.467s][debug][gc,phases      ] GC(10)     Post Evacuate Cleanup 2: 0.1ms
[1.467s][debug][gc,phases      ] GC(10)       Reset Hot Card Cache (ms):     Min:  0.0, Avg:  0.0, Max:  0.0, Diff:  0.0, Sum:  0.0, Workers: 1
[1.467s][debug][gc,phases      ] GC(10)       Purge Code Roots (ms):         Min:  0.0, Avg:  0.0, Max:  0.0, Diff:  0.0, Sum:  0.0, Workers: 1
[1.467s][debug][gc,phases      ] GC(10)       Update Derived Pointers (ms):  Min:  0.0, Avg:  0.0, Max:  0.0, Diff:  0.0, Sum:  0.0, Workers: 1
[1.467s][debug][gc,phases      ] GC(10)       Eagerly Reclaim Humongous Objects (ms): Min:  0.0, Avg:  0.0, Max:  0.0, Diff:  0.0, Sum:  0.0, Workers: 1
[1.467s][debug][gc,phases      ] GC(10)         Humongous Total                Min: 11, Avg: 11.0, Max: 11, Diff: 0, Sum: 11, Workers: 1
[1.467s][debug][gc,phases      ] GC(10)         Humongous Candidates           Min: 0, Avg:  0.0, Max: 0, Diff: 0, Sum: 0, Workers: 1
[1.467s][debug][gc,phases      ] GC(10)         Humongous Reclaimed            Min: 0, Avg:  0.0, Max: 0, Diff: 0, Sum: 0, Workers: 1
[1.467s][debug][gc,phases      ] GC(10)       Redirty Logged Cards (ms):     Min:  0.0, Avg:  0.0, Max:  0.0, Diff:  0.0, Sum:  0.0, Workers: 4
[1.467s][debug][gc,phases      ] GC(10)         Redirtied Cards:               Min: 0, Avg: 641.0, Max: 1487, Diff: 1487, Sum: 2564, Workers: 4
[1.467s][debug][gc,phases      ] GC(10)       Free Collection Set (ms):      Min:  0.0, Avg:  0.0, Max:  0.0, Diff:  0.0, Sum:  0.0, Workers: 4
[1.467s][debug][gc,phases      ] GC(10)     Rebuild Free List: 0.1ms
[1.467s][debug][gc,phases      ] GC(10)     Start New Collection Set: 0.0ms
[1.467s][debug][gc,phases      ] GC(10)     Resize TLABs: 0.0ms
[1.467s][debug][gc,phases      ] GC(10)     Expand Heap After Collection: 0.0ms
[1.467s][info ][gc,phases      ] GC(10)   Other: 0.9ms
[1.467s][info ][gc,heap        ] GC(10) Eden regions: 31->0(34)
[1.467s][info ][gc,heap        ] GC(10) Survivor regions: 5->5(5)
[1.467s][info ][gc,heap        ] GC(10) Old regions: 189->204
[1.467s][info ][gc,heap        ] GC(10) Archive regions: 0->0
[1.467s][info ][gc,heap        ] GC(10) Humongous regions: 110->110
[1.467s][info ][gc,metaspace   ] GC(10) Metaspace: 493K(640K)->493K(640K) NonClass: 455K(512K)->455K(512K) Class: 37K(128K)->37K(128K)
[1.467s][debug][gc,heap        ] GC(10) Heap after GC invocations=10 (full 0):
[1.467s][debug][gc,heap        ] GC(10)  garbage-first heap   total 524288K, used 326656K [0x00000000e0000000, 0x0000000100000000)
[1.467s][debug][gc,heap        ] GC(10)   region size 1024K, 5 young (5120K), 5 survivors (5120K)
[1.467s][debug][gc,heap        ] GC(10)  Metaspace       used 493K, committed 640K, reserved 1056768K
[1.467s][debug][gc,heap        ] GC(10)   class space    used 37K, committed 128K, reserved 1048576K
[1.467s][info ][gc             ] GC(10) Pause Young (Normal) (G1 Evacuation Pause) 334M->319M(512M) 36.040ms
[1.467s][info ][gc,cpu         ] GC(10) User=0.05s Sys=0.02s Real=0.04s
[1.467s][debug][gc,task        ] G1 Service Thread (Remembered Set Sampling Task) (run) 3.783ms (cpu: 0.000ms)
[1.467s][debug][gc,refine      ] Deactivated worker 0, off threshold: 2409, current: 2198, refined cards: 366
[1.467s][info ][gc,start       ] GC(8) Pause Remark
[1.468s][debug][gc,phases,start] GC(8) Finalize Marking
[1.468s][debug][gc,stats       ] ---------------------------------------------------------------------
[1.468s][debug][gc,stats       ] Marking Stats, task = 0, calls = 45
[1.468s][debug][gc,stats       ]   Elapsed time = 0.04ms, Termination time = 0.00ms
[1.468s][debug][gc,stats       ]   Step Times (cum): num = 45, avg = 4.53ms, sd = 7.12ms max = 16.00ms, total = 204.00ms
[1.468s][debug][gc,stats       ]   Mark Stats Cache: hits 2305489 misses 0 ratio 100.000
[1.468s][debug][gc,stats       ] ---------------------------------------------------------------------
[1.468s][debug][gc,stats       ] Marking Stats, task = 1, calls = 1
[1.468s][debug][gc,stats       ]   Elapsed time = 0.03ms, Termination time = 0.00ms
[1.468s][debug][gc,stats       ]   Step Times (cum): num = 1, avg = 0.00ms, sd = 0.00ms max = 0.00ms, total = 0.00ms
[1.468s][debug][gc,stats       ]   Mark Stats Cache: hits 17 misses 0 ratio 100.000
[1.468s][debug][gc,stats       ] ---------------------------------------------------------------------
[1.468s][debug][gc,stats       ] Marking Stats, task = 2, calls = 1
[1.468s][debug][gc,stats       ]   Elapsed time = 0.03ms, Termination time = 0.00ms
[1.468s][debug][gc,stats       ]   Step Times (cum): num = 1, avg = 0.00ms, sd = 0.00ms max = 0.00ms, total = 0.00ms
[1.468s][debug][gc,stats       ]   Mark Stats Cache: hits 41 misses 0 ratio 100.000
[1.468s][debug][gc,stats       ] ---------------------------------------------------------------------
[1.468s][debug][gc,stats       ] Marking Stats, task = 3, calls = 1
[1.468s][debug][gc,stats       ]   Elapsed time = 0.01ms, Termination time = 0.00ms
[1.468s][debug][gc,stats       ]   Step Times (cum): num = 1, avg = 0.00ms, sd = 0.00ms max = 0.00ms, total = 0.00ms
[1.468s][debug][gc,stats       ]   Mark Stats Cache: hits 7 misses 0 ratio 100.000
[1.468s][debug][gc,stats       ] ---------------------------------------------------------------------
[1.468s][debug][gc,phases      ] GC(8) Finalize Marking 0.579ms
[1.468s][debug][gc,phases,start] GC(8) Reference Processing
[1.468s][debug][gc,ref         ] GC(8) Skipped phase 1 of Reference Processing: no references
[1.468s][debug][gc,ref         ] GC(8) Skipped phase 2 of Reference Processing: no references
[1.468s][debug][gc,ref         ] GC(8) Skipped phase 3 of Reference Processing: no references
[1.468s][debug][gc,ref         ] GC(8) Skipped phase 4 of Reference Processing: no references
[1.468s][debug][gc,phases,ref  ] GC(8) Reference Processing: 0.1ms
[1.468s][debug][gc,phases,ref  ] GC(8)   Reconsider SoftReferences: 0.0ms
[1.468s][debug][gc,phases,ref  ] GC(8)     SoftRef (ms):                  skipped
[1.468s][debug][gc,phases,ref  ] GC(8)   Notify Soft/WeakReferences: 0.0ms
[1.468s][debug][gc,phases,ref  ] GC(8)     SoftRef (ms):                  skipped
[1.468s][debug][gc,phases,ref  ] GC(8)     WeakRef (ms):                  skipped
[1.468s][debug][gc,phases,ref  ] GC(8)     FinalRef (ms):                 skipped
[1.468s][debug][gc,phases,ref  ] GC(8)     Total (ms):                    skipped
[1.468s][debug][gc,phases,ref  ] GC(8)   Notify and keep alive finalizable: 0.0ms
[1.469s][debug][gc,phases,ref  ] GC(8)     FinalRef (ms):                 skipped
[1.469s][debug][gc,phases,ref  ] GC(8)   Notify PhantomReferences: 0.0ms
[1.469s][debug][gc,phases,ref  ] GC(8)     PhantomRef (ms):               skipped
[1.469s][debug][gc,phases,ref  ] GC(8)   SoftReference:
[1.469s][debug][gc,phases,ref  ] GC(8)     Discovered: 0
[1.469s][debug][gc,phases,ref  ] GC(8)     Cleared: 0
[1.469s][debug][gc,phases,ref  ] GC(8)   WeakReference:
[1.469s][debug][gc,phases,ref  ] GC(8)     Discovered: 0
[1.469s][debug][gc,phases,ref  ] GC(8)     Cleared: 0
[1.469s][debug][gc,phases,ref  ] GC(8)   FinalReference:
[1.469s][debug][gc,phases,ref  ] GC(8)     Discovered: 0
[1.469s][debug][gc,phases,ref  ] GC(8)     Cleared: 0
[1.469s][debug][gc,phases,ref  ] GC(8)   PhantomReference:
[1.469s][debug][gc,phases,ref  ] GC(8)     Discovered: 0
[1.469s][debug][gc,phases,ref  ] GC(8)     Cleared: 0
[1.469s][debug][gc,phases      ] GC(8) Reference Processing 0.747ms
[1.469s][debug][gc,phases,start] GC(8) Weak Processing
[1.469s][debug][gc,phases      ] GC(8)   VM Weak                        Min:  0.0, Avg:  0.0, Max:  0.0, Diff:  0.0, Sum:  0.0, Workers: 3
[1.469s][debug][gc,phases      ] GC(8)     Dead                           Min: 0, Avg:  0.0, Max: 0, Diff: 0, Sum: 0, Workers: 3
[1.469s][debug][gc,phases      ] GC(8)     Total                          Min: 0, Avg:  4.7, Max: 14, Diff: 14, Sum: 14, Workers: 3
[1.469s][debug][gc,phases      ] GC(8)   ObjectSynchronizer Weak        Min:  0.0, Avg:  0.0, Max:  0.0, Diff:  0.0, Sum:  0.0, Workers: 3
[1.469s][debug][gc,phases      ] GC(8)     Dead                           Min: 0, Avg:  0.0, Max: 0, Diff: 0, Sum: 0, Workers: 3
[1.469s][debug][gc,phases      ] GC(8)     Total                          Min: 0, Avg:  1.0, Max: 3, Diff: 3, Sum: 3, Workers: 3
[1.469s][debug][gc,phases      ] GC(8)   JVMTI Tag Weak OopStorage      Min:  0.0, Avg:  0.0, Max:  0.0, Diff:  0.0, Sum:  0.0, Workers: 3
[1.469s][debug][gc,phases      ] GC(8)     Dead                           Min: 0, Avg:  0.0, Max: 0, Diff: 0, Sum: 0, Workers: 3
[1.469s][debug][gc,phases      ] GC(8)     Total                          Min: 0, Avg:  0.0, Max: 0, Diff: 0, Sum: 0, Workers: 3
[1.469s][debug][gc,phases      ] GC(8)   StringTable Weak               Min:  0.0, Avg:  0.0, Max:  0.0, Diff:  0.0, Sum:  0.1, Workers: 3
[1.469s][debug][gc,phases      ] GC(8)     Dead                           Min: 0, Avg:  0.0, Max: 0, Diff: 0, Sum: 0, Workers: 3
[1.469s][debug][gc,phases      ] GC(8)     Total                          Min: 640, Avg: 821.3, Max: 960, Diff: 320, Sum: 2464, Workers: 3
[1.469s][debug][gc,phases      ] GC(8)   ResolvedMethodTable Weak       Min:  0.0, Avg:  0.0, Max:  0.0, Diff:  0.0, Sum:  0.0, Workers: 3
[1.469s][debug][gc,phases      ] GC(8)     Dead                           Min: 0, Avg:  0.0, Max: 0, Diff: 0, Sum: 0, Workers: 3
[1.469s][debug][gc,phases      ] GC(8)     Total                          Min: 0, Avg: 45.7, Max: 73, Diff: 73, Sum: 137, Workers: 3
[1.469s][debug][gc,phases      ] GC(8)   JNI Weak                       Min:  0.0, Avg:  0.0, Max:  0.0, Diff:  0.0, Sum:  0.0, Workers: 3
[1.469s][debug][gc,phases      ] GC(8)     Dead                           Min: 0, Avg:  0.0, Max: 0, Diff: 0, Sum: 0, Workers: 3
[1.469s][debug][gc,phases      ] GC(8)     Total                          Min: 0, Avg:  0.0, Max: 0, Diff: 0, Sum: 0, Workers: 3
[1.469s][debug][gc,phases      ] GC(8)   StringDedup Table Weak         Min:  0.0, Avg:  0.0, Max:  0.0, Diff:  0.0, Sum:  0.0, Workers: 3
[1.469s][debug][gc,phases      ] GC(8)     Dead                           Min: 0, Avg:  0.0, Max: 0, Diff: 0, Sum: 0, Workers: 3
[1.469s][debug][gc,phases      ] GC(8)     Total                          Min: 0, Avg:  0.0, Max: 0, Diff: 0, Sum: 0, Workers: 3
[1.469s][debug][gc,phases      ] GC(8)   StringDedup Requests0 Weak     Min:  0.0, Avg:  0.0, Max:  0.0, Diff:  0.0, Sum:  0.0, Workers: 3
[1.469s][debug][gc,phases      ] GC(8)     Dead                           Min: 0, Avg:  0.0, Max: 0, Diff: 0, Sum: 0, Workers: 3
[1.469s][debug][gc,phases      ] GC(8)     Total                          Min: 0, Avg:  0.0, Max: 0, Diff: 0, Sum: 0, Workers: 3
[1.469s][debug][gc,phases      ] GC(8)   StringDedup Requests1 Weak     Min:  0.0, Avg:  0.0, Max:  0.0, Diff:  0.0, Sum:  0.0, Workers: 3
[1.469s][debug][gc,phases      ] GC(8)     Dead                           Min: 0, Avg:  0.0, Max: 0, Diff: 0, Sum: 0, Workers: 3
[1.470s][debug][gc,phases      ] GC(8)     Total                          Min: 0, Avg:  0.0, Max: 0, Diff: 0, Sum: 0, Workers: 3
[1.470s][debug][gc,phases      ] GC(8)   Weak JFR Old Object Samples    Min:  0.0, Avg:  0.0, Max:  0.0, Diff:  0.0, Sum:  0.0, Workers: 3
[1.470s][debug][gc,phases      ] GC(8)     Dead                           Min: 0, Avg:  0.0, Max: 0, Diff: 0, Sum: 0, Workers: 3
[1.470s][debug][gc,phases      ] GC(8)     Total                          Min: 0, Avg:  0.0, Max: 0, Diff: 0, Sum: 0, Workers: 3
[1.470s][debug][gc,phases      ] GC(8) Weak Processing 0.666ms
[1.470s][debug][gc,phases,start] GC(8) Class Unloading
[1.470s][debug][gc,phases,start] GC(8) ClassLoaderData
[1.470s][debug][gc,phases      ] GC(8) ClassLoaderData 0.017ms
[1.470s][debug][gc,phases,start] GC(8) Trigger cleanups
[1.470s][debug][gc,phases      ] GC(8) Trigger cleanups 0.015ms
[1.470s][debug][gc,phases      ] GC(8) Class Unloading 0.256ms
[1.470s][debug][gc,phases,start] GC(8) Flush Task Caches
[1.470s][debug][gc,stats       ] Mark stats cache hits 2305554 misses 0 ratio 100.000
[1.470s][debug][gc,phases      ] GC(8) Flush Task Caches 0.040ms
[1.470s][debug][gc,phases,start] GC(8) Update Remembered Set Tracking Before Rebuild
[1.470s][debug][gc,ergo        ] GC(8) Running G1 Update RemSet Tracking Before Rebuild using 2 workers for 512 regions in heap
[1.470s][debug][gc,remset,tracking] GC(8) Remembered Set Tracking update regions total 512, selected 22
[1.470s][debug][gc,phases         ] GC(8) Update Remembered Set Tracking Before Rebuild 0.115ms
[1.470s][debug][gc,phases,start   ] GC(8) Reclaim Empty Regions
[1.470s][debug][gc                ] GC(8) Reclaimed 160 empty regions
[1.470s][debug][gc,phases         ] GC(8) Reclaim Empty Regions 0.250ms
[1.471s][debug][gc,phases,start   ] GC(8) Purge Metaspace
[1.471s][debug][gc,phases         ] GC(8) Purge Metaspace 0.107ms
[1.471s][debug][gc,phases,start   ] GC(8) Report Object Count
[1.471s][debug][gc,phases         ] GC(8) Report Object Count 0.050ms
[1.471s][debug][gc,mmu            ] GC(8) MMU: 88.1ms (200.0ms/201.0ms)
[1.471s][info ][gc                ] GC(8) Pause Remark 319M->159M(512M) 3.399ms
[1.471s][info ][gc,cpu            ] GC(8) User=0.00s Sys=0.00s Real=0.00s
[1.471s][info ][gc,marking        ] GC(8) Concurrent Mark 314.202ms
[1.471s][info ][gc,marking        ] GC(8) Concurrent Rebuild Remembered Sets
[1.474s][debug][gc,refine         ] Activated worker 0, on threshold: 2921, current: 2966
[1.475s][debug][gc,refine         ] Deactivated worker 0, off threshold: 2409, current: 2293, refined cards: 673
[1.478s][debug][gc,refine         ] Activated worker 0, on threshold: 2921, current: 3061
[1.478s][debug][gc,refine         ] Deactivated worker 0, off threshold: 2409, current: 2401, refined cards: 660
[1.480s][debug][gc,refine         ] Activated worker 0, on threshold: 2921, current: 3169
[1.481s][debug][gc,refine         ] Deactivated worker 0, off threshold: 2409, current: 2304, refined cards: 865
[1.487s][debug][gc,refine         ] Activated worker 0, on threshold: 2921, current: 3072
[1.487s][debug][gc,refine         ] Deactivated worker 0, off threshold: 2409, current: 2304, refined cards: 768
[1.492s][debug][gc,refine         ] Activated worker 0, on threshold: 2921, current: 3072
[1.493s][debug][gc,refine         ] Deactivated worker 0, off threshold: 2409, current: 2304, refined cards: 768
[1.495s][debug][gc,refine         ] Activated worker 0, on threshold: 2921, current: 3072
[1.496s][debug][gc,refine         ] Deactivated worker 0, off threshold: 2409, current: 2304, refined cards: 768
[1.497s][debug][gc,refine         ] Activated worker 0, on threshold: 2921, current: 3072
[1.498s][debug][gc,refine         ] Deactivated worker 0, off threshold: 2409, current: 2304, refined cards: 768
[1.500s][debug][gc,refine         ] Activated worker 0, on threshold: 2921, current: 3072
[1.502s][debug][gc,refine         ] Deactivated worker 0, off threshold: 2409, current: 2304, refined cards: 768
[1.504s][debug][gc,refine         ] Activated worker 0, on threshold: 2921, current: 3072
[1.505s][debug][gc,refine         ] Deactivated worker 0, off threshold: 2409, current: 2304, refined cards: 768
[1.506s][debug][gc,refine         ] Activated worker 0, on threshold: 2921, current: 3072
[1.507s][debug][gc,refine         ] Deactivated worker 0, off threshold: 2409, current: 2304, refined cards: 768
[1.509s][debug][gc,refine         ] Activated worker 0, on threshold: 2921, current: 3072
[1.509s][debug][gc,refine         ] Deactivated worker 0, off threshold: 2409, current: 2304, refined cards: 768
[1.512s][debug][gc,refine         ] Activated worker 0, on threshold: 2921, current: 3072
[1.513s][debug][gc,refine         ] Deactivated worker 0, off threshold: 2409, current: 2304, refined cards: 768
[1.515s][debug][gc,refine         ] Activated worker 0, on threshold: 2921, current: 3072
[1.517s][debug][gc,refine         ] Deactivated worker 0, off threshold: 2409, current: 2304, refined cards: 1024
[1.519s][debug][gc,refine         ] Activated worker 0, on threshold: 2921, current: 3072
[1.519s][debug][gc,refine         ] Deactivated worker 0, off threshold: 2409, current: 2304, refined cards: 768
[1.522s][debug][gc,refine         ] Activated worker 0, on threshold: 2921, current: 3072
[1.523s][debug][gc,refine         ] Deactivated worker 0, off threshold: 2409, current: 2304, refined cards: 768
[1.525s][debug][gc,refine         ] Activated worker 0, on threshold: 2921, current: 3072
[1.526s][debug][gc,refine         ] Deactivated worker 0, off threshold: 2409, current: 2304, refined cards: 768
[1.528s][debug][gc,refine         ] Activated worker 0, on threshold: 2921, current: 3072
[1.529s][debug][gc,refine         ] Deactivated worker 0, off threshold: 2409, current: 2304, refined cards: 1024
[1.532s][debug][gc,refine         ] Activated worker 0, on threshold: 2921, current: 3072
[1.532s][debug][gc,refine         ] Deactivated worker 0, off threshold: 2409, current: 2304, refined cards: 768
[1.534s][debug][gc,refine         ] Activated worker 0, on threshold: 2921, current: 3072
[1.535s][debug][gc,refine         ] Deactivated worker 0, off threshold: 2409, current: 2304, refined cards: 768
[1.537s][debug][gc,refine         ] Activated worker 0, on threshold: 2921, current: 3072
[1.538s][debug][gc,refine         ] Deactivated worker 0, off threshold: 2409, current: 2304, refined cards: 768
[1.541s][debug][gc,refine         ] Activated worker 0, on threshold: 2921, current: 3072
[1.542s][debug][gc,refine         ] Deactivated worker 0, off threshold: 2409, current: 2304, refined cards: 768
[1.544s][debug][gc,heap           ] GC(11) Heap before GC invocations=10 (full 0):
[1.544s][debug][gc,heap           ] GC(11)  garbage-first heap   total 524288K, used 197632K [0x00000000e0000000, 0x0000000100000000)
[1.544s][debug][gc,heap           ] GC(11)   region size 1024K, 39 young (39936K), 5 survivors (5120K)
[1.544s][debug][gc,heap           ] GC(11)  Metaspace       used 493K, committed 640K, reserved 1056768K
[1.544s][debug][gc,heap           ] GC(11)   class space    used 37K, committed 128K, reserved 1048576K
[1.544s][info ][gc,start          ] GC(11) Pause Young (Normal) (G1 Evacuation Pause)
[1.544s][info ][gc,task           ] GC(11) Using 4 workers of 4 for evacuation
[1.544s][debug][gc,tlab           ] GC(11) TLAB totals: thrds: 1  refills: 102 max: 102 slow allocs: 0 max 0 waste:  0.2% gc: 0B max: 0B slow: 58752B max: 58752B
[1.544s][debug][gc,age            ] GC(11) Desired survivor size 2621440 bytes, new threshold 1 (max threshold 15)
[1.544s][debug][gc,refine         ] Activated worker 0, on threshold: 2921, current: 3045
[1.544s][debug][gc,refine,stats   ] GC(11) Mutator refinement: 0.00ms, refined: 0, precleaned: 0, dirtied: 17381
[1.544s][debug][gc,refine,stats   ] GC(11) Concurrent refinement: 17.93ms, refined: 16900, precleaned: 1024, dirtied: 0
[1.544s][debug][gc,refine,stats   ] GC(11) Total refinement: 17.93ms, refined: 16900, precleaned: 1024, dirtied: 17381
[1.544s][debug][gc,refine,stats   ] GC(11) Concurrent refinement rate: 942.31 cards/ms
[1.544s][debug][gc,refine,stats   ] GC(11) Generate dirty cards rate: 226.52 cards/ms
[1.544s][debug][gc,alloc,region   ] GC(11) Mutator Allocation stats, regions: 34, wasted size: 0B ( 0.0%)
[1.545s][debug][gc,humongous      ] GC(11) Humongous region 155 (object size 36920416 @ 0x00000000e9b00000) remset 1 code roots 0 marked 0 reclaim candidate 0 type array 0
[1.545s][debug][gc,ergo           ] GC(11) Running G1 Merge Heap Roots using 4 workers for 39 regions
[1.545s][debug][gc,remset         ] GC(11) Visited cards 20736 Total dirty 28672 (72.32%) Total old 475136 (4.36%)
[1.595s][debug][gc,ref            ] GC(11) Skipped phase 1 of Reference Processing: no references
[1.595s][debug][gc,ref            ] GC(11) Skipped phase 2 of Reference Processing: no references
[1.595s][debug][gc,ref            ] GC(11) Skipped phase 3 of Reference Processing: no references
[1.595s][debug][gc,ref            ] GC(11) Skipped phase 4 of Reference Processing: no references
[1.595s][debug][gc,ergo           ] GC(11) Running G1 Rebuild Free List Task using 4 workers for rebuilding free list of regions
[1.596s][debug][gc,plab           ] GC(11) Young PLAB allocation: allocated: 5242880B, wasted: 400B, unused: 0B, used: 5242480B, undo waste: 0B, 
[1.596s][debug][gc,plab           ] GC(11) Young other allocation: region end waste: 0B, regions filled: 5, direct allocated: 0B, failure used: 0B, failure wasted: 0B
[1.596s][debug][gc,plab           ] GC(11) Young sizing: calculated: 1048496B, actual: 1045208B
[1.596s][debug][gc,plab           ] GC(11) Old PLAB allocation: allocated: 36700160B, wasted: 1056B, unused: 1106432B, used: 35592672B, undo waste: 0B, 
[1.596s][debug][gc,plab           ] GC(11) Old other allocation: region end waste: 0B, regions filled: 35, direct allocated: 0B, failure used: 0B, failure wasted: 0B
[1.596s][debug][gc,plab           ] GC(11) Old sizing: calculated: 7118528B, actual: 6283120B
[1.596s][debug][gc,ergo,heap      ] GC(11) Heap expansion: short term pause time ratio 49.81% long term pause time ratio 35.94% threshold 7.69% pause time ratio 7.69% fully expanded true resize by 0B
[1.596s][debug][gc,mmu            ] GC(11) MMU: 87.7ms (200.0ms/201.0ms)
[1.596s][debug][gc,alloc,stats    ] Old generation allocation in the last mutator period, old gen allocated: 36700160B, humongous allocated: 0B,old gen growth: 36700160B.
[1.596s][debug][gc,ihop           ] GC(11) Basic information (value update), threshold: 241591910B (45.00), target occupancy: 536870912B, current occupancy: 203423744B, recent allocation size: 36700160B, recent allocation duration: 76.73ms, recent old gen allocation rate: 478297632.76B/s, recent marking phase length: 0.00ms
[1.596s][debug][gc,ihop           ] GC(11) Adaptive IHOP information (value update), threshold: 241591910B (52.94), internal target occupancy: 456340275B, occupancy: 203423744B, additional buffer size: 81788928B, predicted old gen allocation rate: 347179979.11B/s, predicted marking phase length: 0.00ms, prediction active: false
[1.596s][debug][gc,ergo,refine    ] GC(11) Concurrent refinement times: Logged Cards Scan time goal: 20.00ms Logged Cards Scan time: 1.19ms HCC time: 0.00ms
[1.596s][debug][gc,ergo,refine    ] GC(11) Updated Refinement Zones: green: 2649, yellow: 7947, red: 13245
[1.596s][info ][gc,phases         ] GC(11)   Pre Evacuate Collection Set: 0.1ms
[1.596s][debug][gc,phases         ] GC(11)     Prepare TLABs: 0.0ms
[1.596s][debug][gc,phases         ] GC(11)     Concatenate Dirty Card Logs: 0.0ms
[1.596s][debug][gc,phases         ] GC(11)     Choose Collection Set: 0.0ms
[1.596s][debug][gc,phases         ] GC(11)     Region Register: 0.1ms
[1.596s][debug][gc,phases         ] GC(11)     Prepare Heap Roots: 0.0ms
[1.596s][info ][gc,phases         ] GC(11)   Merge Heap Roots: 0.1ms
[1.596s][debug][gc,phases         ] GC(11)     Prepare Merge Heap Roots: 0.0ms
[1.596s][debug][gc,phases         ] GC(11)     Eager Reclaim (ms):            skipped
[1.596s][debug][gc,phases         ] GC(11)     Remembered Sets (ms):          Min:  0.0, Avg:  0.0, Max:  0.0, Diff:  0.0, Sum:  0.2, Workers: 4
[1.596s][debug][gc,phases         ] GC(11)       Merged Sparse:                 Min: 0, Avg:  0.0, Max: 0, Diff: 0, Sum: 0, Workers: 4
[1.596s][debug][gc,phases         ] GC(11)       Merged Fine:                   Min: 9, Avg: 13.8, Max: 25, Diff: 16, Sum: 55, Workers: 4
[1.596s][debug][gc,phases         ] GC(11)       Merged Coarse:                 Min: 0, Avg:  0.0, Max: 0, Diff: 0, Sum: 0, Workers: 4
[1.596s][debug][gc,phases         ] GC(11)       Dirty Cards:                   Min: 3576, Avg: 3961.8, Max: 4106, Diff: 530, Sum: 15847, Workers: 4
[1.596s][debug][gc,phases         ] GC(11)     Hot Card Cache (ms):           Min:  0.0, Avg:  0.0, Max:  0.0, Diff:  0.0, Sum:  0.0, Workers: 4
[1.596s][debug][gc,phases         ] GC(11)       Dirty Cards:                   Min: 152, Avg: 248.0, Max: 312, Diff: 160, Sum: 992, Workers: 4
[1.596s][debug][gc,phases         ] GC(11)       Skipped Cards:                 Min: 0, Avg:  0.0, Max: 0, Diff: 0, Sum: 0, Workers: 4
[1.596s][debug][gc,phases         ] GC(11)     Log Buffers (ms):              Min:  0.0, Avg:  0.0, Max:  0.0, Diff:  0.0, Sum:  0.1, Workers: 4
[1.596s][debug][gc,phases         ] GC(11)       Dirty Cards:                   Min: 733, Avg: 753.3, Max: 760, Diff: 27, Sum: 3013, Workers: 4
[1.597s][debug][gc,phases         ] GC(11)       Skipped Cards:                 Min: 0, Avg:  0.0, Max: 0, Diff: 0, Sum: 0, Workers: 4
[1.597s][info ][gc,phases         ] GC(11)   Evacuate Collection Set: 50.4ms
[1.597s][debug][gc,phases         ] GC(11)     Ext Root Scanning (ms):        Min:  0.0, Avg:  0.0, Max:  0.0, Diff:  0.0, Sum:  0.1, Workers: 4
[1.597s][debug][gc,phases         ] GC(11)     Scan Heap Roots (ms):          Min:  7.1, Avg:  7.8, Max:  9.3, Diff:  2.2, Sum: 31.1, Workers: 4
[1.597s][debug][gc,phases         ] GC(11)       Scanned Cards:                 Min: 4608, Avg: 4986.3, Max: 5349, Diff: 741, Sum: 19945, Workers: 4
[1.597s][debug][gc,phases         ] GC(11)       Scanned Blocks:                Min: 18, Avg: 20.3, Max: 22, Diff: 4, Sum: 81, Workers: 4
[1.597s][debug][gc,phases         ] GC(11)       Claimed Chunks:                Min: 18, Avg: 20.3, Max: 22, Diff: 4, Sum: 81, Workers: 4
[1.597s][debug][gc,phases         ] GC(11)     Code Root Scan (ms):           Min:  0.0, Avg:  0.0, Max:  0.0, Diff:  0.0, Sum:  0.0, Workers: 4
[1.597s][debug][gc,phases         ] GC(11)     Object Copy (ms):              Min: 41.0, Avg: 42.5, Max: 43.2, Diff:  2.2, Sum: 170.1, Workers: 4
[1.597s][debug][gc,phases         ] GC(11)     Termination (ms):              Min:  0.0, Avg:  0.0, Max:  0.0, Diff:  0.0, Sum:  0.0, Workers: 4
[1.597s][debug][gc,phases         ] GC(11)       Termination Attempts:          Min: 1, Avg: 12.3, Max: 19, Diff: 18, Sum: 49, Workers: 4
[1.597s][debug][gc,phases         ] GC(11)     GC Worker Other (ms):          Min:  0.0, Avg:  0.0, Max:  0.0, Diff:  0.0, Sum:  0.1, Workers: 4
[1.597s][debug][gc,phases         ] GC(11)     GC Worker Total (ms):          Min: 50.3, Avg: 50.3, Max: 50.3, Diff:  0.0, Sum: 201.3, Workers: 4
[1.597s][info ][gc,phases         ] GC(11)   Post Evacuate Collection Set: 0.5ms
[1.597s][debug][gc,phases         ] GC(11)     Code Roots Fixup: 0.0ms
[1.597s][debug][gc,phases         ] GC(11)     Reference Processing: 0.2ms
[1.597s][debug][gc,phases,ref     ] GC(11)       Reconsider SoftReferences: 0.1ms
[1.597s][debug][gc,phases,ref     ] GC(11)         SoftRef (ms):                  skipped
[1.597s][debug][gc,phases,ref     ] GC(11)       Notify Soft/WeakReferences: 0.0ms
[1.597s][debug][gc,phases,ref     ] GC(11)         SoftRef (ms):                  skipped
[1.597s][debug][gc,phases,ref     ] GC(11)         WeakRef (ms):                  skipped
[1.597s][debug][gc,phases,ref     ] GC(11)         FinalRef (ms):                 skipped
[1.597s][debug][gc,phases,ref     ] GC(11)         Total (ms):                    skipped
[1.597s][debug][gc,phases,ref     ] GC(11)       Notify and keep alive finalizable: 0.0ms
[1.597s][debug][gc,phases,ref     ] GC(11)         FinalRef (ms):                 skipped
[1.597s][debug][gc,phases,ref     ] GC(11)       Notify PhantomReferences: 0.0ms
[1.597s][debug][gc,phases,ref     ] GC(11)         PhantomRef (ms):               skipped
[1.597s][debug][gc,phases,ref     ] GC(11)       SoftReference:
[1.597s][debug][gc,phases,ref     ] GC(11)         Discovered: 0
[1.597s][debug][gc,phases,ref     ] GC(11)         Cleared: 0
[1.597s][debug][gc,phases,ref     ] GC(11)       WeakReference:
[1.597s][debug][gc,phases,ref     ] GC(11)         Discovered: 0
[1.597s][debug][gc,phases,ref     ] GC(11)         Cleared: 0
[1.597s][debug][gc,phases,ref     ] GC(11)       FinalReference:
[1.597s][debug][gc,phases,ref     ] GC(11)         Discovered: 0
[1.597s][debug][gc,phases,ref     ] GC(11)         Cleared: 0
[1.597s][debug][gc,phases,ref     ] GC(11)       PhantomReference:
[1.597s][debug][gc,phases,ref     ] GC(11)         Discovered: 0
[1.597s][debug][gc,phases,ref     ] GC(11)         Cleared: 0
[1.597s][debug][gc,phases         ] GC(11)     Weak Processing: 0.0ms
[1.597s][debug][gc,phases         ] GC(11)       VM Weak                        Min:  0.0, Avg:  0.0, Max:  0.0, Diff:  0.0, Sum:  0.0, Workers: 3
[1.597s][debug][gc,phases         ] GC(11)         Dead                           Min: 0, Avg:  0.0, Max: 0, Diff: 0, Sum: 0, Workers: 3
[1.597s][debug][gc,phases         ] GC(11)         Total                          Min: 0, Avg:  4.7, Max: 14, Diff: 14, Sum: 14, Workers: 3
[1.597s][debug][gc,phases         ] GC(11)       ObjectSynchronizer Weak        Min:  0.0, Avg:  0.0, Max:  0.0, Diff:  0.0, Sum:  0.0, Workers: 3
[1.597s][debug][gc,phases         ] GC(11)         Dead                           Min: 0, Avg:  0.0, Max: 0, Diff: 0, Sum: 0, Workers: 3
[1.597s][debug][gc,phases         ] GC(11)         Total                          Min: 0, Avg:  1.0, Max: 3, Diff: 3, Sum: 3, Workers: 3
[1.597s][debug][gc,phases         ] GC(11)       JVMTI Tag Weak OopStorage      Min:  0.0, Avg:  0.0, Max:  0.0, Diff:  0.0, Sum:  0.0, Workers: 3
[1.597s][debug][gc,phases         ] GC(11)         Dead                           Min: 0, Avg:  0.0, Max: 0, Diff: 0, Sum: 0, Workers: 3
[1.597s][debug][gc,phases         ] GC(11)         Total                          Min: 0, Avg:  0.0, Max: 0, Diff: 0, Sum: 0, Workers: 3
[1.597s][debug][gc,phases         ] GC(11)       StringTable Weak               Min:  0.0, Avg:  0.0, Max:  0.0, Diff:  0.0, Sum:  0.0, Workers: 3
[1.597s][debug][gc,phases         ] GC(11)         Dead                           Min: 0, Avg:  0.0, Max: 0, Diff: 0, Sum: 0, Workers: 3
[1.597s][debug][gc,phases         ] GC(11)         Total                          Min: 544, Avg: 821.3, Max: 1088, Diff: 544, Sum: 2464, Workers: 3
[1.597s][debug][gc,phases         ] GC(11)       ResolvedMethodTable Weak       Min:  0.0, Avg:  0.0, Max:  0.0, Diff:  0.0, Sum:  0.0, Workers: 3
[1.597s][debug][gc,phases         ] GC(11)         Dead                           Min: 0, Avg:  0.0, Max: 0, Diff: 0, Sum: 0, Workers: 3
[1.597s][debug][gc,phases         ] GC(11)         Total                          Min: 9, Avg: 45.7, Max: 64, Diff: 55, Sum: 137, Workers: 3
[1.597s][debug][gc,phases         ] GC(11)       JNI Weak                       Min:  0.0, Avg:  0.0, Max:  0.0, Diff:  0.0, Sum:  0.0, Workers: 3
[1.597s][debug][gc,phases         ] GC(11)         Dead                           Min: 0, Avg:  0.0, Max: 0, Diff: 0, Sum: 0, Workers: 3
[1.597s][debug][gc,phases         ] GC(11)         Total                          Min: 0, Avg:  0.0, Max: 0, Diff: 0, Sum: 0, Workers: 3
[1.597s][debug][gc,phases         ] GC(11)       StringDedup Table Weak         Min:  0.0, Avg:  0.0, Max:  0.0, Diff:  0.0, Sum:  0.0, Workers: 3
[1.597s][debug][gc,phases         ] GC(11)         Dead                           Min: 0, Avg:  0.0, Max: 0, Diff: 0, Sum: 0, Workers: 3
[1.597s][debug][gc,phases         ] GC(11)         Total                          Min: 0, Avg:  0.0, Max: 0, Diff: 0, Sum: 0, Workers: 3
[1.598s][debug][gc,phases         ] GC(11)       StringDedup Requests0 Weak     Min:  0.0, Avg:  0.0, Max:  0.0, Diff:  0.0, Sum:  0.0, Workers: 3
[1.598s][debug][gc,phases         ] GC(11)         Dead                           Min: 0, Avg:  0.0, Max: 0, Diff: 0, Sum: 0, Workers: 3
[1.598s][debug][gc,phases         ] GC(11)         Total                          Min: 0, Avg:  0.0, Max: 0, Diff: 0, Sum: 0, Workers: 3
[1.598s][debug][gc,phases         ] GC(11)       StringDedup Requests1 Weak     Min:  0.0, Avg:  0.0, Max:  0.0, Diff:  0.0, Sum:  0.0, Workers: 3
[1.598s][debug][gc,phases         ] GC(11)         Dead                           Min: 0, Avg:  0.0, Max: 0, Diff: 0, Sum: 0, Workers: 3
[1.598s][debug][gc,phases         ] GC(11)         Total                          Min: 0, Avg:  0.0, Max: 0, Diff: 0, Sum: 0, Workers: 3
[1.598s][debug][gc,phases         ] GC(11)       Weak JFR Old Object Samples    Min:  0.0, Avg:  0.0, Max:  0.0, Diff:  0.0, Sum:  0.0, Workers: 3
[1.598s][debug][gc,phases         ] GC(11)         Dead                           Min: 0, Avg:  0.0, Max: 0, Diff: 0, Sum: 0, Workers: 3
[1.598s][debug][gc,phases         ] GC(11)         Total                          Min: 0, Avg:  0.0, Max: 0, Diff: 0, Sum: 0, Workers: 3
[1.598s][debug][gc,phases         ] GC(11)     Post Evacuate Cleanup 1: 0.0ms
[1.598s][debug][gc,phases         ] GC(11)       Merge Per-Thread State (ms):   Min:  0.0, Avg:  0.0, Max:  0.0, Diff:  0.0, Sum:  0.0, Workers: 1
[1.598s][debug][gc,phases         ] GC(11)         Copied Bytes                   Min: 9564976, Avg: 10208788.0, Max: 10994608, Diff: 1429632, Sum: 40835152, Workers: 4
[1.598s][debug][gc,phases         ] GC(11)         LAB Waste                      Min: 304, Avg: 364.0, Max: 432, Diff: 128, Sum: 1456, Workers: 4
[1.598s][debug][gc,phases         ] GC(11)         LAB Undo Waste                 Min: 0, Avg:  0.0, Max: 0, Diff: 0, Sum: 0, Workers: 4
[1.598s][debug][gc,phases         ] GC(11)       Clear Logged Cards (ms):       Min:  0.0, Avg:  0.0, Max:  0.0, Diff:  0.0, Sum:  0.0, Workers: 3
[1.598s][debug][gc,phases         ] GC(11)       Recalculate Used Memory (ms):  Min:  0.0, Avg:  0.0, Max:  0.0, Diff:  0.0, Sum:  0.0, Workers: 1
[1.598s][debug][gc,phases         ] GC(11)     Post Evacuate Cleanup 2: 0.1ms
[1.598s][debug][gc,phases         ] GC(11)       Reset Hot Card Cache (ms):     Min:  0.0, Avg:  0.0, Max:  0.0, Diff:  0.0, Sum:  0.0, Workers: 1
[1.598s][debug][gc,phases         ] GC(11)       Purge Code Roots (ms):         Min:  0.0, Avg:  0.0, Max:  0.0, Diff:  0.0, Sum:  0.0, Workers: 1
[1.598s][debug][gc,phases         ] GC(11)       Update Derived Pointers (ms):  Min:  0.0, Avg:  0.0, Max:  0.0, Diff:  0.0, Sum:  0.0, Workers: 1
[1.598s][debug][gc,phases         ] GC(11)       Eagerly Reclaim Humongous Objects (ms): Min:  0.0, Avg:  0.0, Max:  0.0, Diff:  0.0, Sum:  0.0, Workers: 1
[1.598s][debug][gc,phases         ] GC(11)         Humongous Total                Min: 1, Avg:  1.0, Max: 1, Diff: 0, Sum: 1, Workers: 1
[1.598s][debug][gc,phases         ] GC(11)         Humongous Candidates           Min: 0, Avg:  0.0, Max: 0, Diff: 0, Sum: 0, Workers: 1
[1.598s][debug][gc,phases         ] GC(11)         Humongous Reclaimed            Min: 0, Avg:  0.0, Max: 0, Diff: 0, Sum: 0, Workers: 1
[1.598s][debug][gc,phases         ] GC(11)       Redirty Logged Cards (ms):     Min:  0.0, Avg:  0.0, Max:  0.0, Diff:  0.0, Sum:  0.0, Workers: 4
[1.598s][debug][gc,phases         ] GC(11)         Redirtied Cards:               Min: 0, Avg: 640.5, Max: 1547, Diff: 1547, Sum: 2562, Workers: 4
[1.598s][debug][gc,phases         ] GC(11)       Free Collection Set (ms):      Min:  0.0, Avg:  0.0, Max:  0.1, Diff:  0.1, Sum:  0.1, Workers: 4
[1.598s][debug][gc,phases         ] GC(11)     Rebuild Free List: 0.1ms
[1.598s][debug][gc,phases         ] GC(11)     Start New Collection Set: 0.0ms
[1.598s][debug][gc,phases         ] GC(11)     Resize TLABs: 0.0ms
[1.598s][debug][gc,phases         ] GC(11)     Expand Heap After Collection: 0.0ms
[1.598s][info ][gc,phases         ] GC(11)   Other: 0.9ms
[1.598s][info ][gc,heap           ] GC(11) Eden regions: 34->0(73)
[1.598s][info ][gc,heap           ] GC(11) Survivor regions: 5->5(5)
[1.598s][info ][gc,heap           ] GC(11) Old regions: 118->153
[1.598s][info ][gc,heap           ] GC(11) Archive regions: 0->0
[1.598s][info ][gc,heap           ] GC(11) Humongous regions: 36->36
[1.598s][info ][gc,metaspace      ] GC(11) Metaspace: 493K(640K)->493K(640K) NonClass: 455K(512K)->455K(512K) Class: 37K(128K)->37K(128K)
[1.598s][debug][gc,heap           ] GC(11) Heap after GC invocations=11 (full 0):
[1.598s][debug][gc,heap           ] GC(11)  garbage-first heap   total 524288K, used 198656K [0x00000000e0000000, 0x0000000100000000)
[1.598s][debug][gc,heap           ] GC(11)   region size 1024K, 5 young (5120K), 5 survivors (5120K)
[1.598s][debug][gc,heap           ] GC(11)  Metaspace       used 493K, committed 640K, reserved 1056768K
[1.598s][debug][gc,heap           ] GC(11)   class space    used 37K, committed 128K, reserved 1048576K
[1.598s][info ][gc                ] GC(11) Pause Young (Normal) (G1 Evacuation Pause) 193M->194M(512M) 54.043ms
[1.598s][info ][gc,cpu            ] GC(11) User=0.17s Sys=0.02s Real=0.05s
[1.598s][debug][gc,refine         ] Deactivated worker 0, off threshold: 2649, current: 2562, refined cards: 0
[1.600s][debug][gc,refine         ] Activated worker 0, on threshold: 3161, current: 3330
[1.601s][debug][gc,refine         ] Deactivated worker 0, off threshold: 2649, current: 2435, refined cards: 895
[1.604s][debug][gc,refine         ] Activated worker 0, on threshold: 3161, current: 3203
[1.605s][debug][gc,refine         ] Deactivated worker 0, off threshold: 2649, current: 2444, refined cards: 759
[1.607s][debug][gc,refine         ] Activated worker 0, on threshold: 3161, current: 3212
[1.608s][debug][gc,refine         ] Deactivated worker 0, off threshold: 2649, current: 2560, refined cards: 652
[1.610s][debug][gc,refine         ] Activated worker 0, on threshold: 3161, current: 3328
[1.612s][debug][gc,refine         ] Deactivated worker 0, off threshold: 2649, current: 2560, refined cards: 768
[1.614s][debug][gc,refine         ] Activated worker 0, on threshold: 3161, current: 3328
[1.615s][debug][gc,refine         ] Deactivated worker 0, off threshold: 2649, current: 2560, refined cards: 1024
[1.618s][debug][gc,refine         ] Activated worker 0, on threshold: 3161, current: 3328
[1.619s][debug][gc,refine         ] Deactivated worker 0, off threshold: 2649, current: 2560, refined cards: 768
[1.622s][debug][gc,refine         ] Activated worker 0, on threshold: 3161, current: 3328
[1.623s][debug][gc,refine         ] Deactivated worker 0, off threshold: 2649, current: 2560, refined cards: 1024
[1.625s][debug][gc,refine         ] Activated worker 0, on threshold: 3161, current: 3328
[1.626s][debug][gc,refine         ] Deactivated worker 0, off threshold: 2649, current: 2560, refined cards: 768
[1.629s][debug][gc,refine         ] Activated worker 0, on threshold: 3161, current: 3328
[1.630s][debug][gc,refine         ] Deactivated worker 0, off threshold: 2649, current: 2560, refined cards: 768
[1.632s][debug][gc,refine         ] Activated worker 0, on threshold: 3161, current: 3328
[1.633s][debug][gc,refine         ] Deactivated worker 0, off threshold: 2649, current: 2560, refined cards: 768
[1.635s][debug][gc,refine         ] Activated worker 0, on threshold: 3161, current: 3328
[1.636s][debug][gc,refine         ] Deactivated worker 0, off threshold: 2649, current: 2560, refined cards: 768
[1.639s][debug][gc,refine         ] Activated worker 0, on threshold: 3161, current: 3328
[1.640s][debug][gc,refine         ] Deactivated worker 0, off threshold: 2649, current: 2560, refined cards: 768
[1.643s][debug][gc,refine         ] Activated worker 0, on threshold: 3161, current: 3328
[1.644s][debug][gc,refine         ] Deactivated worker 0, off threshold: 2649, current: 2560, refined cards: 768
[1.647s][debug][gc,refine         ] Activated worker 0, on threshold: 3161, current: 3328
[1.648s][debug][gc,refine         ] Deactivated worker 0, off threshold: 2649, current: 2560, refined cards: 1024
[1.650s][debug][gc,refine         ] Activated worker 0, on threshold: 3161, current: 3328
[1.652s][debug][gc,refine         ] Deactivated worker 0, off threshold: 2649, current: 2560, refined cards: 768
[1.654s][debug][gc,refine         ] Activated worker 0, on threshold: 3161, current: 3328
[1.655s][debug][gc,refine         ] Deactivated worker 0, off threshold: 2649, current: 2560, refined cards: 768
[1.657s][debug][gc,refine         ] Activated worker 0, on threshold: 3161, current: 3328
[1.658s][debug][gc,refine         ] Deactivated worker 0, off threshold: 2649, current: 2560, refined cards: 768
[1.661s][debug][gc,refine         ] Activated worker 0, on threshold: 3161, current: 3328
[1.662s][debug][gc,refine         ] Deactivated worker 0, off threshold: 2649, current: 2560, refined cards: 768
[1.665s][debug][gc,refine         ] Activated worker 0, on threshold: 3161, current: 3328
[1.665s][debug][gc,refine         ] Deactivated worker 0, off threshold: 2649, current: 2560, refined cards: 768
[1.668s][debug][gc,refine         ] Activated worker 0, on threshold: 3161, current: 3328
[1.669s][debug][gc,refine         ] Deactivated worker 0, off threshold: 2649, current: 2560, refined cards: 768
[1.672s][debug][gc,refine         ] Activated worker 0, on threshold: 3161, current: 3328
[1.673s][debug][gc,refine         ] Deactivated worker 0, off threshold: 2649, current: 2560, refined cards: 768
[1.675s][debug][gc,refine         ] Activated worker 0, on threshold: 3161, current: 3328
[1.676s][debug][gc,refine         ] Deactivated worker 0, off threshold: 2649, current: 2560, refined cards: 768
[1.678s][debug][gc,refine         ] Activated worker 0, on threshold: 3161, current: 3328
[1.679s][debug][gc,refine         ] Deactivated worker 0, off threshold: 2649, current: 2560, refined cards: 1024
[1.682s][debug][gc,refine         ] Activated worker 0, on threshold: 3161, current: 3328
[1.683s][debug][gc,refine         ] Deactivated worker 0, off threshold: 2649, current: 2560, refined cards: 768
[1.686s][debug][gc,refine         ] Activated worker 0, on threshold: 3161, current: 3328
[1.687s][debug][gc,refine         ] Deactivated worker 0, off threshold: 2649, current: 2560, refined cards: 768
[1.689s][debug][gc,refine         ] Activated worker 0, on threshold: 3161, current: 3328
[1.690s][debug][gc,refine         ] Deactivated worker 0, off threshold: 2649, current: 2560, refined cards: 768
[1.694s][debug][gc,refine         ] Activated worker 0, on threshold: 3161, current: 3328
[1.695s][debug][gc,refine         ] Deactivated worker 0, off threshold: 2649, current: 2560, refined cards: 768
[1.697s][debug][gc,refine         ] Activated worker 0, on threshold: 3161, current: 3328
[1.698s][debug][gc,refine         ] Deactivated worker 0, off threshold: 2649, current: 2560, refined cards: 768
[1.702s][debug][gc,refine         ] Activated worker 0, on threshold: 3161, current: 3328
[1.703s][debug][gc,refine         ] Deactivated worker 0, off threshold: 2649, current: 2560, refined cards: 768
[1.712s][debug][gc,refine         ] Activated worker 0, on threshold: 3161, current: 3328
[1.712s][debug][gc,refine         ] Deactivated worker 0, off threshold: 2649, current: 2560, refined cards: 768
[1.715s][debug][gc,refine         ] Activated worker 0, on threshold: 3161, current: 3328
[1.715s][debug][gc,refine         ] Deactivated worker 0, off threshold: 2649, current: 2560, refined cards: 768
[1.717s][info ][gc,marking        ] GC(8) Concurrent Rebuild Remembered Sets 245.849ms
[1.717s][info ][gc,start          ] GC(8) Pause Cleanup
[1.717s][debug][gc,phases,start   ] GC(8) Update Remembered Set Tracking After Rebuild
[1.717s][debug][gc,phases         ] GC(8) Update Remembered Set Tracking After Rebuild 0.071ms
[1.717s][debug][gc,phases,start   ] GC(8) Finalize Concurrent Mark Cleanup
[1.717s][debug][gc,ergo,cset      ] GC(8) Pruned 20 regions out of 22, leaving 13722272 bytes waste (allowed 26843545)
[1.717s][debug][gc,mmu            ] GC(8) MMU: 51.8ms (200.0ms/201.0ms)
[1.717s][debug][gc,phases         ] GC(8) Finalize Concurrent Mark Cleanup 0.149ms
[1.717s][info ][gc                ] GC(8) Pause Cleanup 244M->244M(512M) 0.316ms
[1.717s][info ][gc,cpu            ] GC(8) User=0.00s Sys=0.00s Real=0.00s
[1.718s][info ][gc,marking        ] GC(8) Concurrent Cleanup for Next Mark
[1.718s][debug][gc,ergo           ] GC(8) Running G1 Clear Bitmap with 1 workers for 8 work units.
[1.719s][debug][gc,refine         ] Activated worker 0, on threshold: 3161, current: 3328
[1.720s][debug][gc,refine         ] Deactivated worker 0, off threshold: 2649, current: 2560, refined cards: 768
[1.723s][info ][gc,marking        ] GC(8) Concurrent Cleanup for Next Mark 5.004ms
[1.723s][info ][gc                ] GC(8) Concurrent Mark Cycle 585.011ms
[1.723s][debug][gc,refine         ] Activated worker 0, on threshold: 3161, current: 3328
[1.724s][debug][gc,refine         ] Deactivated worker 0, off threshold: 2649, current: 2560, refined cards: 768
[1.727s][debug][gc,refine         ] Activated worker 0, on threshold: 3161, current: 3328
[1.728s][debug][gc,refine         ] Deactivated worker 0, off threshold: 2649, current: 2560, refined cards: 768
[1.732s][debug][gc,refine         ] Activated worker 0, on threshold: 3161, current: 3328
[1.732s][debug][gc,refine         ] Deactivated worker 0, off threshold: 2649, current: 2560, refined cards: 768
[1.736s][debug][gc,refine         ] Activated worker 0, on threshold: 3161, current: 3328
[1.736s][debug][gc,refine         ] Deactivated worker 0, off threshold: 2649, current: 2560, refined cards: 768
[1.740s][debug][gc,refine         ] Activated worker 0, on threshold: 3161, current: 3328
[1.741s][debug][gc,refine         ] Deactivated worker 0, off threshold: 2649, current: 2560, refined cards: 768
[1.745s][debug][gc,refine         ] Activated worker 0, on threshold: 3161, current: 3328
[1.745s][debug][gc,refine         ] Deactivated worker 0, off threshold: 2649, current: 2560, refined cards: 768
[1.749s][debug][gc,refine         ] Activated worker 0, on threshold: 3161, current: 3328
[1.749s][debug][gc,refine         ] Deactivated worker 0, off threshold: 2649, current: 2560, refined cards: 768
[1.753s][debug][gc,refine         ] Activated worker 0, on threshold: 3161, current: 3328
[1.754s][debug][gc,refine         ] Deactivated worker 0, off threshold: 2649, current: 2560, refined cards: 768
[1.757s][debug][gc,refine         ] Activated worker 0, on threshold: 3161, current: 3328
[1.758s][debug][gc,refine         ] Deactivated worker 0, off threshold: 2649, current: 2560, refined cards: 768
[1.762s][debug][gc,refine         ] Activated worker 0, on threshold: 3161, current: 3328
[1.762s][debug][gc,refine         ] Deactivated worker 0, off threshold: 2649, current: 2560, refined cards: 768
[1.766s][debug][gc,refine         ] Activated worker 0, on threshold: 3161, current: 3328
[1.766s][debug][gc,task,start     ] G1 Service Thread (Remembered Set Sampling Task) (run)
[1.766s][debug][gc,task           ] G1 Service Thread (Remembered Set Sampling Task) (run) 0.039ms (cpu: 0.000ms)
[1.767s][debug][gc,refine         ] Deactivated worker 0, off threshold: 2649, current: 2560, refined cards: 768
[1.770s][debug][gc,refine         ] Activated worker 0, on threshold: 3161, current: 3328
[1.771s][debug][gc,refine         ] Deactivated worker 0, off threshold: 2649, current: 2560, refined cards: 768
[1.773s][debug][gc,refine         ] Activated worker 0, on threshold: 3161, current: 3328
[1.774s][debug][gc,refine         ] Deactivated worker 0, off threshold: 2649, current: 2560, refined cards: 768
[1.776s][debug][gc,refine         ] Activated worker 0, on threshold: 3161, current: 3328
[1.776s][debug][gc,refine         ] Deactivated worker 0, off threshold: 2649, current: 2560, refined cards: 768
[1.778s][debug][gc,refine         ] Activated worker 0, on threshold: 3161, current: 3328
[1.779s][debug][gc,refine         ] Deactivated worker 0, off threshold: 2649, current: 2560, refined cards: 768
[1.779s][debug][gc,heap           ] GC(12) Heap before GC invocations=12 (full 0):
[1.779s][debug][gc,heap           ] GC(12)  garbage-first heap   total 524288K, used 273408K [0x00000000e0000000, 0x0000000100000000)
[1.779s][debug][gc,heap           ] GC(12)   region size 1024K, 78 young (79872K), 5 survivors (5120K)
[1.779s][debug][gc,heap           ] GC(12)  Metaspace       used 493K, committed 640K, reserved 1056768K
[1.779s][debug][gc,heap           ] GC(12)   class space    used 37K, committed 128K, reserved 1048576K
[1.779s][info ][gc,start          ] GC(12) Pause Young (Prepare Mixed) (G1 Evacuation Pause)
[1.779s][info ][gc,task           ] GC(12) Using 4 workers of 4 for evacuation
[1.779s][debug][gc,tlab           ] GC(12) TLAB totals: thrds: 1  refills: 219 max: 219 slow allocs: 0 max 0 waste:  0.2% gc: 0B max: 0B slow: 126152B max: 126152B
[1.779s][debug][gc,age            ] GC(12) Desired survivor size 5242880 bytes, new threshold 15 (max threshold 15)
[1.779s][debug][gc,refine,stats   ] GC(12) Mutator refinement: 0.00ms, refined: 0, precleaned: 0, dirtied: 37315
[1.779s][debug][gc,refine,stats   ] GC(12) Concurrent refinement: 39.48ms, refined: 37122, precleaned: 1024, dirtied: 0
[1.779s][debug][gc,refine,stats   ] GC(12) Total refinement: 39.48ms, refined: 37122, precleaned: 1024, dirtied: 37315
[1.779s][debug][gc,refine,stats   ] GC(12) Concurrent refinement rate: 940.18 cards/ms
[1.779s][debug][gc,refine,stats   ] GC(12) Generate dirty cards rate: 203.65 cards/ms
[1.779s][debug][gc,alloc,region   ] GC(12) Mutator Allocation stats, regions: 73, wasted size: 0B ( 0.0%)
[1.779s][debug][gc,humongous      ] GC(12) Humongous region 155 (object size 36920416 @ 0x00000000e9b00000) remset 1 code roots 0 marked 0 reclaim candidate 0 type array 0
[1.779s][debug][gc,ergo           ] GC(12) Running G1 Merge Heap Roots using 4 workers for 78 regions
[1.780s][debug][gc,remset         ] GC(12) Visited cards 35072 Total dirty 38912 (90.13%) Total old 706560 (4.96%)
[1.816s][debug][gc,ref            ] GC(12) Skipped phase 1 of Reference Processing: no references
[1.816s][debug][gc,ref            ] GC(12) Skipped phase 2 of Reference Processing: no references
[1.816s][debug][gc,ref            ] GC(12) Skipped phase 3 of Reference Processing: no references
[1.816s][debug][gc,ref            ] GC(12) Skipped phase 4 of Reference Processing: no references
[1.816s][debug][gc,ergo           ] GC(12) Running G1 Rebuild Free List Task using 4 workers for rebuilding free list of regions
[1.816s][debug][gc,plab           ] GC(12) Young PLAB allocation: allocated: 10485760B, wasted: 800B, unused: 0B, used: 10484960B, undo waste: 0B, 
[1.816s][debug][gc,plab           ] GC(12) Young other allocation: region end waste: 0B, regions filled: 10, direct allocated: 0B, failure used: 0B, failure wasted: 0B
[1.816s][debug][gc,plab           ] GC(12) Young sizing: calculated: 2096992B, actual: 1834040B
[1.816s][debug][gc,plab           ] GC(12) Old PLAB allocation: allocated: 18350080B, wasted: 496B, unused: 1586816B, used: 16762768B, undo waste: 0B, 
[1.816s][debug][gc,plab           ] GC(12) Old other allocation: region end waste: 0B, regions filled: 18, direct allocated: 0B, failure used: 0B, failure wasted: 0B
[1.816s][debug][gc,plab           ] GC(12) Old sizing: calculated: 3352552B, actual: 4085192B
[1.816s][debug][gc,ergo,heap      ] GC(12) Heap expansion: short term pause time ratio 0.19% long term pause time ratio 31.63% threshold 7.69% pause time ratio 7.69% fully expanded true resize by 0B
[1.816s][debug][gc,mmu            ] GC(12) MMU: 37.1ms (200.0ms/201.0ms)
[1.816s][debug][gc,alloc,stats    ] Old generation allocation in the last mutator period, old gen allocated: 18350080B, humongous allocated: 0B,old gen growth: 18350080B.
[1.816s][debug][gc,ihop           ] GC(12) Basic information (value update), threshold: 241591910B (45.00), target occupancy: 536870912B, current occupancy: 227016704B, recent allocation size: 18350080B, recent allocation duration: 183.24ms, recent old gen allocation rate: 100144786.35B/s, recent marking phase length: 0.00ms
[1.816s][debug][gc,ihop           ] GC(12) Adaptive IHOP information (value update), threshold: 241591910B (52.94), internal target occupancy: 456340275B, occupancy: 227016704B, additional buffer size: 0B, predicted old gen allocation rate: 338596478.95B/s, predicted marking phase length: 0.00ms, prediction active: false
[1.816s][debug][gc,ergo,refine    ] GC(12) Concurrent refinement times: Logged Cards Scan time goal: 20.00ms Logged Cards Scan time: 0.61ms HCC time: 0.00ms
[1.816s][debug][gc,ergo,refine    ] GC(12) Updated Refinement Zones: green: 2913, yellow: 8739, red: 14565
[1.816s][debug][gc,refine         ] Activated worker 0, on threshold: 3425, current: 5123
[1.816s][info ][gc,phases         ] GC(12)   Pre Evacuate Collection Set: 0.1ms
[1.816s][debug][gc,phases         ] GC(12)     Prepare TLABs: 0.0ms
[1.816s][debug][gc,phases         ] GC(12)     Concatenate Dirty Card Logs: 0.0ms
[1.816s][debug][gc,phases         ] GC(12)     Choose Collection Set: 0.0ms
[1.816s][debug][gc,phases         ] GC(12)     Region Register: 0.1ms
[1.817s][debug][gc,phases         ] GC(12)     Prepare Heap Roots: 0.0ms
[1.817s][info ][gc,phases         ] GC(12)   Merge Heap Roots: 0.2ms
[1.817s][debug][gc,phases         ] GC(12)     Prepare Merge Heap Roots: 0.0ms
[1.817s][debug][gc,phases         ] GC(12)     Eager Reclaim (ms):            skipped
[1.817s][debug][gc,phases         ] GC(12)     Remembered Sets (ms):          Min:  0.1, Avg:  0.1, Max:  0.1, Diff:  0.0, Sum:  0.3, Workers: 4
[1.817s][debug][gc,phases         ] GC(12)       Merged Sparse:                 Min: 0, Avg:  0.8, Max: 3, Diff: 3, Sum: 3, Workers: 4
[1.817s][debug][gc,phases         ] GC(12)       Merged Fine:                   Min: 19, Avg: 21.5, Max: 28, Diff: 9, Sum: 86, Workers: 4
[1.817s][debug][gc,phases         ] GC(12)       Merged Coarse:                 Min: 0, Avg:  0.0, Max: 0, Diff: 0, Sum: 0, Workers: 4
[1.817s][debug][gc,phases         ] GC(12)       Dirty Cards:                   Min: 7084, Avg: 7721.5, Max: 8481, Diff: 1397, Sum: 30886, Workers: 4
[1.817s][debug][gc,phases         ] GC(12)     Hot Card Cache (ms):           Min:  0.0, Avg:  0.0, Max:  0.0, Diff:  0.0, Sum:  0.0, Workers: 4
[1.817s][debug][gc,phases         ] GC(12)       Dirty Cards:                   Min: 184, Avg: 248.0, Max: 312, Diff: 128, Sum: 992, Workers: 4
[1.817s][debug][gc,phases         ] GC(12)       Skipped Cards:                 Min: 0, Avg:  0.0, Max: 0, Diff: 0, Sum: 0, Workers: 4
[1.817s][debug][gc,phases         ] GC(12)     Log Buffers (ms):              Min:  0.0, Avg:  0.0, Max:  0.0, Diff:  0.0, Sum:  0.0, Workers: 4
[1.817s][debug][gc,phases         ] GC(12)       Dirty Cards:                   Min: 504, Avg: 680.8, Max: 760, Diff: 256, Sum: 2723, Workers: 4
[1.817s][debug][gc,phases         ] GC(12)       Skipped Cards:                 Min: 0, Avg:  0.0, Max: 0, Diff: 0, Sum: 0, Workers: 4
[1.817s][info ][gc,phases         ] GC(12)   Evacuate Collection Set: 35.9ms
[1.817s][debug][gc,phases         ] GC(12)     Ext Root Scanning (ms):        Min:  0.0, Avg:  0.0, Max:  0.0, Diff:  0.0, Sum:  0.1, Workers: 4
[1.817s][debug][gc,phases         ] GC(12)     Scan Heap Roots (ms):          Min:  6.7, Avg:  7.6, Max:  9.1, Diff:  2.4, Sum: 30.4, Workers: 4
[1.817s][debug][gc,phases         ] GC(12)       Scanned Cards:                 Min: 6144, Avg: 8673.3, Max: 12120, Diff: 5976, Sum: 34693, Workers: 4
[1.817s][debug][gc,phases         ] GC(12)       Scanned Blocks:                Min: 24, Avg: 34.3, Max: 48, Diff: 24, Sum: 137, Workers: 4
[1.817s][debug][gc,phases         ] GC(12)       Claimed Chunks:                Min: 24, Avg: 34.3, Max: 48, Diff: 24, Sum: 137, Workers: 4
[1.817s][debug][gc,phases         ] GC(12)     Code Root Scan (ms):           Min:  0.0, Avg:  0.0, Max:  0.0, Diff:  0.0, Sum:  0.0, Workers: 4
[1.817s][debug][gc,phases         ] GC(12)     Object Copy (ms):              Min: 26.7, Avg: 28.2, Max: 29.1, Diff:  2.4, Sum: 112.8, Workers: 4
[1.817s][debug][gc,phases         ] GC(12)     Termination (ms):              Min:  0.0, Avg:  0.0, Max:  0.0, Diff:  0.0, Sum:  0.0, Workers: 4
[1.817s][debug][gc,phases         ] GC(12)       Termination Attempts:          Min: 1, Avg:  3.8, Max: 7, Diff: 6, Sum: 15, Workers: 4
[1.817s][debug][gc,phases         ] GC(12)     GC Worker Other (ms):          Min:  0.0, Avg:  0.0, Max:  0.0, Diff:  0.0, Sum:  0.1, Workers: 4
[1.817s][debug][gc,phases         ] GC(12)     GC Worker Total (ms):          Min: 35.8, Avg: 35.8, Max: 35.8, Diff:  0.0, Sum: 143.4, Workers: 4
[1.817s][info ][gc,phases         ] GC(12)   Post Evacuate Collection Set: 0.4ms
[1.817s][debug][gc,phases         ] GC(12)     Code Roots Fixup: 0.0ms
[1.817s][debug][gc,phases         ] GC(12)     Reference Processing: 0.2ms
[1.817s][debug][gc,phases,ref     ] GC(12)       Reconsider SoftReferences: 0.1ms
[1.817s][debug][gc,phases,ref     ] GC(12)         SoftRef (ms):                  skipped
[1.817s][debug][gc,phases,ref     ] GC(12)       Notify Soft/WeakReferences: 0.0ms
[1.817s][debug][gc,phases,ref     ] GC(12)         SoftRef (ms):                  skipped
[1.817s][debug][gc,phases,ref     ] GC(12)         WeakRef (ms):                  skipped
[1.817s][debug][gc,phases,ref     ] GC(12)         FinalRef (ms):                 skipped
[1.817s][debug][gc,phases,ref     ] GC(12)         Total (ms):                    skipped
[1.817s][debug][gc,phases,ref     ] GC(12)       Notify and keep alive finalizable: 0.0ms
[1.817s][debug][gc,phases,ref     ] GC(12)         FinalRef (ms):                 skipped
[1.817s][debug][gc,phases,ref     ] GC(12)       Notify PhantomReferences: 0.0ms
[1.817s][debug][gc,phases,ref     ] GC(12)         PhantomRef (ms):               skipped
[1.817s][debug][gc,phases,ref     ] GC(12)       SoftReference:
[1.817s][debug][gc,phases,ref     ] GC(12)         Discovered: 0
[1.817s][debug][gc,phases,ref     ] GC(12)         Cleared: 0
[1.817s][debug][gc,phases,ref     ] GC(12)       WeakReference:
[1.817s][debug][gc,phases,ref     ] GC(12)         Discovered: 0
[1.817s][debug][gc,phases,ref     ] GC(12)         Cleared: 0
[1.817s][debug][gc,phases,ref     ] GC(12)       FinalReference:
[1.817s][debug][gc,phases,ref     ] GC(12)         Discovered: 0
[1.817s][debug][gc,phases,ref     ] GC(12)         Cleared: 0
[1.817s][debug][gc,phases,ref     ] GC(12)       PhantomReference:
[1.817s][debug][gc,phases,ref     ] GC(12)         Discovered: 0
[1.817s][debug][gc,phases,ref     ] GC(12)         Cleared: 0
[1.817s][debug][gc,phases         ] GC(12)     Weak Processing: 0.0ms
[1.817s][debug][gc,phases         ] GC(12)       VM Weak                        Min:  0.0, Avg:  0.0, Max:  0.0, Diff:  0.0, Sum:  0.0, Workers: 3
[1.817s][debug][gc,phases         ] GC(12)         Dead                           Min: 0, Avg:  0.0, Max: 0, Diff: 0, Sum: 0, Workers: 3
[1.817s][debug][gc,phases         ] GC(12)         Total                          Min: 0, Avg:  4.7, Max: 14, Diff: 14, Sum: 14, Workers: 3
[1.818s][debug][gc,phases         ] GC(12)       ObjectSynchronizer Weak        Min:  0.0, Avg:  0.0, Max:  0.0, Diff:  0.0, Sum:  0.0, Workers: 3
[1.818s][debug][gc,phases         ] GC(12)         Dead                           Min: 0, Avg:  0.0, Max: 0, Diff: 0, Sum: 0, Workers: 3
[1.818s][debug][gc,phases         ] GC(12)         Total                          Min: 0, Avg:  1.0, Max: 3, Diff: 3, Sum: 3, Workers: 3
[1.818s][debug][gc,phases         ] GC(12)       JVMTI Tag Weak OopStorage      Min:  0.0, Avg:  0.0, Max:  0.0, Diff:  0.0, Sum:  0.0, Workers: 3
[1.818s][debug][gc,phases         ] GC(12)         Dead                           Min: 0, Avg:  0.0, Max: 0, Diff: 0, Sum: 0, Workers: 3
[1.818s][debug][gc,phases         ] GC(12)         Total                          Min: 0, Avg:  0.0, Max: 0, Diff: 0, Sum: 0, Workers: 3
[1.818s][debug][gc,phases         ] GC(12)       StringTable Weak               Min:  0.0, Avg:  0.0, Max:  0.0, Diff:  0.0, Sum:  0.0, Workers: 3
[1.818s][debug][gc,phases         ] GC(12)         Dead                           Min: 0, Avg:  0.0, Max: 0, Diff: 0, Sum: 0, Workers: 3
[1.818s][debug][gc,phases         ] GC(12)         Total                          Min: 768, Avg: 821.3, Max: 896, Diff: 128, Sum: 2464, Workers: 3
[1.818s][debug][gc,phases         ] GC(12)       ResolvedMethodTable Weak       Min:  0.0, Avg:  0.0, Max:  0.0, Diff:  0.0, Sum:  0.0, Workers: 3
[1.818s][debug][gc,phases         ] GC(12)         Dead                           Min: 0, Avg:  0.0, Max: 0, Diff: 0, Sum: 0, Workers: 3
[1.818s][debug][gc,phases         ] GC(12)         Total                          Min: 9, Avg: 45.7, Max: 64, Diff: 55, Sum: 137, Workers: 3
[1.818s][debug][gc,phases         ] GC(12)       JNI Weak                       Min:  0.0, Avg:  0.0, Max:  0.0, Diff:  0.0, Sum:  0.0, Workers: 3
[1.818s][debug][gc,phases         ] GC(12)         Dead                           Min: 0, Avg:  0.0, Max: 0, Diff: 0, Sum: 0, Workers: 3
[1.818s][debug][gc,phases         ] GC(12)         Total                          Min: 0, Avg:  0.0, Max: 0, Diff: 0, Sum: 0, Workers: 3
[1.818s][debug][gc,phases         ] GC(12)       StringDedup Table Weak         Min:  0.0, Avg:  0.0, Max:  0.0, Diff:  0.0, Sum:  0.0, Workers: 3
[1.818s][debug][gc,phases         ] GC(12)         Dead                           Min: 0, Avg:  0.0, Max: 0, Diff: 0, Sum: 0, Workers: 3
[1.818s][debug][gc,phases         ] GC(12)         Total                          Min: 0, Avg:  0.0, Max: 0, Diff: 0, Sum: 0, Workers: 3
[1.818s][debug][gc,phases         ] GC(12)       StringDedup Requests0 Weak     Min:  0.0, Avg:  0.0, Max:  0.0, Diff:  0.0, Sum:  0.0, Workers: 3
[1.818s][debug][gc,phases         ] GC(12)         Dead                           Min: 0, Avg:  0.0, Max: 0, Diff: 0, Sum: 0, Workers: 3
[1.818s][debug][gc,phases         ] GC(12)         Total                          Min: 0, Avg:  0.0, Max: 0, Diff: 0, Sum: 0, Workers: 3
[1.818s][debug][gc,phases         ] GC(12)       StringDedup Requests1 Weak     Min:  0.0, Avg:  0.0, Max:  0.0, Diff:  0.0, Sum:  0.0, Workers: 3
[1.818s][debug][gc,phases         ] GC(12)         Dead                           Min: 0, Avg:  0.0, Max: 0, Diff: 0, Sum: 0, Workers: 3
[1.818s][debug][gc,phases         ] GC(12)         Total                          Min: 0, Avg:  0.0, Max: 0, Diff: 0, Sum: 0, Workers: 3
[1.818s][debug][gc,phases         ] GC(12)       Weak JFR Old Object Samples    Min:  0.0, Avg:  0.0, Max:  0.0, Diff:  0.0, Sum:  0.0, Workers: 3
[1.818s][debug][gc,phases         ] GC(12)         Dead                           Min: 0, Avg:  0.0, Max: 0, Diff: 0, Sum: 0, Workers: 3
[1.818s][debug][gc,phases         ] GC(12)         Total                          Min: 0, Avg:  0.0, Max: 0, Diff: 0, Sum: 0, Workers: 3
[1.818s][debug][gc,phases         ] GC(12)     Post Evacuate Cleanup 1: 0.0ms
[1.818s][debug][gc,phases         ] GC(12)       Merge Per-Thread State (ms):   Min:  0.0, Avg:  0.0, Max:  0.0, Diff:  0.0, Sum:  0.0, Workers: 1
[1.818s][debug][gc,phases         ] GC(12)         Copied Bytes                   Min: 5766512, Avg: 6811932.0, Max: 7413168, Diff: 1646656, Sum: 27247728, Workers: 4
[1.818s][debug][gc,phases         ] GC(12)         LAB Waste                      Min: 272, Avg: 324.0, Max: 432, Diff: 160, Sum: 1296, Workers: 4
[1.818s][debug][gc,phases         ] GC(12)         LAB Undo Waste                 Min: 0, Avg:  0.0, Max: 0, Diff: 0, Sum: 0, Workers: 4
[1.818s][debug][gc,phases         ] GC(12)       Clear Logged Cards (ms):       Min:  0.0, Avg:  0.0, Max:  0.0, Diff:  0.0, Sum:  0.0, Workers: 3
[1.818s][debug][gc,phases         ] GC(12)       Recalculate Used Memory (ms):  Min:  0.0, Avg:  0.0, Max:  0.0, Diff:  0.0, Sum:  0.0, Workers: 1
[1.818s][debug][gc,phases         ] GC(12)     Post Evacuate Cleanup 2: 0.1ms
[1.818s][debug][gc,phases         ] GC(12)       Reset Hot Card Cache (ms):     Min:  0.0, Avg:  0.0, Max:  0.0, Diff:  0.0, Sum:  0.0, Workers: 1
[1.818s][debug][gc,phases         ] GC(12)       Purge Code Roots (ms):         Min:  0.0, Avg:  0.0, Max:  0.0, Diff:  0.0, Sum:  0.0, Workers: 1
[1.818s][debug][gc,phases         ] GC(12)       Update Derived Pointers (ms):  Min:  0.0, Avg:  0.0, Max:  0.0, Diff:  0.0, Sum:  0.0, Workers: 1
[1.818s][debug][gc,phases         ] GC(12)       Eagerly Reclaim Humongous Objects (ms): Min:  0.0, Avg:  0.0, Max:  0.0, Diff:  0.0, Sum:  0.0, Workers: 1
[1.818s][debug][gc,phases         ] GC(12)         Humongous Total                Min: 1, Avg:  1.0, Max: 1, Diff: 0, Sum: 1, Workers: 1
[1.818s][debug][gc,phases         ] GC(12)         Humongous Candidates           Min: 0, Avg:  0.0, Max: 0, Diff: 0, Sum: 0, Workers: 1
[1.818s][debug][gc,phases         ] GC(12)         Humongous Reclaimed            Min: 0, Avg:  0.0, Max: 0, Diff: 0, Sum: 0, Workers: 1
[1.818s][debug][gc,phases         ] GC(12)       Redirty Logged Cards (ms):     Min:  0.0, Avg:  0.0, Max:  0.0, Diff:  0.0, Sum:  0.0, Workers: 4
[1.818s][debug][gc,phases         ] GC(12)         Redirtied Cards:               Min: 0, Avg: 1280.8, Max: 2309, Diff: 2309, Sum: 5123, Workers: 4
[1.818s][debug][gc,phases         ] GC(12)       Free Collection Set (ms):      Min:  0.0, Avg:  0.0, Max:  0.0, Diff:  0.0, Sum:  0.1, Workers: 4
[1.818s][debug][gc,phases         ] GC(12)     Rebuild Free List: 0.1ms
[1.818s][debug][gc,phases         ] GC(12)     Start New Collection Set: 0.0ms
[1.818s][debug][gc,phases         ] GC(12)     Resize TLABs: 0.0ms
[1.818s][debug][gc,phases         ] GC(12)     Expand Heap After Collection: 0.0ms
[1.818s][info ][gc,phases         ] GC(12)   Other: 0.7ms
[1.818s][info ][gc,heap           ] GC(12) Eden regions: 73->0(15)
[1.818s][info ][gc,heap           ] GC(12) Survivor regions: 5->10(10)
[1.818s][info ][gc,heap           ] GC(12) Old regions: 153->171
[1.819s][info ][gc,heap           ] GC(12) Archive regions: 0->0
[1.819s][info ][gc,heap           ] GC(12) Humongous regions: 36->36
[1.819s][info ][gc,metaspace      ] GC(12) Metaspace: 493K(640K)->493K(640K) NonClass: 455K(512K)->455K(512K) Class: 37K(128K)->37K(128K)
[1.819s][debug][gc,heap           ] GC(12) Heap after GC invocations=13 (full 0):
[1.819s][debug][gc,heap           ] GC(12)  garbage-first heap   total 524288K, used 221696K [0x00000000e0000000, 0x0000000100000000)
[1.819s][debug][gc,heap           ] GC(12)   region size 1024K, 10 young (10240K), 10 survivors (10240K)
[1.819s][debug][gc,heap           ] GC(12)  Metaspace       used 493K, committed 640K, reserved 1056768K
[1.819s][debug][gc,heap           ] GC(12)   class space    used 37K, committed 128K, reserved 1048576K
[1.819s][info ][gc                ] GC(12) Pause Young (Prepare Mixed) (G1 Evacuation Pause) 267M->216M(512M) 39.471ms
[1.819s][info ][gc,cpu            ] GC(12) User=0.14s Sys=0.00s Real=0.04s
[1.820s][debug][gc,refine         ] Deactivated worker 0, off threshold: 2913, current: 2697, refined cards: 2682
[1.822s][debug][gc,refine         ] Activated worker 0, on threshold: 3425, current: 3465
[1.822s][debug][gc,refine         ] Deactivated worker 0, off threshold: 2913, current: 2826, refined cards: 639
[1.824s][debug][gc,refine         ] Activated worker 0, on threshold: 3425, current: 3594
[1.824s][debug][gc,refine         ] Deactivated worker 0, off threshold: 2913, current: 2816, refined cards: 778
[1.826s][debug][gc,refine         ] Activated worker 0, on threshold: 3425, current: 3584
[1.826s][debug][gc,refine         ] Deactivated worker 0, off threshold: 2913, current: 2816, refined cards: 768
[1.828s][debug][gc,refine         ] Activated worker 0, on threshold: 3425, current: 3584
[1.828s][debug][gc,refine         ] Deactivated worker 0, off threshold: 2913, current: 2816, refined cards: 768
[1.830s][debug][gc,refine         ] Activated worker 0, on threshold: 3425, current: 3584
[1.831s][debug][gc,refine         ] Deactivated worker 0, off threshold: 2913, current: 2816, refined cards: 768
[1.832s][debug][gc,refine         ] Activated worker 0, on threshold: 3425, current: 3584
[1.833s][debug][gc,refine         ] Deactivated worker 0, off threshold: 2913, current: 2816, refined cards: 768
[1.834s][debug][gc,refine         ] Activated worker 0, on threshold: 3425, current: 3584
[1.835s][debug][gc,refine         ] Deactivated worker 0, off threshold: 2913, current: 2816, refined cards: 768
[1.836s][debug][gc,refine         ] Activated worker 0, on threshold: 3425, current: 3584
[1.837s][debug][gc,refine         ] Deactivated worker 0, off threshold: 2913, current: 2816, refined cards: 768
[1.838s][debug][gc,refine         ] Activated worker 0, on threshold: 3425, current: 3584
[1.839s][debug][gc,refine         ] Deactivated worker 0, off threshold: 2913, current: 2816, refined cards: 768
[1.839s][debug][gc,heap           ] GC(13) Heap before GC invocations=13 (full 0):
[1.839s][debug][gc,heap           ] GC(13)  garbage-first heap   total 524288K, used 237056K [0x00000000e0000000, 0x0000000100000000)
[1.839s][debug][gc,heap           ] GC(13)   region size 1024K, 25 young (25600K), 10 survivors (10240K)
[1.839s][debug][gc,heap           ] GC(13)  Metaspace       used 493K, committed 640K, reserved 1056768K
[1.839s][debug][gc,heap           ] GC(13)   class space    used 37K, committed 128K, reserved 1048576K
[1.839s][info ][gc,start          ] GC(13) Pause Young (Mixed) (G1 Evacuation Pause)
[1.839s][info ][gc,task           ] GC(13) Using 4 workers of 4 for evacuation
[1.839s][debug][gc,tlab           ] GC(13) TLAB totals: thrds: 1  refills: 75 max: 75 slow allocs: 0 max 0 waste:  0.3% gc: 0B max: 0B slow: 43200B max: 43200B
[1.840s][debug][gc,age            ] GC(13) Desired survivor size 2097152 bytes, new threshold 1 (max threshold 15)
[1.840s][debug][gc,refine,stats   ] GC(13) Mutator refinement: 0.00ms, refined: 0, precleaned: 0, dirtied: 7660
[1.840s][debug][gc,refine,stats   ] GC(13) Concurrent refinement: 6.68ms, refined: 9475, precleaned: 1024, dirtied: 0
[1.840s][debug][gc,refine,stats   ] GC(13) Total refinement: 6.68ms, refined: 9475, precleaned: 1024, dirtied: 7660
[1.840s][debug][gc,refine,stats   ] GC(13) Concurrent refinement rate: 1419.16 cards/ms
[1.840s][debug][gc,refine,stats   ] GC(13) Generate dirty cards rate: 327.65 cards/ms
[1.840s][debug][gc,alloc,region   ] GC(13) Mutator Allocation stats, regions: 15, wasted size: 0B ( 0.0%)
[1.840s][debug][gc,ergo,cset      ] GC(13) Start adding old regions to collection set. Min 1 regions, max 52 regions, time remaining 107.26ms, optional threshold 21.45ms
[1.840s][debug][gc,ergo,cset      ] GC(13) Old candidate collection set empty.
[1.840s][debug][gc,ergo,cset      ] GC(13) Finish choosing collection set old regions. Initial: 2, optional: 0, predicted old time: 0.00ms, predicted optional time: 0.00ms, time remaining: 105.25
[1.840s][debug][gc,humongous      ] GC(13) Humongous region 155 (object size 36920416 @ 0x00000000e9b00000) remset 1 code roots 0 marked 0 reclaim candidate 0 type array 0
[1.840s][debug][gc,ergo           ] GC(13) Running G1 Merge Heap Roots using 4 workers for 27 regions
[1.840s][debug][gc,remset         ] GC(13) Visited cards 14336 Total dirty 24576 (58.33%) Total old 530432 (2.70%)
[1.869s][debug][gc,ref            ] GC(13) Skipped phase 1 of Reference Processing: no references
[1.869s][debug][gc,ref            ] GC(13) Skipped phase 2 of Reference Processing: no references
[1.869s][debug][gc,ref            ] GC(13) Skipped phase 3 of Reference Processing: no references
[1.869s][debug][gc,ref            ] GC(13) Skipped phase 4 of Reference Processing: no references
[1.869s][debug][gc,ergo           ] GC(13) Running G1 Rebuild Free List Task using 4 workers for rebuilding free list of regions
[1.869s][debug][gc,plab           ] GC(13) Young PLAB allocation: allocated: 4194304B, wasted: 256B, unused: 0B, used: 4194048B, undo waste: 0B, 
[1.869s][debug][gc,plab           ] GC(13) Young other allocation: region end waste: 0B, regions filled: 4, direct allocated: 0B, failure used: 0B, failure wasted: 0B
[1.869s][debug][gc,plab           ] GC(13) Young sizing: calculated: 838808B, actual: 1087616B
[1.869s][debug][gc,plab           ] GC(13) Old PLAB allocation: allocated: 22544384B, wasted: 624B, unused: 565984B, used: 21977776B, undo waste: 0B, 
[1.869s][debug][gc,plab           ] GC(13) Old other allocation: region end waste: 0B, regions filled: 22, direct allocated: 0B, failure used: 0B, failure wasted: 0B
[1.869s][debug][gc,plab           ] GC(13) Old sizing: calculated: 4395552B, actual: 4317960B
[1.869s][debug][gc,ergo,heap      ] GC(13) Heap expansion: short term pause time ratio 37.36% long term pause time ratio 31.48% threshold 7.69% pause time ratio 7.69% fully expanded true resize by 0B
[1.869s][debug][gc,mmu            ] GC(13) MMU: 66.9ms (200.0ms/201.0ms)
[1.869s][debug][gc,ergo           ] GC(13) do not continue mixed GCs (candidate old regions not available)
[1.869s][debug][gc,alloc,stats    ] Old generation allocation in the last mutator period, old gen allocated: 22544384B, humongous allocated: 0B,old gen growth: 22544384B.
[1.869s][debug][gc,ihop           ] GC(13) Basic information (value update), threshold: 241591910B (45.00), target occupancy: 536870912B, current occupancy: 241172480B, recent allocation size: 22544384B, recent allocation duration: 183.24ms, recent old gen allocation rate: 123035023.24B/s, recent marking phase length: 513.50ms
[1.869s][debug][gc,ihop           ] GC(13) Adaptive IHOP information (value update), threshold: 241591910B (52.94), internal target occupancy: 456340275B, occupancy: 241172480B, additional buffer size: 0B, predicted old gen allocation rate: 338596478.95B/s, predicted marking phase length: 1026.99ms, prediction active: false
[1.869s][debug][gc,ergo,refine    ] GC(13) Concurrent refinement times: Logged Cards Scan time goal: 20.00ms Logged Cards Scan time: 1.17ms HCC time: 0.00ms
[1.869s][debug][gc,ergo,refine    ] GC(13) Updated Refinement Zones: green: 3204, yellow: 9612, red: 16020
[1.870s][info ][gc,phases         ] GC(13)   Pre Evacuate Collection Set: 0.1ms
[1.870s][debug][gc,phases         ] GC(13)     Prepare TLABs: 0.0ms
[1.870s][debug][gc,phases         ] GC(13)     Concatenate Dirty Card Logs: 0.0ms
[1.870s][debug][gc,phases         ] GC(13)     Choose Collection Set: 0.1ms
[1.870s][debug][gc,phases         ] GC(13)     Region Register: 0.1ms
[1.870s][debug][gc,phases         ] GC(13)     Prepare Heap Roots: 0.0ms
[1.870s][info ][gc,phases         ] GC(13)   Merge Heap Roots: 0.1ms
[1.870s][debug][gc,phases         ] GC(13)     Prepare Merge Heap Roots: 0.0ms
[1.870s][debug][gc,phases         ] GC(13)     Eager Reclaim (ms):            skipped
[1.870s][debug][gc,phases         ] GC(13)     Remembered Sets (ms):          Min:  0.0, Avg:  0.0, Max:  0.0, Diff:  0.0, Sum:  0.1, Workers: 4
[1.870s][debug][gc,phases         ] GC(13)       Merged Sparse:                 Min: 0, Avg:  1.5, Max: 6, Diff: 6, Sum: 6, Workers: 4
[1.870s][debug][gc,phases         ] GC(13)       Merged Fine:                   Min: 8, Avg: 11.8, Max: 15, Diff: 7, Sum: 47, Workers: 4
[1.870s][debug][gc,phases         ] GC(13)       Merged Coarse:                 Min: 0, Avg:  0.0, Max: 0, Diff: 0, Sum: 0, Workers: 4
[1.870s][debug][gc,phases         ] GC(13)       Dirty Cards:                   Min: 2045, Avg: 2108.0, Max: 2289, Diff: 244, Sum: 8432, Workers: 4
[1.870s][debug][gc,phases         ] GC(13)     Hot Card Cache (ms):           Min:  0.0, Avg:  0.0, Max:  0.0, Diff:  0.0, Sum:  0.0, Workers: 4
[1.870s][debug][gc,phases         ] GC(13)       Dirty Cards:                   Min: 216, Avg: 248.0, Max: 280, Diff: 64, Sum: 992, Workers: 4
[1.870s][debug][gc,phases         ] GC(13)       Skipped Cards:                 Min: 0, Avg:  0.0, Max: 0, Diff: 0, Sum: 0, Workers: 4
[1.870s][debug][gc,phases         ] GC(13)     Log Buffers (ms):              Min:  0.0, Avg:  0.0, Max:  0.0, Diff:  0.0, Sum:  0.1, Workers: 4
[1.870s][debug][gc,phases         ] GC(13)       Dirty Cards:                   Min: 760, Avg: 819.0, Max: 996, Diff: 236, Sum: 3276, Workers: 4
[1.870s][debug][gc,phases         ] GC(13)       Skipped Cards:                 Min: 0, Avg:  0.0, Max: 0, Diff: 0, Sum: 0, Workers: 4
[1.870s][info ][gc,phases         ] GC(13)   Evacuate Collection Set: 28.8ms
[1.870s][debug][gc,phases         ] GC(13)     Ext Root Scanning (ms):        Min:  0.0, Avg:  0.0, Max:  0.0, Diff:  0.0, Sum:  0.1, Workers: 4
[1.870s][debug][gc,phases         ] GC(13)     Scan Heap Roots (ms):          Min:  4.3, Avg:  4.5, Max:  4.8, Diff:  0.5, Sum: 18.1, Workers: 4
[1.870s][debug][gc,phases         ] GC(13)       Scanned Cards:                 Min: 3052, Avg: 3198.5, Max: 3328, Diff: 276, Sum: 12794, Workers: 4
[1.870s][debug][gc,phases         ] GC(13)       Scanned Blocks:                Min: 13, Avg: 14.0, Max: 17, Diff: 4, Sum: 56, Workers: 4
[1.870s][debug][gc,phases         ] GC(13)       Claimed Chunks:                Min: 13, Avg: 14.0, Max: 17, Diff: 4, Sum: 56, Workers: 4
[1.870s][debug][gc,phases         ] GC(13)     Code Root Scan (ms):           Min:  0.0, Avg:  0.0, Max:  0.0, Diff:  0.0, Sum:  0.0, Workers: 4
[1.870s][debug][gc,phases         ] GC(13)     Object Copy (ms):              Min: 24.0, Avg: 24.2, Max: 24.5, Diff:  0.5, Sum: 96.9, Workers: 4
[1.870s][debug][gc,phases         ] GC(13)     Termination (ms):              Min:  0.0, Avg:  0.0, Max:  0.0, Diff:  0.0, Sum:  0.0, Workers: 4
[1.870s][debug][gc,phases         ] GC(13)       Termination Attempts:          Min: 1, Avg:  5.3, Max: 9, Diff: 8, Sum: 21, Workers: 4
[1.870s][debug][gc,phases         ] GC(13)     GC Worker Other (ms):          Min:  0.0, Avg:  0.0, Max:  0.0, Diff:  0.0, Sum:  0.0, Workers: 4
[1.870s][debug][gc,phases         ] GC(13)     GC Worker Total (ms):          Min: 28.8, Avg: 28.8, Max: 28.8, Diff:  0.0, Sum: 115.2, Workers: 4
[1.870s][info ][gc,phases         ] GC(13)   Post Evacuate Collection Set: 0.4ms
[1.870s][debug][gc,phases         ] GC(13)     Code Roots Fixup: 0.0ms
[1.870s][debug][gc,phases         ] GC(13)     Reference Processing: 0.1ms
[1.870s][debug][gc,phases,ref     ] GC(13)       Reconsider SoftReferences: 0.1ms
[1.870s][debug][gc,phases,ref     ] GC(13)         SoftRef (ms):                  skipped
[1.870s][debug][gc,phases,ref     ] GC(13)       Notify Soft/WeakReferences: 0.0ms
[1.870s][debug][gc,phases,ref     ] GC(13)         SoftRef (ms):                  skipped
[1.870s][debug][gc,phases,ref     ] GC(13)         WeakRef (ms):                  skipped
[1.870s][debug][gc,phases,ref     ] GC(13)         FinalRef (ms):                 skipped
[1.870s][debug][gc,phases,ref     ] GC(13)         Total (ms):                    skipped
[1.870s][debug][gc,phases,ref     ] GC(13)       Notify and keep alive finalizable: 0.0ms
[1.870s][debug][gc,phases,ref     ] GC(13)         FinalRef (ms):                 skipped
[1.870s][debug][gc,phases,ref     ] GC(13)       Notify PhantomReferences: 0.0ms
[1.870s][debug][gc,phases,ref     ] GC(13)         PhantomRef (ms):               skipped
[1.870s][debug][gc,phases,ref     ] GC(13)       SoftReference:
[1.870s][debug][gc,phases,ref     ] GC(13)         Discovered: 0
[1.871s][debug][gc,phases,ref     ] GC(13)         Cleared: 0
[1.871s][debug][gc,phases,ref     ] GC(13)       WeakReference:
[1.871s][debug][gc,phases,ref     ] GC(13)         Discovered: 0
[1.871s][debug][gc,phases,ref     ] GC(13)         Cleared: 0
[1.871s][debug][gc,phases,ref     ] GC(13)       FinalReference:
[1.871s][debug][gc,phases,ref     ] GC(13)         Discovered: 0
[1.871s][debug][gc,phases,ref     ] GC(13)         Cleared: 0
[1.871s][debug][gc,phases,ref     ] GC(13)       PhantomReference:
[1.871s][debug][gc,phases,ref     ] GC(13)         Discovered: 0
[1.871s][debug][gc,phases,ref     ] GC(13)         Cleared: 0
[1.871s][debug][gc,phases         ] GC(13)     Weak Processing: 0.0ms
[1.871s][debug][gc,phases         ] GC(13)       VM Weak                        Min:  0.0, Avg:  0.0, Max:  0.0, Diff:  0.0, Sum:  0.0, Workers: 3
[1.871s][debug][gc,phases         ] GC(13)         Dead                           Min: 0, Avg:  0.0, Max: 0, Diff: 0, Sum: 0, Workers: 3
[1.871s][debug][gc,phases         ] GC(13)         Total                          Min: 0, Avg:  4.7, Max: 14, Diff: 14, Sum: 14, Workers: 3
[1.871s][debug][gc,phases         ] GC(13)       ObjectSynchronizer Weak        Min:  0.0, Avg:  0.0, Max:  0.0, Diff:  0.0, Sum:  0.0, Workers: 3
[1.871s][debug][gc,phases         ] GC(13)         Dead                           Min: 0, Avg:  0.0, Max: 0, Diff: 0, Sum: 0, Workers: 3
[1.871s][debug][gc,phases         ] GC(13)         Total                          Min: 0, Avg:  1.0, Max: 3, Diff: 3, Sum: 3, Workers: 3
[1.871s][debug][gc,phases         ] GC(13)       JVMTI Tag Weak OopStorage      Min:  0.0, Avg:  0.0, Max:  0.0, Diff:  0.0, Sum:  0.0, Workers: 3
[1.871s][debug][gc,phases         ] GC(13)         Dead                           Min: 0, Avg:  0.0, Max: 0, Diff: 0, Sum: 0, Workers: 3
[1.871s][debug][gc,phases         ] GC(13)         Total                          Min: 0, Avg:  0.0, Max: 0, Diff: 0, Sum: 0, Workers: 3
[1.871s][debug][gc,phases         ] GC(13)       StringTable Weak               Min:  0.0, Avg:  0.0, Max:  0.0, Diff:  0.0, Sum:  0.0, Workers: 3
[1.871s][debug][gc,phases         ] GC(13)         Dead                           Min: 0, Avg:  0.0, Max: 0, Diff: 0, Sum: 0, Workers: 3
[1.871s][debug][gc,phases         ] GC(13)         Total                          Min: 448, Avg: 821.3, Max: 1056, Diff: 608, Sum: 2464, Workers: 3
[1.871s][debug][gc,phases         ] GC(13)       ResolvedMethodTable Weak       Min:  0.0, Avg:  0.0, Max:  0.0, Diff:  0.0, Sum:  0.0, Workers: 3
[1.871s][debug][gc,phases         ] GC(13)         Dead                           Min: 0, Avg:  0.0, Max: 0, Diff: 0, Sum: 0, Workers: 3
[1.871s][debug][gc,phases         ] GC(13)         Total                          Min: 0, Avg: 45.7, Max: 73, Diff: 73, Sum: 137, Workers: 3
[1.871s][debug][gc,phases         ] GC(13)       JNI Weak                       Min:  0.0, Avg:  0.0, Max:  0.0, Diff:  0.0, Sum:  0.0, Workers: 3
[1.871s][debug][gc,phases         ] GC(13)         Dead                           Min: 0, Avg:  0.0, Max: 0, Diff: 0, Sum: 0, Workers: 3
[1.871s][debug][gc,phases         ] GC(13)         Total                          Min: 0, Avg:  0.0, Max: 0, Diff: 0, Sum: 0, Workers: 3
[1.871s][debug][gc,phases         ] GC(13)       StringDedup Table Weak         Min:  0.0, Avg:  0.0, Max:  0.0, Diff:  0.0, Sum:  0.0, Workers: 3
[1.871s][debug][gc,phases         ] GC(13)         Dead                           Min: 0, Avg:  0.0, Max: 0, Diff: 0, Sum: 0, Workers: 3
[1.871s][debug][gc,phases         ] GC(13)         Total                          Min: 0, Avg:  0.0, Max: 0, Diff: 0, Sum: 0, Workers: 3
[1.871s][debug][gc,phases         ] GC(13)       StringDedup Requests0 Weak     Min:  0.0, Avg:  0.0, Max:  0.0, Diff:  0.0, Sum:  0.0, Workers: 3
[1.871s][debug][gc,phases         ] GC(13)         Dead                           Min: 0, Avg:  0.0, Max: 0, Diff: 0, Sum: 0, Workers: 3
[1.871s][debug][gc,phases         ] GC(13)         Total                          Min: 0, Avg:  0.0, Max: 0, Diff: 0, Sum: 0, Workers: 3
[1.872s][debug][gc,phases         ] GC(13)       StringDedup Requests1 Weak     Min:  0.0, Avg:  0.0, Max:  0.0, Diff:  0.0, Sum:  0.0, Workers: 3
[1.872s][debug][gc,phases         ] GC(13)         Dead                           Min: 0, Avg:  0.0, Max: 0, Diff: 0, Sum: 0, Workers: 3
[1.872s][debug][gc,phases         ] GC(13)         Total                          Min: 0, Avg:  0.0, Max: 0, Diff: 0, Sum: 0, Workers: 3
[1.872s][debug][gc,phases         ] GC(13)       Weak JFR Old Object Samples    Min:  0.0, Avg:  0.0, Max:  0.0, Diff:  0.0, Sum:  0.0, Workers: 3
[1.872s][debug][gc,phases         ] GC(13)         Dead                           Min: 0, Avg:  0.0, Max: 0, Diff: 0, Sum: 0, Workers: 3
[1.872s][debug][gc,phases         ] GC(13)         Total                          Min: 0, Avg:  0.0, Max: 0, Diff: 0, Sum: 0, Workers: 3
[1.872s][debug][gc,phases         ] GC(13)     Post Evacuate Cleanup 1: 0.0ms
[1.872s][debug][gc,phases         ] GC(13)       Merge Per-Thread State (ms):   Min:  0.0, Avg:  0.0, Max:  0.0, Diff:  0.0, Sum:  0.0, Workers: 1
[1.872s][debug][gc,phases         ] GC(13)         Copied Bytes                   Min: 6256880, Avg: 6542956.0, Max: 6745200, Diff: 488320, Sum: 26171824, Workers: 4
[1.872s][debug][gc,phases         ] GC(13)         LAB Waste                      Min: 192, Avg: 220.0, Max: 240, Diff: 48, Sum: 880, Workers: 4
[1.872s][debug][gc,phases         ] GC(13)         LAB Undo Waste                 Min: 0, Avg:  0.0, Max: 0, Diff: 0, Sum: 0, Workers: 4
[1.872s][debug][gc,phases         ] GC(13)       Clear Logged Cards (ms):       Min:  0.0, Avg:  0.0, Max:  0.0, Diff:  0.0, Sum:  0.0, Workers: 3
[1.872s][debug][gc,phases         ] GC(13)       Recalculate Used Memory (ms):  Min:  0.0, Avg:  0.0, Max:  0.0, Diff:  0.0, Sum:  0.0, Workers: 1
[1.872s][debug][gc,phases         ] GC(13)     Post Evacuate Cleanup 2: 0.0ms
[1.872s][debug][gc,phases         ] GC(13)       Reset Hot Card Cache (ms):     Min:  0.0, Avg:  0.0, Max:  0.0, Diff:  0.0, Sum:  0.0, Workers: 1
[1.872s][debug][gc,phases         ] GC(13)       Purge Code Roots (ms):         Min:  0.0, Avg:  0.0, Max:  0.0, Diff:  0.0, Sum:  0.0, Workers: 1
[1.872s][debug][gc,phases         ] GC(13)       Update Derived Pointers (ms):  Min:  0.0, Avg:  0.0, Max:  0.0, Diff:  0.0, Sum:  0.0, Workers: 1
[1.872s][debug][gc,phases         ] GC(13)       Eagerly Reclaim Humongous Objects (ms): Min:  0.0, Avg:  0.0, Max:  0.0, Diff:  0.0, Sum:  0.0, Workers: 1
[1.872s][debug][gc,phases         ] GC(13)         Humongous Total                Min: 1, Avg:  1.0, Max: 1, Diff: 0, Sum: 1, Workers: 1
[1.872s][debug][gc,phases         ] GC(13)         Humongous Candidates           Min: 0, Avg:  0.0, Max: 0, Diff: 0, Sum: 0, Workers: 1
[1.872s][debug][gc,phases         ] GC(13)         Humongous Reclaimed            Min: 0, Avg:  0.0, Max: 0, Diff: 0, Sum: 0, Workers: 1
[1.872s][debug][gc,phases         ] GC(13)       Redirty Logged Cards (ms):     Min:  0.0, Avg:  0.0, Max:  0.0, Diff:  0.0, Sum:  0.0, Workers: 4
[1.872s][debug][gc,phases         ] GC(13)         Redirtied Cards:               Min: 0, Avg: 512.3, Max: 1025, Diff: 1025, Sum: 2049, Workers: 4
[1.872s][debug][gc,phases         ] GC(13)       Free Collection Set (ms):      Min:  0.0, Avg:  0.0, Max:  0.0, Diff:  0.0, Sum:  0.0, Workers: 4
[1.872s][debug][gc,phases         ] GC(13)     Rebuild Free List: 0.1ms
[1.872s][debug][gc,phases         ] GC(13)     Start New Collection Set: 0.0ms
[1.872s][debug][gc,phases         ] GC(13)     Resize TLABs: 0.0ms
[1.872s][debug][gc,phases         ] GC(13)     Expand Heap After Collection: 0.0ms
[1.872s][info ][gc,phases         ] GC(13)   Other: 0.7ms
[1.872s][info ][gc,heap           ] GC(13) Eden regions: 15->0(157)
[1.872s][info ][gc,heap           ] GC(13) Survivor regions: 10->4(4)
[1.872s][info ][gc,heap           ] GC(13) Old regions: 171->190
[1.872s][info ][gc,heap           ] GC(13) Archive regions: 0->0
[1.872s][info ][gc,heap           ] GC(13) Humongous regions: 36->36
[1.872s][info ][gc,metaspace      ] GC(13) Metaspace: 493K(640K)->493K(640K) NonClass: 455K(512K)->455K(512K) Class: 37K(128K)->37K(128K)
[1.872s][debug][gc,heap           ] GC(13) Heap after GC invocations=14 (full 0):
[1.872s][debug][gc,heap           ] GC(13)  garbage-first heap   total 524288K, used 235520K [0x00000000e0000000, 0x0000000100000000)
[1.872s][debug][gc,heap           ] GC(13)   region size 1024K, 4 young (4096K), 4 survivors (4096K)
[1.872s][debug][gc,heap           ] GC(13)  Metaspace       used 493K, committed 640K, reserved 1056768K
[1.872s][debug][gc,heap           ] GC(13)   class space    used 37K, committed 128K, reserved 1048576K
[1.872s][info ][gc                ] GC(13) Pause Young (Mixed) (G1 Evacuation Pause) 231M->230M(512M) 32.757ms
[1.872s][info ][gc,cpu            ] GC(13) User=0.13s Sys=0.00s Real=0.03s
[1.877s][debug][gc,refine         ] Activated worker 0, on threshold: 3716, current: 3841
[1.877s][debug][gc,refine         ] Deactivated worker 0, off threshold: 3204, current: 3072, refined cards: 769
[1.879s][debug][gc,refine         ] Activated worker 0, on threshold: 3716, current: 3840
[1.879s][debug][gc,refine         ] Deactivated worker 0, off threshold: 3204, current: 3072, refined cards: 768
[1.881s][debug][gc,refine         ] Activated worker 0, on threshold: 3716, current: 3840
[1.882s][debug][gc,refine         ] Deactivated worker 0, off threshold: 3204, current: 3072, refined cards: 768
[1.883s][debug][gc,refine         ] Activated worker 0, on threshold: 3716, current: 3840
[1.884s][debug][gc,refine         ] Deactivated worker 0, off threshold: 3204, current: 3072, refined cards: 768
[1.886s][debug][gc,refine         ] Activated worker 0, on threshold: 3716, current: 3840
[1.886s][debug][gc,refine         ] Deactivated worker 0, off threshold: 3204, current: 3072, refined cards: 768
[1.888s][debug][gc,refine         ] Activated worker 0, on threshold: 3716, current: 3840
[1.888s][debug][gc,refine         ] Deactivated worker 0, off threshold: 3204, current: 3072, refined cards: 768
[1.890s][debug][gc,refine         ] Activated worker 0, on threshold: 3716, current: 3840
[1.890s][debug][gc,refine         ] Deactivated worker 0, off threshold: 3204, current: 3072, refined cards: 768
[1.892s][debug][gc,refine         ] Activated worker 0, on threshold: 3716, current: 3840
[1.893s][debug][gc,refine         ] Deactivated worker 0, off threshold: 3204, current: 3072, refined cards: 1024
[1.895s][debug][gc,refine         ] Activated worker 0, on threshold: 3716, current: 3840
[1.896s][debug][gc,refine         ] Deactivated worker 0, off threshold: 3204, current: 3072, refined cards: 768
[1.897s][debug][gc,refine         ] Activated worker 0, on threshold: 3716, current: 3840
[1.897s][debug][gc,task,start     ] G1 Service Thread (Remembered Set Sampling Task) (run)
[1.897s][debug][gc,task           ] G1 Service Thread (Remembered Set Sampling Task) (run) 0.039ms (cpu: 0.000ms)
[1.898s][debug][gc,refine         ] Deactivated worker 0, off threshold: 3204, current: 3072, refined cards: 768
[1.899s][debug][gc,refine         ] Activated worker 0, on threshold: 3716, current: 3840
[1.900s][debug][gc,refine         ] Deactivated worker 0, off threshold: 3204, current: 3072, refined cards: 768
[1.901s][debug][gc,refine         ] Activated worker 0, on threshold: 3716, current: 3840
[1.902s][debug][gc,refine         ] Deactivated worker 0, off threshold: 3204, current: 3072, refined cards: 768
[1.903s][debug][gc,refine         ] Activated worker 0, on threshold: 3716, current: 3840
[1.904s][debug][gc,refine         ] Deactivated worker 0, off threshold: 3204, current: 3072, refined cards: 768
[1.905s][debug][gc,refine         ] Activated worker 0, on threshold: 3716, current: 3840
[1.906s][debug][gc,refine         ] Deactivated worker 0, off threshold: 3204, current: 3072, refined cards: 768
[1.907s][debug][gc,refine         ] Activated worker 0, on threshold: 3716, current: 3840
[1.908s][debug][gc,refine         ] Deactivated worker 0, off threshold: 3204, current: 3072, refined cards: 768
[1.909s][debug][gc,refine         ] Activated worker 0, on threshold: 3716, current: 3840
[1.910s][debug][gc,refine         ] Deactivated worker 0, off threshold: 3204, current: 3072, refined cards: 768
[1.911s][debug][gc,refine         ] Activated worker 0, on threshold: 3716, current: 3840
[1.912s][debug][gc,refine         ] Deactivated worker 0, off threshold: 3204, current: 3072, refined cards: 768
[1.914s][debug][gc,refine         ] Activated worker 0, on threshold: 3716, current: 3840
[1.914s][debug][gc,refine         ] Deactivated worker 0, off threshold: 3204, current: 3072, refined cards: 768
[1.915s][debug][gc,refine         ] Activated worker 0, on threshold: 3716, current: 3840
[1.916s][debug][gc,refine         ] Deactivated worker 0, off threshold: 3204, current: 3072, refined cards: 768
[1.918s][debug][gc,refine         ] Activated worker 0, on threshold: 3716, current: 3840
[1.918s][debug][gc,refine         ] Deactivated worker 0, off threshold: 3204, current: 3072, refined cards: 768
[1.920s][debug][gc,refine         ] Activated worker 0, on threshold: 3716, current: 3840
[1.920s][debug][gc,refine         ] Deactivated worker 0, off threshold: 3204, current: 3072, refined cards: 768
[1.922s][debug][gc,refine         ] Activated worker 0, on threshold: 3716, current: 3840
[1.923s][debug][gc,refine         ] Deactivated worker 0, off threshold: 3204, current: 3072, refined cards: 768
[1.924s][debug][gc,refine         ] Activated worker 0, on threshold: 3716, current: 3840
[1.925s][debug][gc,refine         ] Deactivated worker 0, off threshold: 3204, current: 3072, refined cards: 768
[1.926s][debug][gc,refine         ] Activated worker 0, on threshold: 3716, current: 3840
[1.927s][debug][gc,refine         ] Deactivated worker 0, off threshold: 3204, current: 3072, refined cards: 768
[1.928s][debug][gc,refine         ] Activated worker 0, on threshold: 3716, current: 3840
[1.929s][debug][gc,refine         ] Deactivated worker 0, off threshold: 3204, current: 3072, refined cards: 768
[1.930s][debug][gc,refine         ] Activated worker 0, on threshold: 3716, current: 3840
[1.931s][debug][gc,refine         ] Deactivated worker 0, off threshold: 3204, current: 3072, refined cards: 768
[1.933s][debug][gc,refine         ] Activated worker 0, on threshold: 3716, current: 3840
[1.933s][debug][gc,refine         ] Deactivated worker 0, off threshold: 3204, current: 3072, refined cards: 768
[1.935s][debug][gc,refine         ] Activated worker 0, on threshold: 3716, current: 3840
[1.935s][debug][gc,refine         ] Deactivated worker 0, off threshold: 3204, current: 3072, refined cards: 768
[1.937s][debug][gc,refine         ] Activated worker 0, on threshold: 3716, current: 3840
[1.937s][debug][gc,refine         ] Deactivated worker 0, off threshold: 3204, current: 3072, refined cards: 768
[1.939s][debug][gc,refine         ] Activated worker 0, on threshold: 3716, current: 3840
[1.939s][debug][gc,refine         ] Deactivated worker 0, off threshold: 3204, current: 3072, refined cards: 768
[1.941s][debug][gc,refine         ] Activated worker 0, on threshold: 3716, current: 3840
[1.941s][debug][gc,refine         ] Deactivated worker 0, off threshold: 3204, current: 3072, refined cards: 768
[1.943s][debug][gc,refine         ] Activated worker 0, on threshold: 3716, current: 3840
[1.943s][debug][gc,refine         ] Deactivated worker 0, off threshold: 3204, current: 3072, refined cards: 768
[1.945s][debug][gc,refine         ] Activated worker 0, on threshold: 3716, current: 3840
[1.945s][debug][gc,refine         ] Deactivated worker 0, off threshold: 3204, current: 3072, refined cards: 768
[1.947s][debug][gc,refine         ] Activated worker 0, on threshold: 3716, current: 3840
[1.947s][debug][gc,refine         ] Deactivated worker 0, off threshold: 3204, current: 3072, refined cards: 768
[1.949s][debug][gc,refine         ] Activated worker 0, on threshold: 3716, current: 3840
[1.949s][debug][gc,refine         ] Deactivated worker 0, off threshold: 3204, current: 3072, refined cards: 768
[1.951s][debug][gc,refine         ] Activated worker 0, on threshold: 3716, current: 3840
[1.951s][debug][gc,refine         ] Deactivated worker 0, off threshold: 3204, current: 3072, refined cards: 768
[1.953s][debug][gc,refine         ] Activated worker 0, on threshold: 3716, current: 3840
[1.954s][debug][gc,refine         ] Deactivated worker 0, off threshold: 3204, current: 3072, refined cards: 768
[1.955s][debug][gc,refine         ] Activated worker 0, on threshold: 3716, current: 3840
[1.956s][debug][gc,refine         ] Deactivated worker 0, off threshold: 3204, current: 3072, refined cards: 768
[1.960s][debug][gc,refine         ] Activated worker 0, on threshold: 3716, current: 3840
[1.960s][debug][gc,refine         ] Deactivated worker 0, off threshold: 3204, current: 3072, refined cards: 768
[1.962s][debug][gc,refine         ] Activated worker 0, on threshold: 3716, current: 3840
[1.962s][debug][gc,refine         ] Deactivated worker 0, off threshold: 3204, current: 3072, refined cards: 768
[1.964s][debug][gc,refine         ] Activated worker 0, on threshold: 3716, current: 3840
[1.965s][debug][gc,refine         ] Deactivated worker 0, off threshold: 3204, current: 3072, refined cards: 768
[1.967s][debug][gc,refine         ] Activated worker 0, on threshold: 3716, current: 3840
[1.967s][debug][gc,refine         ] Deactivated worker 0, off threshold: 3204, current: 3072, refined cards: 768
[1.969s][debug][gc,refine         ] Activated worker 0, on threshold: 3716, current: 3840
[1.969s][debug][gc,refine         ] Deactivated worker 0, off threshold: 3204, current: 3072, refined cards: 768
[1.972s][debug][gc,refine         ] Activated worker 0, on threshold: 3716, current: 3840
[1.972s][debug][gc,refine         ] Deactivated worker 0, off threshold: 3204, current: 3072, refined cards: 768
[1.974s][debug][gc,refine         ] Activated worker 0, on threshold: 3716, current: 3840
[1.975s][debug][gc,refine         ] Deactivated worker 0, off threshold: 3204, current: 3072, refined cards: 768
[1.977s][debug][gc,refine         ] Activated worker 0, on threshold: 3716, current: 3840
[1.978s][debug][gc,refine         ] Deactivated worker 0, off threshold: 3204, current: 3072, refined cards: 768
[1.980s][debug][gc,refine         ] Activated worker 0, on threshold: 3716, current: 3840
[1.980s][debug][gc,refine         ] Deactivated worker 0, off threshold: 3204, current: 3072, refined cards: 768
[1.982s][debug][gc,refine         ] Activated worker 0, on threshold: 3716, current: 3840
[1.983s][debug][gc,refine         ] Deactivated worker 0, off threshold: 3204, current: 3072, refined cards: 768
[1.984s][debug][gc,refine         ] Activated worker 0, on threshold: 3716, current: 3840
[1.985s][debug][gc,refine         ] Deactivated worker 0, off threshold: 3204, current: 3072, refined cards: 768
[1.986s][debug][gc,refine         ] Activated worker 0, on threshold: 3716, current: 3840
[1.987s][debug][gc,refine         ] Deactivated worker 0, off threshold: 3204, current: 3072, refined cards: 768
[1.988s][debug][gc,refine         ] Activated worker 0, on threshold: 3716, current: 3840
[1.988s][debug][gc,refine         ] Deactivated worker 0, off threshold: 3204, current: 3072, refined cards: 768
[1.990s][debug][gc,refine         ] Activated worker 0, on threshold: 3716, current: 3840
[1.990s][debug][gc,refine         ] Deactivated worker 0, off threshold: 3204, current: 3072, refined cards: 768
[1.992s][debug][gc,refine         ] Activated worker 0, on threshold: 3716, current: 3840
[1.993s][debug][gc,refine         ] Deactivated worker 0, off threshold: 3204, current: 3072, refined cards: 768
[1.994s][debug][gc,refine         ] Activated worker 0, on threshold: 3716, current: 3840
[1.995s][debug][gc,refine         ] Deactivated worker 0, off threshold: 3204, current: 3072, refined cards: 768
[1.997s][debug][gc,refine         ] Activated worker 0, on threshold: 3716, current: 3840
[1.998s][debug][gc,refine         ] Deactivated worker 0, off threshold: 3204, current: 3072, refined cards: 768
[1.999s][debug][gc,refine         ] Activated worker 0, on threshold: 3716, current: 3840
[2.000s][debug][gc,refine         ] Deactivated worker 0, off threshold: 3204, current: 3072, refined cards: 768
[2.003s][debug][gc,refine         ] Activated worker 0, on threshold: 3716, current: 3840
[2.004s][debug][gc,refine         ] Deactivated worker 0, off threshold: 3204, current: 3072, refined cards: 768
[2.006s][debug][gc,refine         ] Activated worker 0, on threshold: 3716, current: 3840
[2.006s][debug][gc,refine         ] Deactivated worker 0, off threshold: 3204, current: 3072, refined cards: 768
[2.008s][debug][gc,refine         ] Activated worker 0, on threshold: 3716, current: 3840
[2.009s][debug][gc,refine         ] Deactivated worker 0, off threshold: 3204, current: 3072, refined cards: 768
[2.011s][debug][gc,refine         ] Activated worker 0, on threshold: 3716, current: 3840
[2.012s][debug][gc,refine         ] Deactivated worker 0, off threshold: 3204, current: 3072, refined cards: 768
[2.014s][debug][gc,refine         ] Activated worker 0, on threshold: 3716, current: 3840
[2.014s][debug][gc,refine         ] Deactivated worker 0, off threshold: 3204, current: 3072, refined cards: 768
[2.016s][debug][gc,refine         ] Activated worker 0, on threshold: 3716, current: 3840
[2.017s][debug][gc,refine         ] Deactivated worker 0, off threshold: 3204, current: 3072, refined cards: 768
[2.019s][debug][gc,refine         ] Activated worker 0, on threshold: 3716, current: 3840
[2.020s][debug][gc,refine         ] Deactivated worker 0, off threshold: 3204, current: 3072, refined cards: 768
[2.022s][debug][gc,refine         ] Activated worker 0, on threshold: 3716, current: 3840
[2.022s][debug][gc,refine         ] Deactivated worker 0, off threshold: 3204, current: 3072, refined cards: 768
[2.024s][debug][gc,refine         ] Activated worker 0, on threshold: 3716, current: 3840
[2.025s][debug][gc,refine         ] Deactivated worker 0, off threshold: 3204, current: 3072, refined cards: 768
[2.027s][debug][gc,refine         ] Activated worker 0, on threshold: 3716, current: 3840
[2.028s][debug][gc,refine         ] Deactivated worker 0, off threshold: 3204, current: 3072, refined cards: 768
[2.030s][debug][gc,refine         ] Activated worker 0, on threshold: 3716, current: 3840
[2.030s][debug][gc,refine         ] Deactivated worker 0, off threshold: 3204, current: 3072, refined cards: 768
[2.033s][debug][gc,refine         ] Activated worker 0, on threshold: 3716, current: 3840
[2.033s][debug][gc,refine         ] Deactivated worker 0, off threshold: 3204, current: 3072, refined cards: 768
[2.035s][debug][gc,refine         ] Activated worker 0, on threshold: 3716, current: 3840
[2.036s][debug][gc,refine         ] Deactivated worker 0, off threshold: 3204, current: 3072, refined cards: 768
[2.038s][debug][gc,refine         ] Activated worker 0, on threshold: 3716, current: 3840
[2.039s][debug][gc,refine         ] Deactivated worker 0, off threshold: 3204, current: 3072, refined cards: 768
[2.041s][debug][gc,refine         ] Activated worker 0, on threshold: 3716, current: 3840
[2.042s][debug][gc,refine         ] Deactivated worker 0, off threshold: 3204, current: 3072, refined cards: 768
[2.044s][debug][gc,refine         ] Activated worker 0, on threshold: 3716, current: 3840
[2.045s][debug][gc,refine         ] Deactivated worker 0, off threshold: 3204, current: 3072, refined cards: 768
[2.047s][debug][gc,refine         ] Activated worker 0, on threshold: 3716, current: 3840
[2.047s][debug][gc,refine         ] Deactivated worker 0, off threshold: 3204, current: 3072, refined cards: 768
[2.050s][debug][gc,refine         ] Activated worker 0, on threshold: 3716, current: 3840
[2.051s][debug][gc,refine         ] Deactivated worker 0, off threshold: 3204, current: 3072, refined cards: 768
[2.053s][debug][gc,refine         ] Activated worker 0, on threshold: 3716, current: 3840
[2.054s][debug][gc,refine         ] Deactivated worker 0, off threshold: 3204, current: 3072, refined cards: 768
[2.056s][debug][gc,refine         ] Activated worker 0, on threshold: 3716, current: 3840
[2.057s][debug][gc,refine         ] Deactivated worker 0, off threshold: 3204, current: 3072, refined cards: 768
[2.059s][debug][gc,refine         ] Activated worker 0, on threshold: 3716, current: 3840
[2.060s][debug][gc,refine         ] Deactivated worker 0, off threshold: 3204, current: 3072, refined cards: 768
[2.062s][debug][gc,refine         ] Activated worker 0, on threshold: 3716, current: 3840
[2.062s][debug][gc,refine         ] Deactivated worker 0, off threshold: 3204, current: 3072, refined cards: 768
[2.064s][debug][gc,refine         ] Activated worker 0, on threshold: 3716, current: 3840
[2.065s][debug][gc,refine         ] Deactivated worker 0, off threshold: 3204, current: 3072, refined cards: 768
[2.067s][debug][gc,refine         ] Activated worker 0, on threshold: 3716, current: 3840
[2.067s][debug][gc,refine         ] Deactivated worker 0, off threshold: 3204, current: 3072, refined cards: 768
[2.069s][debug][gc,refine         ] Activated worker 0, on threshold: 3716, current: 3840
[2.070s][debug][gc,refine         ] Deactivated worker 0, off threshold: 3204, current: 3072, refined cards: 768
[2.072s][debug][gc,refine         ] Activated worker 0, on threshold: 3716, current: 3840
[2.073s][debug][gc,refine         ] Deactivated worker 0, off threshold: 3204, current: 3072, refined cards: 768
[2.075s][debug][gc,refine         ] Activated worker 0, on threshold: 3716, current: 3840
[2.075s][debug][gc,refine         ] Deactivated worker 0, off threshold: 3204, current: 3072, refined cards: 768
[2.077s][debug][gc,refine         ] Activated worker 0, on threshold: 3716, current: 3840
[2.078s][debug][gc,refine         ] Deactivated worker 0, off threshold: 3204, current: 3072, refined cards: 768
[2.080s][debug][gc,refine         ] Activated worker 0, on threshold: 3716, current: 3840
[2.080s][debug][gc,refine         ] Deactivated worker 0, off threshold: 3204, current: 3072, refined cards: 768
[2.082s][debug][gc,refine         ] Activated worker 0, on threshold: 3716, current: 3840
[2.083s][debug][gc,refine         ] Deactivated worker 0, off threshold: 3204, current: 3072, refined cards: 768
[2.085s][debug][gc,refine         ] Activated worker 0, on threshold: 3716, current: 3840
[2.086s][debug][gc,refine         ] Deactivated worker 0, off threshold: 3204, current: 3072, refined cards: 768
[2.088s][debug][gc,refine         ] Activated worker 0, on threshold: 3716, current: 3840
[2.088s][debug][gc,refine         ] Deactivated worker 0, off threshold: 3204, current: 3072, refined cards: 768
[2.090s][debug][gc,refine         ] Activated worker 0, on threshold: 3716, current: 3840
[2.091s][debug][gc,refine         ] Deactivated worker 0, off threshold: 3204, current: 3072, refined cards: 768
[2.094s][debug][gc,refine         ] Activated worker 0, on threshold: 3716, current: 3840
[2.095s][debug][gc,refine         ] Deactivated worker 0, off threshold: 3204, current: 3072, refined cards: 768
[2.097s][debug][gc,refine         ] Activated worker 0, on threshold: 3716, current: 3840
[2.097s][debug][gc,refine         ] Deactivated worker 0, off threshold: 3204, current: 3072, refined cards: 768
[2.100s][debug][gc,refine         ] Activated worker 0, on threshold: 3716, current: 3840
[2.100s][debug][gc,refine         ] Deactivated worker 0, off threshold: 3204, current: 3072, refined cards: 768
[2.103s][debug][gc,refine         ] Activated worker 0, on threshold: 3716, current: 3840
[2.104s][debug][gc,refine         ] Deactivated worker 0, off threshold: 3204, current: 3072, refined cards: 768
[2.106s][debug][gc,refine         ] Activated worker 0, on threshold: 3716, current: 3840
[2.106s][debug][gc,refine         ] Deactivated worker 0, off threshold: 3204, current: 3072, refined cards: 768
[2.108s][debug][gc,refine         ] Activated worker 0, on threshold: 3716, current: 3840
[2.109s][debug][gc,refine         ] Deactivated worker 0, off threshold: 3204, current: 3072, refined cards: 768
[2.111s][debug][gc,refine         ] Activated worker 0, on threshold: 3716, current: 3840
[2.112s][debug][gc,refine         ] Deactivated worker 0, off threshold: 3204, current: 3072, refined cards: 768
[2.114s][debug][gc,refine         ] Activated worker 0, on threshold: 3716, current: 3840
[2.115s][debug][gc,refine         ] Deactivated worker 0, off threshold: 3204, current: 3072, refined cards: 768
[2.117s][debug][gc,refine         ] Activated worker 0, on threshold: 3716, current: 3840
[2.117s][debug][gc,refine         ] Deactivated worker 0, off threshold: 3204, current: 3072, refined cards: 768
[2.119s][debug][gc,refine         ] Activated worker 0, on threshold: 3716, current: 3840
[2.120s][debug][gc,refine         ] Deactivated worker 0, off threshold: 3204, current: 3072, refined cards: 768
[2.122s][debug][gc,refine         ] Activated worker 0, on threshold: 3716, current: 3840
[2.123s][debug][gc,refine         ] Deactivated worker 0, off threshold: 3204, current: 3072, refined cards: 768
[2.125s][debug][gc,refine         ] Activated worker 0, on threshold: 3716, current: 3840
[2.125s][debug][gc,refine         ] Deactivated worker 0, off threshold: 3204, current: 3072, refined cards: 768
[2.127s][debug][gc,refine         ] Activated worker 0, on threshold: 3716, current: 3840
[2.128s][debug][gc,refine         ] Deactivated worker 0, off threshold: 3204, current: 3072, refined cards: 768
[2.129s][debug][gc,heap           ] GC(14) Heap before GC invocations=14 (full 0):
[2.129s][debug][gc,heap           ] GC(14)  garbage-first heap   total 524288K, used 396288K [0x00000000e0000000, 0x0000000100000000)
[2.129s][debug][gc,task,start     ] G1 Service Thread (Periodic GC Task) (run)
[2.129s][debug][gc,heap           ] GC(14)   region size 1024K, 161 young (164864K), 4 survivors (4096K)
[2.130s][debug][gc,task           ] G1 Service Thread (Periodic GC Task) (run) 0.045ms (cpu: 0.000ms)
[2.130s][debug][gc,heap           ] GC(14)  Metaspace       used 493K, committed 640K, reserved 1056768K
[2.130s][debug][gc,heap           ] GC(14)   class space    used 37K, committed 128K, reserved 1048576K
[2.130s][info ][gc,start          ] GC(14) Pause Young (Normal) (G1 Evacuation Pause)
[2.130s][info ][gc,task           ] GC(14) Using 4 workers of 4 for evacuation
[2.130s][debug][gc,tlab           ] GC(14) TLAB totals: thrds: 1  refills: 471 max: 471 slow allocs: 0 max 0 waste:  0.2% gc: 0B max: 0B slow: 271304B max: 271304B
[2.130s][debug][gc,age            ] GC(14) Desired survivor size 11010048 bytes, new threshold 15 (max threshold 15)
[2.130s][debug][gc,refine,stats   ] GC(14) Mutator refinement: 0.00ms, refined: 0, precleaned: 0, dirtied: 80253
[2.130s][debug][gc,refine,stats   ] GC(14) Concurrent refinement: 60.95ms, refined: 78593, precleaned: 1024, dirtied: 0
[2.130s][debug][gc,refine,stats   ] GC(14) Total refinement: 60.95ms, refined: 78593, precleaned: 1024, dirtied: 80253
[2.130s][debug][gc,refine,stats   ] GC(14) Concurrent refinement rate: 1289.54 cards/ms
[2.130s][debug][gc,refine,stats   ] GC(14) Generate dirty cards rate: 308.02 cards/ms
[2.130s][debug][gc,alloc,region   ] GC(14) Mutator Allocation stats, regions: 157, wasted size: 0B ( 0.0%)
[2.130s][debug][gc,humongous      ] GC(14) Humongous region 155 (object size 36920416 @ 0x00000000e9b00000) remset 1 code roots 0 marked 0 reclaim candidate 0 type array 0
[2.130s][debug][gc,ergo           ] GC(14) Running G1 Merge Heap Roots using 4 workers for 161 regions
[2.130s][debug][gc,remset         ] GC(14) Visited cards 49664 Total dirty 51200 (97.00%) Total old 1122304 (4.43%)
[2.197s][debug][gc,task,start     ] G1 Service Thread (Remembered Set Sampling Task) (run)
[2.251s][debug][gc,ref            ] GC(14) Skipped phase 1 of Reference Processing: no references
[2.251s][debug][gc,ref            ] GC(14) Skipped phase 2 of Reference Processing: no references
[2.251s][debug][gc,ref            ] GC(14) Skipped phase 3 of Reference Processing: no references
[2.251s][debug][gc,ref            ] GC(14) Skipped phase 4 of Reference Processing: no references
[2.252s][debug][gc,ergo           ] GC(14) Running G1 Rebuild Free List Task using 4 workers for rebuilding free list of regions
[2.252s][debug][gc,plab           ] GC(14) Young PLAB allocation: allocated: 22020096B, wasted: 1344B, unused: 0B, used: 22018752B, undo waste: 0B, 
[2.252s][debug][gc,plab           ] GC(14) Young other allocation: region end waste: 0B, regions filled: 21, direct allocated: 0B, failure used: 0B, failure wasted: 0B
[2.252s][debug][gc,plab           ] GC(14) Young sizing: calculated: 4403744B, actual: 3574712B
[2.252s][debug][gc,plab           ] GC(14) Old PLAB allocation: allocated: 80740352B, wasted: 2400B, unused: 1069248B, used: 79668704B, undo waste: 0B, 
[2.252s][debug][gc,plab           ] GC(14) Old other allocation: region end waste: 0B, regions filled: 77, direct allocated: 0B, failure used: 0B, failure wasted: 0B
[2.252s][debug][gc,plab           ] GC(14) Old sizing: calculated: 15933736B, actual: 13029792B
[2.252s][debug][gc,ergo,heap      ] GC(14) Heap expansion: short term pause time ratio 56.01% long term pause time ratio 33.82% threshold 7.69% pause time ratio 7.69% fully expanded true resize by 0B
[2.252s][debug][gc,ergo,ihop      ] GC(14) Request concurrent cycle initiation (occupancy higher than threshold) occupancy: 317718528B allocation request: 0B threshold: 241591910B (45.00) source: end of GC
[2.252s][debug][gc,mmu            ] GC(14) MMU: 122.1ms (200.0ms/201.0ms)
[2.252s][debug][gc,alloc,stats    ] Old generation allocation in the last mutator period, old gen allocated: 80740352B, humongous allocated: 0B,old gen growth: 80740352B.
[2.252s][debug][gc,ihop           ] GC(14) Basic information (value update), threshold: 241591910B (45.00), target occupancy: 536870912B, current occupancy: 339738624B, recent allocation size: 80740352B, recent allocation duration: 260.54ms, recent old gen allocation rate: 309894638.59B/s, recent marking phase length: 513.50ms
[2.252s][debug][gc,ihop           ] GC(14) Adaptive IHOP information (value update), threshold: 241591910B (52.94), internal target occupancy: 456340275B, occupancy: 339738624B, additional buffer size: 70254592B, predicted old gen allocation rate: 339943373.13B/s, predicted marking phase length: 1026.99ms, prediction active: false
[2.252s][debug][gc,ergo,refine    ] GC(14) Concurrent refinement times: Logged Cards Scan time goal: 19.99ms Logged Cards Scan time: 1.40ms HCC time: 0.01ms
[2.252s][debug][gc,ergo,refine    ] GC(14) Updated Refinement Zones: green: 3524, yellow: 10572, red: 17620
[2.252s][info ][gc,phases         ] GC(14)   Pre Evacuate Collection Set: 0.1ms
[2.252s][debug][gc,refine         ] Activated worker 0, on threshold: 4036, current: 10756
[2.252s][debug][gc,phases         ] GC(14)     Prepare TLABs: 0.0ms
[2.252s][debug][gc,phases         ] GC(14)     Concatenate Dirty Card Logs: 0.0ms
[2.252s][debug][gc,phases         ] GC(14)     Choose Collection Set: 0.0ms
[2.252s][debug][gc,phases         ] GC(14)     Region Register: 0.1ms
[2.252s][debug][gc,phases         ] GC(14)     Prepare Heap Roots: 0.0ms
[2.252s][info ][gc,phases         ] GC(14)   Merge Heap Roots: 0.3ms
[2.252s][debug][gc,phases         ] GC(14)     Prepare Merge Heap Roots: 0.0ms
[2.252s][debug][gc,phases         ] GC(14)     Eager Reclaim (ms):            skipped
[2.252s][debug][gc,phases         ] GC(14)     Remembered Sets (ms):          Min:  0.1, Avg:  0.2, Max:  0.2, Diff:  0.0, Sum:  0.7, Workers: 4
[2.252s][debug][gc,phases         ] GC(14)       Merged Sparse:                 Min: 0, Avg:  0.8, Max: 3, Diff: 3, Sum: 3, Workers: 4
[2.252s][debug][gc,phases         ] GC(14)       Merged Fine:                   Min: 34, Avg: 45.3, Max: 54, Diff: 20, Sum: 181, Workers: 4
[2.252s][debug][gc,phases         ] GC(14)       Merged Coarse:                 Min: 0, Avg:  0.0, Max: 0, Diff: 0, Sum: 0, Workers: 4
[2.252s][debug][gc,phases         ] GC(14)       Dirty Cards:                   Min: 5035, Avg: 11242.3, Max: 20445, Diff: 15410, Sum: 44969, Workers: 4
[2.252s][debug][gc,phases         ] GC(14)     Hot Card Cache (ms):           Min:  0.0, Avg:  0.0, Max:  0.0, Diff:  0.0, Sum:  0.0, Workers: 4
[2.252s][debug][gc,phases         ] GC(14)       Dirty Cards:                   Min: 184, Avg: 248.0, Max: 312, Diff: 128, Sum: 992, Workers: 4
[2.252s][debug][gc,phases         ] GC(14)       Skipped Cards:                 Min: 0, Avg:  0.0, Max: 0, Diff: 0, Sum: 0, Workers: 4
[2.252s][debug][gc,phases         ] GC(14)     Log Buffers (ms):              Min:  0.0, Avg:  0.0, Max:  0.0, Diff:  0.0, Sum:  0.1, Workers: 4
[2.252s][debug][gc,phases         ] GC(14)       Dirty Cards:                   Min: 0, Avg: 921.3, Max: 1397, Diff: 1397, Sum: 3685, Workers: 4
[2.253s][debug][gc,phases         ] GC(14)       Skipped Cards:                 Min: 0, Avg:  0.0, Max: 0, Diff: 0, Sum: 0, Workers: 4
[2.253s][info ][gc,phases         ] GC(14)   Evacuate Collection Set: 120.8ms
[2.253s][debug][gc,phases         ] GC(14)     Ext Root Scanning (ms):        Min:  0.0, Avg:  0.0, Max:  0.0, Diff:  0.0, Sum:  0.1, Workers: 4
[2.253s][debug][gc,phases         ] GC(14)     Scan Heap Roots (ms):          Min: 17.8, Avg: 18.6, Max: 19.5, Diff:  1.6, Sum: 74.4, Workers: 4
[2.253s][debug][gc,phases         ] GC(14)       Scanned Cards:                 Min: 11264, Avg: 12413.3, Max: 13045, Diff: 1781, Sum: 49653, Workers: 4
[2.253s][debug][gc,phases         ] GC(14)       Scanned Blocks:                Min: 44, Avg: 48.5, Max: 51, Diff: 7, Sum: 194, Workers: 4
[2.253s][debug][gc,phases         ] GC(14)       Claimed Chunks:                Min: 44, Avg: 48.5, Max: 51, Diff: 7, Sum: 194, Workers: 4
[2.253s][debug][gc,phases         ] GC(14)     Code Root Scan (ms):           Min:  0.0, Avg:  0.0, Max:  0.0, Diff:  0.0, Sum:  0.0, Workers: 4
[2.253s][debug][gc,phases         ] GC(14)     Object Copy (ms):              Min: 101.3, Avg: 101.9, Max: 102.5, Diff:  1.3, Sum: 407.6, Workers: 4
[2.253s][debug][gc,phases         ] GC(14)     Termination (ms):              Min:  0.0, Avg:  0.0, Max:  0.0, Diff:  0.0, Sum:  0.1, Workers: 4
[2.253s][debug][gc,phases         ] GC(14)       Termination Attempts:          Min: 1, Avg:  1.0, Max: 1, Diff: 0, Sum: 4, Workers: 4
[2.253s][debug][gc,phases         ] GC(14)     GC Worker Other (ms):          Min:  0.0, Avg:  0.0, Max:  0.0, Diff:  0.0, Sum:  0.1, Workers: 4
[2.253s][debug][gc,phases         ] GC(14)     GC Worker Total (ms):          Min: 120.0, Avg: 120.6, Max: 120.8, Diff:  0.8, Sum: 482.3, Workers: 4
[2.253s][info ][gc,phases         ] GC(14)   Post Evacuate Collection Set: 0.5ms
[2.253s][debug][gc,phases         ] GC(14)     Code Roots Fixup: 0.0ms
[2.253s][debug][gc,phases         ] GC(14)     Reference Processing: 0.2ms
[2.253s][debug][gc,phases,ref     ] GC(14)       Reconsider SoftReferences: 0.1ms
[2.253s][debug][gc,phases,ref     ] GC(14)         SoftRef (ms):                  skipped
[2.253s][debug][gc,phases,ref     ] GC(14)       Notify Soft/WeakReferences: 0.0ms
[2.253s][debug][gc,phases,ref     ] GC(14)         SoftRef (ms):                  skipped
[2.253s][debug][gc,phases,ref     ] GC(14)         WeakRef (ms):                  skipped
[2.253s][debug][gc,phases,ref     ] GC(14)         FinalRef (ms):                 skipped
[2.253s][debug][gc,phases,ref     ] GC(14)         Total (ms):                    skipped
[2.253s][debug][gc,phases,ref     ] GC(14)       Notify and keep alive finalizable: 0.0ms
[2.253s][debug][gc,phases,ref     ] GC(14)         FinalRef (ms):                 skipped
[2.253s][debug][gc,phases,ref     ] GC(14)       Notify PhantomReferences: 0.0ms
[2.253s][debug][gc,phases,ref     ] GC(14)         PhantomRef (ms):               skipped
[2.253s][debug][gc,phases,ref     ] GC(14)       SoftReference:
[2.253s][debug][gc,phases,ref     ] GC(14)         Discovered: 0
[2.253s][debug][gc,phases,ref     ] GC(14)         Cleared: 0
[2.253s][debug][gc,phases,ref     ] GC(14)       WeakReference:
[2.253s][debug][gc,phases,ref     ] GC(14)         Discovered: 0
[2.253s][debug][gc,phases,ref     ] GC(14)         Cleared: 0
[2.253s][debug][gc,phases,ref     ] GC(14)       FinalReference:
[2.253s][debug][gc,phases,ref     ] GC(14)         Discovered: 0
[2.253s][debug][gc,phases,ref     ] GC(14)         Cleared: 0
[2.253s][debug][gc,phases,ref     ] GC(14)       PhantomReference:
[2.253s][debug][gc,phases,ref     ] GC(14)         Discovered: 0
[2.253s][debug][gc,phases,ref     ] GC(14)         Cleared: 0
[2.253s][debug][gc,phases         ] GC(14)     Weak Processing: 0.0ms
[2.253s][debug][gc,phases         ] GC(14)       VM Weak                        Min:  0.0, Avg:  0.0, Max:  0.0, Diff:  0.0, Sum:  0.0, Workers: 3
[2.253s][debug][gc,phases         ] GC(14)         Dead                           Min: 0, Avg:  0.0, Max: 0, Diff: 0, Sum: 0, Workers: 3
[2.253s][debug][gc,phases         ] GC(14)         Total                          Min: 0, Avg:  4.7, Max: 14, Diff: 14, Sum: 14, Workers: 3
[2.253s][debug][gc,phases         ] GC(14)       ObjectSynchronizer Weak        Min:  0.0, Avg:  0.0, Max:  0.0, Diff:  0.0, Sum:  0.0, Workers: 3
[2.253s][debug][gc,phases         ] GC(14)         Dead                           Min: 0, Avg:  0.0, Max: 0, Diff: 0, Sum: 0, Workers: 3
[2.253s][debug][gc,phases         ] GC(14)         Total                          Min: 0, Avg:  1.0, Max: 3, Diff: 3, Sum: 3, Workers: 3
[2.253s][debug][gc,phases         ] GC(14)       JVMTI Tag Weak OopStorage      Min:  0.0, Avg:  0.0, Max:  0.0, Diff:  0.0, Sum:  0.0, Workers: 3
[2.253s][debug][gc,phases         ] GC(14)         Dead                           Min: 0, Avg:  0.0, Max: 0, Diff: 0, Sum: 0, Workers: 3
[2.253s][debug][gc,phases         ] GC(14)         Total                          Min: 0, Avg:  0.0, Max: 0, Diff: 0, Sum: 0, Workers: 3
[2.253s][debug][gc,phases         ] GC(14)       StringTable Weak               Min:  0.0, Avg:  0.0, Max:  0.0, Diff:  0.0, Sum:  0.0, Workers: 3
[2.253s][debug][gc,phases         ] GC(14)         Dead                           Min: 0, Avg:  0.0, Max: 0, Diff: 0, Sum: 0, Workers: 3
[2.253s][debug][gc,phases         ] GC(14)         Total                          Min: 768, Avg: 821.3, Max: 896, Diff: 128, Sum: 2464, Workers: 3
[2.253s][debug][gc,phases         ] GC(14)       ResolvedMethodTable Weak       Min:  0.0, Avg:  0.0, Max:  0.0, Diff:  0.0, Sum:  0.0, Workers: 3
[2.253s][debug][gc,phases         ] GC(14)         Dead                           Min: 0, Avg:  0.0, Max: 0, Diff: 0, Sum: 0, Workers: 3
[2.253s][debug][gc,phases         ] GC(14)         Total                          Min: 9, Avg: 45.7, Max: 64, Diff: 55, Sum: 137, Workers: 3
[2.253s][debug][gc,phases         ] GC(14)       JNI Weak                       Min:  0.0, Avg:  0.0, Max:  0.0, Diff:  0.0, Sum:  0.0, Workers: 3
[2.253s][debug][gc,phases         ] GC(14)         Dead                           Min: 0, Avg:  0.0, Max: 0, Diff: 0, Sum: 0, Workers: 3
[2.253s][debug][gc,phases         ] GC(14)         Total                          Min: 0, Avg:  0.0, Max: 0, Diff: 0, Sum: 0, Workers: 3
[2.253s][debug][gc,phases         ] GC(14)       StringDedup Table Weak         Min:  0.0, Avg:  0.0, Max:  0.0, Diff:  0.0, Sum:  0.0, Workers: 3
[2.253s][debug][gc,phases         ] GC(14)         Dead                           Min: 0, Avg:  0.0, Max: 0, Diff: 0, Sum: 0, Workers: 3
[2.253s][debug][gc,phases         ] GC(14)         Total                          Min: 0, Avg:  0.0, Max: 0, Diff: 0, Sum: 0, Workers: 3
[2.253s][debug][gc,phases         ] GC(14)       StringDedup Requests0 Weak     Min:  0.0, Avg:  0.0, Max:  0.0, Diff:  0.0, Sum:  0.0, Workers: 3
[2.254s][debug][gc,phases         ] GC(14)         Dead                           Min: 0, Avg:  0.0, Max: 0, Diff: 0, Sum: 0, Workers: 3
[2.254s][debug][gc,phases         ] GC(14)         Total                          Min: 0, Avg:  0.0, Max: 0, Diff: 0, Sum: 0, Workers: 3
[2.254s][debug][gc,phases         ] GC(14)       StringDedup Requests1 Weak     Min:  0.0, Avg:  0.0, Max:  0.0, Diff:  0.0, Sum:  0.0, Workers: 3
[2.254s][debug][gc,phases         ] GC(14)         Dead                           Min: 0, Avg:  0.0, Max: 0, Diff: 0, Sum: 0, Workers: 3
[2.254s][debug][gc,phases         ] GC(14)         Total                          Min: 0, Avg:  0.0, Max: 0, Diff: 0, Sum: 0, Workers: 3
[2.254s][debug][gc,phases         ] GC(14)       Weak JFR Old Object Samples    Min:  0.0, Avg:  0.0, Max:  0.0, Diff:  0.0, Sum:  0.0, Workers: 3
[2.254s][debug][gc,phases         ] GC(14)         Dead                           Min: 0, Avg:  0.0, Max: 0, Diff: 0, Sum: 0, Workers: 3
[2.254s][debug][gc,phases         ] GC(14)         Total                          Min: 0, Avg:  0.0, Max: 0, Diff: 0, Sum: 0, Workers: 3
[2.254s][debug][gc,phases         ] GC(14)     Post Evacuate Cleanup 1: 0.1ms
[2.254s][debug][gc,phases         ] GC(14)       Merge Per-Thread State (ms):   Min:  0.0, Avg:  0.0, Max:  0.0, Diff:  0.0, Sum:  0.0, Workers: 1
[2.254s][debug][gc,phases         ] GC(14)         Copied Bytes                   Min: 23090016, Avg: 25421864.0, Max: 26525376, Diff: 3435360, Sum: 101687456, Workers: 4
[2.254s][debug][gc,phases         ] GC(14)         LAB Waste                      Min: 864, Avg: 936.0, Max: 976, Diff: 112, Sum: 3744, Workers: 4
[2.254s][debug][gc,phases         ] GC(14)         LAB Undo Waste                 Min: 0, Avg:  0.0, Max: 0, Diff: 0, Sum: 0, Workers: 4
[2.254s][debug][gc,phases         ] GC(14)       Clear Logged Cards (ms):       Min:  0.0, Avg:  0.0, Max:  0.0, Diff:  0.0, Sum:  0.0, Workers: 3
[2.254s][debug][gc,phases         ] GC(14)       Recalculate Used Memory (ms):  Min:  0.0, Avg:  0.0, Max:  0.0, Diff:  0.0, Sum:  0.0, Workers: 1
[2.254s][debug][gc,phases         ] GC(14)     Post Evacuate Cleanup 2: 0.1ms
[2.254s][debug][gc,phases         ] GC(14)       Reset Hot Card Cache (ms):     Min:  0.0, Avg:  0.0, Max:  0.0, Diff:  0.0, Sum:  0.0, Workers: 1
[2.254s][debug][gc,phases         ] GC(14)       Purge Code Roots (ms):         Min:  0.0, Avg:  0.0, Max:  0.0, Diff:  0.0, Sum:  0.0, Workers: 1
[2.254s][debug][gc,phases         ] GC(14)       Update Derived Pointers (ms):  Min:  0.0, Avg:  0.0, Max:  0.0, Diff:  0.0, Sum:  0.0, Workers: 1
[2.254s][debug][gc,phases         ] GC(14)       Eagerly Reclaim Humongous Objects (ms): Min:  0.0, Avg:  0.0, Max:  0.0, Diff:  0.0, Sum:  0.0, Workers: 1
[2.254s][debug][gc,phases         ] GC(14)         Humongous Total                Min: 1, Avg:  1.0, Max: 1, Diff: 0, Sum: 1, Workers: 1
[2.254s][debug][gc,phases         ] GC(14)         Humongous Candidates           Min: 0, Avg:  0.0, Max: 0, Diff: 0, Sum: 0, Workers: 1
[2.254s][debug][gc,phases         ] GC(14)         Humongous Reclaimed            Min: 0, Avg:  0.0, Max: 0, Diff: 0, Sum: 0, Workers: 1
[2.254s][debug][gc,phases         ] GC(14)       Redirty Logged Cards (ms):     Min:  0.0, Avg:  0.0, Max:  0.0, Diff:  0.0, Sum:  0.1, Workers: 4
[2.254s][debug][gc,phases         ] GC(14)         Redirtied Cards:               Min: 1328, Avg: 2689.0, Max: 3584, Diff: 2256, Sum: 10756, Workers: 4
[2.254s][debug][gc,phases         ] GC(14)       Free Collection Set (ms):      Min:  0.0, Avg:  0.0, Max:  0.0, Diff:  0.0, Sum:  0.1, Workers: 4
[2.254s][debug][gc,phases         ] GC(14)     Rebuild Free List: 0.1ms
[2.254s][debug][gc,phases         ] GC(14)     Start New Collection Set: 0.0ms
[2.254s][debug][gc,phases         ] GC(14)     Resize TLABs: 0.0ms
[2.254s][debug][gc,phases         ] GC(14)     Expand Heap After Collection: 0.0ms
[2.254s][info ][gc,phases         ] GC(14)   Other: 1.0ms
[2.254s][info ][gc,heap           ] GC(14) Eden regions: 157->0(46)
[2.254s][info ][gc,heap           ] GC(14) Survivor regions: 4->21(21)
[2.254s][info ][gc,heap           ] GC(14) Old regions: 190->267
[2.254s][info ][gc,heap           ] GC(14) Archive regions: 0->0
[2.254s][info ][gc,heap           ] GC(14) Humongous regions: 36->36
[2.254s][info ][gc,metaspace      ] GC(14) Metaspace: 493K(640K)->493K(640K) NonClass: 455K(512K)->455K(512K) Class: 37K(128K)->37K(128K)
[2.254s][debug][gc,heap           ] GC(14) Heap after GC invocations=15 (full 0):
[2.254s][debug][gc,heap           ] GC(14)  garbage-first heap   total 524288K, used 331776K [0x00000000e0000000, 0x0000000100000000)
[2.254s][debug][gc,heap           ] GC(14)   region size 1024K, 21 young (21504K), 21 survivors (21504K)
[2.254s][debug][gc,heap           ] GC(14)  Metaspace       used 493K, committed 640K, reserved 1056768K
[2.254s][debug][gc,heap           ] GC(14)   class space    used 37K, committed 128K, reserved 1048576K
[2.254s][info ][gc                ] GC(14) Pause Young (Normal) (G1 Evacuation Pause) 387M->324M(512M) 124.426ms
[2.254s][info ][gc,cpu            ] GC(14) User=0.48s Sys=0.00s Real=0.12s
[2.254s][debug][gc,refine         ] Activated worker 1, on threshold: 7048, current: 10603
[2.254s][debug][gc,task           ] G1 Service Thread (Remembered Set Sampling Task) (run) 56.805ms (cpu: 0.000ms)
[2.254s][debug][gc,refine         ] Activated worker 2, on threshold: 8810, current: 9323
[2.256s][debug][gc,refine         ] Deactivated worker 2, off threshold: 7048, current: 6629, refined cards: 1024
[2.257s][debug][gc,refine         ] Deactivated worker 1, off threshold: 5286, current: 5168, refined cards: 2107
[2.259s][debug][gc,refine         ] Deactivated worker 0, off threshold: 3524, current: 3328, refined cards: 5833
[2.264s][debug][gc,refine         ] Activated worker 0, on threshold: 4036, current: 4096
[2.265s][debug][gc,refine         ] Deactivated worker 0, off threshold: 3524, current: 3328, refined cards: 768
[2.266s][debug][gc,refine         ] Activated worker 0, on threshold: 4036, current: 4096
[2.267s][debug][gc,refine         ] Deactivated worker 0, off threshold: 3524, current: 3328, refined cards: 768
[2.270s][debug][gc,refine         ] Activated worker 0, on threshold: 4036, current: 4096
[2.270s][debug][gc,refine         ] Deactivated worker 0, off threshold: 3524, current: 3328, refined cards: 768
[2.273s][debug][gc,refine         ] Activated worker 0, on threshold: 4036, current: 4096
[2.274s][debug][gc,refine         ] Deactivated worker 0, off threshold: 3524, current: 3328, refined cards: 768
[2.276s][debug][gc,refine         ] Activated worker 0, on threshold: 4036, current: 4096
[2.276s][debug][gc,refine         ] Deactivated worker 0, off threshold: 3524, current: 3328, refined cards: 768
[2.278s][debug][gc,refine         ] Activated worker 0, on threshold: 4036, current: 4096
[2.279s][debug][gc,refine         ] Deactivated worker 0, off threshold: 3524, current: 3328, refined cards: 768
[2.280s][debug][gc,refine         ] Activated worker 0, on threshold: 4036, current: 4096
[2.281s][debug][gc,refine         ] Deactivated worker 0, off threshold: 3524, current: 3328, refined cards: 768
[2.283s][debug][gc,refine         ] Activated worker 0, on threshold: 4036, current: 4096
[2.284s][debug][gc,refine         ] Deactivated worker 0, off threshold: 3524, current: 3328, refined cards: 768
[2.286s][debug][gc,refine         ] Activated worker 0, on threshold: 4036, current: 4096
[2.287s][debug][gc,refine         ] Deactivated worker 0, off threshold: 3524, current: 3328, refined cards: 1024
[2.289s][debug][gc,refine         ] Activated worker 0, on threshold: 4036, current: 4096
[2.290s][debug][gc,refine         ] Deactivated worker 0, off threshold: 3524, current: 3328, refined cards: 1024
[2.293s][debug][gc,refine         ] Activated worker 0, on threshold: 4036, current: 4096
[2.294s][debug][gc,refine         ] Deactivated worker 0, off threshold: 3524, current: 3328, refined cards: 768
[2.296s][debug][gc,refine         ] Activated worker 0, on threshold: 4036, current: 4096
[2.296s][debug][gc,refine         ] Deactivated worker 0, off threshold: 3524, current: 3328, refined cards: 768
[2.298s][debug][gc,refine         ] Activated worker 0, on threshold: 4036, current: 4096
[2.300s][debug][gc,refine         ] Deactivated worker 0, off threshold: 3524, current: 3328, refined cards: 1024
[2.302s][debug][gc,refine         ] Activated worker 0, on threshold: 4036, current: 4096
[2.303s][debug][gc,refine         ] Deactivated worker 0, off threshold: 3524, current: 3328, refined cards: 1024
[2.305s][debug][gc,refine         ] Activated worker 0, on threshold: 4036, current: 4096
[2.306s][debug][gc,refine         ] Deactivated worker 0, off threshold: 3524, current: 3328, refined cards: 768
[2.308s][debug][gc,refine         ] Activated worker 0, on threshold: 4036, current: 4096
[2.309s][debug][gc,refine         ] Deactivated worker 0, off threshold: 3524, current: 3328, refined cards: 768
[2.312s][debug][gc,refine         ] Activated worker 0, on threshold: 4036, current: 4096
[2.313s][debug][gc,refine         ] Deactivated worker 0, off threshold: 3524, current: 3328, refined cards: 1024
[2.315s][debug][gc,refine         ] Activated worker 0, on threshold: 4036, current: 4096
[2.316s][debug][gc,refine         ] Deactivated worker 0, off threshold: 3524, current: 3328, refined cards: 768
[2.318s][debug][gc,refine         ] Activated worker 0, on threshold: 4036, current: 4096
[2.319s][debug][gc,refine         ] Deactivated worker 0, off threshold: 3524, current: 3328, refined cards: 768
[2.322s][debug][gc,refine         ] Activated worker 0, on threshold: 4036, current: 4096
[2.323s][debug][gc,refine         ] Deactivated worker 0, off threshold: 3524, current: 3328, refined cards: 768
[2.325s][debug][gc,refine         ] Activated worker 0, on threshold: 4036, current: 4096
[2.326s][debug][gc,refine         ] Deactivated worker 0, off threshold: 3524, current: 3328, refined cards: 768
[2.328s][debug][gc,refine         ] Activated worker 0, on threshold: 4036, current: 4096
[2.329s][debug][gc,refine         ] Deactivated worker 0, off threshold: 3524, current: 3328, refined cards: 768
[2.332s][debug][gc,refine         ] Activated worker 0, on threshold: 4036, current: 4096
[2.333s][debug][gc,refine         ] Deactivated worker 0, off threshold: 3524, current: 3328, refined cards: 768
[2.335s][debug][gc,refine         ] Activated worker 0, on threshold: 4036, current: 4096
[2.336s][debug][gc,refine         ] Deactivated worker 0, off threshold: 3524, current: 3328, refined cards: 768
[2.338s][debug][gc,refine         ] Activated worker 0, on threshold: 4036, current: 4096
[2.340s][debug][gc,refine         ] Deactivated worker 0, off threshold: 3524, current: 3328, refined cards: 768
[2.343s][debug][gc,refine         ] Activated worker 0, on threshold: 4036, current: 4096
[2.344s][debug][gc,refine         ] Deactivated worker 0, off threshold: 3524, current: 3328, refined cards: 768
[2.347s][debug][gc,heap           ] GC(15) Heap before GC invocations=15 (full 0):
[2.347s][debug][gc,heap           ] GC(15)  garbage-first heap   total 524288K, used 378880K [0x00000000e0000000, 0x0000000100000000)
[2.347s][debug][gc,heap           ] GC(15)   region size 1024K, 67 young (68608K), 21 survivors (21504K)
[2.347s][debug][gc,heap           ] GC(15)  Metaspace       used 493K, committed 640K, reserved 1056768K
[2.347s][debug][gc,heap           ] GC(15)   class space    used 37K, committed 128K, reserved 1048576K
[2.347s][debug][gc,ergo           ] GC(15) Initiate concurrent cycle (concurrent cycle initiation requested)
[2.347s][info ][gc,start          ] GC(15) Pause Young (Concurrent Start) (G1 Evacuation Pause)
[2.347s][info ][gc,task           ] GC(15) Using 4 workers of 4 for evacuation
[2.347s][debug][gc,tlab           ] GC(15) TLAB totals: thrds: 1  refills: 138 max: 138 slow allocs: 0 max 0 waste:  0.2% gc: 0B max: 0B slow: 79488B max: 79488B
[2.347s][debug][gc,age            ] GC(15) Desired survivor size 4718592 bytes, new threshold 1 (max threshold 15)
[2.347s][debug][gc,refine         ] Activated worker 0, on threshold: 4036, current: 4058
[2.347s][debug][gc,refine,stats   ] GC(15) Mutator refinement: 0.00ms, refined: 0, precleaned: 0, dirtied: 23514
[2.347s][debug][gc,refine,stats   ] GC(15) Concurrent refinement: 30.48ms, refined: 30212, precleaned: 1024, dirtied: 0
[2.347s][debug][gc,refine,stats   ] GC(15) Total refinement: 30.48ms, refined: 30212, precleaned: 1024, dirtied: 23514
[2.347s][debug][gc,refine,stats   ] GC(15) Concurrent refinement rate: 991.22 cards/ms
[2.347s][debug][gc,refine,stats   ] GC(15) Generate dirty cards rate: 247.63 cards/ms
[2.347s][debug][gc,alloc,region   ] GC(15) Mutator Allocation stats, regions: 46, wasted size: 0B ( 0.0%)
[2.347s][debug][gc,humongous      ] GC(15) Humongous region 155 (object size 36920416 @ 0x00000000e9b00000) remset 1 code roots 0 marked 0 reclaim candidate 0 type array 0
[2.347s][debug][gc,ergo           ] GC(15) Running G1 Merge Heap Roots using 4 workers for 67 regions
[2.348s][debug][gc,remset         ] GC(15) Visited cards 25600 Total dirty 28672 (89.29%) Total old 894976 (2.86%)
[2.402s][debug][gc,ref            ] GC(15) Skipped phase 1 of Reference Processing: no references
[2.402s][debug][gc,ref            ] GC(15) Skipped phase 2 of Reference Processing: no references
[2.402s][debug][gc,ref            ] GC(15) Skipped phase 3 of Reference Processing: no references
[2.402s][debug][gc,ref            ] GC(15) Skipped phase 4 of Reference Processing: no references
[2.402s][debug][gc,ergo           ] GC(15) Running G1 Rebuild Free List Task using 4 workers for rebuilding free list of regions
[2.402s][debug][gc,plab           ] GC(15) Young PLAB allocation: allocated: 9437184B, wasted: 288B, unused: 0B, used: 9436896B, undo waste: 0B, 
[2.402s][debug][gc,plab           ] GC(15) Young other allocation: region end waste: 0B, regions filled: 9, direct allocated: 0B, failure used: 0B, failure wasted: 0B
[2.402s][debug][gc,plab           ] GC(15) Young sizing: calculated: 1887376B, actual: 2309208B
[2.402s][debug][gc,plab           ] GC(15) Old PLAB allocation: allocated: 36175872B, wasted: 1040B, unused: 1369264B, used: 34805568B, undo waste: 0B, 
[2.402s][debug][gc,plab           ] GC(15) Old other allocation: region end waste: 0B, regions filled: 35, direct allocated: 0B, failure used: 0B, failure wasted: 0B
[2.402s][debug][gc,plab           ] GC(15) Old sizing: calculated: 6961112B, actual: 8478280B
[2.402s][debug][gc,ergo,heap      ] GC(15) Heap expansion: short term pause time ratio 31.91% long term pause time ratio 32.67% threshold 7.69% pause time ratio 7.69% fully expanded true resize by 0B
[2.402s][debug][gc,mmu            ] GC(15) MMU: 106.0ms (200.0ms/201.0ms)
[2.402s][debug][gc,alloc,stats    ] Old generation allocation in the last mutator period, old gen allocated: 36175872B, humongous allocated: 0B,old gen growth: 36175872B.
[2.402s][debug][gc,ihop           ] GC(15) Basic information (value update), threshold: 241591910B (45.00), target occupancy: 536870912B, current occupancy: 363331584B, recent allocation size: 36175872B, recent allocation duration: 94.95ms, recent old gen allocation rate: 380979116.42B/s, recent marking phase length: 513.50ms
[2.403s][debug][gc,ihop           ] GC(15) Adaptive IHOP information (value update), threshold: 241591910B (52.94), internal target occupancy: 456340275B, occupancy: 363331584B, additional buffer size: 45088768B, predicted old gen allocation rate: 345605963.78B/s, predicted marking phase length: 1026.99ms, prediction active: false
[2.403s][debug][gc,ergo,refine    ] GC(15) Concurrent refinement times: Logged Cards Scan time goal: 20.00ms Logged Cards Scan time: 1.40ms HCC time: 0.00ms
[2.403s][debug][gc,ergo,refine    ] GC(15) Updated Refinement Zones: green: 3876, yellow: 11628, red: 19380
[2.403s][info ][gc,phases         ] GC(15)   Pre Evacuate Collection Set: 0.1ms
[2.403s][debug][gc,phases         ] GC(15)     Prepare TLABs: 0.0ms
[2.403s][debug][gc,phases         ] GC(15)     Concatenate Dirty Card Logs: 0.0ms
[2.403s][debug][gc,phases         ] GC(15)     Choose Collection Set: 0.0ms
[2.403s][debug][gc,phases         ] GC(15)     Region Register: 0.1ms
[2.403s][debug][gc,phases         ] GC(15)     Prepare Heap Roots: 0.0ms
[2.403s][debug][gc,phases         ] GC(15)     Clear Claimed Marks: 0.0ms
[2.403s][info ][gc,phases         ] GC(15)   Merge Heap Roots: 0.2ms
[2.403s][debug][gc,phases         ] GC(15)     Prepare Merge Heap Roots: 0.0ms
[2.403s][debug][gc,phases         ] GC(15)     Eager Reclaim (ms):            skipped
[2.403s][debug][gc,phases         ] GC(15)     Remembered Sets (ms):          Min:  0.1, Avg:  0.1, Max:  0.1, Diff:  0.0, Sum:  0.3, Workers: 4
[2.403s][debug][gc,phases         ] GC(15)       Merged Sparse:                 Min: 0, Avg:  0.3, Max: 1, Diff: 1, Sum: 1, Workers: 4
[2.403s][debug][gc,phases         ] GC(15)       Merged Fine:                   Min: 16, Avg: 26.8, Max: 44, Diff: 28, Sum: 107, Workers: 4
[2.403s][debug][gc,phases         ] GC(15)       Merged Coarse:                 Min: 0, Avg:  0.0, Max: 0, Diff: 0, Sum: 0, Workers: 4
[2.403s][debug][gc,phases         ] GC(15)       Dirty Cards:                   Min: 4119, Avg: 5045.3, Max: 5923, Diff: 1804, Sum: 20181, Workers: 4
[2.403s][debug][gc,phases         ] GC(15)     Hot Card Cache (ms):           Min:  0.0, Avg:  0.0, Max:  0.0, Diff:  0.0, Sum:  0.0, Workers: 4
[2.403s][debug][gc,phases         ] GC(15)       Dirty Cards:                   Min: 184, Avg: 248.0, Max: 312, Diff: 128, Sum: 992, Workers: 4
[2.403s][debug][gc,phases         ] GC(15)       Skipped Cards:                 Min: 0, Avg:  0.0, Max: 0, Diff: 0, Sum: 0, Workers: 4
[2.403s][debug][gc,phases         ] GC(15)     Log Buffers (ms):              Min:  0.0, Avg:  0.0, Max:  0.0, Diff:  0.0, Sum:  0.1, Workers: 4
[2.403s][debug][gc,phases         ] GC(15)       Dirty Cards:                   Min: 978, Avg: 1006.5, Max: 1016, Diff: 38, Sum: 4026, Workers: 4
[2.403s][debug][gc,phases         ] GC(15)       Skipped Cards:                 Min: 0, Avg:  0.0, Max: 0, Diff: 0, Sum: 0, Workers: 4
[2.403s][info ][gc,phases         ] GC(15)   Evacuate Collection Set: 54.1ms
[2.403s][debug][gc,phases         ] GC(15)     Ext Root Scanning (ms):        Min:  0.0, Avg:  0.0, Max:  0.1, Diff:  0.1, Sum:  0.1, Workers: 4
[2.403s][debug][gc,phases         ] GC(15)     Scan Heap Roots (ms):          Min:  8.1, Avg:  8.7, Max:  9.2, Diff:  1.0, Sum: 34.7, Workers: 4
[2.403s][debug][gc,phases         ] GC(15)       Scanned Cards:                 Min: 5632, Avg: 6317.5, Max: 8070, Diff: 2438, Sum: 25270, Workers: 4
[2.403s][debug][gc,phases         ] GC(15)       Scanned Blocks:                Min: 22, Avg: 25.0, Max: 32, Diff: 10, Sum: 100, Workers: 4
[2.403s][debug][gc,phases         ] GC(15)       Claimed Chunks:                Min: 22, Avg: 25.0, Max: 32, Diff: 10, Sum: 100, Workers: 4
[2.403s][debug][gc,phases         ] GC(15)     Code Root Scan (ms):           Min:  0.0, Avg:  0.0, Max:  0.0, Diff:  0.0, Sum:  0.0, Workers: 4
[2.403s][debug][gc,phases         ] GC(15)     Object Copy (ms):              Min: 44.9, Avg: 45.4, Max: 45.9, Diff:  1.1, Sum: 181.5, Workers: 4
[2.403s][debug][gc,phases         ] GC(15)     Termination (ms):              Min:  0.0, Avg:  0.0, Max:  0.0, Diff:  0.0, Sum:  0.0, Workers: 4
[2.403s][debug][gc,phases         ] GC(15)       Termination Attempts:          Min: 1, Avg:  6.5, Max: 12, Diff: 11, Sum: 26, Workers: 4
[2.404s][debug][gc,phases         ] GC(15)     GC Worker Other (ms):          Min:  0.0, Avg:  0.0, Max:  0.0, Diff:  0.0, Sum:  0.1, Workers: 4
[2.404s][debug][gc,phases         ] GC(15)     GC Worker Total (ms):          Min: 54.1, Avg: 54.1, Max: 54.1, Diff:  0.0, Sum: 216.4, Workers: 4
[2.404s][info ][gc,phases         ] GC(15)   Post Evacuate Collection Set: 0.5ms
[2.404s][debug][gc,phases         ] GC(15)     Code Roots Fixup: 0.0ms
[2.404s][debug][gc,phases         ] GC(15)     Reference Processing: 0.2ms
[2.404s][debug][gc,phases,ref     ] GC(15)       Reconsider SoftReferences: 0.1ms
[2.404s][debug][gc,phases,ref     ] GC(15)         SoftRef (ms):                  skipped
[2.404s][debug][gc,phases,ref     ] GC(15)       Notify Soft/WeakReferences: 0.0ms
[2.404s][debug][gc,phases,ref     ] GC(15)         SoftRef (ms):                  skipped
[2.404s][debug][gc,phases,ref     ] GC(15)         WeakRef (ms):                  skipped
[2.404s][debug][gc,phases,ref     ] GC(15)         FinalRef (ms):                 skipped
[2.404s][debug][gc,phases,ref     ] GC(15)         Total (ms):                    skipped
[2.404s][debug][gc,phases,ref     ] GC(15)       Notify and keep alive finalizable: 0.0ms
[2.404s][debug][gc,phases,ref     ] GC(15)         FinalRef (ms):                 skipped
[2.404s][debug][gc,phases,ref     ] GC(15)       Notify PhantomReferences: 0.0ms
[2.404s][debug][gc,phases,ref     ] GC(15)         PhantomRef (ms):               skipped
[2.404s][debug][gc,phases,ref     ] GC(15)       SoftReference:
[2.404s][debug][gc,phases,ref     ] GC(15)         Discovered: 0
[2.404s][debug][gc,phases,ref     ] GC(15)         Cleared: 0
[2.404s][debug][gc,phases,ref     ] GC(15)       WeakReference:
[2.404s][debug][gc,phases,ref     ] GC(15)         Discovered: 0
[2.404s][debug][gc,phases,ref     ] GC(15)         Cleared: 0
[2.404s][debug][gc,phases,ref     ] GC(15)       FinalReference:
[2.404s][debug][gc,phases,ref     ] GC(15)         Discovered: 0
[2.404s][debug][gc,phases,ref     ] GC(15)         Cleared: 0
[2.404s][debug][gc,phases,ref     ] GC(15)       PhantomReference:
[2.404s][debug][gc,phases,ref     ] GC(15)         Discovered: 0
[2.404s][debug][gc,phases,ref     ] GC(15)         Cleared: 0
[2.404s][debug][gc,phases         ] GC(15)     Weak Processing: 0.0ms
[2.404s][debug][gc,phases         ] GC(15)       VM Weak                        Min:  0.0, Avg:  0.0, Max:  0.0, Diff:  0.0, Sum:  0.0, Workers: 3
[2.404s][debug][gc,phases         ] GC(15)         Dead                           Min: 0, Avg:  0.0, Max: 0, Diff: 0, Sum: 0, Workers: 3
[2.404s][debug][gc,phases         ] GC(15)         Total                          Min: 0, Avg:  4.7, Max: 14, Diff: 14, Sum: 14, Workers: 3
[2.404s][debug][gc,phases         ] GC(15)       ObjectSynchronizer Weak        Min:  0.0, Avg:  0.0, Max:  0.0, Diff:  0.0, Sum:  0.0, Workers: 3
[2.404s][debug][gc,phases         ] GC(15)         Dead                           Min: 0, Avg:  0.0, Max: 0, Diff: 0, Sum: 0, Workers: 3
[2.404s][debug][gc,phases         ] GC(15)         Total                          Min: 0, Avg:  1.0, Max: 3, Diff: 3, Sum: 3, Workers: 3
[2.405s][debug][gc,phases         ] GC(15)       JVMTI Tag Weak OopStorage      Min:  0.0, Avg:  0.0, Max:  0.0, Diff:  0.0, Sum:  0.0, Workers: 3
[2.405s][debug][gc,phases         ] GC(15)         Dead                           Min: 0, Avg:  0.0, Max: 0, Diff: 0, Sum: 0, Workers: 3
[2.405s][debug][gc,phases         ] GC(15)         Total                          Min: 0, Avg:  0.0, Max: 0, Diff: 0, Sum: 0, Workers: 3
[2.405s][debug][gc,phases         ] GC(15)       StringTable Weak               Min:  0.0, Avg:  0.0, Max:  0.0, Diff:  0.0, Sum:  0.0, Workers: 3
[2.405s][debug][gc,phases         ] GC(15)         Dead                           Min: 0, Avg:  0.0, Max: 0, Diff: 0, Sum: 0, Workers: 3
[2.405s][debug][gc,phases         ] GC(15)         Total                          Min: 576, Avg: 821.3, Max: 992, Diff: 416, Sum: 2464, Workers: 3
[2.405s][debug][gc,phases         ] GC(15)       ResolvedMethodTable Weak       Min:  0.0, Avg:  0.0, Max:  0.0, Diff:  0.0, Sum:  0.0, Workers: 3
[2.405s][debug][gc,phases         ] GC(15)         Dead                           Min: 0, Avg:  0.0, Max: 0, Diff: 0, Sum: 0, Workers: 3
[2.405s][debug][gc,phases         ] GC(15)         Total                          Min: 9, Avg: 45.7, Max: 64, Diff: 55, Sum: 137, Workers: 3
[2.405s][debug][gc,phases         ] GC(15)       JNI Weak                       Min:  0.0, Avg:  0.0, Max:  0.0, Diff:  0.0, Sum:  0.0, Workers: 3
[2.405s][debug][gc,phases         ] GC(15)         Dead                           Min: 0, Avg:  0.0, Max: 0, Diff: 0, Sum: 0, Workers: 3
[2.405s][debug][gc,phases         ] GC(15)         Total                          Min: 0, Avg:  0.0, Max: 0, Diff: 0, Sum: 0, Workers: 3
[2.405s][debug][gc,phases         ] GC(15)       StringDedup Table Weak         Min:  0.0, Avg:  0.0, Max:  0.0, Diff:  0.0, Sum:  0.0, Workers: 3
[2.405s][debug][gc,phases         ] GC(15)         Dead                           Min: 0, Avg:  0.0, Max: 0, Diff: 0, Sum: 0, Workers: 3
[2.405s][debug][gc,phases         ] GC(15)         Total                          Min: 0, Avg:  0.0, Max: 0, Diff: 0, Sum: 0, Workers: 3
[2.405s][debug][gc,phases         ] GC(15)       StringDedup Requests0 Weak     Min:  0.0, Avg:  0.0, Max:  0.0, Diff:  0.0, Sum:  0.0, Workers: 3
[2.405s][debug][gc,phases         ] GC(15)         Dead                           Min: 0, Avg:  0.0, Max: 0, Diff: 0, Sum: 0, Workers: 3
[2.405s][debug][gc,phases         ] GC(15)         Total                          Min: 0, Avg:  0.0, Max: 0, Diff: 0, Sum: 0, Workers: 3
[2.405s][debug][gc,phases         ] GC(15)       StringDedup Requests1 Weak     Min:  0.0, Avg:  0.0, Max:  0.0, Diff:  0.0, Sum:  0.0, Workers: 3
[2.405s][debug][gc,phases         ] GC(15)         Dead                           Min: 0, Avg:  0.0, Max: 0, Diff: 0, Sum: 0, Workers: 3
[2.405s][debug][gc,phases         ] GC(15)         Total                          Min: 0, Avg:  0.0, Max: 0, Diff: 0, Sum: 0, Workers: 3
[2.405s][debug][gc,phases         ] GC(15)       Weak JFR Old Object Samples    Min:  0.0, Avg:  0.0, Max:  0.0, Diff:  0.0, Sum:  0.0, Workers: 3
[2.405s][debug][gc,phases         ] GC(15)         Dead                           Min: 0, Avg:  0.0, Max: 0, Diff: 0, Sum: 0, Workers: 3
[2.405s][debug][gc,phases         ] GC(15)         Total                          Min: 0, Avg:  0.0, Max: 0, Diff: 0, Sum: 0, Workers: 3
[2.406s][debug][gc,phases         ] GC(15)     Post Evacuate Cleanup 1: 0.0ms
[2.406s][debug][gc,phases         ] GC(15)       Merge Per-Thread State (ms):   Min:  0.0, Avg:  0.0, Max:  0.0, Diff:  0.0, Sum:  0.0, Workers: 1
[2.406s][debug][gc,phases         ] GC(15)         Copied Bytes                   Min: 9167584, Avg: 11060616.0, Max: 11939296, Diff: 2771712, Sum: 44242464, Workers: 4
[2.406s][debug][gc,phases         ] GC(15)         LAB Waste                      Min: 272, Avg: 332.0, Max: 352, Diff: 80, Sum: 1328, Workers: 4
[2.406s][debug][gc,phases         ] GC(15)         LAB Undo Waste                 Min: 0, Avg:  0.0, Max: 0, Diff: 0, Sum: 0, Workers: 4
[2.406s][debug][gc,phases         ] GC(15)       Clear Logged Cards (ms):       Min:  0.0, Avg:  0.0, Max:  0.0, Diff:  0.0, Sum:  0.0, Workers: 3
[2.406s][debug][gc,phases         ] GC(15)       Recalculate Used Memory (ms):  Min:  0.0, Avg:  0.0, Max:  0.0, Diff:  0.0, Sum:  0.0, Workers: 1
[2.406s][debug][gc,phases         ] GC(15)     Post Evacuate Cleanup 2: 0.1ms
[2.406s][debug][gc,phases         ] GC(15)       Reset Hot Card Cache (ms):     Min:  0.0, Avg:  0.0, Max:  0.0, Diff:  0.0, Sum:  0.0, Workers: 1
[2.406s][debug][gc,phases         ] GC(15)       Purge Code Roots (ms):         Min:  0.0, Avg:  0.0, Max:  0.0, Diff:  0.0, Sum:  0.0, Workers: 1
[2.406s][debug][gc,phases         ] GC(15)       Update Derived Pointers (ms):  Min:  0.0, Avg:  0.0, Max:  0.0, Diff:  0.0, Sum:  0.0, Workers: 1
[2.406s][debug][gc,phases         ] GC(15)       Eagerly Reclaim Humongous Objects (ms): Min:  0.0, Avg:  0.0, Max:  0.0, Diff:  0.0, Sum:  0.0, Workers: 1
[2.406s][debug][gc,phases         ] GC(15)         Humongous Total                Min: 1, Avg:  1.0, Max: 1, Diff: 0, Sum: 1, Workers: 1
[2.406s][debug][gc,phases         ] GC(15)         Humongous Candidates           Min: 0, Avg:  0.0, Max: 0, Diff: 0, Sum: 0, Workers: 1
[2.406s][debug][gc,phases         ] GC(15)         Humongous Reclaimed            Min: 0, Avg:  0.0, Max: 0, Diff: 0, Sum: 0, Workers: 1
[2.406s][debug][gc,phases         ] GC(15)       Redirty Logged Cards (ms):     Min:  0.0, Avg:  0.0, Max:  0.0, Diff:  0.0, Sum:  0.0, Workers: 4
[2.406s][debug][gc,phases         ] GC(15)         Redirtied Cards:               Min: 0, Avg: 1153.0, Max: 2050, Diff: 2050, Sum: 4612, Workers: 4
[2.406s][debug][gc,phases         ] GC(15)       Free Collection Set (ms):      Min:  0.0, Avg:  0.0, Max:  0.0, Diff:  0.0, Sum:  0.1, Workers: 4
[2.406s][debug][gc,phases         ] GC(15)     Rebuild Free List: 0.1ms
[2.406s][debug][gc,phases         ] GC(15)     Start New Collection Set: 0.0ms
[2.406s][debug][gc,phases         ] GC(15)     Resize TLABs: 0.0ms
[2.406s][debug][gc,phases         ] GC(15)     Expand Heap After Collection: 0.0ms
[2.406s][info ][gc,phases         ] GC(15)   Other: 1.1ms
[2.406s][info ][gc,heap           ] GC(15) Eden regions: 46->0(34)
[2.406s][info ][gc,heap           ] GC(15) Survivor regions: 21->9(9)
[2.406s][info ][gc,heap           ] GC(15) Old regions: 267->302
[2.406s][info ][gc,heap           ] GC(15) Archive regions: 0->0
[2.406s][info ][gc,heap           ] GC(15) Humongous regions: 36->36
[2.406s][info ][gc,metaspace      ] GC(15) Metaspace: 493K(640K)->493K(640K) NonClass: 455K(512K)->455K(512K) Class: 37K(128K)->37K(128K)
[2.406s][debug][gc,heap           ] GC(15) Heap after GC invocations=16 (full 0):
[2.406s][debug][gc,heap           ] GC(15)  garbage-first heap   total 524288K, used 354816K [0x00000000e0000000, 0x0000000100000000)
[2.406s][debug][gc,heap           ] GC(15)   region size 1024K, 9 young (9216K), 9 survivors (9216K)
[2.406s][debug][gc,heap           ] GC(15)  Metaspace       used 493K, committed 640K, reserved 1056768K
[2.406s][debug][gc,heap           ] GC(15)   class space    used 37K, committed 128K, reserved 1048576K
[2.406s][info ][gc                ] GC(15) Pause Young (Concurrent Start) (G1 Evacuation Pause) 370M->346M(512M) 59.607ms
[2.406s][info ][gc,cpu            ] GC(15) User=0.22s Sys=0.00s Real=0.06s
[2.406s][info ][gc                ] GC(16) Concurrent Mark Cycle
[2.407s][debug][gc,refine         ] Deactivated worker 0, off threshold: 3876, current: 3843, refined cards: 769
[2.407s][info ][gc,marking        ] GC(16) Concurrent Clear Claimed Marks
[2.407s][info ][gc,marking        ] GC(16) Concurrent Clear Claimed Marks 0.091ms
[2.407s][info ][gc,marking        ] GC(16) Concurrent Scan Root Regions
[2.407s][debug][gc,ergo           ] GC(16) Running G1 Root Region Scan using 1 workers for 44 work units.
[2.409s][debug][gc,refine         ] Activated worker 0, on threshold: 4388, current: 4611
[2.410s][debug][gc,refine         ] Deactivated worker 0, off threshold: 3876, current: 3842, refined cards: 769
[2.413s][debug][gc,refine         ] Activated worker 0, on threshold: 4388, current: 4610
[2.414s][debug][gc,refine         ] Deactivated worker 0, off threshold: 3876, current: 3841, refined cards: 1025
[2.416s][debug][gc,refine         ] Activated worker 0, on threshold: 4388, current: 4609
[2.418s][debug][gc,refine         ] Deactivated worker 0, off threshold: 3876, current: 3840, refined cards: 1025
[2.421s][debug][gc,refine         ] Activated worker 0, on threshold: 4388, current: 4608
[2.422s][debug][gc,refine         ] Deactivated worker 0, off threshold: 3876, current: 3840, refined cards: 768
[2.424s][debug][gc,refine         ] Activated worker 0, on threshold: 4388, current: 4608
[2.425s][debug][gc,refine         ] Deactivated worker 0, off threshold: 3876, current: 3840, refined cards: 1024
[2.428s][debug][gc,refine         ] Activated worker 0, on threshold: 4388, current: 4608
[2.429s][debug][gc,refine         ] Deactivated worker 0, off threshold: 3876, current: 3840, refined cards: 768
[2.430s][debug][gc,refine         ] Activated worker 0, on threshold: 4388, current: 4608
[2.432s][debug][gc,refine         ] Deactivated worker 0, off threshold: 3876, current: 3840, refined cards: 768
[2.433s][debug][gc,refine         ] Activated worker 0, on threshold: 4388, current: 4608
[2.435s][debug][gc,refine         ] Deactivated worker 0, off threshold: 3876, current: 3840, refined cards: 1024
[2.437s][debug][gc,refine         ] Activated worker 0, on threshold: 4388, current: 4608
[2.437s][debug][gc,refine         ] Deactivated worker 0, off threshold: 3876, current: 3840, refined cards: 768
[2.438s][info ][gc,marking        ] GC(16) Concurrent Scan Root Regions 31.171ms
[2.438s][info ][gc,marking        ] GC(16) Concurrent Mark
[2.438s][info ][gc,marking        ] GC(16) Concurrent Mark From Roots
[2.438s][info ][gc,task           ] GC(16) Using 1 workers of 1 for marking
[2.439s][debug][gc,refine         ] Activated worker 0, on threshold: 4388, current: 4608
[2.440s][debug][gc,refine         ] Deactivated worker 0, off threshold: 3876, current: 3840, refined cards: 1024
[2.443s][debug][gc,refine         ] Activated worker 0, on threshold: 4388, current: 4608
[2.443s][debug][gc,refine         ] Deactivated worker 0, off threshold: 3876, current: 3840, refined cards: 768
[2.446s][debug][gc,refine         ] Activated worker 0, on threshold: 4388, current: 4608
[2.447s][debug][gc,refine         ] Deactivated worker 0, off threshold: 3876, current: 3840, refined cards: 1024
[2.448s][debug][gc,refine         ] Activated worker 0, on threshold: 4388, current: 4608
[2.449s][debug][gc,refine         ] Deactivated worker 0, off threshold: 3876, current: 3840, refined cards: 1024
[2.451s][debug][gc,refine         ] Activated worker 0, on threshold: 4388, current: 4608
[2.453s][debug][gc,refine         ] Deactivated worker 0, off threshold: 3876, current: 3840, refined cards: 1024
[2.454s][debug][gc,refine         ] Activated worker 0, on threshold: 4388, current: 4608
[2.455s][debug][gc,refine         ] Deactivated worker 0, off threshold: 3876, current: 3840, refined cards: 1024
[2.457s][debug][gc,refine         ] Activated worker 0, on threshold: 4388, current: 4608
[2.458s][debug][gc,refine         ] Deactivated worker 0, off threshold: 3876, current: 3840, refined cards: 1024
[2.460s][debug][gc,refine         ] Activated worker 0, on threshold: 4388, current: 4608
[2.461s][debug][gc,refine         ] Deactivated worker 0, off threshold: 3876, current: 3840, refined cards: 768
[2.463s][debug][gc,refine         ] Activated worker 0, on threshold: 4388, current: 4608
[2.463s][debug][gc,refine         ] Deactivated worker 0, off threshold: 3876, current: 3840, refined cards: 768
[2.466s][debug][gc,refine         ] Activated worker 0, on threshold: 4388, current: 4608
[2.466s][debug][gc,heap           ] GC(17) Heap before GC invocations=16 (full 0):
[2.466s][debug][gc,heap           ] GC(17)  garbage-first heap   total 524288K, used 389632K [0x00000000e0000000, 0x0000000100000000)
[2.466s][debug][gc,heap           ] GC(17)   region size 1024K, 43 young (44032K), 9 survivors (9216K)
[2.466s][debug][gc,heap           ] GC(17)  Metaspace       used 493K, committed 640K, reserved 1056768K
[2.466s][debug][gc,heap           ] GC(17)   class space    used 37K, committed 128K, reserved 1048576K
[2.466s][info ][gc,start          ] GC(17) Pause Young (Normal) (G1 Evacuation Pause)
[2.466s][info ][gc,task           ] GC(17) Using 4 workers of 4 for evacuation
[2.466s][debug][gc,tlab           ] GC(17) TLAB totals: thrds: 1  refills: 102 max: 102 slow allocs: 0 max 0 waste:  0.2% gc: 0B max: 0B slow: 58752B max: 58752B
[2.467s][debug][gc,age            ] GC(17) Desired survivor size 3145728 bytes, new threshold 1 (max threshold 15)
[2.467s][debug][gc,refine,stats   ] GC(17) Mutator refinement: 0.00ms, refined: 0, precleaned: 0, dirtied: 17404
[2.467s][debug][gc,refine,stats   ] GC(17) Concurrent refinement: 18.94ms, refined: 17666, precleaned: 1024, dirtied: 0
[2.467s][debug][gc,refine,stats   ] GC(17) Total refinement: 18.94ms, refined: 17666, precleaned: 1024, dirtied: 17404
[2.467s][debug][gc,refine,stats   ] GC(17) Concurrent refinement rate: 932.94 cards/ms
[2.467s][debug][gc,refine,stats   ] GC(17) Generate dirty cards rate: 271.47 cards/ms
[2.467s][debug][gc,alloc,region   ] GC(17) Mutator Allocation stats, regions: 34, wasted size: 0B ( 0.0%)
[2.467s][debug][gc,humongous      ] GC(17) Humongous region 155 (object size 36920416 @ 0x00000000e9b00000) remset 1 code roots 0 marked 1 reclaim candidate 0 type array 0
[2.467s][debug][gc,ergo           ] GC(17) Running G1 Merge Heap Roots using 4 workers for 43 regions
[2.467s][debug][gc,remset         ] GC(17) Visited cards 23552 Total dirty 28672 (82.14%) Total old 868352 (2.71%)
[2.522s][debug][gc,ref            ] GC(17) Skipped phase 1 of Reference Processing: no references
[2.522s][debug][gc,ref            ] GC(17) Skipped phase 2 of Reference Processing: no references
[2.522s][debug][gc,ref            ] GC(17) Skipped phase 3 of Reference Processing: no references
[2.522s][debug][gc,ref            ] GC(17) Skipped phase 4 of Reference Processing: no references
[2.523s][debug][gc,ergo           ] GC(17) Running G1 Rebuild Free List Task using 4 workers for rebuilding free list of regions
[2.523s][debug][gc,plab           ] GC(17) Young PLAB allocation: allocated: 6291456B, wasted: 192B, unused: 0B, used: 6291264B, undo waste: 0B, 
[2.523s][debug][gc,plab           ] GC(17) Young other allocation: region end waste: 0B, regions filled: 6, direct allocated: 0B, failure used: 0B, failure wasted: 0B
[2.523s][debug][gc,plab           ] GC(17) Young sizing: calculated: 1258248B, actual: 1520984B
[2.523s][debug][gc,plab           ] GC(17) Old PLAB allocation: allocated: 39845888B, wasted: 1152B, unused: 1106272B, used: 38738464B, undo waste: 0B, 
[2.523s][debug][gc,plab           ] GC(17) Old other allocation: region end waste: 0B, regions filled: 39, direct allocated: 0B, failure used: 0B, failure wasted: 0B
[2.523s][debug][gc,plab           ] GC(17) Old sizing: calculated: 7747688B, actual: 7930336B
[2.523s][debug][gc,ergo,heap      ] GC(17) Heap expansion: short term pause time ratio 36.88% long term pause time ratio 32.06% threshold 7.69% pause time ratio 7.69% fully expanded true resize by 0B
[2.523s][debug][gc,mmu            ] GC(17) MMU: 112.0ms (200.0ms/201.0ms)
[2.523s][debug][gc,alloc,stats    ] Old generation allocation in the last mutator period, old gen allocated: 39845888B, humongous allocated: 0B,old gen growth: 39845888B.
[2.523s][debug][gc,ihop           ] GC(17) Basic information (value update), threshold: 241591910B (45.00), target occupancy: 536870912B, current occupancy: 400031744B, recent allocation size: 39845888B, recent allocation duration: 64.11ms, recent old gen allocation rate: 621511153.26B/s, recent marking phase length: 513.50ms
[2.523s][debug][gc,ihop           ] GC(17) Adaptive IHOP information (value update), threshold: 241591910B (52.94), internal target occupancy: 456340275B, occupancy: 400031744B, additional buffer size: 30408704B, predicted old gen allocation rate: 370162391.26B/s, predicted marking phase length: 1026.99ms, prediction active: false
[2.523s][debug][gc,ergo,refine    ] GC(17) Concurrent refinement times: Logged Cards Scan time goal: 20.00ms Logged Cards Scan time: 1.54ms HCC time: 0.00ms
[2.523s][debug][gc,ergo,refine    ] GC(17) Updated Refinement Zones: green: 4263, yellow: 12789, red: 21315
[2.523s][info ][gc,phases         ] GC(17)   Pre Evacuate Collection Set: 0.1ms
[2.523s][debug][gc,phases         ] GC(17)     Prepare TLABs: 0.0ms
[2.523s][debug][gc,phases         ] GC(17)     Concatenate Dirty Card Logs: 0.0ms
[2.523s][debug][gc,phases         ] GC(17)     Choose Collection Set: 0.0ms
[2.523s][debug][gc,phases         ] GC(17)     Region Register: 0.1ms
[2.523s][debug][gc,phases         ] GC(17)     Prepare Heap Roots: 0.0ms
[2.523s][info ][gc,phases         ] GC(17)   Merge Heap Roots: 0.2ms
[2.523s][debug][gc,phases         ] GC(17)     Prepare Merge Heap Roots: 0.0ms
[2.523s][debug][gc,phases         ] GC(17)     Eager Reclaim (ms):            skipped
[2.523s][debug][gc,phases         ] GC(17)     Remembered Sets (ms):          Min:  0.0, Avg:  0.0, Max:  0.1, Diff:  0.1, Sum:  0.2, Workers: 4
[2.524s][debug][gc,phases         ] GC(17)       Merged Sparse:                 Min: 0, Avg:  0.0, Max: 0, Diff: 0, Sum: 0, Workers: 4
[2.524s][debug][gc,phases         ] GC(17)       Merged Fine:                   Min: 0, Avg: 12.0, Max: 19, Diff: 19, Sum: 48, Workers: 4
[2.524s][debug][gc,phases         ] GC(17)       Merged Coarse:                 Min: 0, Avg:  0.0, Max: 0, Diff: 0, Sum: 0, Workers: 4
[2.524s][debug][gc,phases         ] GC(17)       Dirty Cards:                   Min: 0, Avg: 4155.0, Max: 5887, Diff: 5887, Sum: 16620, Workers: 4
[2.524s][debug][gc,phases         ] GC(17)     Hot Card Cache (ms):           Min:  0.0, Avg:  0.0, Max:  0.0, Diff:  0.0, Sum:  0.0, Workers: 4
[2.524s][debug][gc,phases         ] GC(17)       Dirty Cards:                   Min: 0, Avg: 250.0, Max: 408, Diff: 408, Sum: 1000, Workers: 4
[2.524s][debug][gc,phases         ] GC(17)       Skipped Cards:                 Min: 0, Avg:  0.0, Max: 0, Diff: 0, Sum: 0, Workers: 4
[2.524s][debug][gc,phases         ] GC(17)     Log Buffers (ms):              Min:  0.0, Avg:  0.0, Max:  0.0, Diff:  0.0, Sum:  0.1, Workers: 4
[2.524s][debug][gc,phases         ] GC(17)       Dirty Cards:                   Min: 0, Avg: 1081.5, Max: 1530, Diff: 1530, Sum: 4326, Workers: 4
[2.524s][debug][gc,phases         ] GC(17)       Skipped Cards:                 Min: 0, Avg:  0.0, Max: 0, Diff: 0, Sum: 0, Workers: 4
[2.524s][info ][gc,phases         ] GC(17)   Evacuate Collection Set: 55.4ms
[2.524s][debug][gc,phases         ] GC(17)     Ext Root Scanning (ms):        Min:  0.0, Avg:  0.0, Max:  0.0, Diff:  0.0, Sum:  0.1, Workers: 4
[2.524s][debug][gc,phases         ] GC(17)     Scan Heap Roots (ms):          Min:  5.8, Avg:  7.8, Max:  8.6, Diff:  2.8, Sum: 31.0, Workers: 4
[2.524s][debug][gc,phases         ] GC(17)       Scanned Cards:                 Min: 4096, Avg: 5504.0, Max: 6047, Diff: 1951, Sum: 22016, Workers: 4
[2.524s][debug][gc,phases         ] GC(17)       Scanned Blocks:                Min: 16, Avg: 25.8, Max: 36, Diff: 20, Sum: 103, Workers: 4
[2.524s][debug][gc,phases         ] GC(17)       Claimed Chunks:                Min: 16, Avg: 23.0, Max: 26, Diff: 10, Sum: 92, Workers: 4
[2.524s][debug][gc,phases         ] GC(17)     Code Root Scan (ms):           Min:  0.0, Avg:  0.0, Max:  0.0, Diff:  0.0, Sum:  0.0, Workers: 4
[2.524s][debug][gc,phases         ] GC(17)     Object Copy (ms):              Min: 43.5, Avg: 46.1, Max: 47.1, Diff:  3.6, Sum: 184.3, Workers: 4
[2.524s][debug][gc,phases         ] GC(17)     Termination (ms):              Min:  0.0, Avg:  0.0, Max:  0.0, Diff:  0.0, Sum:  0.0, Workers: 4
[2.524s][debug][gc,phases         ] GC(17)       Termination Attempts:          Min: 1, Avg: 19.3, Max: 37, Diff: 36, Sum: 77, Workers: 4
[2.524s][debug][gc,phases         ] GC(17)     GC Worker Other (ms):          Min:  0.0, Avg:  0.0, Max:  0.0, Diff:  0.0, Sum:  0.1, Workers: 4
[2.524s][debug][gc,phases         ] GC(17)     GC Worker Total (ms):          Min: 49.3, Avg: 53.9, Max: 55.4, Diff:  6.1, Sum: 215.5, Workers: 4
[2.524s][info ][gc,phases         ] GC(17)   Post Evacuate Collection Set: 0.4ms
[2.524s][debug][gc,phases         ] GC(17)     Code Roots Fixup: 0.0ms
[2.524s][debug][gc,phases         ] GC(17)     Reference Processing: 0.2ms
[2.524s][debug][gc,phases,ref     ] GC(17)       Reconsider SoftReferences: 0.1ms
[2.524s][debug][gc,phases,ref     ] GC(17)         SoftRef (ms):                  skipped
[2.524s][debug][gc,phases,ref     ] GC(17)       Notify Soft/WeakReferences: 0.0ms
[2.524s][debug][gc,phases,ref     ] GC(17)         SoftRef (ms):                  skipped
[2.524s][debug][gc,phases,ref     ] GC(17)         WeakRef (ms):                  skipped
[2.524s][debug][gc,phases,ref     ] GC(17)         FinalRef (ms):                 skipped
[2.524s][debug][gc,phases,ref     ] GC(17)         Total (ms):                    skipped
[2.524s][debug][gc,phases,ref     ] GC(17)       Notify and keep alive finalizable: 0.0ms
[2.524s][debug][gc,phases,ref     ] GC(17)         FinalRef (ms):                 skipped
[2.525s][debug][gc,phases,ref     ] GC(17)       Notify PhantomReferences: 0.0ms
[2.525s][debug][gc,phases,ref     ] GC(17)         PhantomRef (ms):               skipped
[2.525s][debug][gc,phases,ref     ] GC(17)       SoftReference:
[2.525s][debug][gc,phases,ref     ] GC(17)         Discovered: 0
[2.525s][debug][gc,phases,ref     ] GC(17)         Cleared: 0
[2.525s][debug][gc,phases,ref     ] GC(17)       WeakReference:
[2.525s][debug][gc,phases,ref     ] GC(17)         Discovered: 0
[2.525s][debug][gc,phases,ref     ] GC(17)         Cleared: 0
[2.525s][debug][gc,phases,ref     ] GC(17)       FinalReference:
[2.525s][debug][gc,phases,ref     ] GC(17)         Discovered: 0
[2.525s][debug][gc,phases,ref     ] GC(17)         Cleared: 0
[2.525s][debug][gc,phases,ref     ] GC(17)       PhantomReference:
[2.525s][debug][gc,phases,ref     ] GC(17)         Discovered: 0
[2.525s][debug][gc,phases,ref     ] GC(17)         Cleared: 0
[2.525s][debug][gc,phases         ] GC(17)     Weak Processing: 0.0ms
[2.525s][debug][gc,phases         ] GC(17)       VM Weak                        Min:  0.0, Avg:  0.0, Max:  0.0, Diff:  0.0, Sum:  0.0, Workers: 3
[2.525s][debug][gc,phases         ] GC(17)         Dead                           Min: 0, Avg:  0.0, Max: 0, Diff: 0, Sum: 0, Workers: 3
[2.525s][debug][gc,phases         ] GC(17)         Total                          Min: 0, Avg:  4.7, Max: 14, Diff: 14, Sum: 14, Workers: 3
[2.525s][debug][gc,phases         ] GC(17)       ObjectSynchronizer Weak        Min:  0.0, Avg:  0.0, Max:  0.0, Diff:  0.0, Sum:  0.0, Workers: 3
[2.525s][debug][gc,phases         ] GC(17)         Dead                           Min: 0, Avg:  0.0, Max: 0, Diff: 0, Sum: 0, Workers: 3
[2.525s][debug][gc,phases         ] GC(17)         Total                          Min: 0, Avg:  1.0, Max: 3, Diff: 3, Sum: 3, Workers: 3
[2.525s][debug][gc,phases         ] GC(17)       JVMTI Tag Weak OopStorage      Min:  0.0, Avg:  0.0, Max:  0.0, Diff:  0.0, Sum:  0.0, Workers: 3
[2.525s][debug][gc,phases         ] GC(17)         Dead                           Min: 0, Avg:  0.0, Max: 0, Diff: 0, Sum: 0, Workers: 3
[2.525s][debug][gc,phases         ] GC(17)         Total                          Min: 0, Avg:  0.0, Max: 0, Diff: 0, Sum: 0, Workers: 3
[2.525s][debug][gc,phases         ] GC(17)       StringTable Weak               Min:  0.0, Avg:  0.0, Max:  0.0, Diff:  0.0, Sum:  0.0, Workers: 3
[2.525s][debug][gc,phases         ] GC(17)         Dead                           Min: 0, Avg:  0.0, Max: 0, Diff: 0, Sum: 0, Workers: 3
[2.525s][debug][gc,phases         ] GC(17)         Total                          Min: 640, Avg: 821.3, Max: 928, Diff: 288, Sum: 2464, Workers: 3
[2.525s][debug][gc,phases         ] GC(17)       ResolvedMethodTable Weak       Min:  0.0, Avg:  0.0, Max:  0.0, Diff:  0.0, Sum:  0.0, Workers: 3
[2.525s][debug][gc,phases         ] GC(17)         Dead                           Min: 0, Avg:  0.0, Max: 0, Diff: 0, Sum: 0, Workers: 3
[2.525s][debug][gc,phases         ] GC(17)         Total                          Min: 0, Avg: 45.7, Max: 73, Diff: 73, Sum: 137, Workers: 3
[2.525s][debug][gc,phases         ] GC(17)       JNI Weak                       Min:  0.0, Avg:  0.0, Max:  0.0, Diff:  0.0, Sum:  0.0, Workers: 3
[2.525s][debug][gc,phases         ] GC(17)         Dead                           Min: 0, Avg:  0.0, Max: 0, Diff: 0, Sum: 0, Workers: 3
[2.525s][debug][gc,phases         ] GC(17)         Total                          Min: 0, Avg:  0.0, Max: 0, Diff: 0, Sum: 0, Workers: 3
[2.525s][debug][gc,phases         ] GC(17)       StringDedup Table Weak         Min:  0.0, Avg:  0.0, Max:  0.0, Diff:  0.0, Sum:  0.0, Workers: 3
[2.526s][debug][gc,phases         ] GC(17)         Dead                           Min: 0, Avg:  0.0, Max: 0, Diff: 0, Sum: 0, Workers: 3
[2.526s][debug][gc,phases         ] GC(17)         Total                          Min: 0, Avg:  0.0, Max: 0, Diff: 0, Sum: 0, Workers: 3
[2.526s][debug][gc,phases         ] GC(17)       StringDedup Requests0 Weak     Min:  0.0, Avg:  0.0, Max:  0.0, Diff:  0.0, Sum:  0.0, Workers: 3
[2.526s][debug][gc,phases         ] GC(17)         Dead                           Min: 0, Avg:  0.0, Max: 0, Diff: 0, Sum: 0, Workers: 3
[2.526s][debug][gc,phases         ] GC(17)         Total                          Min: 0, Avg:  0.0, Max: 0, Diff: 0, Sum: 0, Workers: 3
[2.526s][debug][gc,phases         ] GC(17)       StringDedup Requests1 Weak     Min:  0.0, Avg:  0.0, Max:  0.0, Diff:  0.0, Sum:  0.0, Workers: 3
[2.526s][debug][gc,phases         ] GC(17)         Dead                           Min: 0, Avg:  0.0, Max: 0, Diff: 0, Sum: 0, Workers: 3
[2.526s][debug][gc,phases         ] GC(17)         Total                          Min: 0, Avg:  0.0, Max: 0, Diff: 0, Sum: 0, Workers: 3
[2.526s][debug][gc,phases         ] GC(17)       Weak JFR Old Object Samples    Min:  0.0, Avg:  0.0, Max:  0.0, Diff:  0.0, Sum:  0.0, Workers: 3
[2.526s][debug][gc,phases         ] GC(17)         Dead                           Min: 0, Avg:  0.0, Max: 0, Diff: 0, Sum: 0, Workers: 3
[2.526s][debug][gc,phases         ] GC(17)         Total                          Min: 0, Avg:  0.0, Max: 0, Diff: 0, Sum: 0, Workers: 3
[2.526s][debug][gc,phases         ] GC(17)     Post Evacuate Cleanup 1: 0.0ms
[2.526s][debug][gc,phases         ] GC(17)       Merge Per-Thread State (ms):   Min:  0.0, Avg:  0.0, Max:  0.0, Diff:  0.0, Sum:  0.0, Workers: 1
[2.526s][debug][gc,phases         ] GC(17)         Copied Bytes                   Min: 8138864, Avg: 11257432.0, Max: 12419776, Diff: 4280912, Sum: 45029728, Workers: 4
[2.526s][debug][gc,phases         ] GC(17)         LAB Waste                      Min: 240, Avg: 336.0, Max: 368, Diff: 128, Sum: 1344, Workers: 4
[2.526s][debug][gc,phases         ] GC(17)         LAB Undo Waste                 Min: 0, Avg:  0.0, Max: 0, Diff: 0, Sum: 0, Workers: 4
[2.526s][debug][gc,phases         ] GC(17)       Clear Logged Cards (ms):       Min:  0.0, Avg:  0.0, Max:  0.0, Diff:  0.0, Sum:  0.0, Workers: 3
[2.526s][debug][gc,phases         ] GC(17)       Recalculate Used Memory (ms):  Min:  0.0, Avg:  0.0, Max:  0.0, Diff:  0.0, Sum:  0.0, Workers: 1
[2.526s][debug][gc,phases         ] GC(17)     Post Evacuate Cleanup 2: 0.1ms
[2.526s][debug][gc,phases         ] GC(17)       Reset Hot Card Cache (ms):     Min:  0.0, Avg:  0.0, Max:  0.0, Diff:  0.0, Sum:  0.0, Workers: 1
[2.526s][debug][gc,phases         ] GC(17)       Purge Code Roots (ms):         Min:  0.0, Avg:  0.0, Max:  0.0, Diff:  0.0, Sum:  0.0, Workers: 1
[2.526s][debug][gc,phases         ] GC(17)       Update Derived Pointers (ms):  Min:  0.0, Avg:  0.0, Max:  0.0, Diff:  0.0, Sum:  0.0, Workers: 1
[2.526s][debug][gc,phases         ] GC(17)       Eagerly Reclaim Humongous Objects (ms): Min:  0.0, Avg:  0.0, Max:  0.0, Diff:  0.0, Sum:  0.0, Workers: 1
[2.526s][debug][gc,phases         ] GC(17)         Humongous Total                Min: 1, Avg:  1.0, Max: 1, Diff: 0, Sum: 1, Workers: 1
[2.526s][debug][gc,phases         ] GC(17)         Humongous Candidates           Min: 0, Avg:  0.0, Max: 0, Diff: 0, Sum: 0, Workers: 1
[2.526s][debug][gc,phases         ] GC(17)         Humongous Reclaimed            Min: 0, Avg:  0.0, Max: 0, Diff: 0, Sum: 0, Workers: 1
[2.526s][debug][gc,phases         ] GC(17)       Redirty Logged Cards (ms):     Min:  0.0, Avg:  0.0, Max:  0.0, Diff:  0.0, Sum:  0.0, Workers: 4
[2.526s][debug][gc,phases         ] GC(17)         Redirtied Cards:               Min: 0, Avg: 768.8, Max: 1538, Diff: 1538, Sum: 3075, Workers: 4
[2.526s][debug][gc,phases         ] GC(17)       Free Collection Set (ms):      Min:  0.0, Avg:  0.0, Max:  0.0, Diff:  0.0, Sum:  0.0, Workers: 4
[2.526s][debug][gc,phases         ] GC(17)     Rebuild Free List: 0.1ms
[2.526s][debug][gc,phases         ] GC(17)     Start New Collection Set: 0.0ms
[2.526s][debug][gc,phases         ] GC(17)     Resize TLABs: 0.0ms
[2.526s][debug][gc,phases         ] GC(17)     Expand Heap After Collection: 0.0ms
[2.527s][info ][gc,phases         ] GC(17)   Other: 0.8ms
[2.527s][info ][gc,heap           ] GC(17) Eden regions: 34->0(23)
[2.527s][info ][gc,heap           ] GC(17) Survivor regions: 9->6(6)
[2.527s][info ][gc,heap           ] GC(17) Old regions: 302->340
[2.527s][info ][gc,heap           ] GC(17) Archive regions: 0->0
[2.527s][info ][gc,heap           ] GC(17) Humongous regions: 36->36
[2.527s][info ][gc,metaspace      ] GC(17) Metaspace: 493K(640K)->493K(640K) NonClass: 455K(512K)->455K(512K) Class: 37K(128K)->37K(128K)
[2.527s][debug][gc,heap           ] GC(17) Heap after GC invocations=17 (full 0):
[2.527s][debug][gc,heap           ] GC(17)  garbage-first heap   total 524288K, used 390656K [0x00000000e0000000, 0x0000000100000000)
[2.527s][debug][gc,heap           ] GC(17)   region size 1024K, 6 young (6144K), 6 survivors (6144K)
[2.527s][debug][gc,heap           ] GC(17)  Metaspace       used 493K, committed 640K, reserved 1056768K
[2.527s][debug][gc,heap           ] GC(17)   class space    used 37K, committed 128K, reserved 1048576K
[2.527s][info ][gc                ] GC(17) Pause Young (Normal) (G1 Evacuation Pause) 380M->381M(512M) 60.375ms
[2.527s][info ][gc,cpu            ] GC(17) User=0.22s Sys=0.00s Real=0.06s
[2.527s][debug][gc,refine         ] Deactivated worker 0, off threshold: 4263, current: 3075, refined cards: 510
[2.534s][debug][gc,refine         ] Activated worker 0, on threshold: 4775, current: 4867
[2.534s][debug][gc,refine         ] Deactivated worker 0, off threshold: 4263, current: 4097, refined cards: 770
[2.536s][debug][gc,refine         ] Activated worker 0, on threshold: 4775, current: 4865
[2.537s][debug][gc,refine         ] Deactivated worker 0, off threshold: 4263, current: 4097, refined cards: 768
[2.539s][debug][gc,refine         ] Activated worker 0, on threshold: 4775, current: 4865
[2.540s][debug][gc,refine         ] Deactivated worker 0, off threshold: 4263, current: 4096, refined cards: 1025
[2.543s][debug][gc,refine         ] Activated worker 0, on threshold: 4775, current: 4864
[2.544s][debug][gc,refine         ] Deactivated worker 0, off threshold: 4263, current: 4096, refined cards: 768
[2.546s][debug][gc,refine         ] Activated worker 0, on threshold: 4775, current: 4864
[2.547s][debug][gc,refine         ] Deactivated worker 0, off threshold: 4263, current: 4096, refined cards: 768
[2.549s][debug][gc,refine         ] Activated worker 0, on threshold: 4775, current: 4864
[2.551s][debug][gc,refine         ] Deactivated worker 0, off threshold: 4263, current: 4096, refined cards: 768
[2.552s][debug][gc,task,start     ] G1 Service Thread (Remembered Set Sampling Task) (run)
[2.553s][debug][gc,task           ] G1 Service Thread (Remembered Set Sampling Task) (run) 0.061ms (cpu: 0.000ms)
[2.553s][debug][gc,refine         ] Activated worker 0, on threshold: 4775, current: 4864
[2.554s][debug][gc,refine         ] Deactivated worker 0, off threshold: 4263, current: 4096, refined cards: 768
[2.556s][debug][gc,stats          ] ---------------------------------------------------------------------
[2.556s][debug][gc,stats          ] Marking Stats, task = 0, calls = 12
[2.556s][debug][gc,stats          ]   Elapsed time = 118.23ms, Termination time = 0.00ms
[2.556s][debug][gc,stats          ]   Step Times (cum): num = 57, avg = 4.67ms, sd = 7.16ms max = 16.00ms, total = 266.00ms
[2.556s][debug][gc,stats          ]   Mark Stats Cache: hits 21660 misses 0 ratio 100.000
[2.556s][debug][gc,stats          ] ---------------------------------------------------------------------
[2.556s][info ][gc,marking        ] GC(16) Concurrent Mark From Roots 118.457ms
[2.556s][info ][gc,marking        ] GC(16) Concurrent Preclean
[2.556s][debug][gc,ref,start      ] GC(16) Preclean SoftReferences
[2.556s][debug][gc,refine         ] Activated worker 0, on threshold: 4775, current: 4864
[2.556s][debug][gc,ref            ] GC(16) Preclean SoftReferences 0.043ms
[2.557s][debug][gc,ref,start      ] GC(16) Preclean WeakReferences
[2.557s][debug][gc,ref            ] GC(16) Preclean WeakReferences 0.043ms
[2.557s][debug][gc,ref,start      ] GC(16) Preclean FinalReferences
[2.557s][debug][gc,ref            ] GC(16) Preclean FinalReferences 0.035ms
[2.557s][debug][gc,ref,start      ] GC(16) Preclean PhantomReferences
[2.557s][debug][gc,ref            ] GC(16) Preclean PhantomReferences 0.034ms
[2.557s][info ][gc,marking        ] GC(16) Concurrent Preclean 0.315ms
[2.557s][info ][gc,start          ] GC(16) Pause Remark
[2.557s][debug][gc,phases,start   ] GC(16) Finalize Marking
[2.557s][debug][gc,stats          ] ---------------------------------------------------------------------
[2.557s][debug][gc,stats          ] Marking Stats, task = 0, calls = 29
[2.557s][debug][gc,stats          ]   Elapsed time = 0.02ms, Termination time = 0.00ms
[2.557s][debug][gc,stats          ]   Step Times (cum): num = 74, avg = 3.59ms, sd = 6.59ms max = 16.00ms, total = 266.00ms
[2.557s][debug][gc,stats          ]   Mark Stats Cache: hits 21660 misses 0 ratio 100.000
[2.557s][debug][gc,stats          ] ---------------------------------------------------------------------
[2.557s][debug][gc,stats          ] Marking Stats, task = 1, calls = 1
[2.557s][debug][gc,stats          ]   Elapsed time = 0.02ms, Termination time = 0.00ms
[2.557s][debug][gc,stats          ]   Step Times (cum): num = 2, avg = 0.00ms, sd = 0.00ms max = 0.00ms, total = 0.00ms
[2.557s][debug][gc,stats          ]   Mark Stats Cache: hits 18 misses 0 ratio 100.000
[2.557s][debug][gc,stats          ] ---------------------------------------------------------------------
[2.557s][debug][gc,stats          ] Marking Stats, task = 2, calls = 1
[2.557s][debug][gc,stats          ]   Elapsed time = 0.02ms, Termination time = 0.00ms
[2.557s][debug][gc,stats          ]   Step Times (cum): num = 2, avg = 0.00ms, sd = 0.00ms max = 0.00ms, total = 0.00ms
[2.557s][debug][gc,stats          ]   Mark Stats Cache: hits 16 misses 0 ratio 100.000
[2.557s][debug][gc,stats          ] ---------------------------------------------------------------------
[2.557s][debug][gc,stats          ] Marking Stats, task = 3, calls = 1
[2.557s][debug][gc,stats          ]   Elapsed time = 0.01ms, Termination time = 0.00ms
[2.557s][debug][gc,stats          ]   Step Times (cum): num = 2, avg = 0.00ms, sd = 0.00ms max = 0.00ms, total = 0.00ms
[2.557s][debug][gc,stats          ]   Mark Stats Cache: hits 37 misses 0 ratio 100.000
[2.557s][debug][gc,stats          ] ---------------------------------------------------------------------
[2.557s][debug][gc,phases         ] GC(16) Finalize Marking 0.619ms
[2.558s][debug][gc,phases,start   ] GC(16) Reference Processing
[2.558s][debug][gc,ref            ] GC(16) Skipped phase 1 of Reference Processing: no references
[2.558s][debug][gc,ref            ] GC(16) Skipped phase 2 of Reference Processing: no references
[2.558s][debug][gc,ref            ] GC(16) Skipped phase 3 of Reference Processing: no references
[2.558s][debug][gc,ref            ] GC(16) Skipped phase 4 of Reference Processing: no references
[2.558s][debug][gc,phases,ref     ] GC(16) Reference Processing: 0.1ms
[2.558s][debug][gc,phases,ref     ] GC(16)   Reconsider SoftReferences: 0.0ms
[2.558s][debug][gc,phases,ref     ] GC(16)     SoftRef (ms):                  skipped
[2.558s][debug][gc,phases,ref     ] GC(16)   Notify Soft/WeakReferences: 0.0ms
[2.558s][debug][gc,phases,ref     ] GC(16)     SoftRef (ms):                  skipped
[2.558s][debug][gc,phases,ref     ] GC(16)     WeakRef (ms):                  skipped
[2.558s][debug][gc,phases,ref     ] GC(16)     FinalRef (ms):                 skipped
[2.558s][debug][gc,phases,ref     ] GC(16)     Total (ms):                    skipped
[2.558s][debug][gc,phases,ref     ] GC(16)   Notify and keep alive finalizable: 0.0ms
[2.558s][debug][gc,phases,ref     ] GC(16)     FinalRef (ms):                 skipped
[2.558s][debug][gc,phases,ref     ] GC(16)   Notify PhantomReferences: 0.0ms
[2.558s][debug][gc,phases,ref     ] GC(16)     PhantomRef (ms):               skipped
[2.558s][debug][gc,phases,ref     ] GC(16)   SoftReference:
[2.558s][debug][gc,phases,ref     ] GC(16)     Discovered: 0
[2.558s][debug][gc,phases,ref     ] GC(16)     Cleared: 0
[2.558s][debug][gc,phases,ref     ] GC(16)   WeakReference:
[2.558s][debug][gc,phases,ref     ] GC(16)     Discovered: 0
[2.558s][debug][gc,phases,ref     ] GC(16)     Cleared: 0
[2.558s][debug][gc,phases,ref     ] GC(16)   FinalReference:
[2.558s][debug][gc,phases,ref     ] GC(16)     Discovered: 0
[2.558s][debug][gc,phases,ref     ] GC(16)     Cleared: 0
[2.558s][debug][gc,phases,ref     ] GC(16)   PhantomReference:
[2.558s][debug][gc,phases,ref     ] GC(16)     Discovered: 0
[2.558s][debug][gc,phases,ref     ] GC(16)     Cleared: 0
[2.558s][debug][gc,phases         ] GC(16) Reference Processing 0.671ms
[2.558s][debug][gc,phases,start   ] GC(16) Weak Processing
[2.558s][debug][gc,phases         ] GC(16)   VM Weak                        Min:  0.0, Avg:  0.0, Max:  0.0, Diff:  0.0, Sum:  0.0, Workers: 3
[2.558s][debug][gc,phases         ] GC(16)     Dead                           Min: 0, Avg:  0.0, Max: 0, Diff: 0, Sum: 0, Workers: 3
[2.558s][debug][gc,phases         ] GC(16)     Total                          Min: 0, Avg:  4.7, Max: 14, Diff: 14, Sum: 14, Workers: 3
[2.558s][debug][gc,phases         ] GC(16)   ObjectSynchronizer Weak        Min:  0.0, Avg:  0.0, Max:  0.0, Diff:  0.0, Sum:  0.0, Workers: 3
[2.558s][debug][gc,phases         ] GC(16)     Dead                           Min: 0, Avg:  0.0, Max: 0, Diff: 0, Sum: 0, Workers: 3
[2.558s][debug][gc,phases         ] GC(16)     Total                          Min: 0, Avg:  1.0, Max: 3, Diff: 3, Sum: 3, Workers: 3
[2.558s][debug][gc,phases         ] GC(16)   JVMTI Tag Weak OopStorage      Min:  0.0, Avg:  0.0, Max:  0.0, Diff:  0.0, Sum:  0.0, Workers: 3
[2.559s][debug][gc,phases         ] GC(16)     Dead                           Min: 0, Avg:  0.0, Max: 0, Diff: 0, Sum: 0, Workers: 3
[2.559s][debug][gc,phases         ] GC(16)     Total                          Min: 0, Avg:  0.0, Max: 0, Diff: 0, Sum: 0, Workers: 3
[2.559s][debug][gc,phases         ] GC(16)   StringTable Weak               Min:  0.0, Avg:  0.0, Max:  0.0, Diff:  0.0, Sum:  0.0, Workers: 3
[2.559s][debug][gc,phases         ] GC(16)     Dead                           Min: 0, Avg:  0.0, Max: 0, Diff: 0, Sum: 0, Workers: 3
[2.559s][debug][gc,phases         ] GC(16)     Total                          Min: 800, Avg: 821.3, Max: 832, Diff: 32, Sum: 2464, Workers: 3
[2.559s][debug][gc,phases         ] GC(16)   ResolvedMethodTable Weak       Min:  0.0, Avg:  0.0, Max:  0.0, Diff:  0.0, Sum:  0.0, Workers: 3
[2.559s][debug][gc,phases         ] GC(16)     Dead                           Min: 0, Avg:  0.0, Max: 0, Diff: 0, Sum: 0, Workers: 3
[2.559s][debug][gc,phases         ] GC(16)     Total                          Min: 9, Avg: 45.7, Max: 64, Diff: 55, Sum: 137, Workers: 3
[2.559s][debug][gc,phases         ] GC(16)   JNI Weak                       Min:  0.0, Avg:  0.0, Max:  0.0, Diff:  0.0, Sum:  0.0, Workers: 3
[2.559s][debug][gc,phases         ] GC(16)     Dead                           Min: 0, Avg:  0.0, Max: 0, Diff: 0, Sum: 0, Workers: 3
[2.559s][debug][gc,phases         ] GC(16)     Total                          Min: 0, Avg:  0.0, Max: 0, Diff: 0, Sum: 0, Workers: 3
[2.559s][debug][gc,phases         ] GC(16)   StringDedup Table Weak         Min:  0.0, Avg:  0.0, Max:  0.0, Diff:  0.0, Sum:  0.0, Workers: 3
[2.559s][debug][gc,phases         ] GC(16)     Dead                           Min: 0, Avg:  0.0, Max: 0, Diff: 0, Sum: 0, Workers: 3
[2.559s][debug][gc,phases         ] GC(16)     Total                          Min: 0, Avg:  0.0, Max: 0, Diff: 0, Sum: 0, Workers: 3
[2.559s][debug][gc,phases         ] GC(16)   StringDedup Requests0 Weak     Min:  0.0, Avg:  0.0, Max:  0.0, Diff:  0.0, Sum:  0.0, Workers: 3
[2.559s][debug][gc,phases         ] GC(16)     Dead                           Min: 0, Avg:  0.0, Max: 0, Diff: 0, Sum: 0, Workers: 3
[2.559s][debug][gc,phases         ] GC(16)     Total                          Min: 0, Avg:  0.0, Max: 0, Diff: 0, Sum: 0, Workers: 3
[2.559s][debug][gc,phases         ] GC(16)   StringDedup Requests1 Weak     Min:  0.0, Avg:  0.0, Max:  0.0, Diff:  0.0, Sum:  0.0, Workers: 3
[2.559s][debug][gc,phases         ] GC(16)     Dead                           Min: 0, Avg:  0.0, Max: 0, Diff: 0, Sum: 0, Workers: 3
[2.559s][debug][gc,phases         ] GC(16)     Total                          Min: 0, Avg:  0.0, Max: 0, Diff: 0, Sum: 0, Workers: 3
[2.559s][debug][gc,phases         ] GC(16)   Weak JFR Old Object Samples    Min:  0.0, Avg:  0.0, Max:  0.0, Diff:  0.0, Sum:  0.0, Workers: 3
[2.559s][debug][gc,phases         ] GC(16)     Dead                           Min: 0, Avg:  0.0, Max: 0, Diff: 0, Sum: 0, Workers: 3
[2.559s][debug][gc,phases         ] GC(16)     Total                          Min: 0, Avg:  0.0, Max: 0, Diff: 0, Sum: 0, Workers: 3
[2.559s][debug][gc,phases         ] GC(16) Weak Processing 0.851ms
[2.559s][debug][gc,phases,start   ] GC(16) Class Unloading
[2.559s][debug][gc,phases,start   ] GC(16) ClassLoaderData
[2.559s][debug][gc,phases         ] GC(16) ClassLoaderData 0.016ms
[2.559s][debug][gc,phases,start   ] GC(16) Trigger cleanups
[2.559s][debug][gc,phases         ] GC(16) Trigger cleanups 0.024ms
[2.559s][debug][gc,phases         ] GC(16) Class Unloading 0.237ms
[2.559s][debug][gc,phases,start   ] GC(16) Flush Task Caches
[2.559s][debug][gc,stats          ] Mark stats cache hits 21731 misses 0 ratio 100.000
[2.559s][debug][gc,phases         ] GC(16) Flush Task Caches 0.039ms
[2.559s][debug][gc,phases,start   ] GC(16) Update Remembered Set Tracking Before Rebuild
[2.559s][debug][gc,ergo           ] GC(16) Running G1 Update RemSet Tracking Before Rebuild using 2 workers for 512 regions in heap
[2.560s][debug][gc,remset,tracking] GC(16) Remembered Set Tracking update regions total 512, selected 8
[2.560s][debug][gc,phases         ] GC(16) Update Remembered Set Tracking Before Rebuild 0.141ms
[2.560s][debug][gc,phases,start   ] GC(16) Reclaim Empty Regions
[2.560s][debug][gc                ] GC(16) Reclaimed 260 empty regions
[2.560s][debug][gc,phases         ] GC(16) Reclaim Empty Regions 0.207ms
[2.560s][debug][gc,phases,start   ] GC(16) Purge Metaspace
[2.560s][debug][gc,phases         ] GC(16) Purge Metaspace 0.022ms
[2.560s][debug][gc,phases,start   ] GC(16) Report Object Count
[2.560s][debug][gc,phases         ] GC(16) Report Object Count 0.018ms
[2.560s][debug][gc,mmu            ] GC(16) MMU: 103.1ms (200.0ms/201.0ms)
[2.560s][info ][gc                ] GC(16) Pause Remark 396M->136M(512M) 3.089ms
[2.560s][info ][gc,cpu            ] GC(16) User=0.00s Sys=0.00s Real=0.00s
[2.560s][info ][gc,marking        ] GC(16) Concurrent Mark 122.117ms
[2.560s][info ][gc,marking        ] GC(16) Concurrent Rebuild Remembered Sets
[2.561s][debug][gc,refine         ] Deactivated worker 0, off threshold: 4263, current: 4154, refined cards: 710
[2.563s][debug][gc,refine         ] Activated worker 0, on threshold: 4775, current: 4922
[2.564s][debug][gc,refine         ] Deactivated worker 0, off threshold: 4263, current: 4154, refined cards: 768
[2.566s][debug][gc,refine         ] Activated worker 0, on threshold: 4775, current: 4922
[2.567s][debug][gc,refine         ] Deactivated worker 0, off threshold: 4263, current: 4154, refined cards: 768
[2.569s][debug][gc,refine         ] Activated worker 0, on threshold: 4775, current: 4922
[2.571s][debug][gc,refine         ] Deactivated worker 0, off threshold: 4263, current: 4154, refined cards: 1024
[2.574s][debug][gc,refine         ] Activated worker 0, on threshold: 4775, current: 4922
[2.575s][debug][gc,refine         ] Deactivated worker 0, off threshold: 4263, current: 4154, refined cards: 1024
[2.578s][debug][gc,heap           ] GC(18) Heap before GC invocations=17 (full 0):
[2.578s][debug][gc,heap           ] GC(18)  garbage-first heap   total 524288K, used 147968K [0x00000000e0000000, 0x0000000100000000)
[2.578s][debug][gc,heap           ] GC(18)   region size 1024K, 29 young (29696K), 6 survivors (6144K)
[2.578s][debug][gc,heap           ] GC(18)  Metaspace       used 493K, committed 640K, reserved 1056768K
[2.578s][debug][gc,heap           ] GC(18)   class space    used 37K, committed 128K, reserved 1048576K
[2.578s][info ][gc,start          ] GC(18) Pause Young (Normal) (G1 Evacuation Pause)
[2.578s][info ][gc,task           ] GC(18) Using 4 workers of 4 for evacuation
[2.578s][debug][gc,tlab           ] GC(18) TLAB totals: thrds: 1  refills: 92 max: 92 slow allocs: 0 max 0 waste:  0.2% gc: 0B max: 0B slow: 53360B max: 53360B
[2.578s][debug][gc,age            ] GC(18) Desired survivor size 2097152 bytes, new threshold 1 (max threshold 15)
[2.578s][debug][gc,refine         ] Activated worker 0, on threshold: 4775, current: 4897
[2.578s][debug][gc,refine,stats   ] GC(18) Mutator refinement: 0.00ms, refined: 0, precleaned: 0, dirtied: 11751
[2.578s][debug][gc,refine,stats   ] GC(18) Concurrent refinement: 11.20ms, refined: 9929, precleaned: 1024, dirtied: 0
[2.578s][debug][gc,refine,stats   ] GC(18) Total refinement: 11.20ms, refined: 9929, precleaned: 1024, dirtied: 11751
[2.578s][debug][gc,refine,stats   ] GC(18) Concurrent refinement rate: 886.37 cards/ms
[2.578s][debug][gc,refine,stats   ] GC(18) Generate dirty cards rate: 226.65 cards/ms
[2.578s][debug][gc,alloc,region   ] GC(18) Mutator Allocation stats, regions: 23, wasted size: 0B ( 0.0%)
[2.578s][debug][gc,humongous      ] GC(18) Humongous region 155 (object size 36920416 @ 0x00000000e9b00000) remset 1 code roots 0 marked 1 reclaim candidate 0 type array 0
[2.578s][debug][gc,ergo           ] GC(18) Running G1 Merge Heap Roots using 4 workers for 29 regions
[2.578s][debug][gc,remset         ] GC(18) Visited cards 15872 Total dirty 18432 (86.11%) Total old 356352 (4.45%)
[2.611s][debug][gc,ref            ] GC(18) Skipped phase 1 of Reference Processing: no references
[2.612s][debug][gc,ref            ] GC(18) Skipped phase 2 of Reference Processing: no references
[2.612s][debug][gc,ref            ] GC(18) Skipped phase 3 of Reference Processing: no references
[2.612s][debug][gc,ref            ] GC(18) Skipped phase 4 of Reference Processing: no references
[2.612s][debug][gc,ergo           ] GC(18) Running G1 Rebuild Free List Task using 4 workers for rebuilding free list of regions
[2.612s][debug][gc,plab           ] GC(18) Young PLAB allocation: allocated: 4194304B, wasted: 192B, unused: 0B, used: 4194112B, undo waste: 0B, 
[2.612s][debug][gc,plab           ] GC(18) Young other allocation: region end waste: 0B, regions filled: 4, direct allocated: 0B, failure used: 0B, failure wasted: 0B
[2.612s][debug][gc,plab           ] GC(18) Young sizing: calculated: 838816B, actual: 1009352B
[2.612s][debug][gc,plab           ] GC(18) Old PLAB allocation: allocated: 27262976B, wasted: 768B, unused: 1101168B, used: 26161040B, undo waste: 0B, 
[2.612s][debug][gc,plab           ] GC(18) Old other allocation: region end waste: 0B, regions filled: 27, direct allocated: 0B, failure used: 0B, failure wasted: 0B
[2.612s][debug][gc,plab           ] GC(18) Old sizing: calculated: 5232208B, actual: 5906736B
[2.612s][debug][gc,ergo,heap      ] GC(18) Heap expansion: short term pause time ratio 8.21% long term pause time ratio 31.64% threshold 7.69% pause time ratio 7.69% fully expanded true resize by 0B
[2.612s][debug][gc,mmu            ] GC(18) MMU: 93.8ms (200.0ms/201.0ms)
[2.612s][debug][gc,alloc,stats    ] Old generation allocation in the last mutator period, old gen allocated: 27262976B, humongous allocated: 0B,old gen growth: 27262976B.
[2.612s][debug][gc,ihop           ] GC(18) Basic information (value update), threshold: 241591910B (45.00), target occupancy: 536870912B, current occupancy: 152567808B, recent allocation size: 27262976B, recent allocation duration: 51.85ms, recent old gen allocation rate: 525835168.86B/s, recent marking phase length: 513.50ms
[2.612s][debug][gc,ihop           ] GC(18) Adaptive IHOP information (value update), threshold: 241591910B (52.94), internal target occupancy: 456340275B, occupancy: 152567808B, additional buffer size: 155189248B, predicted old gen allocation rate: 384362789.72B/s, predicted marking phase length: 1026.99ms, prediction active: false
[2.612s][debug][gc,ergo,refine    ] GC(18) Concurrent refinement times: Logged Cards Scan time goal: 20.00ms Logged Cards Scan time: 1.77ms HCC time: 0.00ms
[2.612s][debug][gc,ergo,refine    ] GC(18) Updated Refinement Zones: green: 4689, yellow: 14067, red: 23445
[2.612s][info ][gc,phases         ] GC(18)   Pre Evacuate Collection Set: 0.1ms
[2.612s][debug][gc,phases         ] GC(18)     Prepare TLABs: 0.0ms
[2.612s][debug][gc,phases         ] GC(18)     Concatenate Dirty Card Logs: 0.0ms
[2.612s][debug][gc,phases         ] GC(18)     Choose Collection Set: 0.0ms
[2.612s][debug][gc,phases         ] GC(18)     Region Register: 0.1ms
[2.612s][debug][gc,phases         ] GC(18)     Prepare Heap Roots: 0.0ms
[2.612s][info ][gc,phases         ] GC(18)   Merge Heap Roots: 0.3ms
[2.612s][debug][gc,phases         ] GC(18)     Prepare Merge Heap Roots: 0.0ms
[2.612s][debug][gc,phases         ] GC(18)     Eager Reclaim (ms):            skipped
[2.612s][debug][gc,phases         ] GC(18)     Remembered Sets (ms):          Min:  0.0, Avg:  0.0, Max:  0.0, Diff:  0.0, Sum:  0.1, Workers: 4
[2.612s][debug][gc,phases         ] GC(18)       Merged Sparse:                 Min: 0, Avg:  0.0, Max: 0, Diff: 0, Sum: 0, Workers: 4
[2.612s][debug][gc,phases         ] GC(18)       Merged Fine:                   Min: 5, Avg:  6.5, Max: 10, Diff: 5, Sum: 26, Workers: 4
[2.612s][debug][gc,phases         ] GC(18)       Merged Coarse:                 Min: 0, Avg:  0.0, Max: 0, Diff: 0, Sum: 0, Workers: 4
[2.613s][debug][gc,phases         ] GC(18)       Dirty Cards:                   Min: 1978, Avg: 2219.3, Max: 2556, Diff: 578, Sum: 8877, Workers: 4
[2.613s][debug][gc,phases         ] GC(18)     Hot Card Cache (ms):           Min:  0.0, Avg:  0.0, Max:  0.0, Diff:  0.0, Sum:  0.0, Workers: 4
[2.613s][debug][gc,phases         ] GC(18)       Dirty Cards:                   Min: 184, Avg: 248.0, Max: 312, Diff: 128, Sum: 992, Workers: 4
[2.613s][debug][gc,phases         ] GC(18)       Skipped Cards:                 Min: 0, Avg:  0.0, Max: 0, Diff: 0, Sum: 0, Workers: 4
[2.613s][debug][gc,phases         ] GC(18)     Log Buffers (ms):              Min:  0.0, Avg:  0.0, Max:  0.0, Diff:  0.0, Sum:  0.1, Workers: 4
[2.613s][debug][gc,phases         ] GC(18)       Dirty Cards:                   Min: 1074, Avg: 1216.3, Max: 1272, Diff: 198, Sum: 4865, Workers: 4
[2.613s][debug][gc,phases         ] GC(18)       Skipped Cards:                 Min: 0, Avg:  0.0, Max: 0, Diff: 0, Sum: 0, Workers: 4
[2.613s][info ][gc,phases         ] GC(18)   Evacuate Collection Set: 32.8ms
[2.613s][debug][gc,phases         ] GC(18)     Ext Root Scanning (ms):        Min:  0.0, Avg:  0.0, Max:  0.0, Diff:  0.0, Sum:  0.1, Workers: 4
[2.613s][debug][gc,phases         ] GC(18)     Scan Heap Roots (ms):          Min:  5.0, Avg:  5.3, Max:  5.4, Diff:  0.3, Sum: 21.1, Workers: 4
[2.613s][debug][gc,phases         ] GC(18)       Scanned Cards:                 Min: 3560, Avg: 3706.5, Max: 3841, Diff: 281, Sum: 14826, Workers: 4
[2.613s][debug][gc,phases         ] GC(18)       Scanned Blocks:                Min: 15, Avg: 15.5, Max: 16, Diff: 1, Sum: 62, Workers: 4
[2.613s][debug][gc,phases         ] GC(18)       Claimed Chunks:                Min: 15, Avg: 15.5, Max: 16, Diff: 1, Sum: 62, Workers: 4
[2.613s][debug][gc,phases         ] GC(18)     Code Root Scan (ms):           Min:  0.0, Avg:  0.0, Max:  0.0, Diff:  0.0, Sum:  0.0, Workers: 4
[2.613s][debug][gc,phases         ] GC(18)     Object Copy (ms):              Min: 27.4, Avg: 27.5, Max: 27.7, Diff:  0.3, Sum: 109.8, Workers: 4
[2.613s][debug][gc,phases         ] GC(18)     Termination (ms):              Min:  0.0, Avg:  0.0, Max:  0.0, Diff:  0.0, Sum:  0.1, Workers: 4
[2.613s][debug][gc,phases         ] GC(18)       Termination Attempts:          Min: 1, Avg:  1.0, Max: 1, Diff: 0, Sum: 4, Workers: 4
[2.613s][debug][gc,phases         ] GC(18)     GC Worker Other (ms):          Min:  0.0, Avg:  0.0, Max:  0.0, Diff:  0.0, Sum:  0.0, Workers: 4
[2.613s][debug][gc,phases         ] GC(18)     GC Worker Total (ms):          Min: 32.8, Avg: 32.8, Max: 32.8, Diff:  0.0, Sum: 131.2, Workers: 4
[2.613s][info ][gc,phases         ] GC(18)   Post Evacuate Collection Set: 0.4ms
[2.613s][debug][gc,phases         ] GC(18)     Code Roots Fixup: 0.0ms
[2.613s][debug][gc,phases         ] GC(18)     Reference Processing: 0.2ms
[2.613s][debug][gc,phases,ref     ] GC(18)       Reconsider SoftReferences: 0.1ms
[2.613s][debug][gc,phases,ref     ] GC(18)         SoftRef (ms):                  skipped
[2.613s][debug][gc,phases,ref     ] GC(18)       Notify Soft/WeakReferences: 0.0ms
[2.613s][debug][gc,phases,ref     ] GC(18)         SoftRef (ms):                  skipped
[2.613s][debug][gc,phases,ref     ] GC(18)         WeakRef (ms):                  skipped
[2.613s][debug][gc,phases,ref     ] GC(18)         FinalRef (ms):                 skipped
[2.613s][debug][gc,phases,ref     ] GC(18)         Total (ms):                    skipped
[2.613s][debug][gc,phases,ref     ] GC(18)       Notify and keep alive finalizable: 0.0ms
[2.613s][debug][gc,phases,ref     ] GC(18)         FinalRef (ms):                 skipped
[2.613s][debug][gc,phases,ref     ] GC(18)       Notify PhantomReferences: 0.0ms
[2.613s][debug][gc,phases,ref     ] GC(18)         PhantomRef (ms):               skipped
[2.613s][debug][gc,phases,ref     ] GC(18)       SoftReference:
[2.613s][debug][gc,phases,ref     ] GC(18)         Discovered: 0
[2.613s][debug][gc,phases,ref     ] GC(18)         Cleared: 0
[2.613s][debug][gc,phases,ref     ] GC(18)       WeakReference:
[2.613s][debug][gc,phases,ref     ] GC(18)         Discovered: 0
[2.613s][debug][gc,phases,ref     ] GC(18)         Cleared: 0
[2.613s][debug][gc,phases,ref     ] GC(18)       FinalReference:
[2.613s][debug][gc,phases,ref     ] GC(18)         Discovered: 0
[2.613s][debug][gc,phases,ref     ] GC(18)         Cleared: 0
[2.613s][debug][gc,phases,ref     ] GC(18)       PhantomReference:
[2.613s][debug][gc,phases,ref     ] GC(18)         Discovered: 0
[2.613s][debug][gc,phases,ref     ] GC(18)         Cleared: 0
[2.613s][debug][gc,phases         ] GC(18)     Weak Processing: 0.0ms
[2.614s][debug][gc,phases         ] GC(18)       VM Weak                        Min:  0.0, Avg:  0.0, Max:  0.0, Diff:  0.0, Sum:  0.0, Workers: 3
[2.614s][debug][gc,phases         ] GC(18)         Dead                           Min: 0, Avg:  0.0, Max: 0, Diff: 0, Sum: 0, Workers: 3
[2.614s][debug][gc,phases         ] GC(18)         Total                          Min: 0, Avg:  4.7, Max: 14, Diff: 14, Sum: 14, Workers: 3
[2.614s][debug][gc,phases         ] GC(18)       ObjectSynchronizer Weak        Min:  0.0, Avg:  0.0, Max:  0.0, Diff:  0.0, Sum:  0.0, Workers: 3
[2.614s][debug][gc,phases         ] GC(18)         Dead                           Min: 0, Avg:  0.0, Max: 0, Diff: 0, Sum: 0, Workers: 3
[2.614s][debug][gc,phases         ] GC(18)         Total                          Min: 0, Avg:  1.0, Max: 3, Diff: 3, Sum: 3, Workers: 3
[2.614s][debug][gc,phases         ] GC(18)       JVMTI Tag Weak OopStorage      Min:  0.0, Avg:  0.0, Max:  0.0, Diff:  0.0, Sum:  0.0, Workers: 3
[2.614s][debug][gc,phases         ] GC(18)         Dead                           Min: 0, Avg:  0.0, Max: 0, Diff: 0, Sum: 0, Workers: 3
[2.614s][debug][gc,phases         ] GC(18)         Total                          Min: 0, Avg:  0.0, Max: 0, Diff: 0, Sum: 0, Workers: 3
[2.614s][debug][gc,phases         ] GC(18)       StringTable Weak               Min:  0.0, Avg:  0.0, Max:  0.0, Diff:  0.0, Sum:  0.0, Workers: 3
[2.614s][debug][gc,phases         ] GC(18)         Dead                           Min: 0, Avg:  0.0, Max: 0, Diff: 0, Sum: 0, Workers: 3
[2.614s][debug][gc,phases         ] GC(18)         Total                          Min: 640, Avg: 821.3, Max: 928, Diff: 288, Sum: 2464, Workers: 3
[2.614s][debug][gc,phases         ] GC(18)       ResolvedMethodTable Weak       Min:  0.0, Avg:  0.0, Max:  0.0, Diff:  0.0, Sum:  0.0, Workers: 3
[2.614s][debug][gc,phases         ] GC(18)         Dead                           Min: 0, Avg:  0.0, Max: 0, Diff: 0, Sum: 0, Workers: 3
[2.614s][debug][gc,phases         ] GC(18)         Total                          Min: 0, Avg: 45.7, Max: 73, Diff: 73, Sum: 137, Workers: 3
[2.614s][debug][gc,phases         ] GC(18)       JNI Weak                       Min:  0.0, Avg:  0.0, Max:  0.0, Diff:  0.0, Sum:  0.0, Workers: 3
[2.614s][debug][gc,phases         ] GC(18)         Dead                           Min: 0, Avg:  0.0, Max: 0, Diff: 0, Sum: 0, Workers: 3
[2.614s][debug][gc,phases         ] GC(18)         Total                          Min: 0, Avg:  0.0, Max: 0, Diff: 0, Sum: 0, Workers: 3
[2.614s][debug][gc,phases         ] GC(18)       StringDedup Table Weak         Min:  0.0, Avg:  0.0, Max:  0.0, Diff:  0.0, Sum:  0.0, Workers: 3
[2.614s][debug][gc,phases         ] GC(18)         Dead                           Min: 0, Avg:  0.0, Max: 0, Diff: 0, Sum: 0, Workers: 3
[2.614s][debug][gc,phases         ] GC(18)         Total                          Min: 0, Avg:  0.0, Max: 0, Diff: 0, Sum: 0, Workers: 3
[2.614s][debug][gc,phases         ] GC(18)       StringDedup Requests0 Weak     Min:  0.0, Avg:  0.0, Max:  0.0, Diff:  0.0, Sum:  0.0, Workers: 3
[2.614s][debug][gc,phases         ] GC(18)         Dead                           Min: 0, Avg:  0.0, Max: 0, Diff: 0, Sum: 0, Workers: 3
[2.614s][debug][gc,phases         ] GC(18)         Total                          Min: 0, Avg:  0.0, Max: 0, Diff: 0, Sum: 0, Workers: 3
[2.614s][debug][gc,phases         ] GC(18)       StringDedup Requests1 Weak     Min:  0.0, Avg:  0.0, Max:  0.0, Diff:  0.0, Sum:  0.0, Workers: 3
[2.614s][debug][gc,phases         ] GC(18)         Dead                           Min: 0, Avg:  0.0, Max: 0, Diff: 0, Sum: 0, Workers: 3
[2.614s][debug][gc,phases         ] GC(18)         Total                          Min: 0, Avg:  0.0, Max: 0, Diff: 0, Sum: 0, Workers: 3
[2.614s][debug][gc,phases         ] GC(18)       Weak JFR Old Object Samples    Min:  0.0, Avg:  0.0, Max:  0.0, Diff:  0.0, Sum:  0.0, Workers: 3
[2.614s][debug][gc,phases         ] GC(18)         Dead                           Min: 0, Avg:  0.0, Max: 0, Diff: 0, Sum: 0, Workers: 3
[2.614s][debug][gc,phases         ] GC(18)         Total                          Min: 0, Avg:  0.0, Max: 0, Diff: 0, Sum: 0, Workers: 3
[2.614s][debug][gc,phases         ] GC(18)     Post Evacuate Cleanup 1: 0.0ms
[2.614s][debug][gc,phases         ] GC(18)       Merge Per-Thread State (ms):   Min:  0.0, Avg:  0.0, Max:  0.0, Diff:  0.0, Sum:  0.0, Workers: 1
[2.614s][debug][gc,phases         ] GC(18)         Copied Bytes                   Min: 7281584, Avg: 7588788.0, Max: 7893712, Diff: 612128, Sum: 30355152, Workers: 4
[2.614s][debug][gc,phases         ] GC(18)         LAB Waste                      Min: 208, Avg: 240.0, Max: 272, Diff: 64, Sum: 960, Workers: 4
[2.614s][debug][gc,phases         ] GC(18)         LAB Undo Waste                 Min: 0, Avg:  0.0, Max: 0, Diff: 0, Sum: 0, Workers: 4
[2.614s][debug][gc,phases         ] GC(18)       Clear Logged Cards (ms):       Min:  0.0, Avg:  0.0, Max:  0.0, Diff:  0.0, Sum:  0.0, Workers: 3
[2.614s][debug][gc,phases         ] GC(18)       Recalculate Used Memory (ms):  Min:  0.0, Avg:  0.0, Max:  0.0, Diff:  0.0, Sum:  0.0, Workers: 1
[2.614s][debug][gc,phases         ] GC(18)     Post Evacuate Cleanup 2: 0.1ms
[2.614s][debug][gc,phases         ] GC(18)       Reset Hot Card Cache (ms):     Min:  0.0, Avg:  0.0, Max:  0.0, Diff:  0.0, Sum:  0.0, Workers: 1
[2.614s][debug][gc,phases         ] GC(18)       Purge Code Roots (ms):         Min:  0.0, Avg:  0.0, Max:  0.0, Diff:  0.0, Sum:  0.0, Workers: 1
[2.614s][debug][gc,phases         ] GC(18)       Update Derived Pointers (ms):  Min:  0.0, Avg:  0.0, Max:  0.0, Diff:  0.0, Sum:  0.0, Workers: 1
[2.615s][debug][gc,phases         ] GC(18)       Eagerly Reclaim Humongous Objects (ms): Min:  0.0, Avg:  0.0, Max:  0.0, Diff:  0.0, Sum:  0.0, Workers: 1
[2.615s][debug][gc,phases         ] GC(18)         Humongous Total                Min: 1, Avg:  1.0, Max: 1, Diff: 0, Sum: 1, Workers: 1
[2.615s][debug][gc,phases         ] GC(18)         Humongous Candidates           Min: 0, Avg:  0.0, Max: 0, Diff: 0, Sum: 0, Workers: 1
[2.615s][debug][gc,phases         ] GC(18)         Humongous Reclaimed            Min: 0, Avg:  0.0, Max: 0, Diff: 0, Sum: 0, Workers: 1
[2.615s][debug][gc,phases         ] GC(18)       Redirty Logged Cards (ms):     Min:  0.0, Avg:  0.0, Max:  0.0, Diff:  0.0, Sum:  0.0, Workers: 4
[2.615s][debug][gc,phases         ] GC(18)         Redirtied Cards:               Min: 0, Avg: 576.8, Max: 1095, Diff: 1095, Sum: 2307, Workers: 4
[2.615s][debug][gc,phases         ] GC(18)       Free Collection Set (ms):      Min:  0.0, Avg:  0.0, Max:  0.0, Diff:  0.0, Sum:  0.0, Workers: 4
[2.615s][debug][gc,phases         ] GC(18)     Rebuild Free List: 0.1ms
[2.615s][debug][gc,phases         ] GC(18)     Start New Collection Set: 0.0ms
[2.615s][debug][gc,phases         ] GC(18)     Resize TLABs: 0.0ms
[2.615s][debug][gc,phases         ] GC(18)     Expand Heap After Collection: 0.0ms
[2.615s][info ][gc,phases         ] GC(18)   Other: 0.9ms
[2.615s][info ][gc,heap           ] GC(18) Eden regions: 23->0(144)
[2.615s][info ][gc,heap           ] GC(18) Survivor regions: 6->4(4)
[2.615s][info ][gc,heap           ] GC(18) Old regions: 80->106
[2.615s][info ][gc,heap           ] GC(18) Archive regions: 0->0
[2.615s][info ][gc,heap           ] GC(18) Humongous regions: 36->36
[2.615s][info ][gc,metaspace      ] GC(18) Metaspace: 493K(640K)->493K(640K) NonClass: 455K(512K)->455K(512K) Class: 37K(128K)->37K(128K)
[2.615s][debug][gc,heap           ] GC(18) Heap after GC invocations=18 (full 0):
[2.615s][debug][gc,heap           ] GC(18)  garbage-first heap   total 524288K, used 148992K [0x00000000e0000000, 0x0000000100000000)
[2.615s][debug][gc,heap           ] GC(18)   region size 1024K, 4 young (4096K), 4 survivors (4096K)
[2.615s][debug][gc,heap           ] GC(18)  Metaspace       used 493K, committed 640K, reserved 1056768K
[2.615s][debug][gc,heap           ] GC(18)   class space    used 37K, committed 128K, reserved 1048576K
[2.615s][info ][gc                ] GC(18) Pause Young (Normal) (G1 Evacuation Pause) 144M->145M(512M) 37.244ms
[2.615s][info ][gc,cpu            ] GC(18) User=0.13s Sys=0.02s Real=0.04s
[2.615s][debug][gc,refine         ] Deactivated worker 0, off threshold: 4689, current: 2307, refined cards: 0
[2.632s][debug][gc,refine         ] Activated worker 0, on threshold: 5201, current: 5379
[2.632s][debug][gc,refine         ] Deactivated worker 0, off threshold: 4689, current: 4540, refined cards: 839
[2.634s][debug][gc,refine         ] Activated worker 0, on threshold: 5201, current: 5308
[2.635s][debug][gc,refine         ] Deactivated worker 0, off threshold: 4689, current: 4609, refined cards: 699
[2.638s][debug][gc,refine         ] Activated worker 0, on threshold: 5201, current: 5377
[2.638s][debug][gc,refine         ] Deactivated worker 0, off threshold: 4689, current: 4608, refined cards: 769
[2.640s][debug][gc,refine         ] Activated worker 0, on threshold: 5201, current: 5376
[2.641s][debug][gc,refine         ] Deactivated worker 0, off threshold: 4689, current: 4608, refined cards: 768
[2.644s][debug][gc,refine         ] Activated worker 0, on threshold: 5201, current: 5376
[2.644s][debug][gc,refine         ] Deactivated worker 0, off threshold: 4689, current: 4608, refined cards: 768
[2.647s][debug][gc,refine         ] Activated worker 0, on threshold: 5201, current: 5376
[2.647s][debug][gc,refine         ] Deactivated worker 0, off threshold: 4689, current: 4608, refined cards: 768
[2.649s][debug][gc,refine         ] Activated worker 0, on threshold: 5201, current: 5376
[2.650s][debug][gc,refine         ] Deactivated worker 0, off threshold: 4689, current: 4608, refined cards: 768
[2.652s][debug][gc,refine         ] Activated worker 0, on threshold: 5201, current: 5376
[2.653s][debug][gc,refine         ] Deactivated worker 0, off threshold: 4689, current: 4608, refined cards: 768
[2.655s][debug][gc,refine         ] Activated worker 0, on threshold: 5201, current: 5376
[2.656s][debug][gc,refine         ] Deactivated worker 0, off threshold: 4689, current: 4608, refined cards: 768
[2.658s][debug][gc,refine         ] Activated worker 0, on threshold: 5201, current: 5376
[2.659s][debug][gc,refine         ] Deactivated worker 0, off threshold: 4689, current: 4608, refined cards: 768
[2.661s][debug][gc,refine         ] Activated worker 0, on threshold: 5201, current: 5376
[2.662s][debug][gc,refine         ] Deactivated worker 0, off threshold: 4689, current: 4608, refined cards: 768
[2.665s][debug][gc,refine         ] Activated worker 0, on threshold: 5201, current: 5376
[2.666s][debug][gc,refine         ] Deactivated worker 0, off threshold: 4689, current: 4608, refined cards: 768
[2.668s][debug][gc,refine         ] Activated worker 0, on threshold: 5201, current: 5376
[2.669s][debug][gc,refine         ] Deactivated worker 0, off threshold: 4689, current: 4608, refined cards: 1024
[2.672s][debug][gc,refine         ] Activated worker 0, on threshold: 5201, current: 5376
[2.674s][debug][gc,refine         ] Deactivated worker 0, off threshold: 4689, current: 4608, refined cards: 1024
[2.676s][debug][gc,refine         ] Activated worker 0, on threshold: 5201, current: 5376
[2.677s][debug][gc,refine         ] Deactivated worker 0, off threshold: 4689, current: 4608, refined cards: 768
[2.679s][debug][gc,refine         ] Activated worker 0, on threshold: 5201, current: 5376
[2.680s][debug][gc,refine         ] Deactivated worker 0, off threshold: 4689, current: 4608, refined cards: 768
[2.683s][debug][gc,refine         ] Activated worker 0, on threshold: 5201, current: 5376
[2.684s][debug][gc,refine         ] Deactivated worker 0, off threshold: 4689, current: 4608, refined cards: 768
[2.686s][debug][gc,refine         ] Activated worker 0, on threshold: 5201, current: 5376
[2.687s][debug][gc,refine         ] Deactivated worker 0, off threshold: 4689, current: 4608, refined cards: 768
[2.690s][debug][gc,refine         ] Activated worker 0, on threshold: 5201, current: 5376
[2.691s][debug][gc,refine         ] Deactivated worker 0, off threshold: 4689, current: 4608, refined cards: 768
[2.693s][debug][gc,refine         ] Activated worker 0, on threshold: 5201, current: 5376
[2.694s][debug][gc,refine         ] Deactivated worker 0, off threshold: 4689, current: 4608, refined cards: 768
[2.695s][debug][gc,refine         ] Activated worker 0, on threshold: 5201, current: 5376
[2.696s][debug][gc,refine         ] Deactivated worker 0, off threshold: 4689, current: 4608, refined cards: 768
[2.698s][debug][gc,refine         ] Activated worker 0, on threshold: 5201, current: 5376
[2.699s][debug][gc,refine         ] Deactivated worker 0, off threshold: 4689, current: 4608, refined cards: 768
[2.701s][debug][gc,refine         ] Activated worker 0, on threshold: 5201, current: 5376
[2.702s][debug][gc,refine         ] Deactivated worker 0, off threshold: 4689, current: 4608, refined cards: 1024
[2.704s][debug][gc,refine         ] Activated worker 0, on threshold: 5201, current: 5376
[2.704s][debug][gc,refine         ] Deactivated worker 0, off threshold: 4689, current: 4608, refined cards: 768
[2.706s][debug][gc,refine         ] Activated worker 0, on threshold: 5201, current: 5376
[2.707s][debug][gc,refine         ] Deactivated worker 0, off threshold: 4689, current: 4608, refined cards: 768
[2.708s][debug][gc,refine         ] Activated worker 0, on threshold: 5201, current: 5376
[2.709s][debug][gc,refine         ] Deactivated worker 0, off threshold: 4689, current: 4608, refined cards: 768
[2.710s][debug][gc,refine         ] Activated worker 0, on threshold: 5201, current: 5376
[2.711s][debug][gc,refine         ] Deactivated worker 0, off threshold: 4689, current: 4608, refined cards: 768
[2.714s][debug][gc,refine         ] Activated worker 0, on threshold: 5201, current: 5376
[2.715s][debug][gc,refine         ] Deactivated worker 0, off threshold: 4689, current: 4608, refined cards: 1024
[2.716s][debug][gc,refine         ] Activated worker 0, on threshold: 5201, current: 5376
[2.718s][debug][gc,refine         ] Deactivated worker 0, off threshold: 4689, current: 4608, refined cards: 1024
[2.719s][debug][gc,refine         ] Activated worker 0, on threshold: 5201, current: 5376
[2.720s][debug][gc,refine         ] Deactivated worker 0, off threshold: 4689, current: 4608, refined cards: 1024
[2.722s][info ][gc,marking        ] GC(16) Concurrent Rebuild Remembered Sets 162.082ms
[2.722s][info ][gc,start          ] GC(16) Pause Cleanup
[2.722s][debug][gc,phases,start   ] GC(16) Update Remembered Set Tracking After Rebuild
[2.722s][debug][gc,phases         ] GC(16) Update Remembered Set Tracking After Rebuild 0.033ms
[2.722s][debug][gc,phases,start   ] GC(16) Finalize Concurrent Mark Cleanup
[2.722s][debug][gc,ergo,cset      ] GC(16) Pruned 7 regions out of 7, leaving 6222752 bytes waste (allowed 26843545)
[2.722s][debug][gc,ergo           ] GC(16) request young-only gcs (candidate old regions not available)
[2.722s][debug][gc,mmu            ] GC(16) MMU: 39.0ms (200.0ms/201.0ms)
[2.722s][debug][gc,phases         ] GC(16) Finalize Concurrent Mark Cleanup 0.140ms
[2.722s][info ][gc                ] GC(16) Pause Cleanup 199M->199M(512M) 0.244ms
[2.722s][info ][gc,cpu            ] GC(16) User=0.00s Sys=0.00s Real=0.00s
[2.723s][info ][gc,marking        ] GC(16) Concurrent Cleanup for Next Mark
[2.723s][debug][gc,ergo           ] GC(16) Running G1 Clear Bitmap with 1 workers for 8 work units.
[2.723s][debug][gc,refine         ] Activated worker 0, on threshold: 5201, current: 5376
[2.725s][debug][gc,refine         ] Deactivated worker 0, off threshold: 4689, current: 4608, refined cards: 1024
[2.726s][info ][gc,marking        ] GC(16) Concurrent Cleanup for Next Mark 3.123ms
[2.726s][info ][gc                ] GC(16) Concurrent Mark Cycle 319.215ms
[2.727s][debug][gc,refine         ] Activated worker 0, on threshold: 5201, current: 5376
[2.727s][debug][gc,refine         ] Deactivated worker 0, off threshold: 4689, current: 4608, refined cards: 768
[2.729s][debug][gc,refine         ] Activated worker 0, on threshold: 5201, current: 5376
[2.729s][debug][gc,refine         ] Deactivated worker 0, off threshold: 4689, current: 4608, refined cards: 768
[2.731s][debug][gc,refine         ] Activated worker 0, on threshold: 5201, current: 5376
[2.732s][debug][gc,refine         ] Deactivated worker 0, off threshold: 4689, current: 4608, refined cards: 768
[2.733s][debug][gc,refine         ] Activated worker 0, on threshold: 5201, current: 5376
[2.734s][debug][gc,refine         ] Deactivated worker 0, off threshold: 4689, current: 4608, refined cards: 768
[2.735s][debug][gc,refine         ] Activated worker 0, on threshold: 5201, current: 5376
[2.736s][debug][gc,refine         ] Deactivated worker 0, off threshold: 4689, current: 4608, refined cards: 768
[2.737s][debug][gc,refine         ] Activated worker 0, on threshold: 5201, current: 5376
[2.738s][debug][gc,refine         ] Deactivated worker 0, off threshold: 4689, current: 4608, refined cards: 768
[2.739s][debug][gc,refine         ] Activated worker 0, on threshold: 5201, current: 5376
[2.740s][debug][gc,refine         ] Deactivated worker 0, off threshold: 4689, current: 4608, refined cards: 768
[2.741s][debug][gc,refine         ] Activated worker 0, on threshold: 5201, current: 5376
[2.742s][debug][gc,refine         ] Deactivated worker 0, off threshold: 4689, current: 4608, refined cards: 768
[2.743s][debug][gc,refine         ] Activated worker 0, on threshold: 5201, current: 5376
[2.744s][debug][gc,refine         ] Deactivated worker 0, off threshold: 4689, current: 4608, refined cards: 768
[2.745s][debug][gc,refine         ] Activated worker 0, on threshold: 5201, current: 5376
[2.746s][debug][gc,refine         ] Deactivated worker 0, off threshold: 4689, current: 4608, refined cards: 768
[2.747s][debug][gc,refine         ] Activated worker 0, on threshold: 5201, current: 5376
[2.748s][debug][gc,refine         ] Deactivated worker 0, off threshold: 4689, current: 4608, refined cards: 768
[2.749s][debug][gc,refine         ] Activated worker 0, on threshold: 5201, current: 5376
[2.750s][debug][gc,refine         ] Deactivated worker 0, off threshold: 4689, current: 4608, refined cards: 768
[2.751s][debug][gc,refine         ] Activated worker 0, on threshold: 5201, current: 5376
[2.752s][debug][gc,refine         ] Deactivated worker 0, off threshold: 4689, current: 4608, refined cards: 768
[2.753s][debug][gc,refine         ] Activated worker 0, on threshold: 5201, current: 5376
[2.754s][debug][gc,refine         ] Deactivated worker 0, off threshold: 4689, current: 4608, refined cards: 768
[2.755s][debug][gc,refine         ] Activated worker 0, on threshold: 5201, current: 5376
[2.756s][debug][gc,refine         ] Deactivated worker 0, off threshold: 4689, current: 4608, refined cards: 768
[2.757s][debug][gc,refine         ] Activated worker 0, on threshold: 5201, current: 5376
[2.758s][debug][gc,refine         ] Deactivated worker 0, off threshold: 4689, current: 4608, refined cards: 768
[2.759s][debug][gc,refine         ] Activated worker 0, on threshold: 5201, current: 5376
[2.760s][debug][gc,refine         ] Deactivated worker 0, off threshold: 4689, current: 4608, refined cards: 768
[2.761s][debug][gc,refine         ] Activated worker 0, on threshold: 5201, current: 5376
[2.762s][debug][gc,refine         ] Deactivated worker 0, off threshold: 4689, current: 4608, refined cards: 768
[2.763s][debug][gc,refine         ] Activated worker 0, on threshold: 5201, current: 5376
[2.764s][debug][gc,refine         ] Deactivated worker 0, off threshold: 4689, current: 4608, refined cards: 768
[2.765s][debug][gc,refine         ] Activated worker 0, on threshold: 5201, current: 5376
[2.766s][debug][gc,refine         ] Deactivated worker 0, off threshold: 4689, current: 4608, refined cards: 768
[2.767s][debug][gc,refine         ] Activated worker 0, on threshold: 5201, current: 5376
[2.768s][debug][gc,refine         ] Deactivated worker 0, off threshold: 4689, current: 4608, refined cards: 768
[2.770s][debug][gc,refine         ] Activated worker 0, on threshold: 5201, current: 5376
[2.770s][debug][gc,refine         ] Deactivated worker 0, off threshold: 4689, current: 4608, refined cards: 768
[2.772s][debug][gc,refine         ] Activated worker 0, on threshold: 5201, current: 5376
[2.773s][debug][gc,refine         ] Deactivated worker 0, off threshold: 4689, current: 4608, refined cards: 768
[2.774s][debug][gc,refine         ] Activated worker 0, on threshold: 5201, current: 5376
[2.775s][debug][gc,refine         ] Deactivated worker 0, off threshold: 4689, current: 4608, refined cards: 768
[2.776s][debug][gc,refine         ] Activated worker 0, on threshold: 5201, current: 5376
[2.777s][debug][gc,refine         ] Deactivated worker 0, off threshold: 4689, current: 4608, refined cards: 768
[2.779s][debug][gc,refine         ] Activated worker 0, on threshold: 5201, current: 5376
[2.780s][debug][gc,refine         ] Deactivated worker 0, off threshold: 4689, current: 4608, refined cards: 768
[2.782s][debug][gc,refine         ] Activated worker 0, on threshold: 5201, current: 5376
[2.783s][debug][gc,refine         ] Deactivated worker 0, off threshold: 4689, current: 4608, refined cards: 768
[2.784s][debug][gc,refine         ] Activated worker 0, on threshold: 5201, current: 5376
[2.785s][debug][gc,refine         ] Deactivated worker 0, off threshold: 4689, current: 4608, refined cards: 1024
[2.787s][debug][gc,refine         ] Activated worker 0, on threshold: 5201, current: 5376
[2.788s][debug][gc,refine         ] Deactivated worker 0, off threshold: 4689, current: 4608, refined cards: 768
[2.790s][debug][gc,refine         ] Activated worker 0, on threshold: 5201, current: 5376
[2.791s][debug][gc,refine         ] Deactivated worker 0, off threshold: 4689, current: 4608, refined cards: 1024
[2.793s][debug][gc,refine         ] Activated worker 0, on threshold: 5201, current: 5376
[2.794s][debug][gc,refine         ] Deactivated worker 0, off threshold: 4689, current: 4608, refined cards: 768
[2.799s][debug][gc,refine         ] Activated worker 0, on threshold: 5201, current: 5376
[2.800s][debug][gc,refine         ] Deactivated worker 0, off threshold: 4689, current: 4608, refined cards: 768
[2.802s][debug][gc,refine         ] Activated worker 0, on threshold: 5201, current: 5376
[2.803s][debug][gc,refine         ] Deactivated worker 0, off threshold: 4689, current: 4608, refined cards: 768
[2.804s][debug][gc,refine         ] Activated worker 0, on threshold: 5201, current: 5376
[2.805s][debug][gc,refine         ] Deactivated worker 0, off threshold: 4689, current: 4608, refined cards: 768
[2.807s][debug][gc,refine         ] Activated worker 0, on threshold: 5201, current: 5376
[2.807s][debug][gc,refine         ] Deactivated worker 0, off threshold: 4689, current: 4608, refined cards: 768
[2.809s][debug][gc,refine         ] Activated worker 0, on threshold: 5201, current: 5376
[2.810s][debug][gc,refine         ] Deactivated worker 0, off threshold: 4689, current: 4608, refined cards: 768
[2.812s][debug][gc,refine         ] Activated worker 0, on threshold: 5201, current: 5376
[2.812s][debug][gc,refine         ] Deactivated worker 0, off threshold: 4689, current: 4608, refined cards: 768
[2.815s][debug][gc,refine         ] Activated worker 0, on threshold: 5201, current: 5376
[2.816s][debug][gc,refine         ] Deactivated worker 0, off threshold: 4689, current: 4608, refined cards: 768
[2.818s][debug][gc,refine         ] Activated worker 0, on threshold: 5201, current: 5376
[2.819s][debug][gc,refine         ] Deactivated worker 0, off threshold: 4689, current: 4608, refined cards: 768
[2.820s][debug][gc,refine         ] Activated worker 0, on threshold: 5201, current: 5376
[2.821s][debug][gc,refine         ] Deactivated worker 0, off threshold: 4689, current: 4608, refined cards: 768
[2.823s][debug][gc,refine         ] Activated worker 0, on threshold: 5201, current: 5376
[2.824s][debug][gc,refine         ] Deactivated worker 0, off threshold: 4689, current: 4608, refined cards: 1024
[2.824s][debug][gc,task,start     ] G1 Service Thread (Remembered Set Sampling Task) (run)
[2.825s][debug][gc,task           ] G1 Service Thread (Remembered Set Sampling Task) (run) 0.049ms (cpu: 0.000ms)
[2.827s][debug][gc,refine         ] Activated worker 0, on threshold: 5201, current: 5376
[2.828s][debug][gc,refine         ] Deactivated worker 0, off threshold: 4689, current: 4608, refined cards: 768
[2.831s][debug][gc,refine         ] Activated worker 0, on threshold: 5201, current: 5376
[2.832s][debug][gc,refine         ] Deactivated worker 0, off threshold: 4689, current: 4608, refined cards: 768
[2.834s][debug][gc,refine         ] Activated worker 0, on threshold: 5201, current: 5376
[2.835s][debug][gc,refine         ] Deactivated worker 0, off threshold: 4689, current: 4608, refined cards: 768
[2.838s][debug][gc,refine         ] Activated worker 0, on threshold: 5201, current: 5376
[2.838s][debug][gc,refine         ] Deactivated worker 0, off threshold: 4689, current: 4608, refined cards: 768
[2.841s][debug][gc,refine         ] Activated worker 0, on threshold: 5201, current: 5376
[2.842s][debug][gc,refine         ] Deactivated worker 0, off threshold: 4689, current: 4608, refined cards: 768
[2.845s][debug][gc,refine         ] Activated worker 0, on threshold: 5201, current: 5376
[2.846s][debug][gc,refine         ] Deactivated worker 0, off threshold: 4689, current: 4608, refined cards: 768
[2.849s][debug][gc,refine         ] Activated worker 0, on threshold: 5201, current: 5376
[2.849s][debug][gc,refine         ] Deactivated worker 0, off threshold: 4689, current: 4608, refined cards: 768
[2.852s][debug][gc,refine         ] Activated worker 0, on threshold: 5201, current: 5376
[2.853s][debug][gc,refine         ] Deactivated worker 0, off threshold: 4689, current: 4608, refined cards: 768
[2.855s][debug][gc,refine         ] Activated worker 0, on threshold: 5201, current: 5376
[2.856s][debug][gc,refine         ] Deactivated worker 0, off threshold: 4689, current: 4608, refined cards: 768
[2.859s][debug][gc,refine         ] Activated worker 0, on threshold: 5201, current: 5376
[2.860s][debug][gc,refine         ] Deactivated worker 0, off threshold: 4689, current: 4608, refined cards: 768
[2.862s][debug][gc,refine         ] Activated worker 0, on threshold: 5201, current: 5376
[2.863s][debug][gc,refine         ] Deactivated worker 0, off threshold: 4689, current: 4608, refined cards: 768
[2.865s][debug][gc,refine         ] Activated worker 0, on threshold: 5201, current: 5376
[2.866s][debug][gc,refine         ] Deactivated worker 0, off threshold: 4689, current: 4608, refined cards: 768
[2.868s][debug][gc,refine         ] Activated worker 0, on threshold: 5201, current: 5376
[2.869s][debug][gc,refine         ] Deactivated worker 0, off threshold: 4689, current: 4608, refined cards: 768
[2.872s][debug][gc,refine         ] Activated worker 0, on threshold: 5201, current: 5376
[2.873s][debug][gc,refine         ] Deactivated worker 0, off threshold: 4689, current: 4608, refined cards: 768
[2.874s][debug][gc,refine         ] Activated worker 0, on threshold: 5201, current: 5376
[2.876s][debug][gc,refine         ] Deactivated worker 0, off threshold: 4689, current: 4608, refined cards: 1024
[2.877s][debug][gc,refine         ] Activated worker 0, on threshold: 5201, current: 5376
[2.878s][debug][gc,refine         ] Deactivated worker 0, off threshold: 4689, current: 4608, refined cards: 768
[2.880s][debug][gc,refine         ] Activated worker 0, on threshold: 5201, current: 5376
[2.881s][debug][gc,heap           ] GC(19) Heap before GC invocations=19 (full 0):
[2.881s][debug][gc,heap           ] GC(19)  garbage-first heap   total 524288K, used 296448K [0x00000000e0000000, 0x0000000100000000)
[2.881s][debug][gc,heap           ] GC(19)   region size 1024K, 148 young (151552K), 4 survivors (4096K)
[2.881s][debug][gc,heap           ] GC(19)  Metaspace       used 493K, committed 640K, reserved 1056768K
[2.881s][debug][gc,heap           ] GC(19)   class space    used 37K, committed 128K, reserved 1048576K
[2.881s][info ][gc,start          ] GC(19) Pause Young (Normal) (G1 Evacuation Pause)
[2.882s][info ][gc,task           ] GC(19) Using 4 workers of 4 for evacuation
[2.882s][debug][gc,tlab           ] GC(19) TLAB totals: thrds: 1  refills: 432 max: 432 slow allocs: 0 max 0 waste:  0.2% gc: 0B max: 0B slow: 248840B max: 248840B
[2.882s][debug][gc,age            ] GC(19) Desired survivor size 9961472 bytes, new threshold 15 (max threshold 15)
[2.882s][debug][gc,refine,stats   ] GC(19) Mutator refinement: 0.00ms, refined: 0, precleaned: 0, dirtied: 73608
[2.882s][debug][gc,refine,stats   ] GC(19) Concurrent refinement: 67.96ms, refined: 71111, precleaned: 1024, dirtied: 0
[2.882s][debug][gc,refine,stats   ] GC(19) Total refinement: 67.96ms, refined: 71111, precleaned: 1024, dirtied: 73608
[2.882s][debug][gc,refine,stats   ] GC(19) Concurrent refinement rate: 1046.41 cards/ms
[2.882s][debug][gc,refine,stats   ] GC(19) Generate dirty cards rate: 273.33 cards/ms
[2.882s][debug][gc,alloc,region   ] GC(19) Mutator Allocation stats, regions: 144, wasted size: 0B ( 0.0%)
[2.882s][debug][gc,humongous      ] GC(19) Humongous region 155 (object size 36920416 @ 0x00000000e9b00000) remset 1 code roots 0 marked 0 reclaim candidate 0 type array 0
[2.882s][debug][gc,ergo           ] GC(19) Running G1 Merge Heap Roots using 4 workers for 148 regions
[2.882s][debug][gc,remset         ] GC(19) Visited cards 45824 Total dirty 47104 (97.28%) Total old 897024 (5.11%)
[2.915s][debug][gc,task,start     ] G1 Service Thread (Remembered Set Sampling Task) (run)
[2.934s][debug][gc,ref            ] GC(19) Skipped phase 1 of Reference Processing: no references
[2.934s][debug][gc,ref            ] GC(19) Skipped phase 2 of Reference Processing: no references
[2.934s][debug][gc,ref            ] GC(19) Skipped phase 3 of Reference Processing: no references
[2.934s][debug][gc,ref            ] GC(19) Skipped phase 4 of Reference Processing: no references
[2.934s][debug][gc,ergo           ] GC(19) Running G1 Rebuild Free List Task using 4 workers for rebuilding free list of regions
[2.934s][debug][gc,plab           ] GC(19) Young PLAB allocation: allocated: 19922944B, wasted: 1520B, unused: 0B, used: 19921424B, undo waste: 0B, 
[2.934s][debug][gc,plab           ] GC(19) Young other allocation: region end waste: 0B, regions filled: 19, direct allocated: 0B, failure used: 0B, failure wasted: 0B
[2.934s][debug][gc,plab           ] GC(19) Young sizing: calculated: 3984280B, actual: 3240544B
[2.934s][debug][gc,plab           ] GC(19) Old PLAB allocation: allocated: 24641536B, wasted: 688B, unused: 1117856B, used: 23522992B, undo waste: 0B, 
[2.934s][debug][gc,plab           ] GC(19) Old other allocation: region end waste: 0B, regions filled: 24, direct allocated: 0B, failure used: 0B, failure wasted: 0B
[2.934s][debug][gc,plab           ] GC(19) Old sizing: calculated: 4704592B, actual: 5005128B
[2.934s][debug][gc,ergo,heap      ] GC(19) Heap expansion: short term pause time ratio 0.15% long term pause time ratio 31.16% threshold 7.69% pause time ratio 7.69% fully expanded true resize by 0B
[2.934s][debug][gc,mmu            ] GC(19) MMU: 52.8ms (200.0ms/201.0ms)
[2.934s][debug][gc,alloc,stats    ] Old generation allocation in the last mutator period, old gen allocated: 24641536B, humongous allocated: 0B,old gen growth: 24641536B.
[2.934s][debug][gc,ihop           ] GC(19) Basic information (value update), threshold: 241591910B (45.00), target occupancy: 536870912B, current occupancy: 192937984B, recent allocation size: 24641536B, recent allocation duration: 269.30ms, recent old gen allocation rate: 91501598.39B/s, recent marking phase length: 513.50ms
[2.935s][debug][gc,ihop           ] GC(19) Adaptive IHOP information (value update), threshold: 241591910B (52.94), internal target occupancy: 456340275B, occupancy: 192937984B, additional buffer size: 149946368B, predicted old gen allocation rate: 374356788.13B/s, predicted marking phase length: 1026.99ms, prediction active: false
[2.935s][debug][gc,ergo,refine    ] GC(19) Concurrent refinement times: Logged Cards Scan time goal: 20.00ms Logged Cards Scan time: 1.11ms HCC time: 0.00ms
[2.935s][debug][gc,ergo,refine    ] GC(19) Updated Refinement Zones: green: 5157, yellow: 15471, red: 25785
[2.935s][info ][gc,phases         ] GC(19)   Pre Evacuate Collection Set: 0.1ms
[2.935s][debug][gc,phases         ] GC(19)     Prepare TLABs: 0.0ms
[2.935s][debug][gc,phases         ] GC(19)     Concatenate Dirty Card Logs: 0.0ms
[2.935s][debug][gc,phases         ] GC(19)     Choose Collection Set: 0.0ms
[2.935s][debug][gc,phases         ] GC(19)     Region Register: 0.1ms
[2.935s][debug][gc,phases         ] GC(19)     Prepare Heap Roots: 0.0ms
[2.935s][info ][gc,phases         ] GC(19)   Merge Heap Roots: 0.3ms
[2.935s][debug][gc,phases         ] GC(19)     Prepare Merge Heap Roots: 0.0ms
[2.935s][debug][gc,phases         ] GC(19)     Eager Reclaim (ms):            skipped
[2.935s][debug][gc,phases         ] GC(19)     Remembered Sets (ms):          Min:  0.1, Avg:  0.1, Max:  0.1, Diff:  0.0, Sum:  0.6, Workers: 4
[2.935s][debug][gc,phases         ] GC(19)       Merged Sparse:                 Min: 0, Avg:  0.0, Max: 0, Diff: 0, Sum: 0, Workers: 4
[2.935s][debug][gc,phases         ] GC(19)       Merged Fine:                   Min: 30, Avg: 37.8, Max: 47, Diff: 17, Sum: 151, Workers: 4
[2.935s][debug][gc,phases         ] GC(19)       Merged Coarse:                 Min: 0, Avg:  0.0, Max: 0, Diff: 0, Sum: 0, Workers: 4
[2.935s][debug][gc,phases         ] GC(19)       Dirty Cards:                   Min: 4309, Avg: 10007.8, Max: 15026, Diff: 10717, Sum: 40031, Workers: 4
[2.935s][debug][gc,phases         ] GC(19)     Hot Card Cache (ms):           Min:  0.0, Avg:  0.0, Max:  0.0, Diff:  0.0, Sum:  0.0, Workers: 4
[2.935s][debug][gc,phases         ] GC(19)       Dirty Cards:                   Min: 184, Avg: 248.0, Max: 344, Diff: 160, Sum: 992, Workers: 4
[2.935s][debug][gc,phases         ] GC(19)       Skipped Cards:                 Min: 0, Avg:  0.0, Max: 0, Diff: 0, Sum: 0, Workers: 4
[2.935s][debug][gc,phases         ] GC(19)     Log Buffers (ms):              Min:  0.0, Avg:  0.0, Max:  0.0, Diff:  0.0, Sum:  0.1, Workers: 4
[2.935s][debug][gc,phases         ] GC(19)       Dirty Cards:                   Min: 1076, Avg: 1193.0, Max: 1272, Diff: 196, Sum: 4772, Workers: 4
[2.935s][debug][gc,phases         ] GC(19)       Skipped Cards:                 Min: 0, Avg:  0.0, Max: 0, Diff: 0, Sum: 0, Workers: 4
[2.935s][info ][gc,phases         ] GC(19)   Evacuate Collection Set: 51.5ms
[2.935s][debug][gc,phases         ] GC(19)     Ext Root Scanning (ms):        Min:  0.0, Avg:  0.0, Max:  0.0, Diff:  0.0, Sum:  0.1, Workers: 4
[2.935s][debug][gc,phases         ] GC(19)     Scan Heap Roots (ms):          Min:  9.2, Avg: 10.5, Max: 12.9, Diff:  3.7, Sum: 42.0, Workers: 4
[2.935s][debug][gc,phases         ] GC(19)       Scanned Cards:                 Min: 7936, Avg: 11440.3, Max: 16384, Diff: 8448, Sum: 45761, Workers: 4
[2.935s][debug][gc,phases         ] GC(19)       Scanned Blocks:                Min: 31, Avg: 44.8, Max: 64, Diff: 33, Sum: 179, Workers: 4
[2.935s][debug][gc,phases         ] GC(19)       Claimed Chunks:                Min: 31, Avg: 44.8, Max: 64, Diff: 33, Sum: 179, Workers: 4
[2.935s][debug][gc,phases         ] GC(19)     Code Root Scan (ms):           Min:  0.0, Avg:  0.0, Max:  0.0, Diff:  0.0, Sum:  0.0, Workers: 4
[2.935s][debug][gc,phases         ] GC(19)     Object Copy (ms):              Min: 38.5, Avg: 40.9, Max: 42.2, Diff:  3.7, Sum: 163.6, Workers: 4
[2.936s][debug][gc,phases         ] GC(19)     Termination (ms):              Min:  0.0, Avg:  0.0, Max:  0.0, Diff:  0.0, Sum:  0.1, Workers: 4
[2.936s][debug][gc,phases         ] GC(19)       Termination Attempts:          Min: 1, Avg:  2.5, Max: 6, Diff: 5, Sum: 10, Workers: 4
[2.936s][debug][gc,phases         ] GC(19)     GC Worker Other (ms):          Min:  0.0, Avg:  0.0, Max:  0.0, Diff:  0.0, Sum:  0.1, Workers: 4
[2.936s][debug][gc,phases         ] GC(19)     GC Worker Total (ms):          Min: 51.5, Avg: 51.5, Max: 51.5, Diff:  0.0, Sum: 205.9, Workers: 4
[2.936s][info ][gc,phases         ] GC(19)   Post Evacuate Collection Set: 0.5ms
[2.936s][debug][gc,phases         ] GC(19)     Code Roots Fixup: 0.0ms
[2.936s][debug][gc,phases         ] GC(19)     Reference Processing: 0.2ms
[2.936s][debug][gc,phases,ref     ] GC(19)       Reconsider SoftReferences: 0.1ms
[2.936s][debug][gc,phases,ref     ] GC(19)         SoftRef (ms):                  skipped
[2.936s][debug][gc,phases,ref     ] GC(19)       Notify Soft/WeakReferences: 0.0ms
[2.936s][debug][gc,phases,ref     ] GC(19)         SoftRef (ms):                  skipped
[2.936s][debug][gc,phases,ref     ] GC(19)         WeakRef (ms):                  skipped
[2.936s][debug][gc,phases,ref     ] GC(19)         FinalRef (ms):                 skipped
[2.936s][debug][gc,phases,ref     ] GC(19)         Total (ms):                    skipped
[2.936s][debug][gc,phases,ref     ] GC(19)       Notify and keep alive finalizable: 0.0ms
[2.936s][debug][gc,phases,ref     ] GC(19)         FinalRef (ms):                 skipped
[2.936s][debug][gc,phases,ref     ] GC(19)       Notify PhantomReferences: 0.0ms
[2.936s][debug][gc,phases,ref     ] GC(19)         PhantomRef (ms):               skipped
[2.936s][debug][gc,phases,ref     ] GC(19)       SoftReference:
[2.936s][debug][gc,phases,ref     ] GC(19)         Discovered: 0
[2.936s][debug][gc,phases,ref     ] GC(19)         Cleared: 0
[2.936s][debug][gc,phases,ref     ] GC(19)       WeakReference:
[2.936s][debug][gc,phases,ref     ] GC(19)         Discovered: 0
[2.936s][debug][gc,phases,ref     ] GC(19)         Cleared: 0
[2.936s][debug][gc,phases,ref     ] GC(19)       FinalReference:
[2.936s][debug][gc,phases,ref     ] GC(19)         Discovered: 0
[2.936s][debug][gc,phases,ref     ] GC(19)         Cleared: 0
[2.936s][debug][gc,phases,ref     ] GC(19)       PhantomReference:
[2.936s][debug][gc,phases,ref     ] GC(19)         Discovered: 0
[2.936s][debug][gc,phases,ref     ] GC(19)         Cleared: 0
[2.936s][debug][gc,phases         ] GC(19)     Weak Processing: 0.0ms
[2.936s][debug][gc,phases         ] GC(19)       VM Weak                        Min:  0.0, Avg:  0.0, Max:  0.0, Diff:  0.0, Sum:  0.0, Workers: 3
[2.936s][debug][gc,phases         ] GC(19)         Dead                           Min: 0, Avg:  0.0, Max: 0, Diff: 0, Sum: 0, Workers: 3
[2.936s][debug][gc,phases         ] GC(19)         Total                          Min: 0, Avg:  4.7, Max: 14, Diff: 14, Sum: 14, Workers: 3
[2.937s][debug][gc,phases         ] GC(19)       ObjectSynchronizer Weak        Min:  0.0, Avg:  0.0, Max:  0.0, Diff:  0.0, Sum:  0.0, Workers: 3
[2.937s][debug][gc,phases         ] GC(19)         Dead                           Min: 0, Avg:  0.0, Max: 0, Diff: 0, Sum: 0, Workers: 3
[2.937s][debug][gc,phases         ] GC(19)         Total                          Min: 0, Avg:  1.0, Max: 3, Diff: 3, Sum: 3, Workers: 3
[2.937s][debug][gc,phases         ] GC(19)       JVMTI Tag Weak OopStorage      Min:  0.0, Avg:  0.0, Max:  0.0, Diff:  0.0, Sum:  0.0, Workers: 3
[2.937s][debug][gc,phases         ] GC(19)         Dead                           Min: 0, Avg:  0.0, Max: 0, Diff: 0, Sum: 0, Workers: 3
[2.937s][debug][gc,phases         ] GC(19)         Total                          Min: 0, Avg:  0.0, Max: 0, Diff: 0, Sum: 0, Workers: 3
[2.937s][debug][gc,phases         ] GC(19)       StringTable Weak               Min:  0.0, Avg:  0.0, Max:  0.0, Diff:  0.0, Sum:  0.0, Workers: 3
[2.937s][debug][gc,phases         ] GC(19)         Dead                           Min: 0, Avg:  0.0, Max: 0, Diff: 0, Sum: 0, Workers: 3
[2.937s][debug][gc,phases         ] GC(19)         Total                          Min: 704, Avg: 821.3, Max: 928, Diff: 224, Sum: 2464, Workers: 3
[2.937s][debug][gc,phases         ] GC(19)       ResolvedMethodTable Weak       Min:  0.0, Avg:  0.0, Max:  0.0, Diff:  0.0, Sum:  0.0, Workers: 3
[2.937s][debug][gc,phases         ] GC(19)         Dead                           Min: 0, Avg:  0.0, Max: 0, Diff: 0, Sum: 0, Workers: 3
[2.937s][debug][gc,phases         ] GC(19)         Total                          Min: 9, Avg: 45.7, Max: 64, Diff: 55, Sum: 137, Workers: 3
[2.937s][debug][gc,phases         ] GC(19)       JNI Weak                       Min:  0.0, Avg:  0.0, Max:  0.0, Diff:  0.0, Sum:  0.0, Workers: 3
[2.937s][debug][gc,phases         ] GC(19)         Dead                           Min: 0, Avg:  0.0, Max: 0, Diff: 0, Sum: 0, Workers: 3
[2.937s][debug][gc,phases         ] GC(19)         Total                          Min: 0, Avg:  0.0, Max: 0, Diff: 0, Sum: 0, Workers: 3
[2.937s][debug][gc,phases         ] GC(19)       StringDedup Table Weak         Min:  0.0, Avg:  0.0, Max:  0.0, Diff:  0.0, Sum:  0.0, Workers: 3
[2.937s][debug][gc,phases         ] GC(19)         Dead                           Min: 0, Avg:  0.0, Max: 0, Diff: 0, Sum: 0, Workers: 3
[2.937s][debug][gc,phases         ] GC(19)         Total                          Min: 0, Avg:  0.0, Max: 0, Diff: 0, Sum: 0, Workers: 3
[2.937s][debug][gc,phases         ] GC(19)       StringDedup Requests0 Weak     Min:  0.0, Avg:  0.0, Max:  0.0, Diff:  0.0, Sum:  0.0, Workers: 3
[2.937s][debug][gc,phases         ] GC(19)         Dead                           Min: 0, Avg:  0.0, Max: 0, Diff: 0, Sum: 0, Workers: 3
[2.937s][debug][gc,phases         ] GC(19)         Total                          Min: 0, Avg:  0.0, Max: 0, Diff: 0, Sum: 0, Workers: 3
[2.937s][debug][gc,phases         ] GC(19)       StringDedup Requests1 Weak     Min:  0.0, Avg:  0.0, Max:  0.0, Diff:  0.0, Sum:  0.0, Workers: 3
[2.937s][debug][gc,phases         ] GC(19)         Dead                           Min: 0, Avg:  0.0, Max: 0, Diff: 0, Sum: 0, Workers: 3
[2.937s][debug][gc,phases         ] GC(19)         Total                          Min: 0, Avg:  0.0, Max: 0, Diff: 0, Sum: 0, Workers: 3
[2.937s][debug][gc,phases         ] GC(19)       Weak JFR Old Object Samples    Min:  0.0, Avg:  0.0, Max:  0.0, Diff:  0.0, Sum:  0.0, Workers: 3
[2.937s][debug][gc,phases         ] GC(19)         Dead                           Min: 0, Avg:  0.0, Max: 0, Diff: 0, Sum: 0, Workers: 3
[2.937s][debug][gc,phases         ] GC(19)         Total                          Min: 0, Avg:  0.0, Max: 0, Diff: 0, Sum: 0, Workers: 3
[2.937s][debug][gc,phases         ] GC(19)     Post Evacuate Cleanup 1: 0.1ms
[2.937s][debug][gc,phases         ] GC(19)       Merge Per-Thread State (ms):   Min:  0.0, Avg:  0.0, Max:  0.0, Diff:  0.0, Sum:  0.0, Workers: 1
[2.937s][debug][gc,phases         ] GC(19)         Copied Bytes                   Min: 10055216, Avg: 10861104.0, Max: 11849040, Diff: 1793824, Sum: 43444416, Workers: 4
[2.937s][debug][gc,phases         ] GC(19)         LAB Waste                      Min: 512, Avg: 552.0, Max: 640, Diff: 128, Sum: 2208, Workers: 4
[2.937s][debug][gc,phases         ] GC(19)         LAB Undo Waste                 Min: 0, Avg:  0.0, Max: 0, Diff: 0, Sum: 0, Workers: 4
[2.937s][debug][gc,phases         ] GC(19)       Clear Logged Cards (ms):       Min:  0.0, Avg:  0.0, Max:  0.0, Diff:  0.0, Sum:  0.0, Workers: 3
[2.938s][debug][gc,phases         ] GC(19)       Recalculate Used Memory (ms):  Min:  0.0, Avg:  0.0, Max:  0.0, Diff:  0.0, Sum:  0.0, Workers: 1
[2.938s][debug][gc,phases         ] GC(19)     Post Evacuate Cleanup 2: 0.1ms
[2.938s][debug][gc,phases         ] GC(19)       Reset Hot Card Cache (ms):     Min:  0.0, Avg:  0.0, Max:  0.0, Diff:  0.0, Sum:  0.0, Workers: 1
[2.938s][debug][gc,phases         ] GC(19)       Purge Code Roots (ms):         Min:  0.0, Avg:  0.0, Max:  0.0, Diff:  0.0, Sum:  0.0, Workers: 1
[2.938s][debug][gc,phases         ] GC(19)       Update Derived Pointers (ms):  Min:  0.0, Avg:  0.0, Max:  0.0, Diff:  0.0, Sum:  0.0, Workers: 1
[2.938s][debug][gc,phases         ] GC(19)       Eagerly Reclaim Humongous Objects (ms): Min:  0.0, Avg:  0.0, Max:  0.0, Diff:  0.0, Sum:  0.0, Workers: 1
[2.938s][debug][gc,phases         ] GC(19)         Humongous Total                Min: 1, Avg:  1.0, Max: 1, Diff: 0, Sum: 1, Workers: 1
[2.938s][debug][gc,phases         ] GC(19)         Humongous Candidates           Min: 0, Avg:  0.0, Max: 0, Diff: 0, Sum: 0, Workers: 1
[2.938s][debug][gc,phases         ] GC(19)         Humongous Reclaimed            Min: 0, Avg:  0.0, Max: 0, Diff: 0, Sum: 0, Workers: 1
[2.938s][debug][gc,phases         ] GC(19)       Redirty Logged Cards (ms):     Min:  0.0, Avg:  0.0, Max:  0.0, Diff:  0.0, Sum:  0.1, Workers: 4
[2.938s][debug][gc,phases         ] GC(19)         Redirtied Cards:               Min: 1024, Avg: 2433.0, Max: 3387, Diff: 2363, Sum: 9732, Workers: 4
[2.938s][debug][gc,phases         ] GC(19)       Free Collection Set (ms):      Min:  0.0, Avg:  0.0, Max:  0.0, Diff:  0.0, Sum:  0.1, Workers: 4
[2.938s][debug][gc,phases         ] GC(19)     Rebuild Free List: 0.1ms
[2.938s][debug][gc,phases         ] GC(19)     Start New Collection Set: 0.0ms
[2.938s][debug][gc,phases         ] GC(19)     Resize TLABs: 0.0ms
[2.938s][debug][gc,phases         ] GC(19)     Expand Heap After Collection: 0.0ms
[2.938s][info ][gc,phases         ] GC(19)   Other: 1.0ms
[2.938s][info ][gc,heap           ] GC(19) Eden regions: 144->0(124)
[2.938s][info ][gc,heap           ] GC(19) Survivor regions: 4->19(19)
[2.938s][info ][gc,heap           ] GC(19) Old regions: 106->129
[2.938s][info ][gc,heap           ] GC(19) Archive regions: 0->0
[2.938s][info ][gc,heap           ] GC(19) Humongous regions: 36->36
[2.938s][info ][gc,metaspace      ] GC(19) Metaspace: 493K(640K)->493K(640K) NonClass: 455K(512K)->455K(512K) Class: 37K(128K)->37K(128K)
[2.938s][debug][gc,heap           ] GC(19) Heap after GC invocations=20 (full 0):
[2.938s][debug][gc,heap           ] GC(19)  garbage-first heap   total 524288K, used 188416K [0x00000000e0000000, 0x0000000100000000)
[2.938s][debug][gc,heap           ] GC(19)   region size 1024K, 19 young (19456K), 19 survivors (19456K)
[2.938s][debug][gc,heap           ] GC(19)  Metaspace       used 493K, committed 640K, reserved 1056768K
[2.938s][debug][gc,heap           ] GC(19)   class space    used 37K, committed 128K, reserved 1048576K
[2.938s][info ][gc                ] GC(19) Pause Young (Normal) (G1 Evacuation Pause) 289M->184M(512M) 56.895ms
[2.938s][info ][gc,cpu            ] GC(19) User=0.19s Sys=0.00s Real=0.06s
[2.939s][debug][gc,task           ] G1 Service Thread (Remembered Set Sampling Task) (run) 23.954ms (cpu: 0.000ms)
[2.945s][debug][gc,refine         ] Deactivated worker 0, off threshold: 5157, current: 4911, refined cards: 6809
[2.946s][debug][gc,refine         ] Activated worker 0, on threshold: 5669, current: 5679
[2.947s][debug][gc,refine         ] Deactivated worker 0, off threshold: 5157, current: 4911, refined cards: 768
[2.948s][debug][gc,refine         ] Activated worker 0, on threshold: 5669, current: 5679
[2.949s][debug][gc,refine         ] Deactivated worker 0, off threshold: 5157, current: 5120, refined cards: 559
[2.950s][debug][gc,refine         ] Activated worker 0, on threshold: 5669, current: 5888
[2.951s][debug][gc,refine         ] Deactivated worker 0, off threshold: 5157, current: 5120, refined cards: 768
[2.953s][debug][gc,refine         ] Activated worker 0, on threshold: 5669, current: 5888
[2.954s][debug][gc,refine         ] Deactivated worker 0, off threshold: 5157, current: 5120, refined cards: 768
[2.955s][debug][gc,refine         ] Activated worker 0, on threshold: 5669, current: 5888
[2.956s][debug][gc,refine         ] Deactivated worker 0, off threshold: 5157, current: 5120, refined cards: 768
[2.957s][debug][gc,refine         ] Activated worker 0, on threshold: 5669, current: 5888
[2.958s][debug][gc,refine         ] Deactivated worker 0, off threshold: 5157, current: 5120, refined cards: 768
[2.959s][debug][gc,refine         ] Activated worker 0, on threshold: 5669, current: 5888
[2.960s][debug][gc,refine         ] Deactivated worker 0, off threshold: 5157, current: 5120, refined cards: 1024
[2.962s][debug][gc,refine         ] Activated worker 0, on threshold: 5669, current: 5888
[2.963s][debug][gc,refine         ] Deactivated worker 0, off threshold: 5157, current: 5120, refined cards: 768
[2.964s][debug][gc,refine         ] Activated worker 0, on threshold: 5669, current: 5888
[2.965s][debug][gc,refine         ] Deactivated worker 0, off threshold: 5157, current: 5120, refined cards: 768
[2.966s][debug][gc,refine         ] Activated worker 0, on threshold: 5669, current: 5888
[2.967s][debug][gc,refine         ] Deactivated worker 0, off threshold: 5157, current: 5120, refined cards: 768
[2.968s][debug][gc,refine         ] Activated worker 0, on threshold: 5669, current: 5888
[2.969s][debug][gc,refine         ] Deactivated worker 0, off threshold: 5157, current: 5120, refined cards: 768
[2.970s][debug][gc,refine         ] Activated worker 0, on threshold: 5669, current: 5888
[2.971s][debug][gc,refine         ] Deactivated worker 0, off threshold: 5157, current: 5120, refined cards: 768
[2.973s][debug][gc,refine         ] Activated worker 0, on threshold: 5669, current: 5888
[2.973s][debug][gc,refine         ] Deactivated worker 0, off threshold: 5157, current: 5120, refined cards: 768
[2.975s][debug][gc,refine         ] Activated worker 0, on threshold: 5669, current: 5888
[2.975s][debug][gc,refine         ] Deactivated worker 0, off threshold: 5157, current: 5120, refined cards: 768
[2.977s][debug][gc,refine         ] Activated worker 0, on threshold: 5669, current: 5888
[2.977s][debug][gc,refine         ] Deactivated worker 0, off threshold: 5157, current: 5120, refined cards: 768
[2.979s][debug][gc,refine         ] Activated worker 0, on threshold: 5669, current: 5888
[2.980s][debug][gc,refine         ] Deactivated worker 0, off threshold: 5157, current: 5120, refined cards: 768
[2.981s][debug][gc,refine         ] Activated worker 0, on threshold: 5669, current: 5888
[2.982s][debug][gc,refine         ] Deactivated worker 0, off threshold: 5157, current: 5120, refined cards: 768
[2.983s][debug][gc,refine         ] Activated worker 0, on threshold: 5669, current: 5888
[2.984s][debug][gc,refine         ] Deactivated worker 0, off threshold: 5157, current: 5120, refined cards: 768
[2.985s][debug][gc,refine         ] Activated worker 0, on threshold: 5669, current: 5888
[2.986s][debug][gc,refine         ] Deactivated worker 0, off threshold: 5157, current: 5120, refined cards: 768
[2.987s][debug][gc,refine         ] Activated worker 0, on threshold: 5669, current: 5888
[2.988s][debug][gc,refine         ] Deactivated worker 0, off threshold: 5157, current: 5120, refined cards: 768
[2.989s][debug][gc,refine         ] Activated worker 0, on threshold: 5669, current: 5888
[2.990s][debug][gc,refine         ] Deactivated worker 0, off threshold: 5157, current: 5120, refined cards: 768
[2.992s][debug][gc,refine         ] Activated worker 0, on threshold: 5669, current: 5888
[2.992s][debug][gc,refine         ] Deactivated worker 0, off threshold: 5157, current: 5120, refined cards: 768
[2.994s][debug][gc,refine         ] Activated worker 0, on threshold: 5669, current: 5888
[2.994s][debug][gc,refine         ] Deactivated worker 0, off threshold: 5157, current: 5120, refined cards: 768
[2.996s][debug][gc,refine         ] Activated worker 0, on threshold: 5669, current: 5888
[2.996s][debug][gc,refine         ] Deactivated worker 0, off threshold: 5157, current: 5120, refined cards: 768
[2.998s][debug][gc,refine         ] Activated worker 0, on threshold: 5669, current: 5888
[2.998s][debug][gc,refine         ] Deactivated worker 0, off threshold: 5157, current: 5120, refined cards: 768
[3.000s][debug][gc,refine         ] Activated worker 0, on threshold: 5669, current: 5888
[3.000s][debug][gc,refine         ] Deactivated worker 0, off threshold: 5157, current: 5120, refined cards: 768
[3.002s][debug][gc,refine         ] Activated worker 0, on threshold: 5669, current: 5888
[3.003s][debug][gc,refine         ] Deactivated worker 0, off threshold: 5157, current: 5120, refined cards: 768
[3.004s][debug][gc,refine         ] Activated worker 0, on threshold: 5669, current: 5888
[3.005s][debug][gc,refine         ] Deactivated worker 0, off threshold: 5157, current: 5120, refined cards: 768
[3.006s][debug][gc,refine         ] Activated worker 0, on threshold: 5669, current: 5888
[3.007s][debug][gc,refine         ] Deactivated worker 0, off threshold: 5157, current: 5120, refined cards: 768
[3.008s][debug][gc,refine         ] Activated worker 0, on threshold: 5669, current: 5888
[3.008s][debug][gc,refine         ] Deactivated worker 0, off threshold: 5157, current: 5120, refined cards: 768
[3.010s][debug][gc,refine         ] Activated worker 0, on threshold: 5669, current: 5888
[3.011s][debug][gc,refine         ] Deactivated worker 0, off threshold: 5157, current: 5120, refined cards: 768
[3.012s][debug][gc,refine         ] Activated worker 0, on threshold: 5669, current: 5888
[3.013s][debug][gc,refine         ] Deactivated worker 0, off threshold: 5157, current: 5120, refined cards: 768
[3.014s][debug][gc,refine         ] Activated worker 0, on threshold: 5669, current: 5888
[3.015s][debug][gc,refine         ] Deactivated worker 0, off threshold: 5157, current: 5120, refined cards: 768
[3.016s][debug][gc,refine         ] Activated worker 0, on threshold: 5669, current: 5888
[3.017s][debug][gc,refine         ] Deactivated worker 0, off threshold: 5157, current: 5120, refined cards: 768
[3.019s][debug][gc,refine         ] Activated worker 0, on threshold: 5669, current: 5888
[3.019s][debug][gc,refine         ] Deactivated worker 0, off threshold: 5157, current: 5120, refined cards: 768
[3.021s][debug][gc,refine         ] Activated worker 0, on threshold: 5669, current: 5888
[3.022s][debug][gc,refine         ] Deactivated worker 0, off threshold: 5157, current: 5120, refined cards: 768
[3.023s][debug][gc,refine         ] Activated worker 0, on threshold: 5669, current: 5888
[3.024s][debug][gc,refine         ] Deactivated worker 0, off threshold: 5157, current: 5120, refined cards: 768
[3.029s][debug][gc,refine         ] Activated worker 0, on threshold: 5669, current: 5888
[3.029s][debug][gc,refine         ] Deactivated worker 0, off threshold: 5157, current: 5120, refined cards: 768
[3.031s][debug][gc,refine         ] Activated worker 0, on threshold: 5669, current: 5888
[3.032s][debug][gc,refine         ] Deactivated worker 0, off threshold: 5157, current: 5120, refined cards: 768
[3.033s][debug][gc,refine         ] Activated worker 0, on threshold: 5669, current: 5888
[3.034s][debug][gc,refine         ] Deactivated worker 0, off threshold: 5157, current: 5120, refined cards: 768
[3.035s][debug][gc,refine         ] Activated worker 0, on threshold: 5669, current: 5888
[3.036s][debug][gc,refine         ] Deactivated worker 0, off threshold: 5157, current: 5120, refined cards: 768
[3.038s][debug][gc,refine         ] Activated worker 0, on threshold: 5669, current: 5888
[3.038s][debug][gc,refine         ] Deactivated worker 0, off threshold: 5157, current: 5120, refined cards: 768
[3.040s][debug][gc,refine         ] Activated worker 0, on threshold: 5669, current: 5888
[3.040s][debug][gc,refine         ] Deactivated worker 0, off threshold: 5157, current: 5120, refined cards: 768
[3.042s][debug][gc,refine         ] Activated worker 0, on threshold: 5669, current: 5888
[3.042s][debug][gc,refine         ] Deactivated worker 0, off threshold: 5157, current: 5120, refined cards: 768
[3.044s][debug][gc,refine         ] Activated worker 0, on threshold: 5669, current: 5888
[3.044s][debug][gc,refine         ] Deactivated worker 0, off threshold: 5157, current: 5120, refined cards: 768
[3.046s][debug][gc,refine         ] Activated worker 0, on threshold: 5669, current: 5888
[3.047s][debug][gc,refine         ] Deactivated worker 0, off threshold: 5157, current: 5120, refined cards: 768
[3.048s][debug][gc,refine         ] Activated worker 0, on threshold: 5669, current: 5888
[3.049s][debug][gc,refine         ] Deactivated worker 0, off threshold: 5157, current: 5120, refined cards: 768
[3.050s][debug][gc,refine         ] Activated worker 0, on threshold: 5669, current: 5888
[3.051s][debug][gc,refine         ] Deactivated worker 0, off threshold: 5157, current: 5120, refined cards: 768
[3.052s][debug][gc,refine         ] Activated worker 0, on threshold: 5669, current: 5888
[3.053s][debug][gc,refine         ] Deactivated worker 0, off threshold: 5157, current: 5120, refined cards: 768
[3.054s][debug][gc,refine         ] Activated worker 0, on threshold: 5669, current: 5888
[3.055s][debug][gc,refine         ] Deactivated worker 0, off threshold: 5157, current: 5120, refined cards: 768
[3.057s][debug][gc,refine         ] Activated worker 0, on threshold: 5669, current: 5888
[3.057s][debug][gc,refine         ] Deactivated worker 0, off threshold: 5157, current: 5120, refined cards: 768
[3.059s][debug][gc,refine         ] Activated worker 0, on threshold: 5669, current: 5888
[3.059s][debug][gc,refine         ] Deactivated worker 0, off threshold: 5157, current: 5120, refined cards: 768
[3.061s][debug][gc,refine         ] Activated worker 0, on threshold: 5669, current: 5888
[3.062s][debug][gc,refine         ] Deactivated worker 0, off threshold: 5157, current: 5120, refined cards: 768
[3.063s][debug][gc,refine         ] Activated worker 0, on threshold: 5669, current: 5888
[3.064s][debug][gc,refine         ] Deactivated worker 0, off threshold: 5157, current: 5120, refined cards: 768
[3.065s][debug][gc,refine         ] Activated worker 0, on threshold: 5669, current: 5888
[3.066s][debug][gc,refine         ] Deactivated worker 0, off threshold: 5157, current: 5120, refined cards: 1024
[3.068s][debug][gc,refine         ] Activated worker 0, on threshold: 5669, current: 5888
[3.068s][debug][gc,refine         ] Deactivated worker 0, off threshold: 5157, current: 5120, refined cards: 768
[3.070s][debug][gc,refine         ] Activated worker 0, on threshold: 5669, current: 5888
[3.071s][debug][gc,refine         ] Deactivated worker 0, off threshold: 5157, current: 5120, refined cards: 768
[3.072s][debug][gc,refine         ] Activated worker 0, on threshold: 5669, current: 5888
[3.073s][debug][gc,refine         ] Deactivated worker 0, off threshold: 5157, current: 5120, refined cards: 768
[3.074s][debug][gc,refine         ] Activated worker 0, on threshold: 5669, current: 5888
[3.075s][debug][gc,refine         ] Deactivated worker 0, off threshold: 5157, current: 5120, refined cards: 768
[3.076s][debug][gc,refine         ] Activated worker 0, on threshold: 5669, current: 5888
[3.077s][debug][gc,refine         ] Deactivated worker 0, off threshold: 5157, current: 5120, refined cards: 1024
[3.079s][debug][gc,refine         ] Activated worker 0, on threshold: 5669, current: 5888
[3.079s][debug][gc,refine         ] Deactivated worker 0, off threshold: 5157, current: 5120, refined cards: 768
[3.081s][debug][gc,refine         ] Activated worker 0, on threshold: 5669, current: 5888
[3.082s][debug][gc,refine         ] Deactivated worker 0, off threshold: 5157, current: 5120, refined cards: 768
[3.083s][debug][gc,refine         ] Activated worker 0, on threshold: 5669, current: 5888
[3.084s][debug][gc,refine         ] Deactivated worker 0, off threshold: 5157, current: 5120, refined cards: 768
[3.085s][debug][gc,refine         ] Activated worker 0, on threshold: 5669, current: 5888
[3.086s][debug][gc,refine         ] Deactivated worker 0, off threshold: 5157, current: 5120, refined cards: 768
[3.087s][debug][gc,refine         ] Activated worker 0, on threshold: 5669, current: 5888
[3.088s][debug][gc,refine         ] Deactivated worker 0, off threshold: 5157, current: 5120, refined cards: 768
[3.089s][debug][gc,refine         ] Activated worker 0, on threshold: 5669, current: 5888
[3.090s][debug][gc,refine         ] Deactivated worker 0, off threshold: 5157, current: 5120, refined cards: 768
[3.092s][debug][gc,refine         ] Activated worker 0, on threshold: 5669, current: 5888
[3.093s][debug][gc,refine         ] Deactivated worker 0, off threshold: 5157, current: 5120, refined cards: 768
[3.094s][debug][gc,refine         ] Activated worker 0, on threshold: 5669, current: 5888
[3.095s][debug][gc,refine         ] Deactivated worker 0, off threshold: 5157, current: 5120, refined cards: 768
[3.096s][debug][gc,refine         ] Activated worker 0, on threshold: 5669, current: 5888
[3.096s][debug][gc,refine         ] Deactivated worker 0, off threshold: 5157, current: 5120, refined cards: 768
[3.098s][debug][gc,refine         ] Activated worker 0, on threshold: 5669, current: 5888
[3.099s][debug][gc,refine         ] Deactivated worker 0, off threshold: 5157, current: 5120, refined cards: 1024
[3.101s][debug][gc,refine         ] Activated worker 0, on threshold: 5669, current: 5888
[3.102s][debug][gc,refine         ] Deactivated worker 0, off threshold: 5157, current: 5120, refined cards: 768
[3.103s][debug][gc,refine         ] Activated worker 0, on threshold: 5669, current: 5888
[3.104s][debug][gc,refine         ] Deactivated worker 0, off threshold: 5157, current: 5120, refined cards: 768
[3.106s][debug][gc,refine         ] Activated worker 0, on threshold: 5669, current: 5888
[3.106s][debug][gc,refine         ] Deactivated worker 0, off threshold: 5157, current: 5120, refined cards: 768
[3.108s][debug][gc,refine         ] Activated worker 0, on threshold: 5669, current: 5888
[3.108s][debug][gc,refine         ] Deactivated worker 0, off threshold: 5157, current: 5120, refined cards: 768
[3.110s][debug][gc,refine         ] Activated worker 0, on threshold: 5669, current: 5888
[3.111s][debug][gc,refine         ] Deactivated worker 0, off threshold: 5157, current: 5120, refined cards: 768
[3.114s][debug][gc,refine         ] Activated worker 0, on threshold: 5669, current: 5888
[3.114s][debug][gc,refine         ] Deactivated worker 0, off threshold: 5157, current: 5120, refined cards: 768
[3.117s][debug][gc,refine         ] Activated worker 0, on threshold: 5669, current: 5888
[3.118s][debug][gc,refine         ] Deactivated worker 0, off threshold: 5157, current: 5120, refined cards: 768
[3.121s][debug][gc,refine         ] Activated worker 0, on threshold: 5669, current: 5888
[3.122s][debug][gc,refine         ] Deactivated worker 0, off threshold: 5157, current: 5120, refined cards: 768
[3.123s][debug][gc,refine         ] Activated worker 0, on threshold: 5669, current: 5888
[3.125s][debug][gc,refine         ] Deactivated worker 0, off threshold: 5157, current: 5120, refined cards: 1024
[3.125s][debug][gc,heap           ] GC(20) Heap before GC invocations=20 (full 0):
[3.125s][debug][gc,heap           ] GC(20)  garbage-first heap   total 524288K, used 315392K [0x00000000e0000000, 0x0000000100000000)
[3.125s][debug][gc,heap           ] GC(20)   region size 1024K, 143 young (146432K), 19 survivors (19456K)
[3.125s][debug][gc,heap           ] GC(20)  Metaspace       used 493K, committed 640K, reserved 1056768K
[3.125s][debug][gc,heap           ] GC(20)   class space    used 37K, committed 128K, reserved 1048576K
[3.125s][info ][gc,start          ] GC(20) Pause Young (Normal) (G1 Evacuation Pause)
[3.125s][info ][gc,task           ] GC(20) Using 4 workers of 4 for evacuation
[3.125s][debug][gc,tlab           ] GC(20) TLAB totals: thrds: 1  refills: 372 max: 372 slow allocs: 0 max 0 waste:  0.2% gc: 0B max: 0B slow: 214280B max: 214280B
[3.125s][debug][gc,age            ] GC(20) Desired survivor size 9437184 bytes, new threshold 1 (max threshold 15)
[3.125s][debug][gc,refine,stats   ] GC(20) Mutator refinement: 0.00ms, refined: 0, precleaned: 0, dirtied: 63383
[3.125s][debug][gc,refine,stats   ] GC(20) Concurrent refinement: 55.18ms, refined: 67844, precleaned: 1024, dirtied: 0
[3.125s][debug][gc,refine,stats   ] GC(20) Total refinement: 55.18ms, refined: 67844, precleaned: 1024, dirtied: 63383
[3.125s][debug][gc,refine,stats   ] GC(20) Concurrent refinement rate: 1229.51 cards/ms
[3.125s][debug][gc,refine,stats   ] GC(20) Generate dirty cards rate: 332.11 cards/ms
[3.125s][debug][gc,alloc,region   ] GC(20) Mutator Allocation stats, regions: 124, wasted size: 0B ( 0.0%)
[3.125s][debug][gc,humongous      ] GC(20) Humongous region 155 (object size 36920416 @ 0x00000000e9b00000) remset 1 code roots 0 marked 0 reclaim candidate 0 type array 0
[3.125s][debug][gc,ergo           ] GC(20) Running G1 Merge Heap Roots using 4 workers for 143 regions
[3.126s][debug][gc,remset         ] GC(20) Visited cards 45056 Total dirty 45056 (100.00%) Total old 923648 (4.88%)
[3.158s][debug][gc,task,start     ] G1 Service Thread (Periodic GC Task) (run)
[3.158s][debug][gc,task           ] G1 Service Thread (Periodic GC Task) (run) 0.065ms (cpu: 0.000ms)
[3.203s][debug][gc,ref            ] GC(20) Skipped phase 1 of Reference Processing: no references
[3.203s][debug][gc,ref            ] GC(20) Skipped phase 2 of Reference Processing: no references
[3.203s][debug][gc,ref            ] GC(20) Skipped phase 3 of Reference Processing: no references
[3.203s][debug][gc,ref            ] GC(20) Skipped phase 4 of Reference Processing: no references
[3.203s][debug][gc,ergo           ] GC(20) Running G1 Rebuild Free List Task using 4 workers for rebuilding free list of regions
[3.203s][debug][gc,plab           ] GC(20) Young PLAB allocation: allocated: 18874368B, wasted: 576B, unused: 0B, used: 18873792B, undo waste: 0B, 
[3.203s][debug][gc,plab           ] GC(20) Young other allocation: region end waste: 0B, regions filled: 18, direct allocated: 0B, failure used: 0B, failure wasted: 0B
[3.203s][debug][gc,plab           ] GC(20) Young sizing: calculated: 3774752B, actual: 3641200B
[3.203s][debug][gc,plab           ] GC(20) Old PLAB allocation: allocated: 50331648B, wasted: 1472B, unused: 1551280B, used: 48778896B, undo waste: 0B, 
[3.203s][debug][gc,plab           ] GC(20) Old other allocation: region end waste: 0B, regions filled: 48, direct allocated: 0B, failure used: 0B, failure wasted: 0B
[3.203s][debug][gc,plab           ] GC(20) Old sizing: calculated: 9755776B, actual: 8568112B
[3.203s][debug][gc,ergo,heap      ] GC(20) Heap expansion: short term pause time ratio 24.90% long term pause time ratio 29.23% threshold 7.69% pause time ratio 7.69% fully expanded true resize by 0B
[3.203s][debug][gc,mmu            ] GC(20) MMU: 78.2ms (200.0ms/201.0ms)
[3.203s][debug][gc,alloc,stats    ] Old generation allocation in the last mutator period, old gen allocated: 50331648B, humongous allocated: 0B,old gen growth: 50331648B.
[3.203s][debug][gc,ihop           ] GC(20) Basic information (value update), threshold: 241591910B (45.00), target occupancy: 536870912B, current occupancy: 242221056B, recent allocation size: 50331648B, recent allocation duration: 190.85ms, recent old gen allocation rate: 263724285.37B/s, recent marking phase length: 513.50ms
[3.204s][debug][gc,ihop           ] GC(20) Adaptive IHOP information (value update), threshold: 241591910B (52.94), internal target occupancy: 456340275B, occupancy: 242221056B, additional buffer size: 106954752B, predicted old gen allocation rate: 371377937.12B/s, predicted marking phase length: 1026.99ms, prediction active: false
[3.204s][debug][gc,ergo,refine    ] GC(20) Concurrent refinement times: Logged Cards Scan time goal: 19.99ms Logged Cards Scan time: 1.68ms HCC time: 0.01ms
[3.204s][debug][gc,ergo,refine    ] GC(20) Updated Refinement Zones: green: 5672, yellow: 17016, red: 28360
[3.204s][debug][gc,refine         ] Activated worker 0, on threshold: 6184, current: 9220
[3.204s][info ][gc,phases         ] GC(20)   Pre Evacuate Collection Set: 0.1ms
[3.204s][debug][gc,phases         ] GC(20)     Prepare TLABs: 0.0ms
[3.204s][debug][gc,phases         ] GC(20)     Concatenate Dirty Card Logs: 0.0ms
[3.204s][debug][gc,phases         ] GC(20)     Choose Collection Set: 0.0ms
[3.204s][debug][gc,phases         ] GC(20)     Region Register: 0.1ms
[3.204s][debug][gc,phases         ] GC(20)     Prepare Heap Roots: 0.0ms
[3.204s][info ][gc,phases         ] GC(20)   Merge Heap Roots: 0.3ms
[3.204s][debug][gc,phases         ] GC(20)     Prepare Merge Heap Roots: 0.0ms
[3.204s][debug][gc,phases         ] GC(20)     Eager Reclaim (ms):            skipped
[3.204s][debug][gc,phases         ] GC(20)     Remembered Sets (ms):          Min:  0.1, Avg:  0.1, Max:  0.1, Diff:  0.0, Sum:  0.5, Workers: 4
[3.204s][debug][gc,phases         ] GC(20)       Merged Sparse:                 Min: 0, Avg:  0.0, Max: 0, Diff: 0, Sum: 0, Workers: 4
[3.204s][debug][gc,phases         ] GC(20)       Merged Fine:                   Min: 32, Avg: 50.0, Max: 86, Diff: 54, Sum: 200, Workers: 4
[3.204s][debug][gc,phases         ] GC(20)       Merged Coarse:                 Min: 0, Avg:  0.0, Max: 0, Diff: 0, Sum: 0, Workers: 4
[3.204s][debug][gc,phases         ] GC(20)       Dirty Cards:                   Min: 6716, Avg: 9681.8, Max: 11632, Diff: 4916, Sum: 38727, Workers: 4
[3.204s][debug][gc,phases         ] GC(20)     Hot Card Cache (ms):           Min:  0.0, Avg:  0.0, Max:  0.0, Diff:  0.0, Sum:  0.0, Workers: 4
[3.204s][debug][gc,phases         ] GC(20)       Dirty Cards:                   Min: 56, Avg: 248.0, Max: 344, Diff: 288, Sum: 992, Workers: 4
[3.204s][debug][gc,phases         ] GC(20)       Skipped Cards:                 Min: 0, Avg:  0.0, Max: 0, Diff: 0, Sum: 0, Workers: 4
[3.204s][debug][gc,phases         ] GC(20)     Log Buffers (ms):              Min:  0.0, Avg:  0.0, Max:  0.0, Diff:  0.0, Sum:  0.1, Workers: 4
[3.204s][debug][gc,phases         ] GC(20)       Dirty Cards:                   Min: 1272, Avg: 1309.8, Max: 1423, Diff: 151, Sum: 5239, Workers: 4
[3.204s][debug][gc,phases         ] GC(20)       Skipped Cards:                 Min: 0, Avg:  0.0, Max: 0, Diff: 0, Sum: 0, Workers: 4
[3.204s][info ][gc,phases         ] GC(20)   Evacuate Collection Set: 76.9ms
[3.204s][debug][gc,phases         ] GC(20)     Ext Root Scanning (ms):        Min:  0.0, Avg:  0.0, Max:  0.0, Diff:  0.0, Sum:  0.1, Workers: 4
[3.204s][debug][gc,phases         ] GC(20)     Scan Heap Roots (ms):          Min: 13.0, Avg: 14.2, Max: 16.1, Diff:  3.1, Sum: 56.9, Workers: 4
[3.204s][debug][gc,phases         ] GC(20)       Scanned Cards:                 Min: 8704, Avg: 11255.5, Max: 13534, Diff: 4830, Sum: 45022, Workers: 4
[3.204s][debug][gc,phases         ] GC(20)       Scanned Blocks:                Min: 34, Avg: 44.0, Max: 53, Diff: 19, Sum: 176, Workers: 4
[3.204s][debug][gc,phases         ] GC(20)       Claimed Chunks:                Min: 34, Avg: 44.0, Max: 53, Diff: 19, Sum: 176, Workers: 4
[3.204s][debug][gc,phases         ] GC(20)     Code Root Scan (ms):           Min:  0.0, Avg:  0.0, Max:  0.0, Diff:  0.0, Sum:  0.0, Workers: 4
[3.204s][debug][gc,phases         ] GC(20)     Object Copy (ms):              Min: 60.7, Avg: 62.6, Max: 63.8, Diff:  3.1, Sum: 250.4, Workers: 4
[3.204s][debug][gc,phases         ] GC(20)     Termination (ms):              Min:  0.0, Avg:  0.0, Max:  0.0, Diff:  0.0, Sum:  0.0, Workers: 4
[3.204s][debug][gc,phases         ] GC(20)       Termination Attempts:          Min: 1, Avg: 10.3, Max: 19, Diff: 18, Sum: 41, Workers: 4
[3.204s][debug][gc,phases         ] GC(20)     GC Worker Other (ms):          Min:  0.0, Avg:  0.0, Max:  0.0, Diff:  0.0, Sum:  0.1, Workers: 4
[3.205s][debug][gc,phases         ] GC(20)     GC Worker Total (ms):          Min: 76.9, Avg: 76.9, Max: 76.9, Diff:  0.0, Sum: 307.5, Workers: 4
[3.205s][info ][gc,phases         ] GC(20)   Post Evacuate Collection Set: 0.5ms
[3.205s][debug][gc,phases         ] GC(20)     Code Roots Fixup: 0.0ms
[3.205s][debug][gc,phases         ] GC(20)     Reference Processing: 0.1ms
[3.205s][debug][gc,phases,ref     ] GC(20)       Reconsider SoftReferences: 0.1ms
[3.205s][debug][gc,phases,ref     ] GC(20)         SoftRef (ms):                  skipped
[3.205s][debug][gc,phases,ref     ] GC(20)       Notify Soft/WeakReferences: 0.0ms
[3.205s][debug][gc,phases,ref     ] GC(20)         SoftRef (ms):                  skipped
[3.205s][debug][gc,phases,ref     ] GC(20)         WeakRef (ms):                  skipped
[3.205s][debug][gc,phases,ref     ] GC(20)         FinalRef (ms):                 skipped
[3.205s][debug][gc,phases,ref     ] GC(20)         Total (ms):                    skipped
[3.205s][debug][gc,phases,ref     ] GC(20)       Notify and keep alive finalizable: 0.0ms
[3.205s][debug][gc,phases,ref     ] GC(20)         FinalRef (ms):                 skipped
[3.205s][debug][gc,phases,ref     ] GC(20)       Notify PhantomReferences: 0.0ms
[3.205s][debug][gc,phases,ref     ] GC(20)         PhantomRef (ms):               skipped
[3.205s][debug][gc,phases,ref     ] GC(20)       SoftReference:
[3.205s][debug][gc,phases,ref     ] GC(20)         Discovered: 0
[3.205s][debug][gc,phases,ref     ] GC(20)         Cleared: 0
[3.205s][debug][gc,phases,ref     ] GC(20)       WeakReference:
[3.205s][debug][gc,phases,ref     ] GC(20)         Discovered: 0
[3.205s][debug][gc,phases,ref     ] GC(20)         Cleared: 0
[3.205s][debug][gc,phases,ref     ] GC(20)       FinalReference:
[3.205s][debug][gc,phases,ref     ] GC(20)         Discovered: 0
[3.205s][debug][gc,phases,ref     ] GC(20)         Cleared: 0
[3.205s][debug][gc,phases,ref     ] GC(20)       PhantomReference:
[3.205s][debug][gc,phases,ref     ] GC(20)         Discovered: 0
[3.205s][debug][gc,phases,ref     ] GC(20)         Cleared: 0
[3.205s][debug][gc,phases         ] GC(20)     Weak Processing: 0.0ms
[3.205s][debug][gc,phases         ] GC(20)       VM Weak                        Min:  0.0, Avg:  0.0, Max:  0.0, Diff:  0.0, Sum:  0.0, Workers: 3
[3.205s][debug][gc,phases         ] GC(20)         Dead                           Min: 0, Avg:  0.0, Max: 0, Diff: 0, Sum: 0, Workers: 3
[3.205s][debug][gc,phases         ] GC(20)         Total                          Min: 0, Avg:  4.7, Max: 14, Diff: 14, Sum: 14, Workers: 3
[3.205s][debug][gc,phases         ] GC(20)       ObjectSynchronizer Weak        Min:  0.0, Avg:  0.0, Max:  0.0, Diff:  0.0, Sum:  0.0, Workers: 3
[3.205s][debug][gc,phases         ] GC(20)         Dead                           Min: 0, Avg:  0.0, Max: 0, Diff: 0, Sum: 0, Workers: 3
[3.205s][debug][gc,phases         ] GC(20)         Total                          Min: 0, Avg:  1.0, Max: 3, Diff: 3, Sum: 3, Workers: 3
[3.205s][debug][gc,phases         ] GC(20)       JVMTI Tag Weak OopStorage      Min:  0.0, Avg:  0.0, Max:  0.0, Diff:  0.0, Sum:  0.0, Workers: 3
[3.205s][debug][gc,phases         ] GC(20)         Dead                           Min: 0, Avg:  0.0, Max: 0, Diff: 0, Sum: 0, Workers: 3
[3.205s][debug][gc,phases         ] GC(20)         Total                          Min: 0, Avg:  0.0, Max: 0, Diff: 0, Sum: 0, Workers: 3
[3.205s][debug][gc,phases         ] GC(20)       StringTable Weak               Min:  0.0, Avg:  0.0, Max:  0.0, Diff:  0.0, Sum:  0.0, Workers: 3
[3.205s][debug][gc,phases         ] GC(20)         Dead                           Min: 0, Avg:  0.0, Max: 0, Diff: 0, Sum: 0, Workers: 3
[3.205s][debug][gc,phases         ] GC(20)         Total                          Min: 704, Avg: 821.3, Max: 928, Diff: 224, Sum: 2464, Workers: 3
[3.205s][debug][gc,phases         ] GC(20)       ResolvedMethodTable Weak       Min:  0.0, Avg:  0.0, Max:  0.0, Diff:  0.0, Sum:  0.0, Workers: 3
[3.206s][debug][gc,phases         ] GC(20)         Dead                           Min: 0, Avg:  0.0, Max: 0, Diff: 0, Sum: 0, Workers: 3
[3.206s][debug][gc,phases         ] GC(20)         Total                          Min: 9, Avg: 45.7, Max: 64, Diff: 55, Sum: 137, Workers: 3
[3.206s][debug][gc,phases         ] GC(20)       JNI Weak                       Min:  0.0, Avg:  0.0, Max:  0.0, Diff:  0.0, Sum:  0.0, Workers: 3
[3.206s][debug][gc,phases         ] GC(20)         Dead                           Min: 0, Avg:  0.0, Max: 0, Diff: 0, Sum: 0, Workers: 3
[3.206s][debug][gc,phases         ] GC(20)         Total                          Min: 0, Avg:  0.0, Max: 0, Diff: 0, Sum: 0, Workers: 3
[3.206s][debug][gc,phases         ] GC(20)       StringDedup Table Weak         Min:  0.0, Avg:  0.0, Max:  0.0, Diff:  0.0, Sum:  0.0, Workers: 3
[3.206s][debug][gc,phases         ] GC(20)         Dead                           Min: 0, Avg:  0.0, Max: 0, Diff: 0, Sum: 0, Workers: 3
[3.206s][debug][gc,phases         ] GC(20)         Total                          Min: 0, Avg:  0.0, Max: 0, Diff: 0, Sum: 0, Workers: 3
[3.206s][debug][gc,phases         ] GC(20)       StringDedup Requests0 Weak     Min:  0.0, Avg:  0.0, Max:  0.0, Diff:  0.0, Sum:  0.0, Workers: 3
[3.206s][debug][gc,phases         ] GC(20)         Dead                           Min: 0, Avg:  0.0, Max: 0, Diff: 0, Sum: 0, Workers: 3
[3.206s][debug][gc,phases         ] GC(20)         Total                          Min: 0, Avg:  0.0, Max: 0, Diff: 0, Sum: 0, Workers: 3
[3.206s][debug][gc,phases         ] GC(20)       StringDedup Requests1 Weak     Min:  0.0, Avg:  0.0, Max:  0.0, Diff:  0.0, Sum:  0.0, Workers: 3
[3.206s][debug][gc,phases         ] GC(20)         Dead                           Min: 0, Avg:  0.0, Max: 0, Diff: 0, Sum: 0, Workers: 3
[3.206s][debug][gc,phases         ] GC(20)         Total                          Min: 0, Avg:  0.0, Max: 0, Diff: 0, Sum: 0, Workers: 3
[3.206s][debug][gc,phases         ] GC(20)       Weak JFR Old Object Samples    Min:  0.0, Avg:  0.0, Max:  0.0, Diff:  0.0, Sum:  0.0, Workers: 3
[3.206s][debug][gc,phases         ] GC(20)         Dead                           Min: 0, Avg:  0.0, Max: 0, Diff: 0, Sum: 0, Workers: 3
[3.206s][debug][gc,phases         ] GC(20)         Total                          Min: 0, Avg:  0.0, Max: 0, Diff: 0, Sum: 0, Workers: 3
[3.206s][debug][gc,phases         ] GC(20)     Post Evacuate Cleanup 1: 0.1ms
[3.206s][debug][gc,phases         ] GC(20)       Merge Per-Thread State (ms):   Min:  0.0, Avg:  0.0, Max:  0.0, Diff:  0.0, Sum:  0.0, Workers: 1
[3.206s][debug][gc,phases         ] GC(20)         Copied Bytes                   Min: 16402896, Avg: 16913172.0, Max: 17592368, Diff: 1189472, Sum: 67652688, Workers: 4
[3.206s][debug][gc,phases         ] GC(20)         LAB Waste                      Min: 496, Avg: 512.0, Max: 528, Diff: 32, Sum: 2048, Workers: 4
[3.206s][debug][gc,phases         ] GC(20)         LAB Undo Waste                 Min: 0, Avg:  0.0, Max: 0, Diff: 0, Sum: 0, Workers: 4
[3.206s][debug][gc,phases         ] GC(20)       Clear Logged Cards (ms):       Min:  0.0, Avg:  0.0, Max:  0.0, Diff:  0.0, Sum:  0.0, Workers: 3
[3.206s][debug][gc,phases         ] GC(20)       Recalculate Used Memory (ms):  Min:  0.0, Avg:  0.0, Max:  0.0, Diff:  0.0, Sum:  0.0, Workers: 1
[3.206s][debug][gc,phases         ] GC(20)     Post Evacuate Cleanup 2: 0.1ms
[3.206s][debug][gc,phases         ] GC(20)       Reset Hot Card Cache (ms):     Min:  0.0, Avg:  0.0, Max:  0.0, Diff:  0.0, Sum:  0.0, Workers: 1
[3.206s][debug][gc,phases         ] GC(20)       Purge Code Roots (ms):         Min:  0.0, Avg:  0.0, Max:  0.0, Diff:  0.0, Sum:  0.0, Workers: 1
[3.206s][debug][gc,phases         ] GC(20)       Update Derived Pointers (ms):  Min:  0.0, Avg:  0.0, Max:  0.0, Diff:  0.0, Sum:  0.0, Workers: 1
[3.206s][debug][gc,phases         ] GC(20)       Eagerly Reclaim Humongous Objects (ms): Min:  0.0, Avg:  0.0, Max:  0.0, Diff:  0.0, Sum:  0.0, Workers: 1
[3.206s][debug][gc,phases         ] GC(20)         Humongous Total                Min: 1, Avg:  1.0, Max: 1, Diff: 0, Sum: 1, Workers: 1
[3.206s][debug][gc,phases         ] GC(20)         Humongous Candidates           Min: 0, Avg:  0.0, Max: 0, Diff: 0, Sum: 0, Workers: 1
[3.206s][debug][gc,phases         ] GC(20)         Humongous Reclaimed            Min: 0, Avg:  0.0, Max: 0, Diff: 0, Sum: 0, Workers: 1
[3.206s][debug][gc,phases         ] GC(20)       Redirty Logged Cards (ms):     Min:  0.0, Avg:  0.0, Max:  0.0, Diff:  0.0, Sum:  0.1, Workers: 4
[3.206s][debug][gc,phases         ] GC(20)         Redirtied Cards:               Min: 1024, Avg: 2305.0, Max: 3073, Diff: 2049, Sum: 9220, Workers: 4
[3.206s][debug][gc,phases         ] GC(20)       Free Collection Set (ms):      Min:  0.0, Avg:  0.0, Max:  0.0, Diff:  0.0, Sum:  0.1, Workers: 4
[3.206s][debug][gc,phases         ] GC(20)     Rebuild Free List: 0.1ms
[3.206s][debug][gc,phases         ] GC(20)     Start New Collection Set: 0.0ms
[3.206s][debug][gc,phases         ] GC(20)     Resize TLABs: 0.0ms
[3.206s][debug][gc,phases         ] GC(20)     Expand Heap After Collection: 0.0ms
[3.206s][info ][gc,phases         ] GC(20)   Other: 1.0ms
[3.207s][info ][gc,heap           ] GC(20) Eden regions: 124->0(84)
[3.207s][info ][gc,heap           ] GC(20) Survivor regions: 19->18(18)
[3.207s][info ][gc,heap           ] GC(20) Old regions: 129->177
[3.207s][info ][gc,heap           ] GC(20) Archive regions: 0->0
[3.207s][info ][gc,heap           ] GC(20) Humongous regions: 36->36
[3.207s][info ][gc,metaspace      ] GC(20) Metaspace: 493K(640K)->493K(640K) NonClass: 455K(512K)->455K(512K) Class: 37K(128K)->37K(128K)
[3.207s][debug][gc,heap           ] GC(20) Heap after GC invocations=21 (full 0):
[3.207s][debug][gc,heap           ] GC(20)  garbage-first heap   total 524288K, used 236544K [0x00000000e0000000, 0x0000000100000000)
[3.207s][debug][gc,heap           ] GC(20)   region size 1024K, 18 young (18432K), 18 survivors (18432K)
[3.207s][debug][gc,heap           ] GC(20)  Metaspace       used 493K, committed 640K, reserved 1056768K
[3.207s][debug][gc,heap           ] GC(20)   class space    used 37K, committed 128K, reserved 1048576K
[3.207s][info ][gc                ] GC(20) Pause Young (Normal) (G1 Evacuation Pause) 308M->231M(512M) 81.613ms
[3.207s][info ][gc,cpu            ] GC(20) User=0.30s Sys=0.00s Real=0.08s
[3.210s][debug][gc,refine         ] Deactivated worker 0, off threshold: 5672, current: 5634, refined cards: 4098
[3.212s][debug][gc,refine         ] Activated worker 0, on threshold: 6184, current: 6402
[3.214s][debug][gc,refine         ] Deactivated worker 0, off threshold: 5672, current: 5633, refined cards: 1025
[3.216s][debug][gc,refine         ] Activated worker 0, on threshold: 6184, current: 6401
[3.216s][debug][gc,refine         ] Deactivated worker 0, off threshold: 5672, current: 5633, refined cards: 768
[3.219s][debug][gc,refine         ] Activated worker 0, on threshold: 6184, current: 6401
[3.220s][debug][gc,refine         ] Deactivated worker 0, off threshold: 5672, current: 5633, refined cards: 768
[3.222s][debug][gc,refine         ] Activated worker 0, on threshold: 6184, current: 6401
[3.223s][debug][gc,refine         ] Deactivated worker 0, off threshold: 5672, current: 5632, refined cards: 769
[3.225s][debug][gc,refine         ] Activated worker 0, on threshold: 6184, current: 6400
[3.226s][debug][gc,refine         ] Deactivated worker 0, off threshold: 5672, current: 5632, refined cards: 768
[3.227s][debug][gc,refine         ] Activated worker 0, on threshold: 6184, current: 6400
[3.228s][debug][gc,refine         ] Deactivated worker 0, off threshold: 5672, current: 5632, refined cards: 768
[3.231s][debug][gc,refine         ] Activated worker 0, on threshold: 6184, current: 6400
[3.232s][debug][gc,refine         ] Deactivated worker 0, off threshold: 5672, current: 5632, refined cards: 768
[3.234s][debug][gc,refine         ] Activated worker 0, on threshold: 6184, current: 6400
[3.235s][debug][gc,refine         ] Deactivated worker 0, off threshold: 5672, current: 5632, refined cards: 768
[3.236s][debug][gc,task,start     ] G1 Service Thread (Remembered Set Sampling Task) (run)
[3.237s][debug][gc,task           ] G1 Service Thread (Remembered Set Sampling Task) (run) 0.079ms (cpu: 0.000ms)
[3.238s][debug][gc,refine         ] Activated worker 0, on threshold: 6184, current: 6400
[3.239s][debug][gc,refine         ] Deactivated worker 0, off threshold: 5672, current: 5632, refined cards: 768
[3.241s][debug][gc,refine         ] Activated worker 0, on threshold: 6184, current: 6400
[3.243s][debug][gc,refine         ] Deactivated worker 0, off threshold: 5672, current: 5632, refined cards: 1024
[3.245s][debug][gc,refine         ] Activated worker 0, on threshold: 6184, current: 6400
[3.246s][debug][gc,refine         ] Deactivated worker 0, off threshold: 5672, current: 5632, refined cards: 768
[3.248s][debug][gc,refine         ] Activated worker 0, on threshold: 6184, current: 6400
[3.249s][debug][gc,refine         ] Deactivated worker 0, off threshold: 5672, current: 5632, refined cards: 768
[3.251s][debug][gc,refine         ] Activated worker 0, on threshold: 6184, current: 6400
[3.252s][debug][gc,refine         ] Deactivated worker 0, off threshold: 5672, current: 5632, refined cards: 768
[3.254s][debug][gc,refine         ] Activated worker 0, on threshold: 6184, current: 6400
[3.256s][debug][gc,refine         ] Deactivated worker 0, off threshold: 5672, current: 5632, refined cards: 1024
[3.258s][debug][gc,refine         ] Activated worker 0, on threshold: 6184, current: 6400
[3.259s][debug][gc,refine         ] Deactivated worker 0, off threshold: 5672, current: 5632, refined cards: 768
[3.262s][debug][gc,refine         ] Activated worker 0, on threshold: 6184, current: 6400
[3.263s][debug][gc,refine         ] Deactivated worker 0, off threshold: 5672, current: 5632, refined cards: 768
[3.265s][debug][gc,refine         ] Activated worker 0, on threshold: 6184, current: 6400
[3.267s][debug][gc,refine         ] Deactivated worker 0, off threshold: 5672, current: 5632, refined cards: 1024
[3.269s][debug][gc,refine         ] Activated worker 0, on threshold: 6184, current: 6400
[3.270s][debug][gc,refine         ] Deactivated worker 0, off threshold: 5672, current: 5632, refined cards: 768
[3.272s][debug][gc,refine         ] Activated worker 0, on threshold: 6184, current: 6400
[3.273s][debug][gc,refine         ] Deactivated worker 0, off threshold: 5672, current: 5632, refined cards: 1024
[3.275s][debug][gc,refine         ] Activated worker 0, on threshold: 6184, current: 6400
[3.276s][debug][gc,refine         ] Deactivated worker 0, off threshold: 5672, current: 5632, refined cards: 768
[3.277s][debug][gc,refine         ] Activated worker 0, on threshold: 6184, current: 6400
[3.279s][debug][gc,refine         ] Deactivated worker 0, off threshold: 5672, current: 5632, refined cards: 1024
[3.285s][debug][gc,refine         ] Activated worker 0, on threshold: 6184, current: 6400
[3.286s][debug][gc,refine         ] Deactivated worker 0, off threshold: 5672, current: 5632, refined cards: 768
[3.288s][debug][gc,refine         ] Activated worker 0, on threshold: 6184, current: 6400
[3.289s][debug][gc,refine         ] Deactivated worker 0, off threshold: 5672, current: 5632, refined cards: 768
[3.291s][debug][gc,refine         ] Activated worker 0, on threshold: 6184, current: 6400
[3.292s][debug][gc,refine         ] Deactivated worker 0, off threshold: 5672, current: 5632, refined cards: 768
[3.294s][debug][gc,refine         ] Activated worker 0, on threshold: 6184, current: 6400
[3.295s][debug][gc,refine         ] Deactivated worker 0, off threshold: 5672, current: 5632, refined cards: 768
[3.297s][debug][gc,refine         ] Activated worker 0, on threshold: 6184, current: 6400
[3.297s][debug][gc,refine         ] Deactivated worker 0, off threshold: 5672, current: 5632, refined cards: 768
[3.300s][debug][gc,refine         ] Activated worker 0, on threshold: 6184, current: 6400
[3.300s][debug][gc,refine         ] Deactivated worker 0, off threshold: 5672, current: 5632, refined cards: 768
[3.302s][debug][gc,refine         ] Activated worker 0, on threshold: 6184, current: 6400
[3.303s][debug][gc,refine         ] Deactivated worker 0, off threshold: 5672, current: 5632, refined cards: 768
[3.305s][debug][gc,refine         ] Activated worker 0, on threshold: 6184, current: 6400
[3.305s][debug][gc,refine         ] Deactivated worker 0, off threshold: 5672, current: 5632, refined cards: 768
[3.307s][debug][gc,refine         ] Activated worker 0, on threshold: 6184, current: 6400
[3.307s][debug][gc,refine         ] Deactivated worker 0, off threshold: 5672, current: 5632, refined cards: 768
[3.309s][debug][gc,refine         ] Activated worker 0, on threshold: 6184, current: 6400
[3.310s][debug][gc,refine         ] Deactivated worker 0, off threshold: 5672, current: 5632, refined cards: 768
[3.312s][debug][gc,refine         ] Activated worker 0, on threshold: 6184, current: 6400
[3.313s][debug][gc,refine         ] Deactivated worker 0, off threshold: 5672, current: 5632, refined cards: 1024
[3.315s][debug][gc,refine         ] Activated worker 0, on threshold: 6184, current: 6400
[3.316s][debug][gc,refine         ] Deactivated worker 0, off threshold: 5672, current: 5632, refined cards: 1024
[3.318s][debug][gc,refine         ] Activated worker 0, on threshold: 6184, current: 6400
[3.319s][debug][gc,refine         ] Deactivated worker 0, off threshold: 5672, current: 5632, refined cards: 1024
[3.322s][debug][gc,refine         ] Activated worker 0, on threshold: 6184, current: 6400
[3.323s][debug][gc,refine         ] Deactivated worker 0, off threshold: 5672, current: 5632, refined cards: 1024
[3.325s][debug][gc,refine         ] Activated worker 0, on threshold: 6184, current: 6400
[3.326s][debug][gc,refine         ] Deactivated worker 0, off threshold: 5672, current: 5632, refined cards: 768
[3.328s][debug][gc,refine         ] Activated worker 0, on threshold: 6184, current: 6400
[3.329s][debug][gc,refine         ] Deactivated worker 0, off threshold: 5672, current: 5632, refined cards: 768
[3.331s][debug][gc,refine         ] Activated worker 0, on threshold: 6184, current: 6400
[3.333s][debug][gc,refine         ] Deactivated worker 0, off threshold: 5672, current: 5632, refined cards: 1024
[3.334s][debug][gc,refine         ] Activated worker 0, on threshold: 6184, current: 6400
[3.336s][debug][gc,refine         ] Deactivated worker 0, off threshold: 5672, current: 5632, refined cards: 1024
[3.337s][debug][gc,refine         ] Activated worker 0, on threshold: 6184, current: 6400
[3.338s][debug][gc,refine         ] Deactivated worker 0, off threshold: 5672, current: 5632, refined cards: 768
[3.340s][debug][gc,refine         ] Activated worker 0, on threshold: 6184, current: 6400
[3.341s][debug][gc,refine         ] Deactivated worker 0, off threshold: 5672, current: 5632, refined cards: 768
[3.343s][debug][gc,refine         ] Activated worker 0, on threshold: 6184, current: 6400
[3.344s][debug][gc,refine         ] Deactivated worker 0, off threshold: 5672, current: 5632, refined cards: 1024
[3.346s][debug][gc,refine         ] Activated worker 0, on threshold: 6184, current: 6400
[3.347s][debug][gc,refine         ] Deactivated worker 0, off threshold: 5672, current: 5632, refined cards: 1024
[3.348s][debug][gc,refine         ] Activated worker 0, on threshold: 6184, current: 6400
[3.350s][debug][gc,refine         ] Deactivated worker 0, off threshold: 5672, current: 5632, refined cards: 1024
[3.351s][debug][gc,refine         ] Activated worker 0, on threshold: 6184, current: 6400
[3.352s][debug][gc,refine         ] Deactivated worker 0, off threshold: 5672, current: 5632, refined cards: 768
[3.354s][debug][gc,refine         ] Activated worker 0, on threshold: 6184, current: 6400
[3.356s][debug][gc,refine         ] Deactivated worker 0, off threshold: 5672, current: 5632, refined cards: 1024
[3.357s][debug][gc,refine         ] Activated worker 0, on threshold: 6184, current: 6400
[3.358s][debug][gc,refine         ] Deactivated worker 0, off threshold: 5672, current: 5632, refined cards: 1024
[3.360s][debug][gc,refine         ] Activated worker 0, on threshold: 6184, current: 6400
[3.361s][debug][gc,refine         ] Deactivated worker 0, off threshold: 5672, current: 5632, refined cards: 768
[3.363s][debug][gc,refine         ] Activated worker 0, on threshold: 6184, current: 6400
[3.364s][debug][gc,refine         ] Deactivated worker 0, off threshold: 5672, current: 5632, refined cards: 768
[3.365s][debug][gc,heap           ] GC(21) Heap before GC invocations=21 (full 0):
[3.365s][debug][gc,heap           ] GC(21)  garbage-first heap   total 524288K, used 322560K [0x00000000e0000000, 0x0000000100000000)
[3.365s][debug][gc,heap           ] GC(21)   region size 1024K, 102 young (104448K), 18 survivors (18432K)
[3.365s][debug][gc,heap           ] GC(21)  Metaspace       used 493K, committed 640K, reserved 1056768K
[3.365s][debug][gc,heap           ] GC(21)   class space    used 37K, committed 128K, reserved 1048576K
[3.365s][info ][gc,start          ] GC(21) Pause Young (Normal) (G1 Evacuation Pause)
[3.365s][info ][gc,task           ] GC(21) Using 4 workers of 4 for evacuation
[3.365s][debug][gc,tlab           ] GC(21) TLAB totals: thrds: 1  refills: 252 max: 252 slow allocs: 0 max 0 waste:  0.2% gc: 0B max: 0B slow: 145160B max: 145160B
[3.366s][debug][gc,age            ] GC(21) Desired survivor size 6815744 bytes, new threshold 1 (max threshold 15)
[3.366s][debug][gc,refine,stats   ] GC(21) Mutator refinement: 0.00ms, refined: 0, precleaned: 0, dirtied: 42938
[3.366s][debug][gc,refine,stats   ] GC(21) Concurrent refinement: 46.35ms, refined: 46084, precleaned: 1024, dirtied: 0
[3.366s][debug][gc,refine,stats   ] GC(21) Total refinement: 46.35ms, refined: 46084, precleaned: 1024, dirtied: 42938
[3.366s][debug][gc,refine,stats   ] GC(21) Concurrent refinement rate: 994.28 cards/ms
[3.366s][debug][gc,refine,stats   ] GC(21) Generate dirty cards rate: 264.80 cards/ms
[3.366s][debug][gc,alloc,region   ] GC(21) Mutator Allocation stats, regions: 84, wasted size: 0B ( 0.0%)
[3.366s][debug][gc,humongous      ] GC(21) Humongous region 155 (object size 36920416 @ 0x00000000e9b00000) remset 1 code roots 0 marked 0 reclaim candidate 0 type array 0
[3.366s][debug][gc,ergo           ] GC(21) Running G1 Merge Heap Roots using 4 workers for 102 regions
[3.366s][debug][gc,remset         ] GC(21) Visited cards 36608 Total dirty 38912 (94.08%) Total old 854016 (4.29%)
[3.444s][debug][gc,ref            ] GC(21) Skipped phase 1 of Reference Processing: no references
[3.444s][debug][gc,ref            ] GC(21) Skipped phase 2 of Reference Processing: no references
[3.444s][debug][gc,ref            ] GC(21) Skipped phase 3 of Reference Processing: no references
[3.444s][debug][gc,ref            ] GC(21) Skipped phase 4 of Reference Processing: no references
[3.445s][debug][gc,ergo           ] GC(21) Running G1 Rebuild Free List Task using 4 workers for rebuilding free list of regions
[3.445s][debug][gc,plab           ] GC(21) Young PLAB allocation: allocated: 13631488B, wasted: 416B, unused: 0B, used: 13631072B, undo waste: 0B, 
[3.445s][debug][gc,plab           ] GC(21) Young other allocation: region end waste: 0B, regions filled: 13, direct allocated: 0B, failure used: 0B, failure wasted: 0B
[3.445s][debug][gc,plab           ] GC(21) Young sizing: calculated: 2726208B, actual: 2954952B
[3.445s][debug][gc,plab           ] GC(21) Old PLAB allocation: allocated: 37748736B, wasted: 1088B, unused: 1391680B, used: 36355968B, undo waste: 0B, 
[3.445s][debug][gc,plab           ] GC(21) Old other allocation: region end waste: 0B, regions filled: 36, direct allocated: 0B, failure used: 0B, failure wasted: 0B
[3.445s][debug][gc,plab           ] GC(21) Old sizing: calculated: 7271192B, actual: 7595416B
[3.445s][debug][gc,ergo,heap      ] GC(21) Heap expansion: short term pause time ratio 29.05% long term pause time ratio 31.57% threshold 7.69% pause time ratio 7.69% fully expanded true resize by 0B
[3.445s][debug][gc,ergo,ihop      ] GC(21) Request concurrent cycle initiation (occupancy higher than threshold) occupancy: 261095424B allocation request: 0B threshold: 241591910B (45.00) source: end of GC
[3.445s][debug][gc,mmu            ] GC(21) MMU: 79.5ms (200.0ms/201.0ms)
[3.445s][debug][gc,alloc,stats    ] Old generation allocation in the last mutator period, old gen allocated: 37748736B, humongous allocated: 0B,old gen growth: 37748736B.
[3.445s][debug][gc,ihop           ] GC(21) Basic information (value update), threshold: 241591910B (45.00), target occupancy: 536870912B, current occupancy: 274726912B, recent allocation size: 37748736B, recent allocation duration: 162.15ms, recent old gen allocation rate: 232801475.67B/s, recent marking phase length: 513.50ms
[3.445s][debug][gc,ihop           ] GC(21) Adaptive IHOP information (value update), threshold: 241591910B (52.94), internal target occupancy: 456340275B, occupancy: 274726912B, additional buffer size: 89128960B, predicted old gen allocation rate: 367021013.33B/s, predicted marking phase length: 1026.99ms, prediction active: false
[3.445s][debug][gc,ergo,refine    ] GC(21) Concurrent refinement times: Logged Cards Scan time goal: 20.00ms Logged Cards Scan time: 1.69ms HCC time: 0.00ms
[3.445s][debug][gc,ergo,refine    ] GC(21) Updated Refinement Zones: green: 6239, yellow: 18717, red: 31195
[3.445s][info ][gc,phases         ] GC(21)   Pre Evacuate Collection Set: 0.2ms
[3.445s][debug][gc,phases         ] GC(21)     Prepare TLABs: 0.0ms
[3.445s][debug][gc,phases         ] GC(21)     Concatenate Dirty Card Logs: 0.0ms
[3.445s][debug][gc,phases         ] GC(21)     Choose Collection Set: 0.0ms
[3.445s][debug][gc,phases         ] GC(21)     Region Register: 0.1ms
[3.445s][debug][gc,phases         ] GC(21)     Prepare Heap Roots: 0.0ms
[3.445s][info ][gc,phases         ] GC(21)   Merge Heap Roots: 0.3ms
[3.445s][debug][gc,phases         ] GC(21)     Prepare Merge Heap Roots: 0.0ms
[3.445s][debug][gc,phases         ] GC(21)     Eager Reclaim (ms):            skipped
[3.446s][debug][gc,phases         ] GC(21)     Remembered Sets (ms):          Min:  0.0, Avg:  0.1, Max:  0.1, Diff:  0.1, Sum:  0.3, Workers: 4
[3.446s][debug][gc,phases         ] GC(21)       Merged Sparse:                 Min: 0, Avg:  1.0, Max: 4, Diff: 4, Sum: 4, Workers: 4
[3.446s][debug][gc,phases         ] GC(21)       Merged Fine:                   Min: 0, Avg: 26.8, Max: 48, Diff: 48, Sum: 107, Workers: 4
[3.446s][debug][gc,phases         ] GC(21)       Merged Coarse:                 Min: 0, Avg:  0.0, Max: 0, Diff: 0, Sum: 0, Workers: 4
[3.446s][debug][gc,phases         ] GC(21)       Dirty Cards:                   Min: 0, Avg: 7202.5, Max: 12151, Diff: 12151, Sum: 28810, Workers: 4
[3.446s][debug][gc,phases         ] GC(21)     Hot Card Cache (ms):           Min:  0.0, Avg:  0.0, Max:  0.0, Diff:  0.0, Sum:  0.0, Workers: 4
[3.446s][debug][gc,phases         ] GC(21)       Dirty Cards:                   Min: 0, Avg: 250.0, Max: 440, Diff: 440, Sum: 1000, Workers: 4
[3.446s][debug][gc,phases         ] GC(21)       Skipped Cards:                 Min: 0, Avg:  0.0, Max: 0, Diff: 0, Sum: 0, Workers: 4
[3.446s][debug][gc,phases         ] GC(21)     Log Buffers (ms):              Min:  0.0, Avg:  0.0, Max:  0.0, Diff:  0.0, Sum:  0.1, Workers: 4
[3.446s][debug][gc,phases         ] GC(21)       Dirty Cards:                   Min: 0, Avg: 1512.5, Max: 2226, Diff: 2226, Sum: 6050, Workers: 4
[3.446s][debug][gc,phases         ] GC(21)       Skipped Cards:                 Min: 0, Avg:  0.0, Max: 0, Diff: 0, Sum: 0, Workers: 4
[3.446s][info ][gc,phases         ] GC(21)   Evacuate Collection Set: 78.0ms
[3.446s][debug][gc,phases         ] GC(21)     Ext Root Scanning (ms):        Min:  0.0, Avg:  0.0, Max:  0.0, Diff:  0.0, Sum:  0.1, Workers: 4
[3.446s][debug][gc,phases         ] GC(21)     Scan Heap Roots (ms):          Min:  7.6, Avg:  9.9, Max: 10.9, Diff:  3.3, Sum: 39.6, Workers: 4
[3.446s][debug][gc,phases         ] GC(21)       Scanned Cards:                 Min: 5129, Avg: 8982.3, Max: 14583, Diff: 9454, Sum: 35929, Workers: 4
[3.446s][debug][gc,phases         ] GC(21)       Scanned Blocks:                Min: 21, Avg: 35.8, Max: 57, Diff: 36, Sum: 143, Workers: 4
[3.446s][debug][gc,phases         ] GC(21)       Claimed Chunks:                Min: 21, Avg: 35.8, Max: 57, Diff: 36, Sum: 143, Workers: 4
[3.446s][debug][gc,phases         ] GC(21)     Code Root Scan (ms):           Min:  0.0, Avg:  0.0, Max:  0.0, Diff:  0.0, Sum:  0.0, Workers: 4
[3.446s][debug][gc,phases         ] GC(21)     Object Copy (ms):              Min: 35.1, Avg: 60.0, Max: 70.3, Diff: 35.2, Sum: 239.9, Workers: 4
[3.446s][debug][gc,phases         ] GC(21)     Termination (ms):              Min:  0.0, Avg:  0.0, Max:  0.0, Diff:  0.0, Sum:  0.1, Workers: 4
[3.446s][debug][gc,phases         ] GC(21)       Termination Attempts:          Min: 1, Avg: 18.8, Max: 41, Diff: 40, Sum: 75, Workers: 4
[3.446s][debug][gc,phases         ] GC(21)     GC Worker Other (ms):          Min:  0.0, Avg:  0.0, Max:  0.0, Diff:  0.0, Sum:  0.1, Workers: 4
[3.446s][debug][gc,phases         ] GC(21)     GC Worker Total (ms):          Min: 45.7, Avg: 69.9, Max: 78.0, Diff: 32.3, Sum: 279.7, Workers: 4
[3.446s][info ][gc,phases         ] GC(21)   Post Evacuate Collection Set: 0.5ms
[3.446s][debug][gc,phases         ] GC(21)     Code Roots Fixup: 0.0ms
[3.446s][debug][gc,phases         ] GC(21)     Reference Processing: 0.1ms
[3.446s][debug][gc,phases,ref     ] GC(21)       Reconsider SoftReferences: 0.1ms
[3.446s][debug][gc,phases,ref     ] GC(21)         SoftRef (ms):                  skipped
[3.446s][debug][gc,phases,ref     ] GC(21)       Notify Soft/WeakReferences: 0.0ms
[3.446s][debug][gc,phases,ref     ] GC(21)         SoftRef (ms):                  skipped
[3.446s][debug][gc,phases,ref     ] GC(21)         WeakRef (ms):                  skipped
[3.446s][debug][gc,phases,ref     ] GC(21)         FinalRef (ms):                 skipped
[3.446s][debug][gc,phases,ref     ] GC(21)         Total (ms):                    skipped
[3.446s][debug][gc,phases,ref     ] GC(21)       Notify and keep alive finalizable: 0.0ms
[3.446s][debug][gc,phases,ref     ] GC(21)         FinalRef (ms):                 skipped
[3.446s][debug][gc,phases,ref     ] GC(21)       Notify PhantomReferences: 0.0ms
[3.447s][debug][gc,phases,ref     ] GC(21)         PhantomRef (ms):               skipped
[3.447s][debug][gc,phases,ref     ] GC(21)       SoftReference:
[3.447s][debug][gc,phases,ref     ] GC(21)         Discovered: 0
[3.447s][debug][gc,phases,ref     ] GC(21)         Cleared: 0
[3.447s][debug][gc,phases,ref     ] GC(21)       WeakReference:
[3.447s][debug][gc,phases,ref     ] GC(21)         Discovered: 0
[3.447s][debug][gc,phases,ref     ] GC(21)         Cleared: 0
[3.447s][debug][gc,phases,ref     ] GC(21)       FinalReference:
[3.447s][debug][gc,phases,ref     ] GC(21)         Discovered: 0
[3.447s][debug][gc,phases,ref     ] GC(21)         Cleared: 0
[3.447s][debug][gc,phases,ref     ] GC(21)       PhantomReference:
[3.447s][debug][gc,phases,ref     ] GC(21)         Discovered: 0
[3.447s][debug][gc,phases,ref     ] GC(21)         Cleared: 0
[3.447s][debug][gc,phases         ] GC(21)     Weak Processing: 0.0ms
[3.447s][debug][gc,phases         ] GC(21)       VM Weak                        Min:  0.0, Avg:  0.0, Max:  0.0, Diff:  0.0, Sum:  0.0, Workers: 3
[3.447s][debug][gc,phases         ] GC(21)         Dead                           Min: 0, Avg:  0.0, Max: 0, Diff: 0, Sum: 0, Workers: 3
[3.447s][debug][gc,phases         ] GC(21)         Total                          Min: 0, Avg:  4.7, Max: 14, Diff: 14, Sum: 14, Workers: 3
[3.447s][debug][gc,phases         ] GC(21)       ObjectSynchronizer Weak        Min:  0.0, Avg:  0.0, Max:  0.0, Diff:  0.0, Sum:  0.0, Workers: 3
[3.447s][debug][gc,phases         ] GC(21)         Dead                           Min: 0, Avg:  0.0, Max: 0, Diff: 0, Sum: 0, Workers: 3
[3.447s][debug][gc,phases         ] GC(21)         Total                          Min: 0, Avg:  1.0, Max: 3, Diff: 3, Sum: 3, Workers: 3
[3.447s][debug][gc,phases         ] GC(21)       JVMTI Tag Weak OopStorage      Min:  0.0, Avg:  0.0, Max:  0.0, Diff:  0.0, Sum:  0.0, Workers: 3
[3.447s][debug][gc,phases         ] GC(21)         Dead                           Min: 0, Avg:  0.0, Max: 0, Diff: 0, Sum: 0, Workers: 3
[3.447s][debug][gc,phases         ] GC(21)         Total                          Min: 0, Avg:  0.0, Max: 0, Diff: 0, Sum: 0, Workers: 3
[3.447s][debug][gc,phases         ] GC(21)       StringTable Weak               Min:  0.0, Avg:  0.0, Max:  0.0, Diff:  0.0, Sum:  0.0, Workers: 3
[3.447s][debug][gc,phases         ] GC(21)         Dead                           Min: 0, Avg:  0.0, Max: 0, Diff: 0, Sum: 0, Workers: 3
[3.447s][debug][gc,phases         ] GC(21)         Total                          Min: 640, Avg: 821.3, Max: 928, Diff: 288, Sum: 2464, Workers: 3
[3.447s][debug][gc,phases         ] GC(21)       ResolvedMethodTable Weak       Min:  0.0, Avg:  0.0, Max:  0.0, Diff:  0.0, Sum:  0.0, Workers: 3
[3.447s][debug][gc,phases         ] GC(21)         Dead                           Min: 0, Avg:  0.0, Max: 0, Diff: 0, Sum: 0, Workers: 3
[3.447s][debug][gc,phases         ] GC(21)         Total                          Min: 9, Avg: 45.7, Max: 64, Diff: 55, Sum: 137, Workers: 3
[3.447s][debug][gc,phases         ] GC(21)       JNI Weak                       Min:  0.0, Avg:  0.0, Max:  0.0, Diff:  0.0, Sum:  0.0, Workers: 3
[3.447s][debug][gc,phases         ] GC(21)         Dead                           Min: 0, Avg:  0.0, Max: 0, Diff: 0, Sum: 0, Workers: 3
[3.447s][debug][gc,phases         ] GC(21)         Total                          Min: 0, Avg:  0.0, Max: 0, Diff: 0, Sum: 0, Workers: 3
[3.447s][debug][gc,phases         ] GC(21)       StringDedup Table Weak         Min:  0.0, Avg:  0.0, Max:  0.0, Diff:  0.0, Sum:  0.0, Workers: 3
[3.447s][debug][gc,phases         ] GC(21)         Dead                           Min: 0, Avg:  0.0, Max: 0, Diff: 0, Sum: 0, Workers: 3
[3.447s][debug][gc,phases         ] GC(21)         Total                          Min: 0, Avg:  0.0, Max: 0, Diff: 0, Sum: 0, Workers: 3
[3.447s][debug][gc,phases         ] GC(21)       StringDedup Requests0 Weak     Min:  0.0, Avg:  0.0, Max:  0.0, Diff:  0.0, Sum:  0.0, Workers: 3
[3.447s][debug][gc,phases         ] GC(21)         Dead                           Min: 0, Avg:  0.0, Max: 0, Diff: 0, Sum: 0, Workers: 3
[3.447s][debug][gc,phases         ] GC(21)         Total                          Min: 0, Avg:  0.0, Max: 0, Diff: 0, Sum: 0, Workers: 3
[3.447s][debug][gc,phases         ] GC(21)       StringDedup Requests1 Weak     Min:  0.0, Avg:  0.0, Max:  0.0, Diff:  0.0, Sum:  0.0, Workers: 3
[3.447s][debug][gc,phases         ] GC(21)         Dead                           Min: 0, Avg:  0.0, Max: 0, Diff: 0, Sum: 0, Workers: 3
[3.447s][debug][gc,phases         ] GC(21)         Total                          Min: 0, Avg:  0.0, Max: 0, Diff: 0, Sum: 0, Workers: 3
[3.447s][debug][gc,phases         ] GC(21)       Weak JFR Old Object Samples    Min:  0.0, Avg:  0.0, Max:  0.0, Diff:  0.0, Sum:  0.0, Workers: 3
[3.448s][debug][gc,phases         ] GC(21)         Dead                           Min: 0, Avg:  0.0, Max: 0, Diff: 0, Sum: 0, Workers: 3
[3.448s][debug][gc,phases         ] GC(21)         Total                          Min: 0, Avg:  0.0, Max: 0, Diff: 0, Sum: 0, Workers: 3
[3.448s][debug][gc,phases         ] GC(21)     Post Evacuate Cleanup 1: 0.1ms
[3.448s][debug][gc,phases         ] GC(21)       Merge Per-Thread State (ms):   Min:  0.0, Avg:  0.0, Max:  0.0, Diff:  0.0, Sum:  0.0, Workers: 1
[3.448s][debug][gc,phases         ] GC(21)         Copied Bytes                   Min: 8532416, Avg: 12496760.0, Max: 16399072, Diff: 7866656, Sum: 49987040, Workers: 4
[3.448s][debug][gc,phases         ] GC(21)         LAB Waste                      Min: 256, Avg: 376.0, Max: 496, Diff: 240, Sum: 1504, Workers: 4
[3.448s][debug][gc,phases         ] GC(21)         LAB Undo Waste                 Min: 0, Avg:  0.0, Max: 0, Diff: 0, Sum: 0, Workers: 4
[3.448s][debug][gc,phases         ] GC(21)       Clear Logged Cards (ms):       Min:  0.0, Avg:  0.0, Max:  0.0, Diff:  0.0, Sum:  0.0, Workers: 3
[3.448s][debug][gc,phases         ] GC(21)       Recalculate Used Memory (ms):  Min:  0.0, Avg:  0.0, Max:  0.0, Diff:  0.0, Sum:  0.0, Workers: 1
[3.448s][debug][gc,phases         ] GC(21)     Post Evacuate Cleanup 2: 0.1ms
[3.448s][debug][gc,phases         ] GC(21)       Reset Hot Card Cache (ms):     Min:  0.0, Avg:  0.0, Max:  0.0, Diff:  0.0, Sum:  0.0, Workers: 1
[3.448s][debug][gc,phases         ] GC(21)       Purge Code Roots (ms):         Min:  0.0, Avg:  0.0, Max:  0.0, Diff:  0.0, Sum:  0.0, Workers: 1
[3.448s][debug][gc,phases         ] GC(21)       Update Derived Pointers (ms):  Min:  0.0, Avg:  0.0, Max:  0.0, Diff:  0.0, Sum:  0.0, Workers: 1
[3.448s][debug][gc,phases         ] GC(21)       Eagerly Reclaim Humongous Objects (ms): Min:  0.0, Avg:  0.0, Max:  0.0, Diff:  0.0, Sum:  0.0, Workers: 1
[3.448s][debug][gc,phases         ] GC(21)         Humongous Total                Min: 1, Avg:  1.0, Max: 1, Diff: 0, Sum: 1, Workers: 1
[3.448s][debug][gc,phases         ] GC(21)         Humongous Candidates           Min: 0, Avg:  0.0, Max: 0, Diff: 0, Sum: 0, Workers: 1
[3.448s][debug][gc,phases         ] GC(21)         Humongous Reclaimed            Min: 0, Avg:  0.0, Max: 0, Diff: 0, Sum: 0, Workers: 1
[3.448s][debug][gc,phases         ] GC(21)       Redirty Logged Cards (ms):     Min:  0.0, Avg:  0.0, Max:  0.0, Diff:  0.0, Sum:  0.0, Workers: 4
[3.448s][debug][gc,phases         ] GC(21)         Redirtied Cards:               Min: 0, Avg: 1664.8, Max: 5891, Diff: 5891, Sum: 6659, Workers: 4
[3.448s][debug][gc,phases         ] GC(21)       Free Collection Set (ms):      Min:  0.0, Avg:  0.0, Max:  0.0, Diff:  0.0, Sum:  0.1, Workers: 4
[3.448s][debug][gc,phases         ] GC(21)     Rebuild Free List: 0.1ms
[3.448s][debug][gc,phases         ] GC(21)     Start New Collection Set: 0.0ms
[3.448s][debug][gc,phases         ] GC(21)     Resize TLABs: 0.0ms
[3.448s][debug][gc,phases         ] GC(21)     Expand Heap After Collection: 0.0ms
[3.448s][info ][gc,phases         ] GC(21)   Other: 1.2ms
[3.448s][info ][gc,heap           ] GC(21) Eden regions: 84->0(72)
[3.448s][info ][gc,heap           ] GC(21) Survivor regions: 18->13(13)
[3.448s][info ][gc,heap           ] GC(21) Old regions: 177->213
[3.448s][info ][gc,heap           ] GC(21) Archive regions: 0->0
[3.448s][info ][gc,heap           ] GC(21) Humongous regions: 36->36
[3.448s][info ][gc,metaspace      ] GC(21) Metaspace: 493K(640K)->493K(640K) NonClass: 455K(512K)->455K(512K) Class: 37K(128K)->37K(128K)
[3.448s][debug][gc,heap           ] GC(21) Heap after GC invocations=22 (full 0):
[3.448s][debug][gc,heap           ] GC(21)  garbage-first heap   total 524288K, used 268288K [0x00000000e0000000, 0x0000000100000000)
[3.448s][debug][gc,heap           ] GC(21)   region size 1024K, 13 young (13312K), 13 survivors (13312K)
[3.448s][debug][gc,heap           ] GC(21)  Metaspace       used 493K, committed 640K, reserved 1056768K
[3.448s][debug][gc,heap           ] GC(21)   class space    used 37K, committed 128K, reserved 1048576K
[3.448s][info ][gc                ] GC(21) Pause Young (Normal) (G1 Evacuation Pause) 315M->262M(512M) 82.726ms
[3.448s][info ][gc,cpu            ] GC(21) User=0.23s Sys=0.00s Real=0.08s
[3.449s][debug][gc,refine         ] Activated worker 0, on threshold: 6751, current: 6915
[3.449s][debug][gc,refine         ] Deactivated worker 0, off threshold: 6239, current: 6146, refined cards: 769
[3.451s][debug][gc,refine         ] Activated worker 0, on threshold: 6751, current: 6914
[3.452s][debug][gc,refine         ] Deactivated worker 0, off threshold: 6239, current: 6146, refined cards: 768
[3.454s][debug][gc,refine         ] Activated worker 0, on threshold: 6751, current: 6914
[3.455s][debug][gc,refine         ] Deactivated worker 0, off threshold: 6239, current: 6145, refined cards: 769
[3.457s][debug][gc,refine         ] Activated worker 0, on threshold: 6751, current: 6913
[3.458s][debug][gc,refine         ] Deactivated worker 0, off threshold: 6239, current: 6145, refined cards: 768
[3.460s][debug][gc,refine         ] Activated worker 0, on threshold: 6751, current: 6913
[3.461s][debug][gc,refine         ] Deactivated worker 0, off threshold: 6239, current: 6145, refined cards: 768
[3.463s][debug][gc,refine         ] Activated worker 0, on threshold: 6751, current: 6913
[3.465s][debug][gc,refine         ] Deactivated worker 0, off threshold: 6239, current: 6144, refined cards: 1025
[3.467s][debug][gc,refine         ] Activated worker 0, on threshold: 6751, current: 6912
[3.468s][debug][gc,refine         ] Deactivated worker 0, off threshold: 6239, current: 6144, refined cards: 1024
[3.471s][debug][gc,refine         ] Activated worker 0, on threshold: 6751, current: 6912
[3.472s][debug][gc,refine         ] Deactivated worker 0, off threshold: 6239, current: 6144, refined cards: 768
[3.474s][debug][gc,refine         ] Activated worker 0, on threshold: 6751, current: 6912
[3.474s][debug][gc,refine         ] Deactivated worker 0, off threshold: 6239, current: 6144, refined cards: 768
[3.476s][debug][gc,refine         ] Activated worker 0, on threshold: 6751, current: 6912
[3.477s][debug][gc,refine         ] Deactivated worker 0, off threshold: 6239, current: 6144, refined cards: 768
[3.478s][debug][gc,refine         ] Activated worker 0, on threshold: 6751, current: 6912
[3.479s][debug][gc,refine         ] Deactivated worker 0, off threshold: 6239, current: 6144, refined cards: 768
[3.481s][debug][gc,refine         ] Activated worker 0, on threshold: 6751, current: 6912
[3.482s][debug][gc,refine         ] Deactivated worker 0, off threshold: 6239, current: 6144, refined cards: 768
[3.484s][debug][gc,refine         ] Activated worker 0, on threshold: 6751, current: 6912
[3.484s][debug][gc,refine         ] Deactivated worker 0, off threshold: 6239, current: 6144, refined cards: 768
[3.486s][debug][gc,refine         ] Activated worker 0, on threshold: 6751, current: 6912
[3.487s][debug][gc,refine         ] Deactivated worker 0, off threshold: 6239, current: 6144, refined cards: 768
[3.489s][debug][gc,refine         ] Activated worker 0, on threshold: 6751, current: 6912
[3.490s][debug][gc,refine         ] Deactivated worker 0, off threshold: 6239, current: 6144, refined cards: 768
[3.492s][debug][gc,refine         ] Activated worker 0, on threshold: 6751, current: 6912
[3.493s][debug][gc,refine         ] Deactivated worker 0, off threshold: 6239, current: 6144, refined cards: 768
[3.495s][debug][gc,refine         ] Activated worker 0, on threshold: 6751, current: 6912
[3.496s][debug][gc,refine         ] Deactivated worker 0, off threshold: 6239, current: 6144, refined cards: 768
[3.498s][debug][gc,refine         ] Activated worker 0, on threshold: 6751, current: 6912
[3.499s][debug][gc,refine         ] Deactivated worker 0, off threshold: 6239, current: 6144, refined cards: 768
[3.501s][debug][gc,refine         ] Activated worker 0, on threshold: 6751, current: 6912
[3.502s][debug][gc,refine         ] Deactivated worker 0, off threshold: 6239, current: 6144, refined cards: 768
[3.503s][debug][gc,refine         ] Activated worker 0, on threshold: 6751, current: 6912
[3.504s][debug][gc,refine         ] Deactivated worker 0, off threshold: 6239, current: 6144, refined cards: 768
[3.505s][debug][gc,task,start     ] G1 Service Thread (Remembered Set Sampling Task) (run)
[3.506s][debug][gc,task           ] G1 Service Thread (Remembered Set Sampling Task) (run) 0.051ms (cpu: 0.000ms)
[3.506s][debug][gc,refine         ] Activated worker 0, on threshold: 6751, current: 6912
[3.507s][debug][gc,refine         ] Deactivated worker 0, off threshold: 6239, current: 6144, refined cards: 768
[3.508s][debug][gc,refine         ] Activated worker 0, on threshold: 6751, current: 6912
[3.509s][debug][gc,refine         ] Deactivated worker 0, off threshold: 6239, current: 6144, refined cards: 1024
[3.512s][debug][gc,refine         ] Activated worker 0, on threshold: 6751, current: 6912
[3.512s][debug][gc,refine         ] Deactivated worker 0, off threshold: 6239, current: 6144, refined cards: 768
[3.515s][debug][gc,refine         ] Activated worker 0, on threshold: 6751, current: 6912
[3.515s][debug][gc,refine         ] Deactivated worker 0, off threshold: 6239, current: 6144, refined cards: 768
[3.517s][debug][gc,refine         ] Activated worker 0, on threshold: 6751, current: 6912
[3.519s][debug][gc,refine         ] Deactivated worker 0, off threshold: 6239, current: 6144, refined cards: 1024
[3.522s][debug][gc,refine         ] Activated worker 0, on threshold: 6751, current: 6912
[3.523s][debug][gc,refine         ] Deactivated worker 0, off threshold: 6239, current: 6144, refined cards: 768
[3.524s][debug][gc,refine         ] Activated worker 0, on threshold: 6751, current: 6912
[3.525s][debug][gc,refine         ] Deactivated worker 0, off threshold: 6239, current: 6144, refined cards: 768
[3.528s][debug][gc,refine         ] Activated worker 0, on threshold: 6751, current: 6912
[3.530s][debug][gc,refine         ] Deactivated worker 0, off threshold: 6239, current: 6144, refined cards: 1024
[3.533s][debug][gc,refine         ] Activated worker 0, on threshold: 6751, current: 6912
[3.534s][debug][gc,refine         ] Deactivated worker 0, off threshold: 6239, current: 6144, refined cards: 768
[3.536s][debug][gc,refine         ] Activated worker 0, on threshold: 6751, current: 6912
[3.537s][debug][gc,refine         ] Deactivated worker 0, off threshold: 6239, current: 6144, refined cards: 768
[3.539s][debug][gc,refine         ] Activated worker 0, on threshold: 6751, current: 6912
[3.541s][debug][gc,refine         ] Deactivated worker 0, off threshold: 6239, current: 6144, refined cards: 1024
[3.544s][debug][gc,refine         ] Activated worker 0, on threshold: 6751, current: 6912
[3.545s][debug][gc,refine         ] Deactivated worker 0, off threshold: 6239, current: 6144, refined cards: 1024
[3.548s][debug][gc,refine         ] Activated worker 0, on threshold: 6751, current: 6912
[3.549s][debug][gc,refine         ] Deactivated worker 0, off threshold: 6239, current: 6144, refined cards: 1024
[3.557s][debug][gc,refine         ] Activated worker 0, on threshold: 6751, current: 6912
[3.557s][debug][gc,refine         ] Deactivated worker 0, off threshold: 6239, current: 6144, refined cards: 768
[3.559s][debug][gc,refine         ] Activated worker 0, on threshold: 6751, current: 6912
[3.560s][debug][gc,refine         ] Deactivated worker 0, off threshold: 6239, current: 6144, refined cards: 768
[3.562s][debug][gc,refine         ] Activated worker 0, on threshold: 6751, current: 6912
[3.563s][debug][gc,refine         ] Deactivated worker 0, off threshold: 6239, current: 6144, refined cards: 768
[3.565s][debug][gc,refine         ] Activated worker 0, on threshold: 6751, current: 6912
[3.566s][debug][gc,refine         ] Deactivated worker 0, off threshold: 6239, current: 6144, refined cards: 768
[3.568s][debug][gc,refine         ] Activated worker 0, on threshold: 6751, current: 6912
[3.568s][debug][gc,refine         ] Deactivated worker 0, off threshold: 6239, current: 6144, refined cards: 768
[3.570s][debug][gc,refine         ] Activated worker 0, on threshold: 6751, current: 6912
[3.571s][debug][gc,refine         ] Deactivated worker 0, off threshold: 6239, current: 6144, refined cards: 768
[3.574s][debug][gc,refine         ] Activated worker 0, on threshold: 6751, current: 6912
[3.574s][debug][gc,refine         ] Deactivated worker 0, off threshold: 6239, current: 6144, refined cards: 768
[3.576s][debug][gc,refine         ] Activated worker 0, on threshold: 6751, current: 6912
[3.577s][debug][gc,refine         ] Deactivated worker 0, off threshold: 6239, current: 6144, refined cards: 768
[3.579s][debug][gc,refine         ] Activated worker 0, on threshold: 6751, current: 6912
[3.580s][debug][gc,refine         ] Deactivated worker 0, off threshold: 6239, current: 6144, refined cards: 768
[3.583s][debug][gc,refine         ] Activated worker 0, on threshold: 6751, current: 6912
[3.583s][debug][gc,refine         ] Deactivated worker 0, off threshold: 6239, current: 6144, refined cards: 768
[3.586s][debug][gc,refine         ] Activated worker 0, on threshold: 6751, current: 6912
[3.587s][debug][gc,refine         ] Deactivated worker 0, off threshold: 6239, current: 6144, refined cards: 1024
[3.590s][debug][gc,refine         ] Activated worker 0, on threshold: 6751, current: 6912
[3.591s][debug][gc,refine         ] Deactivated worker 0, off threshold: 6239, current: 6144, refined cards: 1024
[3.592s][debug][gc,heap           ] GC(22) Heap before GC invocations=22 (full 0):
[3.592s][debug][gc,heap           ] GC(22)  garbage-first heap   total 524288K, used 342016K [0x00000000e0000000, 0x0000000100000000)
[3.592s][debug][gc,heap           ] GC(22)   region size 1024K, 85 young (87040K), 13 survivors (13312K)
[3.592s][debug][gc,heap           ] GC(22)  Metaspace       used 493K, committed 640K, reserved 1056768K
[3.592s][debug][gc,heap           ] GC(22)   class space    used 37K, committed 128K, reserved 1048576K
[3.592s][debug][gc,ergo           ] GC(22) Initiate concurrent cycle (concurrent cycle initiation requested)
[3.592s][info ][gc,start          ] GC(22) Pause Young (Concurrent Start) (G1 Evacuation Pause)
[3.592s][info ][gc,task           ] GC(22) Using 4 workers of 4 for evacuation
[3.592s][debug][gc,tlab           ] GC(22) TLAB totals: thrds: 1  refills: 216 max: 216 slow allocs: 0 max 0 waste:  0.2% gc: 0B max: 0B slow: 124416B max: 124416B
[3.592s][debug][gc,age            ] GC(22) Desired survivor size 5767168 bytes, new threshold 1 (max threshold 15)
[3.592s][debug][gc,refine,stats   ] GC(22) Mutator refinement: 0.00ms, refined: 0, precleaned: 0, dirtied: 36805
[3.592s][debug][gc,refine,stats   ] GC(22) Concurrent refinement: 37.44ms, refined: 37123, precleaned: 1024, dirtied: 0
[3.592s][debug][gc,refine,stats   ] GC(22) Total refinement: 37.44ms, refined: 37123, precleaned: 1024, dirtied: 36805
[3.592s][debug][gc,refine,stats   ] GC(22) Concurrent refinement rate: 991.57 cards/ms
[3.593s][debug][gc,refine,stats   ] GC(22) Generate dirty cards rate: 249.72 cards/ms
[3.593s][debug][gc,alloc,region   ] GC(22) Mutator Allocation stats, regions: 72, wasted size: 0B ( 0.0%)
[3.593s][debug][gc,humongous      ] GC(22) Humongous region 155 (object size 36920416 @ 0x00000000e9b00000) remset 1 code roots 0 marked 0 reclaim candidate 0 type array 0
[3.593s][debug][gc,ergo           ] GC(22) Running G1 Merge Heap Roots using 4 workers for 85 regions
[3.593s][debug][gc,remset         ] GC(22) Visited cards 33024 Total dirty 38912 (84.87%) Total old 858112 (3.85%)
[3.623s][debug][gc,ref            ] GC(22) Skipped phase 1 of Reference Processing: no references
[3.623s][debug][gc,ref            ] GC(22) Skipped phase 2 of Reference Processing: no references
[3.623s][debug][gc,ref            ] GC(22) Skipped phase 3 of Reference Processing: no references
[3.623s][debug][gc,ref            ] GC(22) Skipped phase 4 of Reference Processing: no references
[3.624s][debug][gc,ergo           ] GC(22) Running G1 Rebuild Free List Task using 4 workers for rebuilding free list of regions
[3.624s][debug][gc,plab           ] GC(22) Young PLAB allocation: allocated: 11534336B, wasted: 352B, unused: 0B, used: 11533984B, undo waste: 0B, 
[3.624s][debug][gc,plab           ] GC(22) Young other allocation: region end waste: 0B, regions filled: 11, direct allocated: 0B, failure used: 0B, failure wasted: 0B
[3.624s][debug][gc,plab           ] GC(22) Young sizing: calculated: 2306792B, actual: 2468832B
[3.624s][debug][gc,plab           ] GC(22) Old PLAB allocation: allocated: 9437184B, wasted: 224B, unused: 1210848B, used: 8226112B, undo waste: 0B, 
[3.624s][debug][gc,plab           ] GC(22) Old other allocation: region end waste: 0B, regions filled: 9, direct allocated: 0B, failure used: 0B, failure wasted: 0B
[3.624s][debug][gc,plab           ] GC(22) Old sizing: calculated: 1645216B, actual: 3132760B
[3.624s][debug][gc,ergo,heap      ] GC(22) Heap expansion: short term pause time ratio 32.90% long term pause time ratio 31.42% threshold 7.69% pause time ratio 7.69% fully expanded true resize by 0B
[3.624s][debug][gc,mmu            ] GC(22) MMU: 53.6ms (200.0ms/201.0ms)
[3.624s][debug][gc,alloc,stats    ] Old generation allocation in the last mutator period, old gen allocated: 9437184B, humongous allocated: 0B,old gen growth: 9437184B.
[3.624s][debug][gc,ihop           ] GC(22) Basic information (value update), threshold: 241591910B (45.00), target occupancy: 536870912B, current occupancy: 282066944B, recent allocation size: 9437184B, recent allocation duration: 147.39ms, recent old gen allocation rate: 64029527.51B/s, recent marking phase length: 513.50ms
[3.624s][debug][gc,ihop           ] GC(22) Adaptive IHOP information (value update), threshold: 241591910B (52.94), internal target occupancy: 456340275B, occupancy: 282066944B, additional buffer size: 90177536B, predicted old gen allocation rate: 356861355.37B/s, predicted marking phase length: 1026.99ms, prediction active: false
[3.624s][debug][gc,ergo,refine    ] GC(22) Concurrent refinement times: Logged Cards Scan time goal: 19.99ms Logged Cards Scan time: 1.32ms HCC time: 0.01ms
[3.624s][debug][gc,ergo,refine    ] GC(22) Updated Refinement Zones: green: 6862, yellow: 20586, red: 34310
[3.624s][info ][gc,phases         ] GC(22)   Pre Evacuate Collection Set: 0.1ms
[3.624s][debug][gc,phases         ] GC(22)     Prepare TLABs: 0.0ms
[3.624s][debug][gc,phases         ] GC(22)     Concatenate Dirty Card Logs: 0.0ms
[3.624s][debug][gc,phases         ] GC(22)     Choose Collection Set: 0.0ms
[3.624s][debug][gc,phases         ] GC(22)     Region Register: 0.1ms
[3.624s][debug][gc,phases         ] GC(22)     Prepare Heap Roots: 0.0ms
[3.624s][debug][gc,phases         ] GC(22)     Clear Claimed Marks: 0.0ms
[3.624s][info ][gc,phases         ] GC(22)   Merge Heap Roots: 0.2ms
[3.624s][debug][gc,phases         ] GC(22)     Prepare Merge Heap Roots: 0.0ms
[3.624s][debug][gc,phases         ] GC(22)     Eager Reclaim (ms):            skipped
[3.624s][debug][gc,phases         ] GC(22)     Remembered Sets (ms):          Min:  0.1, Avg:  0.1, Max:  0.1, Diff:  0.0, Sum:  0.3, Workers: 4
[3.624s][debug][gc,phases         ] GC(22)       Merged Sparse:                 Min: 0, Avg:  0.8, Max: 3, Diff: 3, Sum: 3, Workers: 4
[3.624s][debug][gc,phases         ] GC(22)       Merged Fine:                   Min: 15, Avg: 20.3, Max: 28, Diff: 13, Sum: 81, Workers: 4
[3.624s][debug][gc,phases         ] GC(22)       Merged Coarse:                 Min: 0, Avg:  0.0, Max: 0, Diff: 0, Sum: 0, Workers: 4
[3.624s][debug][gc,phases         ] GC(22)       Dirty Cards:                   Min: 3579, Avg: 6132.8, Max: 7151, Diff: 3572, Sum: 24531, Workers: 4
[3.624s][debug][gc,phases         ] GC(22)     Hot Card Cache (ms):           Min:  0.0, Avg:  0.0, Max:  0.0, Diff:  0.0, Sum:  0.0, Workers: 4
[3.624s][debug][gc,phases         ] GC(22)       Dirty Cards:                   Min: 152, Avg: 248.0, Max: 344, Diff: 192, Sum: 992, Workers: 4
[3.624s][debug][gc,phases         ] GC(22)       Skipped Cards:                 Min: 0, Avg:  0.0, Max: 0, Diff: 0, Sum: 0, Workers: 4
[3.624s][debug][gc,phases         ] GC(22)     Log Buffers (ms):              Min:  0.0, Avg:  0.0, Max:  0.0, Diff:  0.0, Sum:  0.1, Workers: 4
[3.625s][debug][gc,phases         ] GC(22)       Dirty Cards:                   Min: 1528, Avg: 1577.3, Max: 1725, Diff: 197, Sum: 6309, Workers: 4
[3.625s][debug][gc,phases         ] GC(22)       Skipped Cards:                 Min: 0, Avg:  0.0, Max: 0, Diff: 0, Sum: 0, Workers: 4
[3.625s][info ][gc,phases         ] GC(22)   Evacuate Collection Set: 30.3ms
[3.625s][debug][gc,phases         ] GC(22)     Ext Root Scanning (ms):        Min:  0.0, Avg:  0.0, Max:  0.1, Diff:  0.1, Sum:  0.1, Workers: 4
[3.625s][debug][gc,phases         ] GC(22)     Scan Heap Roots (ms):          Min:  3.9, Avg:  6.5, Max:  8.5, Diff:  4.6, Sum: 26.1, Workers: 4
[3.625s][debug][gc,phases         ] GC(22)       Scanned Cards:                 Min: 2903, Avg: 7981.0, Max: 12721, Diff: 9818, Sum: 31924, Workers: 4
[3.625s][debug][gc,phases         ] GC(22)       Scanned Blocks:                Min: 12, Avg: 32.3, Max: 50, Diff: 38, Sum: 129, Workers: 4
[3.625s][debug][gc,phases         ] GC(22)       Claimed Chunks:                Min: 12, Avg: 32.3, Max: 50, Diff: 38, Sum: 129, Workers: 4
[3.625s][debug][gc,phases         ] GC(22)     Code Root Scan (ms):           Min:  0.0, Avg:  0.0, Max:  0.0, Diff:  0.0, Sum:  0.0, Workers: 4
[3.625s][debug][gc,phases         ] GC(22)     Object Copy (ms):              Min: 21.6, Avg: 23.5, Max: 26.2, Diff:  4.6, Sum: 94.2, Workers: 4
[3.625s][debug][gc,phases         ] GC(22)     Termination (ms):              Min:  0.0, Avg:  0.1, Max:  0.2, Diff:  0.2, Sum:  0.4, Workers: 4
[3.625s][debug][gc,phases         ] GC(22)       Termination Attempts:          Min: 1, Avg: 21.5, Max: 44, Diff: 43, Sum: 86, Workers: 4
[3.625s][debug][gc,phases         ] GC(22)     GC Worker Other (ms):          Min:  0.0, Avg:  0.0, Max:  0.0, Diff:  0.0, Sum:  0.1, Workers: 4
[3.625s][debug][gc,phases         ] GC(22)     GC Worker Total (ms):          Min: 30.1, Avg: 30.2, Max: 30.3, Diff:  0.1, Sum: 120.8, Workers: 4
[3.625s][info ][gc,phases         ] GC(22)   Post Evacuate Collection Set: 0.5ms
[3.625s][debug][gc,phases         ] GC(22)     Code Roots Fixup: 0.0ms
[3.625s][debug][gc,phases         ] GC(22)     Reference Processing: 0.2ms
[3.625s][debug][gc,phases,ref     ] GC(22)       Reconsider SoftReferences: 0.1ms
[3.625s][debug][gc,phases,ref     ] GC(22)         SoftRef (ms):                  skipped
[3.625s][debug][gc,phases,ref     ] GC(22)       Notify Soft/WeakReferences: 0.0ms
[3.625s][debug][gc,phases,ref     ] GC(22)         SoftRef (ms):                  skipped
[3.625s][debug][gc,phases,ref     ] GC(22)         WeakRef (ms):                  skipped
[3.625s][debug][gc,phases,ref     ] GC(22)         FinalRef (ms):                 skipped
[3.625s][debug][gc,phases,ref     ] GC(22)         Total (ms):                    skipped
[3.625s][debug][gc,phases,ref     ] GC(22)       Notify and keep alive finalizable: 0.0ms
[3.625s][debug][gc,phases,ref     ] GC(22)         FinalRef (ms):                 skipped
[3.625s][debug][gc,phases,ref     ] GC(22)       Notify PhantomReferences: 0.0ms
[3.625s][debug][gc,phases,ref     ] GC(22)         PhantomRef (ms):               skipped
[3.625s][debug][gc,phases,ref     ] GC(22)       SoftReference:
[3.625s][debug][gc,phases,ref     ] GC(22)         Discovered: 0
[3.625s][debug][gc,phases,ref     ] GC(22)         Cleared: 0
[3.625s][debug][gc,phases,ref     ] GC(22)       WeakReference:
[3.625s][debug][gc,phases,ref     ] GC(22)         Discovered: 0
[3.625s][debug][gc,phases,ref     ] GC(22)         Cleared: 0
[3.625s][debug][gc,phases,ref     ] GC(22)       FinalReference:
[3.625s][debug][gc,phases,ref     ] GC(22)         Discovered: 0
[3.625s][debug][gc,phases,ref     ] GC(22)         Cleared: 0
[3.625s][debug][gc,phases,ref     ] GC(22)       PhantomReference:
[3.625s][debug][gc,phases,ref     ] GC(22)         Discovered: 0
[3.625s][debug][gc,phases,ref     ] GC(22)         Cleared: 0
[3.625s][debug][gc,phases         ] GC(22)     Weak Processing: 0.0ms
[3.625s][debug][gc,phases         ] GC(22)       VM Weak                        Min:  0.0, Avg:  0.0, Max:  0.0, Diff:  0.0, Sum:  0.0, Workers: 3
[3.625s][debug][gc,phases         ] GC(22)         Dead                           Min: 0, Avg:  0.0, Max: 0, Diff: 0, Sum: 0, Workers: 3
[3.625s][debug][gc,phases         ] GC(22)         Total                          Min: 0, Avg:  4.7, Max: 14, Diff: 14, Sum: 14, Workers: 3
[3.626s][debug][gc,phases         ] GC(22)       ObjectSynchronizer Weak        Min:  0.0, Avg:  0.0, Max:  0.0, Diff:  0.0, Sum:  0.0, Workers: 3
[3.626s][debug][gc,phases         ] GC(22)         Dead                           Min: 0, Avg:  0.0, Max: 0, Diff: 0, Sum: 0, Workers: 3
[3.626s][debug][gc,phases         ] GC(22)         Total                          Min: 0, Avg:  1.0, Max: 3, Diff: 3, Sum: 3, Workers: 3
[3.626s][debug][gc,phases         ] GC(22)       JVMTI Tag Weak OopStorage      Min:  0.0, Avg:  0.0, Max:  0.0, Diff:  0.0, Sum:  0.0, Workers: 3
[3.626s][debug][gc,phases         ] GC(22)         Dead                           Min: 0, Avg:  0.0, Max: 0, Diff: 0, Sum: 0, Workers: 3
[3.626s][debug][gc,phases         ] GC(22)         Total                          Min: 0, Avg:  0.0, Max: 0, Diff: 0, Sum: 0, Workers: 3
[3.626s][debug][gc,phases         ] GC(22)       StringTable Weak               Min:  0.0, Avg:  0.0, Max:  0.0, Diff:  0.0, Sum:  0.0, Workers: 3
[3.626s][debug][gc,phases         ] GC(22)         Dead                           Min: 0, Avg:  0.0, Max: 0, Diff: 0, Sum: 0, Workers: 3
[3.626s][debug][gc,phases         ] GC(22)         Total                          Min: 0, Avg: 821.3, Max: 1600, Diff: 1600, Sum: 2464, Workers: 3
[3.626s][debug][gc,phases         ] GC(22)       ResolvedMethodTable Weak       Min:  0.0, Avg:  0.0, Max:  0.0, Diff:  0.0, Sum:  0.0, Workers: 3
[3.626s][debug][gc,phases         ] GC(22)         Dead                           Min: 0, Avg:  0.0, Max: 0, Diff: 0, Sum: 0, Workers: 3
[3.626s][debug][gc,phases         ] GC(22)         Total                          Min: 0, Avg: 45.7, Max: 73, Diff: 73, Sum: 137, Workers: 3
[3.626s][debug][gc,phases         ] GC(22)       JNI Weak                       Min:  0.0, Avg:  0.0, Max:  0.0, Diff:  0.0, Sum:  0.0, Workers: 3
[3.626s][debug][gc,phases         ] GC(22)         Dead                           Min: 0, Avg:  0.0, Max: 0, Diff: 0, Sum: 0, Workers: 3
[3.626s][debug][gc,phases         ] GC(22)         Total                          Min: 0, Avg:  0.0, Max: 0, Diff: 0, Sum: 0, Workers: 3
[3.626s][debug][gc,phases         ] GC(22)       StringDedup Table Weak         Min:  0.0, Avg:  0.0, Max:  0.0, Diff:  0.0, Sum:  0.0, Workers: 3
[3.626s][debug][gc,phases         ] GC(22)         Dead                           Min: 0, Avg:  0.0, Max: 0, Diff: 0, Sum: 0, Workers: 3
[3.626s][debug][gc,phases         ] GC(22)         Total                          Min: 0, Avg:  0.0, Max: 0, Diff: 0, Sum: 0, Workers: 3
[3.626s][debug][gc,phases         ] GC(22)       StringDedup Requests0 Weak     Min:  0.0, Avg:  0.0, Max:  0.0, Diff:  0.0, Sum:  0.0, Workers: 3
[3.626s][debug][gc,phases         ] GC(22)         Dead                           Min: 0, Avg:  0.0, Max: 0, Diff: 0, Sum: 0, Workers: 3
[3.626s][debug][gc,phases         ] GC(22)         Total                          Min: 0, Avg:  0.0, Max: 0, Diff: 0, Sum: 0, Workers: 3
[3.626s][debug][gc,phases         ] GC(22)       StringDedup Requests1 Weak     Min:  0.0, Avg:  0.0, Max:  0.0, Diff:  0.0, Sum:  0.0, Workers: 3
[3.626s][debug][gc,phases         ] GC(22)         Dead                           Min: 0, Avg:  0.0, Max: 0, Diff: 0, Sum: 0, Workers: 3
[3.626s][debug][gc,phases         ] GC(22)         Total                          Min: 0, Avg:  0.0, Max: 0, Diff: 0, Sum: 0, Workers: 3
[3.626s][debug][gc,phases         ] GC(22)       Weak JFR Old Object Samples    Min:  0.0, Avg:  0.0, Max:  0.0, Diff:  0.0, Sum:  0.0, Workers: 3
[3.626s][debug][gc,phases         ] GC(22)         Dead                           Min: 0, Avg:  0.0, Max: 0, Diff: 0, Sum: 0, Workers: 3
[3.626s][debug][gc,phases         ] GC(22)         Total                          Min: 0, Avg:  0.0, Max: 0, Diff: 0, Sum: 0, Workers: 3
[3.626s][debug][gc,phases         ] GC(22)     Post Evacuate Cleanup 1: 0.1ms
[3.626s][debug][gc,phases         ] GC(22)       Merge Per-Thread State (ms):   Min:  0.0, Avg:  0.0, Max:  0.0, Diff:  0.0, Sum:  0.0, Workers: 1
[3.626s][debug][gc,phases         ] GC(22)         Copied Bytes                   Min: 3203392, Avg: 4940024.0, Max: 5892736, Diff: 2689344, Sum: 19760096, Workers: 4
[3.626s][debug][gc,phases         ] GC(22)         LAB Waste                      Min: 96, Avg: 144.0, Max: 176, Diff: 80, Sum: 576, Workers: 4
[3.626s][debug][gc,phases         ] GC(22)         LAB Undo Waste                 Min: 0, Avg:  0.0, Max: 0, Diff: 0, Sum: 0, Workers: 4
[3.626s][debug][gc,phases         ] GC(22)       Clear Logged Cards (ms):       Min:  0.0, Avg:  0.0, Max:  0.0, Diff:  0.0, Sum:  0.0, Workers: 3
[3.626s][debug][gc,phases         ] GC(22)       Recalculate Used Memory (ms):  Min:  0.0, Avg:  0.0, Max:  0.0, Diff:  0.0, Sum:  0.0, Workers: 1
[3.626s][debug][gc,phases         ] GC(22)     Post Evacuate Cleanup 2: 0.1ms
[3.626s][debug][gc,phases         ] GC(22)       Reset Hot Card Cache (ms):     Min:  0.0, Avg:  0.0, Max:  0.0, Diff:  0.0, Sum:  0.0, Workers: 1
[3.626s][debug][gc,phases         ] GC(22)       Purge Code Roots (ms):         Min:  0.0, Avg:  0.0, Max:  0.0, Diff:  0.0, Sum:  0.0, Workers: 1
[3.626s][debug][gc,phases         ] GC(22)       Update Derived Pointers (ms):  Min:  0.0, Avg:  0.0, Max:  0.0, Diff:  0.0, Sum:  0.0, Workers: 1
[3.626s][debug][gc,phases         ] GC(22)       Eagerly Reclaim Humongous Objects (ms): Min:  0.0, Avg:  0.0, Max:  0.0, Diff:  0.0, Sum:  0.0, Workers: 1
[3.626s][debug][gc,phases         ] GC(22)         Humongous Total                Min: 1, Avg:  1.0, Max: 1, Diff: 0, Sum: 1, Workers: 1
[3.626s][debug][gc,phases         ] GC(22)         Humongous Candidates           Min: 0, Avg:  0.0, Max: 0, Diff: 0, Sum: 0, Workers: 1
[3.627s][debug][gc,phases         ] GC(22)         Humongous Reclaimed            Min: 0, Avg:  0.0, Max: 0, Diff: 0, Sum: 0, Workers: 1
[3.627s][debug][gc,phases         ] GC(22)       Redirty Logged Cards (ms):     Min:  0.0, Avg:  0.0, Max:  0.0, Diff:  0.0, Sum:  0.0, Workers: 4
[3.627s][debug][gc,phases         ] GC(22)         Redirtied Cards:               Min: 0, Avg: 1409.0, Max: 3843, Diff: 3843, Sum: 5636, Workers: 4
[3.627s][debug][gc,phases         ] GC(22)       Free Collection Set (ms):      Min:  0.0, Avg:  0.0, Max:  0.0, Diff:  0.0, Sum:  0.1, Workers: 4
[3.627s][debug][gc,phases         ] GC(22)     Rebuild Free List: 0.1ms
[3.627s][debug][gc,phases         ] GC(22)     Start New Collection Set: 0.0ms
[3.627s][debug][gc,phases         ] GC(22)     Resize TLABs: 0.0ms
[3.627s][debug][gc,phases         ] GC(22)     Expand Heap After Collection: 0.0ms
[3.627s][info ][gc,phases         ] GC(22)   Other: 0.9ms
[3.627s][info ][gc,heap           ] GC(22) Eden regions: 72->0(75)
[3.627s][info ][gc,heap           ] GC(22) Survivor regions: 13->11(11)
[3.627s][info ][gc,heap           ] GC(22) Old regions: 213->222
[3.627s][info ][gc,heap           ] GC(22) Archive regions: 0->0
[3.627s][info ][gc,heap           ] GC(22) Humongous regions: 36->36
[3.627s][info ][gc,metaspace      ] GC(22) Metaspace: 493K(640K)->493K(640K) NonClass: 455K(512K)->455K(512K) Class: 37K(128K)->37K(128K)
[3.627s][debug][gc,heap           ] GC(22) Heap after GC invocations=23 (full 0):
[3.627s][debug][gc,heap           ] GC(22)  garbage-first heap   total 524288K, used 275456K [0x00000000e0000000, 0x0000000100000000)
[3.627s][debug][gc,heap           ] GC(22)   region size 1024K, 11 young (11264K), 11 survivors (11264K)
[3.627s][debug][gc,heap           ] GC(22)  Metaspace       used 493K, committed 640K, reserved 1056768K
[3.627s][debug][gc,heap           ] GC(22)   class space    used 37K, committed 128K, reserved 1048576K
[3.627s][info ][gc                ] GC(22) Pause Young (Concurrent Start) (G1 Evacuation Pause) 334M->269M(512M) 34.640ms
[3.627s][info ][gc,cpu            ] GC(22) User=0.11s Sys=0.00s Real=0.04s
[3.627s][info ][gc                ] GC(23) Concurrent Mark Cycle
[3.627s][info ][gc,marking        ] GC(23) Concurrent Clear Claimed Marks
[3.627s][info ][gc,marking        ] GC(23) Concurrent Clear Claimed Marks 0.025ms
[3.627s][info ][gc,marking        ] GC(23) Concurrent Scan Root Regions
[3.627s][debug][gc,ergo           ] GC(23) Running G1 Root Region Scan using 1 workers for 20 work units.
[3.633s][debug][gc,refine         ] Activated worker 0, on threshold: 7374, current: 7428
[3.634s][debug][gc,refine         ] Deactivated worker 0, off threshold: 6862, current: 6659, refined cards: 769
[3.636s][debug][gc,refine         ] Activated worker 0, on threshold: 7374, current: 7427
[3.636s][debug][gc,refine         ] Deactivated worker 0, off threshold: 6862, current: 6658, refined cards: 769
[3.638s][debug][gc,refine         ] Activated worker 0, on threshold: 7374, current: 7426
[3.639s][debug][gc,refine         ] Deactivated worker 0, off threshold: 6862, current: 6658, refined cards: 768
[3.640s][debug][gc,refine         ] Activated worker 0, on threshold: 7374, current: 7426
[3.641s][info ][gc,marking        ] GC(23) Concurrent Scan Root Regions 14.219ms
[3.641s][info ][gc,marking        ] GC(23) Concurrent Mark
[3.641s][info ][gc,marking        ] GC(23) Concurrent Mark From Roots
[3.641s][info ][gc,task           ] GC(23) Using 1 workers of 1 for marking
[3.642s][debug][gc,refine         ] Deactivated worker 0, off threshold: 6862, current: 6657, refined cards: 769
[3.644s][debug][gc,refine         ] Activated worker 0, on threshold: 7374, current: 7425
[3.645s][debug][gc,refine         ] Deactivated worker 0, off threshold: 6862, current: 6657, refined cards: 768
[3.648s][debug][gc,refine         ] Activated worker 0, on threshold: 7374, current: 7425
[3.649s][debug][gc,refine         ] Deactivated worker 0, off threshold: 6862, current: 6656, refined cards: 769
[3.651s][debug][gc,refine         ] Activated worker 0, on threshold: 7374, current: 7424
[3.652s][debug][gc,refine         ] Deactivated worker 0, off threshold: 6862, current: 6656, refined cards: 768
[3.654s][debug][gc,refine         ] Activated worker 0, on threshold: 7374, current: 7424
[3.655s][debug][gc,refine         ] Deactivated worker 0, off threshold: 6862, current: 6656, refined cards: 1024
[3.657s][debug][gc,refine         ] Activated worker 0, on threshold: 7374, current: 7424
[3.658s][debug][gc,refine         ] Deactivated worker 0, off threshold: 6862, current: 6656, refined cards: 768
[3.661s][debug][gc,refine         ] Activated worker 0, on threshold: 7374, current: 7424
[3.662s][debug][gc,refine         ] Deactivated worker 0, off threshold: 6862, current: 6656, refined cards: 768
[3.663s][debug][gc,refine         ] Activated worker 0, on threshold: 7374, current: 7424
[3.664s][debug][gc,refine         ] Deactivated worker 0, off threshold: 6862, current: 6656, refined cards: 768
[3.666s][debug][gc,refine         ] Activated worker 0, on threshold: 7374, current: 7424
[3.667s][debug][gc,refine         ] Deactivated worker 0, off threshold: 6862, current: 6656, refined cards: 1024
[3.670s][debug][gc,refine         ] Activated worker 0, on threshold: 7374, current: 7424
[3.671s][debug][gc,refine         ] Deactivated worker 0, off threshold: 6862, current: 6656, refined cards: 768
[3.674s][debug][gc,refine         ] Activated worker 0, on threshold: 7374, current: 7424
[3.675s][debug][gc,refine         ] Deactivated worker 0, off threshold: 6862, current: 6656, refined cards: 768
[3.677s][debug][gc,refine         ] Activated worker 0, on threshold: 7374, current: 7424
[3.678s][debug][gc,refine         ] Deactivated worker 0, off threshold: 6862, current: 6656, refined cards: 768
[3.678s][debug][gc,stats          ] ---------------------------------------------------------------------
[3.678s][debug][gc,stats          ] Marking Stats, task = 0, calls = 7
[3.678s][debug][gc,stats          ]   Elapsed time = 36.90ms, Termination time = 0.00ms
[3.678s][debug][gc,stats          ]   Step Times (cum): num = 81, avg = 3.86ms, sd = 6.75ms max = 16.00ms, total = 313.00ms
[3.679s][debug][gc,stats          ]   Mark Stats Cache: hits 21660 misses 0 ratio 100.000
[3.679s][debug][gc,stats          ] ---------------------------------------------------------------------
[3.679s][info ][gc,marking        ] GC(23) Concurrent Mark From Roots 37.124ms
[3.679s][info ][gc,marking        ] GC(23) Concurrent Preclean
[3.679s][debug][gc,ref,start      ] GC(23) Preclean SoftReferences
[3.679s][debug][gc,ref            ] GC(23) Preclean SoftReferences 0.040ms
[3.679s][debug][gc,ref,start      ] GC(23) Preclean WeakReferences
[3.679s][debug][gc,ref            ] GC(23) Preclean WeakReferences 0.039ms
[3.679s][debug][gc,ref,start      ] GC(23) Preclean FinalReferences
[3.679s][debug][gc,ref            ] GC(23) Preclean FinalReferences 0.034ms
[3.679s][debug][gc,ref,start      ] GC(23) Preclean PhantomReferences
[3.679s][debug][gc,ref            ] GC(23) Preclean PhantomReferences 0.034ms
[3.679s][info ][gc,marking        ] GC(23) Concurrent Preclean 0.250ms
[3.679s][info ][gc,start          ] GC(23) Pause Remark
[3.679s][debug][gc,phases,start   ] GC(23) Finalize Marking
[3.679s][debug][gc,stats          ] ---------------------------------------------------------------------
[3.679s][debug][gc,stats          ] Marking Stats, task = 0, calls = 24
[3.679s][debug][gc,stats          ]   Elapsed time = 0.03ms, Termination time = 0.00ms
[3.679s][debug][gc,stats          ]   Step Times (cum): num = 98, avg = 3.19ms, sd = 6.31ms max = 16.00ms, total = 313.00ms
[3.679s][debug][gc,stats          ]   Mark Stats Cache: hits 21660 misses 0 ratio 100.000
[3.679s][debug][gc,stats          ] ---------------------------------------------------------------------
[3.679s][debug][gc,stats          ] Marking Stats, task = 1, calls = 1
[3.679s][debug][gc,stats          ]   Elapsed time = 0.03ms, Termination time = 0.00ms
[3.679s][debug][gc,stats          ]   Step Times (cum): num = 3, avg = 0.00ms, sd = 0.00ms max = 0.00ms, total = 0.00ms
[3.679s][debug][gc,stats          ]   Mark Stats Cache: hits 18 misses 0 ratio 100.000
[3.679s][debug][gc,stats          ] ---------------------------------------------------------------------
[3.679s][debug][gc,stats          ] Marking Stats, task = 2, calls = 1
[3.679s][debug][gc,stats          ]   Elapsed time = 0.03ms, Termination time = 0.00ms
[3.679s][debug][gc,stats          ]   Step Times (cum): num = 3, avg = 0.00ms, sd = 0.00ms max = 0.00ms, total = 0.00ms
[3.679s][debug][gc,stats          ]   Mark Stats Cache: hits 36 misses 0 ratio 100.000
[3.679s][debug][gc,stats          ] ---------------------------------------------------------------------
[3.679s][debug][gc,stats          ] Marking Stats, task = 3, calls = 1
[3.679s][debug][gc,stats          ]   Elapsed time = 0.01ms, Termination time = 0.00ms
[3.680s][debug][gc,stats          ]   Step Times (cum): num = 3, avg = 0.00ms, sd = 0.00ms max = 0.00ms, total = 0.00ms
[3.680s][debug][gc,stats          ]   Mark Stats Cache: hits 17 misses 0 ratio 100.000
[3.680s][debug][gc,stats          ] ---------------------------------------------------------------------
[3.680s][debug][gc,phases         ] GC(23) Finalize Marking 0.621ms
[3.680s][debug][gc,phases,start   ] GC(23) Reference Processing
[3.680s][debug][gc,ref            ] GC(23) Skipped phase 1 of Reference Processing: no references
[3.680s][debug][gc,ref            ] GC(23) Skipped phase 2 of Reference Processing: no references
[3.680s][debug][gc,ref            ] GC(23) Skipped phase 3 of Reference Processing: no references
[3.680s][debug][gc,ref            ] GC(23) Skipped phase 4 of Reference Processing: no references
[3.680s][debug][gc,phases,ref     ] GC(23) Reference Processing: 0.1ms
[3.680s][debug][gc,phases,ref     ] GC(23)   Reconsider SoftReferences: 0.0ms
[3.680s][debug][gc,phases,ref     ] GC(23)     SoftRef (ms):                  skipped
[3.680s][debug][gc,phases,ref     ] GC(23)   Notify Soft/WeakReferences: 0.0ms
[3.680s][debug][gc,phases,ref     ] GC(23)     SoftRef (ms):                  skipped
[3.680s][debug][gc,phases,ref     ] GC(23)     WeakRef (ms):                  skipped
[3.680s][debug][gc,phases,ref     ] GC(23)     FinalRef (ms):                 skipped
[3.680s][debug][gc,phases,ref     ] GC(23)     Total (ms):                    skipped
[3.680s][debug][gc,phases,ref     ] GC(23)   Notify and keep alive finalizable: 0.0ms
[3.680s][debug][gc,phases,ref     ] GC(23)     FinalRef (ms):                 skipped
[3.680s][debug][gc,phases,ref     ] GC(23)   Notify PhantomReferences: 0.0ms
[3.680s][debug][gc,phases,ref     ] GC(23)     PhantomRef (ms):               skipped
[3.680s][debug][gc,phases,ref     ] GC(23)   SoftReference:
[3.680s][debug][gc,phases,ref     ] GC(23)     Discovered: 0
[3.680s][debug][gc,phases,ref     ] GC(23)     Cleared: 0
[3.680s][debug][gc,phases,ref     ] GC(23)   WeakReference:
[3.680s][debug][gc,phases,ref     ] GC(23)     Discovered: 0
[3.680s][debug][gc,phases,ref     ] GC(23)     Cleared: 0
[3.680s][debug][gc,phases,ref     ] GC(23)   FinalReference:
[3.680s][debug][gc,phases,ref     ] GC(23)     Discovered: 0
[3.680s][debug][gc,phases,ref     ] GC(23)     Cleared: 0
[3.680s][debug][gc,phases,ref     ] GC(23)   PhantomReference:
[3.680s][debug][gc,phases,ref     ] GC(23)     Discovered: 0
[3.680s][debug][gc,phases,ref     ] GC(23)     Cleared: 0
[3.680s][debug][gc,phases         ] GC(23) Reference Processing 0.741ms
[3.680s][debug][gc,phases,start   ] GC(23) Weak Processing
[3.680s][debug][gc,phases         ] GC(23)   VM Weak                        Min:  0.0, Avg:  0.0, Max:  0.0, Diff:  0.0, Sum:  0.0, Workers: 3
[3.681s][debug][gc,phases         ] GC(23)     Dead                           Min: 0, Avg:  0.0, Max: 0, Diff: 0, Sum: 0, Workers: 3
[3.681s][debug][gc,phases         ] GC(23)     Total                          Min: 0, Avg:  4.7, Max: 14, Diff: 14, Sum: 14, Workers: 3
[3.681s][debug][gc,phases         ] GC(23)   ObjectSynchronizer Weak        Min:  0.0, Avg:  0.0, Max:  0.0, Diff:  0.0, Sum:  0.0, Workers: 3
[3.681s][debug][gc,phases         ] GC(23)     Dead                           Min: 0, Avg:  0.0, Max: 0, Diff: 0, Sum: 0, Workers: 3
[3.681s][debug][gc,phases         ] GC(23)     Total                          Min: 0, Avg:  1.0, Max: 3, Diff: 3, Sum: 3, Workers: 3
[3.681s][debug][gc,phases         ] GC(23)   JVMTI Tag Weak OopStorage      Min:  0.0, Avg:  0.0, Max:  0.0, Diff:  0.0, Sum:  0.0, Workers: 3
[3.681s][debug][gc,phases         ] GC(23)     Dead                           Min: 0, Avg:  0.0, Max: 0, Diff: 0, Sum: 0, Workers: 3
[3.681s][debug][gc,phases         ] GC(23)     Total                          Min: 0, Avg:  0.0, Max: 0, Diff: 0, Sum: 0, Workers: 3
[3.681s][debug][gc,phases         ] GC(23)   StringTable Weak               Min:  0.0, Avg:  0.0, Max:  0.0, Diff:  0.0, Sum:  0.0, Workers: 3
[3.681s][debug][gc,phases         ] GC(23)     Dead                           Min: 0, Avg:  0.0, Max: 0, Diff: 0, Sum: 0, Workers: 3
[3.681s][debug][gc,phases         ] GC(23)     Total                          Min: 672, Avg: 821.3, Max: 960, Diff: 288, Sum: 2464, Workers: 3
[3.681s][debug][gc,phases         ] GC(23)   ResolvedMethodTable Weak       Min:  0.0, Avg:  0.0, Max:  0.0, Diff:  0.0, Sum:  0.0, Workers: 3
[3.681s][debug][gc,phases         ] GC(23)     Dead                           Min: 0, Avg:  0.0, Max: 0, Diff: 0, Sum: 0, Workers: 3
[3.681s][debug][gc,phases         ] GC(23)     Total                          Min: 9, Avg: 45.7, Max: 64, Diff: 55, Sum: 137, Workers: 3
[3.681s][debug][gc,phases         ] GC(23)   JNI Weak                       Min:  0.0, Avg:  0.0, Max:  0.0, Diff:  0.0, Sum:  0.0, Workers: 3
[3.681s][debug][gc,phases         ] GC(23)     Dead                           Min: 0, Avg:  0.0, Max: 0, Diff: 0, Sum: 0, Workers: 3
[3.681s][debug][gc,phases         ] GC(23)     Total                          Min: 0, Avg:  0.0, Max: 0, Diff: 0, Sum: 0, Workers: 3
[3.681s][debug][gc,phases         ] GC(23)   StringDedup Table Weak         Min:  0.0, Avg:  0.0, Max:  0.0, Diff:  0.0, Sum:  0.0, Workers: 3
[3.681s][debug][gc,phases         ] GC(23)     Dead                           Min: 0, Avg:  0.0, Max: 0, Diff: 0, Sum: 0, Workers: 3
[3.681s][debug][gc,phases         ] GC(23)     Total                          Min: 0, Avg:  0.0, Max: 0, Diff: 0, Sum: 0, Workers: 3
[3.681s][debug][gc,phases         ] GC(23)   StringDedup Requests0 Weak     Min:  0.0, Avg:  0.0, Max:  0.0, Diff:  0.0, Sum:  0.0, Workers: 3
[3.681s][debug][gc,phases         ] GC(23)     Dead                           Min: 0, Avg:  0.0, Max: 0, Diff: 0, Sum: 0, Workers: 3
[3.681s][debug][gc,phases         ] GC(23)     Total                          Min: 0, Avg:  0.0, Max: 0, Diff: 0, Sum: 0, Workers: 3
[3.681s][debug][gc,phases         ] GC(23)   StringDedup Requests1 Weak     Min:  0.0, Avg:  0.0, Max:  0.0, Diff:  0.0, Sum:  0.0, Workers: 3
[3.681s][debug][gc,phases         ] GC(23)     Dead                           Min: 0, Avg:  0.0, Max: 0, Diff: 0, Sum: 0, Workers: 3
[3.682s][debug][gc,phases         ] GC(23)     Total                          Min: 0, Avg:  0.0, Max: 0, Diff: 0, Sum: 0, Workers: 3
[3.682s][debug][gc,phases         ] GC(23)   Weak JFR Old Object Samples    Min:  0.0, Avg:  0.0, Max:  0.0, Diff:  0.0, Sum:  0.0, Workers: 3
[3.682s][debug][gc,phases         ] GC(23)     Dead                           Min: 0, Avg:  0.0, Max: 0, Diff: 0, Sum: 0, Workers: 3
[3.682s][debug][gc,phases         ] GC(23)     Total                          Min: 0, Avg:  0.0, Max: 0, Diff: 0, Sum: 0, Workers: 3
[3.682s][debug][gc,phases         ] GC(23) Weak Processing 1.279ms
[3.682s][debug][gc,phases,start   ] GC(23) Class Unloading
[3.682s][debug][gc,phases,start   ] GC(23) ClassLoaderData
[3.682s][debug][gc,phases         ] GC(23) ClassLoaderData 0.028ms
[3.682s][debug][gc,phases,start   ] GC(23) Trigger cleanups
[3.682s][debug][gc,phases         ] GC(23) Trigger cleanups 0.015ms
[3.682s][debug][gc,phases         ] GC(23) Class Unloading 0.258ms
[3.682s][debug][gc,phases,start   ] GC(23) Flush Task Caches
[3.682s][debug][gc,stats          ] Mark stats cache hits 21731 misses 0 ratio 100.000
[3.682s][debug][gc,phases         ] GC(23) Flush Task Caches 0.038ms
[3.682s][debug][gc,phases,start   ] GC(23) Update Remembered Set Tracking Before Rebuild
[3.682s][debug][gc,ergo           ] GC(23) Running G1 Update RemSet Tracking Before Rebuild using 2 workers for 512 regions in heap
[3.682s][debug][gc,remset,tracking] GC(23) Remembered Set Tracking update regions total 512, selected 7
[3.682s][debug][gc,phases         ] GC(23) Update Remembered Set Tracking Before Rebuild 0.107ms
[3.682s][debug][gc,phases,start   ] GC(23) Reclaim Empty Regions
[3.682s][debug][gc                ] GC(23) Reclaimed 206 empty regions
[3.682s][debug][gc,phases         ] GC(23) Reclaim Empty Regions 0.198ms
[3.682s][debug][gc,phases,start   ] GC(23) Purge Metaspace
[3.682s][debug][gc,phases         ] GC(23) Purge Metaspace 0.023ms
[3.682s][debug][gc,phases,start   ] GC(23) Report Object Count
[3.682s][debug][gc,phases         ] GC(23) Report Object Count 0.028ms
[3.682s][debug][gc,mmu            ] GC(23) MMU: 35.0ms (200.0ms/201.0ms)
[3.683s][info ][gc                ] GC(23) Pause Remark 295M->89M(512M) 3.580ms
[3.683s][info ][gc,cpu            ] GC(23) User=0.00s Sys=0.00s Real=0.00s
[3.683s][info ][gc,marking        ] GC(23) Concurrent Mark 41.191ms
[3.683s][info ][gc,marking        ] GC(23) Concurrent Rebuild Remembered Sets
[3.684s][debug][gc,refine         ] Activated worker 0, on threshold: 7374, current: 7424
[3.685s][debug][gc,refine         ] Deactivated worker 0, off threshold: 6862, current: 6656, refined cards: 768
[3.686s][debug][gc,refine         ] Activated worker 0, on threshold: 7374, current: 7424
[3.687s][debug][gc,refine         ] Deactivated worker 0, off threshold: 6862, current: 6656, refined cards: 768
[3.688s][debug][gc,refine         ] Activated worker 0, on threshold: 7374, current: 7424
[3.690s][debug][gc,refine         ] Deactivated worker 0, off threshold: 6862, current: 6656, refined cards: 1024
[3.692s][debug][gc,refine         ] Activated worker 0, on threshold: 7374, current: 7424
[3.693s][debug][gc,refine         ] Deactivated worker 0, off threshold: 6862, current: 6656, refined cards: 768
[3.695s][debug][gc,refine         ] Activated worker 0, on threshold: 7374, current: 7424
[3.696s][debug][gc,refine         ] Deactivated worker 0, off threshold: 6862, current: 6656, refined cards: 768
[3.697s][debug][gc,refine         ] Activated worker 0, on threshold: 7374, current: 7424
[3.698s][debug][gc,refine         ] Deactivated worker 0, off threshold: 6862, current: 6656, refined cards: 768
[3.700s][debug][gc,refine         ] Activated worker 0, on threshold: 7374, current: 7424
[3.701s][debug][gc,refine         ] Deactivated worker 0, off threshold: 6862, current: 6656, refined cards: 768
[3.703s][debug][gc,refine         ] Activated worker 0, on threshold: 7374, current: 7424
[3.704s][debug][gc,refine         ] Deactivated worker 0, off threshold: 6862, current: 6656, refined cards: 768
[3.706s][debug][gc,refine         ] Activated worker 0, on threshold: 7374, current: 7424
[3.707s][debug][gc,refine         ] Deactivated worker 0, off threshold: 6862, current: 6656, refined cards: 768
[3.708s][debug][gc,refine         ] Activated worker 0, on threshold: 7374, current: 7424
[3.709s][debug][gc,refine         ] Deactivated worker 0, off threshold: 6862, current: 6656, refined cards: 768
[3.711s][debug][gc,refine         ] Activated worker 0, on threshold: 7374, current: 7424
[3.712s][debug][gc,refine         ] Deactivated worker 0, off threshold: 6862, current: 6656, refined cards: 768
[3.714s][debug][gc,refine         ] Activated worker 0, on threshold: 7374, current: 7424
[3.715s][debug][gc,refine         ] Deactivated worker 0, off threshold: 6862, current: 6656, refined cards: 768
[3.716s][debug][gc,refine         ] Activated worker 0, on threshold: 7374, current: 7424
[3.717s][debug][gc,refine         ] Deactivated worker 0, off threshold: 6862, current: 6656, refined cards: 768
[3.719s][debug][gc,refine         ] Activated worker 0, on threshold: 7374, current: 7424
[3.720s][debug][gc,refine         ] Deactivated worker 0, off threshold: 6862, current: 6656, refined cards: 768
[3.722s][debug][gc,refine         ] Activated worker 0, on threshold: 7374, current: 7424
[3.722s][debug][gc,refine         ] Deactivated worker 0, off threshold: 6862, current: 6656, refined cards: 768
[3.724s][debug][gc,refine         ] Activated worker 0, on threshold: 7374, current: 7424
[3.725s][debug][gc,refine         ] Deactivated worker 0, off threshold: 6862, current: 6656, refined cards: 768
[3.726s][debug][gc,refine         ] Activated worker 0, on threshold: 7374, current: 7424
[3.727s][debug][gc,refine         ] Deactivated worker 0, off threshold: 6862, current: 6656, refined cards: 768
[3.729s][debug][gc,refine         ] Activated worker 0, on threshold: 7374, current: 7424
[3.730s][debug][gc,refine         ] Deactivated worker 0, off threshold: 6862, current: 6656, refined cards: 768
[3.733s][debug][gc,refine         ] Activated worker 0, on threshold: 7374, current: 7424
[3.733s][debug][gc,refine         ] Deactivated worker 0, off threshold: 6862, current: 6656, refined cards: 768
[3.735s][debug][gc,refine         ] Activated worker 0, on threshold: 7374, current: 7424
[3.736s][debug][gc,refine         ] Deactivated worker 0, off threshold: 6862, current: 6656, refined cards: 768
[3.737s][debug][gc,refine         ] Activated worker 0, on threshold: 7374, current: 7424
[3.738s][debug][gc,refine         ] Deactivated worker 0, off threshold: 6862, current: 6656, refined cards: 768
[3.741s][debug][gc,refine         ] Activated worker 0, on threshold: 7374, current: 7424
[3.742s][debug][gc,refine         ] Deactivated worker 0, off threshold: 6862, current: 6656, refined cards: 768
[3.743s][debug][gc,refine         ] Activated worker 0, on threshold: 7374, current: 7424
[3.745s][debug][gc,refine         ] Deactivated worker 0, off threshold: 6862, current: 6656, refined cards: 1024
[3.745s][info ][gc,marking        ] GC(23) Concurrent Rebuild Remembered Sets 62.569ms
[3.745s][info ][gc,start          ] GC(23) Pause Cleanup
[3.745s][debug][gc,phases,start   ] GC(23) Update Remembered Set Tracking After Rebuild
[3.745s][debug][gc,phases         ] GC(23) Update Remembered Set Tracking After Rebuild 0.043ms
[3.745s][debug][gc,phases,start   ] GC(23) Finalize Concurrent Mark Cleanup
[3.746s][debug][gc,ergo,cset      ] GC(23) Pruned 7 regions out of 7, leaving 6222752 bytes waste (allowed 26843545)
[3.746s][debug][gc,ergo           ] GC(23) request young-only gcs (candidate old regions not available)
[3.746s][debug][gc,mmu            ] GC(23) MMU: 35.2ms (200.0ms/201.0ms)
[3.746s][debug][gc,phases         ] GC(23) Finalize Concurrent Mark Cleanup 0.151ms
[3.746s][info ][gc                ] GC(23) Pause Cleanup 125M->125M(512M) 0.282ms
[3.746s][info ][gc,cpu            ] GC(23) User=0.00s Sys=0.00s Real=0.00s
[3.746s][info ][gc,marking        ] GC(23) Concurrent Cleanup for Next Mark
[3.746s][debug][gc,ergo           ] GC(23) Running G1 Clear Bitmap with 1 workers for 8 work units.
[3.746s][info ][gc,marking        ] GC(23) Concurrent Cleanup for Next Mark 0.596ms
[3.746s][info ][gc                ] GC(23) Concurrent Mark Cycle 119.307ms
[3.746s][debug][gc,task,start     ] G1 Service Thread (Remembered Set Sampling Task) (run)
[3.746s][debug][gc,task           ] G1 Service Thread (Remembered Set Sampling Task) (run) 0.039ms (cpu: 0.000ms)
[3.747s][debug][gc,refine         ] Activated worker 0, on threshold: 7374, current: 7424
[3.748s][debug][gc,refine         ] Deactivated worker 0, off threshold: 6862, current: 6656, refined cards: 768
[3.749s][debug][gc,refine         ] Activated worker 0, on threshold: 7374, current: 7424
[3.750s][debug][gc,refine         ] Deactivated worker 0, off threshold: 6862, current: 6656, refined cards: 768
[3.752s][debug][gc,refine         ] Activated worker 0, on threshold: 7374, current: 7424
[3.753s][debug][gc,refine         ] Deactivated worker 0, off threshold: 6862, current: 6656, refined cards: 768
[3.755s][debug][gc,refine         ] Activated worker 0, on threshold: 7374, current: 7424
[3.756s][debug][gc,refine         ] Deactivated worker 0, off threshold: 6862, current: 6656, refined cards: 768
[3.758s][debug][gc,refine         ] Activated worker 0, on threshold: 7374, current: 7424
[3.759s][debug][gc,refine         ] Deactivated worker 0, off threshold: 6862, current: 6656, refined cards: 768
[3.760s][debug][gc,refine         ] Activated worker 0, on threshold: 7374, current: 7424
[3.761s][debug][gc,refine         ] Deactivated worker 0, off threshold: 6862, current: 6656, refined cards: 768
[3.763s][debug][gc,refine         ] Activated worker 0, on threshold: 7374, current: 7424
[3.764s][debug][gc,refine         ] Deactivated worker 0, off threshold: 6862, current: 6656, refined cards: 768
[3.766s][debug][gc,refine         ] Activated worker 0, on threshold: 7374, current: 7424
[3.767s][debug][gc,refine         ] Deactivated worker 0, off threshold: 6862, current: 6656, refined cards: 1024
[3.769s][debug][gc,heap           ] GC(24) Heap before GC invocations=24 (full 0):
[3.769s][debug][gc,heap           ] GC(24)  garbage-first heap   total 524288K, used 141312K [0x00000000e0000000, 0x0000000100000000)
[3.769s][debug][gc,heap           ] GC(24)   region size 1024K, 86 young (88064K), 11 survivors (11264K)
[3.769s][debug][gc,heap           ] GC(24)  Metaspace       used 493K, committed 640K, reserved 1056768K
[3.769s][debug][gc,heap           ] GC(24)   class space    used 37K, committed 128K, reserved 1048576K
[3.769s][info ][gc,start          ] GC(24) Pause Young (Normal) (G1 Evacuation Pause)
[3.769s][info ][gc,task           ] GC(24) Using 4 workers of 4 for evacuation
[3.769s][debug][gc,tlab           ] GC(24) TLAB totals: thrds: 1  refills: 225 max: 225 slow allocs: 0 max 0 waste:  0.2% gc: 0B max: 0B slow: 129608B max: 129608B
[3.769s][debug][gc,age            ] GC(24) Desired survivor size 5767168 bytes, new threshold 1 (max threshold 15)
[3.769s][debug][gc,refine         ] Activated worker 0, on threshold: 7374, current: 7385
[3.769s][debug][gc,refine,stats   ] GC(24) Mutator refinement: 0.00ms, refined: 0, precleaned: 0, dirtied: 38361
[3.769s][debug][gc,refine,stats   ] GC(24) Concurrent refinement: 40.86ms, refined: 36612, precleaned: 1024, dirtied: 0
[3.769s][debug][gc,refine,stats   ] GC(24) Total refinement: 40.86ms, refined: 36612, precleaned: 1024, dirtied: 38361
[3.769s][debug][gc,refine,stats   ] GC(24) Concurrent refinement rate: 896.12 cards/ms
[3.769s][debug][gc,refine,stats   ] GC(24) Generate dirty cards rate: 270.67 cards/ms
[3.770s][debug][gc,alloc,region   ] GC(24) Mutator Allocation stats, regions: 75, wasted size: 0B ( 0.0%)
[3.770s][debug][gc,humongous      ] GC(24) Humongous region 155 (object size 36920416 @ 0x00000000e9b00000) remset 1 code roots 0 marked 0 reclaim candidate 0 type array 0
[3.770s][debug][gc,ergo           ] GC(24) Running G1 Merge Heap Roots using 4 workers for 86 regions
[3.770s][debug][gc,remset         ] GC(24) Visited cards 45824 Total dirty 49152 (93.23%) Total old 458752 (9.99%)
[3.897s][debug][gc,ref            ] GC(24) Skipped phase 1 of Reference Processing: no references
[3.897s][debug][gc,ref            ] GC(24) Skipped phase 2 of Reference Processing: no references
[3.897s][debug][gc,ref            ] GC(24) Skipped phase 3 of Reference Processing: no references
[3.897s][debug][gc,ref            ] GC(24) Skipped phase 4 of Reference Processing: no references
[3.898s][debug][gc,ergo           ] GC(24) Running G1 Rebuild Free List Task using 4 workers for rebuilding free list of regions
[3.898s][debug][gc,plab           ] GC(24) Young PLAB allocation: allocated: 11534336B, wasted: 352B, unused: 0B, used: 11533984B, undo waste: 0B, 
[3.898s][debug][gc,plab           ] GC(24) Young other allocation: region end waste: 0B, regions filled: 11, direct allocated: 0B, failure used: 0B, failure wasted: 0B
[3.898s][debug][gc,plab           ] GC(24) Young sizing: calculated: 2306792B, actual: 2347296B
[3.898s][debug][gc,plab           ] GC(24) Old PLAB allocation: allocated: 79691776B, wasted: 2368B, unused: 1176688B, used: 78512720B, undo waste: 0B, 
[3.898s][debug][gc,plab           ] GC(24) Old other allocation: region end waste: 0B, regions filled: 76, direct allocated: 0B, failure used: 0B, failure wasted: 0B
[3.898s][debug][gc,plab           ] GC(24) Old sizing: calculated: 15702544B, actual: 12560096B
[3.898s][debug][gc,ergo,heap      ] GC(24) Heap expansion: short term pause time ratio 0.33% long term pause time ratio 25.28% threshold 7.69% pause time ratio 7.69% fully expanded true resize by 0B
[3.898s][debug][gc,mmu            ] GC(24) MMU: 128.8ms (200.0ms/201.0ms)
[3.898s][debug][gc,alloc,stats    ] Old generation allocation in the last mutator period, old gen allocated: 79691776B, humongous allocated: 0B,old gen growth: 79691776B.
[3.898s][debug][gc,ihop           ] GC(24) Basic information (value update), threshold: 241591910B (45.00), target occupancy: 536870912B, current occupancy: 145752064B, recent allocation size: 79691776B, recent allocation duration: 141.72ms, recent old gen allocation rate: 562303806.63B/s, recent marking phase length: 513.50ms
[3.898s][debug][gc,ihop           ] GC(24) Adaptive IHOP information (value update), threshold: 241591910B (52.94), internal target occupancy: 456340275B, occupancy: 145752064B, additional buffer size: 137363456B, predicted old gen allocation rate: 375115845.16B/s, predicted marking phase length: 1026.99ms, prediction active: false
[3.898s][debug][gc,ergo,refine    ] GC(24) Concurrent refinement times: Logged Cards Scan time goal: 20.00ms Logged Cards Scan time: 3.40ms HCC time: 0.00ms
[3.898s][debug][gc,ergo,refine    ] GC(24) Updated Refinement Zones: green: 7548, yellow: 22644, red: 37740
[3.898s][info ][gc,phases         ] GC(24)   Pre Evacuate Collection Set: 0.1ms
[3.898s][debug][gc,phases         ] GC(24)     Prepare TLABs: 0.0ms
[3.898s][debug][gc,phases         ] GC(24)     Concatenate Dirty Card Logs: 0.0ms
[3.898s][debug][gc,phases         ] GC(24)     Choose Collection Set: 0.0ms
[3.898s][debug][gc,phases         ] GC(24)     Region Register: 0.1ms
[3.898s][debug][gc,phases         ] GC(24)     Prepare Heap Roots: 0.0ms
[3.898s][info ][gc,phases         ] GC(24)   Merge Heap Roots: 0.2ms
[3.899s][debug][gc,phases         ] GC(24)     Prepare Merge Heap Roots: 0.0ms
[3.899s][debug][gc,phases         ] GC(24)     Eager Reclaim (ms):            skipped
[3.899s][debug][gc,phases         ] GC(24)     Remembered Sets (ms):          Min:  0.0, Avg:  0.1, Max:  0.1, Diff:  0.1, Sum:  0.3, Workers: 4
[3.899s][debug][gc,phases         ] GC(24)       Merged Sparse:                 Min: 0, Avg:  0.5, Max: 2, Diff: 2, Sum: 2, Workers: 4
[3.899s][debug][gc,phases         ] GC(24)       Merged Fine:                   Min: 0, Avg: 23.8, Max: 34, Diff: 34, Sum: 95, Workers: 4
[3.899s][debug][gc,phases         ] GC(24)       Merged Coarse:                 Min: 0, Avg:  0.0, Max: 0, Diff: 0, Sum: 0, Workers: 4
[3.899s][debug][gc,phases         ] GC(24)       Dirty Cards:                   Min: 0, Avg: 8891.8, Max: 12261, Diff: 12261, Sum: 35567, Workers: 4
[3.899s][debug][gc,phases         ] GC(24)     Hot Card Cache (ms):           Min:  0.0, Avg:  0.0, Max:  0.0, Diff:  0.0, Sum:  0.0, Workers: 4
[3.899s][debug][gc,phases         ] GC(24)       Dirty Cards:                   Min: 0, Avg: 250.0, Max: 536, Diff: 536, Sum: 1000, Workers: 4
[3.899s][debug][gc,phases         ] GC(24)       Skipped Cards:                 Min: 0, Avg:  0.0, Max: 0, Diff: 0, Sum: 0, Workers: 4
[3.899s][debug][gc,phases         ] GC(24)     Log Buffers (ms):              Min:  0.0, Avg:  0.0, Max:  0.0, Diff:  0.0, Sum:  0.1, Workers: 4
[3.899s][debug][gc,phases         ] GC(24)       Dirty Cards:                   Min: 0, Avg: 1840.3, Max: 2552, Diff: 2552, Sum: 7361, Workers: 4
[3.899s][debug][gc,phases         ] GC(24)       Skipped Cards:                 Min: 0, Avg:  0.0, Max: 0, Diff: 0, Sum: 0, Workers: 4
[3.899s][info ][gc,phases         ] GC(24)   Evacuate Collection Set: 127.3ms
[3.899s][debug][gc,phases         ] GC(24)     Ext Root Scanning (ms):        Min:  0.0, Avg:  0.0, Max:  0.0, Diff:  0.0, Sum:  0.1, Workers: 4
[3.899s][debug][gc,phases         ] GC(24)     Scan Heap Roots (ms):          Min: 15.1, Avg: 20.1, Max: 34.1, Diff: 19.0, Sum: 80.6, Workers: 4
[3.899s][debug][gc,phases         ] GC(24)       Scanned Cards:                 Min: 10377, Avg: 10999.3, Max: 12372, Diff: 1995, Sum: 43997, Workers: 4
[3.899s][debug][gc,phases         ] GC(24)       Scanned Blocks:                Min: 41, Avg: 47.5, Max: 54, Diff: 13, Sum: 190, Workers: 4
[3.899s][debug][gc,phases         ] GC(24)       Claimed Chunks:                Min: 41, Avg: 44.8, Max: 53, Diff: 12, Sum: 179, Workers: 4
[3.899s][debug][gc,phases         ] GC(24)     Code Root Scan (ms):           Min:  0.0, Avg:  0.0, Max:  0.0, Diff:  0.0, Sum:  0.0, Workers: 4
[3.899s][debug][gc,phases         ] GC(24)     Object Copy (ms):              Min: 84.6, Avg: 100.2, Max: 112.1, Diff: 27.5, Sum: 401.0, Workers: 4
[3.899s][debug][gc,phases         ] GC(24)     Termination (ms):              Min:  0.0, Avg:  0.0, Max:  0.0, Diff:  0.0, Sum:  0.0, Workers: 4
[3.899s][debug][gc,phases         ] GC(24)       Termination Attempts:          Min: 1, Avg: 19.5, Max: 33, Diff: 32, Sum: 78, Workers: 4
[3.899s][debug][gc,phases         ] GC(24)     GC Worker Other (ms):          Min:  0.0, Avg:  0.0, Max:  0.0, Diff:  0.0, Sum:  0.1, Workers: 4
[3.899s][debug][gc,phases         ] GC(24)     GC Worker Total (ms):          Min: 99.7, Avg: 120.4, Max: 127.3, Diff: 27.6, Sum: 481.7, Workers: 4
[3.899s][info ][gc,phases         ] GC(24)   Post Evacuate Collection Set: 0.4ms
[3.899s][debug][gc,phases         ] GC(24)     Code Roots Fixup: 0.0ms
[3.899s][debug][gc,phases         ] GC(24)     Reference Processing: 0.2ms
[3.900s][debug][gc,phases,ref     ] GC(24)       Reconsider SoftReferences: 0.1ms
[3.900s][debug][gc,phases,ref     ] GC(24)         SoftRef (ms):                  skipped
[3.900s][debug][gc,phases,ref     ] GC(24)       Notify Soft/WeakReferences: 0.0ms
[3.900s][debug][gc,phases,ref     ] GC(24)         SoftRef (ms):                  skipped
[3.900s][debug][gc,phases,ref     ] GC(24)         WeakRef (ms):                  skipped
[3.900s][debug][gc,phases,ref     ] GC(24)         FinalRef (ms):                 skipped
[3.900s][debug][gc,phases,ref     ] GC(24)         Total (ms):                    skipped
[3.900s][debug][gc,phases,ref     ] GC(24)       Notify and keep alive finalizable: 0.0ms
[3.900s][debug][gc,phases,ref     ] GC(24)         FinalRef (ms):                 skipped
[3.900s][debug][gc,phases,ref     ] GC(24)       Notify PhantomReferences: 0.0ms
[3.900s][debug][gc,phases,ref     ] GC(24)         PhantomRef (ms):               skipped
[3.900s][debug][gc,phases,ref     ] GC(24)       SoftReference:
[3.900s][debug][gc,phases,ref     ] GC(24)         Discovered: 0
[3.900s][debug][gc,phases,ref     ] GC(24)         Cleared: 0
[3.900s][debug][gc,phases,ref     ] GC(24)       WeakReference:
[3.900s][debug][gc,phases,ref     ] GC(24)         Discovered: 0
[3.900s][debug][gc,phases,ref     ] GC(24)         Cleared: 0
[3.900s][debug][gc,phases,ref     ] GC(24)       FinalReference:
[3.900s][debug][gc,phases,ref     ] GC(24)         Discovered: 0
[3.900s][debug][gc,phases,ref     ] GC(24)         Cleared: 0
[3.900s][debug][gc,phases,ref     ] GC(24)       PhantomReference:
[3.900s][debug][gc,phases,ref     ] GC(24)         Discovered: 0
[3.900s][debug][gc,phases,ref     ] GC(24)         Cleared: 0
[3.900s][debug][gc,phases         ] GC(24)     Weak Processing: 0.0ms
[3.900s][debug][gc,phases         ] GC(24)       VM Weak                        Min:  0.0, Avg:  0.0, Max:  0.0, Diff:  0.0, Sum:  0.0, Workers: 3
[3.900s][debug][gc,phases         ] GC(24)         Dead                           Min: 0, Avg:  0.0, Max: 0, Diff: 0, Sum: 0, Workers: 3
[3.900s][debug][gc,phases         ] GC(24)         Total                          Min: 0, Avg:  4.7, Max: 14, Diff: 14, Sum: 14, Workers: 3
[3.900s][debug][gc,phases         ] GC(24)       ObjectSynchronizer Weak        Min:  0.0, Avg:  0.0, Max:  0.0, Diff:  0.0, Sum:  0.0, Workers: 3
[3.900s][debug][gc,phases         ] GC(24)         Dead                           Min: 0, Avg:  0.0, Max: 0, Diff: 0, Sum: 0, Workers: 3
[3.900s][debug][gc,phases         ] GC(24)         Total                          Min: 0, Avg:  1.0, Max: 3, Diff: 3, Sum: 3, Workers: 3
[3.900s][debug][gc,phases         ] GC(24)       JVMTI Tag Weak OopStorage      Min:  0.0, Avg:  0.0, Max:  0.0, Diff:  0.0, Sum:  0.0, Workers: 3
[3.900s][debug][gc,phases         ] GC(24)         Dead                           Min: 0, Avg:  0.0, Max: 0, Diff: 0, Sum: 0, Workers: 3
[3.900s][debug][gc,phases         ] GC(24)         Total                          Min: 0, Avg:  0.0, Max: 0, Diff: 0, Sum: 0, Workers: 3
[3.900s][debug][gc,phases         ] GC(24)       StringTable Weak               Min:  0.0, Avg:  0.0, Max:  0.0, Diff:  0.0, Sum:  0.0, Workers: 3
[3.900s][debug][gc,phases         ] GC(24)         Dead                           Min: 0, Avg:  0.0, Max: 0, Diff: 0, Sum: 0, Workers: 3
[3.900s][debug][gc,phases         ] GC(24)         Total                          Min: 448, Avg: 821.3, Max: 1184, Diff: 736, Sum: 2464, Workers: 3
[3.900s][debug][gc,phases         ] GC(24)       ResolvedMethodTable Weak       Min:  0.0, Avg:  0.0, Max:  0.0, Diff:  0.0, Sum:  0.0, Workers: 3
[3.900s][debug][gc,phases         ] GC(24)         Dead                           Min: 0, Avg:  0.0, Max: 0, Diff: 0, Sum: 0, Workers: 3
[3.900s][debug][gc,phases         ] GC(24)         Total                          Min: 9, Avg: 45.7, Max: 64, Diff: 55, Sum: 137, Workers: 3
[3.900s][debug][gc,phases         ] GC(24)       JNI Weak                       Min:  0.0, Avg:  0.0, Max:  0.0, Diff:  0.0, Sum:  0.0, Workers: 3
[3.900s][debug][gc,phases         ] GC(24)         Dead                           Min: 0, Avg:  0.0, Max: 0, Diff: 0, Sum: 0, Workers: 3
[3.900s][debug][gc,phases         ] GC(24)         Total                          Min: 0, Avg:  0.0, Max: 0, Diff: 0, Sum: 0, Workers: 3
[3.900s][debug][gc,phases         ] GC(24)       StringDedup Table Weak         Min:  0.0, Avg:  0.0, Max:  0.0, Diff:  0.0, Sum:  0.0, Workers: 3
[3.900s][debug][gc,phases         ] GC(24)         Dead                           Min: 0, Avg:  0.0, Max: 0, Diff: 0, Sum: 0, Workers: 3
[3.900s][debug][gc,phases         ] GC(24)         Total                          Min: 0, Avg:  0.0, Max: 0, Diff: 0, Sum: 0, Workers: 3
[3.900s][debug][gc,phases         ] GC(24)       StringDedup Requests0 Weak     Min:  0.0, Avg:  0.0, Max:  0.0, Diff:  0.0, Sum:  0.0, Workers: 3
[3.900s][debug][gc,phases         ] GC(24)         Dead                           Min: 0, Avg:  0.0, Max: 0, Diff: 0, Sum: 0, Workers: 3
[3.900s][debug][gc,phases         ] GC(24)         Total                          Min: 0, Avg:  0.0, Max: 0, Diff: 0, Sum: 0, Workers: 3
[3.900s][debug][gc,phases         ] GC(24)       StringDedup Requests1 Weak     Min:  0.0, Avg:  0.0, Max:  0.0, Diff:  0.0, Sum:  0.0, Workers: 3
[3.900s][debug][gc,phases         ] GC(24)         Dead                           Min: 0, Avg:  0.0, Max: 0, Diff: 0, Sum: 0, Workers: 3
[3.900s][debug][gc,phases         ] GC(24)         Total                          Min: 0, Avg:  0.0, Max: 0, Diff: 0, Sum: 0, Workers: 3
[3.900s][debug][gc,phases         ] GC(24)       Weak JFR Old Object Samples    Min:  0.0, Avg:  0.0, Max:  0.0, Diff:  0.0, Sum:  0.0, Workers: 3
[3.900s][debug][gc,phases         ] GC(24)         Dead                           Min: 0, Avg:  0.0, Max: 0, Diff: 0, Sum: 0, Workers: 3
[3.900s][debug][gc,phases         ] GC(24)         Total                          Min: 0, Avg:  0.0, Max: 0, Diff: 0, Sum: 0, Workers: 3
[3.900s][debug][gc,phases         ] GC(24)     Post Evacuate Cleanup 1: 0.0ms
[3.900s][debug][gc,phases         ] GC(24)       Merge Per-Thread State (ms):   Min:  0.0, Avg:  0.0, Max:  0.0, Diff:  0.0, Sum:  0.0, Workers: 1
[3.901s][debug][gc,phases         ] GC(24)         Copied Bytes                   Min: 21222912, Avg: 22511676.0, Max: 25450576, Diff: 4227664, Sum: 90046704, Workers: 4
[3.901s][debug][gc,phases         ] GC(24)         LAB Waste                      Min: 640, Avg: 680.0, Max: 768, Diff: 128, Sum: 2720, Workers: 4
[3.901s][debug][gc,phases         ] GC(24)         LAB Undo Waste                 Min: 0, Avg:  0.0, Max: 0, Diff: 0, Sum: 0, Workers: 4
[3.901s][debug][gc,phases         ] GC(24)       Clear Logged Cards (ms):       Min:  0.0, Avg:  0.0, Max:  0.0, Diff:  0.0, Sum:  0.0, Workers: 3
[3.901s][debug][gc,phases         ] GC(24)       Recalculate Used Memory (ms):  Min:  0.0, Avg:  0.0, Max:  0.0, Diff:  0.0, Sum:  0.0, Workers: 1
[3.901s][debug][gc,phases         ] GC(24)     Post Evacuate Cleanup 2: 0.1ms
[3.901s][debug][gc,phases         ] GC(24)       Reset Hot Card Cache (ms):     Min:  0.0, Avg:  0.0, Max:  0.0, Diff:  0.0, Sum:  0.0, Workers: 1
[3.901s][debug][gc,phases         ] GC(24)       Purge Code Roots (ms):         Min:  0.0, Avg:  0.0, Max:  0.0, Diff:  0.0, Sum:  0.0, Workers: 1
[3.901s][debug][gc,phases         ] GC(24)       Update Derived Pointers (ms):  Min:  0.0, Avg:  0.0, Max:  0.0, Diff:  0.0, Sum:  0.0, Workers: 1
[3.901s][debug][gc,phases         ] GC(24)       Eagerly Reclaim Humongous Objects (ms): Min:  0.0, Avg:  0.0, Max:  0.0, Diff:  0.0, Sum:  0.0, Workers: 1
[3.901s][debug][gc,phases         ] GC(24)         Humongous Total                Min: 1, Avg:  1.0, Max: 1, Diff: 0, Sum: 1, Workers: 1
[3.901s][debug][gc,phases         ] GC(24)         Humongous Candidates           Min: 0, Avg:  0.0, Max: 0, Diff: 0, Sum: 0, Workers: 1
[3.901s][debug][gc,phases         ] GC(24)         Humongous Reclaimed            Min: 0, Avg:  0.0, Max: 0, Diff: 0, Sum: 0, Workers: 1
[3.901s][debug][gc,phases         ] GC(24)       Redirty Logged Cards (ms):     Min:  0.0, Avg:  0.0, Max:  0.0, Diff:  0.0, Sum:  0.0, Workers: 4
[3.901s][debug][gc,phases         ] GC(24)         Redirtied Cards:               Min: 0, Avg: 1408.5, Max: 2049, Diff: 2049, Sum: 5634, Workers: 4
[3.901s][debug][gc,phases         ] GC(24)       Free Collection Set (ms):      Min:  0.0, Avg:  0.0, Max:  0.0, Diff:  0.0, Sum:  0.1, Workers: 4
[3.901s][debug][gc,phases         ] GC(24)     Rebuild Free List: 0.1ms
[3.901s][debug][gc,phases         ] GC(24)     Start New Collection Set: 0.0ms
[3.901s][debug][gc,phases         ] GC(24)     Resize TLABs: 0.0ms
[3.901s][debug][gc,phases         ] GC(24)     Expand Heap After Collection: 0.0ms
[3.901s][info ][gc,phases         ] GC(24)   Other: 0.8ms
[3.901s][info ][gc,heap           ] GC(24) Eden regions: 75->0(120)
[3.901s][info ][gc,heap           ] GC(24) Survivor regions: 11->11(11)
[3.901s][info ][gc,heap           ] GC(24) Old regions: 16->92
[3.901s][info ][gc,heap           ] GC(24) Archive regions: 0->0
[3.901s][info ][gc,heap           ] GC(24) Humongous regions: 36->36
[3.901s][info ][gc,metaspace      ] GC(24) Metaspace: 493K(640K)->493K(640K) NonClass: 455K(512K)->455K(512K) Class: 37K(128K)->37K(128K)
[3.901s][debug][gc,heap           ] GC(24) Heap after GC invocations=25 (full 0):
[3.901s][debug][gc,heap           ] GC(24)  garbage-first heap   total 524288K, used 142336K [0x00000000e0000000, 0x0000000100000000)
[3.901s][debug][gc,heap           ] GC(24)   region size 1024K, 11 young (11264K), 11 survivors (11264K)
[3.901s][debug][gc,heap           ] GC(24)  Metaspace       used 493K, committed 640K, reserved 1056768K
[3.901s][debug][gc,heap           ] GC(24)   class space    used 37K, committed 128K, reserved 1048576K
[3.901s][info ][gc                ] GC(24) Pause Young (Normal) (G1 Evacuation Pause) 138M->139M(512M) 131.945ms
[3.901s][info ][gc,cpu            ] GC(24) User=0.44s Sys=0.00s Real=0.13s
[3.901s][debug][gc,refine         ] Deactivated worker 0, off threshold: 7548, current: 5634, refined cards: 0
[3.908s][debug][gc,refine         ] Activated worker 0, on threshold: 8060, current: 8194
[3.908s][debug][gc,refine         ] Deactivated worker 0, off threshold: 7548, current: 7425, refined cards: 769
[3.910s][debug][gc,refine         ] Activated worker 0, on threshold: 8060, current: 8193
[3.910s][debug][gc,refine         ] Deactivated worker 0, off threshold: 7548, current: 7425, refined cards: 768
[3.916s][debug][gc,refine         ] Activated worker 0, on threshold: 8060, current: 8193
[3.916s][debug][gc,refine         ] Deactivated worker 0, off threshold: 7548, current: 7425, refined cards: 768
[3.918s][debug][gc,refine         ] Activated worker 0, on threshold: 8060, current: 8193
[3.918s][debug][gc,refine         ] Deactivated worker 0, off threshold: 7548, current: 7424, refined cards: 769
[3.920s][debug][gc,refine         ] Activated worker 0, on threshold: 8060, current: 8192
[3.920s][debug][gc,refine         ] Deactivated worker 0, off threshold: 7548, current: 7424, refined cards: 768
[3.922s][debug][gc,refine         ] Activated worker 0, on threshold: 8060, current: 8192
[3.922s][debug][gc,refine         ] Deactivated worker 0, off threshold: 7548, current: 7424, refined cards: 768
[3.924s][debug][gc,refine         ] Activated worker 0, on threshold: 8060, current: 8192
[3.924s][debug][gc,refine         ] Deactivated worker 0, off threshold: 7548, current: 7424, refined cards: 768
[3.925s][debug][gc,task,start     ] G1 Service Thread (Remembered Set Sampling Task) (run)
[3.925s][debug][gc,task           ] G1 Service Thread (Remembered Set Sampling Task) (run) 0.035ms (cpu: 0.000ms)
[3.926s][debug][gc,refine         ] Activated worker 0, on threshold: 8060, current: 8192
[3.926s][debug][gc,refine         ] Deactivated worker 0, off threshold: 7548, current: 7424, refined cards: 768
[3.928s][debug][gc,refine         ] Activated worker 0, on threshold: 8060, current: 8192
[3.928s][debug][gc,refine         ] Deactivated worker 0, off threshold: 7548, current: 7424, refined cards: 768
[3.930s][debug][gc,refine         ] Activated worker 0, on threshold: 8060, current: 8192
[3.930s][debug][gc,refine         ] Deactivated worker 0, off threshold: 7548, current: 7424, refined cards: 768
[3.932s][debug][gc,refine         ] Activated worker 0, on threshold: 8060, current: 8192
[3.933s][debug][gc,refine         ] Deactivated worker 0, off threshold: 7548, current: 7424, refined cards: 768
[3.935s][debug][gc,refine         ] Activated worker 0, on threshold: 8060, current: 8192
[3.935s][debug][gc,refine         ] Deactivated worker 0, off threshold: 7548, current: 7424, refined cards: 768
[3.937s][debug][gc,refine         ] Activated worker 0, on threshold: 8060, current: 8192
[3.937s][debug][gc,refine         ] Deactivated worker 0, off threshold: 7548, current: 7424, refined cards: 768
[3.939s][debug][gc,refine         ] Activated worker 0, on threshold: 8060, current: 8192
[3.939s][debug][gc,refine         ] Deactivated worker 0, off threshold: 7548, current: 7424, refined cards: 768
[3.941s][debug][gc,refine         ] Activated worker 0, on threshold: 8060, current: 8192
[3.942s][debug][gc,refine         ] Deactivated worker 0, off threshold: 7548, current: 7424, refined cards: 768
[3.943s][debug][gc,refine         ] Activated worker 0, on threshold: 8060, current: 8192
[3.944s][debug][gc,refine         ] Deactivated worker 0, off threshold: 7548, current: 7424, refined cards: 768
[3.945s][debug][gc,refine         ] Activated worker 0, on threshold: 8060, current: 8192
[3.946s][debug][gc,refine         ] Deactivated worker 0, off threshold: 7548, current: 7424, refined cards: 1024
[3.948s][debug][gc,refine         ] Activated worker 0, on threshold: 8060, current: 8192
[3.949s][debug][gc,refine         ] Deactivated worker 0, off threshold: 7548, current: 7424, refined cards: 1024
[3.950s][debug][gc,refine         ] Activated worker 0, on threshold: 8060, current: 8192
[3.951s][debug][gc,refine         ] Deactivated worker 0, off threshold: 7548, current: 7424, refined cards: 768
[3.953s][debug][gc,refine         ] Activated worker 0, on threshold: 8060, current: 8192
[3.954s][debug][gc,refine         ] Deactivated worker 0, off threshold: 7548, current: 7424, refined cards: 768
[3.955s][debug][gc,refine         ] Activated worker 0, on threshold: 8060, current: 8192
[3.956s][debug][gc,refine         ] Deactivated worker 0, off threshold: 7548, current: 7424, refined cards: 768
[3.957s][debug][gc,refine         ] Activated worker 0, on threshold: 8060, current: 8192
[3.958s][debug][gc,refine         ] Deactivated worker 0, off threshold: 7548, current: 7424, refined cards: 768
[3.959s][debug][gc,refine         ] Activated worker 0, on threshold: 8060, current: 8192
[3.960s][debug][gc,refine         ] Deactivated worker 0, off threshold: 7548, current: 7424, refined cards: 768
[3.961s][debug][gc,refine         ] Activated worker 0, on threshold: 8060, current: 8192
[3.962s][debug][gc,refine         ] Deactivated worker 0, off threshold: 7548, current: 7424, refined cards: 768
[3.963s][debug][gc,refine         ] Activated worker 0, on threshold: 8060, current: 8192
[3.964s][debug][gc,refine         ] Deactivated worker 0, off threshold: 7548, current: 7424, refined cards: 768
[3.966s][debug][gc,refine         ] Activated worker 0, on threshold: 8060, current: 8192
[3.966s][debug][gc,refine         ] Deactivated worker 0, off threshold: 7548, current: 7424, refined cards: 768
[3.968s][debug][gc,refine         ] Activated worker 0, on threshold: 8060, current: 8192
[3.968s][debug][gc,refine         ] Deactivated worker 0, off threshold: 7548, current: 7424, refined cards: 768
[3.970s][debug][gc,refine         ] Activated worker 0, on threshold: 8060, current: 8192
[3.970s][debug][gc,refine         ] Deactivated worker 0, off threshold: 7548, current: 7424, refined cards: 768
[3.972s][debug][gc,refine         ] Activated worker 0, on threshold: 8060, current: 8192
[3.973s][debug][gc,refine         ] Deactivated worker 0, off threshold: 7548, current: 7424, refined cards: 768
[3.974s][debug][gc,refine         ] Activated worker 0, on threshold: 8060, current: 8192
[3.975s][debug][gc,refine         ] Deactivated worker 0, off threshold: 7548, current: 7424, refined cards: 768
[3.976s][debug][gc,refine         ] Activated worker 0, on threshold: 8060, current: 8192
[3.977s][debug][gc,refine         ] Deactivated worker 0, off threshold: 7548, current: 7424, refined cards: 768
[3.978s][debug][gc,refine         ] Activated worker 0, on threshold: 8060, current: 8192
[3.979s][debug][gc,refine         ] Deactivated worker 0, off threshold: 7548, current: 7424, refined cards: 768
[3.981s][debug][gc,refine         ] Activated worker 0, on threshold: 8060, current: 8192
[3.981s][debug][gc,refine         ] Deactivated worker 0, off threshold: 7548, current: 7424, refined cards: 768
[3.983s][debug][gc,refine         ] Activated worker 0, on threshold: 8060, current: 8192
[3.983s][debug][gc,refine         ] Deactivated worker 0, off threshold: 7548, current: 7424, refined cards: 768
[3.985s][debug][gc,refine         ] Activated worker 0, on threshold: 8060, current: 8192
[3.985s][debug][gc,refine         ] Deactivated worker 0, off threshold: 7548, current: 7424, refined cards: 768
[3.987s][debug][gc,refine         ] Activated worker 0, on threshold: 8060, current: 8192
[3.987s][debug][gc,refine         ] Deactivated worker 0, off threshold: 7548, current: 7424, refined cards: 768
[3.989s][debug][gc,refine         ] Activated worker 0, on threshold: 8060, current: 8192
[3.989s][debug][gc,refine         ] Deactivated worker 0, off threshold: 7548, current: 7424, refined cards: 768
[3.991s][debug][gc,refine         ] Activated worker 0, on threshold: 8060, current: 8192
[3.992s][debug][gc,refine         ] Deactivated worker 0, off threshold: 7548, current: 7424, refined cards: 768
[3.993s][debug][gc,refine         ] Activated worker 0, on threshold: 8060, current: 8192
[3.994s][debug][gc,refine         ] Deactivated worker 0, off threshold: 7548, current: 7424, refined cards: 768
[3.995s][debug][gc,refine         ] Activated worker 0, on threshold: 8060, current: 8192
[3.996s][debug][gc,refine         ] Deactivated worker 0, off threshold: 7548, current: 7424, refined cards: 768
[3.997s][debug][gc,refine         ] Activated worker 0, on threshold: 8060, current: 8192
[3.998s][debug][gc,refine         ] Deactivated worker 0, off threshold: 7548, current: 7424, refined cards: 768
[3.999s][debug][gc,refine         ] Activated worker 0, on threshold: 8060, current: 8192
[4.000s][debug][gc,refine         ] Deactivated worker 0, off threshold: 7548, current: 7424, refined cards: 768
[4.001s][debug][gc,refine         ] Activated worker 0, on threshold: 8060, current: 8192
[4.002s][debug][gc,refine         ] Deactivated worker 0, off threshold: 7548, current: 7424, refined cards: 768
[4.003s][debug][gc,refine         ] Activated worker 0, on threshold: 8060, current: 8192
[4.004s][debug][gc,refine         ] Deactivated worker 0, off threshold: 7548, current: 7424, refined cards: 768
[4.005s][debug][gc,refine         ] Activated worker 0, on threshold: 8060, current: 8192
[4.006s][debug][gc,refine         ] Deactivated worker 0, off threshold: 7548, current: 7424, refined cards: 768
[4.007s][debug][gc,refine         ] Activated worker 0, on threshold: 8060, current: 8192
[4.008s][debug][gc,refine         ] Deactivated worker 0, off threshold: 7548, current: 7424, refined cards: 768
[4.009s][debug][gc,refine         ] Activated worker 0, on threshold: 8060, current: 8192
[4.010s][debug][gc,refine         ] Deactivated worker 0, off threshold: 7548, current: 7424, refined cards: 768
[4.011s][debug][gc,refine         ] Activated worker 0, on threshold: 8060, current: 8192
[4.012s][debug][gc,refine         ] Deactivated worker 0, off threshold: 7548, current: 7424, refined cards: 768
[4.013s][debug][gc,refine         ] Activated worker 0, on threshold: 8060, current: 8192
[4.014s][debug][gc,refine         ] Deactivated worker 0, off threshold: 7548, current: 7424, refined cards: 768
[4.015s][debug][gc,refine         ] Activated worker 0, on threshold: 8060, current: 8192
[4.016s][debug][gc,refine         ] Deactivated worker 0, off threshold: 7548, current: 7424, refined cards: 768
[4.017s][debug][gc,refine         ] Activated worker 0, on threshold: 8060, current: 8192
[4.019s][debug][gc,refine         ] Deactivated worker 0, off threshold: 7548, current: 7424, refined cards: 1024
[4.020s][debug][gc,refine         ] Activated worker 0, on threshold: 8060, current: 8192
[4.021s][debug][gc,refine         ] Deactivated worker 0, off threshold: 7548, current: 7424, refined cards: 768
[4.023s][debug][gc,refine         ] Activated worker 0, on threshold: 8060, current: 8192
[4.023s][debug][gc,refine         ] Deactivated worker 0, off threshold: 7548, current: 7424, refined cards: 768
[4.025s][debug][gc,refine         ] Activated worker 0, on threshold: 8060, current: 8192
[4.026s][debug][gc,refine         ] Deactivated worker 0, off threshold: 7548, current: 7424, refined cards: 768
[4.027s][debug][gc,refine         ] Activated worker 0, on threshold: 8060, current: 8192
[4.028s][debug][gc,refine         ] Deactivated worker 0, off threshold: 7548, current: 7424, refined cards: 768
[4.029s][debug][gc,refine         ] Activated worker 0, on threshold: 8060, current: 8192
[4.030s][debug][gc,refine         ] Deactivated worker 0, off threshold: 7548, current: 7424, refined cards: 768
[4.031s][debug][gc,refine         ] Activated worker 0, on threshold: 8060, current: 8192
[4.032s][debug][gc,refine         ] Deactivated worker 0, off threshold: 7548, current: 7424, refined cards: 768
[4.034s][debug][gc,refine         ] Activated worker 0, on threshold: 8060, current: 8192
[4.035s][debug][gc,refine         ] Deactivated worker 0, off threshold: 7548, current: 7424, refined cards: 768
[4.036s][debug][gc,refine         ] Activated worker 0, on threshold: 8060, current: 8192
[4.037s][debug][gc,refine         ] Deactivated worker 0, off threshold: 7548, current: 7424, refined cards: 768
[4.038s][debug][gc,refine         ] Activated worker 0, on threshold: 8060, current: 8192
[4.039s][debug][gc,refine         ] Deactivated worker 0, off threshold: 7548, current: 7424, refined cards: 768
[4.040s][debug][gc,refine         ] Activated worker 0, on threshold: 8060, current: 8192
[4.041s][debug][gc,refine         ] Deactivated worker 0, off threshold: 7548, current: 7424, refined cards: 768
[4.043s][debug][gc,refine         ] Activated worker 0, on threshold: 8060, current: 8192
[4.043s][debug][gc,refine         ] Deactivated worker 0, off threshold: 7548, current: 7424, refined cards: 768
[4.045s][debug][gc,refine         ] Activated worker 0, on threshold: 8060, current: 8192
[4.046s][debug][gc,refine         ] Deactivated worker 0, off threshold: 7548, current: 7424, refined cards: 768
[4.047s][debug][gc,refine         ] Activated worker 0, on threshold: 8060, current: 8192
[4.047s][debug][gc,refine         ] Deactivated worker 0, off threshold: 7548, current: 7424, refined cards: 768
[4.049s][debug][gc,refine         ] Activated worker 0, on threshold: 8060, current: 8192
[4.049s][debug][gc,refine         ] Deactivated worker 0, off threshold: 7548, current: 7424, refined cards: 768
[4.051s][debug][gc,refine         ] Activated worker 0, on threshold: 8060, current: 8192
[4.052s][debug][gc,refine         ] Deactivated worker 0, off threshold: 7548, current: 7424, refined cards: 768
[4.053s][debug][gc,refine         ] Activated worker 0, on threshold: 8060, current: 8192
[4.054s][debug][gc,refine         ] Deactivated worker 0, off threshold: 7548, current: 7424, refined cards: 768
[4.055s][debug][gc,refine         ] Activated worker 0, on threshold: 8060, current: 8192
[4.056s][debug][gc,refine         ] Deactivated worker 0, off threshold: 7548, current: 7424, refined cards: 768
[4.061s][debug][gc,refine         ] Activated worker 0, on threshold: 8060, current: 8192
[4.061s][debug][gc,refine         ] Deactivated worker 0, off threshold: 7548, current: 7424, refined cards: 768
[4.063s][debug][gc,refine         ] Activated worker 0, on threshold: 8060, current: 8192
[4.064s][debug][gc,refine         ] Deactivated worker 0, off threshold: 7548, current: 7424, refined cards: 768
[4.065s][debug][gc,refine         ] Activated worker 0, on threshold: 8060, current: 8192
[4.066s][debug][gc,refine         ] Deactivated worker 0, off threshold: 7548, current: 7424, refined cards: 768
[4.067s][debug][gc,refine         ] Activated worker 0, on threshold: 8060, current: 8192
[4.068s][debug][gc,refine         ] Deactivated worker 0, off threshold: 7548, current: 7424, refined cards: 768
[4.069s][debug][gc,refine         ] Activated worker 0, on threshold: 8060, current: 8192
[4.070s][debug][gc,refine         ] Deactivated worker 0, off threshold: 7548, current: 7424, refined cards: 768
[4.072s][debug][gc,refine         ] Activated worker 0, on threshold: 8060, current: 8192
[4.072s][debug][gc,refine         ] Deactivated worker 0, off threshold: 7548, current: 7424, refined cards: 768
[4.074s][debug][gc,refine         ] Activated worker 0, on threshold: 8060, current: 8192
[4.074s][debug][gc,refine         ] Deactivated worker 0, off threshold: 7548, current: 7424, refined cards: 768
[4.076s][debug][gc,refine         ] Activated worker 0, on threshold: 8060, current: 8192
[4.076s][debug][gc,refine         ] Deactivated worker 0, off threshold: 7548, current: 7424, refined cards: 768
[4.077s][debug][gc,heap           ] GC(25) Heap before GC invocations=25 (full 0):
[4.077s][debug][gc,heap           ] GC(25)  garbage-first heap   total 524288K, used 265216K [0x00000000e0000000, 0x0000000100000000)
[4.077s][debug][gc,heap           ] GC(25)   region size 1024K, 131 young (134144K), 11 survivors (11264K)
[4.077s][debug][gc,heap           ] GC(25)  Metaspace       used 493K, committed 640K, reserved 1056768K
[4.077s][debug][gc,heap           ] GC(25)   class space    used 37K, committed 128K, reserved 1048576K
[4.077s][info ][gc,start          ] GC(25) Pause Young (Normal) (G1 Evacuation Pause)
[4.077s][info ][gc,task           ] GC(25) Using 4 workers of 4 for evacuation
[4.077s][debug][gc,tlab           ] GC(25) TLAB totals: thrds: 1  refills: 360 max: 360 slow allocs: 0 max 0 waste:  0.2% gc: 0B max: 0B slow: 207360B max: 207360B
[4.077s][debug][gc,age            ] GC(25) Desired survivor size 8912896 bytes, new threshold 1 (max threshold 15)
[4.077s][debug][gc,refine,stats   ] GC(25) Mutator refinement: 0.00ms, refined: 0, precleaned: 0, dirtied: 61341
[4.077s][debug][gc,refine,stats   ] GC(25) Concurrent refinement: 42.44ms, refined: 59138, precleaned: 1024, dirtied: 0
[4.077s][debug][gc,refine,stats   ] GC(25) Total refinement: 42.44ms, refined: 59138, precleaned: 1024, dirtied: 61341
[4.077s][debug][gc,refine,stats   ] GC(25) Concurrent refinement rate: 1393.55 cards/ms
[4.077s][debug][gc,refine,stats   ] GC(25) Generate dirty cards rate: 342.55 cards/ms
[4.077s][debug][gc,alloc,region   ] GC(25) Mutator Allocation stats, regions: 120, wasted size: 0B ( 0.0%)
[4.077s][debug][gc,humongous      ] GC(25) Humongous region 155 (object size 36920416 @ 0x00000000e9b00000) remset 1 code roots 0 marked 0 reclaim candidate 0 type array 0
[4.077s][debug][gc,ergo           ] GC(25) Running G1 Merge Heap Roots using 4 workers for 131 regions
[4.077s][debug][gc,remset         ] GC(25) Visited cards 45824 Total dirty 49152 (93.23%) Total old 798720 (5.74%)
[4.097s][debug][gc,ref            ] GC(25) Skipped phase 1 of Reference Processing: no references
[4.097s][debug][gc,ref            ] GC(25) Skipped phase 2 of Reference Processing: no references
[4.097s][debug][gc,ref            ] GC(25) Skipped phase 3 of Reference Processing: no references
[4.097s][debug][gc,ref            ] GC(25) Skipped phase 4 of Reference Processing: no references
[4.097s][debug][gc,ergo           ] GC(25) Running G1 Rebuild Free List Task using 4 workers for rebuilding free list of regions
[4.097s][debug][gc,plab           ] GC(25) Young PLAB allocation: allocated: 14155776B, wasted: 368B, unused: 1460832B, used: 12694576B, undo waste: 0B, 
[4.097s][debug][gc,plab           ] GC(25) Young other allocation: region end waste: 0B, regions filled: 14, direct allocated: 0B, failure used: 0B, failure wasted: 0B
[4.097s][debug][gc,plab           ] GC(25) Young sizing: calculated: 2538912B, actual: 2491008B
[4.097s][debug][gc,plab           ] GC(25) Old PLAB allocation: allocated: 0B, wasted: 0B, unused: 0B, used: 0B, undo waste: 0B, 
[4.097s][debug][gc,plab           ] GC(25) Old other allocation: region end waste: 0B, regions filled: 0, direct allocated: 0B, failure used: 0B, failure wasted: 0B
[4.097s][debug][gc,plab           ] GC(25) Old sizing: calculated: 0B, actual: 3140024B
[4.097s][debug][gc,ergo,heap      ] GC(25) Heap expansion: short term pause time ratio 84.42% long term pause time ratio 29.94% threshold 7.69% pause time ratio 7.69% fully expanded true resize by 0B
[4.097s][debug][gc,mmu            ] GC(25) MMU: 21.9ms (200.0ms/201.0ms)
[4.097s][debug][gc,alloc,stats    ] Old generation allocation in the last mutator period, old gen allocated: 0B, humongous allocated: 0B,old gen growth: 0B.
[4.097s][debug][gc,ihop           ] GC(25) Basic information (value update), threshold: 241591910B (45.00), target occupancy: 536870912B, current occupancy: 148373504B, recent allocation size: 0B, recent allocation duration: 179.07ms, recent old gen allocation rate: 0.00B/s, recent marking phase length: 513.50ms
[4.097s][debug][gc,ihop           ] GC(25) Adaptive IHOP information (value update), threshold: 241591910B (52.94), internal target occupancy: 456340275B, occupancy: 148373504B, additional buffer size: 158334976B, predicted old gen allocation rate: 363266458.40B/s, predicted marking phase length: 1026.99ms, prediction active: false
[4.097s][debug][gc,ergo,refine    ] GC(25) Concurrent refinement times: Logged Cards Scan time goal: 20.00ms Logged Cards Scan time: 1.27ms HCC time: 0.00ms
[4.097s][debug][gc,ergo,refine    ] GC(25) Updated Refinement Zones: green: 8302, yellow: 24906, red: 41510
[4.097s][info ][gc,phases         ] GC(25)   Pre Evacuate Collection Set: 0.1ms
[4.097s][debug][gc,phases         ] GC(25)     Prepare TLABs: 0.0ms
[4.097s][debug][gc,phases         ] GC(25)     Concatenate Dirty Card Logs: 0.0ms
[4.097s][debug][gc,phases         ] GC(25)     Choose Collection Set: 0.0ms
[4.097s][debug][gc,phases         ] GC(25)     Region Register: 0.1ms
[4.097s][debug][gc,phases         ] GC(25)     Prepare Heap Roots: 0.0ms
[4.097s][info ][gc,phases         ] GC(25)   Merge Heap Roots: 0.2ms
[4.097s][debug][gc,phases         ] GC(25)     Prepare Merge Heap Roots: 0.0ms
[4.097s][debug][gc,phases         ] GC(25)     Eager Reclaim (ms):            skipped
[4.098s][debug][gc,phases         ] GC(25)     Remembered Sets (ms):          Min:  0.1, Avg:  0.1, Max:  0.1, Diff:  0.0, Sum:  0.4, Workers: 4
[4.098s][debug][gc,phases         ] GC(25)       Merged Sparse:                 Min: 0, Avg:  1.3, Max: 2, Diff: 2, Sum: 5, Workers: 4
[4.098s][debug][gc,phases         ] GC(25)       Merged Fine:                   Min: 24, Avg: 26.0, Max: 28, Diff: 4, Sum: 104, Workers: 4
[4.098s][debug][gc,phases         ] GC(25)       Merged Coarse:                 Min: 0, Avg:  0.0, Max: 0, Diff: 0, Sum: 0, Workers: 4
[4.098s][debug][gc,phases         ] GC(25)       Dirty Cards:                   Min: 7092, Avg: 9137.8, Max: 9968, Diff: 2876, Sum: 36551, Workers: 4
[4.098s][debug][gc,phases         ] GC(25)     Hot Card Cache (ms):           Min:  0.0, Avg:  0.0, Max:  0.0, Diff:  0.0, Sum:  0.0, Workers: 4
[4.098s][debug][gc,phases         ] GC(25)       Dirty Cards:                   Min: 184, Avg: 248.0, Max: 280, Diff: 96, Sum: 992, Workers: 4
[4.098s][debug][gc,phases         ] GC(25)       Skipped Cards:                 Min: 0, Avg:  0.0, Max: 0, Diff: 0, Sum: 0, Workers: 4
[4.098s][debug][gc,phases         ] GC(25)     Log Buffers (ms):              Min:  0.0, Avg:  0.0, Max:  0.0, Diff:  0.0, Sum:  0.1, Workers: 4
[4.098s][debug][gc,phases         ] GC(25)       Dirty Cards:                   Min: 1784, Avg: 1951.3, Max: 2040, Diff: 256, Sum: 7805, Workers: 4
[4.098s][debug][gc,phases         ] GC(25)       Skipped Cards:                 Min: 0, Avg:  0.0, Max: 0, Diff: 0, Sum: 0, Workers: 4
[4.098s][info ][gc,phases         ] GC(25)   Evacuate Collection Set: 19.3ms
[4.098s][debug][gc,phases         ] GC(25)     Ext Root Scanning (ms):        Min:  0.0, Avg:  0.0, Max:  0.0, Diff:  0.0, Sum:  0.1, Workers: 4
[4.098s][debug][gc,phases         ] GC(25)     Scan Heap Roots (ms):          Min:  3.0, Avg:  7.2, Max:  9.6, Diff:  6.7, Sum: 28.8, Workers: 4
[4.098s][debug][gc,phases         ] GC(25)       Scanned Cards:                 Min: 2048, Avg: 11354.8, Max: 17664, Diff: 15616, Sum: 45419, Workers: 4
[4.098s][debug][gc,phases         ] GC(25)       Scanned Blocks:                Min: 8, Avg: 44.8, Max: 70, Diff: 62, Sum: 179, Workers: 4
[4.098s][debug][gc,phases         ] GC(25)       Claimed Chunks:                Min: 8, Avg: 44.8, Max: 70, Diff: 62, Sum: 179, Workers: 4
[4.098s][debug][gc,phases         ] GC(25)     Code Root Scan (ms):           Min:  0.0, Avg:  0.0, Max:  0.0, Diff:  0.0, Sum:  0.0, Workers: 4
[4.098s][debug][gc,phases         ] GC(25)     Object Copy (ms):              Min:  9.6, Avg: 12.0, Max: 16.2, Diff:  6.7, Sum: 48.1, Workers: 4
[4.098s][debug][gc,phases         ] GC(25)     Termination (ms):              Min:  0.0, Avg:  0.0, Max:  0.0, Diff:  0.0, Sum:  0.0, Workers: 4
[4.098s][debug][gc,phases         ] GC(25)       Termination Attempts:          Min: 1, Avg:  4.8, Max: 8, Diff: 7, Sum: 19, Workers: 4
[4.098s][debug][gc,phases         ] GC(25)     GC Worker Other (ms):          Min:  0.0, Avg:  0.0, Max:  0.0, Diff:  0.0, Sum:  0.1, Workers: 4
[4.098s][debug][gc,phases         ] GC(25)     GC Worker Total (ms):          Min: 19.3, Avg: 19.3, Max: 19.3, Diff:  0.0, Sum: 77.0, Workers: 4
[4.098s][info ][gc,phases         ] GC(25)   Post Evacuate Collection Set: 0.4ms
[4.098s][debug][gc,phases         ] GC(25)     Code Roots Fixup: 0.0ms
[4.098s][debug][gc,phases         ] GC(25)     Reference Processing: 0.2ms
[4.098s][debug][gc,phases,ref     ] GC(25)       Reconsider SoftReferences: 0.1ms
[4.098s][debug][gc,phases,ref     ] GC(25)         SoftRef (ms):                  skipped
[4.098s][debug][gc,phases,ref     ] GC(25)       Notify Soft/WeakReferences: 0.0ms
[4.098s][debug][gc,phases,ref     ] GC(25)         SoftRef (ms):                  skipped
[4.098s][debug][gc,phases,ref     ] GC(25)         WeakRef (ms):                  skipped
[4.098s][debug][gc,phases,ref     ] GC(25)         FinalRef (ms):                 skipped
[4.098s][debug][gc,phases,ref     ] GC(25)         Total (ms):                    skipped
[4.098s][debug][gc,phases,ref     ] GC(25)       Notify and keep alive finalizable: 0.0ms
[4.098s][debug][gc,phases,ref     ] GC(25)         FinalRef (ms):                 skipped
[4.098s][debug][gc,phases,ref     ] GC(25)       Notify PhantomReferences: 0.0ms
[4.098s][debug][gc,phases,ref     ] GC(25)         PhantomRef (ms):               skipped
[4.098s][debug][gc,phases,ref     ] GC(25)       SoftReference:
[4.098s][debug][gc,phases,ref     ] GC(25)         Discovered: 0
[4.098s][debug][gc,phases,ref     ] GC(25)         Cleared: 0
[4.098s][debug][gc,phases,ref     ] GC(25)       WeakReference:
[4.098s][debug][gc,phases,ref     ] GC(25)         Discovered: 0
[4.098s][debug][gc,phases,ref     ] GC(25)         Cleared: 0
[4.098s][debug][gc,phases,ref     ] GC(25)       FinalReference:
[4.098s][debug][gc,phases,ref     ] GC(25)         Discovered: 0
[4.098s][debug][gc,phases,ref     ] GC(25)         Cleared: 0
[4.098s][debug][gc,phases,ref     ] GC(25)       PhantomReference:
[4.098s][debug][gc,phases,ref     ] GC(25)         Discovered: 0
[4.098s][debug][gc,phases,ref     ] GC(25)         Cleared: 0
[4.098s][debug][gc,phases         ] GC(25)     Weak Processing: 0.0ms
[4.098s][debug][gc,phases         ] GC(25)       VM Weak                        Min:  0.0, Avg:  0.0, Max:  0.0, Diff:  0.0, Sum:  0.0, Workers: 3
[4.098s][debug][gc,phases         ] GC(25)         Dead                           Min: 0, Avg:  0.0, Max: 0, Diff: 0, Sum: 0, Workers: 3
[4.098s][debug][gc,phases         ] GC(25)         Total                          Min: 0, Avg:  4.7, Max: 14, Diff: 14, Sum: 14, Workers: 3
[4.098s][debug][gc,phases         ] GC(25)       ObjectSynchronizer Weak        Min:  0.0, Avg:  0.0, Max:  0.0, Diff:  0.0, Sum:  0.0, Workers: 3
[4.098s][debug][gc,phases         ] GC(25)         Dead                           Min: 0, Avg:  0.0, Max: 0, Diff: 0, Sum: 0, Workers: 3
[4.098s][debug][gc,phases         ] GC(25)         Total                          Min: 0, Avg:  1.0, Max: 3, Diff: 3, Sum: 3, Workers: 3
[4.099s][debug][gc,phases         ] GC(25)       JVMTI Tag Weak OopStorage      Min:  0.0, Avg:  0.0, Max:  0.0, Diff:  0.0, Sum:  0.0, Workers: 3
[4.099s][debug][gc,phases         ] GC(25)         Dead                           Min: 0, Avg:  0.0, Max: 0, Diff: 0, Sum: 0, Workers: 3
[4.099s][debug][gc,phases         ] GC(25)         Total                          Min: 0, Avg:  0.0, Max: 0, Diff: 0, Sum: 0, Workers: 3
[4.099s][debug][gc,phases         ] GC(25)       StringTable Weak               Min:  0.0, Avg:  0.0, Max:  0.0, Diff:  0.0, Sum:  0.0, Workers: 3
[4.099s][debug][gc,phases         ] GC(25)         Dead                           Min: 0, Avg:  0.0, Max: 0, Diff: 0, Sum: 0, Workers: 3
[4.099s][debug][gc,phases         ] GC(25)         Total                          Min: 768, Avg: 821.3, Max: 896, Diff: 128, Sum: 2464, Workers: 3
[4.099s][debug][gc,phases         ] GC(25)       ResolvedMethodTable Weak       Min:  0.0, Avg:  0.0, Max:  0.0, Diff:  0.0, Sum:  0.0, Workers: 3
[4.099s][debug][gc,phases         ] GC(25)         Dead                           Min: 0, Avg:  0.0, Max: 0, Diff: 0, Sum: 0, Workers: 3
[4.099s][debug][gc,phases         ] GC(25)         Total                          Min: 9, Avg: 45.7, Max: 64, Diff: 55, Sum: 137, Workers: 3
[4.099s][debug][gc,phases         ] GC(25)       JNI Weak                       Min:  0.0, Avg:  0.0, Max:  0.0, Diff:  0.0, Sum:  0.0, Workers: 3
[4.099s][debug][gc,phases         ] GC(25)         Dead                           Min: 0, Avg:  0.0, Max: 0, Diff: 0, Sum: 0, Workers: 3
[4.099s][debug][gc,phases         ] GC(25)         Total                          Min: 0, Avg:  0.0, Max: 0, Diff: 0, Sum: 0, Workers: 3
[4.099s][debug][gc,phases         ] GC(25)       StringDedup Table Weak         Min:  0.0, Avg:  0.0, Max:  0.0, Diff:  0.0, Sum:  0.0, Workers: 3
[4.099s][debug][gc,phases         ] GC(25)         Dead                           Min: 0, Avg:  0.0, Max: 0, Diff: 0, Sum: 0, Workers: 3
[4.099s][debug][gc,phases         ] GC(25)         Total                          Min: 0, Avg:  0.0, Max: 0, Diff: 0, Sum: 0, Workers: 3
[4.099s][debug][gc,phases         ] GC(25)       StringDedup Requests0 Weak     Min:  0.0, Avg:  0.0, Max:  0.0, Diff:  0.0, Sum:  0.0, Workers: 3
[4.099s][debug][gc,phases         ] GC(25)         Dead                           Min: 0, Avg:  0.0, Max: 0, Diff: 0, Sum: 0, Workers: 3
[4.099s][debug][gc,phases         ] GC(25)         Total                          Min: 0, Avg:  0.0, Max: 0, Diff: 0, Sum: 0, Workers: 3
[4.099s][debug][gc,phases         ] GC(25)       StringDedup Requests1 Weak     Min:  0.0, Avg:  0.0, Max:  0.0, Diff:  0.0, Sum:  0.0, Workers: 3
[4.099s][debug][gc,phases         ] GC(25)         Dead                           Min: 0, Avg:  0.0, Max: 0, Diff: 0, Sum: 0, Workers: 3
[4.099s][debug][gc,phases         ] GC(25)         Total                          Min: 0, Avg:  0.0, Max: 0, Diff: 0, Sum: 0, Workers: 3
[4.099s][debug][gc,phases         ] GC(25)       Weak JFR Old Object Samples    Min:  0.0, Avg:  0.0, Max:  0.0, Diff:  0.0, Sum:  0.0, Workers: 3
[4.099s][debug][gc,phases         ] GC(25)         Dead                           Min: 0, Avg:  0.0, Max: 0, Diff: 0, Sum: 0, Workers: 3
[4.099s][debug][gc,phases         ] GC(25)         Total                          Min: 0, Avg:  0.0, Max: 0, Diff: 0, Sum: 0, Workers: 3
[4.099s][debug][gc,phases         ] GC(25)     Post Evacuate Cleanup 1: 0.1ms
[4.099s][debug][gc,phases         ] GC(25)       Merge Per-Thread State (ms):   Min:  0.0, Avg:  0.0, Max:  0.0, Diff:  0.0, Sum:  0.0, Workers: 1
[4.099s][debug][gc,phases         ] GC(25)         Copied Bytes                   Min: 2639200, Avg: 3173644.0, Max: 4130832, Diff: 1491632, Sum: 12694576, Workers: 4
[4.099s][debug][gc,phases         ] GC(25)         LAB Waste                      Min: 80, Avg: 92.0, Max: 112, Diff: 32, Sum: 368, Workers: 4
[4.099s][debug][gc,phases         ] GC(25)         LAB Undo Waste                 Min: 0, Avg:  0.0, Max: 0, Diff: 0, Sum: 0, Workers: 4
[4.099s][debug][gc,phases         ] GC(25)       Clear Logged Cards (ms):       Min:  0.0, Avg:  0.0, Max:  0.0, Diff:  0.0, Sum:  0.0, Workers: 3
[4.099s][debug][gc,phases         ] GC(25)       Recalculate Used Memory (ms):  Min:  0.0, Avg:  0.0, Max:  0.0, Diff:  0.0, Sum:  0.0, Workers: 1
[4.099s][debug][gc,phases         ] GC(25)     Post Evacuate Cleanup 2: 0.1ms
[4.099s][debug][gc,phases         ] GC(25)       Reset Hot Card Cache (ms):     Min:  0.0, Avg:  0.0, Max:  0.0, Diff:  0.0, Sum:  0.0, Workers: 1
[4.099s][debug][gc,phases         ] GC(25)       Purge Code Roots (ms):         Min:  0.0, Avg:  0.0, Max:  0.0, Diff:  0.0, Sum:  0.0, Workers: 1
[4.099s][debug][gc,phases         ] GC(25)       Update Derived Pointers (ms):  Min:  0.0, Avg:  0.0, Max:  0.0, Diff:  0.0, Sum:  0.0, Workers: 1
[4.099s][debug][gc,phases         ] GC(25)       Eagerly Reclaim Humongous Objects (ms): Min:  0.0, Avg:  0.0, Max:  0.0, Diff:  0.0, Sum:  0.0, Workers: 1
[4.099s][debug][gc,phases         ] GC(25)         Humongous Total                Min: 1, Avg:  1.0, Max: 1, Diff: 0, Sum: 1, Workers: 1
[4.099s][debug][gc,phases         ] GC(25)         Humongous Candidates           Min: 0, Avg:  0.0, Max: 0, Diff: 0, Sum: 0, Workers: 1
[4.099s][debug][gc,phases         ] GC(25)         Humongous Reclaimed            Min: 0, Avg:  0.0, Max: 0, Diff: 0, Sum: 0, Workers: 1
[4.099s][debug][gc,phases         ] GC(25)       Redirty Logged Cards (ms):     Min:  0.0, Avg:  0.0, Max:  0.0, Diff:  0.0, Sum:  0.0, Workers: 4
[4.099s][debug][gc,phases         ] GC(25)         Redirtied Cards:               Min: 0, Avg: 1569.8, Max: 2304, Diff: 2304, Sum: 6279, Workers: 4
[4.099s][debug][gc,phases         ] GC(25)       Free Collection Set (ms):      Min:  0.0, Avg:  0.0, Max:  0.0, Diff:  0.0, Sum:  0.1, Workers: 4
[4.099s][debug][gc,phases         ] GC(25)     Rebuild Free List: 0.1ms
[4.099s][debug][gc,phases         ] GC(25)     Start New Collection Set: 0.0ms
[4.099s][debug][gc,phases         ] GC(25)     Resize TLABs: 0.0ms
[4.099s][debug][gc,phases         ] GC(25)     Expand Heap After Collection: 0.0ms
[4.099s][info ][gc,phases         ] GC(25)   Other: 0.6ms
[4.099s][info ][gc,heap           ] GC(25) Eden regions: 120->0(137)
[4.100s][info ][gc,heap           ] GC(25) Survivor regions: 11->14(17)
[4.100s][info ][gc,heap           ] GC(25) Old regions: 92->92
[4.100s][info ][gc,heap           ] GC(25) Archive regions: 0->0
[4.100s][info ][gc,heap           ] GC(25) Humongous regions: 36->36
[4.100s][info ][gc,metaspace      ] GC(25) Metaspace: 493K(640K)->493K(640K) NonClass: 455K(512K)->455K(512K) Class: 37K(128K)->37K(128K)
[4.100s][debug][gc,heap           ] GC(25) Heap after GC invocations=26 (full 0):
[4.100s][debug][gc,heap           ] GC(25)  garbage-first heap   total 524288K, used 144896K [0x00000000e0000000, 0x0000000100000000)
[4.100s][debug][gc,heap           ] GC(25)   region size 1024K, 14 young (14336K), 14 survivors (14336K)
[4.100s][debug][gc,heap           ] GC(25)  Metaspace       used 493K, committed 640K, reserved 1056768K
[4.100s][debug][gc,heap           ] GC(25)   class space    used 37K, committed 128K, reserved 1048576K
[4.100s][info ][gc                ] GC(25) Pause Young (Normal) (G1 Evacuation Pause) 259M->141M(512M) 22.815ms
[4.100s][info ][gc,cpu            ] GC(25) User=0.06s Sys=0.02s Real=0.02s
[4.108s][debug][gc,refine         ] Activated worker 0, on threshold: 8814, current: 8839
[4.108s][debug][gc,refine         ] Deactivated worker 0, off threshold: 8302, current: 8101, refined cards: 738
[4.110s][debug][gc,refine         ] Activated worker 0, on threshold: 8814, current: 8869
[4.110s][debug][gc,refine         ] Deactivated worker 0, off threshold: 8302, current: 8101, refined cards: 768
[4.112s][debug][gc,refine         ] Activated worker 0, on threshold: 8814, current: 8869
[4.112s][debug][gc,refine         ] Deactivated worker 0, off threshold: 8302, current: 8263, refined cards: 606
[4.114s][debug][gc,refine         ] Activated worker 0, on threshold: 8814, current: 9031
[4.115s][debug][gc,refine         ] Deactivated worker 0, off threshold: 8302, current: 8263, refined cards: 768
[4.116s][debug][gc,refine         ] Activated worker 0, on threshold: 8814, current: 9031
[4.117s][debug][gc,refine         ] Deactivated worker 0, off threshold: 8302, current: 8263, refined cards: 768
[4.118s][debug][gc,refine         ] Activated worker 0, on threshold: 8814, current: 9031
[4.119s][debug][gc,refine         ] Deactivated worker 0, off threshold: 8302, current: 8231, refined cards: 800
[4.120s][debug][gc,refine         ] Activated worker 0, on threshold: 8814, current: 8999
[4.121s][debug][gc,refine         ] Deactivated worker 0, off threshold: 8302, current: 8192, refined cards: 807
[4.122s][debug][gc,refine         ] Activated worker 0, on threshold: 8814, current: 8960
[4.123s][debug][gc,refine         ] Deactivated worker 0, off threshold: 8302, current: 8192, refined cards: 768
[4.124s][debug][gc,refine         ] Activated worker 0, on threshold: 8814, current: 8960
[4.125s][debug][gc,refine         ] Deactivated worker 0, off threshold: 8302, current: 8192, refined cards: 768
[4.126s][debug][gc,refine         ] Activated worker 0, on threshold: 8814, current: 8960
[4.127s][debug][gc,refine         ] Deactivated worker 0, off threshold: 8302, current: 8192, refined cards: 768
[4.128s][debug][gc,refine         ] Activated worker 0, on threshold: 8814, current: 8960
[4.129s][debug][gc,refine         ] Deactivated worker 0, off threshold: 8302, current: 8192, refined cards: 768
[4.130s][debug][gc,refine         ] Activated worker 0, on threshold: 8814, current: 8960
[4.131s][debug][gc,refine         ] Deactivated worker 0, off threshold: 8302, current: 8192, refined cards: 768
[4.133s][debug][gc,refine         ] Activated worker 0, on threshold: 8814, current: 8960
[4.133s][debug][gc,refine         ] Deactivated worker 0, off threshold: 8302, current: 8192, refined cards: 768
[4.135s][debug][gc,refine         ] Activated worker 0, on threshold: 8814, current: 8960
[4.135s][debug][gc,refine         ] Deactivated worker 0, off threshold: 8302, current: 8192, refined cards: 768
[4.137s][debug][gc,refine         ] Activated worker 0, on threshold: 8814, current: 8960
[4.137s][debug][gc,refine         ] Deactivated worker 0, off threshold: 8302, current: 8192, refined cards: 768
[4.139s][debug][gc,refine         ] Activated worker 0, on threshold: 8814, current: 8960
[4.139s][debug][gc,refine         ] Deactivated worker 0, off threshold: 8302, current: 8192, refined cards: 768
[4.141s][debug][gc,refine         ] Activated worker 0, on threshold: 8814, current: 8960
[4.141s][debug][gc,refine         ] Deactivated worker 0, off threshold: 8302, current: 8192, refined cards: 768
[4.143s][debug][gc,refine         ] Activated worker 0, on threshold: 8814, current: 8960
[4.144s][debug][gc,refine         ] Deactivated worker 0, off threshold: 8302, current: 8192, refined cards: 768
[4.145s][debug][gc,refine         ] Activated worker 0, on threshold: 8814, current: 8960
[4.146s][debug][gc,refine         ] Deactivated worker 0, off threshold: 8302, current: 8192, refined cards: 768
[4.147s][debug][gc,refine         ] Activated worker 0, on threshold: 8814, current: 8960
[4.147s][debug][gc,refine         ] Deactivated worker 0, off threshold: 8302, current: 8192, refined cards: 768
[4.149s][debug][gc,refine         ] Activated worker 0, on threshold: 8814, current: 8960
[4.149s][debug][gc,refine         ] Deactivated worker 0, off threshold: 8302, current: 8192, refined cards: 768
[4.151s][debug][gc,refine         ] Activated worker 0, on threshold: 8814, current: 8960
[4.152s][debug][gc,refine         ] Deactivated worker 0, off threshold: 8302, current: 8192, refined cards: 768
[4.153s][debug][gc,refine         ] Activated worker 0, on threshold: 8814, current: 8960
[4.154s][debug][gc,refine         ] Deactivated worker 0, off threshold: 8302, current: 8192, refined cards: 768
[4.155s][debug][gc,refine         ] Activated worker 0, on threshold: 8814, current: 8960
[4.156s][debug][gc,refine         ] Deactivated worker 0, off threshold: 8302, current: 8192, refined cards: 768
[4.157s][debug][gc,refine         ] Activated worker 0, on threshold: 8814, current: 8960
[4.158s][debug][gc,task,start     ] G1 Service Thread (Periodic GC Task) (run)
[4.159s][debug][gc,task           ] G1 Service Thread (Periodic GC Task) (run) 0.053ms (cpu: 0.000ms)
[4.159s][debug][gc,refine         ] Deactivated worker 0, off threshold: 8302, current: 8192, refined cards: 1024
[4.160s][debug][gc,refine         ] Activated worker 0, on threshold: 8814, current: 8960
[4.161s][debug][gc,refine         ] Deactivated worker 0, off threshold: 8302, current: 8192, refined cards: 768
[4.163s][debug][gc,refine         ] Activated worker 0, on threshold: 8814, current: 8960
[4.163s][debug][gc,refine         ] Deactivated worker 0, off threshold: 8302, current: 8192, refined cards: 768
[4.165s][debug][gc,refine         ] Activated worker 0, on threshold: 8814, current: 8960
[4.166s][debug][gc,refine         ] Deactivated worker 0, off threshold: 8302, current: 8192, refined cards: 768
[4.167s][debug][gc,refine         ] Activated worker 0, on threshold: 8814, current: 8960
[4.168s][debug][gc,refine         ] Deactivated worker 0, off threshold: 8302, current: 8192, refined cards: 768
[4.169s][debug][gc,refine         ] Activated worker 0, on threshold: 8814, current: 8960
[4.170s][debug][gc,refine         ] Deactivated worker 0, off threshold: 8302, current: 8192, refined cards: 768
[4.171s][debug][gc,refine         ] Activated worker 0, on threshold: 8814, current: 8960
[4.172s][debug][gc,refine         ] Deactivated worker 0, off threshold: 8302, current: 8192, refined cards: 768
[4.173s][debug][gc,refine         ] Activated worker 0, on threshold: 8814, current: 8960
[4.174s][debug][gc,refine         ] Deactivated worker 0, off threshold: 8302, current: 8192, refined cards: 768
[4.175s][debug][gc,refine         ] Activated worker 0, on threshold: 8814, current: 8960
[4.176s][debug][gc,refine         ] Deactivated worker 0, off threshold: 8302, current: 8192, refined cards: 768
[4.177s][debug][gc,refine         ] Activated worker 0, on threshold: 8814, current: 8960
[4.178s][debug][gc,refine         ] Deactivated worker 0, off threshold: 8302, current: 8192, refined cards: 768
[4.179s][debug][gc,refine         ] Activated worker 0, on threshold: 8814, current: 8960
[4.180s][debug][gc,refine         ] Deactivated worker 0, off threshold: 8302, current: 8192, refined cards: 768
[4.182s][debug][gc,refine         ] Activated worker 0, on threshold: 8814, current: 8960
[4.182s][debug][gc,refine         ] Deactivated worker 0, off threshold: 8302, current: 8192, refined cards: 768
[4.184s][debug][gc,refine         ] Activated worker 0, on threshold: 8814, current: 8960
[4.184s][debug][gc,refine         ] Deactivated worker 0, off threshold: 8302, current: 8192, refined cards: 768
[4.186s][debug][gc,refine         ] Activated worker 0, on threshold: 8814, current: 8960
[4.186s][debug][gc,refine         ] Deactivated worker 0, off threshold: 8302, current: 8192, refined cards: 768
[4.187s][debug][gc,refine         ] Activated worker 0, on threshold: 8814, current: 8960
[4.188s][debug][gc,refine         ] Deactivated worker 0, off threshold: 8302, current: 8192, refined cards: 768
[4.189s][debug][gc,refine         ] Activated worker 0, on threshold: 8814, current: 8960
[4.191s][debug][gc,refine         ] Deactivated worker 0, off threshold: 8302, current: 8192, refined cards: 1024
[4.193s][debug][gc,refine         ] Activated worker 0, on threshold: 8814, current: 8960
[4.194s][debug][gc,refine         ] Deactivated worker 0, off threshold: 8302, current: 8192, refined cards: 1024
[4.195s][debug][gc,refine         ] Activated worker 0, on threshold: 8814, current: 8960
[4.196s][debug][gc,refine         ] Deactivated worker 0, off threshold: 8302, current: 8192, refined cards: 768
[4.197s][debug][gc,refine         ] Activated worker 0, on threshold: 8814, current: 8960
[4.198s][debug][gc,refine         ] Deactivated worker 0, off threshold: 8302, current: 8192, refined cards: 768
[4.199s][debug][gc,refine         ] Activated worker 0, on threshold: 8814, current: 8960
[4.199s][debug][gc,task,start     ] G1 Service Thread (Remembered Set Sampling Task) (run)
[4.200s][debug][gc,task           ] G1 Service Thread (Remembered Set Sampling Task) (run) 0.069ms (cpu: 0.000ms)
[4.200s][debug][gc,refine         ] Deactivated worker 0, off threshold: 8302, current: 8192, refined cards: 768
[4.202s][debug][gc,refine         ] Activated worker 0, on threshold: 8814, current: 8960
[4.202s][debug][gc,refine         ] Deactivated worker 0, off threshold: 8302, current: 8192, refined cards: 768
[4.204s][debug][gc,refine         ] Activated worker 0, on threshold: 8814, current: 8960
[4.204s][debug][gc,refine         ] Deactivated worker 0, off threshold: 8302, current: 8192, refined cards: 768
[4.206s][debug][gc,refine         ] Activated worker 0, on threshold: 8814, current: 8960
[4.206s][debug][gc,refine         ] Deactivated worker 0, off threshold: 8302, current: 8192, refined cards: 768
[4.208s][debug][gc,refine         ] Activated worker 0, on threshold: 8814, current: 8960
[4.208s][debug][gc,refine         ] Deactivated worker 0, off threshold: 8302, current: 8192, refined cards: 768
[4.210s][debug][gc,refine         ] Activated worker 0, on threshold: 8814, current: 8960
[4.210s][debug][gc,refine         ] Deactivated worker 0, off threshold: 8302, current: 8192, refined cards: 768
[4.212s][debug][gc,refine         ] Activated worker 0, on threshold: 8814, current: 8960
[4.212s][debug][gc,refine         ] Deactivated worker 0, off threshold: 8302, current: 8192, refined cards: 768
[4.214s][debug][gc,refine         ] Activated worker 0, on threshold: 8814, current: 8960
[4.214s][debug][gc,refine         ] Deactivated worker 0, off threshold: 8302, current: 8192, refined cards: 768
[4.216s][debug][gc,refine         ] Activated worker 0, on threshold: 8814, current: 8960
[4.216s][debug][gc,refine         ] Deactivated worker 0, off threshold: 8302, current: 8192, refined cards: 768
[4.218s][debug][gc,refine         ] Activated worker 0, on threshold: 8814, current: 8960
[4.218s][debug][gc,refine         ] Deactivated worker 0, off threshold: 8302, current: 8192, refined cards: 768
[4.220s][debug][gc,refine         ] Activated worker 0, on threshold: 8814, current: 8960
[4.220s][debug][gc,refine         ] Deactivated worker 0, off threshold: 8302, current: 8192, refined cards: 768
[4.222s][debug][gc,refine         ] Activated worker 0, on threshold: 8814, current: 8960
[4.223s][debug][gc,refine         ] Deactivated worker 0, off threshold: 8302, current: 8192, refined cards: 768
[4.227s][debug][gc,refine         ] Activated worker 0, on threshold: 8814, current: 8960
[4.227s][debug][gc,refine         ] Deactivated worker 0, off threshold: 8302, current: 8192, refined cards: 768
[4.229s][debug][gc,refine         ] Activated worker 0, on threshold: 8814, current: 8960
[4.229s][debug][gc,refine         ] Deactivated worker 0, off threshold: 8302, current: 8192, refined cards: 768
[4.231s][debug][gc,refine         ] Activated worker 0, on threshold: 8814, current: 8960
[4.232s][debug][gc,refine         ] Deactivated worker 0, off threshold: 8302, current: 8192, refined cards: 768
[4.234s][debug][gc,refine         ] Activated worker 0, on threshold: 8814, current: 8960
[4.234s][debug][gc,refine         ] Deactivated worker 0, off threshold: 8302, current: 8192, refined cards: 768
[4.236s][debug][gc,refine         ] Activated worker 0, on threshold: 8814, current: 8960
[4.236s][debug][gc,refine         ] Deactivated worker 0, off threshold: 8302, current: 8192, refined cards: 768
[4.237s][debug][gc,refine         ] Activated worker 0, on threshold: 8814, current: 8960
[4.238s][debug][gc,refine         ] Deactivated worker 0, off threshold: 8302, current: 8192, refined cards: 768
[4.240s][debug][gc,refine         ] Activated worker 0, on threshold: 8814, current: 8960
[4.240s][debug][gc,refine         ] Deactivated worker 0, off threshold: 8302, current: 8192, refined cards: 768
[4.242s][debug][gc,refine         ] Activated worker 0, on threshold: 8814, current: 8960
[4.242s][debug][gc,refine         ] Deactivated worker 0, off threshold: 8302, current: 8192, refined cards: 768
[4.244s][debug][gc,refine         ] Activated worker 0, on threshold: 8814, current: 8960
[4.244s][debug][gc,refine         ] Deactivated worker 0, off threshold: 8302, current: 8192, refined cards: 768
[4.246s][debug][gc,refine         ] Activated worker 0, on threshold: 8814, current: 8960
[4.246s][debug][gc,refine         ] Deactivated worker 0, off threshold: 8302, current: 8192, refined cards: 768
[4.248s][debug][gc,refine         ] Activated worker 0, on threshold: 8814, current: 8960
[4.248s][debug][gc,refine         ] Deactivated worker 0, off threshold: 8302, current: 8192, refined cards: 768
[4.250s][debug][gc,refine         ] Activated worker 0, on threshold: 8814, current: 8960
[4.250s][debug][gc,refine         ] Deactivated worker 0, off threshold: 8302, current: 8192, refined cards: 768
[4.252s][debug][gc,refine         ] Activated worker 0, on threshold: 8814, current: 8960
[4.252s][debug][gc,refine         ] Deactivated worker 0, off threshold: 8302, current: 8192, refined cards: 768
[4.254s][debug][gc,refine         ] Activated worker 0, on threshold: 8814, current: 8960
[4.255s][debug][gc,refine         ] Deactivated worker 0, off threshold: 8302, current: 8192, refined cards: 768
[4.256s][debug][gc,refine         ] Activated worker 0, on threshold: 8814, current: 8960
[4.257s][debug][gc,refine         ] Deactivated worker 0, off threshold: 8302, current: 8192, refined cards: 768
[4.258s][debug][gc,refine         ] Activated worker 0, on threshold: 8814, current: 8960
[4.259s][debug][gc,refine         ] Deactivated worker 0, off threshold: 8302, current: 8192, refined cards: 1024
[4.261s][debug][gc,refine         ] Activated worker 0, on threshold: 8814, current: 8960
[4.262s][debug][gc,refine         ] Deactivated worker 0, off threshold: 8302, current: 8192, refined cards: 768
[4.263s][debug][gc,refine         ] Activated worker 0, on threshold: 8814, current: 8960
[4.264s][debug][gc,refine         ] Deactivated worker 0, off threshold: 8302, current: 8192, refined cards: 768
[4.265s][debug][gc,refine         ] Activated worker 0, on threshold: 8814, current: 8960
[4.266s][debug][gc,refine         ] Deactivated worker 0, off threshold: 8302, current: 8192, refined cards: 768
[4.267s][debug][gc,refine         ] Activated worker 0, on threshold: 8814, current: 8960
[4.268s][debug][gc,refine         ] Deactivated worker 0, off threshold: 8302, current: 8192, refined cards: 768
[4.269s][debug][gc,refine         ] Activated worker 0, on threshold: 8814, current: 8960
[4.270s][debug][gc,refine         ] Deactivated worker 0, off threshold: 8302, current: 8192, refined cards: 768
[4.271s][debug][gc,refine         ] Activated worker 0, on threshold: 8814, current: 8960
[4.272s][debug][gc,refine         ] Deactivated worker 0, off threshold: 8302, current: 8192, refined cards: 768
[4.273s][debug][gc,refine         ] Activated worker 0, on threshold: 8814, current: 8960
[4.274s][debug][gc,refine         ] Deactivated worker 0, off threshold: 8302, current: 8192, refined cards: 768
[4.275s][debug][gc,refine         ] Activated worker 0, on threshold: 8814, current: 8960
[4.276s][debug][gc,refine         ] Deactivated worker 0, off threshold: 8302, current: 8192, refined cards: 1024
[4.278s][debug][gc,refine         ] Activated worker 0, on threshold: 8814, current: 8960
[4.279s][debug][gc,refine         ] Deactivated worker 0, off threshold: 8302, current: 8192, refined cards: 768
[4.280s][debug][gc,refine         ] Activated worker 0, on threshold: 8814, current: 8960
[4.281s][debug][gc,refine         ] Deactivated worker 0, off threshold: 8302, current: 8192, refined cards: 768
[4.283s][debug][gc,refine         ] Activated worker 0, on threshold: 8814, current: 8960
[4.284s][debug][gc,refine         ] Deactivated worker 0, off threshold: 8302, current: 8192, refined cards: 1024
[4.286s][debug][gc,refine         ] Activated worker 0, on threshold: 8814, current: 8960
[4.286s][debug][gc,refine         ] Deactivated worker 0, off threshold: 8302, current: 8192, refined cards: 768
[4.288s][debug][gc,refine         ] Activated worker 0, on threshold: 8814, current: 8960
[4.288s][debug][gc,refine         ] Deactivated worker 0, off threshold: 8302, current: 8192, refined cards: 768
[4.290s][debug][gc,refine         ] Activated worker 0, on threshold: 8814, current: 8960
[4.290s][debug][gc,refine         ] Deactivated worker 0, off threshold: 8302, current: 8192, refined cards: 768
[4.292s][debug][gc,refine         ] Activated worker 0, on threshold: 8814, current: 8960
[4.293s][debug][gc,refine         ] Deactivated worker 0, off threshold: 8302, current: 8192, refined cards: 1024
[4.294s][debug][gc,heap           ] GC(26) Heap before GC invocations=26 (full 0):
[4.294s][debug][gc,heap           ] GC(26)  garbage-first heap   total 524288K, used 285184K [0x00000000e0000000, 0x0000000100000000)
[4.294s][debug][gc,heap           ] GC(26)   region size 1024K, 151 young (154624K), 14 survivors (14336K)
[4.294s][debug][gc,heap           ] GC(26)  Metaspace       used 494K, committed 640K, reserved 1056768K
[4.294s][debug][gc,heap           ] GC(26)   class space    used 37K, committed 128K, reserved 1048576K
[4.294s][info ][gc,start          ] GC(26) Pause Young (Normal) (G1 Evacuation Pause)
[4.294s][info ][gc,task           ] GC(26) Using 4 workers of 4 for evacuation
[4.294s][debug][gc,tlab           ] GC(26) TLAB totals: thrds: 1  refills: 411 max: 411 slow allocs: 0 max 0 waste:  0.2% gc: 0B max: 0B slow: 236744B max: 236744B
[4.294s][debug][gc,age            ] GC(26) Desired survivor size 9961472 bytes, new threshold 1 (max threshold 15)
[4.294s][debug][gc,refine,stats   ] GC(26) Mutator refinement: 0.00ms, refined: 0, precleaned: 0, dirtied: 70029
[4.294s][debug][gc,refine,stats   ] GC(26) Concurrent refinement: 48.73ms, refined: 67719, precleaned: 1098, dirtied: 0
[4.294s][debug][gc,refine,stats   ] GC(26) Total refinement: 48.73ms, refined: 67719, precleaned: 1098, dirtied: 70029
[4.294s][debug][gc,refine,stats   ] GC(26) Concurrent refinement rate: 1389.67 cards/ms
[4.294s][debug][gc,refine,stats   ] GC(26) Generate dirty cards rate: 356.13 cards/ms
[4.294s][debug][gc,alloc,region   ] GC(26) Mutator Allocation stats, regions: 137, wasted size: 0B ( 0.0%)
[4.294s][debug][gc,humongous      ] GC(26) Humongous region 155 (object size 36920416 @ 0x00000000e9b00000) remset 1 code roots 0 marked 0 reclaim candidate 0 type array 0
[4.294s][debug][gc,ergo           ] GC(26) Running G1 Merge Heap Roots using 4 workers for 151 regions
[4.294s][debug][gc,remset         ] GC(26) Visited cards 41984 Total dirty 43008 (97.62%) Total old 880640 (4.77%)
[4.357s][debug][gc,ref            ] GC(26) Skipped phase 1 of Reference Processing: no references
[4.357s][debug][gc,ref            ] GC(26) Skipped phase 2 of Reference Processing: no references
[4.357s][debug][gc,ref            ] GC(26) Skipped phase 3 of Reference Processing: no references
[4.357s][debug][gc,ref            ] GC(26) Skipped phase 4 of Reference Processing: no references
[4.358s][debug][gc,ergo           ] GC(26) Running G1 Rebuild Free List Task using 4 workers for rebuilding free list of regions
[4.358s][debug][gc,plab           ] GC(26) Young PLAB allocation: allocated: 19922944B, wasted: 608B, unused: 0B, used: 19922336B, undo waste: 0B, 
[4.358s][debug][gc,plab           ] GC(26) Young other allocation: region end waste: 0B, regions filled: 19, direct allocated: 0B, failure used: 0B, failure wasted: 0B
[4.358s][debug][gc,plab           ] GC(26) Young sizing: calculated: 3984464B, actual: 3611096B
[4.358s][debug][gc,plab           ] GC(26) Old PLAB allocation: allocated: 31457280B, wasted: 896B, unused: 866848B, used: 30589536B, undo waste: 0B, 
[4.358s][debug][gc,plab           ] GC(26) Old other allocation: region end waste: 0B, regions filled: 30, direct allocated: 0B, failure used: 0B, failure wasted: 0B
[4.358s][debug][gc,plab           ] GC(26) Old sizing: calculated: 6117904B, actual: 5373432B
[4.358s][debug][gc,ergo,heap      ] GC(26) Heap expansion: short term pause time ratio 10.18% long term pause time ratio 27.89% threshold 7.69% pause time ratio 7.69% fully expanded true resize by 0B
[4.358s][debug][gc,mmu            ] GC(26) MMU: 64.4ms (200.0ms/201.0ms)
[4.358s][debug][gc,alloc,stats    ] Old generation allocation in the last mutator period, old gen allocated: 31457280B, humongous allocated: 0B,old gen growth: 31457280B.
[4.358s][debug][gc,ihop           ] GC(26) Basic information (value update), threshold: 241591910B (45.00), target occupancy: 536870912B, current occupancy: 185597952B, recent allocation size: 31457280B, recent allocation duration: 196.64ms, recent old gen allocation rate: 159975101.53B/s, recent marking phase length: 513.50ms
[4.358s][debug][gc,ihop           ] GC(26) Adaptive IHOP information (value update), threshold: 241591910B (52.94), internal target occupancy: 456340275B, occupancy: 185597952B, additional buffer size: 147849216B, predicted old gen allocation rate: 356238560.95B/s, predicted marking phase length: 1026.99ms, prediction active: false
[4.358s][debug][gc,ergo,refine    ] GC(26) Concurrent refinement times: Logged Cards Scan time goal: 20.00ms Logged Cards Scan time: 2.25ms HCC time: 0.00ms
[4.358s][debug][gc,ergo,refine    ] GC(26) Updated Refinement Zones: green: 9132, yellow: 27396, red: 45660
[4.359s][debug][gc,refine         ] Activated worker 0, on threshold: 9644, current: 9732
[4.359s][info ][gc,phases         ] GC(26)   Pre Evacuate Collection Set: 0.1ms
[4.359s][debug][gc,phases         ] GC(26)     Prepare TLABs: 0.0ms
[4.359s][debug][gc,phases         ] GC(26)     Concatenate Dirty Card Logs: 0.0ms
[4.359s][debug][gc,phases         ] GC(26)     Choose Collection Set: 0.0ms
[4.359s][debug][gc,phases         ] GC(26)     Region Register: 0.1ms
[4.359s][debug][gc,phases         ] GC(26)     Prepare Heap Roots: 0.0ms
[4.359s][info ][gc,phases         ] GC(26)   Merge Heap Roots: 0.3ms
[4.359s][debug][gc,phases         ] GC(26)     Prepare Merge Heap Roots: 0.0ms
[4.359s][debug][gc,phases         ] GC(26)     Eager Reclaim (ms):            skipped
[4.359s][debug][gc,phases         ] GC(26)     Remembered Sets (ms):          Min:  0.1, Avg:  0.1, Max:  0.1, Diff:  0.0, Sum:  0.5, Workers: 4
[4.359s][debug][gc,phases         ] GC(26)       Merged Sparse:                 Min: 0, Avg:  2.8, Max: 8, Diff: 8, Sum: 11, Workers: 4
[4.359s][debug][gc,phases         ] GC(26)       Merged Fine:                   Min: 23, Avg: 35.8, Max: 43, Diff: 20, Sum: 143, Workers: 4
[4.359s][debug][gc,phases         ] GC(26)       Merged Coarse:                 Min: 0, Avg:  0.0, Max: 0, Diff: 0, Sum: 0, Workers: 4
[4.359s][debug][gc,phases         ] GC(26)       Dirty Cards:                   Min: 958, Avg: 8042.5, Max: 11920, Diff: 10962, Sum: 32170, Workers: 4
[4.359s][debug][gc,phases         ] GC(26)     Hot Card Cache (ms):           Min:  0.0, Avg:  0.0, Max:  0.0, Diff:  0.0, Sum:  0.0, Workers: 4
[4.359s][debug][gc,phases         ] GC(26)       Dirty Cards:                   Min: 184, Avg: 248.0, Max: 280, Diff: 96, Sum: 992, Workers: 4
[4.359s][debug][gc,phases         ] GC(26)       Skipped Cards:                 Min: 0, Avg:  0.0, Max: 0, Diff: 0, Sum: 0, Workers: 4
[4.359s][debug][gc,phases         ] GC(26)     Log Buffers (ms):              Min:  0.0, Avg:  0.0, Max:  0.0, Diff:  0.0, Sum:  0.1, Workers: 4
[4.359s][debug][gc,phases         ] GC(26)       Dirty Cards:                   Min: 2040, Avg: 2139.3, Max: 2296, Diff: 256, Sum: 8557, Workers: 4
[4.359s][debug][gc,phases         ] GC(26)       Skipped Cards:                 Min: 0, Avg:  0.0, Max: 0, Diff: 0, Sum: 0, Workers: 4
[4.359s][info ][gc,phases         ] GC(26)   Evacuate Collection Set: 62.9ms
[4.359s][debug][gc,phases         ] GC(26)     Ext Root Scanning (ms):        Min:  0.0, Avg:  0.0, Max:  0.0, Diff:  0.0, Sum:  0.0, Workers: 4
[4.359s][debug][gc,phases         ] GC(26)     Scan Heap Roots (ms):          Min:  8.9, Avg: 10.8, Max: 12.5, Diff:  3.6, Sum: 43.3, Workers: 4
[4.359s][debug][gc,phases         ] GC(26)       Scanned Cards:                 Min: 6656, Avg: 10445.8, Max: 15360, Diff: 8704, Sum: 41783, Workers: 4
[4.359s][debug][gc,phases         ] GC(26)       Scanned Blocks:                Min: 26, Avg: 41.0, Max: 60, Diff: 34, Sum: 164, Workers: 4
[4.359s][debug][gc,phases         ] GC(26)       Claimed Chunks:                Min: 26, Avg: 41.0, Max: 60, Diff: 34, Sum: 164, Workers: 4
[4.359s][debug][gc,phases         ] GC(26)     Code Root Scan (ms):           Min:  0.0, Avg:  0.0, Max:  0.0, Diff:  0.0, Sum:  0.0, Workers: 4
[4.359s][debug][gc,phases         ] GC(26)     Object Copy (ms):              Min: 50.3, Avg: 52.0, Max: 53.9, Diff:  3.6, Sum: 208.0, Workers: 4
[4.359s][debug][gc,phases         ] GC(26)     Termination (ms):              Min:  0.0, Avg:  0.0, Max:  0.0, Diff:  0.0, Sum:  0.0, Workers: 4
[4.359s][debug][gc,phases         ] GC(26)       Termination Attempts:          Min: 1, Avg:  1.0, Max: 1, Diff: 0, Sum: 4, Workers: 4
[4.359s][debug][gc,phases         ] GC(26)     GC Worker Other (ms):          Min:  0.0, Avg:  0.0, Max:  0.0, Diff:  0.0, Sum:  0.1, Workers: 4
[4.359s][debug][gc,phases         ] GC(26)     GC Worker Total (ms):          Min: 62.8, Avg: 62.9, Max: 62.9, Diff:  0.0, Sum: 251.4, Workers: 4
[4.359s][info ][gc,phases         ] GC(26)   Post Evacuate Collection Set: 0.5ms
[4.359s][debug][gc,phases         ] GC(26)     Code Roots Fixup: 0.0ms
[4.359s][debug][gc,phases         ] GC(26)     Reference Processing: 0.2ms
[4.359s][debug][gc,phases,ref     ] GC(26)       Reconsider SoftReferences: 0.1ms
[4.359s][debug][gc,phases,ref     ] GC(26)         SoftRef (ms):                  skipped
[4.359s][debug][gc,phases,ref     ] GC(26)       Notify Soft/WeakReferences: 0.0ms
[4.359s][debug][gc,phases,ref     ] GC(26)         SoftRef (ms):                  skipped
[4.359s][debug][gc,phases,ref     ] GC(26)         WeakRef (ms):                  skipped
[4.359s][debug][gc,phases,ref     ] GC(26)         FinalRef (ms):                 skipped
[4.359s][debug][gc,phases,ref     ] GC(26)         Total (ms):                    skipped
[4.359s][debug][gc,phases,ref     ] GC(26)       Notify and keep alive finalizable: 0.0ms
[4.359s][debug][gc,phases,ref     ] GC(26)         FinalRef (ms):                 skipped
[4.359s][debug][gc,phases,ref     ] GC(26)       Notify PhantomReferences: 0.0ms
[4.359s][debug][gc,phases,ref     ] GC(26)         PhantomRef (ms):               skipped
[4.359s][debug][gc,phases,ref     ] GC(26)       SoftReference:
[4.359s][debug][gc,phases,ref     ] GC(26)         Discovered: 0
[4.359s][debug][gc,phases,ref     ] GC(26)         Cleared: 0
[4.359s][debug][gc,phases,ref     ] GC(26)       WeakReference:
[4.359s][debug][gc,phases,ref     ] GC(26)         Discovered: 0
[4.359s][debug][gc,phases,ref     ] GC(26)         Cleared: 0
[4.359s][debug][gc,phases,ref     ] GC(26)       FinalReference:
[4.359s][debug][gc,phases,ref     ] GC(26)         Discovered: 0
[4.359s][debug][gc,phases,ref     ] GC(26)         Cleared: 0
[4.359s][debug][gc,phases,ref     ] GC(26)       PhantomReference:
[4.359s][debug][gc,phases,ref     ] GC(26)         Discovered: 0
[4.359s][debug][gc,phases,ref     ] GC(26)         Cleared: 0
[4.360s][debug][gc,phases         ] GC(26)     Weak Processing: 0.1ms
[4.360s][debug][gc,phases         ] GC(26)       VM Weak                        Min:  0.0, Avg:  0.0, Max:  0.0, Diff:  0.0, Sum:  0.0, Workers: 3
[4.360s][debug][gc,phases         ] GC(26)         Dead                           Min: 0, Avg:  0.0, Max: 0, Diff: 0, Sum: 0, Workers: 3
[4.360s][debug][gc,phases         ] GC(26)         Total                          Min: 0, Avg:  4.7, Max: 14, Diff: 14, Sum: 14, Workers: 3
[4.360s][debug][gc,phases         ] GC(26)       ObjectSynchronizer Weak        Min:  0.0, Avg:  0.0, Max:  0.0, Diff:  0.0, Sum:  0.0, Workers: 3
[4.360s][debug][gc,phases         ] GC(26)         Dead                           Min: 0, Avg:  0.0, Max: 0, Diff: 0, Sum: 0, Workers: 3
[4.360s][debug][gc,phases         ] GC(26)         Total                          Min: 0, Avg:  1.0, Max: 3, Diff: 3, Sum: 3, Workers: 3
[4.360s][debug][gc,phases         ] GC(26)       JVMTI Tag Weak OopStorage      Min:  0.0, Avg:  0.0, Max:  0.0, Diff:  0.0, Sum:  0.0, Workers: 3
[4.360s][debug][gc,phases         ] GC(26)         Dead                           Min: 0, Avg:  0.0, Max: 0, Diff: 0, Sum: 0, Workers: 3
[4.360s][debug][gc,phases         ] GC(26)         Total                          Min: 0, Avg:  0.0, Max: 0, Diff: 0, Sum: 0, Workers: 3
[4.360s][debug][gc,phases         ] GC(26)       StringTable Weak               Min:  0.0, Avg:  0.0, Max:  0.0, Diff:  0.0, Sum:  0.0, Workers: 3
[4.360s][debug][gc,phases         ] GC(26)         Dead                           Min: 0, Avg:  0.0, Max: 0, Diff: 0, Sum: 0, Workers: 3
[4.360s][debug][gc,phases         ] GC(26)         Total                          Min: 0, Avg: 821.3, Max: 1824, Diff: 1824, Sum: 2464, Workers: 3
[4.360s][debug][gc,phases         ] GC(26)       ResolvedMethodTable Weak       Min:  0.0, Avg:  0.0, Max:  0.0, Diff:  0.0, Sum:  0.0, Workers: 3
[4.360s][debug][gc,phases         ] GC(26)         Dead                           Min: 0, Avg:  0.0, Max: 0, Diff: 0, Sum: 0, Workers: 3
[4.360s][debug][gc,phases         ] GC(26)         Total                          Min: 0, Avg: 45.7, Max: 137, Diff: 137, Sum: 137, Workers: 3
[4.360s][debug][gc,phases         ] GC(26)       JNI Weak                       Min:  0.0, Avg:  0.0, Max:  0.0, Diff:  0.0, Sum:  0.0, Workers: 3
[4.360s][debug][gc,phases         ] GC(26)         Dead                           Min: 0, Avg:  0.0, Max: 0, Diff: 0, Sum: 0, Workers: 3
[4.360s][debug][gc,phases         ] GC(26)         Total                          Min: 0, Avg:  0.0, Max: 0, Diff: 0, Sum: 0, Workers: 3
[4.360s][debug][gc,phases         ] GC(26)       StringDedup Table Weak         Min:  0.0, Avg:  0.0, Max:  0.0, Diff:  0.0, Sum:  0.0, Workers: 3
[4.360s][debug][gc,phases         ] GC(26)         Dead                           Min: 0, Avg:  0.0, Max: 0, Diff: 0, Sum: 0, Workers: 3
[4.360s][debug][gc,phases         ] GC(26)         Total                          Min: 0, Avg:  0.0, Max: 0, Diff: 0, Sum: 0, Workers: 3
[4.360s][debug][gc,phases         ] GC(26)       StringDedup Requests0 Weak     Min:  0.0, Avg:  0.0, Max:  0.0, Diff:  0.0, Sum:  0.0, Workers: 3
[4.360s][debug][gc,phases         ] GC(26)         Dead                           Min: 0, Avg:  0.0, Max: 0, Diff: 0, Sum: 0, Workers: 3
[4.360s][debug][gc,phases         ] GC(26)         Total                          Min: 0, Avg:  0.0, Max: 0, Diff: 0, Sum: 0, Workers: 3
[4.360s][debug][gc,phases         ] GC(26)       StringDedup Requests1 Weak     Min:  0.0, Avg:  0.0, Max:  0.0, Diff:  0.0, Sum:  0.0, Workers: 3
[4.360s][debug][gc,phases         ] GC(26)         Dead                           Min: 0, Avg:  0.0, Max: 0, Diff: 0, Sum: 0, Workers: 3
[4.360s][debug][gc,phases         ] GC(26)         Total                          Min: 0, Avg:  0.0, Max: 0, Diff: 0, Sum: 0, Workers: 3
[4.360s][debug][gc,phases         ] GC(26)       Weak JFR Old Object Samples    Min:  0.0, Avg:  0.0, Max:  0.0, Diff:  0.0, Sum:  0.0, Workers: 3
[4.360s][debug][gc,phases         ] GC(26)         Dead                           Min: 0, Avg:  0.0, Max: 0, Diff: 0, Sum: 0, Workers: 3
[4.360s][debug][gc,phases         ] GC(26)         Total                          Min: 0, Avg:  0.0, Max: 0, Diff: 0, Sum: 0, Workers: 3
[4.360s][debug][gc,phases         ] GC(26)     Post Evacuate Cleanup 1: 0.1ms
[4.360s][debug][gc,phases         ] GC(26)       Merge Per-Thread State (ms):   Min:  0.1, Avg:  0.1, Max:  0.1, Diff:  0.0, Sum:  0.1, Workers: 1
[4.360s][debug][gc,phases         ] GC(26)         Copied Bytes                   Min: 10642832, Avg: 12627968.0, Max: 14641216, Diff: 3998384, Sum: 50511872, Workers: 4
[4.360s][debug][gc,phases         ] GC(26)         LAB Waste                      Min: 320, Avg: 376.0, Max: 432, Diff: 112, Sum: 1504, Workers: 4
[4.360s][debug][gc,phases         ] GC(26)         LAB Undo Waste                 Min: 0, Avg:  0.0, Max: 0, Diff: 0, Sum: 0, Workers: 4
[4.360s][debug][gc,phases         ] GC(26)       Clear Logged Cards (ms):       Min:  0.0, Avg:  0.0, Max:  0.1, Diff:  0.1, Sum:  0.1, Workers: 3
[4.360s][debug][gc,phases         ] GC(26)       Recalculate Used Memory (ms):  Min:  0.0, Avg:  0.0, Max:  0.0, Diff:  0.0, Sum:  0.0, Workers: 1
[4.360s][debug][gc,phases         ] GC(26)     Post Evacuate Cleanup 2: 0.1ms
[4.360s][debug][gc,phases         ] GC(26)       Reset Hot Card Cache (ms):     Min:  0.0, Avg:  0.0, Max:  0.0, Diff:  0.0, Sum:  0.0, Workers: 1
[4.360s][debug][gc,phases         ] GC(26)       Purge Code Roots (ms):         Min:  0.0, Avg:  0.0, Max:  0.0, Diff:  0.0, Sum:  0.0, Workers: 1
[4.360s][debug][gc,phases         ] GC(26)       Update Derived Pointers (ms):  Min:  0.0, Avg:  0.0, Max:  0.0, Diff:  0.0, Sum:  0.0, Workers: 1
[4.360s][debug][gc,phases         ] GC(26)       Eagerly Reclaim Humongous Objects (ms): Min:  0.0, Avg:  0.0, Max:  0.0, Diff:  0.0, Sum:  0.0, Workers: 1
[4.360s][debug][gc,phases         ] GC(26)         Humongous Total                Min: 1, Avg:  1.0, Max: 1, Diff: 0, Sum: 1, Workers: 1
[4.360s][debug][gc,phases         ] GC(26)         Humongous Candidates           Min: 0, Avg:  0.0, Max: 0, Diff: 0, Sum: 0, Workers: 1
[4.360s][debug][gc,phases         ] GC(26)         Humongous Reclaimed            Min: 0, Avg:  0.0, Max: 0, Diff: 0, Sum: 0, Workers: 1
[4.360s][debug][gc,phases         ] GC(26)       Redirty Logged Cards (ms):     Min:  0.0, Avg:  0.0, Max:  0.0, Diff:  0.0, Sum:  0.1, Workers: 4
[4.360s][debug][gc,phases         ] GC(26)         Redirtied Cards:               Min: 0, Avg: 2433.0, Max: 3842, Diff: 3842, Sum: 9732, Workers: 4
[4.360s][debug][gc,phases         ] GC(26)       Free Collection Set (ms):      Min:  0.0, Avg:  0.0, Max:  0.0, Diff:  0.0, Sum:  0.1, Workers: 4
[4.360s][debug][gc,phases         ] GC(26)     Rebuild Free List: 0.1ms
[4.360s][debug][gc,phases         ] GC(26)     Start New Collection Set: 0.0ms
[4.360s][debug][gc,phases         ] GC(26)     Resize TLABs: 0.0ms
[4.360s][debug][gc,phases         ] GC(26)     Expand Heap After Collection: 0.0ms
[4.360s][info ][gc,phases         ] GC(26)   Other: 1.0ms
[4.360s][info ][gc,heap           ] GC(26) Eden regions: 137->0(122)
[4.360s][info ][gc,heap           ] GC(26) Survivor regions: 14->19(19)
[4.360s][info ][gc,heap           ] GC(26) Old regions: 92->122
[4.361s][info ][gc,heap           ] GC(26) Archive regions: 0->0
[4.361s][info ][gc,heap           ] GC(26) Humongous regions: 36->36
[4.361s][info ][gc,metaspace      ] GC(26) Metaspace: 494K(640K)->494K(640K) NonClass: 456K(512K)->456K(512K) Class: 37K(128K)->37K(128K)
[4.361s][debug][gc,heap           ] GC(26) Heap after GC invocations=27 (full 0):
[4.361s][debug][gc,heap           ] GC(26)  garbage-first heap   total 524288K, used 181248K [0x00000000e0000000, 0x0000000100000000)
[4.361s][debug][gc,heap           ] GC(26)   region size 1024K, 19 young (19456K), 19 survivors (19456K)
[4.361s][debug][gc,heap           ] GC(26)  Metaspace       used 494K, committed 640K, reserved 1056768K
[4.361s][debug][gc,heap           ] GC(26)   class space    used 37K, committed 128K, reserved 1048576K
[4.361s][info ][gc                ] GC(26) Pause Young (Normal) (G1 Evacuation Pause) 278M->177M(512M) 66.920ms
[4.361s][info ][gc,cpu            ] GC(26) User=0.25s Sys=0.00s Real=0.07s
[4.361s][debug][gc,refine         ] Deactivated worker 0, off threshold: 9132, current: 8963, refined cards: 769
[4.363s][debug][gc,refine         ] Activated worker 0, on threshold: 9644, current: 9731
[4.363s][debug][gc,refine         ] Deactivated worker 0, off threshold: 9132, current: 8963, refined cards: 768
[4.365s][debug][gc,refine         ] Activated worker 0, on threshold: 9644, current: 9731
[4.366s][debug][gc,refine         ] Deactivated worker 0, off threshold: 9132, current: 8963, refined cards: 768
[4.367s][debug][gc,refine         ] Activated worker 0, on threshold: 9644, current: 9731
[4.368s][debug][gc,refine         ] Deactivated worker 0, off threshold: 9132, current: 8962, refined cards: 769
[4.369s][debug][gc,refine         ] Activated worker 0, on threshold: 9644, current: 9730
[4.370s][debug][gc,refine         ] Deactivated worker 0, off threshold: 9132, current: 8962, refined cards: 768
[4.371s][debug][gc,refine         ] Activated worker 0, on threshold: 9644, current: 9730
[4.372s][debug][gc,refine         ] Deactivated worker 0, off threshold: 9132, current: 8962, refined cards: 768
[4.373s][debug][gc,refine         ] Activated worker 0, on threshold: 9644, current: 9730
[4.374s][debug][gc,refine         ] Deactivated worker 0, off threshold: 9132, current: 8961, refined cards: 769
[4.375s][debug][gc,refine         ] Activated worker 0, on threshold: 9644, current: 9729
[4.376s][debug][gc,refine         ] Deactivated worker 0, off threshold: 9132, current: 8961, refined cards: 768
[4.377s][debug][gc,refine         ] Activated worker 0, on threshold: 9644, current: 9729
[4.378s][debug][gc,refine         ] Deactivated worker 0, off threshold: 9132, current: 8961, refined cards: 768
[4.379s][debug][gc,refine         ] Activated worker 0, on threshold: 9644, current: 9729
[4.380s][debug][gc,refine         ] Deactivated worker 0, off threshold: 9132, current: 8960, refined cards: 769
[4.381s][debug][gc,refine         ] Activated worker 0, on threshold: 9644, current: 9728
[4.382s][debug][gc,refine         ] Deactivated worker 0, off threshold: 9132, current: 8960, refined cards: 1024
[4.384s][debug][gc,refine         ] Activated worker 0, on threshold: 9644, current: 9728
[4.385s][debug][gc,refine         ] Deactivated worker 0, off threshold: 9132, current: 8960, refined cards: 768
[4.386s][debug][gc,refine         ] Activated worker 0, on threshold: 9644, current: 9728
[4.387s][debug][gc,refine         ] Deactivated worker 0, off threshold: 9132, current: 8960, refined cards: 768
[4.388s][debug][gc,refine         ] Activated worker 0, on threshold: 9644, current: 9728
[4.389s][debug][gc,refine         ] Deactivated worker 0, off threshold: 9132, current: 8960, refined cards: 768
[4.390s][debug][gc,refine         ] Activated worker 0, on threshold: 9644, current: 9728
[4.391s][debug][gc,refine         ] Deactivated worker 0, off threshold: 9132, current: 8960, refined cards: 768
[4.392s][debug][gc,refine         ] Activated worker 0, on threshold: 9644, current: 9728
[4.393s][debug][gc,refine         ] Deactivated worker 0, off threshold: 9132, current: 8960, refined cards: 768
[4.394s][debug][gc,refine         ] Activated worker 0, on threshold: 9644, current: 9728
[4.395s][debug][gc,refine         ] Deactivated worker 0, off threshold: 9132, current: 8960, refined cards: 768
[4.396s][debug][gc,refine         ] Activated worker 0, on threshold: 9644, current: 9728
[4.397s][debug][gc,refine         ] Deactivated worker 0, off threshold: 9132, current: 8960, refined cards: 768
[4.398s][debug][gc,refine         ] Activated worker 0, on threshold: 9644, current: 9728
[4.398s][debug][gc,task,start     ] G1 Service Thread (Remembered Set Sampling Task) (run)
[4.398s][debug][gc,task           ] G1 Service Thread (Remembered Set Sampling Task) (run) 0.044ms (cpu: 0.000ms)
[4.399s][debug][gc,refine         ] Deactivated worker 0, off threshold: 9132, current: 8960, refined cards: 768
[4.400s][debug][gc,refine         ] Activated worker 0, on threshold: 9644, current: 9728
[4.401s][debug][gc,refine         ] Deactivated worker 0, off threshold: 9132, current: 8960, refined cards: 768
[4.403s][debug][gc,refine         ] Activated worker 0, on threshold: 9644, current: 9728
[4.403s][debug][gc,refine         ] Deactivated worker 0, off threshold: 9132, current: 8960, refined cards: 768
[4.405s][debug][gc,refine         ] Activated worker 0, on threshold: 9644, current: 9728
[4.406s][debug][gc,refine         ] Deactivated worker 0, off threshold: 9132, current: 8960, refined cards: 768
[4.407s][debug][gc,refine         ] Activated worker 0, on threshold: 9644, current: 9728
[4.408s][debug][gc,refine         ] Deactivated worker 0, off threshold: 9132, current: 8960, refined cards: 768
[4.409s][debug][gc,refine         ] Activated worker 0, on threshold: 9644, current: 9728
[4.410s][debug][gc,refine         ] Deactivated worker 0, off threshold: 9132, current: 8960, refined cards: 768
[4.411s][debug][gc,refine         ] Activated worker 0, on threshold: 9644, current: 9728
[4.412s][debug][gc,refine         ] Deactivated worker 0, off threshold: 9132, current: 8960, refined cards: 768
[4.413s][debug][gc,refine         ] Activated worker 0, on threshold: 9644, current: 9728
[4.415s][debug][gc,refine         ] Deactivated worker 0, off threshold: 9132, current: 8960, refined cards: 1024
[4.416s][debug][gc,refine         ] Activated worker 0, on threshold: 9644, current: 9728
[4.417s][debug][gc,refine         ] Deactivated worker 0, off threshold: 9132, current: 8960, refined cards: 768
[4.418s][debug][gc,refine         ] Activated worker 0, on threshold: 9644, current: 9728
[4.419s][debug][gc,refine         ] Deactivated worker 0, off threshold: 9132, current: 8960, refined cards: 768
[4.420s][debug][gc,refine         ] Activated worker 0, on threshold: 9644, current: 9728
[4.421s][debug][gc,refine         ] Deactivated worker 0, off threshold: 9132, current: 8960, refined cards: 768
[4.423s][debug][gc,refine         ] Activated worker 0, on threshold: 9644, current: 9728
[4.423s][debug][gc,refine         ] Deactivated worker 0, off threshold: 9132, current: 8960, refined cards: 768
[4.425s][debug][gc,refine         ] Activated worker 0, on threshold: 9644, current: 9728
[4.425s][debug][gc,refine         ] Deactivated worker 0, off threshold: 9132, current: 8960, refined cards: 768
[4.427s][debug][gc,refine         ] Activated worker 0, on threshold: 9644, current: 9728
[4.427s][debug][gc,refine         ] Deactivated worker 0, off threshold: 9132, current: 8960, refined cards: 768
[4.429s][debug][gc,refine         ] Activated worker 0, on threshold: 9644, current: 9728
[4.429s][debug][gc,refine         ] Deactivated worker 0, off threshold: 9132, current: 8960, refined cards: 768
[4.431s][debug][gc,refine         ] Activated worker 0, on threshold: 9644, current: 9728
[4.432s][debug][gc,refine         ] Deactivated worker 0, off threshold: 9132, current: 8960, refined cards: 768
[4.433s][debug][gc,refine         ] Activated worker 0, on threshold: 9644, current: 9728
[4.434s][debug][gc,refine         ] Deactivated worker 0, off threshold: 9132, current: 8960, refined cards: 768
[4.439s][debug][gc,refine         ] Activated worker 0, on threshold: 9644, current: 9728
[4.439s][debug][gc,refine         ] Deactivated worker 0, off threshold: 9132, current: 8960, refined cards: 768
[4.441s][debug][gc,refine         ] Activated worker 0, on threshold: 9644, current: 9728
[4.441s][debug][gc,refine         ] Deactivated worker 0, off threshold: 9132, current: 8960, refined cards: 768
[4.443s][debug][gc,refine         ] Activated worker 0, on threshold: 9644, current: 9728
[4.443s][debug][gc,refine         ] Deactivated worker 0, off threshold: 9132, current: 8960, refined cards: 768
[4.445s][debug][gc,refine         ] Activated worker 0, on threshold: 9644, current: 9728
[4.445s][debug][gc,refine         ] Deactivated worker 0, off threshold: 9132, current: 8960, refined cards: 768
[4.447s][debug][gc,refine         ] Activated worker 0, on threshold: 9644, current: 9728
[4.447s][debug][gc,refine         ] Deactivated worker 0, off threshold: 9132, current: 8960, refined cards: 768
[4.449s][debug][gc,refine         ] Activated worker 0, on threshold: 9644, current: 9728
[4.449s][debug][gc,refine         ] Deactivated worker 0, off threshold: 9132, current: 8960, refined cards: 768
[4.451s][debug][gc,refine         ] Activated worker 0, on threshold: 9644, current: 9728
[4.451s][debug][gc,refine         ] Deactivated worker 0, off threshold: 9132, current: 8960, refined cards: 768
[4.453s][debug][gc,refine         ] Activated worker 0, on threshold: 9644, current: 9728
[4.453s][debug][gc,refine         ] Deactivated worker 0, off threshold: 9132, current: 8960, refined cards: 768
[4.455s][debug][gc,refine         ] Activated worker 0, on threshold: 9644, current: 9728
[4.455s][debug][gc,refine         ] Deactivated worker 0, off threshold: 9132, current: 8960, refined cards: 768
[4.457s][debug][gc,refine         ] Activated worker 0, on threshold: 9644, current: 9728
[4.457s][debug][gc,refine         ] Deactivated worker 0, off threshold: 9132, current: 8960, refined cards: 768
[4.459s][debug][gc,refine         ] Activated worker 0, on threshold: 9644, current: 9728
[4.459s][debug][gc,refine         ] Deactivated worker 0, off threshold: 9132, current: 8960, refined cards: 768
[4.461s][debug][gc,refine         ] Activated worker 0, on threshold: 9644, current: 9728
[4.462s][debug][gc,refine         ] Deactivated worker 0, off threshold: 9132, current: 8960, refined cards: 768
[4.463s][debug][gc,refine         ] Activated worker 0, on threshold: 9644, current: 9728
[4.464s][debug][gc,refine         ] Deactivated worker 0, off threshold: 9132, current: 8960, refined cards: 768
[4.465s][debug][gc,refine         ] Activated worker 0, on threshold: 9644, current: 9728
[4.466s][debug][gc,refine         ] Deactivated worker 0, off threshold: 9132, current: 8960, refined cards: 768
[4.467s][debug][gc,refine         ] Activated worker 0, on threshold: 9644, current: 9728
[4.468s][debug][gc,refine         ] Deactivated worker 0, off threshold: 9132, current: 8960, refined cards: 768
[4.469s][debug][gc,refine         ] Activated worker 0, on threshold: 9644, current: 9728
[4.470s][debug][gc,refine         ] Deactivated worker 0, off threshold: 9132, current: 8960, refined cards: 768
[4.471s][debug][gc,refine         ] Activated worker 0, on threshold: 9644, current: 9728
[4.472s][debug][gc,refine         ] Deactivated worker 0, off threshold: 9132, current: 8960, refined cards: 768
[4.473s][debug][gc,refine         ] Activated worker 0, on threshold: 9644, current: 9728
[4.474s][debug][gc,refine         ] Deactivated worker 0, off threshold: 9132, current: 8960, refined cards: 768
[4.475s][debug][gc,refine         ] Activated worker 0, on threshold: 9644, current: 9728
[4.476s][debug][gc,refine         ] Deactivated worker 0, off threshold: 9132, current: 8960, refined cards: 768
[4.477s][debug][gc,refine         ] Activated worker 0, on threshold: 9644, current: 9728
[4.478s][debug][gc,refine         ] Deactivated worker 0, off threshold: 9132, current: 8960, refined cards: 768
[4.479s][debug][gc,refine         ] Activated worker 0, on threshold: 9644, current: 9728
[4.480s][debug][gc,refine         ] Deactivated worker 0, off threshold: 9132, current: 8960, refined cards: 768
[4.481s][debug][gc,refine         ] Activated worker 0, on threshold: 9644, current: 9728
[4.482s][debug][gc,refine         ] Deactivated worker 0, off threshold: 9132, current: 8960, refined cards: 768
[4.483s][debug][gc,refine         ] Activated worker 0, on threshold: 9644, current: 9728
[4.485s][debug][gc,refine         ] Deactivated worker 0, off threshold: 9132, current: 8960, refined cards: 1024
[4.486s][debug][gc,refine         ] Activated worker 0, on threshold: 9644, current: 9728
[4.488s][debug][gc,refine         ] Deactivated worker 0, off threshold: 9132, current: 8960, refined cards: 1024
[4.489s][debug][gc,refine         ] Activated worker 0, on threshold: 9644, current: 9728
[4.490s][debug][gc,refine         ] Deactivated worker 0, off threshold: 9132, current: 8960, refined cards: 1024
[4.492s][debug][gc,refine         ] Activated worker 0, on threshold: 9644, current: 9728
[4.493s][debug][gc,refine         ] Deactivated worker 0, off threshold: 9132, current: 8960, refined cards: 768
[4.495s][debug][gc,refine         ] Activated worker 0, on threshold: 9644, current: 9728
[4.496s][debug][gc,refine         ] Deactivated worker 0, off threshold: 9132, current: 8960, refined cards: 768
[4.498s][debug][gc,refine         ] Activated worker 0, on threshold: 9644, current: 9728
[4.499s][debug][gc,refine         ] Deactivated worker 0, off threshold: 9132, current: 8960, refined cards: 768
[4.500s][debug][gc,refine         ] Activated worker 0, on threshold: 9644, current: 9728
[4.501s][debug][gc,refine         ] Deactivated worker 0, off threshold: 9132, current: 8960, refined cards: 768
[4.503s][debug][gc,refine         ] Activated worker 0, on threshold: 9644, current: 9728
[4.504s][debug][gc,refine         ] Deactivated worker 0, off threshold: 9132, current: 8960, refined cards: 768
[4.506s][debug][gc,refine         ] Activated worker 0, on threshold: 9644, current: 9728
[4.507s][debug][gc,refine         ] Deactivated worker 0, off threshold: 9132, current: 8960, refined cards: 768
[4.509s][debug][gc,refine         ] Activated worker 0, on threshold: 9644, current: 9728
[4.510s][debug][gc,refine         ] Deactivated worker 0, off threshold: 9132, current: 8960, refined cards: 768
[4.512s][debug][gc,refine         ] Activated worker 0, on threshold: 9644, current: 9728
[4.513s][debug][gc,refine         ] Deactivated worker 0, off threshold: 9132, current: 8960, refined cards: 768
[4.514s][debug][gc,refine         ] Activated worker 0, on threshold: 9644, current: 9728
[4.515s][debug][gc,refine         ] Deactivated worker 0, off threshold: 9132, current: 8960, refined cards: 768
[4.516s][debug][gc,refine         ] Activated worker 0, on threshold: 9644, current: 9728
[4.517s][debug][gc,refine         ] Deactivated worker 0, off threshold: 9132, current: 8960, refined cards: 768
[4.518s][debug][gc,refine         ] Activated worker 0, on threshold: 9644, current: 9728
[4.519s][debug][gc,refine         ] Deactivated worker 0, off threshold: 9132, current: 8960, refined cards: 1024
[4.521s][debug][gc,refine         ] Activated worker 0, on threshold: 9644, current: 9728
[4.522s][debug][gc,refine         ] Deactivated worker 0, off threshold: 9132, current: 8960, refined cards: 1024
[4.524s][debug][gc,refine         ] Activated worker 0, on threshold: 9644, current: 9728
[4.524s][debug][gc,refine         ] Deactivated worker 0, off threshold: 9132, current: 8960, refined cards: 768
[4.526s][debug][gc,refine         ] Activated worker 0, on threshold: 9644, current: 9728
[4.526s][debug][gc,refine         ] Deactivated worker 0, off threshold: 9132, current: 8960, refined cards: 768
[4.528s][debug][gc,refine         ] Activated worker 0, on threshold: 9644, current: 9728
[4.528s][debug][gc,refine         ] Deactivated worker 0, off threshold: 9132, current: 8960, refined cards: 768
[4.530s][debug][gc,refine         ] Activated worker 0, on threshold: 9644, current: 9728
[4.530s][debug][gc,refine         ] Deactivated worker 0, off threshold: 9132, current: 8960, refined cards: 768
[4.532s][debug][gc,refine         ] Activated worker 0, on threshold: 9644, current: 9728
[4.533s][debug][gc,refine         ] Deactivated worker 0, off threshold: 9132, current: 8960, refined cards: 768
[4.534s][debug][gc,refine         ] Activated worker 0, on threshold: 9644, current: 9728
[4.535s][debug][gc,refine         ] Deactivated worker 0, off threshold: 9132, current: 8960, refined cards: 768
[4.536s][debug][gc,refine         ] Activated worker 0, on threshold: 9644, current: 9728
[4.536s][debug][gc,refine         ] Deactivated worker 0, off threshold: 9132, current: 8960, refined cards: 768
[4.538s][debug][gc,heap           ] GC(27) Heap before GC invocations=27 (full 0):
[4.538s][debug][gc,heap           ] GC(27)  garbage-first heap   total 524288K, used 306176K [0x00000000e0000000, 0x0000000100000000)
[4.538s][debug][gc,heap           ] GC(27)   region size 1024K, 141 young (144384K), 19 survivors (19456K)
[4.538s][debug][gc,heap           ] GC(27)  Metaspace       used 494K, committed 640K, reserved 1056768K
[4.538s][debug][gc,heap           ] GC(27)   class space    used 37K, committed 128K, reserved 1048576K
[4.538s][info ][gc,start          ] GC(27) Pause Young (Normal) (G1 Evacuation Pause)
[4.538s][info ][gc,task           ] GC(27) Using 4 workers of 4 for evacuation
[4.538s][debug][gc,tlab           ] GC(27) TLAB totals: thrds: 1  refills: 366 max: 366 slow allocs: 0 max 0 waste:  0.2% gc: 0B max: 0B slow: 210824B max: 210824B
[4.538s][debug][gc,age            ] GC(27) Desired survivor size 9437184 bytes, new threshold 1 (max threshold 15)
[4.538s][debug][gc,refine,stats   ] GC(27) Mutator refinement: 0.00ms, refined: 0, precleaned: 0, dirtied: 62362
[4.538s][debug][gc,refine,stats   ] GC(27) Concurrent refinement: 45.29ms, refined: 62468, precleaned: 1024, dirtied: 0
[4.538s][debug][gc,refine,stats   ] GC(27) Total refinement: 45.29ms, refined: 62468, precleaned: 1024, dirtied: 62362
[4.538s][debug][gc,refine,stats   ] GC(27) Concurrent refinement rate: 1379.35 cards/ms
[4.538s][debug][gc,refine,stats   ] GC(27) Generate dirty cards rate: 347.23 cards/ms
[4.538s][debug][gc,alloc,region   ] GC(27) Mutator Allocation stats, regions: 122, wasted size: 0B ( 0.0%)
[4.538s][debug][gc,humongous      ] GC(27) Humongous region 155 (object size 36920416 @ 0x00000000e9b00000) remset 1 code roots 0 marked 0 reclaim candidate 0 type array 0
[4.538s][debug][gc,ergo           ] GC(27) Running G1 Merge Heap Roots using 4 workers for 141 regions
[4.538s][debug][gc,remset         ] GC(27) Visited cards 41472 Total dirty 43008 (96.43%) Total old 901120 (4.60%)
[4.622s][debug][gc,ref            ] GC(27) Skipped phase 1 of Reference Processing: no references
[4.622s][debug][gc,ref            ] GC(27) Skipped phase 2 of Reference Processing: no references
[4.622s][debug][gc,ref            ] GC(27) Skipped phase 3 of Reference Processing: no references
[4.622s][debug][gc,ref            ] GC(27) Skipped phase 4 of Reference Processing: no references
[4.623s][debug][gc,ergo           ] GC(27) Running G1 Rebuild Free List Task using 4 workers for rebuilding free list of regions
[4.623s][debug][gc,plab           ] GC(27) Young PLAB allocation: allocated: 18874368B, wasted: 576B, unused: 0B, used: 18873792B, undo waste: 0B, 
[4.623s][debug][gc,plab           ] GC(27) Young other allocation: region end waste: 0B, regions filled: 18, direct allocated: 0B, failure used: 0B, failure wasted: 0B
[4.623s][debug][gc,plab           ] GC(27) Young sizing: calculated: 3774752B, actual: 3733832B
[4.623s][debug][gc,plab           ] GC(27) Old PLAB allocation: allocated: 55050240B, wasted: 1616B, unused: 1295968B, used: 53752656B, undo waste: 0B, 
[4.623s][debug][gc,plab           ] GC(27) Old other allocation: region end waste: 0B, regions filled: 53, direct allocated: 0B, failure used: 0B, failure wasted: 0B
[4.623s][debug][gc,plab           ] GC(27) Old sizing: calculated: 10750528B, actual: 9406248B
[4.623s][debug][gc,ergo,heap      ] GC(27) Heap expansion: short term pause time ratio 24.66% long term pause time ratio 26.29% threshold 7.69% pause time ratio 7.69% fully expanded true resize by 0B
[4.623s][debug][gc,mmu            ] GC(27) MMU: 85.0ms (200.0ms/201.0ms)
[4.623s][debug][gc,alloc,stats    ] Old generation allocation in the last mutator period, old gen allocated: 55050240B, humongous allocated: 0B,old gen growth: 55050240B.
[4.623s][debug][gc,ihop           ] GC(27) Basic information (value update), threshold: 241591910B (45.00), target occupancy: 536870912B, current occupancy: 239599616B, recent allocation size: 55050240B, recent allocation duration: 179.60ms, recent old gen allocation rate: 306514618.26B/s, recent marking phase length: 513.50ms
[4.623s][debug][gc,ihop           ] GC(27) Adaptive IHOP information (value update), threshold: 241591910B (52.94), internal target occupancy: 456340275B, occupancy: 239599616B, additional buffer size: 106954752B, predicted old gen allocation rate: 356409061.13B/s, predicted marking phase length: 1026.99ms, prediction active: false
[4.623s][debug][gc,ergo,refine    ] GC(27) Concurrent refinement times: Logged Cards Scan time goal: 20.00ms Logged Cards Scan time: 3.24ms HCC time: 0.00ms
[4.623s][debug][gc,ergo,refine    ] GC(27) Updated Refinement Zones: green: 10045, yellow: 30135, red: 50225
[4.623s][info ][gc,phases         ] GC(27)   Pre Evacuate Collection Set: 0.1ms
[4.623s][debug][gc,phases         ] GC(27)     Prepare TLABs: 0.0ms
[4.623s][debug][gc,phases         ] GC(27)     Concatenate Dirty Card Logs: 0.0ms
[4.623s][debug][gc,phases         ] GC(27)     Choose Collection Set: 0.0ms
[4.623s][debug][gc,phases         ] GC(27)     Region Register: 0.1ms
[4.623s][debug][gc,phases         ] GC(27)     Prepare Heap Roots: 0.0ms
[4.623s][info ][gc,phases         ] GC(27)   Merge Heap Roots: 0.2ms
[4.623s][debug][gc,phases         ] GC(27)     Prepare Merge Heap Roots: 0.0ms
[4.623s][debug][gc,phases         ] GC(27)     Eager Reclaim (ms):            skipped
[4.623s][debug][gc,phases         ] GC(27)     Remembered Sets (ms):          Min:  0.1, Avg:  0.1, Max:  0.1, Diff:  0.0, Sum:  0.4, Workers: 4
[4.623s][debug][gc,phases         ] GC(27)       Merged Sparse:                 Min: 0, Avg:  1.0, Max: 4, Diff: 4, Sum: 4, Workers: 4
[4.623s][debug][gc,phases         ] GC(27)       Merged Fine:                   Min: 31, Avg: 35.3, Max: 46, Diff: 15, Sum: 141, Workers: 4
[4.623s][debug][gc,phases         ] GC(27)       Merged Coarse:                 Min: 0, Avg:  0.0, Max: 0, Diff: 0, Sum: 0, Workers: 4
[4.623s][debug][gc,phases         ] GC(27)       Dirty Cards:                   Min: 5841, Avg: 7659.8, Max: 10045, Diff: 4204, Sum: 30639, Workers: 4
[4.623s][debug][gc,phases         ] GC(27)     Hot Card Cache (ms):           Min:  0.0, Avg:  0.0, Max:  0.0, Diff:  0.0, Sum:  0.0, Workers: 4
[4.623s][debug][gc,phases         ] GC(27)       Dirty Cards:                   Min: 216, Avg: 248.0, Max: 280, Diff: 64, Sum: 992, Workers: 4
[4.623s][debug][gc,phases         ] GC(27)       Skipped Cards:                 Min: 0, Avg:  0.0, Max: 0, Diff: 0, Sum: 0, Workers: 4
[4.623s][debug][gc,phases         ] GC(27)     Log Buffers (ms):              Min:  0.0, Avg:  0.0, Max:  0.0, Diff:  0.0, Sum:  0.2, Workers: 4
[4.623s][debug][gc,phases         ] GC(27)       Dirty Cards:                   Min: 2296, Avg: 2398.5, Max: 2552, Diff: 256, Sum: 9594, Workers: 4
[4.623s][debug][gc,phases         ] GC(27)       Skipped Cards:                 Min: 0, Avg:  0.0, Max: 0, Diff: 0, Sum: 0, Workers: 4
[4.623s][info ][gc,phases         ] GC(27)   Evacuate Collection Set: 83.8ms
[4.623s][debug][gc,phases         ] GC(27)     Ext Root Scanning (ms):        Min:  0.0, Avg:  0.0, Max:  0.0, Diff:  0.0, Sum:  0.1, Workers: 4
[4.623s][debug][gc,phases         ] GC(27)     Scan Heap Roots (ms):          Min: 13.3, Avg: 13.8, Max: 14.3, Diff:  0.9, Sum: 55.1, Workers: 4
[4.623s][debug][gc,phases         ] GC(27)       Scanned Cards:                 Min: 8704, Avg: 10326.0, Max: 11352, Diff: 2648, Sum: 41304, Workers: 4
[4.623s][debug][gc,phases         ] GC(27)       Scanned Blocks:                Min: 34, Avg: 40.5, Max: 45, Diff: 11, Sum: 162, Workers: 4
[4.623s][debug][gc,phases         ] GC(27)       Claimed Chunks:                Min: 34, Avg: 40.5, Max: 45, Diff: 11, Sum: 162, Workers: 4
[4.623s][debug][gc,phases         ] GC(27)     Code Root Scan (ms):           Min:  0.0, Avg:  0.0, Max:  0.0, Diff:  0.0, Sum:  0.0, Workers: 4
[4.623s][debug][gc,phases         ] GC(27)     Object Copy (ms):              Min: 69.5, Avg: 70.0, Max: 70.4, Diff:  0.9, Sum: 279.9, Workers: 4
[4.623s][debug][gc,phases         ] GC(27)     Termination (ms):              Min:  0.0, Avg:  0.0, Max:  0.0, Diff:  0.0, Sum:  0.0, Workers: 4
[4.623s][debug][gc,phases         ] GC(27)       Termination Attempts:          Min: 1, Avg:  5.8, Max: 10, Diff: 9, Sum: 23, Workers: 4
[4.624s][debug][gc,phases         ] GC(27)     GC Worker Other (ms):          Min:  0.0, Avg:  0.0, Max:  0.0, Diff:  0.0, Sum:  0.1, Workers: 4
[4.624s][debug][gc,phases         ] GC(27)     GC Worker Total (ms):          Min: 83.8, Avg: 83.8, Max: 83.8, Diff:  0.0, Sum: 335.2, Workers: 4
[4.624s][info ][gc,phases         ] GC(27)   Post Evacuate Collection Set: 0.5ms
[4.624s][debug][gc,phases         ] GC(27)     Code Roots Fixup: 0.0ms
[4.624s][debug][gc,phases         ] GC(27)     Reference Processing: 0.2ms
[4.624s][debug][gc,phases,ref     ] GC(27)       Reconsider SoftReferences: 0.1ms
[4.624s][debug][gc,phases,ref     ] GC(27)         SoftRef (ms):                  skipped
[4.624s][debug][gc,phases,ref     ] GC(27)       Notify Soft/WeakReferences: 0.0ms
[4.624s][debug][gc,phases,ref     ] GC(27)         SoftRef (ms):                  skipped
[4.624s][debug][gc,phases,ref     ] GC(27)         WeakRef (ms):                  skipped
[4.624s][debug][gc,phases,ref     ] GC(27)         FinalRef (ms):                 skipped
[4.624s][debug][gc,phases,ref     ] GC(27)         Total (ms):                    skipped
[4.624s][debug][gc,phases,ref     ] GC(27)       Notify and keep alive finalizable: 0.0ms
[4.624s][debug][gc,phases,ref     ] GC(27)         FinalRef (ms):                 skipped
[4.624s][debug][gc,phases,ref     ] GC(27)       Notify PhantomReferences: 0.0ms
[4.624s][debug][gc,phases,ref     ] GC(27)         PhantomRef (ms):               skipped
[4.624s][debug][gc,phases,ref     ] GC(27)       SoftReference:
[4.624s][debug][gc,phases,ref     ] GC(27)         Discovered: 0
[4.624s][debug][gc,phases,ref     ] GC(27)         Cleared: 0
[4.624s][debug][gc,phases,ref     ] GC(27)       WeakReference:
[4.624s][debug][gc,phases,ref     ] GC(27)         Discovered: 0
[4.624s][debug][gc,phases,ref     ] GC(27)         Cleared: 0
[4.624s][debug][gc,phases,ref     ] GC(27)       FinalReference:
[4.624s][debug][gc,phases,ref     ] GC(27)         Discovered: 0
[4.624s][debug][gc,phases,ref     ] GC(27)         Cleared: 0
[4.624s][debug][gc,phases,ref     ] GC(27)       PhantomReference:
[4.624s][debug][gc,phases,ref     ] GC(27)         Discovered: 0
[4.624s][debug][gc,phases,ref     ] GC(27)         Cleared: 0
[4.624s][debug][gc,phases         ] GC(27)     Weak Processing: 0.0ms
[4.624s][debug][gc,phases         ] GC(27)       VM Weak                        Min:  0.0, Avg:  0.0, Max:  0.0, Diff:  0.0, Sum:  0.0, Workers: 3
[4.624s][debug][gc,phases         ] GC(27)         Dead                           Min: 0, Avg:  0.0, Max: 0, Diff: 0, Sum: 0, Workers: 3
[4.624s][debug][gc,phases         ] GC(27)         Total                          Min: 0, Avg:  4.7, Max: 14, Diff: 14, Sum: 14, Workers: 3
[4.624s][debug][gc,phases         ] GC(27)       ObjectSynchronizer Weak        Min:  0.0, Avg:  0.0, Max:  0.0, Diff:  0.0, Sum:  0.0, Workers: 3
[4.624s][debug][gc,phases         ] GC(27)         Dead                           Min: 0, Avg:  0.0, Max: 0, Diff: 0, Sum: 0, Workers: 3
[4.624s][debug][gc,phases         ] GC(27)         Total                          Min: 0, Avg:  1.0, Max: 3, Diff: 3, Sum: 3, Workers: 3
[4.624s][debug][gc,phases         ] GC(27)       JVMTI Tag Weak OopStorage      Min:  0.0, Avg:  0.0, Max:  0.0, Diff:  0.0, Sum:  0.0, Workers: 3
[4.624s][debug][gc,phases         ] GC(27)         Dead                           Min: 0, Avg:  0.0, Max: 0, Diff: 0, Sum: 0, Workers: 3
[4.624s][debug][gc,phases         ] GC(27)         Total                          Min: 0, Avg:  0.0, Max: 0, Diff: 0, Sum: 0, Workers: 3
[4.624s][debug][gc,phases         ] GC(27)       StringTable Weak               Min:  0.0, Avg:  0.0, Max:  0.0, Diff:  0.0, Sum:  0.0, Workers: 3
[4.624s][debug][gc,phases         ] GC(27)         Dead                           Min: 0, Avg:  0.0, Max: 0, Diff: 0, Sum: 0, Workers: 3
[4.624s][debug][gc,phases         ] GC(27)         Total                          Min: 800, Avg: 821.3, Max: 832, Diff: 32, Sum: 2464, Workers: 3
[4.624s][debug][gc,phases         ] GC(27)       ResolvedMethodTable Weak       Min:  0.0, Avg:  0.0, Max:  0.0, Diff:  0.0, Sum:  0.0, Workers: 3
[4.624s][debug][gc,phases         ] GC(27)         Dead                           Min: 0, Avg:  0.0, Max: 0, Diff: 0, Sum: 0, Workers: 3
[4.624s][debug][gc,phases         ] GC(27)         Total                          Min: 9, Avg: 45.7, Max: 64, Diff: 55, Sum: 137, Workers: 3
[4.624s][debug][gc,phases         ] GC(27)       JNI Weak                       Min:  0.0, Avg:  0.0, Max:  0.0, Diff:  0.0, Sum:  0.0, Workers: 3
[4.624s][debug][gc,phases         ] GC(27)         Dead                           Min: 0, Avg:  0.0, Max: 0, Diff: 0, Sum: 0, Workers: 3
[4.624s][debug][gc,phases         ] GC(27)         Total                          Min: 0, Avg:  0.0, Max: 0, Diff: 0, Sum: 0, Workers: 3
[4.624s][debug][gc,phases         ] GC(27)       StringDedup Table Weak         Min:  0.0, Avg:  0.0, Max:  0.0, Diff:  0.0, Sum:  0.0, Workers: 3
[4.624s][debug][gc,phases         ] GC(27)         Dead                           Min: 0, Avg:  0.0, Max: 0, Diff: 0, Sum: 0, Workers: 3
[4.624s][debug][gc,phases         ] GC(27)         Total                          Min: 0, Avg:  0.0, Max: 0, Diff: 0, Sum: 0, Workers: 3
[4.624s][debug][gc,phases         ] GC(27)       StringDedup Requests0 Weak     Min:  0.0, Avg:  0.0, Max:  0.0, Diff:  0.0, Sum:  0.0, Workers: 3
[4.624s][debug][gc,phases         ] GC(27)         Dead                           Min: 0, Avg:  0.0, Max: 0, Diff: 0, Sum: 0, Workers: 3
[4.624s][debug][gc,phases         ] GC(27)         Total                          Min: 0, Avg:  0.0, Max: 0, Diff: 0, Sum: 0, Workers: 3
[4.624s][debug][gc,phases         ] GC(27)       StringDedup Requests1 Weak     Min:  0.0, Avg:  0.0, Max:  0.0, Diff:  0.0, Sum:  0.0, Workers: 3
[4.624s][debug][gc,phases         ] GC(27)         Dead                           Min: 0, Avg:  0.0, Max: 0, Diff: 0, Sum: 0, Workers: 3
[4.624s][debug][gc,phases         ] GC(27)         Total                          Min: 0, Avg:  0.0, Max: 0, Diff: 0, Sum: 0, Workers: 3
[4.624s][debug][gc,phases         ] GC(27)       Weak JFR Old Object Samples    Min:  0.0, Avg:  0.0, Max:  0.0, Diff:  0.0, Sum:  0.0, Workers: 3
[4.624s][debug][gc,phases         ] GC(27)         Dead                           Min: 0, Avg:  0.0, Max: 0, Diff: 0, Sum: 0, Workers: 3
[4.624s][debug][gc,phases         ] GC(27)         Total                          Min: 0, Avg:  0.0, Max: 0, Diff: 0, Sum: 0, Workers: 3
[4.624s][debug][gc,phases         ] GC(27)     Post Evacuate Cleanup 1: 0.1ms
[4.624s][debug][gc,phases         ] GC(27)       Merge Per-Thread State (ms):   Min:  0.0, Avg:  0.0, Max:  0.0, Diff:  0.0, Sum:  0.0, Workers: 1
[4.624s][debug][gc,phases         ] GC(27)         Copied Bytes                   Min: 17893824, Avg: 18156612.0, Max: 18462192, Diff: 568368, Sum: 72626448, Workers: 4
[4.625s][debug][gc,phases         ] GC(27)         LAB Waste                      Min: 544, Avg: 548.0, Max: 560, Diff: 16, Sum: 2192, Workers: 4
[4.625s][debug][gc,phases         ] GC(27)         LAB Undo Waste                 Min: 0, Avg:  0.0, Max: 0, Diff: 0, Sum: 0, Workers: 4
[4.625s][debug][gc,phases         ] GC(27)       Clear Logged Cards (ms):       Min:  0.0, Avg:  0.0, Max:  0.0, Diff:  0.0, Sum:  0.0, Workers: 3
[4.625s][debug][gc,phases         ] GC(27)       Recalculate Used Memory (ms):  Min:  0.0, Avg:  0.0, Max:  0.0, Diff:  0.0, Sum:  0.0, Workers: 1
[4.625s][debug][gc,phases         ] GC(27)     Post Evacuate Cleanup 2: 0.1ms
[4.625s][debug][gc,phases         ] GC(27)       Reset Hot Card Cache (ms):     Min:  0.0, Avg:  0.0, Max:  0.0, Diff:  0.0, Sum:  0.0, Workers: 1
[4.625s][debug][gc,phases         ] GC(27)       Purge Code Roots (ms):         Min:  0.0, Avg:  0.0, Max:  0.0, Diff:  0.0, Sum:  0.0, Workers: 1
[4.625s][debug][gc,phases         ] GC(27)       Update Derived Pointers (ms):  Min:  0.0, Avg:  0.0, Max:  0.0, Diff:  0.0, Sum:  0.0, Workers: 1
[4.625s][debug][gc,phases         ] GC(27)       Eagerly Reclaim Humongous Objects (ms): Min:  0.0, Avg:  0.0, Max:  0.0, Diff:  0.0, Sum:  0.0, Workers: 1
[4.625s][debug][gc,phases         ] GC(27)         Humongous Total                Min: 1, Avg:  1.0, Max: 1, Diff: 0, Sum: 1, Workers: 1
[4.625s][debug][gc,phases         ] GC(27)         Humongous Candidates           Min: 0, Avg:  0.0, Max: 0, Diff: 0, Sum: 0, Workers: 1
[4.625s][debug][gc,phases         ] GC(27)         Humongous Reclaimed            Min: 0, Avg:  0.0, Max: 0, Diff: 0, Sum: 0, Workers: 1
[4.625s][debug][gc,phases         ] GC(27)       Redirty Logged Cards (ms):     Min:  0.0, Avg:  0.0, Max:  0.0, Diff:  0.0, Sum:  0.1, Workers: 4
[4.625s][debug][gc,phases         ] GC(27)         Redirtied Cards:               Min: 1024, Avg: 2305.3, Max: 3328, Diff: 2304, Sum: 9221, Workers: 4
[4.625s][debug][gc,phases         ] GC(27)       Free Collection Set (ms):      Min:  0.0, Avg:  0.0, Max:  0.0, Diff:  0.0, Sum:  0.1, Workers: 4
[4.625s][debug][gc,phases         ] GC(27)     Rebuild Free List: 0.1ms
[4.625s][debug][gc,phases         ] GC(27)     Start New Collection Set: 0.0ms
[4.625s][debug][gc,phases         ] GC(27)     Resize TLABs: 0.0ms
[4.625s][debug][gc,phases         ] GC(27)     Expand Heap After Collection: 0.0ms
[4.625s][info ][gc,phases         ] GC(27)   Other: 0.7ms
[4.625s][info ][gc,heap           ] GC(27) Eden regions: 122->0(84)
[4.625s][info ][gc,heap           ] GC(27) Survivor regions: 19->18(18)
[4.625s][info ][gc,heap           ] GC(27) Old regions: 122->175
[4.625s][info ][gc,heap           ] GC(27) Archive regions: 0->0
[4.625s][info ][gc,heap           ] GC(27) Humongous regions: 36->36
[4.625s][info ][gc,metaspace      ] GC(27) Metaspace: 494K(640K)->494K(640K) NonClass: 456K(512K)->456K(512K) Class: 37K(128K)->37K(128K)
[4.625s][debug][gc,heap           ] GC(27) Heap after GC invocations=28 (full 0):
[4.625s][debug][gc,heap           ] GC(27)  garbage-first heap   total 524288K, used 233984K [0x00000000e0000000, 0x0000000100000000)
[4.625s][debug][gc,heap           ] GC(27)   region size 1024K, 18 young (18432K), 18 survivors (18432K)
[4.625s][debug][gc,heap           ] GC(27)  Metaspace       used 494K, committed 640K, reserved 1056768K
[4.625s][debug][gc,heap           ] GC(27)   class space    used 37K, committed 128K, reserved 1048576K
[4.625s][info ][gc                ] GC(27) Pause Young (Normal) (G1 Evacuation Pause) 299M->228M(512M) 87.254ms
[4.625s][info ][gc,cpu            ] GC(27) User=0.31s Sys=0.00s Real=0.09s
[4.629s][debug][gc,refine         ] Activated worker 0, on threshold: 10557, current: 10757
[4.629s][debug][gc,refine         ] Deactivated worker 0, off threshold: 10045, current: 9987, refined cards: 770
[4.632s][debug][gc,refine         ] Activated worker 0, on threshold: 10557, current: 10755
[4.632s][debug][gc,refine         ] Deactivated worker 0, off threshold: 10045, current: 9987, refined cards: 768
[4.634s][debug][gc,refine         ] Activated worker 0, on threshold: 10557, current: 10755
[4.635s][debug][gc,refine         ] Deactivated worker 0, off threshold: 10045, current: 9986, refined cards: 1025
[4.637s][debug][gc,refine         ] Activated worker 0, on threshold: 10557, current: 10754
[4.638s][debug][gc,refine         ] Deactivated worker 0, off threshold: 10045, current: 9986, refined cards: 1024
[4.640s][debug][gc,refine         ] Activated worker 0, on threshold: 10557, current: 10754
[4.641s][debug][gc,refine         ] Deactivated worker 0, off threshold: 10045, current: 9986, refined cards: 768
[4.642s][debug][gc,refine         ] Activated worker 0, on threshold: 10557, current: 10754
[4.643s][debug][gc,refine         ] Deactivated worker 0, off threshold: 10045, current: 9985, refined cards: 769
[4.644s][debug][gc,refine         ] Activated worker 0, on threshold: 10557, current: 10753
[4.645s][debug][gc,refine         ] Deactivated worker 0, off threshold: 10045, current: 9985, refined cards: 1024
[4.647s][debug][gc,refine         ] Activated worker 0, on threshold: 10557, current: 10753
[4.648s][debug][gc,refine         ] Deactivated worker 0, off threshold: 10045, current: 9985, refined cards: 768
[4.649s][debug][gc,refine         ] Activated worker 0, on threshold: 10557, current: 10753
[4.650s][debug][gc,refine         ] Deactivated worker 0, off threshold: 10045, current: 9984, refined cards: 769
[4.651s][debug][gc,refine         ] Activated worker 0, on threshold: 10557, current: 10752
[4.652s][debug][gc,refine         ] Deactivated worker 0, off threshold: 10045, current: 9984, refined cards: 768
[4.654s][debug][gc,refine         ] Activated worker 0, on threshold: 10557, current: 10752
[4.654s][debug][gc,refine         ] Deactivated worker 0, off threshold: 10045, current: 9984, refined cards: 768
[4.656s][debug][gc,refine         ] Activated worker 0, on threshold: 10557, current: 10752
[4.656s][debug][gc,refine         ] Deactivated worker 0, off threshold: 10045, current: 9984, refined cards: 768
[4.658s][debug][gc,refine         ] Activated worker 0, on threshold: 10557, current: 10752
[4.658s][debug][gc,refine         ] Deactivated worker 0, off threshold: 10045, current: 9984, refined cards: 768
[4.660s][debug][gc,refine         ] Activated worker 0, on threshold: 10557, current: 10752
[4.661s][debug][gc,refine         ] Deactivated worker 0, off threshold: 10045, current: 9984, refined cards: 768
[4.661s][debug][gc,task,start     ] G1 Service Thread (Remembered Set Sampling Task) (run)
[4.661s][debug][gc,task           ] G1 Service Thread (Remembered Set Sampling Task) (run) 0.034ms (cpu: 0.000ms)
[4.662s][debug][gc,refine         ] Activated worker 0, on threshold: 10557, current: 10752
[4.663s][debug][gc,refine         ] Deactivated worker 0, off threshold: 10045, current: 9984, refined cards: 768
[4.664s][debug][gc,refine         ] Activated worker 0, on threshold: 10557, current: 10752
[4.665s][debug][gc,refine         ] Deactivated worker 0, off threshold: 10045, current: 9984, refined cards: 768
[4.666s][debug][gc,refine         ] Activated worker 0, on threshold: 10557, current: 10752
[4.667s][debug][gc,refine         ] Deactivated worker 0, off threshold: 10045, current: 9984, refined cards: 768
[4.668s][debug][gc,refine         ] Activated worker 0, on threshold: 10557, current: 10752
[4.669s][debug][gc,refine         ] Deactivated worker 0, off threshold: 10045, current: 9984, refined cards: 768
[4.673s][debug][gc,refine         ] Activated worker 0, on threshold: 10557, current: 10752
[4.674s][debug][gc,refine         ] Deactivated worker 0, off threshold: 10045, current: 9984, refined cards: 768
[4.675s][debug][gc,refine         ] Activated worker 0, on threshold: 10557, current: 10752
[4.676s][debug][gc,refine         ] Deactivated worker 0, off threshold: 10045, current: 9984, refined cards: 768
[4.677s][debug][gc,refine         ] Activated worker 0, on threshold: 10557, current: 10752
[4.678s][debug][gc,refine         ] Deactivated worker 0, off threshold: 10045, current: 9984, refined cards: 768
[4.679s][debug][gc,refine         ] Activated worker 0, on threshold: 10557, current: 10752
[4.680s][debug][gc,refine         ] Deactivated worker 0, off threshold: 10045, current: 9984, refined cards: 768
[4.682s][debug][gc,refine         ] Activated worker 0, on threshold: 10557, current: 10752
[4.682s][debug][gc,refine         ] Deactivated worker 0, off threshold: 10045, current: 9984, refined cards: 768
[4.684s][debug][gc,refine         ] Activated worker 0, on threshold: 10557, current: 10752
[4.684s][debug][gc,refine         ] Deactivated worker 0, off threshold: 10045, current: 9984, refined cards: 768
[4.686s][debug][gc,refine         ] Activated worker 0, on threshold: 10557, current: 10752
[4.686s][debug][gc,refine         ] Deactivated worker 0, off threshold: 10045, current: 9984, refined cards: 768
[4.688s][debug][gc,refine         ] Activated worker 0, on threshold: 10557, current: 10752
[4.688s][debug][gc,refine         ] Deactivated worker 0, off threshold: 10045, current: 9984, refined cards: 768
[4.690s][debug][gc,refine         ] Activated worker 0, on threshold: 10557, current: 10752
[4.690s][debug][gc,refine         ] Deactivated worker 0, off threshold: 10045, current: 9984, refined cards: 768
[4.692s][debug][gc,refine         ] Activated worker 0, on threshold: 10557, current: 10752
[4.693s][debug][gc,refine         ] Deactivated worker 0, off threshold: 10045, current: 9984, refined cards: 768
[4.694s][debug][gc,refine         ] Activated worker 0, on threshold: 10557, current: 10752
[4.695s][debug][gc,refine         ] Deactivated worker 0, off threshold: 10045, current: 9984, refined cards: 768
[4.702s][debug][gc,refine         ] Stopping 0
[4.702s][debug][gc,refine         ] Stopping 1
[4.702s][debug][gc,refine         ] Stopping 2
[4.702s][debug][gc,refine         ] Stopping 3
[4.702s][debug][gc,task           ] G1 Service Thread (stopping)
[4.702s][info ][gc,heap,exit      ] Heap
[4.702s][info ][gc,heap,exit      ]  garbage-first heap   total 524288K, used 282626K [0x00000000e0000000, 0x0000000100000000)
[4.702s][info ][gc,heap,exit      ]   region size 1024K, 66 young (67584K), 18 survivors (18432K)
[4.702s][info ][gc,heap,exit      ]  Metaspace       used 537K, committed 704K, reserved 1056768K
[4.702s][info ][gc,heap,exit      ]   class space    used 41K, committed 128K, reserved 1048576K
