[0.012s][info][gc] Using G1
[0.022s][info][gc,init] Version: 17+35-LTS (release)
[0.022s][info][gc,init] CPUs: 4 total, 4 available
[0.022s][info][gc,init] Memory: 16282M
[0.022s][info][gc,init] Large Page Support: Disabled
[0.022s][info][gc,init] NUMA Support: Disabled
[0.022s][info][gc,init] Compressed Oops: Enabled (32-bit)
[0.022s][info][gc,init] Heap Region Size: 1M
[0.022s][info][gc,init] Heap Min Capacity: 1G
[0.022s][info][gc,init] Heap Initial Capacity: 1G
[0.022s][info][gc,init] Heap Max Capacity: 1G
[0.022s][info][gc,init] Pre-touch: Disabled
[0.023s][info][gc,init] Parallel Workers: 4
[0.023s][info][gc,init] Concurrent Workers: 1
[0.023s][info][gc,init] Concurrent Refinement Workers: 4
[0.023s][info][gc,init] Periodic GC: Disabled
[0.044s][info][gc,metaspace] CDS archive(s) mapped at: [0x0000000800000000-0x0000000800bc0000-0x0000000800bc0000), size 12320768, SharedBaseAddress: 0x0000000800000000, ArchiveRelocationMode: 0.
[0.044s][info][gc,metaspace] Compressed class space mapped at: 0x0000000800c00000-0x0000000840c00000, reserved size: 1073741824
[0.044s][info][gc,metaspace] Narrow klass base: 0x0000000800000000, Narrow klass shift: 0, Narrow klass range: 0x100000000
[0.261s][info][gc,start    ] GC(0) Pause Young (Normal) (G1 Evacuation Pause)
[0.261s][info][gc,task     ] GC(0) Using 4 workers of 4 for evacuation
[0.287s][info][gc,phases   ] GC(0)   Pre Evacuate Collection Set: 0.1ms
[0.287s][info][gc,phases   ] GC(0)   Merge Heap Roots: 0.1ms
[0.287s][info][gc,phases   ] GC(0)   Evacuate Collection Set: 25.3ms
[0.287s][info][gc,phases   ] GC(0)   Post Evacuate Collection Set: 0.3ms
[0.287s][info][gc,phases   ] GC(0)   Other: 0.4ms
[0.287s][info][gc,heap     ] GC(0) Eden regions: 51->0(44)
[0.287s][info][gc,heap     ] GC(0) Survivor regions: 0->7(7)
[0.287s][info][gc,heap     ] GC(0) Old regions: 0->4
[0.287s][info][gc,heap     ] GC(0) Archive regions: 0->0
[0.287s][info][gc,heap     ] GC(0) Humongous regions: 4->4
[0.288s][info][gc,metaspace] GC(0) Metaspace: 495K(640K)->495K(640K) NonClass: 457K(512K)->457K(512K) Class: 37K(128K)->37K(128K)
[0.288s][info][gc          ] GC(0) Pause Young (Normal) (G1 Evacuation Pause) 55M->14M(1024M) 26.635ms
[0.288s][info][gc,cpu      ] GC(0) User=0.05s Sys=0.00s Real=0.03s
[0.335s][info][gc,start    ] GC(1) Pause Young (Normal) (G1 Evacuation Pause)
[0.335s][info][gc,task     ] GC(1) Using 4 workers of 4 for evacuation
[0.372s][info][gc,phases   ] GC(1)   Pre Evacuate Collection Set: 0.1ms
[0.372s][info][gc,phases   ] GC(1)   Merge Heap Roots: 0.3ms
[0.372s][info][gc,phases   ] GC(1)   Evacuate Collection Set: 36.3ms
[0.372s][info][gc,phases   ] GC(1)   Post Evacuate Collection Set: 0.3ms
[0.372s][info][gc,phases   ] GC(1)   Other: 0.2ms
[0.372s][info][gc,heap     ] GC(1) Eden regions: 44->0(44)
[0.372s][info][gc,heap     ] GC(1) Survivor regions: 7->7(7)
[0.372s][info][gc,heap     ] GC(1) Old regions: 4->14
[0.372s][info][gc,heap     ] GC(1) Archive regions: 0->0
[0.372s][info][gc,heap     ] GC(1) Humongous regions: 11->11
[0.372s][info][gc,metaspace] GC(1) Metaspace: 495K(640K)->495K(640K) NonClass: 457K(512K)->457K(512K) Class: 37K(128K)->37K(128K)
[0.372s][info][gc          ] GC(1) Pause Young (Normal) (G1 Evacuation Pause) 65M->31M(1024M) 37.433ms
[0.372s][info][gc,cpu      ] GC(1) User=0.16s Sys=0.00s Real=0.04s
[0.411s][info][gc,start    ] GC(2) Pause Young (Normal) (G1 Evacuation Pause)
[0.411s][info][gc,task     ] GC(2) Using 4 workers of 4 for evacuation
[0.440s][info][gc,phases   ] GC(2)   Pre Evacuate Collection Set: 0.1ms
[0.440s][info][gc,phases   ] GC(2)   Merge Heap Roots: 0.1ms
[0.440s][info][gc,phases   ] GC(2)   Evacuate Collection Set: 28.9ms
[0.440s][info][gc,phases   ] GC(2)   Post Evacuate Collection Set: 0.2ms
[0.440s][info][gc,phases   ] GC(2)   Other: 0.1ms
[0.440s][info][gc,heap     ] GC(2) Eden regions: 44->0(44)
[0.440s][info][gc,heap     ] GC(2) Survivor regions: 7->7(7)
[0.440s][info][gc,heap     ] GC(2) Old regions: 14->23
[0.440s][info][gc,heap     ] GC(2) Archive regions: 0->0
[0.440s][info][gc,heap     ] GC(2) Humongous regions: 16->16
[0.441s][info][gc,metaspace] GC(2) Metaspace: 495K(640K)->495K(640K) NonClass: 457K(512K)->457K(512K) Class: 37K(128K)->37K(128K)
[0.441s][info][gc          ] GC(2) Pause Young (Normal) (G1 Evacuation Pause) 80M->45M(1024M) 29.704ms
[0.441s][info][gc,cpu      ] GC(2) User=0.11s Sys=0.02s Real=0.03s
[0.474s][info][gc,start    ] GC(3) Pause Young (Normal) (G1 Evacuation Pause)
[0.474s][info][gc,task     ] GC(3) Using 4 workers of 4 for evacuation
[0.501s][info][gc,phases   ] GC(3)   Pre Evacuate Collection Set: 0.1ms
[0.501s][info][gc,phases   ] GC(3)   Merge Heap Roots: 0.0ms
[0.501s][info][gc,phases   ] GC(3)   Evacuate Collection Set: 25.8ms
[0.501s][info][gc,phases   ] GC(3)   Post Evacuate Collection Set: 0.2ms
[0.501s][info][gc,phases   ] GC(3)   Other: 0.1ms
[0.501s][info][gc,heap     ] GC(3) Eden regions: 44->0(44)
[0.501s][info][gc,heap     ] GC(3) Survivor regions: 7->7(7)
[0.501s][info][gc,heap     ] GC(3) Old regions: 23->32
[0.501s][info][gc,heap     ] GC(3) Archive regions: 0->0
[0.501s][info][gc,heap     ] GC(3) Humongous regions: 16->16
[0.501s][info][gc,metaspace] GC(3) Metaspace: 495K(640K)->495K(640K) NonClass: 457K(512K)->457K(512K) Class: 37K(128K)->37K(128K)
[0.501s][info][gc          ] GC(3) Pause Young (Normal) (G1 Evacuation Pause) 89M->54M(1024M) 26.613ms
[0.501s][info][gc,cpu      ] GC(3) User=0.09s Sys=0.02s Real=0.03s
[0.542s][info][gc,start    ] GC(4) Pause Young (Normal) (G1 Evacuation Pause)
[0.542s][info][gc,task     ] GC(4) Using 4 workers of 4 for evacuation
[0.572s][info][gc,phases   ] GC(4)   Pre Evacuate Collection Set: 0.1ms
[0.572s][info][gc,phases   ] GC(4)   Merge Heap Roots: 0.0ms
[0.573s][info][gc,phases   ] GC(4)   Evacuate Collection Set: 29.6ms
[0.573s][info][gc,phases   ] GC(4)   Post Evacuate Collection Set: 0.3ms
[0.573s][info][gc,phases   ] GC(4)   Other: 0.1ms
[0.573s][info][gc,heap     ] GC(4) Eden regions: 44->0(71)
[0.573s][info][gc,heap     ] GC(4) Survivor regions: 7->7(7)
[0.573s][info][gc,heap     ] GC(4) Old regions: 32->41
[0.573s][info][gc,heap     ] GC(4) Archive regions: 0->0
[0.573s][info][gc,heap     ] GC(4) Humongous regions: 23->23
[0.573s][info][gc,metaspace] GC(4) Metaspace: 495K(640K)->495K(640K) NonClass: 457K(512K)->457K(512K) Class: 37K(128K)->37K(128K)
[0.573s][info][gc          ] GC(4) Pause Young (Normal) (G1 Evacuation Pause) 105M->71M(1024M) 30.538ms
[0.573s][info][gc,cpu      ] GC(4) User=0.09s Sys=0.00s Real=0.03s
[0.653s][info][gc,start    ] GC(5) Pause Young (Normal) (G1 Evacuation Pause)
[0.653s][info][gc,task     ] GC(5) Using 4 workers of 4 for evacuation
[0.698s][info][gc,phases   ] GC(5)   Pre Evacuate Collection Set: 0.1ms
[0.698s][info][gc,phases   ] GC(5)   Merge Heap Roots: 0.1ms
[0.698s][info][gc,phases   ] GC(5)   Evacuate Collection Set: 43.9ms
[0.698s][info][gc,phases   ] GC(5)   Post Evacuate Collection Set: 0.2ms
[0.698s][info][gc,phases   ] GC(5)   Other: 0.2ms
[0.698s][info][gc,heap     ] GC(5) Eden regions: 71->0(77)
[0.698s][info][gc,heap     ] GC(5) Survivor regions: 7->10(10)
[0.698s][info][gc,heap     ] GC(5) Old regions: 41->53
[0.698s][info][gc,heap     ] GC(5) Archive regions: 0->0
[0.698s][info][gc,heap     ] GC(5) Humongous regions: 34->34
[0.698s][info][gc,metaspace] GC(5) Metaspace: 495K(640K)->495K(640K) NonClass: 457K(512K)->457K(512K) Class: 37K(128K)->37K(128K)
[0.698s][info][gc          ] GC(5) Pause Young (Normal) (G1 Evacuation Pause) 153M->96M(1024M) 44.811ms
[0.698s][info][gc,cpu      ] GC(5) User=0.11s Sys=0.00s Real=0.04s
[0.776s][info][gc,start    ] GC(6) Pause Young (Normal) (G1 Evacuation Pause)
[0.776s][info][gc,task     ] GC(6) Using 4 workers of 4 for evacuation
[0.818s][info][gc,phases   ] GC(6)   Pre Evacuate Collection Set: 0.1ms
[0.818s][info][gc,phases   ] GC(6)   Merge Heap Roots: 0.1ms
[0.818s][info][gc,phases   ] GC(6)   Evacuate Collection Set: 41.6ms
[0.818s][info][gc,phases   ] GC(6)   Post Evacuate Collection Set: 0.3ms
[0.818s][info][gc,phases   ] GC(6)   Other: 0.2ms
[0.818s][info][gc,heap     ] GC(6) Eden regions: 77->0(90)
[0.818s][info][gc,heap     ] GC(6) Survivor regions: 10->11(11)
[0.819s][info][gc,heap     ] GC(6) Old regions: 53->69
[0.819s][info][gc,heap     ] GC(6) Archive regions: 0->0
[0.819s][info][gc,heap     ] GC(6) Humongous regions: 34->34
[0.819s][info][gc,metaspace] GC(6) Metaspace: 495K(640K)->495K(640K) NonClass: 457K(512K)->457K(512K) Class: 37K(128K)->37K(128K)
[0.819s][info][gc          ] GC(6) Pause Young (Normal) (G1 Evacuation Pause) 173M->113M(1024M) 42.596ms
[0.819s][info][gc,cpu      ] GC(6) User=0.11s Sys=0.02s Real=0.04s
[0.920s][info][gc,start    ] GC(7) Pause Young (Normal) (G1 Evacuation Pause)
[0.920s][info][gc,task     ] GC(7) Using 4 workers of 4 for evacuation
[0.975s][info][gc,phases   ] GC(7)   Pre Evacuate Collection Set: 0.1ms
[0.975s][info][gc,phases   ] GC(7)   Merge Heap Roots: 0.1ms
[0.975s][info][gc,phases   ] GC(7)   Evacuate Collection Set: 54.0ms
[0.975s][info][gc,phases   ] GC(7)   Post Evacuate Collection Set: 0.3ms
[0.975s][info][gc,phases   ] GC(7)   Other: 0.2ms
[0.975s][info][gc,heap     ] GC(7) Eden regions: 90->0(105)
[0.975s][info][gc,heap     ] GC(7) Survivor regions: 11->13(13)
[0.975s][info][gc,heap     ] GC(7) Old regions: 69->85
[0.975s][info][gc,heap     ] GC(7) Archive regions: 0->0
[0.975s][info][gc,heap     ] GC(7) Humongous regions: 50->50
[0.975s][info][gc,metaspace] GC(7) Metaspace: 495K(640K)->495K(640K) NonClass: 457K(512K)->457K(512K) Class: 37K(128K)->37K(128K)
[0.975s][info][gc          ] GC(7) Pause Young (Normal) (G1 Evacuation Pause) 219M->148M(1024M) 54.949ms
[0.975s][info][gc,cpu      ] GC(7) User=0.13s Sys=0.00s Real=0.06s
[1.083s][info][gc,start    ] GC(8) Pause Young (Normal) (G1 Evacuation Pause)
[1.083s][info][gc,task     ] GC(8) Using 4 workers of 4 for evacuation
[1.142s][info][gc,phases   ] GC(8)   Pre Evacuate Collection Set: 0.1ms
[1.143s][info][gc,phases   ] GC(8)   Merge Heap Roots: 0.1ms
[1.143s][info][gc,phases   ] GC(8)   Evacuate Collection Set: 58.6ms
[1.143s][info][gc,phases   ] GC(8)   Post Evacuate Collection Set: 0.2ms
[1.143s][info][gc,phases   ] GC(8)   Other: 0.2ms
[1.143s][info][gc,heap     ] GC(8) Eden regions: 105->0(123)
[1.143s][info][gc,heap     ] GC(8) Survivor regions: 13->15(15)
[1.143s][info][gc,heap     ] GC(8) Old regions: 85->105
[1.143s][info][gc,heap     ] GC(8) Archive regions: 0->0
[1.143s][info][gc,heap     ] GC(8) Humongous regions: 50->50
[1.143s][info][gc,metaspace] GC(8) Metaspace: 495K(640K)->495K(640K) NonClass: 457K(512K)->457K(512K) Class: 37K(128K)->37K(128K)
[1.143s][info][gc          ] GC(8) Pause Young (Normal) (G1 Evacuation Pause) 253M->170M(1024M) 59.632ms
[1.143s][info][gc,cpu      ] GC(8) User=0.23s Sys=0.02s Real=0.06s
[1.305s][info][gc,start    ] GC(9) Pause Young (Normal) (G1 Evacuation Pause)
[1.305s][info][gc,task     ] GC(9) Using 4 workers of 4 for evacuation
[1.373s][info][gc,phases   ] GC(9)   Pre Evacuate Collection Set: 0.1ms
[1.373s][info][gc,phases   ] GC(9)   Merge Heap Roots: 0.1ms
[1.373s][info][gc,phases   ] GC(9)   Evacuate Collection Set: 67.2ms
[1.373s][info][gc,phases   ] GC(9)   Post Evacuate Collection Set: 0.3ms
[1.373s][info][gc,phases   ] GC(9)   Other: 0.2ms
[1.373s][info][gc,heap     ] GC(9) Eden regions: 123->0(139)
[1.373s][info][gc,heap     ] GC(9) Survivor regions: 15->18(18)
[1.373s][info][gc,heap     ] GC(9) Old regions: 105->128
[1.373s][info][gc,heap     ] GC(9) Archive regions: 0->0
[1.373s][info][gc,heap     ] GC(9) Humongous regions: 74->74
[1.373s][info][gc,metaspace] GC(9) Metaspace: 495K(640K)->495K(640K) NonClass: 457K(512K)->457K(512K) Class: 37K(128K)->37K(128K)
[1.373s][info][gc          ] GC(9) Pause Young (Normal) (G1 Evacuation Pause) 317M->220M(1024M) 68.168ms
[1.373s][info][gc,cpu      ] GC(9) User=0.19s Sys=0.03s Real=0.07s
[1.521s][info][gc,start    ] GC(10) Pause Young (Normal) (G1 Evacuation Pause)
[1.521s][info][gc,task     ] GC(10) Using 4 workers of 4 for evacuation
[1.599s][info][gc,phases   ] GC(10)   Pre Evacuate Collection Set: 0.1ms
[1.599s][info][gc,phases   ] GC(10)   Merge Heap Roots: 0.1ms
[1.599s][info][gc,phases   ] GC(10)   Evacuate Collection Set: 77.6ms
[1.599s][info][gc,phases   ] GC(10)   Post Evacuate Collection Set: 0.3ms
[1.599s][info][gc,phases   ] GC(10)   Other: 0.2ms
[1.599s][info][gc,heap     ] GC(10) Eden regions: 139->0(156)
[1.599s][info][gc,heap     ] GC(10) Survivor regions: 18->20(20)
[1.599s][info][gc,heap     ] GC(10) Old regions: 128->155
[1.599s][info][gc,heap     ] GC(10) Archive regions: 0->0
[1.599s][info][gc,heap     ] GC(10) Humongous regions: 74->74
[1.599s][info][gc,metaspace] GC(10) Metaspace: 495K(640K)->495K(640K) NonClass: 457K(512K)->457K(512K) Class: 37K(128K)->37K(128K)
[1.600s][info][gc          ] GC(10) Pause Young (Normal) (G1 Evacuation Pause) 359M->248M(1024M) 78.582ms
[1.600s][info][gc,cpu      ] GC(10) User=0.27s Sys=0.05s Real=0.08s
[1.807s][info][gc,start    ] GC(11) Pause Young (Normal) (G1 Evacuation Pause)
[1.808s][info][gc,task     ] GC(11) Using 4 workers of 4 for evacuation
[1.906s][info][gc,phases   ] GC(11)   Pre Evacuate Collection Set: 0.1ms
[1.906s][info][gc,phases   ] GC(11)   Merge Heap Roots: 0.1ms
[1.906s][info][gc,phases   ] GC(11)   Evacuate Collection Set: 97.8ms
[1.906s][info][gc,phases   ] GC(11)   Post Evacuate Collection Set: 0.3ms
[1.906s][info][gc,phases   ] GC(11)   Other: 0.2ms
[1.906s][info][gc,heap     ] GC(11) Eden regions: 156->0(167)
[1.906s][info][gc,heap     ] GC(11) Survivor regions: 20->22(22)
[1.906s][info][gc,heap     ] GC(11) Old regions: 155->185
[1.906s][info][gc,heap     ] GC(11) Archive regions: 0->0
[1.906s][info][gc,heap     ] GC(11) Humongous regions: 110->110
[1.906s][info][gc,metaspace] GC(11) Metaspace: 495K(640K)->495K(640K) NonClass: 457K(512K)->457K(512K) Class: 37K(128K)->37K(128K)
[1.906s][info][gc          ] GC(11) Pause Young (Normal) (G1 Evacuation Pause) 440M->317M(1024M) 98.872ms
[1.906s][info][gc,cpu      ] GC(11) User=0.30s Sys=0.05s Real=0.10s
[2.132s][info][gc,start    ] GC(12) Pause Young (Normal) (G1 Evacuation Pause)
[2.132s][info][gc,task     ] GC(12) Using 4 workers of 4 for evacuation
[2.221s][info][gc,phases   ] GC(12)   Pre Evacuate Collection Set: 0.1ms
[2.221s][info][gc,phases   ] GC(12)   Merge Heap Roots: 0.1ms
[2.221s][info][gc,phases   ] GC(12)   Evacuate Collection Set: 87.7ms
[2.221s][info][gc,phases   ] GC(12)   Post Evacuate Collection Set: 0.3ms
[2.221s][info][gc,phases   ] GC(12)   Other: 0.2ms
[2.221s][info][gc,heap     ] GC(12) Eden regions: 167->0(498)
[2.221s][info][gc,heap     ] GC(12) Survivor regions: 22->24(24)
[2.221s][info][gc,heap     ] GC(12) Old regions: 185->212
[2.221s][info][gc,heap     ] GC(12) Archive regions: 0->0
[2.221s][info][gc,heap     ] GC(12) Humongous regions: 110->110
[2.221s][info][gc,metaspace] GC(12) Metaspace: 496K(640K)->496K(640K) NonClass: 458K(512K)->458K(512K) Class: 37K(128K)->37K(128K)
[2.221s][info][gc          ] GC(12) Pause Young (Normal) (G1 Evacuation Pause) 484M->345M(1024M) 88.691ms
[2.221s][info][gc,cpu      ] GC(12) User=0.34s Sys=0.02s Real=0.09s
[2.762s][info][gc,start    ] GC(13) Pause Young (Normal) (G1 Evacuation Pause)
[2.762s][info][gc,task     ] GC(13) Using 4 workers of 4 for evacuation
[2.982s][info][gc,mmu      ] GC(13) MMU target violated: 201.0ms (200.0ms/201.0ms)
[2.982s][info][gc,phases   ] GC(13)   Pre Evacuate Collection Set: 0.1ms
[2.982s][info][gc,phases   ] GC(13)   Merge Heap Roots: 0.2ms
[2.982s][info][gc,phases   ] GC(13)   Evacuate Collection Set: 219.7ms
[2.983s][info][gc,phases   ] GC(13)   Post Evacuate Collection Set: 0.5ms
[2.983s][info][gc,phases   ] GC(13)   Other: 0.3ms
[2.983s][info][gc,heap     ] GC(13) Eden regions: 498->0(206)
[2.983s][info][gc,heap     ] GC(13) Survivor regions: 24->66(66)
[2.983s][info][gc,heap     ] GC(13) Old regions: 212->270
[2.983s][info][gc,heap     ] GC(13) Archive regions: 0->0
[2.983s][info][gc,heap     ] GC(13) Humongous regions: 110->110
[2.983s][info][gc,metaspace] GC(13) Metaspace: 496K(640K)->496K(640K) NonClass: 458K(512K)->458K(512K) Class: 37K(128K)->37K(128K)
[2.983s][info][gc          ] GC(13) Pause Young (Normal) (G1 Evacuation Pause) 843M->446M(1024M) 221.255ms
[2.983s][info][gc,cpu      ] GC(13) User=0.69s Sys=0.05s Real=0.22s
[3.167s][info][gc,start    ] GC(14) Pause Young (Normal) (G1 Evacuation Pause)
[3.167s][info][gc,task     ] GC(14) Using 4 workers of 4 for evacuation
[3.311s][info][gc,phases   ] GC(14)   Pre Evacuate Collection Set: 0.1ms
[3.311s][info][gc,phases   ] GC(14)   Merge Heap Roots: 0.1ms
[3.311s][info][gc,phases   ] GC(14)   Evacuate Collection Set: 143.2ms
[3.311s][info][gc,phases   ] GC(14)   Post Evacuate Collection Set: 0.4ms
[3.311s][info][gc,phases   ] GC(14)   Other: 0.2ms
[3.311s][info][gc,heap     ] GC(14) Eden regions: 206->0(208)
[3.311s][info][gc,heap     ] GC(14) Survivor regions: 66->34(34)
[3.311s][info][gc,heap     ] GC(14) Old regions: 270->344
[3.311s][info][gc,heap     ] GC(14) Archive regions: 0->0
[3.311s][info][gc,heap     ] GC(14) Humongous regions: 110->110
[3.311s][info][gc,metaspace] GC(14) Metaspace: 496K(640K)->496K(640K) NonClass: 458K(512K)->458K(512K) Class: 37K(128K)->37K(128K)
[3.311s][info][gc          ] GC(14) Pause Young (Normal) (G1 Evacuation Pause) 652M->488M(1024M) 144.291ms
[3.311s][info][gc,cpu      ] GC(14) User=0.50s Sys=0.03s Real=0.14s
[3.479s][info][gc,start    ] GC(15) Pause Young (Normal) (G1 Evacuation Pause)
[3.479s][info][gc,task     ] GC(15) Using 4 workers of 4 for evacuation
[3.494s][info][gc,phases   ] GC(15)   Pre Evacuate Collection Set: 0.1ms
[3.494s][info][gc,phases   ] GC(15)   Merge Heap Roots: 0.1ms
[3.494s][info][gc,phases   ] GC(15)   Evacuate Collection Set: 14.4ms
[3.494s][info][gc,phases   ] GC(15)   Post Evacuate Collection Set: 0.4ms
[3.494s][info][gc,phases   ] GC(15)   Other: 0.1ms
[3.494s][info][gc,heap     ] GC(15) Eden regions: 208->0(318)
[3.494s][info][gc,heap     ] GC(15) Survivor regions: 34->10(31)
[3.494s][info][gc,heap     ] GC(15) Old regions: 344->344
[3.494s][info][gc,heap     ] GC(15) Archive regions: 0->0
[3.494s][info][gc,heap     ] GC(15) Humongous regions: 110->110
[3.494s][info][gc,metaspace] GC(15) Metaspace: 496K(640K)->496K(640K) NonClass: 458K(512K)->458K(512K) Class: 37K(128K)->37K(128K)
[3.494s][info][gc          ] GC(15) Pause Young (Normal) (G1 Evacuation Pause) 696M->464M(1024M) 15.334ms
[3.494s][info][gc,cpu      ] GC(15) User=0.06s Sys=0.00s Real=0.02s
[3.762s][info][gc,start    ] GC(16) Pause Young (Normal) (G1 Evacuation Pause)
[3.762s][info][gc,task     ] GC(16) Using 4 workers of 4 for evacuation
[3.857s][info][gc,phases   ] GC(16)   Pre Evacuate Collection Set: 0.1ms
[3.857s][info][gc,phases   ] GC(16)   Merge Heap Roots: 0.1ms
[3.857s][info][gc,phases   ] GC(16)   Evacuate Collection Set: 94.5ms
[3.857s][info][gc,phases   ] GC(16)   Post Evacuate Collection Set: 0.4ms
[3.857s][info][gc,phases   ] GC(16)   Other: 0.2ms
[3.857s][info][gc,heap     ] GC(16) Eden regions: 318->0(274)
[3.857s][info][gc,heap     ] GC(16) Survivor regions: 10->41(41)
[3.857s][info][gc,heap     ] GC(16) Old regions: 344->377
[3.857s][info][gc,heap     ] GC(16) Archive regions: 0->0
[3.857s][info][gc,heap     ] GC(16) Humongous regions: 110->110
[3.857s][info][gc,metaspace] GC(16) Metaspace: 496K(640K)->496K(640K) NonClass: 458K(512K)->458K(512K) Class: 37K(128K)->37K(128K)
[3.857s][info][gc          ] GC(16) Pause Young (Normal) (G1 Evacuation Pause) 782M->528M(1024M) 95.678ms
[3.857s][info][gc,cpu      ] GC(16) User=0.36s Sys=0.00s Real=0.10s
[4.073s][info][gc,start    ] GC(17) Pause Young (Concurrent Start) (G1 Evacuation Pause)
[4.073s][info][gc,task     ] GC(17) Using 4 workers of 4 for evacuation
[4.200s][info][gc,phases   ] GC(17)   Pre Evacuate Collection Set: 0.1ms
[4.200s][info][gc,phases   ] GC(17)   Merge Heap Roots: 0.2ms
[4.200s][info][gc,phases   ] GC(17)   Evacuate Collection Set: 126.6ms
[4.200s][info][gc,phases   ] GC(17)   Post Evacuate Collection Set: 0.4ms
[4.200s][info][gc,phases   ] GC(17)   Other: 0.3ms
[4.200s][info][gc,heap     ] GC(17) Eden regions: 274->0(232)
[4.200s][info][gc,heap     ] GC(17) Survivor regions: 41->40(40)
[4.200s][info][gc,heap     ] GC(17) Old regions: 377->434
[4.200s][info][gc,heap     ] GC(17) Archive regions: 0->0
[4.200s][info][gc,heap     ] GC(17) Humongous regions: 110->110
[4.201s][info][gc,metaspace] GC(17) Metaspace: 496K(640K)->496K(640K) NonClass: 458K(512K)->458K(512K) Class: 37K(128K)->37K(128K)
[4.201s][info][gc          ] GC(17) Pause Young (Concurrent Start) (G1 Evacuation Pause) 802M->583M(1024M) 127.749ms
[4.201s][info][gc,cpu      ] GC(17) User=0.42s Sys=0.02s Real=0.13s
[4.201s][info][gc          ] GC(18) Concurrent Mark Cycle
[4.201s][info][gc,marking  ] GC(18) Concurrent Clear Claimed Marks
[4.201s][info][gc,marking  ] GC(18) Concurrent Clear Claimed Marks 0.032ms
[4.201s][info][gc,marking  ] GC(18) Concurrent Scan Root Regions
[4.280s][info][gc,marking  ] GC(18) Concurrent Scan Root Regions 79.243ms
[4.280s][info][gc,marking  ] GC(18) Concurrent Mark
[4.280s][info][gc,marking  ] GC(18) Concurrent Mark From Roots
[4.280s][info][gc,task     ] GC(18) Using 1 workers of 1 for marking
[4.427s][info][gc,marking  ] GC(18) Concurrent Mark From Roots 146.716ms
[4.427s][info][gc,marking  ] GC(18) Concurrent Preclean
[4.427s][info][gc,marking  ] GC(18) Concurrent Preclean 0.071ms
[4.427s][info][gc,start    ] GC(18) Pause Remark
[4.428s][info][gc          ] GC(18) Pause Remark 793M->384M(1024M) 0.794ms
[4.428s][info][gc,cpu      ] GC(18) User=0.00s Sys=0.00s Real=0.00s
[4.428s][info][gc,marking  ] GC(18) Concurrent Mark 147.863ms
[4.428s][info][gc,marking  ] GC(18) Concurrent Rebuild Remembered Sets
[4.447s][info][gc,start    ] GC(19) Pause Young (Normal) (G1 Evacuation Pause)
[4.447s][info][gc,task     ] GC(19) Using 4 workers of 4 for evacuation
[4.553s][info][gc,phases   ] GC(19)   Pre Evacuate Collection Set: 0.1ms
[4.553s][info][gc,phases   ] GC(19)   Merge Heap Roots: 0.1ms
[4.553s][info][gc,phases   ] GC(19)   Evacuate Collection Set: 105.3ms
[4.553s][info][gc,phases   ] GC(19)   Post Evacuate Collection Set: 0.3ms
[4.554s][info][gc,phases   ] GC(19)   Other: 0.2ms
[4.554s][info][gc,heap     ] GC(19) Eden regions: 232->0(320)
[4.554s][info][gc,heap     ] GC(19) Survivor regions: 40->34(34)
[4.554s][info][gc,heap     ] GC(19) Old regions: 99->152
[4.554s][info][gc,heap     ] GC(19) Archive regions: 0->0
[4.554s][info][gc,heap     ] GC(19) Humongous regions: 36->36
[4.554s][info][gc,metaspace] GC(19) Metaspace: 496K(640K)->496K(640K) NonClass: 458K(512K)->458K(512K) Class: 37K(128K)->37K(128K)
[4.554s][info][gc          ] GC(19) Pause Young (Normal) (G1 Evacuation Pause) 406M->222M(1024M) 106.358ms
[4.554s][info][gc,cpu      ] GC(19) User=0.38s Sys=0.00s Real=0.11s
[4.698s][info][gc,marking  ] GC(18) Concurrent Rebuild Remembered Sets 270.374ms
[4.698s][info][gc,start    ] GC(18) Pause Cleanup
[4.699s][info][gc          ] GC(18) Pause Cleanup 375M->375M(1024M) 0.166ms
[4.699s][info][gc,cpu      ] GC(18) User=0.00s Sys=0.00s Real=0.00s
[4.699s][info][gc,marking  ] GC(18) Concurrent Cleanup for Next Mark
[4.708s][info][gc,marking  ] GC(18) Concurrent Cleanup for Next Mark 9.388ms
[4.708s][info][gc          ] GC(18) Concurrent Mark Cycle 507.508ms
[4.829s][info][gc,start    ] GC(20) Pause Young (Prepare Mixed) (G1 Evacuation Pause)
[4.829s][info][gc,task     ] GC(20) Using 4 workers of 4 for evacuation
[4.878s][info][gc,phases   ] GC(20)   Pre Evacuate Collection Set: 0.1ms
[4.878s][info][gc,phases   ] GC(20)   Merge Heap Roots: 0.1ms
[4.878s][info][gc,phases   ] GC(20)   Evacuate Collection Set: 48.4ms
[4.878s][info][gc,phases   ] GC(20)   Post Evacuate Collection Set: 0.4ms
[4.878s][info][gc,phases   ] GC(20)   Other: 0.2ms
[4.878s][info][gc,heap     ] GC(20) Eden regions: 320->0(13)
[4.878s][info][gc,heap     ] GC(20) Survivor regions: 34->38(45)
[4.878s][info][gc,heap     ] GC(20) Old regions: 152->152
[4.878s][info][gc,heap     ] GC(20) Archive regions: 0->0
[4.878s][info][gc,heap     ] GC(20) Humongous regions: 36->36
[4.878s][info][gc,metaspace] GC(20) Metaspace: 496K(640K)->496K(640K) NonClass: 458K(512K)->458K(512K) Class: 37K(128K)->37K(128K)
[4.878s][info][gc          ] GC(20) Pause Young (Prepare Mixed) (G1 Evacuation Pause) 542M->226M(1024M) 49.425ms
[4.878s][info][gc,cpu      ] GC(20) User=0.16s Sys=0.00s Real=0.05s
[4.889s][info][gc,start    ] GC(21) Pause Young (Mixed) (G1 Evacuation Pause)
[4.889s][info][gc,task     ] GC(21) Using 4 workers of 4 for evacuation
[4.935s][info][gc,phases   ] GC(21)   Pre Evacuate Collection Set: 0.1ms
[4.935s][info][gc,phases   ] GC(21)   Merge Heap Roots: 0.1ms
[4.935s][info][gc,phases   ] GC(21)   Evacuate Collection Set: 45.7ms
[4.935s][info][gc,phases   ] GC(21)   Post Evacuate Collection Set: 0.2ms
[4.936s][info][gc,phases   ] GC(21)   Other: 0.1ms
[4.936s][info][gc,heap     ] GC(21) Eden regions: 13->0(492)
[4.936s][info][gc,heap     ] GC(21) Survivor regions: 38->4(7)
[4.936s][info][gc,heap     ] GC(21) Old regions: 152->189
[4.936s][info][gc,heap     ] GC(21) Archive regions: 0->0
[4.936s][info][gc,heap     ] GC(21) Humongous regions: 36->36
[4.936s][info][gc,metaspace] GC(21) Metaspace: 496K(640K)->496K(640K) NonClass: 458K(512K)->458K(512K) Class: 37K(128K)->37K(128K)
[4.936s][info][gc          ] GC(21) Pause Young (Mixed) (G1 Evacuation Pause) 239M->228M(1024M) 46.597ms
[4.936s][info][gc,cpu      ] GC(21) User=0.19s Sys=0.00s Real=0.05s
[5.322s][info][gc,start    ] GC(22) Pause Young (Normal) (G1 Evacuation Pause)
[5.322s][info][gc,task     ] GC(22) Using 4 workers of 4 for evacuation
[5.449s][info][gc,phases   ] GC(22)   Pre Evacuate Collection Set: 0.1ms
[5.449s][info][gc,phases   ] GC(22)   Merge Heap Roots: 0.2ms
[5.449s][info][gc,phases   ] GC(22)   Evacuate Collection Set: 126.2ms
[5.449s][info][gc,phases   ] GC(22)   Post Evacuate Collection Set: 0.5ms
[5.449s][info][gc,phases   ] GC(22)   Other: 0.2ms
[5.449s][info][gc,heap     ] GC(22) Eden regions: 492->0(372)
[5.449s][info][gc,heap     ] GC(22) Survivor regions: 4->62(62)
[5.449s][info][gc,heap     ] GC(22) Old regions: 189->228
[5.449s][info][gc,heap     ] GC(22) Archive regions: 0->0
[5.449s][info][gc,heap     ] GC(22) Humongous regions: 36->36
[5.449s][info][gc,metaspace] GC(22) Metaspace: 496K(640K)->496K(640K) NonClass: 458K(512K)->458K(512K) Class: 37K(128K)->37K(128K)
[5.449s][info][gc          ] GC(22) Pause Young (Normal) (G1 Evacuation Pause) 720M->326M(1024M) 127.521ms
[5.449s][info][gc,cpu      ] GC(22) User=0.45s Sys=0.00s Real=0.13s
[5.797s][info][gc,start    ] GC(23) Pause Young (Normal) (G1 Evacuation Pause)
[5.797s][info][gc,task     ] GC(23) Using 4 workers of 4 for evacuation
[5.817s][info][gc,phases   ] GC(23)   Pre Evacuate Collection Set: 0.1ms
[5.817s][info][gc,phases   ] GC(23)   Merge Heap Roots: 0.2ms
[5.818s][info][gc,phases   ] GC(23)   Evacuate Collection Set: 19.9ms
[5.818s][info][gc,phases   ] GC(23)   Post Evacuate Collection Set: 0.4ms
[5.818s][info][gc,phases   ] GC(23)   Other: 0.3ms
[5.818s][info][gc,heap     ] GC(23) Eden regions: 372->0(474)
[5.818s][info][gc,heap     ] GC(23) Survivor regions: 62->11(55)
[5.818s][info][gc,heap     ] GC(23) Old regions: 228->228
[5.818s][info][gc,heap     ] GC(23) Archive regions: 0->0
[5.818s][info][gc,heap     ] GC(23) Humongous regions: 36->36
[5.818s][info][gc,metaspace] GC(23) Metaspace: 496K(640K)->496K(640K) NonClass: 458K(512K)->458K(512K) Class: 37K(128K)->37K(128K)
[5.818s][info][gc          ] GC(23) Pause Young (Normal) (G1 Evacuation Pause) 698M->275M(1024M) 21.243ms
[5.818s][info][gc,cpu      ] GC(23) User=0.05s Sys=0.00s Real=0.02s
[6.309s][info][gc,start    ] GC(24) Pause Young (Normal) (G1 Evacuation Pause)
[6.309s][info][gc,task     ] GC(24) Using 4 workers of 4 for evacuation
[6.468s][info][gc,phases   ] GC(24)   Pre Evacuate Collection Set: 0.1ms
[6.468s][info][gc,phases   ] GC(24)   Merge Heap Roots: 0.1ms
[6.468s][info][gc,phases   ] GC(24)   Evacuate Collection Set: 158.0ms
[6.468s][info][gc,phases   ] GC(24)   Post Evacuate Collection Set: 0.5ms
[6.468s][info][gc,phases   ] GC(24)   Other: 0.2ms
[6.468s][info][gc,heap     ] GC(24) Eden regions: 474->0(391)
[6.468s][info][gc,heap     ] GC(24) Survivor regions: 11->61(61)
[6.468s][info][gc,heap     ] GC(24) Old regions: 228->272
[6.468s][info][gc,heap     ] GC(24) Archive regions: 0->0
[6.468s][info][gc,heap     ] GC(24) Humongous regions: 36->36
[6.468s][info][gc,metaspace] GC(24) Metaspace: 496K(640K)->496K(640K) NonClass: 458K(512K)->458K(512K) Class: 37K(128K)->37K(128K)
[6.468s][info][gc          ] GC(24) Pause Young (Normal) (G1 Evacuation Pause) 749M->369M(1024M) 159.270ms
[6.468s][info][gc,cpu      ] GC(24) User=0.47s Sys=0.00s Real=0.16s
[7.031s][info][gc,start    ] GC(25) Pause Young (Normal) (G1 Evacuation Pause)
[7.031s][info][gc,task     ] GC(25) Using 4 workers of 4 for evacuation
[7.250s][info][gc,mmu      ] GC(25) MMU target violated: 201.0ms (200.0ms/201.0ms)
[7.250s][info][gc,phases   ] GC(25)   Pre Evacuate Collection Set: 0.1ms
[7.250s][info][gc,phases   ] GC(25)   Merge Heap Roots: 0.2ms
[7.250s][info][gc,phases   ] GC(25)   Evacuate Collection Set: 217.8ms
[7.250s][info][gc,phases   ] GC(25)   Post Evacuate Collection Set: 0.4ms
[7.250s][info][gc,phases   ] GC(25)   Other: 0.3ms
[7.250s][info][gc,heap     ] GC(25) Eden regions: 391->0(328)
[7.250s][info][gc,heap     ] GC(25) Survivor regions: 61->57(57)
[7.250s][info][gc,heap     ] GC(25) Old regions: 272->355
[7.250s][info][gc,heap     ] GC(25) Archive regions: 0->0
[7.250s][info][gc,heap     ] GC(25) Humongous regions: 36->36
[7.250s][info][gc,metaspace] GC(25) Metaspace: 496K(640K)->496K(640K) NonClass: 458K(512K)->458K(512K) Class: 37K(128K)->37K(128K)
[7.250s][info][gc          ] GC(25) Pause Young (Normal) (G1 Evacuation Pause) 760M->448M(1024M) 219.257ms
[7.250s][info][gc,cpu      ] GC(25) User=0.72s Sys=0.00s Real=0.22s
[7.626s][info][gc,start    ] GC(26) Pause Young (Normal) (G1 Evacuation Pause)
[7.626s][info][gc,task     ] GC(26) Using 4 workers of 4 for evacuation
[7.693s][info][gc,phases   ] GC(26)   Pre Evacuate Collection Set: 0.2ms
[7.693s][info][gc,phases   ] GC(26)   Merge Heap Roots: 0.2ms
[7.693s][info][gc,phases   ] GC(26)   Evacuate Collection Set: 65.1ms
[7.693s][info][gc,phases   ] GC(26)   Post Evacuate Collection Set: 0.6ms
[7.693s][info][gc,phases   ] GC(26)   Other: 0.3ms
[7.693s][info][gc,heap     ] GC(26) Eden regions: 328->0(338)
[7.693s][info][gc,heap     ] GC(26) Survivor regions: 57->48(49)
[7.693s][info][gc,heap     ] GC(26) Old regions: 355->356
[7.693s][info][gc,heap     ] GC(26) Archive regions: 0->0
[7.693s][info][gc,heap     ] GC(26) Humongous regions: 36->36
[7.693s][info][gc,metaspace] GC(26) Metaspace: 496K(640K)->496K(640K) NonClass: 458K(512K)->458K(512K) Class: 37K(128K)->37K(128K)
[7.693s][info][gc          ] GC(26) Pause Young (Normal) (G1 Evacuation Pause) 776M->439M(1024M) 66.579ms
[7.693s][info][gc,cpu      ] GC(26) User=0.25s Sys=0.00s Real=0.07s
[8.031s][info][gc,start    ] GC(27) Pause Young (Normal) (G1 Evacuation Pause)
[8.031s][info][gc,task     ] GC(27) Using 4 workers of 4 for evacuation
[8.172s][info][gc,phases   ] GC(27)   Pre Evacuate Collection Set: 0.1ms
[8.172s][info][gc,phases   ] GC(27)   Merge Heap Roots: 0.1ms
[8.172s][info][gc,phases   ] GC(27)   Evacuate Collection Set: 140.1ms
[8.172s][info][gc,phases   ] GC(27)   Post Evacuate Collection Set: 0.4ms
[8.172s][info][gc,phases   ] GC(27)   Other: 0.2ms
[8.172s][info][gc,heap     ] GC(27) Eden regions: 338->0(285)
[8.172s][info][gc,heap     ] GC(27) Survivor regions: 48->49(49)
[8.172s][info][gc,heap     ] GC(27) Old regions: 356->422
[8.172s][info][gc,heap     ] GC(27) Archive regions: 0->0
[8.172s][info][gc,heap     ] GC(27) Humongous regions: 36->36
[8.172s][info][gc,metaspace] GC(27) Metaspace: 496K(640K)->496K(640K) NonClass: 458K(512K)->458K(512K) Class: 37K(128K)->37K(128K)
[8.172s][info][gc          ] GC(27) Pause Young (Normal) (G1 Evacuation Pause) 777M->507M(1024M) 141.294ms
[8.172s][info][gc,cpu      ] GC(27) User=0.53s Sys=0.00s Real=0.14s
[8.457s][info][gc,start    ] GC(28) Pause Young (Normal) (G1 Evacuation Pause)
[8.457s][info][gc,task     ] GC(28) Using 4 workers of 4 for evacuation
[8.588s][info][gc,phases   ] GC(28)   Pre Evacuate Collection Set: 0.1ms
[8.588s][info][gc,phases   ] GC(28)   Merge Heap Roots: 0.1ms
[8.588s][info][gc,phases   ] GC(28)   Evacuate Collection Set: 130.1ms
[8.588s][info][gc,phases   ] GC(28)   Post Evacuate Collection Set: 0.4ms
[8.588s][info][gc,phases   ] GC(28)   Other: 0.2ms
[8.588s][info][gc,heap     ] GC(28) Eden regions: 285->0(243)
[8.588s][info][gc,heap     ] GC(28) Survivor regions: 49->42(42)
[8.588s][info][gc,heap     ] GC(28) Old regions: 422->487
[8.588s][info][gc,heap     ] GC(28) Archive regions: 0->0
[8.588s][info][gc,heap     ] GC(28) Humongous regions: 36->36
[8.588s][info][gc,metaspace] GC(28) Metaspace: 496K(640K)->496K(640K) NonClass: 458K(512K)->458K(512K) Class: 37K(128K)->37K(128K)
[8.588s][info][gc          ] GC(28) Pause Young (Normal) (G1 Evacuation Pause) 792M->564M(1024M) 131.244ms
[8.588s][info][gc,cpu      ] GC(28) User=0.52s Sys=0.00s Real=0.13s
[8.833s][info][gc,start    ] GC(29) Pause Young (Concurrent Start) (G1 Evacuation Pause)
[8.833s][info][gc,task     ] GC(29) Using 4 workers of 4 for evacuation
[8.861s][info][gc,phases   ] GC(29)   Pre Evacuate Collection Set: 0.1ms
[8.861s][info][gc,phases   ] GC(29)   Merge Heap Roots: 0.1ms
[8.861s][info][gc,phases   ] GC(29)   Evacuate Collection Set: 27.2ms
[8.861s][info][gc,phases   ] GC(29)   Post Evacuate Collection Set: 0.3ms
[8.861s][info][gc,phases   ] GC(29)   Other: 0.2ms
[8.861s][info][gc,heap     ] GC(29) Eden regions: 243->0(269)
[8.861s][info][gc,heap     ] GC(29) Survivor regions: 42->19(36)
[8.861s][info][gc,heap     ] GC(29) Old regions: 487->487
[8.861s][info][gc,heap     ] GC(29) Archive regions: 0->0
[8.861s][info][gc,heap     ] GC(29) Humongous regions: 36->36
[8.861s][info][gc,metaspace] GC(29) Metaspace: 496K(640K)->496K(640K) NonClass: 458K(512K)->458K(512K) Class: 37K(128K)->37K(128K)
[8.861s][info][gc          ] GC(29) Pause Young (Concurrent Start) (G1 Evacuation Pause) 807M->542M(1024M) 28.284ms
[8.861s][info][gc,cpu      ] GC(29) User=0.11s Sys=0.00s Real=0.03s
[8.861s][info][gc          ] GC(30) Concurrent Mark Cycle
[8.861s][info][gc,marking  ] GC(30) Concurrent Clear Claimed Marks
[8.861s][info][gc,marking  ] GC(30) Concurrent Clear Claimed Marks 0.028ms
[8.861s][info][gc,marking  ] GC(30) Concurrent Scan Root Regions
[8.880s][info][gc,marking  ] GC(30) Concurrent Scan Root Regions 18.354ms
[8.880s][info][gc,marking  ] GC(30) Concurrent Mark
[8.880s][info][gc,marking  ] GC(30) Concurrent Mark From Roots
[8.880s][info][gc,task     ] GC(30) Using 1 workers of 1 for marking
[8.904s][info][gc,marking  ] GC(30) Concurrent Mark From Roots 24.116ms
[8.904s][info][gc,marking  ] GC(30) Concurrent Preclean
[8.904s][info][gc,marking  ] GC(30) Concurrent Preclean 0.072ms
[8.904s][info][gc,start    ] GC(30) Pause Remark
[8.905s][info][gc          ] GC(30) Pause Remark 578M->101M(1024M) 0.644ms
[8.905s][info][gc,cpu      ] GC(30) User=0.00s Sys=0.00s Real=0.00s
[8.905s][info][gc,marking  ] GC(30) Concurrent Mark 25.087ms
[8.905s][info][gc,marking  ] GC(30) Concurrent Rebuild Remembered Sets
[8.932s][info][gc,marking  ] GC(30) Concurrent Rebuild Remembered Sets 26.797ms
[8.932s][info][gc,start    ] GC(30) Pause Cleanup
[8.932s][info][gc          ] GC(30) Pause Cleanup 133M->133M(1024M) 0.147ms
[8.932s][info][gc,cpu      ] GC(30) User=0.00s Sys=0.00s Real=0.00s
[8.932s][info][gc,marking  ] GC(30) Concurrent Cleanup for Next Mark
[8.939s][info][gc,marking  ] GC(30) Concurrent Cleanup for Next Mark 6.471ms
[8.939s][info][gc          ] GC(30) Concurrent Mark Cycle 77.342ms
[9.094s][info][gc,start    ] GC(31) Pause Young (Prepare Mixed) (G1 Evacuation Pause)
[9.094s][info][gc,task     ] GC(31) Using 4 workers of 4 for evacuation
[9.185s][info][gc,phases   ] GC(31)   Pre Evacuate Collection Set: 0.1ms
[9.185s][info][gc,phases   ] GC(31)   Merge Heap Roots: 0.1ms
[9.185s][info][gc,phases   ] GC(31)   Evacuate Collection Set: 90.2ms
[9.185s][info][gc,phases   ] GC(31)   Post Evacuate Collection Set: 0.4ms
[9.185s][info][gc,phases   ] GC(31)   Other: 0.2ms
[9.185s][info][gc,heap     ] GC(31) Eden regions: 269->0(15)
[9.185s][info][gc,heap     ] GC(31) Survivor regions: 19->36(36)
[9.185s][info][gc,heap     ] GC(31) Old regions: 10->47
[9.185s][info][gc,heap     ] GC(31) Archive regions: 0->0
[9.185s][info][gc,heap     ] GC(31) Humongous regions: 36->36
[9.185s][info][gc,metaspace] GC(31) Metaspace: 496K(640K)->496K(640K) NonClass: 458K(512K)->458K(512K) Class: 37K(128K)->37K(128K)
[9.186s][info][gc          ] GC(31) Pause Young (Prepare Mixed) (G1 Evacuation Pause) 334M->119M(1024M) 91.340ms
[9.186s][info][gc,cpu      ] GC(31) User=0.38s Sys=0.00s Real=0.09s
[9.201s][info][gc,start    ] GC(32) Pause Young (Mixed) (G1 Evacuation Pause)
[9.201s][info][gc,task     ] GC(32) Using 4 workers of 4 for evacuation
[9.247s][info][gc,phases   ] GC(32)   Pre Evacuate Collection Set: 0.1ms
[9.247s][info][gc,phases   ] GC(32)   Merge Heap Roots: 0.1ms
[9.247s][info][gc,phases   ] GC(32)   Evacuate Collection Set: 45.8ms
[9.247s][info][gc,phases   ] GC(32)   Post Evacuate Collection Set: 0.2ms
[9.247s][info][gc,phases   ] GC(32)   Other: 0.2ms
[9.247s][info][gc,heap     ] GC(32) Eden regions: 15->0(562)
[9.247s][info][gc,heap     ] GC(32) Survivor regions: 36->4(7)
[9.247s][info][gc,heap     ] GC(32) Old regions: 47->84
[9.247s][info][gc,heap     ] GC(32) Archive regions: 0->0
[9.247s][info][gc,heap     ] GC(32) Humongous regions: 36->36
[9.247s][info][gc,metaspace] GC(32) Metaspace: 496K(640K)->496K(640K) NonClass: 458K(512K)->458K(512K) Class: 37K(128K)->37K(128K)
[9.247s][info][gc          ] GC(32) Pause Young (Mixed) (G1 Evacuation Pause) 134M->123M(1024M) 46.655ms
[9.247s][info][gc,cpu      ] GC(32) User=0.19s Sys=0.00s Real=0.05s
[9.711s][info][gc,start    ] GC(33) Pause Young (Normal) (G1 Evacuation Pause)
[9.711s][info][gc,task     ] GC(33) Using 4 workers of 4 for evacuation
[9.855s][info][gc,phases   ] GC(33)   Pre Evacuate Collection Set: 0.1ms
[9.855s][info][gc,phases   ] GC(33)   Merge Heap Roots: 0.2ms
[9.855s][info][gc,phases   ] GC(33)   Evacuate Collection Set: 143.7ms
[9.855s][info][gc,phases   ] GC(33)   Post Evacuate Collection Set: 0.5ms
[9.855s][info][gc,phases   ] GC(33)   Other: 0.2ms
[9.855s][info][gc,heap     ] GC(33) Eden regions: 562->0(475)
[9.855s][info][gc,heap     ] GC(33) Survivor regions: 4->71(71)
[9.855s][info][gc,heap     ] GC(33) Old regions: 84->129
[9.856s][info][gc,heap     ] GC(33) Archive regions: 0->0
[9.856s][info][gc,heap     ] GC(33) Humongous regions: 36->36
[9.856s][info][gc,metaspace] GC(33) Metaspace: 496K(640K)->496K(640K) NonClass: 458K(512K)->458K(512K) Class: 37K(128K)->37K(128K)
[9.856s][info][gc          ] GC(33) Pause Young (Normal) (G1 Evacuation Pause) 685M->235M(1024M) 144.939ms
[9.856s][info][gc,cpu      ] GC(33) User=0.52s Sys=0.00s Real=0.14s
[10.228s][info][gc,start    ] GC(34) Pause Young (Normal) (G1 Evacuation Pause)
[10.228s][info][gc,task     ] GC(34) Using 4 workers of 4 for evacuation
[10.333s][info][gc,phases   ] GC(34)   Pre Evacuate Collection Set: 0.1ms
[10.333s][info][gc,phases   ] GC(34)   Merge Heap Roots: 0.2ms
[10.333s][info][gc,phases   ] GC(34)   Evacuate Collection Set: 103.9ms
[10.333s][info][gc,phases   ] GC(34)   Post Evacuate Collection Set: 0.4ms
[10.333s][info][gc,phases   ] GC(34)   Other: 0.2ms
[10.333s][info][gc,heap     ] GC(34) Eden regions: 475->0(468)
[10.333s][info][gc,heap     ] GC(34) Survivor regions: 71->69(69)
[10.333s][info][gc,heap     ] GC(34) Old regions: 129->142
[10.333s][info][gc,heap     ] GC(34) Archive regions: 0->0
[10.333s][info][gc,heap     ] GC(34) Humongous regions: 36->36
[10.333s][info][gc,metaspace] GC(34) Metaspace: 496K(640K)->496K(640K) NonClass: 458K(512K)->458K(512K) Class: 37K(128K)->37K(128K)
[10.333s][info][gc          ] GC(34) Pause Young (Normal) (G1 Evacuation Pause) 710M->246M(1024M) 105.114ms
[10.334s][info][gc,cpu      ] GC(34) User=0.36s Sys=0.00s Real=0.11s
[10.732s][info][gc,start    ] GC(35) Pause Young (Normal) (G1 Evacuation Pause)
[10.732s][info][gc,task     ] GC(35) Using 4 workers of 4 for evacuation
[10.927s][info][gc,phases   ] GC(35)   Pre Evacuate Collection Set: 0.1ms
[10.927s][info][gc,phases   ] GC(35)   Merge Heap Roots: 0.3ms
[10.927s][info][gc,phases   ] GC(35)   Evacuate Collection Set: 194.5ms
[10.927s][info][gc,phases   ] GC(35)   Post Evacuate Collection Set: 0.5ms
[10.927s][info][gc,phases   ] GC(35)   Other: 0.2ms
[10.927s][info][gc,heap     ] GC(35) Eden regions: 468->0(397)
[10.927s][info][gc,heap     ] GC(35) Survivor regions: 69->68(68)
[10.927s][info][gc,heap     ] GC(35) Old regions: 142->237
[10.927s][info][gc,heap     ] GC(35) Archive regions: 0->0
[10.927s][info][gc,heap     ] GC(35) Humongous regions: 36->36
[10.927s][info][gc,metaspace] GC(35) Metaspace: 496K(640K)->496K(640K) NonClass: 458K(512K)->458K(512K) Class: 37K(128K)->37K(128K)
[10.927s][info][gc          ] GC(35) Pause Young (Normal) (G1 Evacuation Pause) 714M->341M(1024M) 195.802ms
[10.927s][info][gc,cpu      ] GC(35) User=0.69s Sys=0.00s Real=0.20s
[11.235s][info][gc,start    ] GC(36) Pause Young (Normal) (G1 Evacuation Pause)
[11.235s][info][gc,task     ] GC(36) Using 4 workers of 4 for evacuation
[11.304s][info][gc,phases   ] GC(36)   Pre Evacuate Collection Set: 0.1ms
[11.304s][info][gc,phases   ] GC(36)   Merge Heap Roots: 0.2ms
[11.304s][info][gc,phases   ] GC(36)   Evacuate Collection Set: 67.8ms
[11.304s][info][gc,phases   ] GC(36)   Post Evacuate Collection Set: 0.5ms
[11.304s][info][gc,phases   ] GC(36)   Other: 0.2ms
[11.304s][info][gc,heap     ] GC(36) Eden regions: 397->0(416)
[11.304s][info][gc,heap     ] GC(36) Survivor regions: 68->53(59)
[11.304s][info][gc,heap     ] GC(36) Old regions: 237->237
[11.304s][info][gc,heap     ] GC(36) Archive regions: 0->0
[11.304s][info][gc,heap     ] GC(36) Humongous regions: 36->36
[11.304s][info][gc,metaspace] GC(36) Metaspace: 496K(640K)->496K(640K) NonClass: 458K(512K)->458K(512K) Class: 37K(128K)->37K(128K)
[11.304s][info][gc          ] GC(36) Pause Young (Normal) (G1 Evacuation Pause) 738M->325M(1024M) 69.108ms
[11.304s][info][gc,cpu      ] GC(36) User=0.25s Sys=0.00s Real=0.07s
[11.626s][info][gc,start    ] GC(37) Pause Young (Normal) (G1 Evacuation Pause)
[11.626s][info][gc,task     ] GC(37) Using 4 workers of 4 for evacuation
[11.795s][info][gc,phases   ] GC(37)   Pre Evacuate Collection Set: 0.1ms
[11.795s][info][gc,phases   ] GC(37)   Merge Heap Roots: 0.2ms
[11.795s][info][gc,phases   ] GC(37)   Evacuate Collection Set: 167.3ms
[11.795s][info][gc,phases   ] GC(37)   Post Evacuate Collection Set: 0.5ms
[11.795s][info][gc,phases   ] GC(37)   Other: 0.2ms
[11.795s][info][gc,heap     ] GC(37) Eden regions: 416->0(353)
[11.795s][info][gc,heap     ] GC(37) Survivor regions: 53->59(59)
[11.795s][info][gc,heap     ] GC(37) Old regions: 237->314
[11.795s][info][gc,heap     ] GC(37) Archive regions: 0->0
[11.795s][info][gc,heap     ] GC(37) Humongous regions: 36->36
[11.795s][info][gc,metaspace] GC(37) Metaspace: 496K(640K)->496K(640K) NonClass: 458K(512K)->458K(512K) Class: 37K(128K)->37K(128K)
[11.795s][info][gc          ] GC(37) Pause Young (Normal) (G1 Evacuation Pause) 741M->409M(1024M) 168.525ms
[11.795s][info][gc,cpu      ] GC(37) User=0.63s Sys=0.02s Real=0.17s
[12.071s][info][gc,start    ] GC(38) Pause Young (Normal) (G1 Evacuation Pause)
[12.071s][info][gc,task     ] GC(38) Using 4 workers of 4 for evacuation
[12.081s][info][gc,phases   ] GC(38)   Pre Evacuate Collection Set: 0.1ms
[12.081s][info][gc,phases   ] GC(38)   Merge Heap Roots: 0.2ms
[12.081s][info][gc,phases   ] GC(38)   Evacuate Collection Set: 9.5ms
[12.081s][info][gc,phases   ] GC(38)   Post Evacuate Collection Set: 0.4ms
[12.081s][info][gc,phases   ] GC(38)   Other: 0.1ms
[12.081s][info][gc,heap     ] GC(38) Eden regions: 353->0(410)
[12.081s][info][gc,heap     ] GC(38) Survivor regions: 59->5(52)
[12.081s][info][gc,heap     ] GC(38) Old regions: 314->314
[12.081s][info][gc,heap     ] GC(38) Archive regions: 0->0
[12.081s][info][gc,heap     ] GC(38) Humongous regions: 36->36
[12.081s][info][gc,metaspace] GC(38) Metaspace: 496K(640K)->496K(640K) NonClass: 458K(512K)->458K(512K) Class: 37K(128K)->37K(128K)
[12.081s][info][gc          ] GC(38) Pause Young (Normal) (G1 Evacuation Pause) 762M->355M(1024M) 10.546ms
[12.082s][info][gc,cpu      ] GC(38) User=0.00s Sys=0.00s Real=0.01s
[12.396s][info][gc,start    ] GC(39) Pause Young (Normal) (G1 Evacuation Pause)
[12.396s][info][gc,task     ] GC(39) Using 4 workers of 4 for evacuation
[12.503s][info][gc,phases   ] GC(39)   Pre Evacuate Collection Set: 0.1ms
[12.503s][info][gc,phases   ] GC(39)   Merge Heap Roots: 0.2ms
[12.503s][info][gc,phases   ] GC(39)   Evacuate Collection Set: 106.0ms
[12.503s][info][gc,phases   ] GC(39)   Post Evacuate Collection Set: 0.4ms
[12.503s][info][gc,phases   ] GC(39)   Other: 0.2ms
[12.503s][info][gc,heap     ] GC(39) Eden regions: 410->0(339)
[12.503s][info][gc,heap     ] GC(39) Survivor regions: 5->52(52)
[12.503s][info][gc,heap     ] GC(39) Old regions: 314->349
[12.503s][info][gc,heap     ] GC(39) Archive regions: 0->0
[12.503s][info][gc,heap     ] GC(39) Humongous regions: 36->36
[12.503s][info][gc,metaspace] GC(39) Metaspace: 496K(640K)->496K(640K) NonClass: 458K(512K)->458K(512K) Class: 37K(128K)->37K(128K)
[12.503s][info][gc          ] GC(39) Pause Young (Normal) (G1 Evacuation Pause) 765M->437M(1024M) 107.230ms
[12.503s][info][gc,cpu      ] GC(39) User=0.42s Sys=0.00s Real=0.11s
[12.769s][info][gc,start    ] GC(40) Pause Young (Normal) (G1 Evacuation Pause)
[12.769s][info][gc,task     ] GC(40) Using 4 workers of 4 for evacuation
[12.915s][info][gc,phases   ] GC(40)   Pre Evacuate Collection Set: 0.1ms
[12.915s][info][gc,phases   ] GC(40)   Merge Heap Roots: 0.2ms
[12.915s][info][gc,phases   ] GC(40)   Evacuate Collection Set: 144.4ms
[12.915s][info][gc,phases   ] GC(40)   Post Evacuate Collection Set: 0.4ms
[12.915s][info][gc,phases   ] GC(40)   Other: 0.2ms
[12.915s][info][gc,heap     ] GC(40) Eden regions: 339->0(286)
[12.915s][info][gc,heap     ] GC(40) Survivor regions: 52->49(49)
[12.915s][info][gc,heap     ] GC(40) Old regions: 349->421
[12.915s][info][gc,heap     ] GC(40) Archive regions: 0->0
[12.915s][info][gc,heap     ] GC(40) Humongous regions: 36->36
[12.915s][info][gc,metaspace] GC(40) Metaspace: 496K(640K)->496K(640K) NonClass: 458K(512K)->458K(512K) Class: 37K(128K)->37K(128K)
[12.915s][info][gc          ] GC(40) Pause Young (Normal) (G1 Evacuation Pause) 776M->506M(1024M) 145.716ms
[12.915s][info][gc,cpu      ] GC(40) User=0.59s Sys=0.00s Real=0.15s
[13.137s][info][gc,start    ] GC(41) Pause Young (Normal) (G1 Evacuation Pause)
[13.137s][info][gc,task     ] GC(41) Using 4 workers of 4 for evacuation
[13.153s][info][gc,phases   ] GC(41)   Pre Evacuate Collection Set: 0.1ms
[13.153s][info][gc,phases   ] GC(41)   Merge Heap Roots: 0.2ms
[13.153s][info][gc,phases   ] GC(41)   Evacuate Collection Set: 16.0ms
[13.153s][info][gc,phases   ] GC(41)   Post Evacuate Collection Set: 0.4ms
[13.153s][info][gc,phases   ] GC(41)   Other: 0.1ms
[13.153s][info][gc,heap     ] GC(41) Eden regions: 286->0(329)
[13.153s][info][gc,heap     ] GC(41) Survivor regions: 49->10(42)
[13.153s][info][gc,heap     ] GC(41) Old regions: 421->422
[13.153s][info][gc,heap     ] GC(41) Archive regions: 0->0
[13.154s][info][gc,heap     ] GC(41) Humongous regions: 36->36
[13.154s][info][gc,metaspace] GC(41) Metaspace: 496K(640K)->496K(640K) NonClass: 458K(512K)->458K(512K) Class: 37K(128K)->37K(128K)
[13.154s][info][gc          ] GC(41) Pause Young (Normal) (G1 Evacuation Pause) 792M->467M(1024M) 16.917ms
[13.154s][info][gc,cpu      ] GC(41) User=0.06s Sys=0.00s Real=0.02s
[13.405s][info][gc,start    ] GC(42) Pause Young (Normal) (G1 Evacuation Pause)
[13.405s][info][gc,task     ] GC(42) Using 4 workers of 4 for evacuation
[13.498s][info][gc,phases   ] GC(42)   Pre Evacuate Collection Set: 0.1ms
[13.498s][info][gc,phases   ] GC(42)   Merge Heap Roots: 0.2ms
[13.498s][info][gc,phases   ] GC(42)   Evacuate Collection Set: 92.9ms
[13.498s][info][gc,phases   ] GC(42)   Post Evacuate Collection Set: 0.4ms
[13.499s][info][gc,phases   ] GC(42)   Other: 0.2ms
[13.499s][info][gc,heap     ] GC(42) Eden regions: 329->0(272)
[13.519s][info][gc,heap     ] GC(42) Survivor regions: 10->43(43)
[13.519s][info][gc,heap     ] GC(42) Old regions: 422->455
[13.519s][info][gc,heap     ] GC(42) Archive regions: 0->0
[13.519s][info][gc,heap     ] GC(42) Humongous regions: 36->36
[13.519s][info][gc,metaspace] GC(42) Metaspace: 496K(640K)->496K(640K) NonClass: 458K(512K)->458K(512K) Class: 37K(128K)->37K(128K)
[13.520s][info][gc          ] GC(42) Pause Young (Normal) (G1 Evacuation Pause) 796M->533M(1024M) 114.814ms
[13.520s][info][gc,cpu      ] GC(42) User=0.36s Sys=0.00s Real=0.11s
[13.789s][info][gc,start    ] GC(43) Pause Young (Concurrent Start) (G1 Evacuation Pause)
[13.789s][info][gc,task     ] GC(43) Using 4 workers of 4 for evacuation
[13.908s][info][gc,phases   ] GC(43)   Pre Evacuate Collection Set: 0.1ms
[13.908s][info][gc,phases   ] GC(43)   Merge Heap Roots: 0.1ms
[13.908s][info][gc,phases   ] GC(43)   Evacuate Collection Set: 119.0ms
[13.908s][info][gc,phases   ] GC(43)   Post Evacuate Collection Set: 0.4ms
[13.909s][info][gc,phases   ] GC(43)   Other: 0.2ms
[13.909s][info][gc,heap     ] GC(43) Eden regions: 272->0(229)
[13.909s][info][gc,heap     ] GC(43) Survivor regions: 43->40(40)
[13.909s][info][gc,heap     ] GC(43) Old regions: 455->513
[13.909s][info][gc,heap     ] GC(43) Archive regions: 0->0
[13.909s][info][gc,heap     ] GC(43) Humongous regions: 36->36
[13.909s][info][gc,metaspace] GC(43) Metaspace: 496K(640K)->496K(640K) NonClass: 458K(512K)->458K(512K) Class: 37K(128K)->37K(128K)
[13.909s][info][gc          ] GC(43) Pause Young (Concurrent Start) (G1 Evacuation Pause) 805M->588M(1024M) 120.195ms
[13.909s][info][gc,cpu      ] GC(43) User=0.42s Sys=0.00s Real=0.12s
[13.909s][info][gc          ] GC(44) Concurrent Mark Cycle
[13.909s][info][gc,marking  ] GC(44) Concurrent Clear Claimed Marks
[13.909s][info][gc,marking  ] GC(44) Concurrent Clear Claimed Marks 0.028ms
[13.909s][info][gc,marking  ] GC(44) Concurrent Scan Root Regions
[14.003s][info][gc,marking  ] GC(44) Concurrent Scan Root Regions 93.833ms
[14.003s][info][gc,marking  ] GC(44) Concurrent Mark
[14.003s][info][gc,marking  ] GC(44) Concurrent Mark From Roots
[14.003s][info][gc,task     ] GC(44) Using 1 workers of 1 for marking
[14.201s][info][gc,start    ] GC(45) Pause Young (Normal) (G1 Evacuation Pause)
[14.201s][info][gc,task     ] GC(45) Using 4 workers of 4 for evacuation
[14.306s][info][gc,phases   ] GC(45)   Pre Evacuate Collection Set: 0.1ms
[14.306s][info][gc,phases   ] GC(45)   Merge Heap Roots: 0.1ms
[14.306s][info][gc,phases   ] GC(45)   Evacuate Collection Set: 104.0ms
[14.306s][info][gc,phases   ] GC(45)   Post Evacuate Collection Set: 0.4ms
[14.306s][info][gc,phases   ] GC(45)   Other: 0.2ms
[14.306s][info][gc,heap     ] GC(45) Eden regions: 229->0(196)
[14.306s][info][gc,heap     ] GC(45) Survivor regions: 40->34(34)
[14.306s][info][gc,heap     ] GC(45) Old regions: 513->565
[14.306s][info][gc,heap     ] GC(45) Archive regions: 0->0
[14.306s][info][gc,heap     ] GC(45) Humongous regions: 36->36
[14.306s][info][gc,metaspace] GC(45) Metaspace: 496K(640K)->496K(640K) NonClass: 458K(512K)->458K(512K) Class: 37K(128K)->37K(128K)
[14.306s][info][gc          ] GC(45) Pause Young (Normal) (G1 Evacuation Pause) 817M->635M(1024M) 105.174ms
[14.306s][info][gc,cpu      ] GC(45) User=0.42s Sys=0.00s Real=0.11s
[14.313s][info][gc,marking  ] GC(44) Concurrent Mark From Roots 310.500ms
[14.313s][info][gc,marking  ] GC(44) Concurrent Preclean
[14.313s][info][gc,marking  ] GC(44) Concurrent Preclean 0.092ms
[14.314s][info][gc,start    ] GC(44) Pause Remark
[14.314s][info][gc          ] GC(44) Pause Remark 641M->229M(1024M) 0.542ms
[14.314s][info][gc,cpu      ] GC(44) User=0.00s Sys=0.00s Real=0.00s
[14.314s][info][gc,marking  ] GC(44) Concurrent Mark 311.426ms
[14.314s][info][gc,marking  ] GC(44) Concurrent Rebuild Remembered Sets
[14.503s][info][gc,start    ] GC(46) Pause Young (Normal) (G1 Evacuation Pause)
[14.503s][info][gc,task     ] GC(46) Using 4 workers of 4 for evacuation
[14.523s][info][gc,phases   ] GC(46)   Pre Evacuate Collection Set: 0.1ms
[14.523s][info][gc,phases   ] GC(46)   Merge Heap Roots: 0.1ms
[14.523s][info][gc,phases   ] GC(46)   Evacuate Collection Set: 18.9ms
[14.523s][info][gc,phases   ] GC(46)   Post Evacuate Collection Set: 0.3ms
[14.523s][info][gc,phases   ] GC(46)   Other: 0.2ms
[14.523s][info][gc,heap     ] GC(46) Eden regions: 196->0(504)
[14.523s][info][gc,heap     ] GC(46) Survivor regions: 34->14(29)
[14.523s][info][gc,heap     ] GC(46) Old regions: 153->154
[14.523s][info][gc,heap     ] GC(46) Archive regions: 0->0
[14.523s][info][gc,heap     ] GC(46) Humongous regions: 36->36
[14.523s][info][gc,metaspace] GC(46) Metaspace: 496K(640K)->496K(640K) NonClass: 458K(512K)->458K(512K) Class: 37K(128K)->37K(128K)
[14.523s][info][gc          ] GC(46) Pause Young (Normal) (G1 Evacuation Pause) 419M->203M(1024M) 20.019ms
[14.523s][info][gc,cpu      ] GC(46) User=0.06s Sys=0.00s Real=0.02s
[14.592s][info][gc,marking  ] GC(44) Concurrent Rebuild Remembered Sets 277.481ms
[14.592s][info][gc,start    ] GC(44) Pause Cleanup
[14.592s][info][gc          ] GC(44) Pause Cleanup 277M->277M(1024M) 0.224ms
[14.592s][info][gc,cpu      ] GC(44) User=0.00s Sys=0.00s Real=0.00s
[14.592s][info][gc,marking  ] GC(44) Concurrent Cleanup for Next Mark
[14.593s][info][gc,marking  ] GC(44) Concurrent Cleanup for Next Mark 1.247ms
[14.594s][info][gc          ] GC(44) Concurrent Mark Cycle 684.730ms
[14.956s][info][gc,start    ] GC(47) Pause Young (Prepare Mixed) (G1 Evacuation Pause)
[14.956s][info][gc,task     ] GC(47) Using 4 workers of 4 for evacuation
[15.108s][info][gc,phases   ] GC(47)   Pre Evacuate Collection Set: 0.1ms
[15.108s][info][gc,phases   ] GC(47)   Merge Heap Roots: 0.2ms
[15.108s][info][gc,phases   ] GC(47)   Evacuate Collection Set: 151.4ms
[15.108s][info][gc,phases   ] GC(47)   Post Evacuate Collection Set: 0.4ms
[15.108s][info][gc,phases   ] GC(47)   Other: 0.2ms
[15.108s][info][gc,heap     ] GC(47) Eden regions: 504->0(2)
[15.108s][info][gc,heap     ] GC(47) Survivor regions: 14->65(65)
[15.108s][info][gc,heap     ] GC(47) Old regions: 154->203
[15.108s][info][gc,heap     ] GC(47) Archive regions: 0->0
[15.108s][info][gc,heap     ] GC(47) Humongous regions: 36->36
[15.108s][info][gc,metaspace] GC(47) Metaspace: 496K(640K)->496K(640K) NonClass: 458K(512K)->458K(512K) Class: 37K(128K)->37K(128K)
[15.109s][info][gc          ] GC(47) Pause Young (Prepare Mixed) (G1 Evacuation Pause) 707M->304M(1024M) 152.526ms
[15.109s][info][gc,cpu      ] GC(47) User=0.56s Sys=0.00s Real=0.15s
[15.111s][info][gc,start    ] GC(48) Pause Young (Mixed) (G1 Evacuation Pause)
[15.111s][info][gc,task     ] GC(48) Using 4 workers of 4 for evacuation
[15.190s][info][gc,phases   ] GC(48)   Pre Evacuate Collection Set: 0.1ms
[15.190s][info][gc,phases   ] GC(48)   Merge Heap Roots: 0.1ms
[15.190s][info][gc,phases   ] GC(48)   Evacuate Collection Set: 79.3ms
[15.191s][info][gc,phases   ] GC(48)   Post Evacuate Collection Set: 0.3ms
[15.191s][info][gc,phases   ] GC(48)   Other: 0.2ms
[15.191s][info][gc,heap     ] GC(48) Eden regions: 2->0(425)
[15.191s][info][gc,heap     ] GC(48) Survivor regions: 65->2(9)
[15.191s][info][gc,heap     ] GC(48) Old regions: 203->269
[15.191s][info][gc,heap     ] GC(48) Archive regions: 0->0
[15.191s][info][gc,heap     ] GC(48) Humongous regions: 36->36
[15.191s][info][gc,metaspace] GC(48) Metaspace: 496K(640K)->496K(640K) NonClass: 458K(512K)->458K(512K) Class: 37K(128K)->37K(128K)
[15.191s][info][gc          ] GC(48) Pause Young (Mixed) (G1 Evacuation Pause) 306M->306M(1024M) 80.189ms
[15.191s][info][gc,cpu      ] GC(48) User=0.30s Sys=0.00s Real=0.08s
[15.539s][info][gc,start    ] GC(49) Pause Young (Normal) (G1 Evacuation Pause)
[15.539s][info][gc,task     ] GC(49) Using 4 workers of 4 for evacuation
[15.650s][info][gc,phases   ] GC(49)   Pre Evacuate Collection Set: 0.1ms
[15.650s][info][gc,phases   ] GC(49)   Merge Heap Roots: 0.1ms
[15.650s][info][gc,phases   ] GC(49)   Evacuate Collection Set: 109.8ms
[15.650s][info][gc,phases   ] GC(49)   Post Evacuate Collection Set: 0.5ms
[15.650s][info][gc,phases   ] GC(49)   Other: 0.2ms
[15.650s][info][gc,heap     ] GC(49) Eden regions: 425->0(364)
[15.650s][info][gc,heap     ] GC(49) Survivor regions: 2->54(54)
[15.650s][info][gc,heap     ] GC(49) Old regions: 269->301
[15.650s][info][gc,heap     ] GC(49) Archive regions: 0->0
[15.650s][info][gc,heap     ] GC(49) Humongous regions: 36->36
[15.650s][info][gc,metaspace] GC(49) Metaspace: 496K(640K)->496K(640K) NonClass: 458K(512K)->458K(512K) Class: 37K(128K)->37K(128K)
[15.650s][info][gc          ] GC(49) Pause Young (Normal) (G1 Evacuation Pause) 731M->391M(1024M) 111.012ms
[15.650s][info][gc,cpu      ] GC(49) User=0.41s Sys=0.00s Real=0.11s
[15.951s][info][gc,start    ] GC(50) Pause Young (Normal) (G1 Evacuation Pause)
[15.951s][info][gc,task     ] GC(50) Using 4 workers of 4 for evacuation
[16.042s][info][gc,phases   ] GC(50)   Pre Evacuate Collection Set: 0.1ms
[16.042s][info][gc,phases   ] GC(50)   Merge Heap Roots: 0.2ms
[16.042s][info][gc,phases   ] GC(50)   Evacuate Collection Set: 89.9ms
[16.042s][info][gc,phases   ] GC(50)   Post Evacuate Collection Set: 0.4ms
[16.042s][info][gc,phases   ] GC(50)   Other: 0.2ms
[16.042s][info][gc,heap     ] GC(50) Eden regions: 364->0(351)
[16.042s][info][gc,heap     ] GC(50) Survivor regions: 54->53(53)
[16.042s][info][gc,heap     ] GC(50) Old regions: 301->319
[16.042s][info][gc,heap     ] GC(50) Archive regions: 0->0
[16.042s][info][gc,heap     ] GC(50) Humongous regions: 36->36
[16.042s][info][gc,metaspace] GC(50) Metaspace: 497K(640K)->497K(640K) NonClass: 459K(512K)->459K(512K) Class: 37K(128K)->37K(128K)
[16.043s][info][gc          ] GC(50) Pause Young (Normal) (G1 Evacuation Pause) 755M->408M(1024M) 91.110ms
[16.043s][info][gc,cpu      ] GC(50) User=0.38s Sys=0.00s Real=0.09s
[16.320s][info][gc,start    ] GC(51) Pause Young (Concurrent Start) (G1 Evacuation Pause)
[16.320s][info][gc,task     ] GC(51) Using 4 workers of 4 for evacuation
[16.470s][info][gc,phases   ] GC(51)   Pre Evacuate Collection Set: 0.1ms
[16.470s][info][gc,phases   ] GC(51)   Merge Heap Roots: 0.2ms
[16.470s][info][gc,phases   ] GC(51)   Evacuate Collection Set: 149.6ms
[16.470s][info][gc,phases   ] GC(51)   Post Evacuate Collection Set: 0.4ms
[16.470s][info][gc,phases   ] GC(51)   Other: 0.2ms
[16.470s][info][gc,heap     ] GC(51) Eden regions: 351->0(302)
[16.470s][info][gc,heap     ] GC(51) Survivor regions: 53->51(51)
[16.470s][info][gc,heap     ] GC(51) Old regions: 319->392
[16.470s][info][gc,heap     ] GC(51) Archive regions: 0->0
[16.470s][info][gc,heap     ] GC(51) Humongous regions: 36->36
[16.470s][info][gc,metaspace] GC(51) Metaspace: 497K(640K)->497K(640K) NonClass: 459K(512K)->459K(512K) Class: 37K(128K)->37K(128K)
[16.470s][info][gc          ] GC(51) Pause Young (Concurrent Start) (G1 Evacuation Pause) 759M->479M(1024M) 150.753ms
[16.470s][info][gc,cpu      ] GC(51) User=0.56s Sys=0.00s Real=0.15s
[16.470s][info][gc          ] GC(52) Concurrent Mark Cycle
[16.471s][info][gc,marking  ] GC(52) Concurrent Clear Claimed Marks
[16.471s][info][gc,marking  ] GC(52) Concurrent Clear Claimed Marks 0.027ms
[16.471s][info][gc,marking  ] GC(52) Concurrent Scan Root Regions
[16.550s][info][gc,marking  ] GC(52) Concurrent Scan Root Regions 79.765ms
[16.550s][info][gc,marking  ] GC(52) Concurrent Mark
[16.550s][info][gc,marking  ] GC(52) Concurrent Mark From Roots
[16.550s][info][gc,task     ] GC(52) Using 1 workers of 1 for marking
[16.657s][info][gc,marking  ] GC(52) Concurrent Mark From Roots 106.942ms
[16.657s][info][gc,marking  ] GC(52) Concurrent Preclean
[16.658s][info][gc,marking  ] GC(52) Concurrent Preclean 0.085ms
[16.658s][info][gc,start    ] GC(52) Pause Remark
[16.658s][info][gc          ] GC(52) Pause Remark 649M->357M(1024M) 0.602ms
[16.658s][info][gc,cpu      ] GC(52) User=0.00s Sys=0.00s Real=0.00s
[16.658s][info][gc,marking  ] GC(52) Concurrent Mark 107.925ms
[16.658s][info][gc,marking  ] GC(52) Concurrent Rebuild Remembered Sets
[16.775s][info][gc,start    ] GC(53) Pause Young (Normal) (G1 Evacuation Pause)
[16.775s][info][gc,task     ] GC(53) Using 4 workers of 4 for evacuation
[16.910s][info][gc,phases   ] GC(53)   Pre Evacuate Collection Set: 0.1ms
[16.910s][info][gc,phases   ] GC(53)   Merge Heap Roots: 0.5ms
[16.910s][info][gc,phases   ] GC(53)   Evacuate Collection Set: 133.3ms
[16.910s][info][gc,phases   ] GC(53)   Post Evacuate Collection Set: 0.4ms
[16.910s][info][gc,phases   ] GC(53)   Other: 0.2ms
[16.910s][info][gc,heap     ] GC(53) Eden regions: 302->0(463)
[16.910s][info][gc,heap     ] GC(53) Survivor regions: 51->45(45)
[16.910s][info][gc,heap     ] GC(53) Old regions: 100->167
[16.910s][info][gc,heap     ] GC(53) Archive regions: 0->0
[16.910s][info][gc,heap     ] GC(53) Humongous regions: 36->36
[16.910s][info][gc,metaspace] GC(53) Metaspace: 497K(640K)->497K(640K) NonClass: 459K(512K)->459K(512K) Class: 37K(128K)->37K(128K)
[16.910s][info][gc          ] GC(53) Pause Young (Normal) (G1 Evacuation Pause) 489M->248M(1024M) 134.834ms
[16.910s][info][gc,cpu      ] GC(53) User=0.47s Sys=0.00s Real=0.13s
[16.934s][info][gc,marking  ] GC(52) Concurrent Rebuild Remembered Sets 276.105ms
[16.935s][info][gc,start    ] GC(52) Pause Cleanup
[16.935s][info][gc          ] GC(52) Pause Cleanup 274M->274M(1024M) 0.149ms
[16.935s][info][gc,cpu      ] GC(52) User=0.00s Sys=0.00s Real=0.00s
[16.935s][info][gc,marking  ] GC(52) Concurrent Cleanup for Next Mark
[16.936s][info][gc,marking  ] GC(52) Concurrent Cleanup for Next Mark 1.100ms
[16.936s][info][gc          ] GC(52) Concurrent Mark Cycle 465.535ms
[17.270s][info][gc,start    ] GC(54) Pause Young (Prepare Mixed) (G1 Evacuation Pause)
[17.270s][info][gc,task     ] GC(54) Using 4 workers of 4 for evacuation
[17.385s][info][gc,phases   ] GC(54)   Pre Evacuate Collection Set: 0.1ms
[17.385s][info][gc,phases   ] GC(54)   Merge Heap Roots: 0.2ms
[17.385s][info][gc,phases   ] GC(54)   Evacuate Collection Set: 114.9ms
[17.385s][info][gc,phases   ] GC(54)   Post Evacuate Collection Set: 0.4ms
[17.385s][info][gc,phases   ] GC(54)   Other: 0.2ms
[17.385s][info][gc,heap     ] GC(54) Eden regions: 463->0(2)
[17.385s][info][gc,heap     ] GC(54) Survivor regions: 45->64(64)
[17.386s][info][gc,heap     ] GC(54) Old regions: 167->196
[17.386s][info][gc,heap     ] GC(54) Archive regions: 0->0
[17.386s][info][gc,heap     ] GC(54) Humongous regions: 36->36
[17.386s][info][gc,metaspace] GC(54) Metaspace: 497K(640K)->497K(640K) NonClass: 459K(512K)->459K(512K) Class: 37K(128K)->37K(128K)
[17.386s][info][gc          ] GC(54) Pause Young (Prepare Mixed) (G1 Evacuation Pause) 711M->295M(1024M) 116.091ms
[17.386s][info][gc,cpu      ] GC(54) User=0.47s Sys=0.00s Real=0.12s
[17.388s][info][gc,start    ] GC(55) Pause Young (Mixed) (G1 Evacuation Pause)
[17.388s][info][gc,task     ] GC(55) Using 4 workers of 4 for evacuation
[17.463s][info][gc,phases   ] GC(55)   Pre Evacuate Collection Set: 0.1ms
[17.463s][info][gc,phases   ] GC(55)   Merge Heap Roots: 0.1ms
[17.463s][info][gc,phases   ] GC(55)   Evacuate Collection Set: 74.3ms
[17.463s][info][gc,phases   ] GC(55)   Post Evacuate Collection Set: 0.2ms
[17.463s][info][gc,phases   ] GC(55)   Other: 0.2ms
[17.463s][info][gc,heap     ] GC(55) Eden regions: 2->0(427)
[17.463s][info][gc,heap     ] GC(55) Survivor regions: 64->2(9)
[17.463s][info][gc,heap     ] GC(55) Old regions: 196->260
[17.463s][info][gc,heap     ] GC(55) Archive regions: 0->0
[17.463s][info][gc,heap     ] GC(55) Humongous regions: 36->36
[17.463s][info][gc,metaspace] GC(55) Metaspace: 497K(640K)->497K(640K) NonClass: 459K(512K)->459K(512K) Class: 37K(128K)->37K(128K)
[17.463s][info][gc          ] GC(55) Pause Young (Mixed) (G1 Evacuation Pause) 297M->297M(1024M) 75.196ms
[17.463s][info][gc,cpu      ] GC(55) User=0.30s Sys=0.00s Real=0.08s
[17.801s][info][gc,start    ] GC(56) Pause Young (Normal) (G1 Evacuation Pause)
[17.801s][info][gc,task     ] GC(56) Using 4 workers of 4 for evacuation
[17.907s][info][gc,phases   ] GC(56)   Pre Evacuate Collection Set: 0.1ms
[17.907s][info][gc,phases   ] GC(56)   Merge Heap Roots: 0.1ms
[17.907s][info][gc,phases   ] GC(56)   Evacuate Collection Set: 105.5ms
[17.907s][info][gc,phases   ] GC(56)   Post Evacuate Collection Set: 0.4ms
[17.907s][info][gc,phases   ] GC(56)   Other: 0.2ms
[17.907s][info][gc,heap     ] GC(56) Eden regions: 427->0(368)
[17.907s][info][gc,heap     ] GC(56) Survivor regions: 2->54(54)
[17.907s][info][gc,heap     ] GC(56) Old regions: 260->293
[17.907s][info][gc,heap     ] GC(56) Archive regions: 0->0
[17.907s][info][gc,heap     ] GC(56) Humongous regions: 36->36
[17.907s][info][gc,metaspace] GC(56) Metaspace: 497K(640K)->497K(640K) NonClass: 459K(512K)->459K(512K) Class: 37K(128K)->37K(128K)
[17.907s][info][gc          ] GC(56) Pause Young (Normal) (G1 Evacuation Pause) 724M->382M(1024M) 106.648ms
[17.907s][info][gc,cpu      ] GC(56) User=0.44s Sys=0.00s Real=0.11s
[18.203s][info][gc,start    ] GC(57) Pause Young (Normal) (G1 Evacuation Pause)
[18.203s][info][gc,task     ] GC(57) Using 4 workers of 4 for evacuation
[18.271s][info][gc,phases   ] GC(57)   Pre Evacuate Collection Set: 0.1ms
[18.271s][info][gc,phases   ] GC(57)   Merge Heap Roots: 0.2ms
[18.271s][info][gc,phases   ] GC(57)   Evacuate Collection Set: 67.2ms
[18.271s][info][gc,phases   ] GC(57)   Post Evacuate Collection Set: 0.4ms
[18.271s][info][gc,phases   ] GC(57)   Other: 0.2ms
[18.271s][info][gc,heap     ] GC(57) Eden regions: 368->0(377)
[18.271s][info][gc,heap     ] GC(57) Survivor regions: 54->50(53)
[18.271s][info][gc,heap     ] GC(57) Old regions: 293->293
[18.271s][info][gc,heap     ] GC(57) Archive regions: 0->0
[18.271s][info][gc,heap     ] GC(57) Humongous regions: 36->36
[18.271s][info][gc,metaspace] GC(57) Metaspace: 497K(640K)->497K(640K) NonClass: 459K(512K)->459K(512K) Class: 37K(128K)->37K(128K)
[18.271s][info][gc          ] GC(57) Pause Young (Normal) (G1 Evacuation Pause) 750M->379M(1024M) 68.387ms
[18.271s][info][gc,cpu      ] GC(57) User=0.25s Sys=0.00s Real=0.07s
[18.571s][info][gc,start    ] GC(58) Pause Young (Concurrent Start) (G1 Evacuation Pause)
[18.571s][info][gc,task     ] GC(58) Using 4 workers of 4 for evacuation
[18.730s][info][gc,phases   ] GC(58)   Pre Evacuate Collection Set: 0.1ms
[18.730s][info][gc,phases   ] GC(58)   Merge Heap Roots: 0.2ms
[18.730s][info][gc,phases   ] GC(58)   Evacuate Collection Set: 158.2ms
[18.730s][info][gc,phases   ] GC(58)   Post Evacuate Collection Set: 0.4ms
[18.730s][info][gc,phases   ] GC(58)   Other: 0.3ms
[18.730s][info][gc,heap     ] GC(58) Eden regions: 377->0(321)
[18.731s][info][gc,heap     ] GC(58) Survivor regions: 50->54(54)
[18.731s][info][gc,heap     ] GC(58) Old regions: 293->364
[18.731s][info][gc,heap     ] GC(58) Archive regions: 0->0
[18.731s][info][gc,heap     ] GC(58) Humongous regions: 36->36
[18.731s][info][gc,metaspace] GC(58) Metaspace: 497K(640K)->497K(640K) NonClass: 459K(512K)->459K(512K) Class: 37K(128K)->37K(128K)
[18.731s][info][gc          ] GC(58) Pause Young (Concurrent Start) (G1 Evacuation Pause) 756M->454M(1024M) 159.588ms
[18.731s][info][gc,cpu      ] GC(58) User=0.58s Sys=0.00s Real=0.16s
[18.731s][info][gc          ] GC(59) Concurrent Mark Cycle
[18.731s][info][gc,marking  ] GC(59) Concurrent Clear Claimed Marks
[18.731s][info][gc,marking  ] GC(59) Concurrent Clear Claimed Marks 0.035ms
[18.731s][info][gc,marking  ] GC(59) Concurrent Scan Root Regions
[18.834s][info][gc,marking  ] GC(59) Concurrent Scan Root Regions 103.132ms
[18.834s][info][gc,marking  ] GC(59) Concurrent Mark
[18.834s][info][gc,marking  ] GC(59) Concurrent Mark From Roots
[18.834s][info][gc,task     ] GC(59) Using 1 workers of 1 for marking
[18.874s][info][gc,marking  ] GC(59) Concurrent Mark From Roots 40.255ms
[18.874s][info][gc,marking  ] GC(59) Concurrent Preclean
[18.874s][info][gc,marking  ] GC(59) Concurrent Preclean 0.071ms
[18.875s][info][gc,start    ] GC(59) Pause Remark
[18.875s][info][gc          ] GC(59) Pause Remark 584M->300M(1024M) 0.532ms
[18.875s][info][gc,cpu      ] GC(59) User=0.00s Sys=0.00s Real=0.00s
[18.875s][info][gc,marking  ] GC(59) Concurrent Mark 41.116ms
[18.875s][info][gc,marking  ] GC(59) Concurrent Rebuild Remembered Sets
[18.998s][info][gc,marking  ] GC(59) Concurrent Rebuild Remembered Sets 122.404ms
[18.998s][info][gc,start    ] GC(59) Pause Cleanup
[18.998s][info][gc          ] GC(59) Pause Cleanup 439M->439M(1024M) 0.171ms
[18.998s][info][gc,cpu      ] GC(59) User=0.00s Sys=0.00s Real=0.00s
[18.998s][info][gc,marking  ] GC(59) Concurrent Cleanup for Next Mark
[18.999s][info][gc,marking  ] GC(59) Concurrent Cleanup for Next Mark 1.010ms
[18.999s][info][gc          ] GC(59) Concurrent Mark Cycle 268.341ms
[19.038s][info][gc,start    ] GC(60) Pause Young (Prepare Mixed) (G1 Evacuation Pause)
[19.038s][info][gc,task     ] GC(60) Using 4 workers of 4 for evacuation
[19.181s][info][gc,phases   ] GC(60)   Pre Evacuate Collection Set: 0.1ms
[19.181s][info][gc,phases   ] GC(60)   Merge Heap Roots: 0.2ms
[19.181s][info][gc,phases   ] GC(60)   Evacuate Collection Set: 141.8ms
[19.181s][info][gc,phases   ] GC(60)   Post Evacuate Collection Set: 0.4ms
[19.181s][info][gc,phases   ] GC(60)   Other: 0.2ms
[19.181s][info][gc,heap     ] GC(60) Eden regions: 321->0(4)
[19.181s][info][gc,heap     ] GC(60) Survivor regions: 54->47(47)
[19.181s][info][gc,heap     ] GC(60) Old regions: 80->152
[19.181s][info][gc,heap     ] GC(60) Archive regions: 0->0
[19.181s][info][gc,heap     ] GC(60) Humongous regions: 36->36
[19.181s][info][gc,metaspace] GC(60) Metaspace: 497K(640K)->497K(640K) NonClass: 459K(512K)->459K(512K) Class: 37K(128K)->37K(128K)
[19.181s][info][gc          ] GC(60) Pause Young (Prepare Mixed) (G1 Evacuation Pause) 491M->235M(1024M) 143.093ms
[19.181s][info][gc,cpu      ] GC(60) User=0.58s Sys=0.00s Real=0.14s
[19.185s][info][gc,start    ] GC(61) Pause Young (Mixed) (G1 Evacuation Pause)
[19.185s][info][gc,task     ] GC(61) Using 4 workers of 4 for evacuation
[19.242s][info][gc,phases   ] GC(61)   Pre Evacuate Collection Set: 0.1ms
[19.242s][info][gc,phases   ] GC(61)   Merge Heap Roots: 0.1ms
[19.242s][info][gc,phases   ] GC(61)   Evacuate Collection Set: 56.3ms
[19.242s][info][gc,phases   ] GC(61)   Post Evacuate Collection Set: 0.4ms
[19.242s][info][gc,phases   ] GC(61)   Other: 0.2ms
[19.242s][info][gc,heap     ] GC(61) Eden regions: 4->0(471)
[19.242s][info][gc,heap     ] GC(61) Survivor regions: 47->2(7)
[19.242s][info][gc,heap     ] GC(61) Old regions: 152->199
[19.242s][info][gc,heap     ] GC(61) Archive regions: 0->0
[19.242s][info][gc,heap     ] GC(61) Humongous regions: 36->36
[19.242s][info][gc,metaspace] GC(61) Metaspace: 497K(640K)->497K(640K) NonClass: 459K(512K)->459K(512K) Class: 37K(128K)->37K(128K)
[19.242s][info][gc          ] GC(61) Pause Young (Mixed) (G1 Evacuation Pause) 239M->237M(1024M) 57.417ms
[19.242s][info][gc,cpu      ] GC(61) User=0.16s Sys=0.00s Real=0.06s
[19.423s][info][gc,heap,exit] Heap
[19.423s][info][gc,heap,exit]  garbage-first heap   total 1048576K, used 462850K [0x00000000c0000000, 0x0000000100000000)
[19.423s][info][gc,heap,exit]   region size 1024K, 218 young (223232K), 2 survivors (2048K)
[19.423s][info][gc,heap,exit]  Metaspace       used 531K, committed 704K, reserved 1056768K
[19.423s][info][gc,heap,exit]   class space    used 41K, committed 128K, reserved 1048576K
