[0.020s][info][gc] Using G1
[0.045s][info][gc,init] Version: 17+35-LTS (release)
[0.045s][info][gc,init] CPUs: 4 total, 4 available
[0.045s][info][gc,init] Memory: 16282M
[0.045s][info][gc,init] Large Page Support: Disabled
[0.045s][info][gc,init] NUMA Support: Disabled
[0.045s][info][gc,init] Compressed Oops: Enabled (32-bit)
[0.045s][info][gc,init] Heap Region Size: 1M
[0.045s][info][gc,init] Heap Min Capacity: 1700M
[0.045s][info][gc,init] Heap Initial Capacity: 1700M
[0.045s][info][gc,init] Heap Max Capacity: 1700M
[0.045s][info][gc,init] Pre-touch: Disabled
[0.045s][info][gc,init] Parallel Workers: 4
[0.045s][info][gc,init] Concurrent Workers: 1
[0.045s][info][gc,init] Concurrent Refinement Workers: 4
[0.045s][info][gc,init] Periodic GC: Disabled
[0.048s][info][gc,metaspace] CDS archive(s) mapped at: [0x0000000800000000-0x0000000800bc0000-0x0000000800bc0000), size 12320768, SharedBaseAddress: 0x0000000800000000, ArchiveRelocationMode: 0.
[0.048s][info][gc,metaspace] Compressed class space mapped at: 0x0000000800c00000-0x0000000840c00000, reserved size: 1073741824
[0.048s][info][gc,metaspace] Narrow klass base: 0x0000000800000000, Narrow klass shift: 0, Narrow klass range: 0x100000000
[0.291s][info][gc,start    ] GC(0) Pause Young (Normal) (G1 Evacuation Pause)
[0.291s][info][gc,task     ] GC(0) Using 4 workers of 4 for evacuation
[0.330s][info][gc,phases   ] GC(0)   Pre Evacuate Collection Set: 0.1ms
[0.331s][info][gc,phases   ] GC(0)   Merge Heap Roots: 0.1ms
[0.331s][info][gc,phases   ] GC(0)   Evacuate Collection Set: 38.7ms
[0.331s][info][gc,phases   ] GC(0)   Post Evacuate Collection Set: 0.3ms
[0.331s][info][gc,phases   ] GC(0)   Other: 0.4ms
[0.331s][info][gc,heap     ] GC(0) Eden regions: 85->0(74)
[0.331s][info][gc,heap     ] GC(0) Survivor regions: 0->11(11)
[0.331s][info][gc,heap     ] GC(0) Old regions: 0->7
[0.331s][info][gc,heap     ] GC(0) Archive regions: 0->0
[0.331s][info][gc,heap     ] GC(0) Humongous regions: 7->7
[0.331s][info][gc,metaspace] GC(0) Metaspace: 490K(640K)->490K(640K) NonClass: 452K(512K)->452K(512K) Class: 37K(128K)->37K(128K)
[0.331s][info][gc          ] GC(0) Pause Young (Normal) (G1 Evacuation Pause) 92M->24M(1700M) 39.817ms
[0.331s][info][gc,cpu      ] GC(0) User=0.14s Sys=0.02s Real=0.04s
[0.367s][info][gc,start    ] GC(1) Pause Young (Normal) (G1 Evacuation Pause)
[0.367s][info][gc,task     ] GC(1) Using 4 workers of 4 for evacuation
[0.419s][info][gc,phases   ] GC(1)   Pre Evacuate Collection Set: 0.1ms
[0.419s][info][gc,phases   ] GC(1)   Merge Heap Roots: 0.1ms
[0.419s][info][gc,phases   ] GC(1)   Evacuate Collection Set: 51.4ms
[0.419s][info][gc,phases   ] GC(1)   Post Evacuate Collection Set: 0.3ms
[0.419s][info][gc,phases   ] GC(1)   Other: 0.2ms
[0.419s][info][gc,heap     ] GC(1) Eden regions: 74->0(74)
[0.419s][info][gc,heap     ] GC(1) Survivor regions: 11->11(11)
[0.419s][info][gc,heap     ] GC(1) Old regions: 7->22
[0.420s][info][gc,heap     ] GC(1) Archive regions: 0->0
[0.420s][info][gc,heap     ] GC(1) Humongous regions: 16->16
[0.420s][info][gc,metaspace] GC(1) Metaspace: 490K(640K)->490K(640K) NonClass: 452K(512K)->452K(512K) Class: 37K(128K)->37K(128K)
[0.420s][info][gc          ] GC(1) Pause Young (Normal) (G1 Evacuation Pause) 107M->48M(1700M) 52.167ms
[0.420s][info][gc,cpu      ] GC(1) User=0.22s Sys=0.02s Real=0.05s
[0.483s][info][gc,start    ] GC(2) Pause Young (Normal) (G1 Evacuation Pause)
[0.483s][info][gc,task     ] GC(2) Using 4 workers of 4 for evacuation
[0.526s][info][gc,phases   ] GC(2)   Pre Evacuate Collection Set: 0.1ms
[0.527s][info][gc,phases   ] GC(2)   Merge Heap Roots: 0.1ms
[0.527s][info][gc,phases   ] GC(2)   Evacuate Collection Set: 43.1ms
[0.527s][info][gc,phases   ] GC(2)   Post Evacuate Collection Set: 0.2ms
[0.527s][info][gc,phases   ] GC(2)   Other: 0.1ms
[0.527s][info][gc,heap     ] GC(2) Eden regions: 74->0(74)
[0.527s][info][gc,heap     ] GC(2) Survivor regions: 11->11(11)
[0.527s][info][gc,heap     ] GC(2) Old regions: 22->38
[0.527s][info][gc,heap     ] GC(2) Archive regions: 0->0
[0.527s][info][gc,heap     ] GC(2) Humongous regions: 23->23
[0.527s][info][gc,metaspace] GC(2) Metaspace: 490K(640K)->490K(640K) NonClass: 452K(512K)->452K(512K) Class: 37K(128K)->37K(128K)
[0.527s][info][gc          ] GC(2) Pause Young (Normal) (G1 Evacuation Pause) 129M->71M(1700M) 44.051ms
[0.527s][info][gc,cpu      ] GC(2) User=0.17s Sys=0.00s Real=0.04s
[0.593s][info][gc,start    ] GC(3) Pause Young (Normal) (G1 Evacuation Pause)
[0.593s][info][gc,task     ] GC(3) Using 4 workers of 4 for evacuation
[0.639s][info][gc,phases   ] GC(3)   Pre Evacuate Collection Set: 0.1ms
[0.639s][info][gc,phases   ] GC(3)   Merge Heap Roots: 0.1ms
[0.639s][info][gc,phases   ] GC(3)   Evacuate Collection Set: 45.0ms
[0.639s][info][gc,phases   ] GC(3)   Post Evacuate Collection Set: 0.2ms
[0.639s][info][gc,phases   ] GC(3)   Other: 0.1ms
[0.639s][info][gc,heap     ] GC(3) Eden regions: 74->0(74)
[0.639s][info][gc,heap     ] GC(3) Survivor regions: 11->11(11)
[0.639s][info][gc,heap     ] GC(3) Old regions: 38->53
[0.639s][info][gc,heap     ] GC(3) Archive regions: 0->0
[0.639s][info][gc,heap     ] GC(3) Humongous regions: 34->34
[0.639s][info][gc,metaspace] GC(3) Metaspace: 490K(640K)->490K(640K) NonClass: 452K(512K)->452K(512K) Class: 37K(128K)->37K(128K)
[0.639s][info][gc          ] GC(3) Pause Young (Normal) (G1 Evacuation Pause) 156M->98M(1700M) 45.804ms
[0.639s][info][gc,cpu      ] GC(3) User=0.19s Sys=0.00s Real=0.05s
[0.696s][info][gc,start    ] GC(4) Pause Young (Normal) (G1 Evacuation Pause)
[0.696s][info][gc,task     ] GC(4) Using 4 workers of 4 for evacuation
[0.734s][info][gc,phases   ] GC(4)   Pre Evacuate Collection Set: 0.1ms
[0.734s][info][gc,phases   ] GC(4)   Merge Heap Roots: 0.1ms
[0.734s][info][gc,phases   ] GC(4)   Evacuate Collection Set: 37.5ms
[0.734s][info][gc,phases   ] GC(4)   Post Evacuate Collection Set: 0.2ms
[0.734s][info][gc,phases   ] GC(4)   Other: 0.2ms
[0.734s][info][gc,heap     ] GC(4) Eden regions: 74->0(74)
[0.734s][info][gc,heap     ] GC(4) Survivor regions: 11->11(11)
[0.734s][info][gc,heap     ] GC(4) Old regions: 53->68
[0.734s][info][gc,heap     ] GC(4) Archive regions: 0->0
[0.734s][info][gc,heap     ] GC(4) Humongous regions: 34->34
[0.734s][info][gc,metaspace] GC(4) Metaspace: 490K(640K)->490K(640K) NonClass: 452K(512K)->452K(512K) Class: 37K(128K)->37K(128K)
[0.734s][info][gc          ] GC(4) Pause Young (Normal) (G1 Evacuation Pause) 172M->113M(1700M) 38.322ms
[0.734s][info][gc,cpu      ] GC(4) User=0.19s Sys=0.00s Real=0.04s
[0.805s][info][gc,start    ] GC(5) Pause Young (Normal) (G1 Evacuation Pause)
[0.805s][info][gc,task     ] GC(5) Using 4 workers of 4 for evacuation
[0.847s][info][gc,phases   ] GC(5)   Pre Evacuate Collection Set: 0.1ms
[0.847s][info][gc,phases   ] GC(5)   Merge Heap Roots: 0.1ms
[0.847s][info][gc,phases   ] GC(5)   Evacuate Collection Set: 41.3ms
[0.847s][info][gc,phases   ] GC(5)   Post Evacuate Collection Set: 0.3ms
[0.847s][info][gc,phases   ] GC(5)   Other: 0.2ms
[0.847s][info][gc,heap     ] GC(5) Eden regions: 74->0(77)
[0.847s][info][gc,heap     ] GC(5) Survivor regions: 11->11(11)
[0.847s][info][gc,heap     ] GC(5) Old regions: 68->84
[0.847s][info][gc,heap     ] GC(5) Archive regions: 0->0
[0.847s][info][gc,heap     ] GC(5) Humongous regions: 50->50
[0.847s][info][gc,metaspace] GC(5) Metaspace: 490K(640K)->490K(640K) NonClass: 452K(512K)->452K(512K) Class: 37K(128K)->37K(128K)
[0.847s][info][gc          ] GC(5) Pause Young (Normal) (G1 Evacuation Pause) 203M->144M(1700M) 42.321ms
[0.847s][info][gc,cpu      ] GC(5) User=0.19s Sys=0.00s Real=0.04s
[0.908s][info][gc,start    ] GC(6) Pause Young (Normal) (G1 Evacuation Pause)
[0.908s][info][gc,task     ] GC(6) Using 4 workers of 4 for evacuation
[0.947s][info][gc,phases   ] GC(6)   Pre Evacuate Collection Set: 0.1ms
[0.947s][info][gc,phases   ] GC(6)   Merge Heap Roots: 0.1ms
[0.947s][info][gc,phases   ] GC(6)   Evacuate Collection Set: 38.2ms
[0.947s][info][gc,phases   ] GC(6)   Post Evacuate Collection Set: 0.3ms
[0.947s][info][gc,phases   ] GC(6)   Other: 0.1ms
[0.947s][info][gc,heap     ] GC(6) Eden regions: 77->0(108)
[0.947s][info][gc,heap     ] GC(6) Survivor regions: 11->11(11)
[0.947s][info][gc,heap     ] GC(6) Old regions: 84->100
[0.947s][info][gc,heap     ] GC(6) Archive regions: 0->0
[0.947s][info][gc,heap     ] GC(6) Humongous regions: 50->50
[0.947s][info][gc,metaspace] GC(6) Metaspace: 490K(640K)->490K(640K) NonClass: 452K(512K)->452K(512K) Class: 37K(128K)->37K(128K)
[0.947s][info][gc          ] GC(6) Pause Young (Normal) (G1 Evacuation Pause) 221M->161M(1700M) 39.041ms
[0.947s][info][gc,cpu      ] GC(6) User=0.09s Sys=0.02s Real=0.04s
[1.058s][info][gc,start    ] GC(7) Pause Young (Normal) (G1 Evacuation Pause)
[1.058s][info][gc,task     ] GC(7) Using 4 workers of 4 for evacuation
[1.119s][info][gc,phases   ] GC(7)   Pre Evacuate Collection Set: 0.1ms
[1.119s][info][gc,phases   ] GC(7)   Merge Heap Roots: 0.1ms
[1.119s][info][gc,phases   ] GC(7)   Evacuate Collection Set: 59.9ms
[1.119s][info][gc,phases   ] GC(7)   Post Evacuate Collection Set: 0.4ms
[1.119s][info][gc,phases   ] GC(7)   Other: 0.2ms
[1.119s][info][gc,heap     ] GC(7) Eden regions: 108->0(113)
[1.119s][info][gc,heap     ] GC(7) Survivor regions: 11->15(15)
[1.119s][info][gc,heap     ] GC(7) Old regions: 100->119
[1.119s][info][gc,heap     ] GC(7) Archive regions: 0->0
[1.119s][info][gc,heap     ] GC(7) Humongous regions: 74->74
[1.119s][info][gc,metaspace] GC(7) Metaspace: 490K(640K)->490K(640K) NonClass: 452K(512K)->452K(512K) Class: 37K(128K)->37K(128K)
[1.119s][info][gc          ] GC(7) Pause Young (Normal) (G1 Evacuation Pause) 293M->207M(1700M) 61.010ms
[1.119s][info][gc,cpu      ] GC(7) User=0.13s Sys=0.06s Real=0.06s
[1.206s][info][gc,start    ] GC(8) Pause Young (Normal) (G1 Evacuation Pause)
[1.206s][info][gc,task     ] GC(8) Using 4 workers of 4 for evacuation
[1.262s][info][gc,phases   ] GC(8)   Pre Evacuate Collection Set: 0.1ms
[1.263s][info][gc,phases   ] GC(8)   Merge Heap Roots: 0.1ms
[1.263s][info][gc,phases   ] GC(8)   Evacuate Collection Set: 56.0ms
[1.263s][info][gc,phases   ] GC(8)   Post Evacuate Collection Set: 0.3ms
[1.263s][info][gc,phases   ] GC(8)   Other: 0.2ms
[1.263s][info][gc,heap     ] GC(8) Eden regions: 113->0(126)
[1.263s][info][gc,heap     ] GC(8) Survivor regions: 15->16(16)
[1.263s][info][gc,heap     ] GC(8) Old regions: 119->142
[1.263s][info][gc,heap     ] GC(8) Archive regions: 0->0
[1.263s][info][gc,heap     ] GC(8) Humongous regions: 74->74
[1.263s][info][gc,metaspace] GC(8) Metaspace: 490K(640K)->490K(640K) NonClass: 452K(512K)->452K(512K) Class: 37K(128K)->37K(128K)
[1.263s][info][gc          ] GC(8) Pause Young (Normal) (G1 Evacuation Pause) 320M->231M(1700M) 57.029ms
[1.263s][info][gc,cpu      ] GC(8) User=0.23s Sys=0.02s Real=0.06s
[1.360s][info][gc,start    ] GC(9) Pause Young (Normal) (G1 Evacuation Pause)
[1.360s][info][gc,task     ] GC(9) Using 4 workers of 4 for evacuation
[1.419s][info][gc,phases   ] GC(9)   Pre Evacuate Collection Set: 0.1ms
[1.419s][info][gc,phases   ] GC(9)   Merge Heap Roots: 0.1ms
[1.419s][info][gc,phases   ] GC(9)   Evacuate Collection Set: 58.4ms
[1.419s][info][gc,phases   ] GC(9)   Post Evacuate Collection Set: 0.2ms
[1.419s][info][gc,phases   ] GC(9)   Other: 0.2ms
[1.419s][info][gc,heap     ] GC(9) Eden regions: 126->0(150)
[1.419s][info][gc,heap     ] GC(9) Survivor regions: 16->18(18)
[1.419s][info][gc,heap     ] GC(9) Old regions: 142->166
[1.419s][info][gc,heap     ] GC(9) Archive regions: 0->0
[1.419s][info][gc,heap     ] GC(9) Humongous regions: 74->74
[1.419s][info][gc,metaspace] GC(9) Metaspace: 490K(640K)->490K(640K) NonClass: 452K(512K)->452K(512K) Class: 37K(128K)->37K(128K)
[1.419s][info][gc          ] GC(9) Pause Young (Normal) (G1 Evacuation Pause) 357M->258M(1700M) 59.280ms
[1.419s][info][gc,cpu      ] GC(9) User=0.22s Sys=0.02s Real=0.06s
[1.589s][info][gc,start    ] GC(10) Pause Young (Normal) (G1 Evacuation Pause)
[1.589s][info][gc,task     ] GC(10) Using 4 workers of 4 for evacuation
[1.640s][info][gc,phases   ] GC(10)   Pre Evacuate Collection Set: 0.1ms
[1.640s][info][gc,phases   ] GC(10)   Merge Heap Roots: 0.1ms
[1.640s][info][gc,phases   ] GC(10)   Evacuate Collection Set: 50.2ms
[1.640s][info][gc,phases   ] GC(10)   Post Evacuate Collection Set: 0.3ms
[1.640s][info][gc,phases   ] GC(10)   Other: 0.2ms
[1.640s][info][gc,heap     ] GC(10) Eden regions: 150->0(173)
[1.640s][info][gc,heap     ] GC(10) Survivor regions: 18->18(21)
[1.640s][info][gc,heap     ] GC(10) Old regions: 166->186
[1.640s][info][gc,heap     ] GC(10) Archive regions: 0->0
[1.640s][info][gc,heap     ] GC(10) Humongous regions: 110->110
[1.640s][info][gc,metaspace] GC(10) Metaspace: 490K(640K)->490K(640K) NonClass: 452K(512K)->452K(512K) Class: 37K(128K)->37K(128K)
[1.640s][info][gc          ] GC(10) Pause Young (Normal) (G1 Evacuation Pause) 444M->313M(1700M) 51.088ms
[1.640s][info][gc,cpu      ] GC(10) User=0.19s Sys=0.00s Real=0.05s
[1.774s][info][gc,start    ] GC(11) Pause Young (Normal) (G1 Evacuation Pause)
[1.774s][info][gc,task     ] GC(11) Using 4 workers of 4 for evacuation
[1.848s][info][gc,phases   ] GC(11)   Pre Evacuate Collection Set: 0.1ms
[1.848s][info][gc,phases   ] GC(11)   Merge Heap Roots: 0.1ms
[1.848s][info][gc,phases   ] GC(11)   Evacuate Collection Set: 73.1ms
[1.848s][info][gc,phases   ] GC(11)   Post Evacuate Collection Set: 0.3ms
[1.848s][info][gc,phases   ] GC(11)   Other: 0.2ms
[1.848s][info][gc,heap     ] GC(11) Eden regions: 173->0(200)
[1.848s][info][gc,heap     ] GC(11) Survivor regions: 18->24(24)
[1.848s][info][gc,heap     ] GC(11) Old regions: 186->214
[1.848s][info][gc,heap     ] GC(11) Archive regions: 0->0
[1.848s][info][gc,heap     ] GC(11) Humongous regions: 110->110
[1.848s][info][gc,metaspace] GC(11) Metaspace: 490K(640K)->490K(640K) NonClass: 452K(512K)->452K(512K) Class: 37K(128K)->37K(128K)
[1.848s][info][gc          ] GC(11) Pause Young (Normal) (G1 Evacuation Pause) 486M->347M(1700M) 74.029ms
[1.848s][info][gc,cpu      ] GC(11) User=0.25s Sys=0.02s Real=0.07s
[2.010s][info][gc,start    ] GC(12) Pause Young (Normal) (G1 Evacuation Pause)
[2.011s][info][gc,task     ] GC(12) Using 4 workers of 4 for evacuation
[2.102s][info][gc,phases   ] GC(12)   Pre Evacuate Collection Set: 0.1ms
[2.102s][info][gc,phases   ] GC(12)   Merge Heap Roots: 0.1ms
[2.102s][info][gc,phases   ] GC(12)   Evacuate Collection Set: 90.6ms
[2.102s][info][gc,phases   ] GC(12)   Post Evacuate Collection Set: 0.3ms
[2.102s][info][gc,phases   ] GC(12)   Other: 0.2ms
[2.102s][info][gc,heap     ] GC(12) Eden regions: 200->0(211)
[2.102s][info][gc,heap     ] GC(12) Survivor regions: 24->28(28)
[2.102s][info][gc,heap     ] GC(12) Old regions: 214->251
[2.102s][info][gc,heap     ] GC(12) Archive regions: 0->0
[2.102s][info][gc,heap     ] GC(12) Humongous regions: 110->110
[2.102s][info][gc,metaspace] GC(12) Metaspace: 490K(640K)->490K(640K) NonClass: 452K(512K)->452K(512K) Class: 37K(128K)->37K(128K)
[2.102s][info][gc          ] GC(12) Pause Young (Normal) (G1 Evacuation Pause) 547M->388M(1700M) 91.755ms
[2.102s][info][gc,cpu      ] GC(12) User=0.28s Sys=0.00s Real=0.09s
[2.269s][info][gc,start    ] GC(13) Pause Young (Normal) (G1 Evacuation Pause)
[2.269s][info][gc,task     ] GC(13) Using 4 workers of 4 for evacuation
[2.369s][info][gc,phases   ] GC(13)   Pre Evacuate Collection Set: 0.1ms
[2.369s][info][gc,phases   ] GC(13)   Merge Heap Roots: 0.1ms
[2.369s][info][gc,phases   ] GC(13)   Evacuate Collection Set: 99.7ms
[2.369s][info][gc,phases   ] GC(13)   Post Evacuate Collection Set: 0.3ms
[2.369s][info][gc,phases   ] GC(13)   Other: 0.1ms
[2.369s][info][gc,heap     ] GC(13) Eden regions: 211->0(230)
[2.370s][info][gc,heap     ] GC(13) Survivor regions: 28->30(30)
[2.370s][info][gc,heap     ] GC(13) Old regions: 251->292
[2.370s][info][gc,heap     ] GC(13) Archive regions: 0->0
[2.370s][info][gc,heap     ] GC(13) Humongous regions: 110->110
[2.370s][info][gc,metaspace] GC(13) Metaspace: 490K(640K)->490K(640K) NonClass: 452K(512K)->452K(512K) Class: 37K(128K)->37K(128K)
[2.370s][info][gc          ] GC(13) Pause Young (Normal) (G1 Evacuation Pause) 599M->432M(1700M) 100.684ms
[2.370s][info][gc,cpu      ] GC(13) User=0.36s Sys=0.00s Real=0.10s
[2.551s][info][gc,start    ] GC(14) Pause Young (Normal) (G1 Evacuation Pause)
[2.551s][info][gc,task     ] GC(14) Using 4 workers of 4 for evacuation
[2.658s][info][gc,phases   ] GC(14)   Pre Evacuate Collection Set: 0.1ms
[2.658s][info][gc,phases   ] GC(14)   Merge Heap Roots: 0.1ms
[2.659s][info][gc,phases   ] GC(14)   Evacuate Collection Set: 106.9ms
[2.659s][info][gc,phases   ] GC(14)   Post Evacuate Collection Set: 0.4ms
[2.659s][info][gc,phases   ] GC(14)   Other: 0.2ms
[2.659s][info][gc,heap     ] GC(14) Eden regions: 230->0(252)
[2.659s][info][gc,heap     ] GC(14) Survivor regions: 30->33(33)
[2.659s][info][gc,heap     ] GC(14) Old regions: 292->336
[2.659s][info][gc,heap     ] GC(14) Archive regions: 0->0
[2.659s][info][gc,heap     ] GC(14) Humongous regions: 110->110
[2.659s][info][gc,metaspace] GC(14) Metaspace: 490K(640K)->490K(640K) NonClass: 452K(512K)->452K(512K) Class: 37K(128K)->37K(128K)
[2.659s][info][gc          ] GC(14) Pause Young (Normal) (G1 Evacuation Pause) 662M->479M(1700M) 108.011ms
[2.659s][info][gc,cpu      ] GC(14) User=0.38s Sys=0.05s Real=0.11s
[2.862s][info][gc,start    ] GC(15) Pause Young (Normal) (G1 Evacuation Pause)
[2.862s][info][gc,task     ] GC(15) Using 4 workers of 4 for evacuation
[2.886s][info][gc,phases   ] GC(15)   Pre Evacuate Collection Set: 0.1ms
[2.887s][info][gc,phases   ] GC(15)   Merge Heap Roots: 0.1ms
[2.887s][info][gc,phases   ] GC(15)   Evacuate Collection Set: 23.4ms
[2.887s][info][gc,phases   ] GC(15)   Post Evacuate Collection Set: 0.5ms
[2.887s][info][gc,phases   ] GC(15)   Other: 0.2ms
[2.887s][info][gc,heap     ] GC(15) Eden regions: 252->0(966)
[2.887s][info][gc,heap     ] GC(15) Survivor regions: 33->16(36)
[2.887s][info][gc,heap     ] GC(15) Old regions: 336->337
[2.887s][info][gc,heap     ] GC(15) Archive regions: 0->0
[2.887s][info][gc,heap     ] GC(15) Humongous regions: 110->110
[2.887s][info][gc,metaspace] GC(15) Metaspace: 490K(640K)->490K(640K) NonClass: 452K(512K)->452K(512K) Class: 37K(128K)->37K(128K)
[2.887s][info][gc          ] GC(15) Pause Young (Normal) (G1 Evacuation Pause) 731M->462M(1700M) 24.527ms
[2.887s][info][gc,cpu      ] GC(15) User=0.13s Sys=0.00s Real=0.02s
[3.908s][info][gc,start    ] GC(16) Pause Young (Normal) (G1 Evacuation Pause)
[3.908s][info][gc,task     ] GC(16) Using 4 workers of 4 for evacuation
[3.925s][info][gc,phases   ] GC(16)   Pre Evacuate Collection Set: 0.1ms
[3.925s][info][gc,phases   ] GC(16)   Merge Heap Roots: 0.3ms
[3.925s][info][gc,phases   ] GC(16)   Evacuate Collection Set: 15.3ms
[3.925s][info][gc,phases   ] GC(16)   Post Evacuate Collection Set: 0.8ms
[3.925s][info][gc,phases   ] GC(16)   Other: 0.3ms
[3.925s][info][gc,heap     ] GC(16) Eden regions: 966->0(993)
[3.925s][info][gc,heap     ] GC(16) Survivor regions: 16->8(123)
[3.925s][info][gc,heap     ] GC(16) Old regions: 337->337
[3.925s][info][gc,heap     ] GC(16) Archive regions: 0->0
[3.925s][info][gc,heap     ] GC(16) Humongous regions: 110->110
[3.925s][info][gc,metaspace] GC(16) Metaspace: 490K(640K)->490K(640K) NonClass: 452K(512K)->452K(512K) Class: 37K(128K)->37K(128K)
[3.925s][info][gc          ] GC(16) Pause Young (Normal) (G1 Evacuation Pause) 1428M->454M(1700M) 17.095ms
[3.925s][info][gc,cpu      ] GC(16) User=0.05s Sys=0.00s Real=0.02s
[4.718s][info][gc,start    ] GC(17) Pause Young (Normal) (G1 Evacuation Pause)
[4.718s][info][gc,task     ] GC(17) Using 4 workers of 4 for evacuation
[4.730s][info][gc,phases   ] GC(17)   Pre Evacuate Collection Set: 0.1ms
[4.730s][info][gc,phases   ] GC(17)   Merge Heap Roots: 0.3ms
[4.730s][info][gc,phases   ] GC(17)   Evacuate Collection Set: 11.3ms
[4.730s][info][gc,phases   ] GC(17)   Post Evacuate Collection Set: 0.6ms
[4.730s][info][gc,phases   ] GC(17)   Other: 0.2ms
[4.730s][info][gc,heap     ] GC(17) Eden regions: 993->0(1012)
[4.730s][info][gc,heap     ] GC(17) Survivor regions: 8->4(126)
[4.730s][info][gc,heap     ] GC(17) Old regions: 337->337
[4.731s][info][gc,heap     ] GC(17) Archive regions: 0->0
[4.731s][info][gc,heap     ] GC(17) Humongous regions: 110->110
[4.731s][info][gc,metaspace] GC(17) Metaspace: 490K(640K)->490K(640K) NonClass: 452K(512K)->452K(512K) Class: 37K(128K)->37K(128K)
[4.731s][info][gc          ] GC(17) Pause Young (Normal) (G1 Evacuation Pause) 1447M->450M(1700M) 12.756ms
[4.731s][info][gc,cpu      ] GC(17) User=0.06s Sys=0.00s Real=0.01s
[5.524s][info][gc,start    ] GC(18) Pause Young (Normal) (G1 Evacuation Pause)
[5.524s][info][gc,task     ] GC(18) Using 4 workers of 4 for evacuation
[5.538s][info][gc,phases   ] GC(18)   Pre Evacuate Collection Set: 0.1ms
[5.538s][info][gc,phases   ] GC(18)   Merge Heap Roots: 0.3ms
[5.538s][info][gc,phases   ] GC(18)   Evacuate Collection Set: 12.8ms
[5.538s][info][gc,phases   ] GC(18)   Post Evacuate Collection Set: 0.7ms
[5.538s][info][gc,phases   ] GC(18)   Other: 0.2ms
[5.538s][info][gc,heap     ] GC(18) Eden regions: 1012->0(1015)
[5.538s][info][gc,heap     ] GC(18) Survivor regions: 4->5(127)
[5.538s][info][gc,heap     ] GC(18) Old regions: 337->337
[5.538s][info][gc,heap     ] GC(18) Archive regions: 0->0
[5.538s][info][gc,heap     ] GC(18) Humongous regions: 110->110
[5.538s][info][gc,metaspace] GC(18) Metaspace: 490K(640K)->490K(640K) NonClass: 452K(512K)->452K(512K) Class: 37K(128K)->37K(128K)
[5.538s][info][gc          ] GC(18) Pause Young (Normal) (G1 Evacuation Pause) 1462M->450M(1700M) 14.278ms
[5.538s][info][gc,cpu      ] GC(18) User=0.05s Sys=0.00s Real=0.01s
[6.325s][info][gc,start    ] GC(19) Pause Young (Normal) (G1 Evacuation Pause)
[6.325s][info][gc,task     ] GC(19) Using 4 workers of 4 for evacuation
[6.340s][info][gc,phases   ] GC(19)   Pre Evacuate Collection Set: 0.1ms
[6.340s][info][gc,phases   ] GC(19)   Merge Heap Roots: 0.3ms
[6.340s][info][gc,phases   ] GC(19)   Evacuate Collection Set: 14.1ms
[6.340s][info][gc,phases   ] GC(19)   Post Evacuate Collection Set: 0.6ms
[6.340s][info][gc,phases   ] GC(19)   Other: 0.2ms
[6.340s][info][gc,heap     ] GC(19) Eden regions: 1015->0(1014)
[6.340s][info][gc,heap     ] GC(19) Survivor regions: 5->6(128)
[6.340s][info][gc,heap     ] GC(19) Old regions: 337->337
[6.340s][info][gc,heap     ] GC(19) Archive regions: 0->0
[6.340s][info][gc,heap     ] GC(19) Humongous regions: 110->110
[6.340s][info][gc,metaspace] GC(19) Metaspace: 490K(640K)->490K(640K) NonClass: 452K(512K)->452K(512K) Class: 37K(128K)->37K(128K)
[6.340s][info][gc          ] GC(19) Pause Young (Normal) (G1 Evacuation Pause) 1465M->452M(1700M) 15.548ms
[6.340s][info][gc,cpu      ] GC(19) User=0.05s Sys=0.02s Real=0.02s
[7.128s][info][gc,start    ] GC(20) Pause Young (Normal) (G1 Evacuation Pause)
[7.128s][info][gc,task     ] GC(20) Using 4 workers of 4 for evacuation
[7.143s][info][gc,phases   ] GC(20)   Pre Evacuate Collection Set: 0.1ms
[7.143s][info][gc,phases   ] GC(20)   Merge Heap Roots: 0.3ms
[7.143s][info][gc,phases   ] GC(20)   Evacuate Collection Set: 14.0ms
[7.143s][info][gc,phases   ] GC(20)   Post Evacuate Collection Set: 0.6ms
[7.143s][info][gc,phases   ] GC(20)   Other: 0.2ms
[7.143s][info][gc,heap     ] GC(20) Eden regions: 1014->0(1013)
[7.143s][info][gc,heap     ] GC(20) Survivor regions: 6->7(128)
[7.143s][info][gc,heap     ] GC(20) Old regions: 337->337
[7.143s][info][gc,heap     ] GC(20) Archive regions: 0->0
[7.143s][info][gc,heap     ] GC(20) Humongous regions: 110->110
[7.143s][info][gc,metaspace] GC(20) Metaspace: 490K(640K)->490K(640K) NonClass: 452K(512K)->452K(512K) Class: 37K(128K)->37K(128K)
[7.143s][info][gc          ] GC(20) Pause Young (Normal) (G1 Evacuation Pause) 1466M->452M(1700M) 15.324ms
[7.143s][info][gc,cpu      ] GC(20) User=0.06s Sys=0.00s Real=0.02s
[7.925s][info][gc,start    ] GC(21) Pause Young (Normal) (G1 Evacuation Pause)
[7.925s][info][gc,task     ] GC(21) Using 4 workers of 4 for evacuation
[7.941s][info][gc,phases   ] GC(21)   Pre Evacuate Collection Set: 0.1ms
[7.941s][info][gc,phases   ] GC(21)   Merge Heap Roots: 0.3ms
[7.941s][info][gc,phases   ] GC(21)   Evacuate Collection Set: 15.6ms
[7.942s][info][gc,phases   ] GC(21)   Post Evacuate Collection Set: 0.6ms
[7.942s][info][gc,phases   ] GC(21)   Other: 0.2ms
[7.942s][info][gc,heap     ] GC(21) Eden regions: 1013->0(1012)
[7.942s][info][gc,heap     ] GC(21) Survivor regions: 7->8(128)
[7.942s][info][gc,heap     ] GC(21) Old regions: 337->337
[7.942s][info][gc,heap     ] GC(21) Archive regions: 0->0
[7.942s][info][gc,heap     ] GC(21) Humongous regions: 110->110
[7.942s][info][gc,metaspace] GC(21) Metaspace: 491K(640K)->491K(640K) NonClass: 453K(512K)->453K(512K) Class: 37K(128K)->37K(128K)
[7.942s][info][gc          ] GC(21) Pause Young (Normal) (G1 Evacuation Pause) 1465M->454M(1700M) 17.013ms
[7.942s][info][gc,cpu      ] GC(21) User=0.06s Sys=0.00s Real=0.02s
[8.736s][info][gc,start    ] GC(22) Pause Young (Normal) (G1 Evacuation Pause)
[8.736s][info][gc,task     ] GC(22) Using 4 workers of 4 for evacuation
[8.753s][info][gc,phases   ] GC(22)   Pre Evacuate Collection Set: 0.2ms
[8.753s][info][gc,phases   ] GC(22)   Merge Heap Roots: 0.3ms
[8.753s][info][gc,phases   ] GC(22)   Evacuate Collection Set: 15.9ms
[8.753s][info][gc,phases   ] GC(22)   Post Evacuate Collection Set: 0.6ms
[8.753s][info][gc,phases   ] GC(22)   Other: 0.2ms
[8.753s][info][gc,heap     ] GC(22) Eden regions: 1012->0(1011)
[8.754s][info][gc,heap     ] GC(22) Survivor regions: 8->9(128)
[8.754s][info][gc,heap     ] GC(22) Old regions: 337->337
[8.754s][info][gc,heap     ] GC(22) Archive regions: 0->0
[8.754s][info][gc,heap     ] GC(22) Humongous regions: 110->110
[8.754s][info][gc,metaspace] GC(22) Metaspace: 491K(640K)->491K(640K) NonClass: 453K(512K)->453K(512K) Class: 37K(128K)->37K(128K)
[8.754s][info][gc          ] GC(22) Pause Young (Normal) (G1 Evacuation Pause) 1466M->454M(1700M) 17.478ms
[8.754s][info][gc,cpu      ] GC(22) User=0.06s Sys=0.00s Real=0.02s
[9.544s][info][gc,start    ] GC(23) Pause Young (Normal) (G1 Evacuation Pause)
[9.544s][info][gc,task     ] GC(23) Using 4 workers of 4 for evacuation
[9.562s][info][gc,phases   ] GC(23)   Pre Evacuate Collection Set: 0.1ms
[9.562s][info][gc,phases   ] GC(23)   Merge Heap Roots: 0.2ms
[9.562s][info][gc,phases   ] GC(23)   Evacuate Collection Set: 16.9ms
[9.562s][info][gc,phases   ] GC(23)   Post Evacuate Collection Set: 0.6ms
[9.562s][info][gc,phases   ] GC(23)   Other: 0.2ms
[9.562s][info][gc,heap     ] GC(23) Eden regions: 1011->0(1011)
[9.562s][info][gc,heap     ] GC(23) Survivor regions: 9->9(128)
[9.562s][info][gc,heap     ] GC(23) Old regions: 337->337
[9.562s][info][gc,heap     ] GC(23) Archive regions: 0->0
[9.562s][info][gc,heap     ] GC(23) Humongous regions: 110->110
[9.562s][info][gc,metaspace] GC(23) Metaspace: 491K(640K)->491K(640K) NonClass: 453K(512K)->453K(512K) Class: 37K(128K)->37K(128K)
[9.562s][info][gc          ] GC(23) Pause Young (Normal) (G1 Evacuation Pause) 1465M->455M(1700M) 18.306ms
[9.562s][info][gc,cpu      ] GC(23) User=0.06s Sys=0.00s Real=0.02s
[10.349s][info][gc,start    ] GC(24) Pause Young (Normal) (G1 Evacuation Pause)
[10.349s][info][gc,task     ] GC(24) Using 4 workers of 4 for evacuation
[10.368s][info][gc,phases   ] GC(24)   Pre Evacuate Collection Set: 0.1ms
[10.368s][info][gc,phases   ] GC(24)   Merge Heap Roots: 0.3ms
[10.368s][info][gc,phases   ] GC(24)   Evacuate Collection Set: 17.7ms
[10.368s][info][gc,phases   ] GC(24)   Post Evacuate Collection Set: 0.7ms
[10.368s][info][gc,phases   ] GC(24)   Other: 0.2ms
[10.368s][info][gc,heap     ] GC(24) Eden regions: 1011->0(1010)
[10.368s][info][gc,heap     ] GC(24) Survivor regions: 9->10(128)
[10.368s][info][gc,heap     ] GC(24) Old regions: 337->337
[10.368s][info][gc,heap     ] GC(24) Archive regions: 0->0
[10.368s][info][gc,heap     ] GC(24) Humongous regions: 110->110
[10.368s][info][gc,metaspace] GC(24) Metaspace: 491K(640K)->491K(640K) NonClass: 453K(512K)->453K(512K) Class: 37K(128K)->37K(128K)
[10.368s][info][gc          ] GC(24) Pause Young (Normal) (G1 Evacuation Pause) 1466M->455M(1700M) 19.279ms
[10.368s][info][gc,cpu      ] GC(24) User=0.06s Sys=0.00s Real=0.02s
[11.144s][info][gc,start    ] GC(25) Pause Young (Normal) (G1 Evacuation Pause)
[11.144s][info][gc,task     ] GC(25) Using 4 workers of 4 for evacuation
[11.164s][info][gc,phases   ] GC(25)   Pre Evacuate Collection Set: 0.1ms
[11.164s][info][gc,phases   ] GC(25)   Merge Heap Roots: 0.3ms
[11.164s][info][gc,phases   ] GC(25)   Evacuate Collection Set: 18.2ms
[11.164s][info][gc,phases   ] GC(25)   Post Evacuate Collection Set: 0.7ms
[11.164s][info][gc,phases   ] GC(25)   Other: 0.2ms
[11.164s][info][gc,heap     ] GC(25) Eden regions: 1010->0(1010)
[11.164s][info][gc,heap     ] GC(25) Survivor regions: 10->10(128)
[11.164s][info][gc,heap     ] GC(25) Old regions: 337->337
[11.164s][info][gc,heap     ] GC(25) Archive regions: 0->0
[11.164s][info][gc,heap     ] GC(25) Humongous regions: 110->110
[11.164s][info][gc,metaspace] GC(25) Metaspace: 491K(640K)->491K(640K) NonClass: 453K(512K)->453K(512K) Class: 37K(128K)->37K(128K)
[11.164s][info][gc          ] GC(25) Pause Young (Normal) (G1 Evacuation Pause) 1465M->456M(1700M) 19.816ms
[11.164s][info][gc,cpu      ] GC(25) User=0.06s Sys=0.00s Real=0.02s
[11.948s][info][gc,start    ] GC(26) Pause Young (Normal) (G1 Evacuation Pause)
[11.948s][info][gc,task     ] GC(26) Using 4 workers of 4 for evacuation
[11.968s][info][gc,phases   ] GC(26)   Pre Evacuate Collection Set: 0.1ms
[11.968s][info][gc,phases   ] GC(26)   Merge Heap Roots: 0.3ms
[11.968s][info][gc,phases   ] GC(26)   Evacuate Collection Set: 18.6ms
[11.968s][info][gc,phases   ] GC(26)   Post Evacuate Collection Set: 0.6ms
[11.968s][info][gc,phases   ] GC(26)   Other: 0.2ms
[11.968s][info][gc,heap     ] GC(26) Eden regions: 1010->0(1010)
[11.968s][info][gc,heap     ] GC(26) Survivor regions: 10->10(128)
[11.968s][info][gc,heap     ] GC(26) Old regions: 337->337
[11.968s][info][gc,heap     ] GC(26) Archive regions: 0->0
[11.968s][info][gc,heap     ] GC(26) Humongous regions: 110->110
[11.968s][info][gc,metaspace] GC(26) Metaspace: 491K(640K)->491K(640K) NonClass: 453K(512K)->453K(512K) Class: 37K(128K)->37K(128K)
[11.968s][info][gc          ] GC(26) Pause Young (Normal) (G1 Evacuation Pause) 1466M->456M(1700M) 20.098ms
[11.968s][info][gc,cpu      ] GC(26) User=0.06s Sys=0.00s Real=0.02s
[12.752s][info][gc,start    ] GC(27) Pause Young (Normal) (G1 Evacuation Pause)
[12.752s][info][gc,task     ] GC(27) Using 4 workers of 4 for evacuation
[12.773s][info][gc,phases   ] GC(27)   Pre Evacuate Collection Set: 0.1ms
[12.773s][info][gc,phases   ] GC(27)   Merge Heap Roots: 0.3ms
[12.773s][info][gc,phases   ] GC(27)   Evacuate Collection Set: 19.6ms
[12.773s][info][gc,phases   ] GC(27)   Post Evacuate Collection Set: 0.7ms
[12.773s][info][gc,phases   ] GC(27)   Other: 0.2ms
[12.773s][info][gc,heap     ] GC(27) Eden regions: 1010->0(1010)
[12.773s][info][gc,heap     ] GC(27) Survivor regions: 10->10(128)
[12.773s][info][gc,heap     ] GC(27) Old regions: 337->337
[12.773s][info][gc,heap     ] GC(27) Archive regions: 0->0
[12.773s][info][gc,heap     ] GC(27) Humongous regions: 110->110
[12.773s][info][gc,metaspace] GC(27) Metaspace: 491K(640K)->491K(640K) NonClass: 453K(512K)->453K(512K) Class: 37K(128K)->37K(128K)
[12.773s][info][gc          ] GC(27) Pause Young (Normal) (G1 Evacuation Pause) 1466M->456M(1700M) 21.002ms
[12.773s][info][gc,cpu      ] GC(27) User=0.06s Sys=0.00s Real=0.02s
[13.554s][info][gc,start    ] GC(28) Pause Young (Normal) (G1 Evacuation Pause)
[13.554s][info][gc,task     ] GC(28) Using 4 workers of 4 for evacuation
[13.574s][info][gc,phases   ] GC(28)   Pre Evacuate Collection Set: 0.1ms
[13.574s][info][gc,phases   ] GC(28)   Merge Heap Roots: 0.3ms
[13.574s][info][gc,phases   ] GC(28)   Evacuate Collection Set: 18.8ms
[13.574s][info][gc,phases   ] GC(28)   Post Evacuate Collection Set: 0.6ms
[13.574s][info][gc,phases   ] GC(28)   Other: 0.2ms
[13.574s][info][gc,heap     ] GC(28) Eden regions: 1010->0(1009)
[13.574s][info][gc,heap     ] GC(28) Survivor regions: 10->11(128)
[13.574s][info][gc,heap     ] GC(28) Old regions: 337->337
[13.574s][info][gc,heap     ] GC(28) Archive regions: 0->0
[13.574s][info][gc,heap     ] GC(28) Humongous regions: 110->110
[13.574s][info][gc,metaspace] GC(28) Metaspace: 491K(640K)->491K(640K) NonClass: 453K(512K)->453K(512K) Class: 37K(128K)->37K(128K)
[13.574s][info][gc          ] GC(28) Pause Young (Normal) (G1 Evacuation Pause) 1466M->456M(1700M) 20.251ms
[13.574s][info][gc,cpu      ] GC(28) User=0.11s Sys=0.00s Real=0.02s
[13.662s][info][gc,heap,exit] Heap
[13.662s][info][gc,heap,exit]  garbage-first heap   total 1740800K, used 576472K [0x0000000095c00000, 0x0000000100000000)
[13.662s][info][gc,heap,exit]   region size 1024K, 118 young (120832K), 11 survivors (11264K)
[13.662s][info][gc,heap,exit]  Metaspace       used 533K, committed 704K, reserved 1056768K
[13.662s][info][gc,heap,exit]   class space    used 41K, committed 128K, reserved 1048576K
