[0.029s][info][gc] Using G1
[0.052s][info][gc,init] Version: 17+35-LTS (release)
[0.052s][info][gc,init] CPUs: 4 total, 4 available
[0.052s][info][gc,init] Memory: 16282M
[0.052s][info][gc,init] Large Page Support: Disabled
[0.052s][info][gc,init] NUMA Support: Disabled
[0.052s][info][gc,init] Compressed Oops: Enabled (32-bit)
[0.052s][info][gc,init] Heap Region Size: 1M
[0.052s][info][gc,init] Heap Min Capacity: 1280M
[0.052s][info][gc,init] Heap Initial Capacity: 1280M
[0.052s][info][gc,init] Heap Max Capacity: 1280M
[0.052s][info][gc,init] Pre-touch: Disabled
[0.052s][info][gc,init] Parallel Workers: 4
[0.052s][info][gc,init] Concurrent Workers: 1
[0.052s][info][gc,init] Concurrent Refinement Workers: 4
[0.052s][info][gc,init] Periodic GC: Disabled
[0.074s][info][gc,metaspace] CDS archive(s) mapped at: [0x0000000800000000-0x0000000800bc0000-0x0000000800bc0000), size 12320768, SharedBaseAddress: 0x0000000800000000, ArchiveRelocationMode: 0.
[0.074s][info][gc,metaspace] Compressed class space mapped at: 0x0000000800c00000-0x0000000840c00000, reserved size: 1073741824
[0.074s][info][gc,metaspace] Narrow klass base: 0x0000000800000000, Narrow klass shift: 0, Narrow klass range: 0x100000000
[0.286s][info][gc,start    ] GC(0) Pause Young (Normal) (G1 Evacuation Pause)
[0.286s][info][gc,task     ] GC(0) Using 4 workers of 4 for evacuation
[0.322s][info][gc,phases   ] GC(0)   Pre Evacuate Collection Set: 0.2ms
[0.322s][info][gc,phases   ] GC(0)   Merge Heap Roots: 0.1ms
[0.322s][info][gc,phases   ] GC(0)   Evacuate Collection Set: 35.4ms
[0.322s][info][gc,phases   ] GC(0)   Post Evacuate Collection Set: 0.3ms
[0.322s][info][gc,phases   ] GC(0)   Other: 0.8ms
[0.322s][info][gc,heap     ] GC(0) Eden regions: 64->0(56)
[0.322s][info][gc,heap     ] GC(0) Survivor regions: 0->8(8)
[0.322s][info][gc,heap     ] GC(0) Old regions: 0->6
[0.322s][info][gc,heap     ] GC(0) Archive regions: 0->0
[0.322s][info][gc,heap     ] GC(0) Humongous regions: 7->7
[0.322s][info][gc,metaspace] GC(0) Metaspace: 490K(640K)->490K(640K) NonClass: 452K(512K)->452K(512K) Class: 37K(128K)->37K(128K)
[0.323s][info][gc          ] GC(0) Pause Young (Normal) (G1 Evacuation Pause) 71M->20M(1280M) 36.953ms
[0.323s][info][gc,cpu      ] GC(0) User=0.11s Sys=0.02s Real=0.04s
[0.382s][info][gc,start    ] GC(1) Pause Young (Normal) (G1 Evacuation Pause)
[0.382s][info][gc,task     ] GC(1) Using 4 workers of 4 for evacuation
[0.422s][info][gc,phases   ] GC(1)   Pre Evacuate Collection Set: 0.1ms
[0.422s][info][gc,phases   ] GC(1)   Merge Heap Roots: 0.1ms
[0.422s][info][gc,phases   ] GC(1)   Evacuate Collection Set: 39.4ms
[0.423s][info][gc,phases   ] GC(1)   Post Evacuate Collection Set: 0.2ms
[0.423s][info][gc,phases   ] GC(1)   Other: 0.2ms
[0.423s][info][gc,heap     ] GC(1) Eden regions: 56->0(56)
[0.423s][info][gc,heap     ] GC(1) Survivor regions: 8->8(8)
[0.423s][info][gc,heap     ] GC(1) Old regions: 6->17
[0.423s][info][gc,heap     ] GC(1) Archive regions: 0->0
[0.423s][info][gc,heap     ] GC(1) Humongous regions: 11->11
[0.423s][info][gc,metaspace] GC(1) Metaspace: 490K(640K)->490K(640K) NonClass: 452K(512K)->452K(512K) Class: 37K(128K)->37K(128K)
[0.423s][info][gc          ] GC(1) Pause Young (Normal) (G1 Evacuation Pause) 80M->36M(1280M) 40.557ms
[0.423s][info][gc,cpu      ] GC(1) User=0.13s Sys=0.03s Real=0.04s
[0.480s][info][gc,start    ] GC(2) Pause Young (Normal) (G1 Evacuation Pause)
[0.480s][info][gc,task     ] GC(2) Using 4 workers of 4 for evacuation
[0.514s][info][gc,phases   ] GC(2)   Pre Evacuate Collection Set: 0.1ms
[0.514s][info][gc,phases   ] GC(2)   Merge Heap Roots: 0.1ms
[0.514s][info][gc,phases   ] GC(2)   Evacuate Collection Set: 33.5ms
[0.514s][info][gc,phases   ] GC(2)   Post Evacuate Collection Set: 0.2ms
[0.514s][info][gc,phases   ] GC(2)   Other: 0.1ms
[0.514s][info][gc,heap     ] GC(2) Eden regions: 56->0(56)
[0.514s][info][gc,heap     ] GC(2) Survivor regions: 8->8(8)
[0.514s][info][gc,heap     ] GC(2) Old regions: 17->29
[0.514s][info][gc,heap     ] GC(2) Archive regions: 0->0
[0.515s][info][gc,heap     ] GC(2) Humongous regions: 16->16
[0.515s][info][gc,metaspace] GC(2) Metaspace: 490K(640K)->490K(640K) NonClass: 452K(512K)->452K(512K) Class: 37K(128K)->37K(128K)
[0.515s][info][gc          ] GC(2) Pause Young (Normal) (G1 Evacuation Pause) 97M->53M(1280M) 34.296ms
[0.515s][info][gc,cpu      ] GC(2) User=0.17s Sys=0.02s Real=0.03s
[0.564s][info][gc,start    ] GC(3) Pause Young (Normal) (G1 Evacuation Pause)
[0.564s][info][gc,task     ] GC(3) Using 4 workers of 4 for evacuation
[0.596s][info][gc,phases   ] GC(3)   Pre Evacuate Collection Set: 0.1ms
[0.596s][info][gc,phases   ] GC(3)   Merge Heap Roots: 0.1ms
[0.596s][info][gc,phases   ] GC(3)   Evacuate Collection Set: 31.4ms
[0.596s][info][gc,phases   ] GC(3)   Post Evacuate Collection Set: 0.4ms
[0.596s][info][gc,phases   ] GC(3)   Other: 0.2ms
[0.596s][info][gc,heap     ] GC(3) Eden regions: 56->0(56)
[0.596s][info][gc,heap     ] GC(3) Survivor regions: 8->8(8)
[0.596s][info][gc,heap     ] GC(3) Old regions: 29->41
[0.596s][info][gc,heap     ] GC(3) Archive regions: 0->0
[0.596s][info][gc,heap     ] GC(3) Humongous regions: 23->23
[0.596s][info][gc,metaspace] GC(3) Metaspace: 490K(640K)->490K(640K) NonClass: 452K(512K)->452K(512K) Class: 37K(128K)->37K(128K)
[0.596s][info][gc          ] GC(3) Pause Young (Normal) (G1 Evacuation Pause) 116M->72M(1280M) 32.556ms
[0.596s][info][gc,cpu      ] GC(3) User=0.09s Sys=0.00s Real=0.03s
[0.664s][info][gc,start    ] GC(4) Pause Young (Normal) (G1 Evacuation Pause)
[0.664s][info][gc,task     ] GC(4) Using 4 workers of 4 for evacuation
[0.702s][info][gc,phases   ] GC(4)   Pre Evacuate Collection Set: 0.1ms
[0.702s][info][gc,phases   ] GC(4)   Merge Heap Roots: 0.1ms
[0.702s][info][gc,phases   ] GC(4)   Evacuate Collection Set: 37.5ms
[0.702s][info][gc,phases   ] GC(4)   Post Evacuate Collection Set: 0.3ms
[0.702s][info][gc,phases   ] GC(4)   Other: 0.2ms
[0.702s][info][gc,heap     ] GC(4) Eden regions: 56->0(64)
[0.702s][info][gc,heap     ] GC(4) Survivor regions: 8->8(8)
[0.702s][info][gc,heap     ] GC(4) Old regions: 41->53
[0.702s][info][gc,heap     ] GC(4) Archive regions: 0->0
[0.702s][info][gc,heap     ] GC(4) Humongous regions: 34->34
[0.702s][info][gc,metaspace] GC(4) Metaspace: 490K(640K)->490K(640K) NonClass: 452K(512K)->452K(512K) Class: 37K(128K)->37K(128K)
[0.702s][info][gc          ] GC(4) Pause Young (Normal) (G1 Evacuation Pause) 139M->95M(1280M) 38.405ms
[0.702s][info][gc,cpu      ] GC(4) User=0.11s Sys=0.02s Real=0.04s
[0.762s][info][gc,start    ] GC(5) Pause Young (Normal) (G1 Evacuation Pause)
[0.762s][info][gc,task     ] GC(5) Using 4 workers of 4 for evacuation
[0.795s][info][gc,phases   ] GC(5)   Pre Evacuate Collection Set: 0.1ms
[0.795s][info][gc,phases   ] GC(5)   Merge Heap Roots: 0.1ms
[0.795s][info][gc,phases   ] GC(5)   Evacuate Collection Set: 32.4ms
[0.796s][info][gc,phases   ] GC(5)   Post Evacuate Collection Set: 0.2ms
[0.796s][info][gc,phases   ] GC(5)   Other: 0.2ms
[0.796s][info][gc,heap     ] GC(5) Eden regions: 64->0(88)
[0.796s][info][gc,heap     ] GC(5) Survivor regions: 8->9(9)
[0.796s][info][gc,heap     ] GC(5) Old regions: 53->66
[0.796s][info][gc,heap     ] GC(5) Archive regions: 0->0
[0.796s][info][gc,heap     ] GC(5) Humongous regions: 34->34
[0.796s][info][gc,metaspace] GC(5) Metaspace: 490K(640K)->490K(640K) NonClass: 452K(512K)->452K(512K) Class: 37K(128K)->37K(128K)
[0.796s][info][gc          ] GC(5) Pause Young (Normal) (G1 Evacuation Pause) 159M->109M(1280M) 33.352ms
[0.796s][info][gc,cpu      ] GC(5) User=0.13s Sys=0.05s Real=0.03s
[0.886s][info][gc,start    ] GC(6) Pause Young (Normal) (G1 Evacuation Pause)
[0.887s][info][gc,task     ] GC(6) Using 4 workers of 4 for evacuation
[0.938s][info][gc,phases   ] GC(6)   Pre Evacuate Collection Set: 0.1ms
[0.938s][info][gc,phases   ] GC(6)   Merge Heap Roots: 0.1ms
[0.938s][info][gc,phases   ] GC(6)   Evacuate Collection Set: 50.5ms
[0.938s][info][gc,phases   ] GC(6)   Post Evacuate Collection Set: 0.3ms
[0.938s][info][gc,phases   ] GC(6)   Other: 0.2ms
[0.938s][info][gc,heap     ] GC(6) Eden regions: 88->0(91)
[0.938s][info][gc,heap     ] GC(6) Survivor regions: 9->13(13)
[0.938s][info][gc,heap     ] GC(6) Old regions: 66->81
[0.938s][info][gc,heap     ] GC(6) Archive regions: 0->0
[0.938s][info][gc,heap     ] GC(6) Humongous regions: 50->50
[0.938s][info][gc,metaspace] GC(6) Metaspace: 490K(640K)->490K(640K) NonClass: 452K(512K)->452K(512K) Class: 37K(128K)->37K(128K)
[0.938s][info][gc          ] GC(6) Pause Young (Normal) (G1 Evacuation Pause) 213M->144M(1280M) 51.404ms
[0.938s][info][gc,cpu      ] GC(6) User=0.19s Sys=0.02s Real=0.05s
[1.028s][info][gc,start    ] GC(7) Pause Young (Normal) (G1 Evacuation Pause)
[1.028s][info][gc,task     ] GC(7) Using 4 workers of 4 for evacuation
[1.075s][info][gc,phases   ] GC(7)   Pre Evacuate Collection Set: 0.1ms
[1.075s][info][gc,phases   ] GC(7)   Merge Heap Roots: 0.1ms
[1.075s][info][gc,phases   ] GC(7)   Evacuate Collection Set: 46.7ms
[1.075s][info][gc,phases   ] GC(7)   Post Evacuate Collection Set: 0.3ms
[1.075s][info][gc,phases   ] GC(7)   Other: 0.2ms
[1.075s][info][gc,heap     ] GC(7) Eden regions: 91->0(102)
[1.075s][info][gc,heap     ] GC(7) Survivor regions: 13->13(13)
[1.075s][info][gc,heap     ] GC(7) Old regions: 81->100
[1.075s][info][gc,heap     ] GC(7) Archive regions: 0->0
[1.075s][info][gc,heap     ] GC(7) Humongous regions: 50->50
[1.075s][info][gc,metaspace] GC(7) Metaspace: 490K(640K)->490K(640K) NonClass: 452K(512K)->452K(512K) Class: 37K(128K)->37K(128K)
[1.075s][info][gc          ] GC(7) Pause Young (Normal) (G1 Evacuation Pause) 235M->163M(1280M) 47.633ms
[1.076s][info][gc,cpu      ] GC(7) User=0.17s Sys=0.00s Real=0.05s
[1.190s][info][gc,start    ] GC(8) Pause Young (Normal) (G1 Evacuation Pause)
[1.190s][info][gc,task     ] GC(8) Using 4 workers of 4 for evacuation
[1.253s][info][gc,phases   ] GC(8)   Pre Evacuate Collection Set: 0.1ms
[1.254s][info][gc,phases   ] GC(8)   Merge Heap Roots: 0.1ms
[1.254s][info][gc,phases   ] GC(8)   Evacuate Collection Set: 63.1ms
[1.254s][info][gc,phases   ] GC(8)   Post Evacuate Collection Set: 0.2ms
[1.254s][info][gc,phases   ] GC(8)   Other: 0.2ms
[1.254s][info][gc,heap     ] GC(8) Eden regions: 102->0(119)
[1.254s][info][gc,heap     ] GC(8) Survivor regions: 13->15(15)
[1.254s][info][gc,heap     ] GC(8) Old regions: 100->119
[1.254s][info][gc,heap     ] GC(8) Archive regions: 0->0
[1.254s][info][gc,heap     ] GC(8) Humongous regions: 74->74
[1.254s][info][gc,metaspace] GC(8) Metaspace: 490K(640K)->490K(640K) NonClass: 452K(512K)->452K(512K) Class: 37K(128K)->37K(128K)
[1.254s][info][gc          ] GC(8) Pause Young (Normal) (G1 Evacuation Pause) 289M->208M(1280M) 64.001ms
[1.254s][info][gc,cpu      ] GC(8) User=0.23s Sys=0.00s Real=0.06s
[1.348s][info][gc,start    ] GC(9) Pause Young (Normal) (G1 Evacuation Pause)
[1.348s][info][gc,task     ] GC(9) Using 4 workers of 4 for evacuation
[1.412s][info][gc,phases   ] GC(9)   Pre Evacuate Collection Set: 0.1ms
[1.412s][info][gc,phases   ] GC(9)   Merge Heap Roots: 0.1ms
[1.412s][info][gc,phases   ] GC(9)   Evacuate Collection Set: 63.2ms
[1.412s][info][gc,phases   ] GC(9)   Post Evacuate Collection Set: 0.3ms
[1.412s][info][gc,phases   ] GC(9)   Other: 0.2ms
[1.412s][info][gc,heap     ] GC(9) Eden regions: 119->0(138)
[1.412s][info][gc,heap     ] GC(9) Survivor regions: 15->17(17)
[1.412s][info][gc,heap     ] GC(9) Old regions: 119->142
[1.412s][info][gc,heap     ] GC(9) Archive regions: 0->0
[1.412s][info][gc,heap     ] GC(9) Humongous regions: 74->74
[1.412s][info][gc,metaspace] GC(9) Metaspace: 490K(640K)->490K(640K) NonClass: 452K(512K)->452K(512K) Class: 37K(128K)->37K(128K)
[1.412s][info][gc          ] GC(9) Pause Young (Normal) (G1 Evacuation Pause) 327M->233M(1280M) 64.180ms
[1.412s][info][gc,cpu      ] GC(9) User=0.22s Sys=0.02s Real=0.06s
[1.545s][info][gc,start    ] GC(10) Pause Young (Normal) (G1 Evacuation Pause)
[1.545s][info][gc,task     ] GC(10) Using 4 workers of 4 for evacuation
[1.609s][info][gc,phases   ] GC(10)   Pre Evacuate Collection Set: 0.1ms
[1.610s][info][gc,phases   ] GC(10)   Merge Heap Roots: 0.1ms
[1.610s][info][gc,phases   ] GC(10)   Evacuate Collection Set: 63.6ms
[1.610s][info][gc,phases   ] GC(10)   Post Evacuate Collection Set: 0.3ms
[1.610s][info][gc,phases   ] GC(10)   Other: 0.2ms
[1.610s][info][gc,heap     ] GC(10) Eden regions: 138->0(163)
[1.610s][info][gc,heap     ] GC(10) Survivor regions: 17->20(20)
[1.610s][info][gc,heap     ] GC(10) Old regions: 142->168
[1.610s][info][gc,heap     ] GC(10) Archive regions: 0->0
[1.610s][info][gc,heap     ] GC(10) Humongous regions: 74->74
[1.610s][info][gc,metaspace] GC(10) Metaspace: 490K(640K)->490K(640K) NonClass: 452K(512K)->452K(512K) Class: 37K(128K)->37K(128K)
[1.610s][info][gc          ] GC(10) Pause Young (Normal) (G1 Evacuation Pause) 371M->262M(1280M) 64.489ms
[1.610s][info][gc,cpu      ] GC(10) User=0.20s Sys=0.00s Real=0.06s
[1.795s][info][gc,start    ] GC(11) Pause Young (Normal) (G1 Evacuation Pause)
[1.795s][info][gc,task     ] GC(11) Using 4 workers of 4 for evacuation
[1.857s][info][gc,phases   ] GC(11)   Pre Evacuate Collection Set: 0.1ms
[1.857s][info][gc,phases   ] GC(11)   Merge Heap Roots: 0.1ms
[1.857s][info][gc,phases   ] GC(11)   Evacuate Collection Set: 62.0ms
[1.857s][info][gc,phases   ] GC(11)   Post Evacuate Collection Set: 0.3ms
[1.857s][info][gc,phases   ] GC(11)   Other: 0.2ms
[1.857s][info][gc,heap     ] GC(11) Eden regions: 163->0(183)
[1.857s][info][gc,heap     ] GC(11) Survivor regions: 20->20(23)
[1.857s][info][gc,heap     ] GC(11) Old regions: 168->189
[1.857s][info][gc,heap     ] GC(11) Archive regions: 0->0
[1.858s][info][gc,heap     ] GC(11) Humongous regions: 110->110
[1.858s][info][gc,metaspace] GC(11) Metaspace: 491K(640K)->491K(640K) NonClass: 453K(512K)->453K(512K) Class: 37K(128K)->37K(128K)
[1.858s][info][gc          ] GC(11) Pause Young (Normal) (G1 Evacuation Pause) 461M->319M(1280M) 63.031ms
[1.858s][info][gc,cpu      ] GC(11) User=0.25s Sys=0.02s Real=0.06s
[2.017s][info][gc,start    ] GC(12) Pause Young (Normal) (G1 Evacuation Pause)
[2.017s][info][gc,task     ] GC(12) Using 4 workers of 4 for evacuation
[2.105s][info][gc,phases   ] GC(12)   Pre Evacuate Collection Set: 0.1ms
[2.105s][info][gc,phases   ] GC(12)   Merge Heap Roots: 0.1ms
[2.105s][info][gc,phases   ] GC(12)   Evacuate Collection Set: 86.8ms
[2.105s][info][gc,phases   ] GC(12)   Post Evacuate Collection Set: 0.3ms
[2.105s][info][gc,phases   ] GC(12)   Other: 0.2ms
[2.105s][info][gc,heap     ] GC(12) Eden regions: 183->0(207)
[2.105s][info][gc,heap     ] GC(12) Survivor regions: 20->26(26)
[2.105s][info][gc,heap     ] GC(12) Old regions: 189->220
[2.105s][info][gc,heap     ] GC(12) Archive regions: 0->0
[2.105s][info][gc,heap     ] GC(12) Humongous regions: 110->110
[2.105s][info][gc,metaspace] GC(12) Metaspace: 491K(640K)->491K(640K) NonClass: 453K(512K)->453K(512K) Class: 37K(128K)->37K(128K)
[2.105s][info][gc          ] GC(12) Pause Young (Normal) (G1 Evacuation Pause) 502M->356M(1280M) 87.846ms
[2.105s][info][gc,cpu      ] GC(12) User=0.27s Sys=0.00s Real=0.09s
[2.270s][info][gc,start    ] GC(13) Pause Young (Normal) (G1 Evacuation Pause)
[2.270s][info][gc,task     ] GC(13) Using 4 workers of 4 for evacuation
[2.369s][info][gc,phases   ] GC(13)   Pre Evacuate Collection Set: 0.1ms
[2.369s][info][gc,phases   ] GC(13)   Merge Heap Roots: 0.1ms
[2.369s][info][gc,phases   ] GC(13)   Evacuate Collection Set: 98.7ms
[2.369s][info][gc,phases   ] GC(13)   Post Evacuate Collection Set: 0.3ms
[2.369s][info][gc,phases   ] GC(13)   Other: 0.2ms
[2.370s][info][gc,heap     ] GC(13) Eden regions: 207->0(219)
[2.370s][info][gc,heap     ] GC(13) Survivor regions: 26->30(30)
[2.370s][info][gc,heap     ] GC(13) Old regions: 220->259
[2.370s][info][gc,heap     ] GC(13) Archive regions: 0->0
[2.370s][info][gc,heap     ] GC(13) Humongous regions: 110->110
[2.370s][info][gc,metaspace] GC(13) Metaspace: 491K(640K)->491K(640K) NonClass: 453K(512K)->453K(512K) Class: 37K(128K)->37K(128K)
[2.370s][info][gc          ] GC(13) Pause Young (Normal) (G1 Evacuation Pause) 563M->398M(1280M) 99.624ms
[2.370s][info][gc,cpu      ] GC(13) User=0.31s Sys=0.02s Real=0.10s
[2.573s][info][gc,start    ] GC(14) Pause Young (Normal) (G1 Evacuation Pause)
[2.573s][info][gc,task     ] GC(14) Using 4 workers of 4 for evacuation
[2.680s][info][gc,phases   ] GC(14)   Pre Evacuate Collection Set: 0.1ms
[2.680s][info][gc,phases   ] GC(14)   Merge Heap Roots: 0.1ms
[2.680s][info][gc,phases   ] GC(14)   Evacuate Collection Set: 106.9ms
[2.680s][info][gc,phases   ] GC(14)   Post Evacuate Collection Set: 0.3ms
[2.681s][info][gc,phases   ] GC(14)   Other: 0.2ms
[2.681s][info][gc,heap     ] GC(14) Eden regions: 219->0(237)
[2.681s][info][gc,heap     ] GC(14) Survivor regions: 30->32(32)
[2.681s][info][gc,heap     ] GC(14) Old regions: 259->302
[2.681s][info][gc,heap     ] GC(14) Archive regions: 0->0
[2.681s][info][gc,heap     ] GC(14) Humongous regions: 110->110
[2.681s][info][gc,metaspace] GC(14) Metaspace: 491K(640K)->491K(640K) NonClass: 453K(512K)->453K(512K) Class: 37K(128K)->37K(128K)
[2.681s][info][gc          ] GC(14) Pause Young (Normal) (G1 Evacuation Pause) 617M->443M(1280M) 107.977ms
[2.681s][info][gc,cpu      ] GC(14) User=0.39s Sys=0.03s Real=0.11s
[2.868s][info][gc,start    ] GC(15) Pause Young (Normal) (G1 Evacuation Pause)
[2.868s][info][gc,task     ] GC(15) Using 4 workers of 4 for evacuation
[3.003s][info][gc,phases   ] GC(15)   Pre Evacuate Collection Set: 0.1ms
[3.003s][info][gc,phases   ] GC(15)   Merge Heap Roots: 0.1ms
[3.003s][info][gc,phases   ] GC(15)   Evacuate Collection Set: 134.2ms
[3.003s][info][gc,phases   ] GC(15)   Post Evacuate Collection Set: 0.3ms
[3.003s][info][gc,phases   ] GC(15)   Other: 0.2ms
[3.003s][info][gc,heap     ] GC(15) Eden regions: 237->0(247)
[3.003s][info][gc,heap     ] GC(15) Survivor regions: 32->34(34)
[3.003s][info][gc,heap     ] GC(15) Old regions: 302->348
[3.003s][info][gc,heap     ] GC(15) Archive regions: 0->0
[3.003s][info][gc,heap     ] GC(15) Humongous regions: 110->110
[3.003s][info][gc,metaspace] GC(15) Metaspace: 491K(640K)->491K(640K) NonClass: 453K(512K)->453K(512K) Class: 37K(128K)->37K(128K)
[3.003s][info][gc          ] GC(15) Pause Young (Normal) (G1 Evacuation Pause) 680M->492M(1280M) 135.338ms
[3.003s][info][gc,cpu      ] GC(15) User=0.44s Sys=0.03s Real=0.14s
[3.239s][info][gc,start    ] GC(16) Pause Young (Normal) (G1 Evacuation Pause)
[3.239s][info][gc,task     ] GC(16) Using 4 workers of 4 for evacuation
[3.275s][info][gc,phases   ] GC(16)   Pre Evacuate Collection Set: 0.1ms
[3.276s][info][gc,phases   ] GC(16)   Merge Heap Roots: 0.1ms
[3.276s][info][gc,phases   ] GC(16)   Evacuate Collection Set: 35.9ms
[3.276s][info][gc,phases   ] GC(16)   Post Evacuate Collection Set: 0.3ms
[3.276s][info][gc,phases   ] GC(16)   Other: 0.2ms
[3.276s][info][gc,heap     ] GC(16) Eden regions: 247->0(561)
[3.276s][info][gc,heap     ] GC(16) Survivor regions: 34->26(36)
[3.276s][info][gc,heap     ] GC(16) Old regions: 348->349
[3.276s][info][gc,heap     ] GC(16) Archive regions: 0->0
[3.276s][info][gc,heap     ] GC(16) Humongous regions: 110->110
[3.276s][info][gc,metaspace] GC(16) Metaspace: 491K(640K)->491K(640K) NonClass: 453K(512K)->453K(512K) Class: 37K(128K)->37K(128K)
[3.276s][info][gc          ] GC(16) Pause Young (Normal) (G1 Evacuation Pause) 739M->484M(1280M) 37.337ms
[3.276s][info][gc,cpu      ] GC(16) User=0.13s Sys=0.00s Real=0.04s
[3.888s][info][gc,start    ] GC(17) Pause Young (Normal) (G1 Evacuation Pause)
[3.888s][info][gc,task     ] GC(17) Using 4 workers of 4 for evacuation
[4.092s][info][gc,mmu      ] GC(17) MMU target violated: 201.0ms (200.0ms/201.0ms)
[4.092s][info][gc,phases   ] GC(17)   Pre Evacuate Collection Set: 0.1ms
[4.092s][info][gc,phases   ] GC(17)   Merge Heap Roots: 0.2ms
[4.092s][info][gc,phases   ] GC(17)   Evacuate Collection Set: 202.6ms
[4.092s][info][gc,phases   ] GC(17)   Post Evacuate Collection Set: 0.5ms
[4.092s][info][gc,phases   ] GC(17)   Other: 0.5ms
[4.092s][info][gc,heap     ] GC(17) Eden regions: 561->0(303)
[4.092s][info][gc,heap     ] GC(17) Survivor regions: 26->74(74)
[4.092s][info][gc,heap     ] GC(17) Old regions: 349->413
[4.092s][info][gc,heap     ] GC(17) Archive regions: 0->0
[4.092s][info][gc,heap     ] GC(17) Humongous regions: 110->110
[4.092s][info][gc,metaspace] GC(17) Metaspace: 491K(640K)->491K(640K) NonClass: 453K(512K)->453K(512K) Class: 37K(128K)->37K(128K)
[4.092s][info][gc          ] GC(17) Pause Young (Normal) (G1 Evacuation Pause) 1045M->596M(1280M) 204.140ms
[4.092s][info][gc,cpu      ] GC(17) User=0.70s Sys=0.09s Real=0.20s
[4.362s][info][gc,start    ] GC(18) Pause Young (Normal) (G1 Evacuation Pause)
[4.362s][info][gc,task     ] GC(18) Using 4 workers of 4 for evacuation
[4.571s][info][gc,mmu      ] GC(18) MMU target violated: 201.0ms (200.0ms/201.0ms)
[4.571s][info][gc,phases   ] GC(18)   Pre Evacuate Collection Set: 0.1ms
[4.571s][info][gc,phases   ] GC(18)   Merge Heap Roots: 0.2ms
[4.571s][info][gc,phases   ] GC(18)   Evacuate Collection Set: 207.9ms
[4.571s][info][gc,phases   ] GC(18)   Post Evacuate Collection Set: 0.4ms
[4.571s][info][gc,phases   ] GC(18)   Other: 0.4ms
[4.571s][info][gc,heap     ] GC(18) Eden regions: 303->0(267)
[4.571s][info][gc,heap     ] GC(18) Survivor regions: 74->48(48)
[4.571s][info][gc,heap     ] GC(18) Old regions: 413->501
[4.571s][info][gc,heap     ] GC(18) Archive regions: 0->0
[4.571s][info][gc,heap     ] GC(18) Humongous regions: 110->110
[4.571s][info][gc,metaspace] GC(18) Metaspace: 491K(640K)->491K(640K) NonClass: 453K(512K)->453K(512K) Class: 37K(128K)->37K(128K)
[4.571s][info][gc          ] GC(18) Pause Young (Normal) (G1 Evacuation Pause) 899M->658M(1280M) 209.277ms
[4.571s][info][gc,cpu      ] GC(18) User=0.67s Sys=0.02s Real=0.21s
[4.795s][info][gc,start    ] GC(19) Pause Young (Concurrent Start) (G1 Evacuation Pause)
[4.795s][info][gc,task     ] GC(19) Using 4 workers of 4 for evacuation
[4.873s][info][gc,phases   ] GC(19)   Pre Evacuate Collection Set: 0.1ms
[4.873s][info][gc,phases   ] GC(19)   Merge Heap Roots: 0.2ms
[4.873s][info][gc,phases   ] GC(19)   Evacuate Collection Set: 77.9ms
[4.873s][info][gc,phases   ] GC(19)   Post Evacuate Collection Set: 0.4ms
[4.873s][info][gc,phases   ] GC(19)   Other: 0.2ms
[4.873s][info][gc,heap     ] GC(19) Eden regions: 267->0(320)
[4.873s][info][gc,heap     ] GC(19) Survivor regions: 48->40(40)
[4.874s][info][gc,heap     ] GC(19) Old regions: 501->511
[4.874s][info][gc,heap     ] GC(19) Archive regions: 0->0
[4.874s][info][gc,heap     ] GC(19) Humongous regions: 110->110
[4.874s][info][gc,metaspace] GC(19) Metaspace: 491K(640K)->491K(640K) NonClass: 453K(512K)->453K(512K) Class: 37K(128K)->37K(128K)
[4.874s][info][gc          ] GC(19) Pause Young (Concurrent Start) (G1 Evacuation Pause) 925M->661M(1280M) 78.987ms
[4.874s][info][gc,cpu      ] GC(19) User=0.25s Sys=0.02s Real=0.08s
[4.874s][info][gc          ] GC(20) Concurrent Mark Cycle
[4.874s][info][gc,marking  ] GC(20) Concurrent Clear Claimed Marks
[4.874s][info][gc,marking  ] GC(20) Concurrent Clear Claimed Marks 0.024ms
[4.874s][info][gc,marking  ] GC(20) Concurrent Scan Root Regions
[4.915s][info][gc,marking  ] GC(20) Concurrent Scan Root Regions 41.306ms
[4.915s][info][gc,marking  ] GC(20) Concurrent Mark
[4.915s][info][gc,marking  ] GC(20) Concurrent Mark From Roots
[4.915s][info][gc,task     ] GC(20) Using 1 workers of 1 for marking
[4.958s][info][gc,marking  ] GC(20) Concurrent Mark From Roots 42.558ms
[4.958s][info][gc,marking  ] GC(20) Concurrent Preclean
[4.958s][info][gc,marking  ] GC(20) Concurrent Preclean 0.170ms
[4.958s][info][gc,start    ] GC(20) Pause Remark
[4.959s][info][gc          ] GC(20) Pause Remark 725M->162M(1280M) 1.179ms
[4.959s][info][gc,cpu      ] GC(20) User=0.00s Sys=0.00s Real=0.00s
[4.959s][info][gc,marking  ] GC(20) Concurrent Mark 44.332ms
[4.959s][info][gc,marking  ] GC(20) Concurrent Rebuild Remembered Sets
[5.006s][info][gc,marking  ] GC(20) Concurrent Rebuild Remembered Sets 46.113ms
[5.006s][info][gc,start    ] GC(20) Pause Cleanup
[5.006s][info][gc          ] GC(20) Pause Cleanup 207M->207M(1280M) 0.307ms
[5.006s][info][gc,cpu      ] GC(20) User=0.00s Sys=0.00s Real=0.00s
[5.006s][info][gc,marking  ] GC(20) Concurrent Cleanup for Next Mark
[5.017s][info][gc,marking  ] GC(20) Concurrent Cleanup for Next Mark 10.507ms
[5.017s][info][gc          ] GC(20) Concurrent Mark Cycle 143.107ms
[5.172s][info][gc,start    ] GC(21) Pause Young (Prepare Mixed) (G1 Evacuation Pause)
[5.172s][info][gc,task     ] GC(21) Using 4 workers of 4 for evacuation
[5.308s][info][gc,phases   ] GC(21)   Pre Evacuate Collection Set: 0.1ms
[5.308s][info][gc,phases   ] GC(21)   Merge Heap Roots: 0.2ms
[5.308s][info][gc,phases   ] GC(21)   Evacuate Collection Set: 135.5ms
[5.308s][info][gc,phases   ] GC(21)   Post Evacuate Collection Set: 0.4ms
[5.308s][info][gc,phases   ] GC(21)   Other: 0.2ms
[5.308s][info][gc,heap     ] GC(21) Eden regions: 320->0(19)
[5.308s][info][gc,heap     ] GC(21) Survivor regions: 40->45(45)
[5.308s][info][gc,heap     ] GC(21) Old regions: 22->82
[5.308s][info][gc,heap     ] GC(21) Archive regions: 0->0
[5.308s][info][gc,heap     ] GC(21) Humongous regions: 36->36
[5.308s][info][gc,metaspace] GC(21) Metaspace: 491K(640K)->491K(640K) NonClass: 453K(512K)->453K(512K) Class: 37K(128K)->37K(128K)
[5.308s][info][gc          ] GC(21) Pause Young (Prepare Mixed) (G1 Evacuation Pause) 418M->162M(1280M) 136.763ms
[5.308s][info][gc,cpu      ] GC(21) User=0.48s Sys=0.00s Real=0.14s
[5.326s][info][gc,start    ] GC(22) Pause Young (Mixed) (G1 Evacuation Pause)
[5.327s][info][gc,task     ] GC(22) Using 4 workers of 4 for evacuation
[5.388s][info][gc,phases   ] GC(22)   Pre Evacuate Collection Set: 0.1ms
[5.388s][info][gc,phases   ] GC(22)   Merge Heap Roots: 0.1ms
[5.388s][info][gc,phases   ] GC(22)   Evacuate Collection Set: 61.3ms
[5.388s][info][gc,phases   ] GC(22)   Post Evacuate Collection Set: 0.2ms
[5.389s][info][gc,phases   ] GC(22)   Other: 0.2ms
[5.389s][info][gc,heap     ] GC(22) Eden regions: 19->0(592)
[5.389s][info][gc,heap     ] GC(22) Survivor regions: 45->5(8)
[5.389s][info][gc,heap     ] GC(22) Old regions: 82->127
[5.389s][info][gc,heap     ] GC(22) Archive regions: 0->0
[5.389s][info][gc,heap     ] GC(22) Humongous regions: 36->36
[5.389s][info][gc,metaspace] GC(22) Metaspace: 491K(640K)->491K(640K) NonClass: 453K(512K)->453K(512K) Class: 37K(128K)->37K(128K)
[5.389s][info][gc          ] GC(22) Pause Young (Mixed) (G1 Evacuation Pause) 181M->167M(1280M) 62.174ms
[5.389s][info][gc,cpu      ] GC(22) User=0.20s Sys=0.02s Real=0.06s
[5.860s][info][gc,start    ] GC(23) Pause Young (Normal) (G1 Evacuation Pause)
[5.860s][info][gc,task     ] GC(23) Using 4 workers of 4 for evacuation
[5.910s][info][gc,phases   ] GC(23)   Pre Evacuate Collection Set: 0.1ms
[5.910s][info][gc,phases   ] GC(23)   Merge Heap Roots: 0.2ms
[5.910s][info][gc,phases   ] GC(23)   Evacuate Collection Set: 48.7ms
[5.910s][info][gc,phases   ] GC(23)   Post Evacuate Collection Set: 0.5ms
[5.910s][info][gc,phases   ] GC(23)   Other: 0.2ms
[5.910s][info][gc,heap     ] GC(23) Eden regions: 592->0(733)
[5.910s][info][gc,heap     ] GC(23) Survivor regions: 5->35(75)
[5.910s][info][gc,heap     ] GC(23) Old regions: 127->127
[5.910s][info][gc,heap     ] GC(23) Archive regions: 0->0
[5.910s][info][gc,heap     ] GC(23) Humongous regions: 36->36
[5.910s][info][gc,metaspace] GC(23) Metaspace: 491K(640K)->491K(640K) NonClass: 453K(512K)->453K(512K) Class: 37K(128K)->37K(128K)
[5.910s][info][gc          ] GC(23) Pause Young (Normal) (G1 Evacuation Pause) 759M->197M(1280M) 49.988ms
[5.910s][info][gc,cpu      ] GC(23) User=0.19s Sys=0.00s Real=0.05s
[6.488s][info][gc,start    ] GC(24) Pause Young (Normal) (G1 Evacuation Pause)
[6.488s][info][gc,task     ] GC(24) Using 4 workers of 4 for evacuation
[6.724s][info][gc,mmu      ] GC(24) MMU target violated: 201.0ms (200.0ms/201.0ms)
[6.724s][info][gc,phases   ] GC(24)   Pre Evacuate Collection Set: 0.2ms
[6.724s][info][gc,phases   ] GC(24)   Merge Heap Roots: 0.3ms
[6.724s][info][gc,phases   ] GC(24)   Evacuate Collection Set: 234.6ms
[6.724s][info][gc,phases   ] GC(24)   Post Evacuate Collection Set: 0.6ms
[6.724s][info][gc,phases   ] GC(24)   Other: 0.5ms
[6.724s][info][gc,heap     ] GC(24) Eden regions: 733->0(326)
[6.724s][info][gc,heap     ] GC(24) Survivor regions: 35->96(96)
[6.724s][info][gc,heap     ] GC(24) Old regions: 127->212
[6.724s][info][gc,heap     ] GC(24) Archive regions: 0->0
[6.724s][info][gc,heap     ] GC(24) Humongous regions: 36->36
[6.724s][info][gc,metaspace] GC(24) Metaspace: 491K(640K)->491K(640K) NonClass: 453K(512K)->453K(512K) Class: 37K(128K)->37K(128K)
[6.724s][info][gc          ] GC(24) Pause Young (Normal) (G1 Evacuation Pause) 930M->344M(1280M) 236.470ms
[6.724s][info][gc,cpu      ] GC(24) User=0.92s Sys=0.00s Real=0.24s
[6.986s][info][gc,start    ] GC(25) Pause Young (Normal) (G1 Evacuation Pause)
[6.986s][info][gc,task     ] GC(25) Using 4 workers of 4 for evacuation
[7.050s][info][gc,phases   ] GC(25)   Pre Evacuate Collection Set: 0.1ms
[7.050s][info][gc,phases   ] GC(25)   Merge Heap Roots: 0.2ms
[7.050s][info][gc,phases   ] GC(25)   Evacuate Collection Set: 62.4ms
[7.050s][info][gc,phases   ] GC(25)   Post Evacuate Collection Set: 0.4ms
[7.050s][info][gc,phases   ] GC(25)   Other: 0.2ms
[7.050s][info][gc,heap     ] GC(25) Eden regions: 326->0(608)
[7.050s][info][gc,heap     ] GC(25) Survivor regions: 96->45(53)
[7.050s][info][gc,heap     ] GC(25) Old regions: 212->213
[7.050s][info][gc,heap     ] GC(25) Archive regions: 0->0
[7.050s][info][gc,heap     ] GC(25) Humongous regions: 36->36
[7.050s][info][gc,metaspace] GC(25) Metaspace: 491K(640K)->491K(640K) NonClass: 453K(512K)->453K(512K) Class: 37K(128K)->37K(128K)
[7.050s][info][gc          ] GC(25) Pause Young (Normal) (G1 Evacuation Pause) 670M->293M(1280M) 63.721ms
[7.050s][info][gc,cpu      ] GC(25) User=0.22s Sys=0.00s Real=0.06s
[7.529s][info][gc,start    ] GC(26) Pause Young (Normal) (G1 Evacuation Pause)
[7.529s][info][gc,task     ] GC(26) Using 4 workers of 4 for evacuation
[7.743s][info][gc,mmu      ] GC(26) MMU target violated: 201.0ms (200.0ms/201.0ms)
[7.743s][info][gc,phases   ] GC(26)   Pre Evacuate Collection Set: 0.1ms
[7.743s][info][gc,phases   ] GC(26)   Merge Heap Roots: 0.2ms
[7.743s][info][gc,phases   ] GC(26)   Evacuate Collection Set: 213.3ms
[7.743s][info][gc,phases   ] GC(26)   Post Evacuate Collection Set: 0.5ms
[7.743s][info][gc,phases   ] GC(26)   Other: 0.4ms
[7.744s][info][gc,heap     ] GC(26) Eden regions: 608->0(356)
[7.744s][info][gc,heap     ] GC(26) Survivor regions: 45->82(82)
[7.744s][info][gc,heap     ] GC(26) Old regions: 213->297
[7.744s][info][gc,heap     ] GC(26) Archive regions: 0->0
[7.744s][info][gc,heap     ] GC(26) Humongous regions: 36->36
[7.744s][info][gc,metaspace] GC(26) Metaspace: 491K(640K)->491K(640K) NonClass: 453K(512K)->453K(512K) Class: 37K(128K)->37K(128K)
[7.744s][info][gc          ] GC(26) Pause Young (Normal) (G1 Evacuation Pause) 901M->414M(1280M) 214.826ms
[7.744s][info][gc,cpu      ] GC(26) User=0.86s Sys=0.00s Real=0.21s
[8.048s][info][gc,start    ] GC(27) Pause Young (Normal) (G1 Evacuation Pause)
[8.048s][info][gc,task     ] GC(27) Using 4 workers of 4 for evacuation
[8.123s][info][gc,phases   ] GC(27)   Pre Evacuate Collection Set: 0.1ms
[8.123s][info][gc,phases   ] GC(27)   Merge Heap Roots: 0.2ms
[8.123s][info][gc,phases   ] GC(27)   Evacuate Collection Set: 74.5ms
[8.123s][info][gc,phases   ] GC(27)   Post Evacuate Collection Set: 0.4ms
[8.123s][info][gc,phases   ] GC(27)   Other: 0.2ms
[8.123s][info][gc,heap     ] GC(27) Eden regions: 356->0(578)
[8.123s][info][gc,heap     ] GC(27) Survivor regions: 82->36(55)
[8.123s][info][gc,heap     ] GC(27) Old regions: 297->297
[8.123s][info][gc,heap     ] GC(27) Archive regions: 0->0
[8.123s][info][gc,heap     ] GC(27) Humongous regions: 36->36
[8.123s][info][gc,metaspace] GC(27) Metaspace: 491K(640K)->491K(640K) NonClass: 453K(512K)->453K(512K) Class: 37K(128K)->37K(128K)
[8.124s][info][gc          ] GC(27) Pause Young (Normal) (G1 Evacuation Pause) 770M->368M(1280M) 75.803ms
[8.124s][info][gc,cpu      ] GC(27) User=0.08s Sys=0.02s Real=0.08s
[8.617s][info][gc,start    ] GC(28) Pause Young (Normal) (G1 Evacuation Pause)
[8.617s][info][gc,task     ] GC(28) Using 4 workers of 4 for evacuation
[8.840s][info][gc,mmu      ] GC(28) MMU target violated: 201.0ms (200.0ms/201.0ms)
[8.840s][info][gc,phases   ] GC(28)   Pre Evacuate Collection Set: 0.1ms
[8.840s][info][gc,phases   ] GC(28)   Merge Heap Roots: 0.2ms
[8.840s][info][gc,phases   ] GC(28)   Evacuate Collection Set: 221.6ms
[8.840s][info][gc,phases   ] GC(28)   Post Evacuate Collection Set: 0.7ms
[8.840s][info][gc,phases   ] GC(28)   Other: 0.3ms
[8.840s][info][gc,heap     ] GC(28) Eden regions: 578->0(302)
[8.840s][info][gc,heap     ] GC(28) Survivor regions: 36->77(77)
[8.840s][info][gc,heap     ] GC(28) Old regions: 297->372
[8.840s][info][gc,heap     ] GC(28) Archive regions: 0->0
[8.840s][info][gc,heap     ] GC(28) Humongous regions: 36->36
[8.840s][info][gc,metaspace] GC(28) Metaspace: 491K(640K)->491K(640K) NonClass: 453K(512K)->453K(512K) Class: 37K(128K)->37K(128K)
[8.840s][info][gc          ] GC(28) Pause Young (Normal) (G1 Evacuation Pause) 946M->484M(1280M) 223.357ms
[8.840s][info][gc,cpu      ] GC(28) User=0.73s Sys=0.00s Real=0.22s
[9.092s][info][gc,start    ] GC(29) Pause Young (Normal) (G1 Evacuation Pause)
[9.092s][info][gc,task     ] GC(29) Using 4 workers of 4 for evacuation
[9.111s][info][gc,phases   ] GC(29)   Pre Evacuate Collection Set: 0.1ms
[9.111s][info][gc,phases   ] GC(29)   Merge Heap Roots: 0.2ms
[9.111s][info][gc,phases   ] GC(29)   Evacuate Collection Set: 17.4ms
[9.111s][info][gc,phases   ] GC(29)   Post Evacuate Collection Set: 0.4ms
[9.111s][info][gc,phases   ] GC(29)   Other: 0.2ms
[9.111s][info][gc,heap     ] GC(29) Eden regions: 302->0(548)
[9.111s][info][gc,heap     ] GC(29) Survivor regions: 77->10(48)
[9.111s][info][gc,heap     ] GC(29) Old regions: 372->372
[9.111s][info][gc,heap     ] GC(29) Archive regions: 0->0
[9.111s][info][gc,heap     ] GC(29) Humongous regions: 36->36
[9.111s][info][gc,metaspace] GC(29) Metaspace: 491K(640K)->491K(640K) NonClass: 453K(512K)->453K(512K) Class: 37K(128K)->37K(128K)
[9.111s][info][gc          ] GC(29) Pause Young (Normal) (G1 Evacuation Pause) 786M->417M(1280M) 18.553ms
[9.111s][info][gc,cpu      ] GC(29) User=0.06s Sys=0.00s Real=0.02s
[9.537s][info][gc,start    ] GC(30) Pause Young (Normal) (G1 Evacuation Pause)
[9.537s][info][gc,task     ] GC(30) Using 4 workers of 4 for evacuation
[9.697s][info][gc,phases   ] GC(30)   Pre Evacuate Collection Set: 0.1ms
[9.697s][info][gc,phases   ] GC(30)   Merge Heap Roots: 0.2ms
[9.697s][info][gc,phases   ] GC(30)   Evacuate Collection Set: 158.8ms
[9.697s][info][gc,phases   ] GC(30)   Post Evacuate Collection Set: 0.5ms
[9.697s][info][gc,phases   ] GC(30)   Other: 0.2ms
[9.697s][info][gc,heap     ] GC(30) Eden regions: 548->0(404)
[9.697s][info][gc,heap     ] GC(30) Survivor regions: 10->70(70)
[9.697s][info][gc,heap     ] GC(30) Old regions: 372->422
[9.697s][info][gc,heap     ] GC(30) Archive regions: 0->0
[9.697s][info][gc,heap     ] GC(30) Humongous regions: 36->36
[9.697s][info][gc,metaspace] GC(30) Metaspace: 491K(640K)->491K(640K) NonClass: 453K(512K)->453K(512K) Class: 37K(128K)->37K(128K)
[9.697s][info][gc          ] GC(30) Pause Young (Normal) (G1 Evacuation Pause) 965M->527M(1280M) 160.199ms
[9.697s][info][gc,cpu      ] GC(30) User=0.56s Sys=0.00s Real=0.16s
[10.015s][info][gc,start    ] GC(31) Pause Young (Normal) (G1 Evacuation Pause)
[10.015s][info][gc,task     ] GC(31) Using 4 workers of 4 for evacuation
[10.212s][info][gc,phases   ] GC(31)   Pre Evacuate Collection Set: 0.1ms
[10.212s][info][gc,phases   ] GC(31)   Merge Heap Roots: 0.2ms
[10.212s][info][gc,phases   ] GC(31)   Evacuate Collection Set: 196.3ms
[10.212s][info][gc,phases   ] GC(31)   Post Evacuate Collection Set: 0.5ms
[10.212s][info][gc,phases   ] GC(31)   Other: 0.2ms
[10.212s][info][gc,heap     ] GC(31) Eden regions: 404->0(378)
[10.212s][info][gc,heap     ] GC(31) Survivor regions: 70->60(60)
[10.212s][info][gc,heap     ] GC(31) Old regions: 422->514
[10.213s][info][gc,heap     ] GC(31) Archive regions: 0->0
[10.213s][info][gc,heap     ] GC(31) Humongous regions: 36->36
[10.213s][info][gc,metaspace] GC(31) Metaspace: 491K(640K)->491K(640K) NonClass: 453K(512K)->453K(512K) Class: 37K(128K)->37K(128K)
[10.213s][info][gc          ] GC(31) Pause Young (Normal) (G1 Evacuation Pause) 931M->609M(1280M) 197.795ms
[10.213s][info][gc,cpu      ] GC(31) User=0.58s Sys=0.00s Real=0.20s
[10.511s][info][gc,start    ] GC(32) Pause Young (Normal) (G1 Evacuation Pause)
[10.511s][info][gc,task     ] GC(32) Using 4 workers of 4 for evacuation
[10.612s][info][gc,phases   ] GC(32)   Pre Evacuate Collection Set: 0.1ms
[10.612s][info][gc,phases   ] GC(32)   Merge Heap Roots: 0.1ms
[10.612s][info][gc,phases   ] GC(32)   Evacuate Collection Set: 100.5ms
[10.612s][info][gc,phases   ] GC(32)   Post Evacuate Collection Set: 0.4ms
[10.612s][info][gc,phases   ] GC(32)   Other: 0.2ms
[10.612s][info][gc,heap     ] GC(32) Eden regions: 378->0(363)
[10.612s][info][gc,heap     ] GC(32) Survivor regions: 60->55(55)
[10.612s][info][gc,heap     ] GC(32) Old regions: 514->534
[10.612s][info][gc,heap     ] GC(32) Archive regions: 0->0
[10.612s][info][gc,heap     ] GC(32) Humongous regions: 36->36
[10.612s][info][gc,metaspace] GC(32) Metaspace: 491K(640K)->491K(640K) NonClass: 453K(512K)->453K(512K) Class: 37K(128K)->37K(128K)
[10.612s][info][gc          ] GC(32) Pause Young (Normal) (G1 Evacuation Pause) 987M->624M(1280M) 101.673ms
[10.612s][info][gc,cpu      ] GC(32) User=0.41s Sys=0.00s Real=0.10s
[10.896s][info][gc,start    ] GC(33) Pause Young (Normal) (G1 Evacuation Pause)
[10.896s][info][gc,task     ] GC(33) Using 4 workers of 4 for evacuation
[11.066s][info][gc,phases   ] GC(33)   Pre Evacuate Collection Set: 0.1ms
[11.066s][info][gc,phases   ] GC(33)   Merge Heap Roots: 0.2ms
[11.066s][info][gc,phases   ] GC(33)   Evacuate Collection Set: 169.1ms
[11.066s][info][gc,phases   ] GC(33)   Post Evacuate Collection Set: 0.4ms
[11.066s][info][gc,phases   ] GC(33)   Other: 0.2ms
[11.066s][info][gc,heap     ] GC(33) Eden regions: 363->0(311)
[11.066s][info][gc,heap     ] GC(33) Survivor regions: 55->53(53)
[11.066s][info][gc,heap     ] GC(33) Old regions: 534->609
[11.066s][info][gc,heap     ] GC(33) Archive regions: 0->0
[11.066s][info][gc,heap     ] GC(33) Humongous regions: 36->36
[11.066s][info][gc,metaspace] GC(33) Metaspace: 491K(640K)->491K(640K) NonClass: 453K(512K)->453K(512K) Class: 37K(128K)->37K(128K)
[11.066s][info][gc          ] GC(33) Pause Young (Normal) (G1 Evacuation Pause) 987M->698M(1280M) 170.361ms
[11.066s][info][gc,cpu      ] GC(33) User=0.63s Sys=0.00s Real=0.17s
[11.328s][info][gc,start    ] GC(34) Pause Young (Concurrent Start) (G1 Evacuation Pause)
[11.328s][info][gc,task     ] GC(34) Using 4 workers of 4 for evacuation
[11.341s][info][gc,phases   ] GC(34)   Pre Evacuate Collection Set: 0.1ms
[11.341s][info][gc,phases   ] GC(34)   Merge Heap Roots: 0.2ms
[11.341s][info][gc,phases   ] GC(34)   Evacuate Collection Set: 12.9ms
[11.341s][info][gc,phases   ] GC(34)   Post Evacuate Collection Set: 0.4ms
[11.341s][info][gc,phases   ] GC(34)   Other: 0.2ms
[11.341s][info][gc,heap     ] GC(34) Eden regions: 311->0(358)
[11.341s][info][gc,heap     ] GC(34) Survivor regions: 53->8(46)
[11.341s][info][gc,heap     ] GC(34) Old regions: 609->610
[11.341s][info][gc,heap     ] GC(34) Archive regions: 0->0
[11.341s][info][gc,heap     ] GC(34) Humongous regions: 36->36
[11.342s][info][gc,metaspace] GC(34) Metaspace: 491K(640K)->491K(640K) NonClass: 453K(512K)->453K(512K) Class: 37K(128K)->37K(128K)
[11.342s][info][gc          ] GC(34) Pause Young (Concurrent Start) (G1 Evacuation Pause) 1009M->653M(1280M) 14.051ms
[11.342s][info][gc,cpu      ] GC(34) User=0.00s Sys=0.00s Real=0.01s
[11.342s][info][gc          ] GC(35) Concurrent Mark Cycle
[11.342s][info][gc,marking  ] GC(35) Concurrent Clear Claimed Marks
[11.342s][info][gc,marking  ] GC(35) Concurrent Clear Claimed Marks 0.024ms
[11.342s][info][gc,marking  ] GC(35) Concurrent Scan Root Regions
[11.348s][info][gc,marking  ] GC(35) Concurrent Scan Root Regions 6.706ms
[11.349s][info][gc,marking  ] GC(35) Concurrent Mark
[11.349s][info][gc,marking  ] GC(35) Concurrent Mark From Roots
[11.349s][info][gc,task     ] GC(35) Using 1 workers of 1 for marking
[11.371s][info][gc,marking  ] GC(35) Concurrent Mark From Roots 22.654ms
[11.371s][info][gc,marking  ] GC(35) Concurrent Preclean
[11.371s][info][gc,marking  ] GC(35) Concurrent Preclean 0.072ms
[11.371s][info][gc,start    ] GC(35) Pause Remark
[11.372s][info][gc          ] GC(35) Pause Remark 681M->83M(1280M) 0.723ms
[11.372s][info][gc,cpu      ] GC(35) User=0.00s Sys=0.00s Real=0.00s
[11.372s][info][gc,marking  ] GC(35) Concurrent Mark 23.733ms
[11.372s][info][gc,marking  ] GC(35) Concurrent Rebuild Remembered Sets
[11.399s][info][gc,marking  ] GC(35) Concurrent Rebuild Remembered Sets 26.557ms
[11.399s][info][gc,start    ] GC(35) Pause Cleanup
[11.399s][info][gc          ] GC(35) Pause Cleanup 113M->113M(1280M) 0.181ms
[11.399s][info][gc,cpu      ] GC(35) User=0.00s Sys=0.00s Real=0.00s
[11.399s][info][gc,marking  ] GC(35) Concurrent Cleanup for Next Mark
[11.406s][info][gc,marking  ] GC(35) Concurrent Cleanup for Next Mark 6.662ms
[11.406s][info][gc          ] GC(35) Concurrent Mark Cycle 64.329ms
[11.644s][info][gc,start    ] GC(36) Pause Young (Prepare Mixed) (G1 Evacuation Pause)
[11.644s][info][gc,task     ] GC(36) Using 4 workers of 4 for evacuation
[11.753s][info][gc,phases   ] GC(36)   Pre Evacuate Collection Set: 0.1ms
[11.753s][info][gc,phases   ] GC(36)   Merge Heap Roots: 0.2ms
[11.753s][info][gc,phases   ] GC(36)   Evacuate Collection Set: 108.4ms
[11.753s][info][gc,phases   ] GC(36)   Post Evacuate Collection Set: 0.4ms
[11.753s][info][gc,phases   ] GC(36)   Other: 0.2ms
[11.753s][info][gc,heap     ] GC(36) Eden regions: 358->0(18)
[11.753s][info][gc,heap     ] GC(36) Survivor regions: 8->46(46)
[11.753s][info][gc,heap     ] GC(36) Old regions: 12->45
[11.753s][info][gc,heap     ] GC(36) Archive regions: 0->0
[11.753s][info][gc,heap     ] GC(36) Humongous regions: 36->36
[11.753s][info][gc,metaspace] GC(36) Metaspace: 491K(640K)->491K(640K) NonClass: 453K(512K)->453K(512K) Class: 37K(128K)->37K(128K)
[11.753s][info][gc          ] GC(36) Pause Young (Prepare Mixed) (G1 Evacuation Pause) 413M->126M(1280M) 109.609ms
[11.753s][info][gc,cpu      ] GC(36) User=0.34s Sys=0.00s Real=0.11s
[11.770s][info][gc,start    ] GC(37) Pause Young (Mixed) (G1 Evacuation Pause)
[11.770s][info][gc,task     ] GC(37) Using 4 workers of 4 for evacuation
[11.832s][info][gc,phases   ] GC(37)   Pre Evacuate Collection Set: 0.1ms
[11.832s][info][gc,phases   ] GC(37)   Merge Heap Roots: 0.1ms
[11.832s][info][gc,phases   ] GC(37)   Evacuate Collection Set: 61.2ms
[11.832s][info][gc,phases   ] GC(37)   Post Evacuate Collection Set: 0.2ms
[11.832s][info][gc,phases   ] GC(37)   Other: 0.2ms
[11.832s][info][gc,heap     ] GC(37) Eden regions: 18->0(727)
[11.832s][info][gc,heap     ] GC(37) Survivor regions: 46->5(8)
[11.832s][info][gc,heap     ] GC(37) Old regions: 45->91
[11.832s][info][gc,heap     ] GC(37) Archive regions: 0->0
[11.832s][info][gc,heap     ] GC(37) Humongous regions: 36->36
[11.832s][info][gc,metaspace] GC(37) Metaspace: 491K(640K)->491K(640K) NonClass: 453K(512K)->453K(512K) Class: 37K(128K)->37K(128K)
[11.832s][info][gc          ] GC(37) Pause Young (Mixed) (G1 Evacuation Pause) 144M->131M(1280M) 62.061ms
[11.832s][info][gc,cpu      ] GC(37) User=0.20s Sys=0.02s Real=0.06s
[12.400s][info][gc,start    ] GC(38) Pause Young (Normal) (G1 Evacuation Pause)
[12.400s][info][gc,task     ] GC(38) Using 4 workers of 4 for evacuation
[12.439s][info][gc,phases   ] GC(38)   Pre Evacuate Collection Set: 0.1ms
[12.439s][info][gc,phases   ] GC(38)   Merge Heap Roots: 0.2ms
[12.439s][info][gc,phases   ] GC(38)   Evacuate Collection Set: 37.6ms
[12.439s][info][gc,phases   ] GC(38)   Post Evacuate Collection Set: 0.5ms
[12.439s][info][gc,phases   ] GC(38)   Other: 0.2ms
[12.439s][info][gc,heap     ] GC(38) Eden regions: 727->0(741)
[12.439s][info][gc,heap     ] GC(38) Survivor regions: 5->27(92)
[12.439s][info][gc,heap     ] GC(38) Old regions: 91->91
[12.439s][info][gc,heap     ] GC(38) Archive regions: 0->0
[12.439s][info][gc,heap     ] GC(38) Humongous regions: 36->36
[12.439s][info][gc,metaspace] GC(38) Metaspace: 491K(640K)->491K(640K) NonClass: 453K(512K)->453K(512K) Class: 37K(128K)->37K(128K)
[12.439s][info][gc          ] GC(38) Pause Young (Normal) (G1 Evacuation Pause) 858M->153M(1280M) 38.788ms
[12.439s][info][gc,cpu      ] GC(38) User=0.16s Sys=0.00s Real=0.04s
[13.019s][info][gc,start    ] GC(39) Pause Young (Normal) (G1 Evacuation Pause)
[13.019s][info][gc,task     ] GC(39) Using 4 workers of 4 for evacuation
[13.247s][info][gc,mmu      ] GC(39) MMU target violated: 201.0ms (200.0ms/201.0ms)
[13.247s][info][gc,phases   ] GC(39)   Pre Evacuate Collection Set: 0.1ms
[13.247s][info][gc,phases   ] GC(39)   Merge Heap Roots: 0.2ms
[13.247s][info][gc,phases   ] GC(39)   Evacuate Collection Set: 226.7ms
[13.247s][info][gc,phases   ] GC(39)   Post Evacuate Collection Set: 0.6ms
[13.247s][info][gc,phases   ] GC(39)   Other: 0.3ms
[13.247s][info][gc,heap     ] GC(39) Eden regions: 741->0(367)
[13.247s][info][gc,heap     ] GC(39) Survivor regions: 27->96(96)
[13.247s][info][gc,heap     ] GC(39) Old regions: 91->170
[13.247s][info][gc,heap     ] GC(39) Archive regions: 0->0
[13.247s][info][gc,heap     ] GC(39) Humongous regions: 36->36
[13.247s][info][gc,metaspace] GC(39) Metaspace: 491K(640K)->491K(640K) NonClass: 453K(512K)->453K(512K) Class: 37K(128K)->37K(128K)
[13.247s][info][gc          ] GC(39) Pause Young (Normal) (G1 Evacuation Pause) 894M->301M(1280M) 228.310ms
[13.247s][info][gc,cpu      ] GC(39) User=0.77s Sys=0.03s Real=0.23s
[13.536s][info][gc,start    ] GC(40) Pause Young (Normal) (G1 Evacuation Pause)
[13.536s][info][gc,task     ] GC(40) Using 4 workers of 4 for evacuation
[13.598s][info][gc,phases   ] GC(40)   Pre Evacuate Collection Set: 0.1ms
[13.599s][info][gc,phases   ] GC(40)   Merge Heap Roots: 0.2ms
[13.599s][info][gc,phases   ] GC(40)   Evacuate Collection Set: 61.9ms
[13.599s][info][gc,phases   ] GC(40)   Post Evacuate Collection Set: 0.4ms
[13.599s][info][gc,phases   ] GC(40)   Other: 0.2ms
[13.599s][info][gc,heap     ] GC(40) Eden regions: 367->0(666)
[13.599s][info][gc,heap     ] GC(40) Survivor regions: 96->47(58)
[13.599s][info][gc,heap     ] GC(40) Old regions: 170->170
[13.599s][info][gc,heap     ] GC(40) Archive regions: 0->0
[13.599s][info][gc,heap     ] GC(40) Humongous regions: 36->36
[13.599s][info][gc,metaspace] GC(40) Metaspace: 491K(640K)->491K(640K) NonClass: 453K(512K)->453K(512K) Class: 37K(128K)->37K(128K)
[13.599s][info][gc          ] GC(40) Pause Young (Normal) (G1 Evacuation Pause) 668M->252M(1280M) 63.119ms
[13.599s][info][gc,cpu      ] GC(40) User=0.22s Sys=0.00s Real=0.06s
[14.124s][info][gc,start    ] GC(41) Pause Young (Normal) (G1 Evacuation Pause)
[14.124s][info][gc,task     ] GC(41) Using 4 workers of 4 for evacuation
[14.379s][info][gc,mmu      ] GC(41) MMU target violated: 201.0ms (200.0ms/201.0ms)
[14.380s][info][gc,phases   ] GC(41)   Pre Evacuate Collection Set: 0.1ms
[14.380s][info][gc,phases   ] GC(41)   Merge Heap Roots: 0.3ms
[14.380s][info][gc,phases   ] GC(41)   Evacuate Collection Set: 254.7ms
[14.380s][info][gc,phases   ] GC(41)   Post Evacuate Collection Set: 0.6ms
[14.380s][info][gc,phases   ] GC(41)   Other: 0.3ms
[14.380s][info][gc,heap     ] GC(41) Eden regions: 666->0(383)
[14.380s][info][gc,heap     ] GC(41) Survivor regions: 47->90(90)
[14.380s][info][gc,heap     ] GC(41) Old regions: 170->259
[14.380s][info][gc,heap     ] GC(41) Archive regions: 0->0
[14.380s][info][gc,heap     ] GC(41) Humongous regions: 36->36
[14.380s][info][gc,metaspace] GC(41) Metaspace: 491K(640K)->491K(640K) NonClass: 453K(512K)->453K(512K) Class: 37K(128K)->37K(128K)
[14.380s][info][gc          ] GC(41) Pause Young (Normal) (G1 Evacuation Pause) 918M->385M(1280M) 256.433ms
[14.380s][info][gc,cpu      ] GC(41) User=0.92s Sys=0.00s Real=0.26s
[14.684s][info][gc,start    ] GC(42) Pause Young (Normal) (G1 Evacuation Pause)
[14.685s][info][gc,task     ] GC(42) Using 4 workers of 4 for evacuation
[14.762s][info][gc,phases   ] GC(42)   Pre Evacuate Collection Set: 0.1ms
[14.762s][info][gc,phases   ] GC(42)   Merge Heap Roots: 0.2ms
[14.762s][info][gc,phases   ] GC(42)   Evacuate Collection Set: 76.4ms
[14.762s][info][gc,phases   ] GC(42)   Post Evacuate Collection Set: 0.5ms
[14.762s][info][gc,phases   ] GC(42)   Other: 0.2ms
[14.762s][info][gc,heap     ] GC(42) Eden regions: 383->0(586)
[14.762s][info][gc,heap     ] GC(42) Survivor regions: 90->54(60)
[14.762s][info][gc,heap     ] GC(42) Old regions: 259->260
[14.762s][info][gc,heap     ] GC(42) Archive regions: 0->0
[14.762s][info][gc,heap     ] GC(42) Humongous regions: 36->36
[14.762s][info][gc,metaspace] GC(42) Metaspace: 492K(640K)->492K(640K) NonClass: 454K(512K)->454K(512K) Class: 37K(128K)->37K(128K)
[14.762s][info][gc          ] GC(42) Pause Young (Normal) (G1 Evacuation Pause) 768M->349M(1280M) 77.854ms
[14.762s][info][gc,cpu      ] GC(42) User=0.27s Sys=0.00s Real=0.08s
[15.224s][info][gc,start    ] GC(43) Pause Young (Normal) (G1 Evacuation Pause)
[15.224s][info][gc,task     ] GC(43) Using 4 workers of 4 for evacuation
[15.498s][info][gc,mmu      ] GC(43) MMU target violated: 201.0ms (200.0ms/201.0ms)
[15.498s][info][gc,phases   ] GC(43)   Pre Evacuate Collection Set: 0.1ms
[15.498s][info][gc,phases   ] GC(43)   Merge Heap Roots: 0.2ms
[15.498s][info][gc,phases   ] GC(43)   Evacuate Collection Set: 273.1ms
[15.499s][info][gc,phases   ] GC(43)   Post Evacuate Collection Set: 0.6ms
[15.499s][info][gc,phases   ] GC(43)   Other: 0.2ms
[15.499s][info][gc,heap     ] GC(43) Eden regions: 586->0(367)
[15.499s][info][gc,heap     ] GC(43) Survivor regions: 54->80(80)
[15.499s][info][gc,heap     ] GC(43) Old regions: 260->351
[15.499s][info][gc,heap     ] GC(43) Archive regions: 0->0
[15.499s][info][gc,heap     ] GC(43) Humongous regions: 36->36
[15.499s][info][gc,metaspace] GC(43) Metaspace: 492K(640K)->492K(640K) NonClass: 454K(512K)->454K(512K) Class: 37K(128K)->37K(128K)
[15.499s][info][gc          ] GC(43) Pause Young (Normal) (G1 Evacuation Pause) 935M->466M(1280M) 274.547ms
[15.499s][info][gc,cpu      ] GC(43) User=0.81s Sys=0.00s Real=0.27s
[15.814s][info][gc,start    ] GC(44) Pause Young (Normal) (G1 Evacuation Pause)
[15.814s][info][gc,task     ] GC(44) Using 4 workers of 4 for evacuation
[15.874s][info][gc,phases   ] GC(44)   Pre Evacuate Collection Set: 0.1ms
[15.874s][info][gc,phases   ] GC(44)   Merge Heap Roots: 0.2ms
[15.874s][info][gc,phases   ] GC(44)   Evacuate Collection Set: 59.7ms
[15.874s][info][gc,phases   ] GC(44)   Post Evacuate Collection Set: 0.4ms
[15.874s][info][gc,phases   ] GC(44)   Other: 0.2ms
[15.874s][info][gc,heap     ] GC(44) Eden regions: 367->0(527)
[15.874s][info][gc,heap     ] GC(44) Survivor regions: 80->44(56)
[15.874s][info][gc,heap     ] GC(44) Old regions: 351->351
[15.874s][info][gc,heap     ] GC(44) Archive regions: 0->0
[15.874s][info][gc,heap     ] GC(44) Humongous regions: 36->36
[15.874s][info][gc,metaspace] GC(44) Metaspace: 492K(640K)->492K(640K) NonClass: 454K(512K)->454K(512K) Class: 37K(128K)->37K(128K)
[15.874s][info][gc          ] GC(44) Pause Young (Normal) (G1 Evacuation Pause) 833M->430M(1280M) 60.829ms
[15.874s][info][gc,cpu      ] GC(44) User=0.22s Sys=0.00s Real=0.06s
[16.285s][info][gc,start    ] GC(45) Pause Young (Normal) (G1 Evacuation Pause)
[16.285s][info][gc,task     ] GC(45) Using 4 workers of 4 for evacuation
[16.477s][info][gc,phases   ] GC(45)   Pre Evacuate Collection Set: 0.1ms
[16.477s][info][gc,phases   ] GC(45)   Merge Heap Roots: 0.2ms
[16.477s][info][gc,phases   ] GC(45)   Evacuate Collection Set: 191.7ms
[16.477s][info][gc,phases   ] GC(45)   Post Evacuate Collection Set: 0.6ms
[16.477s][info][gc,phases   ] GC(45)   Other: 0.2ms
[16.478s][info][gc,heap     ] GC(45) Eden regions: 527->0(434)
[16.478s][info][gc,heap     ] GC(45) Survivor regions: 44->72(72)
[16.478s][info][gc,heap     ] GC(45) Old regions: 351->427
[16.478s][info][gc,heap     ] GC(45) Archive regions: 0->0
[16.478s][info][gc,heap     ] GC(45) Humongous regions: 36->36
[16.478s][info][gc,metaspace] GC(45) Metaspace: 492K(640K)->492K(640K) NonClass: 454K(512K)->454K(512K) Class: 37K(128K)->37K(128K)
[16.478s][info][gc          ] GC(45) Pause Young (Normal) (G1 Evacuation Pause) 957M->535M(1280M) 193.126ms
[16.478s][info][gc,cpu      ] GC(45) User=0.66s Sys=0.00s Real=0.19s
[16.820s][info][gc,start    ] GC(46) Pause Young (Normal) (G1 Evacuation Pause)
[16.820s][info][gc,task     ] GC(46) Using 4 workers of 4 for evacuation
[16.868s][info][gc,phases   ] GC(46)   Pre Evacuate Collection Set: 0.1ms
[16.868s][info][gc,phases   ] GC(46)   Merge Heap Roots: 0.2ms
[16.868s][info][gc,phases   ] GC(46)   Evacuate Collection Set: 47.3ms
[16.868s][info][gc,phases   ] GC(46)   Post Evacuate Collection Set: 0.4ms
[16.868s][info][gc,phases   ] GC(46)   Other: 0.2ms
[16.868s][info][gc,heap     ] GC(46) Eden regions: 434->0(480)
[16.868s][info][gc,heap     ] GC(46) Survivor regions: 72->34(64)
[16.868s][info][gc,heap     ] GC(46) Old regions: 427->428
[16.868s][info][gc,heap     ] GC(46) Archive regions: 0->0
[16.868s][info][gc,heap     ] GC(46) Humongous regions: 36->36
[16.868s][info][gc,metaspace] GC(46) Metaspace: 492K(640K)->492K(640K) NonClass: 454K(512K)->454K(512K) Class: 37K(128K)->37K(128K)
[16.868s][info][gc          ] GC(46) Pause Young (Normal) (G1 Evacuation Pause) 969M->497M(1280M) 48.416ms
[16.868s][info][gc,cpu      ] GC(46) User=0.14s Sys=0.00s Real=0.05s
[17.274s][info][gc,start    ] GC(47) Pause Young (Normal) (G1 Evacuation Pause)
[17.274s][info][gc,task     ] GC(47) Using 4 workers of 4 for evacuation
[17.441s][info][gc,phases   ] GC(47)   Pre Evacuate Collection Set: 0.1ms
[17.441s][info][gc,phases   ] GC(47)   Merge Heap Roots: 0.2ms
[17.442s][info][gc,phases   ] GC(47)   Evacuate Collection Set: 166.5ms
[17.442s][info][gc,phases   ] GC(47)   Post Evacuate Collection Set: 0.5ms
[17.442s][info][gc,phases   ] GC(47)   Other: 0.2ms
[17.442s][info][gc,heap     ] GC(47) Eden regions: 480->0(395)
[17.442s][info][gc,heap     ] GC(47) Survivor regions: 34->65(65)
[17.442s][info][gc,heap     ] GC(47) Old regions: 428->492
[17.442s][info][gc,heap     ] GC(47) Archive regions: 0->0
[17.442s][info][gc,heap     ] GC(47) Humongous regions: 36->36
[17.442s][info][gc,metaspace] GC(47) Metaspace: 492K(640K)->492K(640K) NonClass: 454K(512K)->454K(512K) Class: 37K(128K)->37K(128K)
[17.442s][info][gc          ] GC(47) Pause Young (Normal) (G1 Evacuation Pause) 977M->593M(1280M) 167.932ms
[17.442s][info][gc,cpu      ] GC(47) User=0.58s Sys=0.00s Real=0.17s
[17.752s][info][gc,start    ] GC(48) Pause Young (Normal) (G1 Evacuation Pause)
[17.752s][info][gc,task     ] GC(48) Using 4 workers of 4 for evacuation
[17.767s][info][gc,phases   ] GC(48)   Pre Evacuate Collection Set: 0.1ms
[17.767s][info][gc,phases   ] GC(48)   Merge Heap Roots: 0.2ms
[17.767s][info][gc,phases   ] GC(48)   Evacuate Collection Set: 14.2ms
[17.767s][info][gc,phases   ] GC(48)   Post Evacuate Collection Set: 0.4ms
[17.767s][info][gc,phases   ] GC(48)   Other: 0.2ms
[17.767s][info][gc,heap     ] GC(48) Eden regions: 395->0(459)
[17.767s][info][gc,heap     ] GC(48) Survivor regions: 65->7(58)
[17.767s][info][gc,heap     ] GC(48) Old regions: 492->492
[17.767s][info][gc,heap     ] GC(48) Archive regions: 0->0
[17.767s][info][gc,heap     ] GC(48) Humongous regions: 36->36
[17.767s][info][gc,metaspace] GC(48) Metaspace: 492K(640K)->492K(640K) NonClass: 454K(512K)->454K(512K) Class: 37K(128K)->37K(128K)
[17.767s][info][gc          ] GC(48) Pause Young (Normal) (G1 Evacuation Pause) 988M->534M(1280M) 15.287ms
[17.767s][info][gc,cpu      ] GC(48) User=0.06s Sys=0.00s Real=0.02s
[17.871s][info][gc,heap,exit] Heap
[17.871s][info][gc,heap,exit]  garbage-first heap   total 1310720K, used 674306K [0x00000000b0000000, 0x0000000100000000)
[17.871s][info][gc,heap,exit]   region size 1024K, 132 young (135168K), 7 survivors (7168K)
[17.871s][info][gc,heap,exit]  Metaspace       used 534K, committed 704K, reserved 1056768K
[17.871s][info][gc,heap,exit]   class space    used 41K, committed 128K, reserved 1048576K
