[0.013s][info][gc] Using G1
[0.034s][info][gc,init] Version: 17+35-LTS (release)
[0.034s][info][gc,init] CPUs: 4 total, 4 available
[0.034s][info][gc,init] Memory: 16282M
[0.034s][info][gc,init] Large Page Support: Disabled
[0.034s][info][gc,init] NUMA Support: Disabled
[0.034s][info][gc,init] Compressed Oops: Enabled (32-bit)
[0.034s][info][gc,init] Heap Region Size: 1M
[0.034s][info][gc,init] Heap Min Capacity: 2G
[0.034s][info][gc,init] Heap Initial Capacity: 2G
[0.034s][info][gc,init] Heap Max Capacity: 2G
[0.034s][info][gc,init] Pre-touch: Disabled
[0.034s][info][gc,init] Parallel Workers: 4
[0.034s][info][gc,init] Concurrent Workers: 1
[0.034s][info][gc,init] Concurrent Refinement Workers: 4
[0.034s][info][gc,init] Periodic GC: Disabled
[0.065s][info][gc,metaspace] CDS archive(s) mapped at: [0x0000000800000000-0x0000000800bc0000-0x0000000800bc0000), size 12320768, SharedBaseAddress: 0x0000000800000000, ArchiveRelocationMode: 0.
[0.065s][info][gc,metaspace] Compressed class space mapped at: 0x0000000800c00000-0x0000000840c00000, reserved size: 1073741824
[0.065s][info][gc,metaspace] Narrow klass base: 0x0000000800000000, Narrow klass shift: 0, Narrow klass range: 0x100000000
[0.320s][info][gc,start    ] GC(0) Pause Young (Normal) (G1 Evacuation Pause)
[0.320s][info][gc,task     ] GC(0) Using 4 workers of 4 for evacuation
[0.374s][info][gc,phases   ] GC(0)   Pre Evacuate Collection Set: 0.1ms
[0.374s][info][gc,phases   ] GC(0)   Merge Heap Roots: 0.1ms
[0.374s][info][gc,phases   ] GC(0)   Evacuate Collection Set: 53.8ms
[0.374s][info][gc,phases   ] GC(0)   Post Evacuate Collection Set: 0.3ms
[0.374s][info][gc,phases   ] GC(0)   Other: 0.5ms
[0.374s][info][gc,heap     ] GC(0) Eden regions: 102->0(89)
[0.375s][info][gc,heap     ] GC(0) Survivor regions: 0->13(13)
[0.375s][info][gc,heap     ] GC(0) Old regions: 0->8
[0.375s][info][gc,heap     ] GC(0) Archive regions: 0->0
[0.375s][info][gc,heap     ] GC(0) Humongous regions: 11->11
[0.375s][info][gc,metaspace] GC(0) Metaspace: 493K(640K)->493K(640K) NonClass: 455K(512K)->455K(512K) Class: 37K(128K)->37K(128K)
[0.375s][info][gc          ] GC(0) Pause Young (Normal) (G1 Evacuation Pause) 113M->31M(2048M) 55.012ms
[0.375s][info][gc,cpu      ] GC(0) User=0.16s Sys=0.02s Real=0.06s
[0.430s][info][gc,start    ] GC(1) Pause Young (Normal) (G1 Evacuation Pause)
[0.430s][info][gc,task     ] GC(1) Using 4 workers of 4 for evacuation
[0.501s][info][gc,phases   ] GC(1)   Pre Evacuate Collection Set: 0.1ms
[0.501s][info][gc,phases   ] GC(1)   Merge Heap Roots: 0.1ms
[0.501s][info][gc,phases   ] GC(1)   Evacuate Collection Set: 70.5ms
[0.501s][info][gc,phases   ] GC(1)   Post Evacuate Collection Set: 0.3ms
[0.501s][info][gc,phases   ] GC(1)   Other: 0.2ms
[0.501s][info][gc,heap     ] GC(1) Eden regions: 89->0(89)
[0.501s][info][gc,heap     ] GC(1) Survivor regions: 13->13(13)
[0.501s][info][gc,heap     ] GC(1) Old regions: 8->27
[0.501s][info][gc,heap     ] GC(1) Archive regions: 0->0
[0.501s][info][gc,heap     ] GC(1) Humongous regions: 23->23
[0.501s][info][gc,metaspace] GC(1) Metaspace: 493K(640K)->493K(640K) NonClass: 455K(512K)->455K(512K) Class: 37K(128K)->37K(128K)
[0.501s][info][gc          ] GC(1) Pause Young (Normal) (G1 Evacuation Pause) 132M->62M(2048M) 71.554ms
[0.501s][info][gc,cpu      ] GC(1) User=0.27s Sys=0.02s Real=0.07s
[0.571s][info][gc,start    ] GC(2) Pause Young (Normal) (G1 Evacuation Pause)
[0.571s][info][gc,task     ] GC(2) Using 4 workers of 4 for evacuation
[0.618s][info][gc,phases   ] GC(2)   Pre Evacuate Collection Set: 0.1ms
[0.619s][info][gc,phases   ] GC(2)   Merge Heap Roots: 0.1ms
[0.619s][info][gc,phases   ] GC(2)   Evacuate Collection Set: 46.7ms
[0.619s][info][gc,phases   ] GC(2)   Post Evacuate Collection Set: 0.2ms
[0.619s][info][gc,phases   ] GC(2)   Other: 0.2ms
[0.619s][info][gc,heap     ] GC(2) Eden regions: 89->0(89)
[0.619s][info][gc,heap     ] GC(2) Survivor regions: 13->13(13)
[0.619s][info][gc,heap     ] GC(2) Old regions: 27->45
[0.619s][info][gc,heap     ] GC(2) Archive regions: 0->0
[0.619s][info][gc,heap     ] GC(2) Humongous regions: 23->23
[0.619s][info][gc,metaspace] GC(2) Metaspace: 493K(640K)->493K(640K) NonClass: 455K(512K)->455K(512K) Class: 37K(128K)->37K(128K)
[0.619s][info][gc          ] GC(2) Pause Young (Normal) (G1 Evacuation Pause) 151M->81M(2048M) 47.696ms
[0.619s][info][gc,cpu      ] GC(2) User=0.16s Sys=0.00s Real=0.05s
[0.704s][info][gc,start    ] GC(3) Pause Young (Normal) (G1 Evacuation Pause)
[0.704s][info][gc,task     ] GC(3) Using 4 workers of 4 for evacuation
[0.751s][info][gc,phases   ] GC(3)   Pre Evacuate Collection Set: 0.1ms
[0.751s][info][gc,phases   ] GC(3)   Merge Heap Roots: 0.1ms
[0.751s][info][gc,phases   ] GC(3)   Evacuate Collection Set: 46.7ms
[0.751s][info][gc,phases   ] GC(3)   Post Evacuate Collection Set: 0.3ms
[0.751s][info][gc,phases   ] GC(3)   Other: 0.1ms
[0.751s][info][gc,heap     ] GC(3) Eden regions: 89->0(89)
[0.751s][info][gc,heap     ] GC(3) Survivor regions: 13->13(13)
[0.751s][info][gc,heap     ] GC(3) Old regions: 45->64
[0.751s][info][gc,heap     ] GC(3) Archive regions: 0->0
[0.751s][info][gc,heap     ] GC(3) Humongous regions: 34->34
[0.751s][info][gc,metaspace] GC(3) Metaspace: 493K(640K)->493K(640K) NonClass: 455K(512K)->455K(512K) Class: 37K(128K)->37K(128K)
[0.751s][info][gc          ] GC(3) Pause Young (Normal) (G1 Evacuation Pause) 181M->111M(2048M) 47.565ms
[0.752s][info][gc,cpu      ] GC(3) User=0.19s Sys=0.00s Real=0.05s
[0.835s][info][gc,start    ] GC(4) Pause Young (Normal) (G1 Evacuation Pause)
[0.835s][info][gc,task     ] GC(4) Using 4 workers of 4 for evacuation
[0.885s][info][gc,phases   ] GC(4)   Pre Evacuate Collection Set: 0.1ms
[0.885s][info][gc,phases   ] GC(4)   Merge Heap Roots: 0.1ms
[0.885s][info][gc,phases   ] GC(4)   Evacuate Collection Set: 49.6ms
[0.885s][info][gc,phases   ] GC(4)   Post Evacuate Collection Set: 0.3ms
[0.885s][info][gc,phases   ] GC(4)   Other: 0.2ms
[0.885s][info][gc,heap     ] GC(4) Eden regions: 89->0(89)
[0.885s][info][gc,heap     ] GC(4) Survivor regions: 13->13(13)
[0.885s][info][gc,heap     ] GC(4) Old regions: 64->83
[0.885s][info][gc,heap     ] GC(4) Archive regions: 0->0
[0.885s][info][gc,heap     ] GC(4) Humongous regions: 50->50
[0.885s][info][gc,metaspace] GC(4) Metaspace: 493K(640K)->493K(640K) NonClass: 455K(512K)->455K(512K) Class: 37K(128K)->37K(128K)
[0.885s][info][gc          ] GC(4) Pause Young (Normal) (G1 Evacuation Pause) 216M->145M(2048M) 50.474ms
[0.885s][info][gc,cpu      ] GC(4) User=0.16s Sys=0.03s Real=0.05s
[0.954s][info][gc,start    ] GC(5) Pause Young (Normal) (G1 Evacuation Pause)
[0.954s][info][gc,task     ] GC(5) Using 4 workers of 4 for evacuation
[0.998s][info][gc,phases   ] GC(5)   Pre Evacuate Collection Set: 0.1ms
[0.998s][info][gc,phases   ] GC(5)   Merge Heap Roots: 0.1ms
[0.998s][info][gc,phases   ] GC(5)   Evacuate Collection Set: 43.2ms
[0.998s][info][gc,phases   ] GC(5)   Post Evacuate Collection Set: 0.3ms
[0.998s][info][gc,phases   ] GC(5)   Other: 0.1ms
[0.998s][info][gc,heap     ] GC(5) Eden regions: 89->0(89)
[0.998s][info][gc,heap     ] GC(5) Survivor regions: 13->13(13)
[0.998s][info][gc,heap     ] GC(5) Old regions: 83->101
[0.998s][info][gc,heap     ] GC(5) Archive regions: 0->0
[0.998s][info][gc,heap     ] GC(5) Humongous regions: 50->50
[0.998s][info][gc,metaspace] GC(5) Metaspace: 493K(640K)->493K(640K) NonClass: 455K(512K)->455K(512K) Class: 37K(128K)->37K(128K)
[0.998s][info][gc          ] GC(5) Pause Young (Normal) (G1 Evacuation Pause) 234M->163M(2048M) 44.183ms
[0.998s][info][gc,cpu      ] GC(5) User=0.13s Sys=0.00s Real=0.04s
[1.096s][info][gc,start    ] GC(6) Pause Young (Normal) (G1 Evacuation Pause)
[1.096s][info][gc,task     ] GC(6) Using 4 workers of 4 for evacuation
[1.155s][info][gc,phases   ] GC(6)   Pre Evacuate Collection Set: 0.1ms
[1.155s][info][gc,phases   ] GC(6)   Merge Heap Roots: 0.1ms
[1.155s][info][gc,phases   ] GC(6)   Evacuate Collection Set: 58.3ms
[1.155s][info][gc,phases   ] GC(6)   Post Evacuate Collection Set: 0.2ms
[1.155s][info][gc,phases   ] GC(6)   Other: 0.2ms
[1.155s][info][gc,heap     ] GC(6) Eden regions: 89->0(89)
[1.155s][info][gc,heap     ] GC(6) Survivor regions: 13->13(13)
[1.155s][info][gc,heap     ] GC(6) Old regions: 101->120
[1.155s][info][gc,heap     ] GC(6) Archive regions: 0->0
[1.155s][info][gc,heap     ] GC(6) Humongous regions: 74->74
[1.155s][info][gc,metaspace] GC(6) Metaspace: 493K(640K)->493K(640K) NonClass: 455K(512K)->455K(512K) Class: 37K(128K)->37K(128K)
[1.155s][info][gc          ] GC(6) Pause Young (Normal) (G1 Evacuation Pause) 276M->206M(2048M) 59.174ms
[1.155s][info][gc,cpu      ] GC(6) User=0.19s Sys=0.00s Real=0.06s
[1.224s][info][gc,start    ] GC(7) Pause Young (Normal) (G1 Evacuation Pause)
[1.224s][info][gc,task     ] GC(7) Using 4 workers of 4 for evacuation
[1.270s][info][gc,phases   ] GC(7)   Pre Evacuate Collection Set: 0.1ms
[1.270s][info][gc,phases   ] GC(7)   Merge Heap Roots: 0.1ms
[1.270s][info][gc,phases   ] GC(7)   Evacuate Collection Set: 45.7ms
[1.270s][info][gc,phases   ] GC(7)   Post Evacuate Collection Set: 0.3ms
[1.270s][info][gc,phases   ] GC(7)   Other: 0.2ms
[1.270s][info][gc,heap     ] GC(7) Eden regions: 89->0(123)
[1.270s][info][gc,heap     ] GC(7) Survivor regions: 13->13(13)
[1.270s][info][gc,heap     ] GC(7) Old regions: 120->139
[1.270s][info][gc,heap     ] GC(7) Archive regions: 0->0
[1.270s][info][gc,heap     ] GC(7) Humongous regions: 74->74
[1.270s][info][gc,metaspace] GC(7) Metaspace: 493K(640K)->493K(640K) NonClass: 455K(512K)->455K(512K) Class: 37K(128K)->37K(128K)
[1.271s][info][gc          ] GC(7) Pause Young (Normal) (G1 Evacuation Pause) 295M->225M(2048M) 46.657ms
[1.271s][info][gc,cpu      ] GC(7) User=0.16s Sys=0.03s Real=0.05s
[1.373s][info][gc,start    ] GC(8) Pause Young (Normal) (G1 Evacuation Pause)
[1.374s][info][gc,task     ] GC(8) Using 4 workers of 4 for evacuation
[1.426s][info][gc,phases   ] GC(8)   Pre Evacuate Collection Set: 0.1ms
[1.426s][info][gc,phases   ] GC(8)   Merge Heap Roots: 0.1ms
[1.426s][info][gc,phases   ] GC(8)   Evacuate Collection Set: 52.0ms
[1.426s][info][gc,phases   ] GC(8)   Post Evacuate Collection Set: 0.3ms
[1.426s][info][gc,phases   ] GC(8)   Other: 0.2ms
[1.426s][info][gc,heap     ] GC(8) Eden regions: 123->0(138)
[1.426s][info][gc,heap     ] GC(8) Survivor regions: 13->17(17)
[1.426s][info][gc,heap     ] GC(8) Old regions: 139->160
[1.426s][info][gc,heap     ] GC(8) Archive regions: 0->0
[1.426s][info][gc,heap     ] GC(8) Humongous regions: 74->74
[1.426s][info][gc,metaspace] GC(8) Metaspace: 493K(640K)->493K(640K) NonClass: 455K(512K)->455K(512K) Class: 37K(128K)->37K(128K)
[1.426s][info][gc          ] GC(8) Pause Young (Normal) (G1 Evacuation Pause) 348M->251M(2048M) 52.898ms
[1.426s][info][gc,cpu      ] GC(8) User=0.22s Sys=0.02s Real=0.05s
[1.567s][info][gc,start    ] GC(9) Pause Young (Normal) (G1 Evacuation Pause)
[1.567s][info][gc,task     ] GC(9) Using 4 workers of 4 for evacuation
[1.647s][info][gc,phases   ] GC(9)   Pre Evacuate Collection Set: 0.1ms
[1.647s][info][gc,phases   ] GC(9)   Merge Heap Roots: 0.1ms
[1.647s][info][gc,phases   ] GC(9)   Evacuate Collection Set: 79.3ms
[1.647s][info][gc,phases   ] GC(9)   Post Evacuate Collection Set: 0.3ms
[1.647s][info][gc,phases   ] GC(9)   Other: 0.2ms
[1.647s][info][gc,heap     ] GC(9) Eden regions: 138->0(144)
[1.647s][info][gc,heap     ] GC(9) Survivor regions: 17->20(20)
[1.647s][info][gc,heap     ] GC(9) Old regions: 160->186
[1.647s][info][gc,heap     ] GC(9) Archive regions: 0->0
[1.647s][info][gc,heap     ] GC(9) Humongous regions: 110->110
[1.647s][info][gc,metaspace] GC(9) Metaspace: 493K(640K)->493K(640K) NonClass: 455K(512K)->455K(512K) Class: 37K(128K)->37K(128K)
[1.647s][info][gc          ] GC(9) Pause Young (Normal) (G1 Evacuation Pause) 425M->315M(2048M) 80.385ms
[1.647s][info][gc,cpu      ] GC(9) User=0.30s Sys=0.02s Real=0.08s
[1.783s][info][gc,start    ] GC(10) Pause Young (Normal) (G1 Evacuation Pause)
[1.783s][info][gc,task     ] GC(10) Using 4 workers of 4 for evacuation
[1.840s][info][gc,phases   ] GC(10)   Pre Evacuate Collection Set: 0.1ms
[1.840s][info][gc,phases   ] GC(10)   Merge Heap Roots: 0.1ms
[1.840s][info][gc,phases   ] GC(10)   Evacuate Collection Set: 56.5ms
[1.840s][info][gc,phases   ] GC(10)   Post Evacuate Collection Set: 0.3ms
[1.840s][info][gc,phases   ] GC(10)   Other: 0.2ms
[1.840s][info][gc,heap     ] GC(10) Eden regions: 144->0(1207)
[1.840s][info][gc,heap     ] GC(10) Survivor regions: 20->21(21)
[1.840s][info][gc,heap     ] GC(10) Old regions: 186->207
[1.841s][info][gc,heap     ] GC(10) Archive regions: 0->0
[1.841s][info][gc,heap     ] GC(10) Humongous regions: 110->110
[1.841s][info][gc,metaspace] GC(10) Metaspace: 494K(640K)->494K(640K) NonClass: 456K(512K)->456K(512K) Class: 37K(128K)->37K(128K)
[1.841s][info][gc          ] GC(10) Pause Young (Normal) (G1 Evacuation Pause) 459M->337M(2048M) 57.449ms
[1.841s][info][gc,cpu      ] GC(10) User=0.17s Sys=0.02s Real=0.06s
[3.046s][info][gc,start    ] GC(11) Pause Young (Normal) (G1 Evacuation Pause)
[3.046s][info][gc,task     ] GC(11) Using 4 workers of 4 for evacuation
[3.106s][info][gc,phases   ] GC(11)   Pre Evacuate Collection Set: 0.1ms
[3.106s][info][gc,phases   ] GC(11)   Merge Heap Roots: 0.3ms
[3.106s][info][gc,phases   ] GC(11)   Evacuate Collection Set: 58.4ms
[3.106s][info][gc,phases   ] GC(11)   Post Evacuate Collection Set: 0.7ms
[3.106s][info][gc,phases   ] GC(11)   Other: 0.4ms
[3.106s][info][gc,heap     ] GC(11) Eden regions: 1069->0(988)
[3.106s][info][gc,heap     ] GC(11) Survivor regions: 21->37(137)
[3.106s][info][gc,heap     ] GC(11) Old regions: 207->207
[3.106s][info][gc,heap     ] GC(11) Archive regions: 0->0
[3.106s][info][gc,heap     ] GC(11) Humongous regions: 110->110
[3.106s][info][gc,metaspace] GC(11) Metaspace: 494K(640K)->494K(640K) NonClass: 456K(512K)->456K(512K) Class: 37K(128K)->37K(128K)
[3.106s][info][gc          ] GC(11) Pause Young (Normal) (G1 Evacuation Pause) 1406M->353M(2048M) 60.208ms
[3.106s][info][gc,cpu      ] GC(11) User=0.19s Sys=0.03s Real=0.06s
[3.871s][info][gc,start    ] GC(12) Pause Young (Normal) (G1 Evacuation Pause)
[3.871s][info][gc,task     ] GC(12) Using 4 workers of 4 for evacuation
[3.919s][info][gc,phases   ] GC(12)   Pre Evacuate Collection Set: 0.2ms
[3.919s][info][gc,phases   ] GC(12)   Merge Heap Roots: 0.3ms
[3.919s][info][gc,phases   ] GC(12)   Evacuate Collection Set: 46.9ms
[3.919s][info][gc,phases   ] GC(12)   Post Evacuate Collection Set: 0.7ms
[3.920s][info][gc,phases   ] GC(12)   Other: 0.2ms
[3.920s][info][gc,heap     ] GC(12) Eden regions: 988->0(1195)
[3.920s][info][gc,heap     ] GC(12) Survivor regions: 37->33(129)
[3.920s][info][gc,heap     ] GC(12) Old regions: 207->207
[3.920s][info][gc,heap     ] GC(12) Archive regions: 0->0
[3.920s][info][gc,heap     ] GC(12) Humongous regions: 110->110
[3.920s][info][gc,metaspace] GC(12) Metaspace: 494K(640K)->494K(640K) NonClass: 456K(512K)->456K(512K) Class: 37K(128K)->37K(128K)
[3.920s][info][gc          ] GC(12) Pause Young (Normal) (G1 Evacuation Pause) 1341M->349M(2048M) 48.410ms
[3.920s][info][gc,cpu      ] GC(12) User=0.19s Sys=0.00s Real=0.05s
[4.891s][info][gc,start    ] GC(13) Pause Young (Normal) (G1 Evacuation Pause)
[4.891s][info][gc,task     ] GC(13) Using 4 workers of 4 for evacuation
[5.000s][info][gc,phases   ] GC(13)   Pre Evacuate Collection Set: 0.1ms
[5.000s][info][gc,phases   ] GC(13)   Merge Heap Roots: 0.3ms
[5.000s][info][gc,phases   ] GC(13)   Evacuate Collection Set: 107.3ms
[5.000s][info][gc,phases   ] GC(13)   Post Evacuate Collection Set: 0.8ms
[5.000s][info][gc,phases   ] GC(13)   Other: 0.3ms
[5.000s][info][gc,heap     ] GC(13) Eden regions: 1195->0(1158)
[5.000s][info][gc,heap     ] GC(13) Survivor regions: 33->70(154)
[5.000s][info][gc,heap     ] GC(13) Old regions: 207->207
[5.000s][info][gc,heap     ] GC(13) Archive regions: 0->0
[5.000s][info][gc,heap     ] GC(13) Humongous regions: 110->110
[5.000s][info][gc,metaspace] GC(13) Metaspace: 494K(640K)->494K(640K) NonClass: 456K(512K)->456K(512K) Class: 37K(128K)->37K(128K)
[5.000s][info][gc          ] GC(13) Pause Young (Normal) (G1 Evacuation Pause) 1544M->386M(2048M) 108.982ms
[5.000s][info][gc,cpu      ] GC(13) User=0.31s Sys=0.03s Real=0.11s
[5.939s][info][gc,start    ] GC(14) Pause Young (Normal) (G1 Evacuation Pause)
[5.939s][info][gc,task     ] GC(14) Using 4 workers of 4 for evacuation
[6.077s][info][gc,phases   ] GC(14)   Pre Evacuate Collection Set: 0.1ms
[6.077s][info][gc,phases   ] GC(14)   Merge Heap Roots: 0.4ms
[6.077s][info][gc,phases   ] GC(14)   Evacuate Collection Set: 136.7ms
[6.077s][info][gc,phases   ] GC(14)   Post Evacuate Collection Set: 0.7ms
[6.077s][info][gc,phases   ] GC(14)   Other: 0.3ms
[6.077s][info][gc,heap     ] GC(14) Eden regions: 1158->0(470)
[6.077s][info][gc,heap     ] GC(14) Survivor regions: 70->99(154)
[6.077s][info][gc,heap     ] GC(14) Old regions: 207->207
[6.077s][info][gc,heap     ] GC(14) Archive regions: 0->0
[6.077s][info][gc,heap     ] GC(14) Humongous regions: 110->110
[6.077s][info][gc,metaspace] GC(14) Metaspace: 494K(640K)->494K(640K) NonClass: 456K(512K)->456K(512K) Class: 37K(128K)->37K(128K)
[6.078s][info][gc          ] GC(14) Pause Young (Normal) (G1 Evacuation Pause) 1544M->415M(2048M) 138.630ms
[6.078s][info][gc,cpu      ] GC(14) User=0.50s Sys=0.00s Real=0.14s
[6.494s][info][gc,start    ] GC(15) Pause Young (Normal) (G1 Evacuation Pause)
[6.494s][info][gc,task     ] GC(15) Using 4 workers of 4 for evacuation
[6.755s][info][gc,mmu      ] GC(15) MMU target violated: 201.0ms (200.0ms/201.0ms)
[6.755s][info][gc,phases   ] GC(15)   Pre Evacuate Collection Set: 0.1ms
[6.755s][info][gc,phases   ] GC(15)   Merge Heap Roots: 0.2ms
[6.755s][info][gc,phases   ] GC(15)   Evacuate Collection Set: 260.0ms
[6.755s][info][gc,phases   ] GC(15)   Post Evacuate Collection Set: 0.6ms
[6.755s][info][gc,phases   ] GC(15)   Other: 0.3ms
[6.755s][info][gc,heap     ] GC(15) Eden regions: 470->0(255)
[6.755s][info][gc,heap     ] GC(15) Survivor regions: 99->72(72)
[6.755s][info][gc,heap     ] GC(15) Old regions: 207->328
[6.755s][info][gc,heap     ] GC(15) Archive regions: 0->0
[6.755s][info][gc,heap     ] GC(15) Humongous regions: 110->110
[6.755s][info][gc,metaspace] GC(15) Metaspace: 494K(640K)->494K(640K) NonClass: 456K(512K)->456K(512K) Class: 37K(128K)->37K(128K)
[6.755s][info][gc          ] GC(15) Pause Young (Normal) (G1 Evacuation Pause) 885M->509M(2048M) 261.443ms
[6.755s][info][gc,cpu      ] GC(15) User=0.95s Sys=0.05s Real=0.26s
[6.957s][info][gc,start    ] GC(16) Pause Young (Normal) (G1 Evacuation Pause)
[6.957s][info][gc,task     ] GC(16) Using 4 workers of 4 for evacuation
[7.016s][info][gc,phases   ] GC(16)   Pre Evacuate Collection Set: 0.1ms
[7.016s][info][gc,phases   ] GC(16)   Merge Heap Roots: 0.1ms
[7.016s][info][gc,phases   ] GC(16)   Evacuate Collection Set: 57.8ms
[7.016s][info][gc,phases   ] GC(16)   Post Evacuate Collection Set: 0.5ms
[7.016s][info][gc,phases   ] GC(16)   Other: 0.2ms
[7.016s][info][gc,heap     ] GC(16) Eden regions: 255->0(516)
[7.016s][info][gc,heap     ] GC(16) Survivor regions: 72->41(41)
[7.016s][info][gc,heap     ] GC(16) Old regions: 328->329
[7.016s][info][gc,heap     ] GC(16) Archive regions: 0->0
[7.016s][info][gc,heap     ] GC(16) Humongous regions: 110->110
[7.016s][info][gc,metaspace] GC(16) Metaspace: 494K(640K)->494K(640K) NonClass: 456K(512K)->456K(512K) Class: 37K(128K)->37K(128K)
[7.016s][info][gc          ] GC(16) Pause Young (Normal) (G1 Evacuation Pause) 764M->480M(2048M) 59.069ms
[7.016s][info][gc,cpu      ] GC(16) User=0.20s Sys=0.00s Real=0.06s
[7.454s][info][gc,start    ] GC(17) Pause Young (Normal) (G1 Evacuation Pause)
[7.454s][info][gc,task     ] GC(17) Using 4 workers of 4 for evacuation
[7.644s][info][gc,phases   ] GC(17)   Pre Evacuate Collection Set: 0.1ms
[7.644s][info][gc,phases   ] GC(17)   Merge Heap Roots: 0.2ms
[7.644s][info][gc,phases   ] GC(17)   Evacuate Collection Set: 189.0ms
[7.644s][info][gc,phases   ] GC(17)   Post Evacuate Collection Set: 0.6ms
[7.645s][info][gc,phases   ] GC(17)   Other: 0.2ms
[7.645s][info][gc,heap     ] GC(17) Eden regions: 516->0(300)
[7.645s][info][gc,heap     ] GC(17) Survivor regions: 41->70(70)
[7.645s][info][gc,heap     ] GC(17) Old regions: 329->405
[7.645s][info][gc,heap     ] GC(17) Archive regions: 0->0
[7.645s][info][gc,heap     ] GC(17) Humongous regions: 110->110
[7.645s][info][gc,metaspace] GC(17) Metaspace: 494K(640K)->494K(640K) NonClass: 456K(512K)->456K(512K) Class: 37K(128K)->37K(128K)
[7.645s][info][gc          ] GC(17) Pause Young (Normal) (G1 Evacuation Pause) 996M->584M(2048M) 190.432ms
[7.645s][info][gc,cpu      ] GC(17) User=0.64s Sys=0.03s Real=0.19s
[7.916s][info][gc,start    ] GC(18) Pause Young (Normal) (G1 Evacuation Pause)
[7.916s][info][gc,task     ] GC(18) Using 4 workers of 4 for evacuation
[7.927s][info][gc,phases   ] GC(18)   Pre Evacuate Collection Set: 0.1ms
[7.927s][info][gc,phases   ] GC(18)   Merge Heap Roots: 0.2ms
[7.927s][info][gc,phases   ] GC(18)   Evacuate Collection Set: 9.2ms
[7.927s][info][gc,phases   ] GC(18)   Post Evacuate Collection Set: 0.6ms
[7.927s][info][gc,phases   ] GC(18)   Other: 0.2ms
[7.927s][info][gc,heap     ] GC(18) Eden regions: 300->0(822)
[7.927s][info][gc,heap     ] GC(18) Survivor regions: 70->4(47)
[7.927s][info][gc,heap     ] GC(18) Old regions: 405->405
[7.927s][info][gc,heap     ] GC(18) Archive regions: 0->0
[7.927s][info][gc,heap     ] GC(18) Humongous regions: 110->110
[7.927s][info][gc,metaspace] GC(18) Metaspace: 494K(640K)->494K(640K) NonClass: 456K(512K)->456K(512K) Class: 37K(128K)->37K(128K)
[7.927s][info][gc          ] GC(18) Pause Young (Normal) (G1 Evacuation Pause) 884M->519M(2048M) 10.462ms
[7.927s][info][gc,cpu      ] GC(18) User=0.06s Sys=0.00s Real=0.01s
[8.603s][info][gc,start    ] GC(19) Pause Young (Normal) (G1 Evacuation Pause)
[8.603s][info][gc,task     ] GC(19) Using 4 workers of 4 for evacuation
[8.833s][info][gc,mmu      ] GC(19) MMU target violated: 201.0ms (200.0ms/201.0ms)
[8.833s][info][gc,phases   ] GC(19)   Pre Evacuate Collection Set: 0.1ms
[8.833s][info][gc,phases   ] GC(19)   Merge Heap Roots: 0.2ms
[8.833s][info][gc,phases   ] GC(19)   Evacuate Collection Set: 228.2ms
[8.833s][info][gc,phases   ] GC(19)   Post Evacuate Collection Set: 0.7ms
[8.833s][info][gc,phases   ] GC(19)   Other: 0.3ms
[8.833s][info][gc,heap     ] GC(19) Eden regions: 822->0(191)
[8.833s][info][gc,heap     ] GC(19) Survivor regions: 4->104(104)
[8.833s][info][gc,heap     ] GC(19) Old regions: 405->470
[8.833s][info][gc,heap     ] GC(19) Archive regions: 0->0
[8.833s][info][gc,heap     ] GC(19) Humongous regions: 110->110
[8.833s][info][gc,metaspace] GC(19) Metaspace: 494K(640K)->494K(640K) NonClass: 456K(512K)->456K(512K) Class: 37K(128K)->37K(128K)
[8.833s][info][gc          ] GC(19) Pause Young (Normal) (G1 Evacuation Pause) 1341M->683M(2048M) 229.801ms
[8.833s][info][gc,cpu      ] GC(19) User=0.89s Sys=0.02s Real=0.23s
[9.010s][info][gc,start    ] GC(20) Pause Young (Normal) (G1 Evacuation Pause)
[9.010s][info][gc,task     ] GC(20) Using 4 workers of 4 for evacuation
[9.022s][info][gc,phases   ] GC(20)   Pre Evacuate Collection Set: 0.1ms
[9.022s][info][gc,phases   ] GC(20)   Merge Heap Roots: 0.2ms
[9.022s][info][gc,phases   ] GC(20)   Evacuate Collection Set: 10.7ms
[9.022s][info][gc,phases   ] GC(20)   Post Evacuate Collection Set: 0.3ms
[9.022s][info][gc,phases   ] GC(20)   Other: 0.2ms
[9.022s][info][gc,heap     ] GC(20) Eden regions: 191->0(862)
[9.022s][info][gc,heap     ] GC(20) Survivor regions: 104->6(37)
[9.022s][info][gc,heap     ] GC(20) Old regions: 470->470
[9.022s][info][gc,heap     ] GC(20) Archive regions: 0->0
[9.022s][info][gc,heap     ] GC(20) Humongous regions: 110->110
[9.022s][info][gc,metaspace] GC(20) Metaspace: 494K(640K)->494K(640K) NonClass: 456K(512K)->456K(512K) Class: 37K(128K)->37K(128K)
[9.022s][info][gc          ] GC(20) Pause Young (Normal) (G1 Evacuation Pause) 874M->585M(2048M) 11.808ms
[9.022s][info][gc,cpu      ] GC(20) User=0.06s Sys=0.00s Real=0.01s
[9.712s][info][gc,start    ] GC(21) Pause Young (Normal) (G1 Evacuation Pause)
[9.712s][info][gc,task     ] GC(21) Using 4 workers of 4 for evacuation
[9.952s][info][gc,mmu      ] GC(21) MMU target violated: 201.0ms (200.0ms/201.0ms)
[9.952s][info][gc,phases   ] GC(21)   Pre Evacuate Collection Set: 0.1ms
[9.952s][info][gc,phases   ] GC(21)   Merge Heap Roots: 0.2ms
[9.952s][info][gc,phases   ] GC(21)   Evacuate Collection Set: 238.2ms
[9.952s][info][gc,phases   ] GC(21)   Post Evacuate Collection Set: 0.8ms
[9.952s][info][gc,phases   ] GC(21)   Other: 0.4ms
[9.952s][info][gc,heap     ] GC(21) Eden regions: 862->0(215)
[9.952s][info][gc,heap     ] GC(21) Survivor regions: 6->109(109)
[9.952s][info][gc,heap     ] GC(21) Old regions: 470->538
[9.952s][info][gc,heap     ] GC(21) Archive regions: 0->0
[9.952s][info][gc,heap     ] GC(21) Humongous regions: 110->110
[9.952s][info][gc,metaspace] GC(21) Metaspace: 494K(640K)->494K(640K) NonClass: 456K(512K)->456K(512K) Class: 37K(128K)->37K(128K)
[9.952s][info][gc          ] GC(21) Pause Young (Normal) (G1 Evacuation Pause) 1447M->757M(2048M) 240.061ms
[9.952s][info][gc,cpu      ] GC(21) User=0.81s Sys=0.03s Real=0.24s
[10.125s][info][gc,start    ] GC(22) Pause Young (Normal) (G1 Evacuation Pause)
[10.125s][info][gc,task     ] GC(22) Using 4 workers of 4 for evacuation
[10.153s][info][gc,phases   ] GC(22)   Pre Evacuate Collection Set: 0.1ms
[10.153s][info][gc,phases   ] GC(22)   Merge Heap Roots: 0.2ms
[10.153s][info][gc,phases   ] GC(22)   Evacuate Collection Set: 27.1ms
[10.153s][info][gc,phases   ] GC(22)   Post Evacuate Collection Set: 0.5ms
[10.153s][info][gc,phases   ] GC(22)   Other: 0.2ms
[10.153s][info][gc,heap     ] GC(22) Eden regions: 215->0(849)
[10.153s][info][gc,heap     ] GC(22) Survivor regions: 109->19(41)
[10.153s][info][gc,heap     ] GC(22) Old regions: 538->539
[10.153s][info][gc,heap     ] GC(22) Archive regions: 0->0
[10.153s][info][gc,heap     ] GC(22) Humongous regions: 110->110
[10.153s][info][gc,metaspace] GC(22) Metaspace: 494K(640K)->494K(640K) NonClass: 456K(512K)->456K(512K) Class: 37K(128K)->37K(128K)
[10.153s][info][gc          ] GC(22) Pause Young (Normal) (G1 Evacuation Pause) 972M->667M(2048M) 28.247ms
[10.153s][info][gc,cpu      ] GC(22) User=0.06s Sys=0.00s Real=0.03s
[10.848s][info][gc,start    ] GC(23) Pause Young (Normal) (G1 Evacuation Pause)
[10.848s][info][gc,task     ] GC(23) Using 4 workers of 4 for evacuation
[11.100s][info][gc,mmu      ] GC(23) MMU target violated: 201.0ms (200.0ms/201.0ms)
[11.101s][info][gc,phases   ] GC(23)   Pre Evacuate Collection Set: 0.2ms
[11.101s][info][gc,phases   ] GC(23)   Merge Heap Roots: 0.3ms
[11.101s][info][gc,phases   ] GC(23)   Evacuate Collection Set: 251.3ms
[11.101s][info][gc,phases   ] GC(23)   Post Evacuate Collection Set: 0.9ms
[11.101s][info][gc,phases   ] GC(23)   Other: 0.3ms
[11.101s][info][gc,heap     ] GC(23) Eden regions: 849->0(236)
[11.101s][info][gc,heap     ] GC(23) Survivor regions: 19->109(109)
[11.101s][info][gc,heap     ] GC(23) Old regions: 539->618
[11.101s][info][gc,heap     ] GC(23) Archive regions: 0->0
[11.101s][info][gc,heap     ] GC(23) Humongous regions: 110->110
[11.101s][info][gc,metaspace] GC(23) Metaspace: 494K(640K)->494K(640K) NonClass: 456K(512K)->456K(512K) Class: 37K(128K)->37K(128K)
[11.101s][info][gc          ] GC(23) Pause Young (Normal) (G1 Evacuation Pause) 1516M->837M(2048M) 253.386ms
[11.101s][info][gc,cpu      ] GC(23) User=0.89s Sys=0.05s Real=0.25s
[11.291s][info][gc,start    ] GC(24) Pause Young (Normal) (G1 Evacuation Pause)
[11.291s][info][gc,task     ] GC(24) Using 4 workers of 4 for evacuation
[11.338s][info][gc,phases   ] GC(24)   Pre Evacuate Collection Set: 0.1ms
[11.339s][info][gc,phases   ] GC(24)   Merge Heap Roots: 0.1ms
[11.339s][info][gc,phases   ] GC(24)   Evacuate Collection Set: 46.1ms
[11.339s][info][gc,phases   ] GC(24)   Post Evacuate Collection Set: 0.6ms
[11.339s][info][gc,phases   ] GC(24)   Other: 0.2ms
[11.339s][info][gc,heap     ] GC(24) Eden regions: 236->0(783)
[11.339s][info][gc,heap     ] GC(24) Survivor regions: 109->35(44)
[11.339s][info][gc,heap     ] GC(24) Old regions: 618->618
[11.339s][info][gc,heap     ] GC(24) Archive regions: 0->0
[11.339s][info][gc,heap     ] GC(24) Humongous regions: 110->110
[11.339s][info][gc,metaspace] GC(24) Metaspace: 494K(640K)->494K(640K) NonClass: 456K(512K)->456K(512K) Class: 37K(128K)->37K(128K)
[11.339s][info][gc          ] GC(24) Pause Young (Normal) (G1 Evacuation Pause) 1073M->762M(2048M) 47.329ms
[11.339s][info][gc,cpu      ] GC(24) User=0.14s Sys=0.00s Real=0.05s
[11.944s][info][gc,start    ] GC(25) Pause Young (Normal) (G1 Evacuation Pause)
[11.944s][info][gc,task     ] GC(25) Using 4 workers of 4 for evacuation
[12.187s][info][gc,mmu      ] GC(25) MMU target violated: 201.0ms (200.0ms/201.0ms)
[12.187s][info][gc,phases   ] GC(25)   Pre Evacuate Collection Set: 0.1ms
[12.187s][info][gc,phases   ] GC(25)   Merge Heap Roots: 0.2ms
[12.187s][info][gc,phases   ] GC(25)   Evacuate Collection Set: 242.3ms
[12.187s][info][gc,phases   ] GC(25)   Post Evacuate Collection Set: 0.7ms
[12.187s][info][gc,phases   ] GC(25)   Other: 0.3ms
[12.187s][info][gc,heap     ] GC(25) Eden regions: 783->0(287)
[12.187s][info][gc,heap     ] GC(25) Survivor regions: 35->103(103)
[12.187s][info][gc,heap     ] GC(25) Old regions: 618->706
[12.187s][info][gc,heap     ] GC(25) Archive regions: 0->0
[12.187s][info][gc,heap     ] GC(25) Humongous regions: 110->110
[12.187s][info][gc,metaspace] GC(25) Metaspace: 494K(640K)->494K(640K) NonClass: 456K(512K)->456K(512K) Class: 37K(128K)->37K(128K)
[12.188s][info][gc          ] GC(25) Pause Young (Normal) (G1 Evacuation Pause) 1545M->918M(2048M) 243.904ms
[12.188s][info][gc,cpu      ] GC(25) User=0.89s Sys=0.00s Real=0.24s
[12.419s][info][gc,start    ] GC(26) Pause Young (Normal) (G1 Evacuation Pause)
[12.419s][info][gc,task     ] GC(26) Using 4 workers of 4 for evacuation
[12.481s][info][gc,phases   ] GC(26)   Pre Evacuate Collection Set: 0.1ms
[12.481s][info][gc,phases   ] GC(26)   Merge Heap Roots: 0.2ms
[12.481s][info][gc,phases   ] GC(26)   Evacuate Collection Set: 61.4ms
[12.481s][info][gc,phases   ] GC(26)   Post Evacuate Collection Set: 0.5ms
[12.481s][info][gc,phases   ] GC(26)   Other: 0.2ms
[12.481s][info][gc,heap     ] GC(26) Eden regions: 287->0(732)
[12.481s][info][gc,heap     ] GC(26) Survivor regions: 103->47(49)
[12.481s][info][gc,heap     ] GC(26) Old regions: 706->706
[12.481s][info][gc,heap     ] GC(26) Archive regions: 0->0
[12.481s][info][gc,heap     ] GC(26) Humongous regions: 110->110
[12.481s][info][gc,metaspace] GC(26) Metaspace: 494K(640K)->494K(640K) NonClass: 456K(512K)->456K(512K) Class: 37K(128K)->37K(128K)
[12.481s][info][gc          ] GC(26) Pause Young (Normal) (G1 Evacuation Pause) 1205M->862M(2048M) 62.676ms
[12.481s][info][gc,cpu      ] GC(26) User=0.22s Sys=0.00s Real=0.06s
[13.043s][info][gc,start    ] GC(27) Pause Young (Normal) (G1 Evacuation Pause)
[13.043s][info][gc,task     ] GC(27) Using 4 workers of 4 for evacuation
[13.287s][info][gc,mmu      ] GC(27) MMU target violated: 201.0ms (200.0ms/201.0ms)
[13.287s][info][gc,phases   ] GC(27)   Pre Evacuate Collection Set: 0.1ms
[13.287s][info][gc,phases   ] GC(27)   Merge Heap Roots: 0.2ms
[13.287s][info][gc,phases   ] GC(27)   Evacuate Collection Set: 242.6ms
[13.287s][info][gc,phases   ] GC(27)   Post Evacuate Collection Set: 0.7ms
[13.287s][info][gc,phases   ] GC(27)   Other: 0.3ms
[13.287s][info][gc,heap     ] GC(27) Eden regions: 732->0(323)
[13.287s][info][gc,heap     ] GC(27) Survivor regions: 47->98(98)
[13.287s][info][gc,heap     ] GC(27) Old regions: 706->801
[13.288s][info][gc,heap     ] GC(27) Archive regions: 0->0
[13.288s][info][gc,heap     ] GC(27) Humongous regions: 110->110
[13.288s][info][gc,metaspace] GC(27) Metaspace: 494K(640K)->494K(640K) NonClass: 456K(512K)->456K(512K) Class: 37K(128K)->37K(128K)
[13.288s][info][gc          ] GC(27) Pause Young (Normal) (G1 Evacuation Pause) 1594M->1008M(2048M) 244.308ms
[13.288s][info][gc,cpu      ] GC(27) User=0.94s Sys=0.00s Real=0.24s
[13.546s][info][gc,start    ] GC(28) Pause Young (Normal) (G1 Evacuation Pause)
[13.546s][info][gc,task     ] GC(28) Using 4 workers of 4 for evacuation
[13.619s][info][gc,phases   ] GC(28)   Pre Evacuate Collection Set: 0.2ms
[13.619s][info][gc,phases   ] GC(28)   Merge Heap Roots: 0.2ms
[13.619s][info][gc,phases   ] GC(28)   Evacuate Collection Set: 72.0ms
[13.619s][info][gc,phases   ] GC(28)   Post Evacuate Collection Set: 0.5ms
[13.619s][info][gc,phases   ] GC(28)   Other: 0.2ms
[13.619s][info][gc,heap     ] GC(28) Eden regions: 323->0(645)
[13.619s][info][gc,heap     ] GC(28) Survivor regions: 98->53(53)
[13.619s][info][gc,heap     ] GC(28) Old regions: 801->804
[13.619s][info][gc,heap     ] GC(28) Archive regions: 0->0
[13.619s][info][gc,heap     ] GC(28) Humongous regions: 110->110
[13.619s][info][gc,metaspace] GC(28) Metaspace: 495K(640K)->495K(640K) NonClass: 457K(512K)->457K(512K) Class: 37K(128K)->37K(128K)
[13.619s][info][gc          ] GC(28) Pause Young (Normal) (G1 Evacuation Pause) 1331M->966M(2048M) 73.367ms
[13.619s][info][gc,cpu      ] GC(28) User=0.30s Sys=0.00s Real=0.07s
[14.114s][info][gc,start    ] GC(29) Pause Young (Normal) (G1 Evacuation Pause)
[14.114s][info][gc,task     ] GC(29) Using 4 workers of 4 for evacuation
[14.345s][info][gc,mmu      ] GC(29) MMU target violated: 201.0ms (200.0ms/201.0ms)
[14.345s][info][gc,phases   ] GC(29)   Pre Evacuate Collection Set: 0.1ms
[14.345s][info][gc,phases   ] GC(29)   Merge Heap Roots: 0.2ms
[14.345s][info][gc,phases   ] GC(29)   Evacuate Collection Set: 229.1ms
[14.345s][info][gc,phases   ] GC(29)   Post Evacuate Collection Set: 0.6ms
[14.345s][info][gc,phases   ] GC(29)   Other: 0.3ms
[14.345s][info][gc,heap     ] GC(29) Eden regions: 645->0(385)
[14.345s][info][gc,heap     ] GC(29) Survivor regions: 53->88(88)
[14.345s][info][gc,heap     ] GC(29) Old regions: 804->899
[14.345s][info][gc,heap     ] GC(29) Archive regions: 0->0
[14.345s][info][gc,heap     ] GC(29) Humongous regions: 110->110
[14.345s][info][gc,metaspace] GC(29) Metaspace: 495K(640K)->495K(640K) NonClass: 457K(512K)->457K(512K) Class: 37K(128K)->37K(128K)
[14.345s][info][gc          ] GC(29) Pause Young (Normal) (G1 Evacuation Pause) 1611M->1096M(2048M) 230.675ms
[14.345s][info][gc,cpu      ] GC(29) User=0.89s Sys=0.00s Real=0.23s
[14.648s][info][gc,start    ] GC(30) Pause Young (Concurrent Start) (G1 Evacuation Pause)
[14.648s][info][gc,task     ] GC(30) Using 4 workers of 4 for evacuation
[14.728s][info][gc,phases   ] GC(30)   Pre Evacuate Collection Set: 0.1ms
[14.728s][info][gc,phases   ] GC(30)   Merge Heap Roots: 0.2ms
[14.728s][info][gc,phases   ] GC(30)   Evacuate Collection Set: 79.4ms
[14.728s][info][gc,phases   ] GC(30)   Post Evacuate Collection Set: 0.6ms
[14.728s][info][gc,phases   ] GC(30)   Other: 0.3ms
[14.728s][info][gc,heap     ] GC(30) Eden regions: 385->0(562)
[14.728s][info][gc,heap     ] GC(30) Survivor regions: 88->60(60)
[14.728s][info][gc,heap     ] GC(30) Old regions: 899->899
[14.728s][info][gc,heap     ] GC(30) Archive regions: 0->0
[14.728s][info][gc,heap     ] GC(30) Humongous regions: 110->110
[14.728s][info][gc,metaspace] GC(30) Metaspace: 495K(640K)->495K(640K) NonClass: 457K(512K)->457K(512K) Class: 37K(128K)->37K(128K)
[14.728s][info][gc          ] GC(30) Pause Young (Concurrent Start) (G1 Evacuation Pause) 1481M->1068M(2048M) 80.679ms
[14.728s][info][gc,cpu      ] GC(30) User=0.30s Sys=0.00s Real=0.08s
[14.729s][info][gc          ] GC(31) Concurrent Mark Cycle
[14.729s][info][gc,marking  ] GC(31) Concurrent Clear Claimed Marks
[14.729s][info][gc,marking  ] GC(31) Concurrent Clear Claimed Marks 0.027ms
[14.729s][info][gc,marking  ] GC(31) Concurrent Scan Root Regions
[14.765s][info][gc,marking  ] GC(31) Concurrent Scan Root Regions 36.576ms
[14.765s][info][gc,marking  ] GC(31) Concurrent Mark
[14.765s][info][gc,marking  ] GC(31) Concurrent Mark From Roots
[14.765s][info][gc,task     ] GC(31) Using 1 workers of 1 for marking
[14.805s][info][gc,marking  ] GC(31) Concurrent Mark From Roots 39.709ms
[14.805s][info][gc,marking  ] GC(31) Concurrent Preclean
[14.805s][info][gc,marking  ] GC(31) Concurrent Preclean 0.073ms
[14.805s][info][gc,start    ] GC(31) Pause Remark
[14.806s][info][gc          ] GC(31) Pause Remark 1142M->181M(2048M) 1.131ms
[14.806s][info][gc,cpu      ] GC(31) User=0.00s Sys=0.00s Real=0.00s
[14.807s][info][gc,marking  ] GC(31) Concurrent Mark 41.196ms
[14.807s][info][gc,marking  ] GC(31) Concurrent Rebuild Remembered Sets
[14.843s][info][gc,marking  ] GC(31) Concurrent Rebuild Remembered Sets 36.176ms
[14.843s][info][gc,start    ] GC(31) Pause Cleanup
[14.843s][info][gc          ] GC(31) Pause Cleanup 222M->222M(2048M) 0.178ms
[14.843s][info][gc,cpu      ] GC(31) User=0.00s Sys=0.00s Real=0.00s
[14.843s][info][gc,marking  ] GC(31) Concurrent Cleanup for Next Mark
[14.859s][info][gc,marking  ] GC(31) Concurrent Cleanup for Next Mark 16.357ms
[14.860s][info][gc          ] GC(31) Concurrent Mark Cycle 130.961ms
[15.187s][info][gc,start    ] GC(32) Pause Young (Prepare Mixed) (G1 Evacuation Pause)
[15.187s][info][gc,task     ] GC(32) Using 4 workers of 4 for evacuation
[15.409s][info][gc,mmu      ] GC(32) MMU target violated: 201.0ms (200.0ms/201.0ms)
[15.409s][info][gc,phases   ] GC(32)   Pre Evacuate Collection Set: 0.2ms
[15.409s][info][gc,phases   ] GC(32)   Merge Heap Roots: 0.4ms
[15.409s][info][gc,phases   ] GC(32)   Evacuate Collection Set: 220.5ms
[15.409s][info][gc,phases   ] GC(32)   Post Evacuate Collection Set: 0.6ms
[15.409s][info][gc,phases   ] GC(32)   Other: 0.3ms
[15.409s][info][gc,heap     ] GC(32) Eden regions: 562->0(24)
[15.409s][info][gc,heap     ] GC(32) Survivor regions: 60->78(78)
[15.409s][info][gc,heap     ] GC(32) Old regions: 11->106
[15.409s][info][gc,heap     ] GC(32) Archive regions: 0->0
[15.409s][info][gc,heap     ] GC(32) Humongous regions: 36->36
[15.409s][info][gc,metaspace] GC(32) Metaspace: 495K(640K)->495K(640K) NonClass: 457K(512K)->457K(512K) Class: 37K(128K)->37K(128K)
[15.409s][info][gc          ] GC(32) Pause Young (Prepare Mixed) (G1 Evacuation Pause) 668M->219M(2048M) 222.226ms
[15.409s][info][gc,cpu      ] GC(32) User=0.84s Sys=0.02s Real=0.22s
[15.428s][info][gc,start    ] GC(33) Pause Young (Mixed) (G1 Evacuation Pause)
[15.428s][info][gc,task     ] GC(33) Using 4 workers of 4 for evacuation
[15.527s][info][gc,phases   ] GC(33)   Pre Evacuate Collection Set: 0.2ms
[15.527s][info][gc,phases   ] GC(33)   Merge Heap Roots: 0.2ms
[15.527s][info][gc,phases   ] GC(33)   Evacuate Collection Set: 98.8ms
[15.527s][info][gc,phases   ] GC(33)   Post Evacuate Collection Set: 0.3ms
[15.527s][info][gc,phases   ] GC(33)   Other: 0.2ms
[15.527s][info][gc,heap     ] GC(33) Eden regions: 24->0(824)
[15.528s][info][gc,heap     ] GC(33) Survivor regions: 78->6(13)
[15.528s][info][gc,heap     ] GC(33) Old regions: 106->184
[15.528s][info][gc,heap     ] GC(33) Archive regions: 0->0
[15.528s][info][gc,heap     ] GC(33) Humongous regions: 36->36
[15.528s][info][gc,metaspace] GC(33) Metaspace: 495K(640K)->495K(640K) NonClass: 457K(512K)->457K(512K) Class: 37K(128K)->37K(128K)
[15.528s][info][gc          ] GC(33) Pause Young (Mixed) (G1 Evacuation Pause) 243M->225M(2048M) 99.994ms
[15.528s][info][gc,cpu      ] GC(33) User=0.31s Sys=0.02s Real=0.10s
[16.163s][info][gc,start    ] GC(34) Pause Young (Normal) (G1 Evacuation Pause)
[16.163s][info][gc,task     ] GC(34) Using 4 workers of 4 for evacuation
[16.345s][info][gc,phases   ] GC(34)   Pre Evacuate Collection Set: 0.1ms
[16.345s][info][gc,phases   ] GC(34)   Merge Heap Roots: 0.2ms
[16.345s][info][gc,phases   ] GC(34)   Evacuate Collection Set: 180.7ms
[16.345s][info][gc,phases   ] GC(34)   Post Evacuate Collection Set: 0.7ms
[16.345s][info][gc,phases   ] GC(34)   Other: 0.2ms
[16.345s][info][gc,heap     ] GC(34) Eden regions: 824->0(393)
[16.345s][info][gc,heap     ] GC(34) Survivor regions: 6->104(104)
[16.345s][info][gc,heap     ] GC(34) Old regions: 184->220
[16.345s][info][gc,heap     ] GC(34) Archive regions: 0->0
[16.345s][info][gc,heap     ] GC(34) Humongous regions: 36->36
[16.345s][info][gc,metaspace] GC(34) Metaspace: 495K(640K)->495K(640K) NonClass: 457K(512K)->457K(512K) Class: 37K(128K)->37K(128K)
[16.345s][info][gc          ] GC(34) Pause Young (Normal) (G1 Evacuation Pause) 1049M->359M(2048M) 182.164ms
[16.345s][info][gc,cpu      ] GC(34) User=0.72s Sys=0.00s Real=0.18s
[16.659s][info][gc,start    ] GC(35) Pause Young (Normal) (G1 Evacuation Pause)
[16.659s][info][gc,task     ] GC(35) Using 4 workers of 4 for evacuation
[16.685s][info][gc,phases   ] GC(35)   Pre Evacuate Collection Set: 0.1ms
[16.686s][info][gc,phases   ] GC(35)   Merge Heap Roots: 0.2ms
[16.686s][info][gc,phases   ] GC(35)   Evacuate Collection Set: 25.1ms
[16.686s][info][gc,phases   ] GC(35)   Post Evacuate Collection Set: 0.6ms
[16.686s][info][gc,phases   ] GC(35)   Other: 0.2ms
[16.686s][info][gc,heap     ] GC(35) Eden regions: 393->0(996)
[16.686s][info][gc,heap     ] GC(35) Survivor regions: 104->18(63)
[16.686s][info][gc,heap     ] GC(35) Old regions: 220->220
[16.686s][info][gc,heap     ] GC(35) Archive regions: 0->0
[16.686s][info][gc,heap     ] GC(35) Humongous regions: 36->36
[16.686s][info][gc,metaspace] GC(35) Metaspace: 495K(640K)->495K(640K) NonClass: 457K(512K)->457K(512K) Class: 37K(128K)->37K(128K)
[16.686s][info][gc          ] GC(35) Pause Young (Normal) (G1 Evacuation Pause) 752M->273M(2048M) 26.425ms
[16.686s][info][gc,cpu      ] GC(35) User=0.06s Sys=0.00s Real=0.03s
[16.749s][info][gc,heap,exit] Heap
[16.749s][info][gc,heap,exit]  garbage-first heap   total 2097152K, used 355330K [0x0000000080000000, 0x0000000100000000)
[16.749s][info][gc,heap,exit]   region size 1024K, 93 young (95232K), 18 survivors (18432K)
[16.749s][info][gc,heap,exit]  Metaspace       used 530K, committed 704K, reserved 1056768K
[16.749s][info][gc,heap,exit]   class space    used 41K, committed 128K, reserved 1048576K
