[0.015s][info][gc] Using G1
[0.019s][info][gc,init] Version: 17+35-LTS (release)
[0.019s][info][gc,init] CPUs: 4 total, 4 available
[0.019s][info][gc,init] Memory: 16282M
[0.019s][info][gc,init] Large Page Support: Disabled
[0.019s][info][gc,init] NUMA Support: Disabled
[0.019s][info][gc,init] Compressed Oops: Enabled (32-bit)
[0.019s][info][gc,init] Heap Region Size: 1M
[0.019s][info][gc,init] Heap Min Capacity: 300M
[0.019s][info][gc,init] Heap Initial Capacity: 300M
[0.019s][info][gc,init] Heap Max Capacity: 300M
[0.019s][info][gc,init] Pre-touch: Disabled
[0.019s][info][gc,init] Parallel Workers: 4
[0.019s][info][gc,init] Concurrent Workers: 1
[0.019s][info][gc,init] Concurrent Refinement Workers: 4
[0.020s][info][gc,init] Periodic GC: Disabled
[0.021s][info][gc,metaspace] CDS archive(s) mapped at: [0x0000000800000000-0x0000000800bc0000-0x0000000800bc0000), size 12320768, SharedBaseAddress: 0x0000000800000000, ArchiveRelocationMode: 0.
[0.021s][info][gc,metaspace] Compressed class space mapped at: 0x0000000800c00000-0x0000000840c00000, reserved size: 1073741824
[0.021s][info][gc,metaspace] Narrow klass base: 0x0000000800000000, Narrow klass shift: 0, Narrow klass range: 0x100000000
[0.171s][info][gc,start    ] GC(0) Pause Young (Normal) (G1 Evacuation Pause)
[0.171s][info][gc,task     ] GC(0) Using 4 workers of 4 for evacuation
[0.177s][info][gc,phases   ] GC(0)   Pre Evacuate Collection Set: 0.0ms
[0.177s][info][gc,phases   ] GC(0)   Merge Heap Roots: 0.0ms
[0.177s][info][gc,phases   ] GC(0)   Evacuate Collection Set: 5.3ms
[0.177s][info][gc,phases   ] GC(0)   Post Evacuate Collection Set: 0.3ms
[0.177s][info][gc,phases   ] GC(0)   Other: 0.5ms
[0.177s][info][gc,heap     ] GC(0) Eden regions: 15->0(15)
[0.177s][info][gc,heap     ] GC(0) Survivor regions: 0->2(2)
[0.177s][info][gc,heap     ] GC(0) Old regions: 0->2
[0.177s][info][gc,heap     ] GC(0) Archive regions: 0->0
[0.177s][info][gc,heap     ] GC(0) Humongous regions: 0->0
[0.177s][info][gc,metaspace] GC(0) Metaspace: 491K(640K)->491K(640K) NonClass: 453K(512K)->453K(512K) Class: 37K(128K)->37K(128K)
[0.177s][info][gc          ] GC(0) Pause Young (Normal) (G1 Evacuation Pause) 15M->3M(300M) 6.281ms
[0.177s][info][gc,cpu      ] GC(0) User=0.00s Sys=0.00s Real=0.01s
[0.187s][info][gc,start    ] GC(1) Pause Young (Normal) (G1 Evacuation Pause)
[0.187s][info][gc,task     ] GC(1) Using 4 workers of 4 for evacuation
[0.197s][info][gc,phases   ] GC(1)   Pre Evacuate Collection Set: 0.0ms
[0.197s][info][gc,phases   ] GC(1)   Merge Heap Roots: 0.0ms
[0.197s][info][gc,phases   ] GC(1)   Evacuate Collection Set: 9.7ms
[0.197s][info][gc,phases   ] GC(1)   Post Evacuate Collection Set: 0.2ms
[0.197s][info][gc,phases   ] GC(1)   Other: 0.1ms
[0.197s][info][gc,heap     ] GC(1) Eden regions: 15->0(22)
[0.197s][info][gc,heap     ] GC(1) Survivor regions: 2->3(3)
[0.197s][info][gc,heap     ] GC(1) Old regions: 2->4
[0.197s][info][gc,heap     ] GC(1) Archive regions: 0->0
[0.197s][info][gc,heap     ] GC(1) Humongous regions: 2->2
[0.197s][info][gc,metaspace] GC(1) Metaspace: 491K(640K)->491K(640K) NonClass: 453K(512K)->453K(512K) Class: 37K(128K)->37K(128K)
[0.197s][info][gc          ] GC(1) Pause Young (Normal) (G1 Evacuation Pause) 20M->8M(300M) 10.317ms
[0.197s][info][gc,cpu      ] GC(1) User=0.00s Sys=0.00s Real=0.01s
[0.218s][info][gc,start    ] GC(2) Pause Young (Normal) (G1 Evacuation Pause)
[0.218s][info][gc,task     ] GC(2) Using 4 workers of 4 for evacuation
[0.236s][info][gc,phases   ] GC(2)   Pre Evacuate Collection Set: 0.1ms
[0.236s][info][gc,phases   ] GC(2)   Merge Heap Roots: 0.0ms
[0.236s][info][gc,phases   ] GC(2)   Evacuate Collection Set: 17.7ms
[0.236s][info][gc,phases   ] GC(2)   Post Evacuate Collection Set: 0.2ms
[0.236s][info][gc,phases   ] GC(2)   Other: 0.2ms
[0.236s][info][gc,heap     ] GC(2) Eden regions: 22->0(39)
[0.236s][info][gc,heap     ] GC(2) Survivor regions: 3->4(4)
[0.236s][info][gc,heap     ] GC(2) Old regions: 4->8
[0.236s][info][gc,heap     ] GC(2) Archive regions: 0->0
[0.236s][info][gc,heap     ] GC(2) Humongous regions: 4->4
[0.236s][info][gc,metaspace] GC(2) Metaspace: 491K(640K)->491K(640K) NonClass: 453K(512K)->453K(512K) Class: 37K(128K)->37K(128K)
[0.236s][info][gc          ] GC(2) Pause Young (Normal) (G1 Evacuation Pause) 32M->15M(300M) 18.468ms
[0.236s][info][gc,cpu      ] GC(2) User=0.06s Sys=0.00s Real=0.02s
[0.290s][info][gc,start    ] GC(3) Pause Young (Normal) (G1 Evacuation Pause)
[0.290s][info][gc,task     ] GC(3) Using 4 workers of 4 for evacuation
[0.316s][info][gc,phases   ] GC(3)   Pre Evacuate Collection Set: 0.0ms
[0.316s][info][gc,phases   ] GC(3)   Merge Heap Roots: 0.1ms
[0.317s][info][gc,phases   ] GC(3)   Evacuate Collection Set: 25.8ms
[0.317s][info][gc,phases   ] GC(3)   Post Evacuate Collection Set: 0.2ms
[0.317s][info][gc,phases   ] GC(3)   Other: 0.2ms
[0.317s][info][gc,heap     ] GC(3) Eden regions: 39->0(44)
[0.317s][info][gc,heap     ] GC(3) Survivor regions: 4->6(6)
[0.317s][info][gc,heap     ] GC(3) Old regions: 8->14
[0.317s][info][gc,heap     ] GC(3) Archive regions: 0->0
[0.317s][info][gc,heap     ] GC(3) Humongous regions: 11->11
[0.317s][info][gc,metaspace] GC(3) Metaspace: 491K(640K)->491K(640K) NonClass: 453K(512K)->453K(512K) Class: 37K(128K)->37K(128K)
[0.317s][info][gc          ] GC(3) Pause Young (Normal) (G1 Evacuation Pause) 61M->30M(300M) 26.622ms
[0.317s][info][gc,cpu      ] GC(3) User=0.06s Sys=0.02s Real=0.03s
[0.356s][info][gc,start    ] GC(4) Pause Young (Normal) (G1 Evacuation Pause)
[0.356s][info][gc,task     ] GC(4) Using 4 workers of 4 for evacuation
[0.385s][info][gc,phases   ] GC(4)   Pre Evacuate Collection Set: 0.0ms
[0.385s][info][gc,phases   ] GC(4)   Merge Heap Roots: 0.1ms
[0.385s][info][gc,phases   ] GC(4)   Evacuate Collection Set: 28.5ms
[0.385s][info][gc,phases   ] GC(4)   Post Evacuate Collection Set: 0.2ms
[0.385s][info][gc,phases   ] GC(4)   Other: 0.2ms
[0.385s][info][gc,heap     ] GC(4) Eden regions: 44->0(53)
[0.385s][info][gc,heap     ] GC(4) Survivor regions: 6->7(7)
[0.385s][info][gc,heap     ] GC(4) Old regions: 14->22
[0.385s][info][gc,heap     ] GC(4) Archive regions: 0->0
[0.385s][info][gc,heap     ] GC(4) Humongous regions: 16->16
[0.385s][info][gc,metaspace] GC(4) Metaspace: 491K(640K)->491K(640K) NonClass: 453K(512K)->453K(512K) Class: 37K(128K)->37K(128K)
[0.385s][info][gc          ] GC(4) Pause Young (Normal) (G1 Evacuation Pause) 79M->44M(300M) 29.181ms
[0.385s][info][gc,cpu      ] GC(4) User=0.06s Sys=0.00s Real=0.03s
[0.427s][info][gc,start    ] GC(5) Pause Young (Normal) (G1 Evacuation Pause)
[0.427s][info][gc,task     ] GC(5) Using 4 workers of 4 for evacuation
[0.460s][info][gc,phases   ] GC(5)   Pre Evacuate Collection Set: 0.0ms
[0.460s][info][gc,phases   ] GC(5)   Merge Heap Roots: 0.1ms
[0.460s][info][gc,phases   ] GC(5)   Evacuate Collection Set: 32.5ms
[0.460s][info][gc,phases   ] GC(5)   Post Evacuate Collection Set: 0.2ms
[0.460s][info][gc,phases   ] GC(5)   Other: 0.2ms
[0.460s][info][gc,heap     ] GC(5) Eden regions: 53->0(69)
[0.460s][info][gc,heap     ] GC(5) Survivor regions: 7->8(8)
[0.460s][info][gc,heap     ] GC(5) Old regions: 22->32
[0.460s][info][gc,heap     ] GC(5) Archive regions: 0->0
[0.460s][info][gc,heap     ] GC(5) Humongous regions: 16->16
[0.460s][info][gc,metaspace] GC(5) Metaspace: 491K(640K)->491K(640K) NonClass: 453K(512K)->453K(512K) Class: 37K(128K)->37K(128K)
[0.460s][info][gc          ] GC(5) Pause Young (Normal) (G1 Evacuation Pause) 97M->56M(300M) 33.283ms
[0.460s][info][gc,cpu      ] GC(5) User=0.08s Sys=0.00s Real=0.03s
[0.529s][info][gc,start    ] GC(6) Pause Young (Normal) (G1 Evacuation Pause)
[0.529s][info][gc,task     ] GC(6) Using 4 workers of 4 for evacuation
[0.568s][info][gc,phases   ] GC(6)   Pre Evacuate Collection Set: 0.1ms
[0.568s][info][gc,phases   ] GC(6)   Merge Heap Roots: 0.1ms
[0.568s][info][gc,phases   ] GC(6)   Evacuate Collection Set: 38.5ms
[0.568s][info][gc,phases   ] GC(6)   Post Evacuate Collection Set: 0.2ms
[0.568s][info][gc,phases   ] GC(6)   Other: 0.2ms
[0.568s][info][gc,heap     ] GC(6) Eden regions: 69->0(87)
[0.568s][info][gc,heap     ] GC(6) Survivor regions: 8->10(10)
[0.568s][info][gc,heap     ] GC(6) Old regions: 32->45
[0.568s][info][gc,heap     ] GC(6) Archive regions: 0->0
[0.568s][info][gc,heap     ] GC(6) Humongous regions: 23->23
[0.568s][info][gc,metaspace] GC(6) Metaspace: 491K(640K)->491K(640K) NonClass: 453K(512K)->453K(512K) Class: 37K(128K)->37K(128K)
[0.568s][info][gc          ] GC(6) Pause Young (Normal) (G1 Evacuation Pause) 132M->77M(300M) 39.317ms
[0.568s][info][gc,cpu      ] GC(6) User=0.06s Sys=0.03s Real=0.04s
[0.649s][info][gc,start    ] GC(7) Pause Young (Normal) (G1 Evacuation Pause)
[0.649s][info][gc,task     ] GC(7) Using 4 workers of 4 for evacuation
[0.696s][info][gc,phases   ] GC(7)   Pre Evacuate Collection Set: 0.0ms
[0.696s][info][gc,phases   ] GC(7)   Merge Heap Roots: 0.1ms
[0.696s][info][gc,phases   ] GC(7)   Evacuate Collection Set: 46.1ms
[0.696s][info][gc,phases   ] GC(7)   Post Evacuate Collection Set: 0.2ms
[0.696s][info][gc,phases   ] GC(7)   Other: 0.2ms
[0.696s][info][gc,heap     ] GC(7) Eden regions: 87->0(98)
[0.696s][info][gc,heap     ] GC(7) Survivor regions: 10->13(13)
[0.696s][info][gc,heap     ] GC(7) Old regions: 45->60
[0.696s][info][gc,heap     ] GC(7) Archive regions: 0->0
[0.696s][info][gc,heap     ] GC(7) Humongous regions: 34->34
[0.696s][info][gc,metaspace] GC(7) Metaspace: 491K(640K)->491K(640K) NonClass: 453K(512K)->453K(512K) Class: 37K(128K)->37K(128K)
[0.696s][info][gc          ] GC(7) Pause Young (Normal) (G1 Evacuation Pause) 175M->107M(300M) 46.990ms
[0.696s][info][gc,cpu      ] GC(7) User=0.17s Sys=0.00s Real=0.05s
[0.820s][info][gc,start    ] GC(8) Pause Young (Normal) (G1 Evacuation Pause)
[0.820s][info][gc,task     ] GC(8) Using 4 workers of 4 for evacuation
[0.910s][info][gc,phases   ] GC(8)   Pre Evacuate Collection Set: 0.1ms
[0.910s][info][gc,phases   ] GC(8)   Merge Heap Roots: 0.1ms
[0.910s][info][gc,phases   ] GC(8)   Evacuate Collection Set: 89.3ms
[0.910s][info][gc,phases   ] GC(8)   Post Evacuate Collection Set: 0.4ms
[0.910s][info][gc,phases   ] GC(8)   Other: 0.2ms
[0.910s][info][gc,heap     ] GC(8) Eden regions: 98->0(81)
[0.910s][info][gc,heap     ] GC(8) Survivor regions: 13->14(14)
[0.911s][info][gc,heap     ] GC(8) Old regions: 60->79
[0.911s][info][gc,heap     ] GC(8) Archive regions: 0->0
[0.911s][info][gc,heap     ] GC(8) Humongous regions: 50->50
[0.911s][info][gc,metaspace] GC(8) Metaspace: 491K(640K)->491K(640K) NonClass: 453K(512K)->453K(512K) Class: 37K(128K)->37K(128K)
[0.911s][info][gc          ] GC(8) Pause Young (Normal) (G1 Evacuation Pause) 221M->143M(300M) 90.394ms
[0.911s][info][gc,cpu      ] GC(8) User=0.23s Sys=0.02s Real=0.09s
[0.987s][info][gc,start    ] GC(9) Pause Young (Normal) (G1 Evacuation Pause)
[0.988s][info][gc,task     ] GC(9) Using 4 workers of 4 for evacuation
[1.053s][info][gc,phases   ] GC(9)   Pre Evacuate Collection Set: 0.1ms
[1.053s][info][gc,phases   ] GC(9)   Merge Heap Roots: 0.1ms
[1.053s][info][gc,phases   ] GC(9)   Evacuate Collection Set: 64.7ms
[1.053s][info][gc,phases   ] GC(9)   Post Evacuate Collection Set: 0.2ms
[1.053s][info][gc,phases   ] GC(9)   Other: 0.2ms
[1.053s][info][gc,heap     ] GC(9) Eden regions: 81->0(73)
[1.053s][info][gc,heap     ] GC(9) Survivor regions: 14->12(12)
[1.053s][info][gc,heap     ] GC(9) Old regions: 79->99
[1.053s][info][gc,heap     ] GC(9) Archive regions: 0->0
[1.053s][info][gc,heap     ] GC(9) Humongous regions: 50->50
[1.053s][info][gc,metaspace] GC(9) Metaspace: 491K(640K)->491K(640K) NonClass: 453K(512K)->453K(512K) Class: 37K(128K)->37K(128K)
[1.053s][info][gc          ] GC(9) Pause Young (Normal) (G1 Evacuation Pause) 224M->161M(300M) 65.542ms
[1.053s][info][gc,cpu      ] GC(9) User=0.13s Sys=0.05s Real=0.07s
[1.114s][info][gc,start    ] GC(10) Pause Young (Concurrent Start) (G1 Evacuation Pause)
[1.114s][info][gc,task     ] GC(10) Using 4 workers of 4 for evacuation
[1.163s][info][gc,phases   ] GC(10)   Pre Evacuate Collection Set: 0.1ms
[1.163s][info][gc,phases   ] GC(10)   Merge Heap Roots: 0.1ms
[1.163s][info][gc,phases   ] GC(10)   Evacuate Collection Set: 48.2ms
[1.163s][info][gc,phases   ] GC(10)   Post Evacuate Collection Set: 0.3ms
[1.163s][info][gc,phases   ] GC(10)   Other: 0.2ms
[1.163s][info][gc,heap     ] GC(10) Eden regions: 73->0(64)
[1.163s][info][gc,heap     ] GC(10) Survivor regions: 12->11(11)
[1.163s][info][gc,heap     ] GC(10) Old regions: 99->116
[1.163s][info][gc,heap     ] GC(10) Archive regions: 0->0
[1.163s][info][gc,heap     ] GC(10) Humongous regions: 50->50
[1.163s][info][gc,metaspace] GC(10) Metaspace: 491K(640K)->491K(640K) NonClass: 453K(512K)->453K(512K) Class: 37K(128K)->37K(128K)
[1.163s][info][gc          ] GC(10) Pause Young (Concurrent Start) (G1 Evacuation Pause) 234M->176M(300M) 49.191ms
[1.163s][info][gc,cpu      ] GC(10) User=0.13s Sys=0.00s Real=0.05s
[1.163s][info][gc          ] GC(11) Concurrent Mark Cycle
[1.164s][info][gc,marking  ] GC(11) Concurrent Clear Claimed Marks
[1.164s][info][gc,marking  ] GC(11) Concurrent Clear Claimed Marks 0.026ms
[1.164s][info][gc,marking  ] GC(11) Concurrent Scan Root Regions
[1.179s][info][gc,marking  ] GC(11) Concurrent Scan Root Regions 15.023ms
[1.179s][info][gc,marking  ] GC(11) Concurrent Mark
[1.179s][info][gc,marking  ] GC(11) Concurrent Mark From Roots
[1.179s][info][gc,task     ] GC(11) Using 1 workers of 1 for marking
[1.251s][info][gc,start    ] GC(12) Pause Young (Normal) (G1 Evacuation Pause)
[1.251s][info][gc,task     ] GC(12) Using 4 workers of 4 for evacuation
[1.290s][info][gc,phases   ] GC(12)   Pre Evacuate Collection Set: 0.0ms
[1.290s][info][gc,phases   ] GC(12)   Merge Heap Roots: 0.1ms
[1.290s][info][gc,phases   ] GC(12)   Evacuate Collection Set: 37.8ms
[1.290s][info][gc,phases   ] GC(12)   Post Evacuate Collection Set: 0.2ms
[1.290s][info][gc,phases   ] GC(12)   Other: 0.1ms
[1.290s][info][gc,heap     ] GC(12) Eden regions: 64->0(38)
[1.290s][info][gc,heap     ] GC(12) Survivor regions: 11->10(10)
[1.290s][info][gc,heap     ] GC(12) Old regions: 116->130
[1.290s][info][gc,heap     ] GC(12) Archive regions: 0->0
[1.290s][info][gc,heap     ] GC(12) Humongous regions: 74->74
[1.290s][info][gc,metaspace] GC(12) Metaspace: 491K(640K)->491K(640K) NonClass: 453K(512K)->453K(512K) Class: 37K(128K)->37K(128K)
[1.290s][info][gc          ] GC(12) Pause Young (Normal) (G1 Evacuation Pause) 264M->214M(300M) 38.441ms
[1.290s][info][gc,cpu      ] GC(12) User=0.13s Sys=0.00s Real=0.04s
[1.331s][info][gc,start    ] GC(13) Pause Young (Normal) (G1 Evacuation Pause)
[1.331s][info][gc,task     ] GC(13) Using 4 workers of 4 for evacuation
[1.355s][info][gc,phases   ] GC(13)   Pre Evacuate Collection Set: 0.0ms
[1.355s][info][gc,phases   ] GC(13)   Merge Heap Roots: 0.0ms
[1.355s][info][gc,phases   ] GC(13)   Evacuate Collection Set: 23.9ms
[1.355s][info][gc,phases   ] GC(13)   Post Evacuate Collection Set: 0.2ms
[1.355s][info][gc,phases   ] GC(13)   Other: 0.1ms
[1.355s][info][gc,heap     ] GC(13) Eden regions: 38->0(32)
[1.355s][info][gc,heap     ] GC(13) Survivor regions: 10->6(6)
[1.355s][info][gc,heap     ] GC(13) Old regions: 130->143
[1.355s][info][gc,heap     ] GC(13) Archive regions: 0->0
[1.355s][info][gc,heap     ] GC(13) Humongous regions: 74->74
[1.355s][info][gc,metaspace] GC(13) Metaspace: 491K(640K)->491K(640K) NonClass: 453K(512K)->453K(512K) Class: 37K(128K)->37K(128K)
[1.355s][info][gc          ] GC(13) Pause Young (Normal) (G1 Evacuation Pause) 252M->222M(300M) 24.538ms
[1.355s][info][gc,cpu      ] GC(13) User=0.08s Sys=0.00s Real=0.03s
[1.394s][info][gc,start    ] GC(14) Pause Young (Normal) (G1 Evacuation Pause)
[1.395s][info][gc,task     ] GC(14) Using 4 workers of 4 for evacuation
[1.416s][info][gc,phases   ] GC(14)   Pre Evacuate Collection Set: 0.0ms
[1.416s][info][gc,phases   ] GC(14)   Merge Heap Roots: 0.1ms
[1.416s][info][gc,phases   ] GC(14)   Evacuate Collection Set: 20.9ms
[1.416s][info][gc,phases   ] GC(14)   Post Evacuate Collection Set: 0.2ms
[1.416s][info][gc,phases   ] GC(14)   Other: 0.2ms
[1.416s][info][gc,heap     ] GC(14) Eden regions: 32->0(27)
[1.416s][info][gc,heap     ] GC(14) Survivor regions: 6->5(5)
[1.416s][info][gc,heap     ] GC(14) Old regions: 143->151
[1.416s][info][gc,heap     ] GC(14) Archive regions: 0->0
[1.416s][info][gc,heap     ] GC(14) Humongous regions: 74->74
[1.416s][info][gc,metaspace] GC(14) Metaspace: 491K(640K)->491K(640K) NonClass: 453K(512K)->453K(512K) Class: 37K(128K)->37K(128K)
[1.416s][info][gc          ] GC(14) Pause Young (Normal) (G1 Evacuation Pause) 254M->229M(300M) 21.844ms
[1.416s][info][gc,cpu      ] GC(14) User=0.03s Sys=0.00s Real=0.02s
[1.448s][info][gc,start    ] GC(15) Pause Young (Normal) (G1 Evacuation Pause)
[1.448s][info][gc,task     ] GC(15) Using 4 workers of 4 for evacuation
[1.463s][info][gc,phases   ] GC(15)   Pre Evacuate Collection Set: 0.1ms
[1.463s][info][gc,phases   ] GC(15)   Merge Heap Roots: 0.0ms
[1.463s][info][gc,phases   ] GC(15)   Evacuate Collection Set: 15.2ms
[1.463s][info][gc,phases   ] GC(15)   Post Evacuate Collection Set: 0.2ms
[1.463s][info][gc,phases   ] GC(15)   Other: 0.2ms
[1.463s][info][gc,heap     ] GC(15) Eden regions: 27->0(23)
[1.463s][info][gc,heap     ] GC(15) Survivor regions: 5->4(4)
[1.463s][info][gc,heap     ] GC(15) Old regions: 151->158
[1.463s][info][gc,heap     ] GC(15) Archive regions: 0->0
[1.463s][info][gc,heap     ] GC(15) Humongous regions: 74->74
[1.464s][info][gc,metaspace] GC(15) Metaspace: 491K(640K)->491K(640K) NonClass: 453K(512K)->453K(512K) Class: 37K(128K)->37K(128K)
[1.464s][info][gc          ] GC(15) Pause Young (Normal) (G1 Evacuation Pause) 256M->235M(300M) 16.006ms
[1.464s][info][gc,cpu      ] GC(15) User=0.05s Sys=0.00s Real=0.02s
[1.488s][info][gc,start    ] GC(16) Pause Young (Normal) (G1 Evacuation Pause)
[1.488s][info][gc,task     ] GC(16) Using 4 workers of 4 for evacuation
[1.500s][info][gc,phases   ] GC(16)   Pre Evacuate Collection Set: 0.0ms
[1.500s][info][gc,phases   ] GC(16)   Merge Heap Roots: 0.0ms
[1.500s][info][gc,phases   ] GC(16)   Evacuate Collection Set: 11.9ms
[1.500s][info][gc,phases   ] GC(16)   Post Evacuate Collection Set: 0.2ms
[1.500s][info][gc,phases   ] GC(16)   Other: 0.1ms
[1.500s][info][gc,heap     ] GC(16) Eden regions: 23->0(19)
[1.500s][info][gc,heap     ] GC(16) Survivor regions: 4->4(4)
[1.500s][info][gc,heap     ] GC(16) Old regions: 158->163
[1.500s][info][gc,heap     ] GC(16) Archive regions: 0->0
[1.500s][info][gc,heap     ] GC(16) Humongous regions: 74->74
[1.500s][info][gc,metaspace] GC(16) Metaspace: 491K(640K)->491K(640K) NonClass: 453K(512K)->453K(512K) Class: 37K(128K)->37K(128K)
[1.500s][info][gc          ] GC(16) Pause Young (Normal) (G1 Evacuation Pause) 258M->241M(300M) 12.593ms
[1.500s][info][gc,cpu      ] GC(16) User=0.06s Sys=0.00s Real=0.01s
[1.520s][info][gc,start    ] GC(17) Pause Young (Normal) (G1 Evacuation Pause)
[1.520s][info][gc,task     ] GC(17) Using 4 workers of 4 for evacuation
[1.531s][info][gc,phases   ] GC(17)   Pre Evacuate Collection Set: 0.0ms
[1.531s][info][gc,phases   ] GC(17)   Merge Heap Roots: 0.0ms
[1.531s][info][gc,phases   ] GC(17)   Evacuate Collection Set: 10.5ms
[1.531s][info][gc,phases   ] GC(17)   Post Evacuate Collection Set: 0.2ms
[1.531s][info][gc,phases   ] GC(17)   Other: 0.1ms
[1.531s][info][gc,heap     ] GC(17) Eden regions: 19->0(16)
[1.531s][info][gc,heap     ] GC(17) Survivor regions: 4->3(3)
[1.531s][info][gc,heap     ] GC(17) Old regions: 163->169
[1.531s][info][gc,heap     ] GC(17) Archive regions: 0->0
[1.531s][info][gc,heap     ] GC(17) Humongous regions: 74->74
[1.531s][info][gc,metaspace] GC(17) Metaspace: 491K(640K)->491K(640K) NonClass: 453K(512K)->453K(512K) Class: 37K(128K)->37K(128K)
[1.532s][info][gc          ] GC(17) Pause Young (Normal) (G1 Evacuation Pause) 260M->245M(300M) 11.076ms
[1.532s][info][gc,cpu      ] GC(17) User=0.06s Sys=0.00s Real=0.01s
[1.550s][info][gc,start    ] GC(18) Pause Young (Normal) (G1 Evacuation Pause)
[1.550s][info][gc,task     ] GC(18) Using 4 workers of 4 for evacuation
[1.560s][info][gc,phases   ] GC(18)   Pre Evacuate Collection Set: 0.0ms
[1.560s][info][gc,phases   ] GC(18)   Merge Heap Roots: 0.0ms
[1.560s][info][gc,phases   ] GC(18)   Evacuate Collection Set: 8.8ms
[1.560s][info][gc,phases   ] GC(18)   Post Evacuate Collection Set: 0.2ms
[1.560s][info][gc,phases   ] GC(18)   Other: 0.1ms
[1.560s][info][gc,heap     ] GC(18) Eden regions: 16->0(14)
[1.560s][info][gc,heap     ] GC(18) Survivor regions: 3->3(3)
[1.560s][info][gc,heap     ] GC(18) Old regions: 169->172
[1.560s][info][gc,heap     ] GC(18) Archive regions: 0->0
[1.560s][info][gc,heap     ] GC(18) Humongous regions: 74->74
[1.560s][info][gc,metaspace] GC(18) Metaspace: 491K(640K)->491K(640K) NonClass: 453K(512K)->453K(512K) Class: 37K(128K)->37K(128K)
[1.560s][info][gc          ] GC(18) Pause Young (Normal) (G1 Evacuation Pause) 261M->248M(300M) 9.421ms
[1.560s][info][gc,cpu      ] GC(18) User=0.06s Sys=0.00s Real=0.01s
[1.576s][info][gc,start    ] GC(19) Pause Young (Normal) (G1 Evacuation Pause)
[1.576s][info][gc,task     ] GC(19) Using 4 workers of 4 for evacuation
[1.585s][info][gc,phases   ] GC(19)   Pre Evacuate Collection Set: 0.1ms
[1.585s][info][gc,phases   ] GC(19)   Merge Heap Roots: 0.0ms
[1.585s][info][gc,phases   ] GC(19)   Evacuate Collection Set: 8.4ms
[1.585s][info][gc,phases   ] GC(19)   Post Evacuate Collection Set: 0.2ms
[1.585s][info][gc,phases   ] GC(19)   Other: 0.1ms
[1.585s][info][gc,heap     ] GC(19) Eden regions: 14->0(12)
[1.585s][info][gc,heap     ] GC(19) Survivor regions: 3->3(3)
[1.585s][info][gc,heap     ] GC(19) Old regions: 172->176
[1.585s][info][gc,heap     ] GC(19) Archive regions: 0->0
[1.585s][info][gc,heap     ] GC(19) Humongous regions: 74->74
[1.585s][info][gc,metaspace] GC(19) Metaspace: 491K(640K)->491K(640K) NonClass: 453K(512K)->453K(512K) Class: 37K(128K)->37K(128K)
[1.585s][info][gc          ] GC(19) Pause Young (Normal) (G1 Evacuation Pause) 262M->252M(300M) 9.033ms
[1.585s][info][gc,cpu      ] GC(19) User=0.00s Sys=0.00s Real=0.01s
[1.597s][info][gc,start    ] GC(20) Pause Young (Normal) (G1 Evacuation Pause)
[1.597s][info][gc,task     ] GC(20) Using 4 workers of 4 for evacuation
[1.607s][info][gc,phases   ] GC(20)   Pre Evacuate Collection Set: 0.1ms
[1.608s][info][gc,phases   ] GC(20)   Merge Heap Roots: 0.0ms
[1.608s][info][gc,phases   ] GC(20)   Evacuate Collection Set: 9.7ms
[1.608s][info][gc,phases   ] GC(20)   Post Evacuate Collection Set: 0.2ms
[1.608s][info][gc,phases   ] GC(20)   Other: 0.2ms
[1.608s][info][gc,heap     ] GC(20) Eden regions: 12->0(13)
[1.608s][info][gc,heap     ] GC(20) Survivor regions: 3->2(2)
[1.608s][info][gc,heap     ] GC(20) Old regions: 176->179
[1.608s][info][gc,heap     ] GC(20) Archive regions: 0->0
[1.608s][info][gc,heap     ] GC(20) Humongous regions: 74->74
[1.608s][info][gc,metaspace] GC(20) Metaspace: 491K(640K)->491K(640K) NonClass: 453K(512K)->453K(512K) Class: 37K(128K)->37K(128K)
[1.608s][info][gc          ] GC(20) Pause Young (Normal) (G1 Evacuation Pause) 264M->254M(300M) 10.486ms
[1.608s][info][gc,cpu      ] GC(20) User=0.05s Sys=0.00s Real=0.01s
[1.626s][info][gc,start    ] GC(21) Pause Young (Normal) (G1 Evacuation Pause)
[1.626s][info][gc,task     ] GC(21) Using 4 workers of 4 for evacuation
[1.633s][info][gc,phases   ] GC(21)   Pre Evacuate Collection Set: 0.0ms
[1.633s][info][gc,phases   ] GC(21)   Merge Heap Roots: 0.0ms
[1.633s][info][gc,phases   ] GC(21)   Evacuate Collection Set: 6.5ms
[1.633s][info][gc,phases   ] GC(21)   Post Evacuate Collection Set: 0.2ms
[1.633s][info][gc,phases   ] GC(21)   Other: 0.1ms
[1.633s][info][gc,heap     ] GC(21) Eden regions: 13->0(13)
[1.633s][info][gc,heap     ] GC(21) Survivor regions: 2->2(2)
[1.633s][info][gc,heap     ] GC(21) Old regions: 179->182
[1.633s][info][gc,heap     ] GC(21) Archive regions: 0->0
[1.633s][info][gc,heap     ] GC(21) Humongous regions: 74->74
[1.633s][info][gc,metaspace] GC(21) Metaspace: 491K(640K)->491K(640K) NonClass: 453K(512K)->453K(512K) Class: 37K(128K)->37K(128K)
[1.633s][info][gc          ] GC(21) Pause Young (Normal) (G1 Evacuation Pause) 267M->257M(300M) 7.470ms
[1.633s][info][gc,cpu      ] GC(21) User=0.00s Sys=0.00s Real=0.01s
[1.646s][info][gc,start    ] GC(22) Pause Young (Normal) (G1 Evacuation Pause)
[1.647s][info][gc,task     ] GC(22) Using 4 workers of 4 for evacuation
[1.653s][info][gc,phases   ] GC(22)   Pre Evacuate Collection Set: 0.0ms
[1.653s][info][gc,phases   ] GC(22)   Merge Heap Roots: 0.0ms
[1.653s][info][gc,phases   ] GC(22)   Evacuate Collection Set: 6.6ms
[1.654s][info][gc,phases   ] GC(22)   Post Evacuate Collection Set: 0.2ms
[1.654s][info][gc,phases   ] GC(22)   Other: 0.1ms
[1.654s][info][gc,heap     ] GC(22) Eden regions: 13->0(13)
[1.654s][info][gc,heap     ] GC(22) Survivor regions: 2->2(2)
[1.654s][info][gc,heap     ] GC(22) Old regions: 182->185
[1.654s][info][gc,heap     ] GC(22) Archive regions: 0->0
[1.654s][info][gc,heap     ] GC(22) Humongous regions: 74->74
[1.654s][info][gc,metaspace] GC(22) Metaspace: 491K(640K)->491K(640K) NonClass: 453K(512K)->453K(512K) Class: 37K(128K)->37K(128K)
[1.654s][info][gc          ] GC(22) Pause Young (Normal) (G1 Evacuation Pause) 270M->260M(300M) 7.160ms
[1.654s][info][gc,cpu      ] GC(22) User=0.05s Sys=0.00s Real=0.01s
[1.666s][info][gc,start    ] GC(23) Pause Young (Normal) (G1 Evacuation Pause)
[1.666s][info][gc,task     ] GC(23) Using 4 workers of 4 for evacuation
[1.674s][info][gc,phases   ] GC(23)   Pre Evacuate Collection Set: 0.0ms
[1.674s][info][gc,phases   ] GC(23)   Merge Heap Roots: 0.0ms
[1.674s][info][gc,phases   ] GC(23)   Evacuate Collection Set: 6.7ms
[1.674s][info][gc,phases   ] GC(23)   Post Evacuate Collection Set: 0.2ms
[1.674s][info][gc,phases   ] GC(23)   Other: 0.1ms
[1.674s][info][gc,heap     ] GC(23) Eden regions: 13->0(13)
[1.674s][info][gc,heap     ] GC(23) Survivor regions: 2->2(2)
[1.674s][info][gc,heap     ] GC(23) Old regions: 185->188
[1.674s][info][gc,heap     ] GC(23) Archive regions: 0->0
[1.674s][info][gc,heap     ] GC(23) Humongous regions: 74->74
[1.674s][info][gc,metaspace] GC(23) Metaspace: 491K(640K)->491K(640K) NonClass: 453K(512K)->453K(512K) Class: 37K(128K)->37K(128K)
[1.674s][info][gc          ] GC(23) Pause Young (Normal) (G1 Evacuation Pause) 273M->263M(300M) 7.322ms
[1.674s][info][gc,cpu      ] GC(23) User=0.06s Sys=0.00s Real=0.01s
[1.686s][info][gc,start    ] GC(24) Pause Young (Normal) (G1 Evacuation Pause)
[1.686s][info][gc,task     ] GC(24) Using 4 workers of 4 for evacuation
[1.694s][info][gc,phases   ] GC(24)   Pre Evacuate Collection Set: 0.0ms
[1.694s][info][gc,phases   ] GC(24)   Merge Heap Roots: 0.0ms
[1.694s][info][gc,phases   ] GC(24)   Evacuate Collection Set: 6.9ms
[1.694s][info][gc,phases   ] GC(24)   Post Evacuate Collection Set: 0.2ms
[1.694s][info][gc,phases   ] GC(24)   Other: 0.1ms
[1.694s][info][gc,heap     ] GC(24) Eden regions: 13->0(13)
[1.694s][info][gc,heap     ] GC(24) Survivor regions: 2->2(2)
[1.694s][info][gc,heap     ] GC(24) Old regions: 188->190
[1.694s][info][gc,heap     ] GC(24) Archive regions: 0->0
[1.694s][info][gc,heap     ] GC(24) Humongous regions: 74->74
[1.694s][info][gc,metaspace] GC(24) Metaspace: 491K(640K)->491K(640K) NonClass: 453K(512K)->453K(512K) Class: 37K(128K)->37K(128K)
[1.694s][info][gc          ] GC(24) Pause Young (Normal) (G1 Evacuation Pause) 276M->266M(300M) 7.457ms
[1.694s][info][gc,cpu      ] GC(24) User=0.00s Sys=0.00s Real=0.01s
[1.698s][info][gc,marking  ] GC(11) Concurrent Mark From Roots 519.740ms
[1.698s][info][gc,marking  ] GC(11) Concurrent Preclean
[1.699s][info][gc,marking  ] GC(11) Concurrent Preclean 0.088ms
[1.699s][info][gc,start    ] GC(11) Pause Remark
[1.699s][info][gc          ] GC(11) Pause Remark 271M->237M(300M) 0.381ms
[1.699s][info][gc,cpu      ] GC(11) User=0.00s Sys=0.00s Real=0.00s
[1.699s][info][gc,marking  ] GC(11) Concurrent Mark 520.436ms
[1.699s][info][gc,marking  ] GC(11) Concurrent Rebuild Remembered Sets
[1.707s][info][gc,start    ] GC(25) Pause Young (Normal) (G1 Evacuation Pause)
[1.707s][info][gc,task     ] GC(25) Using 4 workers of 4 for evacuation
[1.713s][info][gc,phases   ] GC(25)   Pre Evacuate Collection Set: 0.0ms
[1.713s][info][gc,phases   ] GC(25)   Merge Heap Roots: 0.0ms
[1.713s][info][gc,phases   ] GC(25)   Evacuate Collection Set: 5.9ms
[1.713s][info][gc,phases   ] GC(25)   Post Evacuate Collection Set: 0.2ms
[1.713s][info][gc,phases   ] GC(25)   Other: 0.1ms
[1.713s][info][gc,heap     ] GC(25) Eden regions: 13->0(23)
[1.713s][info][gc,heap     ] GC(25) Survivor regions: 2->2(2)
[1.713s][info][gc,heap     ] GC(25) Old regions: 190->193
[1.713s][info][gc,heap     ] GC(25) Archive regions: 0->0
[1.713s][info][gc,heap     ] GC(25) Humongous regions: 40->40
[1.713s][info][gc,metaspace] GC(25) Metaspace: 491K(640K)->491K(640K) NonClass: 453K(512K)->453K(512K) Class: 37K(128K)->37K(128K)
[1.713s][info][gc          ] GC(25) Pause Young (Normal) (G1 Evacuation Pause) 245M->234M(300M) 6.500ms
[1.713s][info][gc,cpu      ] GC(25) User=0.00s Sys=0.00s Real=0.01s
[1.734s][info][gc,start    ] GC(26) Pause Young (Normal) (G1 Evacuation Pause)
[1.734s][info][gc,task     ] GC(26) Using 4 workers of 4 for evacuation
[1.744s][info][gc,phases   ] GC(26)   Pre Evacuate Collection Set: 0.0ms
[1.744s][info][gc,phases   ] GC(26)   Merge Heap Roots: 0.0ms
[1.744s][info][gc,phases   ] GC(26)   Evacuate Collection Set: 9.5ms
[1.744s][info][gc,phases   ] GC(26)   Post Evacuate Collection Set: 0.2ms
[1.744s][info][gc,phases   ] GC(26)   Other: 0.2ms
[1.744s][info][gc,heap     ] GC(26) Eden regions: 23->0(20)
[1.744s][info][gc,heap     ] GC(26) Survivor regions: 2->4(4)
[1.744s][info][gc,heap     ] GC(26) Old regions: 193->196
[1.744s][info][gc,heap     ] GC(26) Archive regions: 0->0
[1.744s][info][gc,heap     ] GC(26) Humongous regions: 40->40
[1.744s][info][gc,metaspace] GC(26) Metaspace: 491K(640K)->491K(640K) NonClass: 453K(512K)->453K(512K) Class: 37K(128K)->37K(128K)
[1.744s][info][gc          ] GC(26) Pause Young (Normal) (G1 Evacuation Pause) 257M->239M(300M) 10.097ms
[1.744s][info][gc,cpu      ] GC(26) User=0.00s Sys=0.00s Real=0.01s
[1.759s][info][gc,start    ] GC(27) Pause Young (Normal) (G1 Humongous Allocation)
[1.759s][info][gc,task     ] GC(27) Using 4 workers of 4 for evacuation
[1.768s][info][gc,phases   ] GC(27)   Pre Evacuate Collection Set: 0.0ms
[1.769s][info][gc,phases   ] GC(27)   Merge Heap Roots: 0.0ms
[1.769s][info][gc,phases   ] GC(27)   Evacuate Collection Set: 9.4ms
[1.769s][info][gc,phases   ] GC(27)   Post Evacuate Collection Set: 0.2ms
[1.769s][info][gc,phases   ] GC(27)   Other: 0.1ms
[1.769s][info][gc,heap     ] GC(27) Eden regions: 15->0(18)
[1.769s][info][gc,heap     ] GC(27) Survivor regions: 4->3(3)
[1.769s][info][gc,heap     ] GC(27) Old regions: 196->200
[1.769s][info][gc,heap     ] GC(27) Archive regions: 0->0
[1.769s][info][gc,heap     ] GC(27) Humongous regions: 40->40
[1.769s][info][gc,metaspace] GC(27) Metaspace: 491K(640K)->491K(640K) NonClass: 453K(512K)->453K(512K) Class: 37K(128K)->37K(128K)
[1.769s][info][gc          ] GC(27) Pause Young (Normal) (G1 Humongous Allocation) 254M->242M(300M) 10.134ms
[1.769s][info][gc,cpu      ] GC(27) User=0.06s Sys=0.00s Real=0.01s
[1.769s][info][gc,ergo     ] Attempting full compaction
[1.769s][info][gc,task     ] GC(28) Using 4 workers of 4 for full compaction
[1.769s][info][gc,start    ] GC(28) Pause Full (G1 Compaction Pause)
[1.771s][info][gc,phases,start] GC(28) Phase 1: Mark live objects
[1.971s][info][gc,phases      ] GC(28) Phase 1: Mark live objects 199.990ms
[1.971s][info][gc,phases,start] GC(28) Phase 2: Prepare for compaction
[1.980s][info][gc,phases      ] GC(28) Phase 2: Prepare for compaction 9.442ms
[1.980s][info][gc,phases,start] GC(28) Phase 3: Adjust pointers
[2.039s][info][gc,phases      ] GC(28) Phase 3: Adjust pointers 58.652ms
[2.039s][info][gc,phases,start] GC(28) Phase 4: Compact heap
[2.054s][info][gc,phases      ] GC(28) Phase 4: Compact heap 14.544ms
[2.055s][info][gc,heap        ] GC(28) Eden regions: 0->0(37)
[2.055s][info][gc,heap        ] GC(28) Survivor regions: 3->0(3)
[2.055s][info][gc,heap        ] GC(28) Old regions: 200->192
[2.055s][info][gc,heap        ] GC(28) Archive regions: 0->0
[2.055s][info][gc,heap        ] GC(28) Humongous regions: 40->24
[2.055s][info][gc,metaspace   ] GC(28) Metaspace: 491K(640K)->491K(640K) NonClass: 453K(512K)->453K(512K) Class: 37K(128K)->37K(128K)
[2.055s][info][gc             ] GC(28) Pause Full (G1 Compaction Pause) 242M->212M(300M) 285.847ms
[2.055s][info][gc,cpu         ] GC(28) User=0.98s Sys=0.00s Real=0.29s
[2.055s][info][gc,ergo        ] Attempting maximum full compaction clearing soft references
[2.055s][info][gc,task        ] GC(29) Using 4 workers of 4 for full compaction
[2.055s][info][gc,start       ] GC(29) Pause Full (G1 Compaction Pause)
[2.055s][info][gc,phases,start] GC(29) Phase 1: Mark live objects
[2.274s][info][gc,phases      ] GC(29) Phase 1: Mark live objects 218.428ms
[2.274s][info][gc,phases,start] GC(29) Phase 2: Prepare for compaction
[2.318s][info][gc,phases      ] GC(29) Phase 2: Prepare for compaction 44.032ms
[2.318s][info][gc,phases,start] GC(29) Phase 3: Adjust pointers
[2.378s][info][gc,phases      ] GC(29) Phase 3: Adjust pointers 59.485ms
[2.378s][info][gc,phases,start] GC(29) Phase 4: Compact heap
[2.422s][info][gc,phases      ] GC(29) Phase 4: Compact heap 44.252ms
[2.423s][info][gc,heap        ] GC(29) Eden regions: 0->0(38)
[2.423s][info][gc,heap        ] GC(29) Survivor regions: 0->0(3)
[2.423s][info][gc,heap        ] GC(29) Old regions: 192->190
[2.423s][info][gc,heap        ] GC(29) Archive regions: 0->0
[2.423s][info][gc,heap        ] GC(29) Humongous regions: 24->24
[2.423s][info][gc,metaspace   ] GC(29) Metaspace: 491K(640K)->479K(640K) NonClass: 453K(512K)->444K(512K) Class: 37K(128K)->34K(128K)
[2.423s][info][gc             ] GC(29) Pause Full (G1 Compaction Pause) 212M->212M(300M) 367.271ms
[2.423s][info][gc,cpu         ] GC(29) User=1.34s Sys=0.00s Real=0.37s
[2.423s][info][gc,marking     ] GC(11) Concurrent Rebuild Remembered Sets 724.240ms
[2.423s][info][gc,marking     ] GC(11) Concurrent Mark Abort
[2.423s][info][gc             ] GC(11) Concurrent Mark Cycle 1259.973ms
[2.470s][info][gc,start       ] GC(30) Pause Young (Normal) (G1 Evacuation Pause)
[2.470s][info][gc,task        ] GC(30) Using 4 workers of 4 for evacuation
[2.481s][info][gc,phases      ] GC(30)   Pre Evacuate Collection Set: 0.0ms
[2.481s][info][gc,phases      ] GC(30)   Merge Heap Roots: 0.0ms
[2.481s][info][gc,phases      ] GC(30)   Evacuate Collection Set: 11.1ms
[2.481s][info][gc,phases      ] GC(30)   Post Evacuate Collection Set: 0.2ms
[2.481s][info][gc,phases      ] GC(30)   Other: 0.1ms
[2.481s][info][gc,heap        ] GC(30) Eden regions: 38->0(10)
[2.481s][info][gc,heap        ] GC(30) Survivor regions: 0->5(5)
[2.481s][info][gc,heap        ] GC(30) Old regions: 190->193
[2.481s][info][gc,heap        ] GC(30) Archive regions: 0->0
[2.481s][info][gc,heap        ] GC(30) Humongous regions: 60->60
[2.481s][info][gc,metaspace   ] GC(30) Metaspace: 479K(640K)->479K(640K) NonClass: 444K(512K)->444K(512K) Class: 34K(128K)->34K(128K)
[2.481s][info][gc             ] GC(30) Pause Young (Normal) (G1 Evacuation Pause) 286M->256M(300M) 11.718ms
[2.482s][info][gc,cpu         ] GC(30) User=0.06s Sys=0.00s Real=0.01s
[2.489s][info][gc,start       ] GC(31) Pause Young (Concurrent Start) (G1 Evacuation Pause)
[2.489s][info][gc,task        ] GC(31) Using 4 workers of 4 for evacuation
[2.499s][info][gc,phases      ] GC(31)   Pre Evacuate Collection Set: 0.0ms
[2.499s][info][gc,phases      ] GC(31)   Merge Heap Roots: 0.0ms
[2.499s][info][gc,phases      ] GC(31)   Evacuate Collection Set: 9.6ms
[2.499s][info][gc,phases      ] GC(31)   Post Evacuate Collection Set: 0.3ms
[2.499s][info][gc,phases      ] GC(31)   Other: 0.1ms
[2.499s][info][gc,heap        ] GC(31) Eden regions: 10->0(13)
[2.499s][info][gc,heap        ] GC(31) Survivor regions: 5->2(2)
[2.500s][info][gc,heap        ] GC(31) Old regions: 193->199
[2.500s][info][gc,heap        ] GC(31) Archive regions: 0->0
[2.500s][info][gc,heap        ] GC(31) Humongous regions: 60->60
[2.500s][info][gc,metaspace   ] GC(31) Metaspace: 479K(640K)->479K(640K) NonClass: 444K(512K)->444K(512K) Class: 34K(128K)->34K(128K)
[2.500s][info][gc             ] GC(31) Pause Young (Concurrent Start) (G1 Evacuation Pause) 266M->259M(300M) 10.288ms
[2.500s][info][gc,cpu         ] GC(31) User=0.06s Sys=0.00s Real=0.01s
[2.500s][info][gc             ] GC(32) Concurrent Mark Cycle
[2.500s][info][gc,marking     ] GC(32) Concurrent Clear Claimed Marks
[2.500s][info][gc,marking     ] GC(32) Concurrent Clear Claimed Marks 0.018ms
[2.500s][info][gc,marking     ] GC(32) Concurrent Scan Root Regions
[2.504s][info][gc,marking     ] GC(32) Concurrent Scan Root Regions 4.186ms
[2.504s][info][gc,marking     ] GC(32) Concurrent Mark
[2.504s][info][gc,marking     ] GC(32) Concurrent Mark From Roots
[2.504s][info][gc,task        ] GC(32) Using 1 workers of 1 for marking
[2.512s][info][gc,start       ] GC(33) Pause Young (Normal) (G1 Evacuation Pause)
[2.513s][info][gc,task        ] GC(33) Using 4 workers of 4 for evacuation
[2.519s][info][gc,phases      ] GC(33)   Pre Evacuate Collection Set: 0.0ms
[2.519s][info][gc,phases      ] GC(33)   Merge Heap Roots: 0.0ms
[2.519s][info][gc,phases      ] GC(33)   Evacuate Collection Set: 6.2ms
[2.519s][info][gc,phases      ] GC(33)   Post Evacuate Collection Set: 0.2ms
[2.519s][info][gc,phases      ] GC(33)   Other: 0.2ms
[2.519s][info][gc,heap        ] GC(33) Eden regions: 13->0(13)
[2.519s][info][gc,heap        ] GC(33) Survivor regions: 2->2(2)
[2.519s][info][gc,heap        ] GC(33) Old regions: 199->202
[2.519s][info][gc,heap        ] GC(33) Archive regions: 0->0
[2.519s][info][gc,heap        ] GC(33) Humongous regions: 60->60
[2.519s][info][gc,metaspace   ] GC(33) Metaspace: 479K(640K)->479K(640K) NonClass: 444K(512K)->444K(512K) Class: 34K(128K)->34K(128K)
[2.519s][info][gc             ] GC(33) Pause Young (Normal) (G1 Evacuation Pause) 272M->262M(300M) 6.984ms
[2.519s][info][gc,cpu         ] GC(33) User=0.00s Sys=0.00s Real=0.01s
[2.605s][info][gc,start       ] GC(34) Pause Young (Normal) (G1 Evacuation Pause)
[2.605s][info][gc,task        ] GC(34) Using 4 workers of 4 for evacuation
[2.609s][info][gc,phases      ] GC(34)   Pre Evacuate Collection Set: 0.1ms
[2.609s][info][gc,phases      ] GC(34)   Merge Heap Roots: 0.0ms
[2.609s][info][gc,phases      ] GC(34)   Evacuate Collection Set: 3.6ms
[2.609s][info][gc,phases      ] GC(34)   Post Evacuate Collection Set: 0.2ms
[2.609s][info][gc,phases      ] GC(34)   Other: 0.2ms
[2.609s][info][gc,heap        ] GC(34) Eden regions: 13->0(13)
[2.609s][info][gc,heap        ] GC(34) Survivor regions: 2->2(2)
[2.609s][info][gc,heap        ] GC(34) Old regions: 202->202
[2.609s][info][gc,heap        ] GC(34) Archive regions: 0->0
[2.609s][info][gc,heap        ] GC(34) Humongous regions: 60->60
[2.609s][info][gc,metaspace   ] GC(34) Metaspace: 479K(640K)->479K(640K) NonClass: 444K(512K)->444K(512K) Class: 34K(128K)->34K(128K)
[2.609s][info][gc             ] GC(34) Pause Young (Normal) (G1 Evacuation Pause) 275M->261M(300M) 4.200ms
[2.609s][info][gc,cpu         ] GC(34) User=0.06s Sys=0.00s Real=0.00s
[2.628s][info][gc,start       ] GC(35) Pause Young (Normal) (G1 Evacuation Pause)
[2.628s][info][gc,task        ] GC(35) Using 4 workers of 4 for evacuation
[2.633s][info][gc,phases      ] GC(35)   Pre Evacuate Collection Set: 0.0ms
[2.633s][info][gc,phases      ] GC(35)   Merge Heap Roots: 0.0ms
[2.633s][info][gc,phases      ] GC(35)   Evacuate Collection Set: 5.3ms
[2.633s][info][gc,phases      ] GC(35)   Post Evacuate Collection Set: 0.2ms
[2.633s][info][gc,phases      ] GC(35)   Other: 0.2ms
[2.633s][info][gc,heap        ] GC(35) Eden regions: 13->0(13)
[2.633s][info][gc,heap        ] GC(35) Survivor regions: 2->2(2)
[2.633s][info][gc,heap        ] GC(35) Old regions: 202->204
[2.633s][info][gc,heap        ] GC(35) Archive regions: 0->0
[2.633s][info][gc,heap        ] GC(35) Humongous regions: 60->60
[2.634s][info][gc,metaspace   ] GC(35) Metaspace: 479K(640K)->479K(640K) NonClass: 444K(512K)->444K(512K) Class: 34K(128K)->34K(128K)
[2.634s][info][gc             ] GC(35) Pause Young (Normal) (G1 Evacuation Pause) 274M->264M(300M) 5.934ms
[2.634s][info][gc,cpu         ] GC(35) User=0.00s Sys=0.00s Real=0.01s
[2.650s][info][gc,start       ] GC(36) Pause Young (Normal) (G1 Evacuation Pause)
[2.650s][info][gc,task        ] GC(36) Using 4 workers of 4 for evacuation
[2.657s][info][gc,phases      ] GC(36)   Pre Evacuate Collection Set: 0.1ms
[2.657s][info][gc,phases      ] GC(36)   Merge Heap Roots: 0.0ms
[2.657s][info][gc,phases      ] GC(36)   Evacuate Collection Set: 6.8ms
[2.657s][info][gc,phases      ] GC(36)   Post Evacuate Collection Set: 0.2ms
[2.657s][info][gc,phases      ] GC(36)   Other: 0.1ms
[2.657s][info][gc,heap        ] GC(36) Eden regions: 13->0(13)
[2.657s][info][gc,heap        ] GC(36) Survivor regions: 2->2(2)
[2.657s][info][gc,heap        ] GC(36) Old regions: 204->207
[2.657s][info][gc,heap        ] GC(36) Archive regions: 0->0
[2.657s][info][gc,heap        ] GC(36) Humongous regions: 60->60
[2.657s][info][gc,metaspace   ] GC(36) Metaspace: 479K(640K)->479K(640K) NonClass: 444K(512K)->444K(512K) Class: 34K(128K)->34K(128K)
[2.657s][info][gc             ] GC(36) Pause Young (Normal) (G1 Evacuation Pause) 277M->266M(300M) 7.443ms
[2.657s][info][gc,cpu         ] GC(36) User=0.05s Sys=0.00s Real=0.01s
[2.670s][info][gc,start       ] GC(37) Pause Young (Normal) (G1 Evacuation Pause)
[2.670s][info][gc,task        ] GC(37) Using 4 workers of 4 for evacuation
[2.678s][info][gc,phases      ] GC(37)   Pre Evacuate Collection Set: 0.0ms
[2.678s][info][gc,phases      ] GC(37)   Merge Heap Roots: 0.0ms
[2.678s][info][gc,phases      ] GC(37)   Evacuate Collection Set: 7.0ms
[2.678s][info][gc,phases      ] GC(37)   Post Evacuate Collection Set: 0.2ms
[2.678s][info][gc,phases      ] GC(37)   Other: 0.1ms
[2.678s][info][gc,heap        ] GC(37) Eden regions: 13->0(13)
[2.678s][info][gc,heap        ] GC(37) Survivor regions: 2->2(2)
[2.678s][info][gc,heap        ] GC(37) Old regions: 207->209
[2.678s][info][gc,heap        ] GC(37) Archive regions: 0->0
[2.678s][info][gc,heap        ] GC(37) Humongous regions: 60->60
[2.678s][info][gc,metaspace   ] GC(37) Metaspace: 479K(640K)->479K(640K) NonClass: 444K(512K)->444K(512K) Class: 34K(128K)->34K(128K)
[2.678s][info][gc             ] GC(37) Pause Young (Normal) (G1 Evacuation Pause) 279M->269M(300M) 7.576ms
[2.678s][info][gc,cpu         ] GC(37) User=0.00s Sys=0.00s Real=0.01s
[2.694s][info][gc,start       ] GC(38) Pause Young (Normal) (G1 Evacuation Pause)
[2.694s][info][gc,task        ] GC(38) Using 4 workers of 4 for evacuation
[2.701s][info][gc,phases      ] GC(38)   Pre Evacuate Collection Set: 0.1ms
[2.701s][info][gc,phases      ] GC(38)   Merge Heap Roots: 0.0ms
[2.701s][info][gc,phases      ] GC(38)   Evacuate Collection Set: 6.4ms
[2.701s][info][gc,phases      ] GC(38)   Post Evacuate Collection Set: 0.2ms
[2.701s][info][gc,phases      ] GC(38)   Other: 0.1ms
[2.701s][info][gc,heap        ] GC(38) Eden regions: 13->0(13)
[2.701s][info][gc,heap        ] GC(38) Survivor regions: 2->2(2)
[2.701s][info][gc,heap        ] GC(38) Old regions: 209->212
[2.701s][info][gc,heap        ] GC(38) Archive regions: 0->0
[2.701s][info][gc,heap        ] GC(38) Humongous regions: 60->60
[2.701s][info][gc,metaspace   ] GC(38) Metaspace: 479K(640K)->479K(640K) NonClass: 444K(512K)->444K(512K) Class: 34K(128K)->34K(128K)
[2.701s][info][gc             ] GC(38) Pause Young (Normal) (G1 Evacuation Pause) 282M->272M(300M) 6.966ms
[2.701s][info][gc,cpu         ] GC(38) User=0.06s Sys=0.00s Real=0.01s
[2.715s][info][gc,start       ] GC(39) Pause Young (Normal) (G1 Evacuation Pause)
[2.715s][info][gc,task        ] GC(39) Using 4 workers of 4 for evacuation
[2.722s][info][gc,phases      ] GC(39)   Pre Evacuate Collection Set: 0.0ms
[2.722s][info][gc,phases      ] GC(39)   Merge Heap Roots: 0.0ms
[2.722s][info][gc,phases      ] GC(39)   Evacuate Collection Set: 6.2ms
[2.722s][info][gc,phases      ] GC(39)   Post Evacuate Collection Set: 0.2ms
[2.722s][info][gc,phases      ] GC(39)   Other: 0.1ms
[2.722s][info][gc,heap        ] GC(39) Eden regions: 13->0(13)
[2.722s][info][gc,heap        ] GC(39) Survivor regions: 2->2(2)
[2.722s][info][gc,heap        ] GC(39) Old regions: 212->215
[2.722s][info][gc,heap        ] GC(39) Archive regions: 0->0
[2.722s][info][gc,heap        ] GC(39) Humongous regions: 60->60
[2.722s][info][gc,metaspace   ] GC(39) Metaspace: 479K(640K)->479K(640K) NonClass: 444K(512K)->444K(512K) Class: 34K(128K)->34K(128K)
[2.722s][info][gc             ] GC(39) Pause Young (Normal) (G1 Evacuation Pause) 285M->275M(300M) 6.841ms
[2.722s][info][gc,cpu         ] GC(39) User=0.00s Sys=0.00s Real=0.01s
[2.736s][info][gc,start       ] GC(40) Pause Young (Normal) (G1 Evacuation Pause)
[2.736s][info][gc,task        ] GC(40) Using 4 workers of 4 for evacuation
[2.744s][info][gc,phases      ] GC(40)   Pre Evacuate Collection Set: 0.0ms
[2.744s][info][gc,phases      ] GC(40)   Merge Heap Roots: 0.0ms
[2.744s][info][gc,phases      ] GC(40)   Evacuate Collection Set: 6.8ms
[2.744s][info][gc,phases      ] GC(40)   Post Evacuate Collection Set: 0.2ms
[2.744s][info][gc,phases      ] GC(40)   Other: 0.1ms
[2.744s][info][gc,heap        ] GC(40) Eden regions: 13->0(13)
[2.744s][info][gc,heap        ] GC(40) Survivor regions: 2->2(2)
[2.744s][info][gc,heap        ] GC(40) Old regions: 215->218
[2.744s][info][gc,heap        ] GC(40) Archive regions: 0->0
[2.744s][info][gc,heap        ] GC(40) Humongous regions: 60->60
[2.744s][info][gc,metaspace   ] GC(40) Metaspace: 479K(640K)->479K(640K) NonClass: 444K(512K)->444K(512K) Class: 34K(128K)->34K(128K)
[2.744s][info][gc             ] GC(40) Pause Young (Normal) (G1 Evacuation Pause) 288M->278M(300M) 7.436ms
[2.744s][info][gc,cpu         ] GC(40) User=0.00s Sys=0.00s Real=0.01s
[2.758s][info][gc,start       ] GC(41) Pause Young (Normal) (G1 Evacuation Pause)
[2.758s][info][gc,task        ] GC(41) Using 4 workers of 4 for evacuation
[2.765s][info][gc,phases      ] GC(41)   Pre Evacuate Collection Set: 0.0ms
[2.765s][info][gc,phases      ] GC(41)   Merge Heap Roots: 0.0ms
[2.765s][info][gc,phases      ] GC(41)   Evacuate Collection Set: 6.6ms
[2.765s][info][gc,phases      ] GC(41)   Post Evacuate Collection Set: 0.2ms
[2.766s][info][gc,phases      ] GC(41)   Other: 0.1ms
[2.766s][info][gc,heap        ] GC(41) Eden regions: 13->0(13)
[2.766s][info][gc,heap        ] GC(41) Survivor regions: 2->2(2)
[2.766s][info][gc,heap        ] GC(41) Old regions: 218->221
[2.766s][info][gc,heap        ] GC(41) Archive regions: 0->0
[2.766s][info][gc,heap        ] GC(41) Humongous regions: 60->60
[2.766s][info][gc,metaspace   ] GC(41) Metaspace: 479K(640K)->479K(640K) NonClass: 444K(512K)->444K(512K) Class: 34K(128K)->34K(128K)
[2.766s][info][gc             ] GC(41) Pause Young (Normal) (G1 Evacuation Pause) 291M->281M(300M) 7.197ms
[2.766s][info][gc,cpu         ] GC(41) User=0.06s Sys=0.00s Real=0.01s
[2.773s][info][gc,marking     ] GC(32) Concurrent Mark reset for overflow
[2.780s][info][gc,start       ] GC(42) Pause Young (Normal) (G1 Preventive Collection)
[2.780s][info][gc,task        ] GC(42) Using 4 workers of 4 for evacuation
[2.787s][info][gc,phases      ] GC(42)   Pre Evacuate Collection Set: 0.0ms
[2.787s][info][gc,phases      ] GC(42)   Merge Heap Roots: 0.0ms
[2.787s][info][gc,phases      ] GC(42)   Evacuate Collection Set: 6.7ms
[2.787s][info][gc,phases      ] GC(42)   Post Evacuate Collection Set: 0.2ms
[2.787s][info][gc,phases      ] GC(42)   Other: 0.1ms
[2.787s][info][gc,heap        ] GC(42) Eden regions: 12->0(13)
[2.787s][info][gc,heap        ] GC(42) Survivor regions: 2->2(2)
[2.787s][info][gc,heap        ] GC(42) Old regions: 221->224
[2.787s][info][gc,heap        ] GC(42) Archive regions: 0->0
[2.787s][info][gc,heap        ] GC(42) Humongous regions: 60->60
[2.787s][info][gc,metaspace   ] GC(42) Metaspace: 479K(640K)->479K(640K) NonClass: 444K(512K)->444K(512K) Class: 34K(128K)->34K(128K)
[2.787s][info][gc             ] GC(42) Pause Young (Normal) (G1 Preventive Collection) 293M->283M(300M) 7.298ms
[2.787s][info][gc,cpu         ] GC(42) User=0.00s Sys=0.00s Real=0.01s
[2.799s][info][gc,start       ] GC(43) Pause Young (Normal) (G1 Preventive Collection)
[2.799s][info][gc,task        ] GC(43) Using 4 workers of 4 for evacuation
[2.805s][info][gc,phases      ] GC(43)   Pre Evacuate Collection Set: 0.0ms
[2.805s][info][gc,phases      ] GC(43)   Merge Heap Roots: 0.0ms
[2.805s][info][gc,phases      ] GC(43)   Evacuate Collection Set: 5.4ms
[2.805s][info][gc,phases      ] GC(43)   Post Evacuate Collection Set: 0.2ms
[2.805s][info][gc,phases      ] GC(43)   Other: 0.1ms
[2.805s][info][gc,heap        ] GC(43) Eden regions: 9->0(13)
[2.805s][info][gc,heap        ] GC(43) Survivor regions: 2->2(2)
[2.805s][info][gc,heap        ] GC(43) Old regions: 224->226
[2.805s][info][gc,heap        ] GC(43) Archive regions: 0->0
[2.805s][info][gc,heap        ] GC(43) Humongous regions: 60->60
[2.805s][info][gc,metaspace   ] GC(43) Metaspace: 479K(640K)->479K(640K) NonClass: 444K(512K)->444K(512K) Class: 34K(128K)->34K(128K)
[2.805s][info][gc             ] GC(43) Pause Young (Normal) (G1 Preventive Collection) 292M->286M(300M) 6.102ms
[2.805s][info][gc,cpu         ] GC(43) User=0.00s Sys=0.00s Real=0.01s
[2.816s][info][gc,start       ] GC(44) Pause Young (Normal) (G1 Preventive Collection)
[2.816s][info][gc,task        ] GC(44) Using 4 workers of 4 for evacuation
[2.821s][info][gc,phases      ] GC(44)   Pre Evacuate Collection Set: 0.0ms
[2.821s][info][gc,phases      ] GC(44)   Merge Heap Roots: 0.0ms
[2.821s][info][gc,phases      ] GC(44)   Evacuate Collection Set: 4.6ms
[2.821s][info][gc,phases      ] GC(44)   Post Evacuate Collection Set: 0.2ms
[2.821s][info][gc,phases      ] GC(44)   Other: 0.1ms
[2.821s][info][gc,heap        ] GC(44) Eden regions: 8->0(13)
[2.821s][info][gc,heap        ] GC(44) Survivor regions: 2->2(2)
[2.821s][info][gc,heap        ] GC(44) Old regions: 226->228
[2.821s][info][gc,heap        ] GC(44) Archive regions: 0->0
[2.821s][info][gc,heap        ] GC(44) Humongous regions: 60->60
[2.821s][info][gc,metaspace   ] GC(44) Metaspace: 479K(640K)->479K(640K) NonClass: 444K(512K)->444K(512K) Class: 34K(128K)->34K(128K)
[2.821s][info][gc             ] GC(44) Pause Young (Normal) (G1 Preventive Collection) 294M->287M(300M) 5.169ms
[2.821s][info][gc,cpu         ] GC(44) User=0.00s Sys=0.00s Real=0.00s
[2.829s][info][gc,start       ] GC(45) Pause Young (Normal) (G1 Preventive Collection)
[2.829s][info][gc,task        ] GC(45) Using 4 workers of 4 for evacuation
[2.835s][info][gc,phases      ] GC(45)   Pre Evacuate Collection Set: 0.0ms
[2.835s][info][gc,phases      ] GC(45)   Merge Heap Roots: 0.0ms
[2.835s][info][gc,phases      ] GC(45)   Evacuate Collection Set: 4.9ms
[2.835s][info][gc,phases      ] GC(45)   Post Evacuate Collection Set: 0.2ms
[2.835s][info][gc,phases      ] GC(45)   Other: 0.1ms
[2.835s][info][gc,heap        ] GC(45) Eden regions: 6->0(13)
[2.835s][info][gc,heap        ] GC(45) Survivor regions: 2->2(2)
[2.835s][info][gc,heap        ] GC(45) Old regions: 228->229
[2.835s][info][gc,heap        ] GC(45) Archive regions: 0->0
[2.835s][info][gc,heap        ] GC(45) Humongous regions: 60->60
[2.835s][info][gc,metaspace   ] GC(45) Metaspace: 479K(640K)->479K(640K) NonClass: 444K(512K)->444K(512K) Class: 34K(128K)->34K(128K)
[2.835s][info][gc             ] GC(45) Pause Young (Normal) (G1 Preventive Collection) 293M->289M(300M) 5.513ms
[2.835s][info][gc,cpu         ] GC(45) User=0.00s Sys=0.00s Real=0.01s
[2.841s][info][gc,start       ] GC(46) Pause Young (Normal) (G1 Preventive Collection)
[2.841s][info][gc,task        ] GC(46) Using 4 workers of 4 for evacuation
[2.846s][info][gc             ] GC(46) To-space exhausted
[2.846s][info][gc,phases      ] GC(46)   Pre Evacuate Collection Set: 0.0ms
[2.846s][info][gc,phases      ] GC(46)   Merge Heap Roots: 0.0ms
[2.846s][info][gc,phases      ] GC(46)   Evacuate Collection Set: 4.4ms
[2.846s][info][gc,phases      ] GC(46)   Post Evacuate Collection Set: 1.0ms
[2.846s][info][gc,phases      ] GC(46)   Other: 0.2ms
[2.847s][info][gc,heap        ] GC(46) Eden regions: 6->0(13)
[2.847s][info][gc,heap        ] GC(46) Survivor regions: 2->2(2)
[2.847s][info][gc,heap        ] GC(46) Old regions: 229->232
[2.847s][info][gc,heap        ] GC(46) Archive regions: 0->0
[2.847s][info][gc,heap        ] GC(46) Humongous regions: 60->60
[2.847s][info][gc,metaspace   ] GC(46) Metaspace: 479K(640K)->479K(640K) NonClass: 444K(512K)->444K(512K) Class: 34K(128K)->34K(128K)
[2.847s][info][gc             ] GC(46) Pause Young (Normal) (G1 Preventive Collection) 295M->291M(300M) 5.848ms
[2.847s][info][gc,cpu         ] GC(46) User=0.00s Sys=0.00s Real=0.01s
[2.850s][info][gc,start       ] GC(47) Pause Young (Normal) (G1 Preventive Collection)
[2.850s][info][gc,task        ] GC(47) Using 4 workers of 4 for evacuation
[2.854s][info][gc,phases      ] GC(47)   Pre Evacuate Collection Set: 0.0ms
[2.854s][info][gc,phases      ] GC(47)   Merge Heap Roots: 0.0ms
[2.854s][info][gc,phases      ] GC(47)   Evacuate Collection Set: 3.9ms
[2.854s][info][gc,phases      ] GC(47)   Post Evacuate Collection Set: 0.2ms
[2.854s][info][gc,phases      ] GC(47)   Other: 0.1ms
[2.854s][info][gc,heap        ] GC(47) Eden regions: 3->0(14)
[2.854s][info][gc,heap        ] GC(47) Survivor regions: 2->1(2)
[2.854s][info][gc,heap        ] GC(47) Old regions: 232->234
[2.854s][info][gc,heap        ] GC(47) Archive regions: 0->0
[2.854s][info][gc,heap        ] GC(47) Humongous regions: 60->60
[2.854s][info][gc,metaspace   ] GC(47) Metaspace: 479K(640K)->479K(640K) NonClass: 444K(512K)->444K(512K) Class: 34K(128K)->34K(128K)
[2.854s][info][gc             ] GC(47) Pause Young (Normal) (G1 Preventive Collection) 294M->292M(300M) 4.419ms
[2.854s][info][gc,cpu         ] GC(47) User=0.00s Sys=0.00s Real=0.00s
[2.857s][info][gc,start       ] GC(48) Pause Young (Normal) (G1 Preventive Collection)
[2.857s][info][gc,task        ] GC(48) Using 4 workers of 4 for evacuation
[2.860s][info][gc,phases      ] GC(48)   Pre Evacuate Collection Set: 0.0ms
[2.860s][info][gc,phases      ] GC(48)   Merge Heap Roots: 0.0ms
[2.860s][info][gc,phases      ] GC(48)   Evacuate Collection Set: 2.4ms
[2.860s][info][gc,phases      ] GC(48)   Post Evacuate Collection Set: 0.2ms
[2.860s][info][gc,phases      ] GC(48)   Other: 0.1ms
[2.860s][info][gc,heap        ] GC(48) Eden regions: 3->0(13)
[2.860s][info][gc,heap        ] GC(48) Survivor regions: 1->2(2)
[2.860s][info][gc,heap        ] GC(48) Old regions: 234->234
[2.860s][info][gc,heap        ] GC(48) Archive regions: 0->0
[2.860s][info][gc,heap        ] GC(48) Humongous regions: 60->60
[2.860s][info][gc,metaspace   ] GC(48) Metaspace: 479K(640K)->479K(640K) NonClass: 444K(512K)->444K(512K) Class: 34K(128K)->34K(128K)
[2.860s][info][gc             ] GC(48) Pause Young (Normal) (G1 Preventive Collection) 295M->292M(300M) 2.952ms
[2.860s][info][gc,cpu         ] GC(48) User=0.00s Sys=0.00s Real=0.00s
[2.862s][info][gc,start       ] GC(49) Pause Young (Normal) (G1 Preventive Collection)
[2.862s][info][gc,task        ] GC(49) Using 4 workers of 4 for evacuation
[2.866s][info][gc,phases      ] GC(49)   Pre Evacuate Collection Set: 0.0ms
[2.866s][info][gc,phases      ] GC(49)   Merge Heap Roots: 0.0ms
[2.866s][info][gc,phases      ] GC(49)   Evacuate Collection Set: 3.7ms
[2.866s][info][gc,phases      ] GC(49)   Post Evacuate Collection Set: 0.2ms
[2.866s][info][gc,phases      ] GC(49)   Other: 0.1ms
[2.866s][info][gc,heap        ] GC(49) Eden regions: 2->0(13)
[2.866s][info][gc,heap        ] GC(49) Survivor regions: 2->2(2)
[2.866s][info][gc,heap        ] GC(49) Old regions: 234->234
[2.866s][info][gc,heap        ] GC(49) Archive regions: 0->0
[2.866s][info][gc,heap        ] GC(49) Humongous regions: 60->60
[2.866s][info][gc,metaspace   ] GC(49) Metaspace: 479K(640K)->479K(640K) NonClass: 444K(512K)->444K(512K) Class: 34K(128K)->34K(128K)
[2.867s][info][gc             ] GC(49) Pause Young (Normal) (G1 Preventive Collection) 294M->293M(300M) 4.238ms
[2.867s][info][gc,cpu         ] GC(49) User=0.00s Sys=0.00s Real=0.00s
[2.869s][info][gc,start       ] GC(50) Pause Young (Normal) (G1 Preventive Collection)
[2.869s][info][gc,task        ] GC(50) Using 4 workers of 4 for evacuation
[2.872s][info][gc,phases      ] GC(50)   Pre Evacuate Collection Set: 0.0ms
[2.872s][info][gc,phases      ] GC(50)   Merge Heap Roots: 0.0ms
[2.872s][info][gc,phases      ] GC(50)   Evacuate Collection Set: 3.1ms
[2.872s][info][gc,phases      ] GC(50)   Post Evacuate Collection Set: 0.2ms
[2.872s][info][gc,phases      ] GC(50)   Other: 0.1ms
[2.872s][info][gc,heap        ] GC(50) Eden regions: 2->0(13)
[2.872s][info][gc,heap        ] GC(50) Survivor regions: 2->2(2)
[2.872s][info][gc,heap        ] GC(50) Old regions: 234->234
[2.872s][info][gc,heap        ] GC(50) Archive regions: 0->0
[2.872s][info][gc,heap        ] GC(50) Humongous regions: 60->60
[2.872s][info][gc,metaspace   ] GC(50) Metaspace: 479K(640K)->479K(640K) NonClass: 444K(512K)->444K(512K) Class: 34K(128K)->34K(128K)
[2.872s][info][gc             ] GC(50) Pause Young (Normal) (G1 Preventive Collection) 295M->293M(300M) 3.614ms
[2.872s][info][gc,cpu         ] GC(50) User=0.06s Sys=0.00s Real=0.00s
[2.875s][info][gc,start       ] GC(51) Pause Young (Normal) (G1 Preventive Collection)
[2.875s][info][gc,task        ] GC(51) Using 4 workers of 4 for evacuation
[2.878s][info][gc,phases      ] GC(51)   Pre Evacuate Collection Set: 0.0ms
[2.878s][info][gc,phases      ] GC(51)   Merge Heap Roots: 0.0ms
[2.878s][info][gc,phases      ] GC(51)   Evacuate Collection Set: 3.4ms
[2.878s][info][gc,phases      ] GC(51)   Post Evacuate Collection Set: 0.2ms
[2.878s][info][gc,phases      ] GC(51)   Other: 0.1ms
[2.878s][info][gc,heap        ] GC(51) Eden regions: 2->0(14)
[2.879s][info][gc,heap        ] GC(51) Survivor regions: 2->1(2)
[2.879s][info][gc,heap        ] GC(51) Old regions: 234->235
[2.879s][info][gc,heap        ] GC(51) Archive regions: 0->0
[2.879s][info][gc,heap        ] GC(51) Humongous regions: 60->60
[2.879s][info][gc,metaspace   ] GC(51) Metaspace: 479K(640K)->479K(640K) NonClass: 444K(512K)->444K(512K) Class: 34K(128K)->34K(128K)
[2.879s][info][gc             ] GC(51) Pause Young (Normal) (G1 Preventive Collection) 295M->293M(300M) 3.902ms
[2.879s][info][gc,cpu         ] GC(51) User=0.00s Sys=0.00s Real=0.00s
[2.882s][info][gc,start       ] GC(52) Pause Young (Normal) (G1 Preventive Collection)
[2.882s][info][gc,task        ] GC(52) Using 4 workers of 4 for evacuation
[2.885s][info][gc,phases      ] GC(52)   Pre Evacuate Collection Set: 0.1ms
[2.885s][info][gc,phases      ] GC(52)   Merge Heap Roots: 0.0ms
[2.885s][info][gc,phases      ] GC(52)   Evacuate Collection Set: 2.9ms
[2.885s][info][gc,phases      ] GC(52)   Post Evacuate Collection Set: 0.2ms
[2.885s][info][gc,phases      ] GC(52)   Other: 0.1ms
[2.885s][info][gc,heap        ] GC(52) Eden regions: 2->0(13)
[2.885s][info][gc,heap        ] GC(52) Survivor regions: 1->2(2)
[2.885s][info][gc,heap        ] GC(52) Old regions: 235->235
[2.885s][info][gc,heap        ] GC(52) Archive regions: 0->0
[2.885s][info][gc,heap        ] GC(52) Humongous regions: 60->60
[2.885s][info][gc,metaspace   ] GC(52) Metaspace: 479K(640K)->479K(640K) NonClass: 444K(512K)->444K(512K) Class: 34K(128K)->34K(128K)
[2.885s][info][gc             ] GC(52) Pause Young (Normal) (G1 Preventive Collection) 295M->294M(300M) 3.500ms
[2.885s][info][gc,cpu         ] GC(52) User=0.00s Sys=0.00s Real=0.00s
[2.886s][info][gc,start       ] GC(53) Pause Young (Normal) (G1 Preventive Collection)
[2.886s][info][gc,task        ] GC(53) Using 4 workers of 4 for evacuation
[2.889s][info][gc,phases      ] GC(53)   Pre Evacuate Collection Set: 0.0ms
[2.889s][info][gc,phases      ] GC(53)   Merge Heap Roots: 0.0ms
[2.889s][info][gc,phases      ] GC(53)   Evacuate Collection Set: 2.7ms
[2.889s][info][gc,phases      ] GC(53)   Post Evacuate Collection Set: 0.2ms
[2.889s][info][gc,phases      ] GC(53)   Other: 0.1ms
[2.889s][info][gc,heap        ] GC(53) Eden regions: 1->0(14)
[2.889s][info][gc,heap        ] GC(53) Survivor regions: 2->1(2)
[2.889s][info][gc,heap        ] GC(53) Old regions: 235->236
[2.889s][info][gc,heap        ] GC(53) Archive regions: 0->0
[2.889s][info][gc,heap        ] GC(53) Humongous regions: 60->60
[2.889s][info][gc,metaspace   ] GC(53) Metaspace: 479K(640K)->479K(640K) NonClass: 444K(512K)->444K(512K) Class: 34K(128K)->34K(128K)
[2.890s][info][gc             ] GC(53) Pause Young (Normal) (G1 Preventive Collection) 295M->294M(300M) 3.266ms
[2.890s][info][gc,cpu         ] GC(53) User=0.06s Sys=0.00s Real=0.00s
[2.891s][info][gc,start       ] GC(54) Pause Young (Normal) (G1 Preventive Collection)
[2.891s][info][gc,task        ] GC(54) Using 4 workers of 4 for evacuation
[2.894s][info][gc,phases      ] GC(54)   Pre Evacuate Collection Set: 0.0ms
[2.894s][info][gc,phases      ] GC(54)   Merge Heap Roots: 0.0ms
[2.894s][info][gc,phases      ] GC(54)   Evacuate Collection Set: 3.0ms
[2.894s][info][gc,phases      ] GC(54)   Post Evacuate Collection Set: 0.2ms
[2.894s][info][gc,phases      ] GC(54)   Other: 0.1ms
[2.894s][info][gc,heap        ] GC(54) Eden regions: 1->0(13)
[2.894s][info][gc,heap        ] GC(54) Survivor regions: 1->2(2)
[2.894s][info][gc,heap        ] GC(54) Old regions: 236->236
[2.894s][info][gc,heap        ] GC(54) Archive regions: 0->0
[2.894s][info][gc,heap        ] GC(54) Humongous regions: 60->60
[2.894s][info][gc,metaspace   ] GC(54) Metaspace: 479K(640K)->479K(640K) NonClass: 444K(512K)->444K(512K) Class: 34K(128K)->34K(128K)
[2.894s][info][gc             ] GC(54) Pause Young (Normal) (G1 Preventive Collection) 295M->294M(300M) 3.553ms
[2.894s][info][gc,cpu         ] GC(54) User=0.00s Sys=0.00s Real=0.00s
[2.895s][info][gc,start       ] GC(55) Pause Young (Normal) (G1 Preventive Collection)
[2.895s][info][gc,task        ] GC(55) Using 4 workers of 4 for evacuation
[2.898s][info][gc,phases      ] GC(55)   Pre Evacuate Collection Set: 0.0ms
[2.899s][info][gc,phases      ] GC(55)   Merge Heap Roots: 0.0ms
[2.899s][info][gc,phases      ] GC(55)   Evacuate Collection Set: 2.8ms
[2.899s][info][gc,phases      ] GC(55)   Post Evacuate Collection Set: 0.2ms
[2.899s][info][gc,phases      ] GC(55)   Other: 0.1ms
[2.899s][info][gc,heap        ] GC(55) Eden regions: 1->0(14)
[2.899s][info][gc,heap        ] GC(55) Survivor regions: 2->1(1)
[2.899s][info][gc,heap        ] GC(55) Old regions: 236->236
[2.899s][info][gc,heap        ] GC(55) Archive regions: 0->0
[2.899s][info][gc,heap        ] GC(55) Humongous regions: 60->60
[2.899s][info][gc,metaspace   ] GC(55) Metaspace: 479K(640K)->479K(640K) NonClass: 444K(512K)->444K(512K) Class: 34K(128K)->34K(128K)
[2.899s][info][gc             ] GC(55) Pause Young (Normal) (G1 Preventive Collection) 295M->294M(300M) 3.355ms
[2.899s][info][gc,cpu         ] GC(55) User=0.00s Sys=0.00s Real=0.00s
[2.900s][info][gc,start       ] GC(56) Pause Young (Normal) (G1 Preventive Collection)
[2.900s][info][gc,task        ] GC(56) Using 4 workers of 4 for evacuation
[2.903s][info][gc,phases      ] GC(56)   Pre Evacuate Collection Set: 0.0ms
[2.903s][info][gc,phases      ] GC(56)   Merge Heap Roots: 0.0ms
[2.903s][info][gc,phases      ] GC(56)   Evacuate Collection Set: 3.3ms
[2.904s][info][gc,phases      ] GC(56)   Post Evacuate Collection Set: 0.2ms
[2.904s][info][gc,phases      ] GC(56)   Other: 0.1ms
[2.904s][info][gc,heap        ] GC(56) Eden regions: 1->0(13)
[2.904s][info][gc,heap        ] GC(56) Survivor regions: 1->2(2)
[2.904s][info][gc,heap        ] GC(56) Old regions: 236->236
[2.904s][info][gc,heap        ] GC(56) Archive regions: 0->0
[2.904s][info][gc,heap        ] GC(56) Humongous regions: 60->60
[2.904s][info][gc,metaspace   ] GC(56) Metaspace: 479K(640K)->479K(640K) NonClass: 444K(512K)->444K(512K) Class: 34K(128K)->34K(128K)
[2.904s][info][gc             ] GC(56) Pause Young (Normal) (G1 Preventive Collection) 295M->295M(300M) 3.792ms
[2.904s][info][gc,cpu         ] GC(56) User=0.06s Sys=0.00s Real=0.00s
[2.905s][info][gc,start       ] GC(57) Pause Young (Normal) (G1 Preventive Collection)
[2.905s][info][gc,task        ] GC(57) Using 4 workers of 4 for evacuation
[2.909s][info][gc             ] GC(57) To-space exhausted
[2.909s][info][gc,phases      ] GC(57)   Pre Evacuate Collection Set: 0.0ms
[2.909s][info][gc,phases      ] GC(57)   Merge Heap Roots: 0.0ms
[2.909s][info][gc,phases      ] GC(57)   Evacuate Collection Set: 3.1ms
[2.909s][info][gc,phases      ] GC(57)   Post Evacuate Collection Set: 0.8ms
[2.909s][info][gc,phases      ] GC(57)   Other: 0.2ms
[2.909s][info][gc,heap        ] GC(57) Eden regions: 1->0(14)
[2.909s][info][gc,heap        ] GC(57) Survivor regions: 2->1(1)
[2.909s][info][gc,heap        ] GC(57) Old regions: 236->238
[2.909s][info][gc,heap        ] GC(57) Archive regions: 0->0
[2.909s][info][gc,heap        ] GC(57) Humongous regions: 60->60
[2.909s][info][gc,metaspace   ] GC(57) Metaspace: 479K(640K)->479K(640K) NonClass: 444K(512K)->444K(512K) Class: 34K(128K)->34K(128K)
[2.909s][info][gc             ] GC(57) Pause Young (Normal) (G1 Preventive Collection) 296M->296M(300M) 4.317ms
[2.909s][info][gc,cpu         ] GC(57) User=0.00s Sys=0.00s Real=0.00s
[2.910s][info][gc,start       ] GC(58) Pause Young (Normal) (G1 Evacuation Pause)
[2.910s][info][gc,task        ] GC(58) Using 4 workers of 4 for evacuation
[2.915s][info][gc             ] GC(58) To-space exhausted
[2.915s][info][gc,phases      ] GC(58)   Pre Evacuate Collection Set: 0.0ms
[2.915s][info][gc,phases      ] GC(58)   Merge Heap Roots: 0.0ms
[2.915s][info][gc,phases      ] GC(58)   Evacuate Collection Set: 3.5ms
[2.915s][info][gc,phases      ] GC(58)   Post Evacuate Collection Set: 1.5ms
[2.916s][info][gc,phases      ] GC(58)   Other: 0.1ms
[2.916s][info][gc,heap        ] GC(58) Eden regions: 1->0(15)
[2.916s][info][gc,heap        ] GC(58) Survivor regions: 1->0(0)
[2.916s][info][gc,heap        ] GC(58) Old regions: 238->240
[2.916s][info][gc,heap        ] GC(58) Archive regions: 0->0
[2.916s][info][gc,heap        ] GC(58) Humongous regions: 60->60
[2.916s][info][gc,metaspace   ] GC(58) Metaspace: 479K(640K)->479K(640K) NonClass: 444K(512K)->444K(512K) Class: 34K(128K)->34K(128K)
[2.916s][info][gc             ] GC(58) Pause Young (Normal) (G1 Evacuation Pause) 297M->297M(300M) 5.410ms
[2.916s][info][gc,cpu         ] GC(58) User=0.00s Sys=0.00s Real=0.01s
[2.916s][info][gc,ergo        ] Attempting full compaction
[2.916s][info][gc,task        ] GC(59) Using 4 workers of 4 for full compaction
[2.916s][info][gc,start       ] GC(59) Pause Full (G1 Compaction Pause)
[2.916s][info][gc,phases,start] GC(59) Phase 1: Mark live objects
[2.954s][info][gc,phases      ] GC(59) Phase 1: Mark live objects 38.239ms
[2.954s][info][gc,phases,start] GC(59) Phase 2: Prepare for compaction
[2.959s][info][gc,phases      ] GC(59) Phase 2: Prepare for compaction 4.254ms
[2.959s][info][gc,phases,start] GC(59) Phase 3: Adjust pointers
[2.972s][info][gc,phases      ] GC(59) Phase 3: Adjust pointers 12.860ms
[2.972s][info][gc,phases,start] GC(59) Phase 4: Compact heap
[2.976s][info][gc,phases      ] GC(59) Phase 4: Compact heap 4.171ms
[2.976s][info][gc,heap        ] GC(59) Eden regions: 0->0(137)
[2.976s][info][gc,heap        ] GC(59) Survivor regions: 0->0(0)
[2.976s][info][gc,heap        ] GC(59) Old regions: 240->35
[2.976s][info][gc,heap        ] GC(59) Archive regions: 0->0
[2.976s][info][gc,heap        ] GC(59) Humongous regions: 60->36
[2.976s][info][gc,metaspace   ] GC(59) Metaspace: 479K(640K)->479K(640K) NonClass: 444K(512K)->444K(512K) Class: 34K(128K)->34K(128K)
[2.976s][info][gc             ] GC(59) Pause Full (G1 Compaction Pause) 297M->68M(300M) 60.536ms
[2.977s][info][gc,cpu         ] GC(59) User=0.25s Sys=0.00s Real=0.06s
[2.977s][info][gc,marking     ] GC(32) Concurrent Mark From Roots 472.742ms
[2.977s][info][gc,marking     ] GC(32) Concurrent Mark Abort
[2.977s][info][gc             ] GC(32) Concurrent Mark Cycle 477.119ms
[3.081s][info][gc,start       ] GC(60) Pause Young (Normal) (G1 Evacuation Pause)
[3.082s][info][gc,task        ] GC(60) Using 4 workers of 4 for evacuation
[3.119s][info][gc,phases      ] GC(60)   Pre Evacuate Collection Set: 0.0ms
[3.119s][info][gc,phases      ] GC(60)   Merge Heap Roots: 0.1ms
[3.120s][info][gc,phases      ] GC(60)   Evacuate Collection Set: 37.4ms
[3.120s][info][gc,phases      ] GC(60)   Post Evacuate Collection Set: 0.2ms
[3.120s][info][gc,phases      ] GC(60)   Other: 0.1ms
[3.120s][info][gc,heap        ] GC(60) Eden regions: 137->0(113)
[3.120s][info][gc,heap        ] GC(60) Survivor regions: 0->18(18)
[3.120s][info][gc,heap        ] GC(60) Old regions: 35->45
[3.120s][info][gc,heap        ] GC(60) Archive regions: 0->0
[3.120s][info][gc,heap        ] GC(60) Humongous regions: 36->36
[3.120s][info][gc,metaspace   ] GC(60) Metaspace: 479K(640K)->479K(640K) NonClass: 444K(512K)->444K(512K) Class: 34K(128K)->34K(128K)
[3.120s][info][gc             ] GC(60) Pause Young (Normal) (G1 Evacuation Pause) 205M->96M(300M) 38.226ms
[3.120s][info][gc,cpu         ] GC(60) User=0.13s Sys=0.00s Real=0.04s
[3.206s][info][gc,start       ] GC(61) Pause Young (Normal) (G1 Evacuation Pause)
[3.206s][info][gc,task        ] GC(61) Using 4 workers of 4 for evacuation
[3.259s][info][gc,phases      ] GC(61)   Pre Evacuate Collection Set: 0.0ms
[3.259s][info][gc,phases      ] GC(61)   Merge Heap Roots: 0.1ms
[3.259s][info][gc,phases      ] GC(61)   Evacuate Collection Set: 52.2ms
[3.259s][info][gc,phases      ] GC(61)   Post Evacuate Collection Set: 0.3ms
[3.259s][info][gc,phases      ] GC(61)   Other: 0.1ms
[3.259s][info][gc,heap        ] GC(61) Eden regions: 113->0(101)
[3.259s][info][gc,heap        ] GC(61) Survivor regions: 18->17(17)
[3.259s][info][gc,heap        ] GC(61) Old regions: 45->69
[3.259s][info][gc,heap        ] GC(61) Archive regions: 0->0
[3.259s][info][gc,heap        ] GC(61) Humongous regions: 36->36
[3.259s][info][gc,metaspace   ] GC(61) Metaspace: 479K(640K)->479K(640K) NonClass: 444K(512K)->444K(512K) Class: 34K(128K)->34K(128K)
[3.259s][info][gc             ] GC(61) Pause Young (Normal) (G1 Evacuation Pause) 209M->119M(300M) 53.108ms
[3.259s][info][gc,cpu         ] GC(61) User=0.16s Sys=0.00s Real=0.05s
[3.338s][info][gc,start       ] GC(62) Pause Young (Normal) (G1 Evacuation Pause)
[3.338s][info][gc,task        ] GC(62) Using 4 workers of 4 for evacuation
[3.387s][info][gc,phases      ] GC(62)   Pre Evacuate Collection Set: 0.1ms
[3.387s][info][gc,phases      ] GC(62)   Merge Heap Roots: 0.1ms
[3.387s][info][gc,phases      ] GC(62)   Evacuate Collection Set: 48.6ms
[3.387s][info][gc,phases      ] GC(62)   Post Evacuate Collection Set: 0.3ms
[3.387s][info][gc,phases      ] GC(62)   Other: 0.2ms
[3.387s][info][gc,heap        ] GC(62) Eden regions: 101->0(87)
[3.387s][info][gc,heap        ] GC(62) Survivor regions: 17->15(15)
[3.387s][info][gc,heap        ] GC(62) Old regions: 69->92
[3.387s][info][gc,heap        ] GC(62) Archive regions: 0->0
[3.387s][info][gc,heap        ] GC(62) Humongous regions: 36->36
[3.387s][info][gc,metaspace   ] GC(62) Metaspace: 479K(640K)->479K(640K) NonClass: 444K(512K)->444K(512K) Class: 34K(128K)->34K(128K)
[3.387s][info][gc             ] GC(62) Pause Young (Normal) (G1 Evacuation Pause) 220M->140M(300M) 49.321ms
[3.387s][info][gc,cpu         ] GC(62) User=0.22s Sys=0.00s Real=0.05s
[3.458s][info][gc,start       ] GC(63) Pause Young (Normal) (G1 Evacuation Pause)
[3.458s][info][gc,task        ] GC(63) Using 4 workers of 4 for evacuation
[3.500s][info][gc,phases      ] GC(63)   Pre Evacuate Collection Set: 0.1ms
[3.500s][info][gc,phases      ] GC(63)   Merge Heap Roots: 0.1ms
[3.500s][info][gc,phases      ] GC(63)   Evacuate Collection Set: 41.3ms
[3.500s][info][gc,phases      ] GC(63)   Post Evacuate Collection Set: 0.4ms
[3.500s][info][gc,phases      ] GC(63)   Other: 0.2ms
[3.500s][info][gc,heap        ] GC(63) Eden regions: 87->0(74)
[3.500s][info][gc,heap        ] GC(63) Survivor regions: 15->13(13)
[3.500s][info][gc,heap        ] GC(63) Old regions: 92->113
[3.500s][info][gc,heap        ] GC(63) Archive regions: 0->0
[3.500s][info][gc,heap        ] GC(63) Humongous regions: 36->36
[3.500s][info][gc,metaspace   ] GC(63) Metaspace: 479K(640K)->479K(640K) NonClass: 444K(512K)->444K(512K) Class: 34K(128K)->34K(128K)
[3.500s][info][gc             ] GC(63) Pause Young (Normal) (G1 Evacuation Pause) 227M->159M(300M) 42.287ms
[3.500s][info][gc,cpu         ] GC(63) User=0.19s Sys=0.00s Real=0.04s
[3.557s][info][gc,start       ] GC(64) Pause Young (Concurrent Start) (G1 Evacuation Pause)
[3.557s][info][gc,task        ] GC(64) Using 4 workers of 4 for evacuation
[3.592s][info][gc,phases      ] GC(64)   Pre Evacuate Collection Set: 0.1ms
[3.592s][info][gc,phases      ] GC(64)   Merge Heap Roots: 0.1ms
[3.592s][info][gc,phases      ] GC(64)   Evacuate Collection Set: 34.7ms
[3.592s][info][gc,phases      ] GC(64)   Post Evacuate Collection Set: 0.2ms
[3.592s][info][gc,phases      ] GC(64)   Other: 0.2ms
[3.592s][info][gc,heap        ] GC(64) Eden regions: 74->0(63)
[3.592s][info][gc,heap        ] GC(64) Survivor regions: 13->11(11)
[3.592s][info][gc,heap        ] GC(64) Old regions: 113->131
[3.593s][info][gc,heap        ] GC(64) Archive regions: 0->0
[3.593s][info][gc,heap        ] GC(64) Humongous regions: 36->36
[3.593s][info][gc,metaspace   ] GC(64) Metaspace: 479K(640K)->479K(640K) NonClass: 444K(512K)->444K(512K) Class: 34K(128K)->34K(128K)
[3.593s][info][gc             ] GC(64) Pause Young (Concurrent Start) (G1 Evacuation Pause) 233M->175M(300M) 35.625ms
[3.593s][info][gc,cpu         ] GC(64) User=0.19s Sys=0.00s Real=0.04s
[3.593s][info][gc             ] GC(65) Concurrent Mark Cycle
[3.593s][info][gc,marking     ] GC(65) Concurrent Clear Claimed Marks
[3.593s][info][gc,marking     ] GC(65) Concurrent Clear Claimed Marks 0.027ms
[3.593s][info][gc,marking     ] GC(65) Concurrent Scan Root Regions
[3.615s][info][gc,marking     ] GC(65) Concurrent Scan Root Regions 22.137ms
[3.615s][info][gc,marking     ] GC(65) Concurrent Mark
[3.615s][info][gc,marking     ] GC(65) Concurrent Mark From Roots
[3.615s][info][gc,task        ] GC(65) Using 1 workers of 1 for marking
[3.679s][info][gc,start       ] GC(66) Pause Young (Normal) (G1 Evacuation Pause)
[3.679s][info][gc,task        ] GC(66) Using 4 workers of 4 for evacuation
[3.710s][info][gc,phases      ] GC(66)   Pre Evacuate Collection Set: 0.0ms
[3.710s][info][gc,phases      ] GC(66)   Merge Heap Roots: 0.1ms
[3.710s][info][gc,phases      ] GC(66)   Evacuate Collection Set: 30.7ms
[3.710s][info][gc,phases      ] GC(66)   Post Evacuate Collection Set: 0.3ms
[3.710s][info][gc,phases      ] GC(66)   Other: 0.1ms
[3.710s][info][gc,heap        ] GC(66) Eden regions: 63->0(54)
[3.710s][info][gc,heap        ] GC(66) Survivor regions: 11->10(10)
[3.710s][info][gc,heap        ] GC(66) Old regions: 131->145
[3.710s][info][gc,heap        ] GC(66) Archive regions: 0->0
[3.710s][info][gc,heap        ] GC(66) Humongous regions: 36->36
[3.710s][info][gc,metaspace   ] GC(66) Metaspace: 479K(640K)->479K(640K) NonClass: 444K(512K)->444K(512K) Class: 34K(128K)->34K(128K)
[3.710s][info][gc             ] GC(66) Pause Young (Normal) (G1 Evacuation Pause) 238M->188M(300M) 31.510ms
[3.710s][info][gc,cpu         ] GC(66) User=0.13s Sys=0.00s Real=0.03s
[3.775s][info][gc,start       ] GC(67) Pause Young (Normal) (G1 Evacuation Pause)
[3.775s][info][gc,task        ] GC(67) Using 4 workers of 4 for evacuation
[3.800s][info][gc,phases      ] GC(67)   Pre Evacuate Collection Set: 0.0ms
[3.800s][info][gc,phases      ] GC(67)   Merge Heap Roots: 0.1ms
[3.800s][info][gc,phases      ] GC(67)   Evacuate Collection Set: 25.3ms
[3.800s][info][gc,phases      ] GC(67)   Post Evacuate Collection Set: 0.2ms
[3.801s][info][gc,phases      ] GC(67)   Other: 0.1ms
[3.801s][info][gc,heap        ] GC(67) Eden regions: 54->0(46)
[3.801s][info][gc,heap        ] GC(67) Survivor regions: 10->8(8)
[3.801s][info][gc,heap        ] GC(67) Old regions: 145->159
[3.801s][info][gc,heap        ] GC(67) Archive regions: 0->0
[3.801s][info][gc,heap        ] GC(67) Humongous regions: 36->36
[3.801s][info][gc,metaspace   ] GC(67) Metaspace: 479K(640K)->479K(640K) NonClass: 444K(512K)->444K(512K) Class: 34K(128K)->34K(128K)
[3.801s][info][gc             ] GC(67) Pause Young (Normal) (G1 Evacuation Pause) 242M->200M(300M) 26.085ms
[3.801s][info][gc,cpu         ] GC(67) User=0.11s Sys=0.00s Real=0.03s
[3.857s][info][gc,start       ] GC(68) Pause Young (Normal) (G1 Evacuation Pause)
[3.857s][info][gc,task        ] GC(68) Using 4 workers of 4 for evacuation
[3.878s][info][gc,phases      ] GC(68)   Pre Evacuate Collection Set: 0.0ms
[3.878s][info][gc,phases      ] GC(68)   Merge Heap Roots: 0.1ms
[3.878s][info][gc,phases      ] GC(68)   Evacuate Collection Set: 20.6ms
[3.878s][info][gc,phases      ] GC(68)   Post Evacuate Collection Set: 0.2ms
[3.878s][info][gc,phases      ] GC(68)   Other: 0.1ms
[3.878s][info][gc,heap        ] GC(68) Eden regions: 46->0(39)
[3.878s][info][gc,heap        ] GC(68) Survivor regions: 8->7(7)
[3.878s][info][gc,heap        ] GC(68) Old regions: 159->170
[3.878s][info][gc,heap        ] GC(68) Archive regions: 0->0
[3.878s][info][gc,heap        ] GC(68) Humongous regions: 36->36
[3.878s][info][gc,metaspace   ] GC(68) Metaspace: 479K(640K)->479K(640K) NonClass: 444K(512K)->444K(512K) Class: 34K(128K)->34K(128K)
[3.878s][info][gc             ] GC(68) Pause Young (Normal) (G1 Evacuation Pause) 246M->210M(300M) 21.266ms
[3.878s][info][gc,cpu         ] GC(68) User=0.06s Sys=0.00s Real=0.02s
[3.928s][info][gc,start       ] GC(69) Pause Young (Normal) (G1 Evacuation Pause)
[3.928s][info][gc,task        ] GC(69) Using 4 workers of 4 for evacuation
[3.947s][info][gc,phases      ] GC(69)   Pre Evacuate Collection Set: 0.0ms
[3.947s][info][gc,phases      ] GC(69)   Merge Heap Roots: 0.0ms
[3.947s][info][gc,phases      ] GC(69)   Evacuate Collection Set: 19.0ms
[3.947s][info][gc,phases      ] GC(69)   Post Evacuate Collection Set: 0.2ms
[3.947s][info][gc,phases      ] GC(69)   Other: 0.1ms
[3.947s][info][gc,heap        ] GC(69) Eden regions: 39->0(33)
[3.947s][info][gc,heap        ] GC(69) Survivor regions: 7->6(6)
[3.947s][info][gc,heap        ] GC(69) Old regions: 170->180
[3.947s][info][gc,heap        ] GC(69) Archive regions: 0->0
[3.947s][info][gc,heap        ] GC(69) Humongous regions: 36->36
[3.947s][info][gc,metaspace   ] GC(69) Metaspace: 479K(640K)->479K(640K) NonClass: 444K(512K)->444K(512K) Class: 34K(128K)->34K(128K)
[3.947s][info][gc             ] GC(69) Pause Young (Normal) (G1 Evacuation Pause) 249M->219M(300M) 19.659ms
[3.947s][info][gc,cpu         ] GC(69) User=0.05s Sys=0.00s Real=0.02s
[3.985s][info][gc,start       ] GC(70) Pause Young (Normal) (G1 Evacuation Pause)
[3.985s][info][gc,task        ] GC(70) Using 4 workers of 4 for evacuation
[4.001s][info][gc,phases      ] GC(70)   Pre Evacuate Collection Set: 0.1ms
[4.001s][info][gc,phases      ] GC(70)   Merge Heap Roots: 0.0ms
[4.001s][info][gc,phases      ] GC(70)   Evacuate Collection Set: 15.9ms
[4.001s][info][gc,phases      ] GC(70)   Post Evacuate Collection Set: 0.2ms
[4.001s][info][gc,phases      ] GC(70)   Other: 0.1ms
[4.001s][info][gc,heap        ] GC(70) Eden regions: 33->0(28)
[4.001s][info][gc,heap        ] GC(70) Survivor regions: 6->5(5)
[4.001s][info][gc,heap        ] GC(70) Old regions: 180->188
[4.001s][info][gc,heap        ] GC(70) Archive regions: 0->0
[4.001s][info][gc,heap        ] GC(70) Humongous regions: 36->36
[4.001s][info][gc,metaspace   ] GC(70) Metaspace: 479K(640K)->479K(640K) NonClass: 444K(512K)->444K(512K) Class: 34K(128K)->34K(128K)
[4.001s][info][gc             ] GC(70) Pause Young (Normal) (G1 Evacuation Pause) 252M->226M(300M) 16.561ms
[4.001s][info][gc,cpu         ] GC(70) User=0.06s Sys=0.00s Real=0.02s
[4.036s][info][gc,start       ] GC(71) Pause Young (Normal) (G1 Evacuation Pause)
[4.036s][info][gc,task        ] GC(71) Using 4 workers of 4 for evacuation
[4.051s][info][gc,phases      ] GC(71)   Pre Evacuate Collection Set: 0.1ms
[4.051s][info][gc,phases      ] GC(71)   Merge Heap Roots: 0.1ms
[4.051s][info][gc,phases      ] GC(71)   Evacuate Collection Set: 15.1ms
[4.051s][info][gc,phases      ] GC(71)   Post Evacuate Collection Set: 0.2ms
[4.051s][info][gc,phases      ] GC(71)   Other: 0.2ms
[4.051s][info][gc,heap        ] GC(71) Eden regions: 28->0(23)
[4.051s][info][gc,heap        ] GC(71) Survivor regions: 5->5(5)
[4.051s][info][gc,heap        ] GC(71) Old regions: 188->194
[4.051s][info][gc,heap        ] GC(71) Archive regions: 0->0
[4.051s][info][gc,heap        ] GC(71) Humongous regions: 36->36
[4.051s][info][gc,metaspace   ] GC(71) Metaspace: 479K(640K)->479K(640K) NonClass: 444K(512K)->444K(512K) Class: 34K(128K)->34K(128K)
[4.051s][info][gc             ] GC(71) Pause Young (Normal) (G1 Evacuation Pause) 254M->232M(300M) 15.824ms
[4.051s][info][gc,cpu         ] GC(71) User=0.05s Sys=0.00s Real=0.02s
[4.078s][info][gc,start       ] GC(72) Pause Young (Normal) (G1 Evacuation Pause)
[4.078s][info][gc,task        ] GC(72) Using 4 workers of 4 for evacuation
[4.090s][info][gc,phases      ] GC(72)   Pre Evacuate Collection Set: 0.0ms
[4.090s][info][gc,phases      ] GC(72)   Merge Heap Roots: 0.0ms
[4.090s][info][gc,phases      ] GC(72)   Evacuate Collection Set: 12.2ms
[4.090s][info][gc,phases      ] GC(72)   Post Evacuate Collection Set: 0.2ms
[4.090s][info][gc,phases      ] GC(72)   Other: 0.1ms
[4.090s][info][gc,heap        ] GC(72) Eden regions: 23->0(19)
[4.090s][info][gc,heap        ] GC(72) Survivor regions: 5->4(4)
[4.090s][info][gc,heap        ] GC(72) Old regions: 194->201
[4.090s][info][gc,heap        ] GC(72) Archive regions: 0->0
[4.090s][info][gc,heap        ] GC(72) Humongous regions: 36->36
[4.091s][info][gc,metaspace   ] GC(72) Metaspace: 479K(640K)->479K(640K) NonClass: 444K(512K)->444K(512K) Class: 34K(128K)->34K(128K)
[4.091s][info][gc             ] GC(72) Pause Young (Normal) (G1 Evacuation Pause) 255M->238M(300M) 12.806ms
[4.091s][info][gc,cpu         ] GC(72) User=0.06s Sys=0.00s Real=0.01s
[4.109s][info][gc,start       ] GC(73) Pause Young (Normal) (G1 Evacuation Pause)
[4.110s][info][gc,task        ] GC(73) Using 4 workers of 4 for evacuation
[4.120s][info][gc,phases      ] GC(73)   Pre Evacuate Collection Set: 0.0ms
[4.120s][info][gc,phases      ] GC(73)   Merge Heap Roots: 0.0ms
[4.120s][info][gc,phases      ] GC(73)   Evacuate Collection Set: 10.0ms
[4.120s][info][gc,phases      ] GC(73)   Post Evacuate Collection Set: 0.2ms
[4.120s][info][gc,phases      ] GC(73)   Other: 0.1ms
[4.120s][info][gc,heap        ] GC(73) Eden regions: 19->0(17)
[4.120s][info][gc,heap        ] GC(73) Survivor regions: 4->3(3)
[4.120s][info][gc,heap        ] GC(73) Old regions: 201->206
[4.120s][info][gc,heap        ] GC(73) Archive regions: 0->0
[4.120s][info][gc,heap        ] GC(73) Humongous regions: 36->36
[4.120s][info][gc,metaspace   ] GC(73) Metaspace: 479K(640K)->479K(640K) NonClass: 444K(512K)->444K(512K) Class: 34K(128K)->34K(128K)
[4.120s][info][gc             ] GC(73) Pause Young (Normal) (G1 Evacuation Pause) 257M->242M(300M) 10.615ms
[4.120s][info][gc,cpu         ] GC(73) User=0.00s Sys=0.00s Real=0.01s
[4.138s][info][gc,start       ] GC(74) Pause Young (Normal) (G1 Evacuation Pause)
[4.138s][info][gc,task        ] GC(74) Using 4 workers of 4 for evacuation
[4.149s][info][gc,phases      ] GC(74)   Pre Evacuate Collection Set: 0.0ms
[4.149s][info][gc,phases      ] GC(74)   Merge Heap Roots: 0.0ms
[4.149s][info][gc,phases      ] GC(74)   Evacuate Collection Set: 10.1ms
[4.149s][info][gc,phases      ] GC(74)   Post Evacuate Collection Set: 0.2ms
[4.149s][info][gc,phases      ] GC(74)   Other: 0.1ms
[4.149s][info][gc,heap        ] GC(74) Eden regions: 17->0(14)
[4.149s][info][gc,heap        ] GC(74) Survivor regions: 3->3(3)
[4.149s][info][gc,heap        ] GC(74) Old regions: 206->210
[4.149s][info][gc,heap        ] GC(74) Archive regions: 0->0
[4.149s][info][gc,heap        ] GC(74) Humongous regions: 36->36
[4.149s][info][gc,metaspace   ] GC(74) Metaspace: 479K(640K)->479K(640K) NonClass: 444K(512K)->444K(512K) Class: 34K(128K)->34K(128K)
[4.149s][info][gc             ] GC(74) Pause Young (Normal) (G1 Evacuation Pause) 259M->246M(300M) 10.746ms
[4.149s][info][gc,cpu         ] GC(74) User=0.00s Sys=0.00s Real=0.01s
[4.167s][info][gc,start       ] GC(75) Pause Young (Normal) (G1 Evacuation Pause)
[4.167s][info][gc,task        ] GC(75) Using 4 workers of 4 for evacuation
[4.175s][info][gc,phases      ] GC(75)   Pre Evacuate Collection Set: 0.0ms
[4.175s][info][gc,phases      ] GC(75)   Merge Heap Roots: 0.0ms
[4.175s][info][gc,phases      ] GC(75)   Evacuate Collection Set: 8.4ms
[4.175s][info][gc,phases      ] GC(75)   Post Evacuate Collection Set: 0.2ms
[4.175s][info][gc,phases      ] GC(75)   Other: 0.1ms
[4.175s][info][gc,heap        ] GC(75) Eden regions: 14->0(12)
[4.175s][info][gc,heap        ] GC(75) Survivor regions: 3->3(3)
[4.175s][info][gc,heap        ] GC(75) Old regions: 210->213
[4.175s][info][gc,heap        ] GC(75) Archive regions: 0->0
[4.175s][info][gc,heap        ] GC(75) Humongous regions: 36->36
[4.175s][info][gc,metaspace   ] GC(75) Metaspace: 479K(640K)->479K(640K) NonClass: 444K(512K)->444K(512K) Class: 34K(128K)->34K(128K)
[4.176s][info][gc             ] GC(75) Pause Young (Normal) (G1 Evacuation Pause) 260M->249M(300M) 8.972ms
[4.176s][info][gc,cpu         ] GC(75) User=0.06s Sys=0.00s Real=0.01s
[4.222s][info][gc,start       ] GC(76) Pause Young (Normal) (G1 Evacuation Pause)
[4.222s][info][gc,task        ] GC(76) Using 4 workers of 4 for evacuation
[4.226s][info][gc,phases      ] GC(76)   Pre Evacuate Collection Set: 0.1ms
[4.227s][info][gc,phases      ] GC(76)   Merge Heap Roots: 0.0ms
[4.227s][info][gc,phases      ] GC(76)   Evacuate Collection Set: 3.9ms
[4.227s][info][gc,phases      ] GC(76)   Post Evacuate Collection Set: 0.2ms
[4.227s][info][gc,phases      ] GC(76)   Other: 0.1ms
[4.227s][info][gc,heap        ] GC(76) Eden regions: 12->0(13)
[4.227s][info][gc,heap        ] GC(76) Survivor regions: 3->2(2)
[4.227s][info][gc,heap        ] GC(76) Old regions: 213->213
[4.227s][info][gc,heap        ] GC(76) Archive regions: 0->0
[4.227s][info][gc,heap        ] GC(76) Humongous regions: 36->36
[4.227s][info][gc,metaspace   ] GC(76) Metaspace: 479K(640K)->479K(640K) NonClass: 444K(512K)->444K(512K) Class: 34K(128K)->34K(128K)
[4.227s][info][gc             ] GC(76) Pause Young (Normal) (G1 Evacuation Pause) 261M->248M(300M) 4.452ms
[4.227s][info][gc,cpu         ] GC(76) User=0.00s Sys=0.00s Real=0.00s
[4.232s][info][gc,marking     ] GC(65) Concurrent Mark From Roots 616.805ms
[4.232s][info][gc,marking     ] GC(65) Concurrent Preclean
[4.232s][info][gc,marking     ] GC(65) Concurrent Preclean 0.093ms
[4.232s][info][gc,start       ] GC(65) Pause Remark
[4.233s][info][gc             ] GC(65) Pause Remark 254M->254M(300M) 0.571ms
[4.233s][info][gc,cpu         ] GC(65) User=0.00s Sys=0.00s Real=0.00s
[4.233s][info][gc,marking     ] GC(65) Concurrent Mark 617.725ms
[4.233s][info][gc,marking     ] GC(65) Concurrent Rebuild Remembered Sets
[4.239s][info][gc,start       ] GC(77) Pause Young (Normal) (G1 Evacuation Pause)
[4.239s][info][gc,task        ] GC(77) Using 4 workers of 4 for evacuation
[4.245s][info][gc,phases      ] GC(77)   Pre Evacuate Collection Set: 0.0ms
[4.245s][info][gc,phases      ] GC(77)   Merge Heap Roots: 0.0ms
[4.245s][info][gc,phases      ] GC(77)   Evacuate Collection Set: 6.0ms
[4.245s][info][gc,phases      ] GC(77)   Post Evacuate Collection Set: 0.2ms
[4.245s][info][gc,phases      ] GC(77)   Other: 0.1ms
[4.245s][info][gc,heap        ] GC(77) Eden regions: 13->0(13)
[4.245s][info][gc,heap        ] GC(77) Survivor regions: 2->2(2)
[4.245s][info][gc,heap        ] GC(77) Old regions: 213->216
[4.245s][info][gc,heap        ] GC(77) Archive regions: 0->0
[4.245s][info][gc,heap        ] GC(77) Humongous regions: 36->36
[4.245s][info][gc,metaspace   ] GC(77) Metaspace: 479K(640K)->479K(640K) NonClass: 444K(512K)->444K(512K) Class: 34K(128K)->34K(128K)
[4.245s][info][gc             ] GC(77) Pause Young (Normal) (G1 Evacuation Pause) 261M->251M(300M) 6.618ms
[4.245s][info][gc,cpu         ] GC(77) User=0.00s Sys=0.00s Real=0.01s
[4.256s][info][gc,start       ] GC(78) Pause Young (Normal) (G1 Evacuation Pause)
[4.256s][info][gc,task        ] GC(78) Using 4 workers of 4 for evacuation
[4.263s][info][gc,phases      ] GC(78)   Pre Evacuate Collection Set: 0.0ms
[4.263s][info][gc,phases      ] GC(78)   Merge Heap Roots: 0.0ms
[4.263s][info][gc,phases      ] GC(78)   Evacuate Collection Set: 6.3ms
[4.263s][info][gc,phases      ] GC(78)   Post Evacuate Collection Set: 0.2ms
[4.263s][info][gc,phases      ] GC(78)   Other: 0.1ms
[4.263s][info][gc,heap        ] GC(78) Eden regions: 13->0(13)
[4.263s][info][gc,heap        ] GC(78) Survivor regions: 2->2(2)
[4.263s][info][gc,heap        ] GC(78) Old regions: 216->219
[4.263s][info][gc,heap        ] GC(78) Archive regions: 0->0
[4.263s][info][gc,heap        ] GC(78) Humongous regions: 36->36
[4.263s][info][gc,metaspace   ] GC(78) Metaspace: 479K(640K)->479K(640K) NonClass: 444K(512K)->444K(512K) Class: 34K(128K)->34K(128K)
[4.263s][info][gc             ] GC(78) Pause Young (Normal) (G1 Evacuation Pause) 264M->253M(300M) 7.105ms
[4.263s][info][gc,cpu         ] GC(78) User=0.06s Sys=0.00s Real=0.01s
[4.274s][info][gc,start       ] GC(79) Pause Young (Normal) (G1 Evacuation Pause)
[4.274s][info][gc,task        ] GC(79) Using 4 workers of 4 for evacuation
[4.281s][info][gc,phases      ] GC(79)   Pre Evacuate Collection Set: 0.0ms
[4.281s][info][gc,phases      ] GC(79)   Merge Heap Roots: 0.0ms
[4.281s][info][gc,phases      ] GC(79)   Evacuate Collection Set: 6.6ms
[4.281s][info][gc,phases      ] GC(79)   Post Evacuate Collection Set: 0.2ms
[4.281s][info][gc,phases      ] GC(79)   Other: 0.1ms
[4.281s][info][gc,heap        ] GC(79) Eden regions: 13->0(13)
[4.281s][info][gc,heap        ] GC(79) Survivor regions: 2->2(2)
[4.281s][info][gc,heap        ] GC(79) Old regions: 219->221
[4.281s][info][gc,heap        ] GC(79) Archive regions: 0->0
[4.281s][info][gc,heap        ] GC(79) Humongous regions: 36->36
[4.281s][info][gc,metaspace   ] GC(79) Metaspace: 479K(640K)->479K(640K) NonClass: 444K(512K)->444K(512K) Class: 34K(128K)->34K(128K)
[4.281s][info][gc             ] GC(79) Pause Young (Normal) (G1 Evacuation Pause) 266M->256M(300M) 7.180ms
[4.281s][info][gc,cpu         ] GC(79) User=0.06s Sys=0.00s Real=0.01s
[4.292s][info][gc,start       ] GC(80) Pause Young (Normal) (G1 Evacuation Pause)
[4.292s][info][gc,task        ] GC(80) Using 4 workers of 4 for evacuation
[4.299s][info][gc,phases      ] GC(80)   Pre Evacuate Collection Set: 0.1ms
[4.299s][info][gc,phases      ] GC(80)   Merge Heap Roots: 0.0ms
[4.299s][info][gc,phases      ] GC(80)   Evacuate Collection Set: 6.7ms
[4.299s][info][gc,phases      ] GC(80)   Post Evacuate Collection Set: 0.2ms
[4.299s][info][gc,phases      ] GC(80)   Other: 0.1ms
[4.299s][info][gc,heap        ] GC(80) Eden regions: 13->0(13)
[4.299s][info][gc,heap        ] GC(80) Survivor regions: 2->2(2)
[4.299s][info][gc,heap        ] GC(80) Old regions: 221->224
[4.299s][info][gc,heap        ] GC(80) Archive regions: 0->0
[4.299s][info][gc,heap        ] GC(80) Humongous regions: 36->36
[4.299s][info][gc,metaspace   ] GC(80) Metaspace: 479K(640K)->479K(640K) NonClass: 444K(512K)->444K(512K) Class: 34K(128K)->34K(128K)
[4.299s][info][gc             ] GC(80) Pause Young (Normal) (G1 Evacuation Pause) 269M->259M(300M) 7.368ms
[4.299s][info][gc,cpu         ] GC(80) User=0.05s Sys=0.00s Real=0.01s
[4.312s][info][gc,start       ] GC(81) Pause Young (Normal) (G1 Evacuation Pause)
[4.312s][info][gc,task        ] GC(81) Using 4 workers of 4 for evacuation
[4.319s][info][gc,phases      ] GC(81)   Pre Evacuate Collection Set: 0.1ms
[4.319s][info][gc,phases      ] GC(81)   Merge Heap Roots: 0.0ms
[4.319s][info][gc,phases      ] GC(81)   Evacuate Collection Set: 6.7ms
[4.319s][info][gc,phases      ] GC(81)   Post Evacuate Collection Set: 0.2ms
[4.319s][info][gc,phases      ] GC(81)   Other: 0.1ms
[4.319s][info][gc,heap        ] GC(81) Eden regions: 13->0(13)
[4.319s][info][gc,heap        ] GC(81) Survivor regions: 2->2(2)
[4.319s][info][gc,heap        ] GC(81) Old regions: 224->227
[4.319s][info][gc,heap        ] GC(81) Archive regions: 0->0
[4.319s][info][gc,heap        ] GC(81) Humongous regions: 36->36
[4.319s][info][gc,metaspace   ] GC(81) Metaspace: 479K(640K)->479K(640K) NonClass: 444K(512K)->444K(512K) Class: 34K(128K)->34K(128K)
[4.319s][info][gc             ] GC(81) Pause Young (Normal) (G1 Evacuation Pause) 272M->262M(300M) 7.466ms
[4.319s][info][gc,cpu         ] GC(81) User=0.00s Sys=0.00s Real=0.01s
[4.330s][info][gc,start       ] GC(82) Pause Young (Normal) (G1 Evacuation Pause)
[4.330s][info][gc,task        ] GC(82) Using 4 workers of 4 for evacuation
[4.338s][info][gc,phases      ] GC(82)   Pre Evacuate Collection Set: 0.1ms
[4.338s][info][gc,phases      ] GC(82)   Merge Heap Roots: 0.0ms
[4.338s][info][gc,phases      ] GC(82)   Evacuate Collection Set: 7.5ms
[4.338s][info][gc,phases      ] GC(82)   Post Evacuate Collection Set: 0.2ms
[4.338s][info][gc,phases      ] GC(82)   Other: 0.2ms
[4.338s][info][gc,heap        ] GC(82) Eden regions: 13->0(13)
[4.338s][info][gc,heap        ] GC(82) Survivor regions: 2->2(2)
[4.338s][info][gc,heap        ] GC(82) Old regions: 227->230
[4.338s][info][gc,heap        ] GC(82) Archive regions: 0->0
[4.338s][info][gc,heap        ] GC(82) Humongous regions: 36->36
[4.338s][info][gc,metaspace   ] GC(82) Metaspace: 479K(640K)->479K(640K) NonClass: 444K(512K)->444K(512K) Class: 34K(128K)->34K(128K)
[4.338s][info][gc             ] GC(82) Pause Young (Normal) (G1 Evacuation Pause) 275M->265M(300M) 8.185ms
[4.338s][info][gc,cpu         ] GC(82) User=0.00s Sys=0.00s Real=0.01s
[4.349s][info][gc,start       ] GC(83) Pause Young (Normal) (G1 Evacuation Pause)
[4.349s][info][gc,task        ] GC(83) Using 4 workers of 4 for evacuation
[4.357s][info][gc,phases      ] GC(83)   Pre Evacuate Collection Set: 0.0ms
[4.357s][info][gc,phases      ] GC(83)   Merge Heap Roots: 0.0ms
[4.357s][info][gc,phases      ] GC(83)   Evacuate Collection Set: 7.5ms
[4.357s][info][gc,phases      ] GC(83)   Post Evacuate Collection Set: 0.2ms
[4.357s][info][gc,phases      ] GC(83)   Other: 0.1ms
[4.357s][info][gc,heap        ] GC(83) Eden regions: 13->0(13)
[4.357s][info][gc,heap        ] GC(83) Survivor regions: 2->2(2)
[4.357s][info][gc,heap        ] GC(83) Old regions: 230->233
[4.357s][info][gc,heap        ] GC(83) Archive regions: 0->0
[4.357s][info][gc,heap        ] GC(83) Humongous regions: 36->36
[4.357s][info][gc,metaspace   ] GC(83) Metaspace: 479K(640K)->479K(640K) NonClass: 444K(512K)->444K(512K) Class: 34K(128K)->34K(128K)
[4.357s][info][gc             ] GC(83) Pause Young (Normal) (G1 Evacuation Pause) 278M->268M(300M) 8.164ms
[4.357s][info][gc,cpu         ] GC(83) User=0.06s Sys=0.00s Real=0.01s
[4.368s][info][gc,start       ] GC(84) Pause Young (Normal) (G1 Evacuation Pause)
[4.368s][info][gc,task        ] GC(84) Using 4 workers of 4 for evacuation
[4.375s][info][gc,phases      ] GC(84)   Pre Evacuate Collection Set: 0.0ms
[4.375s][info][gc,phases      ] GC(84)   Merge Heap Roots: 0.0ms
[4.375s][info][gc,phases      ] GC(84)   Evacuate Collection Set: 6.5ms
[4.375s][info][gc,phases      ] GC(84)   Post Evacuate Collection Set: 0.2ms
[4.375s][info][gc,phases      ] GC(84)   Other: 0.1ms
[4.375s][info][gc,heap        ] GC(84) Eden regions: 13->0(13)
[4.375s][info][gc,heap        ] GC(84) Survivor regions: 2->2(2)
[4.375s][info][gc,heap        ] GC(84) Old regions: 233->236
[4.375s][info][gc,heap        ] GC(84) Archive regions: 0->0
[4.375s][info][gc,heap        ] GC(84) Humongous regions: 36->36
[4.375s][info][gc,metaspace   ] GC(84) Metaspace: 479K(640K)->479K(640K) NonClass: 444K(512K)->444K(512K) Class: 34K(128K)->34K(128K)
[4.375s][info][gc             ] GC(84) Pause Young (Normal) (G1 Evacuation Pause) 281M->271M(300M) 7.114ms
[4.375s][info][gc,cpu         ] GC(84) User=0.06s Sys=0.00s Real=0.01s
[4.385s][info][gc,start       ] GC(85) Pause Young (Normal) (G1 Evacuation Pause)
[4.385s][info][gc,task        ] GC(85) Using 4 workers of 4 for evacuation
[4.392s][info][gc,phases      ] GC(85)   Pre Evacuate Collection Set: 0.0ms
[4.392s][info][gc,phases      ] GC(85)   Merge Heap Roots: 0.0ms
[4.392s][info][gc,phases      ] GC(85)   Evacuate Collection Set: 6.4ms
[4.392s][info][gc,phases      ] GC(85)   Post Evacuate Collection Set: 0.2ms
[4.392s][info][gc,phases      ] GC(85)   Other: 0.1ms
[4.392s][info][gc,heap        ] GC(85) Eden regions: 13->0(13)
[4.392s][info][gc,heap        ] GC(85) Survivor regions: 2->2(2)
[4.392s][info][gc,heap        ] GC(85) Old regions: 236->239
[4.392s][info][gc,heap        ] GC(85) Archive regions: 0->0
[4.392s][info][gc,heap        ] GC(85) Humongous regions: 36->36
[4.392s][info][gc,metaspace   ] GC(85) Metaspace: 479K(640K)->479K(640K) NonClass: 444K(512K)->444K(512K) Class: 34K(128K)->34K(128K)
[4.392s][info][gc             ] GC(85) Pause Young (Normal) (G1 Evacuation Pause) 284M->274M(300M) 6.975ms
[4.392s][info][gc,cpu         ] GC(85) User=0.06s Sys=0.00s Real=0.01s
[4.403s][info][gc,start       ] GC(86) Pause Young (Normal) (G1 Evacuation Pause)
[4.403s][info][gc,task        ] GC(86) Using 4 workers of 4 for evacuation
[4.410s][info][gc,phases      ] GC(86)   Pre Evacuate Collection Set: 0.1ms
[4.410s][info][gc,phases      ] GC(86)   Merge Heap Roots: 0.0ms
[4.410s][info][gc,phases      ] GC(86)   Evacuate Collection Set: 6.5ms
[4.410s][info][gc,phases      ] GC(86)   Post Evacuate Collection Set: 0.2ms
[4.410s][info][gc,phases      ] GC(86)   Other: 0.1ms
[4.410s][info][gc,heap        ] GC(86) Eden regions: 13->0(13)
[4.410s][info][gc,heap        ] GC(86) Survivor regions: 2->2(2)
[4.410s][info][gc,heap        ] GC(86) Old regions: 239->242
[4.410s][info][gc,heap        ] GC(86) Archive regions: 0->0
[4.410s][info][gc,heap        ] GC(86) Humongous regions: 36->36
[4.410s][info][gc,metaspace   ] GC(86) Metaspace: 479K(640K)->479K(640K) NonClass: 444K(512K)->444K(512K) Class: 34K(128K)->34K(128K)
[4.410s][info][gc             ] GC(86) Pause Young (Normal) (G1 Evacuation Pause) 287M->277M(300M) 7.138ms
[4.410s][info][gc,cpu         ] GC(86) User=0.00s Sys=0.00s Real=0.01s
[4.422s][info][gc,start       ] GC(87) Pause Young (Normal) (G1 Evacuation Pause)
[4.422s][info][gc,task        ] GC(87) Using 4 workers of 4 for evacuation
[4.429s][info][gc,phases      ] GC(87)   Pre Evacuate Collection Set: 0.0ms
[4.429s][info][gc,phases      ] GC(87)   Merge Heap Roots: 0.0ms
[4.429s][info][gc,phases      ] GC(87)   Evacuate Collection Set: 7.0ms
[4.429s][info][gc,phases      ] GC(87)   Post Evacuate Collection Set: 0.3ms
[4.429s][info][gc,phases      ] GC(87)   Other: 0.1ms
[4.430s][info][gc,heap        ] GC(87) Eden regions: 13->0(13)
[4.430s][info][gc,heap        ] GC(87) Survivor regions: 2->2(2)
[4.430s][info][gc,heap        ] GC(87) Old regions: 242->244
[4.430s][info][gc,heap        ] GC(87) Archive regions: 0->0
[4.430s][info][gc,heap        ] GC(87) Humongous regions: 36->36
[4.430s][info][gc,metaspace   ] GC(87) Metaspace: 479K(640K)->479K(640K) NonClass: 444K(512K)->444K(512K) Class: 34K(128K)->34K(128K)
[4.430s][info][gc             ] GC(87) Pause Young (Normal) (G1 Evacuation Pause) 290M->279M(300M) 7.872ms
[4.430s][info][gc,cpu         ] GC(87) User=0.00s Sys=0.00s Real=0.01s
[4.440s][info][gc,start       ] GC(88) Pause Young (Normal) (G1 Preventive Collection)
[4.440s][info][gc,task        ] GC(88) Using 4 workers of 4 for evacuation
[4.447s][info][gc,phases      ] GC(88)   Pre Evacuate Collection Set: 0.1ms
[4.447s][info][gc,phases      ] GC(88)   Merge Heap Roots: 0.0ms
[4.447s][info][gc,phases      ] GC(88)   Evacuate Collection Set: 7.1ms
[4.447s][info][gc,phases      ] GC(88)   Post Evacuate Collection Set: 0.2ms
[4.447s][info][gc,phases      ] GC(88)   Other: 0.1ms
[4.447s][info][gc,heap        ] GC(88) Eden regions: 12->0(13)
[4.447s][info][gc,heap        ] GC(88) Survivor regions: 2->2(2)
[4.447s][info][gc,heap        ] GC(88) Old regions: 244->247
[4.447s][info][gc,heap        ] GC(88) Archive regions: 0->0
[4.447s][info][gc,heap        ] GC(88) Humongous regions: 36->36
[4.447s][info][gc,metaspace   ] GC(88) Metaspace: 479K(640K)->479K(640K) NonClass: 444K(512K)->444K(512K) Class: 34K(128K)->34K(128K)
[4.447s][info][gc             ] GC(88) Pause Young (Normal) (G1 Preventive Collection) 291M->282M(300M) 7.674ms
[4.447s][info][gc,cpu         ] GC(88) User=0.00s Sys=0.00s Real=0.01s
[4.457s][info][gc,start       ] GC(89) Pause Young (Normal) (G1 Preventive Collection)
[4.457s][info][gc,task        ] GC(89) Using 4 workers of 4 for evacuation
[4.463s][info][gc,phases      ] GC(89)   Pre Evacuate Collection Set: 0.0ms
[4.463s][info][gc,phases      ] GC(89)   Merge Heap Roots: 0.0ms
[4.463s][info][gc,phases      ] GC(89)   Evacuate Collection Set: 5.3ms
[4.463s][info][gc,phases      ] GC(89)   Post Evacuate Collection Set: 0.1ms
[4.463s][info][gc,phases      ] GC(89)   Other: 0.2ms
[4.463s][info][gc,heap        ] GC(89) Eden regions: 10->0(13)
[4.463s][info][gc,heap        ] GC(89) Survivor regions: 2->2(2)
[4.463s][info][gc,heap        ] GC(89) Old regions: 247->249
[4.463s][info][gc,heap        ] GC(89) Archive regions: 0->0
[4.463s][info][gc,heap        ] GC(89) Humongous regions: 36->36
[4.463s][info][gc,metaspace   ] GC(89) Metaspace: 479K(640K)->479K(640K) NonClass: 444K(512K)->444K(512K) Class: 34K(128K)->34K(128K)
[4.463s][info][gc             ] GC(89) Pause Young (Normal) (G1 Preventive Collection) 292M->284M(300M) 5.951ms
[4.463s][info][gc,cpu         ] GC(89) User=0.00s Sys=0.00s Real=0.01s
[4.470s][info][gc,start       ] GC(90) Pause Young (Normal) (G1 Preventive Collection)
[4.470s][info][gc,task        ] GC(90) Using 4 workers of 4 for evacuation
[4.475s][info][gc,phases      ] GC(90)   Pre Evacuate Collection Set: 0.0ms
[4.475s][info][gc,phases      ] GC(90)   Merge Heap Roots: 0.0ms
[4.475s][info][gc,phases      ] GC(90)   Evacuate Collection Set: 5.2ms
[4.475s][info][gc,phases      ] GC(90)   Post Evacuate Collection Set: 0.2ms
[4.475s][info][gc,phases      ] GC(90)   Other: 0.1ms
[4.475s][info][gc,heap        ] GC(90) Eden regions: 8->0(13)
[4.475s][info][gc,heap        ] GC(90) Survivor regions: 2->2(2)
[4.475s][info][gc,heap        ] GC(90) Old regions: 249->252
[4.475s][info][gc,heap        ] GC(90) Archive regions: 0->0
[4.475s][info][gc,heap        ] GC(90) Humongous regions: 36->36
[4.475s][info][gc,metaspace   ] GC(90) Metaspace: 479K(640K)->479K(640K) NonClass: 444K(512K)->444K(512K) Class: 34K(128K)->34K(128K)
[4.475s][info][gc             ] GC(90) Pause Young (Normal) (G1 Preventive Collection) 292M->286M(300M) 5.810ms
[4.475s][info][gc,cpu         ] GC(90) User=0.00s Sys=0.00s Real=0.01s
[4.480s][info][gc,start       ] GC(91) Pause Young (Normal) (G1 Preventive Collection)
[4.480s][info][gc,task        ] GC(91) Using 4 workers of 4 for evacuation
[4.485s][info][gc,phases      ] GC(91)   Pre Evacuate Collection Set: 0.1ms
[4.485s][info][gc,phases      ] GC(91)   Merge Heap Roots: 0.0ms
[4.485s][info][gc,phases      ] GC(91)   Evacuate Collection Set: 4.8ms
[4.485s][info][gc,phases      ] GC(91)   Post Evacuate Collection Set: 0.2ms
[4.485s][info][gc,phases      ] GC(91)   Other: 0.1ms
[4.485s][info][gc,heap        ] GC(91) Eden regions: 6->0(13)
[4.485s][info][gc,heap        ] GC(91) Survivor regions: 2->2(2)
[4.485s][info][gc,heap        ] GC(91) Old regions: 252->253
[4.485s][info][gc,heap        ] GC(91) Archive regions: 0->0
[4.485s][info][gc,heap        ] GC(91) Humongous regions: 36->36
[4.485s][info][gc,metaspace   ] GC(91) Metaspace: 479K(640K)->479K(640K) NonClass: 444K(512K)->444K(512K) Class: 34K(128K)->34K(128K)
[4.485s][info][gc             ] GC(91) Pause Young (Normal) (G1 Preventive Collection) 292M->288M(300M) 5.338ms
[4.485s][info][gc,cpu         ] GC(91) User=0.00s Sys=0.00s Real=0.00s
[4.490s][info][gc,start       ] GC(92) Pause Young (Normal) (G1 Preventive Collection)
[4.490s][info][gc,task        ] GC(92) Using 4 workers of 4 for evacuation
[4.495s][info][gc             ] GC(92) To-space exhausted
[4.495s][info][gc,phases      ] GC(92)   Pre Evacuate Collection Set: 0.0ms
[4.495s][info][gc,phases      ] GC(92)   Merge Heap Roots: 0.0ms
[4.495s][info][gc,phases      ] GC(92)   Evacuate Collection Set: 4.1ms
[4.495s][info][gc,phases      ] GC(92)   Post Evacuate Collection Set: 0.7ms
[4.495s][info][gc,phases      ] GC(92)   Other: 0.2ms
[4.495s][info][gc,heap        ] GC(92) Eden regions: 6->0(13)
[4.495s][info][gc,heap        ] GC(92) Survivor regions: 2->2(2)
[4.495s][info][gc,heap        ] GC(92) Old regions: 253->256
[4.495s][info][gc,heap        ] GC(92) Archive regions: 0->0
[4.495s][info][gc,heap        ] GC(92) Humongous regions: 36->36
[4.495s][info][gc,metaspace   ] GC(92) Metaspace: 479K(640K)->479K(640K) NonClass: 444K(512K)->444K(512K) Class: 34K(128K)->34K(128K)
[4.495s][info][gc             ] GC(92) Pause Young (Normal) (G1 Preventive Collection) 294M->290M(300M) 5.202ms
[4.495s][info][gc,cpu         ] GC(92) User=0.00s Sys=0.00s Real=0.00s
[4.498s][info][gc,start       ] GC(93) Pause Young (Normal) (G1 Preventive Collection)
[4.498s][info][gc,task        ] GC(93) Using 4 workers of 4 for evacuation
[4.502s][info][gc,phases      ] GC(93)   Pre Evacuate Collection Set: 0.0ms
[4.502s][info][gc,phases      ] GC(93)   Merge Heap Roots: 0.0ms
[4.502s][info][gc,phases      ] GC(93)   Evacuate Collection Set: 3.4ms
[4.502s][info][gc,phases      ] GC(93)   Post Evacuate Collection Set: 0.2ms
[4.502s][info][gc,phases      ] GC(93)   Other: 0.1ms
[4.502s][info][gc,heap        ] GC(93) Eden regions: 3->0(14)
[4.502s][info][gc,heap        ] GC(93) Survivor regions: 2->1(2)
[4.502s][info][gc,heap        ] GC(93) Old regions: 256->258
[4.502s][info][gc,heap        ] GC(93) Archive regions: 0->0
[4.502s][info][gc,heap        ] GC(93) Humongous regions: 36->36
[4.502s][info][gc,metaspace   ] GC(93) Metaspace: 479K(640K)->479K(640K) NonClass: 444K(512K)->444K(512K) Class: 34K(128K)->34K(128K)
[4.502s][info][gc             ] GC(93) Pause Young (Normal) (G1 Preventive Collection) 293M->291M(300M) 3.964ms
[4.502s][info][gc,cpu         ] GC(93) User=0.00s Sys=0.00s Real=0.00s
[4.505s][info][gc,start       ] GC(94) Pause Young (Normal) (G1 Preventive Collection)
[4.505s][info][gc,task        ] GC(94) Using 4 workers of 4 for evacuation
[4.508s][info][gc,phases      ] GC(94)   Pre Evacuate Collection Set: 0.0ms
[4.508s][info][gc,phases      ] GC(94)   Merge Heap Roots: 0.0ms
[4.508s][info][gc,phases      ] GC(94)   Evacuate Collection Set: 2.8ms
[4.508s][info][gc,phases      ] GC(94)   Post Evacuate Collection Set: 0.2ms
[4.508s][info][gc,phases      ] GC(94)   Other: 0.1ms
[4.508s][info][gc,heap        ] GC(94) Eden regions: 3->0(13)
[4.508s][info][gc,heap        ] GC(94) Survivor regions: 1->2(2)
[4.508s][info][gc,heap        ] GC(94) Old regions: 258->258
[4.508s][info][gc,heap        ] GC(94) Archive regions: 0->0
[4.508s][info][gc,heap        ] GC(94) Humongous regions: 36->36
[4.508s][info][gc,metaspace   ] GC(94) Metaspace: 479K(640K)->479K(640K) NonClass: 444K(512K)->444K(512K) Class: 34K(128K)->34K(128K)
[4.508s][info][gc             ] GC(94) Pause Young (Normal) (G1 Preventive Collection) 294M->291M(300M) 3.315ms
[4.508s][info][gc,cpu         ] GC(94) User=0.00s Sys=0.00s Real=0.00s
[4.510s][info][gc,start       ] GC(95) Pause Young (Normal) (G1 Preventive Collection)
[4.510s][info][gc,task        ] GC(95) Using 4 workers of 4 for evacuation
[4.514s][info][gc,phases      ] GC(95)   Pre Evacuate Collection Set: 0.0ms
[4.514s][info][gc,phases      ] GC(95)   Merge Heap Roots: 0.0ms
[4.514s][info][gc,phases      ] GC(95)   Evacuate Collection Set: 3.6ms
[4.514s][info][gc,phases      ] GC(95)   Post Evacuate Collection Set: 0.2ms
[4.514s][info][gc,phases      ] GC(95)   Other: 0.1ms
[4.514s][info][gc,heap        ] GC(95) Eden regions: 2->0(13)
[4.514s][info][gc,heap        ] GC(95) Survivor regions: 2->2(2)
[4.514s][info][gc,heap        ] GC(95) Old regions: 258->258
[4.514s][info][gc,heap        ] GC(95) Archive regions: 0->0
[4.514s][info][gc,heap        ] GC(95) Humongous regions: 36->36
[4.514s][info][gc,metaspace   ] GC(95) Metaspace: 479K(640K)->479K(640K) NonClass: 444K(512K)->444K(512K) Class: 34K(128K)->34K(128K)
[4.514s][info][gc             ] GC(95) Pause Young (Normal) (G1 Preventive Collection) 293M->292M(300M) 4.150ms
[4.514s][info][gc,cpu         ] GC(95) User=0.05s Sys=0.00s Real=0.00s
[4.516s][info][gc,start       ] GC(96) Pause Young (Normal) (G1 Preventive Collection)
[4.516s][info][gc,task        ] GC(96) Using 4 workers of 4 for evacuation
[4.519s][info][gc,phases      ] GC(96)   Pre Evacuate Collection Set: 0.0ms
[4.519s][info][gc,phases      ] GC(96)   Merge Heap Roots: 0.0ms
[4.519s][info][gc,phases      ] GC(96)   Evacuate Collection Set: 2.7ms
[4.519s][info][gc,phases      ] GC(96)   Post Evacuate Collection Set: 0.2ms
[4.519s][info][gc,phases      ] GC(96)   Other: 0.1ms
[4.519s][info][gc,heap        ] GC(96) Eden regions: 2->0(13)
[4.519s][info][gc,heap        ] GC(96) Survivor regions: 2->2(2)
[4.519s][info][gc,heap        ] GC(96) Old regions: 258->258
[4.519s][info][gc,heap        ] GC(96) Archive regions: 0->0
[4.519s][info][gc,heap        ] GC(96) Humongous regions: 36->36
[4.519s][info][gc,metaspace   ] GC(96) Metaspace: 479K(640K)->479K(640K) NonClass: 444K(512K)->444K(512K) Class: 34K(128K)->34K(128K)
[4.520s][info][gc             ] GC(96) Pause Young (Normal) (G1 Preventive Collection) 294M->292M(300M) 3.280ms
[4.520s][info][gc,cpu         ] GC(96) User=0.00s Sys=0.00s Real=0.00s
[4.521s][info][gc,start       ] GC(97) Pause Young (Normal) (G1 Preventive Collection)
[4.521s][info][gc,task        ] GC(97) Using 4 workers of 4 for evacuation
[4.525s][info][gc,phases      ] GC(97)   Pre Evacuate Collection Set: 0.1ms
[4.525s][info][gc,phases      ] GC(97)   Merge Heap Roots: 0.0ms
[4.525s][info][gc,phases      ] GC(97)   Evacuate Collection Set: 3.6ms
[4.525s][info][gc,phases      ] GC(97)   Post Evacuate Collection Set: 0.2ms
[4.525s][info][gc,phases      ] GC(97)   Other: 0.1ms
[4.526s][info][gc,heap        ] GC(97) Eden regions: 2->0(14)
[4.526s][info][gc,heap        ] GC(97) Survivor regions: 2->1(2)
[4.526s][info][gc,heap        ] GC(97) Old regions: 258->259
[4.526s][info][gc,heap        ] GC(97) Archive regions: 0->0
[4.526s][info][gc,heap        ] GC(97) Humongous regions: 36->36
[4.526s][info][gc,metaspace   ] GC(97) Metaspace: 479K(640K)->479K(640K) NonClass: 444K(512K)->444K(512K) Class: 34K(128K)->34K(128K)
[4.526s][info][gc             ] GC(97) Pause Young (Normal) (G1 Preventive Collection) 294M->292M(300M) 4.184ms
[4.526s][info][gc,cpu         ] GC(97) User=0.00s Sys=0.00s Real=0.00s
[4.527s][info][gc,start       ] GC(98) Pause Young (Normal) (G1 Preventive Collection)
[4.527s][info][gc,task        ] GC(98) Using 4 workers of 4 for evacuation
[4.531s][info][gc,phases      ] GC(98)   Pre Evacuate Collection Set: 0.0ms
[4.531s][info][gc,phases      ] GC(98)   Merge Heap Roots: 0.0ms
[4.531s][info][gc,phases      ] GC(98)   Evacuate Collection Set: 2.9ms
[4.531s][info][gc,phases      ] GC(98)   Post Evacuate Collection Set: 0.2ms
[4.531s][info][gc,phases      ] GC(98)   Other: 0.1ms
[4.531s][info][gc,heap        ] GC(98) Eden regions: 2->0(13)
[4.531s][info][gc,heap        ] GC(98) Survivor regions: 1->2(2)
[4.531s][info][gc,heap        ] GC(98) Old regions: 259->259
[4.531s][info][gc,heap        ] GC(98) Archive regions: 0->0
[4.531s][info][gc,heap        ] GC(98) Humongous regions: 36->36
[4.531s][info][gc,metaspace   ] GC(98) Metaspace: 479K(640K)->479K(640K) NonClass: 444K(512K)->444K(512K) Class: 34K(128K)->34K(128K)
[4.531s][info][gc             ] GC(98) Pause Young (Normal) (G1 Preventive Collection) 294M->293M(300M) 3.420ms
[4.531s][info][gc,cpu         ] GC(98) User=0.00s Sys=0.00s Real=0.00s
[4.532s][info][gc,start       ] GC(99) Pause Young (Normal) (G1 Preventive Collection)
[4.532s][info][gc,task        ] GC(99) Using 4 workers of 4 for evacuation
[4.535s][info][gc,phases      ] GC(99)   Pre Evacuate Collection Set: 0.1ms
[4.535s][info][gc,phases      ] GC(99)   Merge Heap Roots: 0.0ms
[4.535s][info][gc,phases      ] GC(99)   Evacuate Collection Set: 3.2ms
[4.535s][info][gc,phases      ] GC(99)   Post Evacuate Collection Set: 0.2ms
[4.536s][info][gc,phases      ] GC(99)   Other: 0.1ms
[4.536s][info][gc,heap        ] GC(99) Eden regions: 1->0(14)
[4.536s][info][gc,heap        ] GC(99) Survivor regions: 2->1(2)
[4.536s][info][gc,heap        ] GC(99) Old regions: 259->260
[4.536s][info][gc,heap        ] GC(99) Archive regions: 0->0
[4.536s][info][gc,heap        ] GC(99) Humongous regions: 36->36
[4.536s][info][gc,metaspace   ] GC(99) Metaspace: 479K(640K)->479K(640K) NonClass: 444K(512K)->444K(512K) Class: 34K(128K)->34K(128K)
[4.536s][info][gc             ] GC(99) Pause Young (Normal) (G1 Preventive Collection) 294M->293M(300M) 3.781ms
[4.536s][info][gc,cpu         ] GC(99) User=0.00s Sys=0.00s Real=0.00s
[4.537s][info][gc,start       ] GC(100) Pause Young (Normal) (G1 Preventive Collection)
[4.537s][info][gc,task        ] GC(100) Using 4 workers of 4 for evacuation
[4.541s][info][gc,phases      ] GC(100)   Pre Evacuate Collection Set: 0.0ms
[4.541s][info][gc,phases      ] GC(100)   Merge Heap Roots: 0.0ms
[4.541s][info][gc,phases      ] GC(100)   Evacuate Collection Set: 3.6ms
[4.541s][info][gc,phases      ] GC(100)   Post Evacuate Collection Set: 0.2ms
[4.541s][info][gc,phases      ] GC(100)   Other: 0.1ms
[4.541s][info][gc,heap        ] GC(100) Eden regions: 1->0(13)
[4.541s][info][gc,heap        ] GC(100) Survivor regions: 1->2(2)
[4.541s][info][gc,heap        ] GC(100) Old regions: 260->260
[4.541s][info][gc,heap        ] GC(100) Archive regions: 0->0
[4.541s][info][gc,heap        ] GC(100) Humongous regions: 36->36
[4.541s][info][gc,metaspace   ] GC(100) Metaspace: 479K(640K)->479K(640K) NonClass: 444K(512K)->444K(512K) Class: 34K(128K)->34K(128K)
[4.541s][info][gc             ] GC(100) Pause Young (Normal) (G1 Preventive Collection) 294M->293M(300M) 4.181ms
[4.541s][info][gc,cpu         ] GC(100) User=0.00s Sys=0.00s Real=0.00s
[4.542s][info][gc,start       ] GC(101) Pause Young (Normal) (G1 Preventive Collection)
[4.542s][info][gc,task        ] GC(101) Using 4 workers of 4 for evacuation
[4.546s][info][gc,phases      ] GC(101)   Pre Evacuate Collection Set: 0.1ms
[4.546s][info][gc,phases      ] GC(101)   Merge Heap Roots: 0.0ms
[4.546s][info][gc,phases      ] GC(101)   Evacuate Collection Set: 3.7ms
[4.546s][info][gc,phases      ] GC(101)   Post Evacuate Collection Set: 0.2ms
[4.546s][info][gc,phases      ] GC(101)   Other: 0.1ms
[4.546s][info][gc,heap        ] GC(101) Eden regions: 1->0(14)
[4.546s][info][gc,heap        ] GC(101) Survivor regions: 2->1(1)
[4.546s][info][gc,heap        ] GC(101) Old regions: 260->260
[4.546s][info][gc,heap        ] GC(101) Archive regions: 0->0
[4.547s][info][gc,heap        ] GC(101) Humongous regions: 36->36
[4.547s][info][gc,metaspace   ] GC(101) Metaspace: 479K(640K)->479K(640K) NonClass: 444K(512K)->444K(512K) Class: 34K(128K)->34K(128K)
[4.547s][info][gc             ] GC(101) Pause Young (Normal) (G1 Preventive Collection) 294M->293M(300M) 4.350ms
[4.547s][info][gc,cpu         ] GC(101) User=0.03s Sys=0.00s Real=0.00s
[4.548s][info][gc,start       ] GC(102) Pause Young (Normal) (G1 Preventive Collection)
[4.548s][info][gc,task        ] GC(102) Using 4 workers of 4 for evacuation
[4.551s][info][gc,phases      ] GC(102)   Pre Evacuate Collection Set: 0.1ms
[4.551s][info][gc,phases      ] GC(102)   Merge Heap Roots: 0.0ms
[4.551s][info][gc,phases      ] GC(102)   Evacuate Collection Set: 3.2ms
[4.551s][info][gc,phases      ] GC(102)   Post Evacuate Collection Set: 0.2ms
[4.552s][info][gc,phases      ] GC(102)   Other: 0.1ms
[4.552s][info][gc,heap        ] GC(102) Eden regions: 1->0(13)
[4.552s][info][gc,heap        ] GC(102) Survivor regions: 1->2(2)
[4.552s][info][gc,heap        ] GC(102) Old regions: 260->260
[4.552s][info][gc,heap        ] GC(102) Archive regions: 0->0
[4.552s][info][gc,heap        ] GC(102) Humongous regions: 36->36
[4.552s][info][gc,metaspace   ] GC(102) Metaspace: 479K(640K)->479K(640K) NonClass: 444K(512K)->444K(512K) Class: 34K(128K)->34K(128K)
[4.552s][info][gc             ] GC(102) Pause Young (Normal) (G1 Preventive Collection) 294M->294M(300M) 3.784ms
[4.552s][info][gc,cpu         ] GC(102) User=0.00s Sys=0.00s Real=0.00s
[4.553s][info][gc,start       ] GC(103) Pause Young (Normal) (G1 Preventive Collection)
[4.553s][info][gc,task        ] GC(103) Using 4 workers of 4 for evacuation
[4.557s][info][gc             ] GC(103) To-space exhausted
[4.557s][info][gc,phases      ] GC(103)   Pre Evacuate Collection Set: 0.0ms
[4.557s][info][gc,phases      ] GC(103)   Merge Heap Roots: 0.0ms
[4.558s][info][gc,phases      ] GC(103)   Evacuate Collection Set: 3.2ms
[4.558s][info][gc,phases      ] GC(103)   Post Evacuate Collection Set: 0.9ms
[4.558s][info][gc,phases      ] GC(103)   Other: 0.2ms
[4.558s][info][gc,heap        ] GC(103) Eden regions: 1->0(14)
[4.558s][info][gc,heap        ] GC(103) Survivor regions: 2->1(1)
[4.558s][info][gc,heap        ] GC(103) Old regions: 260->262
[4.558s][info][gc,heap        ] GC(103) Archive regions: 0->0
[4.558s][info][gc,heap        ] GC(103) Humongous regions: 36->36
[4.558s][info][gc,metaspace   ] GC(103) Metaspace: 479K(640K)->479K(640K) NonClass: 444K(512K)->444K(512K) Class: 34K(128K)->34K(128K)
[4.558s][info][gc             ] GC(103) Pause Young (Normal) (G1 Preventive Collection) 295M->295M(300M) 4.453ms
[4.558s][info][gc,cpu         ] GC(103) User=0.00s Sys=0.00s Real=0.00s
[4.559s][info][gc,start       ] GC(104) Pause Young (Normal) (G1 Evacuation Pause)
[4.559s][info][gc,task        ] GC(104) Using 4 workers of 4 for evacuation
[4.565s][info][gc             ] GC(104) To-space exhausted
[4.565s][info][gc,phases      ] GC(104)   Pre Evacuate Collection Set: 0.0ms
[4.565s][info][gc,phases      ] GC(104)   Merge Heap Roots: 0.0ms
[4.565s][info][gc,phases      ] GC(104)   Evacuate Collection Set: 3.2ms
[4.565s][info][gc,phases      ] GC(104)   Post Evacuate Collection Set: 2.5ms
[4.565s][info][gc,phases      ] GC(104)   Other: 0.1ms
[4.565s][info][gc,heap        ] GC(104) Eden regions: 1->0(15)
[4.565s][info][gc,heap        ] GC(104) Survivor regions: 1->0(0)
[4.565s][info][gc,heap        ] GC(104) Old regions: 262->264
[4.565s][info][gc,heap        ] GC(104) Archive regions: 0->0
[4.565s][info][gc,heap        ] GC(104) Humongous regions: 36->36
[4.565s][info][gc,metaspace   ] GC(104) Metaspace: 479K(640K)->479K(640K) NonClass: 444K(512K)->444K(512K) Class: 34K(128K)->34K(128K)
[4.565s][info][gc             ] GC(104) Pause Young (Normal) (G1 Evacuation Pause) 296M->296M(300M) 6.091ms
[4.565s][info][gc,cpu         ] GC(104) User=0.02s Sys=0.00s Real=0.01s
[4.565s][info][gc,ergo        ] Attempting full compaction
[4.565s][info][gc,task        ] GC(105) Using 4 workers of 4 for full compaction
[4.565s][info][gc,start       ] GC(105) Pause Full (G1 Compaction Pause)
[4.565s][info][gc,phases,start] GC(105) Phase 1: Mark live objects
[4.615s][info][gc,phases      ] GC(105) Phase 1: Mark live objects 49.878ms
[4.615s][info][gc,phases,start] GC(105) Phase 2: Prepare for compaction
[4.619s][info][gc,phases      ] GC(105) Phase 2: Prepare for compaction 3.852ms
[4.619s][info][gc,phases,start] GC(105) Phase 3: Adjust pointers
[4.635s][info][gc,phases      ] GC(105) Phase 3: Adjust pointers 16.352ms
[4.636s][info][gc,phases,start] GC(105) Phase 4: Compact heap
[4.639s][info][gc,phases      ] GC(105) Phase 4: Compact heap 3.689ms
[4.640s][info][gc,heap        ] GC(105) Eden regions: 0->0(131)
[4.640s][info][gc,heap        ] GC(105) Survivor regions: 0->0(0)
[4.640s][info][gc,heap        ] GC(105) Old regions: 264->45
[4.640s][info][gc,heap        ] GC(105) Archive regions: 0->0
[4.640s][info][gc,heap        ] GC(105) Humongous regions: 36->36
[4.640s][info][gc,metaspace   ] GC(105) Metaspace: 479K(640K)->479K(640K) NonClass: 444K(512K)->444K(512K) Class: 34K(128K)->34K(128K)
[4.640s][info][gc             ] GC(105) Pause Full (G1 Compaction Pause) 296M->79M(300M) 74.763ms
[4.640s][info][gc,cpu         ] GC(105) User=0.31s Sys=0.00s Real=0.08s
[4.640s][info][gc,marking     ] GC(65) Concurrent Rebuild Remembered Sets 407.258ms
[4.640s][info][gc,marking     ] GC(65) Concurrent Mark Abort
[4.640s][info][gc             ] GC(65) Concurrent Mark Cycle 1047.391ms
[4.744s][info][gc,start       ] GC(106) Pause Young (Normal) (G1 Evacuation Pause)
[4.745s][info][gc,task        ] GC(106) Using 4 workers of 4 for evacuation
[4.779s][info][gc,phases      ] GC(106)   Pre Evacuate Collection Set: 0.0ms
[4.779s][info][gc,phases      ] GC(106)   Merge Heap Roots: 0.1ms
[4.779s][info][gc,phases      ] GC(106)   Evacuate Collection Set: 34.0ms
[4.779s][info][gc,phases      ] GC(106)   Post Evacuate Collection Set: 0.2ms
[4.779s][info][gc,phases      ] GC(106)   Other: 0.1ms
[4.779s][info][gc,heap        ] GC(106) Eden regions: 131->0(112)
[4.779s][info][gc,heap        ] GC(106) Survivor regions: 0->17(17)
[4.779s][info][gc,heap        ] GC(106) Old regions: 45->55
[4.779s][info][gc,heap        ] GC(106) Archive regions: 0->0
[4.779s][info][gc,heap        ] GC(106) Humongous regions: 36->36
[4.779s][info][gc,metaspace   ] GC(106) Metaspace: 479K(640K)->479K(640K) NonClass: 444K(512K)->444K(512K) Class: 34K(128K)->34K(128K)
[4.779s][info][gc             ] GC(106) Pause Young (Normal) (G1 Evacuation Pause) 210M->106M(300M) 34.713ms
[4.779s][info][gc,cpu         ] GC(106) User=0.17s Sys=0.00s Real=0.03s
[4.867s][info][gc,start       ] GC(107) Pause Young (Normal) (G1 Evacuation Pause)
[4.867s][info][gc,task        ] GC(107) Using 4 workers of 4 for evacuation
[4.917s][info][gc,phases      ] GC(107)   Pre Evacuate Collection Set: 0.0ms
[4.917s][info][gc,phases      ] GC(107)   Merge Heap Roots: 0.1ms
[4.917s][info][gc,phases      ] GC(107)   Evacuate Collection Set: 49.6ms
[4.917s][info][gc,phases      ] GC(107)   Post Evacuate Collection Set: 0.3ms
[4.917s][info][gc,phases      ] GC(107)   Other: 0.2ms
[4.917s][info][gc,heap        ] GC(107) Eden regions: 112->0(96)
[4.917s][info][gc,heap        ] GC(107) Survivor regions: 17->17(17)
[4.917s][info][gc,heap        ] GC(107) Old regions: 55->78
[4.917s][info][gc,heap        ] GC(107) Archive regions: 0->0
[4.917s][info][gc,heap        ] GC(107) Humongous regions: 36->36
[4.917s][info][gc,metaspace   ] GC(107) Metaspace: 479K(640K)->479K(640K) NonClass: 444K(512K)->444K(512K) Class: 34K(128K)->34K(128K)
[4.918s][info][gc             ] GC(107) Pause Young (Normal) (G1 Evacuation Pause) 218M->129M(300M) 50.448ms
[4.918s][info][gc,cpu         ] GC(107) User=0.19s Sys=0.00s Real=0.05s
[4.996s][info][gc,start       ] GC(108) Pause Young (Normal) (G1 Evacuation Pause)
[4.996s][info][gc,task        ] GC(108) Using 4 workers of 4 for evacuation
[5.045s][info][gc,phases      ] GC(108)   Pre Evacuate Collection Set: 0.1ms
[5.045s][info][gc,phases      ] GC(108)   Merge Heap Roots: 0.1ms
[5.045s][info][gc,phases      ] GC(108)   Evacuate Collection Set: 48.5ms
[5.045s][info][gc,phases      ] GC(108)   Post Evacuate Collection Set: 0.2ms
[5.045s][info][gc,phases      ] GC(108)   Other: 0.1ms
[5.045s][info][gc,heap        ] GC(108) Eden regions: 96->0(83)
[5.045s][info][gc,heap        ] GC(108) Survivor regions: 17->15(15)
[5.045s][info][gc,heap        ] GC(108) Old regions: 78->99
[5.045s][info][gc,heap        ] GC(108) Archive regions: 0->0
[5.045s][info][gc,heap        ] GC(108) Humongous regions: 36->36
[5.045s][info][gc,metaspace   ] GC(108) Metaspace: 479K(640K)->479K(640K) NonClass: 444K(512K)->444K(512K) Class: 34K(128K)->34K(128K)
[5.046s][info][gc             ] GC(108) Pause Young (Normal) (G1 Evacuation Pause) 225M->148M(300M) 49.257ms
[5.046s][info][gc,cpu         ] GC(108) User=0.16s Sys=0.00s Real=0.05s
[5.110s][info][gc,start       ] GC(109) Pause Young (Normal) (G1 Evacuation Pause)
[5.110s][info][gc,task        ] GC(109) Using 4 workers of 4 for evacuation
[5.150s][info][gc,phases      ] GC(109)   Pre Evacuate Collection Set: 0.0ms
[5.150s][info][gc,phases      ] GC(109)   Merge Heap Roots: 0.1ms
[5.150s][info][gc,phases      ] GC(109)   Evacuate Collection Set: 39.6ms
[5.150s][info][gc,phases      ] GC(109)   Post Evacuate Collection Set: 0.3ms
[5.150s][info][gc,phases      ] GC(109)   Other: 0.2ms
[5.150s][info][gc,heap        ] GC(109) Eden regions: 83->0(70)
[5.150s][info][gc,heap        ] GC(109) Survivor regions: 15->13(13)
[5.150s][info][gc,heap        ] GC(109) Old regions: 99->119
[5.150s][info][gc,heap        ] GC(109) Archive regions: 0->0
[5.150s][info][gc,heap        ] GC(109) Humongous regions: 36->36
[5.150s][info][gc,metaspace   ] GC(109) Metaspace: 479K(640K)->479K(640K) NonClass: 444K(512K)->444K(512K) Class: 34K(128K)->34K(128K)
[5.150s][info][gc             ] GC(109) Pause Young (Normal) (G1 Evacuation Pause) 231M->166M(300M) 40.467ms
[5.150s][info][gc,cpu         ] GC(109) User=0.13s Sys=0.00s Real=0.04s
[5.207s][info][gc,start       ] GC(110) Pause Young (Concurrent Start) (G1 Evacuation Pause)
[5.207s][info][gc,task        ] GC(110) Using 4 workers of 4 for evacuation
[5.241s][info][gc,phases      ] GC(110)   Pre Evacuate Collection Set: 0.1ms
[5.241s][info][gc,phases      ] GC(110)   Merge Heap Roots: 0.1ms
[5.241s][info][gc,phases      ] GC(110)   Evacuate Collection Set: 33.7ms
[5.241s][info][gc,phases      ] GC(110)   Post Evacuate Collection Set: 0.2ms
[5.241s][info][gc,phases      ] GC(110)   Other: 0.1ms
[5.241s][info][gc,heap        ] GC(110) Eden regions: 70->0(60)
[5.241s][info][gc,heap        ] GC(110) Survivor regions: 13->11(11)
[5.241s][info][gc,heap        ] GC(110) Old regions: 119->136
[5.241s][info][gc,heap        ] GC(110) Archive regions: 0->0
[5.241s][info][gc,heap        ] GC(110) Humongous regions: 36->36
[5.241s][info][gc,metaspace   ] GC(110) Metaspace: 479K(640K)->479K(640K) NonClass: 444K(512K)->444K(512K) Class: 34K(128K)->34K(128K)
[5.241s][info][gc             ] GC(110) Pause Young (Concurrent Start) (G1 Evacuation Pause) 236M->181M(300M) 34.437ms
[5.241s][info][gc,cpu         ] GC(110) User=0.11s Sys=0.00s Real=0.03s
[5.241s][info][gc             ] GC(111) Concurrent Mark Cycle
[5.241s][info][gc,marking     ] GC(111) Concurrent Clear Claimed Marks
[5.241s][info][gc,marking     ] GC(111) Concurrent Clear Claimed Marks 0.019ms
[5.241s][info][gc,marking     ] GC(111) Concurrent Scan Root Regions
[5.262s][info][gc,marking     ] GC(111) Concurrent Scan Root Regions 20.476ms
[5.262s][info][gc,marking     ] GC(111) Concurrent Mark
[5.262s][info][gc,marking     ] GC(111) Concurrent Mark From Roots
[5.262s][info][gc,task        ] GC(111) Using 1 workers of 1 for marking
[5.308s][info][gc,start       ] GC(112) Pause Young (Normal) (G1 Evacuation Pause)
[5.308s][info][gc,task        ] GC(112) Using 4 workers of 4 for evacuation
[5.338s][info][gc,phases      ] GC(112)   Pre Evacuate Collection Set: 0.0ms
[5.338s][info][gc,phases      ] GC(112)   Merge Heap Roots: 0.1ms
[5.338s][info][gc,phases      ] GC(112)   Evacuate Collection Set: 29.6ms
[5.338s][info][gc,phases      ] GC(112)   Post Evacuate Collection Set: 0.2ms
[5.338s][info][gc,phases      ] GC(112)   Other: 0.1ms
[5.338s][info][gc,heap        ] GC(112) Eden regions: 60->0(51)
[5.338s][info][gc,heap        ] GC(112) Survivor regions: 11->9(9)
[5.338s][info][gc,heap        ] GC(112) Old regions: 136->151
[5.339s][info][gc,heap        ] GC(112) Archive regions: 0->0
[5.339s][info][gc,heap        ] GC(112) Humongous regions: 36->36
[5.339s][info][gc,metaspace   ] GC(112) Metaspace: 479K(640K)->479K(640K) NonClass: 444K(512K)->444K(512K) Class: 34K(128K)->34K(128K)
[5.339s][info][gc             ] GC(112) Pause Young (Normal) (G1 Evacuation Pause) 241M->194M(300M) 30.387ms
[5.339s][info][gc,cpu         ] GC(112) User=0.13s Sys=0.00s Real=0.03s
[5.390s][info][gc,start       ] GC(113) Pause Young (Normal) (G1 Evacuation Pause)
[5.390s][info][gc,task        ] GC(113) Using 4 workers of 4 for evacuation
[5.416s][info][gc,phases      ] GC(113)   Pre Evacuate Collection Set: 0.1ms
[5.416s][info][gc,phases      ] GC(113)   Merge Heap Roots: 0.1ms
[5.416s][info][gc,phases      ] GC(113)   Evacuate Collection Set: 24.7ms
[5.416s][info][gc,phases      ] GC(113)   Post Evacuate Collection Set: 0.2ms
[5.416s][info][gc,phases      ] GC(113)   Other: 0.2ms
[5.416s][info][gc,heap        ] GC(113) Eden regions: 51->0(43)
[5.416s][info][gc,heap        ] GC(113) Survivor regions: 9->8(8)
[5.416s][info][gc,heap        ] GC(113) Old regions: 151->163
[5.416s][info][gc,heap        ] GC(113) Archive regions: 0->0
[5.416s][info][gc,heap        ] GC(113) Humongous regions: 36->36
[5.416s][info][gc,metaspace   ] GC(113) Metaspace: 479K(640K)->479K(640K) NonClass: 444K(512K)->444K(512K) Class: 34K(128K)->34K(128K)
[5.416s][info][gc             ] GC(113) Pause Young (Normal) (G1 Evacuation Pause) 245M->205M(300M) 25.484ms
[5.416s][info][gc,cpu         ] GC(113) User=0.06s Sys=0.00s Real=0.03s
[5.463s][info][gc,start       ] GC(114) Pause Young (Normal) (G1 Evacuation Pause)
[5.463s][info][gc,task        ] GC(114) Using 4 workers of 4 for evacuation
[5.485s][info][gc,phases      ] GC(114)   Pre Evacuate Collection Set: 0.0ms
[5.485s][info][gc,phases      ] GC(114)   Merge Heap Roots: 0.1ms
[5.485s][info][gc,phases      ] GC(114)   Evacuate Collection Set: 21.3ms
[5.485s][info][gc,phases      ] GC(114)   Post Evacuate Collection Set: 0.3ms
[5.485s][info][gc,phases      ] GC(114)   Other: 0.2ms
[5.485s][info][gc,heap        ] GC(114) Eden regions: 43->0(37)
[5.485s][info][gc,heap        ] GC(114) Survivor regions: 8->7(7)
[5.485s][info][gc,heap        ] GC(114) Old regions: 163->173
[5.485s][info][gc,heap        ] GC(114) Archive regions: 0->0
[5.485s][info][gc,heap        ] GC(114) Humongous regions: 36->36
[5.485s][info][gc,metaspace   ] GC(114) Metaspace: 479K(640K)->479K(640K) NonClass: 444K(512K)->444K(512K) Class: 34K(128K)->34K(128K)
[5.485s][info][gc             ] GC(114) Pause Young (Normal) (G1 Evacuation Pause) 248M->214M(300M) 22.092ms
[5.485s][info][gc,cpu         ] GC(114) User=0.13s Sys=0.00s Real=0.02s
[5.522s][info][gc,start       ] GC(115) Pause Young (Normal) (G1 Evacuation Pause)
[5.522s][info][gc,task        ] GC(115) Using 4 workers of 4 for evacuation
[5.541s][info][gc,phases      ] GC(115)   Pre Evacuate Collection Set: 0.1ms
[5.541s][info][gc,phases      ] GC(115)   Merge Heap Roots: 0.1ms
[5.541s][info][gc,phases      ] GC(115)   Evacuate Collection Set: 18.4ms
[5.541s][info][gc,phases      ] GC(115)   Post Evacuate Collection Set: 0.3ms
[5.541s][info][gc,phases      ] GC(115)   Other: 0.1ms
[5.541s][info][gc,heap        ] GC(115) Eden regions: 37->0(31)
[5.541s][info][gc,heap        ] GC(115) Survivor regions: 7->6(6)
[5.541s][info][gc,heap        ] GC(115) Old regions: 173->182
[5.541s][info][gc,heap        ] GC(115) Archive regions: 0->0
[5.541s][info][gc,heap        ] GC(115) Humongous regions: 36->36
[5.541s][info][gc,metaspace   ] GC(115) Metaspace: 479K(640K)->479K(640K) NonClass: 444K(512K)->444K(512K) Class: 34K(128K)->34K(128K)
[5.541s][info][gc             ] GC(115) Pause Young (Normal) (G1 Evacuation Pause) 251M->222M(300M) 19.158ms
[5.541s][info][gc,cpu         ] GC(115) User=0.06s Sys=0.00s Real=0.02s
[5.572s][info][gc,start       ] GC(116) Pause Young (Normal) (G1 Evacuation Pause)
[5.572s][info][gc,task        ] GC(116) Using 4 workers of 4 for evacuation
[5.588s][info][gc,phases      ] GC(116)   Pre Evacuate Collection Set: 0.1ms
[5.588s][info][gc,phases      ] GC(116)   Merge Heap Roots: 0.1ms
[5.588s][info][gc,phases      ] GC(116)   Evacuate Collection Set: 16.4ms
[5.588s][info][gc,phases      ] GC(116)   Post Evacuate Collection Set: 0.2ms
[5.588s][info][gc,phases      ] GC(116)   Other: 0.1ms
[5.588s][info][gc,heap        ] GC(116) Eden regions: 31->0(26)
[5.588s][info][gc,heap        ] GC(116) Survivor regions: 6->5(5)
[5.589s][info][gc,heap        ] GC(116) Old regions: 182->190
[5.589s][info][gc,heap        ] GC(116) Archive regions: 0->0
[5.589s][info][gc,heap        ] GC(116) Humongous regions: 36->36
[5.589s][info][gc,metaspace   ] GC(116) Metaspace: 479K(640K)->479K(640K) NonClass: 444K(512K)->444K(512K) Class: 34K(128K)->34K(128K)
[5.589s][info][gc             ] GC(116) Pause Young (Normal) (G1 Evacuation Pause) 253M->229M(300M) 16.986ms
[5.589s][info][gc,cpu         ] GC(116) User=0.06s Sys=0.00s Real=0.02s
[5.617s][info][gc,start       ] GC(117) Pause Young (Normal) (G1 Evacuation Pause)
[5.617s][info][gc,task        ] GC(117) Using 4 workers of 4 for evacuation
[5.633s][info][gc,phases      ] GC(117)   Pre Evacuate Collection Set: 0.1ms
[5.633s][info][gc,phases      ] GC(117)   Merge Heap Roots: 0.1ms
[5.634s][info][gc,phases      ] GC(117)   Evacuate Collection Set: 16.0ms
[5.634s][info][gc,phases      ] GC(117)   Post Evacuate Collection Set: 0.3ms
[5.634s][info][gc,phases      ] GC(117)   Other: 0.1ms
[5.634s][info][gc,heap        ] GC(117) Eden regions: 26->0(22)
[5.634s][info][gc,heap        ] GC(117) Survivor regions: 5->4(4)
[5.634s][info][gc,heap        ] GC(117) Old regions: 190->197
[5.634s][info][gc,heap        ] GC(117) Archive regions: 0->0
[5.634s][info][gc,heap        ] GC(117) Humongous regions: 36->36
[5.634s][info][gc,metaspace   ] GC(117) Metaspace: 479K(640K)->479K(640K) NonClass: 444K(512K)->444K(512K) Class: 34K(128K)->34K(128K)
[5.634s][info][gc             ] GC(117) Pause Young (Normal) (G1 Evacuation Pause) 255M->235M(300M) 16.829ms
[5.634s][info][gc,cpu         ] GC(117) User=0.05s Sys=0.00s Real=0.02s
[5.657s][info][gc,start       ] GC(118) Pause Young (Normal) (G1 Evacuation Pause)
[5.657s][info][gc,task        ] GC(118) Using 4 workers of 4 for evacuation
[5.668s][info][gc,phases      ] GC(118)   Pre Evacuate Collection Set: 0.1ms
[5.669s][info][gc,phases      ] GC(118)   Merge Heap Roots: 0.0ms
[5.669s][info][gc,phases      ] GC(118)   Evacuate Collection Set: 10.7ms
[5.669s][info][gc,phases      ] GC(118)   Post Evacuate Collection Set: 0.2ms
[5.669s][info][gc,phases      ] GC(118)   Other: 0.1ms
[5.669s][info][gc,heap        ] GC(118) Eden regions: 22->0(19)
[5.669s][info][gc,heap        ] GC(118) Survivor regions: 4->4(4)
[5.669s][info][gc,heap        ] GC(118) Old regions: 197->202
[5.669s][info][gc,heap        ] GC(118) Archive regions: 0->0
[5.669s][info][gc,heap        ] GC(118) Humongous regions: 36->36
[5.669s][info][gc,metaspace   ] GC(118) Metaspace: 479K(640K)->479K(640K) NonClass: 444K(512K)->444K(512K) Class: 34K(128K)->34K(128K)
[5.669s][info][gc             ] GC(118) Pause Young (Normal) (G1 Evacuation Pause) 257M->240M(300M) 11.336ms
[5.669s][info][gc,cpu         ] GC(118) User=0.06s Sys=0.00s Real=0.01s
[5.692s][info][gc,start       ] GC(119) Pause Young (Normal) (G1 Evacuation Pause)
[5.692s][info][gc,task        ] GC(119) Using 4 workers of 4 for evacuation
[5.702s][info][gc,phases      ] GC(119)   Pre Evacuate Collection Set: 0.1ms
[5.702s][info][gc,phases      ] GC(119)   Merge Heap Roots: 0.0ms
[5.702s][info][gc,phases      ] GC(119)   Evacuate Collection Set: 9.7ms
[5.702s][info][gc,phases      ] GC(119)   Post Evacuate Collection Set: 0.2ms
[5.702s][info][gc,phases      ] GC(119)   Other: 0.2ms
[5.702s][info][gc,heap        ] GC(119) Eden regions: 19->0(16)
[5.702s][info][gc,heap        ] GC(119) Survivor regions: 4->3(3)
[5.702s][info][gc,heap        ] GC(119) Old regions: 202->207
[5.702s][info][gc,heap        ] GC(119) Archive regions: 0->0
[5.702s][info][gc,heap        ] GC(119) Humongous regions: 36->36
[5.702s][info][gc,metaspace   ] GC(119) Metaspace: 479K(640K)->479K(640K) NonClass: 444K(512K)->444K(512K) Class: 34K(128K)->34K(128K)
[5.702s][info][gc             ] GC(119) Pause Young (Normal) (G1 Evacuation Pause) 259M->244M(300M) 10.328ms
[5.702s][info][gc,cpu         ] GC(119) User=0.06s Sys=0.00s Real=0.01s
[5.749s][info][gc,start       ] GC(120) Pause Young (Normal) (G1 Evacuation Pause)
[5.749s][info][gc,task        ] GC(120) Using 4 workers of 4 for evacuation
[5.751s][info][gc,phases      ] GC(120)   Pre Evacuate Collection Set: 0.1ms
[5.751s][info][gc,phases      ] GC(120)   Merge Heap Roots: 0.0ms
[5.751s][info][gc,phases      ] GC(120)   Evacuate Collection Set: 1.4ms
[5.751s][info][gc,phases      ] GC(120)   Post Evacuate Collection Set: 0.2ms
[5.751s][info][gc,phases      ] GC(120)   Other: 0.1ms
[5.751s][info][gc,heap        ] GC(120) Eden regions: 16->0(18)
[5.751s][info][gc,heap        ] GC(120) Survivor regions: 3->1(3)
[5.751s][info][gc,heap        ] GC(120) Old regions: 207->207
[5.751s][info][gc,heap        ] GC(120) Archive regions: 0->0
[5.751s][info][gc,heap        ] GC(120) Humongous regions: 36->36
[5.751s][info][gc,metaspace   ] GC(120) Metaspace: 479K(640K)->479K(640K) NonClass: 444K(512K)->444K(512K) Class: 34K(128K)->34K(128K)
[5.751s][info][gc             ] GC(120) Pause Young (Normal) (G1 Evacuation Pause) 260M->242M(300M) 2.035ms
[5.751s][info][gc,cpu         ] GC(120) User=0.00s Sys=0.00s Real=0.00s
[5.770s][info][gc,start       ] GC(121) Pause Young (Normal) (G1 Evacuation Pause)
[5.770s][info][gc,task        ] GC(121) Using 4 workers of 4 for evacuation
[5.776s][info][gc,phases      ] GC(121)   Pre Evacuate Collection Set: 0.0ms
[5.776s][info][gc,phases      ] GC(121)   Merge Heap Roots: 0.0ms
[5.776s][info][gc,phases      ] GC(121)   Evacuate Collection Set: 5.8ms
[5.776s][info][gc,phases      ] GC(121)   Post Evacuate Collection Set: 0.2ms
[5.776s][info][gc,phases      ] GC(121)   Other: 0.1ms
[5.776s][info][gc,heap        ] GC(121) Eden regions: 18->0(15)
[5.776s][info][gc,heap        ] GC(121) Survivor regions: 1->3(3)
[5.776s][info][gc,heap        ] GC(121) Old regions: 207->208
[5.776s][info][gc,heap        ] GC(121) Archive regions: 0->0
[5.776s][info][gc,heap        ] GC(121) Humongous regions: 36->36
[5.776s][info][gc,metaspace   ] GC(121) Metaspace: 479K(640K)->479K(640K) NonClass: 444K(512K)->444K(512K) Class: 34K(128K)->34K(128K)
[5.776s][info][gc             ] GC(121) Pause Young (Normal) (G1 Evacuation Pause) 260M->245M(300M) 6.395ms
[5.776s][info][gc,cpu         ] GC(121) User=0.00s Sys=0.00s Real=0.01s
[5.791s][info][gc,start       ] GC(122) Pause Young (Normal) (G1 Evacuation Pause)
[5.791s][info][gc,task        ] GC(122) Using 4 workers of 4 for evacuation
[5.800s][info][gc,phases      ] GC(122)   Pre Evacuate Collection Set: 0.0ms
[5.800s][info][gc,phases      ] GC(122)   Merge Heap Roots: 0.0ms
[5.800s][info][gc,phases      ] GC(122)   Evacuate Collection Set: 8.2ms
[5.800s][info][gc,phases      ] GC(122)   Post Evacuate Collection Set: 0.2ms
[5.800s][info][gc,phases      ] GC(122)   Other: 0.1ms
[5.800s][info][gc,heap        ] GC(122) Eden regions: 15->0(12)
[5.800s][info][gc,heap        ] GC(122) Survivor regions: 3->3(3)
[5.800s][info][gc,heap        ] GC(122) Old regions: 208->212
[5.800s][info][gc,heap        ] GC(122) Archive regions: 0->0
[5.800s][info][gc,heap        ] GC(122) Humongous regions: 36->36
[5.800s][info][gc,metaspace   ] GC(122) Metaspace: 479K(640K)->479K(640K) NonClass: 444K(512K)->444K(512K) Class: 34K(128K)->34K(128K)
[5.800s][info][gc             ] GC(122) Pause Young (Normal) (G1 Evacuation Pause) 260M->249M(300M) 8.845ms
[5.800s][info][gc,cpu         ] GC(122) User=0.05s Sys=0.00s Real=0.01s
[5.814s][info][gc,start       ] GC(123) Pause Young (Normal) (G1 Evacuation Pause)
[5.814s][info][gc,task        ] GC(123) Using 4 workers of 4 for evacuation
[5.822s][info][gc,phases      ] GC(123)   Pre Evacuate Collection Set: 0.0ms
[5.822s][info][gc,phases      ] GC(123)   Merge Heap Roots: 0.1ms
[5.822s][info][gc,phases      ] GC(123)   Evacuate Collection Set: 7.6ms
[5.822s][info][gc,phases      ] GC(123)   Post Evacuate Collection Set: 0.2ms
[5.822s][info][gc,phases      ] GC(123)   Other: 0.1ms
[5.822s][info][gc,heap        ] GC(123) Eden regions: 12->0(13)
[5.822s][info][gc,heap        ] GC(123) Survivor regions: 3->2(2)
[5.822s][info][gc,heap        ] GC(123) Old regions: 212->215
[5.822s][info][gc,heap        ] GC(123) Archive regions: 0->0
[5.822s][info][gc,heap        ] GC(123) Humongous regions: 36->36
[5.822s][info][gc,metaspace   ] GC(123) Metaspace: 479K(640K)->479K(640K) NonClass: 444K(512K)->444K(512K) Class: 34K(128K)->34K(128K)
[5.822s][info][gc             ] GC(123) Pause Young (Normal) (G1 Evacuation Pause) 261M->251M(300M) 8.184ms
[5.822s][info][gc,cpu         ] GC(123) User=0.00s Sys=0.00s Real=0.01s
[5.836s][info][gc,start       ] GC(124) Pause Young (Normal) (G1 Evacuation Pause)
[5.836s][info][gc,task        ] GC(124) Using 4 workers of 4 for evacuation
[5.843s][info][gc,phases      ] GC(124)   Pre Evacuate Collection Set: 0.1ms
[5.843s][info][gc,phases      ] GC(124)   Merge Heap Roots: 0.0ms
[5.843s][info][gc,phases      ] GC(124)   Evacuate Collection Set: 6.5ms
[5.843s][info][gc,phases      ] GC(124)   Post Evacuate Collection Set: 0.2ms
[5.843s][info][gc,phases      ] GC(124)   Other: 0.1ms
[5.843s][info][gc,heap        ] GC(124) Eden regions: 13->0(13)
[5.843s][info][gc,heap        ] GC(124) Survivor regions: 2->2(2)
[5.843s][info][gc,heap        ] GC(124) Old regions: 215->218
[5.843s][info][gc,heap        ] GC(124) Archive regions: 0->0
[5.843s][info][gc,heap        ] GC(124) Humongous regions: 36->36
[5.843s][info][gc,metaspace   ] GC(124) Metaspace: 479K(640K)->479K(640K) NonClass: 444K(512K)->444K(512K) Class: 34K(128K)->34K(128K)
[5.843s][info][gc             ] GC(124) Pause Young (Normal) (G1 Evacuation Pause) 264M->254M(300M) 7.150ms
[5.843s][info][gc,cpu         ] GC(124) User=0.06s Sys=0.00s Real=0.01s
[5.856s][info][gc,start       ] GC(125) Pause Young (Normal) (G1 Evacuation Pause)
[5.856s][info][gc,task        ] GC(125) Using 4 workers of 4 for evacuation
[5.863s][info][gc,phases      ] GC(125)   Pre Evacuate Collection Set: 0.0ms
[5.863s][info][gc,phases      ] GC(125)   Merge Heap Roots: 0.0ms
[5.863s][info][gc,phases      ] GC(125)   Evacuate Collection Set: 6.4ms
[5.863s][info][gc,phases      ] GC(125)   Post Evacuate Collection Set: 0.2ms
[5.863s][info][gc,phases      ] GC(125)   Other: 0.1ms
[5.863s][info][gc,heap        ] GC(125) Eden regions: 13->0(13)
[5.863s][info][gc,heap        ] GC(125) Survivor regions: 2->2(2)
[5.863s][info][gc,heap        ] GC(125) Old regions: 218->221
[5.863s][info][gc,heap        ] GC(125) Archive regions: 0->0
[5.863s][info][gc,heap        ] GC(125) Humongous regions: 36->36
[5.863s][info][gc,metaspace   ] GC(125) Metaspace: 479K(640K)->479K(640K) NonClass: 444K(512K)->444K(512K) Class: 34K(128K)->34K(128K)
[5.863s][info][gc             ] GC(125) Pause Young (Normal) (G1 Evacuation Pause) 267M->257M(300M) 7.167ms
[5.863s][info][gc,cpu         ] GC(125) User=0.00s Sys=0.00s Real=0.01s
[5.867s][info][gc,marking     ] GC(111) Concurrent Mark From Roots 605.206ms
[5.867s][info][gc,marking     ] GC(111) Concurrent Preclean
[5.867s][info][gc,marking     ] GC(111) Concurrent Preclean 0.069ms
[5.867s][info][gc,start       ] GC(111) Pause Remark
[5.868s][info][gc             ] GC(111) Pause Remark 261M->261M(300M) 0.361ms
[5.868s][info][gc,cpu         ] GC(111) User=0.00s Sys=0.00s Real=0.00s
[5.868s][info][gc,marking     ] GC(111) Concurrent Mark 605.870ms
[5.868s][info][gc,marking     ] GC(111) Concurrent Rebuild Remembered Sets
[5.875s][info][gc,start       ] GC(126) Pause Young (Normal) (G1 Evacuation Pause)
[5.875s][info][gc,task        ] GC(126) Using 4 workers of 4 for evacuation
[5.881s][info][gc,phases      ] GC(126)   Pre Evacuate Collection Set: 0.0ms
[5.881s][info][gc,phases      ] GC(126)   Merge Heap Roots: 0.0ms
[5.882s][info][gc,phases      ] GC(126)   Evacuate Collection Set: 6.2ms
[5.882s][info][gc,phases      ] GC(126)   Post Evacuate Collection Set: 0.2ms
[5.882s][info][gc,phases      ] GC(126)   Other: 0.1ms
[5.882s][info][gc,heap        ] GC(126) Eden regions: 13->0(13)
[5.882s][info][gc,heap        ] GC(126) Survivor regions: 2->2(2)
[5.882s][info][gc,heap        ] GC(126) Old regions: 221->224
[5.882s][info][gc,heap        ] GC(126) Archive regions: 0->0
[5.882s][info][gc,heap        ] GC(126) Humongous regions: 36->36
[5.882s][info][gc,metaspace   ] GC(126) Metaspace: 479K(640K)->479K(640K) NonClass: 444K(512K)->444K(512K) Class: 34K(128K)->34K(128K)
[5.882s][info][gc             ] GC(126) Pause Young (Normal) (G1 Evacuation Pause) 270M->260M(300M) 6.826ms
[5.882s][info][gc,cpu         ] GC(126) User=0.00s Sys=0.00s Real=0.01s
[5.895s][info][gc,start       ] GC(127) Pause Young (Normal) (G1 Evacuation Pause)
[5.895s][info][gc,task        ] GC(127) Using 4 workers of 4 for evacuation
[5.902s][info][gc,phases      ] GC(127)   Pre Evacuate Collection Set: 0.0ms
[5.902s][info][gc,phases      ] GC(127)   Merge Heap Roots: 0.0ms
[5.902s][info][gc,phases      ] GC(127)   Evacuate Collection Set: 6.6ms
[5.902s][info][gc,phases      ] GC(127)   Post Evacuate Collection Set: 0.2ms
[5.902s][info][gc,phases      ] GC(127)   Other: 0.1ms
[5.902s][info][gc,heap        ] GC(127) Eden regions: 13->0(13)
[5.902s][info][gc,heap        ] GC(127) Survivor regions: 2->2(2)
[5.902s][info][gc,heap        ] GC(127) Old regions: 224->227
[5.902s][info][gc,heap        ] GC(127) Archive regions: 0->0
[5.902s][info][gc,heap        ] GC(127) Humongous regions: 36->36
[5.902s][info][gc,metaspace   ] GC(127) Metaspace: 479K(640K)->479K(640K) NonClass: 444K(512K)->444K(512K) Class: 34K(128K)->34K(128K)
[5.902s][info][gc             ] GC(127) Pause Young (Normal) (G1 Evacuation Pause) 273M->263M(300M) 7.195ms
[5.902s][info][gc,cpu         ] GC(127) User=0.02s Sys=0.03s Real=0.01s
[5.914s][info][gc,start       ] GC(128) Pause Young (Normal) (G1 Evacuation Pause)
[5.914s][info][gc,task        ] GC(128) Using 4 workers of 4 for evacuation
[5.920s][info][gc,phases      ] GC(128)   Pre Evacuate Collection Set: 0.0ms
[5.920s][info][gc,phases      ] GC(128)   Merge Heap Roots: 0.0ms
[5.920s][info][gc,phases      ] GC(128)   Evacuate Collection Set: 6.0ms
[5.920s][info][gc,phases      ] GC(128)   Post Evacuate Collection Set: 0.2ms
[5.920s][info][gc,phases      ] GC(128)   Other: 0.1ms
[5.920s][info][gc,heap        ] GC(128) Eden regions: 13->0(13)
[5.920s][info][gc,heap        ] GC(128) Survivor regions: 2->2(2)
[5.920s][info][gc,heap        ] GC(128) Old regions: 227->229
[5.920s][info][gc,heap        ] GC(128) Archive regions: 0->0
[5.920s][info][gc,heap        ] GC(128) Humongous regions: 36->36
[5.920s][info][gc,metaspace   ] GC(128) Metaspace: 479K(640K)->479K(640K) NonClass: 444K(512K)->444K(512K) Class: 34K(128K)->34K(128K)
[5.920s][info][gc             ] GC(128) Pause Young (Normal) (G1 Evacuation Pause) 276M->265M(300M) 6.619ms
[5.920s][info][gc,cpu         ] GC(128) User=0.06s Sys=0.00s Real=0.01s
[5.933s][info][gc,start       ] GC(129) Pause Young (Normal) (G1 Evacuation Pause)
[5.933s][info][gc,task        ] GC(129) Using 4 workers of 4 for evacuation
[5.940s][info][gc,phases      ] GC(129)   Pre Evacuate Collection Set: 0.0ms
[5.940s][info][gc,phases      ] GC(129)   Merge Heap Roots: 0.0ms
[5.940s][info][gc,phases      ] GC(129)   Evacuate Collection Set: 6.1ms
[5.940s][info][gc,phases      ] GC(129)   Post Evacuate Collection Set: 0.2ms
[5.940s][info][gc,phases      ] GC(129)   Other: 0.1ms
[5.940s][info][gc,heap        ] GC(129) Eden regions: 13->0(13)
[5.940s][info][gc,heap        ] GC(129) Survivor regions: 2->2(2)
[5.940s][info][gc,heap        ] GC(129) Old regions: 229->232
[5.940s][info][gc,heap        ] GC(129) Archive regions: 0->0
[5.940s][info][gc,heap        ] GC(129) Humongous regions: 36->36
[5.940s][info][gc,metaspace   ] GC(129) Metaspace: 479K(640K)->479K(640K) NonClass: 444K(512K)->444K(512K) Class: 34K(128K)->34K(128K)
[5.940s][info][gc             ] GC(129) Pause Young (Normal) (G1 Evacuation Pause) 278M->268M(300M) 6.855ms
[5.940s][info][gc,cpu         ] GC(129) User=0.06s Sys=0.00s Real=0.01s
[5.954s][info][gc,start       ] GC(130) Pause Young (Normal) (G1 Evacuation Pause)
[5.954s][info][gc,task        ] GC(130) Using 4 workers of 4 for evacuation
[5.960s][info][gc,phases      ] GC(130)   Pre Evacuate Collection Set: 0.1ms
[5.960s][info][gc,phases      ] GC(130)   Merge Heap Roots: 0.0ms
[5.960s][info][gc,phases      ] GC(130)   Evacuate Collection Set: 6.3ms
[5.960s][info][gc,phases      ] GC(130)   Post Evacuate Collection Set: 0.2ms
[5.960s][info][gc,phases      ] GC(130)   Other: 0.2ms
[5.961s][info][gc,heap        ] GC(130) Eden regions: 13->0(13)
[5.961s][info][gc,heap        ] GC(130) Survivor regions: 2->2(2)
[5.961s][info][gc,heap        ] GC(130) Old regions: 232->235
[5.961s][info][gc,heap        ] GC(130) Archive regions: 0->0
[5.961s][info][gc,heap        ] GC(130) Humongous regions: 36->36
[5.961s][info][gc,metaspace   ] GC(130) Metaspace: 479K(640K)->479K(640K) NonClass: 444K(512K)->444K(512K) Class: 34K(128K)->34K(128K)
[5.961s][info][gc             ] GC(130) Pause Young (Normal) (G1 Evacuation Pause) 281M->271M(300M) 6.929ms
[5.961s][info][gc,cpu         ] GC(130) User=0.00s Sys=0.00s Real=0.01s
[5.972s][info][gc,start       ] GC(131) Pause Young (Normal) (G1 Evacuation Pause)
[5.972s][info][gc,task        ] GC(131) Using 4 workers of 4 for evacuation
[5.979s][info][gc,phases      ] GC(131)   Pre Evacuate Collection Set: 0.0ms
[5.979s][info][gc,phases      ] GC(131)   Merge Heap Roots: 0.0ms
[5.979s][info][gc,phases      ] GC(131)   Evacuate Collection Set: 6.8ms
[5.979s][info][gc,phases      ] GC(131)   Post Evacuate Collection Set: 0.2ms
[5.979s][info][gc,phases      ] GC(131)   Other: 0.1ms
[5.979s][info][gc,heap        ] GC(131) Eden regions: 13->0(13)
[5.979s][info][gc,heap        ] GC(131) Survivor regions: 2->2(2)
[5.979s][info][gc,heap        ] GC(131) Old regions: 235->238
[5.979s][info][gc,heap        ] GC(131) Archive regions: 0->0
[5.979s][info][gc,heap        ] GC(131) Humongous regions: 36->36
[5.979s][info][gc,metaspace   ] GC(131) Metaspace: 479K(640K)->479K(640K) NonClass: 444K(512K)->444K(512K) Class: 34K(128K)->34K(128K)
[5.979s][info][gc             ] GC(131) Pause Young (Normal) (G1 Evacuation Pause) 284M->274M(300M) 7.583ms
[5.979s][info][gc,cpu         ] GC(131) User=0.00s Sys=0.00s Real=0.01s
[5.990s][info][gc,start       ] GC(132) Pause Young (Normal) (G1 Evacuation Pause)
[5.990s][info][gc,task        ] GC(132) Using 4 workers of 4 for evacuation
[5.998s][info][gc,phases      ] GC(132)   Pre Evacuate Collection Set: 0.0ms
[5.998s][info][gc,phases      ] GC(132)   Merge Heap Roots: 0.0ms
[5.998s][info][gc,phases      ] GC(132)   Evacuate Collection Set: 7.4ms
[5.998s][info][gc,phases      ] GC(132)   Post Evacuate Collection Set: 0.2ms
[5.998s][info][gc,phases      ] GC(132)   Other: 0.1ms
[5.998s][info][gc,heap        ] GC(132) Eden regions: 13->0(13)
[5.998s][info][gc,heap        ] GC(132) Survivor regions: 2->2(2)
[5.998s][info][gc,heap        ] GC(132) Old regions: 238->241
[5.998s][info][gc,heap        ] GC(132) Archive regions: 0->0
[5.998s][info][gc,heap        ] GC(132) Humongous regions: 36->36
[5.998s][info][gc,metaspace   ] GC(132) Metaspace: 479K(640K)->479K(640K) NonClass: 444K(512K)->444K(512K) Class: 34K(128K)->34K(128K)
[5.998s][info][gc             ] GC(132) Pause Young (Normal) (G1 Evacuation Pause) 287M->277M(300M) 7.963ms
[5.998s][info][gc,cpu         ] GC(132) User=0.06s Sys=0.00s Real=0.01s
[6.010s][info][gc,start       ] GC(133) Pause Young (Normal) (G1 Evacuation Pause)
[6.010s][info][gc,task        ] GC(133) Using 4 workers of 4 for evacuation
[6.018s][info][gc,phases      ] GC(133)   Pre Evacuate Collection Set: 0.0ms
[6.018s][info][gc,phases      ] GC(133)   Merge Heap Roots: 0.0ms
[6.018s][info][gc,phases      ] GC(133)   Evacuate Collection Set: 6.8ms
[6.018s][info][gc,phases      ] GC(133)   Post Evacuate Collection Set: 0.2ms
[6.018s][info][gc,phases      ] GC(133)   Other: 0.1ms
[6.018s][info][gc,heap        ] GC(133) Eden regions: 13->0(13)
[6.018s][info][gc,heap        ] GC(133) Survivor regions: 2->2(2)
[6.018s][info][gc,heap        ] GC(133) Old regions: 241->244
[6.018s][info][gc,heap        ] GC(133) Archive regions: 0->0
[6.018s][info][gc,heap        ] GC(133) Humongous regions: 36->36
[6.018s][info][gc,metaspace   ] GC(133) Metaspace: 479K(640K)->479K(640K) NonClass: 444K(512K)->444K(512K) Class: 34K(128K)->34K(128K)
[6.018s][info][gc             ] GC(133) Pause Young (Normal) (G1 Evacuation Pause) 290M->280M(300M) 7.387ms
[6.018s][info][gc,cpu         ] GC(133) User=0.06s Sys=0.00s Real=0.01s
[6.029s][info][gc,start       ] GC(134) Pause Young (Normal) (G1 Preventive Collection)
[6.029s][info][gc,task        ] GC(134) Using 4 workers of 4 for evacuation
[6.038s][info][gc,phases      ] GC(134)   Pre Evacuate Collection Set: 0.1ms
[6.038s][info][gc,phases      ] GC(134)   Merge Heap Roots: 0.0ms
[6.038s][info][gc,phases      ] GC(134)   Evacuate Collection Set: 8.1ms
[6.038s][info][gc,phases      ] GC(134)   Post Evacuate Collection Set: 0.2ms
[6.038s][info][gc,phases      ] GC(134)   Other: 0.1ms
[6.038s][info][gc,heap        ] GC(134) Eden regions: 12->0(13)
[6.038s][info][gc,heap        ] GC(134) Survivor regions: 2->2(2)
[6.038s][info][gc,heap        ] GC(134) Old regions: 244->246
[6.038s][info][gc,heap        ] GC(134) Archive regions: 0->0
[6.038s][info][gc,heap        ] GC(134) Humongous regions: 36->36
[6.038s][info][gc,metaspace   ] GC(134) Metaspace: 479K(640K)->479K(640K) NonClass: 444K(512K)->444K(512K) Class: 34K(128K)->34K(128K)
[6.038s][info][gc             ] GC(134) Pause Young (Normal) (G1 Preventive Collection) 292M->282M(300M) 8.872ms
[6.038s][info][gc,cpu         ] GC(134) User=0.00s Sys=0.00s Real=0.01s
[6.054s][info][gc,start       ] GC(135) Pause Young (Normal) (G1 Preventive Collection)
[6.054s][info][gc,task        ] GC(135) Using 4 workers of 4 for evacuation
[6.062s][info][gc,phases      ] GC(135)   Pre Evacuate Collection Set: 0.0ms
[6.062s][info][gc,phases      ] GC(135)   Merge Heap Roots: 0.0ms
[6.062s][info][gc,phases      ] GC(135)   Evacuate Collection Set: 7.2ms
[6.062s][info][gc,phases      ] GC(135)   Post Evacuate Collection Set: 0.2ms
[6.062s][info][gc,phases      ] GC(135)   Other: 0.1ms
[6.062s][info][gc,heap        ] GC(135) Eden regions: 11->0(13)
[6.062s][info][gc,heap        ] GC(135) Survivor regions: 2->2(2)
[6.062s][info][gc,heap        ] GC(135) Old regions: 246->249
[6.062s][info][gc,heap        ] GC(135) Archive regions: 0->0
[6.062s][info][gc,heap        ] GC(135) Humongous regions: 36->36
[6.062s][info][gc,metaspace   ] GC(135) Metaspace: 479K(640K)->479K(640K) NonClass: 444K(512K)->444K(512K) Class: 34K(128K)->34K(128K)
[6.062s][info][gc             ] GC(135) Pause Young (Normal) (G1 Preventive Collection) 293M->285M(300M) 8.019ms
[6.062s][info][gc,cpu         ] GC(135) User=0.05s Sys=0.00s Real=0.01s
[6.070s][info][gc,start       ] GC(136) Pause Young (Normal) (G1 Preventive Collection)
[6.070s][info][gc,task        ] GC(136) Using 4 workers of 4 for evacuation
[6.078s][info][gc,phases      ] GC(136)   Pre Evacuate Collection Set: 0.1ms
[6.078s][info][gc,phases      ] GC(136)   Merge Heap Roots: 0.0ms
[6.078s][info][gc,phases      ] GC(136)   Evacuate Collection Set: 7.3ms
[6.078s][info][gc,phases      ] GC(136)   Post Evacuate Collection Set: 0.2ms
[6.078s][info][gc,phases      ] GC(136)   Other: 0.1ms
[6.078s][info][gc,heap        ] GC(136) Eden regions: 8->0(13)
[6.078s][info][gc,heap        ] GC(136) Survivor regions: 2->2(2)
[6.078s][info][gc,heap        ] GC(136) Old regions: 249->251
[6.078s][info][gc,heap        ] GC(136) Archive regions: 0->0
[6.078s][info][gc,heap        ] GC(136) Humongous regions: 36->36
[6.078s][info][gc,metaspace   ] GC(136) Metaspace: 479K(640K)->479K(640K) NonClass: 444K(512K)->444K(512K) Class: 34K(128K)->34K(128K)
[6.079s][info][gc             ] GC(136) Pause Young (Normal) (G1 Preventive Collection) 293M->287M(300M) 8.073ms
[6.079s][info][gc,cpu         ] GC(136) User=0.05s Sys=0.00s Real=0.01s
[6.084s][info][gc,start       ] GC(137) Pause Young (Normal) (G1 Preventive Collection)
[6.084s][info][gc,task        ] GC(137) Using 4 workers of 4 for evacuation
[6.089s][info][gc,phases      ] GC(137)   Pre Evacuate Collection Set: 0.0ms
[6.089s][info][gc,phases      ] GC(137)   Merge Heap Roots: 0.0ms
[6.089s][info][gc,phases      ] GC(137)   Evacuate Collection Set: 4.7ms
[6.089s][info][gc,phases      ] GC(137)   Post Evacuate Collection Set: 0.2ms
[6.089s][info][gc,phases      ] GC(137)   Other: 0.1ms
[6.089s][info][gc,heap        ] GC(137) Eden regions: 7->0(13)
[6.090s][info][gc,heap        ] GC(137) Survivor regions: 2->2(2)
[6.090s][info][gc,heap        ] GC(137) Old regions: 251->253
[6.090s][info][gc,heap        ] GC(137) Archive regions: 0->0
[6.090s][info][gc,heap        ] GC(137) Humongous regions: 36->36
[6.090s][info][gc,metaspace   ] GC(137) Metaspace: 479K(640K)->479K(640K) NonClass: 444K(512K)->444K(512K) Class: 34K(128K)->34K(128K)
[6.090s][info][gc             ] GC(137) Pause Young (Normal) (G1 Preventive Collection) 294M->288M(300M) 5.249ms
[6.090s][info][gc,cpu         ] GC(137) User=0.00s Sys=0.00s Real=0.01s
[6.095s][info][gc,start       ] GC(138) Pause Young (Normal) (G1 Preventive Collection)
[6.095s][info][gc,task        ] GC(138) Using 4 workers of 4 for evacuation
[6.100s][info][gc,phases      ] GC(138)   Pre Evacuate Collection Set: 0.0ms
[6.100s][info][gc,phases      ] GC(138)   Merge Heap Roots: 0.0ms
[6.100s][info][gc,phases      ] GC(138)   Evacuate Collection Set: 4.2ms
[6.100s][info][gc,phases      ] GC(138)   Post Evacuate Collection Set: 0.2ms
[6.100s][info][gc,phases      ] GC(138)   Other: 0.1ms
[6.100s][info][gc,heap        ] GC(138) Eden regions: 6->0(13)
[6.100s][info][gc,heap        ] GC(138) Survivor regions: 2->2(2)
[6.100s][info][gc,heap        ] GC(138) Old regions: 253->254
[6.100s][info][gc,heap        ] GC(138) Archive regions: 0->0
[6.100s][info][gc,heap        ] GC(138) Humongous regions: 36->36
[6.100s][info][gc,metaspace   ] GC(138) Metaspace: 479K(640K)->479K(640K) NonClass: 444K(512K)->444K(512K) Class: 34K(128K)->34K(128K)
[6.100s][info][gc             ] GC(138) Pause Young (Normal) (G1 Preventive Collection) 294M->290M(300M) 4.843ms
[6.100s][info][gc,cpu         ] GC(138) User=0.00s Sys=0.00s Real=0.00s
[6.104s][info][gc,start       ] GC(139) Pause Young (Normal) (G1 Preventive Collection)
[6.104s][info][gc,task        ] GC(139) Using 4 workers of 4 for evacuation
[6.109s][info][gc,phases      ] GC(139)   Pre Evacuate Collection Set: 0.0ms
[6.109s][info][gc,phases      ] GC(139)   Merge Heap Roots: 0.0ms
[6.109s][info][gc,phases      ] GC(139)   Evacuate Collection Set: 4.0ms
[6.109s][info][gc,phases      ] GC(139)   Post Evacuate Collection Set: 0.2ms
[6.109s][info][gc,phases      ] GC(139)   Other: 0.1ms
[6.109s][info][gc,heap        ] GC(139) Eden regions: 5->0(13)
[6.109s][info][gc,heap        ] GC(139) Survivor regions: 2->2(2)
[6.109s][info][gc,heap        ] GC(139) Old regions: 254->255
[6.109s][info][gc,heap        ] GC(139) Archive regions: 0->0
[6.109s][info][gc,heap        ] GC(139) Humongous regions: 36->36
[6.109s][info][gc,metaspace   ] GC(139) Metaspace: 479K(640K)->479K(640K) NonClass: 444K(512K)->444K(512K) Class: 34K(128K)->34K(128K)
[6.109s][info][gc             ] GC(139) Pause Young (Normal) (G1 Preventive Collection) 295M->291M(300M) 4.597ms
[6.109s][info][gc,cpu         ] GC(139) User=0.06s Sys=0.00s Real=0.01s
[6.113s][info][gc,start       ] GC(140) Pause Young (Normal) (G1 Preventive Collection)
[6.113s][info][gc,task        ] GC(140) Using 4 workers of 4 for evacuation
[6.117s][info][gc,phases      ] GC(140)   Pre Evacuate Collection Set: 0.1ms
[6.117s][info][gc,phases      ] GC(140)   Merge Heap Roots: 0.0ms
[6.117s][info][gc,phases      ] GC(140)   Evacuate Collection Set: 3.5ms
[6.117s][info][gc,phases      ] GC(140)   Post Evacuate Collection Set: 0.2ms
[6.117s][info][gc,phases      ] GC(140)   Other: 0.2ms
[6.117s][info][gc,heap        ] GC(140) Eden regions: 4->0(13)
[6.117s][info][gc,heap        ] GC(140) Survivor regions: 2->2(2)
[6.117s][info][gc,heap        ] GC(140) Old regions: 255->255
[6.117s][info][gc,heap        ] GC(140) Archive regions: 0->0
[6.117s][info][gc,heap        ] GC(140) Humongous regions: 36->36
[6.117s][info][gc,metaspace   ] GC(140) Metaspace: 479K(640K)->479K(640K) NonClass: 444K(512K)->444K(512K) Class: 34K(128K)->34K(128K)
[6.117s][info][gc             ] GC(140) Pause Young (Normal) (G1 Preventive Collection) 295M->291M(300M) 4.133ms
[6.117s][info][gc,cpu         ] GC(140) User=0.00s Sys=0.00s Real=0.00s
[6.120s][info][gc,start       ] GC(141) Pause Young (Normal) (G1 Preventive Collection)
[6.120s][info][gc,task        ] GC(141) Using 4 workers of 4 for evacuation
[6.125s][info][gc,phases      ] GC(141)   Pre Evacuate Collection Set: 0.0ms
[6.125s][info][gc,phases      ] GC(141)   Merge Heap Roots: 0.0ms
[6.125s][info][gc,phases      ] GC(141)   Evacuate Collection Set: 4.5ms
[6.125s][info][gc,phases      ] GC(141)   Post Evacuate Collection Set: 0.2ms
[6.125s][info][gc,phases      ] GC(141)   Other: 0.1ms
[6.125s][info][gc,heap        ] GC(141) Eden regions: 4->0(13)
[6.125s][info][gc,heap        ] GC(141) Survivor regions: 2->2(2)
[6.125s][info][gc,heap        ] GC(141) Old regions: 255->256
[6.125s][info][gc,heap        ] GC(141) Archive regions: 0->0
[6.125s][info][gc,heap        ] GC(141) Humongous regions: 36->36
[6.125s][info][gc,metaspace   ] GC(141) Metaspace: 479K(640K)->479K(640K) NonClass: 444K(512K)->444K(512K) Class: 34K(128K)->34K(128K)
[6.125s][info][gc             ] GC(141) Pause Young (Normal) (G1 Preventive Collection) 295M->292M(300M) 5.043ms
[6.125s][info][gc,cpu         ] GC(141) User=0.06s Sys=0.00s Real=0.01s
[6.128s][info][gc,start       ] GC(142) Pause Young (Normal) (G1 Preventive Collection)
[6.128s][info][gc,task        ] GC(142) Using 4 workers of 4 for evacuation
[6.132s][info][gc,phases      ] GC(142)   Pre Evacuate Collection Set: 0.0ms
[6.132s][info][gc,phases      ] GC(142)   Merge Heap Roots: 0.0ms
[6.132s][info][gc,phases      ] GC(142)   Evacuate Collection Set: 3.8ms
[6.132s][info][gc,phases      ] GC(142)   Post Evacuate Collection Set: 0.2ms
[6.132s][info][gc,phases      ] GC(142)   Other: 0.1ms
[6.132s][info][gc,heap        ] GC(142) Eden regions: 3->0(13)
[6.132s][info][gc,heap        ] GC(142) Survivor regions: 2->2(2)
[6.132s][info][gc,heap        ] GC(142) Old regions: 256->257
[6.132s][info][gc,heap        ] GC(142) Archive regions: 0->0
[6.132s][info][gc,heap        ] GC(142) Humongous regions: 36->36
[6.132s][info][gc,metaspace   ] GC(142) Metaspace: 479K(640K)->479K(640K) NonClass: 444K(512K)->444K(512K) Class: 34K(128K)->34K(128K)
[6.132s][info][gc             ] GC(142) Pause Young (Normal) (G1 Preventive Collection) 295M->293M(300M) 4.457ms
[6.132s][info][gc,cpu         ] GC(142) User=0.00s Sys=0.00s Real=0.01s
[6.134s][info][gc,start       ] GC(143) Pause Young (Normal) (G1 Preventive Collection)
[6.134s][info][gc,task        ] GC(143) Using 4 workers of 4 for evacuation
[6.138s][info][gc,phases      ] GC(143)   Pre Evacuate Collection Set: 0.0ms
[6.138s][info][gc,phases      ] GC(143)   Merge Heap Roots: 0.0ms
[6.138s][info][gc,phases      ] GC(143)   Evacuate Collection Set: 3.4ms
[6.138s][info][gc,phases      ] GC(143)   Post Evacuate Collection Set: 0.2ms
[6.138s][info][gc,phases      ] GC(143)   Other: 0.1ms
[6.138s][info][gc,heap        ] GC(143) Eden regions: 2->0(13)
[6.138s][info][gc,heap        ] GC(143) Survivor regions: 2->2(2)
[6.138s][info][gc,heap        ] GC(143) Old regions: 257->258
[6.138s][info][gc,heap        ] GC(143) Archive regions: 0->0
[6.138s][info][gc,heap        ] GC(143) Humongous regions: 36->36
[6.138s][info][gc,metaspace   ] GC(143) Metaspace: 479K(640K)->479K(640K) NonClass: 444K(512K)->444K(512K) Class: 34K(128K)->34K(128K)
[6.139s][info][gc             ] GC(143) Pause Young (Normal) (G1 Preventive Collection) 295M->293M(300M) 4.045ms
[6.139s][info][gc,cpu         ] GC(143) User=0.06s Sys=0.00s Real=0.00s
[6.140s][info][gc,start       ] GC(144) Pause Young (Normal) (G1 Preventive Collection)
[6.140s][info][gc,task        ] GC(144) Using 4 workers of 4 for evacuation
[6.144s][info][gc,phases      ] GC(144)   Pre Evacuate Collection Set: 0.0ms
[6.144s][info][gc,phases      ] GC(144)   Merge Heap Roots: 0.0ms
[6.144s][info][gc,phases      ] GC(144)   Evacuate Collection Set: 3.6ms
[6.144s][info][gc,phases      ] GC(144)   Post Evacuate Collection Set: 0.2ms
[6.144s][info][gc,phases      ] GC(144)   Other: 0.1ms
[6.144s][info][gc,heap        ] GC(144) Eden regions: 2->0(13)
[6.144s][info][gc,heap        ] GC(144) Survivor regions: 2->2(2)
[6.144s][info][gc,heap        ] GC(144) Old regions: 258->258
[6.144s][info][gc,heap        ] GC(144) Archive regions: 0->0
[6.144s][info][gc,heap        ] GC(144) Humongous regions: 36->36
[6.144s][info][gc,metaspace   ] GC(144) Metaspace: 479K(640K)->479K(640K) NonClass: 444K(512K)->444K(512K) Class: 34K(128K)->34K(128K)
[6.145s][info][gc             ] GC(144) Pause Young (Normal) (G1 Preventive Collection) 295M->294M(300M) 4.181ms
[6.145s][info][gc,cpu         ] GC(144) User=0.00s Sys=0.00s Real=0.00s
[6.146s][info][gc,start       ] GC(145) Pause Young (Normal) (G1 Preventive Collection)
[6.146s][info][gc,task        ] GC(145) Using 4 workers of 4 for evacuation
[6.150s][info][gc,phases      ] GC(145)   Pre Evacuate Collection Set: 0.0ms
[6.150s][info][gc,phases      ] GC(145)   Merge Heap Roots: 0.0ms
[6.150s][info][gc,phases      ] GC(145)   Evacuate Collection Set: 3.2ms
[6.150s][info][gc,phases      ] GC(145)   Post Evacuate Collection Set: 0.2ms
[6.150s][info][gc,phases      ] GC(145)   Other: 0.1ms
[6.150s][info][gc,heap        ] GC(145) Eden regions: 2->0(14)
[6.150s][info][gc,heap        ] GC(145) Survivor regions: 2->1(2)
[6.150s][info][gc,heap        ] GC(145) Old regions: 258->259
[6.150s][info][gc,heap        ] GC(145) Archive regions: 0->0
[6.150s][info][gc,heap        ] GC(145) Humongous regions: 36->36
[6.150s][info][gc,metaspace   ] GC(145) Metaspace: 479K(640K)->479K(640K) NonClass: 444K(512K)->444K(512K) Class: 34K(128K)->34K(128K)
[6.150s][info][gc             ] GC(145) Pause Young (Normal) (G1 Preventive Collection) 296M->294M(300M) 3.899ms
[6.150s][info][gc,cpu         ] GC(145) User=0.00s Sys=0.00s Real=0.00s
[6.152s][info][gc,start       ] GC(146) Pause Young (Normal) (G1 Preventive Collection)
[6.152s][info][gc,task        ] GC(146) Using 4 workers of 4 for evacuation
[6.156s][info][gc,phases      ] GC(146)   Pre Evacuate Collection Set: 0.1ms
[6.156s][info][gc,phases      ] GC(146)   Merge Heap Roots: 0.0ms
[6.156s][info][gc,phases      ] GC(146)   Evacuate Collection Set: 3.0ms
[6.156s][info][gc,phases      ] GC(146)   Post Evacuate Collection Set: 0.2ms
[6.156s][info][gc,phases      ] GC(146)   Other: 0.1ms
[6.156s][info][gc,heap        ] GC(146) Eden regions: 2->0(13)
[6.156s][info][gc,heap        ] GC(146) Survivor regions: 1->2(2)
[6.156s][info][gc,heap        ] GC(146) Old regions: 259->259
[6.156s][info][gc,heap        ] GC(146) Archive regions: 0->0
[6.156s][info][gc,heap        ] GC(146) Humongous regions: 36->36
[6.156s][info][gc,metaspace   ] GC(146) Metaspace: 479K(640K)->479K(640K) NonClass: 444K(512K)->444K(512K) Class: 34K(128K)->34K(128K)
[6.156s][info][gc             ] GC(146) Pause Young (Normal) (G1 Preventive Collection) 296M->294M(300M) 3.625ms
[6.156s][info][gc,cpu         ] GC(146) User=0.00s Sys=0.00s Real=0.00s
[6.157s][info][gc,start       ] GC(147) Pause Young (Normal) (G1 Preventive Collection)
[6.157s][info][gc,task        ] GC(147) Using 4 workers of 4 for evacuation
[6.161s][info][gc,phases      ] GC(147)   Pre Evacuate Collection Set: 0.0ms
[6.161s][info][gc,phases      ] GC(147)   Merge Heap Roots: 0.0ms
[6.161s][info][gc,phases      ] GC(147)   Evacuate Collection Set: 3.2ms
[6.161s][info][gc,phases      ] GC(147)   Post Evacuate Collection Set: 0.2ms
[6.161s][info][gc,phases      ] GC(147)   Other: 0.1ms
[6.161s][info][gc,heap        ] GC(147) Eden regions: 1->0(14)
[6.161s][info][gc,heap        ] GC(147) Survivor regions: 2->1(2)
[6.161s][info][gc,heap        ] GC(147) Old regions: 259->260
[6.161s][info][gc,heap        ] GC(147) Archive regions: 0->0
[6.161s][info][gc,heap        ] GC(147) Humongous regions: 36->36
[6.161s][info][gc,metaspace   ] GC(147) Metaspace: 479K(640K)->479K(640K) NonClass: 444K(512K)->444K(512K) Class: 34K(128K)->34K(128K)
[6.161s][info][gc             ] GC(147) Pause Young (Normal) (G1 Preventive Collection) 295M->295M(300M) 3.746ms
[6.161s][info][gc,cpu         ] GC(147) User=0.00s Sys=0.00s Real=0.00s
[6.162s][info][gc,start       ] GC(148) Pause Young (Normal) (G1 Preventive Collection)
[6.162s][info][gc,task        ] GC(148) Using 4 workers of 4 for evacuation
[6.165s][info][gc,phases      ] GC(148)   Pre Evacuate Collection Set: 0.1ms
[6.165s][info][gc,phases      ] GC(148)   Merge Heap Roots: 0.0ms
[6.165s][info][gc,phases      ] GC(148)   Evacuate Collection Set: 3.4ms
[6.166s][info][gc,phases      ] GC(148)   Post Evacuate Collection Set: 0.2ms
[6.166s][info][gc,phases      ] GC(148)   Other: 0.1ms
[6.166s][info][gc,heap        ] GC(148) Eden regions: 1->0(13)
[6.166s][info][gc,heap        ] GC(148) Survivor regions: 1->2(2)
[6.166s][info][gc,heap        ] GC(148) Old regions: 260->260
[6.166s][info][gc,heap        ] GC(148) Archive regions: 0->0
[6.166s][info][gc,heap        ] GC(148) Humongous regions: 36->36
[6.166s][info][gc,metaspace   ] GC(148) Metaspace: 479K(640K)->479K(640K) NonClass: 444K(512K)->444K(512K) Class: 34K(128K)->34K(128K)
[6.166s][info][gc             ] GC(148) Pause Young (Normal) (G1 Preventive Collection) 296M->295M(300M) 3.921ms
[6.166s][info][gc,cpu         ] GC(148) User=0.00s Sys=0.00s Real=0.00s
[6.167s][info][gc,start       ] GC(149) Pause Young (Normal) (G1 Preventive Collection)
[6.167s][info][gc,task        ] GC(149) Using 4 workers of 4 for evacuation
[6.170s][info][gc,phases      ] GC(149)   Pre Evacuate Collection Set: 0.1ms
[6.170s][info][gc,phases      ] GC(149)   Merge Heap Roots: 0.0ms
[6.170s][info][gc,phases      ] GC(149)   Evacuate Collection Set: 3.2ms
[6.170s][info][gc,phases      ] GC(149)   Post Evacuate Collection Set: 0.2ms
[6.170s][info][gc,phases      ] GC(149)   Other: 0.1ms
[6.170s][info][gc,heap        ] GC(149) Eden regions: 1->0(14)
[6.170s][info][gc,heap        ] GC(149) Survivor regions: 2->1(1)
[6.170s][info][gc,heap        ] GC(149) Old regions: 260->260
[6.170s][info][gc,heap        ] GC(149) Archive regions: 0->0
[6.170s][info][gc,heap        ] GC(149) Humongous regions: 36->36
[6.171s][info][gc,metaspace   ] GC(149) Metaspace: 479K(640K)->479K(640K) NonClass: 444K(512K)->444K(512K) Class: 34K(128K)->34K(128K)
[6.171s][info][gc             ] GC(149) Pause Young (Normal) (G1 Preventive Collection) 296M->295M(300M) 3.828ms
[6.171s][info][gc,cpu         ] GC(149) User=0.06s Sys=0.00s Real=0.00s
[6.172s][info][gc,start       ] GC(150) Pause Young (Normal) (G1 Preventive Collection)
[6.172s][info][gc,task        ] GC(150) Using 4 workers of 4 for evacuation
[6.175s][info][gc,phases      ] GC(150)   Pre Evacuate Collection Set: 0.0ms
[6.175s][info][gc,phases      ] GC(150)   Merge Heap Roots: 0.0ms
[6.175s][info][gc,phases      ] GC(150)   Evacuate Collection Set: 3.0ms
[6.175s][info][gc,phases      ] GC(150)   Post Evacuate Collection Set: 0.2ms
[6.175s][info][gc,phases      ] GC(150)   Other: 0.1ms
[6.175s][info][gc,heap        ] GC(150) Eden regions: 1->0(13)
[6.175s][info][gc,heap        ] GC(150) Survivor regions: 1->2(2)
[6.175s][info][gc,heap        ] GC(150) Old regions: 260->260
[6.175s][info][gc,heap        ] GC(150) Archive regions: 0->0
[6.175s][info][gc,heap        ] GC(150) Humongous regions: 36->36
[6.175s][info][gc,metaspace   ] GC(150) Metaspace: 479K(640K)->479K(640K) NonClass: 444K(512K)->444K(512K) Class: 34K(128K)->34K(128K)
[6.175s][info][gc             ] GC(150) Pause Young (Normal) (G1 Preventive Collection) 296M->295M(300M) 3.566ms
[6.175s][info][gc,cpu         ] GC(150) User=0.00s Sys=0.00s Real=0.00s
[6.176s][info][gc,start       ] GC(151) Pause Young (Normal) (G1 Preventive Collection)
[6.176s][info][gc,task        ] GC(151) Using 4 workers of 4 for evacuation
[6.180s][info][gc             ] GC(151) To-space exhausted
[6.180s][info][gc,phases      ] GC(151)   Pre Evacuate Collection Set: 0.0ms
[6.180s][info][gc,phases      ] GC(151)   Merge Heap Roots: 0.0ms
[6.180s][info][gc,phases      ] GC(151)   Evacuate Collection Set: 2.6ms
[6.180s][info][gc,phases      ] GC(151)   Post Evacuate Collection Set: 0.7ms
[6.180s][info][gc,phases      ] GC(151)   Other: 0.2ms
[6.180s][info][gc,heap        ] GC(151) Eden regions: 1->0(14)
[6.180s][info][gc,heap        ] GC(151) Survivor regions: 2->1(1)
[6.180s][info][gc,heap        ] GC(151) Old regions: 260->262
[6.180s][info][gc,heap        ] GC(151) Archive regions: 0->0
[6.180s][info][gc,heap        ] GC(151) Humongous regions: 36->36
[6.180s][info][gc,metaspace   ] GC(151) Metaspace: 479K(640K)->479K(640K) NonClass: 444K(512K)->444K(512K) Class: 34K(128K)->34K(128K)
[6.180s][info][gc             ] GC(151) Pause Young (Normal) (G1 Preventive Collection) 296M->297M(300M) 3.793ms
[6.180s][info][gc,cpu         ] GC(151) User=0.00s Sys=0.00s Real=0.00s
[6.181s][info][gc,start       ] GC(152) Pause Young (Normal) (G1 Evacuation Pause)
[6.181s][info][gc,task        ] GC(152) Using 4 workers of 4 for evacuation
[6.187s][info][gc             ] GC(152) To-space exhausted
[6.187s][info][gc,phases      ] GC(152)   Pre Evacuate Collection Set: 0.0ms
[6.187s][info][gc,phases      ] GC(152)   Merge Heap Roots: 0.0ms
[6.187s][info][gc,phases      ] GC(152)   Evacuate Collection Set: 3.9ms
[6.187s][info][gc,phases      ] GC(152)   Post Evacuate Collection Set: 1.5ms
[6.187s][info][gc,phases      ] GC(152)   Other: 0.2ms
[6.187s][info][gc,heap        ] GC(152) Eden regions: 1->0(15)
[6.187s][info][gc,heap        ] GC(152) Survivor regions: 1->0(0)
[6.187s][info][gc,heap        ] GC(152) Old regions: 262->264
[6.187s][info][gc,heap        ] GC(152) Archive regions: 0->0
[6.187s][info][gc,heap        ] GC(152) Humongous regions: 36->36
[6.187s][info][gc,metaspace   ] GC(152) Metaspace: 479K(640K)->479K(640K) NonClass: 444K(512K)->444K(512K) Class: 34K(128K)->34K(128K)
[6.187s][info][gc             ] GC(152) Pause Young (Normal) (G1 Evacuation Pause) 298M->298M(300M) 5.887ms
[6.187s][info][gc,cpu         ] GC(152) User=0.06s Sys=0.00s Real=0.01s
[6.187s][info][gc,ergo        ] Attempting full compaction
[6.187s][info][gc,task        ] GC(153) Using 4 workers of 4 for full compaction
[6.187s][info][gc,start       ] GC(153) Pause Full (G1 Compaction Pause)
[6.188s][info][gc,phases,start] GC(153) Phase 1: Mark live objects
[6.245s][info][gc,phases      ] GC(153) Phase 1: Mark live objects 57.232ms
[6.245s][info][gc,phases,start] GC(153) Phase 2: Prepare for compaction
[6.250s][info][gc,phases      ] GC(153) Phase 2: Prepare for compaction 5.365ms
[6.250s][info][gc,phases,start] GC(153) Phase 3: Adjust pointers
[6.269s][info][gc,phases      ] GC(153) Phase 3: Adjust pointers 18.236ms
[6.269s][info][gc,phases,start] GC(153) Phase 4: Compact heap
[6.275s][info][gc,phases      ] GC(153) Phase 4: Compact heap 6.775ms
[6.276s][info][gc,heap        ] GC(153) Eden regions: 0->0(124)
[6.276s][info][gc,heap        ] GC(153) Survivor regions: 0->0(0)
[6.276s][info][gc,heap        ] GC(153) Old regions: 264->54
[6.276s][info][gc,heap        ] GC(153) Archive regions: 0->0
[6.276s][info][gc,heap        ] GC(153) Humongous regions: 36->36
[6.276s][info][gc,metaspace   ] GC(153) Metaspace: 479K(640K)->479K(640K) NonClass: 444K(512K)->444K(512K) Class: 34K(128K)->34K(128K)
[6.276s][info][gc             ] GC(153) Pause Full (G1 Compaction Pause) 298M->87M(300M) 88.603ms
[6.276s][info][gc,cpu         ] GC(153) User=0.30s Sys=0.00s Real=0.09s
[6.276s][info][gc,marking     ] GC(111) Concurrent Rebuild Remembered Sets 408.515ms
[6.276s][info][gc,marking     ] GC(111) Concurrent Mark Abort
[6.276s][info][gc             ] GC(111) Concurrent Mark Cycle 1035.073ms
[6.372s][info][gc,start       ] GC(154) Pause Young (Normal) (G1 Evacuation Pause)
[6.372s][info][gc,task        ] GC(154) Using 4 workers of 4 for evacuation
[6.405s][info][gc,phases      ] GC(154)   Pre Evacuate Collection Set: 0.1ms
[6.405s][info][gc,phases      ] GC(154)   Merge Heap Roots: 0.1ms
[6.405s][info][gc,phases      ] GC(154)   Evacuate Collection Set: 32.7ms
[6.405s][info][gc,phases      ] GC(154)   Post Evacuate Collection Set: 0.2ms
[6.405s][info][gc,phases      ] GC(154)   Other: 0.1ms
[6.405s][info][gc,heap        ] GC(154) Eden regions: 124->0(107)
[6.405s][info][gc,heap        ] GC(154) Survivor regions: 0->16(16)
[6.405s][info][gc,heap        ] GC(154) Old regions: 54->63
[6.405s][info][gc,heap        ] GC(154) Archive regions: 0->0
[6.405s][info][gc,heap        ] GC(154) Humongous regions: 36->36
[6.405s][info][gc,metaspace   ] GC(154) Metaspace: 479K(640K)->479K(640K) NonClass: 444K(512K)->444K(512K) Class: 34K(128K)->34K(128K)
[6.405s][info][gc             ] GC(154) Pause Young (Normal) (G1 Evacuation Pause) 211M->112M(300M) 33.424ms
[6.405s][info][gc,cpu         ] GC(154) User=0.11s Sys=0.00s Real=0.03s
[6.487s][info][gc,start       ] GC(155) Pause Young (Normal) (G1 Evacuation Pause)
[6.487s][info][gc,task        ] GC(155) Using 4 workers of 4 for evacuation
[6.535s][info][gc,phases      ] GC(155)   Pre Evacuate Collection Set: 0.1ms
[6.535s][info][gc,phases      ] GC(155)   Merge Heap Roots: 0.1ms
[6.535s][info][gc,phases      ] GC(155)   Evacuate Collection Set: 47.6ms
[6.535s][info][gc,phases      ] GC(155)   Post Evacuate Collection Set: 0.2ms
[6.535s][info][gc,phases      ] GC(155)   Other: 0.1ms
[6.536s][info][gc,heap        ] GC(155) Eden regions: 107->0(91)
[6.536s][info][gc,heap        ] GC(155) Survivor regions: 16->16(16)
[6.536s][info][gc,heap        ] GC(155) Old regions: 63->86
[6.536s][info][gc,heap        ] GC(155) Archive regions: 0->0
[6.536s][info][gc,heap        ] GC(155) Humongous regions: 36->36
[6.536s][info][gc,metaspace   ] GC(155) Metaspace: 479K(640K)->479K(640K) NonClass: 444K(512K)->444K(512K) Class: 34K(128K)->34K(128K)
[6.536s][info][gc             ] GC(155) Pause Young (Normal) (G1 Evacuation Pause) 219M->134M(300M) 48.466ms
[6.536s][info][gc,cpu         ] GC(155) User=0.17s Sys=0.00s Real=0.05s
[6.607s][info][gc,start       ] GC(156) Pause Young (Normal) (G1 Evacuation Pause)
[6.607s][info][gc,task        ] GC(156) Using 4 workers of 4 for evacuation
[6.650s][info][gc,phases      ] GC(156)   Pre Evacuate Collection Set: 0.1ms
[6.650s][info][gc,phases      ] GC(156)   Merge Heap Roots: 0.1ms
[6.650s][info][gc,phases      ] GC(156)   Evacuate Collection Set: 42.1ms
[6.650s][info][gc,phases      ] GC(156)   Post Evacuate Collection Set: 0.2ms
[6.650s][info][gc,phases      ] GC(156)   Other: 0.1ms
[6.650s][info][gc,heap        ] GC(156) Eden regions: 91->0(78)
[6.650s][info][gc,heap        ] GC(156) Survivor regions: 16->14(14)
[6.650s][info][gc,heap        ] GC(156) Old regions: 86->106
[6.650s][info][gc,heap        ] GC(156) Archive regions: 0->0
[6.650s][info][gc,heap        ] GC(156) Humongous regions: 36->36
[6.650s][info][gc,metaspace   ] GC(156) Metaspace: 479K(640K)->479K(640K) NonClass: 444K(512K)->444K(512K) Class: 34K(128K)->34K(128K)
[6.650s][info][gc             ] GC(156) Pause Young (Normal) (G1 Evacuation Pause) 225M->152M(300M) 42.891ms
[6.650s][info][gc,cpu         ] GC(156) User=0.13s Sys=0.00s Real=0.04s
[6.710s][info][gc,start       ] GC(157) Pause Young (Concurrent Start) (G1 Evacuation Pause)
[6.710s][info][gc,task        ] GC(157) Using 4 workers of 4 for evacuation
[6.748s][info][gc,phases      ] GC(157)   Pre Evacuate Collection Set: 0.1ms
[6.749s][info][gc,phases      ] GC(157)   Merge Heap Roots: 0.1ms
[6.749s][info][gc,phases      ] GC(157)   Evacuate Collection Set: 37.8ms
[6.749s][info][gc,phases      ] GC(157)   Post Evacuate Collection Set: 0.2ms
[6.749s][info][gc,phases      ] GC(157)   Other: 0.2ms
[6.749s][info][gc,heap        ] GC(157) Eden regions: 78->0(66)
[6.749s][info][gc,heap        ] GC(157) Survivor regions: 14->12(12)
[6.749s][info][gc,heap        ] GC(157) Old regions: 106->125
[6.749s][info][gc,heap        ] GC(157) Archive regions: 0->0
[6.749s][info][gc,heap        ] GC(157) Humongous regions: 36->36
[6.749s][info][gc,metaspace   ] GC(157) Metaspace: 479K(640K)->479K(640K) NonClass: 444K(512K)->444K(512K) Class: 34K(128K)->34K(128K)
[6.749s][info][gc             ] GC(157) Pause Young (Concurrent Start) (G1 Evacuation Pause) 230M->169M(300M) 38.574ms
[6.749s][info][gc,cpu         ] GC(157) User=0.19s Sys=0.00s Real=0.04s
[6.749s][info][gc             ] GC(158) Concurrent Mark Cycle
[6.749s][info][gc,marking     ] GC(158) Concurrent Clear Claimed Marks
[6.749s][info][gc,marking     ] GC(158) Concurrent Clear Claimed Marks 0.018ms
[6.749s][info][gc,marking     ] GC(158) Concurrent Scan Root Regions
[6.769s][info][gc,marking     ] GC(158) Concurrent Scan Root Regions 20.038ms
[6.769s][info][gc,marking     ] GC(158) Concurrent Mark
[6.769s][info][gc,marking     ] GC(158) Concurrent Mark From Roots
[6.769s][info][gc,task        ] GC(158) Using 1 workers of 1 for marking
[6.825s][info][gc,start       ] GC(159) Pause Young (Normal) (G1 Evacuation Pause)
[6.825s][info][gc,task        ] GC(159) Using 4 workers of 4 for evacuation
[6.865s][info][gc,phases      ] GC(159)   Pre Evacuate Collection Set: 0.1ms
[6.866s][info][gc,phases      ] GC(159)   Merge Heap Roots: 0.1ms
[6.866s][info][gc,phases      ] GC(159)   Evacuate Collection Set: 40.4ms
[6.866s][info][gc,phases      ] GC(159)   Post Evacuate Collection Set: 0.2ms
[6.866s][info][gc,phases      ] GC(159)   Other: 0.1ms
[6.866s][info][gc,heap        ] GC(159) Eden regions: 66->0(57)
[6.866s][info][gc,heap        ] GC(159) Survivor regions: 12->10(10)
[6.866s][info][gc,heap        ] GC(159) Old regions: 125->141
[6.866s][info][gc,heap        ] GC(159) Archive regions: 0->0
[6.866s][info][gc,heap        ] GC(159) Humongous regions: 36->36
[6.866s][info][gc,metaspace   ] GC(159) Metaspace: 479K(640K)->479K(640K) NonClass: 444K(512K)->444K(512K) Class: 34K(128K)->34K(128K)
[6.866s][info][gc             ] GC(159) Pause Young (Normal) (G1 Evacuation Pause) 235M->183M(300M) 41.077ms
[6.866s][info][gc,cpu         ] GC(159) User=0.09s Sys=0.00s Real=0.04s
[6.927s][info][gc,start       ] GC(160) Pause Young (Normal) (G1 Evacuation Pause)
[6.927s][info][gc,task        ] GC(160) Using 4 workers of 4 for evacuation
[6.955s][info][gc,phases      ] GC(160)   Pre Evacuate Collection Set: 0.0ms
[6.955s][info][gc,phases      ] GC(160)   Merge Heap Roots: 0.1ms
[6.955s][info][gc,phases      ] GC(160)   Evacuate Collection Set: 27.5ms
[6.955s][info][gc,phases      ] GC(160)   Post Evacuate Collection Set: 0.2ms
[6.955s][info][gc,phases      ] GC(160)   Other: 0.1ms
[6.955s][info][gc,heap        ] GC(160) Eden regions: 57->0(48)
[6.955s][info][gc,heap        ] GC(160) Survivor regions: 10->9(9)
[6.955s][info][gc,heap        ] GC(160) Old regions: 141->154
[6.955s][info][gc,heap        ] GC(160) Archive regions: 0->0
[6.955s][info][gc,heap        ] GC(160) Humongous regions: 36->36
[6.955s][info][gc,metaspace   ] GC(160) Metaspace: 479K(640K)->479K(640K) NonClass: 444K(512K)->444K(512K) Class: 34K(128K)->34K(128K)
[6.955s][info][gc             ] GC(160) Pause Young (Normal) (G1 Evacuation Pause) 240M->196M(300M) 28.182ms
[6.955s][info][gc,cpu         ] GC(160) User=0.08s Sys=0.00s Real=0.03s
[7.011s][info][gc,start       ] GC(161) Pause Young (Normal) (G1 Evacuation Pause)
[7.011s][info][gc,task        ] GC(161) Using 4 workers of 4 for evacuation
[7.037s][info][gc,phases      ] GC(161)   Pre Evacuate Collection Set: 0.0ms
[7.037s][info][gc,phases      ] GC(161)   Merge Heap Roots: 0.1ms
[7.037s][info][gc,phases      ] GC(161)   Evacuate Collection Set: 24.9ms
[7.037s][info][gc,phases      ] GC(161)   Post Evacuate Collection Set: 0.2ms
[7.037s][info][gc,phases      ] GC(161)   Other: 0.1ms
[7.037s][info][gc,heap        ] GC(161) Eden regions: 48->0(41)
[7.037s][info][gc,heap        ] GC(161) Survivor regions: 9->8(8)
[7.037s][info][gc,heap        ] GC(161) Old regions: 154->166
[7.037s][info][gc,heap        ] GC(161) Archive regions: 0->0
[7.037s][info][gc,heap        ] GC(161) Humongous regions: 36->36
[7.037s][info][gc,metaspace   ] GC(161) Metaspace: 479K(640K)->479K(640K) NonClass: 444K(512K)->444K(512K) Class: 34K(128K)->34K(128K)
[7.037s][info][gc             ] GC(161) Pause Young (Normal) (G1 Evacuation Pause) 244M->207M(300M) 25.715ms
[7.037s][info][gc,cpu         ] GC(161) User=0.13s Sys=0.00s Real=0.03s
[7.085s][info][gc,start       ] GC(162) Pause Young (Normal) (G1 Evacuation Pause)
[7.085s][info][gc,task        ] GC(162) Using 4 workers of 4 for evacuation
[7.105s][info][gc,phases      ] GC(162)   Pre Evacuate Collection Set: 0.0ms
[7.105s][info][gc,phases      ] GC(162)   Merge Heap Roots: 0.0ms
[7.105s][info][gc,phases      ] GC(162)   Evacuate Collection Set: 20.4ms
[7.105s][info][gc,phases      ] GC(162)   Post Evacuate Collection Set: 0.2ms
[7.105s][info][gc,phases      ] GC(162)   Other: 0.1ms
[7.105s][info][gc,heap        ] GC(162) Eden regions: 41->0(35)
[7.106s][info][gc,heap        ] GC(162) Survivor regions: 8->7(7)
[7.106s][info][gc,heap        ] GC(162) Old regions: 166->176
[7.106s][info][gc,heap        ] GC(162) Archive regions: 0->0
[7.106s][info][gc,heap        ] GC(162) Humongous regions: 36->36
[7.106s][info][gc,metaspace   ] GC(162) Metaspace: 479K(640K)->479K(640K) NonClass: 444K(512K)->444K(512K) Class: 34K(128K)->34K(128K)
[7.106s][info][gc             ] GC(162) Pause Young (Normal) (G1 Evacuation Pause) 248M->216M(300M) 21.046ms
[7.106s][info][gc,cpu         ] GC(162) User=0.13s Sys=0.00s Real=0.02s
[7.142s][info][gc,start       ] GC(163) Pause Young (Normal) (G1 Evacuation Pause)
[7.142s][info][gc,task        ] GC(163) Using 4 workers of 4 for evacuation
[7.160s][info][gc,phases      ] GC(163)   Pre Evacuate Collection Set: 0.1ms
[7.160s][info][gc,phases      ] GC(163)   Merge Heap Roots: 0.0ms
[7.160s][info][gc,phases      ] GC(163)   Evacuate Collection Set: 17.8ms
[7.160s][info][gc,phases      ] GC(163)   Post Evacuate Collection Set: 0.2ms
[7.161s][info][gc,phases      ] GC(163)   Other: 0.2ms
[7.161s][info][gc,heap        ] GC(163) Eden regions: 35->0(29)
[7.161s][info][gc,heap        ] GC(163) Survivor regions: 7->6(6)
[7.161s][info][gc,heap        ] GC(163) Old regions: 176->185
[7.161s][info][gc,heap        ] GC(163) Archive regions: 0->0
[7.161s][info][gc,heap        ] GC(163) Humongous regions: 36->36
[7.161s][info][gc,metaspace   ] GC(163) Metaspace: 479K(640K)->479K(640K) NonClass: 444K(512K)->444K(512K) Class: 34K(128K)->34K(128K)
[7.161s][info][gc             ] GC(163) Pause Young (Normal) (G1 Evacuation Pause) 251M->224M(300M) 18.503ms
[7.161s][info][gc,cpu         ] GC(163) User=0.05s Sys=0.00s Real=0.02s
[7.189s][info][gc,start       ] GC(164) Pause Young (Normal) (G1 Evacuation Pause)
[7.189s][info][gc,task        ] GC(164) Using 4 workers of 4 for evacuation
[7.207s][info][gc,phases      ] GC(164)   Pre Evacuate Collection Set: 0.0ms
[7.207s][info][gc,phases      ] GC(164)   Merge Heap Roots: 0.0ms
[7.207s][info][gc,phases      ] GC(164)   Evacuate Collection Set: 16.9ms
[7.207s][info][gc,phases      ] GC(164)   Post Evacuate Collection Set: 0.2ms
[7.207s][info][gc,phases      ] GC(164)   Other: 0.1ms
[7.207s][info][gc,heap        ] GC(164) Eden regions: 29->0(24)
[7.207s][info][gc,heap        ] GC(164) Survivor regions: 6->5(5)
[7.207s][info][gc,heap        ] GC(164) Old regions: 185->193
[7.207s][info][gc,heap        ] GC(164) Archive regions: 0->0
[7.207s][info][gc,heap        ] GC(164) Humongous regions: 36->36
[7.207s][info][gc,metaspace   ] GC(164) Metaspace: 479K(640K)->479K(640K) NonClass: 444K(512K)->444K(512K) Class: 34K(128K)->34K(128K)
[7.207s][info][gc             ] GC(164) Pause Young (Normal) (G1 Evacuation Pause) 253M->230M(300M) 17.699ms
[7.207s][info][gc,cpu         ] GC(164) User=0.06s Sys=0.00s Real=0.02s
[7.234s][info][gc,start       ] GC(165) Pause Young (Normal) (G1 Evacuation Pause)
[7.234s][info][gc,task        ] GC(165) Using 4 workers of 4 for evacuation
[7.247s][info][gc,phases      ] GC(165)   Pre Evacuate Collection Set: 0.0ms
[7.247s][info][gc,phases      ] GC(165)   Merge Heap Roots: 0.0ms
[7.247s][info][gc,phases      ] GC(165)   Evacuate Collection Set: 12.7ms
[7.247s][info][gc,phases      ] GC(165)   Post Evacuate Collection Set: 0.2ms
[7.247s][info][gc,phases      ] GC(165)   Other: 0.1ms
[7.247s][info][gc,heap        ] GC(165) Eden regions: 24->0(21)
[7.247s][info][gc,heap        ] GC(165) Survivor regions: 5->4(4)
[7.247s][info][gc,heap        ] GC(165) Old regions: 193->199
[7.247s][info][gc,heap        ] GC(165) Archive regions: 0->0
[7.247s][info][gc,heap        ] GC(165) Humongous regions: 36->36
[7.247s][info][gc,metaspace   ] GC(165) Metaspace: 479K(640K)->479K(640K) NonClass: 444K(512K)->444K(512K) Class: 34K(128K)->34K(128K)
[7.247s][info][gc             ] GC(165) Pause Young (Normal) (G1 Evacuation Pause) 254M->235M(300M) 13.278ms
[7.247s][info][gc,cpu         ] GC(165) User=0.06s Sys=0.00s Real=0.01s
[7.270s][info][gc,start       ] GC(166) Pause Young (Normal) (G1 Evacuation Pause)
[7.270s][info][gc,task        ] GC(166) Using 4 workers of 4 for evacuation
[7.282s][info][gc,phases      ] GC(166)   Pre Evacuate Collection Set: 0.0ms
[7.282s][info][gc,phases      ] GC(166)   Merge Heap Roots: 0.0ms
[7.282s][info][gc,phases      ] GC(166)   Evacuate Collection Set: 11.4ms
[7.282s][info][gc,phases      ] GC(166)   Post Evacuate Collection Set: 0.2ms
[7.282s][info][gc,phases      ] GC(166)   Other: 0.2ms
[7.282s][info][gc,heap        ] GC(166) Eden regions: 21->0(17)
[7.282s][info][gc,heap        ] GC(166) Survivor regions: 4->4(4)
[7.282s][info][gc,heap        ] GC(166) Old regions: 199->204
[7.282s][info][gc,heap        ] GC(166) Archive regions: 0->0
[7.282s][info][gc,heap        ] GC(166) Humongous regions: 36->36
[7.282s][info][gc,metaspace   ] GC(166) Metaspace: 479K(640K)->479K(640K) NonClass: 444K(512K)->444K(512K) Class: 34K(128K)->34K(128K)
[7.282s][info][gc             ] GC(166) Pause Young (Normal) (G1 Evacuation Pause) 256M->240M(300M) 12.049ms
[7.282s][info][gc,cpu         ] GC(166) User=0.06s Sys=0.00s Real=0.01s
[7.299s][info][gc,start       ] GC(167) Pause Young (Normal) (G1 Evacuation Pause)
[7.299s][info][gc,task        ] GC(167) Using 4 workers of 4 for evacuation
[7.309s][info][gc,phases      ] GC(167)   Pre Evacuate Collection Set: 0.0ms
[7.309s][info][gc,phases      ] GC(167)   Merge Heap Roots: 0.0ms
[7.309s][info][gc,phases      ] GC(167)   Evacuate Collection Set: 9.6ms
[7.309s][info][gc,phases      ] GC(167)   Post Evacuate Collection Set: 0.2ms
[7.309s][info][gc,phases      ] GC(167)   Other: 0.1ms
[7.309s][info][gc,heap        ] GC(167) Eden regions: 17->0(14)
[7.309s][info][gc,heap        ] GC(167) Survivor regions: 4->3(3)
[7.309s][info][gc,heap        ] GC(167) Old regions: 204->209
[7.309s][info][gc,heap        ] GC(167) Archive regions: 0->0
[7.309s][info][gc,heap        ] GC(167) Humongous regions: 36->36
[7.309s][info][gc,metaspace   ] GC(167) Metaspace: 479K(640K)->479K(640K) NonClass: 444K(512K)->444K(512K) Class: 34K(128K)->34K(128K)
[7.309s][info][gc             ] GC(167) Pause Young (Normal) (G1 Evacuation Pause) 257M->244M(300M) 10.273ms
[7.309s][info][gc,cpu         ] GC(167) User=0.06s Sys=0.00s Real=0.01s
[7.323s][info][gc,start       ] GC(168) Pause Young (Normal) (G1 Evacuation Pause)
[7.323s][info][gc,task        ] GC(168) Using 4 workers of 4 for evacuation
[7.331s][info][gc,phases      ] GC(168)   Pre Evacuate Collection Set: 0.0ms
[7.331s][info][gc,phases      ] GC(168)   Merge Heap Roots: 0.0ms
[7.331s][info][gc,phases      ] GC(168)   Evacuate Collection Set: 8.1ms
[7.331s][info][gc,phases      ] GC(168)   Post Evacuate Collection Set: 0.2ms
[7.331s][info][gc,phases      ] GC(168)   Other: 0.2ms
[7.331s][info][gc,heap        ] GC(168) Eden regions: 14->0(12)
[7.331s][info][gc,heap        ] GC(168) Survivor regions: 3->3(3)
[7.331s][info][gc,heap        ] GC(168) Old regions: 209->212
[7.331s][info][gc,heap        ] GC(168) Archive regions: 0->0
[7.331s][info][gc,heap        ] GC(168) Humongous regions: 36->36
[7.331s][info][gc,metaspace   ] GC(168) Metaspace: 479K(640K)->479K(640K) NonClass: 444K(512K)->444K(512K) Class: 34K(128K)->34K(128K)
[7.331s][info][gc             ] GC(168) Pause Young (Normal) (G1 Evacuation Pause) 258M->248M(300M) 8.761ms
[7.331s][info][gc,cpu         ] GC(168) User=0.06s Sys=0.00s Real=0.01s
[7.352s][info][gc,marking     ] GC(158) Concurrent Mark From Roots 582.646ms
[7.352s][info][gc,marking     ] GC(158) Concurrent Preclean
[7.352s][info][gc,marking     ] GC(158) Concurrent Preclean 0.072ms
[7.352s][info][gc,start       ] GC(158) Pause Remark
[7.352s][info][gc             ] GC(158) Pause Remark 254M->254M(300M) 0.474ms
[7.352s][info][gc,cpu         ] GC(158) User=0.00s Sys=0.00s Real=0.00s
[7.353s][info][gc,marking     ] GC(158) Concurrent Mark 583.502ms
[7.353s][info][gc,marking     ] GC(158) Concurrent Rebuild Remembered Sets
[7.360s][info][gc,start       ] GC(169) Pause Young (Normal) (G1 Evacuation Pause)
[7.360s][info][gc,task        ] GC(169) Using 4 workers of 4 for evacuation
[7.364s][info][gc,phases      ] GC(169)   Pre Evacuate Collection Set: 0.0ms
[7.364s][info][gc,phases      ] GC(169)   Merge Heap Roots: 0.0ms
[7.364s][info][gc,phases      ] GC(169)   Evacuate Collection Set: 3.7ms
[7.364s][info][gc,phases      ] GC(169)   Post Evacuate Collection Set: 0.2ms
[7.364s][info][gc,phases      ] GC(169)   Other: 0.2ms
[7.364s][info][gc,heap        ] GC(169) Eden regions: 12->0(13)
[7.365s][info][gc,heap        ] GC(169) Survivor regions: 3->2(2)
[7.365s][info][gc,heap        ] GC(169) Old regions: 212->212
[7.365s][info][gc,heap        ] GC(169) Archive regions: 0->0
[7.365s][info][gc,heap        ] GC(169) Humongous regions: 36->36
[7.365s][info][gc,metaspace   ] GC(169) Metaspace: 479K(640K)->479K(640K) NonClass: 444K(512K)->444K(512K) Class: 34K(128K)->34K(128K)
[7.365s][info][gc             ] GC(169) Pause Young (Normal) (G1 Evacuation Pause) 260M->246M(300M) 4.393ms
[7.365s][info][gc,cpu         ] GC(169) User=0.00s Sys=0.00s Real=0.00s
[7.375s][info][gc,start       ] GC(170) Pause Young (Normal) (G1 Evacuation Pause)
[7.375s][info][gc,task        ] GC(170) Using 4 workers of 4 for evacuation
[7.380s][info][gc,phases      ] GC(170)   Pre Evacuate Collection Set: 0.0ms
[7.380s][info][gc,phases      ] GC(170)   Merge Heap Roots: 0.0ms
[7.380s][info][gc,phases      ] GC(170)   Evacuate Collection Set: 4.5ms
[7.380s][info][gc,phases      ] GC(170)   Post Evacuate Collection Set: 0.2ms
[7.380s][info][gc,phases      ] GC(170)   Other: 0.1ms
[7.380s][info][gc,heap        ] GC(170) Eden regions: 13->0(13)
[7.380s][info][gc,heap        ] GC(170) Survivor regions: 2->2(2)
[7.380s][info][gc,heap        ] GC(170) Old regions: 212->214
[7.380s][info][gc,heap        ] GC(170) Archive regions: 0->0
[7.380s][info][gc,heap        ] GC(170) Humongous regions: 36->36
[7.380s][info][gc,metaspace   ] GC(170) Metaspace: 479K(640K)->479K(640K) NonClass: 444K(512K)->444K(512K) Class: 34K(128K)->34K(128K)
[7.380s][info][gc             ] GC(170) Pause Young (Normal) (G1 Evacuation Pause) 259M->248M(300M) 5.141ms
[7.380s][info][gc,cpu         ] GC(170) User=0.00s Sys=0.00s Real=0.00s
[7.391s][info][gc,start       ] GC(171) Pause Young (Normal) (G1 Evacuation Pause)
[7.391s][info][gc,task        ] GC(171) Using 4 workers of 4 for evacuation
[7.398s][info][gc,phases      ] GC(171)   Pre Evacuate Collection Set: 0.0ms
[7.398s][info][gc,phases      ] GC(171)   Merge Heap Roots: 0.0ms
[7.398s][info][gc,phases      ] GC(171)   Evacuate Collection Set: 7.0ms
[7.398s][info][gc,phases      ] GC(171)   Post Evacuate Collection Set: 0.2ms
[7.398s][info][gc,phases      ] GC(171)   Other: 0.1ms
[7.398s][info][gc,heap        ] GC(171) Eden regions: 13->0(13)
[7.398s][info][gc,heap        ] GC(171) Survivor regions: 2->2(2)
[7.398s][info][gc,heap        ] GC(171) Old regions: 214->217
[7.398s][info][gc,heap        ] GC(171) Archive regions: 0->0
[7.398s][info][gc,heap        ] GC(171) Humongous regions: 36->36
[7.398s][info][gc,metaspace   ] GC(171) Metaspace: 479K(640K)->479K(640K) NonClass: 444K(512K)->444K(512K) Class: 34K(128K)->34K(128K)
[7.398s][info][gc             ] GC(171) Pause Young (Normal) (G1 Evacuation Pause) 261M->251M(300M) 7.577ms
[7.398s][info][gc,cpu         ] GC(171) User=0.00s Sys=0.00s Real=0.01s
[7.410s][info][gc,start       ] GC(172) Pause Young (Normal) (G1 Evacuation Pause)
[7.410s][info][gc,task        ] GC(172) Using 4 workers of 4 for evacuation
[7.418s][info][gc,phases      ] GC(172)   Pre Evacuate Collection Set: 0.0ms
[7.418s][info][gc,phases      ] GC(172)   Merge Heap Roots: 0.0ms
[7.418s][info][gc,phases      ] GC(172)   Evacuate Collection Set: 7.0ms
[7.418s][info][gc,phases      ] GC(172)   Post Evacuate Collection Set: 0.2ms
[7.418s][info][gc,phases      ] GC(172)   Other: 0.1ms
[7.418s][info][gc,heap        ] GC(172) Eden regions: 13->0(13)
[7.418s][info][gc,heap        ] GC(172) Survivor regions: 2->2(2)
[7.418s][info][gc,heap        ] GC(172) Old regions: 217->220
[7.418s][info][gc,heap        ] GC(172) Archive regions: 0->0
[7.418s][info][gc,heap        ] GC(172) Humongous regions: 36->36
[7.418s][info][gc,metaspace   ] GC(172) Metaspace: 479K(640K)->479K(640K) NonClass: 444K(512K)->444K(512K) Class: 34K(128K)->34K(128K)
[7.418s][info][gc             ] GC(172) Pause Young (Normal) (G1 Evacuation Pause) 264M->254M(300M) 7.572ms
[7.418s][info][gc,cpu         ] GC(172) User=0.00s Sys=0.00s Real=0.01s
[7.428s][info][gc,start       ] GC(173) Pause Young (Normal) (G1 Evacuation Pause)
[7.428s][info][gc,task        ] GC(173) Using 4 workers of 4 for evacuation
[7.436s][info][gc,phases      ] GC(173)   Pre Evacuate Collection Set: 0.0ms
[7.436s][info][gc,phases      ] GC(173)   Merge Heap Roots: 0.0ms
[7.436s][info][gc,phases      ] GC(173)   Evacuate Collection Set: 7.1ms
[7.436s][info][gc,phases      ] GC(173)   Post Evacuate Collection Set: 0.2ms
[7.436s][info][gc,phases      ] GC(173)   Other: 0.1ms
[7.436s][info][gc,heap        ] GC(173) Eden regions: 13->0(13)
[7.436s][info][gc,heap        ] GC(173) Survivor regions: 2->2(2)
[7.436s][info][gc,heap        ] GC(173) Old regions: 220->222
[7.436s][info][gc,heap        ] GC(173) Archive regions: 0->0
[7.436s][info][gc,heap        ] GC(173) Humongous regions: 36->36
[7.436s][info][gc,metaspace   ] GC(173) Metaspace: 479K(640K)->479K(640K) NonClass: 444K(512K)->444K(512K) Class: 34K(128K)->34K(128K)
[7.436s][info][gc             ] GC(173) Pause Young (Normal) (G1 Evacuation Pause) 267M->257M(300M) 7.747ms
[7.436s][info][gc,cpu         ] GC(173) User=0.02s Sys=0.00s Real=0.01s
[7.447s][info][gc,start       ] GC(174) Pause Young (Normal) (G1 Evacuation Pause)
[7.447s][info][gc,task        ] GC(174) Using 4 workers of 4 for evacuation
[7.454s][info][gc,phases      ] GC(174)   Pre Evacuate Collection Set: 0.0ms
[7.454s][info][gc,phases      ] GC(174)   Merge Heap Roots: 0.0ms
[7.454s][info][gc,phases      ] GC(174)   Evacuate Collection Set: 6.7ms
[7.454s][info][gc,phases      ] GC(174)   Post Evacuate Collection Set: 0.2ms
[7.454s][info][gc,phases      ] GC(174)   Other: 0.1ms
[7.454s][info][gc,heap        ] GC(174) Eden regions: 13->0(13)
[7.454s][info][gc,heap        ] GC(174) Survivor regions: 2->2(2)
[7.454s][info][gc,heap        ] GC(174) Old regions: 222->225
[7.454s][info][gc,heap        ] GC(174) Archive regions: 0->0
[7.454s][info][gc,heap        ] GC(174) Humongous regions: 36->36
[7.454s][info][gc,metaspace   ] GC(174) Metaspace: 479K(640K)->479K(640K) NonClass: 444K(512K)->444K(512K) Class: 34K(128K)->34K(128K)
[7.454s][info][gc             ] GC(174) Pause Young (Normal) (G1 Evacuation Pause) 270M->260M(300M) 7.255ms
[7.454s][info][gc,cpu         ] GC(174) User=0.06s Sys=0.00s Real=0.01s
[7.466s][info][gc,start       ] GC(175) Pause Young (Normal) (G1 Evacuation Pause)
[7.466s][info][gc,task        ] GC(175) Using 4 workers of 4 for evacuation
[7.474s][info][gc,phases      ] GC(175)   Pre Evacuate Collection Set: 0.0ms
[7.474s][info][gc,phases      ] GC(175)   Merge Heap Roots: 0.0ms
[7.474s][info][gc,phases      ] GC(175)   Evacuate Collection Set: 7.5ms
[7.474s][info][gc,phases      ] GC(175)   Post Evacuate Collection Set: 0.3ms
[7.474s][info][gc,phases      ] GC(175)   Other: 0.1ms
[7.474s][info][gc,heap        ] GC(175) Eden regions: 13->0(13)
[7.474s][info][gc,heap        ] GC(175) Survivor regions: 2->2(2)
[7.474s][info][gc,heap        ] GC(175) Old regions: 225->228
[7.474s][info][gc,heap        ] GC(175) Archive regions: 0->0
[7.474s][info][gc,heap        ] GC(175) Humongous regions: 36->36
[7.474s][info][gc,metaspace   ] GC(175) Metaspace: 479K(640K)->479K(640K) NonClass: 444K(512K)->444K(512K) Class: 34K(128K)->34K(128K)
[7.474s][info][gc             ] GC(175) Pause Young (Normal) (G1 Evacuation Pause) 273M->263M(300M) 8.240ms
[7.474s][info][gc,cpu         ] GC(175) User=0.00s Sys=0.00s Real=0.01s
[7.485s][info][gc,start       ] GC(176) Pause Young (Normal) (G1 Evacuation Pause)
[7.485s][info][gc,task        ] GC(176) Using 4 workers of 4 for evacuation
[7.492s][info][gc,phases      ] GC(176)   Pre Evacuate Collection Set: 0.1ms
[7.492s][info][gc,phases      ] GC(176)   Merge Heap Roots: 0.0ms
[7.492s][info][gc,phases      ] GC(176)   Evacuate Collection Set: 6.7ms
[7.492s][info][gc,phases      ] GC(176)   Post Evacuate Collection Set: 0.2ms
[7.492s][info][gc,phases      ] GC(176)   Other: 0.1ms
[7.492s][info][gc,heap        ] GC(176) Eden regions: 13->0(13)
[7.492s][info][gc,heap        ] GC(176) Survivor regions: 2->2(2)
[7.492s][info][gc,heap        ] GC(176) Old regions: 228->231
[7.492s][info][gc,heap        ] GC(176) Archive regions: 0->0
[7.492s][info][gc,heap        ] GC(176) Humongous regions: 36->36
[7.492s][info][gc,metaspace   ] GC(176) Metaspace: 479K(640K)->479K(640K) NonClass: 444K(512K)->444K(512K) Class: 34K(128K)->34K(128K)
[7.492s][info][gc             ] GC(176) Pause Young (Normal) (G1 Evacuation Pause) 276M->265M(300M) 7.286ms
[7.492s][info][gc,cpu         ] GC(176) User=0.00s Sys=0.00s Real=0.01s
[7.502s][info][gc,start       ] GC(177) Pause Young (Normal) (G1 Evacuation Pause)
[7.503s][info][gc,task        ] GC(177) Using 4 workers of 4 for evacuation
[7.509s][info][gc,phases      ] GC(177)   Pre Evacuate Collection Set: 0.1ms
[7.509s][info][gc,phases      ] GC(177)   Merge Heap Roots: 0.0ms
[7.509s][info][gc,phases      ] GC(177)   Evacuate Collection Set: 6.2ms
[7.509s][info][gc,phases      ] GC(177)   Post Evacuate Collection Set: 0.2ms
[7.509s][info][gc,phases      ] GC(177)   Other: 0.1ms
[7.509s][info][gc,heap        ] GC(177) Eden regions: 13->0(13)
[7.509s][info][gc,heap        ] GC(177) Survivor regions: 2->2(2)
[7.509s][info][gc,heap        ] GC(177) Old regions: 231->234
[7.509s][info][gc,heap        ] GC(177) Archive regions: 0->0
[7.509s][info][gc,heap        ] GC(177) Humongous regions: 36->36
[7.509s][info][gc,metaspace   ] GC(177) Metaspace: 479K(640K)->479K(640K) NonClass: 444K(512K)->444K(512K) Class: 34K(128K)->34K(128K)
[7.509s][info][gc             ] GC(177) Pause Young (Normal) (G1 Evacuation Pause) 278M->268M(300M) 6.788ms
[7.509s][info][gc,cpu         ] GC(177) User=0.00s Sys=0.00s Real=0.01s
[7.522s][info][gc,start       ] GC(178) Pause Young (Normal) (G1 Evacuation Pause)
[7.522s][info][gc,task        ] GC(178) Using 4 workers of 4 for evacuation
[7.529s][info][gc,phases      ] GC(178)   Pre Evacuate Collection Set: 0.1ms
[7.529s][info][gc,phases      ] GC(178)   Merge Heap Roots: 0.1ms
[7.529s][info][gc,phases      ] GC(178)   Evacuate Collection Set: 7.0ms
[7.529s][info][gc,phases      ] GC(178)   Post Evacuate Collection Set: 0.2ms
[7.529s][info][gc,phases      ] GC(178)   Other: 0.1ms
[7.529s][info][gc,heap        ] GC(178) Eden regions: 13->0(13)
[7.529s][info][gc,heap        ] GC(178) Survivor regions: 2->2(2)
[7.529s][info][gc,heap        ] GC(178) Old regions: 234->237
[7.529s][info][gc,heap        ] GC(178) Archive regions: 0->0
[7.529s][info][gc,heap        ] GC(178) Humongous regions: 36->36
[7.529s][info][gc,metaspace   ] GC(178) Metaspace: 479K(640K)->479K(640K) NonClass: 444K(512K)->444K(512K) Class: 34K(128K)->34K(128K)
[7.529s][info][gc             ] GC(178) Pause Young (Normal) (G1 Evacuation Pause) 281M->271M(300M) 7.630ms
[7.529s][info][gc,cpu         ] GC(178) User=0.06s Sys=0.00s Real=0.01s
[7.540s][info][gc,start       ] GC(179) Pause Young (Normal) (G1 Evacuation Pause)
[7.540s][info][gc,task        ] GC(179) Using 4 workers of 4 for evacuation
[7.548s][info][gc,phases      ] GC(179)   Pre Evacuate Collection Set: 0.1ms
[7.548s][info][gc,phases      ] GC(179)   Merge Heap Roots: 0.0ms
[7.548s][info][gc,phases      ] GC(179)   Evacuate Collection Set: 7.3ms
[7.548s][info][gc,phases      ] GC(179)   Post Evacuate Collection Set: 0.2ms
[7.548s][info][gc,phases      ] GC(179)   Other: 0.1ms
[7.548s][info][gc,heap        ] GC(179) Eden regions: 13->0(13)
[7.548s][info][gc,heap        ] GC(179) Survivor regions: 2->2(2)
[7.548s][info][gc,heap        ] GC(179) Old regions: 237->239
[7.548s][info][gc,heap        ] GC(179) Archive regions: 0->0
[7.548s][info][gc,heap        ] GC(179) Humongous regions: 36->36
[7.548s][info][gc,metaspace   ] GC(179) Metaspace: 479K(640K)->479K(640K) NonClass: 444K(512K)->444K(512K) Class: 34K(128K)->34K(128K)
[7.548s][info][gc             ] GC(179) Pause Young (Normal) (G1 Evacuation Pause) 284M->274M(300M) 7.895ms
[7.548s][info][gc,cpu         ] GC(179) User=0.03s Sys=0.00s Real=0.01s
[7.558s][info][gc,start       ] GC(180) Pause Young (Normal) (G1 Evacuation Pause)
[7.558s][info][gc,task        ] GC(180) Using 4 workers of 4 for evacuation
[7.566s][info][gc,phases      ] GC(180)   Pre Evacuate Collection Set: 0.0ms
[7.566s][info][gc,phases      ] GC(180)   Merge Heap Roots: 0.0ms
[7.566s][info][gc,phases      ] GC(180)   Evacuate Collection Set: 7.1ms
[7.566s][info][gc,phases      ] GC(180)   Post Evacuate Collection Set: 0.2ms
[7.566s][info][gc,phases      ] GC(180)   Other: 0.1ms
[7.566s][info][gc,heap        ] GC(180) Eden regions: 13->0(13)
[7.566s][info][gc,heap        ] GC(180) Survivor regions: 2->2(2)
[7.566s][info][gc,heap        ] GC(180) Old regions: 239->242
[7.566s][info][gc,heap        ] GC(180) Archive regions: 0->0
[7.566s][info][gc,heap        ] GC(180) Humongous regions: 36->36
[7.566s][info][gc,metaspace   ] GC(180) Metaspace: 479K(640K)->479K(640K) NonClass: 444K(512K)->444K(512K) Class: 34K(128K)->34K(128K)
[7.566s][info][gc             ] GC(180) Pause Young (Normal) (G1 Evacuation Pause) 287M->277M(300M) 7.687ms
[7.566s][info][gc,cpu         ] GC(180) User=0.00s Sys=0.00s Real=0.01s
[7.577s][info][gc,start       ] GC(181) Pause Young (Normal) (G1 Evacuation Pause)
[7.577s][info][gc,task        ] GC(181) Using 4 workers of 4 for evacuation
[7.584s][info][gc,phases      ] GC(181)   Pre Evacuate Collection Set: 0.0ms
[7.584s][info][gc,phases      ] GC(181)   Merge Heap Roots: 0.0ms
[7.584s][info][gc,phases      ] GC(181)   Evacuate Collection Set: 6.9ms
[7.584s][info][gc,phases      ] GC(181)   Post Evacuate Collection Set: 0.2ms
[7.584s][info][gc,phases      ] GC(181)   Other: 0.1ms
[7.584s][info][gc,heap        ] GC(181) Eden regions: 13->0(13)
[7.584s][info][gc,heap        ] GC(181) Survivor regions: 2->2(2)
[7.584s][info][gc,heap        ] GC(181) Old regions: 242->245
[7.584s][info][gc,heap        ] GC(181) Archive regions: 0->0
[7.584s][info][gc,heap        ] GC(181) Humongous regions: 36->36
[7.584s][info][gc,metaspace   ] GC(181) Metaspace: 479K(640K)->479K(640K) NonClass: 444K(512K)->444K(512K) Class: 34K(128K)->34K(128K)
[7.584s][info][gc             ] GC(181) Pause Young (Normal) (G1 Evacuation Pause) 290M->279M(300M) 7.516ms
[7.584s][info][gc,cpu         ] GC(181) User=0.00s Sys=0.00s Real=0.01s
[7.594s][info][gc,start       ] GC(182) Pause Young (Normal) (G1 Preventive Collection)
[7.594s][info][gc,task        ] GC(182) Using 4 workers of 4 for evacuation
[7.600s][info][gc,phases      ] GC(182)   Pre Evacuate Collection Set: 0.0ms
[7.600s][info][gc,phases      ] GC(182)   Merge Heap Roots: 0.0ms
[7.600s][info][gc,phases      ] GC(182)   Evacuate Collection Set: 5.6ms
[7.600s][info][gc,phases      ] GC(182)   Post Evacuate Collection Set: 0.2ms
[7.600s][info][gc,phases      ] GC(182)   Other: 0.1ms
[7.600s][info][gc,heap        ] GC(182) Eden regions: 12->0(13)
[7.600s][info][gc,heap        ] GC(182) Survivor regions: 2->2(2)
[7.600s][info][gc,heap        ] GC(182) Old regions: 245->248
[7.600s][info][gc,heap        ] GC(182) Archive regions: 0->0
[7.600s][info][gc,heap        ] GC(182) Humongous regions: 36->36
[7.600s][info][gc,metaspace   ] GC(182) Metaspace: 479K(640K)->479K(640K) NonClass: 444K(512K)->444K(512K) Class: 34K(128K)->34K(128K)
[7.600s][info][gc             ] GC(182) Pause Young (Normal) (G1 Preventive Collection) 291M->282M(300M) 6.194ms
[7.600s][info][gc,cpu         ] GC(182) User=0.00s Sys=0.00s Real=0.01s
[7.608s][info][gc,start       ] GC(183) Pause Young (Normal) (G1 Preventive Collection)
[7.608s][info][gc,task        ] GC(183) Using 4 workers of 4 for evacuation
[7.613s][info][gc,phases      ] GC(183)   Pre Evacuate Collection Set: 0.0ms
[7.614s][info][gc,phases      ] GC(183)   Merge Heap Roots: 0.0ms
[7.614s][info][gc,phases      ] GC(183)   Evacuate Collection Set: 5.4ms
[7.614s][info][gc,phases      ] GC(183)   Post Evacuate Collection Set: 0.2ms
[7.614s][info][gc,phases      ] GC(183)   Other: 0.1ms
[7.614s][info][gc,heap        ] GC(183) Eden regions: 9->0(13)
[7.614s][info][gc,heap        ] GC(183) Survivor regions: 2->2(2)
[7.614s][info][gc,heap        ] GC(183) Old regions: 248->250
[7.614s][info][gc,heap        ] GC(183) Archive regions: 0->0
[7.614s][info][gc,heap        ] GC(183) Humongous regions: 36->36
[7.614s][info][gc,metaspace   ] GC(183) Metaspace: 479K(640K)->479K(640K) NonClass: 444K(512K)->444K(512K) Class: 34K(128K)->34K(128K)
[7.614s][info][gc             ] GC(183) Pause Young (Normal) (G1 Preventive Collection) 291M->284M(300M) 5.979ms
[7.614s][info][gc,cpu         ] GC(183) User=0.00s Sys=0.00s Real=0.01s
[7.620s][info][gc,start       ] GC(184) Pause Young (Normal) (G1 Preventive Collection)
[7.620s][info][gc,task        ] GC(184) Using 4 workers of 4 for evacuation
[7.626s][info][gc,phases      ] GC(184)   Pre Evacuate Collection Set: 0.0ms
[7.626s][info][gc,phases      ] GC(184)   Merge Heap Roots: 0.0ms
[7.626s][info][gc,phases      ] GC(184)   Evacuate Collection Set: 5.6ms
[7.626s][info][gc,phases      ] GC(184)   Post Evacuate Collection Set: 0.2ms
[7.626s][info][gc,phases      ] GC(184)   Other: 0.1ms
[7.626s][info][gc,heap        ] GC(184) Eden regions: 8->0(13)
[7.626s][info][gc,heap        ] GC(184) Survivor regions: 2->2(2)
[7.626s][info][gc,heap        ] GC(184) Old regions: 250->252
[7.626s][info][gc,heap        ] GC(184) Archive regions: 0->0
[7.626s][info][gc,heap        ] GC(184) Humongous regions: 36->36
[7.626s][info][gc,metaspace   ] GC(184) Metaspace: 479K(640K)->479K(640K) NonClass: 444K(512K)->444K(512K) Class: 34K(128K)->34K(128K)
[7.626s][info][gc             ] GC(184) Pause Young (Normal) (G1 Preventive Collection) 292M->286M(300M) 6.138ms
[7.626s][info][gc,cpu         ] GC(184) User=0.05s Sys=0.00s Real=0.01s
[7.631s][info][gc,start       ] GC(185) Pause Young (Normal) (G1 Preventive Collection)
[7.631s][info][gc,task        ] GC(185) Using 4 workers of 4 for evacuation
[7.636s][info][gc,phases      ] GC(185)   Pre Evacuate Collection Set: 0.0ms
[7.636s][info][gc,phases      ] GC(185)   Merge Heap Roots: 0.0ms
[7.636s][info][gc,phases      ] GC(185)   Evacuate Collection Set: 4.9ms
[7.636s][info][gc,phases      ] GC(185)   Post Evacuate Collection Set: 0.2ms
[7.636s][info][gc,phases      ] GC(185)   Other: 0.2ms
[7.636s][info][gc,heap        ] GC(185) Eden regions: 6->0(13)
[7.636s][info][gc,heap        ] GC(185) Survivor regions: 2->2(2)
[7.636s][info][gc,heap        ] GC(185) Old regions: 252->254
[7.636s][info][gc,heap        ] GC(185) Archive regions: 0->0
[7.636s][info][gc,heap        ] GC(185) Humongous regions: 36->36
[7.636s][info][gc,metaspace   ] GC(185) Metaspace: 479K(640K)->479K(640K) NonClass: 444K(512K)->444K(512K) Class: 34K(128K)->34K(128K)
[7.636s][info][gc             ] GC(185) Pause Young (Normal) (G1 Preventive Collection) 292M->287M(300M) 5.533ms
[7.636s][info][gc,cpu         ] GC(185) User=0.00s Sys=0.00s Real=0.01s
[7.641s][info][gc,start       ] GC(186) Pause Young (Normal) (G1 Preventive Collection)
[7.641s][info][gc,task        ] GC(186) Using 4 workers of 4 for evacuation
[7.645s][info][gc,phases      ] GC(186)   Pre Evacuate Collection Set: 0.0ms
[7.645s][info][gc,phases      ] GC(186)   Merge Heap Roots: 0.0ms
[7.645s][info][gc,phases      ] GC(186)   Evacuate Collection Set: 4.3ms
[7.645s][info][gc,phases      ] GC(186)   Post Evacuate Collection Set: 0.2ms
[7.645s][info][gc,phases      ] GC(186)   Other: 0.1ms
[7.645s][info][gc,heap        ] GC(186) Eden regions: 5->0(13)
[7.645s][info][gc,heap        ] GC(186) Survivor regions: 2->2(2)
[7.645s][info][gc,heap        ] GC(186) Old regions: 254->255
[7.645s][info][gc,heap        ] GC(186) Archive regions: 0->0
[7.645s][info][gc,heap        ] GC(186) Humongous regions: 36->36
[7.645s][info][gc,metaspace   ] GC(186) Metaspace: 479K(640K)->479K(640K) NonClass: 444K(512K)->444K(512K) Class: 34K(128K)->34K(128K)
[7.645s][info][gc             ] GC(186) Pause Young (Normal) (G1 Preventive Collection) 292M->289M(300M) 4.935ms
[7.645s][info][gc,cpu         ] GC(186) User=0.00s Sys=0.00s Real=0.01s
[7.649s][info][gc,start       ] GC(187) Pause Young (Normal) (G1 Preventive Collection)
[7.649s][info][gc,task        ] GC(187) Using 4 workers of 4 for evacuation
[7.653s][info][gc,phases      ] GC(187)   Pre Evacuate Collection Set: 0.0ms
[7.653s][info][gc,phases      ] GC(187)   Merge Heap Roots: 0.0ms
[7.653s][info][gc,phases      ] GC(187)   Evacuate Collection Set: 3.6ms
[7.653s][info][gc,phases      ] GC(187)   Post Evacuate Collection Set: 0.2ms
[7.653s][info][gc,phases      ] GC(187)   Other: 0.1ms
[7.653s][info][gc,heap        ] GC(187) Eden regions: 4->0(13)
[7.653s][info][gc,heap        ] GC(187) Survivor regions: 2->2(2)
[7.653s][info][gc,heap        ] GC(187) Old regions: 255->255
[7.653s][info][gc,heap        ] GC(187) Archive regions: 0->0
[7.653s][info][gc,heap        ] GC(187) Humongous regions: 36->36
[7.653s][info][gc,metaspace   ] GC(187) Metaspace: 479K(640K)->479K(640K) NonClass: 444K(512K)->444K(512K) Class: 34K(128K)->34K(128K)
[7.653s][info][gc             ] GC(187) Pause Young (Normal) (G1 Preventive Collection) 293M->289M(300M) 4.276ms
[7.653s][info][gc,cpu         ] GC(187) User=0.05s Sys=0.00s Real=0.00s
[7.656s][info][gc,start       ] GC(188) Pause Young (Normal) (G1 Preventive Collection)
[7.656s][info][gc,task        ] GC(188) Using 4 workers of 4 for evacuation
[7.660s][info][gc,phases      ] GC(188)   Pre Evacuate Collection Set: 0.0ms
[7.660s][info][gc,phases      ] GC(188)   Merge Heap Roots: 0.0ms
[7.660s][info][gc,phases      ] GC(188)   Evacuate Collection Set: 3.7ms
[7.660s][info][gc,phases      ] GC(188)   Post Evacuate Collection Set: 0.2ms
[7.660s][info][gc,phases      ] GC(188)   Other: 0.1ms
[7.660s][info][gc,heap        ] GC(188) Eden regions: 4->0(13)
[7.661s][info][gc,heap        ] GC(188) Survivor regions: 2->2(2)
[7.661s][info][gc,heap        ] GC(188) Old regions: 255->256
[7.661s][info][gc,heap        ] GC(188) Archive regions: 0->0
[7.661s][info][gc,heap        ] GC(188) Humongous regions: 36->36
[7.661s][info][gc,metaspace   ] GC(188) Metaspace: 479K(640K)->479K(640K) NonClass: 444K(512K)->444K(512K) Class: 34K(128K)->34K(128K)
[7.661s][info][gc             ] GC(188) Pause Young (Normal) (G1 Preventive Collection) 293M->290M(300M) 4.300ms
[7.661s][info][gc,cpu         ] GC(188) User=0.00s Sys=0.00s Real=0.00s
[7.664s][info][gc,start       ] GC(189) Pause Young (Normal) (G1 Preventive Collection)
[7.664s][info][gc,task        ] GC(189) Using 4 workers of 4 for evacuation
[7.668s][info][gc,phases      ] GC(189)   Pre Evacuate Collection Set: 0.0ms
[7.668s][info][gc,phases      ] GC(189)   Merge Heap Roots: 0.0ms
[7.668s][info][gc,phases      ] GC(189)   Evacuate Collection Set: 3.7ms
[7.668s][info][gc,phases      ] GC(189)   Post Evacuate Collection Set: 0.2ms
[7.668s][info][gc,phases      ] GC(189)   Other: 0.1ms
[7.668s][info][gc,heap        ] GC(189) Eden regions: 3->0(13)
[7.668s][info][gc,heap        ] GC(189) Survivor regions: 2->2(2)
[7.668s][info][gc,heap        ] GC(189) Old regions: 256->257
[7.668s][info][gc,heap        ] GC(189) Archive regions: 0->0
[7.668s][info][gc,heap        ] GC(189) Humongous regions: 36->36
[7.668s][info][gc,metaspace   ] GC(189) Metaspace: 479K(640K)->479K(640K) NonClass: 444K(512K)->444K(512K) Class: 34K(128K)->34K(128K)
[7.668s][info][gc             ] GC(189) Pause Young (Normal) (G1 Preventive Collection) 293M->291M(300M) 4.283ms
[7.668s][info][gc,cpu         ] GC(189) User=0.00s Sys=0.02s Real=0.01s
[7.670s][info][gc,start       ] GC(190) Pause Young (Normal) (G1 Preventive Collection)
[7.670s][info][gc,task        ] GC(190) Using 4 workers of 4 for evacuation
[7.674s][info][gc,phases      ] GC(190)   Pre Evacuate Collection Set: 0.0ms
[7.674s][info][gc,phases      ] GC(190)   Merge Heap Roots: 0.0ms
[7.674s][info][gc,phases      ] GC(190)   Evacuate Collection Set: 3.8ms
[7.674s][info][gc,phases      ] GC(190)   Post Evacuate Collection Set: 0.2ms
[7.674s][info][gc,phases      ] GC(190)   Other: 0.1ms
[7.674s][info][gc,heap        ] GC(190) Eden regions: 2->0(13)
[7.674s][info][gc,heap        ] GC(190) Survivor regions: 2->2(2)
[7.674s][info][gc,heap        ] GC(190) Old regions: 257->258
[7.675s][info][gc,heap        ] GC(190) Archive regions: 0->0
[7.675s][info][gc,heap        ] GC(190) Humongous regions: 36->36
[7.675s][info][gc,metaspace   ] GC(190) Metaspace: 479K(640K)->479K(640K) NonClass: 444K(512K)->444K(512K) Class: 34K(128K)->34K(128K)
[7.675s][info][gc             ] GC(190) Pause Young (Normal) (G1 Preventive Collection) 293M->291M(300M) 4.385ms
[7.675s][info][gc,cpu         ] GC(190) User=0.00s Sys=0.00s Real=0.00s
[7.676s][info][gc,start       ] GC(191) Pause Young (Normal) (G1 Preventive Collection)
[7.676s][info][gc,task        ] GC(191) Using 4 workers of 4 for evacuation
[7.680s][info][gc,phases      ] GC(191)   Pre Evacuate Collection Set: 0.0ms
[7.680s][info][gc,phases      ] GC(191)   Merge Heap Roots: 0.0ms
[7.680s][info][gc,phases      ] GC(191)   Evacuate Collection Set: 3.3ms
[7.680s][info][gc,phases      ] GC(191)   Post Evacuate Collection Set: 0.2ms
[7.680s][info][gc,phases      ] GC(191)   Other: 0.1ms
[7.680s][info][gc,heap        ] GC(191) Eden regions: 2->0(13)
[7.680s][info][gc,heap        ] GC(191) Survivor regions: 2->2(2)
[7.680s][info][gc,heap        ] GC(191) Old regions: 258->258
[7.680s][info][gc,heap        ] GC(191) Archive regions: 0->0
[7.680s][info][gc,heap        ] GC(191) Humongous regions: 36->36
[7.680s][info][gc,metaspace   ] GC(191) Metaspace: 479K(640K)->479K(640K) NonClass: 444K(512K)->444K(512K) Class: 34K(128K)->34K(128K)
[7.680s][info][gc             ] GC(191) Pause Young (Normal) (G1 Preventive Collection) 293M->292M(300M) 3.828ms
[7.680s][info][gc,cpu         ] GC(191) User=0.00s Sys=0.00s Real=0.00s
[7.682s][info][gc,start       ] GC(192) Pause Young (Normal) (G1 Preventive Collection)
[7.682s][info][gc,task        ] GC(192) Using 4 workers of 4 for evacuation
[7.687s][info][gc             ] GC(192) To-space exhausted
[7.687s][info][gc,phases      ] GC(192)   Pre Evacuate Collection Set: 0.0ms
[7.687s][info][gc,phases      ] GC(192)   Merge Heap Roots: 0.0ms
[7.687s][info][gc,phases      ] GC(192)   Evacuate Collection Set: 3.8ms
[7.687s][info][gc,phases      ] GC(192)   Post Evacuate Collection Set: 0.8ms
[7.687s][info][gc,phases      ] GC(192)   Other: 0.2ms
[7.687s][info][gc,heap        ] GC(192) Eden regions: 2->0(13)
[7.687s][info][gc,heap        ] GC(192) Survivor regions: 2->2(2)
[7.687s][info][gc,heap        ] GC(192) Old regions: 258->260
[7.687s][info][gc,heap        ] GC(192) Archive regions: 0->0
[7.687s][info][gc,heap        ] GC(192) Humongous regions: 36->36
[7.687s][info][gc,metaspace   ] GC(192) Metaspace: 479K(640K)->479K(640K) NonClass: 444K(512K)->444K(512K) Class: 34K(128K)->34K(128K)
[7.687s][info][gc             ] GC(192) Pause Young (Normal) (G1 Preventive Collection) 294M->294M(300M) 4.995ms
[7.687s][info][gc,cpu         ] GC(192) User=0.05s Sys=0.00s Real=0.01s
[7.688s][info][gc,start       ] GC(193) Pause Young (Normal) (G1 Preventive Collection)
[7.688s][info][gc,task        ] GC(193) Using 4 workers of 4 for evacuation
[7.692s][info][gc             ] GC(193) To-space exhausted
[7.692s][info][gc,phases      ] GC(193)   Pre Evacuate Collection Set: 0.0ms
[7.692s][info][gc,phases      ] GC(193)   Merge Heap Roots: 0.0ms
[7.692s][info][gc,phases      ] GC(193)   Evacuate Collection Set: 3.0ms
[7.692s][info][gc,phases      ] GC(193)   Post Evacuate Collection Set: 0.9ms
[7.692s][info][gc,phases      ] GC(193)   Other: 0.1ms
[7.692s][info][gc,heap        ] GC(193) Eden regions: 1->0(14)
[7.692s][info][gc,heap        ] GC(193) Survivor regions: 2->1(1)
[7.692s][info][gc,heap        ] GC(193) Old regions: 260->262
[7.692s][info][gc,heap        ] GC(193) Archive regions: 0->0
[7.692s][info][gc,heap        ] GC(193) Humongous regions: 36->36
[7.692s][info][gc,metaspace   ] GC(193) Metaspace: 479K(640K)->479K(640K) NonClass: 444K(512K)->444K(512K) Class: 34K(128K)->34K(128K)
[7.693s][info][gc             ] GC(193) Pause Young (Normal) (G1 Preventive Collection) 295M->295M(300M) 4.403ms
[7.693s][info][gc,cpu         ] GC(193) User=0.00s Sys=0.00s Real=0.00s
[7.694s][info][gc,start       ] GC(194) Pause Young (Normal) (G1 Evacuation Pause)
[7.694s][info][gc,task        ] GC(194) Using 4 workers of 4 for evacuation
[7.700s][info][gc             ] GC(194) To-space exhausted
[7.700s][info][gc,phases      ] GC(194)   Pre Evacuate Collection Set: 0.0ms
[7.700s][info][gc,phases      ] GC(194)   Merge Heap Roots: 0.0ms
[7.700s][info][gc,phases      ] GC(194)   Evacuate Collection Set: 3.5ms
[7.700s][info][gc,phases      ] GC(194)   Post Evacuate Collection Set: 2.5ms
[7.700s][info][gc,phases      ] GC(194)   Other: 0.1ms
[7.700s][info][gc,heap        ] GC(194) Eden regions: 1->0(15)
[7.700s][info][gc,heap        ] GC(194) Survivor regions: 1->0(0)
[7.700s][info][gc,heap        ] GC(194) Old regions: 262->264
[7.700s][info][gc,heap        ] GC(194) Archive regions: 0->0
[7.700s][info][gc,heap        ] GC(194) Humongous regions: 36->36
[7.700s][info][gc,metaspace   ] GC(194) Metaspace: 479K(640K)->479K(640K) NonClass: 444K(512K)->444K(512K) Class: 34K(128K)->34K(128K)
[7.700s][info][gc             ] GC(194) Pause Young (Normal) (G1 Evacuation Pause) 296M->296M(300M) 6.365ms
[7.700s][info][gc,cpu         ] GC(194) User=0.03s Sys=0.00s Real=0.01s
[7.700s][info][gc,ergo        ] Attempting full compaction
[7.700s][info][gc,task        ] GC(195) Using 4 workers of 4 for full compaction
[7.700s][info][gc,start       ] GC(195) Pause Full (G1 Compaction Pause)
[7.701s][info][gc,phases,start] GC(195) Phase 1: Mark live objects
[7.753s][info][gc,phases      ] GC(195) Phase 1: Mark live objects 52.540ms
[7.753s][info][gc,phases,start] GC(195) Phase 2: Prepare for compaction
[7.758s][info][gc,phases      ] GC(195) Phase 2: Prepare for compaction 4.888ms
[7.758s][info][gc,phases,start] GC(195) Phase 3: Adjust pointers
[7.775s][info][gc,phases      ] GC(195) Phase 3: Adjust pointers 16.869ms
[7.775s][info][gc,phases,start] GC(195) Phase 4: Compact heap
[7.780s][info][gc,phases      ] GC(195) Phase 4: Compact heap 5.162ms
[7.781s][info][gc,heap        ] GC(195) Eden regions: 0->0(129)
[7.781s][info][gc,heap        ] GC(195) Survivor regions: 0->0(0)
[7.781s][info][gc,heap        ] GC(195) Old regions: 264->47
[7.781s][info][gc,heap        ] GC(195) Archive regions: 0->0
[7.781s][info][gc,heap        ] GC(195) Humongous regions: 36->36
[7.781s][info][gc,metaspace   ] GC(195) Metaspace: 479K(640K)->479K(640K) NonClass: 444K(512K)->444K(512K) Class: 34K(128K)->34K(128K)
[7.781s][info][gc             ] GC(195) Pause Full (G1 Compaction Pause) 296M->81M(300M) 80.451ms
[7.781s][info][gc,cpu         ] GC(195) User=0.30s Sys=0.00s Real=0.08s
[7.781s][info][gc,marking     ] GC(158) Concurrent Rebuild Remembered Sets 428.579ms
[7.781s][info][gc,marking     ] GC(158) Concurrent Mark Abort
[7.781s][info][gc             ] GC(158) Concurrent Mark Cycle 1032.442ms
[7.880s][info][gc,start       ] GC(196) Pause Young (Normal) (G1 Evacuation Pause)
[7.880s][info][gc,task        ] GC(196) Using 4 workers of 4 for evacuation
[7.916s][info][gc,phases      ] GC(196)   Pre Evacuate Collection Set: 0.1ms
[7.916s][info][gc,phases      ] GC(196)   Merge Heap Roots: 0.1ms
[7.916s][info][gc,phases      ] GC(196)   Evacuate Collection Set: 36.0ms
[7.916s][info][gc,phases      ] GC(196)   Post Evacuate Collection Set: 0.3ms
[7.916s][info][gc,phases      ] GC(196)   Other: 0.1ms
[7.916s][info][gc,heap        ] GC(196) Eden regions: 129->0(111)
[7.916s][info][gc,heap        ] GC(196) Survivor regions: 0->17(17)
[7.916s][info][gc,heap        ] GC(196) Old regions: 47->56
[7.916s][info][gc,heap        ] GC(196) Archive regions: 0->0
[7.916s][info][gc,heap        ] GC(196) Humongous regions: 36->36
[7.916s][info][gc,metaspace   ] GC(196) Metaspace: 479K(640K)->479K(640K) NonClass: 444K(512K)->444K(512K) Class: 34K(128K)->34K(128K)
[7.916s][info][gc             ] GC(196) Pause Young (Normal) (G1 Evacuation Pause) 210M->106M(300M) 36.743ms
[7.916s][info][gc,cpu         ] GC(196) User=0.09s Sys=0.00s Real=0.04s
[8.002s][info][gc,start       ] GC(197) Pause Young (Normal) (G1 Evacuation Pause)
[8.002s][info][gc,task        ] GC(197) Using 4 workers of 4 for evacuation
[8.057s][info][gc,phases      ] GC(197)   Pre Evacuate Collection Set: 0.1ms
[8.057s][info][gc,phases      ] GC(197)   Merge Heap Roots: 0.1ms
[8.057s][info][gc,phases      ] GC(197)   Evacuate Collection Set: 54.2ms
[8.057s][info][gc,phases      ] GC(197)   Post Evacuate Collection Set: 0.2ms
[8.057s][info][gc,phases      ] GC(197)   Other: 0.2ms
[8.057s][info][gc,heap        ] GC(197) Eden regions: 111->0(95)
[8.057s][info][gc,heap        ] GC(197) Survivor regions: 17->16(16)
[8.057s][info][gc,heap        ] GC(197) Old regions: 56->80
[8.057s][info][gc,heap        ] GC(197) Archive regions: 0->0
[8.057s][info][gc,heap        ] GC(197) Humongous regions: 36->36
[8.057s][info][gc,metaspace   ] GC(197) Metaspace: 479K(640K)->479K(640K) NonClass: 444K(512K)->444K(512K) Class: 34K(128K)->34K(128K)
[8.057s][info][gc             ] GC(197) Pause Young (Normal) (G1 Evacuation Pause) 217M->129M(300M) 55.050ms
[8.057s][info][gc,cpu         ] GC(197) User=0.16s Sys=0.00s Real=0.05s
[8.135s][info][gc,start       ] GC(198) Pause Young (Normal) (G1 Evacuation Pause)
[8.135s][info][gc,task        ] GC(198) Using 4 workers of 4 for evacuation
[8.179s][info][gc,phases      ] GC(198)   Pre Evacuate Collection Set: 0.1ms
[8.179s][info][gc,phases      ] GC(198)   Merge Heap Roots: 0.1ms
[8.179s][info][gc,phases      ] GC(198)   Evacuate Collection Set: 43.7ms
[8.179s][info][gc,phases      ] GC(198)   Post Evacuate Collection Set: 0.2ms
[8.179s][info][gc,phases      ] GC(198)   Other: 0.1ms
[8.179s][info][gc,heap        ] GC(198) Eden regions: 95->0(81)
[8.179s][info][gc,heap        ] GC(198) Survivor regions: 16->14(14)
[8.179s][info][gc,heap        ] GC(198) Old regions: 80->102
[8.179s][info][gc,heap        ] GC(198) Archive regions: 0->0
[8.179s][info][gc,heap        ] GC(198) Humongous regions: 36->36
[8.179s][info][gc,metaspace   ] GC(198) Metaspace: 479K(640K)->479K(640K) NonClass: 444K(512K)->444K(512K) Class: 34K(128K)->34K(128K)
[8.179s][info][gc             ] GC(198) Pause Young (Normal) (G1 Evacuation Pause) 224M->149M(300M) 44.656ms
[8.179s][info][gc,cpu         ] GC(198) User=0.17s Sys=0.00s Real=0.04s
[8.244s][info][gc,start       ] GC(199) Pause Young (Concurrent Start) (G1 Evacuation Pause)
[8.244s][info][gc,task        ] GC(199) Using 4 workers of 4 for evacuation
[8.285s][info][gc,phases      ] GC(199)   Pre Evacuate Collection Set: 0.0ms
[8.285s][info][gc,phases      ] GC(199)   Merge Heap Roots: 0.1ms
[8.285s][info][gc,phases      ] GC(199)   Evacuate Collection Set: 40.3ms
[8.285s][info][gc,phases      ] GC(199)   Post Evacuate Collection Set: 0.2ms
[8.285s][info][gc,phases      ] GC(199)   Other: 0.2ms
[8.285s][info][gc,heap        ] GC(199) Eden regions: 81->0(70)
[8.285s][info][gc,heap        ] GC(199) Survivor regions: 14->12(12)
[8.285s][info][gc,heap        ] GC(199) Old regions: 102->120
[8.285s][info][gc,heap        ] GC(199) Archive regions: 0->0
[8.285s][info][gc,heap        ] GC(199) Humongous regions: 36->36
[8.285s][info][gc,metaspace   ] GC(199) Metaspace: 479K(640K)->479K(640K) NonClass: 444K(512K)->444K(512K) Class: 34K(128K)->34K(128K)
[8.285s][info][gc             ] GC(199) Pause Young (Concurrent Start) (G1 Evacuation Pause) 230M->166M(300M) 41.020ms
[8.285s][info][gc,cpu         ] GC(199) User=0.17s Sys=0.00s Real=0.04s
[8.286s][info][gc             ] GC(200) Concurrent Mark Cycle
[8.286s][info][gc,marking     ] GC(200) Concurrent Clear Claimed Marks
[8.286s][info][gc,marking     ] GC(200) Concurrent Clear Claimed Marks 0.022ms
[8.286s][info][gc,marking     ] GC(200) Concurrent Scan Root Regions
[8.304s][info][gc,marking     ] GC(200) Concurrent Scan Root Regions 18.172ms
[8.304s][info][gc,marking     ] GC(200) Concurrent Mark
[8.304s][info][gc,marking     ] GC(200) Concurrent Mark From Roots
[8.304s][info][gc,task        ] GC(200) Using 1 workers of 1 for marking
[8.359s][info][gc,start       ] GC(201) Pause Young (Normal) (G1 Evacuation Pause)
[8.359s][info][gc,task        ] GC(201) Using 4 workers of 4 for evacuation
[8.397s][info][gc,phases      ] GC(201)   Pre Evacuate Collection Set: 0.0ms
[8.398s][info][gc,phases      ] GC(201)   Merge Heap Roots: 0.1ms
[8.398s][info][gc,phases      ] GC(201)   Evacuate Collection Set: 37.9ms
[8.398s][info][gc,phases      ] GC(201)   Post Evacuate Collection Set: 0.2ms
[8.398s][info][gc,phases      ] GC(201)   Other: 0.1ms
[8.398s][info][gc,heap        ] GC(201) Eden regions: 70->0(60)
[8.398s][info][gc,heap        ] GC(201) Survivor regions: 12->11(11)
[8.398s][info][gc,heap        ] GC(201) Old regions: 120->136
[8.398s][info][gc,heap        ] GC(201) Archive regions: 0->0
[8.398s][info][gc,heap        ] GC(201) Humongous regions: 36->36
[8.398s][info][gc,metaspace   ] GC(201) Metaspace: 479K(640K)->479K(640K) NonClass: 444K(512K)->444K(512K) Class: 34K(128K)->34K(128K)
[8.398s][info][gc             ] GC(201) Pause Young (Normal) (G1 Evacuation Pause) 236M->181M(300M) 38.655ms
[8.398s][info][gc,cpu         ] GC(201) User=0.13s Sys=0.00s Real=0.04s
[8.505s][info][gc,start       ] GC(202) Pause Young (Normal) (G1 Evacuation Pause)
[8.505s][info][gc,task        ] GC(202) Using 4 workers of 4 for evacuation
[8.538s][info][gc,phases      ] GC(202)   Pre Evacuate Collection Set: 0.1ms
[8.538s][info][gc,phases      ] GC(202)   Merge Heap Roots: 0.1ms
[8.538s][info][gc,phases      ] GC(202)   Evacuate Collection Set: 32.6ms
[8.538s][info][gc,phases      ] GC(202)   Post Evacuate Collection Set: 0.2ms
[8.538s][info][gc,phases      ] GC(202)   Other: 0.2ms
[8.538s][info][gc,heap        ] GC(202) Eden regions: 60->0(51)
[8.538s][info][gc,heap        ] GC(202) Survivor regions: 11->9(9)
[8.538s][info][gc,heap        ] GC(202) Old regions: 136->151
[8.538s][info][gc,heap        ] GC(202) Archive regions: 0->0
[8.539s][info][gc,heap        ] GC(202) Humongous regions: 36->36
[8.539s][info][gc,metaspace   ] GC(202) Metaspace: 479K(640K)->479K(640K) NonClass: 444K(512K)->444K(512K) Class: 34K(128K)->34K(128K)
[8.539s][info][gc             ] GC(202) Pause Young (Normal) (G1 Evacuation Pause) 241M->194M(300M) 33.291ms
[8.539s][info][gc,cpu         ] GC(202) User=0.09s Sys=0.00s Real=0.03s
[8.598s][info][gc,start       ] GC(203) Pause Young (Normal) (G1 Evacuation Pause)
[8.598s][info][gc,task        ] GC(203) Using 4 workers of 4 for evacuation
[8.630s][info][gc,phases      ] GC(203)   Pre Evacuate Collection Set: 0.1ms
[8.630s][info][gc,phases      ] GC(203)   Merge Heap Roots: 0.1ms
[8.630s][info][gc,phases      ] GC(203)   Evacuate Collection Set: 31.2ms
[8.630s][info][gc,phases      ] GC(203)   Post Evacuate Collection Set: 0.2ms
[8.630s][info][gc,phases      ] GC(203)   Other: 0.1ms
[8.630s][info][gc,heap        ] GC(203) Eden regions: 51->0(43)
[8.630s][info][gc,heap        ] GC(203) Survivor regions: 9->8(8)
[8.630s][info][gc,heap        ] GC(203) Old regions: 151->163
[8.630s][info][gc,heap        ] GC(203) Archive regions: 0->0
[8.630s][info][gc,heap        ] GC(203) Humongous regions: 36->36
[8.630s][info][gc,metaspace   ] GC(203) Metaspace: 479K(640K)->479K(640K) NonClass: 444K(512K)->444K(512K) Class: 34K(128K)->34K(128K)
[8.630s][info][gc             ] GC(203) Pause Young (Normal) (G1 Evacuation Pause) 245M->205M(300M) 31.962ms
[8.630s][info][gc,cpu         ] GC(203) User=0.09s Sys=0.00s Real=0.03s
[8.681s][info][gc,start       ] GC(204) Pause Young (Normal) (G1 Evacuation Pause)
[8.681s][info][gc,task        ] GC(204) Using 4 workers of 4 for evacuation
[8.704s][info][gc,phases      ] GC(204)   Pre Evacuate Collection Set: 0.1ms
[8.704s][info][gc,phases      ] GC(204)   Merge Heap Roots: 0.1ms
[8.704s][info][gc,phases      ] GC(204)   Evacuate Collection Set: 22.9ms
[8.704s][info][gc,phases      ] GC(204)   Post Evacuate Collection Set: 0.2ms
[8.704s][info][gc,phases      ] GC(204)   Other: 0.2ms
[8.704s][info][gc,heap        ] GC(204) Eden regions: 43->0(36)
[8.704s][info][gc,heap        ] GC(204) Survivor regions: 8->7(7)
[8.704s][info][gc,heap        ] GC(204) Old regions: 163->174
[8.704s][info][gc,heap        ] GC(204) Archive regions: 0->0
[8.704s][info][gc,heap        ] GC(204) Humongous regions: 36->36
[8.704s][info][gc,metaspace   ] GC(204) Metaspace: 479K(640K)->479K(640K) NonClass: 444K(512K)->444K(512K) Class: 34K(128K)->34K(128K)
[8.704s][info][gc             ] GC(204) Pause Young (Normal) (G1 Evacuation Pause) 248M->214M(300M) 23.655ms
[8.705s][info][gc,cpu         ] GC(204) User=0.09s Sys=0.00s Real=0.02s
[8.750s][info][gc,start       ] GC(205) Pause Young (Normal) (G1 Evacuation Pause)
[8.750s][info][gc,task        ] GC(205) Using 4 workers of 4 for evacuation
[8.775s][info][gc,phases      ] GC(205)   Pre Evacuate Collection Set: 0.1ms
[8.775s][info][gc,phases      ] GC(205)   Merge Heap Roots: 0.1ms
[8.775s][info][gc,phases      ] GC(205)   Evacuate Collection Set: 24.2ms
[8.775s][info][gc,phases      ] GC(205)   Post Evacuate Collection Set: 0.2ms
[8.775s][info][gc,phases      ] GC(205)   Other: 0.2ms
[8.775s][info][gc,heap        ] GC(205) Eden regions: 36->0(30)
[8.775s][info][gc,heap        ] GC(205) Survivor regions: 7->6(6)
[8.775s][info][gc,heap        ] GC(205) Old regions: 174->183
[8.775s][info][gc,heap        ] GC(205) Archive regions: 0->0
[8.775s][info][gc,heap        ] GC(205) Humongous regions: 36->36
[8.775s][info][gc,metaspace   ] GC(205) Metaspace: 479K(640K)->479K(640K) NonClass: 444K(512K)->444K(512K) Class: 34K(128K)->34K(128K)
[8.775s][info][gc             ] GC(205) Pause Young (Normal) (G1 Evacuation Pause) 250M->222M(300M) 24.921ms
[8.775s][info][gc,cpu         ] GC(205) User=0.03s Sys=0.00s Real=0.03s
[8.807s][info][gc,start       ] GC(206) Pause Young (Normal) (G1 Evacuation Pause)
[8.807s][info][gc,task        ] GC(206) Using 4 workers of 4 for evacuation
[8.824s][info][gc,phases      ] GC(206)   Pre Evacuate Collection Set: 0.0ms
[8.824s][info][gc,phases      ] GC(206)   Merge Heap Roots: 0.0ms
[8.824s][info][gc,phases      ] GC(206)   Evacuate Collection Set: 16.5ms
[8.824s][info][gc,phases      ] GC(206)   Post Evacuate Collection Set: 0.3ms
[8.824s][info][gc,phases      ] GC(206)   Other: 0.1ms
[8.824s][info][gc,heap        ] GC(206) Eden regions: 30->0(26)
[8.824s][info][gc,heap        ] GC(206) Survivor regions: 6->5(5)
[8.824s][info][gc,heap        ] GC(206) Old regions: 183->191
[8.824s][info][gc,heap        ] GC(206) Archive regions: 0->0
[8.824s][info][gc,heap        ] GC(206) Humongous regions: 36->36
[8.824s][info][gc,metaspace   ] GC(206) Metaspace: 479K(640K)->479K(640K) NonClass: 444K(512K)->444K(512K) Class: 34K(128K)->34K(128K)
[8.824s][info][gc             ] GC(206) Pause Young (Normal) (G1 Evacuation Pause) 252M->229M(300M) 17.300ms
[8.824s][info][gc,cpu         ] GC(206) User=0.06s Sys=0.02s Real=0.02s
[8.850s][info][gc,start       ] GC(207) Pause Young (Normal) (G1 Evacuation Pause)
[8.850s][info][gc,task        ] GC(207) Using 4 workers of 4 for evacuation
[8.864s][info][gc,phases      ] GC(207)   Pre Evacuate Collection Set: 0.0ms
[8.864s][info][gc,phases      ] GC(207)   Merge Heap Roots: 0.0ms
[8.864s][info][gc,phases      ] GC(207)   Evacuate Collection Set: 13.7ms
[8.864s][info][gc,phases      ] GC(207)   Post Evacuate Collection Set: 0.2ms
[8.864s][info][gc,phases      ] GC(207)   Other: 0.1ms
[8.864s][info][gc,heap        ] GC(207) Eden regions: 26->0(22)
[8.864s][info][gc,heap        ] GC(207) Survivor regions: 5->4(4)
[8.864s][info][gc,heap        ] GC(207) Old regions: 191->197
[8.864s][info][gc,heap        ] GC(207) Archive regions: 0->0
[8.864s][info][gc,heap        ] GC(207) Humongous regions: 36->36
[8.864s][info][gc,metaspace   ] GC(207) Metaspace: 479K(640K)->479K(640K) NonClass: 444K(512K)->444K(512K) Class: 34K(128K)->34K(128K)
[8.864s][info][gc             ] GC(207) Pause Young (Normal) (G1 Evacuation Pause) 255M->235M(300M) 14.304ms
[8.864s][info][gc,cpu         ] GC(207) User=0.06s Sys=0.00s Real=0.01s
[8.878s][info][gc,marking     ] GC(200) Concurrent Mark From Roots 573.925ms
[8.878s][info][gc,marking     ] GC(200) Concurrent Preclean
[8.878s][info][gc,marking     ] GC(200) Concurrent Preclean 0.098ms
[8.878s][info][gc,start       ] GC(200) Pause Remark
[8.878s][info][gc             ] GC(200) Pause Remark 249M->249M(300M) 0.367ms
[8.878s][info][gc,cpu         ] GC(200) User=0.00s Sys=0.00s Real=0.00s
[8.878s][info][gc,marking     ] GC(200) Concurrent Mark 574.646ms
[8.879s][info][gc,marking     ] GC(200) Concurrent Rebuild Remembered Sets
[8.886s][info][gc,start       ] GC(208) Pause Young (Normal) (G1 Evacuation Pause)
[8.886s][info][gc,task        ] GC(208) Using 4 workers of 4 for evacuation
[8.896s][info][gc,phases      ] GC(208)   Pre Evacuate Collection Set: 0.0ms
[8.897s][info][gc,phases      ] GC(208)   Merge Heap Roots: 0.0ms
[8.897s][info][gc,phases      ] GC(208)   Evacuate Collection Set: 10.6ms
[8.897s][info][gc,phases      ] GC(208)   Post Evacuate Collection Set: 0.2ms
[8.897s][info][gc,phases      ] GC(208)   Other: 0.1ms
[8.897s][info][gc,heap        ] GC(208) Eden regions: 22->0(18)
[8.897s][info][gc,heap        ] GC(208) Survivor regions: 4->4(4)
[8.897s][info][gc,heap        ] GC(208) Old regions: 197->203
[8.897s][info][gc,heap        ] GC(208) Archive regions: 0->0
[8.897s][info][gc,heap        ] GC(208) Humongous regions: 36->36
[8.897s][info][gc,metaspace   ] GC(208) Metaspace: 479K(640K)->479K(640K) NonClass: 444K(512K)->444K(512K) Class: 34K(128K)->34K(128K)
[8.897s][info][gc             ] GC(208) Pause Young (Normal) (G1 Evacuation Pause) 257M->240M(300M) 11.185ms
[8.897s][info][gc,cpu         ] GC(208) User=0.06s Sys=0.00s Real=0.01s
[8.913s][info][gc,start       ] GC(209) Pause Young (Normal) (G1 Evacuation Pause)
[8.913s][info][gc,task        ] GC(209) Using 4 workers of 4 for evacuation
[8.923s][info][gc,phases      ] GC(209)   Pre Evacuate Collection Set: 0.0ms
[8.923s][info][gc,phases      ] GC(209)   Merge Heap Roots: 0.0ms
[8.923s][info][gc,phases      ] GC(209)   Evacuate Collection Set: 9.1ms
[8.923s][info][gc,phases      ] GC(209)   Post Evacuate Collection Set: 0.2ms
[8.923s][info][gc,phases      ] GC(209)   Other: 0.1ms
[8.923s][info][gc,heap        ] GC(209) Eden regions: 18->0(15)
[8.923s][info][gc,heap        ] GC(209) Survivor regions: 4->3(3)
[8.923s][info][gc,heap        ] GC(209) Old regions: 203->208
[8.923s][info][gc,heap        ] GC(209) Archive regions: 0->0
[8.923s][info][gc,heap        ] GC(209) Humongous regions: 36->36
[8.923s][info][gc,metaspace   ] GC(209) Metaspace: 479K(640K)->479K(640K) NonClass: 444K(512K)->444K(512K) Class: 34K(128K)->34K(128K)
[8.923s][info][gc             ] GC(209) Pause Young (Normal) (G1 Evacuation Pause) 258M->244M(300M) 9.822ms
[8.923s][info][gc,cpu         ] GC(209) User=0.06s Sys=0.00s Real=0.01s
[8.937s][info][gc,start       ] GC(210) Pause Young (Normal) (G1 Evacuation Pause)
[8.937s][info][gc,task        ] GC(210) Using 4 workers of 4 for evacuation
[8.947s][info][gc,phases      ] GC(210)   Pre Evacuate Collection Set: 0.1ms
[8.947s][info][gc,phases      ] GC(210)   Merge Heap Roots: 0.0ms
[8.947s][info][gc,phases      ] GC(210)   Evacuate Collection Set: 9.2ms
[8.947s][info][gc,phases      ] GC(210)   Post Evacuate Collection Set: 0.2ms
[8.947s][info][gc,phases      ] GC(210)   Other: 0.1ms
[8.947s][info][gc,heap        ] GC(210) Eden regions: 15->0(13)
[8.947s][info][gc,heap        ] GC(210) Survivor regions: 3->3(3)
[8.947s][info][gc,heap        ] GC(210) Old regions: 208->211
[8.947s][info][gc,heap        ] GC(210) Archive regions: 0->0
[8.947s][info][gc,heap        ] GC(210) Humongous regions: 36->36
[8.947s][info][gc,metaspace   ] GC(210) Metaspace: 479K(640K)->479K(640K) NonClass: 444K(512K)->444K(512K) Class: 34K(128K)->34K(128K)
[8.947s][info][gc             ] GC(210) Pause Young (Normal) (G1 Evacuation Pause) 259M->248M(300M) 9.785ms
[8.947s][info][gc,cpu         ] GC(210) User=0.00s Sys=0.00s Real=0.01s
[8.961s][info][gc,start       ] GC(211) Pause Young (Normal) (G1 Evacuation Pause)
[8.961s][info][gc,task        ] GC(211) Using 4 workers of 4 for evacuation
[8.966s][info][gc,phases      ] GC(211)   Pre Evacuate Collection Set: 0.0ms
[8.966s][info][gc,phases      ] GC(211)   Merge Heap Roots: 0.0ms
[8.966s][info][gc,phases      ] GC(211)   Evacuate Collection Set: 4.7ms
[8.966s][info][gc,phases      ] GC(211)   Post Evacuate Collection Set: 0.2ms
[8.966s][info][gc,phases      ] GC(211)   Other: 0.1ms
[8.966s][info][gc,heap        ] GC(211) Eden regions: 13->0(13)
[8.966s][info][gc,heap        ] GC(211) Survivor regions: 3->2(2)
[8.966s][info][gc,heap        ] GC(211) Old regions: 211->212
[8.966s][info][gc,heap        ] GC(211) Archive regions: 0->0
[8.966s][info][gc,heap        ] GC(211) Humongous regions: 36->36
[8.966s][info][gc,metaspace   ] GC(211) Metaspace: 479K(640K)->479K(640K) NonClass: 444K(512K)->444K(512K) Class: 34K(128K)->34K(128K)
[8.966s][info][gc             ] GC(211) Pause Young (Normal) (G1 Evacuation Pause) 261M->247M(300M) 5.283ms
[8.966s][info][gc,cpu         ] GC(211) User=0.06s Sys=0.00s Real=0.01s
[8.978s][info][gc,start       ] GC(212) Pause Young (Normal) (G1 Evacuation Pause)
[8.978s][info][gc,task        ] GC(212) Using 4 workers of 4 for evacuation
[8.985s][info][gc,phases      ] GC(212)   Pre Evacuate Collection Set: 0.0ms
[8.985s][info][gc,phases      ] GC(212)   Merge Heap Roots: 0.0ms
[8.985s][info][gc,phases      ] GC(212)   Evacuate Collection Set: 7.0ms
[8.985s][info][gc,phases      ] GC(212)   Post Evacuate Collection Set: 0.2ms
[8.985s][info][gc,phases      ] GC(212)   Other: 0.1ms
[8.985s][info][gc,heap        ] GC(212) Eden regions: 13->0(13)
[8.985s][info][gc,heap        ] GC(212) Survivor regions: 2->2(2)
[8.985s][info][gc,heap        ] GC(212) Old regions: 212->215
[8.985s][info][gc,heap        ] GC(212) Archive regions: 0->0
[8.986s][info][gc,heap        ] GC(212) Humongous regions: 36->36
[8.986s][info][gc,metaspace   ] GC(212) Metaspace: 479K(640K)->479K(640K) NonClass: 444K(512K)->444K(512K) Class: 34K(128K)->34K(128K)
[8.986s][info][gc             ] GC(212) Pause Young (Normal) (G1 Evacuation Pause) 260M->250M(300M) 7.793ms
[8.986s][info][gc,cpu         ] GC(212) User=0.06s Sys=0.00s Real=0.01s
[8.997s][info][gc,start       ] GC(213) Pause Young (Normal) (G1 Evacuation Pause)
[8.997s][info][gc,task        ] GC(213) Using 4 workers of 4 for evacuation
[9.004s][info][gc,phases      ] GC(213)   Pre Evacuate Collection Set: 0.0ms
[9.004s][info][gc,phases      ] GC(213)   Merge Heap Roots: 0.0ms
[9.004s][info][gc,phases      ] GC(213)   Evacuate Collection Set: 6.4ms
[9.004s][info][gc,phases      ] GC(213)   Post Evacuate Collection Set: 0.2ms
[9.004s][info][gc,phases      ] GC(213)   Other: 0.1ms
[9.004s][info][gc,heap        ] GC(213) Eden regions: 13->0(13)
[9.004s][info][gc,heap        ] GC(213) Survivor regions: 2->2(2)
[9.004s][info][gc,heap        ] GC(213) Old regions: 215->218
[9.004s][info][gc,heap        ] GC(213) Archive regions: 0->0
[9.004s][info][gc,heap        ] GC(213) Humongous regions: 36->36
[9.004s][info][gc,metaspace   ] GC(213) Metaspace: 479K(640K)->479K(640K) NonClass: 444K(512K)->444K(512K) Class: 34K(128K)->34K(128K)
[9.004s][info][gc             ] GC(213) Pause Young (Normal) (G1 Evacuation Pause) 263M->253M(300M) 7.072ms
[9.004s][info][gc,cpu         ] GC(213) User=0.00s Sys=0.00s Real=0.01s
[9.016s][info][gc,start       ] GC(214) Pause Young (Normal) (G1 Evacuation Pause)
[9.016s][info][gc,task        ] GC(214) Using 4 workers of 4 for evacuation
[9.023s][info][gc,phases      ] GC(214)   Pre Evacuate Collection Set: 0.0ms
[9.023s][info][gc,phases      ] GC(214)   Merge Heap Roots: 0.0ms
[9.023s][info][gc,phases      ] GC(214)   Evacuate Collection Set: 6.6ms
[9.023s][info][gc,phases      ] GC(214)   Post Evacuate Collection Set: 0.2ms
[9.023s][info][gc,phases      ] GC(214)   Other: 0.1ms
[9.023s][info][gc,heap        ] GC(214) Eden regions: 13->0(13)
[9.024s][info][gc,heap        ] GC(214) Survivor regions: 2->2(2)
[9.024s][info][gc,heap        ] GC(214) Old regions: 218->220
[9.024s][info][gc,heap        ] GC(214) Archive regions: 0->0
[9.024s][info][gc,heap        ] GC(214) Humongous regions: 36->36
[9.024s][info][gc,metaspace   ] GC(214) Metaspace: 479K(640K)->479K(640K) NonClass: 444K(512K)->444K(512K) Class: 34K(128K)->34K(128K)
[9.024s][info][gc             ] GC(214) Pause Young (Normal) (G1 Evacuation Pause) 266M->255M(300M) 7.273ms
[9.024s][info][gc,cpu         ] GC(214) User=0.00s Sys=0.00s Real=0.01s
[9.034s][info][gc,start       ] GC(215) Pause Young (Normal) (G1 Evacuation Pause)
[9.034s][info][gc,task        ] GC(215) Using 4 workers of 4 for evacuation
[9.041s][info][gc,phases      ] GC(215)   Pre Evacuate Collection Set: 0.0ms
[9.041s][info][gc,phases      ] GC(215)   Merge Heap Roots: 0.0ms
[9.041s][info][gc,phases      ] GC(215)   Evacuate Collection Set: 5.9ms
[9.041s][info][gc,phases      ] GC(215)   Post Evacuate Collection Set: 0.2ms
[9.041s][info][gc,phases      ] GC(215)   Other: 0.1ms
[9.041s][info][gc,heap        ] GC(215) Eden regions: 13->0(13)
[9.041s][info][gc,heap        ] GC(215) Survivor regions: 2->2(2)
[9.041s][info][gc,heap        ] GC(215) Old regions: 220->223
[9.041s][info][gc,heap        ] GC(215) Archive regions: 0->0
[9.041s][info][gc,heap        ] GC(215) Humongous regions: 36->36
[9.041s][info][gc,metaspace   ] GC(215) Metaspace: 479K(640K)->479K(640K) NonClass: 444K(512K)->444K(512K) Class: 34K(128K)->34K(128K)
[9.041s][info][gc             ] GC(215) Pause Young (Normal) (G1 Evacuation Pause) 268M->258M(300M) 6.500ms
[9.041s][info][gc,cpu         ] GC(215) User=0.00s Sys=0.00s Real=0.01s
[9.052s][info][gc,start       ] GC(216) Pause Young (Normal) (G1 Evacuation Pause)
[9.052s][info][gc,task        ] GC(216) Using 4 workers of 4 for evacuation
[9.059s][info][gc,phases      ] GC(216)   Pre Evacuate Collection Set: 0.0ms
[9.059s][info][gc,phases      ] GC(216)   Merge Heap Roots: 0.0ms
[9.059s][info][gc,phases      ] GC(216)   Evacuate Collection Set: 7.3ms
[9.059s][info][gc,phases      ] GC(216)   Post Evacuate Collection Set: 0.2ms
[9.059s][info][gc,phases      ] GC(216)   Other: 0.1ms
[9.059s][info][gc,heap        ] GC(216) Eden regions: 13->0(13)
[9.059s][info][gc,heap        ] GC(216) Survivor regions: 2->2(2)
[9.059s][info][gc,heap        ] GC(216) Old regions: 223->226
[9.059s][info][gc,heap        ] GC(216) Archive regions: 0->0
[9.059s][info][gc,heap        ] GC(216) Humongous regions: 36->36
[9.059s][info][gc,metaspace   ] GC(216) Metaspace: 479K(640K)->479K(640K) NonClass: 444K(512K)->444K(512K) Class: 34K(128K)->34K(128K)
[9.060s][info][gc             ] GC(216) Pause Young (Normal) (G1 Evacuation Pause) 271M->261M(300M) 8.009ms
[9.060s][info][gc,cpu         ] GC(216) User=0.06s Sys=0.00s Real=0.01s
[9.071s][info][gc,start       ] GC(217) Pause Young (Normal) (G1 Evacuation Pause)
[9.071s][info][gc,task        ] GC(217) Using 4 workers of 4 for evacuation
[9.078s][info][gc,phases      ] GC(217)   Pre Evacuate Collection Set: 0.0ms
[9.079s][info][gc,phases      ] GC(217)   Merge Heap Roots: 0.0ms
[9.079s][info][gc,phases      ] GC(217)   Evacuate Collection Set: 7.1ms
[9.079s][info][gc,phases      ] GC(217)   Post Evacuate Collection Set: 0.2ms
[9.079s][info][gc,phases      ] GC(217)   Other: 0.1ms
[9.079s][info][gc,heap        ] GC(217) Eden regions: 13->0(13)
[9.079s][info][gc,heap        ] GC(217) Survivor regions: 2->2(2)
[9.079s][info][gc,heap        ] GC(217) Old regions: 226->229
[9.079s][info][gc,heap        ] GC(217) Archive regions: 0->0
[9.079s][info][gc,heap        ] GC(217) Humongous regions: 36->36
[9.079s][info][gc,metaspace   ] GC(217) Metaspace: 479K(640K)->479K(640K) NonClass: 444K(512K)->444K(512K) Class: 34K(128K)->34K(128K)
[9.079s][info][gc             ] GC(217) Pause Young (Normal) (G1 Evacuation Pause) 274M->264M(300M) 7.747ms
[9.079s][info][gc,cpu         ] GC(217) User=0.06s Sys=0.00s Real=0.01s
[9.090s][info][gc,start       ] GC(218) Pause Young (Normal) (G1 Evacuation Pause)
[9.090s][info][gc,task        ] GC(218) Using 4 workers of 4 for evacuation
[9.097s][info][gc,phases      ] GC(218)   Pre Evacuate Collection Set: 0.0ms
[9.097s][info][gc,phases      ] GC(218)   Merge Heap Roots: 0.0ms
[9.097s][info][gc,phases      ] GC(218)   Evacuate Collection Set: 7.1ms
[9.097s][info][gc,phases      ] GC(218)   Post Evacuate Collection Set: 0.2ms
[9.097s][info][gc,phases      ] GC(218)   Other: 0.2ms
[9.097s][info][gc,heap        ] GC(218) Eden regions: 13->0(13)
[9.097s][info][gc,heap        ] GC(218) Survivor regions: 2->2(2)
[9.097s][info][gc,heap        ] GC(218) Old regions: 229->232
[9.097s][info][gc,heap        ] GC(218) Archive regions: 0->0
[9.098s][info][gc,heap        ] GC(218) Humongous regions: 36->36
[9.098s][info][gc,metaspace   ] GC(218) Metaspace: 479K(640K)->479K(640K) NonClass: 444K(512K)->444K(512K) Class: 34K(128K)->34K(128K)
[9.098s][info][gc             ] GC(218) Pause Young (Normal) (G1 Evacuation Pause) 277M->267M(300M) 7.747ms
[9.098s][info][gc,cpu         ] GC(218) User=0.00s Sys=0.02s Real=0.01s
[9.111s][info][gc,start       ] GC(219) Pause Young (Normal) (G1 Evacuation Pause)
[9.111s][info][gc,task        ] GC(219) Using 4 workers of 4 for evacuation
[9.118s][info][gc,phases      ] GC(219)   Pre Evacuate Collection Set: 0.0ms
[9.118s][info][gc,phases      ] GC(219)   Merge Heap Roots: 0.0ms
[9.118s][info][gc,phases      ] GC(219)   Evacuate Collection Set: 6.8ms
[9.118s][info][gc,phases      ] GC(219)   Post Evacuate Collection Set: 0.2ms
[9.118s][info][gc,phases      ] GC(219)   Other: 0.1ms
[9.118s][info][gc,heap        ] GC(219) Eden regions: 13->0(13)
[9.118s][info][gc,heap        ] GC(219) Survivor regions: 2->2(2)
[9.118s][info][gc,heap        ] GC(219) Old regions: 232->235
[9.118s][info][gc,heap        ] GC(219) Archive regions: 0->0
[9.118s][info][gc,heap        ] GC(219) Humongous regions: 36->36
[9.118s][info][gc,metaspace   ] GC(219) Metaspace: 479K(640K)->479K(640K) NonClass: 444K(512K)->444K(512K) Class: 34K(128K)->34K(128K)
[9.118s][info][gc             ] GC(219) Pause Young (Normal) (G1 Evacuation Pause) 280M->270M(300M) 7.522ms
[9.118s][info][gc,cpu         ] GC(219) User=0.00s Sys=0.00s Real=0.01s
[9.130s][info][gc,start       ] GC(220) Pause Young (Normal) (G1 Evacuation Pause)
[9.130s][info][gc,task        ] GC(220) Using 4 workers of 4 for evacuation
[9.137s][info][gc,phases      ] GC(220)   Pre Evacuate Collection Set: 0.1ms
[9.137s][info][gc,phases      ] GC(220)   Merge Heap Roots: 0.0ms
[9.137s][info][gc,phases      ] GC(220)   Evacuate Collection Set: 7.2ms
[9.137s][info][gc,phases      ] GC(220)   Post Evacuate Collection Set: 0.2ms
[9.137s][info][gc,phases      ] GC(220)   Other: 0.1ms
[9.138s][info][gc,heap        ] GC(220) Eden regions: 13->0(13)
[9.138s][info][gc,heap        ] GC(220) Survivor regions: 2->2(2)
[9.138s][info][gc,heap        ] GC(220) Old regions: 235->238
[9.138s][info][gc,heap        ] GC(220) Archive regions: 0->0
[9.138s][info][gc,heap        ] GC(220) Humongous regions: 36->36
[9.138s][info][gc,metaspace   ] GC(220) Metaspace: 479K(640K)->479K(640K) NonClass: 444K(512K)->444K(512K) Class: 34K(128K)->34K(128K)
[9.138s][info][gc             ] GC(220) Pause Young (Normal) (G1 Evacuation Pause) 283M->273M(300M) 7.817ms
[9.138s][info][gc,cpu         ] GC(220) User=0.06s Sys=0.00s Real=0.01s
[9.150s][info][gc,start       ] GC(221) Pause Young (Normal) (G1 Evacuation Pause)
[9.150s][info][gc,task        ] GC(221) Using 4 workers of 4 for evacuation
[9.156s][info][gc,phases      ] GC(221)   Pre Evacuate Collection Set: 0.0ms
[9.156s][info][gc,phases      ] GC(221)   Merge Heap Roots: 0.0ms
[9.156s][info][gc,phases      ] GC(221)   Evacuate Collection Set: 6.5ms
[9.156s][info][gc,phases      ] GC(221)   Post Evacuate Collection Set: 0.2ms
[9.156s][info][gc,phases      ] GC(221)   Other: 0.1ms
[9.156s][info][gc,heap        ] GC(221) Eden regions: 13->0(13)
[9.157s][info][gc,heap        ] GC(221) Survivor regions: 2->2(2)
[9.157s][info][gc,heap        ] GC(221) Old regions: 238->241
[9.157s][info][gc,heap        ] GC(221) Archive regions: 0->0
[9.157s][info][gc,heap        ] GC(221) Humongous regions: 36->36
[9.157s][info][gc,metaspace   ] GC(221) Metaspace: 479K(640K)->479K(640K) NonClass: 444K(512K)->444K(512K) Class: 34K(128K)->34K(128K)
[9.157s][info][gc             ] GC(221) Pause Young (Normal) (G1 Evacuation Pause) 286M->276M(300M) 7.085ms
[9.157s][info][gc,cpu         ] GC(221) User=0.05s Sys=0.00s Real=0.01s
[9.168s][info][gc,start       ] GC(222) Pause Young (Normal) (G1 Evacuation Pause)
[9.168s][info][gc,task        ] GC(222) Using 4 workers of 4 for evacuation
[9.175s][info][gc,phases      ] GC(222)   Pre Evacuate Collection Set: 0.0ms
[9.175s][info][gc,phases      ] GC(222)   Merge Heap Roots: 0.0ms
[9.175s][info][gc,phases      ] GC(222)   Evacuate Collection Set: 6.4ms
[9.175s][info][gc,phases      ] GC(222)   Post Evacuate Collection Set: 0.2ms
[9.175s][info][gc,phases      ] GC(222)   Other: 0.1ms
[9.175s][info][gc,heap        ] GC(222) Eden regions: 13->0(13)
[9.175s][info][gc,heap        ] GC(222) Survivor regions: 2->2(2)
[9.175s][info][gc,heap        ] GC(222) Old regions: 241->244
[9.175s][info][gc,heap        ] GC(222) Archive regions: 0->0
[9.175s][info][gc,heap        ] GC(222) Humongous regions: 36->36
[9.175s][info][gc,metaspace   ] GC(222) Metaspace: 479K(640K)->479K(640K) NonClass: 444K(512K)->444K(512K) Class: 34K(128K)->34K(128K)
[9.175s][info][gc             ] GC(222) Pause Young (Normal) (G1 Evacuation Pause) 289M->279M(300M) 6.990ms
[9.175s][info][gc,cpu         ] GC(222) User=0.00s Sys=0.00s Real=0.01s
[9.185s][info][gc,start       ] GC(223) Pause Young (Normal) (G1 Preventive Collection)
[9.185s][info][gc,task        ] GC(223) Using 4 workers of 4 for evacuation
[9.192s][info][gc,phases      ] GC(223)   Pre Evacuate Collection Set: 0.0ms
[9.192s][info][gc,phases      ] GC(223)   Merge Heap Roots: 0.0ms
[9.192s][info][gc,phases      ] GC(223)   Evacuate Collection Set: 6.3ms
[9.192s][info][gc,phases      ] GC(223)   Post Evacuate Collection Set: 0.2ms
[9.192s][info][gc,phases      ] GC(223)   Other: 0.1ms
[9.192s][info][gc,heap        ] GC(223) Eden regions: 12->0(13)
[9.192s][info][gc,heap        ] GC(223) Survivor regions: 2->2(2)
[9.192s][info][gc,heap        ] GC(223) Old regions: 244->246
[9.192s][info][gc,heap        ] GC(223) Archive regions: 0->0
[9.192s][info][gc,heap        ] GC(223) Humongous regions: 36->36
[9.192s][info][gc,metaspace   ] GC(223) Metaspace: 479K(640K)->479K(640K) NonClass: 444K(512K)->444K(512K) Class: 34K(128K)->34K(128K)
[9.192s][info][gc             ] GC(223) Pause Young (Normal) (G1 Preventive Collection) 291M->281M(300M) 7.009ms
[9.192s][info][gc,cpu         ] GC(223) User=0.00s Sys=0.00s Real=0.01s
[9.204s][info][gc,start       ] GC(224) Pause Young (Normal) (G1 Preventive Collection)
[9.204s][info][gc,task        ] GC(224) Using 4 workers of 4 for evacuation
[9.209s][info][gc,phases      ] GC(224)   Pre Evacuate Collection Set: 0.0ms
[9.209s][info][gc,phases      ] GC(224)   Merge Heap Roots: 0.0ms
[9.209s][info][gc,phases      ] GC(224)   Evacuate Collection Set: 5.3ms
[9.209s][info][gc,phases      ] GC(224)   Post Evacuate Collection Set: 0.2ms
[9.209s][info][gc,phases      ] GC(224)   Other: 0.1ms
[9.210s][info][gc,heap        ] GC(224) Eden regions: 11->0(13)
[9.210s][info][gc,heap        ] GC(224) Survivor regions: 2->2(2)
[9.210s][info][gc,heap        ] GC(224) Old regions: 246->249
[9.210s][info][gc,heap        ] GC(224) Archive regions: 0->0
[9.210s][info][gc,heap        ] GC(224) Humongous regions: 36->36
[9.210s][info][gc,metaspace   ] GC(224) Metaspace: 479K(640K)->479K(640K) NonClass: 444K(512K)->444K(512K) Class: 34K(128K)->34K(128K)
[9.210s][info][gc             ] GC(224) Pause Young (Normal) (G1 Preventive Collection) 292M->284M(300M) 5.993ms
[9.210s][info][gc,cpu         ] GC(224) User=0.00s Sys=0.00s Real=0.01s
[9.217s][info][gc,start       ] GC(225) Pause Young (Normal) (G1 Preventive Collection)
[9.217s][info][gc,task        ] GC(225) Using 4 workers of 4 for evacuation
[9.222s][info][gc,phases      ] GC(225)   Pre Evacuate Collection Set: 0.0ms
[9.222s][info][gc,phases      ] GC(225)   Merge Heap Roots: 0.0ms
[9.222s][info][gc,phases      ] GC(225)   Evacuate Collection Set: 4.7ms
[9.222s][info][gc,phases      ] GC(225)   Post Evacuate Collection Set: 0.2ms
[9.222s][info][gc,phases      ] GC(225)   Other: 0.1ms
[9.222s][info][gc,heap        ] GC(225) Eden regions: 8->0(13)
[9.222s][info][gc,heap        ] GC(225) Survivor regions: 2->2(2)
[9.222s][info][gc,heap        ] GC(225) Old regions: 249->251
[9.222s][info][gc,heap        ] GC(225) Archive regions: 0->0
[9.222s][info][gc,heap        ] GC(225) Humongous regions: 36->36
[9.222s][info][gc,metaspace   ] GC(225) Metaspace: 479K(640K)->479K(640K) NonClass: 444K(512K)->444K(512K) Class: 34K(128K)->34K(128K)
[9.222s][info][gc             ] GC(225) Pause Young (Normal) (G1 Preventive Collection) 292M->286M(300M) 5.401ms
[9.222s][info][gc,cpu         ] GC(225) User=0.00s Sys=0.00s Real=0.01s
[9.228s][info][gc,start       ] GC(226) Pause Young (Normal) (G1 Preventive Collection)
[9.228s][info][gc,task        ] GC(226) Using 4 workers of 4 for evacuation
[9.233s][info][gc,phases      ] GC(226)   Pre Evacuate Collection Set: 0.0ms
[9.233s][info][gc,phases      ] GC(226)   Merge Heap Roots: 0.0ms
[9.233s][info][gc,phases      ] GC(226)   Evacuate Collection Set: 4.3ms
[9.233s][info][gc,phases      ] GC(226)   Post Evacuate Collection Set: 0.2ms
[9.233s][info][gc,phases      ] GC(226)   Other: 0.1ms
[9.233s][info][gc,heap        ] GC(226) Eden regions: 7->0(13)
[9.233s][info][gc,heap        ] GC(226) Survivor regions: 2->2(2)
[9.233s][info][gc,heap        ] GC(226) Old regions: 251->253
[9.233s][info][gc,heap        ] GC(226) Archive regions: 0->0
[9.233s][info][gc,heap        ] GC(226) Humongous regions: 36->36
[9.233s][info][gc,metaspace   ] GC(226) Metaspace: 479K(640K)->479K(640K) NonClass: 444K(512K)->444K(512K) Class: 34K(128K)->34K(128K)
[9.233s][info][gc             ] GC(226) Pause Young (Normal) (G1 Preventive Collection) 293M->287M(300M) 5.074ms
[9.233s][info][gc,cpu         ] GC(226) User=0.06s Sys=0.00s Real=0.01s
[9.238s][info][gc,start       ] GC(227) Pause Young (Normal) (G1 Preventive Collection)
[9.238s][info][gc,task        ] GC(227) Using 4 workers of 4 for evacuation
[9.242s][info][gc,phases      ] GC(227)   Pre Evacuate Collection Set: 0.0ms
[9.242s][info][gc,phases      ] GC(227)   Merge Heap Roots: 0.0ms
[9.242s][info][gc,phases      ] GC(227)   Evacuate Collection Set: 4.0ms
[9.242s][info][gc,phases      ] GC(227)   Post Evacuate Collection Set: 0.2ms
[9.242s][info][gc,phases      ] GC(227)   Other: 0.1ms
[9.242s][info][gc,heap        ] GC(227) Eden regions: 6->0(13)
[9.242s][info][gc,heap        ] GC(227) Survivor regions: 2->2(2)
[9.242s][info][gc,heap        ] GC(227) Old regions: 253->254
[9.243s][info][gc,heap        ] GC(227) Archive regions: 0->0
[9.243s][info][gc,heap        ] GC(227) Humongous regions: 36->36
[9.243s][info][gc,metaspace   ] GC(227) Metaspace: 479K(640K)->479K(640K) NonClass: 444K(512K)->444K(512K) Class: 34K(128K)->34K(128K)
[9.243s][info][gc             ] GC(227) Pause Young (Normal) (G1 Preventive Collection) 293M->289M(300M) 4.587ms
[9.243s][info][gc,cpu         ] GC(227) User=0.00s Sys=0.00s Real=0.00s
[9.248s][info][gc,start       ] GC(228) Pause Young (Normal) (G1 Preventive Collection)
[9.248s][info][gc,task        ] GC(228) Using 4 workers of 4 for evacuation
[9.252s][info][gc,phases      ] GC(228)   Pre Evacuate Collection Set: 0.0ms
[9.252s][info][gc,phases      ] GC(228)   Merge Heap Roots: 0.0ms
[9.252s][info][gc,phases      ] GC(228)   Evacuate Collection Set: 3.7ms
[9.252s][info][gc,phases      ] GC(228)   Post Evacuate Collection Set: 0.2ms
[9.252s][info][gc,phases      ] GC(228)   Other: 0.1ms
[9.252s][info][gc,heap        ] GC(228) Eden regions: 5->0(13)
[9.252s][info][gc,heap        ] GC(228) Survivor regions: 2->2(2)
[9.252s][info][gc,heap        ] GC(228) Old regions: 254->255
[9.252s][info][gc,heap        ] GC(228) Archive regions: 0->0
[9.252s][info][gc,heap        ] GC(228) Humongous regions: 36->36
[9.252s][info][gc,metaspace   ] GC(228) Metaspace: 479K(640K)->479K(640K) NonClass: 444K(512K)->444K(512K) Class: 34K(128K)->34K(128K)
[9.252s][info][gc             ] GC(228) Pause Young (Normal) (G1 Preventive Collection) 294M->290M(300M) 4.236ms
[9.252s][info][gc,cpu         ] GC(228) User=0.00s Sys=0.00s Real=0.00s
[9.256s][info][gc,start       ] GC(229) Pause Young (Normal) (G1 Preventive Collection)
[9.256s][info][gc,task        ] GC(229) Using 4 workers of 4 for evacuation
[9.260s][info][gc,phases      ] GC(229)   Pre Evacuate Collection Set: 0.0ms
[9.260s][info][gc,phases      ] GC(229)   Merge Heap Roots: 0.0ms
[9.260s][info][gc,phases      ] GC(229)   Evacuate Collection Set: 3.5ms
[9.260s][info][gc,phases      ] GC(229)   Post Evacuate Collection Set: 0.2ms
[9.260s][info][gc,phases      ] GC(229)   Other: 0.1ms
[9.260s][info][gc,heap        ] GC(229) Eden regions: 4->0(13)
[9.260s][info][gc,heap        ] GC(229) Survivor regions: 2->2(2)
[9.260s][info][gc,heap        ] GC(229) Old regions: 255->255
[9.260s][info][gc,heap        ] GC(229) Archive regions: 0->0
[9.260s][info][gc,heap        ] GC(229) Humongous regions: 36->36
[9.260s][info][gc,metaspace   ] GC(229) Metaspace: 479K(640K)->479K(640K) NonClass: 444K(512K)->444K(512K) Class: 34K(128K)->34K(128K)
[9.260s][info][gc             ] GC(229) Pause Young (Normal) (G1 Preventive Collection) 294M->290M(300M) 4.096ms
[9.260s][info][gc,cpu         ] GC(229) User=0.00s Sys=0.00s Real=0.00s
[9.264s][info][gc,start       ] GC(230) Pause Young (Normal) (G1 Preventive Collection)
[9.264s][info][gc,task        ] GC(230) Using 4 workers of 4 for evacuation
[9.269s][info][gc             ] GC(230) To-space exhausted
[9.269s][info][gc,phases      ] GC(230)   Pre Evacuate Collection Set: 0.0ms
[9.269s][info][gc,phases      ] GC(230)   Merge Heap Roots: 0.0ms
[9.269s][info][gc,phases      ] GC(230)   Evacuate Collection Set: 4.1ms
[9.269s][info][gc,phases      ] GC(230)   Post Evacuate Collection Set: 0.6ms
[9.269s][info][gc,phases      ] GC(230)   Other: 0.2ms
[9.269s][info][gc,heap        ] GC(230) Eden regions: 4->0(13)
[9.269s][info][gc,heap        ] GC(230) Survivor regions: 2->2(2)
[9.269s][info][gc,heap        ] GC(230) Old regions: 255->257
[9.269s][info][gc,heap        ] GC(230) Archive regions: 0->0
[9.269s][info][gc,heap        ] GC(230) Humongous regions: 36->36
[9.269s][info][gc,metaspace   ] GC(230) Metaspace: 479K(640K)->479K(640K) NonClass: 444K(512K)->444K(512K) Class: 34K(128K)->34K(128K)
[9.269s][info][gc             ] GC(230) Pause Young (Normal) (G1 Preventive Collection) 294M->292M(300M) 5.144ms
[9.269s][info][gc,cpu         ] GC(230) User=0.00s Sys=0.00s Real=0.01s
[9.271s][info][gc,start       ] GC(231) Pause Young (Normal) (G1 Preventive Collection)
[9.271s][info][gc,task        ] GC(231) Using 4 workers of 4 for evacuation
[9.275s][info][gc,phases      ] GC(231)   Pre Evacuate Collection Set: 0.0ms
[9.275s][info][gc,phases      ] GC(231)   Merge Heap Roots: 0.0ms
[9.275s][info][gc,phases      ] GC(231)   Evacuate Collection Set: 3.7ms
[9.275s][info][gc,phases      ] GC(231)   Post Evacuate Collection Set: 0.2ms
[9.275s][info][gc,phases      ] GC(231)   Other: 0.1ms
[9.275s][info][gc,heap        ] GC(231) Eden regions: 2->0(13)
[9.275s][info][gc,heap        ] GC(231) Survivor regions: 2->2(2)
[9.275s][info][gc,heap        ] GC(231) Old regions: 257->258
[9.275s][info][gc,heap        ] GC(231) Archive regions: 0->0
[9.275s][info][gc,heap        ] GC(231) Humongous regions: 36->36
[9.275s][info][gc,metaspace   ] GC(231) Metaspace: 479K(640K)->479K(640K) NonClass: 444K(512K)->444K(512K) Class: 34K(128K)->34K(128K)
[9.275s][info][gc             ] GC(231) Pause Young (Normal) (G1 Preventive Collection) 294M->293M(300M) 4.289ms
[9.275s][info][gc,cpu         ] GC(231) User=0.00s Sys=0.00s Real=0.00s
[9.277s][info][gc,start       ] GC(232) Pause Young (Normal) (G1 Preventive Collection)
[9.277s][info][gc,task        ] GC(232) Using 4 workers of 4 for evacuation
[9.281s][info][gc,phases      ] GC(232)   Pre Evacuate Collection Set: 0.1ms
[9.281s][info][gc,phases      ] GC(232)   Merge Heap Roots: 0.0ms
[9.281s][info][gc,phases      ] GC(232)   Evacuate Collection Set: 3.4ms
[9.281s][info][gc,phases      ] GC(232)   Post Evacuate Collection Set: 0.2ms
[9.281s][info][gc,phases      ] GC(232)   Other: 0.1ms
[9.281s][info][gc,heap        ] GC(232) Eden regions: 2->0(14)
[9.281s][info][gc,heap        ] GC(232) Survivor regions: 2->1(2)
[9.281s][info][gc,heap        ] GC(232) Old regions: 258->259
[9.281s][info][gc,heap        ] GC(232) Archive regions: 0->0
[9.281s][info][gc,heap        ] GC(232) Humongous regions: 36->36
[9.281s][info][gc,metaspace   ] GC(232) Metaspace: 479K(640K)->479K(640K) NonClass: 444K(512K)->444K(512K) Class: 34K(128K)->34K(128K)
[9.281s][info][gc             ] GC(232) Pause Young (Normal) (G1 Preventive Collection) 295M->293M(300M) 3.925ms
[9.281s][info][gc,cpu         ] GC(232) User=0.00s Sys=0.00s Real=0.00s
[9.283s][info][gc,start       ] GC(233) Pause Young (Normal) (G1 Preventive Collection)
[9.283s][info][gc,task        ] GC(233) Using 4 workers of 4 for evacuation
[9.286s][info][gc,phases      ] GC(233)   Pre Evacuate Collection Set: 0.0ms
[9.286s][info][gc,phases      ] GC(233)   Merge Heap Roots: 0.0ms
[9.286s][info][gc,phases      ] GC(233)   Evacuate Collection Set: 2.6ms
[9.286s][info][gc,phases      ] GC(233)   Post Evacuate Collection Set: 0.2ms
[9.286s][info][gc,phases      ] GC(233)   Other: 0.1ms
[9.286s][info][gc,heap        ] GC(233) Eden regions: 2->0(13)
[9.286s][info][gc,heap        ] GC(233) Survivor regions: 1->2(2)
[9.286s][info][gc,heap        ] GC(233) Old regions: 259->259
[9.286s][info][gc,heap        ] GC(233) Archive regions: 0->0
[9.286s][info][gc,heap        ] GC(233) Humongous regions: 36->36
[9.286s][info][gc,metaspace   ] GC(233) Metaspace: 479K(640K)->479K(640K) NonClass: 444K(512K)->444K(512K) Class: 34K(128K)->34K(128K)
[9.286s][info][gc             ] GC(233) Pause Young (Normal) (G1 Preventive Collection) 295M->293M(300M) 3.173ms
[9.286s][info][gc,cpu         ] GC(233) User=0.00s Sys=0.00s Real=0.00s
[9.288s][info][gc,start       ] GC(234) Pause Young (Normal) (G1 Preventive Collection)
[9.288s][info][gc,task        ] GC(234) Using 4 workers of 4 for evacuation
[9.291s][info][gc,phases      ] GC(234)   Pre Evacuate Collection Set: 0.1ms
[9.291s][info][gc,phases      ] GC(234)   Merge Heap Roots: 0.0ms
[9.291s][info][gc,phases      ] GC(234)   Evacuate Collection Set: 2.7ms
[9.291s][info][gc,phases      ] GC(234)   Post Evacuate Collection Set: 0.2ms
[9.291s][info][gc,phases      ] GC(234)   Other: 0.1ms
[9.291s][info][gc,heap        ] GC(234) Eden regions: 1->0(14)
[9.291s][info][gc,heap        ] GC(234) Survivor regions: 2->1(2)
[9.291s][info][gc,heap        ] GC(234) Old regions: 259->260
[9.291s][info][gc,heap        ] GC(234) Archive regions: 0->0
[9.291s][info][gc,heap        ] GC(234) Humongous regions: 36->36
[9.291s][info][gc,metaspace   ] GC(234) Metaspace: 479K(640K)->479K(640K) NonClass: 444K(512K)->444K(512K) Class: 34K(128K)->34K(128K)
[9.291s][info][gc             ] GC(234) Pause Young (Normal) (G1 Preventive Collection) 294M->294M(300M) 3.284ms
[9.291s][info][gc,cpu         ] GC(234) User=0.00s Sys=0.00s Real=0.00s
[9.292s][info][gc,start       ] GC(235) Pause Young (Normal) (G1 Preventive Collection)
[9.292s][info][gc,task        ] GC(235) Using 4 workers of 4 for evacuation
[9.295s][info][gc,phases      ] GC(235)   Pre Evacuate Collection Set: 0.0ms
[9.295s][info][gc,phases      ] GC(235)   Merge Heap Roots: 0.0ms
[9.295s][info][gc,phases      ] GC(235)   Evacuate Collection Set: 3.0ms
[9.295s][info][gc,phases      ] GC(235)   Post Evacuate Collection Set: 0.2ms
[9.295s][info][gc,phases      ] GC(235)   Other: 0.1ms
[9.295s][info][gc,heap        ] GC(235) Eden regions: 1->0(13)
[9.295s][info][gc,heap        ] GC(235) Survivor regions: 1->2(2)
[9.295s][info][gc,heap        ] GC(235) Old regions: 260->260
[9.295s][info][gc,heap        ] GC(235) Archive regions: 0->0
[9.295s][info][gc,heap        ] GC(235) Humongous regions: 36->36
[9.295s][info][gc,metaspace   ] GC(235) Metaspace: 479K(640K)->479K(640K) NonClass: 444K(512K)->444K(512K) Class: 34K(128K)->34K(128K)
[9.295s][info][gc             ] GC(235) Pause Young (Normal) (G1 Preventive Collection) 295M->294M(300M) 3.620ms
[9.295s][info][gc,cpu         ] GC(235) User=0.02s Sys=0.00s Real=0.00s
[9.296s][info][gc,start       ] GC(236) Pause Young (Normal) (G1 Preventive Collection)
[9.296s][info][gc,task        ] GC(236) Using 4 workers of 4 for evacuation
[9.300s][info][gc,phases      ] GC(236)   Pre Evacuate Collection Set: 0.0ms
[9.300s][info][gc,phases      ] GC(236)   Merge Heap Roots: 0.0ms
[9.300s][info][gc,phases      ] GC(236)   Evacuate Collection Set: 3.1ms
[9.300s][info][gc,phases      ] GC(236)   Post Evacuate Collection Set: 0.2ms
[9.300s][info][gc,phases      ] GC(236)   Other: 0.1ms
[9.300s][info][gc,heap        ] GC(236) Eden regions: 1->0(14)
[9.300s][info][gc,heap        ] GC(236) Survivor regions: 2->1(1)
[9.300s][info][gc,heap        ] GC(236) Old regions: 260->260
[9.300s][info][gc,heap        ] GC(236) Archive regions: 0->0
[9.300s][info][gc,heap        ] GC(236) Humongous regions: 36->36
[9.300s][info][gc,metaspace   ] GC(236) Metaspace: 479K(640K)->479K(640K) NonClass: 444K(512K)->444K(512K) Class: 34K(128K)->34K(128K)
[9.300s][info][gc             ] GC(236) Pause Young (Normal) (G1 Preventive Collection) 295M->294M(300M) 3.697ms
[9.300s][info][gc,cpu         ] GC(236) User=0.00s Sys=0.00s Real=0.00s
[9.301s][info][gc,start       ] GC(237) Pause Young (Normal) (G1 Preventive Collection)
[9.301s][info][gc,task        ] GC(237) Using 4 workers of 4 for evacuation
[9.305s][info][gc,phases      ] GC(237)   Pre Evacuate Collection Set: 0.0ms
[9.305s][info][gc,phases      ] GC(237)   Merge Heap Roots: 0.0ms
[9.305s][info][gc,phases      ] GC(237)   Evacuate Collection Set: 3.4ms
[9.305s][info][gc,phases      ] GC(237)   Post Evacuate Collection Set: 0.2ms
[9.305s][info][gc,phases      ] GC(237)   Other: 0.1ms
[9.305s][info][gc,heap        ] GC(237) Eden regions: 1->0(13)
[9.305s][info][gc,heap        ] GC(237) Survivor regions: 1->2(2)
[9.305s][info][gc,heap        ] GC(237) Old regions: 260->260
[9.305s][info][gc,heap        ] GC(237) Archive regions: 0->0
[9.305s][info][gc,heap        ] GC(237) Humongous regions: 36->36
[9.305s][info][gc,metaspace   ] GC(237) Metaspace: 479K(640K)->479K(640K) NonClass: 444K(512K)->444K(512K) Class: 34K(128K)->34K(128K)
[9.305s][info][gc             ] GC(237) Pause Young (Normal) (G1 Preventive Collection) 295M->294M(300M) 3.900ms
[9.305s][info][gc,cpu         ] GC(237) User=0.00s Sys=0.00s Real=0.00s
[9.306s][info][gc,start       ] GC(238) Pause Young (Normal) (G1 Preventive Collection)
[9.306s][info][gc,task        ] GC(238) Using 4 workers of 4 for evacuation
[9.310s][info][gc,phases      ] GC(238)   Pre Evacuate Collection Set: 0.0ms
[9.310s][info][gc,phases      ] GC(238)   Merge Heap Roots: 0.0ms
[9.310s][info][gc,phases      ] GC(238)   Evacuate Collection Set: 3.2ms
[9.310s][info][gc,phases      ] GC(238)   Post Evacuate Collection Set: 0.2ms
[9.310s][info][gc,phases      ] GC(238)   Other: 0.1ms
[9.310s][info][gc,heap        ] GC(238) Eden regions: 1->0(14)
[9.310s][info][gc,heap        ] GC(238) Survivor regions: 2->1(1)
[9.310s][info][gc,heap        ] GC(238) Old regions: 260->260
[9.310s][info][gc,heap        ] GC(238) Archive regions: 0->0
[9.310s][info][gc,heap        ] GC(238) Humongous regions: 36->36
[9.310s][info][gc,metaspace   ] GC(238) Metaspace: 479K(640K)->479K(640K) NonClass: 444K(512K)->444K(512K) Class: 34K(128K)->34K(128K)
[9.310s][info][gc             ] GC(238) Pause Young (Normal) (G1 Preventive Collection) 295M->294M(300M) 3.760ms
[9.310s][info][gc,cpu         ] GC(238) User=0.06s Sys=0.00s Real=0.00s
[9.311s][info][gc,start       ] GC(239) Pause Young (Normal) (G1 Preventive Collection)
[9.311s][info][gc,task        ] GC(239) Using 4 workers of 4 for evacuation
[9.314s][info][gc,phases      ] GC(239)   Pre Evacuate Collection Set: 0.0ms
[9.314s][info][gc,phases      ] GC(239)   Merge Heap Roots: 0.0ms
[9.314s][info][gc,phases      ] GC(239)   Evacuate Collection Set: 2.6ms
[9.314s][info][gc,phases      ] GC(239)   Post Evacuate Collection Set: 0.2ms
[9.314s][info][gc,phases      ] GC(239)   Other: 0.1ms
[9.314s][info][gc,heap        ] GC(239) Eden regions: 1->0(13)
[9.314s][info][gc,heap        ] GC(239) Survivor regions: 1->2(2)
[9.314s][info][gc,heap        ] GC(239) Old regions: 260->260
[9.314s][info][gc,heap        ] GC(239) Archive regions: 0->0
[9.314s][info][gc,heap        ] GC(239) Humongous regions: 36->36
[9.314s][info][gc,metaspace   ] GC(239) Metaspace: 479K(640K)->479K(640K) NonClass: 444K(512K)->444K(512K) Class: 34K(128K)->34K(128K)
[9.314s][info][gc             ] GC(239) Pause Young (Normal) (G1 Preventive Collection) 295M->295M(300M) 3.284ms
[9.314s][info][gc,cpu         ] GC(239) User=0.00s Sys=0.00s Real=0.00s
[9.316s][info][gc,start       ] GC(240) Pause Young (Normal) (G1 Preventive Collection)
[9.316s][info][gc,task        ] GC(240) Using 4 workers of 4 for evacuation
[9.320s][info][gc             ] GC(240) To-space exhausted
[9.320s][info][gc,phases      ] GC(240)   Pre Evacuate Collection Set: 0.0ms
[9.320s][info][gc,phases      ] GC(240)   Merge Heap Roots: 0.0ms
[9.320s][info][gc,phases      ] GC(240)   Evacuate Collection Set: 2.9ms
[9.320s][info][gc,phases      ] GC(240)   Post Evacuate Collection Set: 1.1ms
[9.320s][info][gc,phases      ] GC(240)   Other: 0.2ms
[9.320s][info][gc,heap        ] GC(240) Eden regions: 1->0(14)
[9.320s][info][gc,heap        ] GC(240) Survivor regions: 2->1(1)
[9.320s][info][gc,heap        ] GC(240) Old regions: 260->261
[9.320s][info][gc,heap        ] GC(240) Archive regions: 0->0
[9.320s][info][gc,heap        ] GC(240) Humongous regions: 36->36
[9.320s][info][gc,metaspace   ] GC(240) Metaspace: 479K(640K)->479K(640K) NonClass: 444K(512K)->444K(512K) Class: 34K(128K)->34K(128K)
[9.320s][info][gc             ] GC(240) Pause Young (Normal) (G1 Preventive Collection) 296M->295M(300M) 4.432ms
[9.320s][info][gc,cpu         ] GC(240) User=0.00s Sys=0.00s Real=0.00s
[9.321s][info][gc,start       ] GC(241) Pause Young (Normal) (G1 Preventive Collection)
[9.321s][info][gc,task        ] GC(241) Using 4 workers of 4 for evacuation
[9.327s][info][gc             ] GC(241) To-space exhausted
[9.327s][info][gc,phases      ] GC(241)   Pre Evacuate Collection Set: 0.1ms
[9.327s][info][gc,phases      ] GC(241)   Merge Heap Roots: 0.0ms
[9.327s][info][gc,phases      ] GC(241)   Evacuate Collection Set: 4.3ms
[9.327s][info][gc,phases      ] GC(241)   Post Evacuate Collection Set: 1.4ms
[9.327s][info][gc,phases      ] GC(241)   Other: 0.2ms
[9.327s][info][gc,heap        ] GC(241) Eden regions: 1->0(14)
[9.327s][info][gc,heap        ] GC(241) Survivor regions: 1->1(1)
[9.327s][info][gc,heap        ] GC(241) Old regions: 261->262
[9.327s][info][gc,heap        ] GC(241) Archive regions: 0->0
[9.327s][info][gc,heap        ] GC(241) Humongous regions: 36->36
[9.327s][info][gc,metaspace   ] GC(241) Metaspace: 479K(640K)->479K(640K) NonClass: 444K(512K)->444K(512K) Class: 34K(128K)->34K(128K)
[9.327s][info][gc             ] GC(241) Pause Young (Normal) (G1 Preventive Collection) 296M->296M(300M) 6.135ms
[9.327s][info][gc,cpu         ] GC(241) User=0.05s Sys=0.00s Real=0.01s
[9.329s][info][gc,start       ] GC(242) Pause Young (Normal) (G1 Evacuation Pause)
[9.329s][info][gc,task        ] GC(242) Using 4 workers of 4 for evacuation
[9.335s][info][gc             ] GC(242) To-space exhausted
[9.335s][info][gc,phases      ] GC(242)   Pre Evacuate Collection Set: 0.1ms
[9.335s][info][gc,phases      ] GC(242)   Merge Heap Roots: 0.0ms
[9.335s][info][gc,phases      ] GC(242)   Evacuate Collection Set: 3.1ms
[9.335s][info][gc,phases      ] GC(242)   Post Evacuate Collection Set: 3.0ms
[9.335s][info][gc,phases      ] GC(242)   Other: 0.2ms
[9.335s][info][gc,heap        ] GC(242) Eden regions: 1->0(15)
[9.335s][info][gc,heap        ] GC(242) Survivor regions: 1->0(0)
[9.335s][info][gc,heap        ] GC(242) Old regions: 262->264
[9.335s][info][gc,heap        ] GC(242) Archive regions: 0->0
[9.335s][info][gc,heap        ] GC(242) Humongous regions: 36->36
[9.335s][info][gc,metaspace   ] GC(242) Metaspace: 479K(640K)->479K(640K) NonClass: 444K(512K)->444K(512K) Class: 34K(128K)->34K(128K)
[9.335s][info][gc             ] GC(242) Pause Young (Normal) (G1 Evacuation Pause) 297M->297M(300M) 6.710ms
[9.335s][info][gc,cpu         ] GC(242) User=0.00s Sys=0.00s Real=0.01s
[9.335s][info][gc,ergo        ] Attempting full compaction
[9.335s][info][gc,task        ] GC(243) Using 4 workers of 4 for full compaction
[9.336s][info][gc,start       ] GC(243) Pause Full (G1 Compaction Pause)
[9.336s][info][gc,phases,start] GC(243) Phase 1: Mark live objects
[9.403s][info][gc,phases      ] GC(243) Phase 1: Mark live objects 67.508ms
[9.403s][info][gc,phases,start] GC(243) Phase 2: Prepare for compaction
[9.410s][info][gc,phases      ] GC(243) Phase 2: Prepare for compaction 6.767ms
[9.410s][info][gc,phases,start] GC(243) Phase 3: Adjust pointers
[9.434s][info][gc,phases      ] GC(243) Phase 3: Adjust pointers 23.773ms
[9.434s][info][gc,phases,start] GC(243) Phase 4: Compact heap
[9.441s][info][gc,phases      ] GC(243) Phase 4: Compact heap 7.166ms
[9.442s][info][gc,heap        ] GC(243) Eden regions: 0->0(128)
[9.442s][info][gc,heap        ] GC(243) Survivor regions: 0->0(0)
[9.442s][info][gc,heap        ] GC(243) Old regions: 264->48
[9.442s][info][gc,heap        ] GC(243) Archive regions: 0->0
[9.442s][info][gc,heap        ] GC(243) Humongous regions: 36->36
[9.442s][info][gc,metaspace   ] GC(243) Metaspace: 479K(640K)->479K(640K) NonClass: 444K(512K)->444K(512K) Class: 34K(128K)->34K(128K)
[9.442s][info][gc             ] GC(243) Pause Full (G1 Compaction Pause) 297M->82M(300M) 106.542ms
[9.442s][info][gc,cpu         ] GC(243) User=0.31s Sys=0.00s Real=0.11s
[9.443s][info][gc,marking     ] GC(200) Concurrent Rebuild Remembered Sets 564.008ms
[9.443s][info][gc,marking     ] GC(200) Concurrent Mark Abort
[9.443s][info][gc             ] GC(200) Concurrent Mark Cycle 1157.068ms
[9.552s][info][gc,start       ] GC(244) Pause Young (Normal) (G1 Evacuation Pause)
[9.552s][info][gc,task        ] GC(244) Using 4 workers of 4 for evacuation
[9.601s][info][gc,phases      ] GC(244)   Pre Evacuate Collection Set: 0.1ms
[9.601s][info][gc,phases      ] GC(244)   Merge Heap Roots: 0.1ms
[9.601s][info][gc,phases      ] GC(244)   Evacuate Collection Set: 48.8ms
[9.601s][info][gc,phases      ] GC(244)   Post Evacuate Collection Set: 0.2ms
[9.602s][info][gc,phases      ] GC(244)   Other: 0.2ms
[9.602s][info][gc,heap        ] GC(244) Eden regions: 128->0(110)
[9.602s][info][gc,heap        ] GC(244) Survivor regions: 0->16(16)
[9.602s][info][gc,heap        ] GC(244) Old regions: 48->58
[9.602s][info][gc,heap        ] GC(244) Archive regions: 0->0
[9.602s][info][gc,heap        ] GC(244) Humongous regions: 36->36
[9.602s][info][gc,metaspace   ] GC(244) Metaspace: 479K(640K)->479K(640K) NonClass: 444K(512K)->444K(512K) Class: 34K(128K)->34K(128K)
[9.602s][info][gc             ] GC(244) Pause Young (Normal) (G1 Evacuation Pause) 210M->108M(300M) 49.676ms
[9.602s][info][gc,cpu         ] GC(244) User=0.14s Sys=0.00s Real=0.05s
[9.738s][info][gc,start       ] GC(245) Pause Young (Normal) (G1 Evacuation Pause)
[9.738s][info][gc,task        ] GC(245) Using 4 workers of 4 for evacuation
[9.803s][info][gc,phases      ] GC(245)   Pre Evacuate Collection Set: 0.1ms
[9.803s][info][gc,phases      ] GC(245)   Merge Heap Roots: 0.1ms
[9.803s][info][gc,phases      ] GC(245)   Evacuate Collection Set: 64.5ms
[9.803s][info][gc,phases      ] GC(245)   Post Evacuate Collection Set: 0.3ms
[9.803s][info][gc,phases      ] GC(245)   Other: 0.2ms
[9.803s][info][gc,heap        ] GC(245) Eden regions: 110->0(94)
[9.803s][info][gc,heap        ] GC(245) Survivor regions: 16->16(16)
[9.803s][info][gc,heap        ] GC(245) Old regions: 58->81
[9.803s][info][gc,heap        ] GC(245) Archive regions: 0->0
[9.803s][info][gc,heap        ] GC(245) Humongous regions: 36->36
[9.803s][info][gc,metaspace   ] GC(245) Metaspace: 479K(640K)->479K(640K) NonClass: 444K(512K)->444K(512K) Class: 34K(128K)->34K(128K)
[9.803s][info][gc             ] GC(245) Pause Young (Normal) (G1 Evacuation Pause) 218M->130M(300M) 65.414ms
[9.803s][info][gc,cpu         ] GC(245) User=0.16s Sys=0.00s Real=0.07s
[9.926s][info][gc,start       ] GC(246) Pause Young (Normal) (G1 Evacuation Pause)
[9.927s][info][gc,task        ] GC(246) Using 4 workers of 4 for evacuation
[9.988s][info][gc,phases      ] GC(246)   Pre Evacuate Collection Set: 0.1ms
[9.989s][info][gc,phases      ] GC(246)   Merge Heap Roots: 0.1ms
[9.989s][info][gc,phases      ] GC(246)   Evacuate Collection Set: 61.5ms
[9.989s][info][gc,phases      ] GC(246)   Post Evacuate Collection Set: 0.2ms
[9.989s][info][gc,phases      ] GC(246)   Other: 0.2ms
[9.989s][info][gc,heap        ] GC(246) Eden regions: 94->0(81)
[9.989s][info][gc,heap        ] GC(246) Survivor regions: 16->14(14)
[9.989s][info][gc,heap        ] GC(246) Old regions: 81->102
[9.989s][info][gc,heap        ] GC(246) Archive regions: 0->0
[9.989s][info][gc,heap        ] GC(246) Humongous regions: 36->36
[9.989s][info][gc,metaspace   ] GC(246) Metaspace: 479K(640K)->479K(640K) NonClass: 444K(512K)->444K(512K) Class: 34K(128K)->34K(128K)
[9.989s][info][gc             ] GC(246) Pause Young (Normal) (G1 Evacuation Pause) 224M->150M(300M) 62.284ms
[9.989s][info][gc,cpu         ] GC(246) User=0.16s Sys=0.00s Real=0.06s
[10.063s][info][gc,start       ] GC(247) Pause Young (Concurrent Start) (G1 Evacuation Pause)
[10.063s][info][gc,task        ] GC(247) Using 4 workers of 4 for evacuation
[10.101s][info][gc,phases      ] GC(247)   Pre Evacuate Collection Set: 0.1ms
[10.101s][info][gc,phases      ] GC(247)   Merge Heap Roots: 0.1ms
[10.101s][info][gc,phases      ] GC(247)   Evacuate Collection Set: 37.3ms
[10.101s][info][gc,phases      ] GC(247)   Post Evacuate Collection Set: 0.2ms
[10.101s][info][gc,phases      ] GC(247)   Other: 0.1ms
[10.101s][info][gc,heap        ] GC(247) Eden regions: 81->0(69)
[10.101s][info][gc,heap        ] GC(247) Survivor regions: 14->12(12)
[10.101s][info][gc,heap        ] GC(247) Old regions: 102->121
[10.101s][info][gc,heap        ] GC(247) Archive regions: 0->0
[10.101s][info][gc,heap        ] GC(247) Humongous regions: 36->36
[10.101s][info][gc,metaspace   ] GC(247) Metaspace: 479K(640K)->479K(640K) NonClass: 444K(512K)->444K(512K) Class: 34K(128K)->34K(128K)
[10.102s][info][gc             ] GC(247) Pause Young (Concurrent Start) (G1 Evacuation Pause) 231M->167M(300M) 38.137ms
[10.102s][info][gc,cpu         ] GC(247) User=0.13s Sys=0.00s Real=0.04s
[10.102s][info][gc             ] GC(248) Concurrent Mark Cycle
[10.102s][info][gc,marking     ] GC(248) Concurrent Clear Claimed Marks
[10.102s][info][gc,marking     ] GC(248) Concurrent Clear Claimed Marks 0.025ms
[10.102s][info][gc,marking     ] GC(248) Concurrent Scan Root Regions
[10.129s][info][gc,marking     ] GC(248) Concurrent Scan Root Regions 27.335ms
[10.129s][info][gc,marking     ] GC(248) Concurrent Mark
[10.129s][info][gc,marking     ] GC(248) Concurrent Mark From Roots
[10.129s][info][gc,task        ] GC(248) Using 1 workers of 1 for marking
[10.190s][info][gc,start       ] GC(249) Pause Young (Normal) (G1 Evacuation Pause)
[10.190s][info][gc,task        ] GC(249) Using 4 workers of 4 for evacuation
[10.224s][info][gc,phases      ] GC(249)   Pre Evacuate Collection Set: 0.1ms
[10.224s][info][gc,phases      ] GC(249)   Merge Heap Roots: 0.1ms
[10.224s][info][gc,phases      ] GC(249)   Evacuate Collection Set: 33.2ms
[10.224s][info][gc,phases      ] GC(249)   Post Evacuate Collection Set: 0.4ms
[10.224s][info][gc,phases      ] GC(249)   Other: 0.2ms
[10.224s][info][gc,heap        ] GC(249) Eden regions: 69->0(59)
[10.224s][info][gc,heap        ] GC(249) Survivor regions: 12->11(11)
[10.224s][info][gc,heap        ] GC(249) Old regions: 121->137
[10.224s][info][gc,heap        ] GC(249) Archive regions: 0->0
[10.224s][info][gc,heap        ] GC(249) Humongous regions: 36->36
[10.224s][info][gc,metaspace   ] GC(249) Metaspace: 479K(640K)->479K(640K) NonClass: 444K(512K)->444K(512K) Class: 34K(128K)->34K(128K)
[10.224s][info][gc             ] GC(249) Pause Young (Normal) (G1 Evacuation Pause) 236M->182M(300M) 34.111ms
[10.224s][info][gc,cpu         ] GC(249) User=0.13s Sys=0.00s Real=0.03s
[10.309s][info][gc,start       ] GC(250) Pause Young (Normal) (G1 Evacuation Pause)
[10.309s][info][gc,task        ] GC(250) Using 4 workers of 4 for evacuation
[10.339s][info][gc,phases      ] GC(250)   Pre Evacuate Collection Set: 0.0ms
[10.339s][info][gc,phases      ] GC(250)   Merge Heap Roots: 0.1ms
[10.339s][info][gc,phases      ] GC(250)   Evacuate Collection Set: 29.8ms
[10.339s][info][gc,phases      ] GC(250)   Post Evacuate Collection Set: 0.3ms
[10.339s][info][gc,phases      ] GC(250)   Other: 0.2ms
[10.339s][info][gc,heap        ] GC(250) Eden regions: 59->0(50)
[10.339s][info][gc,heap        ] GC(250) Survivor regions: 11->9(9)
[10.339s][info][gc,heap        ] GC(250) Old regions: 137->152
[10.339s][info][gc,heap        ] GC(250) Archive regions: 0->0
[10.339s][info][gc,heap        ] GC(250) Humongous regions: 36->36
[10.339s][info][gc,metaspace   ] GC(250) Metaspace: 479K(640K)->479K(640K) NonClass: 444K(512K)->444K(512K) Class: 34K(128K)->34K(128K)
[10.339s][info][gc             ] GC(250) Pause Young (Normal) (G1 Evacuation Pause) 241M->195M(300M) 30.635ms
[10.339s][info][gc,cpu         ] GC(250) User=0.08s Sys=0.00s Real=0.03s
[10.405s][info][gc,start       ] GC(251) Pause Young (Normal) (G1 Evacuation Pause)
[10.405s][info][gc,task        ] GC(251) Using 4 workers of 4 for evacuation
[10.429s][info][gc,phases      ] GC(251)   Pre Evacuate Collection Set: 0.0ms
[10.430s][info][gc,phases      ] GC(251)   Merge Heap Roots: 0.1ms
[10.430s][info][gc,phases      ] GC(251)   Evacuate Collection Set: 24.2ms
[10.430s][info][gc,phases      ] GC(251)   Post Evacuate Collection Set: 0.2ms
[10.430s][info][gc,phases      ] GC(251)   Other: 0.1ms
[10.430s][info][gc,heap        ] GC(251) Eden regions: 50->0(42)
[10.430s][info][gc,heap        ] GC(251) Survivor regions: 9->8(8)
[10.430s][info][gc,heap        ] GC(251) Old regions: 152->164
[10.430s][info][gc,heap        ] GC(251) Archive regions: 0->0
[10.430s][info][gc,heap        ] GC(251) Humongous regions: 36->36
[10.430s][info][gc,metaspace   ] GC(251) Metaspace: 479K(640K)->479K(640K) NonClass: 444K(512K)->444K(512K) Class: 34K(128K)->34K(128K)
[10.430s][info][gc             ] GC(251) Pause Young (Normal) (G1 Evacuation Pause) 245M->206M(300M) 24.988ms
[10.430s][info][gc,cpu         ] GC(251) User=0.06s Sys=0.00s Real=0.02s
[10.479s][info][gc,start       ] GC(252) Pause Young (Normal) (G1 Evacuation Pause)
[10.479s][info][gc,task        ] GC(252) Using 4 workers of 4 for evacuation
[10.501s][info][gc,phases      ] GC(252)   Pre Evacuate Collection Set: 0.0ms
[10.501s][info][gc,phases      ] GC(252)   Merge Heap Roots: 0.1ms
[10.501s][info][gc,phases      ] GC(252)   Evacuate Collection Set: 21.1ms
[10.501s][info][gc,phases      ] GC(252)   Post Evacuate Collection Set: 0.2ms
[10.501s][info][gc,phases      ] GC(252)   Other: 0.1ms
[10.501s][info][gc,heap        ] GC(252) Eden regions: 42->0(36)
[10.501s][info][gc,heap        ] GC(252) Survivor regions: 8->7(7)
[10.501s][info][gc,heap        ] GC(252) Old regions: 164->174
[10.501s][info][gc,heap        ] GC(252) Archive regions: 0->0
[10.501s][info][gc,heap        ] GC(252) Humongous regions: 36->36
[10.501s][info][gc,metaspace   ] GC(252) Metaspace: 479K(640K)->479K(640K) NonClass: 444K(512K)->444K(512K) Class: 34K(128K)->34K(128K)
[10.501s][info][gc             ] GC(252) Pause Young (Normal) (G1 Evacuation Pause) 248M->215M(300M) 21.877ms
[10.501s][info][gc,cpu         ] GC(252) User=0.13s Sys=0.00s Real=0.02s
[10.546s][info][gc,start       ] GC(253) Pause Young (Normal) (G1 Evacuation Pause)
[10.546s][info][gc,task        ] GC(253) Using 4 workers of 4 for evacuation
[10.565s][info][gc,phases      ] GC(253)   Pre Evacuate Collection Set: 0.0ms
[10.565s][info][gc,phases      ] GC(253)   Merge Heap Roots: 0.0ms
[10.565s][info][gc,phases      ] GC(253)   Evacuate Collection Set: 18.4ms
[10.565s][info][gc,phases      ] GC(253)   Post Evacuate Collection Set: 0.2ms
[10.565s][info][gc,phases      ] GC(253)   Other: 0.2ms
[10.565s][info][gc,heap        ] GC(253) Eden regions: 36->0(30)
[10.565s][info][gc,heap        ] GC(253) Survivor regions: 7->6(6)
[10.565s][info][gc,heap        ] GC(253) Old regions: 174->183
[10.565s][info][gc,heap        ] GC(253) Archive regions: 0->0
[10.565s][info][gc,heap        ] GC(253) Humongous regions: 36->36
[10.565s][info][gc,metaspace   ] GC(253) Metaspace: 479K(640K)->479K(640K) NonClass: 444K(512K)->444K(512K) Class: 34K(128K)->34K(128K)
[10.565s][info][gc             ] GC(253) Pause Young (Normal) (G1 Evacuation Pause) 251M->223M(300M) 19.029ms
[10.565s][info][gc,cpu         ] GC(253) User=0.06s Sys=0.00s Real=0.02s
[10.601s][info][gc,start       ] GC(254) Pause Young (Normal) (G1 Evacuation Pause)
[10.601s][info][gc,task        ] GC(254) Using 4 workers of 4 for evacuation
[10.617s][info][gc,phases      ] GC(254)   Pre Evacuate Collection Set: 0.0ms
[10.617s][info][gc,phases      ] GC(254)   Merge Heap Roots: 0.0ms
[10.617s][info][gc,phases      ] GC(254)   Evacuate Collection Set: 15.5ms
[10.617s][info][gc,phases      ] GC(254)   Post Evacuate Collection Set: 0.2ms
[10.617s][info][gc,phases      ] GC(254)   Other: 0.1ms
[10.617s][info][gc,heap        ] GC(254) Eden regions: 30->0(26)
[10.617s][info][gc,heap        ] GC(254) Survivor regions: 6->5(5)
[10.617s][info][gc,heap        ] GC(254) Old regions: 183->191
[10.617s][info][gc,heap        ] GC(254) Archive regions: 0->0
[10.617s][info][gc,heap        ] GC(254) Humongous regions: 36->36
[10.617s][info][gc,metaspace   ] GC(254) Metaspace: 479K(640K)->479K(640K) NonClass: 444K(512K)->444K(512K) Class: 34K(128K)->34K(128K)
[10.617s][info][gc             ] GC(254) Pause Young (Normal) (G1 Evacuation Pause) 253M->230M(300M) 16.277ms
[10.617s][info][gc,cpu         ] GC(254) User=0.06s Sys=0.00s Real=0.02s
[10.646s][info][gc,start       ] GC(255) Pause Young (Normal) (G1 Evacuation Pause)
[10.646s][info][gc,task        ] GC(255) Using 4 workers of 4 for evacuation
[10.659s][info][gc,phases      ] GC(255)   Pre Evacuate Collection Set: 0.0ms
[10.660s][info][gc,phases      ] GC(255)   Merge Heap Roots: 0.0ms
[10.660s][info][gc,phases      ] GC(255)   Evacuate Collection Set: 13.1ms
[10.660s][info][gc,phases      ] GC(255)   Post Evacuate Collection Set: 0.2ms
[10.660s][info][gc,phases      ] GC(255)   Other: 0.2ms
[10.660s][info][gc,heap        ] GC(255) Eden regions: 26->0(21)
[10.660s][info][gc,heap        ] GC(255) Survivor regions: 5->4(4)
[10.660s][info][gc,heap        ] GC(255) Old regions: 191->198
[10.660s][info][gc,heap        ] GC(255) Archive regions: 0->0
[10.660s][info][gc,heap        ] GC(255) Humongous regions: 36->36
[10.660s][info][gc,metaspace   ] GC(255) Metaspace: 479K(640K)->479K(640K) NonClass: 444K(512K)->444K(512K) Class: 34K(128K)->34K(128K)
[10.660s][info][gc             ] GC(255) Pause Young (Normal) (G1 Evacuation Pause) 256M->236M(300M) 13.865ms
[10.660s][info][gc,cpu         ] GC(255) User=0.05s Sys=0.00s Real=0.01s
[10.684s][info][gc,start       ] GC(256) Pause Young (Normal) (G1 Evacuation Pause)
[10.684s][info][gc,task        ] GC(256) Using 4 workers of 4 for evacuation
[10.695s][info][gc,phases      ] GC(256)   Pre Evacuate Collection Set: 0.0ms
[10.695s][info][gc,phases      ] GC(256)   Merge Heap Roots: 0.0ms
[10.695s][info][gc,phases      ] GC(256)   Evacuate Collection Set: 10.6ms
[10.695s][info][gc,phases      ] GC(256)   Post Evacuate Collection Set: 0.2ms
[10.695s][info][gc,phases      ] GC(256)   Other: 0.1ms
[10.695s][info][gc,heap        ] GC(256) Eden regions: 21->0(18)
[10.695s][info][gc,heap        ] GC(256) Survivor regions: 4->4(4)
[10.695s][info][gc,heap        ] GC(256) Old regions: 198->203
[10.695s][info][gc,heap        ] GC(256) Archive regions: 0->0
[10.695s][info][gc,heap        ] GC(256) Humongous regions: 36->36
[10.695s][info][gc,metaspace   ] GC(256) Metaspace: 479K(640K)->479K(640K) NonClass: 444K(512K)->444K(512K) Class: 34K(128K)->34K(128K)
[10.695s][info][gc             ] GC(256) Pause Young (Normal) (G1 Evacuation Pause) 257M->241M(300M) 11.242ms
[10.695s][info][gc,cpu         ] GC(256) User=0.00s Sys=0.00s Real=0.01s
[10.715s][info][gc,start       ] GC(257) Pause Young (Normal) (G1 Evacuation Pause)
[10.715s][info][gc,task        ] GC(257) Using 4 workers of 4 for evacuation
[10.725s][info][gc,phases      ] GC(257)   Pre Evacuate Collection Set: 0.0ms
[10.725s][info][gc,phases      ] GC(257)   Merge Heap Roots: 0.0ms
[10.725s][info][gc,phases      ] GC(257)   Evacuate Collection Set: 9.7ms
[10.725s][info][gc,phases      ] GC(257)   Post Evacuate Collection Set: 0.2ms
[10.725s][info][gc,phases      ] GC(257)   Other: 0.1ms
[10.725s][info][gc,heap        ] GC(257) Eden regions: 18->0(15)
[10.725s][info][gc,heap        ] GC(257) Survivor regions: 4->3(3)
[10.725s][info][gc,heap        ] GC(257) Old regions: 203->208
[10.725s][info][gc,heap        ] GC(257) Archive regions: 0->0
[10.725s][info][gc,heap        ] GC(257) Humongous regions: 36->36
[10.725s][info][gc,metaspace   ] GC(257) Metaspace: 479K(640K)->479K(640K) NonClass: 444K(512K)->444K(512K) Class: 34K(128K)->34K(128K)
[10.725s][info][gc             ] GC(257) Pause Young (Normal) (G1 Evacuation Pause) 259M->245M(300M) 10.280ms
[10.725s][info][gc,cpu         ] GC(257) User=0.00s Sys=0.00s Real=0.01s
[10.744s][info][gc,start       ] GC(258) Pause Young (Normal) (G1 Evacuation Pause)
[10.744s][info][gc,task        ] GC(258) Using 4 workers of 4 for evacuation
[10.753s][info][gc,phases      ] GC(258)   Pre Evacuate Collection Set: 0.0ms
[10.754s][info][gc,phases      ] GC(258)   Merge Heap Roots: 0.0ms
[10.754s][info][gc,phases      ] GC(258)   Evacuate Collection Set: 8.9ms
[10.754s][info][gc,phases      ] GC(258)   Post Evacuate Collection Set: 0.2ms
[10.754s][info][gc,phases      ] GC(258)   Other: 0.2ms
[10.754s][info][gc,heap        ] GC(258) Eden regions: 15->0(12)
[10.754s][info][gc,heap        ] GC(258) Survivor regions: 3->3(3)
[10.754s][info][gc,heap        ] GC(258) Old regions: 208->212
[10.754s][info][gc,heap        ] GC(258) Archive regions: 0->0
[10.754s][info][gc,heap        ] GC(258) Humongous regions: 36->36
[10.754s][info][gc,metaspace   ] GC(258) Metaspace: 479K(640K)->479K(640K) NonClass: 444K(512K)->444K(512K) Class: 34K(128K)->34K(128K)
[10.754s][info][gc             ] GC(258) Pause Young (Normal) (G1 Evacuation Pause) 260M->248M(300M) 9.661ms
[10.754s][info][gc,cpu         ] GC(258) User=0.05s Sys=0.00s Real=0.01s
[10.798s][info][gc,marking     ] GC(248) Concurrent Mark From Roots 668.629ms
[10.798s][info][gc,marking     ] GC(248) Concurrent Preclean
[10.798s][info][gc,marking     ] GC(248) Concurrent Preclean 0.072ms
[10.798s][info][gc,start       ] GC(248) Pause Remark
[10.798s][info][gc             ] GC(248) Pause Remark 253M->253M(300M) 0.424ms
[10.798s][info][gc,cpu         ] GC(248) User=0.00s Sys=0.00s Real=0.00s
[10.799s][info][gc,marking     ] GC(248) Concurrent Mark 669.405ms
[10.799s][info][gc,marking     ] GC(248) Concurrent Rebuild Remembered Sets
[10.806s][info][gc,start       ] GC(259) Pause Young (Normal) (G1 Evacuation Pause)
[10.806s][info][gc,task        ] GC(259) Using 4 workers of 4 for evacuation
[10.810s][info][gc,phases      ] GC(259)   Pre Evacuate Collection Set: 0.0ms
[10.810s][info][gc,phases      ] GC(259)   Merge Heap Roots: 0.0ms
[10.810s][info][gc,phases      ] GC(259)   Evacuate Collection Set: 3.6ms
[10.810s][info][gc,phases      ] GC(259)   Post Evacuate Collection Set: 0.2ms
[10.810s][info][gc,phases      ] GC(259)   Other: 0.2ms
[10.810s][info][gc,heap        ] GC(259) Eden regions: 12->0(13)
[10.810s][info][gc,heap        ] GC(259) Survivor regions: 3->2(2)
[10.810s][info][gc,heap        ] GC(259) Old regions: 212->212
[10.810s][info][gc,heap        ] GC(259) Archive regions: 0->0
[10.810s][info][gc,heap        ] GC(259) Humongous regions: 36->36
[10.810s][info][gc,metaspace   ] GC(259) Metaspace: 479K(640K)->479K(640K) NonClass: 444K(512K)->444K(512K) Class: 34K(128K)->34K(128K)
[10.810s][info][gc             ] GC(259) Pause Young (Normal) (G1 Evacuation Pause) 260M->247M(300M) 4.330ms
[10.810s][info][gc,cpu         ] GC(259) User=0.05s Sys=0.00s Real=0.00s
[10.823s][info][gc,start       ] GC(260) Pause Young (Normal) (G1 Evacuation Pause)
[10.823s][info][gc,task        ] GC(260) Using 4 workers of 4 for evacuation
[10.829s][info][gc,phases      ] GC(260)   Pre Evacuate Collection Set: 0.1ms
[10.829s][info][gc,phases      ] GC(260)   Merge Heap Roots: 0.1ms
[10.829s][info][gc,phases      ] GC(260)   Evacuate Collection Set: 5.5ms
[10.829s][info][gc,phases      ] GC(260)   Post Evacuate Collection Set: 0.2ms
[10.829s][info][gc,phases      ] GC(260)   Other: 0.2ms
[10.829s][info][gc,heap        ] GC(260) Eden regions: 13->0(13)
[10.829s][info][gc,heap        ] GC(260) Survivor regions: 2->2(2)
[10.829s][info][gc,heap        ] GC(260) Old regions: 212->214
[10.829s][info][gc,heap        ] GC(260) Archive regions: 0->0
[10.829s][info][gc,heap        ] GC(260) Humongous regions: 36->36
[10.829s][info][gc,metaspace   ] GC(260) Metaspace: 479K(640K)->479K(640K) NonClass: 444K(512K)->444K(512K) Class: 34K(128K)->34K(128K)
[10.829s][info][gc             ] GC(260) Pause Young (Normal) (G1 Evacuation Pause) 260M->250M(300M) 6.218ms
[10.829s][info][gc,cpu         ] GC(260) User=0.06s Sys=0.00s Real=0.01s
[10.841s][info][gc,start       ] GC(261) Pause Young (Normal) (G1 Evacuation Pause)
[10.841s][info][gc,task        ] GC(261) Using 4 workers of 4 for evacuation
[10.848s][info][gc,phases      ] GC(261)   Pre Evacuate Collection Set: 0.0ms
[10.848s][info][gc,phases      ] GC(261)   Merge Heap Roots: 0.0ms
[10.848s][info][gc,phases      ] GC(261)   Evacuate Collection Set: 7.4ms
[10.848s][info][gc,phases      ] GC(261)   Post Evacuate Collection Set: 0.2ms
[10.848s][info][gc,phases      ] GC(261)   Other: 0.1ms
[10.848s][info][gc,heap        ] GC(261) Eden regions: 13->0(13)
[10.848s][info][gc,heap        ] GC(261) Survivor regions: 2->2(2)
[10.849s][info][gc,heap        ] GC(261) Old regions: 214->217
[10.849s][info][gc,heap        ] GC(261) Archive regions: 0->0
[10.849s][info][gc,heap        ] GC(261) Humongous regions: 36->36
[10.849s][info][gc,metaspace   ] GC(261) Metaspace: 479K(640K)->479K(640K) NonClass: 444K(512K)->444K(512K) Class: 34K(128K)->34K(128K)
[10.849s][info][gc             ] GC(261) Pause Young (Normal) (G1 Evacuation Pause) 263M->253M(300M) 8.014ms
[10.849s][info][gc,cpu         ] GC(261) User=0.00s Sys=0.00s Real=0.01s
[10.864s][info][gc,start       ] GC(262) Pause Young (Normal) (G1 Evacuation Pause)
[10.864s][info][gc,task        ] GC(262) Using 4 workers of 4 for evacuation
[10.872s][info][gc,phases      ] GC(262)   Pre Evacuate Collection Set: 0.1ms
[10.872s][info][gc,phases      ] GC(262)   Merge Heap Roots: 0.0ms
[10.872s][info][gc,phases      ] GC(262)   Evacuate Collection Set: 6.7ms
[10.872s][info][gc,phases      ] GC(262)   Post Evacuate Collection Set: 0.2ms
[10.872s][info][gc,phases      ] GC(262)   Other: 0.5ms
[10.872s][info][gc,heap        ] GC(262) Eden regions: 13->0(13)
[10.872s][info][gc,heap        ] GC(262) Survivor regions: 2->2(2)
[10.872s][info][gc,heap        ] GC(262) Old regions: 217->220
[10.872s][info][gc,heap        ] GC(262) Archive regions: 0->0
[10.872s][info][gc,heap        ] GC(262) Humongous regions: 36->36
[10.872s][info][gc,metaspace   ] GC(262) Metaspace: 479K(640K)->479K(640K) NonClass: 444K(512K)->444K(512K) Class: 34K(128K)->34K(128K)
[10.872s][info][gc             ] GC(262) Pause Young (Normal) (G1 Evacuation Pause) 266M->255M(300M) 7.821ms
[10.872s][info][gc,cpu         ] GC(262) User=0.06s Sys=0.00s Real=0.01s
[10.886s][info][gc,start       ] GC(263) Pause Young (Normal) (G1 Evacuation Pause)
[10.886s][info][gc,task        ] GC(263) Using 4 workers of 4 for evacuation
[10.897s][info][gc,phases      ] GC(263)   Pre Evacuate Collection Set: 0.0ms
[10.897s][info][gc,phases      ] GC(263)   Merge Heap Roots: 0.0ms
[10.897s][info][gc,phases      ] GC(263)   Evacuate Collection Set: 11.1ms
[10.897s][info][gc,phases      ] GC(263)   Post Evacuate Collection Set: 0.2ms
[10.897s][info][gc,phases      ] GC(263)   Other: 0.1ms
[10.897s][info][gc,heap        ] GC(263) Eden regions: 13->0(13)
[10.897s][info][gc,heap        ] GC(263) Survivor regions: 2->2(2)
[10.898s][info][gc,heap        ] GC(263) Old regions: 220->223
[10.898s][info][gc,heap        ] GC(263) Archive regions: 0->0
[10.898s][info][gc,heap        ] GC(263) Humongous regions: 36->36
[10.898s][info][gc,metaspace   ] GC(263) Metaspace: 479K(640K)->479K(640K) NonClass: 444K(512K)->444K(512K) Class: 34K(128K)->34K(128K)
[10.898s][info][gc             ] GC(263) Pause Young (Normal) (G1 Evacuation Pause) 268M->258M(300M) 11.790ms
[10.898s][info][gc,cpu         ] GC(263) User=0.06s Sys=0.00s Real=0.01s
[10.914s][info][gc,start       ] GC(264) Pause Young (Normal) (G1 Evacuation Pause)
[10.914s][info][gc,task        ] GC(264) Using 4 workers of 4 for evacuation
[10.922s][info][gc,phases      ] GC(264)   Pre Evacuate Collection Set: 0.0ms
[10.923s][info][gc,phases      ] GC(264)   Merge Heap Roots: 0.0ms
[10.923s][info][gc,phases      ] GC(264)   Evacuate Collection Set: 7.9ms
[10.923s][info][gc,phases      ] GC(264)   Post Evacuate Collection Set: 0.2ms
[10.923s][info][gc,phases      ] GC(264)   Other: 0.1ms
[10.923s][info][gc,heap        ] GC(264) Eden regions: 13->0(13)
[10.923s][info][gc,heap        ] GC(264) Survivor regions: 2->2(2)
[10.923s][info][gc,heap        ] GC(264) Old regions: 223->226
[10.923s][info][gc,heap        ] GC(264) Archive regions: 0->0
[10.923s][info][gc,heap        ] GC(264) Humongous regions: 36->36
[10.923s][info][gc,metaspace   ] GC(264) Metaspace: 479K(640K)->479K(640K) NonClass: 444K(512K)->444K(512K) Class: 34K(128K)->34K(128K)
[10.923s][info][gc             ] GC(264) Pause Young (Normal) (G1 Evacuation Pause) 271M->261M(300M) 8.664ms
[10.923s][info][gc,cpu         ] GC(264) User=0.06s Sys=0.00s Real=0.01s
[10.936s][info][gc,start       ] GC(265) Pause Young (Normal) (G1 Evacuation Pause)
[10.936s][info][gc,task        ] GC(265) Using 4 workers of 4 for evacuation
[10.943s][info][gc,phases      ] GC(265)   Pre Evacuate Collection Set: 0.0ms
[10.943s][info][gc,phases      ] GC(265)   Merge Heap Roots: 0.0ms
[10.943s][info][gc,phases      ] GC(265)   Evacuate Collection Set: 6.7ms
[10.943s][info][gc,phases      ] GC(265)   Post Evacuate Collection Set: 0.3ms
[10.943s][info][gc,phases      ] GC(265)   Other: 0.1ms
[10.943s][info][gc,heap        ] GC(265) Eden regions: 13->0(13)
[10.943s][info][gc,heap        ] GC(265) Survivor regions: 2->2(2)
[10.943s][info][gc,heap        ] GC(265) Old regions: 226->229
[10.943s][info][gc,heap        ] GC(265) Archive regions: 0->0
[10.944s][info][gc,heap        ] GC(265) Humongous regions: 36->36
[10.944s][info][gc,metaspace   ] GC(265) Metaspace: 479K(640K)->479K(640K) NonClass: 444K(512K)->444K(512K) Class: 34K(128K)->34K(128K)
[10.944s][info][gc             ] GC(265) Pause Young (Normal) (G1 Evacuation Pause) 274M->264M(300M) 8.120ms
[10.944s][info][gc,cpu         ] GC(265) User=0.00s Sys=0.00s Real=0.01s
[10.957s][info][gc,start       ] GC(266) Pause Young (Normal) (G1 Evacuation Pause)
[10.957s][info][gc,task        ] GC(266) Using 4 workers of 4 for evacuation
[10.965s][info][gc,phases      ] GC(266)   Pre Evacuate Collection Set: 0.1ms
[10.965s][info][gc,phases      ] GC(266)   Merge Heap Roots: 0.1ms
[10.965s][info][gc,phases      ] GC(266)   Evacuate Collection Set: 7.2ms
[10.965s][info][gc,phases      ] GC(266)   Post Evacuate Collection Set: 0.2ms
[10.965s][info][gc,phases      ] GC(266)   Other: 0.4ms
[10.965s][info][gc,heap        ] GC(266) Eden regions: 13->0(13)
[10.965s][info][gc,heap        ] GC(266) Survivor regions: 2->2(2)
[10.965s][info][gc,heap        ] GC(266) Old regions: 229->232
[10.965s][info][gc,heap        ] GC(266) Archive regions: 0->0
[10.965s][info][gc,heap        ] GC(266) Humongous regions: 36->36
[10.965s][info][gc,metaspace   ] GC(266) Metaspace: 479K(640K)->479K(640K) NonClass: 444K(512K)->444K(512K) Class: 34K(128K)->34K(128K)
[10.965s][info][gc             ] GC(266) Pause Young (Normal) (G1 Evacuation Pause) 277M->267M(300M) 8.149ms
[10.965s][info][gc,cpu         ] GC(266) User=0.06s Sys=0.00s Real=0.01s
[10.978s][info][gc,start       ] GC(267) Pause Young (Normal) (G1 Evacuation Pause)
[10.978s][info][gc,task        ] GC(267) Using 4 workers of 4 for evacuation
[10.985s][info][gc,phases      ] GC(267)   Pre Evacuate Collection Set: 0.0ms
[10.985s][info][gc,phases      ] GC(267)   Merge Heap Roots: 0.0ms
[10.985s][info][gc,phases      ] GC(267)   Evacuate Collection Set: 7.1ms
[10.986s][info][gc,phases      ] GC(267)   Post Evacuate Collection Set: 0.2ms
[10.986s][info][gc,phases      ] GC(267)   Other: 0.1ms
[10.986s][info][gc,heap        ] GC(267) Eden regions: 13->0(13)
[10.986s][info][gc,heap        ] GC(267) Survivor regions: 2->2(2)
[10.986s][info][gc,heap        ] GC(267) Old regions: 232->234
[10.986s][info][gc,heap        ] GC(267) Archive regions: 0->0
[10.986s][info][gc,heap        ] GC(267) Humongous regions: 36->36
[10.986s][info][gc,metaspace   ] GC(267) Metaspace: 479K(640K)->479K(640K) NonClass: 444K(512K)->444K(512K) Class: 34K(128K)->34K(128K)
[10.986s][info][gc             ] GC(267) Pause Young (Normal) (G1 Evacuation Pause) 280M->270M(300M) 7.785ms
[10.986s][info][gc,cpu         ] GC(267) User=0.06s Sys=0.00s Real=0.01s
[10.997s][info][gc,start       ] GC(268) Pause Young (Normal) (G1 Evacuation Pause)
[10.998s][info][gc,task        ] GC(268) Using 4 workers of 4 for evacuation
[11.005s][info][gc,phases      ] GC(268)   Pre Evacuate Collection Set: 0.2ms
[11.006s][info][gc,phases      ] GC(268)   Merge Heap Roots: 0.1ms
[11.006s][info][gc,phases      ] GC(268)   Evacuate Collection Set: 7.3ms
[11.006s][info][gc,phases      ] GC(268)   Post Evacuate Collection Set: 0.2ms
[11.006s][info][gc,phases      ] GC(268)   Other: 0.3ms
[11.006s][info][gc,heap        ] GC(268) Eden regions: 13->0(13)
[11.006s][info][gc,heap        ] GC(268) Survivor regions: 2->2(2)
[11.006s][info][gc,heap        ] GC(268) Old regions: 234->237
[11.006s][info][gc,heap        ] GC(268) Archive regions: 0->0
[11.006s][info][gc,heap        ] GC(268) Humongous regions: 36->36
[11.006s][info][gc,metaspace   ] GC(268) Metaspace: 479K(640K)->479K(640K) NonClass: 444K(512K)->444K(512K) Class: 34K(128K)->34K(128K)
[11.006s][info][gc             ] GC(268) Pause Young (Normal) (G1 Evacuation Pause) 283M->273M(300M) 8.200ms
[11.006s][info][gc,cpu         ] GC(268) User=0.00s Sys=0.00s Real=0.01s
[11.018s][info][gc,start       ] GC(269) Pause Young (Normal) (G1 Evacuation Pause)
[11.018s][info][gc,task        ] GC(269) Using 4 workers of 4 for evacuation
[11.027s][info][gc,phases      ] GC(269)   Pre Evacuate Collection Set: 0.1ms
[11.027s][info][gc,phases      ] GC(269)   Merge Heap Roots: 0.0ms
[11.027s][info][gc,phases      ] GC(269)   Evacuate Collection Set: 8.1ms
[11.027s][info][gc,phases      ] GC(269)   Post Evacuate Collection Set: 0.2ms
[11.027s][info][gc,phases      ] GC(269)   Other: 0.1ms
[11.027s][info][gc,heap        ] GC(269) Eden regions: 13->0(13)
[11.027s][info][gc,heap        ] GC(269) Survivor regions: 2->2(2)
[11.027s][info][gc,heap        ] GC(269) Old regions: 237->240
[11.027s][info][gc,heap        ] GC(269) Archive regions: 0->0
[11.027s][info][gc,heap        ] GC(269) Humongous regions: 36->36
[11.027s][info][gc,metaspace   ] GC(269) Metaspace: 479K(640K)->479K(640K) NonClass: 444K(512K)->444K(512K) Class: 34K(128K)->34K(128K)
[11.027s][info][gc             ] GC(269) Pause Young (Normal) (G1 Evacuation Pause) 286M->276M(300M) 8.700ms
[11.027s][info][gc,cpu         ] GC(269) User=0.00s Sys=0.00s Real=0.01s
[11.039s][info][gc,start       ] GC(270) Pause Young (Normal) (G1 Evacuation Pause)
[11.039s][info][gc,task        ] GC(270) Using 4 workers of 4 for evacuation
[11.047s][info][gc,phases      ] GC(270)   Pre Evacuate Collection Set: 0.0ms
[11.047s][info][gc,phases      ] GC(270)   Merge Heap Roots: 0.0ms
[11.047s][info][gc,phases      ] GC(270)   Evacuate Collection Set: 7.7ms
[11.047s][info][gc,phases      ] GC(270)   Post Evacuate Collection Set: 0.2ms
[11.047s][info][gc,phases      ] GC(270)   Other: 0.1ms
[11.047s][info][gc,heap        ] GC(270) Eden regions: 13->0(13)
[11.047s][info][gc,heap        ] GC(270) Survivor regions: 2->2(2)
[11.047s][info][gc,heap        ] GC(270) Old regions: 240->243
[11.047s][info][gc,heap        ] GC(270) Archive regions: 0->0
[11.047s][info][gc,heap        ] GC(270) Humongous regions: 36->36
[11.047s][info][gc,metaspace   ] GC(270) Metaspace: 479K(640K)->479K(640K) NonClass: 444K(512K)->444K(512K) Class: 34K(128K)->34K(128K)
[11.047s][info][gc             ] GC(270) Pause Young (Normal) (G1 Evacuation Pause) 289M->279M(300M) 8.374ms
[11.047s][info][gc,cpu         ] GC(270) User=0.02s Sys=0.00s Real=0.01s
[11.059s][info][gc,start       ] GC(271) Pause Young (Normal) (G1 Preventive Collection)
[11.059s][info][gc,task        ] GC(271) Using 4 workers of 4 for evacuation
[11.068s][info][gc,phases      ] GC(271)   Pre Evacuate Collection Set: 0.1ms
[11.068s][info][gc,phases      ] GC(271)   Merge Heap Roots: 0.0ms
[11.068s][info][gc,phases      ] GC(271)   Evacuate Collection Set: 8.1ms
[11.068s][info][gc,phases      ] GC(271)   Post Evacuate Collection Set: 0.2ms
[11.068s][info][gc,phases      ] GC(271)   Other: 0.1ms
[11.068s][info][gc,heap        ] GC(271) Eden regions: 13->0(13)
[11.068s][info][gc,heap        ] GC(271) Survivor regions: 2->2(2)
[11.068s][info][gc,heap        ] GC(271) Old regions: 243->246
[11.068s][info][gc,heap        ] GC(271) Archive regions: 0->0
[11.068s][info][gc,heap        ] GC(271) Humongous regions: 36->36
[11.068s][info][gc,metaspace   ] GC(271) Metaspace: 479K(640K)->479K(640K) NonClass: 444K(512K)->444K(512K) Class: 34K(128K)->34K(128K)
[11.068s][info][gc             ] GC(271) Pause Young (Normal) (G1 Preventive Collection) 292M->281M(300M) 8.747ms
[11.068s][info][gc,cpu         ] GC(271) User=0.00s Sys=0.00s Real=0.01s
[11.078s][info][gc,start       ] GC(272) Pause Young (Normal) (G1 Preventive Collection)
[11.078s][info][gc,task        ] GC(272) Using 4 workers of 4 for evacuation
[11.085s][info][gc,phases      ] GC(272)   Pre Evacuate Collection Set: 0.3ms
[11.085s][info][gc,phases      ] GC(272)   Merge Heap Roots: 0.1ms
[11.085s][info][gc,phases      ] GC(272)   Evacuate Collection Set: 6.5ms
[11.085s][info][gc,phases      ] GC(272)   Post Evacuate Collection Set: 0.2ms
[11.085s][info][gc,phases      ] GC(272)   Other: 0.3ms
[11.085s][info][gc,heap        ] GC(272) Eden regions: 11->0(13)
[11.085s][info][gc,heap        ] GC(272) Survivor regions: 2->2(2)
[11.085s][info][gc,heap        ] GC(272) Old regions: 246->248
[11.085s][info][gc,heap        ] GC(272) Archive regions: 0->0
[11.085s][info][gc,heap        ] GC(272) Humongous regions: 36->36
[11.085s][info][gc,metaspace   ] GC(272) Metaspace: 479K(640K)->479K(640K) NonClass: 444K(512K)->444K(512K) Class: 34K(128K)->34K(128K)
[11.085s][info][gc             ] GC(272) Pause Young (Normal) (G1 Preventive Collection) 292M->284M(300M) 7.517ms
[11.085s][info][gc,cpu         ] GC(272) User=0.00s Sys=0.00s Real=0.01s
[11.094s][info][gc,start       ] GC(273) Pause Young (Normal) (G1 Preventive Collection)
[11.094s][info][gc,task        ] GC(273) Using 4 workers of 4 for evacuation
[11.099s][info][gc,phases      ] GC(273)   Pre Evacuate Collection Set: 0.0ms
[11.099s][info][gc,phases      ] GC(273)   Merge Heap Roots: 0.0ms
[11.099s][info][gc,phases      ] GC(273)   Evacuate Collection Set: 4.7ms
[11.099s][info][gc,phases      ] GC(273)   Post Evacuate Collection Set: 0.2ms
[11.099s][info][gc,phases      ] GC(273)   Other: 0.1ms
[11.099s][info][gc,heap        ] GC(273) Eden regions: 9->0(13)
[11.099s][info][gc,heap        ] GC(273) Survivor regions: 2->2(2)
[11.099s][info][gc,heap        ] GC(273) Old regions: 248->251
[11.099s][info][gc,heap        ] GC(273) Archive regions: 0->0
[11.099s][info][gc,heap        ] GC(273) Humongous regions: 36->36
[11.099s][info][gc,metaspace   ] GC(273) Metaspace: 479K(640K)->479K(640K) NonClass: 444K(512K)->444K(512K) Class: 34K(128K)->34K(128K)
[11.099s][info][gc             ] GC(273) Pause Young (Normal) (G1 Preventive Collection) 293M->286M(300M) 5.297ms
[11.099s][info][gc,cpu         ] GC(273) User=0.00s Sys=0.00s Real=0.01s
[11.106s][info][gc,start       ] GC(274) Pause Young (Normal) (G1 Preventive Collection)
[11.106s][info][gc,task        ] GC(274) Using 4 workers of 4 for evacuation
[11.111s][info][gc,phases      ] GC(274)   Pre Evacuate Collection Set: 0.0ms
[11.111s][info][gc,phases      ] GC(274)   Merge Heap Roots: 0.0ms
[11.111s][info][gc,phases      ] GC(274)   Evacuate Collection Set: 4.4ms
[11.111s][info][gc,phases      ] GC(274)   Post Evacuate Collection Set: 0.2ms
[11.111s][info][gc,phases      ] GC(274)   Other: 0.1ms
[11.111s][info][gc,heap        ] GC(274) Eden regions: 7->0(13)
[11.111s][info][gc,heap        ] GC(274) Survivor regions: 2->2(2)
[11.111s][info][gc,heap        ] GC(274) Old regions: 251->252
[11.111s][info][gc,heap        ] GC(274) Archive regions: 0->0
[11.111s][info][gc,heap        ] GC(274) Humongous regions: 36->36
[11.111s][info][gc,metaspace   ] GC(274) Metaspace: 479K(640K)->479K(640K) NonClass: 444K(512K)->444K(512K) Class: 34K(128K)->34K(128K)
[11.111s][info][gc             ] GC(274) Pause Young (Normal) (G1 Preventive Collection) 293M->287M(300M) 4.984ms
[11.111s][info][gc,cpu         ] GC(274) User=0.00s Sys=0.00s Real=0.01s
[11.118s][info][gc,start       ] GC(275) Pause Young (Normal) (G1 Preventive Collection)
[11.119s][info][gc,task        ] GC(275) Using 4 workers of 4 for evacuation
[11.124s][info][gc,phases      ] GC(275)   Pre Evacuate Collection Set: 0.1ms
[11.124s][info][gc,phases      ] GC(275)   Merge Heap Roots: 0.1ms
[11.124s][info][gc,phases      ] GC(275)   Evacuate Collection Set: 4.6ms
[11.124s][info][gc,phases      ] GC(275)   Post Evacuate Collection Set: 0.2ms
[11.124s][info][gc,phases      ] GC(275)   Other: 0.1ms
[11.124s][info][gc,heap        ] GC(275) Eden regions: 6->0(13)
[11.124s][info][gc,heap        ] GC(275) Survivor regions: 2->2(2)
[11.124s][info][gc,heap        ] GC(275) Old regions: 252->254
[11.124s][info][gc,heap        ] GC(275) Archive regions: 0->0
[11.124s][info][gc,heap        ] GC(275) Humongous regions: 36->36
[11.124s][info][gc,metaspace   ] GC(275) Metaspace: 479K(640K)->479K(640K) NonClass: 444K(512K)->444K(512K) Class: 34K(128K)->34K(128K)
[11.124s][info][gc             ] GC(275) Pause Young (Normal) (G1 Preventive Collection) 293M->289M(300M) 5.275ms
[11.124s][info][gc,cpu         ] GC(275) User=0.06s Sys=0.00s Real=0.00s
[11.128s][info][gc,start       ] GC(276) Pause Young (Normal) (G1 Preventive Collection)
[11.128s][info][gc,task        ] GC(276) Using 4 workers of 4 for evacuation
[11.134s][info][gc,phases      ] GC(276)   Pre Evacuate Collection Set: 0.0ms
[11.134s][info][gc,phases      ] GC(276)   Merge Heap Roots: 0.0ms
[11.134s][info][gc,phases      ] GC(276)   Evacuate Collection Set: 5.6ms
[11.134s][info][gc,phases      ] GC(276)   Post Evacuate Collection Set: 0.2ms
[11.134s][info][gc,phases      ] GC(276)   Other: 0.1ms
[11.134s][info][gc,heap        ] GC(276) Eden regions: 5->0(13)
[11.134s][info][gc,heap        ] GC(276) Survivor regions: 2->2(2)
[11.134s][info][gc,heap        ] GC(276) Old regions: 254->255
[11.134s][info][gc,heap        ] GC(276) Archive regions: 0->0
[11.134s][info][gc,heap        ] GC(276) Humongous regions: 36->36
[11.134s][info][gc,metaspace   ] GC(276) Metaspace: 479K(640K)->479K(640K) NonClass: 444K(512K)->444K(512K) Class: 34K(128K)->34K(128K)
[11.134s][info][gc             ] GC(276) Pause Young (Normal) (G1 Preventive Collection) 294M->290M(300M) 6.210ms
[11.134s][info][gc,cpu         ] GC(276) User=0.00s Sys=0.00s Real=0.01s
[11.139s][info][gc,start       ] GC(277) Pause Young (Normal) (G1 Preventive Collection)
[11.139s][info][gc,task        ] GC(277) Using 4 workers of 4 for evacuation
[11.143s][info][gc,phases      ] GC(277)   Pre Evacuate Collection Set: 0.1ms
[11.144s][info][gc,phases      ] GC(277)   Merge Heap Roots: 0.0ms
[11.144s][info][gc,phases      ] GC(277)   Evacuate Collection Set: 4.1ms
[11.144s][info][gc,phases      ] GC(277)   Post Evacuate Collection Set: 0.2ms
[11.144s][info][gc,phases      ] GC(277)   Other: 0.1ms
[11.144s][info][gc,heap        ] GC(277) Eden regions: 4->0(13)
[11.144s][info][gc,heap        ] GC(277) Survivor regions: 2->2(2)
[11.144s][info][gc,heap        ] GC(277) Old regions: 255->255
[11.144s][info][gc,heap        ] GC(277) Archive regions: 0->0
[11.144s][info][gc,heap        ] GC(277) Humongous regions: 36->36
[11.144s][info][gc,metaspace   ] GC(277) Metaspace: 479K(640K)->479K(640K) NonClass: 444K(512K)->444K(512K) Class: 34K(128K)->34K(128K)
[11.144s][info][gc             ] GC(277) Pause Young (Normal) (G1 Preventive Collection) 294M->291M(300M) 4.778ms
[11.144s][info][gc,cpu         ] GC(277) User=0.00s Sys=0.00s Real=0.00s
[11.147s][info][gc,start       ] GC(278) Pause Young (Normal) (G1 Preventive Collection)
[11.147s][info][gc,task        ] GC(278) Using 4 workers of 4 for evacuation
[11.151s][info][gc,phases      ] GC(278)   Pre Evacuate Collection Set: 0.0ms
[11.152s][info][gc,phases      ] GC(278)   Merge Heap Roots: 0.0ms
[11.152s][info][gc,phases      ] GC(278)   Evacuate Collection Set: 4.2ms
[11.152s][info][gc,phases      ] GC(278)   Post Evacuate Collection Set: 0.2ms
[11.152s][info][gc,phases      ] GC(278)   Other: 0.1ms
[11.152s][info][gc,heap        ] GC(278) Eden regions: 4->0(13)
[11.152s][info][gc,heap        ] GC(278) Survivor regions: 2->2(2)
[11.152s][info][gc,heap        ] GC(278) Old regions: 255->256
[11.152s][info][gc,heap        ] GC(278) Archive regions: 0->0
[11.152s][info][gc,heap        ] GC(278) Humongous regions: 36->36
[11.152s][info][gc,metaspace   ] GC(278) Metaspace: 479K(640K)->479K(640K) NonClass: 444K(512K)->444K(512K) Class: 34K(128K)->34K(128K)
[11.152s][info][gc             ] GC(278) Pause Young (Normal) (G1 Preventive Collection) 295M->292M(300M) 4.748ms
[11.152s][info][gc,cpu         ] GC(278) User=0.00s Sys=0.00s Real=0.01s
[11.155s][info][gc,start       ] GC(279) Pause Young (Normal) (G1 Preventive Collection)
[11.155s][info][gc,task        ] GC(279) Using 4 workers of 4 for evacuation
[11.160s][info][gc,phases      ] GC(279)   Pre Evacuate Collection Set: 0.1ms
[11.160s][info][gc,phases      ] GC(279)   Merge Heap Roots: 0.0ms
[11.160s][info][gc,phases      ] GC(279)   Evacuate Collection Set: 4.8ms
[11.160s][info][gc,phases      ] GC(279)   Post Evacuate Collection Set: 0.2ms
[11.160s][info][gc,phases      ] GC(279)   Other: 0.2ms
[11.160s][info][gc,heap        ] GC(279) Eden regions: 3->0(13)
[11.160s][info][gc,heap        ] GC(279) Survivor regions: 2->2(2)
[11.160s][info][gc,heap        ] GC(279) Old regions: 256->257
[11.160s][info][gc,heap        ] GC(279) Archive regions: 0->0
[11.160s][info][gc,heap        ] GC(279) Humongous regions: 36->36
[11.160s][info][gc,metaspace   ] GC(279) Metaspace: 479K(640K)->479K(640K) NonClass: 444K(512K)->444K(512K) Class: 34K(128K)->34K(128K)
[11.160s][info][gc             ] GC(279) Pause Young (Normal) (G1 Preventive Collection) 295M->292M(300M) 5.597ms
[11.160s][info][gc,cpu         ] GC(279) User=0.00s Sys=0.00s Real=0.01s
[11.163s][info][gc,start       ] GC(280) Pause Young (Normal) (G1 Preventive Collection)
[11.163s][info][gc,task        ] GC(280) Using 4 workers of 4 for evacuation
[11.167s][info][gc,phases      ] GC(280)   Pre Evacuate Collection Set: 0.1ms
[11.167s][info][gc,phases      ] GC(280)   Merge Heap Roots: 0.0ms
[11.167s][info][gc,phases      ] GC(280)   Evacuate Collection Set: 3.4ms
[11.167s][info][gc,phases      ] GC(280)   Post Evacuate Collection Set: 0.2ms
[11.167s][info][gc,phases      ] GC(280)   Other: 0.2ms
[11.167s][info][gc,heap        ] GC(280) Eden regions: 2->0(13)
[11.167s][info][gc,heap        ] GC(280) Survivor regions: 2->2(2)
[11.167s][info][gc,heap        ] GC(280) Old regions: 257->258
[11.167s][info][gc,heap        ] GC(280) Archive regions: 0->0
[11.167s][info][gc,heap        ] GC(280) Humongous regions: 36->36
[11.167s][info][gc,metaspace   ] GC(280) Metaspace: 479K(640K)->479K(640K) NonClass: 444K(512K)->444K(512K) Class: 34K(128K)->34K(128K)
[11.167s][info][gc             ] GC(280) Pause Young (Normal) (G1 Preventive Collection) 294M->293M(300M) 4.174ms
[11.167s][info][gc,cpu         ] GC(280) User=0.00s Sys=0.00s Real=0.00s
[11.169s][info][gc,start       ] GC(281) Pause Young (Normal) (G1 Preventive Collection)
[11.169s][info][gc,task        ] GC(281) Using 4 workers of 4 for evacuation
[11.174s][info][gc,phases      ] GC(281)   Pre Evacuate Collection Set: 0.1ms
[11.174s][info][gc,phases      ] GC(281)   Merge Heap Roots: 0.0ms
[11.174s][info][gc,phases      ] GC(281)   Evacuate Collection Set: 4.7ms
[11.174s][info][gc,phases      ] GC(281)   Post Evacuate Collection Set: 0.2ms
[11.174s][info][gc,phases      ] GC(281)   Other: 0.1ms
[11.174s][info][gc,heap        ] GC(281) Eden regions: 2->0(13)
[11.174s][info][gc,heap        ] GC(281) Survivor regions: 2->2(2)
[11.174s][info][gc,heap        ] GC(281) Old regions: 258->258
[11.174s][info][gc,heap        ] GC(281) Archive regions: 0->0
[11.174s][info][gc,heap        ] GC(281) Humongous regions: 36->36
[11.174s][info][gc,metaspace   ] GC(281) Metaspace: 479K(640K)->479K(640K) NonClass: 444K(512K)->444K(512K) Class: 34K(128K)->34K(128K)
[11.174s][info][gc             ] GC(281) Pause Young (Normal) (G1 Preventive Collection) 295M->293M(300M) 5.421ms
[11.174s][info][gc,cpu         ] GC(281) User=0.00s Sys=0.00s Real=0.01s
[11.176s][info][gc,start       ] GC(282) Pause Young (Normal) (G1 Preventive Collection)
[11.176s][info][gc,task        ] GC(282) Using 4 workers of 4 for evacuation
[11.181s][info][gc             ] GC(282) To-space exhausted
[11.181s][info][gc,phases      ] GC(282)   Pre Evacuate Collection Set: 0.1ms
[11.181s][info][gc,phases      ] GC(282)   Merge Heap Roots: 0.0ms
[11.181s][info][gc,phases      ] GC(282)   Evacuate Collection Set: 3.5ms
[11.181s][info][gc,phases      ] GC(282)   Post Evacuate Collection Set: 1.0ms
[11.181s][info][gc,phases      ] GC(282)   Other: 0.2ms
[11.181s][info][gc,heap        ] GC(282) Eden regions: 2->0(13)
[11.181s][info][gc,heap        ] GC(282) Survivor regions: 2->2(2)
[11.181s][info][gc,heap        ] GC(282) Old regions: 258->260
[11.181s][info][gc,heap        ] GC(282) Archive regions: 0->0
[11.181s][info][gc,heap        ] GC(282) Humongous regions: 36->36
[11.181s][info][gc,metaspace   ] GC(282) Metaspace: 479K(640K)->479K(640K) NonClass: 444K(512K)->444K(512K) Class: 34K(128K)->34K(128K)
[11.181s][info][gc             ] GC(282) Pause Young (Normal) (G1 Preventive Collection) 295M->295M(300M) 4.966ms
[11.181s][info][gc,cpu         ] GC(282) User=0.00s Sys=0.00s Real=0.01s
[11.183s][info][gc,start       ] GC(283) Pause Young (Normal) (G1 Preventive Collection)
[11.183s][info][gc,task        ] GC(283) Using 4 workers of 4 for evacuation
[11.189s][info][gc             ] GC(283) To-space exhausted
[11.189s][info][gc,phases      ] GC(283)   Pre Evacuate Collection Set: 0.1ms
[11.189s][info][gc,phases      ] GC(283)   Merge Heap Roots: 0.1ms
[11.189s][info][gc,phases      ] GC(283)   Evacuate Collection Set: 3.8ms
[11.189s][info][gc,phases      ] GC(283)   Post Evacuate Collection Set: 1.2ms
[11.189s][info][gc,phases      ] GC(283)   Other: 0.4ms
[11.189s][info][gc,heap        ] GC(283) Eden regions: 1->0(14)
[11.189s][info][gc,heap        ] GC(283) Survivor regions: 2->1(1)
[11.189s][info][gc,heap        ] GC(283) Old regions: 260->262
[11.189s][info][gc,heap        ] GC(283) Archive regions: 0->0
[11.189s][info][gc,heap        ] GC(283) Humongous regions: 36->36
[11.189s][info][gc,metaspace   ] GC(283) Metaspace: 479K(640K)->479K(640K) NonClass: 444K(512K)->444K(512K) Class: 34K(128K)->34K(128K)
[11.189s][info][gc             ] GC(283) Pause Young (Normal) (G1 Preventive Collection) 296M->296M(300M) 5.850ms
[11.189s][info][gc,cpu         ] GC(283) User=0.02s Sys=0.00s Real=0.01s
[11.190s][info][gc,start       ] GC(284) Pause Young (Normal) (G1 Evacuation Pause)
[11.190s][info][gc,task        ] GC(284) Using 4 workers of 4 for evacuation
[11.197s][info][gc             ] GC(284) To-space exhausted
[11.198s][info][gc,phases      ] GC(284)   Pre Evacuate Collection Set: 0.0ms
[11.198s][info][gc,phases      ] GC(284)   Merge Heap Roots: 0.0ms
[11.198s][info][gc,phases      ] GC(284)   Evacuate Collection Set: 3.9ms
[11.198s][info][gc,phases      ] GC(284)   Post Evacuate Collection Set: 3.0ms
[11.198s][info][gc,phases      ] GC(284)   Other: 0.3ms
[11.198s][info][gc,heap        ] GC(284) Eden regions: 1->0(15)
[11.198s][info][gc,heap        ] GC(284) Survivor regions: 1->0(0)
[11.198s][info][gc,heap        ] GC(284) Old regions: 262->264
[11.198s][info][gc,heap        ] GC(284) Archive regions: 0->0
[11.198s][info][gc,heap        ] GC(284) Humongous regions: 36->36
[11.198s][info][gc,metaspace   ] GC(284) Metaspace: 479K(640K)->479K(640K) NonClass: 444K(512K)->444K(512K) Class: 34K(128K)->34K(128K)
[11.198s][info][gc             ] GC(284) Pause Young (Normal) (G1 Evacuation Pause) 297M->297M(300M) 7.880ms
[11.198s][info][gc,cpu         ] GC(284) User=0.00s Sys=0.00s Real=0.01s
[11.198s][info][gc,ergo        ] Attempting full compaction
[11.198s][info][gc,task        ] GC(285) Using 4 workers of 4 for full compaction
[11.198s][info][gc,start       ] GC(285) Pause Full (G1 Compaction Pause)
[11.199s][info][gc,phases,start] GC(285) Phase 1: Mark live objects
[11.254s][info][gc,phases      ] GC(285) Phase 1: Mark live objects 54.948ms
[11.254s][info][gc,phases,start] GC(285) Phase 2: Prepare for compaction
[11.259s][info][gc,phases      ] GC(285) Phase 2: Prepare for compaction 4.911ms
[11.259s][info][gc,phases,start] GC(285) Phase 3: Adjust pointers
[11.277s][info][gc,phases      ] GC(285) Phase 3: Adjust pointers 17.977ms
[11.277s][info][gc,phases,start] GC(285) Phase 4: Compact heap
[11.282s][info][gc,phases      ] GC(285) Phase 4: Compact heap 5.445ms
[11.283s][info][gc,heap        ] GC(285) Eden regions: 0->0(129)
[11.283s][info][gc,heap        ] GC(285) Survivor regions: 0->0(0)
[11.283s][info][gc,heap        ] GC(285) Old regions: 264->47
[11.283s][info][gc,heap        ] GC(285) Archive regions: 0->0
[11.283s][info][gc,heap        ] GC(285) Humongous regions: 36->36
[11.283s][info][gc,metaspace   ] GC(285) Metaspace: 479K(640K)->479K(640K) NonClass: 444K(512K)->444K(512K) Class: 34K(128K)->34K(128K)
[11.283s][info][gc             ] GC(285) Pause Full (G1 Compaction Pause) 297M->81M(300M) 84.523ms
[11.283s][info][gc,cpu         ] GC(285) User=0.38s Sys=0.00s Real=0.09s
[11.283s][info][gc,marking     ] GC(248) Concurrent Rebuild Remembered Sets 484.858ms
[11.283s][info][gc,marking     ] GC(248) Concurrent Mark Abort
[11.283s][info][gc             ] GC(248) Concurrent Mark Cycle 1181.857ms
[11.390s][info][gc,start       ] GC(286) Pause Young (Normal) (G1 Evacuation Pause)
[11.390s][info][gc,task        ] GC(286) Using 4 workers of 4 for evacuation
[11.426s][info][gc,phases      ] GC(286)   Pre Evacuate Collection Set: 0.1ms
[11.426s][info][gc,phases      ] GC(286)   Merge Heap Roots: 0.1ms
[11.426s][info][gc,phases      ] GC(286)   Evacuate Collection Set: 36.3ms
[11.426s][info][gc,phases      ] GC(286)   Post Evacuate Collection Set: 0.2ms
[11.426s][info][gc,phases      ] GC(286)   Other: 0.1ms
[11.426s][info][gc,heap        ] GC(286) Eden regions: 129->0(111)
[11.426s][info][gc,heap        ] GC(286) Survivor regions: 0->17(17)
[11.427s][info][gc,heap        ] GC(286) Old regions: 47->56
[11.427s][info][gc,heap        ] GC(286) Archive regions: 0->0
[11.427s][info][gc,heap        ] GC(286) Humongous regions: 36->36
[11.427s][info][gc,metaspace   ] GC(286) Metaspace: 479K(640K)->479K(640K) NonClass: 444K(512K)->444K(512K) Class: 34K(128K)->34K(128K)
[11.427s][info][gc             ] GC(286) Pause Young (Normal) (G1 Evacuation Pause) 210M->107M(300M) 37.116ms
[11.427s][info][gc,cpu         ] GC(286) User=0.11s Sys=0.00s Real=0.04s
[11.519s][info][gc,start       ] GC(287) Pause Young (Normal) (G1 Evacuation Pause)
[11.519s][info][gc,task        ] GC(287) Using 4 workers of 4 for evacuation
[11.571s][info][gc,phases      ] GC(287)   Pre Evacuate Collection Set: 0.1ms
[11.571s][info][gc,phases      ] GC(287)   Merge Heap Roots: 0.1ms
[11.571s][info][gc,phases      ] GC(287)   Evacuate Collection Set: 51.5ms
[11.571s][info][gc,phases      ] GC(287)   Post Evacuate Collection Set: 0.3ms
[11.571s][info][gc,phases      ] GC(287)   Other: 0.1ms
[11.571s][info][gc,heap        ] GC(287) Eden regions: 111->0(95)
[11.571s][info][gc,heap        ] GC(287) Survivor regions: 17->16(16)
[11.571s][info][gc,heap        ] GC(287) Old regions: 56->80
[11.571s][info][gc,heap        ] GC(287) Archive regions: 0->0
[11.571s][info][gc,heap        ] GC(287) Humongous regions: 36->36
[11.571s][info][gc,metaspace   ] GC(287) Metaspace: 479K(640K)->479K(640K) NonClass: 444K(512K)->444K(512K) Class: 34K(128K)->34K(128K)
[11.571s][info][gc             ] GC(287) Pause Young (Normal) (G1 Evacuation Pause) 218M->130M(300M) 52.426ms
[11.571s][info][gc,cpu         ] GC(287) User=0.19s Sys=0.00s Real=0.05s
[11.647s][info][gc,start       ] GC(288) Pause Young (Normal) (G1 Evacuation Pause)
[11.647s][info][gc,task        ] GC(288) Using 4 workers of 4 for evacuation
[11.693s][info][gc,phases      ] GC(288)   Pre Evacuate Collection Set: 0.0ms
[11.693s][info][gc,phases      ] GC(288)   Merge Heap Roots: 0.1ms
[11.693s][info][gc,phases      ] GC(288)   Evacuate Collection Set: 45.2ms
[11.693s][info][gc,phases      ] GC(288)   Post Evacuate Collection Set: 0.5ms
[11.693s][info][gc,phases      ] GC(288)   Other: 0.2ms
[11.693s][info][gc,heap        ] GC(288) Eden regions: 95->0(81)
[11.693s][info][gc,heap        ] GC(288) Survivor regions: 16->14(14)
[11.693s][info][gc,heap        ] GC(288) Old regions: 80->102
[11.693s][info][gc,heap        ] GC(288) Archive regions: 0->0
[11.693s][info][gc,heap        ] GC(288) Humongous regions: 36->36
[11.693s][info][gc,metaspace   ] GC(288) Metaspace: 479K(640K)->479K(640K) NonClass: 444K(512K)->444K(512K) Class: 34K(128K)->34K(128K)
[11.693s][info][gc             ] GC(288) Pause Young (Normal) (G1 Evacuation Pause) 225M->149M(300M) 46.323ms
[11.693s][info][gc,cpu         ] GC(288) User=0.16s Sys=0.00s Real=0.05s
[11.759s][info][gc,start       ] GC(289) Pause Young (Concurrent Start) (G1 Evacuation Pause)
[11.759s][info][gc,task        ] GC(289) Using 4 workers of 4 for evacuation
[11.798s][info][gc,phases      ] GC(289)   Pre Evacuate Collection Set: 0.1ms
[11.798s][info][gc,phases      ] GC(289)   Merge Heap Roots: 0.1ms
[11.798s][info][gc,phases      ] GC(289)   Evacuate Collection Set: 38.0ms
[11.798s][info][gc,phases      ] GC(289)   Post Evacuate Collection Set: 0.9ms
[11.798s][info][gc,phases      ] GC(289)   Other: 0.3ms
[11.798s][info][gc,heap        ] GC(289) Eden regions: 81->0(69)
[11.798s][info][gc,heap        ] GC(289) Survivor regions: 14->12(12)
[11.798s][info][gc,heap        ] GC(289) Old regions: 102->121
[11.798s][info][gc,heap        ] GC(289) Archive regions: 0->0
[11.798s][info][gc,heap        ] GC(289) Humongous regions: 36->36
[11.798s][info][gc,metaspace   ] GC(289) Metaspace: 479K(640K)->479K(640K) NonClass: 444K(512K)->444K(512K) Class: 34K(128K)->34K(128K)
[11.799s][info][gc             ] GC(289) Pause Young (Concurrent Start) (G1 Evacuation Pause) 230M->166M(300M) 39.956ms
[11.799s][info][gc,cpu         ] GC(289) User=0.14s Sys=0.00s Real=0.04s
[11.799s][info][gc             ] GC(290) Concurrent Mark Cycle
[11.799s][info][gc,marking     ] GC(290) Concurrent Clear Claimed Marks
[11.799s][info][gc,marking     ] GC(290) Concurrent Clear Claimed Marks 0.019ms
[11.799s][info][gc,marking     ] GC(290) Concurrent Scan Root Regions
[11.820s][info][gc,marking     ] GC(290) Concurrent Scan Root Regions 21.459ms
[11.820s][info][gc,marking     ] GC(290) Concurrent Mark
[11.821s][info][gc,marking     ] GC(290) Concurrent Mark From Roots
[11.821s][info][gc,task        ] GC(290) Using 1 workers of 1 for marking
[11.885s][info][gc,start       ] GC(291) Pause Young (Normal) (G1 Evacuation Pause)
[11.885s][info][gc,task        ] GC(291) Using 4 workers of 4 for evacuation
[11.918s][info][gc,phases      ] GC(291)   Pre Evacuate Collection Set: 0.0ms
[11.918s][info][gc,phases      ] GC(291)   Merge Heap Roots: 0.1ms
[11.918s][info][gc,phases      ] GC(291)   Evacuate Collection Set: 32.5ms
[11.918s][info][gc,phases      ] GC(291)   Post Evacuate Collection Set: 0.2ms
[11.918s][info][gc,phases      ] GC(291)   Other: 0.2ms
[11.918s][info][gc,heap        ] GC(291) Eden regions: 69->0(60)
[11.918s][info][gc,heap        ] GC(291) Survivor regions: 12->11(11)
[11.918s][info][gc,heap        ] GC(291) Old regions: 121->136
[11.918s][info][gc,heap        ] GC(291) Archive regions: 0->0
[11.918s][info][gc,heap        ] GC(291) Humongous regions: 36->36
[11.918s][info][gc,metaspace   ] GC(291) Metaspace: 479K(640K)->479K(640K) NonClass: 444K(512K)->444K(512K) Class: 34K(128K)->34K(128K)
[11.918s][info][gc             ] GC(291) Pause Young (Normal) (G1 Evacuation Pause) 235M->181M(300M) 33.199ms
[11.918s][info][gc,cpu         ] GC(291) User=0.11s Sys=0.02s Real=0.03s
[11.992s][info][gc,start       ] GC(292) Pause Young (Normal) (G1 Evacuation Pause)
[11.992s][info][gc,task        ] GC(292) Using 4 workers of 4 for evacuation
[12.030s][info][gc,phases      ] GC(292)   Pre Evacuate Collection Set: 0.2ms
[12.030s][info][gc,phases      ] GC(292)   Merge Heap Roots: 0.1ms
[12.030s][info][gc,phases      ] GC(292)   Evacuate Collection Set: 36.4ms
[12.030s][info][gc,phases      ] GC(292)   Post Evacuate Collection Set: 0.2ms
[12.030s][info][gc,phases      ] GC(292)   Other: 0.3ms
[12.030s][info][gc,heap        ] GC(292) Eden regions: 60->0(51)
[12.030s][info][gc,heap        ] GC(292) Survivor regions: 11->9(9)
[12.030s][info][gc,heap        ] GC(292) Old regions: 136->151
[12.030s][info][gc,heap        ] GC(292) Archive regions: 0->0
[12.030s][info][gc,heap        ] GC(292) Humongous regions: 36->36
[12.030s][info][gc,metaspace   ] GC(292) Metaspace: 479K(640K)->479K(640K) NonClass: 444K(512K)->444K(512K) Class: 34K(128K)->34K(128K)
[12.030s][info][gc             ] GC(292) Pause Young (Normal) (G1 Evacuation Pause) 241M->194M(300M) 37.425ms
[12.030s][info][gc,cpu         ] GC(292) User=0.16s Sys=0.00s Real=0.04s
[12.089s][info][gc,start       ] GC(293) Pause Young (Normal) (G1 Evacuation Pause)
[12.089s][info][gc,task        ] GC(293) Using 4 workers of 4 for evacuation
[12.118s][info][gc,phases      ] GC(293)   Pre Evacuate Collection Set: 0.0ms
[12.118s][info][gc,phases      ] GC(293)   Merge Heap Roots: 0.1ms
[12.118s][info][gc,phases      ] GC(293)   Evacuate Collection Set: 28.8ms
[12.118s][info][gc,phases      ] GC(293)   Post Evacuate Collection Set: 0.2ms
[12.118s][info][gc,phases      ] GC(293)   Other: 0.1ms
[12.118s][info][gc,heap        ] GC(293) Eden regions: 51->0(42)
[12.118s][info][gc,heap        ] GC(293) Survivor regions: 9->8(8)
[12.118s][info][gc,heap        ] GC(293) Old regions: 151->164
[12.118s][info][gc,heap        ] GC(293) Archive regions: 0->0
[12.118s][info][gc,heap        ] GC(293) Humongous regions: 36->36
[12.118s][info][gc,metaspace   ] GC(293) Metaspace: 479K(640K)->479K(640K) NonClass: 444K(512K)->444K(512K) Class: 34K(128K)->34K(128K)
[12.118s][info][gc             ] GC(293) Pause Young (Normal) (G1 Evacuation Pause) 245M->206M(300M) 29.482ms
[12.118s][info][gc,cpu         ] GC(293) User=0.11s Sys=0.00s Real=0.03s
[12.165s][info][gc,start       ] GC(294) Pause Young (Normal) (G1 Evacuation Pause)
[12.165s][info][gc,task        ] GC(294) Using 4 workers of 4 for evacuation
[12.185s][info][gc,phases      ] GC(294)   Pre Evacuate Collection Set: 0.0ms
[12.186s][info][gc,phases      ] GC(294)   Merge Heap Roots: 0.0ms
[12.186s][info][gc,phases      ] GC(294)   Evacuate Collection Set: 19.7ms
[12.186s][info][gc,phases      ] GC(294)   Post Evacuate Collection Set: 0.2ms
[12.186s][info][gc,phases      ] GC(294)   Other: 0.1ms
[12.186s][info][gc,heap        ] GC(294) Eden regions: 42->0(36)
[12.186s][info][gc,heap        ] GC(294) Survivor regions: 8->7(7)
[12.186s][info][gc,heap        ] GC(294) Old regions: 164->174
[12.186s][info][gc,heap        ] GC(294) Archive regions: 0->0
[12.186s][info][gc,heap        ] GC(294) Humongous regions: 36->36
[12.186s][info][gc,metaspace   ] GC(294) Metaspace: 479K(640K)->479K(640K) NonClass: 444K(512K)->444K(512K) Class: 34K(128K)->34K(128K)
[12.186s][info][gc             ] GC(294) Pause Young (Normal) (G1 Evacuation Pause) 248M->215M(300M) 20.417ms
[12.186s][info][gc,cpu         ] GC(294) User=0.13s Sys=0.00s Real=0.02s
[12.226s][info][gc,start       ] GC(295) Pause Young (Normal) (G1 Evacuation Pause)
[12.227s][info][gc,task        ] GC(295) Using 4 workers of 4 for evacuation
[12.252s][info][gc,phases      ] GC(295)   Pre Evacuate Collection Set: 0.0ms
[12.252s][info][gc,phases      ] GC(295)   Merge Heap Roots: 0.0ms
[12.252s][info][gc,phases      ] GC(295)   Evacuate Collection Set: 25.2ms
[12.252s][info][gc,phases      ] GC(295)   Post Evacuate Collection Set: 0.2ms
[12.252s][info][gc,phases      ] GC(295)   Other: 0.1ms
[12.252s][info][gc,heap        ] GC(295) Eden regions: 36->0(30)
[12.252s][info][gc,heap        ] GC(295) Survivor regions: 7->6(6)
[12.252s][info][gc,heap        ] GC(295) Old regions: 174->183
[12.252s][info][gc,heap        ] GC(295) Archive regions: 0->0
[12.252s][info][gc,heap        ] GC(295) Humongous regions: 36->36
[12.252s][info][gc,metaspace   ] GC(295) Metaspace: 479K(640K)->479K(640K) NonClass: 444K(512K)->444K(512K) Class: 34K(128K)->34K(128K)
[12.252s][info][gc             ] GC(295) Pause Young (Normal) (G1 Evacuation Pause) 251M->223M(300M) 25.989ms
[12.253s][info][gc,cpu         ] GC(295) User=0.08s Sys=0.00s Real=0.03s
[12.288s][info][gc,start       ] GC(296) Pause Young (Normal) (G1 Evacuation Pause)
[12.289s][info][gc,task        ] GC(296) Using 4 workers of 4 for evacuation
[12.310s][info][gc,phases      ] GC(296)   Pre Evacuate Collection Set: 0.1ms
[12.310s][info][gc,phases      ] GC(296)   Merge Heap Roots: 0.0ms
[12.310s][info][gc,phases      ] GC(296)   Evacuate Collection Set: 21.3ms
[12.310s][info][gc,phases      ] GC(296)   Post Evacuate Collection Set: 0.2ms
[12.310s][info][gc,phases      ] GC(296)   Other: 0.2ms
[12.310s][info][gc,heap        ] GC(296) Eden regions: 30->0(26)
[12.310s][info][gc,heap        ] GC(296) Survivor regions: 6->5(5)
[12.310s][info][gc,heap        ] GC(296) Old regions: 183->191
[12.311s][info][gc,heap        ] GC(296) Archive regions: 0->0
[12.311s][info][gc,heap        ] GC(296) Humongous regions: 36->36
[12.311s][info][gc,metaspace   ] GC(296) Metaspace: 479K(640K)->479K(640K) NonClass: 444K(512K)->444K(512K) Class: 34K(128K)->34K(128K)
[12.311s][info][gc             ] GC(296) Pause Young (Normal) (G1 Evacuation Pause) 253M->230M(300M) 22.123ms
[12.311s][info][gc,cpu         ] GC(296) User=0.08s Sys=0.00s Real=0.02s
[12.337s][info][gc,start       ] GC(297) Pause Young (Normal) (G1 Evacuation Pause)
[12.337s][info][gc,task        ] GC(297) Using 4 workers of 4 for evacuation
[12.351s][info][gc,phases      ] GC(297)   Pre Evacuate Collection Set: 0.0ms
[12.351s][info][gc,phases      ] GC(297)   Merge Heap Roots: 0.0ms
[12.351s][info][gc,phases      ] GC(297)   Evacuate Collection Set: 13.2ms
[12.351s][info][gc,phases      ] GC(297)   Post Evacuate Collection Set: 0.2ms
[12.351s][info][gc,phases      ] GC(297)   Other: 0.2ms
[12.351s][info][gc,heap        ] GC(297) Eden regions: 26->0(21)
[12.351s][info][gc,heap        ] GC(297) Survivor regions: 5->4(4)
[12.351s][info][gc,heap        ] GC(297) Old regions: 191->198
[12.351s][info][gc,heap        ] GC(297) Archive regions: 0->0
[12.351s][info][gc,heap        ] GC(297) Humongous regions: 36->36
[12.351s][info][gc,metaspace   ] GC(297) Metaspace: 479K(640K)->479K(640K) NonClass: 444K(512K)->444K(512K) Class: 34K(128K)->34K(128K)
[12.351s][info][gc             ] GC(297) Pause Young (Normal) (G1 Evacuation Pause) 256M->236M(300M) 13.906ms
[12.351s][info][gc,cpu         ] GC(297) User=0.06s Sys=0.00s Real=0.01s
[12.373s][info][gc,start       ] GC(298) Pause Young (Normal) (G1 Evacuation Pause)
[12.373s][info][gc,task        ] GC(298) Using 4 workers of 4 for evacuation
[12.385s][info][gc,phases      ] GC(298)   Pre Evacuate Collection Set: 0.1ms
[12.385s][info][gc,phases      ] GC(298)   Merge Heap Roots: 0.0ms
[12.385s][info][gc,phases      ] GC(298)   Evacuate Collection Set: 11.2ms
[12.385s][info][gc,phases      ] GC(298)   Post Evacuate Collection Set: 0.2ms
[12.385s][info][gc,phases      ] GC(298)   Other: 0.2ms
[12.385s][info][gc,heap        ] GC(298) Eden regions: 21->0(18)
[12.385s][info][gc,heap        ] GC(298) Survivor regions: 4->4(4)
[12.385s][info][gc,heap        ] GC(298) Old regions: 198->203
[12.385s][info][gc,heap        ] GC(298) Archive regions: 0->0
[12.385s][info][gc,heap        ] GC(298) Humongous regions: 36->36
[12.385s][info][gc,metaspace   ] GC(298) Metaspace: 479K(640K)->479K(640K) NonClass: 444K(512K)->444K(512K) Class: 34K(128K)->34K(128K)
[12.385s][info][gc             ] GC(298) Pause Young (Normal) (G1 Evacuation Pause) 257M->241M(300M) 11.968ms
[12.385s][info][gc,cpu         ] GC(298) User=0.00s Sys=0.00s Real=0.01s
[12.404s][info][gc,start       ] GC(299) Pause Young (Normal) (G1 Evacuation Pause)
[12.404s][info][gc,task        ] GC(299) Using 4 workers of 4 for evacuation
[12.414s][info][gc,phases      ] GC(299)   Pre Evacuate Collection Set: 0.1ms
[12.414s][info][gc,phases      ] GC(299)   Merge Heap Roots: 0.0ms
[12.414s][info][gc,phases      ] GC(299)   Evacuate Collection Set: 9.6ms
[12.414s][info][gc,phases      ] GC(299)   Post Evacuate Collection Set: 0.2ms
[12.414s][info][gc,phases      ] GC(299)   Other: 0.1ms
[12.414s][info][gc,heap        ] GC(299) Eden regions: 18->0(15)
[12.414s][info][gc,heap        ] GC(299) Survivor regions: 4->3(3)
[12.414s][info][gc,heap        ] GC(299) Old regions: 203->208
[12.414s][info][gc,heap        ] GC(299) Archive regions: 0->0
[12.414s][info][gc,heap        ] GC(299) Humongous regions: 36->36
[12.414s][info][gc,metaspace   ] GC(299) Metaspace: 479K(640K)->479K(640K) NonClass: 444K(512K)->444K(512K) Class: 34K(128K)->34K(128K)
[12.415s][info][gc             ] GC(299) Pause Young (Normal) (G1 Evacuation Pause) 259M->245M(300M) 10.223ms
[12.415s][info][gc,cpu         ] GC(299) User=0.00s Sys=0.00s Real=0.01s
[12.431s][info][gc,start       ] GC(300) Pause Young (Normal) (G1 Evacuation Pause)
[12.431s][info][gc,task        ] GC(300) Using 4 workers of 4 for evacuation
[12.440s][info][gc,phases      ] GC(300)   Pre Evacuate Collection Set: 0.1ms
[12.440s][info][gc,phases      ] GC(300)   Merge Heap Roots: 0.0ms
[12.440s][info][gc,phases      ] GC(300)   Evacuate Collection Set: 8.6ms
[12.440s][info][gc,phases      ] GC(300)   Post Evacuate Collection Set: 0.2ms
[12.440s][info][gc,phases      ] GC(300)   Other: 0.1ms
[12.440s][info][gc,heap        ] GC(300) Eden regions: 15->0(13)
[12.440s][info][gc,heap        ] GC(300) Survivor regions: 3->3(3)
[12.440s][info][gc,heap        ] GC(300) Old regions: 208->211
[12.440s][info][gc,heap        ] GC(300) Archive regions: 0->0
[12.440s][info][gc,heap        ] GC(300) Humongous regions: 36->36
[12.440s][info][gc,metaspace   ] GC(300) Metaspace: 479K(640K)->479K(640K) NonClass: 444K(512K)->444K(512K) Class: 34K(128K)->34K(128K)
[12.440s][info][gc             ] GC(300) Pause Young (Normal) (G1 Evacuation Pause) 260M->248M(300M) 9.274ms
[12.440s][info][gc,cpu         ] GC(300) User=0.05s Sys=0.00s Real=0.01s
[12.448s][info][gc,marking     ] GC(290) Concurrent Mark From Roots 627.158ms
[12.448s][info][gc,marking     ] GC(290) Concurrent Preclean
[12.448s][info][gc,marking     ] GC(290) Concurrent Preclean 0.093ms
[12.448s][info][gc,start       ] GC(290) Pause Remark
[12.448s][info][gc             ] GC(290) Pause Remark 251M->251M(300M) 0.373ms
[12.448s][info][gc,cpu         ] GC(290) User=0.00s Sys=0.00s Real=0.00s
[12.448s][info][gc,marking     ] GC(290) Concurrent Mark 627.888ms
[12.448s][info][gc,marking     ] GC(290) Concurrent Rebuild Remembered Sets
[12.459s][info][gc,start       ] GC(301) Pause Young (Normal) (G1 Evacuation Pause)
[12.459s][info][gc,task        ] GC(301) Using 4 workers of 4 for evacuation
[12.464s][info][gc,phases      ] GC(301)   Pre Evacuate Collection Set: 0.0ms
[12.464s][info][gc,phases      ] GC(301)   Merge Heap Roots: 0.0ms
[12.464s][info][gc,phases      ] GC(301)   Evacuate Collection Set: 4.5ms
[12.464s][info][gc,phases      ] GC(301)   Post Evacuate Collection Set: 0.2ms
[12.464s][info][gc,phases      ] GC(301)   Other: 0.1ms
[12.464s][info][gc,heap        ] GC(301) Eden regions: 13->0(14)
[12.464s][info][gc,heap        ] GC(301) Survivor regions: 3->2(2)
[12.464s][info][gc,heap        ] GC(301) Old regions: 211->211
[12.464s][info][gc,heap        ] GC(301) Archive regions: 0->0
[12.464s][info][gc,heap        ] GC(301) Humongous regions: 36->36
[12.464s][info][gc,metaspace   ] GC(301) Metaspace: 479K(640K)->479K(640K) NonClass: 444K(512K)->444K(512K) Class: 34K(128K)->34K(128K)
[12.464s][info][gc             ] GC(301) Pause Young (Normal) (G1 Evacuation Pause) 261M->247M(300M) 5.084ms
[12.464s][info][gc,cpu         ] GC(301) User=0.00s Sys=0.00s Real=0.01s
[12.477s][info][gc,start       ] GC(302) Pause Young (Normal) (G1 Evacuation Pause)
[12.477s][info][gc,task        ] GC(302) Using 4 workers of 4 for evacuation
[12.484s][info][gc,phases      ] GC(302)   Pre Evacuate Collection Set: 0.0ms
[12.484s][info][gc,phases      ] GC(302)   Merge Heap Roots: 0.0ms
[12.484s][info][gc,phases      ] GC(302)   Evacuate Collection Set: 6.8ms
[12.484s][info][gc,phases      ] GC(302)   Post Evacuate Collection Set: 0.2ms
[12.484s][info][gc,phases      ] GC(302)   Other: 0.1ms
[12.484s][info][gc,heap        ] GC(302) Eden regions: 14->0(13)
[12.484s][info][gc,heap        ] GC(302) Survivor regions: 2->2(2)
[12.484s][info][gc,heap        ] GC(302) Old regions: 211->214
[12.484s][info][gc,heap        ] GC(302) Archive regions: 0->0
[12.484s][info][gc,heap        ] GC(302) Humongous regions: 36->36
[12.484s][info][gc,metaspace   ] GC(302) Metaspace: 479K(640K)->479K(640K) NonClass: 444K(512K)->444K(512K) Class: 34K(128K)->34K(128K)
[12.484s][info][gc             ] GC(302) Pause Young (Normal) (G1 Evacuation Pause) 261M->250M(300M) 7.521ms
[12.484s][info][gc,cpu         ] GC(302) User=0.06s Sys=0.00s Real=0.01s
[12.495s][info][gc,start       ] GC(303) Pause Young (Normal) (G1 Evacuation Pause)
[12.495s][info][gc,task        ] GC(303) Using 4 workers of 4 for evacuation
[12.501s][info][gc,phases      ] GC(303)   Pre Evacuate Collection Set: 0.0ms
[12.501s][info][gc,phases      ] GC(303)   Merge Heap Roots: 0.0ms
[12.501s][info][gc,phases      ] GC(303)   Evacuate Collection Set: 6.0ms
[12.501s][info][gc,phases      ] GC(303)   Post Evacuate Collection Set: 0.2ms
[12.501s][info][gc,phases      ] GC(303)   Other: 0.1ms
[12.501s][info][gc,heap        ] GC(303) Eden regions: 13->0(13)
[12.501s][info][gc,heap        ] GC(303) Survivor regions: 2->2(2)
[12.501s][info][gc,heap        ] GC(303) Old regions: 214->217
[12.501s][info][gc,heap        ] GC(303) Archive regions: 0->0
[12.502s][info][gc,heap        ] GC(303) Humongous regions: 36->36
[12.502s][info][gc,metaspace   ] GC(303) Metaspace: 479K(640K)->479K(640K) NonClass: 444K(512K)->444K(512K) Class: 34K(128K)->34K(128K)
[12.502s][info][gc             ] GC(303) Pause Young (Normal) (G1 Evacuation Pause) 263M->253M(300M) 6.604ms
[12.502s][info][gc,cpu         ] GC(303) User=0.06s Sys=0.00s Real=0.01s
[12.513s][info][gc,start       ] GC(304) Pause Young (Normal) (G1 Evacuation Pause)
[12.513s][info][gc,task        ] GC(304) Using 4 workers of 4 for evacuation
[12.520s][info][gc,phases      ] GC(304)   Pre Evacuate Collection Set: 0.1ms
[12.520s][info][gc,phases      ] GC(304)   Merge Heap Roots: 0.0ms
[12.520s][info][gc,phases      ] GC(304)   Evacuate Collection Set: 7.0ms
[12.520s][info][gc,phases      ] GC(304)   Post Evacuate Collection Set: 0.2ms
[12.520s][info][gc,phases      ] GC(304)   Other: 0.2ms
[12.520s][info][gc,heap        ] GC(304) Eden regions: 13->0(13)
[12.520s][info][gc,heap        ] GC(304) Survivor regions: 2->2(2)
[12.521s][info][gc,heap        ] GC(304) Old regions: 217->220
[12.521s][info][gc,heap        ] GC(304) Archive regions: 0->0
[12.521s][info][gc,heap        ] GC(304) Humongous regions: 36->36
[12.521s][info][gc,metaspace   ] GC(304) Metaspace: 479K(640K)->479K(640K) NonClass: 444K(512K)->444K(512K) Class: 34K(128K)->34K(128K)
[12.521s][info][gc             ] GC(304) Pause Young (Normal) (G1 Evacuation Pause) 266M->255M(300M) 7.688ms
[12.521s][info][gc,cpu         ] GC(304) User=0.00s Sys=0.00s Real=0.01s
[12.533s][info][gc,start       ] GC(305) Pause Young (Normal) (G1 Evacuation Pause)
[12.533s][info][gc,task        ] GC(305) Using 4 workers of 4 for evacuation
[12.540s][info][gc,phases      ] GC(305)   Pre Evacuate Collection Set: 0.0ms
[12.540s][info][gc,phases      ] GC(305)   Merge Heap Roots: 0.0ms
[12.540s][info][gc,phases      ] GC(305)   Evacuate Collection Set: 5.9ms
[12.540s][info][gc,phases      ] GC(305)   Post Evacuate Collection Set: 0.2ms
[12.540s][info][gc,phases      ] GC(305)   Other: 0.1ms
[12.540s][info][gc,heap        ] GC(305) Eden regions: 13->0(13)
[12.540s][info][gc,heap        ] GC(305) Survivor regions: 2->2(2)
[12.540s][info][gc,heap        ] GC(305) Old regions: 220->223
[12.540s][info][gc,heap        ] GC(305) Archive regions: 0->0
[12.540s][info][gc,heap        ] GC(305) Humongous regions: 36->36
[12.540s][info][gc,metaspace   ] GC(305) Metaspace: 479K(640K)->479K(640K) NonClass: 444K(512K)->444K(512K) Class: 34K(128K)->34K(128K)
[12.540s][info][gc             ] GC(305) Pause Young (Normal) (G1 Evacuation Pause) 268M->258M(300M) 6.474ms
[12.540s][info][gc,cpu         ] GC(305) User=0.00s Sys=0.00s Real=0.01s
[12.550s][info][gc,start       ] GC(306) Pause Young (Normal) (G1 Evacuation Pause)
[12.550s][info][gc,task        ] GC(306) Using 4 workers of 4 for evacuation
[12.558s][info][gc,phases      ] GC(306)   Pre Evacuate Collection Set: 0.1ms
[12.558s][info][gc,phases      ] GC(306)   Merge Heap Roots: 0.0ms
[12.558s][info][gc,phases      ] GC(306)   Evacuate Collection Set: 7.1ms
[12.558s][info][gc,phases      ] GC(306)   Post Evacuate Collection Set: 0.2ms
[12.558s][info][gc,phases      ] GC(306)   Other: 0.1ms
[12.558s][info][gc,heap        ] GC(306) Eden regions: 13->0(13)
[12.558s][info][gc,heap        ] GC(306) Survivor regions: 2->2(2)
[12.558s][info][gc,heap        ] GC(306) Old regions: 223->226
[12.558s][info][gc,heap        ] GC(306) Archive regions: 0->0
[12.558s][info][gc,heap        ] GC(306) Humongous regions: 36->36
[12.558s][info][gc,metaspace   ] GC(306) Metaspace: 479K(640K)->479K(640K) NonClass: 444K(512K)->444K(512K) Class: 34K(128K)->34K(128K)
[12.558s][info][gc             ] GC(306) Pause Young (Normal) (G1 Evacuation Pause) 271M->261M(300M) 7.674ms
[12.558s][info][gc,cpu         ] GC(306) User=0.00s Sys=0.00s Real=0.01s
[12.570s][info][gc,start       ] GC(307) Pause Young (Normal) (G1 Evacuation Pause)
[12.570s][info][gc,task        ] GC(307) Using 4 workers of 4 for evacuation
[12.577s][info][gc,phases      ] GC(307)   Pre Evacuate Collection Set: 0.1ms
[12.577s][info][gc,phases      ] GC(307)   Merge Heap Roots: 0.0ms
[12.577s][info][gc,phases      ] GC(307)   Evacuate Collection Set: 6.9ms
[12.577s][info][gc,phases      ] GC(307)   Post Evacuate Collection Set: 0.2ms
[12.577s][info][gc,phases      ] GC(307)   Other: 0.1ms
[12.577s][info][gc,heap        ] GC(307) Eden regions: 13->0(13)
[12.577s][info][gc,heap        ] GC(307) Survivor regions: 2->2(2)
[12.577s][info][gc,heap        ] GC(307) Old regions: 226->229
[12.577s][info][gc,heap        ] GC(307) Archive regions: 0->0
[12.577s][info][gc,heap        ] GC(307) Humongous regions: 36->36
[12.577s][info][gc,metaspace   ] GC(307) Metaspace: 479K(640K)->479K(640K) NonClass: 444K(512K)->444K(512K) Class: 34K(128K)->34K(128K)
[12.577s][info][gc             ] GC(307) Pause Young (Normal) (G1 Evacuation Pause) 274M->264M(300M) 7.549ms
[12.577s][info][gc,cpu         ] GC(307) User=0.06s Sys=0.00s Real=0.01s
[12.588s][info][gc,start       ] GC(308) Pause Young (Normal) (G1 Evacuation Pause)
[12.588s][info][gc,task        ] GC(308) Using 4 workers of 4 for evacuation
[12.595s][info][gc,phases      ] GC(308)   Pre Evacuate Collection Set: 0.0ms
[12.595s][info][gc,phases      ] GC(308)   Merge Heap Roots: 0.0ms
[12.595s][info][gc,phases      ] GC(308)   Evacuate Collection Set: 6.9ms
[12.595s][info][gc,phases      ] GC(308)   Post Evacuate Collection Set: 0.2ms
[12.595s][info][gc,phases      ] GC(308)   Other: 0.1ms
[12.595s][info][gc,heap        ] GC(308) Eden regions: 13->0(13)
[12.595s][info][gc,heap        ] GC(308) Survivor regions: 2->2(2)
[12.595s][info][gc,heap        ] GC(308) Old regions: 229->231
[12.595s][info][gc,heap        ] GC(308) Archive regions: 0->0
[12.595s][info][gc,heap        ] GC(308) Humongous regions: 36->36
[12.595s][info][gc,metaspace   ] GC(308) Metaspace: 479K(640K)->479K(640K) NonClass: 444K(512K)->444K(512K) Class: 34K(128K)->34K(128K)
[12.595s][info][gc             ] GC(308) Pause Young (Normal) (G1 Evacuation Pause) 277M->267M(300M) 7.505ms
[12.595s][info][gc,cpu         ] GC(308) User=0.06s Sys=0.00s Real=0.01s
[12.606s][info][gc,start       ] GC(309) Pause Young (Normal) (G1 Evacuation Pause)
[12.606s][info][gc,task        ] GC(309) Using 4 workers of 4 for evacuation
[12.612s][info][gc,phases      ] GC(309)   Pre Evacuate Collection Set: 0.0ms
[12.612s][info][gc,phases      ] GC(309)   Merge Heap Roots: 0.0ms
[12.612s][info][gc,phases      ] GC(309)   Evacuate Collection Set: 6.0ms
[12.612s][info][gc,phases      ] GC(309)   Post Evacuate Collection Set: 0.2ms
[12.612s][info][gc,phases      ] GC(309)   Other: 0.1ms
[12.612s][info][gc,heap        ] GC(309) Eden regions: 13->0(13)
[12.612s][info][gc,heap        ] GC(309) Survivor regions: 2->2(2)
[12.612s][info][gc,heap        ] GC(309) Old regions: 231->234
[12.612s][info][gc,heap        ] GC(309) Archive regions: 0->0
[12.612s][info][gc,heap        ] GC(309) Humongous regions: 36->36
[12.612s][info][gc,metaspace   ] GC(309) Metaspace: 479K(640K)->479K(640K) NonClass: 444K(512K)->444K(512K) Class: 34K(128K)->34K(128K)
[12.612s][info][gc             ] GC(309) Pause Young (Normal) (G1 Evacuation Pause) 280M->270M(300M) 6.554ms
[12.612s][info][gc,cpu         ] GC(309) User=0.00s Sys=0.00s Real=0.01s
[12.623s][info][gc,start       ] GC(310) Pause Young (Normal) (G1 Evacuation Pause)
[12.623s][info][gc,task        ] GC(310) Using 4 workers of 4 for evacuation
[12.631s][info][gc,phases      ] GC(310)   Pre Evacuate Collection Set: 0.1ms
[12.631s][info][gc,phases      ] GC(310)   Merge Heap Roots: 0.0ms
[12.631s][info][gc,phases      ] GC(310)   Evacuate Collection Set: 7.0ms
[12.631s][info][gc,phases      ] GC(310)   Post Evacuate Collection Set: 0.2ms
[12.631s][info][gc,phases      ] GC(310)   Other: 0.1ms
[12.631s][info][gc,heap        ] GC(310) Eden regions: 13->0(13)
[12.631s][info][gc,heap        ] GC(310) Survivor regions: 2->2(2)
[12.631s][info][gc,heap        ] GC(310) Old regions: 234->237
[12.631s][info][gc,heap        ] GC(310) Archive regions: 0->0
[12.631s][info][gc,heap        ] GC(310) Humongous regions: 36->36
[12.631s][info][gc,metaspace   ] GC(310) Metaspace: 479K(640K)->479K(640K) NonClass: 444K(512K)->444K(512K) Class: 34K(128K)->34K(128K)
[12.631s][info][gc             ] GC(310) Pause Young (Normal) (G1 Evacuation Pause) 283M->273M(300M) 7.599ms
[12.631s][info][gc,cpu         ] GC(310) User=0.00s Sys=0.00s Real=0.01s
[12.642s][info][gc,start       ] GC(311) Pause Young (Normal) (G1 Evacuation Pause)
[12.642s][info][gc,task        ] GC(311) Using 4 workers of 4 for evacuation
[12.649s][info][gc,phases      ] GC(311)   Pre Evacuate Collection Set: 0.1ms
[12.649s][info][gc,phases      ] GC(311)   Merge Heap Roots: 0.0ms
[12.649s][info][gc,phases      ] GC(311)   Evacuate Collection Set: 6.4ms
[12.649s][info][gc,phases      ] GC(311)   Post Evacuate Collection Set: 0.2ms
[12.649s][info][gc,phases      ] GC(311)   Other: 0.1ms
[12.649s][info][gc,heap        ] GC(311) Eden regions: 13->0(13)
[12.649s][info][gc,heap        ] GC(311) Survivor regions: 2->2(2)
[12.649s][info][gc,heap        ] GC(311) Old regions: 237->240
[12.649s][info][gc,heap        ] GC(311) Archive regions: 0->0
[12.649s][info][gc,heap        ] GC(311) Humongous regions: 36->36
[12.649s][info][gc,metaspace   ] GC(311) Metaspace: 479K(640K)->479K(640K) NonClass: 444K(512K)->444K(512K) Class: 34K(128K)->34K(128K)
[12.649s][info][gc             ] GC(311) Pause Young (Normal) (G1 Evacuation Pause) 286M->275M(300M) 7.002ms
[12.649s][info][gc,cpu         ] GC(311) User=0.00s Sys=0.00s Real=0.01s
[12.660s][info][gc,start       ] GC(312) Pause Young (Normal) (G1 Evacuation Pause)
[12.660s][info][gc,task        ] GC(312) Using 4 workers of 4 for evacuation
[12.668s][info][gc,phases      ] GC(312)   Pre Evacuate Collection Set: 0.0ms
[12.668s][info][gc,phases      ] GC(312)   Merge Heap Roots: 0.0ms
[12.668s][info][gc,phases      ] GC(312)   Evacuate Collection Set: 7.1ms
[12.668s][info][gc,phases      ] GC(312)   Post Evacuate Collection Set: 0.2ms
[12.668s][info][gc,phases      ] GC(312)   Other: 0.1ms
[12.668s][info][gc,heap        ] GC(312) Eden regions: 13->0(13)
[12.668s][info][gc,heap        ] GC(312) Survivor regions: 2->2(2)
[12.668s][info][gc,heap        ] GC(312) Old regions: 240->243
[12.668s][info][gc,heap        ] GC(312) Archive regions: 0->0
[12.668s][info][gc,heap        ] GC(312) Humongous regions: 36->36
[12.668s][info][gc,metaspace   ] GC(312) Metaspace: 479K(640K)->479K(640K) NonClass: 444K(512K)->444K(512K) Class: 34K(128K)->34K(128K)
[12.668s][info][gc             ] GC(312) Pause Young (Normal) (G1 Evacuation Pause) 288M->278M(300M) 7.663ms
[12.668s][info][gc,cpu         ] GC(312) User=0.06s Sys=0.00s Real=0.01s
[12.680s][info][gc,start       ] GC(313) Pause Young (Normal) (G1 Preventive Collection)
[12.680s][info][gc,task        ] GC(313) Using 4 workers of 4 for evacuation
[12.687s][info][gc,phases      ] GC(313)   Pre Evacuate Collection Set: 0.0ms
[12.687s][info][gc,phases      ] GC(313)   Merge Heap Roots: 0.0ms
[12.687s][info][gc,phases      ] GC(313)   Evacuate Collection Set: 6.9ms
[12.687s][info][gc,phases      ] GC(313)   Post Evacuate Collection Set: 0.2ms
[12.687s][info][gc,phases      ] GC(313)   Other: 0.2ms
[12.687s][info][gc,heap        ] GC(313) Eden regions: 13->0(13)
[12.687s][info][gc,heap        ] GC(313) Survivor regions: 2->2(2)
[12.687s][info][gc,heap        ] GC(313) Old regions: 243->246
[12.687s][info][gc,heap        ] GC(313) Archive regions: 0->0
[12.687s][info][gc,heap        ] GC(313) Humongous regions: 36->36
[12.687s][info][gc,metaspace   ] GC(313) Metaspace: 479K(640K)->479K(640K) NonClass: 444K(512K)->444K(512K) Class: 34K(128K)->34K(128K)
[12.687s][info][gc             ] GC(313) Pause Young (Normal) (G1 Preventive Collection) 291M->281M(300M) 7.587ms
[12.687s][info][gc,cpu         ] GC(313) User=0.06s Sys=0.00s Real=0.01s
[12.699s][info][gc,start       ] GC(314) Pause Young (Normal) (G1 Preventive Collection)
[12.699s][info][gc,task        ] GC(314) Using 4 workers of 4 for evacuation
[12.705s][info][gc,phases      ] GC(314)   Pre Evacuate Collection Set: 0.0ms
[12.705s][info][gc,phases      ] GC(314)   Merge Heap Roots: 0.0ms
[12.705s][info][gc,phases      ] GC(314)   Evacuate Collection Set: 6.1ms
[12.705s][info][gc,phases      ] GC(314)   Post Evacuate Collection Set: 0.2ms
[12.705s][info][gc,phases      ] GC(314)   Other: 0.1ms
[12.705s][info][gc,heap        ] GC(314) Eden regions: 11->0(13)
[12.705s][info][gc,heap        ] GC(314) Survivor regions: 2->2(2)
[12.705s][info][gc,heap        ] GC(314) Old regions: 246->248
[12.705s][info][gc,heap        ] GC(314) Archive regions: 0->0
[12.705s][info][gc,heap        ] GC(314) Humongous regions: 36->36
[12.705s][info][gc,metaspace   ] GC(314) Metaspace: 479K(640K)->479K(640K) NonClass: 444K(512K)->444K(512K) Class: 34K(128K)->34K(128K)
[12.705s][info][gc             ] GC(314) Pause Young (Normal) (G1 Preventive Collection) 292M->284M(300M) 6.714ms
[12.705s][info][gc,cpu         ] GC(314) User=0.06s Sys=0.00s Real=0.01s
[12.712s][info][gc,start       ] GC(315) Pause Young (Normal) (G1 Preventive Collection)
[12.713s][info][gc,task        ] GC(315) Using 4 workers of 4 for evacuation
[12.718s][info][gc,phases      ] GC(315)   Pre Evacuate Collection Set: 0.1ms
[12.718s][info][gc,phases      ] GC(315)   Merge Heap Roots: 0.0ms
[12.718s][info][gc,phases      ] GC(315)   Evacuate Collection Set: 5.0ms
[12.718s][info][gc,phases      ] GC(315)   Post Evacuate Collection Set: 0.2ms
[12.718s][info][gc,phases      ] GC(315)   Other: 0.2ms
[12.718s][info][gc,heap        ] GC(315) Eden regions: 9->0(13)
[12.718s][info][gc,heap        ] GC(315) Survivor regions: 2->2(2)
[12.718s][info][gc,heap        ] GC(315) Old regions: 248->250
[12.718s][info][gc,heap        ] GC(315) Archive regions: 0->0
[12.718s][info][gc,heap        ] GC(315) Humongous regions: 36->36
[12.718s][info][gc,metaspace   ] GC(315) Metaspace: 479K(640K)->479K(640K) NonClass: 444K(512K)->444K(512K) Class: 34K(128K)->34K(128K)
[12.718s][info][gc             ] GC(315) Pause Young (Normal) (G1 Preventive Collection) 293M->286M(300M) 5.685ms
[12.718s][info][gc,cpu         ] GC(315) User=0.06s Sys=0.00s Real=0.01s
[12.725s][info][gc,start       ] GC(316) Pause Young (Normal) (G1 Preventive Collection)
[12.725s][info][gc,task        ] GC(316) Using 4 workers of 4 for evacuation
[12.730s][info][gc,phases      ] GC(316)   Pre Evacuate Collection Set: 0.0ms
[12.730s][info][gc,phases      ] GC(316)   Merge Heap Roots: 0.0ms
[12.730s][info][gc,phases      ] GC(316)   Evacuate Collection Set: 4.3ms
[12.730s][info][gc,phases      ] GC(316)   Post Evacuate Collection Set: 0.2ms
[12.730s][info][gc,phases      ] GC(316)   Other: 0.1ms
[12.730s][info][gc,heap        ] GC(316) Eden regions: 8->0(13)
[12.730s][info][gc,heap        ] GC(316) Survivor regions: 2->2(2)
[12.730s][info][gc,heap        ] GC(316) Old regions: 250->252
[12.730s][info][gc,heap        ] GC(316) Archive regions: 0->0
[12.730s][info][gc,heap        ] GC(316) Humongous regions: 36->36
[12.730s][info][gc,metaspace   ] GC(316) Metaspace: 479K(640K)->479K(640K) NonClass: 444K(512K)->444K(512K) Class: 34K(128K)->34K(128K)
[12.730s][info][gc             ] GC(316) Pause Young (Normal) (G1 Preventive Collection) 294M->287M(300M) 4.871ms
[12.730s][info][gc,cpu         ] GC(316) User=0.00s Sys=0.00s Real=0.01s
[12.736s][info][gc,start       ] GC(317) Pause Young (Normal) (G1 Preventive Collection)
[12.736s][info][gc,task        ] GC(317) Using 4 workers of 4 for evacuation
[12.740s][info][gc,phases      ] GC(317)   Pre Evacuate Collection Set: 0.0ms
[12.740s][info][gc,phases      ] GC(317)   Merge Heap Roots: 0.0ms
[12.740s][info][gc,phases      ] GC(317)   Evacuate Collection Set: 4.0ms
[12.740s][info][gc,phases      ] GC(317)   Post Evacuate Collection Set: 0.2ms
[12.740s][info][gc,phases      ] GC(317)   Other: 0.1ms
[12.740s][info][gc,heap        ] GC(317) Eden regions: 6->0(13)
[12.740s][info][gc,heap        ] GC(317) Survivor regions: 2->2(2)
[12.740s][info][gc,heap        ] GC(317) Old regions: 252->254
[12.740s][info][gc,heap        ] GC(317) Archive regions: 0->0
[12.740s][info][gc,heap        ] GC(317) Humongous regions: 36->36
[12.740s][info][gc,metaspace   ] GC(317) Metaspace: 479K(640K)->479K(640K) NonClass: 444K(512K)->444K(512K) Class: 34K(128K)->34K(128K)
[12.740s][info][gc             ] GC(317) Pause Young (Normal) (G1 Preventive Collection) 293M->289M(300M) 4.548ms
[12.740s][info][gc,cpu         ] GC(317) User=0.00s Sys=0.00s Real=0.00s
[12.745s][info][gc,start       ] GC(318) Pause Young (Normal) (G1 Preventive Collection)
[12.745s][info][gc,task        ] GC(318) Using 4 workers of 4 for evacuation
[12.749s][info][gc,phases      ] GC(318)   Pre Evacuate Collection Set: 0.0ms
[12.749s][info][gc,phases      ] GC(318)   Merge Heap Roots: 0.0ms
[12.749s][info][gc,phases      ] GC(318)   Evacuate Collection Set: 3.8ms
[12.749s][info][gc,phases      ] GC(318)   Post Evacuate Collection Set: 0.2ms
[12.749s][info][gc,phases      ] GC(318)   Other: 0.1ms
[12.749s][info][gc,heap        ] GC(318) Eden regions: 5->0(13)
[12.749s][info][gc,heap        ] GC(318) Survivor regions: 2->2(2)
[12.749s][info][gc,heap        ] GC(318) Old regions: 254->255
[12.749s][info][gc,heap        ] GC(318) Archive regions: 0->0
[12.749s][info][gc,heap        ] GC(318) Humongous regions: 36->36
[12.749s][info][gc,metaspace   ] GC(318) Metaspace: 479K(640K)->479K(640K) NonClass: 444K(512K)->444K(512K) Class: 34K(128K)->34K(128K)
[12.749s][info][gc             ] GC(318) Pause Young (Normal) (G1 Preventive Collection) 294M->290M(300M) 4.408ms
[12.749s][info][gc,cpu         ] GC(318) User=0.06s Sys=0.00s Real=0.01s
[12.753s][info][gc,start       ] GC(319) Pause Young (Normal) (G1 Preventive Collection)
[12.753s][info][gc,task        ] GC(319) Using 4 workers of 4 for evacuation
[12.757s][info][gc,phases      ] GC(319)   Pre Evacuate Collection Set: 0.0ms
[12.757s][info][gc,phases      ] GC(319)   Merge Heap Roots: 0.0ms
[12.757s][info][gc,phases      ] GC(319)   Evacuate Collection Set: 3.6ms
[12.757s][info][gc,phases      ] GC(319)   Post Evacuate Collection Set: 0.2ms
[12.757s][info][gc,phases      ] GC(319)   Other: 0.1ms
[12.757s][info][gc,heap        ] GC(319) Eden regions: 4->0(13)
[12.757s][info][gc,heap        ] GC(319) Survivor regions: 2->2(2)
[12.757s][info][gc,heap        ] GC(319) Old regions: 255->255
[12.757s][info][gc,heap        ] GC(319) Archive regions: 0->0
[12.757s][info][gc,heap        ] GC(319) Humongous regions: 36->36
[12.757s][info][gc,metaspace   ] GC(319) Metaspace: 479K(640K)->479K(640K) NonClass: 444K(512K)->444K(512K) Class: 34K(128K)->34K(128K)
[12.757s][info][gc             ] GC(319) Pause Young (Normal) (G1 Preventive Collection) 294M->290M(300M) 4.126ms
[12.757s][info][gc,cpu         ] GC(319) User=0.00s Sys=0.00s Real=0.00s
[12.760s][info][gc,start       ] GC(320) Pause Young (Normal) (G1 Preventive Collection)
[12.760s][info][gc,task        ] GC(320) Using 4 workers of 4 for evacuation
[12.765s][info][gc,phases      ] GC(320)   Pre Evacuate Collection Set: 0.0ms
[12.765s][info][gc,phases      ] GC(320)   Merge Heap Roots: 0.0ms
[12.765s][info][gc,phases      ] GC(320)   Evacuate Collection Set: 4.7ms
[12.765s][info][gc,phases      ] GC(320)   Post Evacuate Collection Set: 0.2ms
[12.765s][info][gc,phases      ] GC(320)   Other: 0.1ms
[12.766s][info][gc,heap        ] GC(320) Eden regions: 4->0(13)
[12.766s][info][gc,heap        ] GC(320) Survivor regions: 2->2(2)
[12.766s][info][gc,heap        ] GC(320) Old regions: 255->256
[12.766s][info][gc,heap        ] GC(320) Archive regions: 0->0
[12.766s][info][gc,heap        ] GC(320) Humongous regions: 36->36
[12.766s][info][gc,metaspace   ] GC(320) Metaspace: 479K(640K)->479K(640K) NonClass: 444K(512K)->444K(512K) Class: 34K(128K)->34K(128K)
[12.766s][info][gc             ] GC(320) Pause Young (Normal) (G1 Preventive Collection) 294M->291M(300M) 5.351ms
[12.766s][info][gc,cpu         ] GC(320) User=0.06s Sys=0.00s Real=0.00s
[12.768s][info][gc,start       ] GC(321) Pause Young (Normal) (G1 Preventive Collection)
[12.768s][info][gc,task        ] GC(321) Using 4 workers of 4 for evacuation
[12.772s][info][gc,phases      ] GC(321)   Pre Evacuate Collection Set: 0.0ms
[12.773s][info][gc,phases      ] GC(321)   Merge Heap Roots: 0.0ms
[12.773s][info][gc,phases      ] GC(321)   Evacuate Collection Set: 4.1ms
[12.773s][info][gc,phases      ] GC(321)   Post Evacuate Collection Set: 0.2ms
[12.773s][info][gc,phases      ] GC(321)   Other: 0.1ms
[12.773s][info][gc,heap        ] GC(321) Eden regions: 3->0(13)
[12.773s][info][gc,heap        ] GC(321) Survivor regions: 2->2(2)
[12.773s][info][gc,heap        ] GC(321) Old regions: 256->257
[12.773s][info][gc,heap        ] GC(321) Archive regions: 0->0
[12.773s][info][gc,heap        ] GC(321) Humongous regions: 36->36
[12.773s][info][gc,metaspace   ] GC(321) Metaspace: 479K(640K)->479K(640K) NonClass: 444K(512K)->444K(512K) Class: 34K(128K)->34K(128K)
[12.773s][info][gc             ] GC(321) Pause Young (Normal) (G1 Preventive Collection) 294M->292M(300M) 4.713ms
[12.773s][info][gc,cpu         ] GC(321) User=0.00s Sys=0.00s Real=0.01s
[12.775s][info][gc,start       ] GC(322) Pause Young (Normal) (G1 Preventive Collection)
[12.775s][info][gc,task        ] GC(322) Using 4 workers of 4 for evacuation
[12.779s][info][gc,phases      ] GC(322)   Pre Evacuate Collection Set: 0.0ms
[12.779s][info][gc,phases      ] GC(322)   Merge Heap Roots: 0.0ms
[12.779s][info][gc,phases      ] GC(322)   Evacuate Collection Set: 3.4ms
[12.779s][info][gc,phases      ] GC(322)   Post Evacuate Collection Set: 0.2ms
[12.779s][info][gc,phases      ] GC(322)   Other: 0.1ms
[12.779s][info][gc,heap        ] GC(322) Eden regions: 2->0(13)
[12.779s][info][gc,heap        ] GC(322) Survivor regions: 2->2(2)
[12.779s][info][gc,heap        ] GC(322) Old regions: 257->258
[12.779s][info][gc,heap        ] GC(322) Archive regions: 0->0
[12.779s][info][gc,heap        ] GC(322) Humongous regions: 36->36
[12.779s][info][gc,metaspace   ] GC(322) Metaspace: 479K(640K)->479K(640K) NonClass: 444K(512K)->444K(512K) Class: 34K(128K)->34K(128K)
[12.779s][info][gc             ] GC(322) Pause Young (Normal) (G1 Preventive Collection) 294M->292M(300M) 4.007ms
[12.779s][info][gc,cpu         ] GC(322) User=0.06s Sys=0.00s Real=0.00s
[12.781s][info][gc,start       ] GC(323) Pause Young (Normal) (G1 Preventive Collection)
[12.781s][info][gc,task        ] GC(323) Using 4 workers of 4 for evacuation
[12.785s][info][gc,phases      ] GC(323)   Pre Evacuate Collection Set: 0.0ms
[12.785s][info][gc,phases      ] GC(323)   Merge Heap Roots: 0.0ms
[12.785s][info][gc,phases      ] GC(323)   Evacuate Collection Set: 3.8ms
[12.785s][info][gc,phases      ] GC(323)   Post Evacuate Collection Set: 0.2ms
[12.785s][info][gc,phases      ] GC(323)   Other: 0.1ms
[12.785s][info][gc,heap        ] GC(323) Eden regions: 2->0(13)
[12.785s][info][gc,heap        ] GC(323) Survivor regions: 2->2(2)
[12.785s][info][gc,heap        ] GC(323) Old regions: 258->258
[12.785s][info][gc,heap        ] GC(323) Archive regions: 0->0
[12.785s][info][gc,heap        ] GC(323) Humongous regions: 36->36
[12.785s][info][gc,metaspace   ] GC(323) Metaspace: 479K(640K)->479K(640K) NonClass: 444K(512K)->444K(512K) Class: 34K(128K)->34K(128K)
[12.785s][info][gc             ] GC(323) Pause Young (Normal) (G1 Preventive Collection) 294M->293M(300M) 4.315ms
[12.785s][info][gc,cpu         ] GC(323) User=0.00s Sys=0.00s Real=0.00s
[12.787s][info][gc,start       ] GC(324) Pause Young (Normal) (G1 Preventive Collection)
[12.787s][info][gc,task        ] GC(324) Using 4 workers of 4 for evacuation
[12.790s][info][gc,phases      ] GC(324)   Pre Evacuate Collection Set: 0.0ms
[12.790s][info][gc,phases      ] GC(324)   Merge Heap Roots: 0.0ms
[12.790s][info][gc,phases      ] GC(324)   Evacuate Collection Set: 3.0ms
[12.790s][info][gc,phases      ] GC(324)   Post Evacuate Collection Set: 0.2ms
[12.790s][info][gc,phases      ] GC(324)   Other: 0.1ms
[12.790s][info][gc,heap        ] GC(324) Eden regions: 2->0(14)
[12.790s][info][gc,heap        ] GC(324) Survivor regions: 2->1(2)
[12.790s][info][gc,heap        ] GC(324) Old regions: 258->259
[12.790s][info][gc,heap        ] GC(324) Archive regions: 0->0
[12.790s][info][gc,heap        ] GC(324) Humongous regions: 36->36
[12.790s][info][gc,metaspace   ] GC(324) Metaspace: 479K(640K)->479K(640K) NonClass: 444K(512K)->444K(512K) Class: 34K(128K)->34K(128K)
[12.790s][info][gc             ] GC(324) Pause Young (Normal) (G1 Preventive Collection) 295M->293M(300M) 3.538ms
[12.790s][info][gc,cpu         ] GC(324) User=0.00s Sys=0.00s Real=0.00s
[12.792s][info][gc,start       ] GC(325) Pause Young (Normal) (G1 Preventive Collection)
[12.792s][info][gc,task        ] GC(325) Using 4 workers of 4 for evacuation
[12.796s][info][gc,phases      ] GC(325)   Pre Evacuate Collection Set: 0.1ms
[12.796s][info][gc,phases      ] GC(325)   Merge Heap Roots: 0.0ms
[12.796s][info][gc,phases      ] GC(325)   Evacuate Collection Set: 3.0ms
[12.796s][info][gc,phases      ] GC(325)   Post Evacuate Collection Set: 0.2ms
[12.796s][info][gc,phases      ] GC(325)   Other: 0.1ms
[12.796s][info][gc,heap        ] GC(325) Eden regions: 2->0(13)
[12.796s][info][gc,heap        ] GC(325) Survivor regions: 1->2(2)
[12.796s][info][gc,heap        ] GC(325) Old regions: 259->259
[12.796s][info][gc,heap        ] GC(325) Archive regions: 0->0
[12.796s][info][gc,heap        ] GC(325) Humongous regions: 36->36
[12.796s][info][gc,metaspace   ] GC(325) Metaspace: 479K(640K)->479K(640K) NonClass: 444K(512K)->444K(512K) Class: 34K(128K)->34K(128K)
[12.796s][info][gc             ] GC(325) Pause Young (Normal) (G1 Preventive Collection) 295M->294M(300M) 3.643ms
[12.796s][info][gc,cpu         ] GC(325) User=0.03s Sys=0.00s Real=0.00s
[12.797s][info][gc,start       ] GC(326) Pause Young (Normal) (G1 Preventive Collection)
[12.797s][info][gc,task        ] GC(326) Using 4 workers of 4 for evacuation
[12.800s][info][gc,phases      ] GC(326)   Pre Evacuate Collection Set: 0.0ms
[12.800s][info][gc,phases      ] GC(326)   Merge Heap Roots: 0.0ms
[12.800s][info][gc,phases      ] GC(326)   Evacuate Collection Set: 3.1ms
[12.800s][info][gc,phases      ] GC(326)   Post Evacuate Collection Set: 0.2ms
[12.800s][info][gc,phases      ] GC(326)   Other: 0.1ms
[12.800s][info][gc,heap        ] GC(326) Eden regions: 1->0(13)
[12.800s][info][gc,heap        ] GC(326) Survivor regions: 2->2(2)
[12.800s][info][gc,heap        ] GC(326) Old regions: 259->259
[12.800s][info][gc,heap        ] GC(326) Archive regions: 0->0
[12.800s][info][gc,heap        ] GC(326) Humongous regions: 36->36
[12.800s][info][gc,metaspace   ] GC(326) Metaspace: 479K(640K)->479K(640K) NonClass: 444K(512K)->444K(512K) Class: 34K(128K)->34K(128K)
[12.800s][info][gc             ] GC(326) Pause Young (Normal) (G1 Preventive Collection) 295M->294M(300M) 3.664ms
[12.801s][info][gc,cpu         ] GC(326) User=0.00s Sys=0.00s Real=0.00s
[12.801s][info][gc,start       ] GC(327) Pause Young (Normal) (G1 Preventive Collection)
[12.801s][info][gc,task        ] GC(327) Using 4 workers of 4 for evacuation
[12.805s][info][gc,phases      ] GC(327)   Pre Evacuate Collection Set: 0.0ms
[12.805s][info][gc,phases      ] GC(327)   Merge Heap Roots: 0.0ms
[12.805s][info][gc,phases      ] GC(327)   Evacuate Collection Set: 3.2ms
[12.805s][info][gc,phases      ] GC(327)   Post Evacuate Collection Set: 0.2ms
[12.805s][info][gc,phases      ] GC(327)   Other: 0.1ms
[12.805s][info][gc,heap        ] GC(327) Eden regions: 1->0(13)
[12.805s][info][gc,heap        ] GC(327) Survivor regions: 2->2(2)
[12.805s][info][gc,heap        ] GC(327) Old regions: 259->259
[12.805s][info][gc,heap        ] GC(327) Archive regions: 0->0
[12.805s][info][gc,heap        ] GC(327) Humongous regions: 36->36
[12.805s][info][gc,metaspace   ] GC(327) Metaspace: 479K(640K)->479K(640K) NonClass: 444K(512K)->444K(512K) Class: 34K(128K)->34K(128K)
[12.805s][info][gc             ] GC(327) Pause Young (Normal) (G1 Preventive Collection) 295M->294M(300M) 3.790ms
[12.805s][info][gc,cpu         ] GC(327) User=0.00s Sys=0.00s Real=0.00s
[12.806s][info][gc,start       ] GC(328) Pause Young (Normal) (G1 Preventive Collection)
[12.806s][info][gc,task        ] GC(328) Using 4 workers of 4 for evacuation
[12.810s][info][gc,phases      ] GC(328)   Pre Evacuate Collection Set: 0.0ms
[12.810s][info][gc,phases      ] GC(328)   Merge Heap Roots: 0.0ms
[12.810s][info][gc,phases      ] GC(328)   Evacuate Collection Set: 3.2ms
[12.810s][info][gc,phases      ] GC(328)   Post Evacuate Collection Set: 0.2ms
[12.810s][info][gc,phases      ] GC(328)   Other: 0.1ms
[12.810s][info][gc,heap        ] GC(328) Eden regions: 1->0(14)
[12.810s][info][gc,heap        ] GC(328) Survivor regions: 2->1(2)
[12.810s][info][gc,heap        ] GC(328) Old regions: 259->260
[12.810s][info][gc,heap        ] GC(328) Archive regions: 0->0
[12.810s][info][gc,heap        ] GC(328) Humongous regions: 36->36
[12.810s][info][gc,metaspace   ] GC(328) Metaspace: 479K(640K)->479K(640K) NonClass: 444K(512K)->444K(512K) Class: 34K(128K)->34K(128K)
[12.810s][info][gc             ] GC(328) Pause Young (Normal) (G1 Preventive Collection) 295M->294M(300M) 3.767ms
[12.810s][info][gc,cpu         ] GC(328) User=0.06s Sys=0.00s Real=0.00s
[12.812s][info][gc,start       ] GC(329) Pause Young (Normal) (G1 Preventive Collection)
[12.812s][info][gc,task        ] GC(329) Using 4 workers of 4 for evacuation
[12.815s][info][gc,phases      ] GC(329)   Pre Evacuate Collection Set: 0.0ms
[12.815s][info][gc,phases      ] GC(329)   Merge Heap Roots: 0.1ms
[12.815s][info][gc,phases      ] GC(329)   Evacuate Collection Set: 3.0ms
[12.815s][info][gc,phases      ] GC(329)   Post Evacuate Collection Set: 0.2ms
[12.815s][info][gc,phases      ] GC(329)   Other: 0.1ms
[12.815s][info][gc,heap        ] GC(329) Eden regions: 2->0(14)
[12.815s][info][gc,heap        ] GC(329) Survivor regions: 1->1(1)
[12.815s][info][gc,heap        ] GC(329) Old regions: 260->260
[12.815s][info][gc,heap        ] GC(329) Archive regions: 0->0
[12.815s][info][gc,heap        ] GC(329) Humongous regions: 36->36
[12.815s][info][gc,metaspace   ] GC(329) Metaspace: 479K(640K)->479K(640K) NonClass: 444K(512K)->444K(512K) Class: 34K(128K)->34K(128K)
[12.815s][info][gc             ] GC(329) Pause Young (Normal) (G1 Preventive Collection) 296M->295M(300M) 3.614ms
[12.815s][info][gc,cpu         ] GC(329) User=0.00s Sys=0.00s Real=0.00s
[12.816s][info][gc,start       ] GC(330) Pause Young (Normal) (G1 Preventive Collection)
[12.816s][info][gc,task        ] GC(330) Using 4 workers of 4 for evacuation
[12.820s][info][gc,phases      ] GC(330)   Pre Evacuate Collection Set: 0.0ms
[12.820s][info][gc,phases      ] GC(330)   Merge Heap Roots: 0.0ms
[12.820s][info][gc,phases      ] GC(330)   Evacuate Collection Set: 3.0ms
[12.820s][info][gc,phases      ] GC(330)   Post Evacuate Collection Set: 0.2ms
[12.820s][info][gc,phases      ] GC(330)   Other: 0.1ms
[12.820s][info][gc,heap        ] GC(330) Eden regions: 1->0(13)
[12.820s][info][gc,heap        ] GC(330) Survivor regions: 1->2(2)
[12.820s][info][gc,heap        ] GC(330) Old regions: 260->260
[12.820s][info][gc,heap        ] GC(330) Archive regions: 0->0
[12.820s][info][gc,heap        ] GC(330) Humongous regions: 36->36
[12.820s][info][gc,metaspace   ] GC(330) Metaspace: 479K(640K)->479K(640K) NonClass: 444K(512K)->444K(512K) Class: 34K(128K)->34K(128K)
[12.820s][info][gc             ] GC(330) Pause Young (Normal) (G1 Preventive Collection) 296M->295M(300M) 3.525ms
[12.820s][info][gc,cpu         ] GC(330) User=0.00s Sys=0.00s Real=0.00s
[12.821s][info][gc,start       ] GC(331) Pause Young (Normal) (G1 Preventive Collection)
[12.821s][info][gc,task        ] GC(331) Using 4 workers of 4 for evacuation
[12.825s][info][gc             ] GC(331) To-space exhausted
[12.825s][info][gc,phases      ] GC(331)   Pre Evacuate Collection Set: 0.0ms
[12.825s][info][gc,phases      ] GC(331)   Merge Heap Roots: 0.0ms
[12.825s][info][gc,phases      ] GC(331)   Evacuate Collection Set: 3.0ms
[12.825s][info][gc,phases      ] GC(331)   Post Evacuate Collection Set: 0.8ms
[12.825s][info][gc,phases      ] GC(331)   Other: 0.1ms
[12.825s][info][gc,heap        ] GC(331) Eden regions: 1->0(14)
[12.825s][info][gc,heap        ] GC(331) Survivor regions: 2->1(1)
[12.825s][info][gc,heap        ] GC(331) Old regions: 260->262
[12.825s][info][gc,heap        ] GC(331) Archive regions: 0->0
[12.825s][info][gc,heap        ] GC(331) Humongous regions: 36->36
[12.825s][info][gc,metaspace   ] GC(331) Metaspace: 479K(640K)->479K(640K) NonClass: 444K(512K)->444K(512K) Class: 34K(128K)->34K(128K)
[12.825s][info][gc             ] GC(331) Pause Young (Normal) (G1 Preventive Collection) 296M->296M(300M) 4.181ms
[12.825s][info][gc,cpu         ] GC(331) User=0.03s Sys=0.00s Real=0.00s
[12.826s][info][gc,start       ] GC(332) Pause Young (Normal) (G1 Evacuation Pause)
[12.826s][info][gc,task        ] GC(332) Using 4 workers of 4 for evacuation
[12.831s][info][gc             ] GC(332) To-space exhausted
[12.831s][info][gc,phases      ] GC(332)   Pre Evacuate Collection Set: 0.0ms
[12.831s][info][gc,phases      ] GC(332)   Merge Heap Roots: 0.0ms
[12.831s][info][gc,phases      ] GC(332)   Evacuate Collection Set: 3.6ms
[12.831s][info][gc,phases      ] GC(332)   Post Evacuate Collection Set: 1.7ms
[12.831s][info][gc,phases      ] GC(332)   Other: 0.1ms
[12.831s][info][gc,heap        ] GC(332) Eden regions: 1->0(15)
[12.831s][info][gc,heap        ] GC(332) Survivor regions: 1->0(0)
[12.831s][info][gc,heap        ] GC(332) Old regions: 262->264
[12.831s][info][gc,heap        ] GC(332) Archive regions: 0->0
[12.831s][info][gc,heap        ] GC(332) Humongous regions: 36->36
[12.832s][info][gc,metaspace   ] GC(332) Metaspace: 479K(640K)->479K(640K) NonClass: 444K(512K)->444K(512K) Class: 34K(128K)->34K(128K)
[12.832s][info][gc             ] GC(332) Pause Young (Normal) (G1 Evacuation Pause) 297M->297M(300M) 5.593ms
[12.832s][info][gc,cpu         ] GC(332) User=0.00s Sys=0.00s Real=0.01s
[12.832s][info][gc,ergo        ] Attempting full compaction
[12.832s][info][gc,task        ] GC(333) Using 4 workers of 4 for full compaction
[12.832s][info][gc,start       ] GC(333) Pause Full (G1 Compaction Pause)
[12.832s][info][gc,phases,start] GC(333) Phase 1: Mark live objects
[12.886s][info][gc,phases      ] GC(333) Phase 1: Mark live objects 53.685ms
[12.886s][info][gc,phases,start] GC(333) Phase 2: Prepare for compaction
[12.891s][info][gc,phases      ] GC(333) Phase 2: Prepare for compaction 4.902ms
[12.891s][info][gc,phases,start] GC(333) Phase 3: Adjust pointers
[12.909s][info][gc,phases      ] GC(333) Phase 3: Adjust pointers 17.788ms
[12.909s][info][gc,phases,start] GC(333) Phase 4: Compact heap
[12.914s][info][gc,phases      ] GC(333) Phase 4: Compact heap 5.063ms
[12.914s][info][gc,heap        ] GC(333) Eden regions: 0->0(127)
[12.914s][info][gc,heap        ] GC(333) Survivor regions: 0->0(0)
[12.914s][info][gc,heap        ] GC(333) Old regions: 264->50
[12.914s][info][gc,heap        ] GC(333) Archive regions: 0->0
[12.914s][info][gc,heap        ] GC(333) Humongous regions: 36->36
[12.914s][info][gc,metaspace   ] GC(333) Metaspace: 479K(640K)->479K(640K) NonClass: 444K(512K)->444K(512K) Class: 34K(128K)->34K(128K)
[12.914s][info][gc             ] GC(333) Pause Full (G1 Compaction Pause) 297M->83M(300M) 82.495ms
[12.915s][info][gc,cpu         ] GC(333) User=0.28s Sys=0.00s Real=0.08s
[12.915s][info][gc,marking     ] GC(290) Concurrent Rebuild Remembered Sets 466.183ms
[12.915s][info][gc,marking     ] GC(290) Concurrent Mark Abort
[12.915s][info][gc             ] GC(290) Concurrent Mark Cycle 1115.797ms
[13.011s][info][gc,start       ] GC(334) Pause Young (Normal) (G1 Evacuation Pause)
[13.011s][info][gc,task        ] GC(334) Using 4 workers of 4 for evacuation
[13.054s][info][gc,phases      ] GC(334)   Pre Evacuate Collection Set: 0.1ms
[13.054s][info][gc,phases      ] GC(334)   Merge Heap Roots: 0.1ms
[13.054s][info][gc,phases      ] GC(334)   Evacuate Collection Set: 42.0ms
[13.054s][info][gc,phases      ] GC(334)   Post Evacuate Collection Set: 0.2ms
[13.054s][info][gc,phases      ] GC(334)   Other: 0.1ms
[13.054s][info][gc,heap        ] GC(334) Eden regions: 127->0(109)
[13.054s][info][gc,heap        ] GC(334) Survivor regions: 0->16(16)
[13.054s][info][gc,heap        ] GC(334) Old regions: 50->60
[13.054s][info][gc,heap        ] GC(334) Archive regions: 0->0
[13.054s][info][gc,heap        ] GC(334) Humongous regions: 36->36
[13.054s][info][gc,metaspace   ] GC(334) Metaspace: 479K(640K)->479K(640K) NonClass: 444K(512K)->444K(512K) Class: 34K(128K)->34K(128K)
[13.054s][info][gc             ] GC(334) Pause Young (Normal) (G1 Evacuation Pause) 210M->109M(300M) 42.870ms
[13.054s][info][gc,cpu         ] GC(334) User=0.08s Sys=0.00s Real=0.04s
[13.138s][info][gc,start       ] GC(335) Pause Young (Normal) (G1 Evacuation Pause)
[13.138s][info][gc,task        ] GC(335) Using 4 workers of 4 for evacuation
[13.186s][info][gc,phases      ] GC(335)   Pre Evacuate Collection Set: 0.1ms
[13.186s][info][gc,phases      ] GC(335)   Merge Heap Roots: 0.1ms
[13.186s][info][gc,phases      ] GC(335)   Evacuate Collection Set: 48.3ms
[13.186s][info][gc,phases      ] GC(335)   Post Evacuate Collection Set: 0.2ms
[13.186s][info][gc,phases      ] GC(335)   Other: 0.1ms
[13.187s][info][gc,heap        ] GC(335) Eden regions: 109->0(94)
[13.187s][info][gc,heap        ] GC(335) Survivor regions: 16->16(16)
[13.187s][info][gc,heap        ] GC(335) Old regions: 60->82
[13.187s][info][gc,heap        ] GC(335) Archive regions: 0->0
[13.187s][info][gc,heap        ] GC(335) Humongous regions: 36->36
[13.187s][info][gc,metaspace   ] GC(335) Metaspace: 479K(640K)->479K(640K) NonClass: 444K(512K)->444K(512K) Class: 34K(128K)->34K(128K)
[13.187s][info][gc             ] GC(335) Pause Young (Normal) (G1 Evacuation Pause) 218M->131M(300M) 49.116ms
[13.187s][info][gc,cpu         ] GC(335) User=0.14s Sys=0.00s Real=0.05s
[13.258s][info][gc,start       ] GC(336) Pause Young (Normal) (G1 Evacuation Pause)
[13.258s][info][gc,task        ] GC(336) Using 4 workers of 4 for evacuation
[13.305s][info][gc,phases      ] GC(336)   Pre Evacuate Collection Set: 0.1ms
[13.305s][info][gc,phases      ] GC(336)   Merge Heap Roots: 0.1ms
[13.305s][info][gc,phases      ] GC(336)   Evacuate Collection Set: 45.9ms
[13.305s][info][gc,phases      ] GC(336)   Post Evacuate Collection Set: 0.2ms
[13.305s][info][gc,phases      ] GC(336)   Other: 0.2ms
[13.305s][info][gc,heap        ] GC(336) Eden regions: 94->0(80)
[13.305s][info][gc,heap        ] GC(336) Survivor regions: 16->14(14)
[13.305s][info][gc,heap        ] GC(336) Old regions: 82->104
[13.305s][info][gc,heap        ] GC(336) Archive regions: 0->0
[13.305s][info][gc,heap        ] GC(336) Humongous regions: 36->36
[13.305s][info][gc,metaspace   ] GC(336) Metaspace: 479K(640K)->479K(640K) NonClass: 444K(512K)->444K(512K) Class: 34K(128K)->34K(128K)
[13.305s][info][gc             ] GC(336) Pause Young (Normal) (G1 Evacuation Pause) 225M->151M(300M) 46.648ms
[13.305s][info][gc,cpu         ] GC(336) User=0.17s Sys=0.00s Real=0.05s
[13.367s][info][gc,start       ] GC(337) Pause Young (Concurrent Start) (G1 Evacuation Pause)
[13.368s][info][gc,task        ] GC(337) Using 4 workers of 4 for evacuation
[13.406s][info][gc,phases      ] GC(337)   Pre Evacuate Collection Set: 0.0ms
[13.406s][info][gc,phases      ] GC(337)   Merge Heap Roots: 0.1ms
[13.406s][info][gc,phases      ] GC(337)   Evacuate Collection Set: 37.7ms
[13.406s][info][gc,phases      ] GC(337)   Post Evacuate Collection Set: 0.2ms
[13.406s][info][gc,phases      ] GC(337)   Other: 0.1ms
[13.406s][info][gc,heap        ] GC(337) Eden regions: 80->0(68)
[13.406s][info][gc,heap        ] GC(337) Survivor regions: 14->12(12)
[13.406s][info][gc,heap        ] GC(337) Old regions: 104->123
[13.406s][info][gc,heap        ] GC(337) Archive regions: 0->0
[13.406s][info][gc,heap        ] GC(337) Humongous regions: 36->36
[13.406s][info][gc,metaspace   ] GC(337) Metaspace: 480K(640K)->480K(640K) NonClass: 445K(512K)->445K(512K) Class: 34K(128K)->34K(128K)
[13.406s][info][gc             ] GC(337) Pause Young (Concurrent Start) (G1 Evacuation Pause) 231M->168M(300M) 38.462ms
[13.406s][info][gc,cpu         ] GC(337) User=0.17s Sys=0.00s Real=0.04s
[13.406s][info][gc             ] GC(338) Concurrent Mark Cycle
[13.406s][info][gc,marking     ] GC(338) Concurrent Clear Claimed Marks
[13.406s][info][gc,marking     ] GC(338) Concurrent Clear Claimed Marks 0.027ms
[13.406s][info][gc,marking     ] GC(338) Concurrent Scan Root Regions
[13.432s][info][gc,marking     ] GC(338) Concurrent Scan Root Regions 25.865ms
[13.432s][info][gc,marking     ] GC(338) Concurrent Mark
[13.432s][info][gc,marking     ] GC(338) Concurrent Mark From Roots
[13.432s][info][gc,task        ] GC(338) Using 1 workers of 1 for marking
[13.486s][info][gc,start       ] GC(339) Pause Young (Normal) (G1 Evacuation Pause)
[13.486s][info][gc,task        ] GC(339) Using 4 workers of 4 for evacuation
[13.519s][info][gc,phases      ] GC(339)   Pre Evacuate Collection Set: 0.0ms
[13.519s][info][gc,phases      ] GC(339)   Merge Heap Roots: 0.1ms
[13.519s][info][gc,phases      ] GC(339)   Evacuate Collection Set: 32.3ms
[13.519s][info][gc,phases      ] GC(339)   Post Evacuate Collection Set: 0.2ms
[13.519s][info][gc,phases      ] GC(339)   Other: 0.2ms
[13.519s][info][gc,heap        ] GC(339) Eden regions: 68->0(58)
[13.519s][info][gc,heap        ] GC(339) Survivor regions: 12->10(10)
[13.519s][info][gc,heap        ] GC(339) Old regions: 123->140
[13.519s][info][gc,heap        ] GC(339) Archive regions: 0->0
[13.519s][info][gc,heap        ] GC(339) Humongous regions: 36->36
[13.519s][info][gc,metaspace   ] GC(339) Metaspace: 480K(640K)->480K(640K) NonClass: 445K(512K)->445K(512K) Class: 34K(128K)->34K(128K)
[13.519s][info][gc             ] GC(339) Pause Young (Normal) (G1 Evacuation Pause) 236M->183M(300M) 33.038ms
[13.519s][info][gc,cpu         ] GC(339) User=0.13s Sys=0.00s Real=0.03s
[13.588s][info][gc,start       ] GC(340) Pause Young (Normal) (G1 Evacuation Pause)
[13.588s][info][gc,task        ] GC(340) Using 4 workers of 4 for evacuation
[13.616s][info][gc,phases      ] GC(340)   Pre Evacuate Collection Set: 0.0ms
[13.617s][info][gc,phases      ] GC(340)   Merge Heap Roots: 0.1ms
[13.617s][info][gc,phases      ] GC(340)   Evacuate Collection Set: 27.7ms
[13.617s][info][gc,phases      ] GC(340)   Post Evacuate Collection Set: 0.2ms
[13.617s][info][gc,phases      ] GC(340)   Other: 0.1ms
[13.617s][info][gc,heap        ] GC(340) Eden regions: 58->0(48)
[13.617s][info][gc,heap        ] GC(340) Survivor regions: 10->9(9)
[13.617s][info][gc,heap        ] GC(340) Old regions: 140->155
[13.617s][info][gc,heap        ] GC(340) Archive regions: 0->0
[13.617s][info][gc,heap        ] GC(340) Humongous regions: 36->36
[13.617s][info][gc,metaspace   ] GC(340) Metaspace: 480K(640K)->480K(640K) NonClass: 445K(512K)->445K(512K) Class: 34K(128K)->34K(128K)
[13.617s][info][gc             ] GC(340) Pause Young (Normal) (G1 Evacuation Pause) 241M->197M(300M) 28.449ms
[13.617s][info][gc,cpu         ] GC(340) User=0.13s Sys=0.00s Real=0.03s
[13.669s][info][gc,start       ] GC(341) Pause Young (Normal) (G1 Evacuation Pause)
[13.669s][info][gc,task        ] GC(341) Using 4 workers of 4 for evacuation
[13.694s][info][gc,phases      ] GC(341)   Pre Evacuate Collection Set: 0.0ms
[13.694s][info][gc,phases      ] GC(341)   Merge Heap Roots: 0.0ms
[13.694s][info][gc,phases      ] GC(341)   Evacuate Collection Set: 24.8ms
[13.694s][info][gc,phases      ] GC(341)   Post Evacuate Collection Set: 0.2ms
[13.694s][info][gc,phases      ] GC(341)   Other: 0.1ms
[13.694s][info][gc,heap        ] GC(341) Eden regions: 48->0(40)
[13.694s][info][gc,heap        ] GC(341) Survivor regions: 9->8(8)
[13.694s][info][gc,heap        ] GC(341) Old regions: 155->167
[13.694s][info][gc,heap        ] GC(341) Archive regions: 0->0
[13.694s][info][gc,heap        ] GC(341) Humongous regions: 36->36
[13.694s][info][gc,metaspace   ] GC(341) Metaspace: 480K(640K)->480K(640K) NonClass: 445K(512K)->445K(512K) Class: 34K(128K)->34K(128K)
[13.694s][info][gc             ] GC(341) Pause Young (Normal) (G1 Evacuation Pause) 245M->208M(300M) 25.491ms
[13.694s][info][gc,cpu         ] GC(341) User=0.06s Sys=0.00s Real=0.03s
[13.741s][info][gc,start       ] GC(342) Pause Young (Normal) (G1 Evacuation Pause)
[13.741s][info][gc,task        ] GC(342) Using 4 workers of 4 for evacuation
[13.763s][info][gc,phases      ] GC(342)   Pre Evacuate Collection Set: 0.0ms
[13.763s][info][gc,phases      ] GC(342)   Merge Heap Roots: 0.1ms
[13.763s][info][gc,phases      ] GC(342)   Evacuate Collection Set: 21.3ms
[13.763s][info][gc,phases      ] GC(342)   Post Evacuate Collection Set: 0.2ms
[13.763s][info][gc,phases      ] GC(342)   Other: 0.2ms
[13.763s][info][gc,heap        ] GC(342) Eden regions: 40->0(34)
[13.763s][info][gc,heap        ] GC(342) Survivor regions: 8->6(6)
[13.763s][info][gc,heap        ] GC(342) Old regions: 167->178
[13.763s][info][gc,heap        ] GC(342) Archive regions: 0->0
[13.763s][info][gc,heap        ] GC(342) Humongous regions: 36->36
[13.763s][info][gc,metaspace   ] GC(342) Metaspace: 480K(640K)->480K(640K) NonClass: 445K(512K)->445K(512K) Class: 34K(128K)->34K(128K)
[13.763s][info][gc             ] GC(342) Pause Young (Normal) (G1 Evacuation Pause) 248M->217M(300M) 22.056ms
[13.763s][info][gc,cpu         ] GC(342) User=0.11s Sys=0.00s Real=0.02s
[13.798s][info][gc,start       ] GC(343) Pause Young (Normal) (G1 Evacuation Pause)
[13.799s][info][gc,task        ] GC(343) Using 4 workers of 4 for evacuation
[13.817s][info][gc,phases      ] GC(343)   Pre Evacuate Collection Set: 0.0ms
[13.817s][info][gc,phases      ] GC(343)   Merge Heap Roots: 0.0ms
[13.817s][info][gc,phases      ] GC(343)   Evacuate Collection Set: 18.0ms
[13.817s][info][gc,phases      ] GC(343)   Post Evacuate Collection Set: 0.2ms
[13.817s][info][gc,phases      ] GC(343)   Other: 0.1ms
[13.817s][info][gc,heap        ] GC(343) Eden regions: 34->0(29)
[13.817s][info][gc,heap        ] GC(343) Survivor regions: 6->5(5)
[13.817s][info][gc,heap        ] GC(343) Old regions: 178->186
[13.817s][info][gc,heap        ] GC(343) Archive regions: 0->0
[13.817s][info][gc,heap        ] GC(343) Humongous regions: 36->36
[13.817s][info][gc,metaspace   ] GC(343) Metaspace: 480K(640K)->480K(640K) NonClass: 445K(512K)->445K(512K) Class: 34K(128K)->34K(128K)
[13.817s][info][gc             ] GC(343) Pause Young (Normal) (G1 Evacuation Pause) 251M->224M(300M) 18.723ms
[13.817s][info][gc,cpu         ] GC(343) User=0.06s Sys=0.00s Real=0.02s
[13.849s][info][gc,start       ] GC(344) Pause Young (Normal) (G1 Evacuation Pause)
[13.849s][info][gc,task        ] GC(344) Using 4 workers of 4 for evacuation
[13.864s][info][gc,phases      ] GC(344)   Pre Evacuate Collection Set: 0.0ms
[13.864s][info][gc,phases      ] GC(344)   Merge Heap Roots: 0.0ms
[13.865s][info][gc,phases      ] GC(344)   Evacuate Collection Set: 14.7ms
[13.865s][info][gc,phases      ] GC(344)   Post Evacuate Collection Set: 0.2ms
[13.865s][info][gc,phases      ] GC(344)   Other: 0.1ms
[13.865s][info][gc,heap        ] GC(344) Eden regions: 29->0(24)
[13.865s][info][gc,heap        ] GC(344) Survivor regions: 5->5(5)
[13.865s][info][gc,heap        ] GC(344) Old regions: 186->193
[13.865s][info][gc,heap        ] GC(344) Archive regions: 0->0
[13.865s][info][gc,heap        ] GC(344) Humongous regions: 36->36
[13.865s][info][gc,metaspace   ] GC(344) Metaspace: 480K(640K)->480K(640K) NonClass: 445K(512K)->445K(512K) Class: 34K(128K)->34K(128K)
[13.865s][info][gc             ] GC(344) Pause Young (Normal) (G1 Evacuation Pause) 253M->231M(300M) 15.486ms
[13.865s][info][gc,cpu         ] GC(344) User=0.06s Sys=0.00s Real=0.01s
[13.891s][info][gc,start       ] GC(345) Pause Young (Normal) (G1 Evacuation Pause)
[13.891s][info][gc,task        ] GC(345) Using 4 workers of 4 for evacuation
[13.904s][info][gc,phases      ] GC(345)   Pre Evacuate Collection Set: 0.0ms
[13.904s][info][gc,phases      ] GC(345)   Merge Heap Roots: 0.0ms
[13.904s][info][gc,phases      ] GC(345)   Evacuate Collection Set: 12.9ms
[13.904s][info][gc,phases      ] GC(345)   Post Evacuate Collection Set: 0.2ms
[13.904s][info][gc,phases      ] GC(345)   Other: 0.1ms
[13.904s][info][gc,heap        ] GC(345) Eden regions: 24->0(20)
[13.904s][info][gc,heap        ] GC(345) Survivor regions: 5->4(4)
[13.904s][info][gc,heap        ] GC(345) Old regions: 193->200
[13.904s][info][gc,heap        ] GC(345) Archive regions: 0->0
[13.904s][info][gc,heap        ] GC(345) Humongous regions: 36->36
[13.904s][info][gc,metaspace   ] GC(345) Metaspace: 480K(640K)->480K(640K) NonClass: 445K(512K)->445K(512K) Class: 34K(128K)->34K(128K)
[13.904s][info][gc             ] GC(345) Pause Young (Normal) (G1 Evacuation Pause) 255M->237M(300M) 13.535ms
[13.904s][info][gc,cpu         ] GC(345) User=0.05s Sys=0.00s Real=0.01s
[13.924s][info][gc,start       ] GC(346) Pause Young (Normal) (G1 Evacuation Pause)
[13.924s][info][gc,task        ] GC(346) Using 4 workers of 4 for evacuation
[13.935s][info][gc,phases      ] GC(346)   Pre Evacuate Collection Set: 0.0ms
[13.935s][info][gc,phases      ] GC(346)   Merge Heap Roots: 0.0ms
[13.935s][info][gc,phases      ] GC(346)   Evacuate Collection Set: 10.3ms
[13.935s][info][gc,phases      ] GC(346)   Post Evacuate Collection Set: 0.2ms
[13.935s][info][gc,phases      ] GC(346)   Other: 0.1ms
[13.935s][info][gc,heap        ] GC(346) Eden regions: 20->0(17)
[13.935s][info][gc,heap        ] GC(346) Survivor regions: 4->3(3)
[13.935s][info][gc,heap        ] GC(346) Old regions: 200->205
[13.935s][info][gc,heap        ] GC(346) Archive regions: 0->0
[13.935s][info][gc,heap        ] GC(346) Humongous regions: 36->36
[13.935s][info][gc,metaspace   ] GC(346) Metaspace: 480K(640K)->480K(640K) NonClass: 445K(512K)->445K(512K) Class: 34K(128K)->34K(128K)
[13.935s][info][gc             ] GC(346) Pause Young (Normal) (G1 Evacuation Pause) 257M->241M(300M) 10.955ms
[13.935s][info][gc,cpu         ] GC(346) User=0.05s Sys=0.00s Real=0.01s
[13.956s][info][gc,start       ] GC(347) Pause Young (Normal) (G1 Evacuation Pause)
[13.956s][info][gc,task        ] GC(347) Using 4 workers of 4 for evacuation
[13.967s][info][gc,phases      ] GC(347)   Pre Evacuate Collection Set: 0.1ms
[13.967s][info][gc,phases      ] GC(347)   Merge Heap Roots: 0.0ms
[13.967s][info][gc,phases      ] GC(347)   Evacuate Collection Set: 10.3ms
[13.967s][info][gc,phases      ] GC(347)   Post Evacuate Collection Set: 0.2ms
[13.967s][info][gc,phases      ] GC(347)   Other: 0.2ms
[13.967s][info][gc,heap        ] GC(347) Eden regions: 17->0(14)
[13.967s][info][gc,heap        ] GC(347) Survivor regions: 3->3(3)
[13.967s][info][gc,heap        ] GC(347) Old regions: 205->209
[13.967s][info][gc,heap        ] GC(347) Archive regions: 0->0
[13.967s][info][gc,heap        ] GC(347) Humongous regions: 36->36
[13.967s][info][gc,metaspace   ] GC(347) Metaspace: 480K(640K)->480K(640K) NonClass: 445K(512K)->445K(512K) Class: 34K(128K)->34K(128K)
[13.967s][info][gc             ] GC(347) Pause Young (Normal) (G1 Evacuation Pause) 258M->245M(300M) 11.009ms
[13.967s][info][gc,cpu         ] GC(347) User=0.06s Sys=0.00s Real=0.01s
[13.983s][info][gc,start       ] GC(348) Pause Young (Normal) (G1 Evacuation Pause)
[13.983s][info][gc,task        ] GC(348) Using 4 workers of 4 for evacuation
[13.994s][info][gc,phases      ] GC(348)   Pre Evacuate Collection Set: 0.1ms
[13.994s][info][gc,phases      ] GC(348)   Merge Heap Roots: 0.0ms
[13.994s][info][gc,phases      ] GC(348)   Evacuate Collection Set: 10.3ms
[13.994s][info][gc,phases      ] GC(348)   Post Evacuate Collection Set: 0.2ms
[13.994s][info][gc,phases      ] GC(348)   Other: 0.1ms
[13.994s][info][gc,heap        ] GC(348) Eden regions: 14->0(12)
[13.994s][info][gc,heap        ] GC(348) Survivor regions: 3->3(3)
[13.994s][info][gc,heap        ] GC(348) Old regions: 209->213
[13.994s][info][gc,heap        ] GC(348) Archive regions: 0->0
[13.994s][info][gc,heap        ] GC(348) Humongous regions: 36->36
[13.994s][info][gc,metaspace   ] GC(348) Metaspace: 480K(640K)->480K(640K) NonClass: 445K(512K)->445K(512K) Class: 34K(128K)->34K(128K)
[13.994s][info][gc             ] GC(348) Pause Young (Normal) (G1 Evacuation Pause) 259M->249M(300M) 10.942ms
[13.994s][info][gc,cpu         ] GC(348) User=0.00s Sys=0.00s Real=0.01s
[14.007s][info][gc,start       ] GC(349) Pause Young (Normal) (G1 Evacuation Pause)
[14.007s][info][gc,task        ] GC(349) Using 4 workers of 4 for evacuation
[14.016s][info][gc,phases      ] GC(349)   Pre Evacuate Collection Set: 0.0ms
[14.016s][info][gc,phases      ] GC(349)   Merge Heap Roots: 0.0ms
[14.016s][info][gc,phases      ] GC(349)   Evacuate Collection Set: 8.3ms
[14.016s][info][gc,phases      ] GC(349)   Post Evacuate Collection Set: 0.2ms
[14.016s][info][gc,phases      ] GC(349)   Other: 0.2ms
[14.016s][info][gc,heap        ] GC(349) Eden regions: 12->0(13)
[14.016s][info][gc,heap        ] GC(349) Survivor regions: 3->2(2)
[14.016s][info][gc,heap        ] GC(349) Old regions: 213->216
[14.016s][info][gc,heap        ] GC(349) Archive regions: 0->0
[14.016s][info][gc,heap        ] GC(349) Humongous regions: 36->36
[14.016s][info][gc,metaspace   ] GC(349) Metaspace: 480K(640K)->480K(640K) NonClass: 445K(512K)->445K(512K) Class: 34K(128K)->34K(128K)
[14.016s][info][gc             ] GC(349) Pause Young (Normal) (G1 Evacuation Pause) 261M->251M(300M) 8.963ms
[14.016s][info][gc,cpu         ] GC(349) User=0.05s Sys=0.00s Real=0.01s
[14.018s][info][gc,marking     ] GC(338) Concurrent Mark From Roots 585.708ms
[14.018s][info][gc,marking     ] GC(338) Concurrent Preclean
[14.018s][info][gc,marking     ] GC(338) Concurrent Preclean 0.095ms
[14.018s][info][gc,start       ] GC(338) Pause Remark
[14.018s][info][gc             ] GC(338) Pause Remark 254M->254M(300M) 0.369ms
[14.018s][info][gc,cpu         ] GC(338) User=0.00s Sys=0.00s Real=0.00s
[14.019s][info][gc,marking     ] GC(338) Concurrent Mark 586.401ms
[14.019s][info][gc,marking     ] GC(338) Concurrent Rebuild Remembered Sets
[14.034s][info][gc,start       ] GC(350) Pause Young (Normal) (G1 Evacuation Pause)
[14.034s][info][gc,task        ] GC(350) Using 4 workers of 4 for evacuation
[14.038s][info][gc,phases      ] GC(350)   Pre Evacuate Collection Set: 0.0ms
[14.038s][info][gc,phases      ] GC(350)   Merge Heap Roots: 0.0ms
[14.039s][info][gc,phases      ] GC(350)   Evacuate Collection Set: 3.9ms
[14.039s][info][gc,phases      ] GC(350)   Post Evacuate Collection Set: 0.2ms
[14.039s][info][gc,phases      ] GC(350)   Other: 0.1ms
[14.039s][info][gc,heap        ] GC(350) Eden regions: 13->0(13)
[14.039s][info][gc,heap        ] GC(350) Survivor regions: 2->2(2)
[14.039s][info][gc,heap        ] GC(350) Old regions: 216->217
[14.039s][info][gc,heap        ] GC(350) Archive regions: 0->0
[14.039s][info][gc,heap        ] GC(350) Humongous regions: 36->36
[14.039s][info][gc,metaspace   ] GC(350) Metaspace: 480K(640K)->480K(640K) NonClass: 445K(512K)->445K(512K) Class: 34K(128K)->34K(128K)
[14.039s][info][gc             ] GC(350) Pause Young (Normal) (G1 Evacuation Pause) 264M->252M(300M) 4.564ms
[14.039s][info][gc,cpu         ] GC(350) User=0.00s Sys=0.00s Real=0.00s
[14.051s][info][gc,start       ] GC(351) Pause Young (Normal) (G1 Evacuation Pause)
[14.051s][info][gc,task        ] GC(351) Using 4 workers of 4 for evacuation
[14.058s][info][gc,phases      ] GC(351)   Pre Evacuate Collection Set: 0.0ms
[14.058s][info][gc,phases      ] GC(351)   Merge Heap Roots: 0.0ms
[14.058s][info][gc,phases      ] GC(351)   Evacuate Collection Set: 6.3ms
[14.058s][info][gc,phases      ] GC(351)   Post Evacuate Collection Set: 0.2ms
[14.058s][info][gc,phases      ] GC(351)   Other: 0.1ms
[14.058s][info][gc,heap        ] GC(351) Eden regions: 13->0(13)
[14.058s][info][gc,heap        ] GC(351) Survivor regions: 2->2(2)
[14.058s][info][gc,heap        ] GC(351) Old regions: 217->219
[14.058s][info][gc,heap        ] GC(351) Archive regions: 0->0
[14.058s][info][gc,heap        ] GC(351) Humongous regions: 36->36
[14.058s][info][gc,metaspace   ] GC(351) Metaspace: 480K(640K)->480K(640K) NonClass: 445K(512K)->445K(512K) Class: 34K(128K)->34K(128K)
[14.058s][info][gc             ] GC(351) Pause Young (Normal) (G1 Evacuation Pause) 265M->254M(300M) 6.927ms
[14.058s][info][gc,cpu         ] GC(351) User=0.00s Sys=0.00s Real=0.01s
[14.069s][info][gc,start       ] GC(352) Pause Young (Normal) (G1 Evacuation Pause)
[14.069s][info][gc,task        ] GC(352) Using 4 workers of 4 for evacuation
[14.077s][info][gc,phases      ] GC(352)   Pre Evacuate Collection Set: 0.0ms
[14.077s][info][gc,phases      ] GC(352)   Merge Heap Roots: 0.0ms
[14.077s][info][gc,phases      ] GC(352)   Evacuate Collection Set: 7.5ms
[14.077s][info][gc,phases      ] GC(352)   Post Evacuate Collection Set: 0.2ms
[14.077s][info][gc,phases      ] GC(352)   Other: 0.2ms
[14.077s][info][gc,heap        ] GC(352) Eden regions: 13->0(13)
[14.077s][info][gc,heap        ] GC(352) Survivor regions: 2->2(2)
[14.077s][info][gc,heap        ] GC(352) Old regions: 219->222
[14.077s][info][gc,heap        ] GC(352) Archive regions: 0->0
[14.077s][info][gc,heap        ] GC(352) Humongous regions: 36->36
[14.077s][info][gc,metaspace   ] GC(352) Metaspace: 480K(640K)->480K(640K) NonClass: 445K(512K)->445K(512K) Class: 34K(128K)->34K(128K)
[14.077s][info][gc             ] GC(352) Pause Young (Normal) (G1 Evacuation Pause) 267M->257M(300M) 8.150ms
[14.077s][info][gc,cpu         ] GC(352) User=0.05s Sys=0.00s Real=0.01s
[14.088s][info][gc,start       ] GC(353) Pause Young (Normal) (G1 Evacuation Pause)
[14.088s][info][gc,task        ] GC(353) Using 4 workers of 4 for evacuation
[14.096s][info][gc,phases      ] GC(353)   Pre Evacuate Collection Set: 0.0ms
[14.096s][info][gc,phases      ] GC(353)   Merge Heap Roots: 0.1ms
[14.096s][info][gc,phases      ] GC(353)   Evacuate Collection Set: 7.9ms
[14.096s][info][gc,phases      ] GC(353)   Post Evacuate Collection Set: 0.2ms
[14.096s][info][gc,phases      ] GC(353)   Other: 0.1ms
[14.096s][info][gc,heap        ] GC(353) Eden regions: 13->0(13)
[14.096s][info][gc,heap        ] GC(353) Survivor regions: 2->2(2)
[14.096s][info][gc,heap        ] GC(353) Old regions: 222->225
[14.096s][info][gc,heap        ] GC(353) Archive regions: 0->0
[14.096s][info][gc,heap        ] GC(353) Humongous regions: 36->36
[14.096s][info][gc,metaspace   ] GC(353) Metaspace: 480K(640K)->480K(640K) NonClass: 445K(512K)->445K(512K) Class: 34K(128K)->34K(128K)
[14.096s][info][gc             ] GC(353) Pause Young (Normal) (G1 Evacuation Pause) 270M->260M(300M) 8.563ms
[14.096s][info][gc,cpu         ] GC(353) User=0.06s Sys=0.00s Real=0.01s
[14.107s][info][gc,start       ] GC(354) Pause Young (Normal) (G1 Evacuation Pause)
[14.107s][info][gc,task        ] GC(354) Using 4 workers of 4 for evacuation
[14.114s][info][gc,phases      ] GC(354)   Pre Evacuate Collection Set: 0.1ms
[14.114s][info][gc,phases      ] GC(354)   Merge Heap Roots: 0.0ms
[14.114s][info][gc,phases      ] GC(354)   Evacuate Collection Set: 6.4ms
[14.114s][info][gc,phases      ] GC(354)   Post Evacuate Collection Set: 0.2ms
[14.114s][info][gc,phases      ] GC(354)   Other: 0.1ms
[14.114s][info][gc,heap        ] GC(354) Eden regions: 13->0(13)
[14.114s][info][gc,heap        ] GC(354) Survivor regions: 2->2(2)
[14.114s][info][gc,heap        ] GC(354) Old regions: 225->228
[14.114s][info][gc,heap        ] GC(354) Archive regions: 0->0
[14.114s][info][gc,heap        ] GC(354) Humongous regions: 36->36
[14.114s][info][gc,metaspace   ] GC(354) Metaspace: 480K(640K)->480K(640K) NonClass: 445K(512K)->445K(512K) Class: 34K(128K)->34K(128K)
[14.114s][info][gc             ] GC(354) Pause Young (Normal) (G1 Evacuation Pause) 273M->263M(300M) 7.030ms
[14.114s][info][gc,cpu         ] GC(354) User=0.00s Sys=0.00s Real=0.01s
[14.125s][info][gc,start       ] GC(355) Pause Young (Normal) (G1 Evacuation Pause)
[14.125s][info][gc,task        ] GC(355) Using 4 workers of 4 for evacuation
[14.132s][info][gc,phases      ] GC(355)   Pre Evacuate Collection Set: 0.0ms
[14.132s][info][gc,phases      ] GC(355)   Merge Heap Roots: 0.0ms
[14.132s][info][gc,phases      ] GC(355)   Evacuate Collection Set: 6.8ms
[14.132s][info][gc,phases      ] GC(355)   Post Evacuate Collection Set: 0.2ms
[14.132s][info][gc,phases      ] GC(355)   Other: 0.1ms
[14.132s][info][gc,heap        ] GC(355) Eden regions: 13->0(13)
[14.132s][info][gc,heap        ] GC(355) Survivor regions: 2->2(2)
[14.132s][info][gc,heap        ] GC(355) Old regions: 228->231
[14.132s][info][gc,heap        ] GC(355) Archive regions: 0->0
[14.132s][info][gc,heap        ] GC(355) Humongous regions: 36->36
[14.132s][info][gc,metaspace   ] GC(355) Metaspace: 480K(640K)->480K(640K) NonClass: 445K(512K)->445K(512K) Class: 34K(128K)->34K(128K)
[14.132s][info][gc             ] GC(355) Pause Young (Normal) (G1 Evacuation Pause) 276M->265M(300M) 7.407ms
[14.132s][info][gc,cpu         ] GC(355) User=0.00s Sys=0.00s Real=0.01s
[14.145s][info][gc,start       ] GC(356) Pause Young (Normal) (G1 Evacuation Pause)
[14.145s][info][gc,task        ] GC(356) Using 4 workers of 4 for evacuation
[14.152s][info][gc,phases      ] GC(356)   Pre Evacuate Collection Set: 0.0ms
[14.152s][info][gc,phases      ] GC(356)   Merge Heap Roots: 0.0ms
[14.152s][info][gc,phases      ] GC(356)   Evacuate Collection Set: 6.8ms
[14.152s][info][gc,phases      ] GC(356)   Post Evacuate Collection Set: 0.2ms
[14.152s][info][gc,phases      ] GC(356)   Other: 0.1ms
[14.152s][info][gc,heap        ] GC(356) Eden regions: 13->0(13)
[14.152s][info][gc,heap        ] GC(356) Survivor regions: 2->2(2)
[14.152s][info][gc,heap        ] GC(356) Old regions: 231->233
[14.152s][info][gc,heap        ] GC(356) Archive regions: 0->0
[14.152s][info][gc,heap        ] GC(356) Humongous regions: 36->36
[14.152s][info][gc,metaspace   ] GC(356) Metaspace: 480K(640K)->480K(640K) NonClass: 445K(512K)->445K(512K) Class: 34K(128K)->34K(128K)
[14.152s][info][gc             ] GC(356) Pause Young (Normal) (G1 Evacuation Pause) 278M->268M(300M) 7.332ms
[14.152s][info][gc,cpu         ] GC(356) User=0.05s Sys=0.00s Real=0.01s
[14.165s][info][gc,start       ] GC(357) Pause Young (Normal) (G1 Evacuation Pause)
[14.165s][info][gc,task        ] GC(357) Using 4 workers of 4 for evacuation
[14.171s][info][gc,phases      ] GC(357)   Pre Evacuate Collection Set: 0.0ms
[14.171s][info][gc,phases      ] GC(357)   Merge Heap Roots: 0.0ms
[14.171s][info][gc,phases      ] GC(357)   Evacuate Collection Set: 5.9ms
[14.171s][info][gc,phases      ] GC(357)   Post Evacuate Collection Set: 0.2ms
[14.171s][info][gc,phases      ] GC(357)   Other: 0.1ms
[14.171s][info][gc,heap        ] GC(357) Eden regions: 13->0(13)
[14.171s][info][gc,heap        ] GC(357) Survivor regions: 2->2(2)
[14.171s][info][gc,heap        ] GC(357) Old regions: 233->236
[14.171s][info][gc,heap        ] GC(357) Archive regions: 0->0
[14.171s][info][gc,heap        ] GC(357) Humongous regions: 36->36
[14.171s][info][gc,metaspace   ] GC(357) Metaspace: 480K(640K)->480K(640K) NonClass: 445K(512K)->445K(512K) Class: 34K(128K)->34K(128K)
[14.172s][info][gc             ] GC(357) Pause Young (Normal) (G1 Evacuation Pause) 281M->271M(300M) 6.474ms
[14.172s][info][gc,cpu         ] GC(357) User=0.06s Sys=0.00s Real=0.01s
[14.182s][info][gc,start       ] GC(358) Pause Young (Normal) (G1 Evacuation Pause)
[14.182s][info][gc,task        ] GC(358) Using 4 workers of 4 for evacuation
[14.189s][info][gc,phases      ] GC(358)   Pre Evacuate Collection Set: 0.1ms
[14.189s][info][gc,phases      ] GC(358)   Merge Heap Roots: 0.0ms
[14.189s][info][gc,phases      ] GC(358)   Evacuate Collection Set: 6.2ms
[14.189s][info][gc,phases      ] GC(358)   Post Evacuate Collection Set: 0.2ms
[14.189s][info][gc,phases      ] GC(358)   Other: 0.2ms
[14.189s][info][gc,heap        ] GC(358) Eden regions: 13->0(13)
[14.189s][info][gc,heap        ] GC(358) Survivor regions: 2->2(2)
[14.189s][info][gc,heap        ] GC(358) Old regions: 236->239
[14.189s][info][gc,heap        ] GC(358) Archive regions: 0->0
[14.189s][info][gc,heap        ] GC(358) Humongous regions: 36->36
[14.189s][info][gc,metaspace   ] GC(358) Metaspace: 480K(640K)->480K(640K) NonClass: 445K(512K)->445K(512K) Class: 34K(128K)->34K(128K)
[14.189s][info][gc             ] GC(358) Pause Young (Normal) (G1 Evacuation Pause) 284M->274M(300M) 6.892ms
[14.189s][info][gc,cpu         ] GC(358) User=0.05s Sys=0.00s Real=0.01s
[14.200s][info][gc,start       ] GC(359) Pause Young (Normal) (G1 Evacuation Pause)
[14.200s][info][gc,task        ] GC(359) Using 4 workers of 4 for evacuation
[14.207s][info][gc,phases      ] GC(359)   Pre Evacuate Collection Set: 0.0ms
[14.207s][info][gc,phases      ] GC(359)   Merge Heap Roots: 0.0ms
[14.207s][info][gc,phases      ] GC(359)   Evacuate Collection Set: 7.0ms
[14.207s][info][gc,phases      ] GC(359)   Post Evacuate Collection Set: 0.2ms
[14.207s][info][gc,phases      ] GC(359)   Other: 0.2ms
[14.207s][info][gc,heap        ] GC(359) Eden regions: 13->0(13)
[14.207s][info][gc,heap        ] GC(359) Survivor regions: 2->2(2)
[14.207s][info][gc,heap        ] GC(359) Old regions: 239->242
[14.207s][info][gc,heap        ] GC(359) Archive regions: 0->0
[14.207s][info][gc,heap        ] GC(359) Humongous regions: 36->36
[14.207s][info][gc,metaspace   ] GC(359) Metaspace: 480K(640K)->480K(640K) NonClass: 445K(512K)->445K(512K) Class: 34K(128K)->34K(128K)
[14.208s][info][gc             ] GC(359) Pause Young (Normal) (G1 Evacuation Pause) 287M->277M(300M) 7.729ms
[14.208s][info][gc,cpu         ] GC(359) User=0.00s Sys=0.00s Real=0.01s
[14.220s][info][gc,start       ] GC(360) Pause Young (Normal) (G1 Evacuation Pause)
[14.220s][info][gc,task        ] GC(360) Using 4 workers of 4 for evacuation
[14.228s][info][gc,phases      ] GC(360)   Pre Evacuate Collection Set: 0.0ms
[14.228s][info][gc,phases      ] GC(360)   Merge Heap Roots: 0.0ms
[14.228s][info][gc,phases      ] GC(360)   Evacuate Collection Set: 7.5ms
[14.228s][info][gc,phases      ] GC(360)   Post Evacuate Collection Set: 0.2ms
[14.228s][info][gc,phases      ] GC(360)   Other: 0.1ms
[14.228s][info][gc,heap        ] GC(360) Eden regions: 13->0(13)
[14.228s][info][gc,heap        ] GC(360) Survivor regions: 2->2(2)
[14.228s][info][gc,heap        ] GC(360) Old regions: 242->245
[14.228s][info][gc,heap        ] GC(360) Archive regions: 0->0
[14.228s][info][gc,heap        ] GC(360) Humongous regions: 36->36
[14.229s][info][gc,metaspace   ] GC(360) Metaspace: 480K(640K)->480K(640K) NonClass: 445K(512K)->445K(512K) Class: 34K(128K)->34K(128K)
[14.229s][info][gc             ] GC(360) Pause Young (Normal) (G1 Evacuation Pause) 290M->280M(300M) 8.132ms
[14.229s][info][gc,cpu         ] GC(360) User=0.00s Sys=0.00s Real=0.01s
[14.238s][info][gc,start       ] GC(361) Pause Young (Normal) (G1 Preventive Collection)
[14.238s][info][gc,task        ] GC(361) Using 4 workers of 4 for evacuation
[14.245s][info][gc,phases      ] GC(361)   Pre Evacuate Collection Set: 0.0ms
[14.245s][info][gc,phases      ] GC(361)   Merge Heap Roots: 0.0ms
[14.245s][info][gc,phases      ] GC(361)   Evacuate Collection Set: 6.5ms
[14.245s][info][gc,phases      ] GC(361)   Post Evacuate Collection Set: 0.2ms
[14.245s][info][gc,phases      ] GC(361)   Other: 0.1ms
[14.245s][info][gc,heap        ] GC(361) Eden regions: 12->0(13)
[14.245s][info][gc,heap        ] GC(361) Survivor regions: 2->2(2)
[14.245s][info][gc,heap        ] GC(361) Old regions: 245->248
[14.245s][info][gc,heap        ] GC(361) Archive regions: 0->0
[14.245s][info][gc,heap        ] GC(361) Humongous regions: 36->36
[14.245s][info][gc,metaspace   ] GC(361) Metaspace: 480K(640K)->480K(640K) NonClass: 445K(512K)->445K(512K) Class: 34K(128K)->34K(128K)
[14.246s][info][gc             ] GC(361) Pause Young (Normal) (G1 Preventive Collection) 292M->282M(300M) 7.082ms
[14.246s][info][gc,cpu         ] GC(361) User=0.00s Sys=0.00s Real=0.01s
[14.253s][info][gc,start       ] GC(362) Pause Young (Normal) (G1 Preventive Collection)
[14.253s][info][gc,task        ] GC(362) Using 4 workers of 4 for evacuation
[14.258s][info][gc,phases      ] GC(362)   Pre Evacuate Collection Set: 0.1ms
[14.258s][info][gc,phases      ] GC(362)   Merge Heap Roots: 0.0ms
[14.258s][info][gc,phases      ] GC(362)   Evacuate Collection Set: 5.1ms
[14.258s][info][gc,phases      ] GC(362)   Post Evacuate Collection Set: 0.2ms
[14.258s][info][gc,phases      ] GC(362)   Other: 0.2ms
[14.258s][info][gc,heap        ] GC(362) Eden regions: 9->0(13)
[14.258s][info][gc,heap        ] GC(362) Survivor regions: 2->2(2)
[14.258s][info][gc,heap        ] GC(362) Old regions: 248->250
[14.258s][info][gc,heap        ] GC(362) Archive regions: 0->0
[14.259s][info][gc,heap        ] GC(362) Humongous regions: 36->36
[14.259s][info][gc,metaspace   ] GC(362) Metaspace: 480K(640K)->480K(640K) NonClass: 445K(512K)->445K(512K) Class: 34K(128K)->34K(128K)
[14.259s][info][gc             ] GC(362) Pause Young (Normal) (G1 Preventive Collection) 291M->285M(300M) 5.824ms
[14.259s][info][gc,cpu         ] GC(362) User=0.00s Sys=0.00s Real=0.01s
[14.266s][info][gc,start       ] GC(363) Pause Young (Normal) (G1 Preventive Collection)
[14.266s][info][gc,task        ] GC(363) Using 4 workers of 4 for evacuation
[14.271s][info][gc,phases      ] GC(363)   Pre Evacuate Collection Set: 0.0ms
[14.271s][info][gc,phases      ] GC(363)   Merge Heap Roots: 0.0ms
[14.271s][info][gc,phases      ] GC(363)   Evacuate Collection Set: 4.5ms
[14.271s][info][gc,phases      ] GC(363)   Post Evacuate Collection Set: 0.2ms
[14.271s][info][gc,phases      ] GC(363)   Other: 0.1ms
[14.271s][info][gc,heap        ] GC(363) Eden regions: 8->0(13)
[14.271s][info][gc,heap        ] GC(363) Survivor regions: 2->2(2)
[14.271s][info][gc,heap        ] GC(363) Old regions: 250->252
[14.271s][info][gc,heap        ] GC(363) Archive regions: 0->0
[14.271s][info][gc,heap        ] GC(363) Humongous regions: 36->36
[14.271s][info][gc,metaspace   ] GC(363) Metaspace: 480K(640K)->480K(640K) NonClass: 445K(512K)->445K(512K) Class: 34K(128K)->34K(128K)
[14.271s][info][gc             ] GC(363) Pause Young (Normal) (G1 Preventive Collection) 293M->286M(300M) 5.098ms
[14.271s][info][gc,cpu         ] GC(363) User=0.00s Sys=0.00s Real=0.01s
[14.276s][info][gc,start       ] GC(364) Pause Young (Normal) (G1 Preventive Collection)
[14.276s][info][gc,task        ] GC(364) Using 4 workers of 4 for evacuation
[14.281s][info][gc,phases      ] GC(364)   Pre Evacuate Collection Set: 0.0ms
[14.281s][info][gc,phases      ] GC(364)   Merge Heap Roots: 0.0ms
[14.281s][info][gc,phases      ] GC(364)   Evacuate Collection Set: 4.3ms
[14.281s][info][gc,phases      ] GC(364)   Post Evacuate Collection Set: 0.2ms
[14.281s][info][gc,phases      ] GC(364)   Other: 0.1ms
[14.281s][info][gc,heap        ] GC(364) Eden regions: 6->0(13)
[14.281s][info][gc,heap        ] GC(364) Survivor regions: 2->2(2)
[14.281s][info][gc,heap        ] GC(364) Old regions: 252->253
[14.281s][info][gc,heap        ] GC(364) Archive regions: 0->0
[14.281s][info][gc,heap        ] GC(364) Humongous regions: 36->36
[14.281s][info][gc,metaspace   ] GC(364) Metaspace: 480K(640K)->480K(640K) NonClass: 445K(512K)->445K(512K) Class: 34K(128K)->34K(128K)
[14.281s][info][gc             ] GC(364) Pause Young (Normal) (G1 Preventive Collection) 292M->288M(300M) 4.866ms
[14.281s][info][gc,cpu         ] GC(364) User=0.06s Sys=0.00s Real=0.00s
[14.287s][info][gc,start       ] GC(365) Pause Young (Normal) (G1 Preventive Collection)
[14.287s][info][gc,task        ] GC(365) Using 4 workers of 4 for evacuation
[14.292s][info][gc             ] GC(365) To-space exhausted
[14.292s][info][gc,phases      ] GC(365)   Pre Evacuate Collection Set: 0.0ms
[14.292s][info][gc,phases      ] GC(365)   Merge Heap Roots: 0.0ms
[14.292s][info][gc,phases      ] GC(365)   Evacuate Collection Set: 4.2ms
[14.292s][info][gc,phases      ] GC(365)   Post Evacuate Collection Set: 0.7ms
[14.292s][info][gc,phases      ] GC(365)   Other: 0.2ms
[14.292s][info][gc,heap        ] GC(365) Eden regions: 6->0(13)
[14.292s][info][gc,heap        ] GC(365) Survivor regions: 2->2(2)
[14.292s][info][gc,heap        ] GC(365) Old regions: 253->256
[14.292s][info][gc,heap        ] GC(365) Archive regions: 0->0
[14.292s][info][gc,heap        ] GC(365) Humongous regions: 36->36
[14.292s][info][gc,metaspace   ] GC(365) Metaspace: 480K(640K)->480K(640K) NonClass: 445K(512K)->445K(512K) Class: 34K(128K)->34K(128K)
[14.292s][info][gc             ] GC(365) Pause Young (Normal) (G1 Preventive Collection) 294M->290M(300M) 5.350ms
[14.293s][info][gc,cpu         ] GC(365) User=0.00s Sys=0.00s Real=0.00s
[14.296s][info][gc,start       ] GC(366) Pause Young (Normal) (G1 Preventive Collection)
[14.296s][info][gc,task        ] GC(366) Using 4 workers of 4 for evacuation
[14.299s][info][gc,phases      ] GC(366)   Pre Evacuate Collection Set: 0.0ms
[14.299s][info][gc,phases      ] GC(366)   Merge Heap Roots: 0.0ms
[14.299s][info][gc,phases      ] GC(366)   Evacuate Collection Set: 3.4ms
[14.299s][info][gc,phases      ] GC(366)   Post Evacuate Collection Set: 0.2ms
[14.299s][info][gc,phases      ] GC(366)   Other: 0.1ms
[14.299s][info][gc,heap        ] GC(366) Eden regions: 3->0(14)
[14.299s][info][gc,heap        ] GC(366) Survivor regions: 2->1(2)
[14.299s][info][gc,heap        ] GC(366) Old regions: 256->258
[14.300s][info][gc,heap        ] GC(366) Archive regions: 0->0
[14.300s][info][gc,heap        ] GC(366) Humongous regions: 36->36
[14.300s][info][gc,metaspace   ] GC(366) Metaspace: 480K(640K)->480K(640K) NonClass: 445K(512K)->445K(512K) Class: 34K(128K)->34K(128K)
[14.300s][info][gc             ] GC(366) Pause Young (Normal) (G1 Preventive Collection) 293M->291M(300M) 3.931ms
[14.300s][info][gc,cpu         ] GC(366) User=0.00s Sys=0.00s Real=0.00s
[14.302s][info][gc,start       ] GC(367) Pause Young (Normal) (G1 Preventive Collection)
[14.302s][info][gc,task        ] GC(367) Using 4 workers of 4 for evacuation
[14.305s][info][gc,phases      ] GC(367)   Pre Evacuate Collection Set: 0.1ms
[14.305s][info][gc,phases      ] GC(367)   Merge Heap Roots: 0.0ms
[14.305s][info][gc,phases      ] GC(367)   Evacuate Collection Set: 2.8ms
[14.305s][info][gc,phases      ] GC(367)   Post Evacuate Collection Set: 0.2ms
[14.305s][info][gc,phases      ] GC(367)   Other: 0.1ms
[14.305s][info][gc,heap        ] GC(367) Eden regions: 3->0(13)
[14.305s][info][gc,heap        ] GC(367) Survivor regions: 1->2(2)
[14.306s][info][gc,heap        ] GC(367) Old regions: 258->258
[14.306s][info][gc,heap        ] GC(367) Archive regions: 0->0
[14.306s][info][gc,heap        ] GC(367) Humongous regions: 36->36
[14.306s][info][gc,metaspace   ] GC(367) Metaspace: 480K(640K)->480K(640K) NonClass: 445K(512K)->445K(512K) Class: 34K(128K)->34K(128K)
[14.306s][info][gc             ] GC(367) Pause Young (Normal) (G1 Preventive Collection) 294M->291M(300M) 3.362ms
[14.306s][info][gc,cpu         ] GC(367) User=0.00s Sys=0.00s Real=0.00s
[14.307s][info][gc,start       ] GC(368) Pause Young (Normal) (G1 Preventive Collection)
[14.307s][info][gc,task        ] GC(368) Using 4 workers of 4 for evacuation
[14.311s][info][gc,phases      ] GC(368)   Pre Evacuate Collection Set: 0.0ms
[14.311s][info][gc,phases      ] GC(368)   Merge Heap Roots: 0.0ms
[14.311s][info][gc,phases      ] GC(368)   Evacuate Collection Set: 3.1ms
[14.311s][info][gc,phases      ] GC(368)   Post Evacuate Collection Set: 0.2ms
[14.311s][info][gc,phases      ] GC(368)   Other: 0.1ms
[14.311s][info][gc,heap        ] GC(368) Eden regions: 2->0(13)
[14.311s][info][gc,heap        ] GC(368) Survivor regions: 2->2(2)
[14.311s][info][gc,heap        ] GC(368) Old regions: 258->258
[14.311s][info][gc,heap        ] GC(368) Archive regions: 0->0
[14.311s][info][gc,heap        ] GC(368) Humongous regions: 36->36
[14.311s][info][gc,metaspace   ] GC(368) Metaspace: 480K(640K)->480K(640K) NonClass: 445K(512K)->445K(512K) Class: 34K(128K)->34K(128K)
[14.311s][info][gc             ] GC(368) Pause Young (Normal) (G1 Preventive Collection) 293M->292M(300M) 3.677ms
[14.311s][info][gc,cpu         ] GC(368) User=0.06s Sys=0.00s Real=0.00s
[14.313s][info][gc,start       ] GC(369) Pause Young (Normal) (G1 Preventive Collection)
[14.313s][info][gc,task        ] GC(369) Using 4 workers of 4 for evacuation
[14.317s][info][gc,phases      ] GC(369)   Pre Evacuate Collection Set: 0.1ms
[14.317s][info][gc,phases      ] GC(369)   Merge Heap Roots: 0.0ms
[14.317s][info][gc,phases      ] GC(369)   Evacuate Collection Set: 3.4ms
[14.317s][info][gc,phases      ] GC(369)   Post Evacuate Collection Set: 0.2ms
[14.317s][info][gc,phases      ] GC(369)   Other: 0.2ms
[14.317s][info][gc,heap        ] GC(369) Eden regions: 2->0(13)
[14.317s][info][gc,heap        ] GC(369) Survivor regions: 2->2(2)
[14.317s][info][gc,heap        ] GC(369) Old regions: 258->258
[14.317s][info][gc,heap        ] GC(369) Archive regions: 0->0
[14.317s][info][gc,heap        ] GC(369) Humongous regions: 36->36
[14.317s][info][gc,metaspace   ] GC(369) Metaspace: 480K(640K)->480K(640K) NonClass: 445K(512K)->445K(512K) Class: 34K(128K)->34K(128K)
[14.317s][info][gc             ] GC(369) Pause Young (Normal) (G1 Preventive Collection) 294M->292M(300M) 4.284ms
[14.317s][info][gc,cpu         ] GC(369) User=0.00s Sys=0.00s Real=0.01s
[14.320s][info][gc,start       ] GC(370) Pause Young (Normal) (G1 Preventive Collection)
[14.320s][info][gc,task        ] GC(370) Using 4 workers of 4 for evacuation
[14.324s][info][gc,phases      ] GC(370)   Pre Evacuate Collection Set: 0.1ms
[14.324s][info][gc,phases      ] GC(370)   Merge Heap Roots: 0.0ms
[14.324s][info][gc,phases      ] GC(370)   Evacuate Collection Set: 3.8ms
[14.324s][info][gc,phases      ] GC(370)   Post Evacuate Collection Set: 0.2ms
[14.324s][info][gc,phases      ] GC(370)   Other: 0.2ms
[14.324s][info][gc,heap        ] GC(370) Eden regions: 2->0(14)
[14.324s][info][gc,heap        ] GC(370) Survivor regions: 2->1(2)
[14.324s][info][gc,heap        ] GC(370) Old regions: 258->259
[14.324s][info][gc,heap        ] GC(370) Archive regions: 0->0
[14.324s][info][gc,heap        ] GC(370) Humongous regions: 36->36
[14.324s][info][gc,metaspace   ] GC(370) Metaspace: 480K(640K)->480K(640K) NonClass: 445K(512K)->445K(512K) Class: 34K(128K)->34K(128K)
[14.324s][info][gc             ] GC(370) Pause Young (Normal) (G1 Preventive Collection) 294M->292M(300M) 4.573ms
[14.324s][info][gc,cpu         ] GC(370) User=0.00s Sys=0.00s Real=0.00s
[14.327s][info][gc,start       ] GC(371) Pause Young (Normal) (G1 Preventive Collection)
[14.327s][info][gc,task        ] GC(371) Using 4 workers of 4 for evacuation
[14.331s][info][gc,phases      ] GC(371)   Pre Evacuate Collection Set: 0.0ms
[14.331s][info][gc,phases      ] GC(371)   Merge Heap Roots: 0.0ms
[14.331s][info][gc,phases      ] GC(371)   Evacuate Collection Set: 3.0ms
[14.331s][info][gc,phases      ] GC(371)   Post Evacuate Collection Set: 0.2ms
[14.331s][info][gc,phases      ] GC(371)   Other: 0.1ms
[14.331s][info][gc,heap        ] GC(371) Eden regions: 2->0(13)
[14.331s][info][gc,heap        ] GC(371) Survivor regions: 1->2(2)
[14.331s][info][gc,heap        ] GC(371) Old regions: 259->259
[14.331s][info][gc,heap        ] GC(371) Archive regions: 0->0
[14.331s][info][gc,heap        ] GC(371) Humongous regions: 36->36
[14.331s][info][gc,metaspace   ] GC(371) Metaspace: 480K(640K)->480K(640K) NonClass: 445K(512K)->445K(512K) Class: 34K(128K)->34K(128K)
[14.331s][info][gc             ] GC(371) Pause Young (Normal) (G1 Preventive Collection) 294M->293M(300M) 3.738ms
[14.331s][info][gc,cpu         ] GC(371) User=0.00s Sys=0.00s Real=0.00s
[14.332s][info][gc,start       ] GC(372) Pause Young (Normal) (G1 Preventive Collection)
[14.332s][info][gc,task        ] GC(372) Using 4 workers of 4 for evacuation
[14.336s][info][gc,phases      ] GC(372)   Pre Evacuate Collection Set: 0.1ms
[14.336s][info][gc,phases      ] GC(372)   Merge Heap Roots: 0.0ms
[14.336s][info][gc,phases      ] GC(372)   Evacuate Collection Set: 3.5ms
[14.336s][info][gc,phases      ] GC(372)   Post Evacuate Collection Set: 0.2ms
[14.336s][info][gc,phases      ] GC(372)   Other: 0.1ms
[14.336s][info][gc,heap        ] GC(372) Eden regions: 1->0(14)
[14.336s][info][gc,heap        ] GC(372) Survivor regions: 2->1(2)
[14.336s][info][gc,heap        ] GC(372) Old regions: 259->260
[14.336s][info][gc,heap        ] GC(372) Archive regions: 0->0
[14.336s][info][gc,heap        ] GC(372) Humongous regions: 36->36
[14.336s][info][gc,metaspace   ] GC(372) Metaspace: 480K(640K)->480K(640K) NonClass: 445K(512K)->445K(512K) Class: 34K(128K)->34K(128K)
[14.336s][info][gc             ] GC(372) Pause Young (Normal) (G1 Preventive Collection) 294M->293M(300M) 4.142ms
[14.336s][info][gc,cpu         ] GC(372) User=0.00s Sys=0.00s Real=0.00s
[14.337s][info][gc,start       ] GC(373) Pause Young (Normal) (G1 Preventive Collection)
[14.337s][info][gc,task        ] GC(373) Using 4 workers of 4 for evacuation
[14.341s][info][gc,phases      ] GC(373)   Pre Evacuate Collection Set: 0.1ms
[14.341s][info][gc,phases      ] GC(373)   Merge Heap Roots: 0.0ms
[14.341s][info][gc,phases      ] GC(373)   Evacuate Collection Set: 3.0ms
[14.341s][info][gc,phases      ] GC(373)   Post Evacuate Collection Set: 0.2ms
[14.341s][info][gc,phases      ] GC(373)   Other: 0.1ms
[14.341s][info][gc,heap        ] GC(373) Eden regions: 1->0(13)
[14.341s][info][gc,heap        ] GC(373) Survivor regions: 1->2(2)
[14.341s][info][gc,heap        ] GC(373) Old regions: 260->260
[14.341s][info][gc,heap        ] GC(373) Archive regions: 0->0
[14.341s][info][gc,heap        ] GC(373) Humongous regions: 36->36
[14.341s][info][gc,metaspace   ] GC(373) Metaspace: 480K(640K)->480K(640K) NonClass: 445K(512K)->445K(512K) Class: 34K(128K)->34K(128K)
[14.341s][info][gc             ] GC(373) Pause Young (Normal) (G1 Preventive Collection) 294M->293M(300M) 3.622ms
[14.341s][info][gc,cpu         ] GC(373) User=0.06s Sys=0.00s Real=0.00s
[14.342s][info][gc,start       ] GC(374) Pause Young (Normal) (G1 Preventive Collection)
[14.342s][info][gc,task        ] GC(374) Using 4 workers of 4 for evacuation
[14.345s][info][gc,phases      ] GC(374)   Pre Evacuate Collection Set: 0.1ms
[14.345s][info][gc,phases      ] GC(374)   Merge Heap Roots: 0.0ms
[14.345s][info][gc,phases      ] GC(374)   Evacuate Collection Set: 3.1ms
[14.345s][info][gc,phases      ] GC(374)   Post Evacuate Collection Set: 0.2ms
[14.345s][info][gc,phases      ] GC(374)   Other: 0.1ms
[14.345s][info][gc,heap        ] GC(374) Eden regions: 1->0(14)
[14.345s][info][gc,heap        ] GC(374) Survivor regions: 2->1(1)
[14.345s][info][gc,heap        ] GC(374) Old regions: 260->260
[14.345s][info][gc,heap        ] GC(374) Archive regions: 0->0
[14.345s][info][gc,heap        ] GC(374) Humongous regions: 36->36
[14.345s][info][gc,metaspace   ] GC(374) Metaspace: 480K(640K)->480K(640K) NonClass: 445K(512K)->445K(512K) Class: 34K(128K)->34K(128K)
[14.346s][info][gc             ] GC(374) Pause Young (Normal) (G1 Preventive Collection) 294M->293M(300M) 3.636ms
[14.346s][info][gc,cpu         ] GC(374) User=0.00s Sys=0.00s Real=0.00s
[14.347s][info][gc,start       ] GC(375) Pause Young (Normal) (G1 Preventive Collection)
[14.347s][info][gc,task        ] GC(375) Using 4 workers of 4 for evacuation
[14.349s][info][gc,phases      ] GC(375)   Pre Evacuate Collection Set: 0.0ms
[14.349s][info][gc,phases      ] GC(375)   Merge Heap Roots: 0.0ms
[14.349s][info][gc,phases      ] GC(375)   Evacuate Collection Set: 2.6ms
[14.349s][info][gc,phases      ] GC(375)   Post Evacuate Collection Set: 0.2ms
[14.350s][info][gc,phases      ] GC(375)   Other: 0.1ms
[14.350s][info][gc,heap        ] GC(375) Eden regions: 1->0(13)
[14.350s][info][gc,heap        ] GC(375) Survivor regions: 1->2(2)
[14.350s][info][gc,heap        ] GC(375) Old regions: 260->260
[14.350s][info][gc,heap        ] GC(375) Archive regions: 0->0
[14.350s][info][gc,heap        ] GC(375) Humongous regions: 36->36
[14.350s][info][gc,metaspace   ] GC(375) Metaspace: 480K(640K)->480K(640K) NonClass: 445K(512K)->445K(512K) Class: 34K(128K)->34K(128K)
[14.350s][info][gc             ] GC(375) Pause Young (Normal) (G1 Preventive Collection) 294M->294M(300M) 3.088ms
[14.350s][info][gc,cpu         ] GC(375) User=0.00s Sys=0.00s Real=0.00s
[14.351s][info][gc,start       ] GC(376) Pause Young (Normal) (G1 Preventive Collection)
[14.351s][info][gc,task        ] GC(376) Using 4 workers of 4 for evacuation
[14.356s][info][gc             ] GC(376) To-space exhausted
[14.356s][info][gc,phases      ] GC(376)   Pre Evacuate Collection Set: 0.0ms
[14.356s][info][gc,phases      ] GC(376)   Merge Heap Roots: 0.0ms
[14.356s][info][gc,phases      ] GC(376)   Evacuate Collection Set: 3.9ms
[14.356s][info][gc,phases      ] GC(376)   Post Evacuate Collection Set: 0.9ms
[14.356s][info][gc,phases      ] GC(376)   Other: 0.1ms
[14.356s][info][gc,heap        ] GC(376) Eden regions: 1->0(14)
[14.356s][info][gc,heap        ] GC(376) Survivor regions: 2->1(1)
[14.356s][info][gc,heap        ] GC(376) Old regions: 260->262
[14.356s][info][gc,heap        ] GC(376) Archive regions: 0->0
[14.356s][info][gc,heap        ] GC(376) Humongous regions: 36->36
[14.356s][info][gc,metaspace   ] GC(376) Metaspace: 480K(640K)->480K(640K) NonClass: 445K(512K)->445K(512K) Class: 34K(128K)->34K(128K)
[14.356s][info][gc             ] GC(376) Pause Young (Normal) (G1 Preventive Collection) 295M->295M(300M) 5.272ms
[14.356s][info][gc,cpu         ] GC(376) User=0.03s Sys=0.00s Real=0.01s
[14.357s][info][gc,start       ] GC(377) Pause Young (Normal) (G1 Evacuation Pause)
[14.357s][info][gc,task        ] GC(377) Using 4 workers of 4 for evacuation
[14.364s][info][gc             ] GC(377) To-space exhausted
[14.364s][info][gc,phases      ] GC(377)   Pre Evacuate Collection Set: 0.0ms
[14.364s][info][gc,phases      ] GC(377)   Merge Heap Roots: 0.0ms
[14.364s][info][gc,phases      ] GC(377)   Evacuate Collection Set: 3.6ms
[14.364s][info][gc,phases      ] GC(377)   Post Evacuate Collection Set: 2.5ms
[14.364s][info][gc,phases      ] GC(377)   Other: 0.2ms
[14.364s][info][gc,heap        ] GC(377) Eden regions: 1->0(15)
[14.364s][info][gc,heap        ] GC(377) Survivor regions: 1->0(0)
[14.364s][info][gc,heap        ] GC(377) Old regions: 262->264
[14.364s][info][gc,heap        ] GC(377) Archive regions: 0->0
[14.364s][info][gc,heap        ] GC(377) Humongous regions: 36->36
[14.364s][info][gc,metaspace   ] GC(377) Metaspace: 480K(640K)->480K(640K) NonClass: 445K(512K)->445K(512K) Class: 34K(128K)->34K(128K)
[14.364s][info][gc             ] GC(377) Pause Young (Normal) (G1 Evacuation Pause) 296M->296M(300M) 6.484ms
[14.364s][info][gc,cpu         ] GC(377) User=0.00s Sys=0.00s Real=0.01s
[14.364s][info][gc,ergo        ] Attempting full compaction
[14.364s][info][gc,task        ] GC(378) Using 4 workers of 4 for full compaction
[14.364s][info][gc,start       ] GC(378) Pause Full (G1 Compaction Pause)
[14.364s][info][gc,phases,start] GC(378) Phase 1: Mark live objects
[14.412s][info][gc,phases      ] GC(378) Phase 1: Mark live objects 47.593ms
[14.412s][info][gc,phases,start] GC(378) Phase 2: Prepare for compaction
[14.417s][info][gc,phases      ] GC(378) Phase 2: Prepare for compaction 4.752ms
[14.417s][info][gc,phases,start] GC(378) Phase 3: Adjust pointers
[14.432s][info][gc,phases      ] GC(378) Phase 3: Adjust pointers 15.720ms
[14.433s][info][gc,phases,start] GC(378) Phase 4: Compact heap
[14.437s][info][gc,phases      ] GC(378) Phase 4: Compact heap 4.726ms
[14.438s][info][gc,heap        ] GC(378) Eden regions: 0->0(131)
[14.438s][info][gc,heap        ] GC(378) Survivor regions: 0->0(0)
[14.438s][info][gc,heap        ] GC(378) Old regions: 264->44
[14.438s][info][gc,heap        ] GC(378) Archive regions: 0->0
[14.438s][info][gc,heap        ] GC(378) Humongous regions: 36->36
[14.438s][info][gc,metaspace   ] GC(378) Metaspace: 480K(640K)->480K(640K) NonClass: 445K(512K)->445K(512K) Class: 34K(128K)->34K(128K)
[14.438s][info][gc             ] GC(378) Pause Full (G1 Compaction Pause) 296M->77M(300M) 73.996ms
[14.438s][info][gc,cpu         ] GC(378) User=0.31s Sys=0.00s Real=0.07s
[14.438s][info][gc,marking     ] GC(338) Concurrent Rebuild Remembered Sets 419.926ms
[14.439s][info][gc,marking     ] GC(338) Concurrent Mark Abort
[14.439s][info][gc             ] GC(338) Concurrent Mark Cycle 1032.525ms
[14.543s][info][gc,start       ] GC(379) Pause Young (Normal) (G1 Evacuation Pause)
[14.543s][info][gc,task        ] GC(379) Using 4 workers of 4 for evacuation
[14.578s][info][gc,phases      ] GC(379)   Pre Evacuate Collection Set: 0.1ms
[14.578s][info][gc,phases      ] GC(379)   Merge Heap Roots: 0.1ms
[14.578s][info][gc,phases      ] GC(379)   Evacuate Collection Set: 34.2ms
[14.578s][info][gc,phases      ] GC(379)   Post Evacuate Collection Set: 0.2ms
[14.578s][info][gc,phases      ] GC(379)   Other: 0.2ms
[14.578s][info][gc,heap        ] GC(379) Eden regions: 131->0(112)
[14.578s][info][gc,heap        ] GC(379) Survivor regions: 0->17(17)
[14.578s][info][gc,heap        ] GC(379) Old regions: 44->54
[14.578s][info][gc,heap        ] GC(379) Archive regions: 0->0
[14.578s][info][gc,heap        ] GC(379) Humongous regions: 36->36
[14.578s][info][gc,metaspace   ] GC(379) Metaspace: 480K(640K)->480K(640K) NonClass: 445K(512K)->445K(512K) Class: 34K(128K)->34K(128K)
[14.578s][info][gc             ] GC(379) Pause Young (Normal) (G1 Evacuation Pause) 208M->103M(300M) 34.982ms
[14.578s][info][gc,cpu         ] GC(379) User=0.13s Sys=0.00s Real=0.03s
[14.664s][info][gc,start       ] GC(380) Pause Young (Normal) (G1 Evacuation Pause)
[14.664s][info][gc,task        ] GC(380) Using 4 workers of 4 for evacuation
[14.714s][info][gc,phases      ] GC(380)   Pre Evacuate Collection Set: 0.1ms
[14.714s][info][gc,phases      ] GC(380)   Merge Heap Roots: 0.1ms
[14.714s][info][gc,phases      ] GC(380)   Evacuate Collection Set: 49.2ms
[14.714s][info][gc,phases      ] GC(380)   Post Evacuate Collection Set: 0.3ms
[14.714s][info][gc,phases      ] GC(380)   Other: 0.1ms
[14.714s][info][gc,heap        ] GC(380) Eden regions: 112->0(96)
[14.714s][info][gc,heap        ] GC(380) Survivor regions: 17->17(17)
[14.714s][info][gc,heap        ] GC(380) Old regions: 54->77
[14.714s][info][gc,heap        ] GC(380) Archive regions: 0->0
[14.714s][info][gc,heap        ] GC(380) Humongous regions: 36->36
[14.714s][info][gc,metaspace   ] GC(380) Metaspace: 480K(640K)->480K(640K) NonClass: 445K(512K)->445K(512K) Class: 34K(128K)->34K(128K)
[14.714s][info][gc             ] GC(380) Pause Young (Normal) (G1 Evacuation Pause) 215M->126M(300M) 50.018ms
[14.714s][info][gc,cpu         ] GC(380) User=0.19s Sys=0.00s Real=0.05s
[14.789s][info][gc,start       ] GC(381) Pause Young (Normal) (G1 Evacuation Pause)
[14.789s][info][gc,task        ] GC(381) Using 4 workers of 4 for evacuation
[14.836s][info][gc,phases      ] GC(381)   Pre Evacuate Collection Set: 0.1ms
[14.836s][info][gc,phases      ] GC(381)   Merge Heap Roots: 0.1ms
[14.836s][info][gc,phases      ] GC(381)   Evacuate Collection Set: 46.1ms
[14.836s][info][gc,phases      ] GC(381)   Post Evacuate Collection Set: 0.2ms
[14.836s][info][gc,phases      ] GC(381)   Other: 0.2ms
[14.836s][info][gc,heap        ] GC(381) Eden regions: 96->0(83)
[14.836s][info][gc,heap        ] GC(381) Survivor regions: 17->15(15)
[14.836s][info][gc,heap        ] GC(381) Old regions: 77->98
[14.836s][info][gc,heap        ] GC(381) Archive regions: 0->0
[14.836s][info][gc,heap        ] GC(381) Humongous regions: 36->36
[14.836s][info][gc,metaspace   ] GC(381) Metaspace: 480K(640K)->480K(640K) NonClass: 445K(512K)->445K(512K) Class: 34K(128K)->34K(128K)
[14.836s][info][gc             ] GC(381) Pause Young (Normal) (G1 Evacuation Pause) 222M->146M(300M) 46.848ms
[14.836s][info][gc,cpu         ] GC(381) User=0.14s Sys=0.00s Real=0.05s
[14.900s][info][gc,start       ] GC(382) Pause Young (Normal) (G1 Evacuation Pause)
[14.900s][info][gc,task        ] GC(382) Using 4 workers of 4 for evacuation
[14.940s][info][gc,phases      ] GC(382)   Pre Evacuate Collection Set: 0.0ms
[14.940s][info][gc,phases      ] GC(382)   Merge Heap Roots: 0.1ms
[14.941s][info][gc,phases      ] GC(382)   Evacuate Collection Set: 40.0ms
[14.941s][info][gc,phases      ] GC(382)   Post Evacuate Collection Set: 0.2ms
[14.941s][info][gc,phases      ] GC(382)   Other: 0.2ms
[14.941s][info][gc,heap        ] GC(382) Eden regions: 83->0(71)
[14.941s][info][gc,heap        ] GC(382) Survivor regions: 15->13(13)
[14.941s][info][gc,heap        ] GC(382) Old regions: 98->118
[14.941s][info][gc,heap        ] GC(382) Archive regions: 0->0
[14.941s][info][gc,heap        ] GC(382) Humongous regions: 36->36
[14.941s][info][gc,metaspace   ] GC(382) Metaspace: 480K(640K)->480K(640K) NonClass: 445K(512K)->445K(512K) Class: 34K(128K)->34K(128K)
[14.941s][info][gc             ] GC(382) Pause Young (Normal) (G1 Evacuation Pause) 229M->164M(300M) 40.764ms
[14.941s][info][gc,cpu         ] GC(382) User=0.16s Sys=0.00s Real=0.04s
[14.995s][info][gc,start       ] GC(383) Pause Young (Concurrent Start) (G1 Evacuation Pause)
[14.995s][info][gc,task        ] GC(383) Using 4 workers of 4 for evacuation
[15.035s][info][gc,phases      ] GC(383)   Pre Evacuate Collection Set: 0.1ms
[15.035s][info][gc,phases      ] GC(383)   Merge Heap Roots: 0.1ms
[15.035s][info][gc,phases      ] GC(383)   Evacuate Collection Set: 38.8ms
[15.035s][info][gc,phases      ] GC(383)   Post Evacuate Collection Set: 0.2ms
[15.035s][info][gc,phases      ] GC(383)   Other: 0.2ms
[15.035s][info][gc,heap        ] GC(383) Eden regions: 71->0(60)
[15.035s][info][gc,heap        ] GC(383) Survivor regions: 13->11(11)
[15.035s][info][gc,heap        ] GC(383) Old regions: 118->136
[15.035s][info][gc,heap        ] GC(383) Archive regions: 0->0
[15.035s][info][gc,heap        ] GC(383) Humongous regions: 36->36
[15.035s][info][gc,metaspace   ] GC(383) Metaspace: 480K(640K)->480K(640K) NonClass: 445K(512K)->445K(512K) Class: 34K(128K)->34K(128K)
[15.035s][info][gc             ] GC(383) Pause Young (Concurrent Start) (G1 Evacuation Pause) 235M->179M(300M) 39.665ms
[15.035s][info][gc,cpu         ] GC(383) User=0.17s Sys=0.00s Real=0.04s
[15.035s][info][gc             ] GC(384) Concurrent Mark Cycle
[15.035s][info][gc,marking     ] GC(384) Concurrent Clear Claimed Marks
[15.035s][info][gc,marking     ] GC(384) Concurrent Clear Claimed Marks 0.024ms
[15.035s][info][gc,marking     ] GC(384) Concurrent Scan Root Regions
[15.058s][info][gc,marking     ] GC(384) Concurrent Scan Root Regions 22.554ms
[15.058s][info][gc,marking     ] GC(384) Concurrent Mark
[15.058s][info][gc,marking     ] GC(384) Concurrent Mark From Roots
[15.058s][info][gc,task        ] GC(384) Using 1 workers of 1 for marking
[15.105s][info][gc,start       ] GC(385) Pause Young (Normal) (G1 Evacuation Pause)
[15.105s][info][gc,task        ] GC(385) Using 4 workers of 4 for evacuation
[15.134s][info][gc,phases      ] GC(385)   Pre Evacuate Collection Set: 0.1ms
[15.134s][info][gc,phases      ] GC(385)   Merge Heap Roots: 0.1ms
[15.134s][info][gc,phases      ] GC(385)   Evacuate Collection Set: 28.3ms
[15.134s][info][gc,phases      ] GC(385)   Post Evacuate Collection Set: 0.2ms
[15.134s][info][gc,phases      ] GC(385)   Other: 0.1ms
[15.134s][info][gc,heap        ] GC(385) Eden regions: 60->0(51)
[15.134s][info][gc,heap        ] GC(385) Survivor regions: 11->9(9)
[15.134s][info][gc,heap        ] GC(385) Old regions: 136->151
[15.134s][info][gc,heap        ] GC(385) Archive regions: 0->0
[15.134s][info][gc,heap        ] GC(385) Humongous regions: 36->36
[15.134s][info][gc,metaspace   ] GC(385) Metaspace: 480K(640K)->480K(640K) NonClass: 445K(512K)->445K(512K) Class: 34K(128K)->34K(128K)
[15.134s][info][gc             ] GC(385) Pause Young (Normal) (G1 Evacuation Pause) 239M->193M(300M) 29.151ms
[15.134s][info][gc,cpu         ] GC(385) User=0.06s Sys=0.00s Real=0.03s
[15.191s][info][gc,start       ] GC(386) Pause Young (Normal) (G1 Evacuation Pause)
[15.191s][info][gc,task        ] GC(386) Using 4 workers of 4 for evacuation
[15.216s][info][gc,phases      ] GC(386)   Pre Evacuate Collection Set: 0.0ms
[15.216s][info][gc,phases      ] GC(386)   Merge Heap Roots: 0.0ms
[15.216s][info][gc,phases      ] GC(386)   Evacuate Collection Set: 24.5ms
[15.216s][info][gc,phases      ] GC(386)   Post Evacuate Collection Set: 0.2ms
[15.216s][info][gc,phases      ] GC(386)   Other: 0.1ms
[15.216s][info][gc,heap        ] GC(386) Eden regions: 51->0(43)
[15.216s][info][gc,heap        ] GC(386) Survivor regions: 9->8(8)
[15.216s][info][gc,heap        ] GC(386) Old regions: 151->163
[15.216s][info][gc,heap        ] GC(386) Archive regions: 0->0
[15.216s][info][gc,heap        ] GC(386) Humongous regions: 36->36
[15.216s][info][gc,metaspace   ] GC(386) Metaspace: 480K(640K)->480K(640K) NonClass: 445K(512K)->445K(512K) Class: 34K(128K)->34K(128K)
[15.216s][info][gc             ] GC(386) Pause Young (Normal) (G1 Evacuation Pause) 244M->204M(300M) 25.160ms
[15.216s][info][gc,cpu         ] GC(386) User=0.13s Sys=0.00s Real=0.02s
[15.260s][info][gc,start       ] GC(387) Pause Young (Normal) (G1 Evacuation Pause)
[15.260s][info][gc,task        ] GC(387) Using 4 workers of 4 for evacuation
[15.281s][info][gc,phases      ] GC(387)   Pre Evacuate Collection Set: 0.1ms
[15.282s][info][gc,phases      ] GC(387)   Merge Heap Roots: 0.1ms
[15.282s][info][gc,phases      ] GC(387)   Evacuate Collection Set: 21.3ms
[15.282s][info][gc,phases      ] GC(387)   Post Evacuate Collection Set: 0.2ms
[15.282s][info][gc,phases      ] GC(387)   Other: 0.1ms
[15.282s][info][gc,heap        ] GC(387) Eden regions: 43->0(36)
[15.282s][info][gc,heap        ] GC(387) Survivor regions: 8->7(7)
[15.282s][info][gc,heap        ] GC(387) Old regions: 163->174
[15.282s][info][gc,heap        ] GC(387) Archive regions: 0->0
[15.282s][info][gc,heap        ] GC(387) Humongous regions: 36->36
[15.282s][info][gc,metaspace   ] GC(387) Metaspace: 480K(640K)->480K(640K) NonClass: 445K(512K)->445K(512K) Class: 34K(128K)->34K(128K)
[15.282s][info][gc             ] GC(387) Pause Young (Normal) (G1 Evacuation Pause) 247M->213M(300M) 22.093ms
[15.282s][info][gc,cpu         ] GC(387) User=0.11s Sys=0.00s Real=0.02s
[15.325s][info][gc,start       ] GC(388) Pause Young (Normal) (G1 Evacuation Pause)
[15.325s][info][gc,task        ] GC(388) Using 4 workers of 4 for evacuation
[15.344s][info][gc,phases      ] GC(388)   Pre Evacuate Collection Set: 0.0ms
[15.344s][info][gc,phases      ] GC(388)   Merge Heap Roots: 0.1ms
[15.344s][info][gc,phases      ] GC(388)   Evacuate Collection Set: 18.8ms
[15.344s][info][gc,phases      ] GC(388)   Post Evacuate Collection Set: 0.2ms
[15.344s][info][gc,phases      ] GC(388)   Other: 0.1ms
[15.344s][info][gc,heap        ] GC(388) Eden regions: 36->0(30)
[15.344s][info][gc,heap        ] GC(388) Survivor regions: 7->6(6)
[15.344s][info][gc,heap        ] GC(388) Old regions: 174->183
[15.344s][info][gc,heap        ] GC(388) Archive regions: 0->0
[15.344s][info][gc,heap        ] GC(388) Humongous regions: 36->36
[15.344s][info][gc,metaspace   ] GC(388) Metaspace: 480K(640K)->480K(640K) NonClass: 445K(512K)->445K(512K) Class: 34K(128K)->34K(128K)
[15.344s][info][gc             ] GC(388) Pause Young (Normal) (G1 Evacuation Pause) 249M->222M(300M) 19.407ms
[15.345s][info][gc,cpu         ] GC(388) User=0.06s Sys=0.00s Real=0.02s
[15.377s][info][gc,start       ] GC(389) Pause Young (Normal) (G1 Evacuation Pause)
[15.377s][info][gc,task        ] GC(389) Using 4 workers of 4 for evacuation
[15.393s][info][gc,phases      ] GC(389)   Pre Evacuate Collection Set: 0.0ms
[15.393s][info][gc,phases      ] GC(389)   Merge Heap Roots: 0.0ms
[15.393s][info][gc,phases      ] GC(389)   Evacuate Collection Set: 15.1ms
[15.393s][info][gc,phases      ] GC(389)   Post Evacuate Collection Set: 0.2ms
[15.393s][info][gc,phases      ] GC(389)   Other: 0.1ms
[15.393s][info][gc,heap        ] GC(389) Eden regions: 30->0(26)
[15.393s][info][gc,heap        ] GC(389) Survivor regions: 6->5(5)
[15.393s][info][gc,heap        ] GC(389) Old regions: 183->191
[15.393s][info][gc,heap        ] GC(389) Archive regions: 0->0
[15.393s][info][gc,heap        ] GC(389) Humongous regions: 36->36
[15.393s][info][gc,metaspace   ] GC(389) Metaspace: 480K(640K)->480K(640K) NonClass: 445K(512K)->445K(512K) Class: 34K(128K)->34K(128K)
[15.393s][info][gc             ] GC(389) Pause Young (Normal) (G1 Evacuation Pause) 252M->229M(300M) 15.861ms
[15.393s][info][gc,cpu         ] GC(389) User=0.06s Sys=0.00s Real=0.02s
[15.421s][info][gc,start       ] GC(390) Pause Young (Normal) (G1 Evacuation Pause)
[15.421s][info][gc,task        ] GC(390) Using 4 workers of 4 for evacuation
[15.435s][info][gc,phases      ] GC(390)   Pre Evacuate Collection Set: 0.0ms
[15.435s][info][gc,phases      ] GC(390)   Merge Heap Roots: 0.0ms
[15.435s][info][gc,phases      ] GC(390)   Evacuate Collection Set: 13.6ms
[15.435s][info][gc,phases      ] GC(390)   Post Evacuate Collection Set: 0.2ms
[15.435s][info][gc,phases      ] GC(390)   Other: 0.2ms
[15.435s][info][gc,heap        ] GC(390) Eden regions: 26->0(21)
[15.435s][info][gc,heap        ] GC(390) Survivor regions: 5->4(4)
[15.435s][info][gc,heap        ] GC(390) Old regions: 191->198
[15.435s][info][gc,heap        ] GC(390) Archive regions: 0->0
[15.435s][info][gc,heap        ] GC(390) Humongous regions: 36->36
[15.435s][info][gc,metaspace   ] GC(390) Metaspace: 480K(640K)->480K(640K) NonClass: 445K(512K)->445K(512K) Class: 34K(128K)->34K(128K)
[15.435s][info][gc             ] GC(390) Pause Young (Normal) (G1 Evacuation Pause) 255M->235M(300M) 14.363ms
[15.435s][info][gc,cpu         ] GC(390) User=0.06s Sys=0.00s Real=0.02s
[15.457s][info][gc,start       ] GC(391) Pause Young (Normal) (G1 Evacuation Pause)
[15.457s][info][gc,task        ] GC(391) Using 4 workers of 4 for evacuation
[15.468s][info][gc,phases      ] GC(391)   Pre Evacuate Collection Set: 0.0ms
[15.468s][info][gc,phases      ] GC(391)   Merge Heap Roots: 0.0ms
[15.468s][info][gc,phases      ] GC(391)   Evacuate Collection Set: 10.3ms
[15.468s][info][gc,phases      ] GC(391)   Post Evacuate Collection Set: 0.2ms
[15.468s][info][gc,phases      ] GC(391)   Other: 0.1ms
[15.468s][info][gc,heap        ] GC(391) Eden regions: 21->0(18)
[15.468s][info][gc,heap        ] GC(391) Survivor regions: 4->4(4)
[15.468s][info][gc,heap        ] GC(391) Old regions: 198->203
[15.468s][info][gc,heap        ] GC(391) Archive regions: 0->0
[15.468s][info][gc,heap        ] GC(391) Humongous regions: 36->36
[15.468s][info][gc,metaspace   ] GC(391) Metaspace: 480K(640K)->480K(640K) NonClass: 445K(512K)->445K(512K) Class: 34K(128K)->34K(128K)
[15.468s][info][gc             ] GC(391) Pause Young (Normal) (G1 Evacuation Pause) 256M->240M(300M) 11.011ms
[15.468s][info][gc,cpu         ] GC(391) User=0.06s Sys=0.00s Real=0.01s
[15.491s][info][gc,start       ] GC(392) Pause Young (Normal) (G1 Evacuation Pause)
[15.491s][info][gc,task        ] GC(392) Using 4 workers of 4 for evacuation
[15.501s][info][gc,phases      ] GC(392)   Pre Evacuate Collection Set: 0.0ms
[15.501s][info][gc,phases      ] GC(392)   Merge Heap Roots: 0.0ms
[15.501s][info][gc,phases      ] GC(392)   Evacuate Collection Set: 9.8ms
[15.501s][info][gc,phases      ] GC(392)   Post Evacuate Collection Set: 0.2ms
[15.501s][info][gc,phases      ] GC(392)   Other: 0.2ms
[15.501s][info][gc,heap        ] GC(392) Eden regions: 18->0(15)
[15.501s][info][gc,heap        ] GC(392) Survivor regions: 4->3(3)
[15.501s][info][gc,heap        ] GC(392) Old regions: 203->208
[15.501s][info][gc,heap        ] GC(392) Archive regions: 0->0
[15.501s][info][gc,heap        ] GC(392) Humongous regions: 36->36
[15.501s][info][gc,metaspace   ] GC(392) Metaspace: 480K(640K)->480K(640K) NonClass: 445K(512K)->445K(512K) Class: 34K(128K)->34K(128K)
[15.501s][info][gc             ] GC(392) Pause Young (Normal) (G1 Evacuation Pause) 258M->244M(300M) 10.546ms
[15.502s][info][gc,cpu         ] GC(392) User=0.06s Sys=0.00s Real=0.01s
[15.521s][info][gc,start       ] GC(393) Pause Young (Normal) (G1 Evacuation Pause)
[15.521s][info][gc,task        ] GC(393) Using 4 workers of 4 for evacuation
[15.529s][info][gc,phases      ] GC(393)   Pre Evacuate Collection Set: 0.0ms
[15.529s][info][gc,phases      ] GC(393)   Merge Heap Roots: 0.0ms
[15.529s][info][gc,phases      ] GC(393)   Evacuate Collection Set: 8.1ms
[15.529s][info][gc,phases      ] GC(393)   Post Evacuate Collection Set: 0.2ms
[15.529s][info][gc,phases      ] GC(393)   Other: 0.1ms
[15.529s][info][gc,heap        ] GC(393) Eden regions: 15->0(12)
[15.529s][info][gc,heap        ] GC(393) Survivor regions: 3->3(3)
[15.529s][info][gc,heap        ] GC(393) Old regions: 208->212
[15.529s][info][gc,heap        ] GC(393) Archive regions: 0->0
[15.529s][info][gc,heap        ] GC(393) Humongous regions: 36->36
[15.529s][info][gc,metaspace   ] GC(393) Metaspace: 480K(640K)->480K(640K) NonClass: 445K(512K)->445K(512K) Class: 34K(128K)->34K(128K)
[15.529s][info][gc             ] GC(393) Pause Young (Normal) (G1 Evacuation Pause) 259M->247M(300M) 8.659ms
[15.529s][info][gc,cpu         ] GC(393) User=0.06s Sys=0.00s Real=0.01s
[15.542s][info][gc,start       ] GC(394) Pause Young (Normal) (G1 Evacuation Pause)
[15.542s][info][gc,task        ] GC(394) Using 4 workers of 4 for evacuation
[15.550s][info][gc,phases      ] GC(394)   Pre Evacuate Collection Set: 0.1ms
[15.550s][info][gc,phases      ] GC(394)   Merge Heap Roots: 0.0ms
[15.550s][info][gc,phases      ] GC(394)   Evacuate Collection Set: 8.0ms
[15.550s][info][gc,phases      ] GC(394)   Post Evacuate Collection Set: 0.2ms
[15.550s][info][gc,phases      ] GC(394)   Other: 0.1ms
[15.550s][info][gc,heap        ] GC(394) Eden regions: 12->0(13)
[15.550s][info][gc,heap        ] GC(394) Survivor regions: 3->2(2)
[15.550s][info][gc,heap        ] GC(394) Old regions: 212->216
[15.550s][info][gc,heap        ] GC(394) Archive regions: 0->0
[15.550s][info][gc,heap        ] GC(394) Humongous regions: 36->36
[15.550s][info][gc,metaspace   ] GC(394) Metaspace: 480K(640K)->480K(640K) NonClass: 445K(512K)->445K(512K) Class: 34K(128K)->34K(128K)
[15.550s][info][gc             ] GC(394) Pause Young (Normal) (G1 Evacuation Pause) 259M->250M(300M) 8.722ms
[15.550s][info][gc,cpu         ] GC(394) User=0.05s Sys=0.00s Real=0.01s
[15.598s][info][gc,start       ] GC(395) Pause Young (Normal) (G1 Evacuation Pause)
[15.598s][info][gc,task        ] GC(395) Using 4 workers of 4 for evacuation
[15.603s][info][gc,phases      ] GC(395)   Pre Evacuate Collection Set: 0.0ms
[15.603s][info][gc,phases      ] GC(395)   Merge Heap Roots: 0.0ms
[15.603s][info][gc,phases      ] GC(395)   Evacuate Collection Set: 4.2ms
[15.603s][info][gc,phases      ] GC(395)   Post Evacuate Collection Set: 0.2ms
[15.603s][info][gc,phases      ] GC(395)   Other: 0.1ms
[15.603s][info][gc,heap        ] GC(395) Eden regions: 13->0(13)
[15.603s][info][gc,heap        ] GC(395) Survivor regions: 2->2(2)
[15.603s][info][gc,heap        ] GC(395) Old regions: 216->216
[15.603s][info][gc,heap        ] GC(395) Archive regions: 0->0
[15.603s][info][gc,heap        ] GC(395) Humongous regions: 36->36
[15.603s][info][gc,metaspace   ] GC(395) Metaspace: 480K(640K)->480K(640K) NonClass: 445K(512K)->445K(512K) Class: 34K(128K)->34K(128K)
[15.603s][info][gc             ] GC(395) Pause Young (Normal) (G1 Evacuation Pause) 263M->251M(300M) 4.974ms
[15.603s][info][gc,cpu         ] GC(395) User=0.00s Sys=0.00s Real=0.01s
[15.619s][info][gc,start       ] GC(396) Pause Young (Normal) (G1 Evacuation Pause)
[15.619s][info][gc,task        ] GC(396) Using 4 workers of 4 for evacuation
[15.626s][info][gc,phases      ] GC(396)   Pre Evacuate Collection Set: 0.0ms
[15.626s][info][gc,phases      ] GC(396)   Merge Heap Roots: 0.0ms
[15.626s][info][gc,phases      ] GC(396)   Evacuate Collection Set: 6.5ms
[15.626s][info][gc,phases      ] GC(396)   Post Evacuate Collection Set: 0.2ms
[15.626s][info][gc,phases      ] GC(396)   Other: 0.1ms
[15.626s][info][gc,heap        ] GC(396) Eden regions: 13->0(13)
[15.626s][info][gc,heap        ] GC(396) Survivor regions: 2->2(2)
[15.626s][info][gc,heap        ] GC(396) Old regions: 216->219
[15.626s][info][gc,heap        ] GC(396) Archive regions: 0->0
[15.626s][info][gc,heap        ] GC(396) Humongous regions: 36->36
[15.626s][info][gc,metaspace   ] GC(396) Metaspace: 480K(640K)->480K(640K) NonClass: 445K(512K)->445K(512K) Class: 34K(128K)->34K(128K)
[15.626s][info][gc             ] GC(396) Pause Young (Normal) (G1 Evacuation Pause) 264M->253M(300M) 7.055ms
[15.626s][info][gc,cpu         ] GC(396) User=0.06s Sys=0.00s Real=0.01s
[15.642s][info][gc,start       ] GC(397) Pause Young (Normal) (G1 Evacuation Pause)
[15.642s][info][gc,task        ] GC(397) Using 4 workers of 4 for evacuation
[15.649s][info][gc,phases      ] GC(397)   Pre Evacuate Collection Set: 0.0ms
[15.649s][info][gc,phases      ] GC(397)   Merge Heap Roots: 0.0ms
[15.649s][info][gc,phases      ] GC(397)   Evacuate Collection Set: 6.7ms
[15.649s][info][gc,phases      ] GC(397)   Post Evacuate Collection Set: 0.2ms
[15.649s][info][gc,phases      ] GC(397)   Other: 0.1ms
[15.649s][info][gc,heap        ] GC(397) Eden regions: 13->0(13)
[15.649s][info][gc,heap        ] GC(397) Survivor regions: 2->2(2)
[15.649s][info][gc,heap        ] GC(397) Old regions: 219->222
[15.649s][info][gc,heap        ] GC(397) Archive regions: 0->0
[15.649s][info][gc,heap        ] GC(397) Humongous regions: 36->36
[15.649s][info][gc,metaspace   ] GC(397) Metaspace: 480K(640K)->480K(640K) NonClass: 445K(512K)->445K(512K) Class: 34K(128K)->34K(128K)
[15.649s][info][gc             ] GC(397) Pause Young (Normal) (G1 Evacuation Pause) 266M->256M(300M) 7.321ms
[15.649s][info][gc,cpu         ] GC(397) User=0.00s Sys=0.00s Real=0.01s
[15.663s][info][gc,marking     ] GC(384) Concurrent Mark From Roots 605.174ms
[15.663s][info][gc,marking     ] GC(384) Concurrent Preclean
[15.663s][info][gc,marking     ] GC(384) Concurrent Preclean 0.073ms
[15.663s][info][gc,start       ] GC(384) Pause Remark
[15.664s][info][gc             ] GC(384) Pause Remark 267M->267M(300M) 0.377ms
[15.664s][info][gc,cpu         ] GC(384) User=0.00s Sys=0.00s Real=0.00s
[15.664s][info][gc,marking     ] GC(384) Concurrent Mark 605.868ms
[15.664s][info][gc,marking     ] GC(384) Concurrent Rebuild Remembered Sets
[15.665s][info][gc,start       ] GC(398) Pause Young (Normal) (G1 Evacuation Pause)
[15.665s][info][gc,task        ] GC(398) Using 4 workers of 4 for evacuation
[15.672s][info][gc,phases      ] GC(398)   Pre Evacuate Collection Set: 0.0ms
[15.672s][info][gc,phases      ] GC(398)   Merge Heap Roots: 0.0ms
[15.672s][info][gc,phases      ] GC(398)   Evacuate Collection Set: 6.1ms
[15.672s][info][gc,phases      ] GC(398)   Post Evacuate Collection Set: 0.2ms
[15.672s][info][gc,phases      ] GC(398)   Other: 0.1ms
[15.672s][info][gc,heap        ] GC(398) Eden regions: 13->0(13)
[15.672s][info][gc,heap        ] GC(398) Survivor regions: 2->2(2)
[15.672s][info][gc,heap        ] GC(398) Old regions: 222->225
[15.672s][info][gc,heap        ] GC(398) Archive regions: 0->0
[15.672s][info][gc,heap        ] GC(398) Humongous regions: 36->36
[15.672s][info][gc,metaspace   ] GC(398) Metaspace: 480K(640K)->480K(640K) NonClass: 445K(512K)->445K(512K) Class: 34K(128K)->34K(128K)
[15.672s][info][gc             ] GC(398) Pause Young (Normal) (G1 Evacuation Pause) 269M->259M(300M) 6.669ms
[15.672s][info][gc,cpu         ] GC(398) User=0.06s Sys=0.00s Real=0.01s
[15.682s][info][gc,start       ] GC(399) Pause Young (Normal) (G1 Evacuation Pause)
[15.682s][info][gc,task        ] GC(399) Using 4 workers of 4 for evacuation
[15.690s][info][gc,phases      ] GC(399)   Pre Evacuate Collection Set: 0.1ms
[15.690s][info][gc,phases      ] GC(399)   Merge Heap Roots: 0.1ms
[15.690s][info][gc,phases      ] GC(399)   Evacuate Collection Set: 6.7ms
[15.690s][info][gc,phases      ] GC(399)   Post Evacuate Collection Set: 0.2ms
[15.690s][info][gc,phases      ] GC(399)   Other: 0.2ms
[15.690s][info][gc,heap        ] GC(399) Eden regions: 13->0(13)
[15.690s][info][gc,heap        ] GC(399) Survivor regions: 2->2(2)
[15.690s][info][gc,heap        ] GC(399) Old regions: 225->227
[15.690s][info][gc,heap        ] GC(399) Archive regions: 0->0
[15.690s][info][gc,heap        ] GC(399) Humongous regions: 36->36
[15.690s][info][gc,metaspace   ] GC(399) Metaspace: 480K(640K)->480K(640K) NonClass: 445K(512K)->445K(512K) Class: 34K(128K)->34K(128K)
[15.690s][info][gc             ] GC(399) Pause Young (Normal) (G1 Evacuation Pause) 272M->262M(300M) 7.587ms
[15.690s][info][gc,cpu         ] GC(399) User=0.05s Sys=0.00s Real=0.01s
[15.701s][info][gc,start       ] GC(400) Pause Young (Normal) (G1 Evacuation Pause)
[15.701s][info][gc,task        ] GC(400) Using 4 workers of 4 for evacuation
[15.709s][info][gc,phases      ] GC(400)   Pre Evacuate Collection Set: 0.0ms
[15.709s][info][gc,phases      ] GC(400)   Merge Heap Roots: 0.0ms
[15.709s][info][gc,phases      ] GC(400)   Evacuate Collection Set: 7.4ms
[15.709s][info][gc,phases      ] GC(400)   Post Evacuate Collection Set: 0.2ms
[15.709s][info][gc,phases      ] GC(400)   Other: 0.1ms
[15.709s][info][gc,heap        ] GC(400) Eden regions: 13->0(13)
[15.709s][info][gc,heap        ] GC(400) Survivor regions: 2->2(2)
[15.709s][info][gc,heap        ] GC(400) Old regions: 227->230
[15.709s][info][gc,heap        ] GC(400) Archive regions: 0->0
[15.709s][info][gc,heap        ] GC(400) Humongous regions: 36->36
[15.709s][info][gc,metaspace   ] GC(400) Metaspace: 480K(640K)->480K(640K) NonClass: 445K(512K)->445K(512K) Class: 34K(128K)->34K(128K)
[15.709s][info][gc             ] GC(400) Pause Young (Normal) (G1 Evacuation Pause) 275M->265M(300M) 7.987ms
[15.709s][info][gc,cpu         ] GC(400) User=0.00s Sys=0.00s Real=0.01s
[15.720s][info][gc,start       ] GC(401) Pause Young (Normal) (G1 Evacuation Pause)
[15.720s][info][gc,task        ] GC(401) Using 4 workers of 4 for evacuation
[15.728s][info][gc,phases      ] GC(401)   Pre Evacuate Collection Set: 0.0ms
[15.728s][info][gc,phases      ] GC(401)   Merge Heap Roots: 0.0ms
[15.728s][info][gc,phases      ] GC(401)   Evacuate Collection Set: 7.6ms
[15.728s][info][gc,phases      ] GC(401)   Post Evacuate Collection Set: 0.2ms
[15.728s][info][gc,phases      ] GC(401)   Other: 0.1ms
[15.728s][info][gc,heap        ] GC(401) Eden regions: 13->0(13)
[15.728s][info][gc,heap        ] GC(401) Survivor regions: 2->2(2)
[15.728s][info][gc,heap        ] GC(401) Old regions: 230->233
[15.728s][info][gc,heap        ] GC(401) Archive regions: 0->0
[15.728s][info][gc,heap        ] GC(401) Humongous regions: 36->36
[15.728s][info][gc,metaspace   ] GC(401) Metaspace: 480K(640K)->480K(640K) NonClass: 445K(512K)->445K(512K) Class: 34K(128K)->34K(128K)
[15.728s][info][gc             ] GC(401) Pause Young (Normal) (G1 Evacuation Pause) 278M->268M(300M) 8.179ms
[15.728s][info][gc,cpu         ] GC(401) User=0.00s Sys=0.00s Real=0.01s
[15.741s][info][gc,start       ] GC(402) Pause Young (Normal) (G1 Evacuation Pause)
[15.741s][info][gc,task        ] GC(402) Using 4 workers of 4 for evacuation
[15.747s][info][gc,phases      ] GC(402)   Pre Evacuate Collection Set: 0.0ms
[15.747s][info][gc,phases      ] GC(402)   Merge Heap Roots: 0.0ms
[15.747s][info][gc,phases      ] GC(402)   Evacuate Collection Set: 6.5ms
[15.747s][info][gc,phases      ] GC(402)   Post Evacuate Collection Set: 0.2ms
[15.747s][info][gc,phases      ] GC(402)   Other: 0.1ms
[15.747s][info][gc,heap        ] GC(402) Eden regions: 13->0(13)
[15.748s][info][gc,heap        ] GC(402) Survivor regions: 2->2(2)
[15.748s][info][gc,heap        ] GC(402) Old regions: 233->236
[15.748s][info][gc,heap        ] GC(402) Archive regions: 0->0
[15.748s][info][gc,heap        ] GC(402) Humongous regions: 36->36
[15.748s][info][gc,metaspace   ] GC(402) Metaspace: 480K(640K)->480K(640K) NonClass: 445K(512K)->445K(512K) Class: 34K(128K)->34K(128K)
[15.748s][info][gc             ] GC(402) Pause Young (Normal) (G1 Evacuation Pause) 281M->270M(300M) 7.038ms
[15.748s][info][gc,cpu         ] GC(402) User=0.06s Sys=0.00s Real=0.01s
[15.759s][info][gc,start       ] GC(403) Pause Young (Normal) (G1 Evacuation Pause)
[15.759s][info][gc,task        ] GC(403) Using 4 workers of 4 for evacuation
[15.766s][info][gc,phases      ] GC(403)   Pre Evacuate Collection Set: 0.0ms
[15.766s][info][gc,phases      ] GC(403)   Merge Heap Roots: 0.0ms
[15.766s][info][gc,phases      ] GC(403)   Evacuate Collection Set: 7.0ms
[15.766s][info][gc,phases      ] GC(403)   Post Evacuate Collection Set: 0.2ms
[15.766s][info][gc,phases      ] GC(403)   Other: 0.1ms
[15.766s][info][gc,heap        ] GC(403) Eden regions: 13->0(13)
[15.766s][info][gc,heap        ] GC(403) Survivor regions: 2->2(2)
[15.766s][info][gc,heap        ] GC(403) Old regions: 236->239
[15.766s][info][gc,heap        ] GC(403) Archive regions: 0->0
[15.766s][info][gc,heap        ] GC(403) Humongous regions: 36->36
[15.766s][info][gc,metaspace   ] GC(403) Metaspace: 480K(640K)->480K(640K) NonClass: 445K(512K)->445K(512K) Class: 34K(128K)->34K(128K)
[15.766s][info][gc             ] GC(403) Pause Young (Normal) (G1 Evacuation Pause) 283M->273M(300M) 7.582ms
[15.766s][info][gc,cpu         ] GC(403) User=0.05s Sys=0.00s Real=0.01s
[15.778s][info][gc,start       ] GC(404) Pause Young (Normal) (G1 Evacuation Pause)
[15.778s][info][gc,task        ] GC(404) Using 4 workers of 4 for evacuation
[15.785s][info][gc,phases      ] GC(404)   Pre Evacuate Collection Set: 0.0ms
[15.785s][info][gc,phases      ] GC(404)   Merge Heap Roots: 0.0ms
[15.786s][info][gc,phases      ] GC(404)   Evacuate Collection Set: 7.4ms
[15.786s][info][gc,phases      ] GC(404)   Post Evacuate Collection Set: 0.2ms
[15.786s][info][gc,phases      ] GC(404)   Other: 0.1ms
[15.786s][info][gc,heap        ] GC(404) Eden regions: 13->0(13)
[15.786s][info][gc,heap        ] GC(404) Survivor regions: 2->2(2)
[15.786s][info][gc,heap        ] GC(404) Old regions: 239->242
[15.786s][info][gc,heap        ] GC(404) Archive regions: 0->0
[15.786s][info][gc,heap        ] GC(404) Humongous regions: 36->36
[15.786s][info][gc,metaspace   ] GC(404) Metaspace: 480K(640K)->480K(640K) NonClass: 445K(512K)->445K(512K) Class: 34K(128K)->34K(128K)
[15.786s][info][gc             ] GC(404) Pause Young (Normal) (G1 Evacuation Pause) 286M->276M(300M) 7.954ms
[15.786s][info][gc,cpu         ] GC(404) User=0.00s Sys=0.00s Real=0.01s
[15.796s][info][gc,start       ] GC(405) Pause Young (Normal) (G1 Evacuation Pause)
[15.796s][info][gc,task        ] GC(405) Using 4 workers of 4 for evacuation
[15.803s][info][gc,phases      ] GC(405)   Pre Evacuate Collection Set: 0.0ms
[15.803s][info][gc,phases      ] GC(405)   Merge Heap Roots: 0.0ms
[15.803s][info][gc,phases      ] GC(405)   Evacuate Collection Set: 6.8ms
[15.803s][info][gc,phases      ] GC(405)   Post Evacuate Collection Set: 0.2ms
[15.803s][info][gc,phases      ] GC(405)   Other: 0.1ms
[15.803s][info][gc,heap        ] GC(405) Eden regions: 13->0(13)
[15.803s][info][gc,heap        ] GC(405) Survivor regions: 2->2(2)
[15.803s][info][gc,heap        ] GC(405) Old regions: 242->244
[15.803s][info][gc,heap        ] GC(405) Archive regions: 0->0
[15.803s][info][gc,heap        ] GC(405) Humongous regions: 36->36
[15.803s][info][gc,metaspace   ] GC(405) Metaspace: 480K(640K)->480K(640K) NonClass: 445K(512K)->445K(512K) Class: 34K(128K)->34K(128K)
[15.803s][info][gc             ] GC(405) Pause Young (Normal) (G1 Evacuation Pause) 289M->279M(300M) 7.380ms
[15.803s][info][gc,cpu         ] GC(405) User=0.00s Sys=0.00s Real=0.01s
[15.813s][info][gc,start       ] GC(406) Pause Young (Normal) (G1 Preventive Collection)
[15.813s][info][gc,task        ] GC(406) Using 4 workers of 4 for evacuation
[15.820s][info][gc,phases      ] GC(406)   Pre Evacuate Collection Set: 0.0ms
[15.820s][info][gc,phases      ] GC(406)   Merge Heap Roots: 0.0ms
[15.820s][info][gc,phases      ] GC(406)   Evacuate Collection Set: 6.2ms
[15.820s][info][gc,phases      ] GC(406)   Post Evacuate Collection Set: 0.2ms
[15.820s][info][gc,phases      ] GC(406)   Other: 0.1ms
[15.820s][info][gc,heap        ] GC(406) Eden regions: 12->0(13)
[15.820s][info][gc,heap        ] GC(406) Survivor regions: 2->2(2)
[15.820s][info][gc,heap        ] GC(406) Old regions: 244->247
[15.820s][info][gc,heap        ] GC(406) Archive regions: 0->0
[15.820s][info][gc,heap        ] GC(406) Humongous regions: 36->36
[15.820s][info][gc,metaspace   ] GC(406) Metaspace: 480K(640K)->480K(640K) NonClass: 445K(512K)->445K(512K) Class: 34K(128K)->34K(128K)
[15.820s][info][gc             ] GC(406) Pause Young (Normal) (G1 Preventive Collection) 291M->281M(300M) 6.814ms
[15.820s][info][gc,cpu         ] GC(406) User=0.00s Sys=0.00s Real=0.01s
[15.830s][info][gc,start       ] GC(407) Pause Young (Normal) (G1 Preventive Collection)
[15.830s][info][gc,task        ] GC(407) Using 4 workers of 4 for evacuation
[15.836s][info][gc,phases      ] GC(407)   Pre Evacuate Collection Set: 0.0ms
[15.836s][info][gc,phases      ] GC(407)   Merge Heap Roots: 0.0ms
[15.836s][info][gc,phases      ] GC(407)   Evacuate Collection Set: 6.2ms
[15.836s][info][gc,phases      ] GC(407)   Post Evacuate Collection Set: 0.2ms
[15.836s][info][gc,phases      ] GC(407)   Other: 0.1ms
[15.837s][info][gc,heap        ] GC(407) Eden regions: 10->0(13)
[15.837s][info][gc,heap        ] GC(407) Survivor regions: 2->2(2)
[15.837s][info][gc,heap        ] GC(407) Old regions: 247->249
[15.837s][info][gc,heap        ] GC(407) Archive regions: 0->0
[15.837s][info][gc,heap        ] GC(407) Humongous regions: 36->36
[15.837s][info][gc,metaspace   ] GC(407) Metaspace: 480K(640K)->480K(640K) NonClass: 445K(512K)->445K(512K) Class: 34K(128K)->34K(128K)
[15.837s][info][gc             ] GC(407) Pause Young (Normal) (G1 Preventive Collection) 291M->284M(300M) 6.864ms
[15.837s][info][gc,cpu         ] GC(407) User=0.00s Sys=0.00s Real=0.01s
[15.845s][info][gc,start       ] GC(408) Pause Young (Normal) (G1 Preventive Collection)
[15.845s][info][gc,task        ] GC(408) Using 4 workers of 4 for evacuation
[15.850s][info][gc,phases      ] GC(408)   Pre Evacuate Collection Set: 0.0ms
[15.850s][info][gc,phases      ] GC(408)   Merge Heap Roots: 0.0ms
[15.850s][info][gc,phases      ] GC(408)   Evacuate Collection Set: 4.8ms
[15.850s][info][gc,phases      ] GC(408)   Post Evacuate Collection Set: 0.2ms
[15.850s][info][gc,phases      ] GC(408)   Other: 0.1ms
[15.850s][info][gc,heap        ] GC(408) Eden regions: 8->0(13)
[15.850s][info][gc,heap        ] GC(408) Survivor regions: 2->2(2)
[15.850s][info][gc,heap        ] GC(408) Old regions: 249->251
[15.850s][info][gc,heap        ] GC(408) Archive regions: 0->0
[15.850s][info][gc,heap        ] GC(408) Humongous regions: 36->36
[15.850s][info][gc,metaspace   ] GC(408) Metaspace: 480K(640K)->480K(640K) NonClass: 445K(512K)->445K(512K) Class: 34K(128K)->34K(128K)
[15.850s][info][gc             ] GC(408) Pause Young (Normal) (G1 Preventive Collection) 292M->286M(300M) 5.422ms
[15.850s][info][gc,cpu         ] GC(408) User=0.00s Sys=0.00s Real=0.00s
[15.857s][info][gc,start       ] GC(409) Pause Young (Normal) (G1 Preventive Collection)
[15.857s][info][gc,task        ] GC(409) Using 4 workers of 4 for evacuation
[15.861s][info][gc,phases      ] GC(409)   Pre Evacuate Collection Set: 0.0ms
[15.861s][info][gc,phases      ] GC(409)   Merge Heap Roots: 0.0ms
[15.862s][info][gc,phases      ] GC(409)   Evacuate Collection Set: 4.2ms
[15.862s][info][gc,phases      ] GC(409)   Post Evacuate Collection Set: 0.1ms
[15.862s][info][gc,phases      ] GC(409)   Other: 0.1ms
[15.862s][info][gc,heap        ] GC(409) Eden regions: 7->0(13)
[15.862s][info][gc,heap        ] GC(409) Survivor regions: 2->2(2)
[15.862s][info][gc,heap        ] GC(409) Old regions: 251->253
[15.862s][info][gc,heap        ] GC(409) Archive regions: 0->0
[15.862s][info][gc,heap        ] GC(409) Humongous regions: 36->36
[15.862s][info][gc,metaspace   ] GC(409) Metaspace: 480K(640K)->480K(640K) NonClass: 445K(512K)->445K(512K) Class: 34K(128K)->34K(128K)
[15.862s][info][gc             ] GC(409) Pause Young (Normal) (G1 Preventive Collection) 293M->287M(300M) 4.854ms
[15.862s][info][gc,cpu         ] GC(409) User=0.00s Sys=0.00s Real=0.01s
[15.867s][info][gc,start       ] GC(410) Pause Young (Normal) (G1 Preventive Collection)
[15.867s][info][gc,task        ] GC(410) Using 4 workers of 4 for evacuation
[15.871s][info][gc,phases      ] GC(410)   Pre Evacuate Collection Set: 0.0ms
[15.871s][info][gc,phases      ] GC(410)   Merge Heap Roots: 0.0ms
[15.871s][info][gc,phases      ] GC(410)   Evacuate Collection Set: 4.0ms
[15.871s][info][gc,phases      ] GC(410)   Post Evacuate Collection Set: 0.2ms
[15.871s][info][gc,phases      ] GC(410)   Other: 0.2ms
[15.871s][info][gc,heap        ] GC(410) Eden regions: 5->0(13)
[15.871s][info][gc,heap        ] GC(410) Survivor regions: 2->2(2)
[15.871s][info][gc,heap        ] GC(410) Old regions: 253->255
[15.871s][info][gc,heap        ] GC(410) Archive regions: 0->0
[15.871s][info][gc,heap        ] GC(410) Humongous regions: 36->36
[15.871s][info][gc,metaspace   ] GC(410) Metaspace: 480K(640K)->480K(640K) NonClass: 445K(512K)->445K(512K) Class: 34K(128K)->34K(128K)
[15.871s][info][gc             ] GC(410) Pause Young (Normal) (G1 Preventive Collection) 292M->288M(300M) 4.725ms
[15.872s][info][gc,cpu         ] GC(410) User=0.06s Sys=0.00s Real=0.00s
[15.876s][info][gc,start       ] GC(411) Pause Young (Normal) (G1 Preventive Collection)
[15.876s][info][gc,task        ] GC(411) Using 4 workers of 4 for evacuation
[15.880s][info][gc,phases      ] GC(411)   Pre Evacuate Collection Set: 0.0ms
[15.880s][info][gc,phases      ] GC(411)   Merge Heap Roots: 0.0ms
[15.880s][info][gc,phases      ] GC(411)   Evacuate Collection Set: 3.4ms
[15.880s][info][gc,phases      ] GC(411)   Post Evacuate Collection Set: 0.2ms
[15.880s][info][gc,phases      ] GC(411)   Other: 0.1ms
[15.880s][info][gc,heap        ] GC(411) Eden regions: 4->0(13)
[15.880s][info][gc,heap        ] GC(411) Survivor regions: 2->2(2)
[15.880s][info][gc,heap        ] GC(411) Old regions: 255->255
[15.880s][info][gc,heap        ] GC(411) Archive regions: 0->0
[15.880s][info][gc,heap        ] GC(411) Humongous regions: 36->36
[15.880s][info][gc,metaspace   ] GC(411) Metaspace: 480K(640K)->480K(640K) NonClass: 445K(512K)->445K(512K) Class: 34K(128K)->34K(128K)
[15.880s][info][gc             ] GC(411) Pause Young (Normal) (G1 Preventive Collection) 292M->289M(300M) 3.979ms
[15.880s][info][gc,cpu         ] GC(411) User=0.00s Sys=0.00s Real=0.00s
[15.884s][info][gc,start       ] GC(412) Pause Young (Normal) (G1 Preventive Collection)
[15.884s][info][gc,task        ] GC(412) Using 4 workers of 4 for evacuation
[15.888s][info][gc,phases      ] GC(412)   Pre Evacuate Collection Set: 0.0ms
[15.888s][info][gc,phases      ] GC(412)   Merge Heap Roots: 0.0ms
[15.888s][info][gc,phases      ] GC(412)   Evacuate Collection Set: 4.1ms
[15.888s][info][gc,phases      ] GC(412)   Post Evacuate Collection Set: 0.2ms
[15.888s][info][gc,phases      ] GC(412)   Other: 0.1ms
[15.888s][info][gc,heap        ] GC(412) Eden regions: 4->0(13)
[15.888s][info][gc,heap        ] GC(412) Survivor regions: 2->2(2)
[15.888s][info][gc,heap        ] GC(412) Old regions: 255->256
[15.888s][info][gc,heap        ] GC(412) Archive regions: 0->0
[15.888s][info][gc,heap        ] GC(412) Humongous regions: 36->36
[15.888s][info][gc,metaspace   ] GC(412) Metaspace: 480K(640K)->480K(640K) NonClass: 445K(512K)->445K(512K) Class: 34K(128K)->34K(128K)
[15.888s][info][gc             ] GC(412) Pause Young (Normal) (G1 Preventive Collection) 293M->290M(300M) 4.665ms
[15.888s][info][gc,cpu         ] GC(412) User=0.06s Sys=0.00s Real=0.01s
[15.891s][info][gc,start       ] GC(413) Pause Young (Normal) (G1 Preventive Collection)
[15.891s][info][gc,task        ] GC(413) Using 4 workers of 4 for evacuation
[15.895s][info][gc,phases      ] GC(413)   Pre Evacuate Collection Set: 0.0ms
[15.895s][info][gc,phases      ] GC(413)   Merge Heap Roots: 0.0ms
[15.895s][info][gc,phases      ] GC(413)   Evacuate Collection Set: 3.9ms
[15.895s][info][gc,phases      ] GC(413)   Post Evacuate Collection Set: 0.1ms
[15.895s][info][gc,phases      ] GC(413)   Other: 0.1ms
[15.895s][info][gc,heap        ] GC(413) Eden regions: 3->0(13)
[15.895s][info][gc,heap        ] GC(413) Survivor regions: 2->2(2)
[15.895s][info][gc,heap        ] GC(413) Old regions: 256->257
[15.895s][info][gc,heap        ] GC(413) Archive regions: 0->0
[15.895s][info][gc,heap        ] GC(413) Humongous regions: 36->36
[15.895s][info][gc,metaspace   ] GC(413) Metaspace: 480K(640K)->480K(640K) NonClass: 445K(512K)->445K(512K) Class: 34K(128K)->34K(128K)
[15.895s][info][gc             ] GC(413) Pause Young (Normal) (G1 Preventive Collection) 293M->290M(300M) 4.422ms
[15.895s][info][gc,cpu         ] GC(413) User=0.00s Sys=0.00s Real=0.00s
[15.897s][info][gc,start       ] GC(414) Pause Young (Normal) (G1 Preventive Collection)
[15.897s][info][gc,task        ] GC(414) Using 4 workers of 4 for evacuation
[15.901s][info][gc,phases      ] GC(414)   Pre Evacuate Collection Set: 0.0ms
[15.901s][info][gc,phases      ] GC(414)   Merge Heap Roots: 0.0ms
[15.901s][info][gc,phases      ] GC(414)   Evacuate Collection Set: 3.5ms
[15.901s][info][gc,phases      ] GC(414)   Post Evacuate Collection Set: 0.2ms
[15.901s][info][gc,phases      ] GC(414)   Other: 0.1ms
[15.901s][info][gc,heap        ] GC(414) Eden regions: 2->0(13)
[15.901s][info][gc,heap        ] GC(414) Survivor regions: 2->2(2)
[15.901s][info][gc,heap        ] GC(414) Old regions: 257->257
[15.901s][info][gc,heap        ] GC(414) Archive regions: 0->0
[15.901s][info][gc,heap        ] GC(414) Humongous regions: 36->36
[15.901s][info][gc,metaspace   ] GC(414) Metaspace: 480K(640K)->480K(640K) NonClass: 445K(512K)->445K(512K) Class: 34K(128K)->34K(128K)
[15.901s][info][gc             ] GC(414) Pause Young (Normal) (G1 Preventive Collection) 292M->291M(300M) 4.039ms
[15.901s][info][gc,cpu         ] GC(414) User=0.00s Sys=0.00s Real=0.00s
[15.904s][info][gc,start       ] GC(415) Pause Young (Normal) (G1 Preventive Collection)
[15.904s][info][gc,task        ] GC(415) Using 4 workers of 4 for evacuation
[15.908s][info][gc,phases      ] GC(415)   Pre Evacuate Collection Set: 0.0ms
[15.908s][info][gc,phases      ] GC(415)   Merge Heap Roots: 0.0ms
[15.908s][info][gc,phases      ] GC(415)   Evacuate Collection Set: 3.2ms
[15.908s][info][gc,phases      ] GC(415)   Post Evacuate Collection Set: 0.2ms
[15.908s][info][gc,phases      ] GC(415)   Other: 0.1ms
[15.908s][info][gc,heap        ] GC(415) Eden regions: 3->0(13)
[15.908s][info][gc,heap        ] GC(415) Survivor regions: 2->2(2)
[15.908s][info][gc,heap        ] GC(415) Old regions: 257->257
[15.908s][info][gc,heap        ] GC(415) Archive regions: 0->0
[15.908s][info][gc,heap        ] GC(415) Humongous regions: 36->36
[15.908s][info][gc,metaspace   ] GC(415) Metaspace: 480K(640K)->480K(640K) NonClass: 445K(512K)->445K(512K) Class: 34K(128K)->34K(128K)
[15.908s][info][gc             ] GC(415) Pause Young (Normal) (G1 Preventive Collection) 294M->291M(300M) 3.784ms
[15.908s][info][gc,cpu         ] GC(415) User=0.00s Sys=0.00s Real=0.00s
[15.910s][info][gc,start       ] GC(416) Pause Young (Normal) (G1 Preventive Collection)
[15.910s][info][gc,task        ] GC(416) Using 4 workers of 4 for evacuation
[15.915s][info][gc,phases      ] GC(416)   Pre Evacuate Collection Set: 0.0ms
[15.915s][info][gc,phases      ] GC(416)   Merge Heap Roots: 0.0ms
[15.915s][info][gc,phases      ] GC(416)   Evacuate Collection Set: 4.4ms
[15.915s][info][gc,phases      ] GC(416)   Post Evacuate Collection Set: 0.2ms
[15.915s][info][gc,phases      ] GC(416)   Other: 0.1ms
[15.915s][info][gc,heap        ] GC(416) Eden regions: 2->0(13)
[15.915s][info][gc,heap        ] GC(416) Survivor regions: 2->2(2)
[15.915s][info][gc,heap        ] GC(416) Old regions: 257->258
[15.915s][info][gc,heap        ] GC(416) Archive regions: 0->0
[15.915s][info][gc,heap        ] GC(416) Humongous regions: 36->36
[15.915s][info][gc,metaspace   ] GC(416) Metaspace: 480K(640K)->480K(640K) NonClass: 445K(512K)->445K(512K) Class: 34K(128K)->34K(128K)
[15.915s][info][gc             ] GC(416) Pause Young (Normal) (G1 Preventive Collection) 293M->292M(300M) 5.021ms
[15.915s][info][gc,cpu         ] GC(416) User=0.00s Sys=0.00s Real=0.01s
[15.917s][info][gc,start       ] GC(417) Pause Young (Normal) (G1 Preventive Collection)
[15.917s][info][gc,task        ] GC(417) Using 4 workers of 4 for evacuation
[15.921s][info][gc,phases      ] GC(417)   Pre Evacuate Collection Set: 0.0ms
[15.921s][info][gc,phases      ] GC(417)   Merge Heap Roots: 0.0ms
[15.921s][info][gc,phases      ] GC(417)   Evacuate Collection Set: 3.5ms
[15.921s][info][gc,phases      ] GC(417)   Post Evacuate Collection Set: 0.2ms
[15.921s][info][gc,phases      ] GC(417)   Other: 0.1ms
[15.921s][info][gc,heap        ] GC(417) Eden regions: 2->0(13)
[15.921s][info][gc,heap        ] GC(417) Survivor regions: 2->2(2)
[15.921s][info][gc,heap        ] GC(417) Old regions: 258->258
[15.921s][info][gc,heap        ] GC(417) Archive regions: 0->0
[15.921s][info][gc,heap        ] GC(417) Humongous regions: 36->36
[15.921s][info][gc,metaspace   ] GC(417) Metaspace: 480K(640K)->480K(640K) NonClass: 445K(512K)->445K(512K) Class: 34K(128K)->34K(128K)
[15.921s][info][gc             ] GC(417) Pause Young (Normal) (G1 Preventive Collection) 294M->292M(300M) 4.059ms
[15.921s][info][gc,cpu         ] GC(417) User=0.06s Sys=0.00s Real=0.00s
[15.923s][info][gc,start       ] GC(418) Pause Young (Normal) (G1 Preventive Collection)
[15.923s][info][gc,task        ] GC(418) Using 4 workers of 4 for evacuation
[15.927s][info][gc,phases      ] GC(418)   Pre Evacuate Collection Set: 0.0ms
[15.927s][info][gc,phases      ] GC(418)   Merge Heap Roots: 0.0ms
[15.927s][info][gc,phases      ] GC(418)   Evacuate Collection Set: 3.5ms
[15.927s][info][gc,phases      ] GC(418)   Post Evacuate Collection Set: 0.2ms
[15.927s][info][gc,phases      ] GC(418)   Other: 0.1ms
[15.927s][info][gc,heap        ] GC(418) Eden regions: 2->0(14)
[15.927s][info][gc,heap        ] GC(418) Survivor regions: 2->1(2)
[15.927s][info][gc,heap        ] GC(418) Old regions: 258->259
[15.927s][info][gc,heap        ] GC(418) Archive regions: 0->0
[15.927s][info][gc,heap        ] GC(418) Humongous regions: 36->36
[15.927s][info][gc,metaspace   ] GC(418) Metaspace: 480K(640K)->480K(640K) NonClass: 445K(512K)->445K(512K) Class: 34K(128K)->34K(128K)
[15.927s][info][gc             ] GC(418) Pause Young (Normal) (G1 Preventive Collection) 294M->293M(300M) 4.041ms
[15.927s][info][gc,cpu         ] GC(418) User=0.00s Sys=0.00s Real=0.00s
[15.929s][info][gc,start       ] GC(419) Pause Young (Normal) (G1 Preventive Collection)
[15.929s][info][gc,task        ] GC(419) Using 4 workers of 4 for evacuation
[15.932s][info][gc,phases      ] GC(419)   Pre Evacuate Collection Set: 0.0ms
[15.932s][info][gc,phases      ] GC(419)   Merge Heap Roots: 0.0ms
[15.932s][info][gc,phases      ] GC(419)   Evacuate Collection Set: 2.7ms
[15.932s][info][gc,phases      ] GC(419)   Post Evacuate Collection Set: 0.2ms
[15.932s][info][gc,phases      ] GC(419)   Other: 0.1ms
[15.932s][info][gc,heap        ] GC(419) Eden regions: 2->0(13)
[15.932s][info][gc,heap        ] GC(419) Survivor regions: 1->2(2)
[15.932s][info][gc,heap        ] GC(419) Old regions: 259->259
[15.932s][info][gc,heap        ] GC(419) Archive regions: 0->0
[15.932s][info][gc,heap        ] GC(419) Humongous regions: 36->36
[15.932s][info][gc,metaspace   ] GC(419) Metaspace: 480K(640K)->480K(640K) NonClass: 445K(512K)->445K(512K) Class: 34K(128K)->34K(128K)
[15.932s][info][gc             ] GC(419) Pause Young (Normal) (G1 Preventive Collection) 295M->293M(300M) 3.245ms
[15.932s][info][gc,cpu         ] GC(419) User=0.00s Sys=0.00s Real=0.00s
[15.934s][info][gc,start       ] GC(420) Pause Young (Normal) (G1 Preventive Collection)
[15.934s][info][gc,task        ] GC(420) Using 4 workers of 4 for evacuation
[15.936s][info][gc,phases      ] GC(420)   Pre Evacuate Collection Set: 0.0ms
[15.936s][info][gc,phases      ] GC(420)   Merge Heap Roots: 0.0ms
[15.937s][info][gc,phases      ] GC(420)   Evacuate Collection Set: 2.5ms
[15.937s][info][gc,phases      ] GC(420)   Post Evacuate Collection Set: 0.2ms
[15.937s][info][gc,phases      ] GC(420)   Other: 0.1ms
[15.937s][info][gc,heap        ] GC(420) Eden regions: 1->0(14)
[15.937s][info][gc,heap        ] GC(420) Survivor regions: 2->1(2)
[15.937s][info][gc,heap        ] GC(420) Old regions: 259->260
[15.937s][info][gc,heap        ] GC(420) Archive regions: 0->0
[15.937s][info][gc,heap        ] GC(420) Humongous regions: 36->36
[15.937s][info][gc,metaspace   ] GC(420) Metaspace: 480K(640K)->480K(640K) NonClass: 445K(512K)->445K(512K) Class: 34K(128K)->34K(128K)
[15.937s][info][gc             ] GC(420) Pause Young (Normal) (G1 Preventive Collection) 294M->293M(300M) 3.046ms
[15.937s][info][gc,cpu         ] GC(420) User=0.06s Sys=0.00s Real=0.00s
[15.938s][info][gc,start       ] GC(421) Pause Young (Normal) (G1 Preventive Collection)
[15.938s][info][gc,task        ] GC(421) Using 4 workers of 4 for evacuation
[15.941s][info][gc,phases      ] GC(421)   Pre Evacuate Collection Set: 0.0ms
[15.941s][info][gc,phases      ] GC(421)   Merge Heap Roots: 0.0ms
[15.941s][info][gc,phases      ] GC(421)   Evacuate Collection Set: 2.5ms
[15.941s][info][gc,phases      ] GC(421)   Post Evacuate Collection Set: 0.2ms
[15.941s][info][gc,phases      ] GC(421)   Other: 0.1ms
[15.941s][info][gc,heap        ] GC(421) Eden regions: 1->0(13)
[15.941s][info][gc,heap        ] GC(421) Survivor regions: 1->2(2)
[15.941s][info][gc,heap        ] GC(421) Old regions: 260->260
[15.941s][info][gc,heap        ] GC(421) Archive regions: 0->0
[15.941s][info][gc,heap        ] GC(421) Humongous regions: 36->36
[15.941s][info][gc,metaspace   ] GC(421) Metaspace: 480K(640K)->480K(640K) NonClass: 445K(512K)->445K(512K) Class: 34K(128K)->34K(128K)
[15.941s][info][gc             ] GC(421) Pause Young (Normal) (G1 Preventive Collection) 294M->294M(300M) 3.007ms
[15.941s][info][gc,cpu         ] GC(421) User=0.00s Sys=0.00s Real=0.00s
[15.942s][info][gc,start       ] GC(422) Pause Young (Normal) (G1 Preventive Collection)
[15.942s][info][gc,task        ] GC(422) Using 4 workers of 4 for evacuation
[15.945s][info][gc,phases      ] GC(422)   Pre Evacuate Collection Set: 0.1ms
[15.945s][info][gc,phases      ] GC(422)   Merge Heap Roots: 0.0ms
[15.945s][info][gc,phases      ] GC(422)   Evacuate Collection Set: 3.1ms
[15.945s][info][gc,phases      ] GC(422)   Post Evacuate Collection Set: 0.2ms
[15.945s][info][gc,phases      ] GC(422)   Other: 0.1ms
[15.945s][info][gc,heap        ] GC(422) Eden regions: 1->0(14)
[15.945s][info][gc,heap        ] GC(422) Survivor regions: 2->1(1)
[15.945s][info][gc,heap        ] GC(422) Old regions: 260->260
[15.945s][info][gc,heap        ] GC(422) Archive regions: 0->0
[15.945s][info][gc,heap        ] GC(422) Humongous regions: 36->36
[15.945s][info][gc,metaspace   ] GC(422) Metaspace: 480K(640K)->480K(640K) NonClass: 445K(512K)->445K(512K) Class: 34K(128K)->34K(128K)
[15.945s][info][gc             ] GC(422) Pause Young (Normal) (G1 Preventive Collection) 295M->294M(300M) 3.652ms
[15.945s][info][gc,cpu         ] GC(422) User=0.00s Sys=0.00s Real=0.00s
[15.947s][info][gc,start       ] GC(423) Pause Young (Normal) (G1 Preventive Collection)
[15.947s][info][gc,task        ] GC(423) Using 4 workers of 4 for evacuation
[15.950s][info][gc,phases      ] GC(423)   Pre Evacuate Collection Set: 0.0ms
[15.950s][info][gc,phases      ] GC(423)   Merge Heap Roots: 0.0ms
[15.950s][info][gc,phases      ] GC(423)   Evacuate Collection Set: 3.1ms
[15.950s][info][gc,phases      ] GC(423)   Post Evacuate Collection Set: 0.2ms
[15.950s][info][gc,phases      ] GC(423)   Other: 0.1ms
[15.950s][info][gc,heap        ] GC(423) Eden regions: 1->0(13)
[15.950s][info][gc,heap        ] GC(423) Survivor regions: 1->2(2)
[15.950s][info][gc,heap        ] GC(423) Old regions: 260->260
[15.950s][info][gc,heap        ] GC(423) Archive regions: 0->0
[15.950s][info][gc,heap        ] GC(423) Humongous regions: 36->36
[15.950s][info][gc,metaspace   ] GC(423) Metaspace: 480K(640K)->480K(640K) NonClass: 445K(512K)->445K(512K) Class: 34K(128K)->34K(128K)
[15.950s][info][gc             ] GC(423) Pause Young (Normal) (G1 Preventive Collection) 295M->294M(300M) 3.586ms
[15.950s][info][gc,cpu         ] GC(423) User=0.06s Sys=0.00s Real=0.00s
[15.951s][info][gc,start       ] GC(424) Pause Young (Normal) (G1 Preventive Collection)
[15.951s][info][gc,task        ] GC(424) Using 4 workers of 4 for evacuation
[15.956s][info][gc             ] GC(424) To-space exhausted
[15.956s][info][gc,phases      ] GC(424)   Pre Evacuate Collection Set: 0.1ms
[15.956s][info][gc,phases      ] GC(424)   Merge Heap Roots: 0.0ms
[15.956s][info][gc,phases      ] GC(424)   Evacuate Collection Set: 3.9ms
[15.956s][info][gc,phases      ] GC(424)   Post Evacuate Collection Set: 0.9ms
[15.956s][info][gc,phases      ] GC(424)   Other: 0.2ms
[15.956s][info][gc,heap        ] GC(424) Eden regions: 1->0(14)
[15.956s][info][gc,heap        ] GC(424) Survivor regions: 2->1(1)
[15.956s][info][gc,heap        ] GC(424) Old regions: 260->262
[15.956s][info][gc,heap        ] GC(424) Archive regions: 0->0
[15.956s][info][gc,heap        ] GC(424) Humongous regions: 36->36
[15.956s][info][gc,metaspace   ] GC(424) Metaspace: 480K(640K)->480K(640K) NonClass: 445K(512K)->445K(512K) Class: 34K(128K)->34K(128K)
[15.956s][info][gc             ] GC(424) Pause Young (Normal) (G1 Preventive Collection) 295M->295M(300M) 5.242ms
[15.957s][info][gc,cpu         ] GC(424) User=0.00s Sys=0.00s Real=0.00s
[15.958s][info][gc,start       ] GC(425) Pause Young (Normal) (G1 Evacuation Pause)
[15.958s][info][gc,task        ] GC(425) Using 4 workers of 4 for evacuation
[15.964s][info][gc             ] GC(425) To-space exhausted
[15.964s][info][gc,phases      ] GC(425)   Pre Evacuate Collection Set: 0.0ms
[15.964s][info][gc,phases      ] GC(425)   Merge Heap Roots: 0.0ms
[15.964s][info][gc,phases      ] GC(425)   Evacuate Collection Set: 3.5ms
[15.964s][info][gc,phases      ] GC(425)   Post Evacuate Collection Set: 2.2ms
[15.964s][info][gc,phases      ] GC(425)   Other: 0.2ms
[15.964s][info][gc,heap        ] GC(425) Eden regions: 1->0(15)
[15.964s][info][gc,heap        ] GC(425) Survivor regions: 1->0(0)
[15.964s][info][gc,heap        ] GC(425) Old regions: 262->264
[15.964s][info][gc,heap        ] GC(425) Archive regions: 0->0
[15.964s][info][gc,heap        ] GC(425) Humongous regions: 36->36
[15.964s][info][gc,metaspace   ] GC(425) Metaspace: 480K(640K)->480K(640K) NonClass: 445K(512K)->445K(512K) Class: 34K(128K)->34K(128K)
[15.964s][info][gc             ] GC(425) Pause Young (Normal) (G1 Evacuation Pause) 296M->296M(300M) 6.137ms
[15.964s][info][gc,cpu         ] GC(425) User=0.00s Sys=0.00s Real=0.01s
[15.964s][info][gc,ergo        ] Attempting full compaction
[15.964s][info][gc,task        ] GC(426) Using 4 workers of 4 for full compaction
[15.964s][info][gc,start       ] GC(426) Pause Full (G1 Compaction Pause)
[15.964s][info][gc,phases,start] GC(426) Phase 1: Mark live objects
[16.013s][info][gc,phases      ] GC(426) Phase 1: Mark live objects 49.141ms
[16.014s][info][gc,phases,start] GC(426) Phase 2: Prepare for compaction
[16.018s][info][gc,phases      ] GC(426) Phase 2: Prepare for compaction 4.289ms
[16.018s][info][gc,phases,start] GC(426) Phase 3: Adjust pointers
[16.035s][info][gc,phases      ] GC(426) Phase 3: Adjust pointers 17.343ms
[16.035s][info][gc,phases,start] GC(426) Phase 4: Compact heap
[16.040s][info][gc,phases      ] GC(426) Phase 4: Compact heap 4.556ms
[16.040s][info][gc,heap        ] GC(426) Eden regions: 0->0(130)
[16.040s][info][gc,heap        ] GC(426) Survivor regions: 0->0(0)
[16.040s][info][gc,heap        ] GC(426) Old regions: 264->46
[16.041s][info][gc,heap        ] GC(426) Archive regions: 0->0
[16.041s][info][gc,heap        ] GC(426) Humongous regions: 36->36
[16.041s][info][gc,metaspace   ] GC(426) Metaspace: 480K(640K)->480K(640K) NonClass: 445K(512K)->445K(512K) Class: 34K(128K)->34K(128K)
[16.041s][info][gc             ] GC(426) Pause Full (G1 Compaction Pause) 296M->79M(300M) 76.505ms
[16.041s][info][gc,cpu         ] GC(426) User=0.28s Sys=0.00s Real=0.08s
[16.041s][info][gc,marking     ] GC(384) Concurrent Rebuild Remembered Sets 377.409ms
[16.041s][info][gc,marking     ] GC(384) Concurrent Mark Abort
[16.041s][info][gc             ] GC(384) Concurrent Mark Cycle 1006.054ms
[16.142s][info][gc,start       ] GC(427) Pause Young (Normal) (G1 Evacuation Pause)
[16.142s][info][gc,task        ] GC(427) Using 4 workers of 4 for evacuation
[16.177s][info][gc,phases      ] GC(427)   Pre Evacuate Collection Set: 0.1ms
[16.177s][info][gc,phases      ] GC(427)   Merge Heap Roots: 0.1ms
[16.177s][info][gc,phases      ] GC(427)   Evacuate Collection Set: 34.1ms
[16.177s][info][gc,phases      ] GC(427)   Post Evacuate Collection Set: 0.3ms
[16.177s][info][gc,phases      ] GC(427)   Other: 0.1ms
[16.177s][info][gc,heap        ] GC(427) Eden regions: 130->0(111)
[16.177s][info][gc,heap        ] GC(427) Survivor regions: 0->17(17)
[16.177s][info][gc,heap        ] GC(427) Old regions: 46->56
[16.177s][info][gc,heap        ] GC(427) Archive regions: 0->0
[16.177s][info][gc,heap        ] GC(427) Humongous regions: 36->36
[16.177s][info][gc,metaspace   ] GC(427) Metaspace: 480K(640K)->480K(640K) NonClass: 445K(512K)->445K(512K) Class: 34K(128K)->34K(128K)
[16.177s][info][gc             ] GC(427) Pause Young (Normal) (G1 Evacuation Pause) 209M->105M(300M) 34.878ms
[16.177s][info][gc,cpu         ] GC(427) User=0.11s Sys=0.00s Real=0.03s
[16.262s][info][gc,start       ] GC(428) Pause Young (Normal) (G1 Evacuation Pause)
[16.262s][info][gc,task        ] GC(428) Using 4 workers of 4 for evacuation
[16.311s][info][gc,phases      ] GC(428)   Pre Evacuate Collection Set: 0.1ms
[16.311s][info][gc,phases      ] GC(428)   Merge Heap Roots: 0.1ms
[16.311s][info][gc,phases      ] GC(428)   Evacuate Collection Set: 48.5ms
[16.311s][info][gc,phases      ] GC(428)   Post Evacuate Collection Set: 0.3ms
[16.311s][info][gc,phases      ] GC(428)   Other: 0.1ms
[16.311s][info][gc,heap        ] GC(428) Eden regions: 111->0(95)
[16.311s][info][gc,heap        ] GC(428) Survivor regions: 17->16(16)
[16.311s][info][gc,heap        ] GC(428) Old regions: 56->80
[16.311s][info][gc,heap        ] GC(428) Archive regions: 0->0
[16.311s][info][gc,heap        ] GC(428) Humongous regions: 36->36
[16.311s][info][gc,metaspace   ] GC(428) Metaspace: 480K(640K)->480K(640K) NonClass: 445K(512K)->445K(512K) Class: 34K(128K)->34K(128K)
[16.311s][info][gc             ] GC(428) Pause Young (Normal) (G1 Evacuation Pause) 216M->128M(300M) 49.348ms
[16.312s][info][gc,cpu         ] GC(428) User=0.17s Sys=0.00s Real=0.05s
[16.385s][info][gc,start       ] GC(429) Pause Young (Normal) (G1 Evacuation Pause)
[16.385s][info][gc,task        ] GC(429) Using 4 workers of 4 for evacuation
[16.429s][info][gc,phases      ] GC(429)   Pre Evacuate Collection Set: 0.1ms
[16.429s][info][gc,phases      ] GC(429)   Merge Heap Roots: 0.1ms
[16.429s][info][gc,phases      ] GC(429)   Evacuate Collection Set: 43.7ms
[16.429s][info][gc,phases      ] GC(429)   Post Evacuate Collection Set: 0.2ms
[16.429s][info][gc,phases      ] GC(429)   Other: 0.1ms
[16.429s][info][gc,heap        ] GC(429) Eden regions: 95->0(82)
[16.429s][info][gc,heap        ] GC(429) Survivor regions: 16->14(14)
[16.429s][info][gc,heap        ] GC(429) Old regions: 80->101
[16.429s][info][gc,heap        ] GC(429) Archive regions: 0->0
[16.429s][info][gc,heap        ] GC(429) Humongous regions: 36->36
[16.429s][info][gc,metaspace   ] GC(429) Metaspace: 480K(640K)->480K(640K) NonClass: 445K(512K)->445K(512K) Class: 34K(128K)->34K(128K)
[16.429s][info][gc             ] GC(429) Pause Young (Normal) (G1 Evacuation Pause) 223M->148M(300M) 44.650ms
[16.429s][info][gc,cpu         ] GC(429) User=0.19s Sys=0.00s Real=0.05s
[16.492s][info][gc,start       ] GC(430) Pause Young (Concurrent Start) (G1 Evacuation Pause)
[16.492s][info][gc,task        ] GC(430) Using 4 workers of 4 for evacuation
[16.531s][info][gc,phases      ] GC(430)   Pre Evacuate Collection Set: 0.1ms
[16.531s][info][gc,phases      ] GC(430)   Merge Heap Roots: 0.1ms
[16.531s][info][gc,phases      ] GC(430)   Evacuate Collection Set: 38.7ms
[16.532s][info][gc,phases      ] GC(430)   Post Evacuate Collection Set: 0.3ms
[16.532s][info][gc,phases      ] GC(430)   Other: 0.1ms
[16.532s][info][gc,heap        ] GC(430) Eden regions: 82->0(69)
[16.532s][info][gc,heap        ] GC(430) Survivor regions: 14->12(12)
[16.532s][info][gc,heap        ] GC(430) Old regions: 101->121
[16.532s][info][gc,heap        ] GC(430) Archive regions: 0->0
[16.532s][info][gc,heap        ] GC(430) Humongous regions: 36->36
[16.532s][info][gc,metaspace   ] GC(430) Metaspace: 480K(640K)->480K(640K) NonClass: 445K(512K)->445K(512K) Class: 34K(128K)->34K(128K)
[16.532s][info][gc             ] GC(430) Pause Young (Concurrent Start) (G1 Evacuation Pause) 230M->166M(300M) 39.428ms
[16.532s][info][gc,cpu         ] GC(430) User=0.17s Sys=0.00s Real=0.04s
[16.532s][info][gc             ] GC(431) Concurrent Mark Cycle
[16.532s][info][gc,marking     ] GC(431) Concurrent Clear Claimed Marks
[16.532s][info][gc,marking     ] GC(431) Concurrent Clear Claimed Marks 0.020ms
[16.532s][info][gc,marking     ] GC(431) Concurrent Scan Root Regions
[16.562s][info][gc,marking     ] GC(431) Concurrent Scan Root Regions 29.938ms
[16.562s][info][gc,marking     ] GC(431) Concurrent Mark
[16.562s][info][gc,marking     ] GC(431) Concurrent Mark From Roots
[16.562s][info][gc,task        ] GC(431) Using 1 workers of 1 for marking
[16.607s][info][gc,start       ] GC(432) Pause Young (Normal) (G1 Evacuation Pause)
[16.607s][info][gc,task        ] GC(432) Using 4 workers of 4 for evacuation
[16.639s][info][gc,phases      ] GC(432)   Pre Evacuate Collection Set: 0.0ms
[16.639s][info][gc,phases      ] GC(432)   Merge Heap Roots: 0.1ms
[16.639s][info][gc,phases      ] GC(432)   Evacuate Collection Set: 31.8ms
[16.639s][info][gc,phases      ] GC(432)   Post Evacuate Collection Set: 0.3ms
[16.639s][info][gc,phases      ] GC(432)   Other: 0.2ms
[16.639s][info][gc,heap        ] GC(432) Eden regions: 69->0(59)
[16.639s][info][gc,heap        ] GC(432) Survivor regions: 12->11(11)
[16.639s][info][gc,heap        ] GC(432) Old regions: 121->137
[16.639s][info][gc,heap        ] GC(432) Archive regions: 0->0
[16.639s][info][gc,heap        ] GC(432) Humongous regions: 36->36
[16.639s][info][gc,metaspace   ] GC(432) Metaspace: 480K(640K)->480K(640K) NonClass: 445K(512K)->445K(512K) Class: 34K(128K)->34K(128K)
[16.639s][info][gc             ] GC(432) Pause Young (Normal) (G1 Evacuation Pause) 235M->181M(300M) 32.699ms
[16.639s][info][gc,cpu         ] GC(432) User=0.13s Sys=0.00s Real=0.03s
[16.701s][info][gc,start       ] GC(433) Pause Young (Normal) (G1 Evacuation Pause)
[16.701s][info][gc,task        ] GC(433) Using 4 workers of 4 for evacuation
[16.730s][info][gc,phases      ] GC(433)   Pre Evacuate Collection Set: 0.0ms
[16.730s][info][gc,phases      ] GC(433)   Merge Heap Roots: 0.1ms
[16.730s][info][gc,phases      ] GC(433)   Evacuate Collection Set: 27.9ms
[16.730s][info][gc,phases      ] GC(433)   Post Evacuate Collection Set: 0.2ms
[16.730s][info][gc,phases      ] GC(433)   Other: 0.1ms
[16.730s][info][gc,heap        ] GC(433) Eden regions: 59->0(50)
[16.730s][info][gc,heap        ] GC(433) Survivor regions: 11->9(9)
[16.730s][info][gc,heap        ] GC(433) Old regions: 137->152
[16.730s][info][gc,heap        ] GC(433) Archive regions: 0->0
[16.730s][info][gc,heap        ] GC(433) Humongous regions: 36->36
[16.730s][info][gc,metaspace   ] GC(433) Metaspace: 480K(640K)->480K(640K) NonClass: 445K(512K)->445K(512K) Class: 34K(128K)->34K(128K)
[16.730s][info][gc             ] GC(433) Pause Young (Normal) (G1 Evacuation Pause) 240M->194M(300M) 28.606ms
[16.730s][info][gc,cpu         ] GC(433) User=0.06s Sys=0.02s Real=0.03s
[16.791s][info][gc,start       ] GC(434) Pause Young (Normal) (G1 Evacuation Pause)
[16.792s][info][gc,task        ] GC(434) Using 4 workers of 4 for evacuation
[16.816s][info][gc,phases      ] GC(434)   Pre Evacuate Collection Set: 0.0ms
[16.816s][info][gc,phases      ] GC(434)   Merge Heap Roots: 0.0ms
[16.816s][info][gc,phases      ] GC(434)   Evacuate Collection Set: 24.1ms
[16.816s][info][gc,phases      ] GC(434)   Post Evacuate Collection Set: 0.3ms
[16.816s][info][gc,phases      ] GC(434)   Other: 0.1ms
[16.816s][info][gc,heap        ] GC(434) Eden regions: 50->0(43)
[16.816s][info][gc,heap        ] GC(434) Survivor regions: 9->8(8)
[16.816s][info][gc,heap        ] GC(434) Old regions: 152->163
[16.816s][info][gc,heap        ] GC(434) Archive regions: 0->0
[16.816s][info][gc,heap        ] GC(434) Humongous regions: 36->36
[16.816s][info][gc,metaspace   ] GC(434) Metaspace: 480K(640K)->480K(640K) NonClass: 445K(512K)->445K(512K) Class: 34K(128K)->34K(128K)
[16.816s][info][gc             ] GC(434) Pause Young (Normal) (G1 Evacuation Pause) 244M->204M(300M) 24.788ms
[16.816s][info][gc,cpu         ] GC(434) User=0.11s Sys=0.00s Real=0.03s
[16.859s][info][gc,start       ] GC(435) Pause Young (Normal) (G1 Evacuation Pause)
[16.860s][info][gc,task        ] GC(435) Using 4 workers of 4 for evacuation
[16.881s][info][gc,phases      ] GC(435)   Pre Evacuate Collection Set: 0.0ms
[16.881s][info][gc,phases      ] GC(435)   Merge Heap Roots: 0.0ms
[16.881s][info][gc,phases      ] GC(435)   Evacuate Collection Set: 21.3ms
[16.881s][info][gc,phases      ] GC(435)   Post Evacuate Collection Set: 0.2ms
[16.881s][info][gc,phases      ] GC(435)   Other: 0.1ms
[16.881s][info][gc,heap        ] GC(435) Eden regions: 43->0(36)
[16.881s][info][gc,heap        ] GC(435) Survivor regions: 8->7(7)
[16.881s][info][gc,heap        ] GC(435) Old regions: 163->174
[16.881s][info][gc,heap        ] GC(435) Archive regions: 0->0
[16.881s][info][gc,heap        ] GC(435) Humongous regions: 36->36
[16.881s][info][gc,metaspace   ] GC(435) Metaspace: 480K(640K)->480K(640K) NonClass: 445K(512K)->445K(512K) Class: 34K(128K)->34K(128K)
[16.881s][info][gc             ] GC(435) Pause Young (Normal) (G1 Evacuation Pause) 247M->214M(300M) 21.923ms
[16.881s][info][gc,cpu         ] GC(435) User=0.06s Sys=0.00s Real=0.02s
[16.920s][info][gc,start       ] GC(436) Pause Young (Normal) (G1 Evacuation Pause)
[16.920s][info][gc,task        ] GC(436) Using 4 workers of 4 for evacuation
[16.938s][info][gc,phases      ] GC(436)   Pre Evacuate Collection Set: 0.0ms
[16.938s][info][gc,phases      ] GC(436)   Merge Heap Roots: 0.0ms
[16.938s][info][gc,phases      ] GC(436)   Evacuate Collection Set: 18.2ms
[16.938s][info][gc,phases      ] GC(436)   Post Evacuate Collection Set: 0.2ms
[16.938s][info][gc,phases      ] GC(436)   Other: 0.1ms
[16.938s][info][gc,heap        ] GC(436) Eden regions: 36->0(30)
[16.938s][info][gc,heap        ] GC(436) Survivor regions: 7->6(6)
[16.938s][info][gc,heap        ] GC(436) Old regions: 174->183
[16.938s][info][gc,heap        ] GC(436) Archive regions: 0->0
[16.938s][info][gc,heap        ] GC(436) Humongous regions: 36->36
[16.938s][info][gc,metaspace   ] GC(436) Metaspace: 480K(640K)->480K(640K) NonClass: 445K(512K)->445K(512K) Class: 34K(128K)->34K(128K)
[16.938s][info][gc             ] GC(436) Pause Young (Normal) (G1 Evacuation Pause) 250M->222M(300M) 18.814ms
[16.939s][info][gc,cpu         ] GC(436) User=0.06s Sys=0.00s Real=0.02s
[16.972s][info][gc,start       ] GC(437) Pause Young (Normal) (G1 Evacuation Pause)
[16.972s][info][gc,task        ] GC(437) Using 4 workers of 4 for evacuation
[16.988s][info][gc,phases      ] GC(437)   Pre Evacuate Collection Set: 0.1ms
[16.988s][info][gc,phases      ] GC(437)   Merge Heap Roots: 0.1ms
[16.988s][info][gc,phases      ] GC(437)   Evacuate Collection Set: 15.6ms
[16.988s][info][gc,phases      ] GC(437)   Post Evacuate Collection Set: 0.2ms
[16.988s][info][gc,phases      ] GC(437)   Other: 0.1ms
[16.988s][info][gc,heap        ] GC(437) Eden regions: 30->0(26)
[16.988s][info][gc,heap        ] GC(437) Survivor regions: 6->5(5)
[16.988s][info][gc,heap        ] GC(437) Old regions: 183->191
[16.988s][info][gc,heap        ] GC(437) Archive regions: 0->0
[16.988s][info][gc,heap        ] GC(437) Humongous regions: 36->36
[16.988s][info][gc,metaspace   ] GC(437) Metaspace: 480K(640K)->480K(640K) NonClass: 445K(512K)->445K(512K) Class: 34K(128K)->34K(128K)
[16.988s][info][gc             ] GC(437) Pause Young (Normal) (G1 Evacuation Pause) 252M->229M(300M) 16.267ms
[16.988s][info][gc,cpu         ] GC(437) User=0.06s Sys=0.00s Real=0.02s
[17.014s][info][gc,start       ] GC(438) Pause Young (Normal) (G1 Evacuation Pause)
[17.014s][info][gc,task        ] GC(438) Using 4 workers of 4 for evacuation
[17.028s][info][gc,phases      ] GC(438)   Pre Evacuate Collection Set: 0.0ms
[17.028s][info][gc,phases      ] GC(438)   Merge Heap Roots: 0.0ms
[17.029s][info][gc,phases      ] GC(438)   Evacuate Collection Set: 13.8ms
[17.029s][info][gc,phases      ] GC(438)   Post Evacuate Collection Set: 0.2ms
[17.029s][info][gc,phases      ] GC(438)   Other: 0.1ms
[17.029s][info][gc,heap        ] GC(438) Eden regions: 26->0(21)
[17.029s][info][gc,heap        ] GC(438) Survivor regions: 5->4(4)
[17.029s][info][gc,heap        ] GC(438) Old regions: 191->198
[17.029s][info][gc,heap        ] GC(438) Archive regions: 0->0
[17.029s][info][gc,heap        ] GC(438) Humongous regions: 36->36
[17.029s][info][gc,metaspace   ] GC(438) Metaspace: 480K(640K)->480K(640K) NonClass: 445K(512K)->445K(512K) Class: 34K(128K)->34K(128K)
[17.029s][info][gc             ] GC(438) Pause Young (Normal) (G1 Evacuation Pause) 255M->235M(300M) 14.456ms
[17.029s][info][gc,cpu         ] GC(438) User=0.06s Sys=0.00s Real=0.01s
[17.057s][info][gc,start       ] GC(439) Pause Young (Normal) (G1 Evacuation Pause)
[17.057s][info][gc,task        ] GC(439) Using 4 workers of 4 for evacuation
[17.071s][info][gc,phases      ] GC(439)   Pre Evacuate Collection Set: 0.1ms
[17.071s][info][gc,phases      ] GC(439)   Merge Heap Roots: 0.0ms
[17.071s][info][gc,phases      ] GC(439)   Evacuate Collection Set: 13.7ms
[17.071s][info][gc,phases      ] GC(439)   Post Evacuate Collection Set: 0.2ms
[17.071s][info][gc,phases      ] GC(439)   Other: 0.2ms
[17.071s][info][gc,heap        ] GC(439) Eden regions: 21->0(18)
[17.071s][info][gc,heap        ] GC(439) Survivor regions: 4->4(4)
[17.071s][info][gc,heap        ] GC(439) Old regions: 198->203
[17.071s][info][gc,heap        ] GC(439) Archive regions: 0->0
[17.071s][info][gc,heap        ] GC(439) Humongous regions: 36->36
[17.071s][info][gc,metaspace   ] GC(439) Metaspace: 480K(640K)->480K(640K) NonClass: 445K(512K)->445K(512K) Class: 34K(128K)->34K(128K)
[17.071s][info][gc             ] GC(439) Pause Young (Normal) (G1 Evacuation Pause) 256M->239M(300M) 14.406ms
[17.071s][info][gc,cpu         ] GC(439) User=0.05s Sys=0.00s Real=0.01s
[17.095s][info][gc,start       ] GC(440) Pause Young (Normal) (G1 Evacuation Pause)
[17.095s][info][gc,task        ] GC(440) Using 4 workers of 4 for evacuation
[17.106s][info][gc,phases      ] GC(440)   Pre Evacuate Collection Set: 0.1ms
[17.106s][info][gc,phases      ] GC(440)   Merge Heap Roots: 0.0ms
[17.106s][info][gc,phases      ] GC(440)   Evacuate Collection Set: 11.0ms
[17.106s][info][gc,phases      ] GC(440)   Post Evacuate Collection Set: 0.2ms
[17.106s][info][gc,phases      ] GC(440)   Other: 0.1ms
[17.106s][info][gc,heap        ] GC(440) Eden regions: 18->0(15)
[17.106s][info][gc,heap        ] GC(440) Survivor regions: 4->3(3)
[17.106s][info][gc,heap        ] GC(440) Old regions: 203->208
[17.107s][info][gc,heap        ] GC(440) Archive regions: 0->0
[17.107s][info][gc,heap        ] GC(440) Humongous regions: 36->36
[17.107s][info][gc,metaspace   ] GC(440) Metaspace: 480K(640K)->480K(640K) NonClass: 445K(512K)->445K(512K) Class: 34K(128K)->34K(128K)
[17.107s][info][gc             ] GC(440) Pause Young (Normal) (G1 Evacuation Pause) 257M->244M(300M) 11.588ms
[17.107s][info][gc,cpu         ] GC(440) User=0.06s Sys=0.00s Real=0.01s
[17.113s][info][gc,marking     ] GC(431) Concurrent Mark From Roots 551.450ms
[17.113s][info][gc,marking     ] GC(431) Concurrent Preclean
[17.113s][info][gc,marking     ] GC(431) Concurrent Preclean 0.084ms
[17.113s][info][gc,start       ] GC(431) Pause Remark
[17.114s][info][gc             ] GC(431) Pause Remark 251M->251M(300M) 0.386ms
[17.114s][info][gc,cpu         ] GC(431) User=0.00s Sys=0.00s Real=0.00s
[17.114s][info][gc,marking     ] GC(431) Concurrent Mark 552.184ms
[17.114s][info][gc,marking     ] GC(431) Concurrent Rebuild Remembered Sets
[17.121s][info][gc,start       ] GC(441) Pause Young (Normal) (G1 Evacuation Pause)
[17.121s][info][gc,task        ] GC(441) Using 4 workers of 4 for evacuation
[17.129s][info][gc,phases      ] GC(441)   Pre Evacuate Collection Set: 0.1ms
[17.129s][info][gc,phases      ] GC(441)   Merge Heap Roots: 0.0ms
[17.129s][info][gc,phases      ] GC(441)   Evacuate Collection Set: 7.8ms
[17.129s][info][gc,phases      ] GC(441)   Post Evacuate Collection Set: 0.2ms
[17.129s][info][gc,phases      ] GC(441)   Other: 0.1ms
[17.129s][info][gc,heap        ] GC(441) Eden regions: 15->0(13)
[17.129s][info][gc,heap        ] GC(441) Survivor regions: 3->3(3)
[17.129s][info][gc,heap        ] GC(441) Old regions: 208->211
[17.129s][info][gc,heap        ] GC(441) Archive regions: 0->0
[17.129s][info][gc,heap        ] GC(441) Humongous regions: 36->36
[17.129s][info][gc,metaspace   ] GC(441) Metaspace: 480K(640K)->480K(640K) NonClass: 445K(512K)->445K(512K) Class: 34K(128K)->34K(128K)
[17.129s][info][gc             ] GC(441) Pause Young (Normal) (G1 Evacuation Pause) 259M->247M(300M) 8.446ms
[17.129s][info][gc,cpu         ] GC(441) User=0.00s Sys=0.02s Real=0.01s
[17.146s][info][gc,start       ] GC(442) Pause Young (Normal) (G1 Evacuation Pause)
[17.146s][info][gc,task        ] GC(442) Using 4 workers of 4 for evacuation
[17.147s][info][gc,phases      ] GC(442)   Pre Evacuate Collection Set: 0.0ms
[17.147s][info][gc,phases      ] GC(442)   Merge Heap Roots: 0.0ms
[17.147s][info][gc,phases      ] GC(442)   Evacuate Collection Set: 1.0ms
[17.147s][info][gc,phases      ] GC(442)   Post Evacuate Collection Set: 0.2ms
[17.147s][info][gc,phases      ] GC(442)   Other: 0.1ms
[17.147s][info][gc,heap        ] GC(442) Eden regions: 13->0(15)
[17.147s][info][gc,heap        ] GC(442) Survivor regions: 3->1(2)
[17.147s][info][gc,heap        ] GC(442) Old regions: 211->211
[17.147s][info][gc,heap        ] GC(442) Archive regions: 0->0
[17.147s][info][gc,heap        ] GC(442) Humongous regions: 36->36
[17.147s][info][gc,metaspace   ] GC(442) Metaspace: 480K(640K)->480K(640K) NonClass: 445K(512K)->445K(512K) Class: 34K(128K)->34K(128K)
[17.147s][info][gc             ] GC(442) Pause Young (Normal) (G1 Evacuation Pause) 260M->245M(300M) 1.528ms
[17.147s][info][gc,cpu         ] GC(442) User=0.00s Sys=0.00s Real=0.00s
[17.160s][info][gc,start       ] GC(443) Pause Young (Normal) (G1 Evacuation Pause)
[17.160s][info][gc,task        ] GC(443) Using 4 workers of 4 for evacuation
[17.165s][info][gc,phases      ] GC(443)   Pre Evacuate Collection Set: 0.0ms
[17.165s][info][gc,phases      ] GC(443)   Merge Heap Roots: 0.0ms
[17.165s][info][gc,phases      ] GC(443)   Evacuate Collection Set: 5.2ms
[17.165s][info][gc,phases      ] GC(443)   Post Evacuate Collection Set: 0.2ms
[17.166s][info][gc,phases      ] GC(443)   Other: 0.1ms
[17.166s][info][gc,heap        ] GC(443) Eden regions: 15->0(13)
[17.166s][info][gc,heap        ] GC(443) Survivor regions: 1->2(2)
[17.166s][info][gc,heap        ] GC(443) Old regions: 211->213
[17.166s][info][gc,heap        ] GC(443) Archive regions: 0->0
[17.166s][info][gc,heap        ] GC(443) Humongous regions: 36->36
[17.166s][info][gc,metaspace   ] GC(443) Metaspace: 480K(640K)->480K(640K) NonClass: 445K(512K)->445K(512K) Class: 34K(128K)->34K(128K)
[17.166s][info][gc             ] GC(443) Pause Young (Normal) (G1 Evacuation Pause) 260M->247M(300M) 5.898ms
[17.166s][info][gc,cpu         ] GC(443) User=0.00s Sys=0.00s Real=0.01s
[17.177s][info][gc,start       ] GC(444) Pause Young (Normal) (G1 Evacuation Pause)
[17.177s][info][gc,task        ] GC(444) Using 4 workers of 4 for evacuation
[17.185s][info][gc,phases      ] GC(444)   Pre Evacuate Collection Set: 0.0ms
[17.185s][info][gc,phases      ] GC(444)   Merge Heap Roots: 0.0ms
[17.185s][info][gc,phases      ] GC(444)   Evacuate Collection Set: 6.8ms
[17.185s][info][gc,phases      ] GC(444)   Post Evacuate Collection Set: 0.3ms
[17.185s][info][gc,phases      ] GC(444)   Other: 0.1ms
[17.185s][info][gc,heap        ] GC(444) Eden regions: 13->0(13)
[17.185s][info][gc,heap        ] GC(444) Survivor regions: 2->2(2)
[17.185s][info][gc,heap        ] GC(444) Old regions: 213->216
[17.185s][info][gc,heap        ] GC(444) Archive regions: 0->0
[17.185s][info][gc,heap        ] GC(444) Humongous regions: 36->36
[17.185s][info][gc,metaspace   ] GC(444) Metaspace: 480K(640K)->480K(640K) NonClass: 445K(512K)->445K(512K) Class: 34K(128K)->34K(128K)
[17.185s][info][gc             ] GC(444) Pause Young (Normal) (G1 Evacuation Pause) 260M->250M(300M) 7.481ms
[17.185s][info][gc,cpu         ] GC(444) User=0.05s Sys=0.00s Real=0.01s
[17.196s][info][gc,start       ] GC(445) Pause Young (Normal) (G1 Evacuation Pause)
[17.196s][info][gc,task        ] GC(445) Using 4 workers of 4 for evacuation
[17.204s][info][gc,phases      ] GC(445)   Pre Evacuate Collection Set: 0.0ms
[17.204s][info][gc,phases      ] GC(445)   Merge Heap Roots: 0.0ms
[17.204s][info][gc,phases      ] GC(445)   Evacuate Collection Set: 7.2ms
[17.204s][info][gc,phases      ] GC(445)   Post Evacuate Collection Set: 0.2ms
[17.204s][info][gc,phases      ] GC(445)   Other: 0.1ms
[17.204s][info][gc,heap        ] GC(445) Eden regions: 13->0(13)
[17.204s][info][gc,heap        ] GC(445) Survivor regions: 2->2(2)
[17.204s][info][gc,heap        ] GC(445) Old regions: 216->218
[17.204s][info][gc,heap        ] GC(445) Archive regions: 0->0
[17.204s][info][gc,heap        ] GC(445) Humongous regions: 36->36
[17.204s][info][gc,metaspace   ] GC(445) Metaspace: 480K(640K)->480K(640K) NonClass: 445K(512K)->445K(512K) Class: 34K(128K)->34K(128K)
[17.204s][info][gc             ] GC(445) Pause Young (Normal) (G1 Evacuation Pause) 263M->253M(300M) 7.766ms
[17.204s][info][gc,cpu         ] GC(445) User=0.06s Sys=0.00s Real=0.01s
[17.215s][info][gc,start       ] GC(446) Pause Young (Normal) (G1 Evacuation Pause)
[17.215s][info][gc,task        ] GC(446) Using 4 workers of 4 for evacuation
[17.221s][info][gc,phases      ] GC(446)   Pre Evacuate Collection Set: 0.0ms
[17.221s][info][gc,phases      ] GC(446)   Merge Heap Roots: 0.0ms
[17.221s][info][gc,phases      ] GC(446)   Evacuate Collection Set: 6.5ms
[17.221s][info][gc,phases      ] GC(446)   Post Evacuate Collection Set: 0.2ms
[17.221s][info][gc,phases      ] GC(446)   Other: 0.1ms
[17.221s][info][gc,heap        ] GC(446) Eden regions: 13->0(13)
[17.221s][info][gc,heap        ] GC(446) Survivor regions: 2->2(2)
[17.221s][info][gc,heap        ] GC(446) Old regions: 218->221
[17.221s][info][gc,heap        ] GC(446) Archive regions: 0->0
[17.222s][info][gc,heap        ] GC(446) Humongous regions: 36->36
[17.222s][info][gc,metaspace   ] GC(446) Metaspace: 480K(640K)->480K(640K) NonClass: 445K(512K)->445K(512K) Class: 34K(128K)->34K(128K)
[17.222s][info][gc             ] GC(446) Pause Young (Normal) (G1 Evacuation Pause) 266M->256M(300M) 7.061ms
[17.222s][info][gc,cpu         ] GC(446) User=0.06s Sys=0.00s Real=0.01s
[17.232s][info][gc,start       ] GC(447) Pause Young (Normal) (G1 Evacuation Pause)
[17.232s][info][gc,task        ] GC(447) Using 4 workers of 4 for evacuation
[17.239s][info][gc,phases      ] GC(447)   Pre Evacuate Collection Set: 0.0ms
[17.239s][info][gc,phases      ] GC(447)   Merge Heap Roots: 0.0ms
[17.239s][info][gc,phases      ] GC(447)   Evacuate Collection Set: 6.2ms
[17.239s][info][gc,phases      ] GC(447)   Post Evacuate Collection Set: 0.2ms
[17.239s][info][gc,phases      ] GC(447)   Other: 0.2ms
[17.239s][info][gc,heap        ] GC(447) Eden regions: 13->0(13)
[17.239s][info][gc,heap        ] GC(447) Survivor regions: 2->2(2)
[17.239s][info][gc,heap        ] GC(447) Old regions: 221->224
[17.239s][info][gc,heap        ] GC(447) Archive regions: 0->0
[17.239s][info][gc,heap        ] GC(447) Humongous regions: 36->36
[17.239s][info][gc,metaspace   ] GC(447) Metaspace: 480K(640K)->480K(640K) NonClass: 445K(512K)->445K(512K) Class: 34K(128K)->34K(128K)
[17.239s][info][gc             ] GC(447) Pause Young (Normal) (G1 Evacuation Pause) 269M->259M(300M) 6.821ms
[17.239s][info][gc,cpu         ] GC(447) User=0.00s Sys=0.00s Real=0.01s
[17.249s][info][gc,start       ] GC(448) Pause Young (Normal) (G1 Evacuation Pause)
[17.249s][info][gc,task        ] GC(448) Using 4 workers of 4 for evacuation
[17.257s][info][gc,phases      ] GC(448)   Pre Evacuate Collection Set: 0.1ms
[17.257s][info][gc,phases      ] GC(448)   Merge Heap Roots: 0.0ms
[17.257s][info][gc,phases      ] GC(448)   Evacuate Collection Set: 6.7ms
[17.257s][info][gc,phases      ] GC(448)   Post Evacuate Collection Set: 0.2ms
[17.257s][info][gc,phases      ] GC(448)   Other: 0.1ms
[17.257s][info][gc,heap        ] GC(448) Eden regions: 13->0(13)
[17.257s][info][gc,heap        ] GC(448) Survivor regions: 2->2(2)
[17.257s][info][gc,heap        ] GC(448) Old regions: 224->227
[17.257s][info][gc,heap        ] GC(448) Archive regions: 0->0
[17.257s][info][gc,heap        ] GC(448) Humongous regions: 36->36
[17.257s][info][gc,metaspace   ] GC(448) Metaspace: 480K(640K)->480K(640K) NonClass: 445K(512K)->445K(512K) Class: 34K(128K)->34K(128K)
[17.257s][info][gc             ] GC(448) Pause Young (Normal) (G1 Evacuation Pause) 272M->262M(300M) 7.385ms
[17.257s][info][gc,cpu         ] GC(448) User=0.00s Sys=0.00s Real=0.01s
[17.268s][info][gc,start       ] GC(449) Pause Young (Normal) (G1 Evacuation Pause)
[17.268s][info][gc,task        ] GC(449) Using 4 workers of 4 for evacuation
[17.275s][info][gc,phases      ] GC(449)   Pre Evacuate Collection Set: 0.1ms
[17.275s][info][gc,phases      ] GC(449)   Merge Heap Roots: 0.0ms
[17.275s][info][gc,phases      ] GC(449)   Evacuate Collection Set: 6.5ms
[17.275s][info][gc,phases      ] GC(449)   Post Evacuate Collection Set: 0.2ms
[17.275s][info][gc,phases      ] GC(449)   Other: 0.1ms
[17.275s][info][gc,heap        ] GC(449) Eden regions: 13->0(13)
[17.275s][info][gc,heap        ] GC(449) Survivor regions: 2->2(2)
[17.275s][info][gc,heap        ] GC(449) Old regions: 227->230
[17.275s][info][gc,heap        ] GC(449) Archive regions: 0->0
[17.275s][info][gc,heap        ] GC(449) Humongous regions: 36->36
[17.275s][info][gc,metaspace   ] GC(449) Metaspace: 480K(640K)->480K(640K) NonClass: 445K(512K)->445K(512K) Class: 34K(128K)->34K(128K)
[17.275s][info][gc             ] GC(449) Pause Young (Normal) (G1 Evacuation Pause) 275M->265M(300M) 7.060ms
[17.275s][info][gc,cpu         ] GC(449) User=0.00s Sys=0.00s Real=0.01s
[17.286s][info][gc,start       ] GC(450) Pause Young (Normal) (G1 Evacuation Pause)
[17.286s][info][gc,task        ] GC(450) Using 4 workers of 4 for evacuation
[17.292s][info][gc,phases      ] GC(450)   Pre Evacuate Collection Set: 0.0ms
[17.293s][info][gc,phases      ] GC(450)   Merge Heap Roots: 0.0ms
[17.293s][info][gc,phases      ] GC(450)   Evacuate Collection Set: 6.6ms
[17.293s][info][gc,phases      ] GC(450)   Post Evacuate Collection Set: 0.2ms
[17.293s][info][gc,phases      ] GC(450)   Other: 0.1ms
[17.293s][info][gc,heap        ] GC(450) Eden regions: 13->0(13)
[17.293s][info][gc,heap        ] GC(450) Survivor regions: 2->2(2)
[17.293s][info][gc,heap        ] GC(450) Old regions: 230->233
[17.293s][info][gc,heap        ] GC(450) Archive regions: 0->0
[17.293s][info][gc,heap        ] GC(450) Humongous regions: 36->36
[17.293s][info][gc,metaspace   ] GC(450) Metaspace: 480K(640K)->480K(640K) NonClass: 445K(512K)->445K(512K) Class: 34K(128K)->34K(128K)
[17.293s][info][gc             ] GC(450) Pause Young (Normal) (G1 Evacuation Pause) 278M->267M(300M) 7.162ms
[17.293s][info][gc,cpu         ] GC(450) User=0.00s Sys=0.00s Real=0.01s
[17.305s][info][gc,start       ] GC(451) Pause Young (Normal) (G1 Evacuation Pause)
[17.305s][info][gc,task        ] GC(451) Using 4 workers of 4 for evacuation
[17.314s][info][gc,phases      ] GC(451)   Pre Evacuate Collection Set: 0.1ms
[17.314s][info][gc,phases      ] GC(451)   Merge Heap Roots: 0.0ms
[17.314s][info][gc,phases      ] GC(451)   Evacuate Collection Set: 8.5ms
[17.314s][info][gc,phases      ] GC(451)   Post Evacuate Collection Set: 0.2ms
[17.314s][info][gc,phases      ] GC(451)   Other: 0.1ms
[17.314s][info][gc,heap        ] GC(451) Eden regions: 13->0(13)
[17.314s][info][gc,heap        ] GC(451) Survivor regions: 2->2(2)
[17.314s][info][gc,heap        ] GC(451) Old regions: 233->235
[17.314s][info][gc,heap        ] GC(451) Archive regions: 0->0
[17.314s][info][gc,heap        ] GC(451) Humongous regions: 36->36
[17.314s][info][gc,metaspace   ] GC(451) Metaspace: 480K(640K)->480K(640K) NonClass: 445K(512K)->445K(512K) Class: 34K(128K)->34K(128K)
[17.314s][info][gc             ] GC(451) Pause Young (Normal) (G1 Evacuation Pause) 280M->270M(300M) 9.235ms
[17.314s][info][gc,cpu         ] GC(451) User=0.05s Sys=0.00s Real=0.01s
[17.328s][info][gc,start       ] GC(452) Pause Young (Normal) (G1 Evacuation Pause)
[17.328s][info][gc,task        ] GC(452) Using 4 workers of 4 for evacuation
[17.337s][info][gc,phases      ] GC(452)   Pre Evacuate Collection Set: 0.1ms
[17.337s][info][gc,phases      ] GC(452)   Merge Heap Roots: 0.0ms
[17.337s][info][gc,phases      ] GC(452)   Evacuate Collection Set: 8.7ms
[17.337s][info][gc,phases      ] GC(452)   Post Evacuate Collection Set: 0.2ms
[17.337s][info][gc,phases      ] GC(452)   Other: 0.2ms
[17.337s][info][gc,heap        ] GC(452) Eden regions: 13->0(13)
[17.337s][info][gc,heap        ] GC(452) Survivor regions: 2->2(2)
[17.337s][info][gc,heap        ] GC(452) Old regions: 235->238
[17.337s][info][gc,heap        ] GC(452) Archive regions: 0->0
[17.337s][info][gc,heap        ] GC(452) Humongous regions: 36->36
[17.337s][info][gc,metaspace   ] GC(452) Metaspace: 480K(640K)->480K(640K) NonClass: 445K(512K)->445K(512K) Class: 34K(128K)->34K(128K)
[17.338s][info][gc             ] GC(452) Pause Young (Normal) (G1 Evacuation Pause) 283M->273M(300M) 9.359ms
[17.338s][info][gc,cpu         ] GC(452) User=0.00s Sys=0.00s Real=0.01s
[17.349s][info][gc,start       ] GC(453) Pause Young (Normal) (G1 Evacuation Pause)
[17.349s][info][gc,task        ] GC(453) Using 4 workers of 4 for evacuation
[17.357s][info][gc,phases      ] GC(453)   Pre Evacuate Collection Set: 0.0ms
[17.357s][info][gc,phases      ] GC(453)   Merge Heap Roots: 0.0ms
[17.357s][info][gc,phases      ] GC(453)   Evacuate Collection Set: 6.9ms
[17.357s][info][gc,phases      ] GC(453)   Post Evacuate Collection Set: 0.2ms
[17.357s][info][gc,phases      ] GC(453)   Other: 0.1ms
[17.357s][info][gc,heap        ] GC(453) Eden regions: 13->0(13)
[17.357s][info][gc,heap        ] GC(453) Survivor regions: 2->2(2)
[17.357s][info][gc,heap        ] GC(453) Old regions: 238->241
[17.357s][info][gc,heap        ] GC(453) Archive regions: 0->0
[17.357s][info][gc,heap        ] GC(453) Humongous regions: 36->36
[17.357s][info][gc,metaspace   ] GC(453) Metaspace: 480K(640K)->480K(640K) NonClass: 445K(512K)->445K(512K) Class: 34K(128K)->34K(128K)
[17.357s][info][gc             ] GC(453) Pause Young (Normal) (G1 Evacuation Pause) 286M->276M(300M) 7.472ms
[17.357s][info][gc,cpu         ] GC(453) User=0.06s Sys=0.00s Real=0.01s
[17.368s][info][gc,start       ] GC(454) Pause Young (Normal) (G1 Evacuation Pause)
[17.368s][info][gc,task        ] GC(454) Using 4 workers of 4 for evacuation
[17.375s][info][gc,phases      ] GC(454)   Pre Evacuate Collection Set: 0.0ms
[17.375s][info][gc,phases      ] GC(454)   Merge Heap Roots: 0.0ms
[17.375s][info][gc,phases      ] GC(454)   Evacuate Collection Set: 6.8ms
[17.375s][info][gc,phases      ] GC(454)   Post Evacuate Collection Set: 0.2ms
[17.375s][info][gc,phases      ] GC(454)   Other: 0.1ms
[17.375s][info][gc,heap        ] GC(454) Eden regions: 13->0(13)
[17.375s][info][gc,heap        ] GC(454) Survivor regions: 2->2(2)
[17.375s][info][gc,heap        ] GC(454) Old regions: 241->244
[17.375s][info][gc,heap        ] GC(454) Archive regions: 0->0
[17.375s][info][gc,heap        ] GC(454) Humongous regions: 36->36
[17.375s][info][gc,metaspace   ] GC(454) Metaspace: 480K(640K)->480K(640K) NonClass: 445K(512K)->445K(512K) Class: 34K(128K)->34K(128K)
[17.375s][info][gc             ] GC(454) Pause Young (Normal) (G1 Evacuation Pause) 289M->279M(300M) 7.441ms
[17.375s][info][gc,cpu         ] GC(454) User=0.06s Sys=0.00s Real=0.01s
[17.385s][info][gc,start       ] GC(455) Pause Young (Normal) (G1 Preventive Collection)
[17.385s][info][gc,task        ] GC(455) Using 4 workers of 4 for evacuation
[17.391s][info][gc,phases      ] GC(455)   Pre Evacuate Collection Set: 0.0ms
[17.391s][info][gc,phases      ] GC(455)   Merge Heap Roots: 0.0ms
[17.391s][info][gc,phases      ] GC(455)   Evacuate Collection Set: 6.0ms
[17.391s][info][gc,phases      ] GC(455)   Post Evacuate Collection Set: 0.2ms
[17.391s][info][gc,phases      ] GC(455)   Other: 0.1ms
[17.391s][info][gc,heap        ] GC(455) Eden regions: 12->0(13)
[17.391s][info][gc,heap        ] GC(455) Survivor regions: 2->2(2)
[17.391s][info][gc,heap        ] GC(455) Old regions: 244->247
[17.391s][info][gc,heap        ] GC(455) Archive regions: 0->0
[17.391s][info][gc,heap        ] GC(455) Humongous regions: 36->36
[17.391s][info][gc,metaspace   ] GC(455) Metaspace: 480K(640K)->480K(640K) NonClass: 445K(512K)->445K(512K) Class: 34K(128K)->34K(128K)
[17.391s][info][gc             ] GC(455) Pause Young (Normal) (G1 Preventive Collection) 291M->281M(300M) 6.595ms
[17.391s][info][gc,cpu         ] GC(455) User=0.06s Sys=0.00s Real=0.01s
[17.402s][info][gc,start       ] GC(456) Pause Young (Normal) (G1 Preventive Collection)
[17.402s][info][gc,task        ] GC(456) Using 4 workers of 4 for evacuation
[17.408s][info][gc,phases      ] GC(456)   Pre Evacuate Collection Set: 0.0ms
[17.408s][info][gc,phases      ] GC(456)   Merge Heap Roots: 0.0ms
[17.408s][info][gc,phases      ] GC(456)   Evacuate Collection Set: 5.8ms
[17.408s][info][gc,phases      ] GC(456)   Post Evacuate Collection Set: 0.2ms
[17.408s][info][gc,phases      ] GC(456)   Other: 0.1ms
[17.408s][info][gc,heap        ] GC(456) Eden regions: 10->0(13)
[17.408s][info][gc,heap        ] GC(456) Survivor regions: 2->2(2)
[17.408s][info][gc,heap        ] GC(456) Old regions: 247->249
[17.408s][info][gc,heap        ] GC(456) Archive regions: 0->0
[17.408s][info][gc,heap        ] GC(456) Humongous regions: 36->36
[17.408s][info][gc,metaspace   ] GC(456) Metaspace: 480K(640K)->480K(640K) NonClass: 445K(512K)->445K(512K) Class: 34K(128K)->34K(128K)
[17.408s][info][gc             ] GC(456) Pause Young (Normal) (G1 Preventive Collection) 291M->284M(300M) 6.417ms
[17.408s][info][gc,cpu         ] GC(456) User=0.06s Sys=0.00s Real=0.01s
[17.415s][info][gc,start       ] GC(457) Pause Young (Normal) (G1 Preventive Collection)
[17.415s][info][gc,task        ] GC(457) Using 4 workers of 4 for evacuation
[17.420s][info][gc,phases      ] GC(457)   Pre Evacuate Collection Set: 0.1ms
[17.420s][info][gc,phases      ] GC(457)   Merge Heap Roots: 0.0ms
[17.420s][info][gc,phases      ] GC(457)   Evacuate Collection Set: 4.5ms
[17.420s][info][gc,phases      ] GC(457)   Post Evacuate Collection Set: 0.2ms
[17.420s][info][gc,phases      ] GC(457)   Other: 0.1ms
[17.420s][info][gc,heap        ] GC(457) Eden regions: 8->0(13)
[17.420s][info][gc,heap        ] GC(457) Survivor regions: 2->2(2)
[17.420s][info][gc,heap        ] GC(457) Old regions: 249->251
[17.420s][info][gc,heap        ] GC(457) Archive regions: 0->0
[17.420s][info][gc,heap        ] GC(457) Humongous regions: 36->36
[17.420s][info][gc,metaspace   ] GC(457) Metaspace: 480K(640K)->480K(640K) NonClass: 445K(512K)->445K(512K) Class: 34K(128K)->34K(128K)
[17.420s][info][gc             ] GC(457) Pause Young (Normal) (G1 Preventive Collection) 292M->286M(300M) 5.046ms
[17.420s][info][gc,cpu         ] GC(457) User=0.06s Sys=0.00s Real=0.00s
[17.426s][info][gc,start       ] GC(458) Pause Young (Normal) (G1 Preventive Collection)
[17.426s][info][gc,task        ] GC(458) Using 4 workers of 4 for evacuation
[17.430s][info][gc,phases      ] GC(458)   Pre Evacuate Collection Set: 0.0ms
[17.431s][info][gc,phases      ] GC(458)   Merge Heap Roots: 0.0ms
[17.431s][info][gc,phases      ] GC(458)   Evacuate Collection Set: 4.4ms
[17.431s][info][gc,phases      ] GC(458)   Post Evacuate Collection Set: 0.2ms
[17.431s][info][gc,phases      ] GC(458)   Other: 0.1ms
[17.431s][info][gc,heap        ] GC(458) Eden regions: 7->0(13)
[17.431s][info][gc,heap        ] GC(458) Survivor regions: 2->2(2)
[17.431s][info][gc,heap        ] GC(458) Old regions: 251->253
[17.431s][info][gc,heap        ] GC(458) Archive regions: 0->0
[17.431s][info][gc,heap        ] GC(458) Humongous regions: 36->36
[17.431s][info][gc,metaspace   ] GC(458) Metaspace: 480K(640K)->480K(640K) NonClass: 445K(512K)->445K(512K) Class: 34K(128K)->34K(128K)
[17.431s][info][gc             ] GC(458) Pause Young (Normal) (G1 Preventive Collection) 293M->287M(300M) 5.007ms
[17.431s][info][gc,cpu         ] GC(458) User=0.00s Sys=0.00s Real=0.00s
[17.436s][info][gc,start       ] GC(459) Pause Young (Normal) (G1 Preventive Collection)
[17.436s][info][gc,task        ] GC(459) Using 4 workers of 4 for evacuation
[17.441s][info][gc             ] GC(459) To-space exhausted
[17.441s][info][gc,phases      ] GC(459)   Pre Evacuate Collection Set: 0.0ms
[17.442s][info][gc,phases      ] GC(459)   Merge Heap Roots: 0.0ms
[17.442s][info][gc,phases      ] GC(459)   Evacuate Collection Set: 4.2ms
[17.442s][info][gc,phases      ] GC(459)   Post Evacuate Collection Set: 0.8ms
[17.442s][info][gc,phases      ] GC(459)   Other: 0.2ms
[17.442s][info][gc,heap        ] GC(459) Eden regions: 6->0(13)
[17.442s][info][gc,heap        ] GC(459) Survivor regions: 2->2(2)
[17.442s][info][gc,heap        ] GC(459) Old regions: 253->256
[17.442s][info][gc,heap        ] GC(459) Archive regions: 0->0
[17.442s][info][gc,heap        ] GC(459) Humongous regions: 36->36
[17.442s][info][gc,metaspace   ] GC(459) Metaspace: 480K(640K)->480K(640K) NonClass: 445K(512K)->445K(512K) Class: 34K(128K)->34K(128K)
[17.442s][info][gc             ] GC(459) Pause Young (Normal) (G1 Preventive Collection) 293M->290M(300M) 5.548ms
[17.442s][info][gc,cpu         ] GC(459) User=0.00s Sys=0.00s Real=0.01s
[17.445s][info][gc,start       ] GC(460) Pause Young (Normal) (G1 Preventive Collection)
[17.445s][info][gc,task        ] GC(460) Using 4 workers of 4 for evacuation
[17.449s][info][gc,phases      ] GC(460)   Pre Evacuate Collection Set: 0.0ms
[17.449s][info][gc,phases      ] GC(460)   Merge Heap Roots: 0.0ms
[17.449s][info][gc,phases      ] GC(460)   Evacuate Collection Set: 3.4ms
[17.449s][info][gc,phases      ] GC(460)   Post Evacuate Collection Set: 0.2ms
[17.449s][info][gc,phases      ] GC(460)   Other: 0.1ms
[17.449s][info][gc,heap        ] GC(460) Eden regions: 3->0(14)
[17.449s][info][gc,heap        ] GC(460) Survivor regions: 2->1(2)
[17.449s][info][gc,heap        ] GC(460) Old regions: 256->258
[17.449s][info][gc,heap        ] GC(460) Archive regions: 0->0
[17.449s][info][gc,heap        ] GC(460) Humongous regions: 36->36
[17.449s][info][gc,metaspace   ] GC(460) Metaspace: 480K(640K)->480K(640K) NonClass: 445K(512K)->445K(512K) Class: 34K(128K)->34K(128K)
[17.449s][info][gc             ] GC(460) Pause Young (Normal) (G1 Preventive Collection) 293M->291M(300M) 3.943ms
[17.449s][info][gc,cpu         ] GC(460) User=0.00s Sys=0.02s Real=0.00s
[17.452s][info][gc,start       ] GC(461) Pause Young (Normal) (G1 Preventive Collection)
[17.452s][info][gc,task        ] GC(461) Using 4 workers of 4 for evacuation
[17.455s][info][gc,phases      ] GC(461)   Pre Evacuate Collection Set: 0.1ms
[17.455s][info][gc,phases      ] GC(461)   Merge Heap Roots: 0.0ms
[17.455s][info][gc,phases      ] GC(461)   Evacuate Collection Set: 2.7ms
[17.455s][info][gc,phases      ] GC(461)   Post Evacuate Collection Set: 0.2ms
[17.455s][info][gc,phases      ] GC(461)   Other: 0.2ms
[17.455s][info][gc,heap        ] GC(461) Eden regions: 3->0(13)
[17.455s][info][gc,heap        ] GC(461) Survivor regions: 1->2(2)
[17.455s][info][gc,heap        ] GC(461) Old regions: 258->258
[17.455s][info][gc,heap        ] GC(461) Archive regions: 0->0
[17.455s][info][gc,heap        ] GC(461) Humongous regions: 36->36
[17.455s][info][gc,metaspace   ] GC(461) Metaspace: 480K(640K)->480K(640K) NonClass: 445K(512K)->445K(512K) Class: 34K(128K)->34K(128K)
[17.455s][info][gc             ] GC(461) Pause Young (Normal) (G1 Preventive Collection) 294M->291M(300M) 3.253ms
[17.455s][info][gc,cpu         ] GC(461) User=0.00s Sys=0.00s Real=0.00s
[17.457s][info][gc,start       ] GC(462) Pause Young (Normal) (G1 Preventive Collection)
[17.457s][info][gc,task        ] GC(462) Using 4 workers of 4 for evacuation
[17.460s][info][gc,phases      ] GC(462)   Pre Evacuate Collection Set: 0.0ms
[17.460s][info][gc,phases      ] GC(462)   Merge Heap Roots: 0.0ms
[17.460s][info][gc,phases      ] GC(462)   Evacuate Collection Set: 3.1ms
[17.460s][info][gc,phases      ] GC(462)   Post Evacuate Collection Set: 0.2ms
[17.460s][info][gc,phases      ] GC(462)   Other: 0.1ms
[17.460s][info][gc,heap        ] GC(462) Eden regions: 2->0(13)
[17.460s][info][gc,heap        ] GC(462) Survivor regions: 2->2(2)
[17.460s][info][gc,heap        ] GC(462) Old regions: 258->258
[17.460s][info][gc,heap        ] GC(462) Archive regions: 0->0
[17.460s][info][gc,heap        ] GC(462) Humongous regions: 36->36
[17.460s][info][gc,metaspace   ] GC(462) Metaspace: 480K(640K)->480K(640K) NonClass: 445K(512K)->445K(512K) Class: 34K(128K)->34K(128K)
[17.460s][info][gc             ] GC(462) Pause Young (Normal) (G1 Preventive Collection) 293M->292M(300M) 3.677ms
[17.460s][info][gc,cpu         ] GC(462) User=0.00s Sys=0.00s Real=0.00s
[17.462s][info][gc,start       ] GC(463) Pause Young (Normal) (G1 Preventive Collection)
[17.462s][info][gc,task        ] GC(463) Using 4 workers of 4 for evacuation
[17.466s][info][gc,phases      ] GC(463)   Pre Evacuate Collection Set: 0.0ms
[17.466s][info][gc,phases      ] GC(463)   Merge Heap Roots: 0.0ms
[17.466s][info][gc,phases      ] GC(463)   Evacuate Collection Set: 3.5ms
[17.466s][info][gc,phases      ] GC(463)   Post Evacuate Collection Set: 0.2ms
[17.466s][info][gc,phases      ] GC(463)   Other: 0.1ms
[17.466s][info][gc,heap        ] GC(463) Eden regions: 2->0(13)
[17.466s][info][gc,heap        ] GC(463) Survivor regions: 2->2(2)
[17.466s][info][gc,heap        ] GC(463) Old regions: 258->258
[17.466s][info][gc,heap        ] GC(463) Archive regions: 0->0
[17.466s][info][gc,heap        ] GC(463) Humongous regions: 36->36
[17.466s][info][gc,metaspace   ] GC(463) Metaspace: 480K(640K)->480K(640K) NonClass: 445K(512K)->445K(512K) Class: 34K(128K)->34K(128K)
[17.466s][info][gc             ] GC(463) Pause Young (Normal) (G1 Preventive Collection) 294M->292M(300M) 4.095ms
[17.466s][info][gc,cpu         ] GC(463) User=0.06s Sys=0.00s Real=0.00s
[17.468s][info][gc,start       ] GC(464) Pause Young (Normal) (G1 Preventive Collection)
[17.468s][info][gc,task        ] GC(464) Using 4 workers of 4 for evacuation
[17.472s][info][gc,phases      ] GC(464)   Pre Evacuate Collection Set: 0.0ms
[17.472s][info][gc,phases      ] GC(464)   Merge Heap Roots: 0.0ms
[17.472s][info][gc,phases      ] GC(464)   Evacuate Collection Set: 3.3ms
[17.472s][info][gc,phases      ] GC(464)   Post Evacuate Collection Set: 0.2ms
[17.472s][info][gc,phases      ] GC(464)   Other: 0.1ms
[17.472s][info][gc,heap        ] GC(464) Eden regions: 2->0(14)
[17.472s][info][gc,heap        ] GC(464) Survivor regions: 2->1(2)
[17.472s][info][gc,heap        ] GC(464) Old regions: 258->259
[17.472s][info][gc,heap        ] GC(464) Archive regions: 0->0
[17.472s][info][gc,heap        ] GC(464) Humongous regions: 36->36
[17.472s][info][gc,metaspace   ] GC(464) Metaspace: 480K(640K)->480K(640K) NonClass: 445K(512K)->445K(512K) Class: 34K(128K)->34K(128K)
[17.472s][info][gc             ] GC(464) Pause Young (Normal) (G1 Preventive Collection) 294M->292M(300M) 3.896ms
[17.472s][info][gc,cpu         ] GC(464) User=0.00s Sys=0.00s Real=0.00s
[17.474s][info][gc,start       ] GC(465) Pause Young (Normal) (G1 Preventive Collection)
[17.474s][info][gc,task        ] GC(465) Using 4 workers of 4 for evacuation
[17.478s][info][gc,phases      ] GC(465)   Pre Evacuate Collection Set: 0.0ms
[17.478s][info][gc,phases      ] GC(465)   Merge Heap Roots: 0.0ms
[17.478s][info][gc,phases      ] GC(465)   Evacuate Collection Set: 2.9ms
[17.478s][info][gc,phases      ] GC(465)   Post Evacuate Collection Set: 0.2ms
[17.478s][info][gc,phases      ] GC(465)   Other: 0.1ms
[17.478s][info][gc,heap        ] GC(465) Eden regions: 2->0(13)
[17.478s][info][gc,heap        ] GC(465) Survivor regions: 1->2(2)
[17.478s][info][gc,heap        ] GC(465) Old regions: 259->259
[17.478s][info][gc,heap        ] GC(465) Archive regions: 0->0
[17.478s][info][gc,heap        ] GC(465) Humongous regions: 36->36
[17.478s][info][gc,metaspace   ] GC(465) Metaspace: 480K(640K)->480K(640K) NonClass: 445K(512K)->445K(512K) Class: 34K(128K)->34K(128K)
[17.478s][info][gc             ] GC(465) Pause Young (Normal) (G1 Preventive Collection) 294M->293M(300M) 3.440ms
[17.478s][info][gc,cpu         ] GC(465) User=0.00s Sys=0.00s Real=0.00s
[17.479s][info][gc,start       ] GC(466) Pause Young (Normal) (G1 Preventive Collection)
[17.479s][info][gc,task        ] GC(466) Using 4 workers of 4 for evacuation
[17.482s][info][gc,phases      ] GC(466)   Pre Evacuate Collection Set: 0.1ms
[17.482s][info][gc,phases      ] GC(466)   Merge Heap Roots: 0.0ms
[17.482s][info][gc,phases      ] GC(466)   Evacuate Collection Set: 2.7ms
[17.482s][info][gc,phases      ] GC(466)   Post Evacuate Collection Set: 0.2ms
[17.482s][info][gc,phases      ] GC(466)   Other: 0.1ms
[17.482s][info][gc,heap        ] GC(466) Eden regions: 1->0(14)
[17.482s][info][gc,heap        ] GC(466) Survivor regions: 2->1(2)
[17.482s][info][gc,heap        ] GC(466) Old regions: 259->260
[17.482s][info][gc,heap        ] GC(466) Archive regions: 0->0
[17.482s][info][gc,heap        ] GC(466) Humongous regions: 36->36
[17.482s][info][gc,metaspace   ] GC(466) Metaspace: 480K(640K)->480K(640K) NonClass: 445K(512K)->445K(512K) Class: 34K(128K)->34K(128K)
[17.482s][info][gc             ] GC(466) Pause Young (Normal) (G1 Preventive Collection) 294M->293M(300M) 3.271ms
[17.482s][info][gc,cpu         ] GC(466) User=0.06s Sys=0.00s Real=0.00s
[17.484s][info][gc,start       ] GC(467) Pause Young (Normal) (G1 Preventive Collection)
[17.484s][info][gc,task        ] GC(467) Using 4 workers of 4 for evacuation
[17.486s][info][gc,phases      ] GC(467)   Pre Evacuate Collection Set: 0.0ms
[17.486s][info][gc,phases      ] GC(467)   Merge Heap Roots: 0.0ms
[17.486s][info][gc,phases      ] GC(467)   Evacuate Collection Set: 2.4ms
[17.486s][info][gc,phases      ] GC(467)   Post Evacuate Collection Set: 0.2ms
[17.486s][info][gc,phases      ] GC(467)   Other: 0.1ms
[17.486s][info][gc,heap        ] GC(467) Eden regions: 1->0(13)
[17.486s][info][gc,heap        ] GC(467) Survivor regions: 1->2(2)
[17.487s][info][gc,heap        ] GC(467) Old regions: 260->260
[17.487s][info][gc,heap        ] GC(467) Archive regions: 0->0
[17.487s][info][gc,heap        ] GC(467) Humongous regions: 36->36
[17.487s][info][gc,metaspace   ] GC(467) Metaspace: 480K(640K)->480K(640K) NonClass: 445K(512K)->445K(512K) Class: 34K(128K)->34K(128K)
[17.487s][info][gc             ] GC(467) Pause Young (Normal) (G1 Preventive Collection) 294M->293M(300M) 2.952ms
[17.487s][info][gc,cpu         ] GC(467) User=0.00s Sys=0.00s Real=0.00s
[17.488s][info][gc,start       ] GC(468) Pause Young (Normal) (G1 Preventive Collection)
[17.488s][info][gc,task        ] GC(468) Using 4 workers of 4 for evacuation
[17.491s][info][gc,phases      ] GC(468)   Pre Evacuate Collection Set: 0.0ms
[17.491s][info][gc,phases      ] GC(468)   Merge Heap Roots: 0.0ms
[17.491s][info][gc,phases      ] GC(468)   Evacuate Collection Set: 2.6ms
[17.491s][info][gc,phases      ] GC(468)   Post Evacuate Collection Set: 0.2ms
[17.491s][info][gc,phases      ] GC(468)   Other: 0.1ms
[17.491s][info][gc,heap        ] GC(468) Eden regions: 1->0(14)
[17.491s][info][gc,heap        ] GC(468) Survivor regions: 2->1(1)
[17.491s][info][gc,heap        ] GC(468) Old regions: 260->260
[17.491s][info][gc,heap        ] GC(468) Archive regions: 0->0
[17.491s][info][gc,heap        ] GC(468) Humongous regions: 36->36
[17.491s][info][gc,metaspace   ] GC(468) Metaspace: 480K(640K)->480K(640K) NonClass: 445K(512K)->445K(512K) Class: 34K(128K)->34K(128K)
[17.491s][info][gc             ] GC(468) Pause Young (Normal) (G1 Preventive Collection) 294M->293M(300M) 3.178ms
[17.491s][info][gc,cpu         ] GC(468) User=0.00s Sys=0.00s Real=0.00s
[17.493s][info][gc,start       ] GC(469) Pause Young (Normal) (G1 Preventive Collection)
[17.493s][info][gc,task        ] GC(469) Using 4 workers of 4 for evacuation
[17.496s][info][gc,phases      ] GC(469)   Pre Evacuate Collection Set: 0.1ms
[17.496s][info][gc,phases      ] GC(469)   Merge Heap Roots: 0.0ms
[17.496s][info][gc,phases      ] GC(469)   Evacuate Collection Set: 3.1ms
[17.496s][info][gc,phases      ] GC(469)   Post Evacuate Collection Set: 0.2ms
[17.496s][info][gc,phases      ] GC(469)   Other: 0.2ms
[17.496s][info][gc,heap        ] GC(469) Eden regions: 1->0(13)
[17.496s][info][gc,heap        ] GC(469) Survivor regions: 1->2(2)
[17.496s][info][gc,heap        ] GC(469) Old regions: 260->260
[17.496s][info][gc,heap        ] GC(469) Archive regions: 0->0
[17.497s][info][gc,heap        ] GC(469) Humongous regions: 36->36
[17.497s][info][gc,metaspace   ] GC(469) Metaspace: 480K(640K)->480K(640K) NonClass: 445K(512K)->445K(512K) Class: 34K(128K)->34K(128K)
[17.497s][info][gc             ] GC(469) Pause Young (Normal) (G1 Preventive Collection) 294M->294M(300M) 3.899ms
[17.497s][info][gc,cpu         ] GC(469) User=0.06s Sys=0.00s Real=0.00s
[17.498s][info][gc,start       ] GC(470) Pause Young (Normal) (G1 Preventive Collection)
[17.498s][info][gc,task        ] GC(470) Using 4 workers of 4 for evacuation
[17.502s][info][gc             ] GC(470) To-space exhausted
[17.502s][info][gc,phases      ] GC(470)   Pre Evacuate Collection Set: 0.0ms
[17.502s][info][gc,phases      ] GC(470)   Merge Heap Roots: 0.0ms
[17.502s][info][gc,phases      ] GC(470)   Evacuate Collection Set: 3.2ms
[17.502s][info][gc,phases      ] GC(470)   Post Evacuate Collection Set: 1.0ms
[17.502s][info][gc,phases      ] GC(470)   Other: 0.2ms
[17.503s][info][gc,heap        ] GC(470) Eden regions: 1->0(14)
[17.503s][info][gc,heap        ] GC(470) Survivor regions: 2->1(1)
[17.503s][info][gc,heap        ] GC(470) Old regions: 260->262
[17.503s][info][gc,heap        ] GC(470) Archive regions: 0->0
[17.503s][info][gc,heap        ] GC(470) Humongous regions: 36->36
[17.503s][info][gc,metaspace   ] GC(470) Metaspace: 480K(640K)->480K(640K) NonClass: 445K(512K)->445K(512K) Class: 34K(128K)->34K(128K)
[17.503s][info][gc             ] GC(470) Pause Young (Normal) (G1 Preventive Collection) 295M->295M(300M) 4.708ms
[17.503s][info][gc,cpu         ] GC(470) User=0.00s Sys=0.00s Real=0.00s
[17.504s][info][gc,start       ] GC(471) Pause Young (Normal) (G1 Evacuation Pause)
[17.504s][info][gc,task        ] GC(471) Using 4 workers of 4 for evacuation
[17.510s][info][gc             ] GC(471) To-space exhausted
[17.510s][info][gc,phases      ] GC(471)   Pre Evacuate Collection Set: 0.0ms
[17.510s][info][gc,phases      ] GC(471)   Merge Heap Roots: 0.0ms
[17.510s][info][gc,phases      ] GC(471)   Evacuate Collection Set: 3.3ms
[17.510s][info][gc,phases      ] GC(471)   Post Evacuate Collection Set: 2.4ms
[17.510s][info][gc,phases      ] GC(471)   Other: 0.2ms
[17.510s][info][gc,heap        ] GC(471) Eden regions: 1->0(15)
[17.510s][info][gc,heap        ] GC(471) Survivor regions: 1->0(0)
[17.510s][info][gc,heap        ] GC(471) Old regions: 262->264
[17.510s][info][gc,heap        ] GC(471) Archive regions: 0->0
[17.510s][info][gc,heap        ] GC(471) Humongous regions: 36->36
[17.510s][info][gc,metaspace   ] GC(471) Metaspace: 480K(640K)->480K(640K) NonClass: 445K(512K)->445K(512K) Class: 34K(128K)->34K(128K)
[17.510s][info][gc             ] GC(471) Pause Young (Normal) (G1 Evacuation Pause) 296M->296M(300M) 6.151ms
[17.510s][info][gc,cpu         ] GC(471) User=0.00s Sys=0.00s Real=0.01s
[17.510s][info][gc,ergo        ] Attempting full compaction
[17.510s][info][gc,task        ] GC(472) Using 4 workers of 4 for full compaction
[17.510s][info][gc,start       ] GC(472) Pause Full (G1 Compaction Pause)
[17.511s][info][gc,phases,start] GC(472) Phase 1: Mark live objects
[17.561s][info][gc,phases      ] GC(472) Phase 1: Mark live objects 50.866ms
[17.562s][info][gc,phases,start] GC(472) Phase 2: Prepare for compaction
[17.567s][info][gc,phases      ] GC(472) Phase 2: Prepare for compaction 5.538ms
[17.567s][info][gc,phases,start] GC(472) Phase 3: Adjust pointers
[17.585s][info][gc,phases      ] GC(472) Phase 3: Adjust pointers 17.691ms
[17.585s][info][gc,phases,start] GC(472) Phase 4: Compact heap
[17.590s][info][gc,phases      ] GC(472) Phase 4: Compact heap 5.432ms
[17.591s][info][gc,heap        ] GC(472) Eden regions: 0->0(129)
[17.591s][info][gc,heap        ] GC(472) Survivor regions: 0->0(0)
[17.591s][info][gc,heap        ] GC(472) Old regions: 264->47
[17.591s][info][gc,heap        ] GC(472) Archive regions: 0->0
[17.591s][info][gc,heap        ] GC(472) Humongous regions: 36->36
[17.591s][info][gc,metaspace   ] GC(472) Metaspace: 480K(640K)->480K(640K) NonClass: 445K(512K)->445K(512K) Class: 34K(128K)->34K(128K)
[17.591s][info][gc             ] GC(472) Pause Full (G1 Compaction Pause) 296M->81M(300M) 80.695ms
[17.591s][info][gc,cpu         ] GC(472) User=0.27s Sys=0.00s Real=0.08s
[17.592s][info][gc,marking     ] GC(431) Concurrent Rebuild Remembered Sets 477.520ms
[17.592s][info][gc,marking     ] GC(431) Concurrent Mark Abort
[17.592s][info][gc             ] GC(431) Concurrent Mark Cycle 1059.859ms
[17.694s][info][gc,start       ] GC(473) Pause Young (Normal) (G1 Evacuation Pause)
[17.694s][info][gc,task        ] GC(473) Using 4 workers of 4 for evacuation
[17.730s][info][gc,phases      ] GC(473)   Pre Evacuate Collection Set: 0.1ms
[17.730s][info][gc,phases      ] GC(473)   Merge Heap Roots: 0.1ms
[17.730s][info][gc,phases      ] GC(473)   Evacuate Collection Set: 35.0ms
[17.730s][info][gc,phases      ] GC(473)   Post Evacuate Collection Set: 0.3ms
[17.730s][info][gc,phases      ] GC(473)   Other: 0.2ms
[17.730s][info][gc,heap        ] GC(473) Eden regions: 129->0(111)
[17.730s][info][gc,heap        ] GC(473) Survivor regions: 0->17(17)
[17.730s][info][gc,heap        ] GC(473) Old regions: 47->56
[17.730s][info][gc,heap        ] GC(473) Archive regions: 0->0
[17.730s][info][gc,heap        ] GC(473) Humongous regions: 36->36
[17.730s][info][gc,metaspace   ] GC(473) Metaspace: 480K(640K)->480K(640K) NonClass: 445K(512K)->445K(512K) Class: 34K(128K)->34K(128K)
[17.730s][info][gc             ] GC(473) Pause Young (Normal) (G1 Evacuation Pause) 210M->107M(300M) 35.927ms
[17.730s][info][gc,cpu         ] GC(473) User=0.14s Sys=0.00s Real=0.04s
[17.816s][info][gc,start       ] GC(474) Pause Young (Normal) (G1 Evacuation Pause)
[17.816s][info][gc,task        ] GC(474) Using 4 workers of 4 for evacuation
[17.871s][info][gc,phases      ] GC(474)   Pre Evacuate Collection Set: 0.1ms
[17.871s][info][gc,phases      ] GC(474)   Merge Heap Roots: 0.1ms
[17.871s][info][gc,phases      ] GC(474)   Evacuate Collection Set: 54.5ms
[17.871s][info][gc,phases      ] GC(474)   Post Evacuate Collection Set: 0.2ms
[17.871s][info][gc,phases      ] GC(474)   Other: 0.2ms
[17.871s][info][gc,heap        ] GC(474) Eden regions: 111->0(95)
[17.871s][info][gc,heap        ] GC(474) Survivor regions: 17->16(16)
[17.871s][info][gc,heap        ] GC(474) Old regions: 56->80
[17.871s][info][gc,heap        ] GC(474) Archive regions: 0->0
[17.871s][info][gc,heap        ] GC(474) Humongous regions: 36->36
[17.871s][info][gc,metaspace   ] GC(474) Metaspace: 480K(640K)->480K(640K) NonClass: 445K(512K)->445K(512K) Class: 34K(128K)->34K(128K)
[17.871s][info][gc             ] GC(474) Pause Young (Normal) (G1 Evacuation Pause) 218M->130M(300M) 55.547ms
[17.871s][info][gc,cpu         ] GC(474) User=0.19s Sys=0.02s Real=0.06s
[17.948s][info][gc,start       ] GC(475) Pause Young (Normal) (G1 Evacuation Pause)
[17.948s][info][gc,task        ] GC(475) Using 4 workers of 4 for evacuation
[17.992s][info][gc,phases      ] GC(475)   Pre Evacuate Collection Set: 0.1ms
[17.992s][info][gc,phases      ] GC(475)   Merge Heap Roots: 0.1ms
[17.992s][info][gc,phases      ] GC(475)   Evacuate Collection Set: 43.6ms
[17.992s][info][gc,phases      ] GC(475)   Post Evacuate Collection Set: 0.2ms
[17.992s][info][gc,phases      ] GC(475)   Other: 0.2ms
[17.992s][info][gc,heap        ] GC(475) Eden regions: 95->0(81)
[17.992s][info][gc,heap        ] GC(475) Survivor regions: 16->14(14)
[17.992s][info][gc,heap        ] GC(475) Old regions: 80->102
[17.992s][info][gc,heap        ] GC(475) Archive regions: 0->0
[17.992s][info][gc,heap        ] GC(475) Humongous regions: 36->36
[17.992s][info][gc,metaspace   ] GC(475) Metaspace: 480K(640K)->480K(640K) NonClass: 445K(512K)->445K(512K) Class: 34K(128K)->34K(128K)
[17.992s][info][gc             ] GC(475) Pause Young (Normal) (G1 Evacuation Pause) 225M->150M(300M) 44.410ms
[17.992s][info][gc,cpu         ] GC(475) User=0.19s Sys=0.00s Real=0.04s
[18.055s][info][gc,start       ] GC(476) Pause Young (Concurrent Start) (G1 Evacuation Pause)
[18.055s][info][gc,task        ] GC(476) Using 4 workers of 4 for evacuation
[18.093s][info][gc,phases      ] GC(476)   Pre Evacuate Collection Set: 0.1ms
[18.093s][info][gc,phases      ] GC(476)   Merge Heap Roots: 0.1ms
[18.093s][info][gc,phases      ] GC(476)   Evacuate Collection Set: 37.8ms
[18.093s][info][gc,phases      ] GC(476)   Post Evacuate Collection Set: 0.2ms
[18.093s][info][gc,phases      ] GC(476)   Other: 0.1ms
[18.093s][info][gc,heap        ] GC(476) Eden regions: 81->0(69)
[18.093s][info][gc,heap        ] GC(476) Survivor regions: 14->12(12)
[18.093s][info][gc,heap        ] GC(476) Old regions: 102->121
[18.093s][info][gc,heap        ] GC(476) Archive regions: 0->0
[18.093s][info][gc,heap        ] GC(476) Humongous regions: 36->36
[18.093s][info][gc,metaspace   ] GC(476) Metaspace: 480K(640K)->480K(640K) NonClass: 445K(512K)->445K(512K) Class: 34K(128K)->34K(128K)
[18.093s][info][gc             ] GC(476) Pause Young (Concurrent Start) (G1 Evacuation Pause) 231M->167M(300M) 38.680ms
[18.093s][info][gc,cpu         ] GC(476) User=0.19s Sys=0.00s Real=0.04s
[18.093s][info][gc             ] GC(477) Concurrent Mark Cycle
[18.094s][info][gc,marking     ] GC(477) Concurrent Clear Claimed Marks
[18.094s][info][gc,marking     ] GC(477) Concurrent Clear Claimed Marks 0.019ms
[18.094s][info][gc,marking     ] GC(477) Concurrent Scan Root Regions
[18.117s][info][gc,marking     ] GC(477) Concurrent Scan Root Regions 23.766ms
[18.117s][info][gc,marking     ] GC(477) Concurrent Mark
[18.117s][info][gc,marking     ] GC(477) Concurrent Mark From Roots
[18.117s][info][gc,task        ] GC(477) Using 1 workers of 1 for marking
[18.166s][info][gc,start       ] GC(478) Pause Young (Normal) (G1 Evacuation Pause)
[18.166s][info][gc,task        ] GC(478) Using 4 workers of 4 for evacuation
[18.200s][info][gc,phases      ] GC(478)   Pre Evacuate Collection Set: 0.0ms
[18.200s][info][gc,phases      ] GC(478)   Merge Heap Roots: 0.1ms
[18.200s][info][gc,phases      ] GC(478)   Evacuate Collection Set: 33.1ms
[18.200s][info][gc,phases      ] GC(478)   Post Evacuate Collection Set: 0.2ms
[18.200s][info][gc,phases      ] GC(478)   Other: 0.1ms
[18.200s][info][gc,heap        ] GC(478) Eden regions: 69->0(59)
[18.200s][info][gc,heap        ] GC(478) Survivor regions: 12->11(11)
[18.200s][info][gc,heap        ] GC(478) Old regions: 121->137
[18.200s][info][gc,heap        ] GC(478) Archive regions: 0->0
[18.200s][info][gc,heap        ] GC(478) Humongous regions: 36->36
[18.200s][info][gc,metaspace   ] GC(478) Metaspace: 480K(640K)->480K(640K) NonClass: 445K(512K)->445K(512K) Class: 34K(128K)->34K(128K)
[18.200s][info][gc             ] GC(478) Pause Young (Normal) (G1 Evacuation Pause) 236M->182M(300M) 33.755ms
[18.200s][info][gc,cpu         ] GC(478) User=0.19s Sys=0.00s Real=0.03s
[18.263s][info][gc,start       ] GC(479) Pause Young (Normal) (G1 Evacuation Pause)
[18.263s][info][gc,task        ] GC(479) Using 4 workers of 4 for evacuation
[18.293s][info][gc,phases      ] GC(479)   Pre Evacuate Collection Set: 0.0ms
[18.293s][info][gc,phases      ] GC(479)   Merge Heap Roots: 0.1ms
[18.293s][info][gc,phases      ] GC(479)   Evacuate Collection Set: 29.4ms
[18.293s][info][gc,phases      ] GC(479)   Post Evacuate Collection Set: 0.2ms
[18.293s][info][gc,phases      ] GC(479)   Other: 0.1ms
[18.293s][info][gc,heap        ] GC(479) Eden regions: 59->0(50)
[18.294s][info][gc,heap        ] GC(479) Survivor regions: 11->9(9)
[18.294s][info][gc,heap        ] GC(479) Old regions: 137->152
[18.294s][info][gc,heap        ] GC(479) Archive regions: 0->0
[18.294s][info][gc,heap        ] GC(479) Humongous regions: 36->36
[18.294s][info][gc,metaspace   ] GC(479) Metaspace: 480K(640K)->480K(640K) NonClass: 445K(512K)->445K(512K) Class: 34K(128K)->34K(128K)
[18.294s][info][gc             ] GC(479) Pause Young (Normal) (G1 Evacuation Pause) 241M->195M(300M) 30.157ms
[18.294s][info][gc,cpu         ] GC(479) User=0.09s Sys=0.00s Real=0.03s
[18.358s][info][gc,start       ] GC(480) Pause Young (Normal) (G1 Evacuation Pause)
[18.359s][info][gc,task        ] GC(480) Using 4 workers of 4 for evacuation
[18.385s][info][gc,phases      ] GC(480)   Pre Evacuate Collection Set: 0.1ms
[18.385s][info][gc,phases      ] GC(480)   Merge Heap Roots: 0.0ms
[18.386s][info][gc,phases      ] GC(480)   Evacuate Collection Set: 26.5ms
[18.386s][info][gc,phases      ] GC(480)   Post Evacuate Collection Set: 0.2ms
[18.386s][info][gc,phases      ] GC(480)   Other: 0.2ms
[18.386s][info][gc,heap        ] GC(480) Eden regions: 50->0(42)
[18.386s][info][gc,heap        ] GC(480) Survivor regions: 9->8(8)
[18.386s][info][gc,heap        ] GC(480) Old regions: 152->164
[18.386s][info][gc,heap        ] GC(480) Archive regions: 0->0
[18.386s][info][gc,heap        ] GC(480) Humongous regions: 36->36
[18.386s][info][gc,metaspace   ] GC(480) Metaspace: 480K(640K)->480K(640K) NonClass: 445K(512K)->445K(512K) Class: 34K(128K)->34K(128K)
[18.386s][info][gc             ] GC(480) Pause Young (Normal) (G1 Evacuation Pause) 245M->206M(300M) 27.212ms
[18.386s][info][gc,cpu         ] GC(480) User=0.05s Sys=0.00s Real=0.03s
[18.432s][info][gc,start       ] GC(481) Pause Young (Normal) (G1 Evacuation Pause)
[18.432s][info][gc,task        ] GC(481) Using 4 workers of 4 for evacuation
[18.454s][info][gc,phases      ] GC(481)   Pre Evacuate Collection Set: 0.0ms
[18.454s][info][gc,phases      ] GC(481)   Merge Heap Roots: 0.0ms
[18.454s][info][gc,phases      ] GC(481)   Evacuate Collection Set: 21.5ms
[18.454s][info][gc,phases      ] GC(481)   Post Evacuate Collection Set: 0.2ms
[18.454s][info][gc,phases      ] GC(481)   Other: 0.1ms
[18.454s][info][gc,heap        ] GC(481) Eden regions: 42->0(35)
[18.454s][info][gc,heap        ] GC(481) Survivor regions: 8->7(7)
[18.454s][info][gc,heap        ] GC(481) Old regions: 164->175
[18.454s][info][gc,heap        ] GC(481) Archive regions: 0->0
[18.454s][info][gc,heap        ] GC(481) Humongous regions: 36->36
[18.454s][info][gc,metaspace   ] GC(481) Metaspace: 480K(640K)->480K(640K) NonClass: 445K(512K)->445K(512K) Class: 34K(128K)->34K(128K)
[18.454s][info][gc             ] GC(481) Pause Young (Normal) (G1 Evacuation Pause) 248M->216M(300M) 22.195ms
[18.454s][info][gc,cpu         ] GC(481) User=0.09s Sys=0.00s Real=0.02s
[18.493s][info][gc,start       ] GC(482) Pause Young (Normal) (G1 Evacuation Pause)
[18.493s][info][gc,task        ] GC(482) Using 4 workers of 4 for evacuation
[18.511s][info][gc,phases      ] GC(482)   Pre Evacuate Collection Set: 0.0ms
[18.511s][info][gc,phases      ] GC(482)   Merge Heap Roots: 0.0ms
[18.511s][info][gc,phases      ] GC(482)   Evacuate Collection Set: 17.3ms
[18.511s][info][gc,phases      ] GC(482)   Post Evacuate Collection Set: 0.2ms
[18.511s][info][gc,phases      ] GC(482)   Other: 0.2ms
[18.511s][info][gc,heap        ] GC(482) Eden regions: 35->0(30)
[18.511s][info][gc,heap        ] GC(482) Survivor regions: 7->6(6)
[18.511s][info][gc,heap        ] GC(482) Old regions: 175->184
[18.511s][info][gc,heap        ] GC(482) Archive regions: 0->0
[18.511s][info][gc,heap        ] GC(482) Humongous regions: 36->36
[18.511s][info][gc,metaspace   ] GC(482) Metaspace: 480K(640K)->480K(640K) NonClass: 445K(512K)->445K(512K) Class: 34K(128K)->34K(128K)
[18.511s][info][gc             ] GC(482) Pause Young (Normal) (G1 Evacuation Pause) 251M->224M(300M) 17.995ms
[18.511s][info][gc,cpu         ] GC(482) User=0.05s Sys=0.00s Real=0.02s
[18.547s][info][gc,start       ] GC(483) Pause Young (Normal) (G1 Evacuation Pause)
[18.547s][info][gc,task        ] GC(483) Using 4 workers of 4 for evacuation
[18.563s][info][gc,phases      ] GC(483)   Pre Evacuate Collection Set: 0.0ms
[18.563s][info][gc,phases      ] GC(483)   Merge Heap Roots: 0.0ms
[18.563s][info][gc,phases      ] GC(483)   Evacuate Collection Set: 15.6ms
[18.563s][info][gc,phases      ] GC(483)   Post Evacuate Collection Set: 0.2ms
[18.563s][info][gc,phases      ] GC(483)   Other: 0.1ms
[18.563s][info][gc,heap        ] GC(483) Eden regions: 30->0(25)
[18.563s][info][gc,heap        ] GC(483) Survivor regions: 6->5(5)
[18.563s][info][gc,heap        ] GC(483) Old regions: 184->192
[18.563s][info][gc,heap        ] GC(483) Archive regions: 0->0
[18.563s][info][gc,heap        ] GC(483) Humongous regions: 36->36
[18.563s][info][gc,metaspace   ] GC(483) Metaspace: 480K(640K)->480K(640K) NonClass: 445K(512K)->445K(512K) Class: 34K(128K)->34K(128K)
[18.563s][info][gc             ] GC(483) Pause Young (Normal) (G1 Evacuation Pause) 254M->230M(300M) 16.377ms
[18.563s][info][gc,cpu         ] GC(483) User=0.06s Sys=0.00s Real=0.02s
[18.591s][info][gc,start       ] GC(484) Pause Young (Normal) (G1 Evacuation Pause)
[18.591s][info][gc,task        ] GC(484) Using 4 workers of 4 for evacuation
[18.604s][info][gc,phases      ] GC(484)   Pre Evacuate Collection Set: 0.0ms
[18.604s][info][gc,phases      ] GC(484)   Merge Heap Roots: 0.0ms
[18.604s][info][gc,phases      ] GC(484)   Evacuate Collection Set: 13.0ms
[18.604s][info][gc,phases      ] GC(484)   Post Evacuate Collection Set: 0.2ms
[18.604s][info][gc,phases      ] GC(484)   Other: 0.1ms
[18.604s][info][gc,heap        ] GC(484) Eden regions: 25->0(21)
[18.604s][info][gc,heap        ] GC(484) Survivor regions: 5->4(4)
[18.604s][info][gc,heap        ] GC(484) Old regions: 192->198
[18.604s][info][gc,heap        ] GC(484) Archive regions: 0->0
[18.604s][info][gc,heap        ] GC(484) Humongous regions: 36->36
[18.605s][info][gc,metaspace   ] GC(484) Metaspace: 480K(640K)->480K(640K) NonClass: 445K(512K)->445K(512K) Class: 34K(128K)->34K(128K)
[18.605s][info][gc             ] GC(484) Pause Young (Normal) (G1 Evacuation Pause) 255M->236M(300M) 13.709ms
[18.605s][info][gc,cpu         ] GC(484) User=0.00s Sys=0.00s Real=0.01s
[18.631s][info][gc,start       ] GC(485) Pause Young (Normal) (G1 Evacuation Pause)
[18.631s][info][gc,task        ] GC(485) Using 4 workers of 4 for evacuation
[18.642s][info][gc,phases      ] GC(485)   Pre Evacuate Collection Set: 0.1ms
[18.642s][info][gc,phases      ] GC(485)   Merge Heap Roots: 0.0ms
[18.642s][info][gc,phases      ] GC(485)   Evacuate Collection Set: 11.0ms
[18.642s][info][gc,phases      ] GC(485)   Post Evacuate Collection Set: 0.2ms
[18.642s][info][gc,phases      ] GC(485)   Other: 0.2ms
[18.642s][info][gc,heap        ] GC(485) Eden regions: 21->0(18)
[18.642s][info][gc,heap        ] GC(485) Survivor regions: 4->4(4)
[18.643s][info][gc,heap        ] GC(485) Old regions: 198->203
[18.643s][info][gc,heap        ] GC(485) Archive regions: 0->0
[18.643s][info][gc,heap        ] GC(485) Humongous regions: 36->36
[18.643s][info][gc,metaspace   ] GC(485) Metaspace: 480K(640K)->480K(640K) NonClass: 445K(512K)->445K(512K) Class: 34K(128K)->34K(128K)
[18.643s][info][gc             ] GC(485) Pause Young (Normal) (G1 Evacuation Pause) 257M->241M(300M) 11.776ms
[18.643s][info][gc,cpu         ] GC(485) User=0.06s Sys=0.00s Real=0.01s
[18.662s][info][gc,start       ] GC(486) Pause Young (Normal) (G1 Evacuation Pause)
[18.662s][info][gc,task        ] GC(486) Using 4 workers of 4 for evacuation
[18.672s][info][gc,phases      ] GC(486)   Pre Evacuate Collection Set: 0.1ms
[18.672s][info][gc,phases      ] GC(486)   Merge Heap Roots: 0.1ms
[18.672s][info][gc,phases      ] GC(486)   Evacuate Collection Set: 10.2ms
[18.672s][info][gc,phases      ] GC(486)   Post Evacuate Collection Set: 0.2ms
[18.672s][info][gc,phases      ] GC(486)   Other: 0.1ms
[18.673s][info][gc,heap        ] GC(486) Eden regions: 18->0(15)
[18.673s][info][gc,heap        ] GC(486) Survivor regions: 4->3(3)
[18.673s][info][gc,heap        ] GC(486) Old regions: 203->208
[18.673s][info][gc,heap        ] GC(486) Archive regions: 0->0
[18.673s][info][gc,heap        ] GC(486) Humongous regions: 36->36
[18.673s][info][gc,metaspace   ] GC(486) Metaspace: 480K(640K)->480K(640K) NonClass: 445K(512K)->445K(512K) Class: 34K(128K)->34K(128K)
[18.673s][info][gc             ] GC(486) Pause Young (Normal) (G1 Evacuation Pause) 259M->245M(300M) 10.892ms
[18.673s][info][gc,cpu         ] GC(486) User=0.06s Sys=0.00s Real=0.01s
[18.688s][info][gc,start       ] GC(487) Pause Young (Normal) (G1 Evacuation Pause)
[18.688s][info][gc,task        ] GC(487) Using 4 workers of 4 for evacuation
[18.697s][info][gc,phases      ] GC(487)   Pre Evacuate Collection Set: 0.0ms
[18.697s][info][gc,phases      ] GC(487)   Merge Heap Roots: 0.0ms
[18.697s][info][gc,phases      ] GC(487)   Evacuate Collection Set: 8.1ms
[18.697s][info][gc,phases      ] GC(487)   Post Evacuate Collection Set: 0.2ms
[18.697s][info][gc,phases      ] GC(487)   Other: 0.1ms
[18.697s][info][gc,heap        ] GC(487) Eden regions: 15->0(13)
[18.697s][info][gc,heap        ] GC(487) Survivor regions: 3->3(3)
[18.697s][info][gc,heap        ] GC(487) Old regions: 208->211
[18.697s][info][gc,heap        ] GC(487) Archive regions: 0->0
[18.697s][info][gc,heap        ] GC(487) Humongous regions: 36->36
[18.697s][info][gc,metaspace   ] GC(487) Metaspace: 480K(640K)->480K(640K) NonClass: 445K(512K)->445K(512K) Class: 34K(128K)->34K(128K)
[18.697s][info][gc             ] GC(487) Pause Young (Normal) (G1 Evacuation Pause) 260M->248M(300M) 8.715ms
[18.697s][info][gc,cpu         ] GC(487) User=0.00s Sys=0.00s Real=0.01s
[18.697s][info][gc,marking     ] GC(477) Concurrent Mark From Roots 579.771ms
[18.697s][info][gc,marking     ] GC(477) Concurrent Preclean
[18.697s][info][gc,marking     ] GC(477) Concurrent Preclean 0.090ms
[18.697s][info][gc,start       ] GC(477) Pause Remark
[18.698s][info][gc             ] GC(477) Pause Remark 248M->248M(300M) 0.354ms
[18.698s][info][gc,cpu         ] GC(477) User=0.00s Sys=0.00s Real=0.00s
[18.698s][info][gc,marking     ] GC(477) Concurrent Mark 580.424ms
[18.698s][info][gc,marking     ] GC(477) Concurrent Rebuild Remembered Sets
[18.716s][info][gc,start       ] GC(488) Pause Young (Normal) (G1 Evacuation Pause)
[18.716s][info][gc,task        ] GC(488) Using 4 workers of 4 for evacuation
[18.719s][info][gc,phases      ] GC(488)   Pre Evacuate Collection Set: 0.0ms
[18.719s][info][gc,phases      ] GC(488)   Merge Heap Roots: 0.0ms
[18.719s][info][gc,phases      ] GC(488)   Evacuate Collection Set: 3.2ms
[18.719s][info][gc,phases      ] GC(488)   Post Evacuate Collection Set: 0.2ms
[18.719s][info][gc,phases      ] GC(488)   Other: 0.1ms
[18.719s][info][gc,heap        ] GC(488) Eden regions: 13->0(14)
[18.719s][info][gc,heap        ] GC(488) Survivor regions: 3->2(2)
[18.719s][info][gc,heap        ] GC(488) Old regions: 211->211
[18.720s][info][gc,heap        ] GC(488) Archive regions: 0->0
[18.720s][info][gc,heap        ] GC(488) Humongous regions: 36->36
[18.720s][info][gc,metaspace   ] GC(488) Metaspace: 480K(640K)->480K(640K) NonClass: 445K(512K)->445K(512K) Class: 34K(128K)->34K(128K)
[18.720s][info][gc             ] GC(488) Pause Young (Normal) (G1 Evacuation Pause) 261M->247M(300M) 3.765ms
[18.720s][info][gc,cpu         ] GC(488) User=0.00s Sys=0.00s Real=0.00s
[18.733s][info][gc,start       ] GC(489) Pause Young (Normal) (G1 Evacuation Pause)
[18.733s][info][gc,task        ] GC(489) Using 4 workers of 4 for evacuation
[18.738s][info][gc,phases      ] GC(489)   Pre Evacuate Collection Set: 0.1ms
[18.739s][info][gc,phases      ] GC(489)   Merge Heap Roots: 0.1ms
[18.739s][info][gc,phases      ] GC(489)   Evacuate Collection Set: 5.4ms
[18.739s][info][gc,phases      ] GC(489)   Post Evacuate Collection Set: 0.2ms
[18.739s][info][gc,phases      ] GC(489)   Other: 0.2ms
[18.739s][info][gc,heap        ] GC(489) Eden regions: 14->0(13)
[18.739s][info][gc,heap        ] GC(489) Survivor regions: 2->2(2)
[18.739s][info][gc,heap        ] GC(489) Old regions: 211->214
[18.739s][info][gc,heap        ] GC(489) Archive regions: 0->0
[18.739s][info][gc,heap        ] GC(489) Humongous regions: 36->36
[18.739s][info][gc,metaspace   ] GC(489) Metaspace: 480K(640K)->480K(640K) NonClass: 445K(512K)->445K(512K) Class: 34K(128K)->34K(128K)
[18.739s][info][gc             ] GC(489) Pause Young (Normal) (G1 Evacuation Pause) 261M->249M(300M) 6.060ms
[18.739s][info][gc,cpu         ] GC(489) User=0.00s Sys=0.00s Real=0.01s
[18.749s][info][gc,start       ] GC(490) Pause Young (Normal) (G1 Evacuation Pause)
[18.750s][info][gc,task        ] GC(490) Using 4 workers of 4 for evacuation
[18.757s][info][gc,phases      ] GC(490)   Pre Evacuate Collection Set: 0.0ms
[18.757s][info][gc,phases      ] GC(490)   Merge Heap Roots: 0.0ms
[18.757s][info][gc,phases      ] GC(490)   Evacuate Collection Set: 6.8ms
[18.757s][info][gc,phases      ] GC(490)   Post Evacuate Collection Set: 0.2ms
[18.757s][info][gc,phases      ] GC(490)   Other: 0.1ms
[18.757s][info][gc,heap        ] GC(490) Eden regions: 13->0(13)
[18.757s][info][gc,heap        ] GC(490) Survivor regions: 2->2(2)
[18.757s][info][gc,heap        ] GC(490) Old regions: 214->216
[18.757s][info][gc,heap        ] GC(490) Archive regions: 0->0
[18.757s][info][gc,heap        ] GC(490) Humongous regions: 36->36
[18.757s][info][gc,metaspace   ] GC(490) Metaspace: 480K(640K)->480K(640K) NonClass: 445K(512K)->445K(512K) Class: 34K(128K)->34K(128K)
[18.757s][info][gc             ] GC(490) Pause Young (Normal) (G1 Evacuation Pause) 262M->252M(300M) 7.370ms
[18.757s][info][gc,cpu         ] GC(490) User=0.00s Sys=0.00s Real=0.01s
[18.768s][info][gc,start       ] GC(491) Pause Young (Normal) (G1 Evacuation Pause)
[18.768s][info][gc,task        ] GC(491) Using 4 workers of 4 for evacuation
[18.774s][info][gc,phases      ] GC(491)   Pre Evacuate Collection Set: 0.0ms
[18.774s][info][gc,phases      ] GC(491)   Merge Heap Roots: 0.0ms
[18.774s][info][gc,phases      ] GC(491)   Evacuate Collection Set: 6.5ms
[18.774s][info][gc,phases      ] GC(491)   Post Evacuate Collection Set: 0.2ms
[18.774s][info][gc,phases      ] GC(491)   Other: 0.1ms
[18.774s][info][gc,heap        ] GC(491) Eden regions: 13->0(13)
[18.775s][info][gc,heap        ] GC(491) Survivor regions: 2->2(2)
[18.775s][info][gc,heap        ] GC(491) Old regions: 216->219
[18.775s][info][gc,heap        ] GC(491) Archive regions: 0->0
[18.775s][info][gc,heap        ] GC(491) Humongous regions: 36->36
[18.775s][info][gc,metaspace   ] GC(491) Metaspace: 480K(640K)->480K(640K) NonClass: 445K(512K)->445K(512K) Class: 34K(128K)->34K(128K)
[18.775s][info][gc             ] GC(491) Pause Young (Normal) (G1 Evacuation Pause) 265M->255M(300M) 7.075ms
[18.775s][info][gc,cpu         ] GC(491) User=0.00s Sys=0.00s Real=0.01s
[18.786s][info][gc,start       ] GC(492) Pause Young (Normal) (G1 Evacuation Pause)
[18.786s][info][gc,task        ] GC(492) Using 4 workers of 4 for evacuation
[18.792s][info][gc,phases      ] GC(492)   Pre Evacuate Collection Set: 0.0ms
[18.792s][info][gc,phases      ] GC(492)   Merge Heap Roots: 0.0ms
[18.792s][info][gc,phases      ] GC(492)   Evacuate Collection Set: 6.2ms
[18.792s][info][gc,phases      ] GC(492)   Post Evacuate Collection Set: 0.2ms
[18.792s][info][gc,phases      ] GC(492)   Other: 0.1ms
[18.792s][info][gc,heap        ] GC(492) Eden regions: 13->0(13)
[18.792s][info][gc,heap        ] GC(492) Survivor regions: 2->2(2)
[18.792s][info][gc,heap        ] GC(492) Old regions: 219->222
[18.792s][info][gc,heap        ] GC(492) Archive regions: 0->0
[18.792s][info][gc,heap        ] GC(492) Humongous regions: 36->36
[18.792s][info][gc,metaspace   ] GC(492) Metaspace: 480K(640K)->480K(640K) NonClass: 445K(512K)->445K(512K) Class: 34K(128K)->34K(128K)
[18.792s][info][gc             ] GC(492) Pause Young (Normal) (G1 Evacuation Pause) 268M->258M(300M) 6.786ms
[18.793s][info][gc,cpu         ] GC(492) User=0.00s Sys=0.00s Real=0.01s
[18.803s][info][gc,start       ] GC(493) Pause Young (Normal) (G1 Evacuation Pause)
[18.803s][info][gc,task        ] GC(493) Using 4 workers of 4 for evacuation
[18.810s][info][gc,phases      ] GC(493)   Pre Evacuate Collection Set: 0.0ms
[18.810s][info][gc,phases      ] GC(493)   Merge Heap Roots: 0.0ms
[18.810s][info][gc,phases      ] GC(493)   Evacuate Collection Set: 6.4ms
[18.810s][info][gc,phases      ] GC(493)   Post Evacuate Collection Set: 0.2ms
[18.810s][info][gc,phases      ] GC(493)   Other: 0.1ms
[18.810s][info][gc,heap        ] GC(493) Eden regions: 13->0(13)
[18.810s][info][gc,heap        ] GC(493) Survivor regions: 2->2(2)
[18.810s][info][gc,heap        ] GC(493) Old regions: 222->225
[18.810s][info][gc,heap        ] GC(493) Archive regions: 0->0
[18.810s][info][gc,heap        ] GC(493) Humongous regions: 36->36
[18.810s][info][gc,metaspace   ] GC(493) Metaspace: 480K(640K)->480K(640K) NonClass: 445K(512K)->445K(512K) Class: 34K(128K)->34K(128K)
[18.810s][info][gc             ] GC(493) Pause Young (Normal) (G1 Evacuation Pause) 271M->260M(300M) 7.015ms
[18.810s][info][gc,cpu         ] GC(493) User=0.06s Sys=0.00s Real=0.01s
[18.821s][info][gc,start       ] GC(494) Pause Young (Normal) (G1 Evacuation Pause)
[18.821s][info][gc,task        ] GC(494) Using 4 workers of 4 for evacuation
[18.828s][info][gc,phases      ] GC(494)   Pre Evacuate Collection Set: 0.1ms
[18.828s][info][gc,phases      ] GC(494)   Merge Heap Roots: 0.0ms
[18.829s][info][gc,phases      ] GC(494)   Evacuate Collection Set: 7.1ms
[18.829s][info][gc,phases      ] GC(494)   Post Evacuate Collection Set: 0.2ms
[18.829s][info][gc,phases      ] GC(494)   Other: 0.1ms
[18.829s][info][gc,heap        ] GC(494) Eden regions: 13->0(13)
[18.829s][info][gc,heap        ] GC(494) Survivor regions: 2->2(2)
[18.829s][info][gc,heap        ] GC(494) Old regions: 225->228
[18.829s][info][gc,heap        ] GC(494) Archive regions: 0->0
[18.829s][info][gc,heap        ] GC(494) Humongous regions: 36->36
[18.829s][info][gc,metaspace   ] GC(494) Metaspace: 480K(640K)->480K(640K) NonClass: 445K(512K)->445K(512K) Class: 34K(128K)->34K(128K)
[18.829s][info][gc             ] GC(494) Pause Young (Normal) (G1 Evacuation Pause) 273M->263M(300M) 7.796ms
[18.829s][info][gc,cpu         ] GC(494) User=0.06s Sys=0.00s Real=0.01s
[18.839s][info][gc,start       ] GC(495) Pause Young (Normal) (G1 Evacuation Pause)
[18.839s][info][gc,task        ] GC(495) Using 4 workers of 4 for evacuation
[18.847s][info][gc,phases      ] GC(495)   Pre Evacuate Collection Set: 0.1ms
[18.847s][info][gc,phases      ] GC(495)   Merge Heap Roots: 0.3ms
[18.847s][info][gc,phases      ] GC(495)   Evacuate Collection Set: 6.6ms
[18.847s][info][gc,phases      ] GC(495)   Post Evacuate Collection Set: 0.2ms
[18.847s][info][gc,phases      ] GC(495)   Other: 0.4ms
[18.847s][info][gc,heap        ] GC(495) Eden regions: 13->0(13)
[18.847s][info][gc,heap        ] GC(495) Survivor regions: 2->2(2)
[18.847s][info][gc,heap        ] GC(495) Old regions: 228->231
[18.847s][info][gc,heap        ] GC(495) Archive regions: 0->0
[18.847s][info][gc,heap        ] GC(495) Humongous regions: 36->36
[18.847s][info][gc,metaspace   ] GC(495) Metaspace: 480K(640K)->480K(640K) NonClass: 445K(512K)->445K(512K) Class: 34K(128K)->34K(128K)
[18.847s][info][gc             ] GC(495) Pause Young (Normal) (G1 Evacuation Pause) 276M->266M(300M) 7.809ms
[18.847s][info][gc,cpu         ] GC(495) User=0.00s Sys=0.00s Real=0.01s
[18.860s][info][gc,start       ] GC(496) Pause Young (Normal) (G1 Evacuation Pause)
[18.860s][info][gc,task        ] GC(496) Using 4 workers of 4 for evacuation
[18.868s][info][gc,phases      ] GC(496)   Pre Evacuate Collection Set: 0.0ms
[18.868s][info][gc,phases      ] GC(496)   Merge Heap Roots: 0.0ms
[18.868s][info][gc,phases      ] GC(496)   Evacuate Collection Set: 7.3ms
[18.868s][info][gc,phases      ] GC(496)   Post Evacuate Collection Set: 0.2ms
[18.868s][info][gc,phases      ] GC(496)   Other: 0.1ms
[18.868s][info][gc,heap        ] GC(496) Eden regions: 13->0(13)
[18.868s][info][gc,heap        ] GC(496) Survivor regions: 2->2(2)
[18.868s][info][gc,heap        ] GC(496) Old regions: 231->233
[18.868s][info][gc,heap        ] GC(496) Archive regions: 0->0
[18.868s][info][gc,heap        ] GC(496) Humongous regions: 36->36
[18.868s][info][gc,metaspace   ] GC(496) Metaspace: 480K(640K)->480K(640K) NonClass: 445K(512K)->445K(512K) Class: 34K(128K)->34K(128K)
[18.868s][info][gc             ] GC(496) Pause Young (Normal) (G1 Evacuation Pause) 279M->269M(300M) 7.888ms
[18.868s][info][gc,cpu         ] GC(496) User=0.00s Sys=0.00s Real=0.01s
[18.879s][info][gc,start       ] GC(497) Pause Young (Normal) (G1 Evacuation Pause)
[18.879s][info][gc,task        ] GC(497) Using 4 workers of 4 for evacuation
[18.886s][info][gc,phases      ] GC(497)   Pre Evacuate Collection Set: 0.0ms
[18.886s][info][gc,phases      ] GC(497)   Merge Heap Roots: 0.0ms
[18.886s][info][gc,phases      ] GC(497)   Evacuate Collection Set: 6.7ms
[18.886s][info][gc,phases      ] GC(497)   Post Evacuate Collection Set: 0.2ms
[18.886s][info][gc,phases      ] GC(497)   Other: 0.1ms
[18.886s][info][gc,heap        ] GC(497) Eden regions: 13->0(13)
[18.886s][info][gc,heap        ] GC(497) Survivor regions: 2->2(2)
[18.886s][info][gc,heap        ] GC(497) Old regions: 233->236
[18.886s][info][gc,heap        ] GC(497) Archive regions: 0->0
[18.886s][info][gc,heap        ] GC(497) Humongous regions: 36->36
[18.886s][info][gc,metaspace   ] GC(497) Metaspace: 480K(640K)->480K(640K) NonClass: 445K(512K)->445K(512K) Class: 34K(128K)->34K(128K)
[18.886s][info][gc             ] GC(497) Pause Young (Normal) (G1 Evacuation Pause) 282M->272M(300M) 7.331ms
[18.886s][info][gc,cpu         ] GC(497) User=0.00s Sys=0.00s Real=0.01s
[18.897s][info][gc,start       ] GC(498) Pause Young (Normal) (G1 Evacuation Pause)
[18.897s][info][gc,task        ] GC(498) Using 4 workers of 4 for evacuation
[18.904s][info][gc,phases      ] GC(498)   Pre Evacuate Collection Set: 0.0ms
[18.904s][info][gc,phases      ] GC(498)   Merge Heap Roots: 0.0ms
[18.904s][info][gc,phases      ] GC(498)   Evacuate Collection Set: 6.3ms
[18.904s][info][gc,phases      ] GC(498)   Post Evacuate Collection Set: 0.2ms
[18.904s][info][gc,phases      ] GC(498)   Other: 0.1ms
[18.904s][info][gc,heap        ] GC(498) Eden regions: 13->0(13)
[18.904s][info][gc,heap        ] GC(498) Survivor regions: 2->2(2)
[18.904s][info][gc,heap        ] GC(498) Old regions: 236->239
[18.904s][info][gc,heap        ] GC(498) Archive regions: 0->0
[18.904s][info][gc,heap        ] GC(498) Humongous regions: 36->36
[18.904s][info][gc,metaspace   ] GC(498) Metaspace: 480K(640K)->480K(640K) NonClass: 445K(512K)->445K(512K) Class: 34K(128K)->34K(128K)
[18.904s][info][gc             ] GC(498) Pause Young (Normal) (G1 Evacuation Pause) 285M->275M(300M) 6.936ms
[18.904s][info][gc,cpu         ] GC(498) User=0.05s Sys=0.00s Real=0.01s
[18.917s][info][gc,start       ] GC(499) Pause Young (Normal) (G1 Evacuation Pause)
[18.917s][info][gc,task        ] GC(499) Using 4 workers of 4 for evacuation
[18.924s][info][gc,phases      ] GC(499)   Pre Evacuate Collection Set: 0.0ms
[18.924s][info][gc,phases      ] GC(499)   Merge Heap Roots: 0.0ms
[18.924s][info][gc,phases      ] GC(499)   Evacuate Collection Set: 6.9ms
[18.924s][info][gc,phases      ] GC(499)   Post Evacuate Collection Set: 0.2ms
[18.924s][info][gc,phases      ] GC(499)   Other: 0.1ms
[18.924s][info][gc,heap        ] GC(499) Eden regions: 13->0(13)
[18.924s][info][gc,heap        ] GC(499) Survivor regions: 2->2(2)
[18.924s][info][gc,heap        ] GC(499) Old regions: 239->242
[18.924s][info][gc,heap        ] GC(499) Archive regions: 0->0
[18.924s][info][gc,heap        ] GC(499) Humongous regions: 36->36
[18.924s][info][gc,metaspace   ] GC(499) Metaspace: 480K(640K)->480K(640K) NonClass: 445K(512K)->445K(512K) Class: 34K(128K)->34K(128K)
[18.924s][info][gc             ] GC(499) Pause Young (Normal) (G1 Evacuation Pause) 288M->277M(300M) 7.527ms
[18.924s][info][gc,cpu         ] GC(499) User=0.06s Sys=0.00s Real=0.01s
[18.935s][info][gc,start       ] GC(500) Pause Young (Normal) (G1 Evacuation Pause)
[18.935s][info][gc,task        ] GC(500) Using 4 workers of 4 for evacuation
[18.942s][info][gc,phases      ] GC(500)   Pre Evacuate Collection Set: 0.0ms
[18.942s][info][gc,phases      ] GC(500)   Merge Heap Roots: 0.0ms
[18.942s][info][gc,phases      ] GC(500)   Evacuate Collection Set: 6.4ms
[18.942s][info][gc,phases      ] GC(500)   Post Evacuate Collection Set: 0.2ms
[18.942s][info][gc,phases      ] GC(500)   Other: 0.1ms
[18.942s][info][gc,heap        ] GC(500) Eden regions: 13->0(13)
[18.942s][info][gc,heap        ] GC(500) Survivor regions: 2->2(2)
[18.942s][info][gc,heap        ] GC(500) Old regions: 242->245
[18.942s][info][gc,heap        ] GC(500) Archive regions: 0->0
[18.942s][info][gc,heap        ] GC(500) Humongous regions: 36->36
[18.942s][info][gc,metaspace   ] GC(500) Metaspace: 480K(640K)->480K(640K) NonClass: 445K(512K)->445K(512K) Class: 34K(128K)->34K(128K)
[18.942s][info][gc             ] GC(500) Pause Young (Normal) (G1 Evacuation Pause) 290M->280M(300M) 7.165ms
[18.942s][info][gc,cpu         ] GC(500) User=0.00s Sys=0.00s Real=0.01s
[18.952s][info][gc,start       ] GC(501) Pause Young (Normal) (G1 Preventive Collection)
[18.952s][info][gc,task        ] GC(501) Using 4 workers of 4 for evacuation
[18.959s][info][gc,phases      ] GC(501)   Pre Evacuate Collection Set: 0.1ms
[18.959s][info][gc,phases      ] GC(501)   Merge Heap Roots: 0.0ms
[18.959s][info][gc,phases      ] GC(501)   Evacuate Collection Set: 6.5ms
[18.959s][info][gc,phases      ] GC(501)   Post Evacuate Collection Set: 0.2ms
[18.959s][info][gc,phases      ] GC(501)   Other: 0.1ms
[18.959s][info][gc,heap        ] GC(501) Eden regions: 12->0(13)
[18.959s][info][gc,heap        ] GC(501) Survivor regions: 2->2(2)
[18.959s][info][gc,heap        ] GC(501) Old regions: 245->247
[18.959s][info][gc,heap        ] GC(501) Archive regions: 0->0
[18.959s][info][gc,heap        ] GC(501) Humongous regions: 36->36
[18.959s][info][gc,metaspace   ] GC(501) Metaspace: 480K(640K)->480K(640K) NonClass: 445K(512K)->445K(512K) Class: 34K(128K)->34K(128K)
[18.959s][info][gc             ] GC(501) Pause Young (Normal) (G1 Preventive Collection) 292M->283M(300M) 7.106ms
[18.959s][info][gc,cpu         ] GC(501) User=0.00s Sys=0.00s Real=0.01s
[18.967s][info][gc,start       ] GC(502) Pause Young (Normal) (G1 Preventive Collection)
[18.967s][info][gc,task        ] GC(502) Using 4 workers of 4 for evacuation
[18.973s][info][gc,phases      ] GC(502)   Pre Evacuate Collection Set: 0.1ms
[18.973s][info][gc,phases      ] GC(502)   Merge Heap Roots: 0.0ms
[18.973s][info][gc,phases      ] GC(502)   Evacuate Collection Set: 5.6ms
[18.974s][info][gc,phases      ] GC(502)   Post Evacuate Collection Set: 0.2ms
[18.974s][info][gc,phases      ] GC(502)   Other: 0.1ms
[18.974s][info][gc,heap        ] GC(502) Eden regions: 10->0(13)
[18.974s][info][gc,heap        ] GC(502) Survivor regions: 2->2(2)
[18.974s][info][gc,heap        ] GC(502) Old regions: 247->250
[18.974s][info][gc,heap        ] GC(502) Archive regions: 0->0
[18.974s][info][gc,heap        ] GC(502) Humongous regions: 36->36
[18.974s][info][gc,metaspace   ] GC(502) Metaspace: 480K(640K)->480K(640K) NonClass: 445K(512K)->445K(512K) Class: 34K(128K)->34K(128K)
[18.974s][info][gc             ] GC(502) Pause Young (Normal) (G1 Preventive Collection) 293M->285M(300M) 6.275ms
[18.974s][info][gc,cpu         ] GC(502) User=0.00s Sys=0.00s Real=0.01s
[18.980s][info][gc,start       ] GC(503) Pause Young (Normal) (G1 Preventive Collection)
[18.980s][info][gc,task        ] GC(503) Using 4 workers of 4 for evacuation
[18.985s][info][gc,phases      ] GC(503)   Pre Evacuate Collection Set: 0.0ms
[18.985s][info][gc,phases      ] GC(503)   Merge Heap Roots: 0.0ms
[18.985s][info][gc,phases      ] GC(503)   Evacuate Collection Set: 4.8ms
[18.985s][info][gc,phases      ] GC(503)   Post Evacuate Collection Set: 0.2ms
[18.985s][info][gc,phases      ] GC(503)   Other: 0.1ms
[18.985s][info][gc,heap        ] GC(503) Eden regions: 8->0(13)
[18.985s][info][gc,heap        ] GC(503) Survivor regions: 2->2(2)
[18.985s][info][gc,heap        ] GC(503) Old regions: 250->252
[18.985s][info][gc,heap        ] GC(503) Archive regions: 0->0
[18.985s][info][gc,heap        ] GC(503) Humongous regions: 36->36
[18.985s][info][gc,metaspace   ] GC(503) Metaspace: 480K(640K)->480K(640K) NonClass: 445K(512K)->445K(512K) Class: 34K(128K)->34K(128K)
[18.985s][info][gc             ] GC(503) Pause Young (Normal) (G1 Preventive Collection) 293M->287M(300M) 5.390ms
[18.985s][info][gc,cpu         ] GC(503) User=0.00s Sys=0.00s Real=0.00s
[18.990s][info][gc,start       ] GC(504) Pause Young (Normal) (G1 Preventive Collection)
[18.990s][info][gc,task        ] GC(504) Using 4 workers of 4 for evacuation
[18.995s][info][gc,phases      ] GC(504)   Pre Evacuate Collection Set: 0.0ms
[18.995s][info][gc,phases      ] GC(504)   Merge Heap Roots: 0.0ms
[18.995s][info][gc,phases      ] GC(504)   Evacuate Collection Set: 4.8ms
[18.995s][info][gc,phases      ] GC(504)   Post Evacuate Collection Set: 0.2ms
[18.995s][info][gc,phases      ] GC(504)   Other: 0.1ms
[18.995s][info][gc,heap        ] GC(504) Eden regions: 6->0(13)
[18.995s][info][gc,heap        ] GC(504) Survivor regions: 2->2(2)
[18.995s][info][gc,heap        ] GC(504) Old regions: 252->253
[18.995s][info][gc,heap        ] GC(504) Archive regions: 0->0
[18.995s][info][gc,heap        ] GC(504) Humongous regions: 36->36
[18.995s][info][gc,metaspace   ] GC(504) Metaspace: 480K(640K)->480K(640K) NonClass: 445K(512K)->445K(512K) Class: 34K(128K)->34K(128K)
[18.996s][info][gc             ] GC(504) Pause Young (Normal) (G1 Preventive Collection) 293M->288M(300M) 5.320ms
[18.996s][info][gc,cpu         ] GC(504) User=0.00s Sys=0.00s Real=0.00s
[19.001s][info][gc,start       ] GC(505) Pause Young (Normal) (G1 Preventive Collection)
[19.001s][info][gc,task        ] GC(505) Using 4 workers of 4 for evacuation
[19.006s][info][gc             ] GC(505) To-space exhausted
[19.006s][info][gc,phases      ] GC(505)   Pre Evacuate Collection Set: 0.0ms
[19.006s][info][gc,phases      ] GC(505)   Merge Heap Roots: 0.0ms
[19.006s][info][gc,phases      ] GC(505)   Evacuate Collection Set: 4.2ms
[19.006s][info][gc,phases      ] GC(505)   Post Evacuate Collection Set: 0.8ms
[19.006s][info][gc,phases      ] GC(505)   Other: 0.2ms
[19.006s][info][gc,heap        ] GC(505) Eden regions: 6->0(13)
[19.006s][info][gc,heap        ] GC(505) Survivor regions: 2->2(2)
[19.006s][info][gc,heap        ] GC(505) Old regions: 253->255
[19.006s][info][gc,heap        ] GC(505) Archive regions: 0->0
[19.006s][info][gc,heap        ] GC(505) Humongous regions: 36->36
[19.006s][info][gc,metaspace   ] GC(505) Metaspace: 480K(640K)->480K(640K) NonClass: 445K(512K)->445K(512K) Class: 34K(128K)->34K(128K)
[19.006s][info][gc             ] GC(505) Pause Young (Normal) (G1 Preventive Collection) 294M->290M(300M) 5.366ms
[19.006s][info][gc,cpu         ] GC(505) User=0.00s Sys=0.00s Real=0.00s
[19.009s][info][gc,start       ] GC(506) Pause Young (Normal) (G1 Preventive Collection)
[19.009s][info][gc,task        ] GC(506) Using 4 workers of 4 for evacuation
[19.013s][info][gc,phases      ] GC(506)   Pre Evacuate Collection Set: 0.0ms
[19.013s][info][gc,phases      ] GC(506)   Merge Heap Roots: 0.0ms
[19.013s][info][gc,phases      ] GC(506)   Evacuate Collection Set: 3.6ms
[19.013s][info][gc,phases      ] GC(506)   Post Evacuate Collection Set: 0.2ms
[19.013s][info][gc,phases      ] GC(506)   Other: 0.1ms
[19.013s][info][gc,heap        ] GC(506) Eden regions: 4->0(14)
[19.013s][info][gc,heap        ] GC(506) Survivor regions: 2->1(2)
[19.013s][info][gc,heap        ] GC(506) Old regions: 255->257
[19.013s][info][gc,heap        ] GC(506) Archive regions: 0->0
[19.013s][info][gc,heap        ] GC(506) Humongous regions: 36->36
[19.013s][info][gc,metaspace   ] GC(506) Metaspace: 480K(640K)->480K(640K) NonClass: 445K(512K)->445K(512K) Class: 34K(128K)->34K(128K)
[19.013s][info][gc             ] GC(506) Pause Young (Normal) (G1 Preventive Collection) 294M->291M(300M) 4.225ms
[19.013s][info][gc,cpu         ] GC(506) User=0.06s Sys=0.00s Real=0.00s
[19.018s][info][gc,start       ] GC(507) Pause Young (Normal) (G1 Preventive Collection)
[19.018s][info][gc,task        ] GC(507) Using 4 workers of 4 for evacuation
[19.021s][info][gc,phases      ] GC(507)   Pre Evacuate Collection Set: 0.0ms
[19.021s][info][gc,phases      ] GC(507)   Merge Heap Roots: 0.0ms
[19.021s][info][gc,phases      ] GC(507)   Evacuate Collection Set: 3.2ms
[19.021s][info][gc,phases      ] GC(507)   Post Evacuate Collection Set: 0.2ms
[19.021s][info][gc,phases      ] GC(507)   Other: 0.1ms
[19.021s][info][gc,heap        ] GC(507) Eden regions: 4->0(13)
[19.021s][info][gc,heap        ] GC(507) Survivor regions: 1->2(2)
[19.021s][info][gc,heap        ] GC(507) Old regions: 257->257
[19.021s][info][gc,heap        ] GC(507) Archive regions: 0->0
[19.021s][info][gc,heap        ] GC(507) Humongous regions: 36->36
[19.021s][info][gc,metaspace   ] GC(507) Metaspace: 480K(640K)->480K(640K) NonClass: 445K(512K)->445K(512K) Class: 34K(128K)->34K(128K)
[19.021s][info][gc             ] GC(507) Pause Young (Normal) (G1 Preventive Collection) 295M->292M(300M) 3.679ms
[19.021s][info][gc,cpu         ] GC(507) User=0.00s Sys=0.00s Real=0.00s
[19.024s][info][gc,start       ] GC(508) Pause Young (Normal) (G1 Preventive Collection)
[19.024s][info][gc,task        ] GC(508) Using 4 workers of 4 for evacuation
[19.028s][info][gc,phases      ] GC(508)   Pre Evacuate Collection Set: 0.0ms
[19.028s][info][gc,phases      ] GC(508)   Merge Heap Roots: 0.0ms
[19.028s][info][gc,phases      ] GC(508)   Evacuate Collection Set: 3.7ms
[19.028s][info][gc,phases      ] GC(508)   Post Evacuate Collection Set: 0.2ms
[19.028s][info][gc,phases      ] GC(508)   Other: 0.1ms
[19.028s][info][gc,heap        ] GC(508) Eden regions: 2->0(13)
[19.028s][info][gc,heap        ] GC(508) Survivor regions: 2->2(2)
[19.028s][info][gc,heap        ] GC(508) Old regions: 257->258
[19.028s][info][gc,heap        ] GC(508) Archive regions: 0->0
[19.028s][info][gc,heap        ] GC(508) Humongous regions: 36->36
[19.028s][info][gc,metaspace   ] GC(508) Metaspace: 480K(640K)->480K(640K) NonClass: 445K(512K)->445K(512K) Class: 34K(128K)->34K(128K)
[19.028s][info][gc             ] GC(508) Pause Young (Normal) (G1 Preventive Collection) 294M->293M(300M) 4.273ms
[19.028s][info][gc,cpu         ] GC(508) User=0.06s Sys=0.00s Real=0.00s
[19.030s][info][gc,start       ] GC(509) Pause Young (Normal) (G1 Preventive Collection)
[19.030s][info][gc,task        ] GC(509) Using 4 workers of 4 for evacuation
[19.034s][info][gc,phases      ] GC(509)   Pre Evacuate Collection Set: 0.0ms
[19.034s][info][gc,phases      ] GC(509)   Merge Heap Roots: 0.0ms
[19.034s][info][gc,phases      ] GC(509)   Evacuate Collection Set: 3.6ms
[19.034s][info][gc,phases      ] GC(509)   Post Evacuate Collection Set: 0.2ms
[19.034s][info][gc,phases      ] GC(509)   Other: 0.1ms
[19.034s][info][gc,heap        ] GC(509) Eden regions: 2->0(14)
[19.034s][info][gc,heap        ] GC(509) Survivor regions: 2->1(2)
[19.034s][info][gc,heap        ] GC(509) Old regions: 258->258
[19.034s][info][gc,heap        ] GC(509) Archive regions: 0->0
[19.034s][info][gc,heap        ] GC(509) Humongous regions: 36->36
[19.034s][info][gc,metaspace   ] GC(509) Metaspace: 480K(640K)->480K(640K) NonClass: 445K(512K)->445K(512K) Class: 34K(128K)->34K(128K)
[19.034s][info][gc             ] GC(509) Pause Young (Normal) (G1 Preventive Collection) 295M->293M(300M) 4.166ms
[19.034s][info][gc,cpu         ] GC(509) User=0.00s Sys=0.00s Real=0.00s
[19.037s][info][gc,start       ] GC(510) Pause Young (Normal) (G1 Preventive Collection)
[19.037s][info][gc,task        ] GC(510) Using 4 workers of 4 for evacuation
[19.040s][info][gc,phases      ] GC(510)   Pre Evacuate Collection Set: 0.1ms
[19.040s][info][gc,phases      ] GC(510)   Merge Heap Roots: 0.0ms
[19.040s][info][gc,phases      ] GC(510)   Evacuate Collection Set: 3.1ms
[19.040s][info][gc,phases      ] GC(510)   Post Evacuate Collection Set: 0.2ms
[19.040s][info][gc,phases      ] GC(510)   Other: 0.1ms
[19.040s][info][gc,heap        ] GC(510) Eden regions: 3->0(13)
[19.040s][info][gc,heap        ] GC(510) Survivor regions: 1->2(2)
[19.040s][info][gc,heap        ] GC(510) Old regions: 258->258
[19.040s][info][gc,heap        ] GC(510) Archive regions: 0->0
[19.040s][info][gc,heap        ] GC(510) Humongous regions: 36->36
[19.040s][info][gc,metaspace   ] GC(510) Metaspace: 480K(640K)->480K(640K) NonClass: 445K(512K)->445K(512K) Class: 34K(128K)->34K(128K)
[19.040s][info][gc             ] GC(510) Pause Young (Normal) (G1 Preventive Collection) 296M->294M(300M) 3.629ms
[19.040s][info][gc,cpu         ] GC(510) User=0.00s Sys=0.00s Real=0.00s
[19.042s][info][gc,start       ] GC(511) Pause Young (Normal) (G1 Preventive Collection)
[19.042s][info][gc,task        ] GC(511) Using 4 workers of 4 for evacuation
[19.047s][info][gc,phases      ] GC(511)   Pre Evacuate Collection Set: 0.1ms
[19.047s][info][gc,phases      ] GC(511)   Merge Heap Roots: 0.0ms
[19.047s][info][gc,phases      ] GC(511)   Evacuate Collection Set: 3.8ms
[19.047s][info][gc,phases      ] GC(511)   Post Evacuate Collection Set: 0.2ms
[19.047s][info][gc,phases      ] GC(511)   Other: 0.2ms
[19.047s][info][gc,heap        ] GC(511) Eden regions: 2->0(14)
[19.047s][info][gc,heap        ] GC(511) Survivor regions: 2->1(2)
[19.047s][info][gc,heap        ] GC(511) Old regions: 258->259
[19.047s][info][gc,heap        ] GC(511) Archive regions: 0->0
[19.047s][info][gc,heap        ] GC(511) Humongous regions: 36->36
[19.047s][info][gc,metaspace   ] GC(511) Metaspace: 480K(640K)->480K(640K) NonClass: 445K(512K)->445K(512K) Class: 34K(128K)->34K(128K)
[19.047s][info][gc             ] GC(511) Pause Young (Normal) (G1 Preventive Collection) 296M->294M(300M) 4.466ms
[19.047s][info][gc,cpu         ] GC(511) User=0.00s Sys=0.00s Real=0.00s
[19.049s][info][gc,start       ] GC(512) Pause Young (Normal) (G1 Preventive Collection)
[19.049s][info][gc,task        ] GC(512) Using 4 workers of 4 for evacuation
[19.052s][info][gc,phases      ] GC(512)   Pre Evacuate Collection Set: 0.0ms
[19.052s][info][gc,phases      ] GC(512)   Merge Heap Roots: 0.0ms
[19.052s][info][gc,phases      ] GC(512)   Evacuate Collection Set: 2.7ms
[19.052s][info][gc,phases      ] GC(512)   Post Evacuate Collection Set: 0.2ms
[19.052s][info][gc,phases      ] GC(512)   Other: 0.1ms
[19.052s][info][gc,heap        ] GC(512) Eden regions: 2->0(13)
[19.052s][info][gc,heap        ] GC(512) Survivor regions: 1->2(2)
[19.052s][info][gc,heap        ] GC(512) Old regions: 259->259
[19.052s][info][gc,heap        ] GC(512) Archive regions: 0->0
[19.052s][info][gc,heap        ] GC(512) Humongous regions: 36->36
[19.052s][info][gc,metaspace   ] GC(512) Metaspace: 480K(640K)->480K(640K) NonClass: 445K(512K)->445K(512K) Class: 34K(128K)->34K(128K)
[19.052s][info][gc             ] GC(512) Pause Young (Normal) (G1 Preventive Collection) 296M->294M(300M) 3.255ms
[19.052s][info][gc,cpu         ] GC(512) User=0.00s Sys=0.00s Real=0.00s
[19.053s][info][gc,start       ] GC(513) Pause Young (Normal) (G1 Preventive Collection)
[19.053s][info][gc,task        ] GC(513) Using 4 workers of 4 for evacuation
[19.057s][info][gc,phases      ] GC(513)   Pre Evacuate Collection Set: 0.1ms
[19.057s][info][gc,phases      ] GC(513)   Merge Heap Roots: 0.0ms
[19.057s][info][gc,phases      ] GC(513)   Evacuate Collection Set: 3.1ms
[19.057s][info][gc,phases      ] GC(513)   Post Evacuate Collection Set: 0.2ms
[19.057s][info][gc,phases      ] GC(513)   Other: 0.1ms
[19.057s][info][gc,heap        ] GC(513) Eden regions: 1->0(14)
[19.057s][info][gc,heap        ] GC(513) Survivor regions: 2->1(2)
[19.057s][info][gc,heap        ] GC(513) Old regions: 259->260
[19.057s][info][gc,heap        ] GC(513) Archive regions: 0->0
[19.057s][info][gc,heap        ] GC(513) Humongous regions: 36->36
[19.057s][info][gc,metaspace   ] GC(513) Metaspace: 480K(640K)->480K(640K) NonClass: 445K(512K)->445K(512K) Class: 34K(128K)->34K(128K)
[19.057s][info][gc             ] GC(513) Pause Young (Normal) (G1 Preventive Collection) 295M->294M(300M) 3.701ms
[19.057s][info][gc,cpu         ] GC(513) User=0.00s Sys=0.00s Real=0.00s
[19.058s][info][gc,start       ] GC(514) Pause Young (Normal) (G1 Preventive Collection)
[19.058s][info][gc,task        ] GC(514) Using 4 workers of 4 for evacuation
[19.061s][info][gc,phases      ] GC(514)   Pre Evacuate Collection Set: 0.0ms
[19.061s][info][gc,phases      ] GC(514)   Merge Heap Roots: 0.0ms
[19.061s][info][gc,phases      ] GC(514)   Evacuate Collection Set: 3.0ms
[19.061s][info][gc,phases      ] GC(514)   Post Evacuate Collection Set: 0.2ms
[19.061s][info][gc,phases      ] GC(514)   Other: 0.1ms
[19.061s][info][gc,heap        ] GC(514) Eden regions: 1->0(13)
[19.061s][info][gc,heap        ] GC(514) Survivor regions: 1->2(2)
[19.061s][info][gc,heap        ] GC(514) Old regions: 260->260
[19.062s][info][gc,heap        ] GC(514) Archive regions: 0->0
[19.062s][info][gc,heap        ] GC(514) Humongous regions: 36->36
[19.062s][info][gc,metaspace   ] GC(514) Metaspace: 480K(640K)->480K(640K) NonClass: 445K(512K)->445K(512K) Class: 34K(128K)->34K(128K)
[19.062s][info][gc             ] GC(514) Pause Young (Normal) (G1 Preventive Collection) 295M->295M(300M) 3.592ms
[19.062s][info][gc,cpu         ] GC(514) User=0.00s Sys=0.02s Real=0.00s
[19.063s][info][gc,start       ] GC(515) Pause Young (Normal) (G1 Preventive Collection)
[19.063s][info][gc,task        ] GC(515) Using 4 workers of 4 for evacuation
[19.067s][info][gc,phases      ] GC(515)   Pre Evacuate Collection Set: 0.0ms
[19.067s][info][gc,phases      ] GC(515)   Merge Heap Roots: 0.0ms
[19.067s][info][gc,phases      ] GC(515)   Evacuate Collection Set: 3.3ms
[19.067s][info][gc,phases      ] GC(515)   Post Evacuate Collection Set: 0.2ms
[19.067s][info][gc,phases      ] GC(515)   Other: 0.1ms
[19.067s][info][gc,heap        ] GC(515) Eden regions: 1->0(14)
[19.067s][info][gc,heap        ] GC(515) Survivor regions: 2->1(1)
[19.067s][info][gc,heap        ] GC(515) Old regions: 260->260
[19.067s][info][gc,heap        ] GC(515) Archive regions: 0->0
[19.067s][info][gc,heap        ] GC(515) Humongous regions: 36->36
[19.067s][info][gc,metaspace   ] GC(515) Metaspace: 480K(640K)->480K(640K) NonClass: 445K(512K)->445K(512K) Class: 34K(128K)->34K(128K)
[19.067s][info][gc             ] GC(515) Pause Young (Normal) (G1 Preventive Collection) 296M->295M(300M) 3.833ms
[19.067s][info][gc,cpu         ] GC(515) User=0.00s Sys=0.00s Real=0.00s
[19.068s][info][gc,start       ] GC(516) Pause Young (Normal) (G1 Preventive Collection)
[19.068s][info][gc,task        ] GC(516) Using 4 workers of 4 for evacuation
[19.071s][info][gc,phases      ] GC(516)   Pre Evacuate Collection Set: 0.0ms
[19.071s][info][gc,phases      ] GC(516)   Merge Heap Roots: 0.0ms
[19.071s][info][gc,phases      ] GC(516)   Evacuate Collection Set: 2.3ms
[19.071s][info][gc,phases      ] GC(516)   Post Evacuate Collection Set: 0.2ms
[19.071s][info][gc,phases      ] GC(516)   Other: 0.1ms
[19.071s][info][gc,heap        ] GC(516) Eden regions: 1->0(13)
[19.071s][info][gc,heap        ] GC(516) Survivor regions: 1->2(2)
[19.071s][info][gc,heap        ] GC(516) Old regions: 260->260
[19.071s][info][gc,heap        ] GC(516) Archive regions: 0->0
[19.071s][info][gc,heap        ] GC(516) Humongous regions: 36->36
[19.071s][info][gc,metaspace   ] GC(516) Metaspace: 480K(640K)->480K(640K) NonClass: 445K(512K)->445K(512K) Class: 34K(128K)->34K(128K)
[19.071s][info][gc             ] GC(516) Pause Young (Normal) (G1 Preventive Collection) 296M->295M(300M) 2.837ms
[19.071s][info][gc,cpu         ] GC(516) User=0.00s Sys=0.00s Real=0.00s
[19.072s][info][gc,start       ] GC(517) Pause Young (Normal) (G1 Preventive Collection)
[19.072s][info][gc,task        ] GC(517) Using 4 workers of 4 for evacuation
[19.076s][info][gc             ] GC(517) To-space exhausted
[19.076s][info][gc,phases      ] GC(517)   Pre Evacuate Collection Set: 0.0ms
[19.076s][info][gc,phases      ] GC(517)   Merge Heap Roots: 0.0ms
[19.076s][info][gc,phases      ] GC(517)   Evacuate Collection Set: 3.1ms
[19.076s][info][gc,phases      ] GC(517)   Post Evacuate Collection Set: 1.0ms
[19.076s][info][gc,phases      ] GC(517)   Other: 0.2ms
[19.076s][info][gc,heap        ] GC(517) Eden regions: 1->0(14)
[19.076s][info][gc,heap        ] GC(517) Survivor regions: 2->1(1)
[19.076s][info][gc,heap        ] GC(517) Old regions: 260->261
[19.076s][info][gc,heap        ] GC(517) Archive regions: 0->0
[19.076s][info][gc,heap        ] GC(517) Humongous regions: 36->36
[19.076s][info][gc,metaspace   ] GC(517) Metaspace: 480K(640K)->480K(640K) NonClass: 445K(512K)->445K(512K) Class: 34K(128K)->34K(128K)
[19.076s][info][gc             ] GC(517) Pause Young (Normal) (G1 Preventive Collection) 296M->296M(300M) 4.474ms
[19.076s][info][gc,cpu         ] GC(517) User=0.06s Sys=0.00s Real=0.00s
[19.077s][info][gc,start       ] GC(518) Pause Young (Normal) (G1 Preventive Collection)
[19.077s][info][gc,task        ] GC(518) Using 4 workers of 4 for evacuation
[19.081s][info][gc             ] GC(518) To-space exhausted
[19.081s][info][gc,phases      ] GC(518)   Pre Evacuate Collection Set: 0.0ms
[19.081s][info][gc,phases      ] GC(518)   Merge Heap Roots: 0.0ms
[19.081s][info][gc,phases      ] GC(518)   Evacuate Collection Set: 3.0ms
[19.081s][info][gc,phases      ] GC(518)   Post Evacuate Collection Set: 0.8ms
[19.081s][info][gc,phases      ] GC(518)   Other: 0.1ms
[19.081s][info][gc,heap        ] GC(518) Eden regions: 1->0(14)
[19.081s][info][gc,heap        ] GC(518) Survivor regions: 1->1(1)
[19.081s][info][gc,heap        ] GC(518) Old regions: 261->262
[19.081s][info][gc,heap        ] GC(518) Archive regions: 0->0
[19.081s][info][gc,heap        ] GC(518) Humongous regions: 36->36
[19.081s][info][gc,metaspace   ] GC(518) Metaspace: 480K(640K)->480K(640K) NonClass: 445K(512K)->445K(512K) Class: 34K(128K)->34K(128K)
[19.082s][info][gc             ] GC(518) Pause Young (Normal) (G1 Preventive Collection) 297M->297M(300M) 4.209ms
[19.082s][info][gc,cpu         ] GC(518) User=0.00s Sys=0.00s Real=0.00s
[19.083s][info][gc,start       ] GC(519) Pause Young (Normal) (G1 Evacuation Pause)
[19.083s][info][gc,task        ] GC(519) Using 4 workers of 4 for evacuation
[19.088s][info][gc             ] GC(519) To-space exhausted
[19.088s][info][gc,phases      ] GC(519)   Pre Evacuate Collection Set: 0.1ms
[19.088s][info][gc,phases      ] GC(519)   Merge Heap Roots: 0.0ms
[19.088s][info][gc,phases      ] GC(519)   Evacuate Collection Set: 3.3ms
[19.088s][info][gc,phases      ] GC(519)   Post Evacuate Collection Set: 1.6ms
[19.088s][info][gc,phases      ] GC(519)   Other: 0.2ms
[19.088s][info][gc,heap        ] GC(519) Eden regions: 1->0(15)
[19.088s][info][gc,heap        ] GC(519) Survivor regions: 1->0(0)
[19.088s][info][gc,heap        ] GC(519) Old regions: 262->264
[19.088s][info][gc,heap        ] GC(519) Archive regions: 0->0
[19.088s][info][gc,heap        ] GC(519) Humongous regions: 36->36
[19.088s][info][gc,metaspace   ] GC(519) Metaspace: 480K(640K)->480K(640K) NonClass: 445K(512K)->445K(512K) Class: 34K(128K)->34K(128K)
[19.088s][info][gc             ] GC(519) Pause Young (Normal) (G1 Evacuation Pause) 298M->298M(300M) 5.402ms
[19.088s][info][gc,cpu         ] GC(519) User=0.00s Sys=0.00s Real=0.01s
[19.088s][info][gc,ergo        ] Attempting full compaction
[19.088s][info][gc,task        ] GC(520) Using 4 workers of 4 for full compaction
[19.088s][info][gc,start       ] GC(520) Pause Full (G1 Compaction Pause)
[19.088s][info][gc,phases,start] GC(520) Phase 1: Mark live objects
[19.142s][info][gc,phases      ] GC(520) Phase 1: Mark live objects 53.519ms
[19.142s][info][gc,phases,start] GC(520) Phase 2: Prepare for compaction
[19.147s][info][gc,phases      ] GC(520) Phase 2: Prepare for compaction 4.989ms
[19.147s][info][gc,phases,start] GC(520) Phase 3: Adjust pointers
[19.164s][info][gc,phases      ] GC(520) Phase 3: Adjust pointers 17.174ms
[19.164s][info][gc,phases,start] GC(520) Phase 4: Compact heap
[19.169s][info][gc,phases      ] GC(520) Phase 4: Compact heap 4.720ms
[19.169s][info][gc,heap        ] GC(520) Eden regions: 0->0(128)
[19.170s][info][gc,heap        ] GC(520) Survivor regions: 0->0(0)
[19.170s][info][gc,heap        ] GC(520) Old regions: 264->49
[19.170s][info][gc,heap        ] GC(520) Archive regions: 0->0
[19.170s][info][gc,heap        ] GC(520) Humongous regions: 36->36
[19.170s][info][gc,metaspace   ] GC(520) Metaspace: 480K(640K)->480K(640K) NonClass: 445K(512K)->445K(512K) Class: 34K(128K)->34K(128K)
[19.170s][info][gc             ] GC(520) Pause Full (G1 Compaction Pause) 298M->83M(300M) 81.398ms
[19.170s][info][gc,cpu         ] GC(520) User=0.36s Sys=0.00s Real=0.08s
[19.170s][info][gc,marking     ] GC(477) Concurrent Rebuild Remembered Sets 472.179ms
[19.170s][info][gc,marking     ] GC(477) Concurrent Mark Abort
[19.170s][info][gc             ] GC(477) Concurrent Mark Cycle 1076.571ms
[19.268s][info][gc,start       ] GC(521) Pause Young (Normal) (G1 Evacuation Pause)
[19.268s][info][gc,task        ] GC(521) Using 4 workers of 4 for evacuation
[19.302s][info][gc,phases      ] GC(521)   Pre Evacuate Collection Set: 0.0ms
[19.302s][info][gc,phases      ] GC(521)   Merge Heap Roots: 0.1ms
[19.302s][info][gc,phases      ] GC(521)   Evacuate Collection Set: 33.0ms
[19.302s][info][gc,phases      ] GC(521)   Post Evacuate Collection Set: 0.2ms
[19.302s][info][gc,phases      ] GC(521)   Other: 0.1ms
[19.302s][info][gc,heap        ] GC(521) Eden regions: 128->0(110)
[19.302s][info][gc,heap        ] GC(521) Survivor regions: 0->16(16)
[19.302s][info][gc,heap        ] GC(521) Old regions: 49->59
[19.302s][info][gc,heap        ] GC(521) Archive regions: 0->0
[19.302s][info][gc,heap        ] GC(521) Humongous regions: 36->36
[19.302s][info][gc,metaspace   ] GC(521) Metaspace: 480K(640K)->480K(640K) NonClass: 445K(512K)->445K(512K) Class: 34K(128K)->34K(128K)
[19.302s][info][gc             ] GC(521) Pause Young (Normal) (G1 Evacuation Pause) 211M->109M(300M) 33.756ms
[19.302s][info][gc,cpu         ] GC(521) User=0.09s Sys=0.00s Real=0.03s
[19.386s][info][gc,start       ] GC(522) Pause Young (Normal) (G1 Evacuation Pause)
[19.386s][info][gc,task        ] GC(522) Using 4 workers of 4 for evacuation
[19.434s][info][gc,phases      ] GC(522)   Pre Evacuate Collection Set: 0.0ms
[19.434s][info][gc,phases      ] GC(522)   Merge Heap Roots: 0.1ms
[19.434s][info][gc,phases      ] GC(522)   Evacuate Collection Set: 46.7ms
[19.434s][info][gc,phases      ] GC(522)   Post Evacuate Collection Set: 0.2ms
[19.434s][info][gc,phases      ] GC(522)   Other: 0.1ms
[19.434s][info][gc,heap        ] GC(522) Eden regions: 110->0(94)
[19.434s][info][gc,heap        ] GC(522) Survivor regions: 16->16(16)
[19.434s][info][gc,heap        ] GC(522) Old regions: 59->81
[19.434s][info][gc,heap        ] GC(522) Archive regions: 0->0
[19.434s][info][gc,heap        ] GC(522) Humongous regions: 36->36
[19.434s][info][gc,metaspace   ] GC(522) Metaspace: 480K(640K)->480K(640K) NonClass: 445K(512K)->445K(512K) Class: 34K(128K)->34K(128K)
[19.434s][info][gc             ] GC(522) Pause Young (Normal) (G1 Evacuation Pause) 219M->131M(300M) 47.492ms
[19.434s][info][gc,cpu         ] GC(522) User=0.16s Sys=0.00s Real=0.05s
[19.506s][info][gc,start       ] GC(523) Pause Young (Normal) (G1 Evacuation Pause)
[19.506s][info][gc,task        ] GC(523) Using 4 workers of 4 for evacuation
[19.549s][info][gc,phases      ] GC(523)   Pre Evacuate Collection Set: 0.1ms
[19.549s][info][gc,phases      ] GC(523)   Merge Heap Roots: 0.1ms
[19.549s][info][gc,phases      ] GC(523)   Evacuate Collection Set: 42.6ms
[19.550s][info][gc,phases      ] GC(523)   Post Evacuate Collection Set: 0.2ms
[19.550s][info][gc,phases      ] GC(523)   Other: 0.2ms
[19.550s][info][gc,heap        ] GC(523) Eden regions: 94->0(80)
[19.550s][info][gc,heap        ] GC(523) Survivor regions: 16->14(14)
[19.550s][info][gc,heap        ] GC(523) Old regions: 81->103
[19.550s][info][gc,heap        ] GC(523) Archive regions: 0->0
[19.550s][info][gc,heap        ] GC(523) Humongous regions: 36->36
[19.550s][info][gc,metaspace   ] GC(523) Metaspace: 480K(640K)->480K(640K) NonClass: 445K(512K)->445K(512K) Class: 34K(128K)->34K(128K)
[19.550s][info][gc             ] GC(523) Pause Young (Normal) (G1 Evacuation Pause) 225M->151M(300M) 43.520ms
[19.550s][info][gc,cpu         ] GC(523) User=0.17s Sys=0.00s Real=0.04s
[19.612s][info][gc,start       ] GC(524) Pause Young (Concurrent Start) (G1 Evacuation Pause)
[19.612s][info][gc,task        ] GC(524) Using 4 workers of 4 for evacuation
[19.661s][info][gc,phases      ] GC(524)   Pre Evacuate Collection Set: 0.1ms
[19.662s][info][gc,phases      ] GC(524)   Merge Heap Roots: 0.1ms
[19.662s][info][gc,phases      ] GC(524)   Evacuate Collection Set: 48.8ms
[19.662s][info][gc,phases      ] GC(524)   Post Evacuate Collection Set: 0.2ms
[19.662s][info][gc,phases      ] GC(524)   Other: 0.2ms
[19.662s][info][gc,heap        ] GC(524) Eden regions: 80->0(68)
[19.662s][info][gc,heap        ] GC(524) Survivor regions: 14->12(12)
[19.662s][info][gc,heap        ] GC(524) Old regions: 103->123
[19.662s][info][gc,heap        ] GC(524) Archive regions: 0->0
[19.662s][info][gc,heap        ] GC(524) Humongous regions: 36->36
[19.662s][info][gc,metaspace   ] GC(524) Metaspace: 480K(640K)->480K(640K) NonClass: 445K(512K)->445K(512K) Class: 34K(128K)->34K(128K)
[19.662s][info][gc             ] GC(524) Pause Young (Concurrent Start) (G1 Evacuation Pause) 231M->168M(300M) 49.745ms
[19.662s][info][gc,cpu         ] GC(524) User=0.14s Sys=0.00s Real=0.05s
[19.662s][info][gc             ] GC(525) Concurrent Mark Cycle
[19.662s][info][gc,marking     ] GC(525) Concurrent Clear Claimed Marks
[19.662s][info][gc,marking     ] GC(525) Concurrent Clear Claimed Marks 0.025ms
[19.662s][info][gc,marking     ] GC(525) Concurrent Scan Root Regions
[19.692s][info][gc,marking     ] GC(525) Concurrent Scan Root Regions 30.220ms
[19.692s][info][gc,marking     ] GC(525) Concurrent Mark
[19.692s][info][gc,marking     ] GC(525) Concurrent Mark From Roots
[19.692s][info][gc,task        ] GC(525) Using 1 workers of 1 for marking
[19.744s][info][gc,start       ] GC(526) Pause Young (Normal) (G1 Evacuation Pause)
[19.744s][info][gc,task        ] GC(526) Using 4 workers of 4 for evacuation
[19.776s][info][gc,phases      ] GC(526)   Pre Evacuate Collection Set: 0.1ms
[19.776s][info][gc,phases      ] GC(526)   Merge Heap Roots: 0.1ms
[19.776s][info][gc,phases      ] GC(526)   Evacuate Collection Set: 31.4ms
[19.776s][info][gc,phases      ] GC(526)   Post Evacuate Collection Set: 0.2ms
[19.776s][info][gc,phases      ] GC(526)   Other: 0.1ms
[19.776s][info][gc,heap        ] GC(526) Eden regions: 68->0(58)
[19.776s][info][gc,heap        ] GC(526) Survivor regions: 12->10(10)
[19.776s][info][gc,heap        ] GC(526) Old regions: 123->139
[19.776s][info][gc,heap        ] GC(526) Archive regions: 0->0
[19.776s][info][gc,heap        ] GC(526) Humongous regions: 36->36
[19.776s][info][gc,metaspace   ] GC(526) Metaspace: 480K(640K)->480K(640K) NonClass: 445K(512K)->445K(512K) Class: 34K(128K)->34K(128K)
[19.776s][info][gc             ] GC(526) Pause Young (Normal) (G1 Evacuation Pause) 236M->183M(300M) 32.098ms
[19.776s][info][gc,cpu         ] GC(526) User=0.13s Sys=0.00s Real=0.03s
[19.840s][info][gc,start       ] GC(527) Pause Young (Normal) (G1 Evacuation Pause)
[19.840s][info][gc,task        ] GC(527) Using 4 workers of 4 for evacuation
[19.869s][info][gc,phases      ] GC(527)   Pre Evacuate Collection Set: 0.0ms
[19.869s][info][gc,phases      ] GC(527)   Merge Heap Roots: 0.1ms
[19.869s][info][gc,phases      ] GC(527)   Evacuate Collection Set: 28.3ms
[19.869s][info][gc,phases      ] GC(527)   Post Evacuate Collection Set: 0.2ms
[19.869s][info][gc,phases      ] GC(527)   Other: 0.1ms
[19.869s][info][gc,heap        ] GC(527) Eden regions: 58->0(49)
[19.869s][info][gc,heap        ] GC(527) Survivor regions: 10->9(9)
[19.869s][info][gc,heap        ] GC(527) Old regions: 139->153
[19.869s][info][gc,heap        ] GC(527) Archive regions: 0->0
[19.869s][info][gc,heap        ] GC(527) Humongous regions: 36->36
[19.869s][info][gc,metaspace   ] GC(527) Metaspace: 480K(640K)->480K(640K) NonClass: 445K(512K)->445K(512K) Class: 34K(128K)->34K(128K)
[19.869s][info][gc             ] GC(527) Pause Young (Normal) (G1 Evacuation Pause) 241M->196M(300M) 28.978ms
[19.869s][info][gc,cpu         ] GC(527) User=0.06s Sys=0.00s Real=0.03s
[19.930s][info][gc,start       ] GC(528) Pause Young (Normal) (G1 Evacuation Pause)
[19.930s][info][gc,task        ] GC(528) Using 4 workers of 4 for evacuation
[19.954s][info][gc,phases      ] GC(528)   Pre Evacuate Collection Set: 0.0ms
[19.954s][info][gc,phases      ] GC(528)   Merge Heap Roots: 0.0ms
[19.954s][info][gc,phases      ] GC(528)   Evacuate Collection Set: 23.5ms
[19.954s][info][gc,phases      ] GC(528)   Post Evacuate Collection Set: 0.2ms
[19.954s][info][gc,phases      ] GC(528)   Other: 0.2ms
[19.954s][info][gc,heap        ] GC(528) Eden regions: 49->0(42)
[19.954s][info][gc,heap        ] GC(528) Survivor regions: 9->8(8)
[19.954s][info][gc,heap        ] GC(528) Old regions: 153->165
[19.954s][info][gc,heap        ] GC(528) Archive regions: 0->0
[19.954s][info][gc,heap        ] GC(528) Humongous regions: 36->36
[19.954s][info][gc,metaspace   ] GC(528) Metaspace: 480K(640K)->480K(640K) NonClass: 445K(512K)->445K(512K) Class: 34K(128K)->34K(128K)
[19.954s][info][gc             ] GC(528) Pause Young (Normal) (G1 Evacuation Pause) 245M->207M(300M) 24.111ms
[19.954s][info][gc,cpu         ] GC(528) User=0.11s Sys=0.00s Real=0.02s
[19.998s][info][gc,start       ] GC(529) Pause Young (Normal) (G1 Evacuation Pause)
[19.998s][info][gc,task        ] GC(529) Using 4 workers of 4 for evacuation
[20.020s][info][gc,phases      ] GC(529)   Pre Evacuate Collection Set: 0.0ms
[20.020s][info][gc,phases      ] GC(529)   Merge Heap Roots: 0.0ms
[20.020s][info][gc,phases      ] GC(529)   Evacuate Collection Set: 21.0ms
[20.020s][info][gc,phases      ] GC(529)   Post Evacuate Collection Set: 0.2ms
[20.020s][info][gc,phases      ] GC(529)   Other: 0.1ms
[20.020s][info][gc,heap        ] GC(529) Eden regions: 42->0(35)
[20.020s][info][gc,heap        ] GC(529) Survivor regions: 8->7(7)
[20.020s][info][gc,heap        ] GC(529) Old regions: 165->175
[20.020s][info][gc,heap        ] GC(529) Archive regions: 0->0
[20.020s][info][gc,heap        ] GC(529) Humongous regions: 36->36
[20.020s][info][gc,metaspace   ] GC(529) Metaspace: 480K(640K)->480K(640K) NonClass: 445K(512K)->445K(512K) Class: 34K(128K)->34K(128K)
[20.020s][info][gc             ] GC(529) Pause Young (Normal) (G1 Evacuation Pause) 249M->216M(300M) 21.717ms
[20.020s][info][gc,cpu         ] GC(529) User=0.06s Sys=0.00s Real=0.02s
[20.063s][info][gc,start       ] GC(530) Pause Young (Normal) (G1 Evacuation Pause)
[20.063s][info][gc,task        ] GC(530) Using 4 workers of 4 for evacuation
[20.080s][info][gc,phases      ] GC(530)   Pre Evacuate Collection Set: 0.0ms
[20.080s][info][gc,phases      ] GC(530)   Merge Heap Roots: 0.0ms
[20.080s][info][gc,phases      ] GC(530)   Evacuate Collection Set: 17.0ms
[20.080s][info][gc,phases      ] GC(530)   Post Evacuate Collection Set: 0.2ms
[20.080s][info][gc,phases      ] GC(530)   Other: 0.1ms
[20.080s][info][gc,heap        ] GC(530) Eden regions: 35->0(30)
[20.080s][info][gc,heap        ] GC(530) Survivor regions: 7->6(6)
[20.080s][info][gc,heap        ] GC(530) Old regions: 175->184
[20.080s][info][gc,heap        ] GC(530) Archive regions: 0->0
[20.081s][info][gc,heap        ] GC(530) Humongous regions: 36->36
[20.081s][info][gc,metaspace   ] GC(530) Metaspace: 480K(640K)->480K(640K) NonClass: 445K(512K)->445K(512K) Class: 34K(128K)->34K(128K)
[20.081s][info][gc             ] GC(530) Pause Young (Normal) (G1 Evacuation Pause) 251M->224M(300M) 17.680ms
[20.081s][info][gc,cpu         ] GC(530) User=0.06s Sys=0.00s Real=0.02s
[20.111s][info][gc,start       ] GC(531) Pause Young (Normal) (G1 Evacuation Pause)
[20.111s][info][gc,task        ] GC(531) Using 4 workers of 4 for evacuation
[20.127s][info][gc,phases      ] GC(531)   Pre Evacuate Collection Set: 0.1ms
[20.127s][info][gc,phases      ] GC(531)   Merge Heap Roots: 0.0ms
[20.127s][info][gc,phases      ] GC(531)   Evacuate Collection Set: 15.9ms
[20.127s][info][gc,phases      ] GC(531)   Post Evacuate Collection Set: 0.2ms
[20.127s][info][gc,phases      ] GC(531)   Other: 0.1ms
[20.127s][info][gc,heap        ] GC(531) Eden regions: 30->0(25)
[20.127s][info][gc,heap        ] GC(531) Survivor regions: 6->5(5)
[20.127s][info][gc,heap        ] GC(531) Old regions: 184->192
[20.127s][info][gc,heap        ] GC(531) Archive regions: 0->0
[20.127s][info][gc,heap        ] GC(531) Humongous regions: 36->36
[20.127s][info][gc,metaspace   ] GC(531) Metaspace: 480K(640K)->480K(640K) NonClass: 445K(512K)->445K(512K) Class: 34K(128K)->34K(128K)
[20.127s][info][gc             ] GC(531) Pause Young (Normal) (G1 Evacuation Pause) 254M->231M(300M) 16.565ms
[20.128s][info][gc,cpu         ] GC(531) User=0.06s Sys=0.00s Real=0.02s
[20.152s][info][gc,start       ] GC(532) Pause Young (Normal) (G1 Evacuation Pause)
[20.152s][info][gc,task        ] GC(532) Using 4 workers of 4 for evacuation
[20.165s][info][gc,phases      ] GC(532)   Pre Evacuate Collection Set: 0.0ms
[20.165s][info][gc,phases      ] GC(532)   Merge Heap Roots: 0.0ms
[20.165s][info][gc,phases      ] GC(532)   Evacuate Collection Set: 12.6ms
[20.165s][info][gc,phases      ] GC(532)   Post Evacuate Collection Set: 0.2ms
[20.165s][info][gc,phases      ] GC(532)   Other: 0.2ms
[20.165s][info][gc,heap        ] GC(532) Eden regions: 25->0(21)
[20.165s][info][gc,heap        ] GC(532) Survivor regions: 5->4(4)
[20.165s][info][gc,heap        ] GC(532) Old regions: 192->199
[20.165s][info][gc,heap        ] GC(532) Archive regions: 0->0
[20.165s][info][gc,heap        ] GC(532) Humongous regions: 36->36
[20.165s][info][gc,metaspace   ] GC(532) Metaspace: 480K(640K)->480K(640K) NonClass: 445K(512K)->445K(512K) Class: 34K(128K)->34K(128K)
[20.165s][info][gc             ] GC(532) Pause Young (Normal) (G1 Evacuation Pause) 256M->237M(300M) 13.271ms
[20.165s][info][gc,cpu         ] GC(532) User=0.00s Sys=0.00s Real=0.01s
[20.186s][info][gc,start       ] GC(533) Pause Young (Normal) (G1 Evacuation Pause)
[20.186s][info][gc,task        ] GC(533) Using 4 workers of 4 for evacuation
[20.197s][info][gc,phases      ] GC(533)   Pre Evacuate Collection Set: 0.0ms
[20.197s][info][gc,phases      ] GC(533)   Merge Heap Roots: 0.0ms
[20.197s][info][gc,phases      ] GC(533)   Evacuate Collection Set: 10.8ms
[20.197s][info][gc,phases      ] GC(533)   Post Evacuate Collection Set: 0.2ms
[20.197s][info][gc,phases      ] GC(533)   Other: 0.1ms
[20.197s][info][gc,heap        ] GC(533) Eden regions: 21->0(17)
[20.197s][info][gc,heap        ] GC(533) Survivor regions: 4->4(4)
[20.197s][info][gc,heap        ] GC(533) Old regions: 199->204
[20.197s][info][gc,heap        ] GC(533) Archive regions: 0->0
[20.197s][info][gc,heap        ] GC(533) Humongous regions: 36->36
[20.197s][info][gc,metaspace   ] GC(533) Metaspace: 480K(640K)->480K(640K) NonClass: 445K(512K)->445K(512K) Class: 34K(128K)->34K(128K)
[20.197s][info][gc             ] GC(533) Pause Young (Normal) (G1 Evacuation Pause) 258M->242M(300M) 11.364ms
[20.197s][info][gc,cpu         ] GC(533) User=0.00s Sys=0.00s Real=0.01s
[20.214s][info][gc,start       ] GC(534) Pause Young (Normal) (G1 Evacuation Pause)
[20.214s][info][gc,task        ] GC(534) Using 4 workers of 4 for evacuation
[20.224s][info][gc,phases      ] GC(534)   Pre Evacuate Collection Set: 0.0ms
[20.224s][info][gc,phases      ] GC(534)   Merge Heap Roots: 0.0ms
[20.224s][info][gc,phases      ] GC(534)   Evacuate Collection Set: 9.8ms
[20.224s][info][gc,phases      ] GC(534)   Post Evacuate Collection Set: 0.2ms
[20.224s][info][gc,phases      ] GC(534)   Other: 0.1ms
[20.224s][info][gc,heap        ] GC(534) Eden regions: 17->0(14)
[20.225s][info][gc,heap        ] GC(534) Survivor regions: 4->3(3)
[20.225s][info][gc,heap        ] GC(534) Old regions: 204->209
[20.225s][info][gc,heap        ] GC(534) Archive regions: 0->0
[20.225s][info][gc,heap        ] GC(534) Humongous regions: 36->36
[20.225s][info][gc,metaspace   ] GC(534) Metaspace: 480K(640K)->480K(640K) NonClass: 445K(512K)->445K(512K) Class: 34K(128K)->34K(128K)
[20.225s][info][gc             ] GC(534) Pause Young (Normal) (G1 Evacuation Pause) 259M->245M(300M) 10.442ms
[20.225s][info][gc,cpu         ] GC(534) User=0.06s Sys=0.00s Real=0.01s
[20.239s][info][gc,start       ] GC(535) Pause Young (Normal) (G1 Evacuation Pause)
[20.239s][info][gc,task        ] GC(535) Using 4 workers of 4 for evacuation
[20.247s][info][gc,phases      ] GC(535)   Pre Evacuate Collection Set: 0.0ms
[20.247s][info][gc,phases      ] GC(535)   Merge Heap Roots: 0.0ms
[20.247s][info][gc,phases      ] GC(535)   Evacuate Collection Set: 8.3ms
[20.247s][info][gc,phases      ] GC(535)   Post Evacuate Collection Set: 0.2ms
[20.247s][info][gc,phases      ] GC(535)   Other: 0.2ms
[20.247s][info][gc,heap        ] GC(535) Eden regions: 14->0(12)
[20.247s][info][gc,heap        ] GC(535) Survivor regions: 3->3(3)
[20.247s][info][gc,heap        ] GC(535) Old regions: 209->212
[20.247s][info][gc,heap        ] GC(535) Archive regions: 0->0
[20.247s][info][gc,heap        ] GC(535) Humongous regions: 36->36
[20.247s][info][gc,metaspace   ] GC(535) Metaspace: 480K(640K)->480K(640K) NonClass: 445K(512K)->445K(512K) Class: 34K(128K)->34K(128K)
[20.248s][info][gc             ] GC(535) Pause Young (Normal) (G1 Evacuation Pause) 259M->249M(300M) 8.858ms
[20.248s][info][gc,cpu         ] GC(535) User=0.06s Sys=0.00s Real=0.01s
[20.258s][info][gc,marking     ] GC(525) Concurrent Mark From Roots 566.184ms
[20.259s][info][gc,marking     ] GC(525) Concurrent Preclean
[20.259s][info][gc,marking     ] GC(525) Concurrent Preclean 0.092ms
[20.259s][info][gc,start       ] GC(525) Pause Remark
[20.259s][info][gc             ] GC(525) Pause Remark 255M->255M(300M) 0.379ms
[20.259s][info][gc,cpu         ] GC(525) User=0.00s Sys=0.00s Real=0.00s
[20.259s][info][gc,marking     ] GC(525) Concurrent Mark 566.930ms
[20.259s][info][gc,marking     ] GC(525) Concurrent Rebuild Remembered Sets
[20.268s][info][gc,start       ] GC(536) Pause Young (Normal) (G1 Evacuation Pause)
[20.268s][info][gc,task        ] GC(536) Using 4 workers of 4 for evacuation
[20.271s][info][gc,phases      ] GC(536)   Pre Evacuate Collection Set: 0.1ms
[20.271s][info][gc,phases      ] GC(536)   Merge Heap Roots: 0.0ms
[20.271s][info][gc,phases      ] GC(536)   Evacuate Collection Set: 3.1ms
[20.271s][info][gc,phases      ] GC(536)   Post Evacuate Collection Set: 0.2ms
[20.271s][info][gc,phases      ] GC(536)   Other: 0.1ms
[20.272s][info][gc,heap        ] GC(536) Eden regions: 12->0(13)
[20.272s][info][gc,heap        ] GC(536) Survivor regions: 3->2(2)
[20.272s][info][gc,heap        ] GC(536) Old regions: 212->212
[20.272s][info][gc,heap        ] GC(536) Archive regions: 0->0
[20.272s][info][gc,heap        ] GC(536) Humongous regions: 36->36
[20.272s][info][gc,metaspace   ] GC(536) Metaspace: 480K(640K)->480K(640K) NonClass: 445K(512K)->445K(512K) Class: 34K(128K)->34K(128K)
[20.272s][info][gc             ] GC(536) Pause Young (Normal) (G1 Evacuation Pause) 261M->247M(300M) 3.713ms
[20.272s][info][gc,cpu         ] GC(536) User=0.00s Sys=0.00s Real=0.00s
[20.282s][info][gc,start       ] GC(537) Pause Young (Normal) (G1 Evacuation Pause)
[20.282s][info][gc,task        ] GC(537) Using 4 workers of 4 for evacuation
[20.288s][info][gc,phases      ] GC(537)   Pre Evacuate Collection Set: 0.1ms
[20.288s][info][gc,phases      ] GC(537)   Merge Heap Roots: 0.0ms
[20.288s][info][gc,phases      ] GC(537)   Evacuate Collection Set: 5.0ms
[20.288s][info][gc,phases      ] GC(537)   Post Evacuate Collection Set: 0.2ms
[20.288s][info][gc,phases      ] GC(537)   Other: 0.1ms
[20.288s][info][gc,heap        ] GC(537) Eden regions: 13->0(13)
[20.288s][info][gc,heap        ] GC(537) Survivor regions: 2->2(2)
[20.288s][info][gc,heap        ] GC(537) Old regions: 212->214
[20.288s][info][gc,heap        ] GC(537) Archive regions: 0->0
[20.288s][info][gc,heap        ] GC(537) Humongous regions: 36->36
[20.288s][info][gc,metaspace   ] GC(537) Metaspace: 480K(640K)->480K(640K) NonClass: 445K(512K)->445K(512K) Class: 34K(128K)->34K(128K)
[20.288s][info][gc             ] GC(537) Pause Young (Normal) (G1 Evacuation Pause) 260M->250M(300M) 5.620ms
[20.288s][info][gc,cpu         ] GC(537) User=0.00s Sys=0.00s Real=0.01s
[20.299s][info][gc,start       ] GC(538) Pause Young (Normal) (G1 Evacuation Pause)
[20.299s][info][gc,task        ] GC(538) Using 4 workers of 4 for evacuation
[20.306s][info][gc,phases      ] GC(538)   Pre Evacuate Collection Set: 0.0ms
[20.306s][info][gc,phases      ] GC(538)   Merge Heap Roots: 0.0ms
[20.306s][info][gc,phases      ] GC(538)   Evacuate Collection Set: 6.8ms
[20.306s][info][gc,phases      ] GC(538)   Post Evacuate Collection Set: 0.2ms
[20.306s][info][gc,phases      ] GC(538)   Other: 0.1ms
[20.306s][info][gc,heap        ] GC(538) Eden regions: 13->0(13)
[20.306s][info][gc,heap        ] GC(538) Survivor regions: 2->2(2)
[20.306s][info][gc,heap        ] GC(538) Old regions: 214->217
[20.306s][info][gc,heap        ] GC(538) Archive regions: 0->0
[20.306s][info][gc,heap        ] GC(538) Humongous regions: 36->36
[20.306s][info][gc,metaspace   ] GC(538) Metaspace: 480K(640K)->480K(640K) NonClass: 445K(512K)->445K(512K) Class: 34K(128K)->34K(128K)
[20.306s][info][gc             ] GC(538) Pause Young (Normal) (G1 Evacuation Pause) 263M->252M(300M) 7.350ms
[20.306s][info][gc,cpu         ] GC(538) User=0.00s Sys=0.00s Real=0.01s
[20.318s][info][gc,start       ] GC(539) Pause Young (Normal) (G1 Evacuation Pause)
[20.318s][info][gc,task        ] GC(539) Using 4 workers of 4 for evacuation
[20.325s][info][gc,phases      ] GC(539)   Pre Evacuate Collection Set: 0.0ms
[20.325s][info][gc,phases      ] GC(539)   Merge Heap Roots: 0.0ms
[20.325s][info][gc,phases      ] GC(539)   Evacuate Collection Set: 6.5ms
[20.325s][info][gc,phases      ] GC(539)   Post Evacuate Collection Set: 0.2ms
[20.325s][info][gc,phases      ] GC(539)   Other: 0.1ms
[20.325s][info][gc,heap        ] GC(539) Eden regions: 13->0(13)
[20.325s][info][gc,heap        ] GC(539) Survivor regions: 2->2(2)
[20.325s][info][gc,heap        ] GC(539) Old regions: 217->220
[20.325s][info][gc,heap        ] GC(539) Archive regions: 0->0
[20.325s][info][gc,heap        ] GC(539) Humongous regions: 36->36
[20.325s][info][gc,metaspace   ] GC(539) Metaspace: 480K(640K)->480K(640K) NonClass: 445K(512K)->445K(512K) Class: 34K(128K)->34K(128K)
[20.325s][info][gc             ] GC(539) Pause Young (Normal) (G1 Evacuation Pause) 265M->255M(300M) 7.070ms
[20.325s][info][gc,cpu         ] GC(539) User=0.06s Sys=0.00s Real=0.01s
[20.336s][info][gc,start       ] GC(540) Pause Young (Normal) (G1 Evacuation Pause)
[20.336s][info][gc,task        ] GC(540) Using 4 workers of 4 for evacuation
[20.342s][info][gc,phases      ] GC(540)   Pre Evacuate Collection Set: 0.0ms
[20.342s][info][gc,phases      ] GC(540)   Merge Heap Roots: 0.0ms
[20.342s][info][gc,phases      ] GC(540)   Evacuate Collection Set: 6.1ms
[20.342s][info][gc,phases      ] GC(540)   Post Evacuate Collection Set: 0.2ms
[20.343s][info][gc,phases      ] GC(540)   Other: 0.1ms
[20.343s][info][gc,heap        ] GC(540) Eden regions: 13->0(13)
[20.343s][info][gc,heap        ] GC(540) Survivor regions: 2->2(2)
[20.343s][info][gc,heap        ] GC(540) Old regions: 220->222
[20.343s][info][gc,heap        ] GC(540) Archive regions: 0->0
[20.343s][info][gc,heap        ] GC(540) Humongous regions: 36->36
[20.343s][info][gc,metaspace   ] GC(540) Metaspace: 480K(640K)->480K(640K) NonClass: 445K(512K)->445K(512K) Class: 34K(128K)->34K(128K)
[20.343s][info][gc             ] GC(540) Pause Young (Normal) (G1 Evacuation Pause) 268M->258M(300M) 6.671ms
[20.343s][info][gc,cpu         ] GC(540) User=0.06s Sys=0.00s Real=0.01s
[20.354s][info][gc,start       ] GC(541) Pause Young (Normal) (G1 Evacuation Pause)
[20.354s][info][gc,task        ] GC(541) Using 4 workers of 4 for evacuation
[20.360s][info][gc,phases      ] GC(541)   Pre Evacuate Collection Set: 0.1ms
[20.361s][info][gc,phases      ] GC(541)   Merge Heap Roots: 0.0ms
[20.361s][info][gc,phases      ] GC(541)   Evacuate Collection Set: 6.2ms
[20.361s][info][gc,phases      ] GC(541)   Post Evacuate Collection Set: 0.2ms
[20.361s][info][gc,phases      ] GC(541)   Other: 0.1ms
[20.361s][info][gc,heap        ] GC(541) Eden regions: 13->0(13)
[20.361s][info][gc,heap        ] GC(541) Survivor regions: 2->2(2)
[20.361s][info][gc,heap        ] GC(541) Old regions: 222->225
[20.361s][info][gc,heap        ] GC(541) Archive regions: 0->0
[20.361s][info][gc,heap        ] GC(541) Humongous regions: 36->36
[20.361s][info][gc,metaspace   ] GC(541) Metaspace: 480K(640K)->480K(640K) NonClass: 445K(512K)->445K(512K) Class: 34K(128K)->34K(128K)
[20.361s][info][gc             ] GC(541) Pause Young (Normal) (G1 Evacuation Pause) 271M->261M(300M) 6.836ms
[20.361s][info][gc,cpu         ] GC(541) User=0.06s Sys=0.00s Real=0.01s
[20.371s][info][gc,start       ] GC(542) Pause Young (Normal) (G1 Evacuation Pause)
[20.372s][info][gc,task        ] GC(542) Using 4 workers of 4 for evacuation
[20.379s][info][gc,phases      ] GC(542)   Pre Evacuate Collection Set: 0.0ms
[20.379s][info][gc,phases      ] GC(542)   Merge Heap Roots: 0.0ms
[20.379s][info][gc,phases      ] GC(542)   Evacuate Collection Set: 7.2ms
[20.379s][info][gc,phases      ] GC(542)   Post Evacuate Collection Set: 0.2ms
[20.379s][info][gc,phases      ] GC(542)   Other: 0.2ms
[20.379s][info][gc,heap        ] GC(542) Eden regions: 13->0(13)
[20.379s][info][gc,heap        ] GC(542) Survivor regions: 2->2(2)
[20.379s][info][gc,heap        ] GC(542) Old regions: 225->228
[20.379s][info][gc,heap        ] GC(542) Archive regions: 0->0
[20.379s][info][gc,heap        ] GC(542) Humongous regions: 36->36
[20.379s][info][gc,metaspace   ] GC(542) Metaspace: 480K(640K)->480K(640K) NonClass: 445K(512K)->445K(512K) Class: 34K(128K)->34K(128K)
[20.379s][info][gc             ] GC(542) Pause Young (Normal) (G1 Evacuation Pause) 274M->264M(300M) 7.891ms
[20.379s][info][gc,cpu         ] GC(542) User=0.00s Sys=0.00s Real=0.01s
[20.391s][info][gc,start       ] GC(543) Pause Young (Normal) (G1 Evacuation Pause)
[20.391s][info][gc,task        ] GC(543) Using 4 workers of 4 for evacuation
[20.398s][info][gc,phases      ] GC(543)   Pre Evacuate Collection Set: 0.0ms
[20.398s][info][gc,phases      ] GC(543)   Merge Heap Roots: 0.0ms
[20.398s][info][gc,phases      ] GC(543)   Evacuate Collection Set: 6.9ms
[20.398s][info][gc,phases      ] GC(543)   Post Evacuate Collection Set: 0.2ms
[20.398s][info][gc,phases      ] GC(543)   Other: 0.1ms
[20.398s][info][gc,heap        ] GC(543) Eden regions: 13->0(13)
[20.398s][info][gc,heap        ] GC(543) Survivor regions: 2->2(2)
[20.398s][info][gc,heap        ] GC(543) Old regions: 228->231
[20.398s][info][gc,heap        ] GC(543) Archive regions: 0->0
[20.398s][info][gc,heap        ] GC(543) Humongous regions: 36->36
[20.398s][info][gc,metaspace   ] GC(543) Metaspace: 480K(640K)->480K(640K) NonClass: 445K(512K)->445K(512K) Class: 34K(128K)->34K(128K)
[20.398s][info][gc             ] GC(543) Pause Young (Normal) (G1 Evacuation Pause) 277M->266M(300M) 7.454ms
[20.398s][info][gc,cpu         ] GC(543) User=0.00s Sys=0.00s Real=0.01s
[20.409s][info][gc,start       ] GC(544) Pause Young (Normal) (G1 Evacuation Pause)
[20.409s][info][gc,task        ] GC(544) Using 4 workers of 4 for evacuation
[20.417s][info][gc,phases      ] GC(544)   Pre Evacuate Collection Set: 0.1ms
[20.417s][info][gc,phases      ] GC(544)   Merge Heap Roots: 0.0ms
[20.417s][info][gc,phases      ] GC(544)   Evacuate Collection Set: 6.9ms
[20.417s][info][gc,phases      ] GC(544)   Post Evacuate Collection Set: 0.2ms
[20.417s][info][gc,phases      ] GC(544)   Other: 0.1ms
[20.417s][info][gc,heap        ] GC(544) Eden regions: 13->0(13)
[20.417s][info][gc,heap        ] GC(544) Survivor regions: 2->2(2)
[20.417s][info][gc,heap        ] GC(544) Old regions: 231->234
[20.417s][info][gc,heap        ] GC(544) Archive regions: 0->0
[20.417s][info][gc,heap        ] GC(544) Humongous regions: 36->36
[20.417s][info][gc,metaspace   ] GC(544) Metaspace: 480K(640K)->480K(640K) NonClass: 445K(512K)->445K(512K) Class: 34K(128K)->34K(128K)
[20.417s][info][gc             ] GC(544) Pause Young (Normal) (G1 Evacuation Pause) 279M->269M(300M) 7.561ms
[20.417s][info][gc,cpu         ] GC(544) User=0.00s Sys=0.00s Real=0.01s
[20.427s][info][gc,start       ] GC(545) Pause Young (Normal) (G1 Evacuation Pause)
[20.427s][info][gc,task        ] GC(545) Using 4 workers of 4 for evacuation
[20.435s][info][gc,phases      ] GC(545)   Pre Evacuate Collection Set: 0.0ms
[20.435s][info][gc,phases      ] GC(545)   Merge Heap Roots: 0.0ms
[20.435s][info][gc,phases      ] GC(545)   Evacuate Collection Set: 7.0ms
[20.435s][info][gc,phases      ] GC(545)   Post Evacuate Collection Set: 0.2ms
[20.435s][info][gc,phases      ] GC(545)   Other: 0.1ms
[20.435s][info][gc,heap        ] GC(545) Eden regions: 13->0(13)
[20.435s][info][gc,heap        ] GC(545) Survivor regions: 2->2(2)
[20.435s][info][gc,heap        ] GC(545) Old regions: 234->237
[20.435s][info][gc,heap        ] GC(545) Archive regions: 0->0
[20.435s][info][gc,heap        ] GC(545) Humongous regions: 36->36
[20.435s][info][gc,metaspace   ] GC(545) Metaspace: 480K(640K)->480K(640K) NonClass: 445K(512K)->445K(512K) Class: 34K(128K)->34K(128K)
[20.435s][info][gc             ] GC(545) Pause Young (Normal) (G1 Evacuation Pause) 282M->272M(300M) 7.628ms
[20.435s][info][gc,cpu         ] GC(545) User=0.05s Sys=0.00s Real=0.01s
[20.448s][info][gc,start       ] GC(546) Pause Young (Normal) (G1 Evacuation Pause)
[20.448s][info][gc,task        ] GC(546) Using 4 workers of 4 for evacuation
[20.455s][info][gc,phases      ] GC(546)   Pre Evacuate Collection Set: 0.0ms
[20.455s][info][gc,phases      ] GC(546)   Merge Heap Roots: 0.0ms
[20.455s][info][gc,phases      ] GC(546)   Evacuate Collection Set: 7.0ms
[20.455s][info][gc,phases      ] GC(546)   Post Evacuate Collection Set: 0.2ms
[20.455s][info][gc,phases      ] GC(546)   Other: 0.2ms
[20.455s][info][gc,heap        ] GC(546) Eden regions: 13->0(13)
[20.455s][info][gc,heap        ] GC(546) Survivor regions: 2->2(2)
[20.455s][info][gc,heap        ] GC(546) Old regions: 237->239
[20.455s][info][gc,heap        ] GC(546) Archive regions: 0->0
[20.455s][info][gc,heap        ] GC(546) Humongous regions: 36->36
[20.455s][info][gc,metaspace   ] GC(546) Metaspace: 480K(640K)->480K(640K) NonClass: 445K(512K)->445K(512K) Class: 34K(128K)->34K(128K)
[20.455s][info][gc             ] GC(546) Pause Young (Normal) (G1 Evacuation Pause) 285M->275M(300M) 7.596ms
[20.455s][info][gc,cpu         ] GC(546) User=0.06s Sys=0.00s Real=0.01s
[20.466s][info][gc,start       ] GC(547) Pause Young (Normal) (G1 Evacuation Pause)
[20.466s][info][gc,task        ] GC(547) Using 4 workers of 4 for evacuation
[20.472s][info][gc,phases      ] GC(547)   Pre Evacuate Collection Set: 0.0ms
[20.472s][info][gc,phases      ] GC(547)   Merge Heap Roots: 0.0ms
[20.472s][info][gc,phases      ] GC(547)   Evacuate Collection Set: 6.3ms
[20.472s][info][gc,phases      ] GC(547)   Post Evacuate Collection Set: 0.2ms
[20.472s][info][gc,phases      ] GC(547)   Other: 0.1ms
[20.472s][info][gc,heap        ] GC(547) Eden regions: 13->0(13)
[20.472s][info][gc,heap        ] GC(547) Survivor regions: 2->2(2)
[20.472s][info][gc,heap        ] GC(547) Old regions: 239->242
[20.472s][info][gc,heap        ] GC(547) Archive regions: 0->0
[20.472s][info][gc,heap        ] GC(547) Humongous regions: 36->36
[20.472s][info][gc,metaspace   ] GC(547) Metaspace: 480K(640K)->480K(640K) NonClass: 445K(512K)->445K(512K) Class: 34K(128K)->34K(128K)
[20.472s][info][gc             ] GC(547) Pause Young (Normal) (G1 Evacuation Pause) 288M->278M(300M) 6.822ms
[20.472s][info][gc,cpu         ] GC(547) User=0.00s Sys=0.00s Real=0.01s
[20.483s][info][gc,start       ] GC(548) Pause Young (Normal) (G1 Evacuation Pause)
[20.483s][info][gc,task        ] GC(548) Using 4 workers of 4 for evacuation
[20.490s][info][gc,phases      ] GC(548)   Pre Evacuate Collection Set: 0.0ms
[20.490s][info][gc,phases      ] GC(548)   Merge Heap Roots: 0.0ms
[20.490s][info][gc,phases      ] GC(548)   Evacuate Collection Set: 6.2ms
[20.490s][info][gc,phases      ] GC(548)   Post Evacuate Collection Set: 0.2ms
[20.490s][info][gc,phases      ] GC(548)   Other: 0.1ms
[20.490s][info][gc,heap        ] GC(548) Eden regions: 13->0(13)
[20.490s][info][gc,heap        ] GC(548) Survivor regions: 2->2(2)
[20.490s][info][gc,heap        ] GC(548) Old regions: 242->245
[20.490s][info][gc,heap        ] GC(548) Archive regions: 0->0
[20.490s][info][gc,heap        ] GC(548) Humongous regions: 36->36
[20.490s][info][gc,metaspace   ] GC(548) Metaspace: 480K(640K)->480K(640K) NonClass: 445K(512K)->445K(512K) Class: 34K(128K)->34K(128K)
[20.490s][info][gc             ] GC(548) Pause Young (Normal) (G1 Evacuation Pause) 291M->281M(300M) 6.798ms
[20.490s][info][gc,cpu         ] GC(548) User=0.00s Sys=0.00s Real=0.01s
[20.500s][info][gc,start       ] GC(549) Pause Young (Normal) (G1 Preventive Collection)
[20.500s][info][gc,task        ] GC(549) Using 4 workers of 4 for evacuation
[20.507s][info][gc,phases      ] GC(549)   Pre Evacuate Collection Set: 0.0ms
[20.507s][info][gc,phases      ] GC(549)   Merge Heap Roots: 0.0ms
[20.507s][info][gc,phases      ] GC(549)   Evacuate Collection Set: 6.5ms
[20.507s][info][gc,phases      ] GC(549)   Post Evacuate Collection Set: 0.2ms
[20.507s][info][gc,phases      ] GC(549)   Other: 0.1ms
[20.507s][info][gc,heap        ] GC(549) Eden regions: 12->0(13)
[20.507s][info][gc,heap        ] GC(549) Survivor regions: 2->2(2)
[20.507s][info][gc,heap        ] GC(549) Old regions: 245->248
[20.507s][info][gc,heap        ] GC(549) Archive regions: 0->0
[20.507s][info][gc,heap        ] GC(549) Humongous regions: 36->36
[20.507s][info][gc,metaspace   ] GC(549) Metaspace: 480K(640K)->480K(640K) NonClass: 445K(512K)->445K(512K) Class: 34K(128K)->34K(128K)
[20.507s][info][gc             ] GC(549) Pause Young (Normal) (G1 Preventive Collection) 293M->283M(300M) 7.112ms
[20.507s][info][gc,cpu         ] GC(549) User=0.00s Sys=0.00s Real=0.01s
[20.515s][info][gc,start       ] GC(550) Pause Young (Normal) (G1 Preventive Collection)
[20.515s][info][gc,task        ] GC(550) Using 4 workers of 4 for evacuation
[20.521s][info][gc,phases      ] GC(550)   Pre Evacuate Collection Set: 0.0ms
[20.521s][info][gc,phases      ] GC(550)   Merge Heap Roots: 0.0ms
[20.521s][info][gc,phases      ] GC(550)   Evacuate Collection Set: 5.1ms
[20.521s][info][gc,phases      ] GC(550)   Post Evacuate Collection Set: 0.2ms
[20.521s][info][gc,phases      ] GC(550)   Other: 0.1ms
[20.521s][info][gc,heap        ] GC(550) Eden regions: 9->0(13)
[20.521s][info][gc,heap        ] GC(550) Survivor regions: 2->2(2)
[20.521s][info][gc,heap        ] GC(550) Old regions: 248->250
[20.521s][info][gc,heap        ] GC(550) Archive regions: 0->0
[20.521s][info][gc,heap        ] GC(550) Humongous regions: 36->36
[20.521s][info][gc,metaspace   ] GC(550) Metaspace: 480K(640K)->480K(640K) NonClass: 445K(512K)->445K(512K) Class: 34K(128K)->34K(128K)
[20.521s][info][gc             ] GC(550) Pause Young (Normal) (G1 Preventive Collection) 292M->285M(300M) 5.733ms
[20.521s][info][gc,cpu         ] GC(550) User=0.00s Sys=0.00s Real=0.01s
[20.528s][info][gc,start       ] GC(551) Pause Young (Normal) (G1 Preventive Collection)
[20.528s][info][gc,task        ] GC(551) Using 4 workers of 4 for evacuation
[20.533s][info][gc,phases      ] GC(551)   Pre Evacuate Collection Set: 0.0ms
[20.533s][info][gc,phases      ] GC(551)   Merge Heap Roots: 0.0ms
[20.533s][info][gc,phases      ] GC(551)   Evacuate Collection Set: 4.9ms
[20.534s][info][gc,phases      ] GC(551)   Post Evacuate Collection Set: 0.3ms
[20.534s][info][gc,phases      ] GC(551)   Other: 0.2ms
[20.534s][info][gc,heap        ] GC(551) Eden regions: 8->0(13)
[20.534s][info][gc,heap        ] GC(551) Survivor regions: 2->2(2)
[20.534s][info][gc,heap        ] GC(551) Old regions: 250->252
[20.534s][info][gc,heap        ] GC(551) Archive regions: 0->0
[20.534s][info][gc,heap        ] GC(551) Humongous regions: 36->36
[20.534s][info][gc,metaspace   ] GC(551) Metaspace: 480K(640K)->480K(640K) NonClass: 445K(512K)->445K(512K) Class: 34K(128K)->34K(128K)
[20.534s][info][gc             ] GC(551) Pause Young (Normal) (G1 Preventive Collection) 293M->287M(300M) 5.865ms
[20.534s][info][gc,cpu         ] GC(551) User=0.00s Sys=0.00s Real=0.01s
[20.539s][info][gc,start       ] GC(552) Pause Young (Normal) (G1 Preventive Collection)
[20.539s][info][gc,task        ] GC(552) Using 4 workers of 4 for evacuation
[20.543s][info][gc,phases      ] GC(552)   Pre Evacuate Collection Set: 0.1ms
[20.543s][info][gc,phases      ] GC(552)   Merge Heap Roots: 0.0ms
[20.543s][info][gc,phases      ] GC(552)   Evacuate Collection Set: 4.4ms
[20.543s][info][gc,phases      ] GC(552)   Post Evacuate Collection Set: 0.2ms
[20.543s][info][gc,phases      ] GC(552)   Other: 0.1ms
[20.543s][info][gc,heap        ] GC(552) Eden regions: 6->0(13)
[20.544s][info][gc,heap        ] GC(552) Survivor regions: 2->2(2)
[20.544s][info][gc,heap        ] GC(552) Old regions: 252->254
[20.544s][info][gc,heap        ] GC(552) Archive regions: 0->0
[20.544s][info][gc,heap        ] GC(552) Humongous regions: 36->36
[20.544s][info][gc,metaspace   ] GC(552) Metaspace: 480K(640K)->480K(640K) NonClass: 445K(512K)->445K(512K) Class: 34K(128K)->34K(128K)
[20.544s][info][gc             ] GC(552) Pause Young (Normal) (G1 Preventive Collection) 293M->289M(300M) 5.028ms
[20.544s][info][gc,cpu         ] GC(552) User=0.05s Sys=0.00s Real=0.01s
[20.548s][info][gc,start       ] GC(553) Pause Young (Normal) (G1 Preventive Collection)
[20.548s][info][gc,task        ] GC(553) Using 4 workers of 4 for evacuation
[20.552s][info][gc,phases      ] GC(553)   Pre Evacuate Collection Set: 0.0ms
[20.552s][info][gc,phases      ] GC(553)   Merge Heap Roots: 0.0ms
[20.552s][info][gc,phases      ] GC(553)   Evacuate Collection Set: 4.1ms
[20.552s][info][gc,phases      ] GC(553)   Post Evacuate Collection Set: 0.2ms
[20.552s][info][gc,phases      ] GC(553)   Other: 0.1ms
[20.552s][info][gc,heap        ] GC(553) Eden regions: 5->0(13)
[20.552s][info][gc,heap        ] GC(553) Survivor regions: 2->2(2)
[20.552s][info][gc,heap        ] GC(553) Old regions: 254->255
[20.552s][info][gc,heap        ] GC(553) Archive regions: 0->0
[20.552s][info][gc,heap        ] GC(553) Humongous regions: 36->36
[20.552s][info][gc,metaspace   ] GC(553) Metaspace: 480K(640K)->480K(640K) NonClass: 445K(512K)->445K(512K) Class: 34K(128K)->34K(128K)
[20.552s][info][gc             ] GC(553) Pause Young (Normal) (G1 Preventive Collection) 294M->290M(300M) 4.672ms
[20.552s][info][gc,cpu         ] GC(553) User=0.00s Sys=0.00s Real=0.00s
[20.556s][info][gc,start       ] GC(554) Pause Young (Normal) (G1 Preventive Collection)
[20.556s][info][gc,task        ] GC(554) Using 4 workers of 4 for evacuation
[20.560s][info][gc,phases      ] GC(554)   Pre Evacuate Collection Set: 0.0ms
[20.560s][info][gc,phases      ] GC(554)   Merge Heap Roots: 0.0ms
[20.560s][info][gc,phases      ] GC(554)   Evacuate Collection Set: 3.4ms
[20.560s][info][gc,phases      ] GC(554)   Post Evacuate Collection Set: 0.2ms
[20.560s][info][gc,phases      ] GC(554)   Other: 0.1ms
[20.560s][info][gc,heap        ] GC(554) Eden regions: 4->0(13)
[20.560s][info][gc,heap        ] GC(554) Survivor regions: 2->2(2)
[20.560s][info][gc,heap        ] GC(554) Old regions: 255->255
[20.560s][info][gc,heap        ] GC(554) Archive regions: 0->0
[20.560s][info][gc,heap        ] GC(554) Humongous regions: 36->36
[20.560s][info][gc,metaspace   ] GC(554) Metaspace: 480K(640K)->480K(640K) NonClass: 445K(512K)->445K(512K) Class: 34K(128K)->34K(128K)
[20.560s][info][gc             ] GC(554) Pause Young (Normal) (G1 Preventive Collection) 294M->291M(300M) 4.022ms
[20.560s][info][gc,cpu         ] GC(554) User=0.06s Sys=0.00s Real=0.00s
[20.564s][info][gc,start       ] GC(555) Pause Young (Normal) (G1 Preventive Collection)
[20.564s][info][gc,task        ] GC(555) Using 4 workers of 4 for evacuation
[20.568s][info][gc,phases      ] GC(555)   Pre Evacuate Collection Set: 0.0ms
[20.568s][info][gc,phases      ] GC(555)   Merge Heap Roots: 0.0ms
[20.568s][info][gc,phases      ] GC(555)   Evacuate Collection Set: 3.9ms
[20.568s][info][gc,phases      ] GC(555)   Post Evacuate Collection Set: 0.2ms
[20.568s][info][gc,phases      ] GC(555)   Other: 0.1ms
[20.568s][info][gc,heap        ] GC(555) Eden regions: 4->0(13)
[20.568s][info][gc,heap        ] GC(555) Survivor regions: 2->2(2)
[20.568s][info][gc,heap        ] GC(555) Old regions: 255->256
[20.568s][info][gc,heap        ] GC(555) Archive regions: 0->0
[20.568s][info][gc,heap        ] GC(555) Humongous regions: 36->36
[20.568s][info][gc,metaspace   ] GC(555) Metaspace: 480K(640K)->480K(640K) NonClass: 445K(512K)->445K(512K) Class: 34K(128K)->34K(128K)
[20.568s][info][gc             ] GC(555) Pause Young (Normal) (G1 Preventive Collection) 295M->291M(300M) 4.527ms
[20.568s][info][gc,cpu         ] GC(555) User=0.00s Sys=0.00s Real=0.00s
[20.571s][info][gc,start       ] GC(556) Pause Young (Normal) (G1 Preventive Collection)
[20.571s][info][gc,task        ] GC(556) Using 4 workers of 4 for evacuation
[20.575s][info][gc,phases      ] GC(556)   Pre Evacuate Collection Set: 0.0ms
[20.575s][info][gc,phases      ] GC(556)   Merge Heap Roots: 0.0ms
[20.575s][info][gc,phases      ] GC(556)   Evacuate Collection Set: 4.3ms
[20.576s][info][gc,phases      ] GC(556)   Post Evacuate Collection Set: 0.2ms
[20.576s][info][gc,phases      ] GC(556)   Other: 0.1ms
[20.576s][info][gc,heap        ] GC(556) Eden regions: 3->0(13)
[20.576s][info][gc,heap        ] GC(556) Survivor regions: 2->2(2)
[20.576s][info][gc,heap        ] GC(556) Old regions: 256->257
[20.576s][info][gc,heap        ] GC(556) Archive regions: 0->0
[20.576s][info][gc,heap        ] GC(556) Humongous regions: 36->36
[20.576s][info][gc,metaspace   ] GC(556) Metaspace: 480K(640K)->480K(640K) NonClass: 445K(512K)->445K(512K) Class: 34K(128K)->34K(128K)
[20.576s][info][gc             ] GC(556) Pause Young (Normal) (G1 Preventive Collection) 294M->292M(300M) 4.875ms
[20.576s][info][gc,cpu         ] GC(556) User=0.06s Sys=0.00s Real=0.01s
[20.577s][info][gc,start       ] GC(557) Pause Young (Normal) (G1 Preventive Collection)
[20.577s][info][gc,task        ] GC(557) Using 4 workers of 4 for evacuation
[20.581s][info][gc,phases      ] GC(557)   Pre Evacuate Collection Set: 0.0ms
[20.581s][info][gc,phases      ] GC(557)   Merge Heap Roots: 0.0ms
[20.581s][info][gc,phases      ] GC(557)   Evacuate Collection Set: 3.5ms
[20.581s][info][gc,phases      ] GC(557)   Post Evacuate Collection Set: 0.2ms
[20.581s][info][gc,phases      ] GC(557)   Other: 0.1ms
[20.581s][info][gc,heap        ] GC(557) Eden regions: 2->0(13)
[20.581s][info][gc,heap        ] GC(557) Survivor regions: 2->2(2)
[20.581s][info][gc,heap        ] GC(557) Old regions: 257->258
[20.581s][info][gc,heap        ] GC(557) Archive regions: 0->0
[20.581s][info][gc,heap        ] GC(557) Humongous regions: 36->36
[20.581s][info][gc,metaspace   ] GC(557) Metaspace: 480K(640K)->480K(640K) NonClass: 445K(512K)->445K(512K) Class: 34K(128K)->34K(128K)
[20.581s][info][gc             ] GC(557) Pause Young (Normal) (G1 Preventive Collection) 294M->292M(300M) 4.070ms
[20.581s][info][gc,cpu         ] GC(557) User=0.00s Sys=0.00s Real=0.00s
[20.584s][info][gc,start       ] GC(558) Pause Young (Normal) (G1 Preventive Collection)
[20.584s][info][gc,task        ] GC(558) Using 4 workers of 4 for evacuation
[20.587s][info][gc,phases      ] GC(558)   Pre Evacuate Collection Set: 0.0ms
[20.587s][info][gc,phases      ] GC(558)   Merge Heap Roots: 0.0ms
[20.587s][info][gc,phases      ] GC(558)   Evacuate Collection Set: 3.3ms
[20.587s][info][gc,phases      ] GC(558)   Post Evacuate Collection Set: 0.2ms
[20.587s][info][gc,phases      ] GC(558)   Other: 0.1ms
[20.587s][info][gc,heap        ] GC(558) Eden regions: 2->0(13)
[20.587s][info][gc,heap        ] GC(558) Survivor regions: 2->2(2)
[20.587s][info][gc,heap        ] GC(558) Old regions: 258->258
[20.587s][info][gc,heap        ] GC(558) Archive regions: 0->0
[20.587s][info][gc,heap        ] GC(558) Humongous regions: 36->36
[20.587s][info][gc,metaspace   ] GC(558) Metaspace: 480K(640K)->480K(640K) NonClass: 445K(512K)->445K(512K) Class: 34K(128K)->34K(128K)
[20.587s][info][gc             ] GC(558) Pause Young (Normal) (G1 Preventive Collection) 294M->293M(300M) 3.843ms
[20.588s][info][gc,cpu         ] GC(558) User=0.00s Sys=0.00s Real=0.00s
[20.589s][info][gc,start       ] GC(559) Pause Young (Normal) (G1 Preventive Collection)
[20.589s][info][gc,task        ] GC(559) Using 4 workers of 4 for evacuation
[20.593s][info][gc,phases      ] GC(559)   Pre Evacuate Collection Set: 0.0ms
[20.594s][info][gc,phases      ] GC(559)   Merge Heap Roots: 0.0ms
[20.594s][info][gc,phases      ] GC(559)   Evacuate Collection Set: 3.8ms
[20.594s][info][gc,phases      ] GC(559)   Post Evacuate Collection Set: 0.2ms
[20.594s][info][gc,phases      ] GC(559)   Other: 0.1ms
[20.594s][info][gc,heap        ] GC(559) Eden regions: 2->0(14)
[20.594s][info][gc,heap        ] GC(559) Survivor regions: 2->1(2)
[20.594s][info][gc,heap        ] GC(559) Old regions: 258->259
[20.594s][info][gc,heap        ] GC(559) Archive regions: 0->0
[20.594s][info][gc,heap        ] GC(559) Humongous regions: 36->36
[20.594s][info][gc,metaspace   ] GC(559) Metaspace: 480K(640K)->480K(640K) NonClass: 445K(512K)->445K(512K) Class: 34K(128K)->34K(128K)
[20.594s][info][gc             ] GC(559) Pause Young (Normal) (G1 Preventive Collection) 295M->293M(300M) 4.408ms
[20.594s][info][gc,cpu         ] GC(559) User=0.06s Sys=0.00s Real=0.00s
[20.596s][info][gc,start       ] GC(560) Pause Young (Normal) (G1 Preventive Collection)
[20.596s][info][gc,task        ] GC(560) Using 4 workers of 4 for evacuation
[20.599s][info][gc,phases      ] GC(560)   Pre Evacuate Collection Set: 0.0ms
[20.599s][info][gc,phases      ] GC(560)   Merge Heap Roots: 0.0ms
[20.599s][info][gc,phases      ] GC(560)   Evacuate Collection Set: 2.9ms
[20.599s][info][gc,phases      ] GC(560)   Post Evacuate Collection Set: 0.2ms
[20.599s][info][gc,phases      ] GC(560)   Other: 0.1ms
[20.599s][info][gc,heap        ] GC(560) Eden regions: 2->0(13)
[20.599s][info][gc,heap        ] GC(560) Survivor regions: 1->2(2)
[20.599s][info][gc,heap        ] GC(560) Old regions: 259->259
[20.599s][info][gc,heap        ] GC(560) Archive regions: 0->0
[20.599s][info][gc,heap        ] GC(560) Humongous regions: 36->36
[20.599s][info][gc,metaspace   ] GC(560) Metaspace: 480K(640K)->480K(640K) NonClass: 445K(512K)->445K(512K) Class: 34K(128K)->34K(128K)
[20.599s][info][gc             ] GC(560) Pause Young (Normal) (G1 Preventive Collection) 295M->294M(300M) 3.414ms
[20.599s][info][gc,cpu         ] GC(560) User=0.00s Sys=0.00s Real=0.00s
[20.600s][info][gc,start       ] GC(561) Pause Young (Normal) (G1 Preventive Collection)
[20.600s][info][gc,task        ] GC(561) Using 4 workers of 4 for evacuation
[20.604s][info][gc,phases      ] GC(561)   Pre Evacuate Collection Set: 0.0ms
[20.604s][info][gc,phases      ] GC(561)   Merge Heap Roots: 0.0ms
[20.604s][info][gc,phases      ] GC(561)   Evacuate Collection Set: 3.3ms
[20.604s][info][gc,phases      ] GC(561)   Post Evacuate Collection Set: 0.2ms
[20.604s][info][gc,phases      ] GC(561)   Other: 0.1ms
[20.604s][info][gc,heap        ] GC(561) Eden regions: 1->0(13)
[20.604s][info][gc,heap        ] GC(561) Survivor regions: 2->2(2)
[20.604s][info][gc,heap        ] GC(561) Old regions: 259->259
[20.604s][info][gc,heap        ] GC(561) Archive regions: 0->0
[20.604s][info][gc,heap        ] GC(561) Humongous regions: 36->36
[20.604s][info][gc,metaspace   ] GC(561) Metaspace: 480K(640K)->480K(640K) NonClass: 445K(512K)->445K(512K) Class: 34K(128K)->34K(128K)
[20.604s][info][gc             ] GC(561) Pause Young (Normal) (G1 Preventive Collection) 295M->294M(300M) 3.811ms
[20.604s][info][gc,cpu         ] GC(561) User=0.00s Sys=0.00s Real=0.00s
[20.605s][info][gc,start       ] GC(562) Pause Young (Normal) (G1 Preventive Collection)
[20.605s][info][gc,task        ] GC(562) Using 4 workers of 4 for evacuation
[20.608s][info][gc,phases      ] GC(562)   Pre Evacuate Collection Set: 0.0ms
[20.608s][info][gc,phases      ] GC(562)   Merge Heap Roots: 0.0ms
[20.608s][info][gc,phases      ] GC(562)   Evacuate Collection Set: 2.6ms
[20.608s][info][gc,phases      ] GC(562)   Post Evacuate Collection Set: 0.2ms
[20.608s][info][gc,phases      ] GC(562)   Other: 0.1ms
[20.608s][info][gc,heap        ] GC(562) Eden regions: 1->0(13)
[20.608s][info][gc,heap        ] GC(562) Survivor regions: 2->2(2)
[20.608s][info][gc,heap        ] GC(562) Old regions: 259->259
[20.608s][info][gc,heap        ] GC(562) Archive regions: 0->0
[20.608s][info][gc,heap        ] GC(562) Humongous regions: 36->36
[20.608s][info][gc,metaspace   ] GC(562) Metaspace: 480K(640K)->480K(640K) NonClass: 445K(512K)->445K(512K) Class: 34K(128K)->34K(128K)
[20.608s][info][gc             ] GC(562) Pause Young (Normal) (G1 Preventive Collection) 295M->294M(300M) 3.214ms
[20.608s][info][gc,cpu         ] GC(562) User=0.06s Sys=0.00s Real=0.00s
[20.609s][info][gc,start       ] GC(563) Pause Young (Normal) (G1 Preventive Collection)
[20.609s][info][gc,task        ] GC(563) Using 4 workers of 4 for evacuation
[20.612s][info][gc,phases      ] GC(563)   Pre Evacuate Collection Set: 0.0ms
[20.612s][info][gc,phases      ] GC(563)   Merge Heap Roots: 0.0ms
[20.612s][info][gc,phases      ] GC(563)   Evacuate Collection Set: 2.9ms
[20.612s][info][gc,phases      ] GC(563)   Post Evacuate Collection Set: 0.2ms
[20.612s][info][gc,phases      ] GC(563)   Other: 0.1ms
[20.612s][info][gc,heap        ] GC(563) Eden regions: 1->0(14)
[20.612s][info][gc,heap        ] GC(563) Survivor regions: 2->1(2)
[20.612s][info][gc,heap        ] GC(563) Old regions: 259->260
[20.612s][info][gc,heap        ] GC(563) Archive regions: 0->0
[20.612s][info][gc,heap        ] GC(563) Humongous regions: 36->36
[20.612s][info][gc,metaspace   ] GC(563) Metaspace: 480K(640K)->480K(640K) NonClass: 445K(512K)->445K(512K) Class: 34K(128K)->34K(128K)
[20.612s][info][gc             ] GC(563) Pause Young (Normal) (G1 Preventive Collection) 295M->294M(300M) 3.362ms
[20.612s][info][gc,cpu         ] GC(563) User=0.00s Sys=0.00s Real=0.00s
[20.615s][info][gc,start       ] GC(564) Pause Young (Normal) (G1 Preventive Collection)
[20.615s][info][gc,task        ] GC(564) Using 4 workers of 4 for evacuation
[20.618s][info][gc,phases      ] GC(564)   Pre Evacuate Collection Set: 0.0ms
[20.618s][info][gc,phases      ] GC(564)   Merge Heap Roots: 0.0ms
[20.618s][info][gc,phases      ] GC(564)   Evacuate Collection Set: 3.0ms
[20.618s][info][gc,phases      ] GC(564)   Post Evacuate Collection Set: 0.1ms
[20.618s][info][gc,phases      ] GC(564)   Other: 0.1ms
[20.618s][info][gc,heap        ] GC(564) Eden regions: 2->0(14)
[20.618s][info][gc,heap        ] GC(564) Survivor regions: 1->1(1)
[20.618s][info][gc,heap        ] GC(564) Old regions: 260->260
[20.618s][info][gc,heap        ] GC(564) Archive regions: 0->0
[20.618s][info][gc,heap        ] GC(564) Humongous regions: 36->36
[20.618s][info][gc,metaspace   ] GC(564) Metaspace: 480K(640K)->480K(640K) NonClass: 445K(512K)->445K(512K) Class: 34K(128K)->34K(128K)
[20.618s][info][gc             ] GC(564) Pause Young (Normal) (G1 Preventive Collection) 296M->295M(300M) 3.696ms
[20.618s][info][gc,cpu         ] GC(564) User=0.00s Sys=0.00s Real=0.00s
[20.619s][info][gc,start       ] GC(565) Pause Young (Normal) (G1 Preventive Collection)
[20.619s][info][gc,task        ] GC(565) Using 4 workers of 4 for evacuation
[20.622s][info][gc,phases      ] GC(565)   Pre Evacuate Collection Set: 0.1ms
[20.622s][info][gc,phases      ] GC(565)   Merge Heap Roots: 0.0ms
[20.622s][info][gc,phases      ] GC(565)   Evacuate Collection Set: 2.5ms
[20.622s][info][gc,phases      ] GC(565)   Post Evacuate Collection Set: 0.2ms
[20.622s][info][gc,phases      ] GC(565)   Other: 0.1ms
[20.622s][info][gc,heap        ] GC(565) Eden regions: 1->0(13)
[20.622s][info][gc,heap        ] GC(565) Survivor regions: 1->2(2)
[20.622s][info][gc,heap        ] GC(565) Old regions: 260->260
[20.622s][info][gc,heap        ] GC(565) Archive regions: 0->0
[20.622s][info][gc,heap        ] GC(565) Humongous regions: 36->36
[20.622s][info][gc,metaspace   ] GC(565) Metaspace: 480K(640K)->480K(640K) NonClass: 445K(512K)->445K(512K) Class: 34K(128K)->34K(128K)
[20.623s][info][gc             ] GC(565) Pause Young (Normal) (G1 Preventive Collection) 296M->295M(300M) 3.181ms
[20.623s][info][gc,cpu         ] GC(565) User=0.06s Sys=0.00s Real=0.00s
[20.624s][info][gc,start       ] GC(566) Pause Young (Normal) (G1 Preventive Collection)
[20.624s][info][gc,task        ] GC(566) Using 4 workers of 4 for evacuation
[20.628s][info][gc             ] GC(566) To-space exhausted
[20.628s][info][gc,phases      ] GC(566)   Pre Evacuate Collection Set: 0.0ms
[20.628s][info][gc,phases      ] GC(566)   Merge Heap Roots: 0.0ms
[20.628s][info][gc,phases      ] GC(566)   Evacuate Collection Set: 2.6ms
[20.628s][info][gc,phases      ] GC(566)   Post Evacuate Collection Set: 1.2ms
[20.628s][info][gc,phases      ] GC(566)   Other: 0.2ms
[20.628s][info][gc,heap        ] GC(566) Eden regions: 1->0(14)
[20.628s][info][gc,heap        ] GC(566) Survivor regions: 2->1(1)
[20.628s][info][gc,heap        ] GC(566) Old regions: 260->262
[20.628s][info][gc,heap        ] GC(566) Archive regions: 0->0
[20.628s][info][gc,heap        ] GC(566) Humongous regions: 36->36
[20.628s][info][gc,metaspace   ] GC(566) Metaspace: 480K(640K)->480K(640K) NonClass: 445K(512K)->445K(512K) Class: 34K(128K)->34K(128K)
[20.628s][info][gc             ] GC(566) Pause Young (Normal) (G1 Preventive Collection) 296M->296M(300M) 4.310ms
[20.628s][info][gc,cpu         ] GC(566) User=0.00s Sys=0.00s Real=0.01s
[20.629s][info][gc,start       ] GC(567) Pause Young (Normal) (G1 Evacuation Pause)
[20.629s][info][gc,task        ] GC(567) Using 4 workers of 4 for evacuation
[20.634s][info][gc             ] GC(567) To-space exhausted
[20.634s][info][gc,phases      ] GC(567)   Pre Evacuate Collection Set: 0.0ms
[20.634s][info][gc,phases      ] GC(567)   Merge Heap Roots: 0.0ms
[20.635s][info][gc,phases      ] GC(567)   Evacuate Collection Set: 3.6ms
[20.635s][info][gc,phases      ] GC(567)   Post Evacuate Collection Set: 1.7ms
[20.635s][info][gc,phases      ] GC(567)   Other: 0.2ms
[20.635s][info][gc,heap        ] GC(567) Eden regions: 1->0(15)
[20.635s][info][gc,heap        ] GC(567) Survivor regions: 1->0(0)
[20.635s][info][gc,heap        ] GC(567) Old regions: 262->264
[20.635s][info][gc,heap        ] GC(567) Archive regions: 0->0
[20.635s][info][gc,heap        ] GC(567) Humongous regions: 36->36
[20.635s][info][gc,metaspace   ] GC(567) Metaspace: 480K(640K)->480K(640K) NonClass: 445K(512K)->445K(512K) Class: 34K(128K)->34K(128K)
[20.635s][info][gc             ] GC(567) Pause Young (Normal) (G1 Evacuation Pause) 297M->297M(300M) 5.732ms
[20.635s][info][gc,cpu         ] GC(567) User=0.00s Sys=0.00s Real=0.01s
[20.635s][info][gc,ergo        ] Attempting full compaction
[20.635s][info][gc,task        ] GC(568) Using 4 workers of 4 for full compaction
[20.635s][info][gc,start       ] GC(568) Pause Full (G1 Compaction Pause)
[20.635s][info][gc,phases,start] GC(568) Phase 1: Mark live objects
[20.688s][info][gc,phases      ] GC(568) Phase 1: Mark live objects 52.407ms
[20.688s][info][gc,phases,start] GC(568) Phase 2: Prepare for compaction
[20.693s][info][gc,phases      ] GC(568) Phase 2: Prepare for compaction 5.501ms
[20.693s][info][gc,phases,start] GC(568) Phase 3: Adjust pointers
[20.710s][info][gc,phases      ] GC(568) Phase 3: Adjust pointers 16.614ms
[20.710s][info][gc,phases,start] GC(568) Phase 4: Compact heap
[20.717s][info][gc,phases      ] GC(568) Phase 4: Compact heap 7.267ms
[20.718s][info][gc,heap        ] GC(568) Eden regions: 0->0(128)
[20.718s][info][gc,heap        ] GC(568) Survivor regions: 0->0(0)
[20.718s][info][gc,heap        ] GC(568) Old regions: 264->49
[20.718s][info][gc,heap        ] GC(568) Archive regions: 0->0
[20.718s][info][gc,heap        ] GC(568) Humongous regions: 36->36
[20.718s][info][gc,metaspace   ] GC(568) Metaspace: 480K(640K)->480K(640K) NonClass: 445K(512K)->445K(512K) Class: 34K(128K)->34K(128K)
[20.718s][info][gc             ] GC(568) Pause Full (G1 Compaction Pause) 297M->82M(300M) 82.939ms
[20.718s][info][gc,cpu         ] GC(568) User=0.31s Sys=0.00s Real=0.08s
[20.718s][info][gc,marking     ] GC(525) Concurrent Rebuild Remembered Sets 458.977ms
[20.718s][info][gc,marking     ] GC(525) Concurrent Mark Abort
[20.718s][info][gc             ] GC(525) Concurrent Mark Cycle 1056.376ms
[20.824s][info][gc,start       ] GC(569) Pause Young (Normal) (G1 Evacuation Pause)
[20.824s][info][gc,task        ] GC(569) Using 4 workers of 4 for evacuation
[20.858s][info][gc,phases      ] GC(569)   Pre Evacuate Collection Set: 0.1ms
[20.858s][info][gc,phases      ] GC(569)   Merge Heap Roots: 0.1ms
[20.858s][info][gc,phases      ] GC(569)   Evacuate Collection Set: 33.9ms
[20.858s][info][gc,phases      ] GC(569)   Post Evacuate Collection Set: 0.2ms
[20.858s][info][gc,phases      ] GC(569)   Other: 0.1ms
[20.858s][info][gc,heap        ] GC(569) Eden regions: 128->0(110)
[20.858s][info][gc,heap        ] GC(569) Survivor regions: 0->16(16)
[20.858s][info][gc,heap        ] GC(569) Old regions: 49->59
[20.858s][info][gc,heap        ] GC(569) Archive regions: 0->0
[20.858s][info][gc,heap        ] GC(569) Humongous regions: 36->36
[20.858s][info][gc,metaspace   ] GC(569) Metaspace: 480K(640K)->480K(640K) NonClass: 445K(512K)->445K(512K) Class: 34K(128K)->34K(128K)
[20.858s][info][gc             ] GC(569) Pause Young (Normal) (G1 Evacuation Pause) 210M->108M(300M) 34.617ms
[20.858s][info][gc,cpu         ] GC(569) User=0.13s Sys=0.02s Real=0.03s
[20.943s][info][gc,start       ] GC(570) Pause Young (Normal) (G1 Evacuation Pause)
[20.943s][info][gc,task        ] GC(570) Using 4 workers of 4 for evacuation
[20.990s][info][gc,phases      ] GC(570)   Pre Evacuate Collection Set: 0.0ms
[20.990s][info][gc,phases      ] GC(570)   Merge Heap Roots: 0.1ms
[20.990s][info][gc,phases      ] GC(570)   Evacuate Collection Set: 46.6ms
[20.990s][info][gc,phases      ] GC(570)   Post Evacuate Collection Set: 0.2ms
[20.990s][info][gc,phases      ] GC(570)   Other: 0.2ms
[20.990s][info][gc,heap        ] GC(570) Eden regions: 110->0(94)
[20.990s][info][gc,heap        ] GC(570) Survivor regions: 16->16(16)
[20.990s][info][gc,heap        ] GC(570) Old regions: 59->82
[20.990s][info][gc,heap        ] GC(570) Archive regions: 0->0
[20.990s][info][gc,heap        ] GC(570) Humongous regions: 36->36
[20.990s][info][gc,metaspace   ] GC(570) Metaspace: 480K(640K)->480K(640K) NonClass: 445K(512K)->445K(512K) Class: 34K(128K)->34K(128K)
[20.990s][info][gc             ] GC(570) Pause Young (Normal) (G1 Evacuation Pause) 218M->131M(300M) 47.321ms
[20.990s][info][gc,cpu         ] GC(570) User=0.19s Sys=0.00s Real=0.05s
[21.063s][info][gc,start       ] GC(571) Pause Young (Normal) (G1 Evacuation Pause)
[21.063s][info][gc,task        ] GC(571) Using 4 workers of 4 for evacuation
[21.106s][info][gc,phases      ] GC(571)   Pre Evacuate Collection Set: 0.0ms
[21.106s][info][gc,phases      ] GC(571)   Merge Heap Roots: 0.1ms
[21.106s][info][gc,phases      ] GC(571)   Evacuate Collection Set: 42.5ms
[21.106s][info][gc,phases      ] GC(571)   Post Evacuate Collection Set: 0.2ms
[21.106s][info][gc,phases      ] GC(571)   Other: 0.1ms
[21.106s][info][gc,heap        ] GC(571) Eden regions: 94->0(80)
[21.106s][info][gc,heap        ] GC(571) Survivor regions: 16->14(14)
[21.106s][info][gc,heap        ] GC(571) Old regions: 82->104
[21.106s][info][gc,heap        ] GC(571) Archive regions: 0->0
[21.106s][info][gc,heap        ] GC(571) Humongous regions: 36->36
[21.106s][info][gc,metaspace   ] GC(571) Metaspace: 480K(640K)->480K(640K) NonClass: 445K(512K)->445K(512K) Class: 34K(128K)->34K(128K)
[21.107s][info][gc             ] GC(571) Pause Young (Normal) (G1 Evacuation Pause) 225M->151M(300M) 43.276ms
[21.107s][info][gc,cpu         ] GC(571) User=0.19s Sys=0.00s Real=0.04s
[21.168s][info][gc,start       ] GC(572) Pause Young (Concurrent Start) (G1 Evacuation Pause)
[21.168s][info][gc,task        ] GC(572) Using 4 workers of 4 for evacuation
[21.206s][info][gc,phases      ] GC(572)   Pre Evacuate Collection Set: 0.0ms
[21.206s][info][gc,phases      ] GC(572)   Merge Heap Roots: 0.1ms
[21.206s][info][gc,phases      ] GC(572)   Evacuate Collection Set: 37.3ms
[21.206s][info][gc,phases      ] GC(572)   Post Evacuate Collection Set: 0.2ms
[21.206s][info][gc,phases      ] GC(572)   Other: 0.1ms
[21.206s][info][gc,heap        ] GC(572) Eden regions: 80->0(69)
[21.206s][info][gc,heap        ] GC(572) Survivor regions: 14->12(12)
[21.206s][info][gc,heap        ] GC(572) Old regions: 104->122
[21.206s][info][gc,heap        ] GC(572) Archive regions: 0->0
[21.206s][info][gc,heap        ] GC(572) Humongous regions: 36->36
[21.206s][info][gc,metaspace   ] GC(572) Metaspace: 480K(640K)->480K(640K) NonClass: 445K(512K)->445K(512K) Class: 34K(128K)->34K(128K)
[21.206s][info][gc             ] GC(572) Pause Young (Concurrent Start) (G1 Evacuation Pause) 231M->167M(300M) 38.006ms
[21.206s][info][gc,cpu         ] GC(572) User=0.13s Sys=0.00s Real=0.04s
[21.206s][info][gc             ] GC(573) Concurrent Mark Cycle
[21.206s][info][gc,marking     ] GC(573) Concurrent Clear Claimed Marks
[21.206s][info][gc,marking     ] GC(573) Concurrent Clear Claimed Marks 0.019ms
[21.206s][info][gc,marking     ] GC(573) Concurrent Scan Root Regions
[21.228s][info][gc,marking     ] GC(573) Concurrent Scan Root Regions 21.975ms
[21.228s][info][gc,marking     ] GC(573) Concurrent Mark
[21.228s][info][gc,marking     ] GC(573) Concurrent Mark From Roots
[21.228s][info][gc,task        ] GC(573) Using 1 workers of 1 for marking
[21.280s][info][gc,start       ] GC(574) Pause Young (Normal) (G1 Evacuation Pause)
[21.280s][info][gc,task        ] GC(574) Using 4 workers of 4 for evacuation
[21.313s][info][gc,phases      ] GC(574)   Pre Evacuate Collection Set: 0.0ms
[21.313s][info][gc,phases      ] GC(574)   Merge Heap Roots: 0.1ms
[21.313s][info][gc,phases      ] GC(574)   Evacuate Collection Set: 32.9ms
[21.313s][info][gc,phases      ] GC(574)   Post Evacuate Collection Set: 0.3ms
[21.313s][info][gc,phases      ] GC(574)   Other: 0.1ms
[21.313s][info][gc,heap        ] GC(574) Eden regions: 69->0(58)
[21.313s][info][gc,heap        ] GC(574) Survivor regions: 12->11(11)
[21.313s][info][gc,heap        ] GC(574) Old regions: 122->138
[21.313s][info][gc,heap        ] GC(574) Archive regions: 0->0
[21.313s][info][gc,heap        ] GC(574) Humongous regions: 36->36
[21.313s][info][gc,metaspace   ] GC(574) Metaspace: 480K(640K)->480K(640K) NonClass: 445K(512K)->445K(512K) Class: 34K(128K)->34K(128K)
[21.313s][info][gc             ] GC(574) Pause Young (Normal) (G1 Evacuation Pause) 236M->182M(300M) 33.778ms
[21.314s][info][gc,cpu         ] GC(574) User=0.11s Sys=0.00s Real=0.03s
[21.375s][info][gc,start       ] GC(575) Pause Young (Normal) (G1 Evacuation Pause)
[21.375s][info][gc,task        ] GC(575) Using 4 workers of 4 for evacuation
[21.404s][info][gc,phases      ] GC(575)   Pre Evacuate Collection Set: 0.0ms
[21.404s][info][gc,phases      ] GC(575)   Merge Heap Roots: 0.1ms
[21.404s][info][gc,phases      ] GC(575)   Evacuate Collection Set: 27.9ms
[21.404s][info][gc,phases      ] GC(575)   Post Evacuate Collection Set: 0.2ms
[21.404s][info][gc,phases      ] GC(575)   Other: 0.1ms
[21.404s][info][gc,heap        ] GC(575) Eden regions: 58->0(49)
[21.404s][info][gc,heap        ] GC(575) Survivor regions: 11->9(9)
[21.404s][info][gc,heap        ] GC(575) Old regions: 138->153
[21.404s][info][gc,heap        ] GC(575) Archive regions: 0->0
[21.404s][info][gc,heap        ] GC(575) Humongous regions: 36->36
[21.404s][info][gc,metaspace   ] GC(575) Metaspace: 480K(640K)->480K(640K) NonClass: 445K(512K)->445K(512K) Class: 34K(128K)->34K(128K)
[21.404s][info][gc             ] GC(575) Pause Young (Normal) (G1 Evacuation Pause) 240M->195M(300M) 28.523ms
[21.404s][info][gc,cpu         ] GC(575) User=0.13s Sys=0.00s Real=0.03s
[21.453s][info][gc,start       ] GC(576) Pause Young (Normal) (G1 Evacuation Pause)
[21.454s][info][gc,task        ] GC(576) Using 4 workers of 4 for evacuation
[21.478s][info][gc,phases      ] GC(576)   Pre Evacuate Collection Set: 0.0ms
[21.478s][info][gc,phases      ] GC(576)   Merge Heap Roots: 0.1ms
[21.478s][info][gc,phases      ] GC(576)   Evacuate Collection Set: 24.1ms
[21.478s][info][gc,phases      ] GC(576)   Post Evacuate Collection Set: 0.2ms
[21.478s][info][gc,phases      ] GC(576)   Other: 0.2ms
[21.478s][info][gc,heap        ] GC(576) Eden regions: 49->0(42)
[21.478s][info][gc,heap        ] GC(576) Survivor regions: 9->8(8)
[21.478s][info][gc,heap        ] GC(576) Old regions: 153->165
[21.478s][info][gc,heap        ] GC(576) Archive regions: 0->0
[21.478s][info][gc,heap        ] GC(576) Humongous regions: 36->36
[21.478s][info][gc,metaspace   ] GC(576) Metaspace: 480K(640K)->480K(640K) NonClass: 445K(512K)->445K(512K) Class: 34K(128K)->34K(128K)
[21.478s][info][gc             ] GC(576) Pause Young (Normal) (G1 Evacuation Pause) 244M->206M(300M) 24.909ms
[21.478s][info][gc,cpu         ] GC(576) User=0.06s Sys=0.00s Real=0.03s
[21.524s][info][gc,start       ] GC(577) Pause Young (Normal) (G1 Evacuation Pause)
[21.525s][info][gc,task        ] GC(577) Using 4 workers of 4 for evacuation
[21.546s][info][gc,phases      ] GC(577)   Pre Evacuate Collection Set: 0.0ms
[21.546s][info][gc,phases      ] GC(577)   Merge Heap Roots: 0.1ms
[21.546s][info][gc,phases      ] GC(577)   Evacuate Collection Set: 20.6ms
[21.546s][info][gc,phases      ] GC(577)   Post Evacuate Collection Set: 0.2ms
[21.546s][info][gc,phases      ] GC(577)   Other: 0.1ms
[21.546s][info][gc,heap        ] GC(577) Eden regions: 42->0(35)
[21.546s][info][gc,heap        ] GC(577) Survivor regions: 8->7(7)
[21.546s][info][gc,heap        ] GC(577) Old regions: 165->175
[21.546s][info][gc,heap        ] GC(577) Archive regions: 0->0
[21.546s][info][gc,heap        ] GC(577) Humongous regions: 36->36
[21.546s][info][gc,metaspace   ] GC(577) Metaspace: 480K(640K)->480K(640K) NonClass: 445K(512K)->445K(512K) Class: 34K(128K)->34K(128K)
[21.546s][info][gc             ] GC(577) Pause Young (Normal) (G1 Evacuation Pause) 248M->215M(300M) 21.269ms
[21.546s][info][gc,cpu         ] GC(577) User=0.09s Sys=0.00s Real=0.02s
[21.588s][info][gc,start       ] GC(578) Pause Young (Normal) (G1 Evacuation Pause)
[21.588s][info][gc,task        ] GC(578) Using 4 workers of 4 for evacuation
[21.607s][info][gc,phases      ] GC(578)   Pre Evacuate Collection Set: 0.0ms
[21.607s][info][gc,phases      ] GC(578)   Merge Heap Roots: 0.0ms
[21.607s][info][gc,phases      ] GC(578)   Evacuate Collection Set: 18.7ms
[21.607s][info][gc,phases      ] GC(578)   Post Evacuate Collection Set: 0.2ms
[21.607s][info][gc,phases      ] GC(578)   Other: 0.2ms
[21.607s][info][gc,heap        ] GC(578) Eden regions: 35->0(30)
[21.607s][info][gc,heap        ] GC(578) Survivor regions: 7->6(6)
[21.607s][info][gc,heap        ] GC(578) Old regions: 175->184
[21.607s][info][gc,heap        ] GC(578) Archive regions: 0->0
[21.607s][info][gc,heap        ] GC(578) Humongous regions: 36->36
[21.607s][info][gc,metaspace   ] GC(578) Metaspace: 480K(640K)->480K(640K) NonClass: 445K(512K)->445K(512K) Class: 34K(128K)->34K(128K)
[21.607s][info][gc             ] GC(578) Pause Young (Normal) (G1 Evacuation Pause) 250M->223M(300M) 19.414ms
[21.607s][info][gc,cpu         ] GC(578) User=0.13s Sys=0.00s Real=0.02s
[21.641s][info][gc,start       ] GC(579) Pause Young (Normal) (G1 Evacuation Pause)
[21.641s][info][gc,task        ] GC(579) Using 4 workers of 4 for evacuation
[21.658s][info][gc,phases      ] GC(579)   Pre Evacuate Collection Set: 0.0ms
[21.658s][info][gc,phases      ] GC(579)   Merge Heap Roots: 0.0ms
[21.658s][info][gc,phases      ] GC(579)   Evacuate Collection Set: 16.4ms
[21.658s][info][gc,phases      ] GC(579)   Post Evacuate Collection Set: 0.2ms
[21.658s][info][gc,phases      ] GC(579)   Other: 0.1ms
[21.658s][info][gc,heap        ] GC(579) Eden regions: 30->0(25)
[21.658s][info][gc,heap        ] GC(579) Survivor regions: 6->5(5)
[21.658s][info][gc,heap        ] GC(579) Old regions: 184->192
[21.658s][info][gc,heap        ] GC(579) Archive regions: 0->0
[21.658s][info][gc,heap        ] GC(579) Humongous regions: 36->36
[21.658s][info][gc,metaspace   ] GC(579) Metaspace: 480K(640K)->480K(640K) NonClass: 445K(512K)->445K(512K) Class: 34K(128K)->34K(128K)
[21.658s][info][gc             ] GC(579) Pause Young (Normal) (G1 Evacuation Pause) 253M->230M(300M) 17.015ms
[21.658s][info][gc,cpu         ] GC(579) User=0.05s Sys=0.00s Real=0.02s
[21.683s][info][gc,start       ] GC(580) Pause Young (Normal) (G1 Evacuation Pause)
[21.683s][info][gc,task        ] GC(580) Using 4 workers of 4 for evacuation
[21.696s][info][gc,phases      ] GC(580)   Pre Evacuate Collection Set: 0.1ms
[21.696s][info][gc,phases      ] GC(580)   Merge Heap Roots: 0.1ms
[21.696s][info][gc,phases      ] GC(580)   Evacuate Collection Set: 13.1ms
[21.696s][info][gc,phases      ] GC(580)   Post Evacuate Collection Set: 0.2ms
[21.696s][info][gc,phases      ] GC(580)   Other: 0.1ms
[21.696s][info][gc,heap        ] GC(580) Eden regions: 25->0(21)
[21.696s][info][gc,heap        ] GC(580) Survivor regions: 5->4(4)
[21.697s][info][gc,heap        ] GC(580) Old regions: 192->199
[21.697s][info][gc,heap        ] GC(580) Archive regions: 0->0
[21.697s][info][gc,heap        ] GC(580) Humongous regions: 36->36
[21.697s][info][gc,metaspace   ] GC(580) Metaspace: 480K(640K)->480K(640K) NonClass: 445K(512K)->445K(512K) Class: 34K(128K)->34K(128K)
[21.697s][info][gc             ] GC(580) Pause Young (Normal) (G1 Evacuation Pause) 255M->236M(300M) 13.754ms
[21.697s][info][gc,cpu         ] GC(580) User=0.06s Sys=0.00s Real=0.01s
[21.717s][info][gc,start       ] GC(581) Pause Young (Normal) (G1 Evacuation Pause)
[21.718s][info][gc,task        ] GC(581) Using 4 workers of 4 for evacuation
[21.729s][info][gc,phases      ] GC(581)   Pre Evacuate Collection Set: 0.0ms
[21.729s][info][gc,phases      ] GC(581)   Merge Heap Roots: 0.1ms
[21.729s][info][gc,phases      ] GC(581)   Evacuate Collection Set: 10.9ms
[21.729s][info][gc,phases      ] GC(581)   Post Evacuate Collection Set: 0.2ms
[21.729s][info][gc,phases      ] GC(581)   Other: 0.2ms
[21.729s][info][gc,heap        ] GC(581) Eden regions: 21->0(17)
[21.729s][info][gc,heap        ] GC(581) Survivor regions: 4->4(4)
[21.729s][info][gc,heap        ] GC(581) Old regions: 199->204
[21.729s][info][gc,heap        ] GC(581) Archive regions: 0->0
[21.729s][info][gc,heap        ] GC(581) Humongous regions: 36->36
[21.729s][info][gc,metaspace   ] GC(581) Metaspace: 480K(640K)->480K(640K) NonClass: 445K(512K)->445K(512K) Class: 34K(128K)->34K(128K)
[21.729s][info][gc             ] GC(581) Pause Young (Normal) (G1 Evacuation Pause) 257M->241M(300M) 11.598ms
[21.729s][info][gc,cpu         ] GC(581) User=0.00s Sys=0.00s Real=0.01s
[21.749s][info][gc,start       ] GC(582) Pause Young (Normal) (G1 Evacuation Pause)
[21.749s][info][gc,task        ] GC(582) Using 4 workers of 4 for evacuation
[21.759s][info][gc,phases      ] GC(582)   Pre Evacuate Collection Set: 0.0ms
[21.759s][info][gc,phases      ] GC(582)   Merge Heap Roots: 0.0ms
[21.759s][info][gc,phases      ] GC(582)   Evacuate Collection Set: 9.6ms
[21.759s][info][gc,phases      ] GC(582)   Post Evacuate Collection Set: 0.2ms
[21.759s][info][gc,phases      ] GC(582)   Other: 0.1ms
[21.759s][info][gc,heap        ] GC(582) Eden regions: 17->0(14)
[21.759s][info][gc,heap        ] GC(582) Survivor regions: 4->3(3)
[21.759s][info][gc,heap        ] GC(582) Old regions: 204->209
[21.759s][info][gc,heap        ] GC(582) Archive regions: 0->0
[21.759s][info][gc,heap        ] GC(582) Humongous regions: 36->36
[21.759s][info][gc,metaspace   ] GC(582) Metaspace: 480K(640K)->480K(640K) NonClass: 445K(512K)->445K(512K) Class: 34K(128K)->34K(128K)
[21.759s][info][gc             ] GC(582) Pause Young (Normal) (G1 Evacuation Pause) 258M->245M(300M) 10.198ms
[21.759s][info][gc,cpu         ] GC(582) User=0.00s Sys=0.00s Real=0.01s
[21.776s][info][gc,start       ] GC(583) Pause Young (Normal) (G1 Evacuation Pause)
[21.776s][info][gc,task        ] GC(583) Using 4 workers of 4 for evacuation
[21.785s][info][gc,phases      ] GC(583)   Pre Evacuate Collection Set: 0.0ms
[21.785s][info][gc,phases      ] GC(583)   Merge Heap Roots: 0.0ms
[21.785s][info][gc,phases      ] GC(583)   Evacuate Collection Set: 8.1ms
[21.785s][info][gc,phases      ] GC(583)   Post Evacuate Collection Set: 0.2ms
[21.785s][info][gc,phases      ] GC(583)   Other: 0.1ms
[21.785s][info][gc,heap        ] GC(583) Eden regions: 14->0(12)
[21.785s][info][gc,heap        ] GC(583) Survivor regions: 3->3(3)
[21.785s][info][gc,heap        ] GC(583) Old regions: 209->213
[21.785s][info][gc,heap        ] GC(583) Archive regions: 0->0
[21.785s][info][gc,heap        ] GC(583) Humongous regions: 36->36
[21.785s][info][gc,metaspace   ] GC(583) Metaspace: 480K(640K)->480K(640K) NonClass: 445K(512K)->445K(512K) Class: 34K(128K)->34K(128K)
[21.785s][info][gc             ] GC(583) Pause Young (Normal) (G1 Evacuation Pause) 259M->248M(300M) 8.688ms
[21.785s][info][gc,cpu         ] GC(583) User=0.06s Sys=0.00s Real=0.01s
[21.800s][info][gc,marking     ] GC(573) Concurrent Mark From Roots 571.639ms
[21.800s][info][gc,marking     ] GC(573) Concurrent Preclean
[21.800s][info][gc,marking     ] GC(573) Concurrent Preclean 0.073ms
[21.800s][info][gc,start       ] GC(573) Pause Remark
[21.801s][info][gc             ] GC(573) Pause Remark 257M->257M(300M) 0.399ms
[21.801s][info][gc,cpu         ] GC(573) User=0.00s Sys=0.00s Real=0.00s
[21.801s][info][gc,marking     ] GC(573) Concurrent Mark 572.361ms
[21.801s][info][gc,marking     ] GC(573) Concurrent Rebuild Remembered Sets
[21.808s][info][gc,start       ] GC(584) Pause Young (Normal) (G1 Evacuation Pause)
[21.808s][info][gc,task        ] GC(584) Using 4 workers of 4 for evacuation
[21.810s][info][gc,phases      ] GC(584)   Pre Evacuate Collection Set: 0.1ms
[21.810s][info][gc,phases      ] GC(584)   Merge Heap Roots: 0.0ms
[21.810s][info][gc,phases      ] GC(584)   Evacuate Collection Set: 2.0ms
[21.810s][info][gc,phases      ] GC(584)   Post Evacuate Collection Set: 0.2ms
[21.810s][info][gc,phases      ] GC(584)   Other: 0.1ms
[21.810s][info][gc,heap        ] GC(584) Eden regions: 12->0(14)
[21.810s][info][gc,heap        ] GC(584) Survivor regions: 3->1(2)
[21.810s][info][gc,heap        ] GC(584) Old regions: 213->213
[21.810s][info][gc,heap        ] GC(584) Archive regions: 0->0
[21.810s][info][gc,heap        ] GC(584) Humongous regions: 36->36
[21.810s][info][gc,metaspace   ] GC(584) Metaspace: 480K(640K)->480K(640K) NonClass: 445K(512K)->445K(512K) Class: 34K(128K)->34K(128K)
[21.810s][info][gc             ] GC(584) Pause Young (Normal) (G1 Evacuation Pause) 260M->246M(300M) 2.587ms
[21.810s][info][gc,cpu         ] GC(584) User=0.06s Sys=0.00s Real=0.00s
[21.822s][info][gc,start       ] GC(585) Pause Young (Normal) (G1 Evacuation Pause)
[21.822s][info][gc,task        ] GC(585) Using 4 workers of 4 for evacuation
[21.827s][info][gc,phases      ] GC(585)   Pre Evacuate Collection Set: 0.0ms
[21.827s][info][gc,phases      ] GC(585)   Merge Heap Roots: 0.0ms
[21.827s][info][gc,phases      ] GC(585)   Evacuate Collection Set: 4.9ms
[21.827s][info][gc,phases      ] GC(585)   Post Evacuate Collection Set: 0.2ms
[21.827s][info][gc,phases      ] GC(585)   Other: 0.1ms
[21.827s][info][gc,heap        ] GC(585) Eden regions: 14->0(13)
[21.827s][info][gc,heap        ] GC(585) Survivor regions: 1->2(2)
[21.828s][info][gc,heap        ] GC(585) Old regions: 213->214
[21.828s][info][gc,heap        ] GC(585) Archive regions: 0->0
[21.828s][info][gc,heap        ] GC(585) Humongous regions: 36->36
[21.828s][info][gc,metaspace   ] GC(585) Metaspace: 480K(640K)->480K(640K) NonClass: 445K(512K)->445K(512K) Class: 34K(128K)->34K(128K)
[21.828s][info][gc             ] GC(585) Pause Young (Normal) (G1 Evacuation Pause) 260M->249M(300M) 5.497ms
[21.828s][info][gc,cpu         ] GC(585) User=0.06s Sys=0.00s Real=0.00s
[21.839s][info][gc,start       ] GC(586) Pause Young (Normal) (G1 Evacuation Pause)
[21.839s][info][gc,task        ] GC(586) Using 4 workers of 4 for evacuation
[21.847s][info][gc,phases      ] GC(586)   Pre Evacuate Collection Set: 0.0ms
[21.847s][info][gc,phases      ] GC(586)   Merge Heap Roots: 0.0ms
[21.847s][info][gc,phases      ] GC(586)   Evacuate Collection Set: 7.1ms
[21.847s][info][gc,phases      ] GC(586)   Post Evacuate Collection Set: 0.2ms
[21.847s][info][gc,phases      ] GC(586)   Other: 0.1ms
[21.847s][info][gc,heap        ] GC(586) Eden regions: 13->0(13)
[21.847s][info][gc,heap        ] GC(586) Survivor regions: 2->2(2)
[21.847s][info][gc,heap        ] GC(586) Old regions: 214->217
[21.847s][info][gc,heap        ] GC(586) Archive regions: 0->0
[21.847s][info][gc,heap        ] GC(586) Humongous regions: 36->36
[21.847s][info][gc,metaspace   ] GC(586) Metaspace: 480K(640K)->480K(640K) NonClass: 445K(512K)->445K(512K) Class: 34K(128K)->34K(128K)
[21.847s][info][gc             ] GC(586) Pause Young (Normal) (G1 Evacuation Pause) 262M->252M(300M) 7.692ms
[21.847s][info][gc,cpu         ] GC(586) User=0.06s Sys=0.00s Real=0.01s
[21.859s][info][gc,start       ] GC(587) Pause Young (Normal) (G1 Evacuation Pause)
[21.859s][info][gc,task        ] GC(587) Using 4 workers of 4 for evacuation
[21.867s][info][gc,phases      ] GC(587)   Pre Evacuate Collection Set: 0.0ms
[21.867s][info][gc,phases      ] GC(587)   Merge Heap Roots: 0.0ms
[21.867s][info][gc,phases      ] GC(587)   Evacuate Collection Set: 7.6ms
[21.867s][info][gc,phases      ] GC(587)   Post Evacuate Collection Set: 0.2ms
[21.867s][info][gc,phases      ] GC(587)   Other: 0.1ms
[21.868s][info][gc,heap        ] GC(587) Eden regions: 13->0(13)
[21.868s][info][gc,heap        ] GC(587) Survivor regions: 2->2(2)
[21.868s][info][gc,heap        ] GC(587) Old regions: 217->220
[21.868s][info][gc,heap        ] GC(587) Archive regions: 0->0
[21.868s][info][gc,heap        ] GC(587) Humongous regions: 36->36
[21.868s][info][gc,metaspace   ] GC(587) Metaspace: 480K(640K)->480K(640K) NonClass: 445K(512K)->445K(512K) Class: 34K(128K)->34K(128K)
[21.868s][info][gc             ] GC(587) Pause Young (Normal) (G1 Evacuation Pause) 265M->255M(300M) 8.248ms
[21.868s][info][gc,cpu         ] GC(587) User=0.00s Sys=0.00s Real=0.01s
[21.880s][info][gc,start       ] GC(588) Pause Young (Normal) (G1 Evacuation Pause)
[21.880s][info][gc,task        ] GC(588) Using 4 workers of 4 for evacuation
[21.888s][info][gc,phases      ] GC(588)   Pre Evacuate Collection Set: 0.0ms
[21.888s][info][gc,phases      ] GC(588)   Merge Heap Roots: 0.0ms
[21.888s][info][gc,phases      ] GC(588)   Evacuate Collection Set: 7.1ms
[21.888s][info][gc,phases      ] GC(588)   Post Evacuate Collection Set: 0.2ms
[21.888s][info][gc,phases      ] GC(588)   Other: 0.1ms
[21.888s][info][gc,heap        ] GC(588) Eden regions: 13->0(13)
[21.888s][info][gc,heap        ] GC(588) Survivor regions: 2->2(2)
[21.888s][info][gc,heap        ] GC(588) Old regions: 220->223
[21.888s][info][gc,heap        ] GC(588) Archive regions: 0->0
[21.888s][info][gc,heap        ] GC(588) Humongous regions: 36->36
[21.888s][info][gc,metaspace   ] GC(588) Metaspace: 480K(640K)->480K(640K) NonClass: 445K(512K)->445K(512K) Class: 34K(128K)->34K(128K)
[21.888s][info][gc             ] GC(588) Pause Young (Normal) (G1 Evacuation Pause) 268M->257M(300M) 7.689ms
[21.888s][info][gc,cpu         ] GC(588) User=0.06s Sys=0.00s Real=0.01s
[21.898s][info][gc,start       ] GC(589) Pause Young (Normal) (G1 Evacuation Pause)
[21.898s][info][gc,task        ] GC(589) Using 4 workers of 4 for evacuation
[21.905s][info][gc,phases      ] GC(589)   Pre Evacuate Collection Set: 0.0ms
[21.905s][info][gc,phases      ] GC(589)   Merge Heap Roots: 0.0ms
[21.905s][info][gc,phases      ] GC(589)   Evacuate Collection Set: 6.5ms
[21.905s][info][gc,phases      ] GC(589)   Post Evacuate Collection Set: 0.2ms
[21.905s][info][gc,phases      ] GC(589)   Other: 0.1ms
[21.905s][info][gc,heap        ] GC(589) Eden regions: 13->0(13)
[21.905s][info][gc,heap        ] GC(589) Survivor regions: 2->2(2)
[21.905s][info][gc,heap        ] GC(589) Old regions: 223->225
[21.905s][info][gc,heap        ] GC(589) Archive regions: 0->0
[21.905s][info][gc,heap        ] GC(589) Humongous regions: 36->36
[21.905s][info][gc,metaspace   ] GC(589) Metaspace: 480K(640K)->480K(640K) NonClass: 445K(512K)->445K(512K) Class: 34K(128K)->34K(128K)
[21.905s][info][gc             ] GC(589) Pause Young (Normal) (G1 Evacuation Pause) 270M->260M(300M) 7.085ms
[21.905s][info][gc,cpu         ] GC(589) User=0.06s Sys=0.00s Real=0.01s
[21.916s][info][gc,start       ] GC(590) Pause Young (Normal) (G1 Evacuation Pause)
[21.916s][info][gc,task        ] GC(590) Using 4 workers of 4 for evacuation
[21.923s][info][gc,phases      ] GC(590)   Pre Evacuate Collection Set: 0.0ms
[21.923s][info][gc,phases      ] GC(590)   Merge Heap Roots: 0.0ms
[21.923s][info][gc,phases      ] GC(590)   Evacuate Collection Set: 6.9ms
[21.923s][info][gc,phases      ] GC(590)   Post Evacuate Collection Set: 0.2ms
[21.923s][info][gc,phases      ] GC(590)   Other: 0.1ms
[21.923s][info][gc,heap        ] GC(590) Eden regions: 13->0(13)
[21.923s][info][gc,heap        ] GC(590) Survivor regions: 2->2(2)
[21.923s][info][gc,heap        ] GC(590) Old regions: 225->228
[21.923s][info][gc,heap        ] GC(590) Archive regions: 0->0
[21.923s][info][gc,heap        ] GC(590) Humongous regions: 36->36
[21.923s][info][gc,metaspace   ] GC(590) Metaspace: 480K(640K)->480K(640K) NonClass: 445K(512K)->445K(512K) Class: 34K(128K)->34K(128K)
[21.924s][info][gc             ] GC(590) Pause Young (Normal) (G1 Evacuation Pause) 273M->263M(300M) 7.465ms
[21.924s][info][gc,cpu         ] GC(590) User=0.06s Sys=0.00s Real=0.01s
[21.934s][info][gc,start       ] GC(591) Pause Young (Normal) (G1 Evacuation Pause)
[21.934s][info][gc,task        ] GC(591) Using 4 workers of 4 for evacuation
[21.941s][info][gc,phases      ] GC(591)   Pre Evacuate Collection Set: 0.0ms
[21.941s][info][gc,phases      ] GC(591)   Merge Heap Roots: 0.0ms
[21.941s][info][gc,phases      ] GC(591)   Evacuate Collection Set: 6.4ms
[21.941s][info][gc,phases      ] GC(591)   Post Evacuate Collection Set: 0.2ms
[21.941s][info][gc,phases      ] GC(591)   Other: 0.1ms
[21.941s][info][gc,heap        ] GC(591) Eden regions: 13->0(13)
[21.941s][info][gc,heap        ] GC(591) Survivor regions: 2->2(2)
[21.941s][info][gc,heap        ] GC(591) Old regions: 228->231
[21.941s][info][gc,heap        ] GC(591) Archive regions: 0->0
[21.941s][info][gc,heap        ] GC(591) Humongous regions: 36->36
[21.941s][info][gc,metaspace   ] GC(591) Metaspace: 480K(640K)->480K(640K) NonClass: 445K(512K)->445K(512K) Class: 34K(128K)->34K(128K)
[21.941s][info][gc             ] GC(591) Pause Young (Normal) (G1 Evacuation Pause) 276M->266M(300M) 6.965ms
[21.941s][info][gc,cpu         ] GC(591) User=0.00s Sys=0.00s Real=0.01s
[21.951s][info][gc,start       ] GC(592) Pause Young (Normal) (G1 Evacuation Pause)
[21.951s][info][gc,task        ] GC(592) Using 4 workers of 4 for evacuation
[21.958s][info][gc,phases      ] GC(592)   Pre Evacuate Collection Set: 0.0ms
[21.958s][info][gc,phases      ] GC(592)   Merge Heap Roots: 0.0ms
[21.958s][info][gc,phases      ] GC(592)   Evacuate Collection Set: 6.7ms
[21.958s][info][gc,phases      ] GC(592)   Post Evacuate Collection Set: 0.2ms
[21.959s][info][gc,phases      ] GC(592)   Other: 0.1ms
[21.959s][info][gc,heap        ] GC(592) Eden regions: 13->0(13)
[21.959s][info][gc,heap        ] GC(592) Survivor regions: 2->2(2)
[21.959s][info][gc,heap        ] GC(592) Old regions: 231->234
[21.959s][info][gc,heap        ] GC(592) Archive regions: 0->0
[21.959s][info][gc,heap        ] GC(592) Humongous regions: 36->36
[21.959s][info][gc,metaspace   ] GC(592) Metaspace: 480K(640K)->480K(640K) NonClass: 445K(512K)->445K(512K) Class: 34K(128K)->34K(128K)
[21.959s][info][gc             ] GC(592) Pause Young (Normal) (G1 Evacuation Pause) 279M->269M(300M) 7.458ms
[21.959s][info][gc,cpu         ] GC(592) User=0.00s Sys=0.00s Real=0.01s
[21.972s][info][gc,start       ] GC(593) Pause Young (Normal) (G1 Evacuation Pause)
[21.972s][info][gc,task        ] GC(593) Using 4 workers of 4 for evacuation
[21.979s][info][gc,phases      ] GC(593)   Pre Evacuate Collection Set: 0.1ms
[21.979s][info][gc,phases      ] GC(593)   Merge Heap Roots: 0.0ms
[21.979s][info][gc,phases      ] GC(593)   Evacuate Collection Set: 7.1ms
[21.979s][info][gc,phases      ] GC(593)   Post Evacuate Collection Set: 0.2ms
[21.979s][info][gc,phases      ] GC(593)   Other: 0.1ms
[21.979s][info][gc,heap        ] GC(593) Eden regions: 13->0(13)
[21.979s][info][gc,heap        ] GC(593) Survivor regions: 2->2(2)
[21.979s][info][gc,heap        ] GC(593) Old regions: 234->237
[21.979s][info][gc,heap        ] GC(593) Archive regions: 0->0
[21.979s][info][gc,heap        ] GC(593) Humongous regions: 36->36
[21.979s][info][gc,metaspace   ] GC(593) Metaspace: 480K(640K)->480K(640K) NonClass: 445K(512K)->445K(512K) Class: 34K(128K)->34K(128K)
[21.979s][info][gc             ] GC(593) Pause Young (Normal) (G1 Evacuation Pause) 282M->272M(300M) 7.939ms
[21.980s][info][gc,cpu         ] GC(593) User=0.00s Sys=0.00s Real=0.01s
[21.992s][info][gc,start       ] GC(594) Pause Young (Normal) (G1 Evacuation Pause)
[21.992s][info][gc,task        ] GC(594) Using 4 workers of 4 for evacuation
[22.000s][info][gc,phases      ] GC(594)   Pre Evacuate Collection Set: 0.1ms
[22.000s][info][gc,phases      ] GC(594)   Merge Heap Roots: 0.0ms
[22.000s][info][gc,phases      ] GC(594)   Evacuate Collection Set: 7.3ms
[22.000s][info][gc,phases      ] GC(594)   Post Evacuate Collection Set: 0.2ms
[22.000s][info][gc,phases      ] GC(594)   Other: 0.1ms
[22.000s][info][gc,heap        ] GC(594) Eden regions: 13->0(13)
[22.000s][info][gc,heap        ] GC(594) Survivor regions: 2->2(2)
[22.000s][info][gc,heap        ] GC(594) Old regions: 237->240
[22.000s][info][gc,heap        ] GC(594) Archive regions: 0->0
[22.000s][info][gc,heap        ] GC(594) Humongous regions: 36->36
[22.000s][info][gc,metaspace   ] GC(594) Metaspace: 480K(640K)->480K(640K) NonClass: 445K(512K)->445K(512K) Class: 34K(128K)->34K(128K)
[22.000s][info][gc             ] GC(594) Pause Young (Normal) (G1 Evacuation Pause) 285M->275M(300M) 7.889ms
[22.000s][info][gc,cpu         ] GC(594) User=0.06s Sys=0.00s Real=0.01s
[22.011s][info][gc,start       ] GC(595) Pause Young (Normal) (G1 Evacuation Pause)
[22.011s][info][gc,task        ] GC(595) Using 4 workers of 4 for evacuation
[22.018s][info][gc,phases      ] GC(595)   Pre Evacuate Collection Set: 0.0ms
[22.018s][info][gc,phases      ] GC(595)   Merge Heap Roots: 0.0ms
[22.018s][info][gc,phases      ] GC(595)   Evacuate Collection Set: 6.7ms
[22.018s][info][gc,phases      ] GC(595)   Post Evacuate Collection Set: 0.2ms
[22.018s][info][gc,phases      ] GC(595)   Other: 0.1ms
[22.018s][info][gc,heap        ] GC(595) Eden regions: 13->0(13)
[22.018s][info][gc,heap        ] GC(595) Survivor regions: 2->2(2)
[22.018s][info][gc,heap        ] GC(595) Old regions: 240->243
[22.018s][info][gc,heap        ] GC(595) Archive regions: 0->0
[22.018s][info][gc,heap        ] GC(595) Humongous regions: 36->36
[22.018s][info][gc,metaspace   ] GC(595) Metaspace: 480K(640K)->480K(640K) NonClass: 445K(512K)->445K(512K) Class: 34K(128K)->34K(128K)
[22.018s][info][gc             ] GC(595) Pause Young (Normal) (G1 Evacuation Pause) 288M->277M(300M) 7.332ms
[22.018s][info][gc,cpu         ] GC(595) User=0.06s Sys=0.00s Real=0.01s
[22.029s][info][gc,start       ] GC(596) Pause Young (Normal) (G1 Preventive Collection)
[22.029s][info][gc,task        ] GC(596) Using 4 workers of 4 for evacuation
[22.037s][info][gc,phases      ] GC(596)   Pre Evacuate Collection Set: 0.1ms
[22.037s][info][gc,phases      ] GC(596)   Merge Heap Roots: 0.0ms
[22.037s][info][gc,phases      ] GC(596)   Evacuate Collection Set: 7.3ms
[22.037s][info][gc,phases      ] GC(596)   Post Evacuate Collection Set: 0.2ms
[22.037s][info][gc,phases      ] GC(596)   Other: 0.1ms
[22.037s][info][gc,heap        ] GC(596) Eden regions: 13->0(13)
[22.037s][info][gc,heap        ] GC(596) Survivor regions: 2->2(2)
[22.037s][info][gc,heap        ] GC(596) Old regions: 243->245
[22.037s][info][gc,heap        ] GC(596) Archive regions: 0->0
[22.037s][info][gc,heap        ] GC(596) Humongous regions: 36->36
[22.037s][info][gc,metaspace   ] GC(596) Metaspace: 480K(640K)->480K(640K) NonClass: 445K(512K)->445K(512K) Class: 34K(128K)->34K(128K)
[22.037s][info][gc             ] GC(596) Pause Young (Normal) (G1 Preventive Collection) 290M->280M(300M) 7.883ms
[22.037s][info][gc,cpu         ] GC(596) User=0.00s Sys=0.00s Real=0.01s
[22.047s][info][gc,start       ] GC(597) Pause Young (Normal) (G1 Preventive Collection)
[22.047s][info][gc,task        ] GC(597) Using 4 workers of 4 for evacuation
[22.054s][info][gc,phases      ] GC(597)   Pre Evacuate Collection Set: 0.0ms
[22.054s][info][gc,phases      ] GC(597)   Merge Heap Roots: 0.0ms
[22.054s][info][gc,phases      ] GC(597)   Evacuate Collection Set: 6.3ms
[22.054s][info][gc,phases      ] GC(597)   Post Evacuate Collection Set: 0.2ms
[22.054s][info][gc,phases      ] GC(597)   Other: 0.1ms
[22.054s][info][gc,heap        ] GC(597) Eden regions: 12->0(13)
[22.054s][info][gc,heap        ] GC(597) Survivor regions: 2->2(2)
[22.054s][info][gc,heap        ] GC(597) Old regions: 245->248
[22.054s][info][gc,heap        ] GC(597) Archive regions: 0->0
[22.054s][info][gc,heap        ] GC(597) Humongous regions: 36->36
[22.054s][info][gc,metaspace   ] GC(597) Metaspace: 480K(640K)->480K(640K) NonClass: 445K(512K)->445K(512K) Class: 34K(128K)->34K(128K)
[22.054s][info][gc             ] GC(597) Pause Young (Normal) (G1 Preventive Collection) 292M->283M(300M) 6.878ms
[22.054s][info][gc,cpu         ] GC(597) User=0.00s Sys=0.00s Real=0.01s
[22.061s][info][gc,start       ] GC(598) Pause Young (Normal) (G1 Preventive Collection)
[22.061s][info][gc,task        ] GC(598) Using 4 workers of 4 for evacuation
[22.067s][info][gc,phases      ] GC(598)   Pre Evacuate Collection Set: 0.1ms
[22.067s][info][gc,phases      ] GC(598)   Merge Heap Roots: 0.0ms
[22.067s][info][gc,phases      ] GC(598)   Evacuate Collection Set: 5.3ms
[22.067s][info][gc,phases      ] GC(598)   Post Evacuate Collection Set: 0.2ms
[22.067s][info][gc,phases      ] GC(598)   Other: 0.1ms
[22.067s][info][gc,heap        ] GC(598) Eden regions: 9->0(13)
[22.067s][info][gc,heap        ] GC(598) Survivor regions: 2->2(2)
[22.067s][info][gc,heap        ] GC(598) Old regions: 248->250
[22.067s][info][gc,heap        ] GC(598) Archive regions: 0->0
[22.067s][info][gc,heap        ] GC(598) Humongous regions: 36->36
[22.067s][info][gc,metaspace   ] GC(598) Metaspace: 480K(640K)->480K(640K) NonClass: 445K(512K)->445K(512K) Class: 34K(128K)->34K(128K)
[22.067s][info][gc             ] GC(598) Pause Young (Normal) (G1 Preventive Collection) 292M->285M(300M) 5.874ms
[22.067s][info][gc,cpu         ] GC(598) User=0.00s Sys=0.00s Real=0.01s
[22.074s][info][gc,start       ] GC(599) Pause Young (Normal) (G1 Preventive Collection)
[22.074s][info][gc,task        ] GC(599) Using 4 workers of 4 for evacuation
[22.079s][info][gc,phases      ] GC(599)   Pre Evacuate Collection Set: 0.0ms
[22.079s][info][gc,phases      ] GC(599)   Merge Heap Roots: 0.0ms
[22.079s][info][gc,phases      ] GC(599)   Evacuate Collection Set: 4.4ms
[22.079s][info][gc,phases      ] GC(599)   Post Evacuate Collection Set: 0.2ms
[22.079s][info][gc,phases      ] GC(599)   Other: 0.1ms
[22.079s][info][gc,heap        ] GC(599) Eden regions: 8->0(13)
[22.079s][info][gc,heap        ] GC(599) Survivor regions: 2->2(2)
[22.079s][info][gc,heap        ] GC(599) Old regions: 250->252
[22.079s][info][gc,heap        ] GC(599) Archive regions: 0->0
[22.079s][info][gc,heap        ] GC(599) Humongous regions: 36->36
[22.079s][info][gc,metaspace   ] GC(599) Metaspace: 480K(640K)->480K(640K) NonClass: 445K(512K)->445K(512K) Class: 34K(128K)->34K(128K)
[22.079s][info][gc             ] GC(599) Pause Young (Normal) (G1 Preventive Collection) 293M->287M(300M) 4.940ms
[22.079s][info][gc,cpu         ] GC(599) User=0.00s Sys=0.00s Real=0.01s
[22.084s][info][gc,start       ] GC(600) Pause Young (Normal) (G1 Preventive Collection)
[22.084s][info][gc,task        ] GC(600) Using 4 workers of 4 for evacuation
[22.089s][info][gc,phases      ] GC(600)   Pre Evacuate Collection Set: 0.0ms
[22.089s][info][gc,phases      ] GC(600)   Merge Heap Roots: 0.0ms
[22.089s][info][gc,phases      ] GC(600)   Evacuate Collection Set: 4.3ms
[22.089s][info][gc,phases      ] GC(600)   Post Evacuate Collection Set: 0.2ms
[22.089s][info][gc,phases      ] GC(600)   Other: 0.1ms
[22.089s][info][gc,heap        ] GC(600) Eden regions: 6->0(13)
[22.089s][info][gc,heap        ] GC(600) Survivor regions: 2->2(2)
[22.089s][info][gc,heap        ] GC(600) Old regions: 252->254
[22.089s][info][gc,heap        ] GC(600) Archive regions: 0->0
[22.089s][info][gc,heap        ] GC(600) Humongous regions: 36->36
[22.089s][info][gc,metaspace   ] GC(600) Metaspace: 480K(640K)->480K(640K) NonClass: 445K(512K)->445K(512K) Class: 34K(128K)->34K(128K)
[22.089s][info][gc             ] GC(600) Pause Young (Normal) (G1 Preventive Collection) 293M->288M(300M) 4.858ms
[22.089s][info][gc,cpu         ] GC(600) User=0.00s Sys=0.00s Real=0.01s
[22.093s][info][gc,start       ] GC(601) Pause Young (Normal) (G1 Preventive Collection)
[22.093s][info][gc,task        ] GC(601) Using 4 workers of 4 for evacuation
[22.098s][info][gc,phases      ] GC(601)   Pre Evacuate Collection Set: 0.0ms
[22.098s][info][gc,phases      ] GC(601)   Merge Heap Roots: 0.0ms
[22.098s][info][gc,phases      ] GC(601)   Evacuate Collection Set: 3.9ms
[22.098s][info][gc,phases      ] GC(601)   Post Evacuate Collection Set: 0.2ms
[22.098s][info][gc,phases      ] GC(601)   Other: 0.1ms
[22.098s][info][gc,heap        ] GC(601) Eden regions: 5->0(13)
[22.098s][info][gc,heap        ] GC(601) Survivor regions: 2->2(2)
[22.098s][info][gc,heap        ] GC(601) Old regions: 254->255
[22.098s][info][gc,heap        ] GC(601) Archive regions: 0->0
[22.098s][info][gc,heap        ] GC(601) Humongous regions: 36->36
[22.098s][info][gc,metaspace   ] GC(601) Metaspace: 480K(640K)->480K(640K) NonClass: 445K(512K)->445K(512K) Class: 34K(128K)->34K(128K)
[22.098s][info][gc             ] GC(601) Pause Young (Normal) (G1 Preventive Collection) 293M->289M(300M) 4.489ms
[22.098s][info][gc,cpu         ] GC(601) User=0.00s Sys=0.00s Real=0.00s
[22.101s][info][gc,start       ] GC(602) Pause Young (Normal) (G1 Preventive Collection)
[22.101s][info][gc,task        ] GC(602) Using 4 workers of 4 for evacuation
[22.105s][info][gc,phases      ] GC(602)   Pre Evacuate Collection Set: 0.0ms
[22.105s][info][gc,phases      ] GC(602)   Merge Heap Roots: 0.0ms
[22.105s][info][gc,phases      ] GC(602)   Evacuate Collection Set: 3.8ms
[22.105s][info][gc,phases      ] GC(602)   Post Evacuate Collection Set: 0.2ms
[22.106s][info][gc,phases      ] GC(602)   Other: 0.1ms
[22.106s][info][gc,heap        ] GC(602) Eden regions: 4->0(13)
[22.106s][info][gc,heap        ] GC(602) Survivor regions: 2->2(2)
[22.106s][info][gc,heap        ] GC(602) Old regions: 255->255
[22.106s][info][gc,heap        ] GC(602) Archive regions: 0->0
[22.106s][info][gc,heap        ] GC(602) Humongous regions: 36->36
[22.106s][info][gc,metaspace   ] GC(602) Metaspace: 480K(640K)->480K(640K) NonClass: 445K(512K)->445K(512K) Class: 34K(128K)->34K(128K)
[22.106s][info][gc             ] GC(602) Pause Young (Normal) (G1 Preventive Collection) 293M->290M(300M) 4.321ms
[22.106s][info][gc,cpu         ] GC(602) User=0.02s Sys=0.00s Real=0.01s
[22.109s][info][gc,start       ] GC(603) Pause Young (Normal) (G1 Preventive Collection)
[22.109s][info][gc,task        ] GC(603) Using 4 workers of 4 for evacuation
[22.116s][info][gc,phases      ] GC(603)   Pre Evacuate Collection Set: 0.0ms
[22.116s][info][gc,phases      ] GC(603)   Merge Heap Roots: 0.0ms
[22.116s][info][gc,phases      ] GC(603)   Evacuate Collection Set: 6.6ms
[22.116s][info][gc,phases      ] GC(603)   Post Evacuate Collection Set: 0.2ms
[22.116s][info][gc,phases      ] GC(603)   Other: 0.1ms
[22.116s][info][gc,heap        ] GC(603) Eden regions: 4->0(13)
[22.116s][info][gc,heap        ] GC(603) Survivor regions: 2->2(2)
[22.116s][info][gc,heap        ] GC(603) Old regions: 255->256
[22.116s][info][gc,heap        ] GC(603) Archive regions: 0->0
[22.116s][info][gc,heap        ] GC(603) Humongous regions: 36->36
[22.116s][info][gc,metaspace   ] GC(603) Metaspace: 480K(640K)->480K(640K) NonClass: 445K(512K)->445K(512K) Class: 34K(128K)->34K(128K)
[22.116s][info][gc             ] GC(603) Pause Young (Normal) (G1 Preventive Collection) 294M->291M(300M) 7.269ms
[22.116s][info][gc,cpu         ] GC(603) User=0.00s Sys=0.00s Real=0.01s
[22.119s][info][gc,start       ] GC(604) Pause Young (Normal) (G1 Preventive Collection)
[22.119s][info][gc,task        ] GC(604) Using 4 workers of 4 for evacuation
[22.124s][info][gc,phases      ] GC(604)   Pre Evacuate Collection Set: 0.0ms
[22.124s][info][gc,phases      ] GC(604)   Merge Heap Roots: 0.0ms
[22.124s][info][gc,phases      ] GC(604)   Evacuate Collection Set: 4.4ms
[22.124s][info][gc,phases      ] GC(604)   Post Evacuate Collection Set: 0.2ms
[22.124s][info][gc,phases      ] GC(604)   Other: 0.1ms
[22.124s][info][gc,heap        ] GC(604) Eden regions: 3->0(13)
[22.124s][info][gc,heap        ] GC(604) Survivor regions: 2->2(2)
[22.124s][info][gc,heap        ] GC(604) Old regions: 256->257
[22.124s][info][gc,heap        ] GC(604) Archive regions: 0->0
[22.124s][info][gc,heap        ] GC(604) Humongous regions: 36->36
[22.124s][info][gc,metaspace   ] GC(604) Metaspace: 480K(640K)->480K(640K) NonClass: 445K(512K)->445K(512K) Class: 34K(128K)->34K(128K)
[22.124s][info][gc             ] GC(604) Pause Young (Normal) (G1 Preventive Collection) 294M->292M(300M) 4.997ms
[22.124s][info][gc,cpu         ] GC(604) User=0.06s Sys=0.00s Real=0.00s
[22.126s][info][gc,start       ] GC(605) Pause Young (Normal) (G1 Preventive Collection)
[22.126s][info][gc,task        ] GC(605) Using 4 workers of 4 for evacuation
[22.130s][info][gc,phases      ] GC(605)   Pre Evacuate Collection Set: 0.0ms
[22.130s][info][gc,phases      ] GC(605)   Merge Heap Roots: 0.0ms
[22.130s][info][gc,phases      ] GC(605)   Evacuate Collection Set: 3.5ms
[22.130s][info][gc,phases      ] GC(605)   Post Evacuate Collection Set: 0.2ms
[22.130s][info][gc,phases      ] GC(605)   Other: 0.1ms
[22.130s][info][gc,heap        ] GC(605) Eden regions: 2->0(13)
[22.130s][info][gc,heap        ] GC(605) Survivor regions: 2->2(2)
[22.130s][info][gc,heap        ] GC(605) Old regions: 257->258
[22.130s][info][gc,heap        ] GC(605) Archive regions: 0->0
[22.130s][info][gc,heap        ] GC(605) Humongous regions: 36->36
[22.130s][info][gc,metaspace   ] GC(605) Metaspace: 480K(640K)->480K(640K) NonClass: 445K(512K)->445K(512K) Class: 34K(128K)->34K(128K)
[22.130s][info][gc             ] GC(605) Pause Young (Normal) (G1 Preventive Collection) 294M->292M(300M) 4.016ms
[22.130s][info][gc,cpu         ] GC(605) User=0.00s Sys=0.00s Real=0.00s
[22.132s][info][gc,start       ] GC(606) Pause Young (Normal) (G1 Preventive Collection)
[22.132s][info][gc,task        ] GC(606) Using 4 workers of 4 for evacuation
[22.136s][info][gc,phases      ] GC(606)   Pre Evacuate Collection Set: 0.0ms
[22.136s][info][gc,phases      ] GC(606)   Merge Heap Roots: 0.0ms
[22.136s][info][gc,phases      ] GC(606)   Evacuate Collection Set: 3.8ms
[22.136s][info][gc,phases      ] GC(606)   Post Evacuate Collection Set: 0.2ms
[22.136s][info][gc,phases      ] GC(606)   Other: 0.1ms
[22.136s][info][gc,heap        ] GC(606) Eden regions: 2->0(13)
[22.136s][info][gc,heap        ] GC(606) Survivor regions: 2->2(2)
[22.136s][info][gc,heap        ] GC(606) Old regions: 258->258
[22.136s][info][gc,heap        ] GC(606) Archive regions: 0->0
[22.136s][info][gc,heap        ] GC(606) Humongous regions: 36->36
[22.136s][info][gc,metaspace   ] GC(606) Metaspace: 480K(640K)->480K(640K) NonClass: 445K(512K)->445K(512K) Class: 34K(128K)->34K(128K)
[22.136s][info][gc             ] GC(606) Pause Young (Normal) (G1 Preventive Collection) 294M->292M(300M) 4.344ms
[22.136s][info][gc,cpu         ] GC(606) User=0.00s Sys=0.00s Real=0.00s
[22.138s][info][gc,start       ] GC(607) Pause Young (Normal) (G1 Preventive Collection)
[22.138s][info][gc,task        ] GC(607) Using 4 workers of 4 for evacuation
[22.142s][info][gc,phases      ] GC(607)   Pre Evacuate Collection Set: 0.0ms
[22.142s][info][gc,phases      ] GC(607)   Merge Heap Roots: 0.0ms
[22.142s][info][gc,phases      ] GC(607)   Evacuate Collection Set: 3.5ms
[22.142s][info][gc,phases      ] GC(607)   Post Evacuate Collection Set: 0.2ms
[22.142s][info][gc,phases      ] GC(607)   Other: 0.1ms
[22.142s][info][gc,heap        ] GC(607) Eden regions: 2->0(14)
[22.142s][info][gc,heap        ] GC(607) Survivor regions: 2->1(2)
[22.142s][info][gc,heap        ] GC(607) Old regions: 258->259
[22.142s][info][gc,heap        ] GC(607) Archive regions: 0->0
[22.142s][info][gc,heap        ] GC(607) Humongous regions: 36->36
[22.142s][info][gc,metaspace   ] GC(607) Metaspace: 480K(640K)->480K(640K) NonClass: 445K(512K)->445K(512K) Class: 34K(128K)->34K(128K)
[22.142s][info][gc             ] GC(607) Pause Young (Normal) (G1 Preventive Collection) 294M->293M(300M) 3.999ms
[22.142s][info][gc,cpu         ] GC(607) User=0.00s Sys=0.00s Real=0.00s
[22.144s][info][gc,start       ] GC(608) Pause Young (Normal) (G1 Preventive Collection)
[22.144s][info][gc,task        ] GC(608) Using 4 workers of 4 for evacuation
[22.147s][info][gc,phases      ] GC(608)   Pre Evacuate Collection Set: 0.0ms
[22.147s][info][gc,phases      ] GC(608)   Merge Heap Roots: 0.0ms
[22.147s][info][gc,phases      ] GC(608)   Evacuate Collection Set: 2.9ms
[22.148s][info][gc,phases      ] GC(608)   Post Evacuate Collection Set: 0.2ms
[22.148s][info][gc,phases      ] GC(608)   Other: 0.1ms
[22.148s][info][gc,heap        ] GC(608) Eden regions: 2->0(13)
[22.148s][info][gc,heap        ] GC(608) Survivor regions: 1->2(2)
[22.148s][info][gc,heap        ] GC(608) Old regions: 259->259
[22.148s][info][gc,heap        ] GC(608) Archive regions: 0->0
[22.148s][info][gc,heap        ] GC(608) Humongous regions: 36->36
[22.148s][info][gc,metaspace   ] GC(608) Metaspace: 480K(640K)->480K(640K) NonClass: 445K(512K)->445K(512K) Class: 34K(128K)->34K(128K)
[22.148s][info][gc             ] GC(608) Pause Young (Normal) (G1 Preventive Collection) 295M->293M(300M) 3.430ms
[22.148s][info][gc,cpu         ] GC(608) User=0.00s Sys=0.00s Real=0.00s
[22.149s][info][gc,start       ] GC(609) Pause Young (Normal) (G1 Preventive Collection)
[22.149s][info][gc,task        ] GC(609) Using 4 workers of 4 for evacuation
[22.153s][info][gc             ] GC(609) To-space exhausted
[22.153s][info][gc,phases      ] GC(609)   Pre Evacuate Collection Set: 0.0ms
[22.153s][info][gc,phases      ] GC(609)   Merge Heap Roots: 0.0ms
[22.153s][info][gc,phases      ] GC(609)   Evacuate Collection Set: 3.4ms
[22.153s][info][gc,phases      ] GC(609)   Post Evacuate Collection Set: 1.0ms
[22.153s][info][gc,phases      ] GC(609)   Other: 0.2ms
[22.153s][info][gc,heap        ] GC(609) Eden regions: 1->0(13)
[22.153s][info][gc,heap        ] GC(609) Survivor regions: 2->2(2)
[22.153s][info][gc,heap        ] GC(609) Old regions: 259->261
[22.153s][info][gc,heap        ] GC(609) Archive regions: 0->0
[22.153s][info][gc,heap        ] GC(609) Humongous regions: 36->36
[22.154s][info][gc,metaspace   ] GC(609) Metaspace: 480K(640K)->480K(640K) NonClass: 445K(512K)->445K(512K) Class: 34K(128K)->34K(128K)
[22.154s][info][gc             ] GC(609) Pause Young (Normal) (G1 Preventive Collection) 294M->295M(300M) 4.855ms
[22.154s][info][gc,cpu         ] GC(609) User=0.05s Sys=0.00s Real=0.00s
[22.155s][info][gc,start       ] GC(610) Pause Young (Normal) (G1 Evacuation Pause)
[22.155s][info][gc,task        ] GC(610) Using 4 workers of 4 for evacuation
[22.160s][info][gc             ] GC(610) To-space exhausted
[22.160s][info][gc,phases      ] GC(610)   Pre Evacuate Collection Set: 0.0ms
[22.160s][info][gc,phases      ] GC(610)   Merge Heap Roots: 0.0ms
[22.160s][info][gc,phases      ] GC(610)   Evacuate Collection Set: 3.8ms
[22.160s][info][gc,phases      ] GC(610)   Post Evacuate Collection Set: 1.6ms
[22.160s][info][gc,phases      ] GC(610)   Other: 0.1ms
[22.160s][info][gc,heap        ] GC(610) Eden regions: 1->0(15)
[22.160s][info][gc,heap        ] GC(610) Survivor regions: 2->0(0)
[22.160s][info][gc,heap        ] GC(610) Old regions: 261->264
[22.160s][info][gc,heap        ] GC(610) Archive regions: 0->0
[22.160s][info][gc,heap        ] GC(610) Humongous regions: 36->36
[22.160s][info][gc,metaspace   ] GC(610) Metaspace: 480K(640K)->480K(640K) NonClass: 445K(512K)->445K(512K) Class: 34K(128K)->34K(128K)
[22.160s][info][gc             ] GC(610) Pause Young (Normal) (G1 Evacuation Pause) 296M->296M(300M) 5.815ms
[22.160s][info][gc,cpu         ] GC(610) User=0.00s Sys=0.00s Real=0.01s
[22.160s][info][gc,ergo        ] Attempting full compaction
[22.160s][info][gc,task        ] GC(611) Using 4 workers of 4 for full compaction
[22.161s][info][gc,start       ] GC(611) Pause Full (G1 Compaction Pause)
[22.161s][info][gc,phases,start] GC(611) Phase 1: Mark live objects
[22.211s][info][gc,phases      ] GC(611) Phase 1: Mark live objects 50.608ms
[22.212s][info][gc,phases,start] GC(611) Phase 2: Prepare for compaction
[22.217s][info][gc,phases      ] GC(611) Phase 2: Prepare for compaction 5.437ms
[22.217s][info][gc,phases,start] GC(611) Phase 3: Adjust pointers
[22.234s][info][gc,phases      ] GC(611) Phase 3: Adjust pointers 17.103ms
[22.234s][info][gc,phases,start] GC(611) Phase 4: Compact heap
[22.239s][info][gc,phases      ] GC(611) Phase 4: Compact heap 5.075ms
[22.240s][info][gc,heap        ] GC(611) Eden regions: 0->0(130)
[22.240s][info][gc,heap        ] GC(611) Survivor regions: 0->0(0)
[22.240s][info][gc,heap        ] GC(611) Old regions: 264->46
[22.240s][info][gc,heap        ] GC(611) Archive regions: 0->0
[22.240s][info][gc,heap        ] GC(611) Humongous regions: 36->36
[22.240s][info][gc,metaspace   ] GC(611) Metaspace: 480K(640K)->480K(640K) NonClass: 445K(512K)->445K(512K) Class: 34K(128K)->34K(128K)
[22.240s][info][gc             ] GC(611) Pause Full (G1 Compaction Pause) 296M->81M(300M) 79.210ms
[22.240s][info][gc,cpu         ] GC(611) User=0.31s Sys=0.00s Real=0.08s
[22.240s][info][gc,marking     ] GC(573) Concurrent Rebuild Remembered Sets 439.519ms
[22.240s][info][gc,marking     ] GC(573) Concurrent Mark Abort
[22.240s][info][gc             ] GC(573) Concurrent Mark Cycle 1034.062ms
[22.340s][info][gc,start       ] GC(612) Pause Young (Normal) (G1 Evacuation Pause)
[22.340s][info][gc,task        ] GC(612) Using 4 workers of 4 for evacuation
[22.374s][info][gc,phases      ] GC(612)   Pre Evacuate Collection Set: 0.0ms
[22.374s][info][gc,phases      ] GC(612)   Merge Heap Roots: 0.1ms
[22.374s][info][gc,phases      ] GC(612)   Evacuate Collection Set: 34.0ms
[22.375s][info][gc,phases      ] GC(612)   Post Evacuate Collection Set: 0.2ms
[22.375s][info][gc,phases      ] GC(612)   Other: 0.1ms
[22.375s][info][gc,heap        ] GC(612) Eden regions: 130->0(111)
[22.375s][info][gc,heap        ] GC(612) Survivor regions: 0->17(17)
[22.375s][info][gc,heap        ] GC(612) Old regions: 46->56
[22.375s][info][gc,heap        ] GC(612) Archive regions: 0->0
[22.375s][info][gc,heap        ] GC(612) Humongous regions: 36->36
[22.375s][info][gc,metaspace   ] GC(612) Metaspace: 480K(640K)->480K(640K) NonClass: 445K(512K)->445K(512K) Class: 34K(128K)->34K(128K)
[22.375s][info][gc             ] GC(612) Pause Young (Normal) (G1 Evacuation Pause) 211M->107M(300M) 34.732ms
[22.375s][info][gc,cpu         ] GC(612) User=0.13s Sys=0.00s Real=0.04s
[22.459s][info][gc,start       ] GC(613) Pause Young (Normal) (G1 Evacuation Pause)
[22.459s][info][gc,task        ] GC(613) Using 4 workers of 4 for evacuation
[22.510s][info][gc,phases      ] GC(613)   Pre Evacuate Collection Set: 0.0ms
[22.510s][info][gc,phases      ] GC(613)   Merge Heap Roots: 0.1ms
[22.510s][info][gc,phases      ] GC(613)   Evacuate Collection Set: 50.2ms
[22.510s][info][gc,phases      ] GC(613)   Post Evacuate Collection Set: 0.2ms
[22.510s][info][gc,phases      ] GC(613)   Other: 0.2ms
[22.510s][info][gc,heap        ] GC(613) Eden regions: 111->0(96)
[22.510s][info][gc,heap        ] GC(613) Survivor regions: 17->16(16)
[22.510s][info][gc,heap        ] GC(613) Old regions: 56->79
[22.510s][info][gc,heap        ] GC(613) Archive regions: 0->0
[22.510s][info][gc,heap        ] GC(613) Humongous regions: 36->36
[22.510s][info][gc,metaspace   ] GC(613) Metaspace: 480K(640K)->480K(640K) NonClass: 445K(512K)->445K(512K) Class: 34K(128K)->34K(128K)
[22.510s][info][gc             ] GC(613) Pause Young (Normal) (G1 Evacuation Pause) 218M->129M(300M) 51.096ms
[22.510s][info][gc,cpu         ] GC(613) User=0.19s Sys=0.00s Real=0.05s
[22.584s][info][gc,start       ] GC(614) Pause Young (Normal) (G1 Evacuation Pause)
[22.584s][info][gc,task        ] GC(614) Using 4 workers of 4 for evacuation
[22.628s][info][gc,phases      ] GC(614)   Pre Evacuate Collection Set: 0.0ms
[22.628s][info][gc,phases      ] GC(614)   Merge Heap Roots: 0.1ms
[22.628s][info][gc,phases      ] GC(614)   Evacuate Collection Set: 43.0ms
[22.628s][info][gc,phases      ] GC(614)   Post Evacuate Collection Set: 0.2ms
[22.628s][info][gc,phases      ] GC(614)   Other: 0.1ms
[22.628s][info][gc,heap        ] GC(614) Eden regions: 96->0(81)
[22.628s][info][gc,heap        ] GC(614) Survivor regions: 16->14(14)
[22.628s][info][gc,heap        ] GC(614) Old regions: 79->102
[22.628s][info][gc,heap        ] GC(614) Archive regions: 0->0
[22.628s][info][gc,heap        ] GC(614) Humongous regions: 36->36
[22.628s][info][gc,metaspace   ] GC(614) Metaspace: 480K(640K)->480K(640K) NonClass: 445K(512K)->445K(512K) Class: 34K(128K)->34K(128K)
[22.628s][info][gc             ] GC(614) Pause Young (Normal) (G1 Evacuation Pause) 225M->150M(300M) 43.780ms
[22.628s][info][gc,cpu         ] GC(614) User=0.19s Sys=0.00s Real=0.04s
[22.690s][info][gc,start       ] GC(615) Pause Young (Concurrent Start) (G1 Evacuation Pause)
[22.690s][info][gc,task        ] GC(615) Using 4 workers of 4 for evacuation
[22.727s][info][gc,phases      ] GC(615)   Pre Evacuate Collection Set: 0.1ms
[22.727s][info][gc,phases      ] GC(615)   Merge Heap Roots: 0.1ms
[22.727s][info][gc,phases      ] GC(615)   Evacuate Collection Set: 36.2ms
[22.727s][info][gc,phases      ] GC(615)   Post Evacuate Collection Set: 0.2ms
[22.727s][info][gc,phases      ] GC(615)   Other: 0.1ms
[22.727s][info][gc,heap        ] GC(615) Eden regions: 81->0(70)
[22.727s][info][gc,heap        ] GC(615) Survivor regions: 14->12(12)
[22.727s][info][gc,heap        ] GC(615) Old regions: 102->120
[22.727s][info][gc,heap        ] GC(615) Archive regions: 0->0
[22.727s][info][gc,heap        ] GC(615) Humongous regions: 36->36
[22.727s][info][gc,metaspace   ] GC(615) Metaspace: 480K(640K)->480K(640K) NonClass: 445K(512K)->445K(512K) Class: 34K(128K)->34K(128K)
[22.727s][info][gc             ] GC(615) Pause Young (Concurrent Start) (G1 Evacuation Pause) 231M->166M(300M) 36.995ms
[22.727s][info][gc,cpu         ] GC(615) User=0.13s Sys=0.00s Real=0.04s
[22.727s][info][gc             ] GC(616) Concurrent Mark Cycle
[22.727s][info][gc,marking     ] GC(616) Concurrent Clear Claimed Marks
[22.727s][info][gc,marking     ] GC(616) Concurrent Clear Claimed Marks 0.018ms
[22.727s][info][gc,marking     ] GC(616) Concurrent Scan Root Regions
[22.746s][info][gc,marking     ] GC(616) Concurrent Scan Root Regions 19.192ms
[22.746s][info][gc,marking     ] GC(616) Concurrent Mark
[22.746s][info][gc,marking     ] GC(616) Concurrent Mark From Roots
[22.746s][info][gc,task        ] GC(616) Using 1 workers of 1 for marking
[22.804s][info][gc,start       ] GC(617) Pause Young (Normal) (G1 Evacuation Pause)
[22.805s][info][gc,task        ] GC(617) Using 4 workers of 4 for evacuation
[22.838s][info][gc,phases      ] GC(617)   Pre Evacuate Collection Set: 0.0ms
[22.838s][info][gc,phases      ] GC(617)   Merge Heap Roots: 0.1ms
[22.838s][info][gc,phases      ] GC(617)   Evacuate Collection Set: 32.8ms
[22.838s][info][gc,phases      ] GC(617)   Post Evacuate Collection Set: 0.2ms
[22.838s][info][gc,phases      ] GC(617)   Other: 0.2ms
[22.838s][info][gc,heap        ] GC(617) Eden regions: 70->0(60)
[22.838s][info][gc,heap        ] GC(617) Survivor regions: 12->11(11)
[22.838s][info][gc,heap        ] GC(617) Old regions: 120->136
[22.838s][info][gc,heap        ] GC(617) Archive regions: 0->0
[22.838s][info][gc,heap        ] GC(617) Humongous regions: 36->36
[22.838s][info][gc,metaspace   ] GC(617) Metaspace: 480K(640K)->480K(640K) NonClass: 445K(512K)->445K(512K) Class: 34K(128K)->34K(128K)
[22.838s][info][gc             ] GC(617) Pause Young (Normal) (G1 Evacuation Pause) 236M->182M(300M) 33.623ms
[22.838s][info][gc,cpu         ] GC(617) User=0.13s Sys=0.00s Real=0.03s
[22.910s][info][gc,start       ] GC(618) Pause Young (Normal) (G1 Evacuation Pause)
[22.910s][info][gc,task        ] GC(618) Using 4 workers of 4 for evacuation
[22.941s][info][gc,phases      ] GC(618)   Pre Evacuate Collection Set: 0.0ms
[22.941s][info][gc,phases      ] GC(618)   Merge Heap Roots: 0.1ms
[22.941s][info][gc,phases      ] GC(618)   Evacuate Collection Set: 29.8ms
[22.941s][info][gc,phases      ] GC(618)   Post Evacuate Collection Set: 0.2ms
[22.941s][info][gc,phases      ] GC(618)   Other: 0.1ms
[22.941s][info][gc,heap        ] GC(618) Eden regions: 60->0(51)
[22.941s][info][gc,heap        ] GC(618) Survivor regions: 11->9(9)
[22.941s][info][gc,heap        ] GC(618) Old regions: 136->151
[22.941s][info][gc,heap        ] GC(618) Archive regions: 0->0
[22.941s][info][gc,heap        ] GC(618) Humongous regions: 36->36
[22.941s][info][gc,metaspace   ] GC(618) Metaspace: 480K(640K)->480K(640K) NonClass: 445K(512K)->445K(512K) Class: 34K(128K)->34K(128K)
[22.941s][info][gc             ] GC(618) Pause Young (Normal) (G1 Evacuation Pause) 242M->195M(300M) 30.523ms
[22.941s][info][gc,cpu         ] GC(618) User=0.13s Sys=0.00s Real=0.03s
[22.999s][info][gc,start       ] GC(619) Pause Young (Normal) (G1 Evacuation Pause)
[22.999s][info][gc,task        ] GC(619) Using 4 workers of 4 for evacuation
[23.024s][info][gc,phases      ] GC(619)   Pre Evacuate Collection Set: 0.0ms
[23.024s][info][gc,phases      ] GC(619)   Merge Heap Roots: 0.1ms
[23.024s][info][gc,phases      ] GC(619)   Evacuate Collection Set: 24.2ms
[23.024s][info][gc,phases      ] GC(619)   Post Evacuate Collection Set: 0.2ms
[23.024s][info][gc,phases      ] GC(619)   Other: 0.2ms
[23.024s][info][gc,heap        ] GC(619) Eden regions: 51->0(43)
[23.024s][info][gc,heap        ] GC(619) Survivor regions: 9->8(8)
[23.024s][info][gc,heap        ] GC(619) Old regions: 151->163
[23.024s][info][gc,heap        ] GC(619) Archive regions: 0->0
[23.024s][info][gc,heap        ] GC(619) Humongous regions: 36->36
[23.024s][info][gc,metaspace   ] GC(619) Metaspace: 480K(640K)->480K(640K) NonClass: 445K(512K)->445K(512K) Class: 34K(128K)->34K(128K)
[23.024s][info][gc             ] GC(619) Pause Young (Normal) (G1 Evacuation Pause) 246M->206M(300M) 24.920ms
[23.024s][info][gc,cpu         ] GC(619) User=0.05s Sys=0.00s Real=0.03s
[23.079s][info][gc,start       ] GC(620) Pause Young (Normal) (G1 Evacuation Pause)
[23.080s][info][gc,task        ] GC(620) Using 4 workers of 4 for evacuation
[23.104s][info][gc,phases      ] GC(620)   Pre Evacuate Collection Set: 0.1ms
[23.105s][info][gc,phases      ] GC(620)   Merge Heap Roots: 0.1ms
[23.105s][info][gc,phases      ] GC(620)   Evacuate Collection Set: 24.6ms
[23.105s][info][gc,phases      ] GC(620)   Post Evacuate Collection Set: 0.2ms
[23.105s][info][gc,phases      ] GC(620)   Other: 0.2ms
[23.105s][info][gc,heap        ] GC(620) Eden regions: 43->0(36)
[23.105s][info][gc,heap        ] GC(620) Survivor regions: 8->7(7)
[23.105s][info][gc,heap        ] GC(620) Old regions: 163->174
[23.105s][info][gc,heap        ] GC(620) Archive regions: 0->0
[23.105s][info][gc,heap        ] GC(620) Humongous regions: 36->36
[23.105s][info][gc,metaspace   ] GC(620) Metaspace: 480K(640K)->480K(640K) NonClass: 445K(512K)->445K(512K) Class: 34K(128K)->34K(128K)
[23.105s][info][gc             ] GC(620) Pause Young (Normal) (G1 Evacuation Pause) 249M->216M(300M) 25.347ms
[23.105s][info][gc,cpu         ] GC(620) User=0.05s Sys=0.00s Real=0.03s
[23.146s][info][gc,start       ] GC(621) Pause Young (Normal) (G1 Evacuation Pause)
[23.171s][info][gc,task        ] GC(621) Using 4 workers of 4 for evacuation
[23.195s][info][gc,phases      ] GC(621)   Pre Evacuate Collection Set: 0.1ms
[23.196s][info][gc,phases      ] GC(621)   Merge Heap Roots: 0.1ms
[23.196s][info][gc,phases      ] GC(621)   Evacuate Collection Set: 24.5ms
[23.196s][info][gc,phases      ] GC(621)   Post Evacuate Collection Set: 0.2ms
[23.196s][info][gc,phases      ] GC(621)   Other: 24.4ms
[23.196s][info][gc,heap        ] GC(621) Eden regions: 36->0(30)
[23.196s][info][gc,heap        ] GC(621) Survivor regions: 7->6(6)
[23.196s][info][gc,heap        ] GC(621) Old regions: 174->183
[23.196s][info][gc,heap        ] GC(621) Archive regions: 0->0
[23.196s][info][gc,heap        ] GC(621) Humongous regions: 36->36
[23.196s][info][gc,metaspace   ] GC(621) Metaspace: 480K(640K)->480K(640K) NonClass: 445K(512K)->445K(512K) Class: 34K(128K)->34K(128K)
[23.196s][info][gc             ] GC(621) Pause Young (Normal) (G1 Evacuation Pause) 252M->224M(300M) 49.483ms
[23.196s][info][gc,cpu         ] GC(621) User=0.05s Sys=0.00s Real=0.05s
[23.235s][info][gc,start       ] GC(622) Pause Young (Normal) (G1 Evacuation Pause)
[23.235s][info][gc,task        ] GC(622) Using 4 workers of 4 for evacuation
[23.257s][info][gc,phases      ] GC(622)   Pre Evacuate Collection Set: 0.0ms
[23.257s][info][gc,phases      ] GC(622)   Merge Heap Roots: 0.0ms
[23.257s][info][gc,phases      ] GC(622)   Evacuate Collection Set: 21.7ms
[23.257s][info][gc,phases      ] GC(622)   Post Evacuate Collection Set: 0.2ms
[23.257s][info][gc,phases      ] GC(622)   Other: 0.2ms
[23.257s][info][gc,heap        ] GC(622) Eden regions: 30->0(26)
[23.257s][info][gc,heap        ] GC(622) Survivor regions: 6->5(5)
[23.257s][info][gc,heap        ] GC(622) Old regions: 183->191
[23.257s][info][gc,heap        ] GC(622) Archive regions: 0->0
[23.257s][info][gc,heap        ] GC(622) Humongous regions: 36->36
[23.257s][info][gc,metaspace   ] GC(622) Metaspace: 480K(640K)->480K(640K) NonClass: 445K(512K)->445K(512K) Class: 34K(128K)->34K(128K)
[23.257s][info][gc             ] GC(622) Pause Young (Normal) (G1 Evacuation Pause) 254M->231M(300M) 22.457ms
[23.257s][info][gc,cpu         ] GC(622) User=0.05s Sys=0.00s Real=0.02s
[23.288s][info][gc,start       ] GC(623) Pause Young (Normal) (G1 Evacuation Pause)
[23.288s][info][gc,task        ] GC(623) Using 4 workers of 4 for evacuation
[23.305s][info][gc,phases      ] GC(623)   Pre Evacuate Collection Set: 0.1ms
[23.305s][info][gc,phases      ] GC(623)   Merge Heap Roots: 0.1ms
[23.305s][info][gc,phases      ] GC(623)   Evacuate Collection Set: 16.6ms
[23.305s][info][gc,phases      ] GC(623)   Post Evacuate Collection Set: 0.2ms
[23.305s][info][gc,phases      ] GC(623)   Other: 0.2ms
[23.305s][info][gc,heap        ] GC(623) Eden regions: 26->0(22)
[23.305s][info][gc,heap        ] GC(623) Survivor regions: 5->4(4)
[23.305s][info][gc,heap        ] GC(623) Old regions: 191->197
[23.305s][info][gc,heap        ] GC(623) Archive regions: 0->0
[23.305s][info][gc,heap        ] GC(623) Humongous regions: 36->36
[23.305s][info][gc,metaspace   ] GC(623) Metaspace: 480K(640K)->480K(640K) NonClass: 445K(512K)->445K(512K) Class: 34K(128K)->34K(128K)
[23.305s][info][gc             ] GC(623) Pause Young (Normal) (G1 Evacuation Pause) 257M->236M(300M) 17.352ms
[23.305s][info][gc,cpu         ] GC(623) User=0.02s Sys=0.00s Real=0.02s
[23.333s][info][gc,start       ] GC(624) Pause Young (Normal) (G1 Evacuation Pause)
[23.333s][info][gc,task        ] GC(624) Using 4 workers of 4 for evacuation
[23.348s][info][gc,phases      ] GC(624)   Pre Evacuate Collection Set: 0.1ms
[23.348s][info][gc,phases      ] GC(624)   Merge Heap Roots: 0.1ms
[23.348s][info][gc,phases      ] GC(624)   Evacuate Collection Set: 14.5ms
[23.348s][info][gc,phases      ] GC(624)   Post Evacuate Collection Set: 0.2ms
[23.348s][info][gc,phases      ] GC(624)   Other: 0.7ms
[23.348s][info][gc,heap        ] GC(624) Eden regions: 22->0(19)
[23.348s][info][gc,heap        ] GC(624) Survivor regions: 4->4(4)
[23.348s][info][gc,heap        ] GC(624) Old regions: 197->202
[23.348s][info][gc,heap        ] GC(624) Archive regions: 0->0
[23.348s][info][gc,heap        ] GC(624) Humongous regions: 36->36
[23.348s][info][gc,metaspace   ] GC(624) Metaspace: 480K(640K)->480K(640K) NonClass: 445K(512K)->445K(512K) Class: 34K(128K)->34K(128K)
[23.348s][info][gc             ] GC(624) Pause Young (Normal) (G1 Evacuation Pause) 258M->241M(300M) 15.744ms
[23.348s][info][gc,cpu         ] GC(624) User=0.05s Sys=0.00s Real=0.02s
[23.374s][info][gc,start       ] GC(625) Pause Young (Normal) (G1 Evacuation Pause)
[23.375s][info][gc,task        ] GC(625) Using 4 workers of 4 for evacuation
[23.388s][info][gc,phases      ] GC(625)   Pre Evacuate Collection Set: 0.1ms
[23.388s][info][gc,phases      ] GC(625)   Merge Heap Roots: 0.0ms
[23.388s][info][gc,phases      ] GC(625)   Evacuate Collection Set: 13.0ms
[23.388s][info][gc,phases      ] GC(625)   Post Evacuate Collection Set: 0.2ms
[23.388s][info][gc,phases      ] GC(625)   Other: 0.1ms
[23.388s][info][gc,heap        ] GC(625) Eden regions: 19->0(15)
[23.388s][info][gc,heap        ] GC(625) Survivor regions: 4->3(3)
[23.388s][info][gc,heap        ] GC(625) Old regions: 202->208
[23.388s][info][gc,heap        ] GC(625) Archive regions: 0->0
[23.388s][info][gc,heap        ] GC(625) Humongous regions: 36->36
[23.388s][info][gc,metaspace   ] GC(625) Metaspace: 480K(640K)->480K(640K) NonClass: 445K(512K)->445K(512K) Class: 34K(128K)->34K(128K)
[23.388s][info][gc             ] GC(625) Pause Young (Normal) (G1 Evacuation Pause) 260M->245M(300M) 13.656ms
[23.388s][info][gc,cpu         ] GC(625) User=0.05s Sys=0.00s Real=0.01s
[23.394s][info][gc,marking     ] GC(616) Concurrent Mark From Roots 647.260ms
[23.394s][info][gc,marking     ] GC(616) Concurrent Preclean
[23.394s][info][gc,marking     ] GC(616) Concurrent Preclean 0.094ms
[23.394s][info][gc,start       ] GC(616) Pause Remark
[23.394s][info][gc             ] GC(616) Pause Remark 250M->250M(300M) 0.405ms
[23.394s][info][gc,cpu         ] GC(616) User=0.00s Sys=0.00s Real=0.00s
[23.394s][info][gc,marking     ] GC(616) Concurrent Mark 648.058ms
[23.395s][info][gc,marking     ] GC(616) Concurrent Rebuild Remembered Sets
[23.410s][info][gc,start       ] GC(626) Pause Young (Normal) (G1 Evacuation Pause)
[23.410s][info][gc,task        ] GC(626) Using 4 workers of 4 for evacuation
[23.413s][info][gc,phases      ] GC(626)   Pre Evacuate Collection Set: 0.1ms
[23.413s][info][gc,phases      ] GC(626)   Merge Heap Roots: 0.0ms
[23.413s][info][gc,phases      ] GC(626)   Evacuate Collection Set: 1.7ms
[23.413s][info][gc,phases      ] GC(626)   Post Evacuate Collection Set: 0.2ms
[23.413s][info][gc,phases      ] GC(626)   Other: 0.1ms
[23.413s][info][gc,heap        ] GC(626) Eden regions: 15->0(17)
[23.413s][info][gc,heap        ] GC(626) Survivor regions: 3->1(3)
[23.413s][info][gc,heap        ] GC(626) Old regions: 208->208
[23.413s][info][gc,heap        ] GC(626) Archive regions: 0->0
[23.413s][info][gc,heap        ] GC(626) Humongous regions: 36->36
[23.413s][info][gc,metaspace   ] GC(626) Metaspace: 480K(640K)->480K(640K) NonClass: 445K(512K)->445K(512K) Class: 34K(128K)->34K(128K)
[23.413s][info][gc             ] GC(626) Pause Young (Normal) (G1 Evacuation Pause) 260M->243M(300M) 2.420ms
[23.413s][info][gc,cpu         ] GC(626) User=0.00s Sys=0.00s Real=0.00s
[23.429s][info][gc,start       ] GC(627) Pause Young (Normal) (G1 Evacuation Pause)
[23.429s][info][gc,task        ] GC(627) Using 4 workers of 4 for evacuation
[23.438s][info][gc,phases      ] GC(627)   Pre Evacuate Collection Set: 0.1ms
[23.438s][info][gc,phases      ] GC(627)   Merge Heap Roots: 0.0ms
[23.438s][info][gc,phases      ] GC(627)   Evacuate Collection Set: 8.2ms
[23.438s][info][gc,phases      ] GC(627)   Post Evacuate Collection Set: 0.2ms
[23.438s][info][gc,phases      ] GC(627)   Other: 0.1ms
[23.438s][info][gc,heap        ] GC(627) Eden regions: 17->0(15)
[23.438s][info][gc,heap        ] GC(627) Survivor regions: 1->3(3)
[23.438s][info][gc,heap        ] GC(627) Old regions: 208->209
[23.438s][info][gc,heap        ] GC(627) Archive regions: 0->0
[23.438s][info][gc,heap        ] GC(627) Humongous regions: 36->36
[23.438s][info][gc,metaspace   ] GC(627) Metaspace: 480K(640K)->480K(640K) NonClass: 445K(512K)->445K(512K) Class: 34K(128K)->34K(128K)
[23.438s][info][gc             ] GC(627) Pause Young (Normal) (G1 Evacuation Pause) 260M->246M(300M) 8.936ms
[23.438s][info][gc,cpu         ] GC(627) User=0.05s Sys=0.00s Real=0.01s
[23.454s][info][gc,start       ] GC(628) Pause Young (Normal) (G1 Evacuation Pause)
[23.454s][info][gc,task        ] GC(628) Using 4 workers of 4 for evacuation
[23.465s][info][gc,phases      ] GC(628)   Pre Evacuate Collection Set: 0.0ms
[23.465s][info][gc,phases      ] GC(628)   Merge Heap Roots: 0.0ms
[23.465s][info][gc,phases      ] GC(628)   Evacuate Collection Set: 10.2ms
[23.465s][info][gc,phases      ] GC(628)   Post Evacuate Collection Set: 0.2ms
[23.465s][info][gc,phases      ] GC(628)   Other: 0.2ms
[23.465s][info][gc,heap        ] GC(628) Eden regions: 15->0(12)
[23.465s][info][gc,heap        ] GC(628) Survivor regions: 3->3(3)
[23.465s][info][gc,heap        ] GC(628) Old regions: 209->212
[23.465s][info][gc,heap        ] GC(628) Archive regions: 0->0
[23.465s][info][gc,heap        ] GC(628) Humongous regions: 36->36
[23.465s][info][gc,metaspace   ] GC(628) Metaspace: 480K(640K)->480K(640K) NonClass: 445K(512K)->445K(512K) Class: 34K(128K)->34K(128K)
[23.465s][info][gc             ] GC(628) Pause Young (Normal) (G1 Evacuation Pause) 261M->249M(300M) 11.035ms
[23.465s][info][gc,cpu         ] GC(628) User=0.02s Sys=0.00s Real=0.01s
[23.476s][info][gc,start       ] GC(629) Pause Young (Normal) (G1 Evacuation Pause)
[23.476s][info][gc,task        ] GC(629) Using 4 workers of 4 for evacuation
[23.487s][info][gc,phases      ] GC(629)   Pre Evacuate Collection Set: 0.1ms
[23.487s][info][gc,phases      ] GC(629)   Merge Heap Roots: 0.0ms
[23.487s][info][gc,phases      ] GC(629)   Evacuate Collection Set: 10.1ms
[23.487s][info][gc,phases      ] GC(629)   Post Evacuate Collection Set: 0.3ms
[23.487s][info][gc,phases      ] GC(629)   Other: 0.1ms
[23.487s][info][gc,heap        ] GC(629) Eden regions: 12->0(13)
[23.487s][info][gc,heap        ] GC(629) Survivor regions: 3->2(2)
[23.487s][info][gc,heap        ] GC(629) Old regions: 212->216
[23.487s][info][gc,heap        ] GC(629) Archive regions: 0->0
[23.487s][info][gc,heap        ] GC(629) Humongous regions: 36->36
[23.487s][info][gc,metaspace   ] GC(629) Metaspace: 480K(640K)->480K(640K) NonClass: 445K(512K)->445K(512K) Class: 34K(128K)->34K(128K)
[23.487s][info][gc             ] GC(629) Pause Young (Normal) (G1 Evacuation Pause) 261M->252M(300M) 10.790ms
[23.487s][info][gc,cpu         ] GC(629) User=0.05s Sys=0.00s Real=0.01s
[23.501s][info][gc,start       ] GC(630) Pause Young (Normal) (G1 Evacuation Pause)
[23.501s][info][gc,task        ] GC(630) Using 4 workers of 4 for evacuation
[23.509s][info][gc,phases      ] GC(630)   Pre Evacuate Collection Set: 0.1ms
[23.509s][info][gc,phases      ] GC(630)   Merge Heap Roots: 0.0ms
[23.509s][info][gc,phases      ] GC(630)   Evacuate Collection Set: 7.8ms
[23.509s][info][gc,phases      ] GC(630)   Post Evacuate Collection Set: 0.2ms
[23.509s][info][gc,phases      ] GC(630)   Other: 0.2ms
[23.509s][info][gc,heap        ] GC(630) Eden regions: 13->0(13)
[23.509s][info][gc,heap        ] GC(630) Survivor regions: 2->2(2)
[23.509s][info][gc,heap        ] GC(630) Old regions: 216->218
[23.509s][info][gc,heap        ] GC(630) Archive regions: 0->0
[23.509s][info][gc,heap        ] GC(630) Humongous regions: 36->36
[23.509s][info][gc,metaspace   ] GC(630) Metaspace: 480K(640K)->480K(640K) NonClass: 445K(512K)->445K(512K) Class: 34K(128K)->34K(128K)
[23.509s][info][gc             ] GC(630) Pause Young (Normal) (G1 Evacuation Pause) 265M->255M(300M) 8.458ms
[23.509s][info][gc,cpu         ] GC(630) User=0.00s Sys=0.00s Real=0.01s
[23.524s][info][gc,start       ] GC(631) Pause Young (Normal) (G1 Evacuation Pause)
[23.524s][info][gc,task        ] GC(631) Using 4 workers of 4 for evacuation
[23.533s][info][gc,phases      ] GC(631)   Pre Evacuate Collection Set: 0.1ms
[23.533s][info][gc,phases      ] GC(631)   Merge Heap Roots: 0.0ms
[23.533s][info][gc,phases      ] GC(631)   Evacuate Collection Set: 8.8ms
[23.533s][info][gc,phases      ] GC(631)   Post Evacuate Collection Set: 0.2ms
[23.533s][info][gc,phases      ] GC(631)   Other: 0.2ms
[23.533s][info][gc,heap        ] GC(631) Eden regions: 13->0(13)
[23.533s][info][gc,heap        ] GC(631) Survivor regions: 2->2(2)
[23.533s][info][gc,heap        ] GC(631) Old regions: 218->221
[23.533s][info][gc,heap        ] GC(631) Archive regions: 0->0
[23.533s][info][gc,heap        ] GC(631) Humongous regions: 36->36
[23.533s][info][gc,metaspace   ] GC(631) Metaspace: 480K(640K)->480K(640K) NonClass: 445K(512K)->445K(512K) Class: 34K(128K)->34K(128K)
[23.533s][info][gc             ] GC(631) Pause Young (Normal) (G1 Evacuation Pause) 268M->258M(300M) 9.850ms
[23.534s][info][gc,cpu         ] GC(631) User=0.05s Sys=0.00s Real=0.01s
[23.546s][info][gc,start       ] GC(632) Pause Young (Normal) (G1 Evacuation Pause)
[23.546s][info][gc,task        ] GC(632) Using 4 workers of 4 for evacuation
[23.553s][info][gc,phases      ] GC(632)   Pre Evacuate Collection Set: 0.0ms
[23.553s][info][gc,phases      ] GC(632)   Merge Heap Roots: 0.0ms
[23.553s][info][gc,phases      ] GC(632)   Evacuate Collection Set: 6.5ms
[23.553s][info][gc,phases      ] GC(632)   Post Evacuate Collection Set: 0.3ms
[23.553s][info][gc,phases      ] GC(632)   Other: 0.1ms
[23.553s][info][gc,heap        ] GC(632) Eden regions: 13->0(13)
[23.553s][info][gc,heap        ] GC(632) Survivor regions: 2->2(2)
[23.553s][info][gc,heap        ] GC(632) Old regions: 221->224
[23.553s][info][gc,heap        ] GC(632) Archive regions: 0->0
[23.553s][info][gc,heap        ] GC(632) Humongous regions: 36->36
[23.553s][info][gc,metaspace   ] GC(632) Metaspace: 480K(640K)->480K(640K) NonClass: 445K(512K)->445K(512K) Class: 34K(128K)->34K(128K)
[23.553s][info][gc             ] GC(632) Pause Young (Normal) (G1 Evacuation Pause) 271M->260M(300M) 7.150ms
[23.553s][info][gc,cpu         ] GC(632) User=0.00s Sys=0.00s Real=0.01s
[23.564s][info][gc,start       ] GC(633) Pause Young (Normal) (G1 Evacuation Pause)
[23.564s][info][gc,task        ] GC(633) Using 4 workers of 4 for evacuation
[23.570s][info][gc,phases      ] GC(633)   Pre Evacuate Collection Set: 0.0ms
[23.570s][info][gc,phases      ] GC(633)   Merge Heap Roots: 0.0ms
[23.570s][info][gc,phases      ] GC(633)   Evacuate Collection Set: 6.0ms
[23.570s][info][gc,phases      ] GC(633)   Post Evacuate Collection Set: 0.2ms
[23.570s][info][gc,phases      ] GC(633)   Other: 0.1ms
[23.570s][info][gc,heap        ] GC(633) Eden regions: 13->0(13)
[23.570s][info][gc,heap        ] GC(633) Survivor regions: 2->2(2)
[23.571s][info][gc,heap        ] GC(633) Old regions: 224->227
[23.571s][info][gc,heap        ] GC(633) Archive regions: 0->0
[23.571s][info][gc,heap        ] GC(633) Humongous regions: 36->36
[23.571s][info][gc,metaspace   ] GC(633) Metaspace: 480K(640K)->480K(640K) NonClass: 445K(512K)->445K(512K) Class: 34K(128K)->34K(128K)
[23.571s][info][gc             ] GC(633) Pause Young (Normal) (G1 Evacuation Pause) 273M->263M(300M) 6.633ms
[23.571s][info][gc,cpu         ] GC(633) User=0.00s Sys=0.00s Real=0.01s
[23.585s][info][gc,start       ] GC(634) Pause Young (Normal) (G1 Evacuation Pause)
[23.585s][info][gc,task        ] GC(634) Using 4 workers of 4 for evacuation
[23.592s][info][gc,phases      ] GC(634)   Pre Evacuate Collection Set: 0.0ms
[23.592s][info][gc,phases      ] GC(634)   Merge Heap Roots: 0.0ms
[23.592s][info][gc,phases      ] GC(634)   Evacuate Collection Set: 6.4ms
[23.592s][info][gc,phases      ] GC(634)   Post Evacuate Collection Set: 0.2ms
[23.592s][info][gc,phases      ] GC(634)   Other: 0.1ms
[23.592s][info][gc,heap        ] GC(634) Eden regions: 13->0(13)
[23.592s][info][gc,heap        ] GC(634) Survivor regions: 2->2(2)
[23.592s][info][gc,heap        ] GC(634) Old regions: 227->230
[23.592s][info][gc,heap        ] GC(634) Archive regions: 0->0
[23.592s][info][gc,heap        ] GC(634) Humongous regions: 36->36
[23.592s][info][gc,metaspace   ] GC(634) Metaspace: 480K(640K)->480K(640K) NonClass: 445K(512K)->445K(512K) Class: 34K(128K)->34K(128K)
[23.592s][info][gc             ] GC(634) Pause Young (Normal) (G1 Evacuation Pause) 276M->266M(300M) 6.941ms
[23.592s][info][gc,cpu         ] GC(634) User=0.06s Sys=0.00s Real=0.01s
[23.603s][info][gc,start       ] GC(635) Pause Young (Normal) (G1 Evacuation Pause)
[23.603s][info][gc,task        ] GC(635) Using 4 workers of 4 for evacuation
[23.610s][info][gc,phases      ] GC(635)   Pre Evacuate Collection Set: 0.1ms
[23.610s][info][gc,phases      ] GC(635)   Merge Heap Roots: 0.0ms
[23.610s][info][gc,phases      ] GC(635)   Evacuate Collection Set: 6.6ms
[23.610s][info][gc,phases      ] GC(635)   Post Evacuate Collection Set: 0.2ms
[23.610s][info][gc,phases      ] GC(635)   Other: 0.2ms
[23.610s][info][gc,heap        ] GC(635) Eden regions: 13->0(13)
[23.610s][info][gc,heap        ] GC(635) Survivor regions: 2->2(2)
[23.610s][info][gc,heap        ] GC(635) Old regions: 230->233
[23.610s][info][gc,heap        ] GC(635) Archive regions: 0->0
[23.610s][info][gc,heap        ] GC(635) Humongous regions: 36->36
[23.610s][info][gc,metaspace   ] GC(635) Metaspace: 480K(640K)->480K(640K) NonClass: 445K(512K)->445K(512K) Class: 34K(128K)->34K(128K)
[23.610s][info][gc             ] GC(635) Pause Young (Normal) (G1 Evacuation Pause) 279M->269M(300M) 7.271ms
[23.610s][info][gc,cpu         ] GC(635) User=0.06s Sys=0.00s Real=0.01s
[23.624s][info][gc,start       ] GC(636) Pause Young (Normal) (G1 Evacuation Pause)
[23.624s][info][gc,task        ] GC(636) Using 4 workers of 4 for evacuation
[23.631s][info][gc,phases      ] GC(636)   Pre Evacuate Collection Set: 0.0ms
[23.631s][info][gc,phases      ] GC(636)   Merge Heap Roots: 0.0ms
[23.631s][info][gc,phases      ] GC(636)   Evacuate Collection Set: 7.0ms
[23.631s][info][gc,phases      ] GC(636)   Post Evacuate Collection Set: 0.2ms
[23.631s][info][gc,phases      ] GC(636)   Other: 0.2ms
[23.631s][info][gc,heap        ] GC(636) Eden regions: 13->0(13)
[23.631s][info][gc,heap        ] GC(636) Survivor regions: 2->2(2)
[23.631s][info][gc,heap        ] GC(636) Old regions: 233->235
[23.632s][info][gc,heap        ] GC(636) Archive regions: 0->0
[23.632s][info][gc,heap        ] GC(636) Humongous regions: 36->36
[23.632s][info][gc,metaspace   ] GC(636) Metaspace: 480K(640K)->480K(640K) NonClass: 445K(512K)->445K(512K) Class: 34K(128K)->34K(128K)
[23.632s][info][gc             ] GC(636) Pause Young (Normal) (G1 Evacuation Pause) 282M->272M(300M) 7.729ms
[23.632s][info][gc,cpu         ] GC(636) User=0.00s Sys=0.00s Real=0.01s
[23.644s][info][gc,start       ] GC(637) Pause Young (Normal) (G1 Evacuation Pause)
[23.644s][info][gc,task        ] GC(637) Using 4 workers of 4 for evacuation
[23.650s][info][gc,phases      ] GC(637)   Pre Evacuate Collection Set: 0.0ms
[23.650s][info][gc,phases      ] GC(637)   Merge Heap Roots: 0.0ms
[23.650s][info][gc,phases      ] GC(637)   Evacuate Collection Set: 5.8ms
[23.650s][info][gc,phases      ] GC(637)   Post Evacuate Collection Set: 0.2ms
[23.650s][info][gc,phases      ] GC(637)   Other: 0.1ms
[23.650s][info][gc,heap        ] GC(637) Eden regions: 13->0(13)
[23.650s][info][gc,heap        ] GC(637) Survivor regions: 2->2(2)
[23.650s][info][gc,heap        ] GC(637) Old regions: 235->238
[23.651s][info][gc,heap        ] GC(637) Archive regions: 0->0
[23.651s][info][gc,heap        ] GC(637) Humongous regions: 36->36
[23.651s][info][gc,metaspace   ] GC(637) Metaspace: 480K(640K)->480K(640K) NonClass: 445K(512K)->445K(512K) Class: 34K(128K)->34K(128K)
[23.651s][info][gc             ] GC(637) Pause Young (Normal) (G1 Evacuation Pause) 285M->275M(300M) 6.408ms
[23.651s][info][gc,cpu         ] GC(637) User=0.00s Sys=0.00s Real=0.01s
[23.666s][info][gc,start       ] GC(638) Pause Young (Normal) (G1 Evacuation Pause)
[23.666s][info][gc,task        ] GC(638) Using 4 workers of 4 for evacuation
[23.674s][info][gc,phases      ] GC(638)   Pre Evacuate Collection Set: 0.0ms
[23.674s][info][gc,phases      ] GC(638)   Merge Heap Roots: 0.0ms
[23.674s][info][gc,phases      ] GC(638)   Evacuate Collection Set: 7.3ms
[23.674s][info][gc,phases      ] GC(638)   Post Evacuate Collection Set: 0.2ms
[23.674s][info][gc,phases      ] GC(638)   Other: 0.1ms
[23.674s][info][gc,heap        ] GC(638) Eden regions: 13->0(13)
[23.674s][info][gc,heap        ] GC(638) Survivor regions: 2->2(2)
[23.674s][info][gc,heap        ] GC(638) Old regions: 238->241
[23.674s][info][gc,heap        ] GC(638) Archive regions: 0->0
[23.674s][info][gc,heap        ] GC(638) Humongous regions: 36->36
[23.674s][info][gc,metaspace   ] GC(638) Metaspace: 480K(640K)->480K(640K) NonClass: 445K(512K)->445K(512K) Class: 34K(128K)->34K(128K)
[23.674s][info][gc             ] GC(638) Pause Young (Normal) (G1 Evacuation Pause) 288M->277M(300M) 8.008ms
[23.674s][info][gc,cpu         ] GC(638) User=0.06s Sys=0.00s Real=0.01s
[23.690s][info][gc,start       ] GC(639) Pause Young (Normal) (G1 Evacuation Pause)
[23.690s][info][gc,task        ] GC(639) Using 4 workers of 4 for evacuation
[23.697s][info][gc,phases      ] GC(639)   Pre Evacuate Collection Set: 0.0ms
[23.697s][info][gc,phases      ] GC(639)   Merge Heap Roots: 0.0ms
[23.697s][info][gc,phases      ] GC(639)   Evacuate Collection Set: 7.2ms
[23.697s][info][gc,phases      ] GC(639)   Post Evacuate Collection Set: 0.2ms
[23.697s][info][gc,phases      ] GC(639)   Other: 0.1ms
[23.697s][info][gc,heap        ] GC(639) Eden regions: 13->0(13)
[23.697s][info][gc,heap        ] GC(639) Survivor regions: 2->2(2)
[23.697s][info][gc,heap        ] GC(639) Old regions: 241->244
[23.698s][info][gc,heap        ] GC(639) Archive regions: 0->0
[23.698s][info][gc,heap        ] GC(639) Humongous regions: 36->36
[23.698s][info][gc,metaspace   ] GC(639) Metaspace: 480K(640K)->480K(640K) NonClass: 445K(512K)->445K(512K) Class: 34K(128K)->34K(128K)
[23.698s][info][gc             ] GC(639) Pause Young (Normal) (G1 Evacuation Pause) 290M->280M(300M) 7.952ms
[23.698s][info][gc,cpu         ] GC(639) User=0.00s Sys=0.00s Real=0.01s
[23.710s][info][gc,start       ] GC(640) Pause Young (Normal) (G1 Preventive Collection)
[23.710s][info][gc,task        ] GC(640) Using 4 workers of 4 for evacuation
[23.717s][info][gc,phases      ] GC(640)   Pre Evacuate Collection Set: 0.1ms
[23.717s][info][gc,phases      ] GC(640)   Merge Heap Roots: 0.0ms
[23.717s][info][gc,phases      ] GC(640)   Evacuate Collection Set: 6.4ms
[23.717s][info][gc,phases      ] GC(640)   Post Evacuate Collection Set: 0.2ms
[23.717s][info][gc,phases      ] GC(640)   Other: 0.2ms
[23.717s][info][gc,heap        ] GC(640) Eden regions: 12->0(13)
[23.717s][info][gc,heap        ] GC(640) Survivor regions: 2->2(2)
[23.717s][info][gc,heap        ] GC(640) Old regions: 244->247
[23.717s][info][gc,heap        ] GC(640) Archive regions: 0->0
[23.717s][info][gc,heap        ] GC(640) Humongous regions: 36->36
[23.717s][info][gc,metaspace   ] GC(640) Metaspace: 480K(640K)->480K(640K) NonClass: 445K(512K)->445K(512K) Class: 34K(128K)->34K(128K)
[23.717s][info][gc             ] GC(640) Pause Young (Normal) (G1 Preventive Collection) 292M->283M(300M) 7.018ms
[23.717s][info][gc,cpu         ] GC(640) User=0.06s Sys=0.00s Real=0.01s
[23.728s][info][gc,start       ] GC(641) Pause Young (Normal) (G1 Preventive Collection)
[23.728s][info][gc,task        ] GC(641) Using 4 workers of 4 for evacuation
[23.734s][info][gc,phases      ] GC(641)   Pre Evacuate Collection Set: 0.0ms
[23.734s][info][gc,phases      ] GC(641)   Merge Heap Roots: 0.0ms
[23.734s][info][gc,phases      ] GC(641)   Evacuate Collection Set: 5.7ms
[23.734s][info][gc,phases      ] GC(641)   Post Evacuate Collection Set: 0.2ms
[23.734s][info][gc,phases      ] GC(641)   Other: 0.1ms
[23.734s][info][gc,heap        ] GC(641) Eden regions: 10->0(13)
[23.734s][info][gc,heap        ] GC(641) Survivor regions: 2->2(2)
[23.734s][info][gc,heap        ] GC(641) Old regions: 247->249
[23.734s][info][gc,heap        ] GC(641) Archive regions: 0->0
[23.734s][info][gc,heap        ] GC(641) Humongous regions: 36->36
[23.734s][info][gc,metaspace   ] GC(641) Metaspace: 480K(640K)->480K(640K) NonClass: 445K(512K)->445K(512K) Class: 34K(128K)->34K(128K)
[23.734s][info][gc             ] GC(641) Pause Young (Normal) (G1 Preventive Collection) 293M->285M(300M) 6.423ms
[23.734s][info][gc,cpu         ] GC(641) User=0.06s Sys=0.00s Real=0.01s
[23.743s][info][gc,start       ] GC(642) Pause Young (Normal) (G1 Preventive Collection)
[23.743s][info][gc,task        ] GC(642) Using 4 workers of 4 for evacuation
[23.748s][info][gc,phases      ] GC(642)   Pre Evacuate Collection Set: 0.1ms
[23.748s][info][gc,phases      ] GC(642)   Merge Heap Roots: 0.1ms
[23.748s][info][gc,phases      ] GC(642)   Evacuate Collection Set: 5.0ms
[23.748s][info][gc,phases      ] GC(642)   Post Evacuate Collection Set: 0.2ms
[23.748s][info][gc,phases      ] GC(642)   Other: 0.2ms
[23.748s][info][gc,heap        ] GC(642) Eden regions: 8->0(13)
[23.748s][info][gc,heap        ] GC(642) Survivor regions: 2->2(2)
[23.748s][info][gc,heap        ] GC(642) Old regions: 249->251
[23.748s][info][gc,heap        ] GC(642) Archive regions: 0->0
[23.748s][info][gc,heap        ] GC(642) Humongous regions: 36->36
[23.748s][info][gc,metaspace   ] GC(642) Metaspace: 480K(640K)->480K(640K) NonClass: 445K(512K)->445K(512K) Class: 34K(128K)->34K(128K)
[23.748s][info][gc             ] GC(642) Pause Young (Normal) (G1 Preventive Collection) 293M->287M(300M) 5.746ms
[23.749s][info][gc,cpu         ] GC(642) User=0.06s Sys=0.00s Real=0.01s
[23.755s][info][gc,start       ] GC(643) Pause Young (Normal) (G1 Preventive Collection)
[23.755s][info][gc,task        ] GC(643) Using 4 workers of 4 for evacuation
[23.760s][info][gc,phases      ] GC(643)   Pre Evacuate Collection Set: 0.1ms
[23.760s][info][gc,phases      ] GC(643)   Merge Heap Roots: 0.0ms
[23.760s][info][gc,phases      ] GC(643)   Evacuate Collection Set: 4.6ms
[23.760s][info][gc,phases      ] GC(643)   Post Evacuate Collection Set: 0.2ms
[23.760s][info][gc,phases      ] GC(643)   Other: 0.2ms
[23.760s][info][gc,heap        ] GC(643) Eden regions: 7->0(13)
[23.760s][info][gc,heap        ] GC(643) Survivor regions: 2->2(2)
[23.760s][info][gc,heap        ] GC(643) Old regions: 251->253
[23.760s][info][gc,heap        ] GC(643) Archive regions: 0->0
[23.760s][info][gc,heap        ] GC(643) Humongous regions: 36->36
[23.760s][info][gc,metaspace   ] GC(643) Metaspace: 480K(640K)->480K(640K) NonClass: 445K(512K)->445K(512K) Class: 34K(128K)->34K(128K)
[23.760s][info][gc             ] GC(643) Pause Young (Normal) (G1 Preventive Collection) 294M->289M(300M) 5.264ms
[23.760s][info][gc,cpu         ] GC(643) User=0.00s Sys=0.00s Real=0.01s
[23.765s][info][gc,start       ] GC(644) Pause Young (Normal) (G1 Preventive Collection)
[23.765s][info][gc,task        ] GC(644) Using 4 workers of 4 for evacuation
[23.769s][info][gc,phases      ] GC(644)   Pre Evacuate Collection Set: 0.0ms
[23.769s][info][gc,phases      ] GC(644)   Merge Heap Roots: 0.0ms
[23.769s][info][gc,phases      ] GC(644)   Evacuate Collection Set: 3.9ms
[23.769s][info][gc,phases      ] GC(644)   Post Evacuate Collection Set: 0.2ms
[23.769s][info][gc,phases      ] GC(644)   Other: 0.1ms
[23.769s][info][gc,heap        ] GC(644) Eden regions: 5->0(13)
[23.769s][info][gc,heap        ] GC(644) Survivor regions: 2->2(2)
[23.769s][info][gc,heap        ] GC(644) Old regions: 253->254
[23.769s][info][gc,heap        ] GC(644) Archive regions: 0->0
[23.769s][info][gc,heap        ] GC(644) Humongous regions: 36->36
[23.769s][info][gc,metaspace   ] GC(644) Metaspace: 480K(640K)->480K(640K) NonClass: 445K(512K)->445K(512K) Class: 34K(128K)->34K(128K)
[23.769s][info][gc             ] GC(644) Pause Young (Normal) (G1 Preventive Collection) 294M->290M(300M) 4.423ms
[23.769s][info][gc,cpu         ] GC(644) User=0.00s Sys=0.00s Real=0.00s
[23.774s][info][gc,start       ] GC(645) Pause Young (Normal) (G1 Preventive Collection)
[23.774s][info][gc,task        ] GC(645) Using 4 workers of 4 for evacuation
[23.777s][info][gc,phases      ] GC(645)   Pre Evacuate Collection Set: 0.0ms
[23.777s][info][gc,phases      ] GC(645)   Merge Heap Roots: 0.0ms
[23.777s][info][gc,phases      ] GC(645)   Evacuate Collection Set: 3.3ms
[23.777s][info][gc,phases      ] GC(645)   Post Evacuate Collection Set: 0.2ms
[23.777s][info][gc,phases      ] GC(645)   Other: 0.1ms
[23.778s][info][gc,heap        ] GC(645) Eden regions: 5->0(13)
[23.778s][info][gc,heap        ] GC(645) Survivor regions: 2->2(2)
[23.778s][info][gc,heap        ] GC(645) Old regions: 254->254
[23.778s][info][gc,heap        ] GC(645) Archive regions: 0->0
[23.778s][info][gc,heap        ] GC(645) Humongous regions: 36->36
[23.778s][info][gc,metaspace   ] GC(645) Metaspace: 480K(640K)->480K(640K) NonClass: 445K(512K)->445K(512K) Class: 34K(128K)->34K(128K)
[23.778s][info][gc             ] GC(645) Pause Young (Normal) (G1 Preventive Collection) 295M->291M(300M) 3.925ms
[23.778s][info][gc,cpu         ] GC(645) User=0.02s Sys=0.00s Real=0.00s
[23.782s][info][gc,start       ] GC(646) Pause Young (Normal) (G1 Preventive Collection)
[23.782s][info][gc,task        ] GC(646) Using 4 workers of 4 for evacuation
[23.788s][info][gc             ] GC(646) To-space exhausted
[23.788s][info][gc,phases      ] GC(646)   Pre Evacuate Collection Set: 0.1ms
[23.788s][info][gc,phases      ] GC(646)   Merge Heap Roots: 0.1ms
[23.788s][info][gc,phases      ] GC(646)   Evacuate Collection Set: 4.7ms
[23.788s][info][gc,phases      ] GC(646)   Post Evacuate Collection Set: 0.8ms
[23.788s][info][gc,phases      ] GC(646)   Other: 0.2ms
[23.788s][info][gc,heap        ] GC(646) Eden regions: 5->0(13)
[23.788s][info][gc,heap        ] GC(646) Survivor regions: 2->2(2)
[23.788s][info][gc,heap        ] GC(646) Old regions: 254->257
[23.788s][info][gc,heap        ] GC(646) Archive regions: 0->0
[23.788s][info][gc,heap        ] GC(646) Humongous regions: 36->36
[23.788s][info][gc,metaspace   ] GC(646) Metaspace: 480K(640K)->480K(640K) NonClass: 445K(512K)->445K(512K) Class: 34K(128K)->34K(128K)
[23.788s][info][gc             ] GC(646) Pause Young (Normal) (G1 Preventive Collection) 296M->294M(300M) 6.007ms
[23.788s][info][gc,cpu         ] GC(646) User=0.00s Sys=0.00s Real=0.01s
[23.790s][info][gc,start       ] GC(647) Pause Young (Normal) (G1 Preventive Collection)
[23.790s][info][gc,task        ] GC(647) Using 4 workers of 4 for evacuation
[23.794s][info][gc,phases      ] GC(647)   Pre Evacuate Collection Set: 0.0ms
[23.794s][info][gc,phases      ] GC(647)   Merge Heap Roots: 0.0ms
[23.794s][info][gc,phases      ] GC(647)   Evacuate Collection Set: 4.3ms
[23.794s][info][gc,phases      ] GC(647)   Post Evacuate Collection Set: 0.2ms
[23.794s][info][gc,phases      ] GC(647)   Other: 0.1ms
[23.794s][info][gc,heap        ] GC(647) Eden regions: 2->0(13)
[23.794s][info][gc,heap        ] GC(647) Survivor regions: 2->2(2)
[23.794s][info][gc,heap        ] GC(647) Old regions: 257->258
[23.794s][info][gc,heap        ] GC(647) Archive regions: 0->0
[23.794s][info][gc,heap        ] GC(647) Humongous regions: 36->36
[23.794s][info][gc,metaspace   ] GC(647) Metaspace: 480K(640K)->480K(640K) NonClass: 445K(512K)->445K(512K) Class: 34K(128K)->34K(128K)
[23.794s][info][gc             ] GC(647) Pause Young (Normal) (G1 Preventive Collection) 296M->294M(300M) 4.833ms
[23.794s][info][gc,cpu         ] GC(647) User=0.05s Sys=0.00s Real=0.00s
[23.795s][info][gc,start       ] GC(648) Pause Young (Normal) (G1 Preventive Collection)
[23.795s][info][gc,task        ] GC(648) Using 4 workers of 4 for evacuation
[23.799s][info][gc,phases      ] GC(648)   Pre Evacuate Collection Set: 0.0ms
[23.799s][info][gc,phases      ] GC(648)   Merge Heap Roots: 0.0ms
[23.799s][info][gc,phases      ] GC(648)   Evacuate Collection Set: 3.2ms
[23.799s][info][gc,phases      ] GC(648)   Post Evacuate Collection Set: 0.2ms
[23.799s][info][gc,phases      ] GC(648)   Other: 0.1ms
[23.799s][info][gc,heap        ] GC(648) Eden regions: 1->0(14)
[23.799s][info][gc,heap        ] GC(648) Survivor regions: 2->1(2)
[23.799s][info][gc,heap        ] GC(648) Old regions: 258->260
[23.799s][info][gc,heap        ] GC(648) Archive regions: 0->0
[23.799s][info][gc,heap        ] GC(648) Humongous regions: 36->36
[23.799s][info][gc,metaspace   ] GC(648) Metaspace: 480K(640K)->480K(640K) NonClass: 445K(512K)->445K(512K) Class: 34K(128K)->34K(128K)
[23.799s][info][gc             ] GC(648) Pause Young (Normal) (G1 Preventive Collection) 295M->295M(300M) 3.696ms
[23.799s][info][gc,cpu         ] GC(648) User=0.00s Sys=0.00s Real=0.00s
[23.800s][info][gc,start       ] GC(649) Pause Young (Normal) (G1 Preventive Collection)
[23.800s][info][gc,task        ] GC(649) Using 4 workers of 4 for evacuation
[23.802s][info][gc,phases      ] GC(649)   Pre Evacuate Collection Set: 0.0ms
[23.802s][info][gc,phases      ] GC(649)   Merge Heap Roots: 0.0ms
[23.802s][info][gc,phases      ] GC(649)   Evacuate Collection Set: 1.7ms
[23.802s][info][gc,phases      ] GC(649)   Post Evacuate Collection Set: 0.2ms
[23.802s][info][gc,phases      ] GC(649)   Other: 0.1ms
[23.802s][info][gc,heap        ] GC(649) Eden regions: 1->0(14)
[23.802s][info][gc,heap        ] GC(649) Survivor regions: 1->1(2)
[23.802s][info][gc,heap        ] GC(649) Old regions: 260->260
[23.802s][info][gc,heap        ] GC(649) Archive regions: 0->0
[23.802s][info][gc,heap        ] GC(649) Humongous regions: 36->36
[23.802s][info][gc,metaspace   ] GC(649) Metaspace: 480K(640K)->480K(640K) NonClass: 445K(512K)->445K(512K) Class: 34K(128K)->34K(128K)
[23.802s][info][gc             ] GC(649) Pause Young (Normal) (G1 Preventive Collection) 296M->295M(300M) 2.312ms
[23.802s][info][gc,cpu         ] GC(649) User=0.00s Sys=0.00s Real=0.00s
[23.804s][info][gc,start       ] GC(650) Pause Young (Normal) (G1 Preventive Collection)
[23.804s][info][gc,task        ] GC(650) Using 4 workers of 4 for evacuation
[23.806s][info][gc,phases      ] GC(650)   Pre Evacuate Collection Set: 0.0ms
[23.806s][info][gc,phases      ] GC(650)   Merge Heap Roots: 0.0ms
[23.806s][info][gc,phases      ] GC(650)   Evacuate Collection Set: 1.9ms
[23.806s][info][gc,phases      ] GC(650)   Post Evacuate Collection Set: 0.2ms
[23.806s][info][gc,phases      ] GC(650)   Other: 0.1ms
[23.806s][info][gc,heap        ] GC(650) Eden regions: 1->0(13)
[23.806s][info][gc,heap        ] GC(650) Survivor regions: 1->2(2)
[23.806s][info][gc,heap        ] GC(650) Old regions: 260->260
[23.806s][info][gc,heap        ] GC(650) Archive regions: 0->0
[23.806s][info][gc,heap        ] GC(650) Humongous regions: 36->36
[23.806s][info][gc,metaspace   ] GC(650) Metaspace: 480K(640K)->480K(640K) NonClass: 445K(512K)->445K(512K) Class: 34K(128K)->34K(128K)
[23.806s][info][gc             ] GC(650) Pause Young (Normal) (G1 Preventive Collection) 296M->295M(300M) 2.453ms
[23.806s][info][gc,cpu         ] GC(650) User=0.00s Sys=0.00s Real=0.00s
[23.807s][info][gc,start       ] GC(651) Pause Young (Normal) (G1 Preventive Collection)
[23.807s][info][gc,task        ] GC(651) Using 4 workers of 4 for evacuation
[23.810s][info][gc,phases      ] GC(651)   Pre Evacuate Collection Set: 0.1ms
[23.810s][info][gc,phases      ] GC(651)   Merge Heap Roots: 0.0ms
[23.810s][info][gc,phases      ] GC(651)   Evacuate Collection Set: 2.4ms
[23.810s][info][gc,phases      ] GC(651)   Post Evacuate Collection Set: 0.2ms
[23.810s][info][gc,phases      ] GC(651)   Other: 0.1ms
[23.810s][info][gc,heap        ] GC(651) Eden regions: 1->0(14)
[23.810s][info][gc,heap        ] GC(651) Survivor regions: 2->1(1)
[23.810s][info][gc,heap        ] GC(651) Old regions: 260->260
[23.810s][info][gc,heap        ] GC(651) Archive regions: 0->0
[23.810s][info][gc,heap        ] GC(651) Humongous regions: 36->36
[23.810s][info][gc,metaspace   ] GC(651) Metaspace: 480K(640K)->480K(640K) NonClass: 445K(512K)->445K(512K) Class: 34K(128K)->34K(128K)
[23.810s][info][gc             ] GC(651) Pause Young (Normal) (G1 Preventive Collection) 296M->295M(300M) 2.989ms
[23.810s][info][gc,cpu         ] GC(651) User=0.06s Sys=0.00s Real=0.00s
[23.811s][info][gc,start       ] GC(652) Pause Young (Normal) (G1 Preventive Collection)
[23.811s][info][gc,task        ] GC(652) Using 4 workers of 4 for evacuation
[23.815s][info][gc,phases      ] GC(652)   Pre Evacuate Collection Set: 0.0ms
[23.815s][info][gc,phases      ] GC(652)   Merge Heap Roots: 0.0ms
[23.815s][info][gc,phases      ] GC(652)   Evacuate Collection Set: 3.2ms
[23.815s][info][gc,phases      ] GC(652)   Post Evacuate Collection Set: 0.2ms
[23.815s][info][gc,phases      ] GC(652)   Other: 0.1ms
[23.815s][info][gc,heap        ] GC(652) Eden regions: 1->0(13)
[23.815s][info][gc,heap        ] GC(652) Survivor regions: 1->2(2)
[23.815s][info][gc,heap        ] GC(652) Old regions: 260->260
[23.815s][info][gc,heap        ] GC(652) Archive regions: 0->0
[23.815s][info][gc,heap        ] GC(652) Humongous regions: 36->36
[23.815s][info][gc,metaspace   ] GC(652) Metaspace: 480K(640K)->480K(640K) NonClass: 445K(512K)->445K(512K) Class: 34K(128K)->34K(128K)
[23.815s][info][gc             ] GC(652) Pause Young (Normal) (G1 Preventive Collection) 296M->295M(300M) 3.753ms
[23.815s][info][gc,cpu         ] GC(652) User=0.00s Sys=0.00s Real=0.00s
[23.816s][info][gc,start       ] GC(653) Pause Young (Normal) (G1 Preventive Collection)
[23.816s][info][gc,task        ] GC(653) Using 4 workers of 4 for evacuation
[23.819s][info][gc,phases      ] GC(653)   Pre Evacuate Collection Set: 0.0ms
[23.819s][info][gc,phases      ] GC(653)   Merge Heap Roots: 0.0ms
[23.819s][info][gc,phases      ] GC(653)   Evacuate Collection Set: 3.2ms
[23.820s][info][gc,phases      ] GC(653)   Post Evacuate Collection Set: 0.2ms
[23.820s][info][gc,phases      ] GC(653)   Other: 0.1ms
[23.820s][info][gc,heap        ] GC(653) Eden regions: 1->0(14)
[23.820s][info][gc,heap        ] GC(653) Survivor regions: 2->1(1)
[23.820s][info][gc,heap        ] GC(653) Old regions: 260->260
[23.820s][info][gc,heap        ] GC(653) Archive regions: 0->0
[23.820s][info][gc,heap        ] GC(653) Humongous regions: 36->36
[23.820s][info][gc,metaspace   ] GC(653) Metaspace: 480K(640K)->480K(640K) NonClass: 445K(512K)->445K(512K) Class: 34K(128K)->34K(128K)
[23.820s][info][gc             ] GC(653) Pause Young (Normal) (G1 Preventive Collection) 296M->296M(300M) 3.726ms
[23.820s][info][gc,cpu         ] GC(653) User=0.00s Sys=0.00s Real=0.00s
[23.821s][info][gc,start       ] GC(654) Pause Young (Normal) (G1 Preventive Collection)
[23.821s][info][gc,task        ] GC(654) Using 4 workers of 4 for evacuation
[23.824s][info][gc,phases      ] GC(654)   Pre Evacuate Collection Set: 0.0ms
[23.824s][info][gc,phases      ] GC(654)   Merge Heap Roots: 0.0ms
[23.824s][info][gc,phases      ] GC(654)   Evacuate Collection Set: 3.0ms
[23.824s][info][gc,phases      ] GC(654)   Post Evacuate Collection Set: 0.2ms
[23.824s][info][gc,phases      ] GC(654)   Other: 0.1ms
[23.824s][info][gc,heap        ] GC(654) Eden regions: 1->0(13)
[23.824s][info][gc,heap        ] GC(654) Survivor regions: 1->2(2)
[23.824s][info][gc,heap        ] GC(654) Old regions: 260->260
[23.824s][info][gc,heap        ] GC(654) Archive regions: 0->0
[23.824s][info][gc,heap        ] GC(654) Humongous regions: 36->36
[23.824s][info][gc,metaspace   ] GC(654) Metaspace: 480K(640K)->480K(640K) NonClass: 445K(512K)->445K(512K) Class: 34K(128K)->34K(128K)
[23.824s][info][gc             ] GC(654) Pause Young (Normal) (G1 Preventive Collection) 297M->296M(300M) 3.565ms
[23.824s][info][gc,cpu         ] GC(654) User=0.02s Sys=0.00s Real=0.00s
[23.825s][info][gc,start       ] GC(655) Pause Young (Normal) (G1 Preventive Collection)
[23.825s][info][gc,task        ] GC(655) Using 4 workers of 4 for evacuation
[23.829s][info][gc             ] GC(655) To-space exhausted
[23.829s][info][gc,phases      ] GC(655)   Pre Evacuate Collection Set: 0.0ms
[23.829s][info][gc,phases      ] GC(655)   Merge Heap Roots: 0.0ms
[23.829s][info][gc,phases      ] GC(655)   Evacuate Collection Set: 3.1ms
[23.829s][info][gc,phases      ] GC(655)   Post Evacuate Collection Set: 0.7ms
[23.829s][info][gc,phases      ] GC(655)   Other: 0.1ms
[23.829s][info][gc,heap        ] GC(655) Eden regions: 1->0(14)
[23.829s][info][gc,heap        ] GC(655) Survivor regions: 2->1(1)
[23.829s][info][gc,heap        ] GC(655) Old regions: 260->262
[23.830s][info][gc,heap        ] GC(655) Archive regions: 0->0
[23.830s][info][gc,heap        ] GC(655) Humongous regions: 36->36
[23.830s][info][gc,metaspace   ] GC(655) Metaspace: 480K(640K)->480K(640K) NonClass: 445K(512K)->445K(512K) Class: 34K(128K)->34K(128K)
[23.830s][info][gc             ] GC(655) Pause Young (Normal) (G1 Preventive Collection) 297M->297M(300M) 4.170ms
[23.830s][info][gc,cpu         ] GC(655) User=0.00s Sys=0.00s Real=0.00s
[23.831s][info][gc,start       ] GC(656) Pause Young (Normal) (G1 Evacuation Pause)
[23.831s][info][gc,task        ] GC(656) Using 4 workers of 4 for evacuation
[23.836s][info][gc             ] GC(656) To-space exhausted
[23.836s][info][gc,phases      ] GC(656)   Pre Evacuate Collection Set: 0.0ms
[23.836s][info][gc,phases      ] GC(656)   Merge Heap Roots: 0.0ms
[23.836s][info][gc,phases      ] GC(656)   Evacuate Collection Set: 3.5ms
[23.836s][info][gc,phases      ] GC(656)   Post Evacuate Collection Set: 1.8ms
[23.836s][info][gc,phases      ] GC(656)   Other: 0.1ms
[23.836s][info][gc,heap        ] GC(656) Eden regions: 1->0(15)
[23.836s][info][gc,heap        ] GC(656) Survivor regions: 1->0(0)
[23.836s][info][gc,heap        ] GC(656) Old regions: 262->264
[23.836s][info][gc,heap        ] GC(656) Archive regions: 0->0
[23.836s][info][gc,heap        ] GC(656) Humongous regions: 36->36
[23.836s][info][gc,metaspace   ] GC(656) Metaspace: 480K(640K)->480K(640K) NonClass: 445K(512K)->445K(512K) Class: 34K(128K)->34K(128K)
[23.836s][info][gc             ] GC(656) Pause Young (Normal) (G1 Evacuation Pause) 298M->298M(300M) 5.717ms
[23.836s][info][gc,cpu         ] GC(656) User=0.00s Sys=0.00s Real=0.01s
[23.836s][info][gc,ergo        ] Attempting full compaction
[23.836s][info][gc,task        ] GC(657) Using 4 workers of 4 for full compaction
[23.837s][info][gc,start       ] GC(657) Pause Full (G1 Compaction Pause)
[23.837s][info][gc,phases,start] GC(657) Phase 1: Mark live objects
[23.892s][info][gc,phases      ] GC(657) Phase 1: Mark live objects 55.652ms
[23.892s][info][gc,phases,start] GC(657) Phase 2: Prepare for compaction
[23.898s][info][gc,phases      ] GC(657) Phase 2: Prepare for compaction 5.208ms
[23.898s][info][gc,phases,start] GC(657) Phase 3: Adjust pointers
[23.915s][info][gc,phases      ] GC(657) Phase 3: Adjust pointers 17.586ms
[23.915s][info][gc,phases,start] GC(657) Phase 4: Compact heap
[23.921s][info][gc,phases      ] GC(657) Phase 4: Compact heap 5.303ms
[23.921s][info][gc,heap        ] GC(657) Eden regions: 0->0(126)
[23.921s][info][gc,heap        ] GC(657) Survivor regions: 0->0(0)
[23.921s][info][gc,heap        ] GC(657) Old regions: 264->51
[23.921s][info][gc,heap        ] GC(657) Archive regions: 0->0
[23.921s][info][gc,heap        ] GC(657) Humongous regions: 36->36
[23.921s][info][gc,metaspace   ] GC(657) Metaspace: 480K(640K)->480K(640K) NonClass: 445K(512K)->445K(512K) Class: 34K(128K)->34K(128K)
[23.921s][info][gc             ] GC(657) Pause Full (G1 Compaction Pause) 298M->85M(300M) 84.860ms
[23.922s][info][gc,cpu         ] GC(657) User=0.36s Sys=0.00s Real=0.09s
[23.922s][info][gc,marking     ] GC(616) Concurrent Rebuild Remembered Sets 527.342ms
[23.922s][info][gc,marking     ] GC(616) Concurrent Mark Abort
[23.922s][info][gc             ] GC(616) Concurrent Mark Cycle 1194.805ms
[24.019s][info][gc,start       ] GC(658) Pause Young (Normal) (G1 Evacuation Pause)
[24.019s][info][gc,task        ] GC(658) Using 4 workers of 4 for evacuation
[24.055s][info][gc,phases      ] GC(658)   Pre Evacuate Collection Set: 0.0ms
[24.055s][info][gc,phases      ] GC(658)   Merge Heap Roots: 0.1ms
[24.055s][info][gc,phases      ] GC(658)   Evacuate Collection Set: 35.4ms
[24.055s][info][gc,phases      ] GC(658)   Post Evacuate Collection Set: 0.2ms
[24.055s][info][gc,phases      ] GC(658)   Other: 0.1ms
[24.055s][info][gc,heap        ] GC(658) Eden regions: 126->0(108)
[24.055s][info][gc,heap        ] GC(658) Survivor regions: 0->16(16)
[24.055s][info][gc,heap        ] GC(658) Old regions: 51->61
[24.055s][info][gc,heap        ] GC(658) Archive regions: 0->0
[24.055s][info][gc,heap        ] GC(658) Humongous regions: 36->36
[24.055s][info][gc,metaspace   ] GC(658) Metaspace: 480K(640K)->480K(640K) NonClass: 445K(512K)->445K(512K) Class: 34K(128K)->34K(128K)
[24.055s][info][gc             ] GC(658) Pause Young (Normal) (G1 Evacuation Pause) 211M->110M(300M) 36.151ms
[24.055s][info][gc,cpu         ] GC(658) User=0.11s Sys=0.00s Real=0.04s
[24.138s][info][gc,start       ] GC(659) Pause Young (Normal) (G1 Evacuation Pause)
[24.138s][info][gc,task        ] GC(659) Using 4 workers of 4 for evacuation
[24.185s][info][gc,phases      ] GC(659)   Pre Evacuate Collection Set: 0.0ms
[24.186s][info][gc,phases      ] GC(659)   Merge Heap Roots: 0.1ms
[24.186s][info][gc,phases      ] GC(659)   Evacuate Collection Set: 47.5ms
[24.186s][info][gc,phases      ] GC(659)   Post Evacuate Collection Set: 0.2ms
[24.186s][info][gc,phases      ] GC(659)   Other: 0.1ms
[24.186s][info][gc,heap        ] GC(659) Eden regions: 108->0(93)
[24.186s][info][gc,heap        ] GC(659) Survivor regions: 16->16(16)
[24.186s][info][gc,heap        ] GC(659) Old regions: 61->83
[24.186s][info][gc,heap        ] GC(659) Archive regions: 0->0
[24.186s][info][gc,heap        ] GC(659) Humongous regions: 36->36
[24.186s][info][gc,metaspace   ] GC(659) Metaspace: 480K(640K)->480K(640K) NonClass: 445K(512K)->445K(512K) Class: 34K(128K)->34K(128K)
[24.186s][info][gc             ] GC(659) Pause Young (Normal) (G1 Evacuation Pause) 218M->133M(300M) 48.186ms
[24.186s][info][gc,cpu         ] GC(659) User=0.17s Sys=0.00s Real=0.05s
[24.259s][info][gc,start       ] GC(660) Pause Young (Normal) (G1 Evacuation Pause)
[24.259s][info][gc,task        ] GC(660) Using 4 workers of 4 for evacuation
[24.301s][info][gc,phases      ] GC(660)   Pre Evacuate Collection Set: 0.1ms
[24.302s][info][gc,phases      ] GC(660)   Merge Heap Roots: 0.1ms
[24.302s][info][gc,phases      ] GC(660)   Evacuate Collection Set: 42.2ms
[24.302s][info][gc,phases      ] GC(660)   Post Evacuate Collection Set: 0.2ms
[24.302s][info][gc,phases      ] GC(660)   Other: 0.1ms
[24.302s][info][gc,heap        ] GC(660) Eden regions: 93->0(79)
[24.302s][info][gc,heap        ] GC(660) Survivor regions: 16->14(14)
[24.302s][info][gc,heap        ] GC(660) Old regions: 83->105
[24.302s][info][gc,heap        ] GC(660) Archive regions: 0->0
[24.302s][info][gc,heap        ] GC(660) Humongous regions: 36->36
[24.302s][info][gc,metaspace   ] GC(660) Metaspace: 480K(640K)->480K(640K) NonClass: 445K(512K)->445K(512K) Class: 34K(128K)->34K(128K)
[24.302s][info][gc             ] GC(660) Pause Young (Normal) (G1 Evacuation Pause) 226M->152M(300M) 43.084ms
[24.302s][info][gc,cpu         ] GC(660) User=0.17s Sys=0.00s Real=0.04s
[24.363s][info][gc,start       ] GC(661) Pause Young (Concurrent Start) (G1 Evacuation Pause)
[24.363s][info][gc,task        ] GC(661) Using 4 workers of 4 for evacuation
[24.399s][info][gc,phases      ] GC(661)   Pre Evacuate Collection Set: 0.1ms
[24.399s][info][gc,phases      ] GC(661)   Merge Heap Roots: 0.1ms
[24.399s][info][gc,phases      ] GC(661)   Evacuate Collection Set: 36.1ms
[24.399s][info][gc,phases      ] GC(661)   Post Evacuate Collection Set: 0.2ms
[24.399s][info][gc,phases      ] GC(661)   Other: 0.2ms
[24.399s][info][gc,heap        ] GC(661) Eden regions: 79->0(68)
[24.399s][info][gc,heap        ] GC(661) Survivor regions: 14->12(12)
[24.399s][info][gc,heap        ] GC(661) Old regions: 105->123
[24.400s][info][gc,heap        ] GC(661) Archive regions: 0->0
[24.400s][info][gc,heap        ] GC(661) Humongous regions: 36->36
[24.400s][info][gc,metaspace   ] GC(661) Metaspace: 480K(640K)->480K(640K) NonClass: 445K(512K)->445K(512K) Class: 34K(128K)->34K(128K)
[24.400s][info][gc             ] GC(661) Pause Young (Concurrent Start) (G1 Evacuation Pause) 231M->169M(300M) 36.896ms
[24.400s][info][gc,cpu         ] GC(661) User=0.13s Sys=0.00s Real=0.04s
[24.400s][info][gc             ] GC(662) Concurrent Mark Cycle
[24.400s][info][gc,marking     ] GC(662) Concurrent Clear Claimed Marks
[24.400s][info][gc,marking     ] GC(662) Concurrent Clear Claimed Marks 0.026ms
[24.400s][info][gc,marking     ] GC(662) Concurrent Scan Root Regions
[24.418s][info][gc,marking     ] GC(662) Concurrent Scan Root Regions 18.543ms
[24.418s][info][gc,marking     ] GC(662) Concurrent Mark
[24.418s][info][gc,marking     ] GC(662) Concurrent Mark From Roots
[24.418s][info][gc,task        ] GC(662) Using 1 workers of 1 for marking
[24.471s][info][gc,start       ] GC(663) Pause Young (Normal) (G1 Evacuation Pause)
[24.471s][info][gc,task        ] GC(663) Using 4 workers of 4 for evacuation
[24.504s][info][gc,phases      ] GC(663)   Pre Evacuate Collection Set: 0.1ms
[24.504s][info][gc,phases      ] GC(663)   Merge Heap Roots: 0.1ms
[24.504s][info][gc,phases      ] GC(663)   Evacuate Collection Set: 32.0ms
[24.504s][info][gc,phases      ] GC(663)   Post Evacuate Collection Set: 0.2ms
[24.504s][info][gc,phases      ] GC(663)   Other: 0.2ms
[24.504s][info][gc,heap        ] GC(663) Eden regions: 68->0(57)
[24.504s][info][gc,heap        ] GC(663) Survivor regions: 12->10(10)
[24.504s][info][gc,heap        ] GC(663) Old regions: 123->140
[24.504s][info][gc,heap        ] GC(663) Archive regions: 0->0
[24.504s][info][gc,heap        ] GC(663) Humongous regions: 36->36
[24.504s][info][gc,metaspace   ] GC(663) Metaspace: 480K(640K)->480K(640K) NonClass: 445K(512K)->445K(512K) Class: 34K(128K)->34K(128K)
[24.504s][info][gc             ] GC(663) Pause Young (Normal) (G1 Evacuation Pause) 237M->183M(300M) 32.810ms
[24.504s][info][gc,cpu         ] GC(663) User=0.13s Sys=0.00s Real=0.03s
[24.574s][info][gc,start       ] GC(664) Pause Young (Normal) (G1 Evacuation Pause)
[24.574s][info][gc,task        ] GC(664) Using 4 workers of 4 for evacuation
[24.600s][info][gc,phases      ] GC(664)   Pre Evacuate Collection Set: 0.1ms
[24.600s][info][gc,phases      ] GC(664)   Merge Heap Roots: 0.1ms
[24.600s][info][gc,phases      ] GC(664)   Evacuate Collection Set: 25.7ms
[24.600s][info][gc,phases      ] GC(664)   Post Evacuate Collection Set: 0.2ms
[24.600s][info][gc,phases      ] GC(664)   Other: 0.2ms
[24.600s][info][gc,heap        ] GC(664) Eden regions: 57->0(49)
[24.600s][info][gc,heap        ] GC(664) Survivor regions: 10->9(9)
[24.600s][info][gc,heap        ] GC(664) Old regions: 140->153
[24.600s][info][gc,heap        ] GC(664) Archive regions: 0->0
[24.600s][info][gc,heap        ] GC(664) Humongous regions: 36->36
[24.600s][info][gc,metaspace   ] GC(664) Metaspace: 480K(640K)->480K(640K) NonClass: 445K(512K)->445K(512K) Class: 34K(128K)->34K(128K)
[24.600s][info][gc             ] GC(664) Pause Young (Normal) (G1 Evacuation Pause) 240M->195M(300M) 26.508ms
[24.600s][info][gc,cpu         ] GC(664) User=0.13s Sys=0.00s Real=0.03s
[24.659s][info][gc,start       ] GC(665) Pause Young (Normal) (G1 Evacuation Pause)
[24.659s][info][gc,task        ] GC(665) Using 4 workers of 4 for evacuation
[24.682s][info][gc,phases      ] GC(665)   Pre Evacuate Collection Set: 0.1ms
[24.682s][info][gc,phases      ] GC(665)   Merge Heap Roots: 0.1ms
[24.682s][info][gc,phases      ] GC(665)   Evacuate Collection Set: 23.1ms
[24.682s][info][gc,phases      ] GC(665)   Post Evacuate Collection Set: 0.2ms
[24.682s][info][gc,phases      ] GC(665)   Other: 0.2ms
[24.683s][info][gc,heap        ] GC(665) Eden regions: 49->0(42)
[24.683s][info][gc,heap        ] GC(665) Survivor regions: 9->8(8)
[24.683s][info][gc,heap        ] GC(665) Old regions: 153->164
[24.683s][info][gc,heap        ] GC(665) Archive regions: 0->0
[24.683s][info][gc,heap        ] GC(665) Humongous regions: 36->36
[24.683s][info][gc,metaspace   ] GC(665) Metaspace: 480K(640K)->480K(640K) NonClass: 445K(512K)->445K(512K) Class: 34K(128K)->34K(128K)
[24.683s][info][gc             ] GC(665) Pause Young (Normal) (G1 Evacuation Pause) 244M->206M(300M) 23.961ms
[24.683s][info][gc,cpu         ] GC(665) User=0.06s Sys=0.00s Real=0.02s
[24.736s][info][gc,start       ] GC(666) Pause Young (Normal) (G1 Evacuation Pause)
[24.736s][info][gc,task        ] GC(666) Using 4 workers of 4 for evacuation
[24.756s][info][gc,phases      ] GC(666)   Pre Evacuate Collection Set: 0.0ms
[24.756s][info][gc,phases      ] GC(666)   Merge Heap Roots: 0.0ms
[24.756s][info][gc,phases      ] GC(666)   Evacuate Collection Set: 20.0ms
[24.756s][info][gc,phases      ] GC(666)   Post Evacuate Collection Set: 0.2ms
[24.756s][info][gc,phases      ] GC(666)   Other: 0.1ms
[24.756s][info][gc,heap        ] GC(666) Eden regions: 42->0(35)
[24.756s][info][gc,heap        ] GC(666) Survivor regions: 8->7(7)
[24.756s][info][gc,heap        ] GC(666) Old regions: 164->175
[24.756s][info][gc,heap        ] GC(666) Archive regions: 0->0
[24.756s][info][gc,heap        ] GC(666) Humongous regions: 36->36
[24.756s][info][gc,metaspace   ] GC(666) Metaspace: 480K(640K)->480K(640K) NonClass: 445K(512K)->445K(512K) Class: 34K(128K)->34K(128K)
[24.757s][info][gc             ] GC(666) Pause Young (Normal) (G1 Evacuation Pause) 248M->215M(300M) 20.771ms
[24.757s][info][gc,cpu         ] GC(666) User=0.06s Sys=0.00s Real=0.02s
[24.797s][info][gc,start       ] GC(667) Pause Young (Normal) (G1 Evacuation Pause)
[24.797s][info][gc,task        ] GC(667) Using 4 workers of 4 for evacuation
[24.815s][info][gc,phases      ] GC(667)   Pre Evacuate Collection Set: 0.0ms
[24.815s][info][gc,phases      ] GC(667)   Merge Heap Roots: 0.0ms
[24.815s][info][gc,phases      ] GC(667)   Evacuate Collection Set: 18.0ms
[24.815s][info][gc,phases      ] GC(667)   Post Evacuate Collection Set: 0.2ms
[24.815s][info][gc,phases      ] GC(667)   Other: 0.2ms
[24.815s][info][gc,heap        ] GC(667) Eden regions: 35->0(30)
[24.815s][info][gc,heap        ] GC(667) Survivor regions: 7->6(6)
[24.815s][info][gc,heap        ] GC(667) Old regions: 175->184
[24.815s][info][gc,heap        ] GC(667) Archive regions: 0->0
[24.815s][info][gc,heap        ] GC(667) Humongous regions: 36->36
[24.815s][info][gc,metaspace   ] GC(667) Metaspace: 480K(640K)->480K(640K) NonClass: 445K(512K)->445K(512K) Class: 34K(128K)->34K(128K)
[24.815s][info][gc             ] GC(667) Pause Young (Normal) (G1 Evacuation Pause) 250M->223M(300M) 18.707ms
[24.815s][info][gc,cpu         ] GC(667) User=0.06s Sys=0.00s Real=0.02s
[24.845s][info][gc,start       ] GC(668) Pause Young (Normal) (G1 Evacuation Pause)
[24.845s][info][gc,task        ] GC(668) Using 4 workers of 4 for evacuation
[24.861s][info][gc,phases      ] GC(668)   Pre Evacuate Collection Set: 0.0ms
[24.861s][info][gc,phases      ] GC(668)   Merge Heap Roots: 0.0ms
[24.861s][info][gc,phases      ] GC(668)   Evacuate Collection Set: 15.5ms
[24.861s][info][gc,phases      ] GC(668)   Post Evacuate Collection Set: 0.2ms
[24.861s][info][gc,phases      ] GC(668)   Other: 0.1ms
[24.861s][info][gc,heap        ] GC(668) Eden regions: 30->0(25)
[24.861s][info][gc,heap        ] GC(668) Survivor regions: 6->5(5)
[24.861s][info][gc,heap        ] GC(668) Old regions: 184->192
[24.861s][info][gc,heap        ] GC(668) Archive regions: 0->0
[24.861s][info][gc,heap        ] GC(668) Humongous regions: 36->36
[24.861s][info][gc,metaspace   ] GC(668) Metaspace: 480K(640K)->480K(640K) NonClass: 445K(512K)->445K(512K) Class: 34K(128K)->34K(128K)
[24.861s][info][gc             ] GC(668) Pause Young (Normal) (G1 Evacuation Pause) 253M->230M(300M) 16.085ms
[24.861s][info][gc,cpu         ] GC(668) User=0.06s Sys=0.00s Real=0.02s
[24.889s][info][gc,start       ] GC(669) Pause Young (Normal) (G1 Evacuation Pause)
[24.889s][info][gc,task        ] GC(669) Using 4 workers of 4 for evacuation
[24.902s][info][gc,phases      ] GC(669)   Pre Evacuate Collection Set: 0.0ms
[24.902s][info][gc,phases      ] GC(669)   Merge Heap Roots: 0.0ms
[24.902s][info][gc,phases      ] GC(669)   Evacuate Collection Set: 12.2ms
[24.902s][info][gc,phases      ] GC(669)   Post Evacuate Collection Set: 0.2ms
[24.902s][info][gc,phases      ] GC(669)   Other: 0.1ms
[24.902s][info][gc,heap        ] GC(669) Eden regions: 25->0(21)
[24.902s][info][gc,heap        ] GC(669) Survivor regions: 5->4(4)
[24.902s][info][gc,heap        ] GC(669) Old regions: 192->199
[24.902s][info][gc,heap        ] GC(669) Archive regions: 0->0
[24.902s][info][gc,heap        ] GC(669) Humongous regions: 36->36
[24.902s][info][gc,metaspace   ] GC(669) Metaspace: 480K(640K)->480K(640K) NonClass: 445K(512K)->445K(512K) Class: 34K(128K)->34K(128K)
[24.902s][info][gc             ] GC(669) Pause Young (Normal) (G1 Evacuation Pause) 255M->236M(300M) 12.919ms
[24.902s][info][gc,cpu         ] GC(669) User=0.06s Sys=0.00s Real=0.01s
[24.927s][info][gc,start       ] GC(670) Pause Young (Normal) (G1 Evacuation Pause)
[24.927s][info][gc,task        ] GC(670) Using 4 workers of 4 for evacuation
[24.938s][info][gc,phases      ] GC(670)   Pre Evacuate Collection Set: 0.1ms
[24.938s][info][gc,phases      ] GC(670)   Merge Heap Roots: 0.0ms
[24.938s][info][gc,phases      ] GC(670)   Evacuate Collection Set: 11.0ms
[24.938s][info][gc,phases      ] GC(670)   Post Evacuate Collection Set: 0.2ms
[24.938s][info][gc,phases      ] GC(670)   Other: 0.1ms
[24.938s][info][gc,heap        ] GC(670) Eden regions: 21->0(17)
[24.938s][info][gc,heap        ] GC(670) Survivor regions: 4->4(4)
[24.938s][info][gc,heap        ] GC(670) Old regions: 199->204
[24.938s][info][gc,heap        ] GC(670) Archive regions: 0->0
[24.938s][info][gc,heap        ] GC(670) Humongous regions: 36->36
[24.939s][info][gc,metaspace   ] GC(670) Metaspace: 480K(640K)->480K(640K) NonClass: 445K(512K)->445K(512K) Class: 34K(128K)->34K(128K)
[24.939s][info][gc             ] GC(670) Pause Young (Normal) (G1 Evacuation Pause) 257M->241M(300M) 11.654ms
[24.939s][info][gc,cpu         ] GC(670) User=0.06s Sys=0.00s Real=0.01s
[24.958s][info][gc,start       ] GC(671) Pause Young (Normal) (G1 Evacuation Pause)
[24.958s][info][gc,task        ] GC(671) Using 4 workers of 4 for evacuation
[24.968s][info][gc,phases      ] GC(671)   Pre Evacuate Collection Set: 0.0ms
[24.968s][info][gc,phases      ] GC(671)   Merge Heap Roots: 0.0ms
[24.968s][info][gc,phases      ] GC(671)   Evacuate Collection Set: 9.6ms
[24.968s][info][gc,phases      ] GC(671)   Post Evacuate Collection Set: 0.2ms
[24.968s][info][gc,phases      ] GC(671)   Other: 0.2ms
[24.968s][info][gc,heap        ] GC(671) Eden regions: 17->0(15)
[24.968s][info][gc,heap        ] GC(671) Survivor regions: 4->3(3)
[24.968s][info][gc,heap        ] GC(671) Old regions: 204->208
[24.968s][info][gc,heap        ] GC(671) Archive regions: 0->0
[24.968s][info][gc,heap        ] GC(671) Humongous regions: 36->36
[24.968s][info][gc,metaspace   ] GC(671) Metaspace: 480K(640K)->480K(640K) NonClass: 445K(512K)->445K(512K) Class: 34K(128K)->34K(128K)
[24.968s][info][gc             ] GC(671) Pause Young (Normal) (G1 Evacuation Pause) 258M->244M(300M) 10.323ms
[24.968s][info][gc,cpu         ] GC(671) User=0.06s Sys=0.00s Real=0.01s
[24.985s][info][gc,start       ] GC(672) Pause Young (Normal) (G1 Evacuation Pause)
[24.985s][info][gc,task        ] GC(672) Using 4 workers of 4 for evacuation
[24.994s][info][gc,phases      ] GC(672)   Pre Evacuate Collection Set: 0.0ms
[24.994s][info][gc,phases      ] GC(672)   Merge Heap Roots: 0.0ms
[24.994s][info][gc,phases      ] GC(672)   Evacuate Collection Set: 8.4ms
[24.994s][info][gc,phases      ] GC(672)   Post Evacuate Collection Set: 0.2ms
[24.994s][info][gc,phases      ] GC(672)   Other: 0.1ms
[24.994s][info][gc,heap        ] GC(672) Eden regions: 15->0(12)
[24.994s][info][gc,heap        ] GC(672) Survivor regions: 3->3(3)
[24.994s][info][gc,heap        ] GC(672) Old regions: 208->212
[24.994s][info][gc,heap        ] GC(672) Archive regions: 0->0
[24.994s][info][gc,heap        ] GC(672) Humongous regions: 36->36
[24.994s][info][gc,metaspace   ] GC(672) Metaspace: 480K(640K)->480K(640K) NonClass: 445K(512K)->445K(512K) Class: 34K(128K)->34K(128K)
[24.994s][info][gc             ] GC(672) Pause Young (Normal) (G1 Evacuation Pause) 259M->248M(300M) 9.087ms
[24.994s][info][gc,cpu         ] GC(672) User=0.00s Sys=0.00s Real=0.01s
[25.032s][info][gc,marking     ] GC(662) Concurrent Mark From Roots 613.896ms
[25.032s][info][gc,marking     ] GC(662) Concurrent Preclean
[25.032s][info][gc,marking     ] GC(662) Concurrent Preclean 0.072ms
[25.033s][info][gc,start       ] GC(662) Pause Remark
[25.033s][info][gc             ] GC(662) Pause Remark 257M->257M(300M) 0.416ms
[25.033s][info][gc,cpu         ] GC(662) User=0.00s Sys=0.00s Real=0.00s
[25.033s][info][gc,marking     ] GC(662) Concurrent Mark 614.690ms
[25.033s][info][gc,marking     ] GC(662) Concurrent Rebuild Remembered Sets
[25.037s][info][gc,start       ] GC(673) Pause Young (Normal) (G1 Evacuation Pause)
[25.037s][info][gc,task        ] GC(673) Using 4 workers of 4 for evacuation
[25.041s][info][gc,phases      ] GC(673)   Pre Evacuate Collection Set: 0.1ms
[25.041s][info][gc,phases      ] GC(673)   Merge Heap Roots: 0.1ms
[25.041s][info][gc,phases      ] GC(673)   Evacuate Collection Set: 3.5ms
[25.041s][info][gc,phases      ] GC(673)   Post Evacuate Collection Set: 0.2ms
[25.041s][info][gc,phases      ] GC(673)   Other: 0.1ms
[25.041s][info][gc,heap        ] GC(673) Eden regions: 12->0(13)
[25.041s][info][gc,heap        ] GC(673) Survivor regions: 3->2(2)
[25.041s][info][gc,heap        ] GC(673) Old regions: 212->212
[25.041s][info][gc,heap        ] GC(673) Archive regions: 0->0
[25.041s][info][gc,heap        ] GC(673) Humongous regions: 36->36
[25.041s][info][gc,metaspace   ] GC(673) Metaspace: 480K(640K)->480K(640K) NonClass: 445K(512K)->445K(512K) Class: 34K(128K)->34K(128K)
[25.041s][info][gc             ] GC(673) Pause Young (Normal) (G1 Evacuation Pause) 260M->247M(300M) 4.201ms
[25.041s][info][gc,cpu         ] GC(673) User=0.00s Sys=0.00s Real=0.00s
[25.057s][info][gc,start       ] GC(674) Pause Young (Normal) (G1 Evacuation Pause)
[25.057s][info][gc,task        ] GC(674) Using 4 workers of 4 for evacuation
[25.062s][info][gc,phases      ] GC(674)   Pre Evacuate Collection Set: 0.0ms
[25.062s][info][gc,phases      ] GC(674)   Merge Heap Roots: 0.0ms
[25.062s][info][gc,phases      ] GC(674)   Evacuate Collection Set: 5.0ms
[25.062s][info][gc,phases      ] GC(674)   Post Evacuate Collection Set: 0.2ms
[25.062s][info][gc,phases      ] GC(674)   Other: 0.1ms
[25.062s][info][gc,heap        ] GC(674) Eden regions: 13->0(13)
[25.062s][info][gc,heap        ] GC(674) Survivor regions: 2->2(2)
[25.062s][info][gc,heap        ] GC(674) Old regions: 212->214
[25.062s][info][gc,heap        ] GC(674) Archive regions: 0->0
[25.062s][info][gc,heap        ] GC(674) Humongous regions: 36->36
[25.062s][info][gc,metaspace   ] GC(674) Metaspace: 480K(640K)->480K(640K) NonClass: 445K(512K)->445K(512K) Class: 34K(128K)->34K(128K)
[25.062s][info][gc             ] GC(674) Pause Young (Normal) (G1 Evacuation Pause) 260M->249M(300M) 5.598ms
[25.062s][info][gc,cpu         ] GC(674) User=0.06s Sys=0.00s Real=0.00s
[25.075s][info][gc,start       ] GC(675) Pause Young (Normal) (G1 Evacuation Pause)
[25.075s][info][gc,task        ] GC(675) Using 4 workers of 4 for evacuation
[25.082s][info][gc,phases      ] GC(675)   Pre Evacuate Collection Set: 0.0ms
[25.082s][info][gc,phases      ] GC(675)   Merge Heap Roots: 0.0ms
[25.082s][info][gc,phases      ] GC(675)   Evacuate Collection Set: 6.1ms
[25.082s][info][gc,phases      ] GC(675)   Post Evacuate Collection Set: 0.2ms
[25.082s][info][gc,phases      ] GC(675)   Other: 0.1ms
[25.082s][info][gc,heap        ] GC(675) Eden regions: 13->0(13)
[25.082s][info][gc,heap        ] GC(675) Survivor regions: 2->2(2)
[25.082s][info][gc,heap        ] GC(675) Old regions: 214->217
[25.082s][info][gc,heap        ] GC(675) Archive regions: 0->0
[25.082s][info][gc,heap        ] GC(675) Humongous regions: 36->36
[25.082s][info][gc,metaspace   ] GC(675) Metaspace: 480K(640K)->480K(640K) NonClass: 445K(512K)->445K(512K) Class: 34K(128K)->34K(128K)
[25.082s][info][gc             ] GC(675) Pause Young (Normal) (G1 Evacuation Pause) 262M->252M(300M) 6.875ms
[25.082s][info][gc,cpu         ] GC(675) User=0.00s Sys=0.00s Real=0.01s
[25.093s][info][gc,start       ] GC(676) Pause Young (Normal) (G1 Evacuation Pause)
[25.093s][info][gc,task        ] GC(676) Using 4 workers of 4 for evacuation
[25.100s][info][gc,phases      ] GC(676)   Pre Evacuate Collection Set: 0.1ms
[25.100s][info][gc,phases      ] GC(676)   Merge Heap Roots: 0.0ms
[25.100s][info][gc,phases      ] GC(676)   Evacuate Collection Set: 6.6ms
[25.100s][info][gc,phases      ] GC(676)   Post Evacuate Collection Set: 0.2ms
[25.100s][info][gc,phases      ] GC(676)   Other: 0.2ms
[25.100s][info][gc,heap        ] GC(676) Eden regions: 13->0(13)
[25.100s][info][gc,heap        ] GC(676) Survivor regions: 2->2(2)
[25.100s][info][gc,heap        ] GC(676) Old regions: 217->220
[25.100s][info][gc,heap        ] GC(676) Archive regions: 0->0
[25.100s][info][gc,heap        ] GC(676) Humongous regions: 36->36
[25.100s][info][gc,metaspace   ] GC(676) Metaspace: 480K(640K)->480K(640K) NonClass: 445K(512K)->445K(512K) Class: 34K(128K)->34K(128K)
[25.100s][info][gc             ] GC(676) Pause Young (Normal) (G1 Evacuation Pause) 265M->255M(300M) 7.303ms
[25.100s][info][gc,cpu         ] GC(676) User=0.00s Sys=0.00s Real=0.01s
[25.111s][info][gc,start       ] GC(677) Pause Young (Normal) (G1 Evacuation Pause)
[25.111s][info][gc,task        ] GC(677) Using 4 workers of 4 for evacuation
[25.118s][info][gc,phases      ] GC(677)   Pre Evacuate Collection Set: 0.0ms
[25.118s][info][gc,phases      ] GC(677)   Merge Heap Roots: 0.0ms
[25.118s][info][gc,phases      ] GC(677)   Evacuate Collection Set: 7.0ms
[25.118s][info][gc,phases      ] GC(677)   Post Evacuate Collection Set: 0.2ms
[25.118s][info][gc,phases      ] GC(677)   Other: 0.1ms
[25.118s][info][gc,heap        ] GC(677) Eden regions: 13->0(13)
[25.118s][info][gc,heap        ] GC(677) Survivor regions: 2->2(2)
[25.118s][info][gc,heap        ] GC(677) Old regions: 220->222
[25.118s][info][gc,heap        ] GC(677) Archive regions: 0->0
[25.118s][info][gc,heap        ] GC(677) Humongous regions: 36->36
[25.118s][info][gc,metaspace   ] GC(677) Metaspace: 480K(640K)->480K(640K) NonClass: 445K(512K)->445K(512K) Class: 34K(128K)->34K(128K)
[25.118s][info][gc             ] GC(677) Pause Young (Normal) (G1 Evacuation Pause) 268M->258M(300M) 7.594ms
[25.118s][info][gc,cpu         ] GC(677) User=0.00s Sys=0.00s Real=0.01s
[25.129s][info][gc,start       ] GC(678) Pause Young (Normal) (G1 Evacuation Pause)
[25.129s][info][gc,task        ] GC(678) Using 4 workers of 4 for evacuation
[25.136s][info][gc,phases      ] GC(678)   Pre Evacuate Collection Set: 0.0ms
[25.136s][info][gc,phases      ] GC(678)   Merge Heap Roots: 0.0ms
[25.136s][info][gc,phases      ] GC(678)   Evacuate Collection Set: 6.6ms
[25.136s][info][gc,phases      ] GC(678)   Post Evacuate Collection Set: 0.2ms
[25.136s][info][gc,phases      ] GC(678)   Other: 0.1ms
[25.136s][info][gc,heap        ] GC(678) Eden regions: 13->0(13)
[25.136s][info][gc,heap        ] GC(678) Survivor regions: 2->2(2)
[25.137s][info][gc,heap        ] GC(678) Old regions: 222->225
[25.137s][info][gc,heap        ] GC(678) Archive regions: 0->0
[25.137s][info][gc,heap        ] GC(678) Humongous regions: 36->36
[25.137s][info][gc,metaspace   ] GC(678) Metaspace: 480K(640K)->480K(640K) NonClass: 445K(512K)->445K(512K) Class: 34K(128K)->34K(128K)
[25.137s][info][gc             ] GC(678) Pause Young (Normal) (G1 Evacuation Pause) 271M->260M(300M) 7.150ms
[25.137s][info][gc,cpu         ] GC(678) User=0.00s Sys=0.02s Real=0.01s
[25.148s][info][gc,start       ] GC(679) Pause Young (Normal) (G1 Evacuation Pause)
[25.148s][info][gc,task        ] GC(679) Using 4 workers of 4 for evacuation
[25.156s][info][gc,phases      ] GC(679)   Pre Evacuate Collection Set: 0.0ms
[25.156s][info][gc,phases      ] GC(679)   Merge Heap Roots: 0.0ms
[25.156s][info][gc,phases      ] GC(679)   Evacuate Collection Set: 7.6ms
[25.156s][info][gc,phases      ] GC(679)   Post Evacuate Collection Set: 0.2ms
[25.156s][info][gc,phases      ] GC(679)   Other: 0.1ms
[25.156s][info][gc,heap        ] GC(679) Eden regions: 13->0(13)
[25.156s][info][gc,heap        ] GC(679) Survivor regions: 2->2(2)
[25.156s][info][gc,heap        ] GC(679) Old regions: 225->228
[25.156s][info][gc,heap        ] GC(679) Archive regions: 0->0
[25.156s][info][gc,heap        ] GC(679) Humongous regions: 36->36
[25.156s][info][gc,metaspace   ] GC(679) Metaspace: 480K(640K)->480K(640K) NonClass: 445K(512K)->445K(512K) Class: 34K(128K)->34K(128K)
[25.156s][info][gc             ] GC(679) Pause Young (Normal) (G1 Evacuation Pause) 273M->263M(300M) 8.212ms
[25.156s][info][gc,cpu         ] GC(679) User=0.05s Sys=0.00s Real=0.01s
[25.168s][info][gc,start       ] GC(680) Pause Young (Normal) (G1 Evacuation Pause)
[25.168s][info][gc,task        ] GC(680) Using 4 workers of 4 for evacuation
[25.175s][info][gc,phases      ] GC(680)   Pre Evacuate Collection Set: 0.0ms
[25.175s][info][gc,phases      ] GC(680)   Merge Heap Roots: 0.0ms
[25.175s][info][gc,phases      ] GC(680)   Evacuate Collection Set: 6.7ms
[25.175s][info][gc,phases      ] GC(680)   Post Evacuate Collection Set: 0.2ms
[25.175s][info][gc,phases      ] GC(680)   Other: 0.1ms
[25.175s][info][gc,heap        ] GC(680) Eden regions: 13->0(13)
[25.175s][info][gc,heap        ] GC(680) Survivor regions: 2->2(2)
[25.175s][info][gc,heap        ] GC(680) Old regions: 228->231
[25.175s][info][gc,heap        ] GC(680) Archive regions: 0->0
[25.175s][info][gc,heap        ] GC(680) Humongous regions: 36->36
[25.175s][info][gc,metaspace   ] GC(680) Metaspace: 480K(640K)->480K(640K) NonClass: 445K(512K)->445K(512K) Class: 34K(128K)->34K(128K)
[25.175s][info][gc             ] GC(680) Pause Young (Normal) (G1 Evacuation Pause) 276M->266M(300M) 7.245ms
[25.175s][info][gc,cpu         ] GC(680) User=0.00s Sys=0.00s Real=0.01s
[25.186s][info][gc,start       ] GC(681) Pause Young (Normal) (G1 Evacuation Pause)
[25.186s][info][gc,task        ] GC(681) Using 4 workers of 4 for evacuation
[25.193s][info][gc,phases      ] GC(681)   Pre Evacuate Collection Set: 0.0ms
[25.193s][info][gc,phases      ] GC(681)   Merge Heap Roots: 0.0ms
[25.193s][info][gc,phases      ] GC(681)   Evacuate Collection Set: 6.9ms
[25.193s][info][gc,phases      ] GC(681)   Post Evacuate Collection Set: 0.2ms
[25.193s][info][gc,phases      ] GC(681)   Other: 0.1ms
[25.193s][info][gc,heap        ] GC(681) Eden regions: 13->0(13)
[25.193s][info][gc,heap        ] GC(681) Survivor regions: 2->2(2)
[25.193s][info][gc,heap        ] GC(681) Old regions: 231->234
[25.193s][info][gc,heap        ] GC(681) Archive regions: 0->0
[25.193s][info][gc,heap        ] GC(681) Humongous regions: 36->36
[25.193s][info][gc,metaspace   ] GC(681) Metaspace: 480K(640K)->480K(640K) NonClass: 445K(512K)->445K(512K) Class: 34K(128K)->34K(128K)
[25.193s][info][gc             ] GC(681) Pause Young (Normal) (G1 Evacuation Pause) 279M->269M(300M) 7.540ms
[25.193s][info][gc,cpu         ] GC(681) User=0.00s Sys=0.00s Real=0.01s
[25.204s][info][gc,start       ] GC(682) Pause Young (Normal) (G1 Evacuation Pause)
[25.204s][info][gc,task        ] GC(682) Using 4 workers of 4 for evacuation
[25.211s][info][gc,phases      ] GC(682)   Pre Evacuate Collection Set: 0.0ms
[25.211s][info][gc,phases      ] GC(682)   Merge Heap Roots: 0.0ms
[25.211s][info][gc,phases      ] GC(682)   Evacuate Collection Set: 6.3ms
[25.211s][info][gc,phases      ] GC(682)   Post Evacuate Collection Set: 0.2ms
[25.211s][info][gc,phases      ] GC(682)   Other: 0.1ms
[25.211s][info][gc,heap        ] GC(682) Eden regions: 13->0(13)
[25.211s][info][gc,heap        ] GC(682) Survivor regions: 2->2(2)
[25.211s][info][gc,heap        ] GC(682) Old regions: 234->236
[25.211s][info][gc,heap        ] GC(682) Archive regions: 0->0
[25.211s][info][gc,heap        ] GC(682) Humongous regions: 36->36
[25.211s][info][gc,metaspace   ] GC(682) Metaspace: 480K(640K)->480K(640K) NonClass: 445K(512K)->445K(512K) Class: 34K(128K)->34K(128K)
[25.211s][info][gc             ] GC(682) Pause Young (Normal) (G1 Evacuation Pause) 282M->271M(300M) 6.924ms
[25.211s][info][gc,cpu         ] GC(682) User=0.00s Sys=0.00s Real=0.01s
[25.221s][info][gc,start       ] GC(683) Pause Young (Normal) (G1 Evacuation Pause)
[25.221s][info][gc,task        ] GC(683) Using 4 workers of 4 for evacuation
[25.229s][info][gc,phases      ] GC(683)   Pre Evacuate Collection Set: 0.0ms
[25.229s][info][gc,phases      ] GC(683)   Merge Heap Roots: 0.0ms
[25.229s][info][gc,phases      ] GC(683)   Evacuate Collection Set: 6.9ms
[25.229s][info][gc,phases      ] GC(683)   Post Evacuate Collection Set: 0.2ms
[25.229s][info][gc,phases      ] GC(683)   Other: 0.1ms
[25.229s][info][gc,heap        ] GC(683) Eden regions: 13->0(13)
[25.229s][info][gc,heap        ] GC(683) Survivor regions: 2->2(2)
[25.229s][info][gc,heap        ] GC(683) Old regions: 236->239
[25.229s][info][gc,heap        ] GC(683) Archive regions: 0->0
[25.229s][info][gc,heap        ] GC(683) Humongous regions: 36->36
[25.229s][info][gc,metaspace   ] GC(683) Metaspace: 480K(640K)->480K(640K) NonClass: 445K(512K)->445K(512K) Class: 34K(128K)->34K(128K)
[25.229s][info][gc             ] GC(683) Pause Young (Normal) (G1 Evacuation Pause) 284M->274M(300M) 7.515ms
[25.229s][info][gc,cpu         ] GC(683) User=0.00s Sys=0.00s Real=0.01s
[25.240s][info][gc,start       ] GC(684) Pause Young (Normal) (G1 Evacuation Pause)
[25.240s][info][gc,task        ] GC(684) Using 4 workers of 4 for evacuation
[25.247s][info][gc,phases      ] GC(684)   Pre Evacuate Collection Set: 0.1ms
[25.247s][info][gc,phases      ] GC(684)   Merge Heap Roots: 0.0ms
[25.247s][info][gc,phases      ] GC(684)   Evacuate Collection Set: 7.1ms
[25.247s][info][gc,phases      ] GC(684)   Post Evacuate Collection Set: 0.2ms
[25.247s][info][gc,phases      ] GC(684)   Other: 0.1ms
[25.247s][info][gc,heap        ] GC(684) Eden regions: 13->0(13)
[25.247s][info][gc,heap        ] GC(684) Survivor regions: 2->2(2)
[25.247s][info][gc,heap        ] GC(684) Old regions: 239->242
[25.248s][info][gc,heap        ] GC(684) Archive regions: 0->0
[25.248s][info][gc,heap        ] GC(684) Humongous regions: 36->36
[25.248s][info][gc,metaspace   ] GC(684) Metaspace: 480K(640K)->480K(640K) NonClass: 445K(512K)->445K(512K) Class: 34K(128K)->34K(128K)
[25.248s][info][gc             ] GC(684) Pause Young (Normal) (G1 Evacuation Pause) 287M->277M(300M) 7.721ms
[25.248s][info][gc,cpu         ] GC(684) User=0.06s Sys=0.00s Real=0.01s
[25.374s][info][gc,marking     ] GC(662) Concurrent Rebuild Remembered Sets 340.948ms
[25.374s][info][gc,start       ] GC(662) Pause Cleanup
[25.374s][info][gc             ] GC(662) Pause Cleanup 280M->280M(300M) 0.111ms
[25.374s][info][gc,cpu         ] GC(662) User=0.00s Sys=0.00s Real=0.00s
[25.374s][info][gc,marking     ] GC(662) Concurrent Cleanup for Next Mark
[25.375s][info][gc,marking     ] GC(662) Concurrent Cleanup for Next Mark 0.368ms
[25.375s][info][gc             ] GC(662) Concurrent Mark Cycle 975.105ms
[25.375s][info][gc,heap,exit   ] Heap
[25.375s][info][gc,heap,exit   ]  garbage-first heap   total 307200K, used 287538K [0x00000000ed400000, 0x0000000100000000)
[25.375s][info][gc,heap,exit   ]   region size 1024K, 6 young (6144K), 2 survivors (2048K)
[25.375s][info][gc,heap,exit   ]  Metaspace       used 521K, committed 704K, reserved 1056768K
[25.375s][info][gc,heap,exit   ]   class space    used 38K, committed 128K, reserved 1048576K
