[0.014s][info][gc] Using G1
[0.022s][info][gc,init] Version: 17+35-LTS (release)
[0.022s][info][gc,init] CPUs: 4 total, 4 available
[0.022s][info][gc,init] Memory: 16282M
[0.022s][info][gc,init] Large Page Support: Disabled
[0.022s][info][gc,init] NUMA Support: Disabled
[0.022s][info][gc,init] Compressed Oops: Enabled (32-bit)
[0.022s][info][gc,init] Heap Region Size: 1M
[0.022s][info][gc,init] Heap Min Capacity: 512M
[0.022s][info][gc,init] Heap Initial Capacity: 512M
[0.022s][info][gc,init] Heap Max Capacity: 512M
[0.022s][info][gc,init] Pre-touch: Disabled
[0.022s][info][gc,init] Parallel Workers: 4
[0.022s][info][gc,init] Concurrent Workers: 1
[0.022s][info][gc,init] Concurrent Refinement Workers: 4
[0.022s][info][gc,init] Periodic GC: Disabled
[0.027s][info][gc,metaspace] CDS archive(s) mapped at: [0x0000000800000000-0x0000000800bc0000-0x0000000800bc0000), size 12320768, SharedBaseAddress: 0x0000000800000000, ArchiveRelocationMode: 0.
[0.027s][info][gc,metaspace] Compressed class space mapped at: 0x0000000800c00000-0x0000000840c00000, reserved size: 1073741824
[0.027s][info][gc,metaspace] Narrow klass base: 0x0000000800000000, Narrow klass shift: 0, Narrow klass range: 0x100000000
[0.185s][info][gc,start    ] GC(0) Pause Young (Normal) (G1 Evacuation Pause)
[0.185s][info][gc,task     ] GC(0) Using 4 workers of 4 for evacuation
[0.193s][info][gc,phases   ] GC(0)   Pre Evacuate Collection Set: 0.1ms
[0.193s][info][gc,phases   ] GC(0)   Merge Heap Roots: 0.0ms
[0.193s][info][gc,phases   ] GC(0)   Evacuate Collection Set: 7.9ms
[0.193s][info][gc,phases   ] GC(0)   Post Evacuate Collection Set: 0.3ms
[0.193s][info][gc,phases   ] GC(0)   Other: 0.5ms
[0.193s][info][gc,heap     ] GC(0) Eden regions: 25->0(21)
[0.193s][info][gc,heap     ] GC(0) Survivor regions: 0->4(4)
[0.193s][info][gc,heap     ] GC(0) Old regions: 0->2
[0.193s][info][gc,heap     ] GC(0) Archive regions: 0->0
[0.193s][info][gc,heap     ] GC(0) Humongous regions: 1->1
[0.193s][info][gc,metaspace] GC(0) Metaspace: 492K(640K)->492K(640K) NonClass: 454K(512K)->454K(512K) Class: 37K(128K)->37K(128K)
[0.194s][info][gc          ] GC(0) Pause Young (Normal) (G1 Evacuation Pause) 26M->6M(512M) 8.889ms
[0.194s][info][gc,cpu      ] GC(0) User=0.00s Sys=0.00s Real=0.01s
[0.204s][info][gc,start    ] GC(1) Pause Young (Normal) (G1 Evacuation Pause)
[0.204s][info][gc,task     ] GC(1) Using 4 workers of 4 for evacuation
[0.221s][info][gc,phases   ] GC(1)   Pre Evacuate Collection Set: 0.1ms
[0.221s][info][gc,phases   ] GC(1)   Merge Heap Roots: 0.1ms
[0.221s][info][gc,phases   ] GC(1)   Evacuate Collection Set: 16.9ms
[0.221s][info][gc,phases   ] GC(1)   Post Evacuate Collection Set: 0.2ms
[0.221s][info][gc,phases   ] GC(1)   Other: 0.2ms
[0.221s][info][gc,heap     ] GC(1) Eden regions: 21->0(24)
[0.221s][info][gc,heap     ] GC(1) Survivor regions: 4->4(4)
[0.221s][info][gc,heap     ] GC(1) Old regions: 2->6
[0.221s][info][gc,heap     ] GC(1) Archive regions: 0->0
[0.221s][info][gc,heap     ] GC(1) Humongous regions: 4->4
[0.221s][info][gc,metaspace] GC(1) Metaspace: 492K(640K)->492K(640K) NonClass: 454K(512K)->454K(512K) Class: 37K(128K)->37K(128K)
[0.221s][info][gc          ] GC(1) Pause Young (Normal) (G1 Evacuation Pause) 30M->13M(512M) 17.701ms
[0.221s][info][gc,cpu      ] GC(1) User=0.06s Sys=0.00s Real=0.02s
[0.247s][info][gc,start    ] GC(2) Pause Young (Normal) (G1 Evacuation Pause)
[0.247s][info][gc,task     ] GC(2) Using 4 workers of 4 for evacuation
[0.267s][info][gc,phases   ] GC(2)   Pre Evacuate Collection Set: 0.0ms
[0.267s][info][gc,phases   ] GC(2)   Merge Heap Roots: 0.0ms
[0.267s][info][gc,phases   ] GC(2)   Evacuate Collection Set: 19.4ms
[0.267s][info][gc,phases   ] GC(2)   Post Evacuate Collection Set: 0.2ms
[0.267s][info][gc,phases   ] GC(2)   Other: 0.2ms
[0.267s][info][gc,heap     ] GC(2) Eden regions: 24->0(35)
[0.267s][info][gc,heap     ] GC(2) Survivor regions: 4->4(4)
[0.267s][info][gc,heap     ] GC(2) Old regions: 6->11
[0.267s][info][gc,heap     ] GC(2) Archive regions: 0->0
[0.267s][info][gc,heap     ] GC(2) Humongous regions: 7->7
[0.267s][info][gc,metaspace] GC(2) Metaspace: 492K(640K)->492K(640K) NonClass: 454K(512K)->454K(512K) Class: 37K(128K)->37K(128K)
[0.267s][info][gc          ] GC(2) Pause Young (Normal) (G1 Evacuation Pause) 40M->22M(512M) 20.264ms
[0.267s][info][gc,cpu      ] GC(2) User=0.06s Sys=0.00s Real=0.02s
[0.314s][info][gc,start    ] GC(3) Pause Young (Normal) (G1 Evacuation Pause)
[0.314s][info][gc,task     ] GC(3) Using 4 workers of 4 for evacuation
[0.334s][info][gc,phases   ] GC(3)   Pre Evacuate Collection Set: 0.0ms
[0.335s][info][gc,phases   ] GC(3)   Merge Heap Roots: 0.0ms
[0.335s][info][gc,phases   ] GC(3)   Evacuate Collection Set: 20.2ms
[0.335s][info][gc,phases   ] GC(3)   Post Evacuate Collection Set: 0.2ms
[0.335s][info][gc,phases   ] GC(3)   Other: 0.1ms
[0.335s][info][gc,heap     ] GC(3) Eden regions: 35->0(51)
[0.335s][info][gc,heap     ] GC(3) Survivor regions: 4->5(5)
[0.335s][info][gc,heap     ] GC(3) Old regions: 11->18
[0.335s][info][gc,heap     ] GC(3) Archive regions: 0->0
[0.335s][info][gc,heap     ] GC(3) Humongous regions: 11->11
[0.335s][info][gc,metaspace] GC(3) Metaspace: 492K(640K)->492K(640K) NonClass: 454K(512K)->454K(512K) Class: 37K(128K)->37K(128K)
[0.335s][info][gc          ] GC(3) Pause Young (Normal) (G1 Evacuation Pause) 61M->33M(512M) 20.904ms
[0.335s][info][gc,cpu      ] GC(3) User=0.05s Sys=0.02s Real=0.02s
[0.383s][info][gc,start    ] GC(4) Pause Young (Normal) (G1 Evacuation Pause)
[0.383s][info][gc,task     ] GC(4) Using 4 workers of 4 for evacuation
[0.412s][info][gc,phases   ] GC(4)   Pre Evacuate Collection Set: 0.0ms
[0.412s][info][gc,phases   ] GC(4)   Merge Heap Roots: 0.1ms
[0.412s][info][gc,phases   ] GC(4)   Evacuate Collection Set: 29.2ms
[0.412s][info][gc,phases   ] GC(4)   Post Evacuate Collection Set: 0.2ms
[0.413s][info][gc,phases   ] GC(4)   Other: 0.2ms
[0.413s][info][gc,heap     ] GC(4) Eden regions: 51->0(63)
[0.413s][info][gc,heap     ] GC(4) Survivor regions: 5->7(7)
[0.413s][info][gc,heap     ] GC(4) Old regions: 18->26
[0.413s][info][gc,heap     ] GC(4) Archive regions: 0->0
[0.413s][info][gc,heap     ] GC(4) Humongous regions: 16->16
[0.413s][info][gc,metaspace] GC(4) Metaspace: 492K(640K)->492K(640K) NonClass: 454K(512K)->454K(512K) Class: 37K(128K)->37K(128K)
[0.413s][info][gc          ] GC(4) Pause Young (Normal) (G1 Evacuation Pause) 89M->49M(512M) 29.936ms
[0.413s][info][gc,cpu      ] GC(4) User=0.09s Sys=0.00s Real=0.03s
[0.471s][info][gc,start    ] GC(5) Pause Young (Normal) (G1 Evacuation Pause)
[0.471s][info][gc,task     ] GC(5) Using 4 workers of 4 for evacuation
[0.508s][info][gc,phases   ] GC(5)   Pre Evacuate Collection Set: 0.1ms
[0.508s][info][gc,phases   ] GC(5)   Merge Heap Roots: 0.1ms
[0.508s][info][gc,phases   ] GC(5)   Evacuate Collection Set: 36.7ms
[0.508s][info][gc,phases   ] GC(5)   Post Evacuate Collection Set: 0.2ms
[0.508s][info][gc,phases   ] GC(5)   Other: 0.2ms
[0.508s][info][gc,heap     ] GC(5) Eden regions: 63->0(73)
[0.508s][info][gc,heap     ] GC(5) Survivor regions: 7->9(9)
[0.508s][info][gc,heap     ] GC(5) Old regions: 26->38
[0.508s][info][gc,heap     ] GC(5) Archive regions: 0->0
[0.508s][info][gc,heap     ] GC(5) Humongous regions: 23->23
[0.508s][info][gc,metaspace] GC(5) Metaspace: 492K(640K)->492K(640K) NonClass: 454K(512K)->454K(512K) Class: 37K(128K)->37K(128K)
[0.508s][info][gc          ] GC(5) Pause Young (Normal) (G1 Evacuation Pause) 119M->69M(512M) 37.553ms
[0.508s][info][gc,cpu      ] GC(5) User=0.11s Sys=0.00s Real=0.04s
[0.577s][info][gc,start    ] GC(6) Pause Young (Normal) (G1 Evacuation Pause)
[0.577s][info][gc,task     ] GC(6) Using 4 workers of 4 for evacuation
[0.626s][info][gc,phases   ] GC(6)   Pre Evacuate Collection Set: 0.0ms
[0.626s][info][gc,phases   ] GC(6)   Merge Heap Roots: 0.1ms
[0.626s][info][gc,phases   ] GC(6)   Evacuate Collection Set: 48.8ms
[0.626s][info][gc,phases   ] GC(6)   Post Evacuate Collection Set: 0.2ms
[0.626s][info][gc,phases   ] GC(6)   Other: 0.2ms
[0.626s][info][gc,heap     ] GC(6) Eden regions: 73->0(84)
[0.627s][info][gc,heap     ] GC(6) Survivor regions: 9->11(11)
[0.627s][info][gc,heap     ] GC(6) Old regions: 38->51
[0.627s][info][gc,heap     ] GC(6) Archive regions: 0->0
[0.627s][info][gc,heap     ] GC(6) Humongous regions: 34->34
[0.627s][info][gc,metaspace] GC(6) Metaspace: 492K(640K)->492K(640K) NonClass: 454K(512K)->454K(512K) Class: 37K(128K)->37K(128K)
[0.627s][info][gc          ] GC(6) Pause Young (Normal) (G1 Evacuation Pause) 153M->95M(512M) 49.746ms
[0.627s][info][gc,cpu      ] GC(6) User=0.16s Sys=0.02s Real=0.05s
[0.692s][info][gc,start    ] GC(7) Pause Young (Normal) (G1 Evacuation Pause)
[0.692s][info][gc,task     ] GC(7) Using 4 workers of 4 for evacuation
[0.738s][info][gc,phases   ] GC(7)   Pre Evacuate Collection Set: 0.0ms
[0.738s][info][gc,phases   ] GC(7)   Merge Heap Roots: 0.1ms
[0.738s][info][gc,phases   ] GC(7)   Evacuate Collection Set: 45.2ms
[0.738s][info][gc,phases   ] GC(7)   Post Evacuate Collection Set: 0.2ms
[0.738s][info][gc,phases   ] GC(7)   Other: 0.2ms
[0.738s][info][gc,heap     ] GC(7) Eden regions: 84->0(102)
[0.738s][info][gc,heap     ] GC(7) Survivor regions: 11->12(12)
[0.738s][info][gc,heap     ] GC(7) Old regions: 51->68
[0.738s][info][gc,heap     ] GC(7) Archive regions: 0->0
[0.738s][info][gc,heap     ] GC(7) Humongous regions: 34->34
[0.738s][info][gc,metaspace] GC(7) Metaspace: 492K(640K)->492K(640K) NonClass: 454K(512K)->454K(512K) Class: 37K(128K)->37K(128K)
[0.738s][info][gc          ] GC(7) Pause Young (Normal) (G1 Evacuation Pause) 179M->114M(512M) 46.032ms
[0.738s][info][gc,cpu      ] GC(7) User=0.17s Sys=0.02s Real=0.05s
[0.834s][info][gc,start    ] GC(8) Pause Young (Normal) (G1 Evacuation Pause)
[0.835s][info][gc,task     ] GC(8) Using 4 workers of 4 for evacuation
[0.892s][info][gc,phases   ] GC(8)   Pre Evacuate Collection Set: 0.1ms
[0.892s][info][gc,phases   ] GC(8)   Merge Heap Roots: 0.1ms
[0.892s][info][gc,phases   ] GC(8)   Evacuate Collection Set: 56.6ms
[0.892s][info][gc,phases   ] GC(8)   Post Evacuate Collection Set: 0.2ms
[0.892s][info][gc,phases   ] GC(8)   Other: 0.2ms
[0.892s][info][gc,heap     ] GC(8) Eden regions: 102->0(122)
[0.892s][info][gc,heap     ] GC(8) Survivor regions: 12->15(15)
[0.892s][info][gc,heap     ] GC(8) Old regions: 68->86
[0.892s][info][gc,heap     ] GC(8) Archive regions: 0->0
[0.892s][info][gc,heap     ] GC(8) Humongous regions: 50->50
[0.892s][info][gc,metaspace] GC(8) Metaspace: 492K(640K)->492K(640K) NonClass: 454K(512K)->454K(512K) Class: 37K(128K)->37K(128K)
[0.892s][info][gc          ] GC(8) Pause Young (Normal) (G1 Evacuation Pause) 232M->151M(512M) 57.428ms
[0.892s][info][gc,cpu      ] GC(8) User=0.20s Sys=0.02s Real=0.06s
[0.989s][info][gc,start    ] GC(9) Pause Young (Normal) (G1 Evacuation Pause)
[0.989s][info][gc,task     ] GC(9) Using 4 workers of 4 for evacuation
[1.053s][info][gc,phases   ] GC(9)   Pre Evacuate Collection Set: 0.1ms
[1.053s][info][gc,phases   ] GC(9)   Merge Heap Roots: 0.1ms
[1.053s][info][gc,phases   ] GC(9)   Evacuate Collection Set: 64.1ms
[1.054s][info][gc,phases   ] GC(9)   Post Evacuate Collection Set: 0.2ms
[1.054s][info][gc,phases   ] GC(9)   Other: 0.2ms
[1.054s][info][gc,heap     ] GC(9) Eden regions: 122->0(139)
[1.054s][info][gc,heap     ] GC(9) Survivor regions: 15->18(18)
[1.054s][info][gc,heap     ] GC(9) Old regions: 86->109
[1.054s][info][gc,heap     ] GC(9) Archive regions: 0->0
[1.054s][info][gc,heap     ] GC(9) Humongous regions: 50->50
[1.054s][info][gc,metaspace] GC(9) Metaspace: 492K(640K)->492K(640K) NonClass: 454K(512K)->454K(512K) Class: 37K(128K)->37K(128K)
[1.054s][info][gc          ] GC(9) Pause Young (Normal) (G1 Evacuation Pause) 273M->177M(512M) 64.981ms
[1.054s][info][gc,cpu      ] GC(9) User=0.20s Sys=0.02s Real=0.07s
[1.184s][info][gc,start    ] GC(10) Pause Young (Normal) (G1 Evacuation Pause)
[1.184s][info][gc,task     ] GC(10) Using 4 workers of 4 for evacuation
[1.260s][info][gc,phases   ] GC(10)   Pre Evacuate Collection Set: 0.1ms
[1.260s][info][gc,phases   ] GC(10)   Merge Heap Roots: 0.1ms
[1.260s][info][gc,phases   ] GC(10)   Evacuate Collection Set: 75.3ms
[1.260s][info][gc,phases   ] GC(10)   Post Evacuate Collection Set: 0.3ms
[1.260s][info][gc,phases   ] GC(10)   Other: 0.2ms
[1.260s][info][gc,heap     ] GC(10) Eden regions: 139->0(144)
[1.260s][info][gc,heap     ] GC(10) Survivor regions: 18->20(20)
[1.260s][info][gc,heap     ] GC(10) Old regions: 109->135
[1.260s][info][gc,heap     ] GC(10) Archive regions: 0->0
[1.260s][info][gc,heap     ] GC(10) Humongous regions: 74->74
[1.260s][info][gc,metaspace] GC(10) Metaspace: 492K(640K)->492K(640K) NonClass: 454K(512K)->454K(512K) Class: 37K(128K)->37K(128K)
[1.260s][info][gc          ] GC(10) Pause Young (Normal) (G1 Evacuation Pause) 340M->229M(512M) 76.325ms
[1.260s][info][gc,cpu      ] GC(10) User=0.22s Sys=0.02s Real=0.08s
[1.374s][info][gc,start    ] GC(11) Pause Young (Normal) (G1 Evacuation Pause)
[1.374s][info][gc,task     ] GC(11) Using 4 workers of 4 for evacuation
[1.447s][info][gc,phases   ] GC(11)   Pre Evacuate Collection Set: 0.1ms
[1.447s][info][gc,phases   ] GC(11)   Merge Heap Roots: 0.1ms
[1.447s][info][gc,phases   ] GC(11)   Evacuate Collection Set: 72.5ms
[1.447s][info][gc,phases   ] GC(11)   Post Evacuate Collection Set: 0.3ms
[1.447s][info][gc,phases   ] GC(11)   Other: 0.2ms
[1.448s][info][gc,heap     ] GC(11) Eden regions: 144->0(132)
[1.448s][info][gc,heap     ] GC(11) Survivor regions: 20->21(21)
[1.448s][info][gc,heap     ] GC(11) Old regions: 135->164
[1.448s][info][gc,heap     ] GC(11) Archive regions: 0->0
[1.448s][info][gc,heap     ] GC(11) Humongous regions: 74->74
[1.448s][info][gc,metaspace] GC(11) Metaspace: 492K(640K)->492K(640K) NonClass: 454K(512K)->454K(512K) Class: 37K(128K)->37K(128K)
[1.448s][info][gc          ] GC(11) Pause Young (Normal) (G1 Evacuation Pause) 373M->259M(512M) 73.393ms
[1.448s][info][gc,cpu      ] GC(11) User=0.23s Sys=0.00s Real=0.07s
[1.494s][info][gc,start    ] GC(12) Pause Young (Concurrent Start) (G1 Humongous Allocation)
[1.494s][info][gc,task     ] GC(12) Using 4 workers of 4 for evacuation
[1.542s][info][gc,phases   ] GC(12)   Pre Evacuate Collection Set: 0.1ms
[1.542s][info][gc,phases   ] GC(12)   Merge Heap Roots: 0.1ms
[1.542s][info][gc,phases   ] GC(12)   Evacuate Collection Set: 46.9ms
[1.542s][info][gc,phases   ] GC(12)   Post Evacuate Collection Set: 0.2ms
[1.542s][info][gc,phases   ] GC(12)   Other: 0.2ms
[1.542s][info][gc,heap     ] GC(12) Eden regions: 61->0(125)
[1.542s][info][gc,heap     ] GC(12) Survivor regions: 21->14(20)
[1.542s][info][gc,heap     ] GC(12) Old regions: 164->187
[1.542s][info][gc,heap     ] GC(12) Archive regions: 0->0
[1.542s][info][gc,heap     ] GC(12) Humongous regions: 74->74
[1.542s][info][gc,metaspace] GC(12) Metaspace: 492K(640K)->492K(640K) NonClass: 454K(512K)->454K(512K) Class: 37K(128K)->37K(128K)
[1.542s][info][gc          ] GC(12) Pause Young (Concurrent Start) (G1 Humongous Allocation) 320M->274M(512M) 47.631ms
[1.542s][info][gc,cpu      ] GC(12) User=0.19s Sys=0.02s Real=0.05s
[1.542s][info][gc          ] GC(13) Concurrent Mark Cycle
[1.542s][info][gc,marking  ] GC(13) Concurrent Clear Claimed Marks
[1.542s][info][gc,marking  ] GC(13) Concurrent Clear Claimed Marks 0.026ms
[1.542s][info][gc,marking  ] GC(13) Concurrent Scan Root Regions
[1.568s][info][gc,marking  ] GC(13) Concurrent Scan Root Regions 25.939ms
[1.568s][info][gc,marking  ] GC(13) Concurrent Mark
[1.568s][info][gc,marking  ] GC(13) Concurrent Mark From Roots
[1.568s][info][gc,task     ] GC(13) Using 1 workers of 1 for marking
[1.781s][info][gc,start    ] GC(14) Pause Young (Normal) (G1 Evacuation Pause)
[1.781s][info][gc,task     ] GC(14) Using 4 workers of 4 for evacuation
[1.813s][info][gc,phases   ] GC(14)   Pre Evacuate Collection Set: 0.0ms
[1.813s][info][gc,phases   ] GC(14)   Merge Heap Roots: 0.1ms
[1.813s][info][gc,phases   ] GC(14)   Evacuate Collection Set: 31.6ms
[1.813s][info][gc,phases   ] GC(14)   Post Evacuate Collection Set: 0.3ms
[1.813s][info][gc,phases   ] GC(14)   Other: 0.1ms
[1.813s][info][gc,heap     ] GC(14) Eden regions: 125->0(95)
[1.813s][info][gc,heap     ] GC(14) Survivor regions: 14->13(18)
[1.813s][info][gc,heap     ] GC(14) Old regions: 187->200
[1.813s][info][gc,heap     ] GC(14) Archive regions: 0->0
[1.813s][info][gc,heap     ] GC(14) Humongous regions: 110->110
[1.813s][info][gc,metaspace] GC(14) Metaspace: 493K(640K)->493K(640K) NonClass: 455K(512K)->455K(512K) Class: 37K(128K)->37K(128K)
[1.813s][info][gc          ] GC(14) Pause Young (Normal) (G1 Evacuation Pause) 435M->323M(512M) 32.465ms
[1.813s][info][gc,cpu      ] GC(14) User=0.13s Sys=0.00s Real=0.03s
[1.923s][info][gc,start    ] GC(15) Pause Young (Normal) (G1 Evacuation Pause)
[1.923s][info][gc,task     ] GC(15) Using 4 workers of 4 for evacuation
[1.966s][info][gc,phases   ] GC(15)   Pre Evacuate Collection Set: 0.0ms
[1.966s][info][gc,phases   ] GC(15)   Merge Heap Roots: 0.1ms
[1.966s][info][gc,phases   ] GC(15)   Evacuate Collection Set: 42.4ms
[1.966s][info][gc,phases   ] GC(15)   Post Evacuate Collection Set: 0.2ms
[1.966s][info][gc,phases   ] GC(15)   Other: 0.1ms
[1.966s][info][gc,heap     ] GC(15) Eden regions: 95->0(82)
[1.966s][info][gc,heap     ] GC(15) Survivor regions: 13->14(14)
[1.966s][info][gc,heap     ] GC(15) Old regions: 200->217
[1.966s][info][gc,heap     ] GC(15) Archive regions: 0->0
[1.966s][info][gc,heap     ] GC(15) Humongous regions: 110->110
[1.966s][info][gc,metaspace] GC(15) Metaspace: 493K(640K)->493K(640K) NonClass: 455K(512K)->455K(512K) Class: 37K(128K)->37K(128K)
[1.967s][info][gc          ] GC(15) Pause Young (Normal) (G1 Evacuation Pause) 418M->341M(512M) 43.158ms
[1.967s][info][gc,cpu      ] GC(15) User=0.19s Sys=0.00s Real=0.04s
[2.055s][info][gc,start    ] GC(16) Pause Young (Normal) (G1 Evacuation Pause)
[2.055s][info][gc,task     ] GC(16) Using 4 workers of 4 for evacuation
[2.097s][info][gc,phases   ] GC(16)   Pre Evacuate Collection Set: 0.0ms
[2.097s][info][gc,phases   ] GC(16)   Merge Heap Roots: 0.1ms
[2.097s][info][gc,phases   ] GC(16)   Evacuate Collection Set: 40.9ms
[2.097s][info][gc,phases   ] GC(16)   Post Evacuate Collection Set: 0.2ms
[2.097s][info][gc,phases   ] GC(16)   Other: 0.1ms
[2.097s][info][gc,heap     ] GC(16) Eden regions: 82->0(69)
[2.097s][info][gc,heap     ] GC(16) Survivor regions: 14->12(12)
[2.097s][info][gc,heap     ] GC(16) Old regions: 217->237
[2.097s][info][gc,heap     ] GC(16) Archive regions: 0->0
[2.097s][info][gc,heap     ] GC(16) Humongous regions: 110->110
[2.097s][info][gc,metaspace] GC(16) Metaspace: 493K(640K)->493K(640K) NonClass: 455K(512K)->455K(512K) Class: 37K(128K)->37K(128K)
[2.097s][info][gc          ] GC(16) Pause Young (Normal) (G1 Evacuation Pause) 423M->358M(512M) 41.753ms
[2.097s][info][gc,cpu      ] GC(16) User=0.16s Sys=0.00s Real=0.04s
[2.176s][info][gc,start    ] GC(17) Pause Young (Normal) (G1 Evacuation Pause)
[2.176s][info][gc,task     ] GC(17) Using 4 workers of 4 for evacuation
[2.208s][info][gc,phases   ] GC(17)   Pre Evacuate Collection Set: 0.0ms
[2.208s][info][gc,phases   ] GC(17)   Merge Heap Roots: 0.1ms
[2.208s][info][gc,phases   ] GC(17)   Evacuate Collection Set: 30.8ms
[2.208s][info][gc,phases   ] GC(17)   Post Evacuate Collection Set: 0.2ms
[2.208s][info][gc,phases   ] GC(17)   Other: 0.1ms
[2.208s][info][gc,heap     ] GC(17) Eden regions: 69->0(60)
[2.208s][info][gc,heap     ] GC(17) Survivor regions: 12->11(11)
[2.208s][info][gc,heap     ] GC(17) Old regions: 237->252
[2.208s][info][gc,heap     ] GC(17) Archive regions: 0->0
[2.208s][info][gc,heap     ] GC(17) Humongous regions: 110->110
[2.208s][info][gc,metaspace] GC(17) Metaspace: 493K(640K)->493K(640K) NonClass: 455K(512K)->455K(512K) Class: 37K(128K)->37K(128K)
[2.208s][info][gc          ] GC(17) Pause Young (Normal) (G1 Evacuation Pause) 427M->372M(512M) 31.539ms
[2.208s][info][gc,cpu      ] GC(17) User=0.13s Sys=0.00s Real=0.03s
[2.276s][info][gc,start    ] GC(18) Pause Young (Normal) (G1 Evacuation Pause)
[2.276s][info][gc,task     ] GC(18) Using 4 workers of 4 for evacuation
[2.305s][info][gc,phases   ] GC(18)   Pre Evacuate Collection Set: 0.0ms
[2.305s][info][gc,phases   ] GC(18)   Merge Heap Roots: 0.1ms
[2.305s][info][gc,phases   ] GC(18)   Evacuate Collection Set: 28.2ms
[2.305s][info][gc,phases   ] GC(18)   Post Evacuate Collection Set: 0.2ms
[2.305s][info][gc,phases   ] GC(18)   Other: 0.2ms
[2.305s][info][gc,heap     ] GC(18) Eden regions: 60->0(51)
[2.305s][info][gc,heap     ] GC(18) Survivor regions: 11->9(9)
[2.305s][info][gc,heap     ] GC(18) Old regions: 252->267
[2.305s][info][gc,heap     ] GC(18) Archive regions: 0->0
[2.305s][info][gc,heap     ] GC(18) Humongous regions: 110->110
[2.305s][info][gc,metaspace] GC(18) Metaspace: 493K(640K)->493K(640K) NonClass: 455K(512K)->455K(512K) Class: 37K(128K)->37K(128K)
[2.305s][info][gc          ] GC(18) Pause Young (Normal) (G1 Evacuation Pause) 432M->386M(512M) 29.069ms
[2.305s][info][gc,cpu      ] GC(18) User=0.13s Sys=0.00s Real=0.03s
[2.360s][info][gc,start    ] GC(19) Pause Young (Normal) (G1 Evacuation Pause)
[2.360s][info][gc,task     ] GC(19) Using 4 workers of 4 for evacuation
[2.385s][info][gc,phases   ] GC(19)   Pre Evacuate Collection Set: 0.0ms
[2.385s][info][gc,phases   ] GC(19)   Merge Heap Roots: 0.1ms
[2.385s][info][gc,phases   ] GC(19)   Evacuate Collection Set: 24.7ms
[2.385s][info][gc,phases   ] GC(19)   Post Evacuate Collection Set: 0.2ms
[2.385s][info][gc,phases   ] GC(19)   Other: 0.1ms
[2.385s][info][gc,heap     ] GC(19) Eden regions: 51->0(42)
[2.385s][info][gc,heap     ] GC(19) Survivor regions: 9->8(8)
[2.385s][info][gc,heap     ] GC(19) Old regions: 267->280
[2.385s][info][gc,heap     ] GC(19) Archive regions: 0->0
[2.385s][info][gc,heap     ] GC(19) Humongous regions: 110->110
[2.386s][info][gc,metaspace] GC(19) Metaspace: 493K(640K)->493K(640K) NonClass: 455K(512K)->455K(512K) Class: 37K(128K)->37K(128K)
[2.386s][info][gc          ] GC(19) Pause Young (Normal) (G1 Evacuation Pause) 437M->397M(512M) 25.496ms
[2.386s][info][gc,cpu      ] GC(19) User=0.06s Sys=0.00s Real=0.02s
[2.433s][info][gc,start    ] GC(20) Pause Young (Normal) (G1 Evacuation Pause)
[2.433s][info][gc,task     ] GC(20) Using 4 workers of 4 for evacuation
[2.455s][info][gc,phases   ] GC(20)   Pre Evacuate Collection Set: 0.1ms
[2.455s][info][gc,phases   ] GC(20)   Merge Heap Roots: 0.0ms
[2.455s][info][gc,phases   ] GC(20)   Evacuate Collection Set: 21.4ms
[2.455s][info][gc,phases   ] GC(20)   Post Evacuate Collection Set: 0.2ms
[2.455s][info][gc,phases   ] GC(20)   Other: 0.1ms
[2.455s][info][gc,heap     ] GC(20) Eden regions: 42->0(36)
[2.455s][info][gc,heap     ] GC(20) Survivor regions: 8->7(7)
[2.455s][info][gc,heap     ] GC(20) Old regions: 280->290
[2.455s][info][gc,heap     ] GC(20) Archive regions: 0->0
[2.455s][info][gc,heap     ] GC(20) Humongous regions: 110->110
[2.455s][info][gc,metaspace] GC(20) Metaspace: 493K(640K)->493K(640K) NonClass: 455K(512K)->455K(512K) Class: 37K(128K)->37K(128K)
[2.455s][info][gc          ] GC(20) Pause Young (Normal) (G1 Evacuation Pause) 439M->407M(512M) 22.100ms
[2.455s][info][gc,cpu      ] GC(20) User=0.06s Sys=0.00s Real=0.02s
[2.457s][info][gc,marking  ] GC(13) Concurrent Mark From Roots 888.547ms
[2.457s][info][gc,marking  ] GC(13) Concurrent Preclean
[2.457s][info][gc,marking  ] GC(13) Concurrent Preclean 0.068ms
[2.457s][info][gc,start    ] GC(13) Pause Remark
[2.457s][info][gc          ] GC(13) Pause Remark 409M->359M(512M) 0.417ms
[2.457s][info][gc,cpu      ] GC(13) User=0.00s Sys=0.00s Real=0.00s
[2.457s][info][gc,marking  ] GC(13) Concurrent Mark 889.252ms
[2.458s][info][gc,marking  ] GC(13) Concurrent Rebuild Remembered Sets
[2.488s][info][gc,start    ] GC(21) Pause Young (Normal) (G1 Evacuation Pause)
[2.488s][info][gc,task     ] GC(21) Using 4 workers of 4 for evacuation
[2.508s][info][gc,phases   ] GC(21)   Pre Evacuate Collection Set: 0.1ms
[2.508s][info][gc,phases   ] GC(21)   Merge Heap Roots: 0.0ms
[2.508s][info][gc,phases   ] GC(21)   Evacuate Collection Set: 19.2ms
[2.508s][info][gc,phases   ] GC(21)   Post Evacuate Collection Set: 0.2ms
[2.508s][info][gc,phases   ] GC(21)   Other: 0.1ms
[2.508s][info][gc,heap     ] GC(21) Eden regions: 36->0(65)
[2.508s][info][gc,heap     ] GC(21) Survivor regions: 7->6(6)
[2.508s][info][gc,heap     ] GC(21) Old regions: 290->299
[2.508s][info][gc,heap     ] GC(21) Archive regions: 0->0
[2.508s][info][gc,heap     ] GC(21) Humongous regions: 60->60
[2.508s][info][gc,metaspace] GC(21) Metaspace: 493K(640K)->493K(640K) NonClass: 455K(512K)->455K(512K) Class: 37K(128K)->37K(128K)
[2.508s][info][gc          ] GC(21) Pause Young (Normal) (G1 Evacuation Pause) 393M->365M(512M) 19.821ms
[2.508s][info][gc,cpu      ] GC(21) User=0.05s Sys=0.00s Real=0.02s
[2.569s][info][gc,start    ] GC(22) Pause Young (Normal) (G1 Evacuation Pause)
[2.569s][info][gc,task     ] GC(22) Using 4 workers of 4 for evacuation
[2.595s][info][gc,phases   ] GC(22)   Pre Evacuate Collection Set: 0.0ms
[2.595s][info][gc,phases   ] GC(22)   Merge Heap Roots: 0.1ms
[2.595s][info][gc,phases   ] GC(22)   Evacuate Collection Set: 24.8ms
[2.595s][info][gc,phases   ] GC(22)   Post Evacuate Collection Set: 0.2ms
[2.595s][info][gc,phases   ] GC(22)   Other: 0.1ms
[2.595s][info][gc,heap     ] GC(22) Eden regions: 65->0(55)
[2.595s][info][gc,heap     ] GC(22) Survivor regions: 6->9(9)
[2.595s][info][gc,heap     ] GC(22) Old regions: 299->310
[2.595s][info][gc,heap     ] GC(22) Archive regions: 0->0
[2.595s][info][gc,heap     ] GC(22) Humongous regions: 60->60
[2.595s][info][gc,metaspace] GC(22) Metaspace: 493K(640K)->493K(640K) NonClass: 455K(512K)->455K(512K) Class: 37K(128K)->37K(128K)
[2.595s][info][gc          ] GC(22) Pause Young (Normal) (G1 Evacuation Pause) 430M->379M(512M) 25.447ms
[2.595s][info][gc,cpu      ] GC(22) User=0.11s Sys=0.02s Real=0.03s
[2.642s][info][gc,start    ] GC(23) Pause Young (Normal) (G1 Evacuation Pause)
[2.642s][info][gc,task     ] GC(23) Using 4 workers of 4 for evacuation
[2.668s][info][gc,phases   ] GC(23)   Pre Evacuate Collection Set: 0.0ms
[2.668s][info][gc,phases   ] GC(23)   Merge Heap Roots: 0.1ms
[2.668s][info][gc,phases   ] GC(23)   Evacuate Collection Set: 25.6ms
[2.668s][info][gc,phases   ] GC(23)   Post Evacuate Collection Set: 0.2ms
[2.668s][info][gc,phases   ] GC(23)   Other: 0.1ms
[2.668s][info][gc,heap     ] GC(23) Eden regions: 55->0(47)
[2.669s][info][gc,heap     ] GC(23) Survivor regions: 9->8(8)
[2.669s][info][gc,heap     ] GC(23) Old regions: 310->323
[2.669s][info][gc,heap     ] GC(23) Archive regions: 0->0
[2.669s][info][gc,heap     ] GC(23) Humongous regions: 60->60
[2.669s][info][gc,metaspace] GC(23) Metaspace: 493K(640K)->493K(640K) NonClass: 455K(512K)->455K(512K) Class: 37K(128K)->37K(128K)
[2.669s][info][gc          ] GC(23) Pause Young (Normal) (G1 Evacuation Pause) 434M->390M(512M) 26.261ms
[2.669s][info][gc,cpu      ] GC(23) User=0.13s Sys=0.00s Real=0.03s
[2.708s][info][gc,start    ] GC(24) Pause Young (Normal) (G1 Evacuation Pause)
[2.708s][info][gc,task     ] GC(24) Using 4 workers of 4 for evacuation
[2.730s][info][gc,phases   ] GC(24)   Pre Evacuate Collection Set: 0.0ms
[2.731s][info][gc,phases   ] GC(24)   Merge Heap Roots: 0.0ms
[2.731s][info][gc,phases   ] GC(24)   Evacuate Collection Set: 22.2ms
[2.731s][info][gc,phases   ] GC(24)   Post Evacuate Collection Set: 0.2ms
[2.731s][info][gc,phases   ] GC(24)   Other: 0.2ms
[2.731s][info][gc,heap     ] GC(24) Eden regions: 47->0(39)
[2.731s][info][gc,heap     ] GC(24) Survivor regions: 8->7(7)
[2.731s][info][gc,heap     ] GC(24) Old regions: 323->335
[2.731s][info][gc,heap     ] GC(24) Archive regions: 0->0
[2.731s][info][gc,heap     ] GC(24) Humongous regions: 60->60
[2.731s][info][gc,metaspace] GC(24) Metaspace: 493K(640K)->493K(640K) NonClass: 455K(512K)->455K(512K) Class: 37K(128K)->37K(128K)
[2.731s][info][gc          ] GC(24) Pause Young (Normal) (G1 Evacuation Pause) 437M->401M(512M) 22.925ms
[2.731s][info][gc,cpu      ] GC(24) User=0.13s Sys=0.00s Real=0.02s
[2.764s][info][gc,start    ] GC(25) Pause Young (Normal) (G1 Evacuation Pause)
[2.764s][info][gc,task     ] GC(25) Using 4 workers of 4 for evacuation
[2.784s][info][gc,phases   ] GC(25)   Pre Evacuate Collection Set: 0.1ms
[2.784s][info][gc,phases   ] GC(25)   Merge Heap Roots: 0.1ms
[2.784s][info][gc,phases   ] GC(25)   Evacuate Collection Set: 19.7ms
[2.784s][info][gc,phases   ] GC(25)   Post Evacuate Collection Set: 0.2ms
[2.784s][info][gc,phases   ] GC(25)   Other: 0.1ms
[2.784s][info][gc,heap     ] GC(25) Eden regions: 39->0(34)
[2.784s][info][gc,heap     ] GC(25) Survivor regions: 7->6(6)
[2.784s][info][gc,heap     ] GC(25) Old regions: 335->344
[2.785s][info][gc,heap     ] GC(25) Archive regions: 0->0
[2.785s][info][gc,heap     ] GC(25) Humongous regions: 60->60
[2.785s][info][gc,metaspace] GC(25) Metaspace: 493K(640K)->493K(640K) NonClass: 455K(512K)->455K(512K) Class: 37K(128K)->37K(128K)
[2.785s][info][gc          ] GC(25) Pause Young (Normal) (G1 Evacuation Pause) 440M->410M(512M) 20.483ms
[2.785s][info][gc,cpu      ] GC(25) User=0.06s Sys=0.00s Real=0.02s
[2.814s][info][gc,start    ] GC(26) Pause Young (Normal) (G1 Evacuation Pause)
[2.814s][info][gc,task     ] GC(26) Using 4 workers of 4 for evacuation
[2.833s][info][gc,phases   ] GC(26)   Pre Evacuate Collection Set: 0.1ms
[2.833s][info][gc,phases   ] GC(26)   Merge Heap Roots: 0.0ms
[2.833s][info][gc,phases   ] GC(26)   Evacuate Collection Set: 19.1ms
[2.833s][info][gc,phases   ] GC(26)   Post Evacuate Collection Set: 0.2ms
[2.834s][info][gc,phases   ] GC(26)   Other: 0.1ms
[2.834s][info][gc,heap     ] GC(26) Eden regions: 34->0(28)
[2.834s][info][gc,heap     ] GC(26) Survivor regions: 6->5(5)
[2.834s][info][gc,heap     ] GC(26) Old regions: 344->353
[2.834s][info][gc,heap     ] GC(26) Archive regions: 0->0
[2.834s][info][gc,heap     ] GC(26) Humongous regions: 60->60
[2.834s][info][gc,metaspace] GC(26) Metaspace: 493K(640K)->493K(640K) NonClass: 455K(512K)->455K(512K) Class: 37K(128K)->37K(128K)
[2.834s][info][gc          ] GC(26) Pause Young (Normal) (G1 Evacuation Pause) 444M->417M(512M) 19.820ms
[2.834s][info][gc,cpu      ] GC(26) User=0.06s Sys=0.00s Real=0.02s
[2.857s][info][gc,start    ] GC(27) Pause Young (Normal) (G1 Evacuation Pause)
[2.857s][info][gc,task     ] GC(27) Using 4 workers of 4 for evacuation
[2.871s][info][gc,phases   ] GC(27)   Pre Evacuate Collection Set: 0.1ms
[2.871s][info][gc,phases   ] GC(27)   Merge Heap Roots: 0.0ms
[2.871s][info][gc,phases   ] GC(27)   Evacuate Collection Set: 13.5ms
[2.871s][info][gc,phases   ] GC(27)   Post Evacuate Collection Set: 0.2ms
[2.871s][info][gc,phases   ] GC(27)   Other: 0.1ms
[2.871s][info][gc,heap     ] GC(27) Eden regions: 28->0(24)
[2.871s][info][gc,heap     ] GC(27) Survivor regions: 5->5(5)
[2.871s][info][gc,heap     ] GC(27) Old regions: 353->359
[2.871s][info][gc,heap     ] GC(27) Archive regions: 0->0
[2.871s][info][gc,heap     ] GC(27) Humongous regions: 60->60
[2.871s][info][gc,metaspace] GC(27) Metaspace: 493K(640K)->493K(640K) NonClass: 455K(512K)->455K(512K) Class: 37K(128K)->37K(128K)
[2.871s][info][gc          ] GC(27) Pause Young (Normal) (G1 Evacuation Pause) 445M->424M(512M) 14.217ms
[2.871s][info][gc,cpu      ] GC(27) User=0.06s Sys=0.00s Real=0.01s
[2.891s][info][gc,start    ] GC(28) Pause Young (Normal) (G1 Evacuation Pause)
[2.891s][info][gc,task     ] GC(28) Using 4 workers of 4 for evacuation
[2.905s][info][gc,phases   ] GC(28)   Pre Evacuate Collection Set: 0.1ms
[2.905s][info][gc,phases   ] GC(28)   Merge Heap Roots: 0.0ms
[2.905s][info][gc,phases   ] GC(28)   Evacuate Collection Set: 13.2ms
[2.905s][info][gc,phases   ] GC(28)   Post Evacuate Collection Set: 0.2ms
[2.905s][info][gc,phases   ] GC(28)   Other: 0.1ms
[2.905s][info][gc,heap     ] GC(28) Eden regions: 24->0(21)
[2.905s][info][gc,heap     ] GC(28) Survivor regions: 5->4(4)
[2.905s][info][gc,heap     ] GC(28) Old regions: 359->366
[2.905s][info][gc,heap     ] GC(28) Archive regions: 0->0
[2.905s][info][gc,heap     ] GC(28) Humongous regions: 60->60
[2.905s][info][gc,metaspace] GC(28) Metaspace: 493K(640K)->493K(640K) NonClass: 455K(512K)->455K(512K) Class: 37K(128K)->37K(128K)
[2.905s][info][gc          ] GC(28) Pause Young (Normal) (G1 Evacuation Pause) 448M->429M(512M) 13.979ms
[2.905s][info][gc,cpu      ] GC(28) User=0.06s Sys=0.00s Real=0.01s
[2.923s][info][gc,start    ] GC(29) Pause Young (Normal) (G1 Evacuation Pause)
[2.924s][info][gc,task     ] GC(29) Using 4 workers of 4 for evacuation
[2.935s][info][gc,phases   ] GC(29)   Pre Evacuate Collection Set: 0.0ms
[2.935s][info][gc,phases   ] GC(29)   Merge Heap Roots: 0.0ms
[2.935s][info][gc,phases   ] GC(29)   Evacuate Collection Set: 11.0ms
[2.935s][info][gc,phases   ] GC(29)   Post Evacuate Collection Set: 0.2ms
[2.935s][info][gc,phases   ] GC(29)   Other: 0.1ms
[2.935s][info][gc,heap     ] GC(29) Eden regions: 21->0(21)
[2.935s][info][gc,heap     ] GC(29) Survivor regions: 4->4(4)
[2.935s][info][gc,heap     ] GC(29) Old regions: 366->371
[2.935s][info][gc,heap     ] GC(29) Archive regions: 0->0
[2.935s][info][gc,heap     ] GC(29) Humongous regions: 60->60
[2.935s][info][gc,metaspace] GC(29) Metaspace: 493K(640K)->493K(640K) NonClass: 455K(512K)->455K(512K) Class: 37K(128K)->37K(128K)
[2.935s][info][gc          ] GC(29) Pause Young (Normal) (G1 Evacuation Pause) 450M->434M(512M) 11.825ms
[2.935s][info][gc,cpu      ] GC(29) User=0.06s Sys=0.00s Real=0.01s
[2.952s][info][gc,start    ] GC(30) Pause Young (Normal) (G1 Evacuation Pause)
[2.952s][info][gc,task     ] GC(30) Using 4 workers of 4 for evacuation
[2.963s][info][gc,phases   ] GC(30)   Pre Evacuate Collection Set: 0.1ms
[2.963s][info][gc,phases   ] GC(30)   Merge Heap Roots: 0.0ms
[2.963s][info][gc,phases   ] GC(30)   Evacuate Collection Set: 10.9ms
[2.963s][info][gc,phases   ] GC(30)   Post Evacuate Collection Set: 0.2ms
[2.963s][info][gc,phases   ] GC(30)   Other: 0.1ms
[2.963s][info][gc,heap     ] GC(30) Eden regions: 21->0(21)
[2.963s][info][gc,heap     ] GC(30) Survivor regions: 4->4(4)
[2.963s][info][gc,heap     ] GC(30) Old regions: 371->375
[2.963s][info][gc,heap     ] GC(30) Archive regions: 0->0
[2.963s][info][gc,heap     ] GC(30) Humongous regions: 60->60
[2.963s][info][gc,metaspace] GC(30) Metaspace: 493K(640K)->493K(640K) NonClass: 455K(512K)->455K(512K) Class: 37K(128K)->37K(128K)
[2.963s][info][gc          ] GC(30) Pause Young (Normal) (G1 Evacuation Pause) 455M->438M(512M) 11.507ms
[2.963s][info][gc,cpu      ] GC(30) User=0.00s Sys=0.00s Real=0.01s
[2.980s][info][gc,start    ] GC(31) Pause Young (Normal) (G1 Evacuation Pause)
[2.981s][info][gc,task     ] GC(31) Using 4 workers of 4 for evacuation
[2.992s][info][gc,phases   ] GC(31)   Pre Evacuate Collection Set: 0.1ms
[2.992s][info][gc,phases   ] GC(31)   Merge Heap Roots: 0.0ms
[2.992s][info][gc,phases   ] GC(31)   Evacuate Collection Set: 10.9ms
[2.992s][info][gc,phases   ] GC(31)   Post Evacuate Collection Set: 0.2ms
[2.992s][info][gc,phases   ] GC(31)   Other: 0.1ms
[2.992s][info][gc,heap     ] GC(31) Eden regions: 21->0(21)
[2.992s][info][gc,heap     ] GC(31) Survivor regions: 4->4(4)
[2.992s][info][gc,heap     ] GC(31) Old regions: 375->380
[2.992s][info][gc,heap     ] GC(31) Archive regions: 0->0
[2.992s][info][gc,heap     ] GC(31) Humongous regions: 60->60
[2.992s][info][gc,metaspace] GC(31) Metaspace: 493K(640K)->493K(640K) NonClass: 455K(512K)->455K(512K) Class: 37K(128K)->37K(128K)
[2.992s][info][gc          ] GC(31) Pause Young (Normal) (G1 Evacuation Pause) 459M->443M(512M) 11.592ms
[2.992s][info][gc,cpu      ] GC(31) User=0.00s Sys=0.00s Real=0.01s
[3.011s][info][gc,start    ] GC(32) Pause Young (Normal) (G1 Evacuation Pause)
[3.011s][info][gc,task     ] GC(32) Using 4 workers of 4 for evacuation
[3.022s][info][gc,phases   ] GC(32)   Pre Evacuate Collection Set: 0.0ms
[3.022s][info][gc,phases   ] GC(32)   Merge Heap Roots: 0.0ms
[3.022s][info][gc,phases   ] GC(32)   Evacuate Collection Set: 10.9ms
[3.022s][info][gc,phases   ] GC(32)   Post Evacuate Collection Set: 0.2ms
[3.022s][info][gc,phases   ] GC(32)   Other: 0.1ms
[3.022s][info][gc,heap     ] GC(32) Eden regions: 21->0(21)
[3.022s][info][gc,heap     ] GC(32) Survivor regions: 4->4(4)
[3.022s][info][gc,heap     ] GC(32) Old regions: 380->385
[3.022s][info][gc,heap     ] GC(32) Archive regions: 0->0
[3.022s][info][gc,heap     ] GC(32) Humongous regions: 60->60
[3.022s][info][gc,metaspace] GC(32) Metaspace: 493K(640K)->493K(640K) NonClass: 455K(512K)->455K(512K) Class: 37K(128K)->37K(128K)
[3.022s][info][gc          ] GC(32) Pause Young (Normal) (G1 Evacuation Pause) 464M->448M(512M) 11.494ms
[3.022s][info][gc,cpu      ] GC(32) User=0.00s Sys=0.02s Real=0.01s
[3.040s][info][gc,start    ] GC(33) Pause Young (Normal) (G1 Evacuation Pause)
[3.040s][info][gc,task     ] GC(33) Using 4 workers of 4 for evacuation
[3.050s][info][gc,phases   ] GC(33)   Pre Evacuate Collection Set: 0.1ms
[3.050s][info][gc,phases   ] GC(33)   Merge Heap Roots: 0.0ms
[3.050s][info][gc,phases   ] GC(33)   Evacuate Collection Set: 10.4ms
[3.050s][info][gc,phases   ] GC(33)   Post Evacuate Collection Set: 0.2ms
[3.050s][info][gc,phases   ] GC(33)   Other: 0.1ms
[3.050s][info][gc,heap     ] GC(33) Eden regions: 21->0(21)
[3.050s][info][gc,heap     ] GC(33) Survivor regions: 4->4(4)
[3.050s][info][gc,heap     ] GC(33) Old regions: 385->390
[3.050s][info][gc,heap     ] GC(33) Archive regions: 0->0
[3.050s][info][gc,heap     ] GC(33) Humongous regions: 60->60
[3.050s][info][gc,metaspace] GC(33) Metaspace: 493K(640K)->493K(640K) NonClass: 455K(512K)->455K(512K) Class: 37K(128K)->37K(128K)
[3.050s][info][gc          ] GC(33) Pause Young (Normal) (G1 Evacuation Pause) 469M->453M(512M) 10.943ms
[3.051s][info][gc,cpu      ] GC(33) User=0.06s Sys=0.00s Real=0.01s
[3.070s][info][gc,start    ] GC(34) Pause Young (Normal) (G1 Evacuation Pause)
[3.070s][info][gc,task     ] GC(34) Using 4 workers of 4 for evacuation
[3.081s][info][gc,phases   ] GC(34)   Pre Evacuate Collection Set: 0.1ms
[3.081s][info][gc,phases   ] GC(34)   Merge Heap Roots: 0.0ms
[3.081s][info][gc,phases   ] GC(34)   Evacuate Collection Set: 10.7ms
[3.081s][info][gc,phases   ] GC(34)   Post Evacuate Collection Set: 0.2ms
[3.081s][info][gc,phases   ] GC(34)   Other: 0.1ms
[3.081s][info][gc,heap     ] GC(34) Eden regions: 21->0(21)
[3.081s][info][gc,heap     ] GC(34) Survivor regions: 4->4(4)
[3.081s][info][gc,heap     ] GC(34) Old regions: 390->394
[3.081s][info][gc,heap     ] GC(34) Archive regions: 0->0
[3.081s][info][gc,heap     ] GC(34) Humongous regions: 60->60
[3.081s][info][gc,metaspace] GC(34) Metaspace: 493K(640K)->493K(640K) NonClass: 455K(512K)->455K(512K) Class: 37K(128K)->37K(128K)
[3.081s][info][gc          ] GC(34) Pause Young (Normal) (G1 Evacuation Pause) 474M->457M(512M) 11.274ms
[3.081s][info][gc,cpu      ] GC(34) User=0.06s Sys=0.00s Real=0.01s
[3.101s][info][gc,start    ] GC(35) Pause Young (Normal) (G1 Evacuation Pause)
[3.101s][info][gc,task     ] GC(35) Using 4 workers of 4 for evacuation
[3.112s][info][gc,phases   ] GC(35)   Pre Evacuate Collection Set: 0.0ms
[3.112s][info][gc,phases   ] GC(35)   Merge Heap Roots: 0.0ms
[3.112s][info][gc,phases   ] GC(35)   Evacuate Collection Set: 11.0ms
[3.112s][info][gc,phases   ] GC(35)   Post Evacuate Collection Set: 0.2ms
[3.112s][info][gc,phases   ] GC(35)   Other: 0.1ms
[3.112s][info][gc,heap     ] GC(35) Eden regions: 21->0(21)
[3.112s][info][gc,heap     ] GC(35) Survivor regions: 4->4(4)
[3.112s][info][gc,heap     ] GC(35) Old regions: 394->399
[3.112s][info][gc,heap     ] GC(35) Archive regions: 0->0
[3.112s][info][gc,heap     ] GC(35) Humongous regions: 60->60
[3.113s][info][gc,metaspace] GC(35) Metaspace: 493K(640K)->493K(640K) NonClass: 455K(512K)->455K(512K) Class: 37K(128K)->37K(128K)
[3.113s][info][gc          ] GC(35) Pause Young (Normal) (G1 Evacuation Pause) 478M->462M(512M) 11.640ms
[3.113s][info][gc,cpu      ] GC(35) User=0.05s Sys=0.00s Real=0.01s
[3.127s][info][gc,marking  ] GC(13) Concurrent Rebuild Remembered Sets 669.490ms
[3.127s][info][gc,start    ] GC(13) Pause Cleanup
[3.127s][info][gc          ] GC(13) Pause Cleanup 478M->478M(512M) 0.131ms
[3.127s][info][gc,cpu      ] GC(13) User=0.00s Sys=0.00s Real=0.00s
[3.127s][info][gc,marking  ] GC(13) Concurrent Cleanup for Next Mark
[3.131s][info][gc,marking  ] GC(13) Concurrent Cleanup for Next Mark 4.116ms
[3.132s][info][gc          ] GC(13) Concurrent Mark Cycle 1589.395ms
[3.132s][info][gc,start    ] GC(36) Pause Young (Prepare Mixed) (G1 Evacuation Pause)
[3.132s][info][gc,task     ] GC(36) Using 4 workers of 4 for evacuation
[3.143s][info][gc,phases   ] GC(36)   Pre Evacuate Collection Set: 0.1ms
[3.143s][info][gc,phases   ] GC(36)   Merge Heap Roots: 0.0ms
[3.143s][info][gc,phases   ] GC(36)   Evacuate Collection Set: 10.8ms
[3.143s][info][gc,phases   ] GC(36)   Post Evacuate Collection Set: 0.2ms
[3.143s][info][gc,phases   ] GC(36)   Other: 0.1ms
[3.143s][info][gc,heap     ] GC(36) Eden regions: 21->0(21)
[3.143s][info][gc,heap     ] GC(36) Survivor regions: 4->4(4)
[3.143s][info][gc,heap     ] GC(36) Old regions: 399->403
[3.143s][info][gc,heap     ] GC(36) Archive regions: 0->0
[3.143s][info][gc,heap     ] GC(36) Humongous regions: 60->60
[3.143s][info][gc,metaspace] GC(36) Metaspace: 493K(640K)->493K(640K) NonClass: 455K(512K)->455K(512K) Class: 37K(128K)->37K(128K)
[3.143s][info][gc          ] GC(36) Pause Young (Prepare Mixed) (G1 Evacuation Pause) 483M->467M(512M) 11.435ms
[3.143s][info][gc,cpu      ] GC(36) User=0.06s Sys=0.00s Real=0.01s
[3.160s][info][gc,start    ] GC(37) Pause Young (Mixed) (G1 Evacuation Pause)
[3.160s][info][gc,task     ] GC(37) Using 4 workers of 4 for evacuation
[3.171s][info][gc,phases   ] GC(37)   Pre Evacuate Collection Set: 0.0ms
[3.171s][info][gc,phases   ] GC(37)   Merge Heap Roots: 0.0ms
[3.171s][info][gc,phases   ] GC(37)   Evacuate Collection Set: 11.4ms
[3.171s][info][gc,phases   ] GC(37)   Post Evacuate Collection Set: 0.2ms
[3.171s][info][gc,phases   ] GC(37)   Other: 0.1ms
[3.172s][info][gc,heap     ] GC(37) Eden regions: 21->0(21)
[3.172s][info][gc,heap     ] GC(37) Survivor regions: 4->4(4)
[3.172s][info][gc,heap     ] GC(37) Old regions: 403->406
[3.172s][info][gc,heap     ] GC(37) Archive regions: 0->0
[3.172s][info][gc,heap     ] GC(37) Humongous regions: 60->60
[3.172s][info][gc,metaspace] GC(37) Metaspace: 493K(640K)->493K(640K) NonClass: 455K(512K)->455K(512K) Class: 37K(128K)->37K(128K)
[3.172s][info][gc          ] GC(37) Pause Young (Mixed) (G1 Evacuation Pause) 488M->470M(512M) 11.987ms
[3.172s][info][gc,cpu      ] GC(37) User=0.06s Sys=0.00s Real=0.01s
[3.188s][info][gc,start    ] GC(38) Pause Young (Concurrent Start) (G1 Evacuation Pause)
[3.188s][info][gc,task     ] GC(38) Using 4 workers of 4 for evacuation
[3.199s][info][gc,phases   ] GC(38)   Pre Evacuate Collection Set: 0.0ms
[3.199s][info][gc,phases   ] GC(38)   Merge Heap Roots: 0.0ms
[3.199s][info][gc,phases   ] GC(38)   Evacuate Collection Set: 11.1ms
[3.199s][info][gc,phases   ] GC(38)   Post Evacuate Collection Set: 0.2ms
[3.199s][info][gc,phases   ] GC(38)   Other: 0.1ms
[3.199s][info][gc,heap     ] GC(38) Eden regions: 21->0(21)
[3.199s][info][gc,heap     ] GC(38) Survivor regions: 4->4(4)
[3.199s][info][gc,heap     ] GC(38) Old regions: 406->411
[3.199s][info][gc,heap     ] GC(38) Archive regions: 0->0
[3.199s][info][gc,heap     ] GC(38) Humongous regions: 60->60
[3.199s][info][gc,metaspace] GC(38) Metaspace: 493K(640K)->493K(640K) NonClass: 455K(512K)->455K(512K) Class: 37K(128K)->37K(128K)
[3.199s][info][gc          ] GC(38) Pause Young (Concurrent Start) (G1 Evacuation Pause) 491M->474M(512M) 11.750ms
[3.199s][info][gc,cpu      ] GC(38) User=0.05s Sys=0.00s Real=0.01s
[3.200s][info][gc          ] GC(39) Concurrent Mark Cycle
[3.200s][info][gc,marking  ] GC(39) Concurrent Clear Claimed Marks
[3.200s][info][gc,marking  ] GC(39) Concurrent Clear Claimed Marks 0.018ms
[3.200s][info][gc,marking  ] GC(39) Concurrent Scan Root Regions
[3.204s][info][gc,marking  ] GC(39) Concurrent Scan Root Regions 4.556ms
[3.204s][info][gc,marking  ] GC(39) Concurrent Mark
[3.204s][info][gc,marking  ] GC(39) Concurrent Mark From Roots
[3.204s][info][gc,task     ] GC(39) Using 1 workers of 1 for marking
[3.274s][info][gc,start    ] GC(40) Pause Young (Normal) (G1 Evacuation Pause)
[3.274s][info][gc,task     ] GC(40) Using 4 workers of 4 for evacuation
[3.278s][info][gc,phases   ] GC(40)   Pre Evacuate Collection Set: 0.0ms
[3.278s][info][gc,phases   ] GC(40)   Merge Heap Roots: 0.0ms
[3.278s][info][gc,phases   ] GC(40)   Evacuate Collection Set: 3.5ms
[3.278s][info][gc,phases   ] GC(40)   Post Evacuate Collection Set: 0.2ms
[3.278s][info][gc,phases   ] GC(40)   Other: 0.1ms
[3.278s][info][gc,heap     ] GC(40) Eden regions: 21->0(23)
[3.278s][info][gc,heap     ] GC(40) Survivor regions: 4->2(4)
[3.278s][info][gc,heap     ] GC(40) Old regions: 411->411
[3.278s][info][gc,heap     ] GC(40) Archive regions: 0->0
[3.278s][info][gc,heap     ] GC(40) Humongous regions: 60->60
[3.278s][info][gc,metaspace] GC(40) Metaspace: 493K(640K)->493K(640K) NonClass: 455K(512K)->455K(512K) Class: 37K(128K)->37K(128K)
[3.278s][info][gc          ] GC(40) Pause Young (Normal) (G1 Evacuation Pause) 495M->472M(512M) 4.219ms
[3.278s][info][gc,cpu      ] GC(40) User=0.06s Sys=0.00s Real=0.00s
[3.310s][info][gc,start    ] GC(41) Pause Young (Normal) (G1 Evacuation Pause)
[3.310s][info][gc,task     ] GC(41) Using 4 workers of 4 for evacuation
[3.318s][info][gc,phases   ] GC(41)   Pre Evacuate Collection Set: 0.0ms
[3.319s][info][gc,phases   ] GC(41)   Merge Heap Roots: 0.0ms
[3.319s][info][gc,phases   ] GC(41)   Evacuate Collection Set: 8.6ms
[3.319s][info][gc,phases   ] GC(41)   Post Evacuate Collection Set: 0.2ms
[3.319s][info][gc,phases   ] GC(41)   Other: 0.1ms
[3.319s][info][gc,heap     ] GC(41) Eden regions: 23->0(21)
[3.319s][info][gc,heap     ] GC(41) Survivor regions: 2->4(4)
[3.319s][info][gc,heap     ] GC(41) Old regions: 411->413
[3.319s][info][gc,heap     ] GC(41) Archive regions: 0->0
[3.319s][info][gc,heap     ] GC(41) Humongous regions: 60->60
[3.319s][info][gc,metaspace] GC(41) Metaspace: 493K(640K)->493K(640K) NonClass: 455K(512K)->455K(512K) Class: 37K(128K)->37K(128K)
[3.319s][info][gc          ] GC(41) Pause Young (Normal) (G1 Evacuation Pause) 495M->476M(512M) 9.216ms
[3.319s][info][gc,cpu      ] GC(41) User=0.00s Sys=0.00s Real=0.01s
[3.346s][info][gc,start    ] GC(42) Pause Young (Normal) (G1 Evacuation Pause)
[3.346s][info][gc,task     ] GC(42) Using 4 workers of 4 for evacuation
[3.357s][info][gc,phases   ] GC(42)   Pre Evacuate Collection Set: 0.0ms
[3.357s][info][gc,phases   ] GC(42)   Merge Heap Roots: 0.0ms
[3.357s][info][gc,phases   ] GC(42)   Evacuate Collection Set: 10.8ms
[3.358s][info][gc,phases   ] GC(42)   Post Evacuate Collection Set: 0.2ms
[3.358s][info][gc,phases   ] GC(42)   Other: 0.1ms
[3.358s][info][gc,heap     ] GC(42) Eden regions: 21->0(21)
[3.358s][info][gc,heap     ] GC(42) Survivor regions: 4->4(4)
[3.358s][info][gc,heap     ] GC(42) Old regions: 413->418
[3.358s][info][gc,heap     ] GC(42) Archive regions: 0->0
[3.358s][info][gc,heap     ] GC(42) Humongous regions: 60->60
[3.358s][info][gc,metaspace] GC(42) Metaspace: 493K(640K)->493K(640K) NonClass: 455K(512K)->455K(512K) Class: 37K(128K)->37K(128K)
[3.358s][info][gc          ] GC(42) Pause Young (Normal) (G1 Evacuation Pause) 497M->481M(512M) 11.432ms
[3.358s][info][gc,cpu      ] GC(42) User=0.06s Sys=0.00s Real=0.01s
[3.390s][info][gc,start    ] GC(43) Pause Young (Normal) (G1 Preventive Collection)
[3.390s][info][gc,task     ] GC(43) Using 4 workers of 4 for evacuation
[3.401s][info][gc,phases   ] GC(43)   Pre Evacuate Collection Set: 0.1ms
[3.401s][info][gc,phases   ] GC(43)   Merge Heap Roots: 0.0ms
[3.401s][info][gc,phases   ] GC(43)   Evacuate Collection Set: 10.3ms
[3.401s][info][gc,phases   ] GC(43)   Post Evacuate Collection Set: 0.2ms
[3.401s][info][gc,phases   ] GC(43)   Other: 0.1ms
[3.401s][info][gc,heap     ] GC(43) Eden regions: 21->0(21)
[3.401s][info][gc,heap     ] GC(43) Survivor regions: 4->4(4)
[3.401s][info][gc,heap     ] GC(43) Old regions: 418->422
[3.401s][info][gc,heap     ] GC(43) Archive regions: 0->0
[3.401s][info][gc,heap     ] GC(43) Humongous regions: 60->60
[3.401s][info][gc,metaspace] GC(43) Metaspace: 493K(640K)->493K(640K) NonClass: 455K(512K)->455K(512K) Class: 37K(128K)->37K(128K)
[3.401s][info][gc          ] GC(43) Pause Young (Normal) (G1 Preventive Collection) 502M->485M(512M) 10.951ms
[3.401s][info][gc,cpu      ] GC(43) User=0.00s Sys=0.00s Real=0.01s
[3.421s][info][gc,start    ] GC(44) Pause Young (Normal) (G1 Preventive Collection)
[3.421s][info][gc,task     ] GC(44) Using 4 workers of 4 for evacuation
[3.432s][info][gc,phases   ] GC(44)   Pre Evacuate Collection Set: 0.0ms
[3.432s][info][gc,phases   ] GC(44)   Merge Heap Roots: 0.0ms
[3.432s][info][gc,phases   ] GC(44)   Evacuate Collection Set: 9.9ms
[3.432s][info][gc,phases   ] GC(44)   Post Evacuate Collection Set: 0.2ms
[3.432s][info][gc,phases   ] GC(44)   Other: 0.1ms
[3.432s][info][gc,heap     ] GC(44) Eden regions: 17->0(21)
[3.432s][info][gc,heap     ] GC(44) Survivor regions: 4->4(4)
[3.432s][info][gc,heap     ] GC(44) Old regions: 422->426
[3.432s][info][gc,heap     ] GC(44) Archive regions: 0->0
[3.432s][info][gc,heap     ] GC(44) Humongous regions: 60->60
[3.432s][info][gc,metaspace] GC(44) Metaspace: 493K(640K)->493K(640K) NonClass: 455K(512K)->455K(512K) Class: 37K(128K)->37K(128K)
[3.432s][info][gc          ] GC(44) Pause Young (Normal) (G1 Preventive Collection) 502M->489M(512M) 10.526ms
[3.432s][info][gc,cpu      ] GC(44) User=0.00s Sys=0.00s Real=0.01s
[3.441s][info][gc,marking  ] GC(39) Concurrent Mark reset for overflow
[3.451s][info][gc,start    ] GC(45) Pause Young (Normal) (G1 Preventive Collection)
[3.451s][info][gc,task     ] GC(45) Using 4 workers of 4 for evacuation
[3.459s][info][gc,phases   ] GC(45)   Pre Evacuate Collection Set: 0.0ms
[3.459s][info][gc,phases   ] GC(45)   Merge Heap Roots: 0.0ms
[3.459s][info][gc,phases   ] GC(45)   Evacuate Collection Set: 8.5ms
[3.459s][info][gc,phases   ] GC(45)   Post Evacuate Collection Set: 0.2ms
[3.460s][info][gc,phases   ] GC(45)   Other: 0.1ms
[3.460s][info][gc,heap     ] GC(45) Eden regions: 14->0(22)
[3.460s][info][gc,heap     ] GC(45) Survivor regions: 4->3(4)
[3.460s][info][gc,heap     ] GC(45) Old regions: 426->430
[3.460s][info][gc,heap     ] GC(45) Archive regions: 0->0
[3.460s][info][gc,heap     ] GC(45) Humongous regions: 60->60
[3.460s][info][gc,metaspace] GC(45) Metaspace: 493K(640K)->493K(640K) NonClass: 455K(512K)->455K(512K) Class: 37K(128K)->37K(128K)
[3.460s][info][gc          ] GC(45) Pause Young (Normal) (G1 Preventive Collection) 503M->492M(512M) 9.143ms
[3.460s][info][gc,cpu      ] GC(45) User=0.00s Sys=0.00s Real=0.01s
[3.476s][info][gc,start    ] GC(46) Pause Young (Normal) (G1 Preventive Collection)
[3.476s][info][gc,task     ] GC(46) Using 4 workers of 4 for evacuation
[3.483s][info][gc,phases   ] GC(46)   Pre Evacuate Collection Set: 0.1ms
[3.483s][info][gc,phases   ] GC(46)   Merge Heap Roots: 0.0ms
[3.483s][info][gc,phases   ] GC(46)   Evacuate Collection Set: 6.9ms
[3.483s][info][gc,phases   ] GC(46)   Post Evacuate Collection Set: 0.2ms
[3.483s][info][gc,phases   ] GC(46)   Other: 0.1ms
[3.484s][info][gc,heap     ] GC(46) Eden regions: 12->0(22)
[3.484s][info][gc,heap     ] GC(46) Survivor regions: 3->3(4)
[3.484s][info][gc,heap     ] GC(46) Old regions: 430->433
[3.484s][info][gc,heap     ] GC(46) Archive regions: 0->0
[3.484s][info][gc,heap     ] GC(46) Humongous regions: 60->60
[3.484s][info][gc,metaspace] GC(46) Metaspace: 493K(640K)->493K(640K) NonClass: 455K(512K)->455K(512K) Class: 37K(128K)->37K(128K)
[3.484s][info][gc          ] GC(46) Pause Young (Normal) (G1 Preventive Collection) 504M->495M(512M) 7.504ms
[3.484s][info][gc,cpu      ] GC(46) User=0.06s Sys=0.00s Real=0.01s
[3.496s][info][gc,start    ] GC(47) Pause Young (Normal) (G1 Preventive Collection)
[3.496s][info][gc,task     ] GC(47) Using 4 workers of 4 for evacuation
[3.502s][info][gc,phases   ] GC(47)   Pre Evacuate Collection Set: 0.1ms
[3.502s][info][gc,phases   ] GC(47)   Merge Heap Roots: 0.0ms
[3.502s][info][gc,phases   ] GC(47)   Evacuate Collection Set: 6.4ms
[3.502s][info][gc,phases   ] GC(47)   Post Evacuate Collection Set: 0.2ms
[3.502s][info][gc,phases   ] GC(47)   Other: 0.1ms
[3.502s][info][gc,heap     ] GC(47) Eden regions: 10->0(22)
[3.503s][info][gc,heap     ] GC(47) Survivor regions: 3->3(4)
[3.503s][info][gc,heap     ] GC(47) Old regions: 433->436
[3.503s][info][gc,heap     ] GC(47) Archive regions: 0->0
[3.503s][info][gc,heap     ] GC(47) Humongous regions: 60->60
[3.503s][info][gc,metaspace] GC(47) Metaspace: 493K(640K)->493K(640K) NonClass: 455K(512K)->455K(512K) Class: 37K(128K)->37K(128K)
[3.503s][info][gc          ] GC(47) Pause Young (Normal) (G1 Preventive Collection) 505M->497M(512M) 6.954ms
[3.503s][info][gc,cpu      ] GC(47) User=0.00s Sys=0.00s Real=0.01s
[3.512s][info][gc,start    ] GC(48) Pause Young (Normal) (G1 Preventive Collection)
[3.512s][info][gc,task     ] GC(48) Using 4 workers of 4 for evacuation
[3.518s][info][gc,phases   ] GC(48)   Pre Evacuate Collection Set: 0.1ms
[3.518s][info][gc,phases   ] GC(48)   Merge Heap Roots: 0.0ms
[3.518s][info][gc,phases   ] GC(48)   Evacuate Collection Set: 5.8ms
[3.518s][info][gc,phases   ] GC(48)   Post Evacuate Collection Set: 0.2ms
[3.518s][info][gc,phases   ] GC(48)   Other: 0.1ms
[3.518s][info][gc,heap     ] GC(48) Eden regions: 8->0(21)
[3.518s][info][gc,heap     ] GC(48) Survivor regions: 3->4(4)
[3.518s][info][gc,heap     ] GC(48) Old regions: 436->436
[3.518s][info][gc,heap     ] GC(48) Archive regions: 0->0
[3.518s][info][gc,heap     ] GC(48) Humongous regions: 60->60
[3.518s][info][gc,metaspace] GC(48) Metaspace: 493K(640K)->493K(640K) NonClass: 455K(512K)->455K(512K) Class: 37K(128K)->37K(128K)
[3.518s][info][gc          ] GC(48) Pause Young (Normal) (G1 Preventive Collection) 505M->499M(512M) 6.413ms
[3.518s][info][gc,cpu      ] GC(48) User=0.00s Sys=0.00s Real=0.01s
[3.525s][info][gc,start    ] GC(49) Pause Young (Normal) (G1 Preventive Collection)
[3.525s][info][gc,task     ] GC(49) Using 4 workers of 4 for evacuation
[3.531s][info][gc,phases   ] GC(49)   Pre Evacuate Collection Set: 0.1ms
[3.531s][info][gc,phases   ] GC(49)   Merge Heap Roots: 0.1ms
[3.531s][info][gc,phases   ] GC(49)   Evacuate Collection Set: 6.1ms
[3.531s][info][gc,phases   ] GC(49)   Post Evacuate Collection Set: 0.2ms
[3.532s][info][gc,phases   ] GC(49)   Other: 0.1ms
[3.532s][info][gc,heap     ] GC(49) Eden regions: 6->0(22)
[3.532s][info][gc,heap     ] GC(49) Survivor regions: 4->3(4)
[3.532s][info][gc,heap     ] GC(49) Old regions: 436->438
[3.532s][info][gc,heap     ] GC(49) Archive regions: 0->0
[3.532s][info][gc,heap     ] GC(49) Humongous regions: 60->60
[3.532s][info][gc,metaspace] GC(49) Metaspace: 493K(640K)->493K(640K) NonClass: 455K(512K)->455K(512K) Class: 37K(128K)->37K(128K)
[3.532s][info][gc          ] GC(49) Pause Young (Normal) (G1 Preventive Collection) 505M->500M(512M) 6.800ms
[3.532s][info][gc,cpu      ] GC(49) User=0.06s Sys=0.00s Real=0.01s
[3.539s][info][gc,start    ] GC(50) Pause Young (Normal) (G1 Preventive Collection)
[3.539s][info][gc,task     ] GC(50) Using 4 workers of 4 for evacuation
[3.547s][info][gc,phases   ] GC(50)   Pre Evacuate Collection Set: 0.1ms
[3.547s][info][gc,phases   ] GC(50)   Merge Heap Roots: 0.0ms
[3.547s][info][gc,phases   ] GC(50)   Evacuate Collection Set: 7.3ms
[3.547s][info][gc,phases   ] GC(50)   Post Evacuate Collection Set: 0.2ms
[3.547s][info][gc,phases   ] GC(50)   Other: 0.1ms
[3.547s][info][gc,heap     ] GC(50) Eden regions: 6->0(22)
[3.547s][info][gc,heap     ] GC(50) Survivor regions: 3->3(4)
[3.547s][info][gc,heap     ] GC(50) Old regions: 438->440
[3.547s][info][gc,heap     ] GC(50) Archive regions: 0->0
[3.547s][info][gc,heap     ] GC(50) Humongous regions: 60->60
[3.547s][info][gc,metaspace] GC(50) Metaspace: 493K(640K)->493K(640K) NonClass: 455K(512K)->455K(512K) Class: 37K(128K)->37K(128K)
[3.547s][info][gc          ] GC(50) Pause Young (Normal) (G1 Preventive Collection) 506M->501M(512M) 7.976ms
[3.547s][info][gc,cpu      ] GC(50) User=0.05s Sys=0.00s Real=0.01s
[3.553s][info][gc,start    ] GC(51) Pause Young (Normal) (G1 Preventive Collection)
[3.553s][info][gc,task     ] GC(51) Using 4 workers of 4 for evacuation
[3.558s][info][gc,phases   ] GC(51)   Pre Evacuate Collection Set: 0.0ms
[3.558s][info][gc,phases   ] GC(51)   Merge Heap Roots: 0.0ms
[3.558s][info][gc,phases   ] GC(51)   Evacuate Collection Set: 4.8ms
[3.558s][info][gc,phases   ] GC(51)   Post Evacuate Collection Set: 0.2ms
[3.558s][info][gc,phases   ] GC(51)   Other: 0.1ms
[3.558s][info][gc,heap     ] GC(51) Eden regions: 5->0(22)
[3.558s][info][gc,heap     ] GC(51) Survivor regions: 3->3(4)
[3.558s][info][gc,heap     ] GC(51) Old regions: 440->441
[3.558s][info][gc,heap     ] GC(51) Archive regions: 0->0
[3.558s][info][gc,heap     ] GC(51) Humongous regions: 60->60
[3.558s][info][gc,metaspace] GC(51) Metaspace: 493K(640K)->493K(640K) NonClass: 455K(512K)->455K(512K) Class: 37K(128K)->37K(128K)
[3.558s][info][gc          ] GC(51) Pause Young (Normal) (G1 Preventive Collection) 506M->502M(512M) 5.471ms
[3.558s][info][gc,cpu      ] GC(51) User=0.06s Sys=0.00s Real=0.01s
[3.563s][info][gc,start    ] GC(52) Pause Young (Normal) (G1 Preventive Collection)
[3.563s][info][gc,task     ] GC(52) Using 4 workers of 4 for evacuation
[3.568s][info][gc,phases   ] GC(52)   Pre Evacuate Collection Set: 0.1ms
[3.568s][info][gc,phases   ] GC(52)   Merge Heap Roots: 0.0ms
[3.568s][info][gc,phases   ] GC(52)   Evacuate Collection Set: 5.0ms
[3.568s][info][gc,phases   ] GC(52)   Post Evacuate Collection Set: 0.2ms
[3.568s][info][gc,phases   ] GC(52)   Other: 0.1ms
[3.568s][info][gc,heap     ] GC(52) Eden regions: 4->0(23)
[3.568s][info][gc,heap     ] GC(52) Survivor regions: 3->2(4)
[3.568s][info][gc,heap     ] GC(52) Old regions: 441->442
[3.568s][info][gc,heap     ] GC(52) Archive regions: 0->0
[3.568s][info][gc,heap     ] GC(52) Humongous regions: 60->60
[3.568s][info][gc,metaspace] GC(52) Metaspace: 493K(640K)->493K(640K) NonClass: 455K(512K)->455K(512K) Class: 37K(128K)->37K(128K)
[3.568s][info][gc          ] GC(52) Pause Young (Normal) (G1 Preventive Collection) 506M->503M(512M) 5.618ms
[3.568s][info][gc,cpu      ] GC(52) User=0.00s Sys=0.00s Real=0.01s
[3.574s][info][gc,start    ] GC(53) Pause Young (Normal) (G1 Preventive Collection)
[3.574s][info][gc,task     ] GC(53) Using 4 workers of 4 for evacuation
[3.579s][info][gc,phases   ] GC(53)   Pre Evacuate Collection Set: 0.0ms
[3.579s][info][gc,phases   ] GC(53)   Merge Heap Roots: 0.0ms
[3.579s][info][gc,phases   ] GC(53)   Evacuate Collection Set: 4.6ms
[3.579s][info][gc,phases   ] GC(53)   Post Evacuate Collection Set: 0.2ms
[3.579s][info][gc,phases   ] GC(53)   Other: 0.1ms
[3.579s][info][gc,heap     ] GC(53) Eden regions: 5->0(22)
[3.579s][info][gc,heap     ] GC(53) Survivor regions: 2->3(3)
[3.579s][info][gc,heap     ] GC(53) Old regions: 442->442
[3.579s][info][gc,heap     ] GC(53) Archive regions: 0->0
[3.579s][info][gc,heap     ] GC(53) Humongous regions: 60->60
[3.579s][info][gc,metaspace] GC(53) Metaspace: 493K(640K)->493K(640K) NonClass: 455K(512K)->455K(512K) Class: 37K(128K)->37K(128K)
[3.579s][info][gc          ] GC(53) Pause Young (Normal) (G1 Preventive Collection) 508M->504M(512M) 5.160ms
[3.579s][info][gc,cpu      ] GC(53) User=0.00s Sys=0.00s Real=0.01s
[3.582s][info][gc,start    ] GC(54) Pause Young (Normal) (G1 Preventive Collection)
[3.582s][info][gc,task     ] GC(54) Using 4 workers of 4 for evacuation
[3.588s][info][gc,phases   ] GC(54)   Pre Evacuate Collection Set: 0.0ms
[3.588s][info][gc,phases   ] GC(54)   Merge Heap Roots: 0.0ms
[3.588s][info][gc,phases   ] GC(54)   Evacuate Collection Set: 5.3ms
[3.588s][info][gc,phases   ] GC(54)   Post Evacuate Collection Set: 0.2ms
[3.588s][info][gc,phases   ] GC(54)   Other: 0.1ms
[3.588s][info][gc,heap     ] GC(54) Eden regions: 3->0(22)
[3.588s][info][gc,heap     ] GC(54) Survivor regions: 3->3(4)
[3.588s][info][gc,heap     ] GC(54) Old regions: 442->443
[3.588s][info][gc,heap     ] GC(54) Archive regions: 0->0
[3.588s][info][gc,heap     ] GC(54) Humongous regions: 60->60
[3.588s][info][gc,metaspace] GC(54) Metaspace: 493K(640K)->493K(640K) NonClass: 455K(512K)->455K(512K) Class: 37K(128K)->37K(128K)
[3.588s][info][gc          ] GC(54) Pause Young (Normal) (G1 Preventive Collection) 507M->505M(512M) 5.918ms
[3.588s][info][gc,cpu      ] GC(54) User=0.00s Sys=0.00s Real=0.01s
[3.591s][info][gc,start    ] GC(55) Pause Young (Normal) (G1 Preventive Collection)
[3.591s][info][gc,task     ] GC(55) Using 4 workers of 4 for evacuation
[3.595s][info][gc,phases   ] GC(55)   Pre Evacuate Collection Set: 0.1ms
[3.595s][info][gc,phases   ] GC(55)   Merge Heap Roots: 0.0ms
[3.595s][info][gc,phases   ] GC(55)   Evacuate Collection Set: 4.3ms
[3.595s][info][gc,phases   ] GC(55)   Post Evacuate Collection Set: 0.2ms
[3.595s][info][gc,phases   ] GC(55)   Other: 0.1ms
[3.595s][info][gc,heap     ] GC(55) Eden regions: 2->0(22)
[3.595s][info][gc,heap     ] GC(55) Survivor regions: 3->3(4)
[3.595s][info][gc,heap     ] GC(55) Old regions: 443->444
[3.595s][info][gc,heap     ] GC(55) Archive regions: 0->0
[3.595s][info][gc,heap     ] GC(55) Humongous regions: 60->60
[3.595s][info][gc,metaspace] GC(55) Metaspace: 493K(640K)->493K(640K) NonClass: 455K(512K)->455K(512K) Class: 37K(128K)->37K(128K)
[3.596s][info][gc          ] GC(55) Pause Young (Normal) (G1 Preventive Collection) 507M->505M(512M) 4.874ms
[3.596s][info][gc,cpu      ] GC(55) User=0.00s Sys=0.00s Real=0.00s
[3.598s][info][gc,start    ] GC(56) Pause Young (Normal) (G1 Preventive Collection)
[3.598s][info][gc,task     ] GC(56) Using 4 workers of 4 for evacuation
[3.602s][info][gc,phases   ] GC(56)   Pre Evacuate Collection Set: 0.1ms
[3.602s][info][gc,phases   ] GC(56)   Merge Heap Roots: 0.0ms
[3.602s][info][gc,phases   ] GC(56)   Evacuate Collection Set: 3.7ms
[3.602s][info][gc,phases   ] GC(56)   Post Evacuate Collection Set: 0.2ms
[3.602s][info][gc,phases   ] GC(56)   Other: 0.1ms
[3.602s][info][gc,heap     ] GC(56) Eden regions: 2->0(22)
[3.602s][info][gc,heap     ] GC(56) Survivor regions: 3->3(3)
[3.602s][info][gc,heap     ] GC(56) Old regions: 444->444
[3.602s][info][gc,heap     ] GC(56) Archive regions: 0->0
[3.602s][info][gc,heap     ] GC(56) Humongous regions: 60->60
[3.602s][info][gc,metaspace] GC(56) Metaspace: 493K(640K)->493K(640K) NonClass: 455K(512K)->455K(512K) Class: 37K(128K)->37K(128K)
[3.602s][info][gc          ] GC(56) Pause Young (Normal) (G1 Preventive Collection) 507M->506M(512M) 4.220ms
[3.602s][info][gc,cpu      ] GC(56) User=0.00s Sys=0.00s Real=0.00s
[3.605s][info][gc,start    ] GC(57) Pause Young (Normal) (G1 Preventive Collection)
[3.605s][info][gc,task     ] GC(57) Using 4 workers of 4 for evacuation
[3.610s][info][gc,phases   ] GC(57)   Pre Evacuate Collection Set: 0.0ms
[3.610s][info][gc,phases   ] GC(57)   Merge Heap Roots: 0.0ms
[3.610s][info][gc,phases   ] GC(57)   Evacuate Collection Set: 4.1ms
[3.610s][info][gc,phases   ] GC(57)   Post Evacuate Collection Set: 0.2ms
[3.610s][info][gc,phases   ] GC(57)   Other: 0.1ms
[3.610s][info][gc,heap     ] GC(57) Eden regions: 2->0(23)
[3.610s][info][gc,heap     ] GC(57) Survivor regions: 3->2(3)
[3.610s][info][gc,heap     ] GC(57) Old regions: 444->445
[3.610s][info][gc,heap     ] GC(57) Archive regions: 0->0
[3.610s][info][gc,heap     ] GC(57) Humongous regions: 60->60
[3.610s][info][gc,metaspace] GC(57) Metaspace: 493K(640K)->493K(640K) NonClass: 455K(512K)->455K(512K) Class: 37K(128K)->37K(128K)
[3.610s][info][gc          ] GC(57) Pause Young (Normal) (G1 Preventive Collection) 508M->506M(512M) 4.645ms
[3.610s][info][gc,cpu      ] GC(57) User=0.00s Sys=0.00s Real=0.00s
[3.613s][info][gc,start    ] GC(58) Pause Young (Normal) (G1 Preventive Collection)
[3.613s][info][gc,task     ] GC(58) Using 4 workers of 4 for evacuation
[3.618s][info][gc,phases   ] GC(58)   Pre Evacuate Collection Set: 0.0ms
[3.618s][info][gc,phases   ] GC(58)   Merge Heap Roots: 0.0ms
[3.618s][info][gc,phases   ] GC(58)   Evacuate Collection Set: 4.0ms
[3.618s][info][gc,phases   ] GC(58)   Post Evacuate Collection Set: 0.2ms
[3.618s][info][gc,phases   ] GC(58)   Other: 0.1ms
[3.618s][info][gc,heap     ] GC(58) Eden regions: 2->0(22)
[3.618s][info][gc,heap     ] GC(58) Survivor regions: 2->3(3)
[3.618s][info][gc,heap     ] GC(58) Old regions: 445->445
[3.618s][info][gc,heap     ] GC(58) Archive regions: 0->0
[3.618s][info][gc,heap     ] GC(58) Humongous regions: 60->60
[3.618s][info][gc,metaspace] GC(58) Metaspace: 493K(640K)->493K(640K) NonClass: 455K(512K)->455K(512K) Class: 37K(128K)->37K(128K)
[3.618s][info][gc          ] GC(58) Pause Young (Normal) (G1 Preventive Collection) 508M->507M(512M) 4.648ms
[3.618s][info][gc,cpu      ] GC(58) User=0.00s Sys=0.00s Real=0.00s
[3.619s][info][gc,start    ] GC(59) Pause Young (Normal) (G1 Preventive Collection)
[3.619s][info][gc,task     ] GC(59) Using 4 workers of 4 for evacuation
[3.624s][info][gc,phases   ] GC(59)   Pre Evacuate Collection Set: 0.0ms
[3.624s][info][gc,phases   ] GC(59)   Merge Heap Roots: 0.0ms
[3.624s][info][gc,phases   ] GC(59)   Evacuate Collection Set: 3.9ms
[3.624s][info][gc,phases   ] GC(59)   Post Evacuate Collection Set: 0.2ms
[3.624s][info][gc,phases   ] GC(59)   Other: 0.1ms
[3.624s][info][gc,heap     ] GC(59) Eden regions: 1->0(23)
[3.624s][info][gc,heap     ] GC(59) Survivor regions: 3->2(3)
[3.624s][info][gc,heap     ] GC(59) Old regions: 445->446
[3.624s][info][gc,heap     ] GC(59) Archive regions: 0->0
[3.624s][info][gc,heap     ] GC(59) Humongous regions: 60->60
[3.624s][info][gc,metaspace] GC(59) Metaspace: 493K(640K)->493K(640K) NonClass: 455K(512K)->455K(512K) Class: 37K(128K)->37K(128K)
[3.624s][info][gc          ] GC(59) Pause Young (Normal) (G1 Preventive Collection) 508M->507M(512M) 4.465ms
[3.624s][info][gc,cpu      ] GC(59) User=0.06s Sys=0.00s Real=0.01s
[3.625s][info][gc,start    ] GC(60) Pause Young (Normal) (G1 Preventive Collection)
[3.625s][info][gc,task     ] GC(60) Using 4 workers of 4 for evacuation
[3.629s][info][gc,phases   ] GC(60)   Pre Evacuate Collection Set: 0.1ms
[3.629s][info][gc,phases   ] GC(60)   Merge Heap Roots: 0.1ms
[3.629s][info][gc,phases   ] GC(60)   Evacuate Collection Set: 3.7ms
[3.629s][info][gc,phases   ] GC(60)   Post Evacuate Collection Set: 0.2ms
[3.629s][info][gc,phases   ] GC(60)   Other: 0.1ms
[3.629s][info][gc,heap     ] GC(60) Eden regions: 1->0(22)
[3.629s][info][gc,heap     ] GC(60) Survivor regions: 2->3(3)
[3.629s][info][gc,heap     ] GC(60) Old regions: 446->446
[3.629s][info][gc,heap     ] GC(60) Archive regions: 0->0
[3.629s][info][gc,heap     ] GC(60) Humongous regions: 60->60
[3.629s][info][gc,metaspace] GC(60) Metaspace: 493K(640K)->493K(640K) NonClass: 455K(512K)->455K(512K) Class: 37K(128K)->37K(128K)
[3.630s][info][gc          ] GC(60) Pause Young (Normal) (G1 Preventive Collection) 508M->507M(512M) 4.344ms
[3.630s][info][gc,cpu      ] GC(60) User=0.00s Sys=0.00s Real=0.00s
[3.631s][info][gc,start    ] GC(61) Pause Young (Normal) (G1 Preventive Collection)
[3.631s][info][gc,task     ] GC(61) Using 4 workers of 4 for evacuation
[3.635s][info][gc,phases   ] GC(61)   Pre Evacuate Collection Set: 0.1ms
[3.635s][info][gc,phases   ] GC(61)   Merge Heap Roots: 0.0ms
[3.635s][info][gc,phases   ] GC(61)   Evacuate Collection Set: 4.1ms
[3.635s][info][gc,phases   ] GC(61)   Post Evacuate Collection Set: 0.2ms
[3.635s][info][gc,phases   ] GC(61)   Other: 0.1ms
[3.635s][info][gc,heap     ] GC(61) Eden regions: 1->0(23)
[3.635s][info][gc,heap     ] GC(61) Survivor regions: 3->2(2)
[3.635s][info][gc,heap     ] GC(61) Old regions: 446->446
[3.635s][info][gc,heap     ] GC(61) Archive regions: 0->0
[3.635s][info][gc,heap     ] GC(61) Humongous regions: 60->60
[3.635s][info][gc,metaspace] GC(61) Metaspace: 493K(640K)->493K(640K) NonClass: 455K(512K)->455K(512K) Class: 37K(128K)->37K(128K)
[3.635s][info][gc          ] GC(61) Pause Young (Normal) (G1 Preventive Collection) 508M->507M(512M) 4.737ms
[3.635s][info][gc,cpu      ] GC(61) User=0.00s Sys=0.00s Real=0.00s
[3.637s][info][gc,start    ] GC(62) Pause Young (Normal) (G1 Preventive Collection)
[3.637s][info][gc,task     ] GC(62) Using 4 workers of 4 for evacuation
[3.641s][info][gc,phases   ] GC(62)   Pre Evacuate Collection Set: 0.0ms
[3.641s][info][gc,phases   ] GC(62)   Merge Heap Roots: 0.0ms
[3.641s][info][gc,phases   ] GC(62)   Evacuate Collection Set: 3.7ms
[3.641s][info][gc,phases   ] GC(62)   Post Evacuate Collection Set: 0.2ms
[3.641s][info][gc,phases   ] GC(62)   Other: 0.1ms
[3.641s][info][gc,heap     ] GC(62) Eden regions: 1->0(22)
[3.641s][info][gc,heap     ] GC(62) Survivor regions: 2->3(3)
[3.641s][info][gc,heap     ] GC(62) Old regions: 446->446
[3.641s][info][gc,heap     ] GC(62) Archive regions: 0->0
[3.641s][info][gc,heap     ] GC(62) Humongous regions: 60->60
[3.641s][info][gc,metaspace] GC(62) Metaspace: 493K(640K)->493K(640K) NonClass: 455K(512K)->455K(512K) Class: 37K(128K)->37K(128K)
[3.641s][info][gc          ] GC(62) Pause Young (Normal) (G1 Preventive Collection) 508M->507M(512M) 4.270ms
[3.641s][info][gc,cpu      ] GC(62) User=0.00s Sys=0.00s Real=0.00s
[3.642s][info][gc,start    ] GC(63) Pause Young (Normal) (G1 Preventive Collection)
[3.642s][info][gc,task     ] GC(63) Using 4 workers of 4 for evacuation
[3.647s][info][gc,phases   ] GC(63)   Pre Evacuate Collection Set: 0.1ms
[3.647s][info][gc,phases   ] GC(63)   Merge Heap Roots: 0.0ms
[3.647s][info][gc,phases   ] GC(63)   Evacuate Collection Set: 4.1ms
[3.647s][info][gc,phases   ] GC(63)   Post Evacuate Collection Set: 0.2ms
[3.647s][info][gc,phases   ] GC(63)   Other: 0.1ms
[3.647s][info][gc,heap     ] GC(63) Eden regions: 1->0(23)
[3.647s][info][gc,heap     ] GC(63) Survivor regions: 3->2(2)
[3.647s][info][gc,heap     ] GC(63) Old regions: 446->446
[3.647s][info][gc,heap     ] GC(63) Archive regions: 0->0
[3.647s][info][gc,heap     ] GC(63) Humongous regions: 60->60
[3.647s][info][gc,metaspace] GC(63) Metaspace: 493K(640K)->493K(640K) NonClass: 455K(512K)->455K(512K) Class: 37K(128K)->37K(128K)
[3.647s][info][gc          ] GC(63) Pause Young (Normal) (G1 Preventive Collection) 508M->507M(512M) 4.753ms
[3.647s][info][gc,cpu      ] GC(63) User=0.00s Sys=0.00s Real=0.01s
[3.648s][info][gc,start    ] GC(64) Pause Young (Normal) (G1 Preventive Collection)
[3.648s][info][gc,task     ] GC(64) Using 4 workers of 4 for evacuation
[3.652s][info][gc,phases   ] GC(64)   Pre Evacuate Collection Set: 0.0ms
[3.652s][info][gc,phases   ] GC(64)   Merge Heap Roots: 0.0ms
[3.652s][info][gc,phases   ] GC(64)   Evacuate Collection Set: 3.5ms
[3.652s][info][gc,phases   ] GC(64)   Post Evacuate Collection Set: 0.2ms
[3.652s][info][gc,phases   ] GC(64)   Other: 0.1ms
[3.652s][info][gc,heap     ] GC(64) Eden regions: 1->0(22)
[3.652s][info][gc,heap     ] GC(64) Survivor regions: 2->3(3)
[3.652s][info][gc,heap     ] GC(64) Old regions: 446->446
[3.652s][info][gc,heap     ] GC(64) Archive regions: 0->0
[3.652s][info][gc,heap     ] GC(64) Humongous regions: 60->60
[3.652s][info][gc,metaspace] GC(64) Metaspace: 493K(640K)->493K(640K) NonClass: 455K(512K)->455K(512K) Class: 37K(128K)->37K(128K)
[3.652s][info][gc          ] GC(64) Pause Young (Normal) (G1 Preventive Collection) 508M->508M(512M) 3.998ms
[3.652s][info][gc,cpu      ] GC(64) User=0.06s Sys=0.00s Real=0.00s
[3.653s][info][gc,start    ] GC(65) Pause Young (Normal) (G1 Preventive Collection)
[3.653s][info][gc,task     ] GC(65) Using 4 workers of 4 for evacuation
[3.659s][info][gc          ] GC(65) To-space exhausted
[3.659s][info][gc,phases   ] GC(65)   Pre Evacuate Collection Set: 0.0ms
[3.659s][info][gc,phases   ] GC(65)   Merge Heap Roots: 0.0ms
[3.659s][info][gc,phases   ] GC(65)   Evacuate Collection Set: 4.1ms
[3.659s][info][gc,phases   ] GC(65)   Post Evacuate Collection Set: 0.8ms
[3.659s][info][gc,phases   ] GC(65)   Other: 0.1ms
[3.659s][info][gc,heap     ] GC(65) Eden regions: 1->0(24)
[3.659s][info][gc,heap     ] GC(65) Survivor regions: 3->1(2)
[3.659s][info][gc,heap     ] GC(65) Old regions: 446->449
[3.659s][info][gc,heap     ] GC(65) Archive regions: 0->0
[3.659s][info][gc,heap     ] GC(65) Humongous regions: 60->60
[3.659s][info][gc,metaspace] GC(65) Metaspace: 493K(640K)->493K(640K) NonClass: 455K(512K)->455K(512K) Class: 37K(128K)->37K(128K)
[3.659s][info][gc          ] GC(65) Pause Young (Normal) (G1 Preventive Collection) 509M->509M(512M) 5.406ms
[3.659s][info][gc,cpu      ] GC(65) User=0.00s Sys=0.00s Real=0.00s
[3.660s][info][gc,start    ] GC(66) Pause Young (Normal) (G1 Preventive Collection)
[3.660s][info][gc,task     ] GC(66) Using 4 workers of 4 for evacuation
[3.663s][info][gc          ] GC(66) To-space exhausted
[3.663s][info][gc,phases   ] GC(66)   Pre Evacuate Collection Set: 0.0ms
[3.663s][info][gc,phases   ] GC(66)   Merge Heap Roots: 0.0ms
[3.663s][info][gc,phases   ] GC(66)   Evacuate Collection Set: 1.9ms
[3.663s][info][gc,phases   ] GC(66)   Post Evacuate Collection Set: 1.1ms
[3.663s][info][gc,phases   ] GC(66)   Other: 0.1ms
[3.663s][info][gc,heap     ] GC(66) Eden regions: 1->0(24)
[3.663s][info][gc,heap     ] GC(66) Survivor regions: 1->1(1)
[3.663s][info][gc,heap     ] GC(66) Old regions: 449->450
[3.663s][info][gc,heap     ] GC(66) Archive regions: 0->0
[3.663s][info][gc,heap     ] GC(66) Humongous regions: 60->60
[3.663s][info][gc,metaspace] GC(66) Metaspace: 493K(640K)->493K(640K) NonClass: 455K(512K)->455K(512K) Class: 37K(128K)->37K(128K)
[3.663s][info][gc          ] GC(66) Pause Young (Normal) (G1 Preventive Collection) 510M->510M(512M) 3.381ms
[3.663s][info][gc,cpu      ] GC(66) User=0.00s Sys=0.00s Real=0.00s
[3.665s][info][gc,start    ] GC(67) Pause Young (Normal) (G1 Evacuation Pause)
[3.665s][info][gc,task     ] GC(67) Using 4 workers of 4 for evacuation
[3.671s][info][gc          ] GC(67) To-space exhausted
[3.671s][info][gc,phases   ] GC(67)   Pre Evacuate Collection Set: 0.1ms
[3.671s][info][gc,phases   ] GC(67)   Merge Heap Roots: 0.1ms
[3.671s][info][gc,phases   ] GC(67)   Evacuate Collection Set: 3.2ms
[3.671s][info][gc,phases   ] GC(67)   Post Evacuate Collection Set: 2.5ms
[3.671s][info][gc,phases   ] GC(67)   Other: 0.2ms
[3.671s][info][gc,heap     ] GC(67) Eden regions: 1->0(25)
[3.671s][info][gc,heap     ] GC(67) Survivor regions: 1->0(0)
[3.671s][info][gc,heap     ] GC(67) Old regions: 450->452
[3.671s][info][gc,heap     ] GC(67) Archive regions: 0->0
[3.671s][info][gc,heap     ] GC(67) Humongous regions: 60->60
[3.671s][info][gc,metaspace] GC(67) Metaspace: 493K(640K)->493K(640K) NonClass: 455K(512K)->455K(512K) Class: 37K(128K)->37K(128K)
[3.671s][info][gc          ] GC(67) Pause Young (Normal) (G1 Evacuation Pause) 511M->511M(512M) 6.241ms
[3.671s][info][gc,cpu      ] GC(67) User=0.06s Sys=0.00s Real=0.01s
[3.671s][info][gc,ergo     ] Attempting full compaction
[3.672s][info][gc,task     ] GC(68) Using 4 workers of 4 for full compaction
[3.672s][info][gc,start    ] GC(68) Pause Full (G1 Compaction Pause)
[3.672s][info][gc,phases,start] GC(68) Phase 1: Mark live objects
[3.718s][info][gc,phases      ] GC(68) Phase 1: Mark live objects 45.747ms
[3.718s][info][gc,phases,start] GC(68) Phase 2: Prepare for compaction
[3.722s][info][gc,phases      ] GC(68) Phase 2: Prepare for compaction 4.311ms
[3.723s][info][gc,phases,start] GC(68) Phase 3: Adjust pointers
[3.737s][info][gc,phases      ] GC(68) Phase 3: Adjust pointers 14.692ms
[3.737s][info][gc,phases,start] GC(68) Phase 4: Compact heap
[3.742s][info][gc,phases      ] GC(68) Phase 4: Compact heap 4.776ms
[3.744s][info][gc,heap        ] GC(68) Eden regions: 0->0(257)
[3.744s][info][gc,heap        ] GC(68) Survivor regions: 0->0(0)
[3.744s][info][gc,heap        ] GC(68) Old regions: 452->38
[3.744s][info][gc,heap        ] GC(68) Archive regions: 0->0
[3.744s][info][gc,heap        ] GC(68) Humongous regions: 60->36
[3.744s][info][gc,metaspace   ] GC(68) Metaspace: 493K(640K)->481K(640K) NonClass: 455K(512K)->446K(512K) Class: 37K(128K)->34K(128K)
[3.744s][info][gc             ] GC(68) Pause Full (G1 Compaction Pause) 511M->72M(512M) 72.035ms
[3.744s][info][gc,cpu         ] GC(68) User=0.22s Sys=0.00s Real=0.07s
[3.744s][info][gc,marking     ] GC(39) Concurrent Mark From Roots 540.127ms
[3.744s][info][gc,marking     ] GC(39) Concurrent Mark Abort
[3.744s][info][gc             ] GC(39) Concurrent Mark Cycle 544.873ms
[3.947s][info][gc,start       ] GC(69) Pause Young (Normal) (G1 Evacuation Pause)
[3.947s][info][gc,task        ] GC(69) Using 4 workers of 4 for evacuation
[4.014s][info][gc,phases      ] GC(69)   Pre Evacuate Collection Set: 0.1ms
[4.015s][info][gc,phases      ] GC(69)   Merge Heap Roots: 0.1ms
[4.015s][info][gc,phases      ] GC(69)   Evacuate Collection Set: 66.7ms
[4.015s][info][gc,phases      ] GC(69)   Post Evacuate Collection Set: 0.3ms
[4.015s][info][gc,phases      ] GC(69)   Other: 0.2ms
[4.015s][info][gc,heap        ] GC(69) Eden regions: 257->0(209)
[4.015s][info][gc,heap        ] GC(69) Survivor regions: 0->33(33)
[4.015s][info][gc,heap        ] GC(69) Old regions: 38->57
[4.015s][info][gc,heap        ] GC(69) Archive regions: 0->0
[4.015s][info][gc,heap        ] GC(69) Humongous regions: 36->36
[4.015s][info][gc,metaspace   ] GC(69) Metaspace: 481K(640K)->481K(640K) NonClass: 446K(512K)->446K(512K) Class: 34K(128K)->34K(128K)
[4.015s][info][gc             ] GC(69) Pause Young (Normal) (G1 Evacuation Pause) 329M->124M(512M) 67.636ms
[4.015s][info][gc,cpu         ] GC(69) User=0.30s Sys=0.00s Real=0.07s
[4.177s][info][gc,start       ] GC(70) Pause Young (Normal) (G1 Evacuation Pause)
[4.177s][info][gc,task        ] GC(70) Using 4 workers of 4 for evacuation
[4.271s][info][gc,phases      ] GC(70)   Pre Evacuate Collection Set: 0.1ms
[4.271s][info][gc,phases      ] GC(70)   Merge Heap Roots: 0.1ms
[4.271s][info][gc,phases      ] GC(70)   Evacuate Collection Set: 92.8ms
[4.271s][info][gc,phases      ] GC(70)   Post Evacuate Collection Set: 0.3ms
[4.271s][info][gc,phases      ] GC(70)   Other: 0.1ms
[4.271s][info][gc,heap        ] GC(70) Eden regions: 209->0(189)
[4.271s][info][gc,heap        ] GC(70) Survivor regions: 33->31(31)
[4.271s][info][gc,heap        ] GC(70) Old regions: 57->102
[4.271s][info][gc,heap        ] GC(70) Archive regions: 0->0
[4.271s][info][gc,heap        ] GC(70) Humongous regions: 36->36
[4.271s][info][gc,metaspace   ] GC(70) Metaspace: 481K(640K)->481K(640K) NonClass: 446K(512K)->446K(512K) Class: 34K(128K)->34K(128K)
[4.271s][info][gc             ] GC(70) Pause Young (Normal) (G1 Evacuation Pause) 333M->167M(512M) 93.820ms
[4.271s][info][gc,cpu         ] GC(70) User=0.36s Sys=0.00s Real=0.09s
[4.421s][info][gc,start       ] GC(71) Pause Young (Normal) (G1 Evacuation Pause)
[4.421s][info][gc,task        ] GC(71) Using 4 workers of 4 for evacuation
[4.508s][info][gc,phases      ] GC(71)   Pre Evacuate Collection Set: 0.1ms
[4.508s][info][gc,phases      ] GC(71)   Merge Heap Roots: 0.1ms
[4.508s][info][gc,phases      ] GC(71)   Evacuate Collection Set: 86.6ms
[4.508s][info][gc,phases      ] GC(71)   Post Evacuate Collection Set: 0.3ms
[4.508s][info][gc,phases      ] GC(71)   Other: 0.2ms
[4.508s][info][gc,heap        ] GC(71) Eden regions: 189->0(169)
[4.508s][info][gc,heap        ] GC(71) Survivor regions: 31->28(28)
[4.508s][info][gc,heap        ] GC(71) Old regions: 102->143
[4.508s][info][gc,heap        ] GC(71) Archive regions: 0->0
[4.508s][info][gc,heap        ] GC(71) Humongous regions: 36->36
[4.508s][info][gc,metaspace   ] GC(71) Metaspace: 481K(640K)->481K(640K) NonClass: 446K(512K)->446K(512K) Class: 34K(128K)->34K(128K)
[4.508s][info][gc             ] GC(71) Pause Young (Normal) (G1 Evacuation Pause) 356M->205M(512M) 87.685ms
[4.508s][info][gc,cpu         ] GC(71) User=0.28s Sys=0.00s Real=0.09s
[4.640s][info][gc,start       ] GC(72) Pause Young (Normal) (G1 Evacuation Pause)
[4.640s][info][gc,task        ] GC(72) Using 4 workers of 4 for evacuation
[4.718s][info][gc,phases      ] GC(72)   Pre Evacuate Collection Set: 0.1ms
[4.718s][info][gc,phases      ] GC(72)   Merge Heap Roots: 0.1ms
[4.718s][info][gc,phases      ] GC(72)   Evacuate Collection Set: 77.4ms
[4.718s][info][gc,phases      ] GC(72)   Post Evacuate Collection Set: 0.3ms
[4.718s][info][gc,phases      ] GC(72)   Other: 0.2ms
[4.718s][info][gc,heap        ] GC(72) Eden regions: 169->0(149)
[4.718s][info][gc,heap        ] GC(72) Survivor regions: 28->25(25)
[4.718s][info][gc,heap        ] GC(72) Old regions: 143->181
[4.718s][info][gc,heap        ] GC(72) Archive regions: 0->0
[4.718s][info][gc,heap        ] GC(72) Humongous regions: 36->36
[4.718s][info][gc,metaspace   ] GC(72) Metaspace: 481K(640K)->481K(640K) NonClass: 446K(512K)->446K(512K) Class: 34K(128K)->34K(128K)
[4.718s][info][gc             ] GC(72) Pause Young (Normal) (G1 Evacuation Pause) 374M->240M(512M) 78.424ms
[4.718s][info][gc,cpu         ] GC(72) User=0.31s Sys=0.00s Real=0.08s
[4.836s][info][gc,start       ] GC(73) Pause Young (Normal) (G1 Evacuation Pause)
[4.836s][info][gc,task        ] GC(73) Using 4 workers of 4 for evacuation
[4.875s][info][gc,phases      ] GC(73)   Pre Evacuate Collection Set: 0.1ms
[4.875s][info][gc,phases      ] GC(73)   Merge Heap Roots: 0.1ms
[4.875s][info][gc,phases      ] GC(73)   Evacuate Collection Set: 37.7ms
[4.875s][info][gc,phases      ] GC(73)   Post Evacuate Collection Set: 0.3ms
[4.875s][info][gc,phases      ] GC(73)   Other: 0.1ms
[4.875s][info][gc,heap        ] GC(73) Eden regions: 149->0(147)
[4.875s][info][gc,heap        ] GC(73) Survivor regions: 25->22(22)
[4.875s][info][gc,heap        ] GC(73) Old regions: 181->188
[4.875s][info][gc,heap        ] GC(73) Archive regions: 0->0
[4.875s][info][gc,heap        ] GC(73) Humongous regions: 36->36
[4.875s][info][gc,metaspace   ] GC(73) Metaspace: 481K(640K)->481K(640K) NonClass: 446K(512K)->446K(512K) Class: 34K(128K)->34K(128K)
[4.875s][info][gc             ] GC(73) Pause Young (Normal) (G1 Evacuation Pause) 389M->244M(512M) 38.671ms
[4.875s][info][gc,cpu         ] GC(73) User=0.17s Sys=0.00s Real=0.04s
[4.987s][info][gc,start       ] GC(74) Pause Young (Normal) (G1 Evacuation Pause)
[4.987s][info][gc,task        ] GC(74) Using 4 workers of 4 for evacuation
[5.058s][info][gc,phases      ] GC(74)   Pre Evacuate Collection Set: 0.1ms
[5.058s][info][gc,phases      ] GC(74)   Merge Heap Roots: 0.1ms
[5.058s][info][gc,phases      ] GC(74)   Evacuate Collection Set: 70.6ms
[5.058s][info][gc,phases      ] GC(74)   Post Evacuate Collection Set: 0.3ms
[5.058s][info][gc,phases      ] GC(74)   Other: 0.2ms
[5.058s][info][gc,heap        ] GC(74) Eden regions: 147->0(125)
[5.058s][info][gc,heap        ] GC(74) Survivor regions: 22->22(22)
[5.058s][info][gc,heap        ] GC(74) Old regions: 188->219
[5.058s][info][gc,heap        ] GC(74) Archive regions: 0->0
[5.058s][info][gc,heap        ] GC(74) Humongous regions: 36->36
[5.058s][info][gc,metaspace   ] GC(74) Metaspace: 481K(640K)->481K(640K) NonClass: 446K(512K)->446K(512K) Class: 34K(128K)->34K(128K)
[5.058s][info][gc             ] GC(74) Pause Young (Normal) (G1 Evacuation Pause) 391M->275M(512M) 71.433ms
[5.058s][info][gc,cpu         ] GC(74) User=0.20s Sys=0.02s Real=0.07s
[5.153s][info][gc,start       ] GC(75) Pause Young (Concurrent Start) (G1 Evacuation Pause)
[5.153s][info][gc,task        ] GC(75) Using 4 workers of 4 for evacuation
[5.212s][info][gc,phases      ] GC(75)   Pre Evacuate Collection Set: 0.1ms
[5.212s][info][gc,phases      ] GC(75)   Merge Heap Roots: 0.1ms
[5.212s][info][gc,phases      ] GC(75)   Evacuate Collection Set: 58.1ms
[5.212s][info][gc,phases      ] GC(75)   Post Evacuate Collection Set: 0.3ms
[5.212s][info][gc,phases      ] GC(75)   Other: 0.2ms
[5.212s][info][gc,heap        ] GC(75) Eden regions: 125->0(107)
[5.212s][info][gc,heap        ] GC(75) Survivor regions: 22->19(19)
[5.212s][info][gc,heap        ] GC(75) Old regions: 219->249
[5.212s][info][gc,heap        ] GC(75) Archive regions: 0->0
[5.212s][info][gc,heap        ] GC(75) Humongous regions: 36->36
[5.212s][info][gc,metaspace   ] GC(75) Metaspace: 481K(640K)->481K(640K) NonClass: 446K(512K)->446K(512K) Class: 34K(128K)->34K(128K)
[5.212s][info][gc             ] GC(75) Pause Young (Concurrent Start) (G1 Evacuation Pause) 400M->302M(512M) 58.916ms
[5.212s][info][gc,cpu         ] GC(75) User=0.19s Sys=0.00s Real=0.06s
[5.212s][info][gc             ] GC(76) Concurrent Mark Cycle
[5.212s][info][gc,marking     ] GC(76) Concurrent Clear Claimed Marks
[5.213s][info][gc,marking     ] GC(76) Concurrent Clear Claimed Marks 0.092ms
[5.213s][info][gc,marking     ] GC(76) Concurrent Scan Root Regions
[5.252s][info][gc,marking     ] GC(76) Concurrent Scan Root Regions 39.448ms
[5.252s][info][gc,marking     ] GC(76) Concurrent Mark
[5.252s][info][gc,marking     ] GC(76) Concurrent Mark From Roots
[5.252s][info][gc,task        ] GC(76) Using 1 workers of 1 for marking
[5.331s][info][gc,start       ] GC(77) Pause Young (Normal) (G1 Evacuation Pause)
[5.331s][info][gc,task        ] GC(77) Using 4 workers of 4 for evacuation
[5.392s][info][gc,phases      ] GC(77)   Pre Evacuate Collection Set: 0.1ms
[5.392s][info][gc,phases      ] GC(77)   Merge Heap Roots: 0.1ms
[5.392s][info][gc,phases      ] GC(77)   Evacuate Collection Set: 60.5ms
[5.392s][info][gc,phases      ] GC(77)   Post Evacuate Collection Set: 0.3ms
[5.392s][info][gc,phases      ] GC(77)   Other: 0.2ms
[5.392s][info][gc,heap        ] GC(77) Eden regions: 107->0(93)
[5.392s][info][gc,heap        ] GC(77) Survivor regions: 19->16(16)
[5.392s][info][gc,heap        ] GC(77) Old regions: 249->273
[5.392s][info][gc,heap        ] GC(77) Archive regions: 0->0
[5.392s][info][gc,heap        ] GC(77) Humongous regions: 36->36
[5.393s][info][gc,metaspace   ] GC(77) Metaspace: 481K(640K)->481K(640K) NonClass: 446K(512K)->446K(512K) Class: 34K(128K)->34K(128K)
[5.393s][info][gc             ] GC(77) Pause Young (Normal) (G1 Evacuation Pause) 409M->323M(512M) 61.250ms
[5.393s][info][gc,cpu         ] GC(77) User=0.20s Sys=0.00s Real=0.06s
[5.470s][info][gc,marking     ] GC(76) Concurrent Mark From Roots 218.191ms
[5.470s][info][gc,marking     ] GC(76) Concurrent Preclean
[5.470s][info][gc,marking     ] GC(76) Concurrent Preclean 0.069ms
[5.471s][info][gc,start       ] GC(76) Pause Remark
[5.471s][info][gc             ] GC(76) Pause Remark 395M->219M(512M) 0.415ms
[5.471s][info][gc,cpu         ] GC(76) User=0.00s Sys=0.00s Real=0.00s
[5.471s][info][gc,marking     ] GC(76) Concurrent Mark 218.913ms
[5.471s][info][gc,marking     ] GC(76) Concurrent Rebuild Remembered Sets
[5.488s][info][gc,start       ] GC(78) Pause Young (Normal) (G1 Evacuation Pause)
[5.488s][info][gc,task        ] GC(78) Using 4 workers of 4 for evacuation
[5.532s][info][gc,phases      ] GC(78)   Pre Evacuate Collection Set: 0.0ms
[5.532s][info][gc,phases      ] GC(78)   Merge Heap Roots: 0.1ms
[5.532s][info][gc,phases      ] GC(78)   Evacuate Collection Set: 43.3ms
[5.532s][info][gc,phases      ] GC(78)   Post Evacuate Collection Set: 0.2ms
[5.532s][info][gc,phases      ] GC(78)   Other: 0.1ms
[5.532s][info][gc,heap        ] GC(78) Eden regions: 93->0(201)
[5.532s][info][gc,heap        ] GC(78) Survivor regions: 16->14(14)
[5.532s][info][gc,heap        ] GC(78) Old regions: 96->118
[5.532s][info][gc,heap        ] GC(78) Archive regions: 0->0
[5.532s][info][gc,heap        ] GC(78) Humongous regions: 36->36
[5.532s][info][gc,metaspace   ] GC(78) Metaspace: 481K(640K)->481K(640K) NonClass: 446K(512K)->446K(512K) Class: 34K(128K)->34K(128K)
[5.532s][info][gc             ] GC(78) Pause Young (Normal) (G1 Evacuation Pause) 240M->167M(512M) 44.157ms
[5.532s][info][gc,cpu         ] GC(78) User=0.16s Sys=0.00s Real=0.05s
[5.660s][info][gc,marking     ] GC(76) Concurrent Rebuild Remembered Sets 189.357ms
[5.661s][info][gc,start       ] GC(76) Pause Cleanup
[5.661s][info][gc             ] GC(76) Pause Cleanup 317M->317M(512M) 0.112ms
[5.661s][info][gc,cpu         ] GC(76) User=0.00s Sys=0.00s Real=0.00s
[5.661s][info][gc,marking     ] GC(76) Concurrent Cleanup for Next Mark
[5.661s][info][gc,marking     ] GC(76) Concurrent Cleanup for Next Mark 0.526ms
[5.661s][info][gc             ] GC(76) Concurrent Mark Cycle 448.836ms
[5.700s][info][gc,start       ] GC(79) Pause Young (Normal) (G1 Evacuation Pause)
[5.700s][info][gc,task        ] GC(79) Using 4 workers of 4 for evacuation
[5.770s][info][gc,phases      ] GC(79)   Pre Evacuate Collection Set: 0.1ms
[5.770s][info][gc,phases      ] GC(79)   Merge Heap Roots: 0.1ms
[5.770s][info][gc,phases      ] GC(79)   Evacuate Collection Set: 69.3ms
[5.770s][info][gc,phases      ] GC(79)   Post Evacuate Collection Set: 0.3ms
[5.770s][info][gc,phases      ] GC(79)   Other: 0.2ms
[5.770s][info][gc,heap        ] GC(79) Eden regions: 201->0(172)
[5.770s][info][gc,heap        ] GC(79) Survivor regions: 14->27(27)
[5.770s][info][gc,heap        ] GC(79) Old regions: 118->146
[5.770s][info][gc,heap        ] GC(79) Archive regions: 0->0
[5.771s][info][gc,heap        ] GC(79) Humongous regions: 36->36
[5.771s][info][gc,metaspace   ] GC(79) Metaspace: 481K(640K)->481K(640K) NonClass: 446K(512K)->446K(512K) Class: 34K(128K)->34K(128K)
[5.771s][info][gc             ] GC(79) Pause Young (Normal) (G1 Evacuation Pause) 368M->208M(512M) 70.373ms
[5.771s][info][gc,cpu         ] GC(79) User=0.22s Sys=0.00s Real=0.07s
[5.903s][info][gc,start       ] GC(80) Pause Young (Normal) (G1 Evacuation Pause)
[5.903s][info][gc,task        ] GC(80) Using 4 workers of 4 for evacuation
[5.981s][info][gc,phases      ] GC(80)   Pre Evacuate Collection Set: 0.1ms
[5.981s][info][gc,phases      ] GC(80)   Merge Heap Roots: 0.1ms
[5.981s][info][gc,phases      ] GC(80)   Evacuate Collection Set: 77.9ms
[5.981s][info][gc,phases      ] GC(80)   Post Evacuate Collection Set: 0.3ms
[5.981s][info][gc,phases      ] GC(80)   Other: 0.1ms
[5.981s][info][gc,heap        ] GC(80) Eden regions: 172->0(149)
[5.981s][info][gc,heap        ] GC(80) Survivor regions: 27->25(25)
[5.981s][info][gc,heap        ] GC(80) Old regions: 146->183
[5.981s][info][gc,heap        ] GC(80) Archive regions: 0->0
[5.981s][info][gc,heap        ] GC(80) Humongous regions: 36->36
[5.981s][info][gc,metaspace   ] GC(80) Metaspace: 481K(640K)->481K(640K) NonClass: 446K(512K)->446K(512K) Class: 34K(128K)->34K(128K)
[5.981s][info][gc             ] GC(80) Pause Young (Normal) (G1 Evacuation Pause) 380M->243M(512M) 78.746ms
[5.981s][info][gc,cpu         ] GC(80) User=0.31s Sys=0.00s Real=0.08s
[6.099s][info][gc,start       ] GC(81) Pause Young (Normal) (G1 Evacuation Pause)
[6.099s][info][gc,task        ] GC(81) Using 4 workers of 4 for evacuation
[6.135s][info][gc,phases      ] GC(81)   Pre Evacuate Collection Set: 0.1ms
[6.135s][info][gc,phases      ] GC(81)   Merge Heap Roots: 0.1ms
[6.135s][info][gc,phases      ] GC(81)   Evacuate Collection Set: 35.6ms
[6.135s][info][gc,phases      ] GC(81)   Post Evacuate Collection Set: 0.3ms
[6.135s][info][gc,phases      ] GC(81)   Other: 0.1ms
[6.135s][info][gc,heap        ] GC(81) Eden regions: 149->0(149)
[6.135s][info][gc,heap        ] GC(81) Survivor regions: 25->22(22)
[6.135s][info][gc,heap        ] GC(81) Old regions: 183->187
[6.135s][info][gc,heap        ] GC(81) Archive regions: 0->0
[6.135s][info][gc,heap        ] GC(81) Humongous regions: 36->36
[6.135s][info][gc,metaspace   ] GC(81) Metaspace: 481K(640K)->481K(640K) NonClass: 446K(512K)->446K(512K) Class: 34K(128K)->34K(128K)
[6.135s][info][gc             ] GC(81) Pause Young (Normal) (G1 Evacuation Pause) 392M->244M(512M) 36.593ms
[6.136s][info][gc,cpu         ] GC(81) User=0.11s Sys=0.00s Real=0.04s
[6.250s][info][gc,start       ] GC(82) Pause Young (Normal) (G1 Evacuation Pause)
[6.250s][info][gc,task        ] GC(82) Using 4 workers of 4 for evacuation
[6.317s][info][gc,phases      ] GC(82)   Pre Evacuate Collection Set: 0.1ms
[6.317s][info][gc,phases      ] GC(82)   Merge Heap Roots: 0.1ms
[6.317s][info][gc,phases      ] GC(82)   Evacuate Collection Set: 65.9ms
[6.317s][info][gc,phases      ] GC(82)   Post Evacuate Collection Set: 0.3ms
[6.317s][info][gc,phases      ] GC(82)   Other: 0.1ms
[6.317s][info][gc,heap        ] GC(82) Eden regions: 149->0(127)
[6.317s][info][gc,heap        ] GC(82) Survivor regions: 22->22(22)
[6.317s][info][gc,heap        ] GC(82) Old regions: 187->218
[6.317s][info][gc,heap        ] GC(82) Archive regions: 0->0
[6.317s][info][gc,heap        ] GC(82) Humongous regions: 36->36
[6.317s][info][gc,metaspace   ] GC(82) Metaspace: 481K(640K)->481K(640K) NonClass: 446K(512K)->446K(512K) Class: 34K(128K)->34K(128K)
[6.317s][info][gc             ] GC(82) Pause Young (Normal) (G1 Evacuation Pause) 393M->275M(512M) 66.972ms
[6.317s][info][gc,cpu         ] GC(82) User=0.25s Sys=0.00s Real=0.07s
[6.414s][info][gc,start       ] GC(83) Pause Young (Concurrent Start) (G1 Evacuation Pause)
[6.415s][info][gc,task        ] GC(83) Using 4 workers of 4 for evacuation
[6.479s][info][gc,phases      ] GC(83)   Pre Evacuate Collection Set: 0.1ms
[6.479s][info][gc,phases      ] GC(83)   Merge Heap Roots: 0.2ms
[6.479s][info][gc,phases      ] GC(83)   Evacuate Collection Set: 63.5ms
[6.479s][info][gc,phases      ] GC(83)   Post Evacuate Collection Set: 0.2ms
[6.479s][info][gc,phases      ] GC(83)   Other: 0.2ms
[6.479s][info][gc,heap        ] GC(83) Eden regions: 127->0(108)
[6.479s][info][gc,heap        ] GC(83) Survivor regions: 22->19(19)
[6.479s][info][gc,heap        ] GC(83) Old regions: 218->248
[6.479s][info][gc,heap        ] GC(83) Archive regions: 0->0
[6.479s][info][gc,heap        ] GC(83) Humongous regions: 36->36
[6.479s][info][gc,metaspace   ] GC(83) Metaspace: 481K(640K)->481K(640K) NonClass: 446K(512K)->446K(512K) Class: 34K(128K)->34K(128K)
[6.479s][info][gc             ] GC(83) Pause Young (Concurrent Start) (G1 Evacuation Pause) 402M->302M(512M) 64.553ms
[6.479s][info][gc,cpu         ] GC(83) User=0.23s Sys=0.00s Real=0.06s
[6.479s][info][gc             ] GC(84) Concurrent Mark Cycle
[6.479s][info][gc,marking     ] GC(84) Concurrent Clear Claimed Marks
[6.479s][info][gc,marking     ] GC(84) Concurrent Clear Claimed Marks 0.026ms
[6.479s][info][gc,marking     ] GC(84) Concurrent Scan Root Regions
[6.515s][info][gc,marking     ] GC(84) Concurrent Scan Root Regions 35.895ms
[6.515s][info][gc,marking     ] GC(84) Concurrent Mark
[6.515s][info][gc,marking     ] GC(84) Concurrent Mark From Roots
[6.515s][info][gc,task        ] GC(84) Using 1 workers of 1 for marking
[6.593s][info][gc,start       ] GC(85) Pause Young (Normal) (G1 Evacuation Pause)
[6.594s][info][gc,task        ] GC(85) Using 4 workers of 4 for evacuation
[6.644s][info][gc,phases      ] GC(85)   Pre Evacuate Collection Set: 0.0ms
[6.644s][info][gc,phases      ] GC(85)   Merge Heap Roots: 0.1ms
[6.644s][info][gc,phases      ] GC(85)   Evacuate Collection Set: 50.4ms
[6.644s][info][gc,phases      ] GC(85)   Post Evacuate Collection Set: 0.3ms
[6.644s][info][gc,phases      ] GC(85)   Other: 0.1ms
[6.645s][info][gc,heap        ] GC(85) Eden regions: 108->0(92)
[6.645s][info][gc,heap        ] GC(85) Survivor regions: 19->16(16)
[6.645s][info][gc,heap        ] GC(85) Old regions: 248->274
[6.645s][info][gc,heap        ] GC(85) Archive regions: 0->0
[6.645s][info][gc,heap        ] GC(85) Humongous regions: 36->36
[6.645s][info][gc,metaspace   ] GC(85) Metaspace: 481K(640K)->481K(640K) NonClass: 446K(512K)->446K(512K) Class: 34K(128K)->34K(128K)
[6.645s][info][gc             ] GC(85) Pause Young (Normal) (G1 Evacuation Pause) 410M->325M(512M) 51.186ms
[6.645s][info][gc,cpu         ] GC(85) User=0.17s Sys=0.00s Real=0.05s
[6.716s][info][gc,marking     ] GC(84) Concurrent Mark From Roots 201.336ms
[6.717s][info][gc,marking     ] GC(84) Concurrent Preclean
[6.717s][info][gc,marking     ] GC(84) Concurrent Preclean 0.069ms
[6.717s][info][gc,start       ] GC(84) Pause Remark
[6.717s][info][gc             ] GC(84) Pause Remark 389M->211M(512M) 0.484ms
[6.717s][info][gc,cpu         ] GC(84) User=0.00s Sys=0.00s Real=0.00s
[6.717s][info][gc,marking     ] GC(84) Concurrent Mark 202.147ms
[6.717s][info][gc,marking     ] GC(84) Concurrent Rebuild Remembered Sets
[6.740s][info][gc,start       ] GC(86) Pause Young (Normal) (G1 Evacuation Pause)
[6.740s][info][gc,task        ] GC(86) Using 4 workers of 4 for evacuation
[6.783s][info][gc,phases      ] GC(86)   Pre Evacuate Collection Set: 0.1ms
[6.783s][info][gc,phases      ] GC(86)   Merge Heap Roots: 0.1ms
[6.783s][info][gc,phases      ] GC(86)   Evacuate Collection Set: 41.7ms
[6.783s][info][gc,phases      ] GC(86)   Post Evacuate Collection Set: 0.2ms
[6.783s][info][gc,phases      ] GC(86)   Other: 0.1ms
[6.783s][info][gc,heap        ] GC(86) Eden regions: 92->0(202)
[6.783s][info][gc,heap        ] GC(86) Survivor regions: 16->14(14)
[6.783s][info][gc,heap        ] GC(86) Old regions: 96->117
[6.783s][info][gc,heap        ] GC(86) Archive regions: 0->0
[6.783s][info][gc,heap        ] GC(86) Humongous regions: 36->36
[6.783s][info][gc,metaspace   ] GC(86) Metaspace: 481K(640K)->481K(640K) NonClass: 446K(512K)->446K(512K) Class: 34K(128K)->34K(128K)
[6.783s][info][gc             ] GC(86) Pause Young (Normal) (G1 Evacuation Pause) 239M->166M(512M) 42.558ms
[6.783s][info][gc,cpu         ] GC(86) User=0.17s Sys=0.00s Real=0.04s
[6.895s][info][gc,marking     ] GC(84) Concurrent Rebuild Remembered Sets 178.085ms
[6.896s][info][gc,start       ] GC(84) Pause Cleanup
[6.896s][info][gc             ] GC(84) Pause Cleanup 302M->302M(512M) 0.146ms
[6.896s][info][gc,cpu         ] GC(84) User=0.00s Sys=0.00s Real=0.00s
[6.896s][info][gc,marking     ] GC(84) Concurrent Cleanup for Next Mark
[6.896s][info][gc,marking     ] GC(84) Concurrent Cleanup for Next Mark 0.543ms
[6.896s][info][gc             ] GC(84) Concurrent Mark Cycle 417.308ms
[6.952s][info][gc,start       ] GC(87) Pause Young (Prepare Mixed) (G1 Evacuation Pause)
[6.952s][info][gc,task        ] GC(87) Using 4 workers of 4 for evacuation
[7.023s][info][gc,phases      ] GC(87)   Pre Evacuate Collection Set: 0.0ms
[7.023s][info][gc,phases      ] GC(87)   Merge Heap Roots: 0.1ms
[7.023s][info][gc,phases      ] GC(87)   Evacuate Collection Set: 70.1ms
[7.023s][info][gc,phases      ] GC(87)   Post Evacuate Collection Set: 0.3ms
[7.023s][info][gc,phases      ] GC(87)   Other: 0.1ms
[7.023s][info][gc,heap        ] GC(87) Eden regions: 202->0(2)
[7.023s][info][gc,heap        ] GC(87) Survivor regions: 14->27(27)
[7.023s][info][gc,heap        ] GC(87) Old regions: 117->146
[7.023s][info][gc,heap        ] GC(87) Archive regions: 0->0
[7.023s][info][gc,heap        ] GC(87) Humongous regions: 36->36
[7.023s][info][gc,metaspace   ] GC(87) Metaspace: 481K(640K)->481K(640K) NonClass: 446K(512K)->446K(512K) Class: 34K(128K)->34K(128K)
[7.023s][info][gc             ] GC(87) Pause Young (Prepare Mixed) (G1 Evacuation Pause) 368M->208M(512M) 70.947ms
[7.023s][info][gc,cpu         ] GC(87) User=0.20s Sys=0.00s Real=0.07s
[7.025s][info][gc,start       ] GC(88) Pause Young (Mixed) (G1 Evacuation Pause)
[7.025s][info][gc,task        ] GC(88) Using 4 workers of 4 for evacuation
[7.058s][info][gc,phases      ] GC(88)   Pre Evacuate Collection Set: 0.1ms
[7.058s][info][gc,phases      ] GC(88)   Merge Heap Roots: 0.1ms
[7.058s][info][gc,phases      ] GC(88)   Evacuate Collection Set: 32.5ms
[7.058s][info][gc,phases      ] GC(88)   Post Evacuate Collection Set: 0.2ms
[7.058s][info][gc,phases      ] GC(88)   Other: 0.1ms
[7.058s][info][gc,heap        ] GC(88) Eden regions: 2->0(171)
[7.058s][info][gc,heap        ] GC(88) Survivor regions: 27->2(4)
[7.058s][info][gc,heap        ] GC(88) Old regions: 146->173
[7.058s][info][gc,heap        ] GC(88) Archive regions: 0->0
[7.058s][info][gc,heap        ] GC(88) Humongous regions: 36->36
[7.058s][info][gc,metaspace   ] GC(88) Metaspace: 481K(640K)->481K(640K) NonClass: 446K(512K)->446K(512K) Class: 34K(128K)->34K(128K)
[7.058s][info][gc             ] GC(88) Pause Young (Mixed) (G1 Evacuation Pause) 210M->209M(512M) 33.331ms
[7.059s][info][gc,cpu         ] GC(88) User=0.13s Sys=0.02s Real=0.03s
[7.189s][info][gc,start       ] GC(89) Pause Young (Normal) (G1 Evacuation Pause)
[7.189s][info][gc,task        ] GC(89) Using 4 workers of 4 for evacuation
[7.236s][info][gc,phases      ] GC(89)   Pre Evacuate Collection Set: 0.0ms
[7.236s][info][gc,phases      ] GC(89)   Merge Heap Roots: 0.1ms
[7.236s][info][gc,phases      ] GC(89)   Evacuate Collection Set: 46.2ms
[7.236s][info][gc,phases      ] GC(89)   Post Evacuate Collection Set: 0.2ms
[7.236s][info][gc,phases      ] GC(89)   Other: 0.1ms
[7.236s][info][gc,heap        ] GC(89) Eden regions: 171->0(148)
[7.236s][info][gc,heap        ] GC(89) Survivor regions: 2->22(22)
[7.236s][info][gc,heap        ] GC(89) Old regions: 173->187
[7.236s][info][gc,heap        ] GC(89) Archive regions: 0->0
[7.236s][info][gc,heap        ] GC(89) Humongous regions: 36->36
[7.236s][info][gc,metaspace   ] GC(89) Metaspace: 481K(640K)->481K(640K) NonClass: 446K(512K)->446K(512K) Class: 34K(128K)->34K(128K)
[7.236s][info][gc             ] GC(89) Pause Young (Normal) (G1 Evacuation Pause) 380M->244M(512M) 46.900ms
[7.236s][info][gc,cpu         ] GC(89) User=0.19s Sys=0.00s Real=0.05s
[7.353s][info][gc,start       ] GC(90) Pause Young (Normal) (G1 Evacuation Pause)
[7.353s][info][gc,task        ] GC(90) Using 4 workers of 4 for evacuation
[7.392s][info][gc,phases      ] GC(90)   Pre Evacuate Collection Set: 0.1ms
[7.392s][info][gc,phases      ] GC(90)   Merge Heap Roots: 0.1ms
[7.392s][info][gc,phases      ] GC(90)   Evacuate Collection Set: 38.8ms
[7.392s][info][gc,phases      ] GC(90)   Post Evacuate Collection Set: 0.3ms
[7.392s][info][gc,phases      ] GC(90)   Other: 0.2ms
[7.392s][info][gc,heap        ] GC(90) Eden regions: 148->0(148)
[7.392s][info][gc,heap        ] GC(90) Survivor regions: 22->22(22)
[7.392s][info][gc,heap        ] GC(90) Old regions: 187->189
[7.392s][info][gc,heap        ] GC(90) Archive regions: 0->0
[7.392s][info][gc,heap        ] GC(90) Humongous regions: 36->36
[7.392s][info][gc,metaspace   ] GC(90) Metaspace: 481K(640K)->481K(640K) NonClass: 446K(512K)->446K(512K) Class: 34K(128K)->34K(128K)
[7.392s][info][gc             ] GC(90) Pause Young (Normal) (G1 Evacuation Pause) 392M->246M(512M) 39.721ms
[7.392s][info][gc,cpu         ] GC(90) User=0.11s Sys=0.00s Real=0.04s
[7.507s][info][gc,start       ] GC(91) Pause Young (Normal) (G1 Evacuation Pause)
[7.507s][info][gc,task        ] GC(91) Using 4 workers of 4 for evacuation
[7.573s][info][gc,phases      ] GC(91)   Pre Evacuate Collection Set: 0.1ms
[7.573s][info][gc,phases      ] GC(91)   Merge Heap Roots: 0.1ms
[7.573s][info][gc,phases      ] GC(91)   Evacuate Collection Set: 65.4ms
[7.573s][info][gc,phases      ] GC(91)   Post Evacuate Collection Set: 0.3ms
[7.573s][info][gc,phases      ] GC(91)   Other: 0.2ms
[7.573s][info][gc,heap        ] GC(91) Eden regions: 148->0(126)
[7.573s][info][gc,heap        ] GC(91) Survivor regions: 22->22(22)
[7.573s][info][gc,heap        ] GC(91) Old regions: 189->219
[7.573s][info][gc,heap        ] GC(91) Archive regions: 0->0
[7.573s][info][gc,heap        ] GC(91) Humongous regions: 36->36
[7.573s][info][gc,metaspace   ] GC(91) Metaspace: 481K(640K)->481K(640K) NonClass: 446K(512K)->446K(512K) Class: 34K(128K)->34K(128K)
[7.573s][info][gc             ] GC(91) Pause Young (Normal) (G1 Evacuation Pause) 394M->276M(512M) 66.383ms
[7.573s][info][gc,cpu         ] GC(91) User=0.25s Sys=0.00s Real=0.07s
[7.672s][info][gc,start       ] GC(92) Pause Young (Concurrent Start) (G1 Evacuation Pause)
[7.672s][info][gc,task        ] GC(92) Using 4 workers of 4 for evacuation
[7.731s][info][gc,phases      ] GC(92)   Pre Evacuate Collection Set: 0.1ms
[7.731s][info][gc,phases      ] GC(92)   Merge Heap Roots: 0.1ms
[7.731s][info][gc,phases      ] GC(92)   Evacuate Collection Set: 57.7ms
[7.731s][info][gc,phases      ] GC(92)   Post Evacuate Collection Set: 0.3ms
[7.731s][info][gc,phases      ] GC(92)   Other: 0.2ms
[7.731s][info][gc,heap        ] GC(92) Eden regions: 126->0(108)
[7.731s][info][gc,heap        ] GC(92) Survivor regions: 22->19(19)
[7.731s][info][gc,heap        ] GC(92) Old regions: 219->248
[7.731s][info][gc,heap        ] GC(92) Archive regions: 0->0
[7.731s][info][gc,heap        ] GC(92) Humongous regions: 36->36
[7.731s][info][gc,metaspace   ] GC(92) Metaspace: 481K(640K)->481K(640K) NonClass: 446K(512K)->446K(512K) Class: 34K(128K)->34K(128K)
[7.731s][info][gc             ] GC(92) Pause Young (Concurrent Start) (G1 Evacuation Pause) 402M->302M(512M) 58.591ms
[7.731s][info][gc,cpu         ] GC(92) User=0.25s Sys=0.00s Real=0.06s
[7.731s][info][gc             ] GC(93) Concurrent Mark Cycle
[7.731s][info][gc,marking     ] GC(93) Concurrent Clear Claimed Marks
[7.731s][info][gc,marking     ] GC(93) Concurrent Clear Claimed Marks 0.029ms
[7.731s][info][gc,marking     ] GC(93) Concurrent Scan Root Regions
[7.765s][info][gc,marking     ] GC(93) Concurrent Scan Root Regions 34.310ms
[7.765s][info][gc,marking     ] GC(93) Concurrent Mark
[7.765s][info][gc,marking     ] GC(93) Concurrent Mark From Roots
[7.765s][info][gc,task        ] GC(93) Using 1 workers of 1 for marking
[7.850s][info][gc,start       ] GC(94) Pause Young (Normal) (G1 Evacuation Pause)
[7.850s][info][gc,task        ] GC(94) Using 4 workers of 4 for evacuation
[7.904s][info][gc,phases      ] GC(94)   Pre Evacuate Collection Set: 0.1ms
[7.905s][info][gc,phases      ] GC(94)   Merge Heap Roots: 0.1ms
[7.905s][info][gc,phases      ] GC(94)   Evacuate Collection Set: 53.5ms
[7.905s][info][gc,phases      ] GC(94)   Post Evacuate Collection Set: 0.3ms
[7.905s][info][gc,phases      ] GC(94)   Other: 0.2ms
[7.905s][info][gc,heap        ] GC(94) Eden regions: 108->0(92)
[7.905s][info][gc,heap        ] GC(94) Survivor regions: 19->16(16)
[7.905s][info][gc,heap        ] GC(94) Old regions: 248->274
[7.905s][info][gc,heap        ] GC(94) Archive regions: 0->0
[7.905s][info][gc,heap        ] GC(94) Humongous regions: 36->36
[7.905s][info][gc,metaspace   ] GC(94) Metaspace: 481K(640K)->481K(640K) NonClass: 446K(512K)->446K(512K) Class: 34K(128K)->34K(128K)
[7.905s][info][gc             ] GC(94) Pause Young (Normal) (G1 Evacuation Pause) 410M->325M(512M) 54.467ms
[7.905s][info][gc,cpu         ] GC(94) User=0.19s Sys=0.00s Real=0.05s
[7.983s][info][gc,marking     ] GC(93) Concurrent Mark From Roots 217.922ms
[7.983s][info][gc,marking     ] GC(93) Concurrent Preclean
[7.983s][info][gc,marking     ] GC(93) Concurrent Preclean 0.084ms
[7.984s][info][gc,start       ] GC(93) Pause Remark
[7.984s][info][gc             ] GC(93) Pause Remark 387M->207M(512M) 0.491ms
[7.984s][info][gc,cpu         ] GC(93) User=0.00s Sys=0.00s Real=0.00s
[7.984s][info][gc,marking     ] GC(93) Concurrent Mark 218.764ms
[7.984s][info][gc,marking     ] GC(93) Concurrent Rebuild Remembered Sets
[8.011s][info][gc,start       ] GC(95) Pause Young (Normal) (G1 Evacuation Pause)
[8.011s][info][gc,task        ] GC(95) Using 4 workers of 4 for evacuation
[8.056s][info][gc,phases      ] GC(95)   Pre Evacuate Collection Set: 0.1ms
[8.056s][info][gc,phases      ] GC(95)   Merge Heap Roots: 0.1ms
[8.056s][info][gc,phases      ] GC(95)   Evacuate Collection Set: 44.8ms
[8.056s][info][gc,phases      ] GC(95)   Post Evacuate Collection Set: 0.2ms
[8.056s][info][gc,phases      ] GC(95)   Other: 0.2ms
[8.056s][info][gc,heap        ] GC(95) Eden regions: 92->0(204)
[8.056s][info][gc,heap        ] GC(95) Survivor regions: 16->14(14)
[8.056s][info][gc,heap        ] GC(95) Old regions: 94->115
[8.056s][info][gc,heap        ] GC(95) Archive regions: 0->0
[8.056s][info][gc,heap        ] GC(95) Humongous regions: 36->36
[8.056s][info][gc,metaspace   ] GC(95) Metaspace: 481K(640K)->481K(640K) NonClass: 446K(512K)->446K(512K) Class: 34K(128K)->34K(128K)
[8.056s][info][gc             ] GC(95) Pause Young (Normal) (G1 Evacuation Pause) 237M->164M(512M) 45.590ms
[8.056s][info][gc,cpu         ] GC(95) User=0.19s Sys=0.00s Real=0.05s
[8.190s][info][gc,marking     ] GC(93) Concurrent Rebuild Remembered Sets 205.929ms
[8.190s][info][gc,start       ] GC(93) Pause Cleanup
[8.190s][info][gc             ] GC(93) Pause Cleanup 297M->297M(512M) 0.134ms
[8.190s][info][gc,cpu         ] GC(93) User=0.00s Sys=0.00s Real=0.00s
[8.190s][info][gc,marking     ] GC(93) Concurrent Cleanup for Next Mark
[8.191s][info][gc,marking     ] GC(93) Concurrent Cleanup for Next Mark 0.590ms
[8.191s][info][gc             ] GC(93) Concurrent Mark Cycle 460.236ms
[8.257s][info][gc,start       ] GC(96) Pause Young (Prepare Mixed) (G1 Evacuation Pause)
[8.257s][info][gc,task        ] GC(96) Using 4 workers of 4 for evacuation
[8.328s][info][gc,phases      ] GC(96)   Pre Evacuate Collection Set: 0.1ms
[8.328s][info][gc,phases      ] GC(96)   Merge Heap Roots: 0.1ms
[8.328s][info][gc,phases      ] GC(96)   Evacuate Collection Set: 69.8ms
[8.328s][info][gc,phases      ] GC(96)   Post Evacuate Collection Set: 0.3ms
[8.328s][info][gc,phases      ] GC(96)   Other: 0.1ms
[8.328s][info][gc,heap        ] GC(96) Eden regions: 204->0(2)
[8.328s][info][gc,heap        ] GC(96) Survivor regions: 14->28(28)
[8.328s][info][gc,heap        ] GC(96) Old regions: 115->143
[8.328s][info][gc,heap        ] GC(96) Archive regions: 0->0
[8.328s][info][gc,heap        ] GC(96) Humongous regions: 36->36
[8.328s][info][gc,metaspace   ] GC(96) Metaspace: 481K(640K)->481K(640K) NonClass: 446K(512K)->446K(512K) Class: 34K(128K)->34K(128K)
[8.328s][info][gc             ] GC(96) Pause Young (Prepare Mixed) (G1 Evacuation Pause) 368M->206M(512M) 70.739ms
[8.328s][info][gc,cpu         ] GC(96) User=0.31s Sys=0.00s Real=0.07s
[8.330s][info][gc,start       ] GC(97) Pause Young (Mixed) (G1 Evacuation Pause)
[8.330s][info][gc,task        ] GC(97) Using 4 workers of 4 for evacuation
[8.366s][info][gc,phases      ] GC(97)   Pre Evacuate Collection Set: 0.1ms
[8.366s][info][gc,phases      ] GC(97)   Merge Heap Roots: 0.1ms
[8.366s][info][gc,phases      ] GC(97)   Evacuate Collection Set: 35.4ms
[8.366s][info][gc,phases      ] GC(97)   Post Evacuate Collection Set: 0.2ms
[8.366s][info][gc,phases      ] GC(97)   Other: 0.1ms
[8.366s][info][gc,heap        ] GC(97) Eden regions: 2->0(173)
[8.366s][info][gc,heap        ] GC(97) Survivor regions: 28->2(4)
[8.366s][info][gc,heap        ] GC(97) Old regions: 143->171
[8.366s][info][gc,heap        ] GC(97) Archive regions: 0->0
[8.366s][info][gc,heap        ] GC(97) Humongous regions: 36->36
[8.366s][info][gc,metaspace   ] GC(97) Metaspace: 481K(640K)->481K(640K) NonClass: 446K(512K)->446K(512K) Class: 34K(128K)->34K(128K)
[8.366s][info][gc             ] GC(97) Pause Young (Mixed) (G1 Evacuation Pause) 208M->207M(512M) 36.063ms
[8.366s][info][gc,cpu         ] GC(97) User=0.11s Sys=0.00s Real=0.04s
[8.526s][info][gc,start       ] GC(98) Pause Young (Normal) (G1 Evacuation Pause)
[8.526s][info][gc,task        ] GC(98) Using 4 workers of 4 for evacuation
[8.591s][info][gc,phases      ] GC(98)   Pre Evacuate Collection Set: 0.1ms
[8.591s][info][gc,phases      ] GC(98)   Merge Heap Roots: 0.1ms
[8.592s][info][gc,phases      ] GC(98)   Evacuate Collection Set: 64.4ms
[8.592s][info][gc,phases      ] GC(98)   Post Evacuate Collection Set: 0.3ms
[8.592s][info][gc,phases      ] GC(98)   Other: 0.2ms
[8.592s][info][gc,heap        ] GC(98) Eden regions: 173->0(149)
[8.592s][info][gc,heap        ] GC(98) Survivor regions: 2->22(22)
[8.592s][info][gc,heap        ] GC(98) Old regions: 171->185
[8.592s][info][gc,heap        ] GC(98) Archive regions: 0->0
[8.592s][info][gc,heap        ] GC(98) Humongous regions: 36->36
[8.592s][info][gc,metaspace   ] GC(98) Metaspace: 481K(640K)->481K(640K) NonClass: 446K(512K)->446K(512K) Class: 34K(128K)->34K(128K)
[8.592s][info][gc             ] GC(98) Pause Young (Normal) (G1 Evacuation Pause) 380M->242M(512M) 65.410ms
[8.592s][info][gc,cpu         ] GC(98) User=0.19s Sys=0.00s Real=0.07s
[8.727s][info][gc,start       ] GC(99) Pause Young (Concurrent Start) (G1 Evacuation Pause)
[8.727s][info][gc,task        ] GC(99) Using 4 workers of 4 for evacuation
[8.758s][info][gc,phases      ] GC(99)   Pre Evacuate Collection Set: 0.1ms
[8.758s][info][gc,phases      ] GC(99)   Merge Heap Roots: 0.1ms
[8.758s][info][gc,phases      ] GC(99)   Evacuate Collection Set: 31.2ms
[8.758s][info][gc,phases      ] GC(99)   Post Evacuate Collection Set: 0.3ms
[8.758s][info][gc,phases      ] GC(99)   Other: 0.1ms
[8.758s][info][gc,heap        ] GC(99) Eden regions: 149->0(151)
[8.758s][info][gc,heap        ] GC(99) Survivor regions: 22->22(22)
[8.758s][info][gc,heap        ] GC(99) Old regions: 185->186
[8.758s][info][gc,heap        ] GC(99) Archive regions: 0->0
[8.758s][info][gc,heap        ] GC(99) Humongous regions: 36->36
[8.759s][info][gc,metaspace   ] GC(99) Metaspace: 481K(640K)->481K(640K) NonClass: 446K(512K)->446K(512K) Class: 34K(128K)->34K(128K)
[8.759s][info][gc             ] GC(99) Pause Young (Concurrent Start) (G1 Evacuation Pause) 391M->243M(512M) 31.986ms
[8.759s][info][gc,cpu         ] GC(99) User=0.13s Sys=0.00s Real=0.03s
[8.759s][info][gc             ] GC(100) Concurrent Mark Cycle
[8.759s][info][gc,marking     ] GC(100) Concurrent Clear Claimed Marks
[8.759s][info][gc,marking     ] GC(100) Concurrent Clear Claimed Marks 0.019ms
[8.759s][info][gc,marking     ] GC(100) Concurrent Scan Root Regions
[8.776s][info][gc,marking     ] GC(100) Concurrent Scan Root Regions 17.495ms
[8.776s][info][gc,marking     ] GC(100) Concurrent Mark
[8.776s][info][gc,marking     ] GC(100) Concurrent Mark From Roots
[8.776s][info][gc,task        ] GC(100) Using 1 workers of 1 for marking
[8.800s][info][gc,marking     ] GC(100) Concurrent Mark From Roots 23.761ms
[8.800s][info][gc,marking     ] GC(100) Concurrent Preclean
[8.800s][info][gc,marking     ] GC(100) Concurrent Preclean 0.070ms
[8.800s][info][gc,start       ] GC(100) Pause Remark
[8.801s][info][gc             ] GC(100) Pause Remark 281M->104M(512M) 0.435ms
[8.801s][info][gc,cpu         ] GC(100) User=0.00s Sys=0.00s Real=0.00s
[8.801s][info][gc,marking     ] GC(100) Concurrent Mark 24.506ms
[8.801s][info][gc,marking     ] GC(100) Concurrent Rebuild Remembered Sets
[8.832s][info][gc,marking     ] GC(100) Concurrent Rebuild Remembered Sets 31.576ms
[8.832s][info][gc,start       ] GC(100) Pause Cleanup
[8.833s][info][gc             ] GC(100) Pause Cleanup 138M->138M(512M) 0.158ms
[8.833s][info][gc,cpu         ] GC(100) User=0.00s Sys=0.00s Real=0.00s
[8.833s][info][gc,marking     ] GC(100) Concurrent Cleanup for Next Mark
[8.833s][info][gc,marking     ] GC(100) Concurrent Cleanup for Next Mark 0.634ms
[8.833s][info][gc             ] GC(100) Concurrent Mark Cycle 74.843ms
[8.904s][info][gc,start       ] GC(101) Pause Young (Normal) (G1 Evacuation Pause)
[8.904s][info][gc,task        ] GC(101) Using 4 workers of 4 for evacuation
[8.976s][info][gc,phases      ] GC(101)   Pre Evacuate Collection Set: 0.1ms
[8.976s][info][gc,phases      ] GC(101)   Merge Heap Roots: 0.1ms
[8.976s][info][gc,phases      ] GC(101)   Evacuate Collection Set: 70.8ms
[8.976s][info][gc,phases      ] GC(101)   Post Evacuate Collection Set: 0.3ms
[8.976s][info][gc,phases      ] GC(101)   Other: 0.2ms
[8.976s][info][gc,heap        ] GC(101) Eden regions: 151->0(253)
[8.976s][info][gc,heap        ] GC(101) Survivor regions: 22->22(22)
[8.976s][info][gc,heap        ] GC(101) Old regions: 9->39
[8.976s][info][gc,heap        ] GC(101) Archive regions: 0->0
[8.976s][info][gc,heap        ] GC(101) Humongous regions: 36->36
[8.976s][info][gc,metaspace   ] GC(101) Metaspace: 481K(640K)->481K(640K) NonClass: 446K(512K)->446K(512K) Class: 34K(128K)->34K(128K)
[8.976s][info][gc             ] GC(101) Pause Young (Normal) (G1 Evacuation Pause) 217M->96M(512M) 71.832ms
[8.976s][info][gc,cpu         ] GC(101) User=0.20s Sys=0.00s Real=0.07s
[9.178s][info][gc,start       ] GC(102) Pause Young (Concurrent Start) (G1 Evacuation Pause)
[9.178s][info][gc,task        ] GC(102) Using 4 workers of 4 for evacuation
[9.271s][info][gc,phases      ] GC(102)   Pre Evacuate Collection Set: 0.1ms
[9.271s][info][gc,phases      ] GC(102)   Merge Heap Roots: 0.1ms
[9.271s][info][gc,phases      ] GC(102)   Evacuate Collection Set: 92.8ms
[9.271s][info][gc,phases      ] GC(102)   Post Evacuate Collection Set: 0.3ms
[9.271s][info][gc,phases      ] GC(102)   Other: 0.2ms
[9.271s][info][gc,heap        ] GC(102) Eden regions: 253->0(215)
[9.271s][info][gc,heap        ] GC(102) Survivor regions: 22->35(35)
[9.271s][info][gc,heap        ] GC(102) Old regions: 39->78
[9.271s][info][gc,heap        ] GC(102) Archive regions: 0->0
[9.271s][info][gc,heap        ] GC(102) Humongous regions: 36->36
[9.271s][info][gc,metaspace   ] GC(102) Metaspace: 481K(640K)->481K(640K) NonClass: 446K(512K)->446K(512K) Class: 34K(128K)->34K(128K)
[9.272s][info][gc             ] GC(102) Pause Young (Concurrent Start) (G1 Evacuation Pause) 349M->148M(512M) 93.877ms
[9.272s][info][gc,cpu         ] GC(102) User=0.33s Sys=0.00s Real=0.09s
[9.272s][info][gc             ] GC(103) Concurrent Mark Cycle
[9.272s][info][gc,marking     ] GC(103) Concurrent Clear Claimed Marks
[9.272s][info][gc,marking     ] GC(103) Concurrent Clear Claimed Marks 0.028ms
[9.272s][info][gc,marking     ] GC(103) Concurrent Scan Root Regions
[9.329s][info][gc,marking     ] GC(103) Concurrent Scan Root Regions 57.462ms
[9.329s][info][gc,marking     ] GC(103) Concurrent Mark
[9.329s][info][gc,marking     ] GC(103) Concurrent Mark From Roots
[9.329s][info][gc,task        ] GC(103) Using 1 workers of 1 for marking
[9.515s][info][gc,marking     ] GC(103) Concurrent Mark From Roots 185.813ms
[9.515s][info][gc,marking     ] GC(103) Concurrent Preclean
[9.515s][info][gc,marking     ] GC(103) Concurrent Preclean 0.093ms
[9.515s][info][gc,start       ] GC(103) Pause Remark
[9.516s][info][gc             ] GC(103) Pause Remark 357M->357M(512M) 0.540ms
[9.516s][info][gc,cpu         ] GC(103) User=0.00s Sys=0.00s Real=0.00s
[9.516s][info][gc,marking     ] GC(103) Concurrent Mark 186.723ms
[9.516s][info][gc,marking     ] GC(103) Concurrent Rebuild Remembered Sets
[9.523s][info][gc,start       ] GC(104) Pause Young (Normal) (G1 Evacuation Pause)
[9.523s][info][gc,task        ] GC(104) Using 4 workers of 4 for evacuation
[9.620s][info][gc,phases      ] GC(104)   Pre Evacuate Collection Set: 0.0ms
[9.621s][info][gc,phases      ] GC(104)   Merge Heap Roots: 0.1ms
[9.621s][info][gc,phases      ] GC(104)   Evacuate Collection Set: 97.0ms
[9.621s][info][gc,phases      ] GC(104)   Post Evacuate Collection Set: 0.4ms
[9.621s][info][gc,phases      ] GC(104)   Other: 0.1ms
[9.621s][info][gc,heap        ] GC(104) Eden regions: 215->0(184)
[9.621s][info][gc,heap        ] GC(104) Survivor regions: 35->32(32)
[9.621s][info][gc,heap        ] GC(104) Old regions: 78->125
[9.621s][info][gc,heap        ] GC(104) Archive regions: 0->0
[9.621s][info][gc,heap        ] GC(104) Humongous regions: 36->36
[9.621s][info][gc,metaspace   ] GC(104) Metaspace: 481K(640K)->481K(640K) NonClass: 446K(512K)->446K(512K) Class: 34K(128K)->34K(128K)
[9.621s][info][gc             ] GC(104) Pause Young (Normal) (G1 Evacuation Pause) 363M->192M(512M) 98.036ms
[9.621s][info][gc,cpu         ] GC(104) User=0.38s Sys=0.00s Real=0.10s
[9.742s][info][gc,marking     ] GC(103) Concurrent Rebuild Remembered Sets 226.205ms
[9.742s][info][gc,start       ] GC(103) Pause Cleanup
[9.742s][info][gc             ] GC(103) Pause Cleanup 330M->330M(512M) 0.107ms
[9.742s][info][gc,cpu         ] GC(103) User=0.00s Sys=0.00s Real=0.00s
[9.743s][info][gc,marking     ] GC(103) Concurrent Cleanup for Next Mark
[9.743s][info][gc,marking     ] GC(103) Concurrent Cleanup for Next Mark 0.497ms
[9.743s][info][gc             ] GC(103) Concurrent Mark Cycle 471.443ms
[9.778s][info][gc,start       ] GC(105) Pause Young (Prepare Mixed) (G1 Evacuation Pause)
[9.778s][info][gc,task        ] GC(105) Using 4 workers of 4 for evacuation
[9.864s][info][gc,phases      ] GC(105)   Pre Evacuate Collection Set: 0.1ms
[9.864s][info][gc,phases      ] GC(105)   Merge Heap Roots: 0.1ms
[9.864s][info][gc,phases      ] GC(105)   Evacuate Collection Set: 85.7ms
[9.864s][info][gc,phases      ] GC(105)   Post Evacuate Collection Set: 0.3ms
[9.864s][info][gc,phases      ] GC(105)   Other: 0.1ms
[9.864s][info][gc,heap        ] GC(105) Eden regions: 184->0(2)
[9.864s][info][gc,heap        ] GC(105) Survivor regions: 32->27(27)
[9.865s][info][gc,heap        ] GC(105) Old regions: 125->167
[9.865s][info][gc,heap        ] GC(105) Archive regions: 0->0
[9.865s][info][gc,heap        ] GC(105) Humongous regions: 36->36
[9.865s][info][gc,metaspace   ] GC(105) Metaspace: 481K(640K)->481K(640K) NonClass: 446K(512K)->446K(512K) Class: 34K(128K)->34K(128K)
[9.865s][info][gc             ] GC(105) Pause Young (Prepare Mixed) (G1 Evacuation Pause) 376M->229M(512M) 86.687ms
[9.865s][info][gc,cpu         ] GC(105) User=0.31s Sys=0.00s Real=0.09s
[9.867s][info][gc,start       ] GC(106) Pause Young (Mixed) (G1 Evacuation Pause)
[9.867s][info][gc,task        ] GC(106) Using 4 workers of 4 for evacuation
[9.901s][info][gc,phases      ] GC(106)   Pre Evacuate Collection Set: 0.0ms
[9.901s][info][gc,phases      ] GC(106)   Merge Heap Roots: 0.1ms
[9.901s][info][gc,phases      ] GC(106)   Evacuate Collection Set: 33.4ms
[9.901s][info][gc,phases      ] GC(106)   Post Evacuate Collection Set: 0.2ms
[9.901s][info][gc,phases      ] GC(106)   Other: 0.1ms
[9.901s][info][gc,heap        ] GC(106) Eden regions: 2->0(157)
[9.901s][info][gc,heap        ] GC(106) Survivor regions: 27->1(4)
[9.901s][info][gc,heap        ] GC(106) Old regions: 167->195
[9.901s][info][gc,heap        ] GC(106) Archive regions: 0->0
[9.901s][info][gc,heap        ] GC(106) Humongous regions: 36->36
[9.901s][info][gc,metaspace   ] GC(106) Metaspace: 481K(640K)->481K(640K) NonClass: 446K(512K)->446K(512K) Class: 34K(128K)->34K(128K)
[9.901s][info][gc             ] GC(106) Pause Young (Mixed) (G1 Evacuation Pause) 231M->231M(512M) 34.086ms
[9.901s][info][gc,cpu         ] GC(106) User=0.13s Sys=0.00s Real=0.03s
[10.047s][info][gc,start       ] GC(107) Pause Young (Concurrent Start) (G1 Evacuation Pause)
[10.047s][info][gc,task        ] GC(107) Using 4 workers of 4 for evacuation
[10.066s][info][gc,phases      ] GC(107)   Pre Evacuate Collection Set: 0.1ms
[10.066s][info][gc,phases      ] GC(107)   Merge Heap Roots: 0.1ms
[10.066s][info][gc,phases      ] GC(107)   Evacuate Collection Set: 18.3ms
[10.066s][info][gc,phases      ] GC(107)   Post Evacuate Collection Set: 0.3ms
[10.066s][info][gc,phases      ] GC(107)   Other: 0.2ms
[10.066s][info][gc,heap        ] GC(107) Eden regions: 157->0(151)
[10.066s][info][gc,heap        ] GC(107) Survivor regions: 1->14(20)
[10.066s][info][gc,heap        ] GC(107) Old regions: 195->195
[10.066s][info][gc,heap        ] GC(107) Archive regions: 0->0
[10.066s][info][gc,heap        ] GC(107) Humongous regions: 36->36
[10.066s][info][gc,metaspace   ] GC(107) Metaspace: 481K(640K)->481K(640K) NonClass: 446K(512K)->446K(512K) Class: 34K(128K)->34K(128K)
[10.066s][info][gc             ] GC(107) Pause Young (Concurrent Start) (G1 Evacuation Pause) 388M->243M(512M) 19.213ms
[10.066s][info][gc,cpu         ] GC(107) User=0.06s Sys=0.00s Real=0.02s
[10.066s][info][gc             ] GC(108) Concurrent Mark Cycle
[10.067s][info][gc,marking     ] GC(108) Concurrent Clear Claimed Marks
[10.067s][info][gc,marking     ] GC(108) Concurrent Clear Claimed Marks 0.026ms
[10.067s][info][gc,marking     ] GC(108) Concurrent Scan Root Regions
[10.079s][info][gc,marking     ] GC(108) Concurrent Scan Root Regions 12.331ms
[10.079s][info][gc,marking     ] GC(108) Concurrent Mark
[10.079s][info][gc,marking     ] GC(108) Concurrent Mark From Roots
[10.079s][info][gc,task        ] GC(108) Using 1 workers of 1 for marking
[10.106s][info][gc,marking     ] GC(108) Concurrent Mark From Roots 27.334ms
[10.106s][info][gc,marking     ] GC(108) Concurrent Preclean
[10.106s][info][gc,marking     ] GC(108) Concurrent Preclean 0.088ms
[10.107s][info][gc,start       ] GC(108) Pause Remark
[10.107s][info][gc             ] GC(108) Pause Remark 279M->91M(512M) 0.421ms
[10.107s][info][gc,cpu         ] GC(108) User=0.00s Sys=0.00s Real=0.00s
[10.107s][info][gc,marking     ] GC(108) Concurrent Mark 28.096ms
[10.107s][info][gc,marking     ] GC(108) Concurrent Rebuild Remembered Sets
[10.131s][info][gc,marking     ] GC(108) Concurrent Rebuild Remembered Sets 23.917ms
[10.131s][info][gc,start       ] GC(108) Pause Cleanup
[10.131s][info][gc             ] GC(108) Pause Cleanup 120M->120M(512M) 0.097ms
[10.131s][info][gc,cpu         ] GC(108) User=0.00s Sys=0.00s Real=0.00s
[10.131s][info][gc,marking     ] GC(108) Concurrent Cleanup for Next Mark
[10.132s][info][gc,marking     ] GC(108) Concurrent Cleanup for Next Mark 0.513ms
[10.132s][info][gc             ] GC(108) Concurrent Mark Cycle 65.385ms
[10.198s][info][gc,start       ] GC(109) Pause Young (Normal) (G1 Evacuation Pause)
[10.198s][info][gc,task        ] GC(109) Using 4 workers of 4 for evacuation
[10.254s][info][gc,phases      ] GC(109)   Pre Evacuate Collection Set: 0.0ms
[10.254s][info][gc,phases      ] GC(109)   Merge Heap Roots: 0.1ms
[10.254s][info][gc,phases      ] GC(109)   Evacuate Collection Set: 54.9ms
[10.254s][info][gc,phases      ] GC(109)   Post Evacuate Collection Set: 0.3ms
[10.254s][info][gc,phases      ] GC(109)   Other: 0.1ms
[10.254s][info][gc,heap        ] GC(109) Eden regions: 151->0(260)
[10.254s][info][gc,heap        ] GC(109) Survivor regions: 14->21(21)
[10.254s][info][gc,heap        ] GC(109) Old regions: 7->30
[10.254s][info][gc,heap        ] GC(109) Archive regions: 0->0
[10.254s][info][gc,heap        ] GC(109) Humongous regions: 36->36
[10.254s][info][gc,metaspace   ] GC(109) Metaspace: 481K(640K)->481K(640K) NonClass: 446K(512K)->446K(512K) Class: 34K(128K)->34K(128K)
[10.254s][info][gc             ] GC(109) Pause Young (Normal) (G1 Evacuation Pause) 207M->86M(512M) 55.637ms
[10.254s][info][gc,cpu         ] GC(109) User=0.22s Sys=0.00s Real=0.06s
[10.454s][info][gc,start       ] GC(110) Pause Young (Concurrent Start) (G1 Evacuation Pause)
[10.454s][info][gc,task        ] GC(110) Using 4 workers of 4 for evacuation
[10.547s][info][gc,phases      ] GC(110)   Pre Evacuate Collection Set: 0.1ms
[10.547s][info][gc,phases      ] GC(110)   Merge Heap Roots: 0.1ms
[10.548s][info][gc,phases      ] GC(110)   Evacuate Collection Set: 92.5ms
[10.548s][info][gc,phases      ] GC(110)   Post Evacuate Collection Set: 0.3ms
[10.548s][info][gc,phases      ] GC(110)   Other: 0.2ms
[10.548s][info][gc,heap        ] GC(110) Eden regions: 260->0(221)
[10.548s][info][gc,heap        ] GC(110) Survivor regions: 21->36(36)
[10.548s][info][gc,heap        ] GC(110) Old regions: 30->68
[10.548s][info][gc,heap        ] GC(110) Archive regions: 0->0
[10.548s][info][gc,heap        ] GC(110) Humongous regions: 36->36
[10.548s][info][gc,metaspace   ] GC(110) Metaspace: 481K(640K)->481K(640K) NonClass: 446K(512K)->446K(512K) Class: 34K(128K)->34K(128K)
[10.548s][info][gc             ] GC(110) Pause Young (Concurrent Start) (G1 Evacuation Pause) 346M->139M(512M) 93.602ms
[10.548s][info][gc,cpu         ] GC(110) User=0.38s Sys=0.00s Real=0.09s
[10.548s][info][gc             ] GC(111) Concurrent Mark Cycle
[10.548s][info][gc,marking     ] GC(111) Concurrent Clear Claimed Marks
[10.548s][info][gc,marking     ] GC(111) Concurrent Clear Claimed Marks 0.026ms
[10.548s][info][gc,marking     ] GC(111) Concurrent Scan Root Regions
[10.619s][info][gc,marking     ] GC(111) Concurrent Scan Root Regions 70.657ms
[10.619s][info][gc,marking     ] GC(111) Concurrent Mark
[10.619s][info][gc,marking     ] GC(111) Concurrent Mark From Roots
[10.619s][info][gc,task        ] GC(111) Using 1 workers of 1 for marking
[10.771s][info][gc,marking     ] GC(111) Concurrent Mark From Roots 151.987ms
[10.771s][info][gc,marking     ] GC(111) Concurrent Preclean
[10.771s][info][gc,marking     ] GC(111) Concurrent Preclean 0.071ms
[10.771s][info][gc,start       ] GC(111) Pause Remark
[10.771s][info][gc             ] GC(111) Pause Remark 288M->288M(512M) 0.380ms
[10.771s][info][gc,cpu         ] GC(111) User=0.00s Sys=0.00s Real=0.00s
[10.771s][info][gc,marking     ] GC(111) Concurrent Mark 152.696ms
[10.771s][info][gc,marking     ] GC(111) Concurrent Rebuild Remembered Sets
[10.842s][info][gc,start       ] GC(112) Pause Young (Normal) (G1 Evacuation Pause)
[10.842s][info][gc,task        ] GC(112) Using 4 workers of 4 for evacuation
[10.942s][info][gc,phases      ] GC(112)   Pre Evacuate Collection Set: 0.1ms
[10.942s][info][gc,phases      ] GC(112)   Merge Heap Roots: 0.1ms
[10.942s][info][gc,phases      ] GC(112)   Evacuate Collection Set: 99.4ms
[10.942s][info][gc,phases      ] GC(112)   Post Evacuate Collection Set: 0.3ms
[10.943s][info][gc,phases      ] GC(112)   Other: 0.2ms
[10.943s][info][gc,heap        ] GC(112) Eden regions: 221->0(189)
[10.943s][info][gc,heap        ] GC(112) Survivor regions: 36->33(33)
[10.943s][info][gc,heap        ] GC(112) Old regions: 68->116
[10.943s][info][gc,heap        ] GC(112) Archive regions: 0->0
[10.943s][info][gc,heap        ] GC(112) Humongous regions: 36->36
[10.943s][info][gc,metaspace   ] GC(112) Metaspace: 481K(640K)->481K(640K) NonClass: 446K(512K)->446K(512K) Class: 34K(128K)->34K(128K)
[10.943s][info][gc             ] GC(112) Pause Young (Normal) (G1 Evacuation Pause) 360M->184M(512M) 100.455ms
[10.943s][info][gc,cpu         ] GC(112) User=0.38s Sys=0.00s Real=0.10s
[10.998s][info][gc,marking     ] GC(111) Concurrent Rebuild Remembered Sets 226.877ms
[10.998s][info][gc,start       ] GC(111) Pause Cleanup
[10.999s][info][gc             ] GC(111) Pause Cleanup 248M->248M(512M) 0.122ms
[10.999s][info][gc,cpu         ] GC(111) User=0.00s Sys=0.00s Real=0.00s
[10.999s][info][gc,marking     ] GC(111) Concurrent Cleanup for Next Mark
[10.999s][info][gc,marking     ] GC(111) Concurrent Cleanup for Next Mark 0.519ms
[10.999s][info][gc             ] GC(111) Concurrent Mark Cycle 451.346ms
[11.098s][info][gc,start       ] GC(113) Pause Young (Prepare Mixed) (G1 Evacuation Pause)
[11.098s][info][gc,task        ] GC(113) Using 4 workers of 4 for evacuation
[11.186s][info][gc,phases      ] GC(113)   Pre Evacuate Collection Set: 0.1ms
[11.186s][info][gc,phases      ] GC(113)   Merge Heap Roots: 0.1ms
[11.186s][info][gc,phases      ] GC(113)   Evacuate Collection Set: 87.7ms
[11.186s][info][gc,phases      ] GC(113)   Post Evacuate Collection Set: 0.3ms
[11.186s][info][gc,phases      ] GC(113)   Other: 0.2ms
[11.186s][info][gc,heap        ] GC(113) Eden regions: 189->0(2)
[11.186s][info][gc,heap        ] GC(113) Survivor regions: 33->28(28)
[11.186s][info][gc,heap        ] GC(113) Old regions: 116->160
[11.186s][info][gc,heap        ] GC(113) Archive regions: 0->0
[11.186s][info][gc,heap        ] GC(113) Humongous regions: 36->36
[11.186s][info][gc,metaspace   ] GC(113) Metaspace: 481K(640K)->481K(640K) NonClass: 446K(512K)->446K(512K) Class: 34K(128K)->34K(128K)
[11.186s][info][gc             ] GC(113) Pause Young (Prepare Mixed) (G1 Evacuation Pause) 373M->223M(512M) 88.684ms
[11.186s][info][gc,cpu         ] GC(113) User=0.36s Sys=0.00s Real=0.09s
[11.189s][info][gc,start       ] GC(114) Pause Young (Mixed) (G1 Evacuation Pause)
[11.189s][info][gc,task        ] GC(114) Using 4 workers of 4 for evacuation
[11.224s][info][gc,phases      ] GC(114)   Pre Evacuate Collection Set: 0.1ms
[11.224s][info][gc,phases      ] GC(114)   Merge Heap Roots: 0.1ms
[11.225s][info][gc,phases      ] GC(114)   Evacuate Collection Set: 35.1ms
[11.225s][info][gc,phases      ] GC(114)   Post Evacuate Collection Set: 0.2ms
[11.225s][info][gc,phases      ] GC(114)   Other: 0.2ms
[11.225s][info][gc,heap        ] GC(114) Eden regions: 2->0(161)
[11.225s][info][gc,heap        ] GC(114) Survivor regions: 28->2(4)
[11.225s][info][gc,heap        ] GC(114) Old regions: 160->187
[11.225s][info][gc,heap        ] GC(114) Archive regions: 0->0
[11.225s][info][gc,heap        ] GC(114) Humongous regions: 36->36
[11.225s][info][gc,metaspace   ] GC(114) Metaspace: 481K(640K)->481K(640K) NonClass: 446K(512K)->446K(512K) Class: 34K(128K)->34K(128K)
[11.225s][info][gc             ] GC(114) Pause Young (Mixed) (G1 Evacuation Pause) 225M->224M(512M) 35.985ms
[11.225s][info][gc,cpu         ] GC(114) User=0.11s Sys=0.00s Real=0.04s
[11.396s][info][gc,start       ] GC(115) Pause Young (Concurrent Start) (G1 Evacuation Pause)
[11.396s][info][gc,task        ] GC(115) Using 4 workers of 4 for evacuation
[11.408s][info][gc,phases      ] GC(115)   Pre Evacuate Collection Set: 0.1ms
[11.408s][info][gc,phases      ] GC(115)   Merge Heap Roots: 0.1ms
[11.408s][info][gc,phases      ] GC(115)   Evacuate Collection Set: 11.3ms
[11.408s][info][gc,phases      ] GC(115)   Post Evacuate Collection Set: 0.2ms
[11.408s][info][gc,phases      ] GC(115)   Other: 0.2ms
[11.408s][info][gc,heap        ] GC(115) Eden regions: 161->0(162)
[11.408s][info][gc,heap        ] GC(115) Survivor regions: 2->9(21)
[11.408s][info][gc,heap        ] GC(115) Old regions: 187->187
[11.408s][info][gc,heap        ] GC(115) Archive regions: 0->0
[11.408s][info][gc,heap        ] GC(115) Humongous regions: 36->36
[11.408s][info][gc,metaspace   ] GC(115) Metaspace: 481K(640K)->481K(640K) NonClass: 446K(512K)->446K(512K) Class: 34K(128K)->34K(128K)
[11.408s][info][gc             ] GC(115) Pause Young (Concurrent Start) (G1 Evacuation Pause) 385M->231M(512M) 12.186ms
[11.408s][info][gc,cpu         ] GC(115) User=0.06s Sys=0.00s Real=0.01s
[11.408s][info][gc             ] GC(116) Concurrent Mark Cycle
[11.408s][info][gc,marking     ] GC(116) Concurrent Clear Claimed Marks
[11.408s][info][gc,marking     ] GC(116) Concurrent Clear Claimed Marks 0.017ms
[11.408s][info][gc,marking     ] GC(116) Concurrent Scan Root Regions
[11.413s][info][gc,marking     ] GC(116) Concurrent Scan Root Regions 5.037ms
[11.413s][info][gc,marking     ] GC(116) Concurrent Mark
[11.413s][info][gc,marking     ] GC(116) Concurrent Mark From Roots
[11.413s][info][gc,task        ] GC(116) Using 1 workers of 1 for marking
[11.437s][info][gc,marking     ] GC(116) Concurrent Mark From Roots 23.719ms
[11.437s][info][gc,marking     ] GC(116) Concurrent Preclean
[11.437s][info][gc,marking     ] GC(116) Concurrent Preclean 0.116ms
[11.437s][info][gc,start       ] GC(116) Pause Remark
[11.438s][info][gc             ] GC(116) Pause Remark 251M->71M(512M) 0.471ms
[11.438s][info][gc,cpu         ] GC(116) User=0.00s Sys=0.00s Real=0.00s
[11.438s][info][gc,marking     ] GC(116) Concurrent Mark 24.631ms
[11.438s][info][gc,marking     ] GC(116) Concurrent Rebuild Remembered Sets
[11.474s][info][gc,marking     ] GC(116) Concurrent Rebuild Remembered Sets 36.482ms
[11.475s][info][gc,start       ] GC(116) Pause Cleanup
[11.475s][info][gc             ] GC(116) Pause Cleanup 98M->98M(512M) 0.159ms
[11.475s][info][gc,cpu         ] GC(116) User=0.00s Sys=0.00s Real=0.00s
[11.475s][info][gc,marking     ] GC(116) Concurrent Cleanup for Next Mark
[11.475s][info][gc,marking     ] GC(116) Concurrent Cleanup for Next Mark 0.600ms
[11.475s][info][gc             ] GC(116) Concurrent Mark Cycle 67.396ms
[11.597s][info][gc,start       ] GC(117) Pause Young (Normal) (G1 Evacuation Pause)
[11.597s][info][gc,task        ] GC(117) Using 4 workers of 4 for evacuation
[11.651s][info][gc,phases      ] GC(117)   Pre Evacuate Collection Set: 0.1ms
[11.651s][info][gc,phases      ] GC(117)   Merge Heap Roots: 0.1ms
[11.651s][info][gc,phases      ] GC(117)   Evacuate Collection Set: 53.4ms
[11.651s][info][gc,phases      ] GC(117)   Post Evacuate Collection Set: 0.3ms
[11.651s][info][gc,phases      ] GC(117)   Other: 0.2ms
[11.651s][info][gc,heap        ] GC(117) Eden regions: 162->0(263)
[11.651s][info][gc,heap        ] GC(117) Survivor regions: 9->22(22)
[11.651s][info][gc,heap        ] GC(117) Old regions: 7->26
[11.651s][info][gc,heap        ] GC(117) Archive regions: 0->0
[11.651s][info][gc,heap        ] GC(117) Humongous regions: 36->36
[11.651s][info][gc,metaspace   ] GC(117) Metaspace: 481K(640K)->481K(640K) NonClass: 446K(512K)->446K(512K) Class: 34K(128K)->34K(128K)
[11.651s][info][gc             ] GC(117) Pause Young (Normal) (G1 Evacuation Pause) 213M->83M(512M) 54.332ms
[11.651s][info][gc,cpu         ] GC(117) User=0.19s Sys=0.00s Real=0.05s
[11.890s][info][gc,start       ] GC(118) Pause Young (Concurrent Start) (G1 Evacuation Pause)
[11.890s][info][gc,task        ] GC(118) Using 4 workers of 4 for evacuation
[11.984s][info][gc,phases      ] GC(118)   Pre Evacuate Collection Set: 0.1ms
[11.984s][info][gc,phases      ] GC(118)   Merge Heap Roots: 0.1ms
[11.984s][info][gc,phases      ] GC(118)   Evacuate Collection Set: 93.7ms
[11.984s][info][gc,phases      ] GC(118)   Post Evacuate Collection Set: 0.3ms
[11.984s][info][gc,phases      ] GC(118)   Other: 0.2ms
[11.984s][info][gc,heap        ] GC(118) Eden regions: 263->0(222)
[11.984s][info][gc,heap        ] GC(118) Survivor regions: 22->36(36)
[11.984s][info][gc,heap        ] GC(118) Old regions: 26->66
[11.984s][info][gc,heap        ] GC(118) Archive regions: 0->0
[11.984s][info][gc,heap        ] GC(118) Humongous regions: 36->36
[11.984s][info][gc,metaspace   ] GC(118) Metaspace: 481K(640K)->481K(640K) NonClass: 446K(512K)->446K(512K) Class: 34K(128K)->34K(128K)
[11.984s][info][gc             ] GC(118) Pause Young (Concurrent Start) (G1 Evacuation Pause) 346M->137M(512M) 94.729ms
[11.984s][info][gc,cpu         ] GC(118) User=0.38s Sys=0.00s Real=0.10s
[11.984s][info][gc             ] GC(119) Concurrent Mark Cycle
[11.984s][info][gc,marking     ] GC(119) Concurrent Clear Claimed Marks
[11.984s][info][gc,marking     ] GC(119) Concurrent Clear Claimed Marks 0.020ms
[11.984s][info][gc,marking     ] GC(119) Concurrent Scan Root Regions
[12.041s][info][gc,marking     ] GC(119) Concurrent Scan Root Regions 56.319ms
[12.041s][info][gc,marking     ] GC(119) Concurrent Mark
[12.041s][info][gc,marking     ] GC(119) Concurrent Mark From Roots
[12.041s][info][gc,task        ] GC(119) Using 1 workers of 1 for marking
[12.154s][info][gc,marking     ] GC(119) Concurrent Mark From Roots 112.911ms
[12.154s][info][gc,marking     ] GC(119) Concurrent Preclean
[12.154s][info][gc,marking     ] GC(119) Concurrent Preclean 0.093ms
[12.154s][info][gc,start       ] GC(119) Pause Remark
[12.154s][info][gc             ] GC(119) Pause Remark 288M->288M(512M) 0.441ms
[12.154s][info][gc,cpu         ] GC(119) User=0.00s Sys=0.00s Real=0.00s
[12.154s][info][gc,marking     ] GC(119) Concurrent Mark 113.731ms
[12.155s][info][gc,marking     ] GC(119) Concurrent Rebuild Remembered Sets
[12.245s][info][gc,start       ] GC(120) Pause Young (Normal) (G1 Evacuation Pause)
[12.245s][info][gc,task        ] GC(120) Using 4 workers of 4 for evacuation
[12.346s][info][gc,phases      ] GC(120)   Pre Evacuate Collection Set: 0.1ms
[12.346s][info][gc,phases      ] GC(120)   Merge Heap Roots: 0.1ms
[12.346s][info][gc,phases      ] GC(120)   Evacuate Collection Set: 100.3ms
[12.346s][info][gc,phases      ] GC(120)   Post Evacuate Collection Set: 0.3ms
[12.346s][info][gc,phases      ] GC(120)   Other: 0.2ms
[12.346s][info][gc,heap        ] GC(120) Eden regions: 222->0(190)
[12.346s][info][gc,heap        ] GC(120) Survivor regions: 36->33(33)
[12.346s][info][gc,heap        ] GC(120) Old regions: 66->114
[12.346s][info][gc,heap        ] GC(120) Archive regions: 0->0
[12.346s][info][gc,heap        ] GC(120) Humongous regions: 36->36
[12.346s][info][gc,metaspace   ] GC(120) Metaspace: 481K(640K)->481K(640K) NonClass: 446K(512K)->446K(512K) Class: 34K(128K)->34K(128K)
[12.346s][info][gc             ] GC(120) Pause Young (Normal) (G1 Evacuation Pause) 359M->182M(512M) 101.358ms
[12.346s][info][gc,cpu         ] GC(120) User=0.39s Sys=0.00s Real=0.10s
[12.404s][info][gc,marking     ] GC(119) Concurrent Rebuild Remembered Sets 249.214ms
[12.404s][info][gc,start       ] GC(119) Pause Cleanup
[12.404s][info][gc             ] GC(119) Pause Cleanup 246M->246M(512M) 0.119ms
[12.404s][info][gc,cpu         ] GC(119) User=0.00s Sys=0.00s Real=0.00s
[12.404s][info][gc,marking     ] GC(119) Concurrent Cleanup for Next Mark
[12.405s][info][gc,marking     ] GC(119) Concurrent Cleanup for Next Mark 0.578ms
[12.405s][info][gc             ] GC(119) Concurrent Mark Cycle 420.427ms
[12.525s][info][gc,start       ] GC(121) Pause Young (Normal) (G1 Evacuation Pause)
[12.525s][info][gc,task        ] GC(121) Using 4 workers of 4 for evacuation
[12.617s][info][gc,phases      ] GC(121)   Pre Evacuate Collection Set: 0.1ms
[12.617s][info][gc,phases      ] GC(121)   Merge Heap Roots: 0.2ms
[12.617s][info][gc,phases      ] GC(121)   Evacuate Collection Set: 91.7ms
[12.617s][info][gc,phases      ] GC(121)   Post Evacuate Collection Set: 0.3ms
[12.617s][info][gc,phases      ] GC(121)   Other: 0.2ms
[12.618s][info][gc,heap        ] GC(121) Eden regions: 190->0(162)
[12.618s][info][gc,heap        ] GC(121) Survivor regions: 33->28(28)
[12.618s][info][gc,heap        ] GC(121) Old regions: 114->158
[12.618s][info][gc,heap        ] GC(121) Archive regions: 0->0
[12.618s][info][gc,heap        ] GC(121) Humongous regions: 36->36
[12.618s][info][gc,metaspace   ] GC(121) Metaspace: 481K(640K)->481K(640K) NonClass: 446K(512K)->446K(512K) Class: 34K(128K)->34K(128K)
[12.618s][info][gc             ] GC(121) Pause Young (Normal) (G1 Evacuation Pause) 372M->221M(512M) 92.722ms
[12.618s][info][gc,cpu         ] GC(121) User=0.33s Sys=0.00s Real=0.09s
[12.794s][info][gc,start       ] GC(122) Pause Young (Concurrent Start) (G1 Evacuation Pause)
[12.795s][info][gc,task        ] GC(122) Using 4 workers of 4 for evacuation
[12.806s][info][gc,phases      ] GC(122)   Pre Evacuate Collection Set: 0.1ms
[12.806s][info][gc,phases      ] GC(122)   Merge Heap Roots: 0.1ms
[12.806s][info][gc,phases      ] GC(122)   Evacuate Collection Set: 10.6ms
[12.806s][info][gc,phases      ] GC(122)   Post Evacuate Collection Set: 0.3ms
[12.806s][info][gc,phases      ] GC(122)   Other: 0.2ms
[12.806s][info][gc,heap        ] GC(122) Eden regions: 162->0(185)
[12.806s][info][gc,heap        ] GC(122) Survivor regions: 28->7(24)
[12.806s][info][gc,heap        ] GC(122) Old regions: 158->158
[12.806s][info][gc,heap        ] GC(122) Archive regions: 0->0
[12.806s][info][gc,heap        ] GC(122) Humongous regions: 36->36
[12.806s][info][gc,metaspace   ] GC(122) Metaspace: 481K(640K)->481K(640K) NonClass: 446K(512K)->446K(512K) Class: 34K(128K)->34K(128K)
[12.806s][info][gc             ] GC(122) Pause Young (Concurrent Start) (G1 Evacuation Pause) 383M->200M(512M) 11.676ms
[12.806s][info][gc,cpu         ] GC(122) User=0.00s Sys=0.00s Real=0.01s
[12.806s][info][gc             ] GC(123) Concurrent Mark Cycle
[12.806s][info][gc,marking     ] GC(123) Concurrent Clear Claimed Marks
[12.806s][info][gc,marking     ] GC(123) Concurrent Clear Claimed Marks 0.026ms
[12.806s][info][gc,marking     ] GC(123) Concurrent Scan Root Regions
[12.813s][info][gc,marking     ] GC(123) Concurrent Scan Root Regions 6.237ms
[12.813s][info][gc,marking     ] GC(123) Concurrent Mark
[12.813s][info][gc,marking     ] GC(123) Concurrent Mark From Roots
[12.813s][info][gc,task        ] GC(123) Using 1 workers of 1 for marking
[12.839s][info][gc,marking     ] GC(123) Concurrent Mark From Roots 26.597ms
[12.839s][info][gc,marking     ] GC(123) Concurrent Preclean
[12.839s][info][gc,marking     ] GC(123) Concurrent Preclean 0.091ms
[12.840s][info][gc,start       ] GC(123) Pause Remark
[12.840s][info][gc             ] GC(123) Pause Remark 227M->76M(512M) 0.456ms
[12.840s][info][gc,cpu         ] GC(123) User=0.00s Sys=0.00s Real=0.00s
[12.840s][info][gc,marking     ] GC(123) Concurrent Mark 27.417ms
[12.840s][info][gc,marking     ] GC(123) Concurrent Rebuild Remembered Sets
[12.874s][info][gc,marking     ] GC(123) Concurrent Rebuild Remembered Sets 33.816ms
[12.874s][info][gc,start       ] GC(123) Pause Cleanup
[12.874s][info][gc             ] GC(123) Pause Cleanup 116M->116M(512M) 0.122ms
[12.874s][info][gc,cpu         ] GC(123) User=0.00s Sys=0.00s Real=0.00s
[12.874s][info][gc,marking     ] GC(123) Concurrent Cleanup for Next Mark
[12.875s][info][gc,marking     ] GC(123) Concurrent Cleanup for Next Mark 0.598ms
[12.875s][info][gc             ] GC(123) Concurrent Mark Cycle 68.651ms
[12.966s][info][gc,start       ] GC(124) Pause Young (Normal) (G1 Evacuation Pause)
[12.966s][info][gc,task        ] GC(124) Using 4 workers of 4 for evacuation
[13.021s][info][gc,phases      ] GC(124)   Pre Evacuate Collection Set: 0.1ms
[13.021s][info][gc,phases      ] GC(124)   Merge Heap Roots: 0.1ms
[13.021s][info][gc,phases      ] GC(124)   Evacuate Collection Set: 54.6ms
[13.021s][info][gc,phases      ] GC(124)   Post Evacuate Collection Set: 0.3ms
[13.021s][info][gc,phases      ] GC(124)   Other: 0.2ms
[13.021s][info][gc,heap        ] GC(124) Eden regions: 185->0(261)
[13.021s][info][gc,heap        ] GC(124) Survivor regions: 7->24(24)
[13.021s][info][gc,heap        ] GC(124) Old regions: 7->27
[13.021s][info][gc,heap        ] GC(124) Archive regions: 0->0
[13.021s][info][gc,heap        ] GC(124) Humongous regions: 36->36
[13.021s][info][gc,metaspace   ] GC(124) Metaspace: 481K(640K)->481K(640K) NonClass: 446K(512K)->446K(512K) Class: 34K(128K)->34K(128K)
[13.021s][info][gc             ] GC(124) Pause Young (Normal) (G1 Evacuation Pause) 234M->86M(512M) 55.628ms
[13.021s][info][gc,cpu         ] GC(124) User=0.19s Sys=0.00s Real=0.06s
[13.261s][info][gc,start       ] GC(125) Pause Young (Concurrent Start) (G1 Evacuation Pause)
[13.261s][info][gc,task        ] GC(125) Using 4 workers of 4 for evacuation
[13.374s][info][gc,phases      ] GC(125)   Pre Evacuate Collection Set: 0.1ms
[13.374s][info][gc,phases      ] GC(125)   Merge Heap Roots: 0.1ms
[13.374s][info][gc,phases      ] GC(125)   Evacuate Collection Set: 112.5ms
[13.374s][info][gc,phases      ] GC(125)   Post Evacuate Collection Set: 0.3ms
[13.374s][info][gc,phases      ] GC(125)   Other: 0.2ms
[13.374s][info][gc,heap        ] GC(125) Eden regions: 261->0(220)
[13.374s][info][gc,heap        ] GC(125) Survivor regions: 24->36(36)
[13.374s][info][gc,heap        ] GC(125) Old regions: 27->69
[13.374s][info][gc,heap        ] GC(125) Archive regions: 0->0
[13.375s][info][gc,heap        ] GC(125) Humongous regions: 36->36
[13.375s][info][gc,metaspace   ] GC(125) Metaspace: 481K(640K)->481K(640K) NonClass: 446K(512K)->446K(512K) Class: 34K(128K)->34K(128K)
[13.375s][info][gc             ] GC(125) Pause Young (Concurrent Start) (G1 Evacuation Pause) 347M->140M(512M) 113.560ms
[13.375s][info][gc,cpu         ] GC(125) User=0.30s Sys=0.00s Real=0.11s
[13.375s][info][gc             ] GC(126) Concurrent Mark Cycle
[13.375s][info][gc,marking     ] GC(126) Concurrent Clear Claimed Marks
[13.375s][info][gc,marking     ] GC(126) Concurrent Clear Claimed Marks 0.027ms
[13.375s][info][gc,marking     ] GC(126) Concurrent Scan Root Regions
[13.437s][info][gc,marking     ] GC(126) Concurrent Scan Root Regions 62.517ms
[13.437s][info][gc,marking     ] GC(126) Concurrent Mark
[13.437s][info][gc,marking     ] GC(126) Concurrent Mark From Roots
[13.437s][info][gc,task        ] GC(126) Using 1 workers of 1 for marking
[13.554s][info][gc,marking     ] GC(126) Concurrent Mark From Roots 116.612ms
[13.554s][info][gc,marking     ] GC(126) Concurrent Preclean
[13.554s][info][gc,marking     ] GC(126) Concurrent Preclean 0.088ms
[13.554s][info][gc,start       ] GC(126) Pause Remark
[13.555s][info][gc             ] GC(126) Pause Remark 287M->287M(512M) 0.452ms
[13.555s][info][gc,cpu         ] GC(126) User=0.00s Sys=0.00s Real=0.00s
[13.555s][info][gc,marking     ] GC(126) Concurrent Mark 117.496ms
[13.555s][info][gc,marking     ] GC(126) Concurrent Rebuild Remembered Sets
[13.631s][info][gc,start       ] GC(127) Pause Young (Normal) (G1 Evacuation Pause)
[13.631s][info][gc,task        ] GC(127) Using 4 workers of 4 for evacuation
[13.751s][info][gc,phases      ] GC(127)   Pre Evacuate Collection Set: 0.1ms
[13.751s][info][gc,phases      ] GC(127)   Merge Heap Roots: 0.1ms
[13.751s][info][gc,phases      ] GC(127)   Evacuate Collection Set: 118.6ms
[13.751s][info][gc,phases      ] GC(127)   Post Evacuate Collection Set: 0.4ms
[13.751s][info][gc,phases      ] GC(127)   Other: 0.2ms
[13.751s][info][gc,heap        ] GC(127) Eden regions: 220->0(188)
[13.751s][info][gc,heap        ] GC(127) Survivor regions: 36->32(32)
[13.751s][info][gc,heap        ] GC(127) Old regions: 69->118
[13.751s][info][gc,heap        ] GC(127) Archive regions: 0->0
[13.751s][info][gc,heap        ] GC(127) Humongous regions: 36->36
[13.751s][info][gc,metaspace   ] GC(127) Metaspace: 481K(640K)->481K(640K) NonClass: 446K(512K)->446K(512K) Class: 34K(128K)->34K(128K)
[13.751s][info][gc             ] GC(127) Pause Young (Normal) (G1 Evacuation Pause) 360M->185M(512M) 119.648ms
[13.751s][info][gc,cpu         ] GC(127) User=0.41s Sys=0.00s Real=0.12s
[13.805s][info][gc,marking     ] GC(126) Concurrent Rebuild Remembered Sets 249.837ms
[13.805s][info][gc,start       ] GC(126) Pause Cleanup
[13.805s][info][gc             ] GC(126) Pause Cleanup 240M->240M(512M) 0.386ms
[13.805s][info][gc,cpu         ] GC(126) User=0.00s Sys=0.00s Real=0.00s
[13.805s][info][gc,marking     ] GC(126) Concurrent Cleanup for Next Mark
[13.806s][info][gc,marking     ] GC(126) Concurrent Cleanup for Next Mark 0.579ms
[13.806s][info][gc             ] GC(126) Concurrent Mark Cycle 431.370ms
[13.949s][info][gc,start       ] GC(128) Pause Young (Prepare Mixed) (G1 Evacuation Pause)
[13.949s][info][gc,task        ] GC(128) Using 4 workers of 4 for evacuation
[14.045s][info][gc,phases      ] GC(128)   Pre Evacuate Collection Set: 0.1ms
[14.045s][info][gc,phases      ] GC(128)   Merge Heap Roots: 0.2ms
[14.046s][info][gc,phases      ] GC(128)   Evacuate Collection Set: 95.7ms
[14.046s][info][gc,phases      ] GC(128)   Post Evacuate Collection Set: 0.6ms
[14.046s][info][gc,phases      ] GC(128)   Other: 0.2ms
[14.046s][info][gc,heap        ] GC(128) Eden regions: 188->0(2)
[14.046s][info][gc,heap        ] GC(128) Survivor regions: 32->28(28)
[14.046s][info][gc,heap        ] GC(128) Old regions: 118->160
[14.046s][info][gc,heap        ] GC(128) Archive regions: 0->0
[14.046s][info][gc,heap        ] GC(128) Humongous regions: 36->36
[14.046s][info][gc,metaspace   ] GC(128) Metaspace: 481K(640K)->481K(640K) NonClass: 446K(512K)->446K(512K) Class: 34K(128K)->34K(128K)
[14.046s][info][gc             ] GC(128) Pause Young (Prepare Mixed) (G1 Evacuation Pause) 373M->223M(512M) 97.186ms
[14.046s][info][gc,cpu         ] GC(128) User=0.31s Sys=0.00s Real=0.10s
[14.048s][info][gc,start       ] GC(129) Pause Young (Mixed) (G1 Evacuation Pause)
[14.048s][info][gc,task        ] GC(129) Using 4 workers of 4 for evacuation
[14.089s][info][gc,phases      ] GC(129)   Pre Evacuate Collection Set: 0.1ms
[14.089s][info][gc,phases      ] GC(129)   Merge Heap Roots: 0.1ms
[14.089s][info][gc,phases      ] GC(129)   Evacuate Collection Set: 41.1ms
[14.089s][info][gc,phases      ] GC(129)   Post Evacuate Collection Set: 0.2ms
[14.089s][info][gc,phases      ] GC(129)   Other: 0.1ms
[14.089s][info][gc,heap        ] GC(129) Eden regions: 2->0(160)
[14.090s][info][gc,heap        ] GC(129) Survivor regions: 28->2(4)
[14.090s][info][gc,heap        ] GC(129) Old regions: 160->188
[14.090s][info][gc,heap        ] GC(129) Archive regions: 0->0
[14.090s][info][gc,heap        ] GC(129) Humongous regions: 36->36
[14.090s][info][gc,metaspace   ] GC(129) Metaspace: 481K(640K)->481K(640K) NonClass: 446K(512K)->446K(512K) Class: 34K(128K)->34K(128K)
[14.090s][info][gc             ] GC(129) Pause Young (Mixed) (G1 Evacuation Pause) 225M->225M(512M) 41.872ms
[14.090s][info][gc,cpu         ] GC(129) User=0.16s Sys=0.00s Real=0.04s
[14.227s][info][gc,start       ] GC(130) Pause Young (Concurrent Start) (G1 Evacuation Pause)
[14.227s][info][gc,task        ] GC(130) Using 4 workers of 4 for evacuation
[14.239s][info][gc,phases      ] GC(130)   Pre Evacuate Collection Set: 0.1ms
[14.239s][info][gc,phases      ] GC(130)   Merge Heap Roots: 0.1ms
[14.239s][info][gc,phases      ] GC(130)   Evacuate Collection Set: 11.5ms
[14.239s][info][gc,phases      ] GC(130)   Post Evacuate Collection Set: 0.3ms
[14.239s][info][gc,phases      ] GC(130)   Other: 0.2ms
[14.239s][info][gc,heap        ] GC(130) Eden regions: 160->0(162)
[14.239s][info][gc,heap        ] GC(130) Survivor regions: 2->8(21)
[14.239s][info][gc,heap        ] GC(130) Old regions: 188->188
[14.239s][info][gc,heap        ] GC(130) Archive regions: 0->0
[14.239s][info][gc,heap        ] GC(130) Humongous regions: 36->36
[14.239s][info][gc,metaspace   ] GC(130) Metaspace: 481K(640K)->481K(640K) NonClass: 446K(512K)->446K(512K) Class: 34K(128K)->34K(128K)
[14.239s][info][gc             ] GC(130) Pause Young (Concurrent Start) (G1 Evacuation Pause) 385M->231M(512M) 12.317ms
[14.239s][info][gc,cpu         ] GC(130) User=0.06s Sys=0.00s Real=0.01s
[14.239s][info][gc             ] GC(131) Concurrent Mark Cycle
[14.240s][info][gc,marking     ] GC(131) Concurrent Clear Claimed Marks
[14.240s][info][gc,marking     ] GC(131) Concurrent Clear Claimed Marks 0.017ms
[14.240s][info][gc,marking     ] GC(131) Concurrent Scan Root Regions
[14.245s][info][gc,marking     ] GC(131) Concurrent Scan Root Regions 4.988ms
[14.245s][info][gc,marking     ] GC(131) Concurrent Mark
[14.245s][info][gc,marking     ] GC(131) Concurrent Mark From Roots
[14.245s][info][gc,task        ] GC(131) Using 1 workers of 1 for marking
[14.267s][info][gc,marking     ] GC(131) Concurrent Mark From Roots 22.634ms
[14.267s][info][gc,marking     ] GC(131) Concurrent Preclean
[14.267s][info][gc,marking     ] GC(131) Concurrent Preclean 0.070ms
[14.267s][info][gc,start       ] GC(131) Pause Remark
[14.268s][info][gc             ] GC(131) Pause Remark 255M->74M(512M) 0.418ms
[14.268s][info][gc,cpu         ] GC(131) User=0.00s Sys=0.00s Real=0.00s
[14.268s][info][gc,marking     ] GC(131) Concurrent Mark 23.398ms
[14.268s][info][gc,marking     ] GC(131) Concurrent Rebuild Remembered Sets
[14.291s][info][gc,marking     ] GC(131) Concurrent Rebuild Remembered Sets 22.534ms
[14.291s][info][gc,start       ] GC(131) Pause Cleanup
[14.291s][info][gc             ] GC(131) Pause Cleanup 102M->102M(512M) 0.109ms
[14.291s][info][gc,cpu         ] GC(131) User=0.00s Sys=0.00s Real=0.00s
[14.291s][info][gc,marking     ] GC(131) Concurrent Cleanup for Next Mark
[14.291s][info][gc,marking     ] GC(131) Concurrent Cleanup for Next Mark 0.494ms
[14.291s][info][gc             ] GC(131) Concurrent Mark Cycle 51.989ms
[14.377s][info][gc,start       ] GC(132) Pause Young (Normal) (G1 Evacuation Pause)
[14.378s][info][gc,task        ] GC(132) Using 4 workers of 4 for evacuation
[14.433s][info][gc,phases      ] GC(132)   Pre Evacuate Collection Set: 0.0ms
[14.434s][info][gc,phases      ] GC(132)   Merge Heap Roots: 0.1ms
[14.434s][info][gc,phases      ] GC(132)   Evacuate Collection Set: 55.4ms
[14.434s][info][gc,phases      ] GC(132)   Post Evacuate Collection Set: 0.3ms
[14.434s][info][gc,phases      ] GC(132)   Other: 0.2ms
[14.434s][info][gc,heap        ] GC(132) Eden regions: 162->0(263)
[14.434s][info][gc,heap        ] GC(132) Survivor regions: 8->22(22)
[14.434s][info][gc,heap        ] GC(132) Old regions: 7->26
[14.434s][info][gc,heap        ] GC(132) Archive regions: 0->0
[14.434s][info][gc,heap        ] GC(132) Humongous regions: 36->36
[14.434s][info][gc,metaspace   ] GC(132) Metaspace: 481K(640K)->481K(640K) NonClass: 446K(512K)->446K(512K) Class: 34K(128K)->34K(128K)
[14.434s][info][gc             ] GC(132) Pause Young (Normal) (G1 Evacuation Pause) 212M->83M(512M) 56.344ms
[14.434s][info][gc,cpu         ] GC(132) User=0.22s Sys=0.00s Real=0.06s
[14.693s][info][gc,start       ] GC(133) Pause Young (Concurrent Start) (G1 Evacuation Pause)
[14.693s][info][gc,task        ] GC(133) Using 4 workers of 4 for evacuation
[14.817s][info][gc,phases      ] GC(133)   Pre Evacuate Collection Set: 0.0ms
[14.817s][info][gc,phases      ] GC(133)   Merge Heap Roots: 0.1ms
[14.817s][info][gc,phases      ] GC(133)   Evacuate Collection Set: 122.3ms
[14.817s][info][gc,phases      ] GC(133)   Post Evacuate Collection Set: 0.6ms
[14.817s][info][gc,phases      ] GC(133)   Other: 0.2ms
[14.817s][info][gc,heap        ] GC(133) Eden regions: 263->0(222)
[14.817s][info][gc,heap        ] GC(133) Survivor regions: 22->36(36)
[14.817s][info][gc,heap        ] GC(133) Old regions: 26->66
[14.817s][info][gc,heap        ] GC(133) Archive regions: 0->0
[14.817s][info][gc,heap        ] GC(133) Humongous regions: 36->36
[14.817s][info][gc,metaspace   ] GC(133) Metaspace: 481K(640K)->481K(640K) NonClass: 446K(512K)->446K(512K) Class: 34K(128K)->34K(128K)
[14.817s][info][gc             ] GC(133) Pause Young (Concurrent Start) (G1 Evacuation Pause) 346M->137M(512M) 123.724ms
[14.817s][info][gc,cpu         ] GC(133) User=0.39s Sys=0.00s Real=0.12s
[14.817s][info][gc             ] GC(134) Concurrent Mark Cycle
[14.818s][info][gc,marking     ] GC(134) Concurrent Clear Claimed Marks
[14.818s][info][gc,marking     ] GC(134) Concurrent Clear Claimed Marks 0.069ms
[14.818s][info][gc,marking     ] GC(134) Concurrent Scan Root Regions
[14.905s][info][gc,marking     ] GC(134) Concurrent Scan Root Regions 87.386ms
[14.905s][info][gc,marking     ] GC(134) Concurrent Mark
[14.905s][info][gc,marking     ] GC(134) Concurrent Mark From Roots
[14.905s][info][gc,task        ] GC(134) Using 1 workers of 1 for marking
[15.063s][info][gc,marking     ] GC(134) Concurrent Mark From Roots 157.371ms
[15.063s][info][gc,marking     ] GC(134) Concurrent Preclean
[15.063s][info][gc,marking     ] GC(134) Concurrent Preclean 0.117ms
[15.091s][info][gc,start       ] GC(134) Pause Remark
[15.092s][info][gc             ] GC(134) Pause Remark 211M->211M(512M) 0.499ms
[15.092s][info][gc,cpu         ] GC(134) User=0.00s Sys=0.00s Real=0.00s
[15.093s][info][gc,marking     ] GC(134) Concurrent Mark 188.164ms
[15.093s][info][gc,marking     ] GC(134) Concurrent Rebuild Remembered Sets
[15.262s][info][gc,marking     ] GC(134) Concurrent Rebuild Remembered Sets 168.833ms
[15.263s][info][gc,start       ] GC(134) Pause Cleanup
[15.263s][info][gc             ] GC(134) Pause Cleanup 269M->269M(512M) 0.167ms
[15.263s][info][gc,cpu         ] GC(134) User=0.00s Sys=0.00s Real=0.00s
[15.263s][info][gc,marking     ] GC(134) Concurrent Cleanup for Next Mark
[15.264s][info][gc,marking     ] GC(134) Concurrent Cleanup for Next Mark 0.579ms
[15.264s][info][gc             ] GC(134) Concurrent Mark Cycle 446.472ms
[15.461s][info][gc,start       ] GC(135) Pause Young (Prepare Mixed) (G1 Evacuation Pause)
[15.461s][info][gc,task        ] GC(135) Using 4 workers of 4 for evacuation
[15.582s][info][gc,phases      ] GC(135)   Pre Evacuate Collection Set: 0.1ms
[15.582s][info][gc,phases      ] GC(135)   Merge Heap Roots: 0.2ms
[15.582s][info][gc,phases      ] GC(135)   Evacuate Collection Set: 120.2ms
[15.582s][info][gc,phases      ] GC(135)   Post Evacuate Collection Set: 0.3ms
[15.582s][info][gc,phases      ] GC(135)   Other: 0.2ms
[15.582s][info][gc,heap        ] GC(135) Eden regions: 222->0(1)
[15.583s][info][gc,heap        ] GC(135) Survivor regions: 36->33(33)
[15.583s][info][gc,heap        ] GC(135) Old regions: 66->114
[15.583s][info][gc,heap        ] GC(135) Archive regions: 0->0
[15.583s][info][gc,heap        ] GC(135) Humongous regions: 36->36
[15.583s][info][gc,metaspace   ] GC(135) Metaspace: 481K(640K)->481K(640K) NonClass: 446K(512K)->446K(512K) Class: 34K(128K)->34K(128K)
[15.583s][info][gc             ] GC(135) Pause Young (Prepare Mixed) (G1 Evacuation Pause) 359M->182M(512M) 121.285ms
[15.583s][info][gc,cpu         ] GC(135) User=0.41s Sys=0.00s Real=0.12s
[15.586s][info][gc,start       ] GC(136) Pause Young (Mixed) (G1 Evacuation Pause)
[15.586s][info][gc,task        ] GC(136) Using 4 workers of 4 for evacuation
[15.636s][info][gc,phases      ] GC(136)   Pre Evacuate Collection Set: 0.1ms
[15.636s][info][gc,phases      ] GC(136)   Merge Heap Roots: 0.1ms
[15.636s][info][gc,phases      ] GC(136)   Evacuate Collection Set: 48.9ms
[15.636s][info][gc,phases      ] GC(136)   Post Evacuate Collection Set: 0.2ms
[15.636s][info][gc,phases      ] GC(136)   Other: 0.2ms
[15.636s][info][gc,heap        ] GC(136) Eden regions: 1->0(188)
[15.636s][info][gc,heap        ] GC(136) Survivor regions: 33->2(5)
[15.636s][info][gc,heap        ] GC(136) Old regions: 114->148
[15.636s][info][gc,heap        ] GC(136) Archive regions: 0->0
[15.636s][info][gc,heap        ] GC(136) Humongous regions: 36->36
[15.636s][info][gc,metaspace   ] GC(136) Metaspace: 481K(640K)->481K(640K) NonClass: 446K(512K)->446K(512K) Class: 34K(128K)->34K(128K)
[15.636s][info][gc             ] GC(136) Pause Young (Mixed) (G1 Evacuation Pause) 183M->184M(512M) 49.794ms
[15.636s][info][gc,cpu         ] GC(136) User=0.14s Sys=0.02s Real=0.05s
[15.823s][info][gc,start       ] GC(137) Pause Young (Concurrent Start) (G1 Evacuation Pause)
[15.823s][info][gc,task        ] GC(137) Using 4 workers of 4 for evacuation
[15.875s][info][gc,phases      ] GC(137)   Pre Evacuate Collection Set: 0.1ms
[15.875s][info][gc,phases      ] GC(137)   Merge Heap Roots: 0.1ms
[15.875s][info][gc,phases      ] GC(137)   Evacuate Collection Set: 51.7ms
[15.875s][info][gc,phases      ] GC(137)   Post Evacuate Collection Set: 0.3ms
[15.875s][info][gc,phases      ] GC(137)   Other: 0.2ms
[15.876s][info][gc,heap        ] GC(137) Eden regions: 188->0(162)
[15.876s][info][gc,heap        ] GC(137) Survivor regions: 2->24(24)
[15.876s][info][gc,heap        ] GC(137) Old regions: 148->163
[15.876s][info][gc,heap        ] GC(137) Archive regions: 0->0
[15.876s][info][gc,heap        ] GC(137) Humongous regions: 36->36
[15.876s][info][gc,metaspace   ] GC(137) Metaspace: 481K(640K)->481K(640K) NonClass: 446K(512K)->446K(512K) Class: 34K(128K)->34K(128K)
[15.876s][info][gc             ] GC(137) Pause Young (Concurrent Start) (G1 Evacuation Pause) 372M->222M(512M) 52.786ms
[15.876s][info][gc,cpu         ] GC(137) User=0.25s Sys=0.00s Real=0.05s
[15.876s][info][gc             ] GC(138) Concurrent Mark Cycle
[15.876s][info][gc,marking     ] GC(138) Concurrent Clear Claimed Marks
[15.876s][info][gc,marking     ] GC(138) Concurrent Clear Claimed Marks 0.040ms
[15.876s][info][gc,marking     ] GC(138) Concurrent Scan Root Regions
[15.904s][info][gc,marking     ] GC(138) Concurrent Scan Root Regions 27.701ms
[15.904s][info][gc,marking     ] GC(138) Concurrent Mark
[15.904s][info][gc,marking     ] GC(138) Concurrent Mark From Roots
[15.904s][info][gc,task        ] GC(138) Using 1 workers of 1 for marking
[16.114s][info][gc,start       ] GC(139) Pause Young (Normal) (G1 Evacuation Pause)
[16.114s][info][gc,task        ] GC(139) Using 4 workers of 4 for evacuation
[16.124s][info][gc,phases      ] GC(139)   Pre Evacuate Collection Set: 0.0ms
[16.124s][info][gc,phases      ] GC(139)   Merge Heap Roots: 0.1ms
[16.124s][info][gc,phases      ] GC(139)   Evacuate Collection Set: 9.8ms
[16.124s][info][gc,phases      ] GC(139)   Post Evacuate Collection Set: 0.4ms
[16.124s][info][gc,phases      ] GC(139)   Other: 0.1ms
[16.124s][info][gc,heap        ] GC(139) Eden regions: 162->0(180)
[16.124s][info][gc,heap        ] GC(139) Survivor regions: 24->7(24)
[16.124s][info][gc,heap        ] GC(139) Old regions: 163->163
[16.124s][info][gc,heap        ] GC(139) Archive regions: 0->0
[16.124s][info][gc,heap        ] GC(139) Humongous regions: 36->36
[16.124s][info][gc,metaspace   ] GC(139) Metaspace: 481K(640K)->481K(640K) NonClass: 446K(512K)->446K(512K) Class: 34K(128K)->34K(128K)
[16.124s][info][gc             ] GC(139) Pause Young (Normal) (G1 Evacuation Pause) 384M->205M(512M) 10.775ms
[16.124s][info][gc,cpu         ] GC(139) User=0.06s Sys=0.00s Real=0.01s
[16.348s][info][gc,start       ] GC(140) Pause Young (Normal) (G1 Evacuation Pause)
[16.348s][info][gc,task        ] GC(140) Using 4 workers of 4 for evacuation
[16.402s][info][gc,phases      ] GC(140)   Pre Evacuate Collection Set: 0.1ms
[16.402s][info][gc,phases      ] GC(140)   Merge Heap Roots: 0.1ms
[16.402s][info][gc,phases      ] GC(140)   Evacuate Collection Set: 53.0ms
[16.402s][info][gc,phases      ] GC(140)   Post Evacuate Collection Set: 0.3ms
[16.402s][info][gc,phases      ] GC(140)   Other: 0.2ms
[16.402s][info][gc,heap        ] GC(140) Eden regions: 180->0(153)
[16.402s][info][gc,heap        ] GC(140) Survivor regions: 7->24(24)
[16.402s][info][gc,heap        ] GC(140) Old regions: 163->181
[16.402s][info][gc,heap        ] GC(140) Archive regions: 0->0
[16.402s][info][gc,heap        ] GC(140) Humongous regions: 36->36
[16.402s][info][gc,metaspace   ] GC(140) Metaspace: 481K(640K)->481K(640K) NonClass: 446K(512K)->446K(512K) Class: 34K(128K)->34K(128K)
[16.402s][info][gc             ] GC(140) Pause Young (Normal) (G1 Evacuation Pause) 385M->240M(512M) 54.036ms
[16.403s][info][gc,cpu         ] GC(140) User=0.25s Sys=0.00s Real=0.05s
[16.542s][info][gc,marking     ] GC(138) Concurrent Mark From Roots 638.309ms
[16.542s][info][gc,marking     ] GC(138) Concurrent Preclean
[16.542s][info][gc,marking     ] GC(138) Concurrent Preclean 0.072ms
[16.542s][info][gc,start       ] GC(138) Pause Remark
[16.543s][info][gc             ] GC(138) Pause Remark 353M->353M(512M) 0.446ms
[16.543s][info][gc,cpu         ] GC(138) User=0.06s Sys=0.00s Real=0.00s
[16.543s][info][gc,marking     ] GC(138) Concurrent Mark 639.075ms
[16.543s][info][gc,marking     ] GC(138) Concurrent Rebuild Remembered Sets
[16.580s][info][gc,start       ] GC(141) Pause Young (Normal) (G1 Evacuation Pause)
[16.580s][info][gc,task        ] GC(141) Using 4 workers of 4 for evacuation
[16.648s][info][gc,phases      ] GC(141)   Pre Evacuate Collection Set: 0.1ms
[16.648s][info][gc,phases      ] GC(141)   Merge Heap Roots: 0.1ms
[16.648s][info][gc,phases      ] GC(141)   Evacuate Collection Set: 68.2ms
[16.649s][info][gc,phases      ] GC(141)   Post Evacuate Collection Set: 0.3ms
[16.649s][info][gc,phases      ] GC(141)   Other: 0.2ms
[16.649s][info][gc,heap        ] GC(141) Eden regions: 153->0(129)
[16.649s][info][gc,heap        ] GC(141) Survivor regions: 24->23(23)
[16.649s][info][gc,heap        ] GC(141) Old regions: 181->213
[16.649s][info][gc,heap        ] GC(141) Archive regions: 0->0
[16.649s][info][gc,heap        ] GC(141) Humongous regions: 36->36
[16.649s][info][gc,metaspace   ] GC(141) Metaspace: 481K(640K)->481K(640K) NonClass: 446K(512K)->446K(512K) Class: 34K(128K)->34K(128K)
[16.649s][info][gc             ] GC(141) Pause Young (Normal) (G1 Evacuation Pause) 393M->271M(512M) 69.099ms
[16.649s][info][gc,cpu         ] GC(141) User=0.23s Sys=0.00s Real=0.07s
[16.763s][info][gc,start       ] GC(142) Pause Young (Normal) (G1 Evacuation Pause)
[16.763s][info][gc,task        ] GC(142) Using 4 workers of 4 for evacuation
[16.825s][info][gc,phases      ] GC(142)   Pre Evacuate Collection Set: 0.0ms
[16.825s][info][gc,phases      ] GC(142)   Merge Heap Roots: 0.1ms
[16.825s][info][gc,phases      ] GC(142)   Evacuate Collection Set: 61.5ms
[16.825s][info][gc,phases      ] GC(142)   Post Evacuate Collection Set: 0.3ms
[16.825s][info][gc,phases      ] GC(142)   Other: 0.1ms
[16.825s][info][gc,heap        ] GC(142) Eden regions: 129->0(110)
[16.825s][info][gc,heap        ] GC(142) Survivor regions: 23->19(19)
[16.825s][info][gc,heap        ] GC(142) Old regions: 213->244
[16.825s][info][gc,heap        ] GC(142) Archive regions: 0->0
[16.825s][info][gc,heap        ] GC(142) Humongous regions: 36->36
[16.825s][info][gc,metaspace   ] GC(142) Metaspace: 481K(640K)->481K(640K) NonClass: 446K(512K)->446K(512K) Class: 34K(128K)->34K(128K)
[16.825s][info][gc             ] GC(142) Pause Young (Normal) (G1 Evacuation Pause) 400M->298M(512M) 62.514ms
[16.825s][info][gc,cpu         ] GC(142) User=0.25s Sys=0.00s Real=0.06s
[16.918s][info][gc,start       ] GC(143) Pause Young (Normal) (G1 Evacuation Pause)
[16.918s][info][gc,task        ] GC(143) Using 4 workers of 4 for evacuation
[16.968s][info][gc,phases      ] GC(143)   Pre Evacuate Collection Set: 0.1ms
[16.968s][info][gc,phases      ] GC(143)   Merge Heap Roots: 0.1ms
[16.968s][info][gc,phases      ] GC(143)   Evacuate Collection Set: 50.1ms
[16.968s][info][gc,phases      ] GC(143)   Post Evacuate Collection Set: 0.2ms
[16.968s][info][gc,phases      ] GC(143)   Other: 0.2ms
[16.968s][info][gc,heap        ] GC(143) Eden regions: 110->0(95)
[16.969s][info][gc,heap        ] GC(143) Survivor regions: 19->17(17)
[16.969s][info][gc,heap        ] GC(143) Old regions: 244->268
[16.969s][info][gc,heap        ] GC(143) Archive regions: 0->0
[16.969s][info][gc,heap        ] GC(143) Humongous regions: 36->36
[16.969s][info][gc,metaspace   ] GC(143) Metaspace: 481K(640K)->481K(640K) NonClass: 446K(512K)->446K(512K) Class: 34K(128K)->34K(128K)
[16.969s][info][gc             ] GC(143) Pause Young (Normal) (G1 Evacuation Pause) 408M->320M(512M) 50.983ms
[16.969s][info][gc,cpu         ] GC(143) User=0.17s Sys=0.00s Real=0.05s
[17.002s][info][gc,marking     ] GC(138) Concurrent Rebuild Remembered Sets 458.940ms
[17.002s][info][gc,start       ] GC(138) Pause Cleanup
[17.002s][info][gc             ] GC(138) Pause Cleanup 358M->358M(512M) 0.141ms
[17.002s][info][gc,cpu         ] GC(138) User=0.00s Sys=0.00s Real=0.00s
[17.002s][info][gc,marking     ] GC(138) Concurrent Cleanup for Next Mark
[17.003s][info][gc,marking     ] GC(138) Concurrent Cleanup for Next Mark 0.544ms
[17.003s][info][gc             ] GC(138) Concurrent Mark Cycle 1126.876ms
[17.047s][info][gc,start       ] GC(144) Pause Young (Prepare Mixed) (G1 Evacuation Pause)
[17.047s][info][gc,task        ] GC(144) Using 4 workers of 4 for evacuation
[17.091s][info][gc,phases      ] GC(144)   Pre Evacuate Collection Set: 0.1ms
[17.091s][info][gc,phases      ] GC(144)   Merge Heap Roots: 0.1ms
[17.091s][info][gc,phases      ] GC(144)   Evacuate Collection Set: 44.2ms
[17.091s][info][gc,phases      ] GC(144)   Post Evacuate Collection Set: 0.3ms
[17.092s][info][gc,phases      ] GC(144)   Other: 0.2ms
[17.092s][info][gc,heap        ] GC(144) Eden regions: 95->0(11)
[17.092s][info][gc,heap        ] GC(144) Survivor regions: 17->14(14)
[17.092s][info][gc,heap        ] GC(144) Old regions: 268->291
[17.092s][info][gc,heap        ] GC(144) Archive regions: 0->0
[17.092s][info][gc,heap        ] GC(144) Humongous regions: 36->36
[17.092s][info][gc,metaspace   ] GC(144) Metaspace: 481K(640K)->481K(640K) NonClass: 446K(512K)->446K(512K) Class: 34K(128K)->34K(128K)
[17.092s][info][gc             ] GC(144) Pause Young (Prepare Mixed) (G1 Evacuation Pause) 415M->340M(512M) 45.076ms
[17.092s][info][gc,cpu         ] GC(144) User=0.19s Sys=0.00s Real=0.05s
[17.101s][info][gc,start       ] GC(145) Pause Young (Mixed) (G1 Evacuation Pause)
[17.102s][info][gc,task        ] GC(145) Using 4 workers of 4 for evacuation
[17.122s][info][gc,phases      ] GC(145)   Pre Evacuate Collection Set: 0.0ms
[17.122s][info][gc,phases      ] GC(145)   Merge Heap Roots: 0.0ms
[17.122s][info][gc,phases      ] GC(145)   Evacuate Collection Set: 19.9ms
[17.122s][info][gc,phases      ] GC(145)   Post Evacuate Collection Set: 0.2ms
[17.122s][info][gc,phases      ] GC(145)   Other: 0.2ms
[17.122s][info][gc,heap        ] GC(145) Eden regions: 11->0(79)
[17.122s][info][gc,heap        ] GC(145) Survivor regions: 14->3(4)
[17.122s][info][gc,heap        ] GC(145) Old regions: 291->305
[17.122s][info][gc,heap        ] GC(145) Archive regions: 0->0
[17.122s][info][gc,heap        ] GC(145) Humongous regions: 36->36
[17.122s][info][gc,metaspace   ] GC(145) Metaspace: 481K(640K)->481K(640K) NonClass: 446K(512K)->446K(512K) Class: 34K(128K)->34K(128K)
[17.122s][info][gc             ] GC(145) Pause Young (Mixed) (G1 Evacuation Pause) 351M->343M(512M) 20.593ms
[17.122s][info][gc,cpu         ] GC(145) User=0.11s Sys=0.00s Real=0.02s
[17.183s][info][gc,start       ] GC(146) Pause Young (Concurrent Start) (G1 Evacuation Pause)
[17.183s][info][gc,task        ] GC(146) Using 4 workers of 4 for evacuation
[17.209s][info][gc,phases      ] GC(146)   Pre Evacuate Collection Set: 0.0ms
[17.209s][info][gc,phases      ] GC(146)   Merge Heap Roots: 0.1ms
[17.209s][info][gc,phases      ] GC(146)   Evacuate Collection Set: 25.2ms
[17.209s][info][gc,phases      ] GC(146)   Post Evacuate Collection Set: 0.2ms
[17.209s][info][gc,phases      ] GC(146)   Other: 0.1ms
[17.209s][info][gc,heap        ] GC(146) Eden regions: 79->0(68)
[17.209s][info][gc,heap        ] GC(146) Survivor regions: 3->11(11)
[17.209s][info][gc,heap        ] GC(146) Old regions: 305->313
[17.209s][info][gc,heap        ] GC(146) Archive regions: 0->0
[17.209s][info][gc,heap        ] GC(146) Humongous regions: 36->36
[17.209s][info][gc,metaspace   ] GC(146) Metaspace: 481K(640K)->481K(640K) NonClass: 446K(512K)->446K(512K) Class: 34K(128K)->34K(128K)
[17.209s][info][gc             ] GC(146) Pause Young (Concurrent Start) (G1 Evacuation Pause) 422M->359M(512M) 25.926ms
[17.209s][info][gc,cpu         ] GC(146) User=0.06s Sys=0.00s Real=0.03s
[17.209s][info][gc             ] GC(147) Concurrent Mark Cycle
[17.209s][info][gc,marking     ] GC(147) Concurrent Clear Claimed Marks
[17.209s][info][gc,marking     ] GC(147) Concurrent Clear Claimed Marks 0.018ms
[17.209s][info][gc,marking     ] GC(147) Concurrent Scan Root Regions
[17.221s][info][gc,marking     ] GC(147) Concurrent Scan Root Regions 11.329ms
[17.221s][info][gc,marking     ] GC(147) Concurrent Mark
[17.221s][info][gc,marking     ] GC(147) Concurrent Mark From Roots
[17.221s][info][gc,task        ] GC(147) Using 1 workers of 1 for marking
[17.281s][info][gc,start       ] GC(148) Pause Young (Normal) (G1 Evacuation Pause)
[17.281s][info][gc,task        ] GC(148) Using 4 workers of 4 for evacuation
[17.313s][info][gc,phases      ] GC(148)   Pre Evacuate Collection Set: 0.0ms
[17.313s][info][gc,phases      ] GC(148)   Merge Heap Roots: 0.1ms
[17.313s][info][gc,phases      ] GC(148)   Evacuate Collection Set: 31.3ms
[17.313s][info][gc,phases      ] GC(148)   Post Evacuate Collection Set: 0.2ms
[17.313s][info][gc,phases      ] GC(148)   Other: 0.1ms
[17.313s][info][gc,heap        ] GC(148) Eden regions: 68->0(58)
[17.313s][info][gc,heap        ] GC(148) Survivor regions: 11->10(10)
[17.313s][info][gc,heap        ] GC(148) Old regions: 313->329
[17.313s][info][gc,heap        ] GC(148) Archive regions: 0->0
[17.313s][info][gc,heap        ] GC(148) Humongous regions: 36->36
[17.314s][info][gc,metaspace   ] GC(148) Metaspace: 481K(640K)->481K(640K) NonClass: 446K(512K)->446K(512K) Class: 34K(128K)->34K(128K)
[17.314s][info][gc             ] GC(148) Pause Young (Normal) (G1 Evacuation Pause) 427M->374M(512M) 32.145ms
[17.314s][info][gc,cpu         ] GC(148) User=0.13s Sys=0.00s Real=0.03s
[17.373s][info][gc,start       ] GC(149) Pause Young (Normal) (G1 Evacuation Pause)
[17.373s][info][gc,task        ] GC(149) Using 4 workers of 4 for evacuation
[17.401s][info][gc,phases      ] GC(149)   Pre Evacuate Collection Set: 0.0ms
[17.401s][info][gc,phases      ] GC(149)   Merge Heap Roots: 0.1ms
[17.401s][info][gc,phases      ] GC(149)   Evacuate Collection Set: 27.5ms
[17.401s][info][gc,phases      ] GC(149)   Post Evacuate Collection Set: 0.2ms
[17.401s][info][gc,phases      ] GC(149)   Other: 0.1ms
[17.401s][info][gc,heap        ] GC(149) Eden regions: 58->0(49)
[17.401s][info][gc,heap        ] GC(149) Survivor regions: 10->9(9)
[17.401s][info][gc,heap        ] GC(149) Old regions: 329->343
[17.401s][info][gc,heap        ] GC(149) Archive regions: 0->0
[17.401s][info][gc,heap        ] GC(149) Humongous regions: 36->36
[17.401s][info][gc,metaspace   ] GC(149) Metaspace: 481K(640K)->481K(640K) NonClass: 446K(512K)->446K(512K) Class: 34K(128K)->34K(128K)
[17.401s][info][gc             ] GC(149) Pause Young (Normal) (G1 Evacuation Pause) 432M->387M(512M) 28.150ms
[17.401s][info][gc,cpu         ] GC(149) User=0.06s Sys=0.00s Real=0.03s
[17.456s][info][gc,start       ] GC(150) Pause Young (Normal) (G1 Evacuation Pause)
[17.456s][info][gc,task        ] GC(150) Using 4 workers of 4 for evacuation
[17.480s][info][gc,phases      ] GC(150)   Pre Evacuate Collection Set: 0.1ms
[17.480s][info][gc,phases      ] GC(150)   Merge Heap Roots: 0.0ms
[17.480s][info][gc,phases      ] GC(150)   Evacuate Collection Set: 23.7ms
[17.480s][info][gc,phases      ] GC(150)   Post Evacuate Collection Set: 0.2ms
[17.480s][info][gc,phases      ] GC(150)   Other: 0.1ms
[17.480s][info][gc,heap        ] GC(150) Eden regions: 49->0(42)
[17.480s][info][gc,heap        ] GC(150) Survivor regions: 9->8(8)
[17.480s][info][gc,heap        ] GC(150) Old regions: 343->354
[17.480s][info][gc,heap        ] GC(150) Archive regions: 0->0
[17.480s][info][gc,heap        ] GC(150) Humongous regions: 36->36
[17.480s][info][gc,metaspace   ] GC(150) Metaspace: 481K(640K)->481K(640K) NonClass: 446K(512K)->446K(512K) Class: 34K(128K)->34K(128K)
[17.480s][info][gc             ] GC(150) Pause Young (Normal) (G1 Evacuation Pause) 436M->397M(512M) 24.312ms
[17.480s][info][gc,cpu         ] GC(150) User=0.11s Sys=0.00s Real=0.02s
[17.531s][info][gc,start       ] GC(151) Pause Young (Normal) (G1 Evacuation Pause)
[17.531s][info][gc,task        ] GC(151) Using 4 workers of 4 for evacuation
[17.553s][info][gc,phases      ] GC(151)   Pre Evacuate Collection Set: 0.0ms
[17.553s][info][gc,phases      ] GC(151)   Merge Heap Roots: 0.0ms
[17.553s][info][gc,phases      ] GC(151)   Evacuate Collection Set: 21.3ms
[17.553s][info][gc,phases      ] GC(151)   Post Evacuate Collection Set: 0.2ms
[17.553s][info][gc,phases      ] GC(151)   Other: 0.1ms
[17.553s][info][gc,heap        ] GC(151) Eden regions: 42->0(35)
[17.553s][info][gc,heap        ] GC(151) Survivor regions: 8->7(7)
[17.553s][info][gc,heap        ] GC(151) Old regions: 354->365
[17.553s][info][gc,heap        ] GC(151) Archive regions: 0->0
[17.553s][info][gc,heap        ] GC(151) Humongous regions: 36->36
[17.553s][info][gc,metaspace   ] GC(151) Metaspace: 481K(640K)->481K(640K) NonClass: 446K(512K)->446K(512K) Class: 34K(128K)->34K(128K)
[17.553s][info][gc             ] GC(151) Pause Young (Normal) (G1 Evacuation Pause) 439M->407M(512M) 21.950ms
[17.553s][info][gc,cpu         ] GC(151) User=0.06s Sys=0.00s Real=0.02s
[17.633s][info][gc,start       ] GC(152) Pause Young (Normal) (G1 Evacuation Pause)
[17.633s][info][gc,task        ] GC(152) Using 4 workers of 4 for evacuation
[17.642s][info][gc,phases      ] GC(152)   Pre Evacuate Collection Set: 0.1ms
[17.642s][info][gc,phases      ] GC(152)   Merge Heap Roots: 0.1ms
[17.642s][info][gc,phases      ] GC(152)   Evacuate Collection Set: 8.7ms
[17.642s][info][gc,phases      ] GC(152)   Post Evacuate Collection Set: 0.2ms
[17.643s][info][gc,phases      ] GC(152)   Other: 0.1ms
[17.643s][info][gc,heap        ] GC(152) Eden regions: 35->0(36)
[17.643s][info][gc,heap        ] GC(152) Survivor regions: 7->6(6)
[17.643s][info][gc,heap        ] GC(152) Old regions: 365->365
[17.643s][info][gc,heap        ] GC(152) Archive regions: 0->0
[17.643s][info][gc,heap        ] GC(152) Humongous regions: 36->36
[17.643s][info][gc,metaspace   ] GC(152) Metaspace: 481K(640K)->481K(640K) NonClass: 446K(512K)->446K(512K) Class: 34K(128K)->34K(128K)
[17.643s][info][gc             ] GC(152) Pause Young (Normal) (G1 Evacuation Pause) 442M->406M(512M) 9.440ms
[17.643s][info][gc,cpu         ] GC(152) User=0.06s Sys=0.00s Real=0.01s
[17.690s][info][gc,start       ] GC(153) Pause Young (Normal) (G1 Evacuation Pause)
[17.690s][info][gc,task        ] GC(153) Using 4 workers of 4 for evacuation
[17.707s][info][gc,phases      ] GC(153)   Pre Evacuate Collection Set: 0.0ms
[17.707s][info][gc,phases      ] GC(153)   Merge Heap Roots: 0.0ms
[17.707s][info][gc,phases      ] GC(153)   Evacuate Collection Set: 17.2ms
[17.707s][info][gc,phases      ] GC(153)   Post Evacuate Collection Set: 0.2ms
[17.707s][info][gc,phases      ] GC(153)   Other: 0.1ms
[17.707s][info][gc,heap        ] GC(153) Eden regions: 36->0(32)
[17.707s][info][gc,heap        ] GC(153) Survivor regions: 6->6(6)
[17.707s][info][gc,heap        ] GC(153) Old regions: 365->371
[17.708s][info][gc,heap        ] GC(153) Archive regions: 0->0
[17.708s][info][gc,heap        ] GC(153) Humongous regions: 36->36
[17.708s][info][gc,metaspace   ] GC(153) Metaspace: 481K(640K)->481K(640K) NonClass: 446K(512K)->446K(512K) Class: 34K(128K)->34K(128K)
[17.708s][info][gc             ] GC(153) Pause Young (Normal) (G1 Evacuation Pause) 442M->412M(512M) 17.777ms
[17.708s][info][gc,cpu         ] GC(153) User=0.06s Sys=0.00s Real=0.02s
[17.751s][info][gc,start       ] GC(154) Pause Young (Normal) (G1 Evacuation Pause)
[17.751s][info][gc,task        ] GC(154) Using 4 workers of 4 for evacuation
[17.767s][info][gc,phases      ] GC(154)   Pre Evacuate Collection Set: 0.0ms
[17.767s][info][gc,phases      ] GC(154)   Merge Heap Roots: 0.0ms
[17.767s][info][gc,phases      ] GC(154)   Evacuate Collection Set: 16.1ms
[17.767s][info][gc,phases      ] GC(154)   Post Evacuate Collection Set: 0.2ms
[17.767s][info][gc,phases      ] GC(154)   Other: 0.1ms
[17.767s][info][gc,heap        ] GC(154) Eden regions: 32->0(27)
[17.767s][info][gc,heap        ] GC(154) Survivor regions: 6->5(5)
[17.767s][info][gc,heap        ] GC(154) Old regions: 371->379
[17.767s][info][gc,heap        ] GC(154) Archive regions: 0->0
[17.767s][info][gc,heap        ] GC(154) Humongous regions: 36->36
[17.767s][info][gc,metaspace   ] GC(154) Metaspace: 481K(640K)->481K(640K) NonClass: 446K(512K)->446K(512K) Class: 34K(128K)->34K(128K)
[17.767s][info][gc             ] GC(154) Pause Young (Normal) (G1 Evacuation Pause) 444M->419M(512M) 16.742ms
[17.767s][info][gc,cpu         ] GC(154) User=0.06s Sys=0.00s Real=0.02s
[17.803s][info][gc,start       ] GC(155) Pause Young (Normal) (G1 Evacuation Pause)
[17.803s][info][gc,task        ] GC(155) Using 4 workers of 4 for evacuation
[17.817s][info][gc,phases      ] GC(155)   Pre Evacuate Collection Set: 0.1ms
[17.817s][info][gc,phases      ] GC(155)   Merge Heap Roots: 0.0ms
[17.817s][info][gc,phases      ] GC(155)   Evacuate Collection Set: 13.9ms
[17.817s][info][gc,phases      ] GC(155)   Post Evacuate Collection Set: 0.2ms
[17.817s][info][gc,phases      ] GC(155)   Other: 0.1ms
[17.817s][info][gc,heap        ] GC(155) Eden regions: 27->0(23)
[17.817s][info][gc,heap        ] GC(155) Survivor regions: 5->4(4)
[17.817s][info][gc,heap        ] GC(155) Old regions: 379->386
[17.817s][info][gc,heap        ] GC(155) Archive regions: 0->0
[17.817s][info][gc,heap        ] GC(155) Humongous regions: 36->36
[17.817s][info][gc,metaspace   ] GC(155) Metaspace: 481K(640K)->481K(640K) NonClass: 446K(512K)->446K(512K) Class: 34K(128K)->34K(128K)
[17.817s][info][gc             ] GC(155) Pause Young (Normal) (G1 Evacuation Pause) 446M->425M(512M) 14.625ms
[17.817s][info][gc,cpu         ] GC(155) User=0.06s Sys=0.00s Real=0.02s
[17.844s][info][gc,start       ] GC(156) Pause Young (Normal) (G1 Evacuation Pause)
[17.844s][info][gc,task        ] GC(156) Using 4 workers of 4 for evacuation
[17.857s][info][gc,phases      ] GC(156)   Pre Evacuate Collection Set: 0.1ms
[17.857s][info][gc,phases      ] GC(156)   Merge Heap Roots: 0.0ms
[17.857s][info][gc,phases      ] GC(156)   Evacuate Collection Set: 12.0ms
[17.857s][info][gc,phases      ] GC(156)   Post Evacuate Collection Set: 0.2ms
[17.857s][info][gc,phases      ] GC(156)   Other: 0.1ms
[17.857s][info][gc,heap        ] GC(156) Eden regions: 23->0(21)
[17.857s][info][gc,heap        ] GC(156) Survivor regions: 4->4(4)
[17.857s][info][gc,heap        ] GC(156) Old regions: 386->391
[17.857s][info][gc,heap        ] GC(156) Archive regions: 0->0
[17.857s][info][gc,heap        ] GC(156) Humongous regions: 36->36
[17.857s][info][gc,metaspace   ] GC(156) Metaspace: 482K(640K)->482K(640K) NonClass: 447K(512K)->447K(512K) Class: 34K(128K)->34K(128K)
[17.857s][info][gc             ] GC(156) Pause Young (Normal) (G1 Evacuation Pause) 448M->430M(512M) 12.590ms
[17.857s][info][gc,cpu         ] GC(156) User=0.06s Sys=0.00s Real=0.01s
[17.882s][info][gc,start       ] GC(157) Pause Young (Normal) (G1 Evacuation Pause)
[17.882s][info][gc,task        ] GC(157) Using 4 workers of 4 for evacuation
[17.893s][info][gc,phases      ] GC(157)   Pre Evacuate Collection Set: 0.0ms
[17.893s][info][gc,phases      ] GC(157)   Merge Heap Roots: 0.0ms
[17.893s][info][gc,phases      ] GC(157)   Evacuate Collection Set: 10.9ms
[17.893s][info][gc,phases      ] GC(157)   Post Evacuate Collection Set: 0.2ms
[17.893s][info][gc,phases      ] GC(157)   Other: 0.1ms
[17.893s][info][gc,heap        ] GC(157) Eden regions: 21->0(21)
[17.893s][info][gc,heap        ] GC(157) Survivor regions: 4->4(4)
[17.893s][info][gc,heap        ] GC(157) Old regions: 391->396
[17.893s][info][gc,heap        ] GC(157) Archive regions: 0->0
[17.893s][info][gc,heap        ] GC(157) Humongous regions: 36->36
[17.893s][info][gc,metaspace   ] GC(157) Metaspace: 482K(640K)->482K(640K) NonClass: 447K(512K)->447K(512K) Class: 34K(128K)->34K(128K)
[17.893s][info][gc             ] GC(157) Pause Young (Normal) (G1 Evacuation Pause) 451M->435M(512M) 11.516ms
[17.893s][info][gc,cpu         ] GC(157) User=0.06s Sys=0.00s Real=0.01s
[17.923s][info][gc,start       ] GC(158) Pause Young (Normal) (G1 Evacuation Pause)
[17.923s][info][gc,task        ] GC(158) Using 4 workers of 4 for evacuation
[17.934s][info][gc,phases      ] GC(158)   Pre Evacuate Collection Set: 0.1ms
[17.934s][info][gc,phases      ] GC(158)   Merge Heap Roots: 0.0ms
[17.934s][info][gc,phases      ] GC(158)   Evacuate Collection Set: 10.6ms
[17.934s][info][gc,phases      ] GC(158)   Post Evacuate Collection Set: 0.2ms
[17.934s][info][gc,phases      ] GC(158)   Other: 0.1ms
[17.934s][info][gc,heap        ] GC(158) Eden regions: 21->0(21)
[17.934s][info][gc,heap        ] GC(158) Survivor regions: 4->4(4)
[17.934s][info][gc,heap        ] GC(158) Old regions: 396->401
[17.934s][info][gc,heap        ] GC(158) Archive regions: 0->0
[17.934s][info][gc,heap        ] GC(158) Humongous regions: 36->36
[17.934s][info][gc,metaspace   ] GC(158) Metaspace: 482K(640K)->482K(640K) NonClass: 447K(512K)->447K(512K) Class: 34K(128K)->34K(128K)
[17.934s][info][gc             ] GC(158) Pause Young (Normal) (G1 Evacuation Pause) 456M->440M(512M) 11.222ms
[17.934s][info][gc,cpu         ] GC(158) User=0.06s Sys=0.00s Real=0.01s
[17.950s][info][gc,marking     ] GC(147) Concurrent Mark From Roots 729.010ms
[17.950s][info][gc,marking     ] GC(147) Concurrent Preclean
[17.950s][info][gc,marking     ] GC(147) Concurrent Preclean 0.089ms
[17.950s][info][gc,start       ] GC(147) Pause Remark
[17.951s][info][gc             ] GC(147) Pause Remark 454M->298M(512M) 0.500ms
[17.951s][info][gc,cpu         ] GC(147) User=0.00s Sys=0.00s Real=0.00s
[17.951s][info][gc,marking     ] GC(147) Concurrent Mark 729.852ms
[17.951s][info][gc,marking     ] GC(147) Concurrent Rebuild Remembered Sets
[17.958s][info][gc,start       ] GC(159) Pause Young (Normal) (G1 Evacuation Pause)
[17.958s][info][gc,task        ] GC(159) Using 4 workers of 4 for evacuation
[17.970s][info][gc,phases      ] GC(159)   Pre Evacuate Collection Set: 0.1ms
[17.970s][info][gc,phases      ] GC(159)   Merge Heap Roots: 0.0ms
[17.970s][info][gc,phases      ] GC(159)   Evacuate Collection Set: 11.4ms
[17.970s][info][gc,phases      ] GC(159)   Post Evacuate Collection Set: 0.2ms
[17.970s][info][gc,phases      ] GC(159)   Other: 0.1ms
[17.970s][info][gc,heap        ] GC(159) Eden regions: 21->0(116)
[17.970s][info][gc,heap        ] GC(159) Survivor regions: 4->4(4)
[17.970s][info][gc,heap        ] GC(159) Old regions: 245->250
[17.970s][info][gc,heap        ] GC(159) Archive regions: 0->0
[17.970s][info][gc,heap        ] GC(159) Humongous regions: 36->36
[17.970s][info][gc,metaspace   ] GC(159) Metaspace: 482K(640K)->482K(640K) NonClass: 447K(512K)->447K(512K) Class: 34K(128K)->34K(128K)
[17.970s][info][gc             ] GC(159) Pause Young (Normal) (G1 Evacuation Pause) 305M->289M(512M) 12.019ms
[17.970s][info][gc,cpu         ] GC(159) User=0.05s Sys=0.00s Real=0.01s
[18.068s][info][gc,start       ] GC(160) Pause Young (Normal) (G1 Evacuation Pause)
[18.068s][info][gc,task        ] GC(160) Using 4 workers of 4 for evacuation
[18.103s][info][gc,phases      ] GC(160)   Pre Evacuate Collection Set: 0.0ms
[18.103s][info][gc,phases      ] GC(160)   Merge Heap Roots: 0.1ms
[18.103s][info][gc,phases      ] GC(160)   Evacuate Collection Set: 34.6ms
[18.103s][info][gc,phases      ] GC(160)   Post Evacuate Collection Set: 0.2ms
[18.103s][info][gc,phases      ] GC(160)   Other: 0.1ms
[18.103s][info][gc,heap        ] GC(160) Eden regions: 116->0(100)
[18.103s][info][gc,heap        ] GC(160) Survivor regions: 4->15(15)
[18.103s][info][gc,heap        ] GC(160) Old regions: 250->262
[18.103s][info][gc,heap        ] GC(160) Archive regions: 0->0
[18.103s][info][gc,heap        ] GC(160) Humongous regions: 36->36
[18.103s][info][gc,metaspace   ] GC(160) Metaspace: 482K(640K)->482K(640K) NonClass: 447K(512K)->447K(512K) Class: 34K(128K)->34K(128K)
[18.103s][info][gc             ] GC(160) Pause Young (Normal) (G1 Evacuation Pause) 405M->312M(512M) 35.482ms
[18.104s][info][gc,cpu         ] GC(160) User=0.13s Sys=0.00s Real=0.04s
[18.192s][info][gc,start       ] GC(161) Pause Young (Normal) (G1 Evacuation Pause)
[18.192s][info][gc,task        ] GC(161) Using 4 workers of 4 for evacuation
[18.237s][info][gc,phases      ] GC(161)   Pre Evacuate Collection Set: 0.1ms
[18.237s][info][gc,phases      ] GC(161)   Merge Heap Roots: 0.1ms
[18.237s][info][gc,phases      ] GC(161)   Evacuate Collection Set: 44.4ms
[18.237s][info][gc,phases      ] GC(161)   Post Evacuate Collection Set: 0.2ms
[18.237s][info][gc,phases      ] GC(161)   Other: 0.1ms
[18.237s][info][gc,heap        ] GC(161) Eden regions: 100->0(86)
[18.237s][info][gc,heap        ] GC(161) Survivor regions: 15->15(15)
[18.237s][info][gc,heap        ] GC(161) Old regions: 262->283
[18.237s][info][gc,heap        ] GC(161) Archive regions: 0->0
[18.237s][info][gc,heap        ] GC(161) Humongous regions: 36->36
[18.237s][info][gc,metaspace   ] GC(161) Metaspace: 482K(640K)->482K(640K) NonClass: 447K(512K)->447K(512K) Class: 34K(128K)->34K(128K)
[18.237s][info][gc             ] GC(161) Pause Young (Normal) (G1 Evacuation Pause) 412M->333M(512M) 45.207ms
[18.237s][info][gc,cpu         ] GC(161) User=0.17s Sys=0.00s Real=0.05s
[18.312s][info][gc,start       ] GC(162) Pause Young (Normal) (G1 Evacuation Pause)
[18.312s][info][gc,task        ] GC(162) Using 4 workers of 4 for evacuation
[18.352s][info][gc,phases      ] GC(162)   Pre Evacuate Collection Set: 0.1ms
[18.352s][info][gc,phases      ] GC(162)   Merge Heap Roots: 0.1ms
[18.352s][info][gc,phases      ] GC(162)   Evacuate Collection Set: 39.6ms
[18.352s][info][gc,phases      ] GC(162)   Post Evacuate Collection Set: 0.2ms
[18.352s][info][gc,phases      ] GC(162)   Other: 0.1ms
[18.352s][info][gc,heap        ] GC(162) Eden regions: 86->0(74)
[18.353s][info][gc,heap        ] GC(162) Survivor regions: 15->13(13)
[18.353s][info][gc,heap        ] GC(162) Old regions: 283->303
[18.353s][info][gc,heap        ] GC(162) Archive regions: 0->0
[18.353s][info][gc,heap        ] GC(162) Humongous regions: 36->36
[18.353s][info][gc,metaspace   ] GC(162) Metaspace: 482K(640K)->482K(640K) NonClass: 447K(512K)->447K(512K) Class: 34K(128K)->34K(128K)
[18.353s][info][gc             ] GC(162) Pause Young (Normal) (G1 Evacuation Pause) 419M->351M(512M) 40.414ms
[18.353s][info][gc,cpu         ] GC(162) User=0.13s Sys=0.00s Real=0.04s
[18.413s][info][gc,start       ] GC(163) Pause Young (Normal) (G1 Evacuation Pause)
[18.413s][info][gc,task        ] GC(163) Using 4 workers of 4 for evacuation
[18.448s][info][gc,phases      ] GC(163)   Pre Evacuate Collection Set: 0.1ms
[18.449s][info][gc,phases      ] GC(163)   Merge Heap Roots: 0.1ms
[18.449s][info][gc,phases      ] GC(163)   Evacuate Collection Set: 35.3ms
[18.449s][info][gc,phases      ] GC(163)   Post Evacuate Collection Set: 0.2ms
[18.449s][info][gc,phases      ] GC(163)   Other: 0.1ms
[18.449s][info][gc,heap        ] GC(163) Eden regions: 74->0(63)
[18.449s][info][gc,heap        ] GC(163) Survivor regions: 13->11(11)
[18.449s][info][gc,heap        ] GC(163) Old regions: 303->321
[18.449s][info][gc,heap        ] GC(163) Archive regions: 0->0
[18.449s][info][gc,heap        ] GC(163) Humongous regions: 36->36
[18.449s][info][gc,metaspace   ] GC(163) Metaspace: 482K(640K)->482K(640K) NonClass: 447K(512K)->447K(512K) Class: 34K(128K)->34K(128K)
[18.449s][info][gc             ] GC(163) Pause Young (Normal) (G1 Evacuation Pause) 425M->367M(512M) 36.072ms
[18.449s][info][gc,cpu         ] GC(163) User=0.13s Sys=0.03s Real=0.04s
[18.463s][info][gc,marking     ] GC(147) Concurrent Rebuild Remembered Sets 512.627ms
[18.463s][info][gc,start       ] GC(147) Pause Cleanup
[18.464s][info][gc             ] GC(147) Pause Cleanup 383M->383M(512M) 0.128ms
[18.464s][info][gc,cpu         ] GC(147) User=0.00s Sys=0.00s Real=0.00s
[18.464s][info][gc,marking     ] GC(147) Concurrent Cleanup for Next Mark
[18.464s][info][gc,marking     ] GC(147) Concurrent Cleanup for Next Mark 0.502ms
[18.464s][info][gc             ] GC(147) Concurrent Mark Cycle 1254.857ms
[18.501s][info][gc,start       ] GC(164) Pause Young (Prepare Mixed) (G1 Evacuation Pause)
[18.501s][info][gc,task        ] GC(164) Using 4 workers of 4 for evacuation
[18.531s][info][gc,phases      ] GC(164)   Pre Evacuate Collection Set: 0.1ms
[18.531s][info][gc,phases      ] GC(164)   Merge Heap Roots: 0.1ms
[18.531s][info][gc,phases      ] GC(164)   Evacuate Collection Set: 30.2ms
[18.531s][info][gc,phases      ] GC(164)   Post Evacuate Collection Set: 0.2ms
[18.531s][info][gc,phases      ] GC(164)   Other: 0.1ms
[18.531s][info][gc,heap        ] GC(164) Eden regions: 63->0(15)
[18.531s][info][gc,heap        ] GC(164) Survivor regions: 11->10(10)
[18.531s][info][gc,heap        ] GC(164) Old regions: 321->336
[18.531s][info][gc,heap        ] GC(164) Archive regions: 0->0
[18.531s][info][gc,heap        ] GC(164) Humongous regions: 36->36
[18.532s][info][gc,metaspace   ] GC(164) Metaspace: 482K(640K)->482K(640K) NonClass: 447K(512K)->447K(512K) Class: 34K(128K)->34K(128K)
[18.532s][info][gc             ] GC(164) Pause Young (Prepare Mixed) (G1 Evacuation Pause) 430M->381M(512M) 30.956ms
[18.532s][info][gc,cpu         ] GC(164) User=0.13s Sys=0.00s Real=0.03s
[18.543s][info][gc,start       ] GC(165) Pause Young (Mixed) (G1 Evacuation Pause)
[18.543s][info][gc,task        ] GC(165) Using 4 workers of 4 for evacuation
[18.561s][info][gc,phases      ] GC(165)   Pre Evacuate Collection Set: 0.0ms
[18.561s][info][gc,phases      ] GC(165)   Merge Heap Roots: 0.0ms
[18.561s][info][gc,phases      ] GC(165)   Evacuate Collection Set: 17.6ms
[18.561s][info][gc,phases      ] GC(165)   Post Evacuate Collection Set: 0.2ms
[18.561s][info][gc,phases      ] GC(165)   Other: 0.1ms
[18.561s][info][gc,heap        ] GC(165) Eden regions: 15->0(50)
[18.561s][info][gc,heap        ] GC(165) Survivor regions: 10->4(4)
[18.561s][info][gc,heap        ] GC(165) Old regions: 336->346
[18.561s][info][gc,heap        ] GC(165) Archive regions: 0->0
[18.561s][info][gc,heap        ] GC(165) Humongous regions: 36->36
[18.561s][info][gc,metaspace   ] GC(165) Metaspace: 482K(640K)->482K(640K) NonClass: 447K(512K)->447K(512K) Class: 34K(128K)->34K(128K)
[18.561s][info][gc             ] GC(165) Pause Young (Mixed) (G1 Evacuation Pause) 396M->385M(512M) 18.307ms
[18.561s][info][gc,cpu         ] GC(165) User=0.06s Sys=0.00s Real=0.02s
[18.600s][info][gc,start       ] GC(166) Pause Young (Concurrent Start) (G1 Evacuation Pause)
[18.600s][info][gc,task        ] GC(166) Using 4 workers of 4 for evacuation
[18.619s][info][gc,phases      ] GC(166)   Pre Evacuate Collection Set: 0.0ms
[18.619s][info][gc,phases      ] GC(166)   Merge Heap Roots: 0.1ms
[18.619s][info][gc,phases      ] GC(166)   Evacuate Collection Set: 18.2ms
[18.619s][info][gc,phases      ] GC(166)   Post Evacuate Collection Set: 0.2ms
[18.619s][info][gc,phases      ] GC(166)   Other: 0.1ms
[18.619s][info][gc,heap        ] GC(166) Eden regions: 50->0(44)
[18.619s][info][gc,heap        ] GC(166) Survivor regions: 4->7(7)
[18.619s][info][gc,heap        ] GC(166) Old regions: 346->352
[18.619s][info][gc,heap        ] GC(166) Archive regions: 0->0
[18.619s][info][gc,heap        ] GC(166) Humongous regions: 36->36
[18.619s][info][gc,metaspace   ] GC(166) Metaspace: 482K(640K)->482K(640K) NonClass: 447K(512K)->447K(512K) Class: 34K(128K)->34K(128K)
[18.619s][info][gc             ] GC(166) Pause Young (Concurrent Start) (G1 Evacuation Pause) 435M->394M(512M) 18.850ms
[18.619s][info][gc,cpu         ] GC(166) User=0.02s Sys=0.00s Real=0.02s
[18.619s][info][gc             ] GC(167) Concurrent Mark Cycle
[18.619s][info][gc,marking     ] GC(167) Concurrent Clear Claimed Marks
[18.619s][info][gc,marking     ] GC(167) Concurrent Clear Claimed Marks 0.018ms
[18.619s][info][gc,marking     ] GC(167) Concurrent Scan Root Regions
[18.627s][info][gc,marking     ] GC(167) Concurrent Scan Root Regions 7.953ms
[18.627s][info][gc,marking     ] GC(167) Concurrent Mark
[18.627s][info][gc,marking     ] GC(167) Concurrent Mark From Roots
[18.627s][info][gc,task        ] GC(167) Using 1 workers of 1 for marking
[18.667s][info][gc,start       ] GC(168) Pause Young (Normal) (G1 Evacuation Pause)
[18.667s][info][gc,task        ] GC(168) Using 4 workers of 4 for evacuation
[18.689s][info][gc,phases      ] GC(168)   Pre Evacuate Collection Set: 0.1ms
[18.689s][info][gc,phases      ] GC(168)   Merge Heap Roots: 0.1ms
[18.689s][info][gc,phases      ] GC(168)   Evacuate Collection Set: 21.2ms
[18.689s][info][gc,phases      ] GC(168)   Post Evacuate Collection Set: 0.2ms
[18.689s][info][gc,phases      ] GC(168)   Other: 0.1ms
[18.689s][info][gc,heap        ] GC(168) Eden regions: 44->0(37)
[18.689s][info][gc,heap        ] GC(168) Survivor regions: 7->7(7)
[18.689s][info][gc,heap        ] GC(168) Old regions: 352->362
[18.689s][info][gc,heap        ] GC(168) Archive regions: 0->0
[18.689s][info][gc,heap        ] GC(168) Humongous regions: 36->36
[18.689s][info][gc,metaspace   ] GC(168) Metaspace: 482K(640K)->482K(640K) NonClass: 447K(512K)->447K(512K) Class: 34K(128K)->34K(128K)
[18.689s][info][gc             ] GC(168) Pause Young (Normal) (G1 Evacuation Pause) 438M->404M(512M) 21.959ms
[18.689s][info][gc,cpu         ] GC(168) User=0.06s Sys=0.00s Real=0.02s
[18.729s][info][gc,start       ] GC(169) Pause Young (Normal) (G1 Evacuation Pause)
[18.729s][info][gc,task        ] GC(169) Using 4 workers of 4 for evacuation
[18.748s][info][gc,phases      ] GC(169)   Pre Evacuate Collection Set: 0.0ms
[18.748s][info][gc,phases      ] GC(169)   Merge Heap Roots: 0.0ms
[18.748s][info][gc,phases      ] GC(169)   Evacuate Collection Set: 18.7ms
[18.748s][info][gc,phases      ] GC(169)   Post Evacuate Collection Set: 0.2ms
[18.749s][info][gc,phases      ] GC(169)   Other: 0.1ms
[18.749s][info][gc,heap        ] GC(169) Eden regions: 37->0(32)
[18.749s][info][gc,heap        ] GC(169) Survivor regions: 7->6(6)
[18.749s][info][gc,heap        ] GC(169) Old regions: 362->371
[18.749s][info][gc,heap        ] GC(169) Archive regions: 0->0
[18.749s][info][gc,heap        ] GC(169) Humongous regions: 36->36
[18.749s][info][gc,metaspace   ] GC(169) Metaspace: 482K(640K)->482K(640K) NonClass: 447K(512K)->447K(512K) Class: 34K(128K)->34K(128K)
[18.749s][info][gc             ] GC(169) Pause Young (Normal) (G1 Evacuation Pause) 441M->412M(512M) 19.347ms
[18.749s][info][gc,cpu         ] GC(169) User=0.03s Sys=0.02s Real=0.02s
[18.786s][info][gc,start       ] GC(170) Pause Young (Normal) (G1 Evacuation Pause)
[18.786s][info][gc,task        ] GC(170) Using 4 workers of 4 for evacuation
[18.803s][info][gc,phases      ] GC(170)   Pre Evacuate Collection Set: 0.1ms
[18.803s][info][gc,phases      ] GC(170)   Merge Heap Roots: 0.1ms
[18.803s][info][gc,phases      ] GC(170)   Evacuate Collection Set: 16.3ms
[18.803s][info][gc,phases      ] GC(170)   Post Evacuate Collection Set: 0.2ms
[18.803s][info][gc,phases      ] GC(170)   Other: 0.2ms
[18.803s][info][gc,heap        ] GC(170) Eden regions: 32->0(27)
[18.803s][info][gc,heap        ] GC(170) Survivor regions: 6->5(5)
[18.803s][info][gc,heap        ] GC(170) Old regions: 371->379
[18.803s][info][gc,heap        ] GC(170) Archive regions: 0->0
[18.803s][info][gc,heap        ] GC(170) Humongous regions: 36->36
[18.803s][info][gc,metaspace   ] GC(170) Metaspace: 482K(640K)->482K(640K) NonClass: 447K(512K)->447K(512K) Class: 34K(128K)->34K(128K)
[18.803s][info][gc             ] GC(170) Pause Young (Normal) (G1 Evacuation Pause) 444M->419M(512M) 17.025ms
[18.803s][info][gc,cpu         ] GC(170) User=0.06s Sys=0.00s Real=0.02s
[18.832s][info][gc,start       ] GC(171) Pause Young (Normal) (G1 Evacuation Pause)
[18.832s][info][gc,task        ] GC(171) Using 4 workers of 4 for evacuation
[18.846s][info][gc,phases      ] GC(171)   Pre Evacuate Collection Set: 0.0ms
[18.846s][info][gc,phases      ] GC(171)   Merge Heap Roots: 0.0ms
[18.846s][info][gc,phases      ] GC(171)   Evacuate Collection Set: 13.4ms
[18.846s][info][gc,phases      ] GC(171)   Post Evacuate Collection Set: 0.2ms
[18.846s][info][gc,phases      ] GC(171)   Other: 0.1ms
[18.846s][info][gc,heap        ] GC(171) Eden regions: 27->0(23)
[18.846s][info][gc,heap        ] GC(171) Survivor regions: 5->4(4)
[18.846s][info][gc,heap        ] GC(171) Old regions: 379->386
[18.846s][info][gc,heap        ] GC(171) Archive regions: 0->0
[18.846s][info][gc,heap        ] GC(171) Humongous regions: 36->36
[18.846s][info][gc,metaspace   ] GC(171) Metaspace: 482K(640K)->482K(640K) NonClass: 447K(512K)->447K(512K) Class: 34K(128K)->34K(128K)
[18.846s][info][gc             ] GC(171) Pause Young (Normal) (G1 Evacuation Pause) 446M->425M(512M) 14.161ms
[18.846s][info][gc,cpu         ] GC(171) User=0.06s Sys=0.00s Real=0.01s
[18.873s][info][gc,start       ] GC(172) Pause Young (Normal) (G1 Evacuation Pause)
[18.873s][info][gc,task        ] GC(172) Using 4 workers of 4 for evacuation
[18.884s][info][gc,phases      ] GC(172)   Pre Evacuate Collection Set: 0.0ms
[18.884s][info][gc,phases      ] GC(172)   Merge Heap Roots: 0.0ms
[18.884s][info][gc,phases      ] GC(172)   Evacuate Collection Set: 11.3ms
[18.884s][info][gc,phases      ] GC(172)   Post Evacuate Collection Set: 0.3ms
[18.884s][info][gc,phases      ] GC(172)   Other: 0.1ms
[18.885s][info][gc,heap        ] GC(172) Eden regions: 23->0(21)
[18.885s][info][gc,heap        ] GC(172) Survivor regions: 4->4(4)
[18.885s][info][gc,heap        ] GC(172) Old regions: 386->391
[18.885s][info][gc,heap        ] GC(172) Archive regions: 0->0
[18.885s][info][gc,heap        ] GC(172) Humongous regions: 36->36
[18.885s][info][gc,metaspace   ] GC(172) Metaspace: 482K(640K)->482K(640K) NonClass: 447K(512K)->447K(512K) Class: 34K(128K)->34K(128K)
[18.885s][info][gc             ] GC(172) Pause Young (Normal) (G1 Evacuation Pause) 448M->430M(512M) 12.137ms
[18.885s][info][gc,cpu         ] GC(172) User=0.00s Sys=0.00s Real=0.01s
[18.908s][info][gc,start       ] GC(173) Pause Young (Normal) (G1 Evacuation Pause)
[18.908s][info][gc,task        ] GC(173) Using 4 workers of 4 for evacuation
[18.919s][info][gc,phases      ] GC(173)   Pre Evacuate Collection Set: 0.1ms
[18.919s][info][gc,phases      ] GC(173)   Merge Heap Roots: 0.0ms
[18.919s][info][gc,phases      ] GC(173)   Evacuate Collection Set: 11.0ms
[18.920s][info][gc,phases      ] GC(173)   Post Evacuate Collection Set: 0.2ms
[18.920s][info][gc,phases      ] GC(173)   Other: 0.1ms
[18.920s][info][gc,heap        ] GC(173) Eden regions: 21->0(21)
[18.920s][info][gc,heap        ] GC(173) Survivor regions: 4->4(4)
[18.920s][info][gc,heap        ] GC(173) Old regions: 391->396
[18.920s][info][gc,heap        ] GC(173) Archive regions: 0->0
[18.920s][info][gc,heap        ] GC(173) Humongous regions: 36->36
[18.920s][info][gc,metaspace   ] GC(173) Metaspace: 482K(640K)->482K(640K) NonClass: 447K(512K)->447K(512K) Class: 34K(128K)->34K(128K)
[18.920s][info][gc             ] GC(173) Pause Young (Normal) (G1 Evacuation Pause) 451M->435M(512M) 11.654ms
[18.920s][info][gc,cpu         ] GC(173) User=0.06s Sys=0.00s Real=0.01s
[18.943s][info][gc,start       ] GC(174) Pause Young (Normal) (G1 Evacuation Pause)
[18.943s][info][gc,task        ] GC(174) Using 4 workers of 4 for evacuation
[18.954s][info][gc,phases      ] GC(174)   Pre Evacuate Collection Set: 0.1ms
[18.954s][info][gc,phases      ] GC(174)   Merge Heap Roots: 0.0ms
[18.954s][info][gc,phases      ] GC(174)   Evacuate Collection Set: 11.1ms
[18.954s][info][gc,phases      ] GC(174)   Post Evacuate Collection Set: 0.2ms
[18.954s][info][gc,phases      ] GC(174)   Other: 0.1ms
[18.954s][info][gc,heap        ] GC(174) Eden regions: 21->0(21)
[18.954s][info][gc,heap        ] GC(174) Survivor regions: 4->4(4)
[18.954s][info][gc,heap        ] GC(174) Old regions: 396->400
[18.954s][info][gc,heap        ] GC(174) Archive regions: 0->0
[18.954s][info][gc,heap        ] GC(174) Humongous regions: 36->36
[18.954s][info][gc,metaspace   ] GC(174) Metaspace: 482K(640K)->482K(640K) NonClass: 447K(512K)->447K(512K) Class: 34K(128K)->34K(128K)
[18.954s][info][gc             ] GC(174) Pause Young (Normal) (G1 Evacuation Pause) 456M->439M(512M) 11.843ms
[18.954s][info][gc,cpu         ] GC(174) User=0.06s Sys=0.00s Real=0.01s
[18.978s][info][gc,start       ] GC(175) Pause Young (Normal) (G1 Evacuation Pause)
[18.978s][info][gc,task        ] GC(175) Using 4 workers of 4 for evacuation
[18.989s][info][gc,phases      ] GC(175)   Pre Evacuate Collection Set: 0.1ms
[18.989s][info][gc,phases      ] GC(175)   Merge Heap Roots: 0.0ms
[18.989s][info][gc,phases      ] GC(175)   Evacuate Collection Set: 10.7ms
[18.989s][info][gc,phases      ] GC(175)   Post Evacuate Collection Set: 0.2ms
[18.989s][info][gc,phases      ] GC(175)   Other: 0.1ms
[18.989s][info][gc,heap        ] GC(175) Eden regions: 21->0(21)
[18.989s][info][gc,heap        ] GC(175) Survivor regions: 4->4(4)
[18.989s][info][gc,heap        ] GC(175) Old regions: 400->405
[18.989s][info][gc,heap        ] GC(175) Archive regions: 0->0
[18.989s][info][gc,heap        ] GC(175) Humongous regions: 36->36
[18.989s][info][gc,metaspace   ] GC(175) Metaspace: 482K(640K)->482K(640K) NonClass: 447K(512K)->447K(512K) Class: 34K(128K)->34K(128K)
[18.989s][info][gc             ] GC(175) Pause Young (Normal) (G1 Evacuation Pause) 460M->444M(512M) 11.309ms
[18.989s][info][gc,cpu         ] GC(175) User=0.06s Sys=0.00s Real=0.01s
[19.015s][info][gc,start       ] GC(176) Pause Young (Normal) (G1 Evacuation Pause)
[19.015s][info][gc,task        ] GC(176) Using 4 workers of 4 for evacuation
[19.026s][info][gc,phases      ] GC(176)   Pre Evacuate Collection Set: 0.1ms
[19.026s][info][gc,phases      ] GC(176)   Merge Heap Roots: 0.1ms
[19.026s][info][gc,phases      ] GC(176)   Evacuate Collection Set: 10.9ms
[19.027s][info][gc,phases      ] GC(176)   Post Evacuate Collection Set: 0.2ms
[19.027s][info][gc,phases      ] GC(176)   Other: 0.2ms
[19.027s][info][gc,heap        ] GC(176) Eden regions: 21->0(21)
[19.027s][info][gc,heap        ] GC(176) Survivor regions: 4->4(4)
[19.027s][info][gc,heap        ] GC(176) Old regions: 405->410
[19.027s][info][gc,heap        ] GC(176) Archive regions: 0->0
[19.027s][info][gc,heap        ] GC(176) Humongous regions: 36->36
[19.027s][info][gc,metaspace   ] GC(176) Metaspace: 482K(640K)->482K(640K) NonClass: 447K(512K)->447K(512K) Class: 34K(128K)->34K(128K)
[19.027s][info][gc             ] GC(176) Pause Young (Normal) (G1 Evacuation Pause) 465M->449M(512M) 11.539ms
[19.027s][info][gc,cpu         ] GC(176) User=0.02s Sys=0.00s Real=0.01s
[19.050s][info][gc,start       ] GC(177) Pause Young (Normal) (G1 Evacuation Pause)
[19.050s][info][gc,task        ] GC(177) Using 4 workers of 4 for evacuation
[19.061s][info][gc,phases      ] GC(177)   Pre Evacuate Collection Set: 0.1ms
[19.061s][info][gc,phases      ] GC(177)   Merge Heap Roots: 0.0ms
[19.061s][info][gc,phases      ] GC(177)   Evacuate Collection Set: 11.4ms
[19.061s][info][gc,phases      ] GC(177)   Post Evacuate Collection Set: 0.2ms
[19.061s][info][gc,phases      ] GC(177)   Other: 0.1ms
[19.061s][info][gc,heap        ] GC(177) Eden regions: 21->0(21)
[19.062s][info][gc,heap        ] GC(177) Survivor regions: 4->4(4)
[19.062s][info][gc,heap        ] GC(177) Old regions: 410->414
[19.062s][info][gc,heap        ] GC(177) Archive regions: 0->0
[19.062s][info][gc,heap        ] GC(177) Humongous regions: 36->36
[19.062s][info][gc,metaspace   ] GC(177) Metaspace: 482K(640K)->482K(640K) NonClass: 447K(512K)->447K(512K) Class: 34K(128K)->34K(128K)
[19.062s][info][gc             ] GC(177) Pause Young (Normal) (G1 Evacuation Pause) 470M->453M(512M) 12.110ms
[19.062s][info][gc,cpu         ] GC(177) User=0.06s Sys=0.00s Real=0.01s
[19.083s][info][gc,start       ] GC(178) Pause Young (Normal) (G1 Evacuation Pause)
[19.083s][info][gc,task        ] GC(178) Using 4 workers of 4 for evacuation
[19.094s][info][gc,phases      ] GC(178)   Pre Evacuate Collection Set: 0.1ms
[19.094s][info][gc,phases      ] GC(178)   Merge Heap Roots: 0.0ms
[19.094s][info][gc,phases      ] GC(178)   Evacuate Collection Set: 10.4ms
[19.094s][info][gc,phases      ] GC(178)   Post Evacuate Collection Set: 0.2ms
[19.094s][info][gc,phases      ] GC(178)   Other: 0.2ms
[19.094s][info][gc,heap        ] GC(178) Eden regions: 21->0(21)
[19.094s][info][gc,heap        ] GC(178) Survivor regions: 4->4(4)
[19.094s][info][gc,heap        ] GC(178) Old regions: 414->419
[19.094s][info][gc,heap        ] GC(178) Archive regions: 0->0
[19.094s][info][gc,heap        ] GC(178) Humongous regions: 36->36
[19.094s][info][gc,metaspace   ] GC(178) Metaspace: 482K(640K)->482K(640K) NonClass: 447K(512K)->447K(512K) Class: 34K(128K)->34K(128K)
[19.094s][info][gc             ] GC(178) Pause Young (Normal) (G1 Evacuation Pause) 474M->458M(512M) 11.068ms
[19.094s][info][gc,cpu         ] GC(178) User=0.06s Sys=0.00s Real=0.01s
[19.160s][info][gc,start       ] GC(179) Pause Young (Normal) (G1 Evacuation Pause)
[19.160s][info][gc,task        ] GC(179) Using 4 workers of 4 for evacuation
[19.165s][info][gc,phases      ] GC(179)   Pre Evacuate Collection Set: 0.0ms
[19.165s][info][gc,phases      ] GC(179)   Merge Heap Roots: 0.1ms
[19.165s][info][gc,phases      ] GC(179)   Evacuate Collection Set: 4.3ms
[19.165s][info][gc,phases      ] GC(179)   Post Evacuate Collection Set: 0.2ms
[19.165s][info][gc,phases      ] GC(179)   Other: 0.1ms
[19.165s][info][gc,heap        ] GC(179) Eden regions: 21->0(22)
[19.165s][info][gc,heap        ] GC(179) Survivor regions: 4->3(4)
[19.165s][info][gc,heap        ] GC(179) Old regions: 419->419
[19.165s][info][gc,heap        ] GC(179) Archive regions: 0->0
[19.165s][info][gc,heap        ] GC(179) Humongous regions: 36->36
[19.165s][info][gc,metaspace   ] GC(179) Metaspace: 482K(640K)->482K(640K) NonClass: 447K(512K)->447K(512K) Class: 34K(128K)->34K(128K)
[19.165s][info][gc             ] GC(179) Pause Young (Normal) (G1 Evacuation Pause) 479M->457M(512M) 4.938ms
[19.165s][info][gc,cpu         ] GC(179) User=0.00s Sys=0.00s Real=0.00s
[19.196s][info][gc,start       ] GC(180) Pause Young (Normal) (G1 Evacuation Pause)
[19.196s][info][gc,task        ] GC(180) Using 4 workers of 4 for evacuation
[19.205s][info][gc,phases      ] GC(180)   Pre Evacuate Collection Set: 0.1ms
[19.205s][info][gc,phases      ] GC(180)   Merge Heap Roots: 0.0ms
[19.205s][info][gc,phases      ] GC(180)   Evacuate Collection Set: 8.9ms
[19.205s][info][gc,phases      ] GC(180)   Post Evacuate Collection Set: 0.2ms
[19.205s][info][gc,phases      ] GC(180)   Other: 0.2ms
[19.205s][info][gc,heap        ] GC(180) Eden regions: 22->0(21)
[19.205s][info][gc,heap        ] GC(180) Survivor regions: 3->4(4)
[19.205s][info][gc,heap        ] GC(180) Old regions: 419->422
[19.205s][info][gc,heap        ] GC(180) Archive regions: 0->0
[19.205s][info][gc,heap        ] GC(180) Humongous regions: 36->36
[19.205s][info][gc,metaspace   ] GC(180) Metaspace: 482K(640K)->482K(640K) NonClass: 447K(512K)->447K(512K) Class: 34K(128K)->34K(128K)
[19.205s][info][gc             ] GC(180) Pause Young (Normal) (G1 Evacuation Pause) 479M->461M(512M) 9.676ms
[19.205s][info][gc,cpu         ] GC(180) User=0.06s Sys=0.00s Real=0.01s
[19.231s][info][gc,start       ] GC(181) Pause Young (Normal) (G1 Evacuation Pause)
[19.232s][info][gc,task        ] GC(181) Using 4 workers of 4 for evacuation
[19.243s][info][gc,phases      ] GC(181)   Pre Evacuate Collection Set: 0.0ms
[19.243s][info][gc,phases      ] GC(181)   Merge Heap Roots: 0.0ms
[19.243s][info][gc,phases      ] GC(181)   Evacuate Collection Set: 11.4ms
[19.243s][info][gc,phases      ] GC(181)   Post Evacuate Collection Set: 0.2ms
[19.243s][info][gc,phases      ] GC(181)   Other: 0.1ms
[19.243s][info][gc,heap        ] GC(181) Eden regions: 21->0(21)
[19.243s][info][gc,heap        ] GC(181) Survivor regions: 4->4(4)
[19.243s][info][gc,heap        ] GC(181) Old regions: 422->426
[19.243s][info][gc,heap        ] GC(181) Archive regions: 0->0
[19.243s][info][gc,heap        ] GC(181) Humongous regions: 36->36
[19.243s][info][gc,metaspace   ] GC(181) Metaspace: 482K(640K)->482K(640K) NonClass: 447K(512K)->447K(512K) Class: 34K(128K)->34K(128K)
[19.243s][info][gc             ] GC(181) Pause Young (Normal) (G1 Evacuation Pause) 482M->465M(512M) 11.992ms
[19.243s][info][gc,cpu         ] GC(181) User=0.00s Sys=0.00s Real=0.01s
[19.272s][info][gc,start       ] GC(182) Pause Young (Normal) (G1 Evacuation Pause)
[19.272s][info][gc,task        ] GC(182) Using 4 workers of 4 for evacuation
[19.283s][info][gc,phases      ] GC(182)   Pre Evacuate Collection Set: 0.1ms
[19.283s][info][gc,phases      ] GC(182)   Merge Heap Roots: 0.0ms
[19.283s][info][gc,phases      ] GC(182)   Evacuate Collection Set: 10.5ms
[19.283s][info][gc,phases      ] GC(182)   Post Evacuate Collection Set: 0.2ms
[19.283s][info][gc,phases      ] GC(182)   Other: 0.1ms
[19.283s][info][gc,heap        ] GC(182) Eden regions: 21->0(21)
[19.283s][info][gc,heap        ] GC(182) Survivor regions: 4->4(4)
[19.283s][info][gc,heap        ] GC(182) Old regions: 426->431
[19.283s][info][gc,heap        ] GC(182) Archive regions: 0->0
[19.283s][info][gc,heap        ] GC(182) Humongous regions: 36->36
[19.283s][info][gc,metaspace   ] GC(182) Metaspace: 482K(640K)->482K(640K) NonClass: 447K(512K)->447K(512K) Class: 34K(128K)->34K(128K)
[19.283s][info][gc             ] GC(182) Pause Young (Normal) (G1 Evacuation Pause) 486M->470M(512M) 11.171ms
[19.283s][info][gc,cpu         ] GC(182) User=0.06s Sys=0.00s Real=0.01s
[19.301s][info][gc,marking     ] GC(167) Concurrent Mark From Roots 673.856ms
[19.301s][info][gc,marking     ] GC(167) Concurrent Preclean
[19.301s][info][gc,marking     ] GC(167) Concurrent Preclean 0.088ms
[19.301s][info][gc,start       ] GC(167) Pause Remark
[19.302s][info][gc             ] GC(167) Pause Remark 485M->285M(512M) 0.509ms
[19.302s][info][gc,cpu         ] GC(167) User=0.00s Sys=0.00s Real=0.00s
[19.302s][info][gc,marking     ] GC(167) Concurrent Mark 674.700ms
[19.302s][info][gc,marking     ] GC(167) Concurrent Rebuild Remembered Sets
[19.307s][info][gc,start       ] GC(183) Pause Young (Normal) (G1 Evacuation Pause)
[19.307s][info][gc,task        ] GC(183) Using 4 workers of 4 for evacuation
[19.318s][info][gc,phases      ] GC(183)   Pre Evacuate Collection Set: 0.1ms
[19.318s][info][gc,phases      ] GC(183)   Merge Heap Roots: 0.0ms
[19.318s][info][gc,phases      ] GC(183)   Evacuate Collection Set: 10.5ms
[19.318s][info][gc,phases      ] GC(183)   Post Evacuate Collection Set: 0.2ms
[19.318s][info][gc,phases      ] GC(183)   Other: 0.1ms
[19.318s][info][gc,heap        ] GC(183) Eden regions: 21->0(126)
[19.318s][info][gc,heap        ] GC(183) Survivor regions: 4->4(4)
[19.318s][info][gc,heap        ] GC(183) Old regions: 231->235
[19.318s][info][gc,heap        ] GC(183) Archive regions: 0->0
[19.318s][info][gc,heap        ] GC(183) Humongous regions: 36->36
[19.318s][info][gc,metaspace   ] GC(183) Metaspace: 482K(640K)->482K(640K) NonClass: 447K(512K)->447K(512K) Class: 34K(128K)->34K(128K)
[19.318s][info][gc             ] GC(183) Pause Young (Normal) (G1 Evacuation Pause) 291M->274M(512M) 11.128ms
[19.318s][info][gc,cpu         ] GC(183) User=0.06s Sys=0.00s Real=0.01s
[19.426s][info][gc,start       ] GC(184) Pause Young (Normal) (G1 Evacuation Pause)
[19.426s][info][gc,task        ] GC(184) Using 4 workers of 4 for evacuation
[19.463s][info][gc,phases      ] GC(184)   Pre Evacuate Collection Set: 0.0ms
[19.463s][info][gc,phases      ] GC(184)   Merge Heap Roots: 0.1ms
[19.464s][info][gc,phases      ] GC(184)   Evacuate Collection Set: 37.1ms
[19.464s][info][gc,phases      ] GC(184)   Post Evacuate Collection Set: 0.3ms
[19.464s][info][gc,phases      ] GC(184)   Other: 0.2ms
[19.464s][info][gc,heap        ] GC(184) Eden regions: 126->0(109)
[19.464s][info][gc,heap        ] GC(184) Survivor regions: 4->17(17)
[19.464s][info][gc,heap        ] GC(184) Old regions: 235->248
[19.464s][info][gc,heap        ] GC(184) Archive regions: 0->0
[19.464s][info][gc,heap        ] GC(184) Humongous regions: 36->36
[19.464s][info][gc,metaspace   ] GC(184) Metaspace: 482K(640K)->482K(640K) NonClass: 447K(512K)->447K(512K) Class: 34K(128K)->34K(128K)
[19.464s][info][gc             ] GC(184) Pause Young (Normal) (G1 Evacuation Pause) 400M->300M(512M) 37.831ms
[19.464s][info][gc,cpu         ] GC(184) User=0.13s Sys=0.00s Real=0.04s
[19.557s][info][gc,start       ] GC(185) Pause Young (Normal) (G1 Evacuation Pause)
[19.567s][info][gc,task        ] GC(185) Using 4 workers of 4 for evacuation
[19.616s][info][gc,phases      ] GC(185)   Pre Evacuate Collection Set: 0.1ms
[19.616s][info][gc,phases      ] GC(185)   Merge Heap Roots: 0.1ms
[19.616s][info][gc,phases      ] GC(185)   Evacuate Collection Set: 47.9ms
[19.616s][info][gc,phases      ] GC(185)   Post Evacuate Collection Set: 0.3ms
[19.616s][info][gc,phases      ] GC(185)   Other: 10.2ms
[19.616s][info][gc,heap        ] GC(185) Eden regions: 109->0(93)
[19.616s][info][gc,heap        ] GC(185) Survivor regions: 17->16(16)
[19.616s][info][gc,heap        ] GC(185) Old regions: 248->272
[19.616s][info][gc,heap        ] GC(185) Archive regions: 0->0
[19.616s][info][gc,heap        ] GC(185) Humongous regions: 36->36
[19.616s][info][gc,metaspace   ] GC(185) Metaspace: 482K(640K)->482K(640K) NonClass: 447K(512K)->447K(512K) Class: 34K(128K)->34K(128K)
[19.616s][info][gc             ] GC(185) Pause Young (Normal) (G1 Evacuation Pause) 409M->323M(512M) 58.871ms
[19.616s][info][gc,cpu         ] GC(185) User=0.17s Sys=0.00s Real=0.06s
[19.699s][info][gc,start       ] GC(186) Pause Young (Normal) (G1 Evacuation Pause)
[19.699s][info][gc,task        ] GC(186) Using 4 workers of 4 for evacuation
[19.742s][info][gc,phases      ] GC(186)   Pre Evacuate Collection Set: 0.1ms
[19.742s][info][gc,phases      ] GC(186)   Merge Heap Roots: 0.1ms
[19.742s][info][gc,phases      ] GC(186)   Evacuate Collection Set: 42.8ms
[19.742s][info][gc,phases      ] GC(186)   Post Evacuate Collection Set: 0.2ms
[19.742s][info][gc,phases      ] GC(186)   Other: 0.2ms
[19.742s][info][gc,heap        ] GC(186) Eden regions: 93->0(79)
[19.742s][info][gc,heap        ] GC(186) Survivor regions: 16->14(14)
[19.742s][info][gc,heap        ] GC(186) Old regions: 272->294
[19.742s][info][gc,heap        ] GC(186) Archive regions: 0->0
[19.742s][info][gc,heap        ] GC(186) Humongous regions: 36->36
[19.742s][info][gc,metaspace   ] GC(186) Metaspace: 482K(640K)->482K(640K) NonClass: 447K(512K)->447K(512K) Class: 34K(128K)->34K(128K)
[19.743s][info][gc             ] GC(186) Pause Young (Normal) (G1 Evacuation Pause) 416M->343M(512M) 43.761ms
[19.743s][info][gc,cpu         ] GC(186) User=0.11s Sys=0.00s Real=0.04s
[19.766s][info][gc,marking     ] GC(167) Concurrent Rebuild Remembered Sets 464.246ms
[19.766s][info][gc,start       ] GC(167) Pause Cleanup
[19.766s][info][gc             ] GC(167) Pause Cleanup 370M->370M(512M) 0.132ms
[19.766s][info][gc,cpu         ] GC(167) User=0.00s Sys=0.00s Real=0.00s
[19.766s][info][gc,marking     ] GC(167) Concurrent Cleanup for Next Mark
[19.767s][info][gc,marking     ] GC(167) Concurrent Cleanup for Next Mark 0.523ms
[19.767s][info][gc             ] GC(167) Concurrent Mark Cycle 1147.973ms
[19.809s][info][gc,start       ] GC(187) Pause Young (Prepare Mixed) (G1 Evacuation Pause)
[19.809s][info][gc,task        ] GC(187) Using 4 workers of 4 for evacuation
[19.846s][info][gc,phases      ] GC(187)   Pre Evacuate Collection Set: 0.1ms
[19.846s][info][gc,phases      ] GC(187)   Merge Heap Roots: 0.1ms
[19.846s][info][gc,phases      ] GC(187)   Evacuate Collection Set: 36.4ms
[19.846s][info][gc,phases      ] GC(187)   Post Evacuate Collection Set: 0.3ms
[19.846s][info][gc,phases      ] GC(187)   Other: 0.1ms
[19.846s][info][gc,heap        ] GC(187) Eden regions: 79->0(13)
[19.846s][info][gc,heap        ] GC(187) Survivor regions: 14->12(12)
[19.846s][info][gc,heap        ] GC(187) Old regions: 294->313
[19.846s][info][gc,heap        ] GC(187) Archive regions: 0->0
[19.846s][info][gc,heap        ] GC(187) Humongous regions: 36->36
[19.846s][info][gc,metaspace   ] GC(187) Metaspace: 482K(640K)->482K(640K) NonClass: 447K(512K)->447K(512K) Class: 34K(128K)->34K(128K)
[19.846s][info][gc             ] GC(187) Pause Young (Prepare Mixed) (G1 Evacuation Pause) 422M->360M(512M) 37.278ms
[19.846s][info][gc,cpu         ] GC(187) User=0.13s Sys=0.00s Real=0.04s
[19.856s][info][gc,start       ] GC(188) Pause Young (Mixed) (G1 Evacuation Pause)
[19.856s][info][gc,task        ] GC(188) Using 4 workers of 4 for evacuation
[19.874s][info][gc,phases      ] GC(188)   Pre Evacuate Collection Set: 0.1ms
[19.874s][info][gc,phases      ] GC(188)   Merge Heap Roots: 0.0ms
[19.874s][info][gc,phases      ] GC(188)   Evacuate Collection Set: 17.2ms
[19.874s][info][gc,phases      ] GC(188)   Post Evacuate Collection Set: 0.2ms
[19.874s][info][gc,phases      ] GC(188)   Other: 0.1ms
[19.874s][info][gc,heap        ] GC(188) Eden regions: 13->0(67)
[19.874s][info][gc,heap        ] GC(188) Survivor regions: 12->4(4)
[19.874s][info][gc,heap        ] GC(188) Old regions: 313->322
[19.874s][info][gc,heap        ] GC(188) Archive regions: 0->0
[19.874s][info][gc,heap        ] GC(188) Humongous regions: 36->36
[19.874s][info][gc,metaspace   ] GC(188) Metaspace: 482K(640K)->482K(640K) NonClass: 447K(512K)->447K(512K) Class: 34K(128K)->34K(128K)
[19.874s][info][gc             ] GC(188) Pause Young (Mixed) (G1 Evacuation Pause) 373M->361M(512M) 17.853ms
[19.874s][info][gc,cpu         ] GC(188) User=0.06s Sys=0.00s Real=0.02s
[19.925s][info][gc,start       ] GC(189) Pause Young (Concurrent Start) (G1 Evacuation Pause)
[19.925s][info][gc,task        ] GC(189) Using 4 workers of 4 for evacuation
[19.947s][info][gc,phases      ] GC(189)   Pre Evacuate Collection Set: 0.1ms
[19.947s][info][gc,phases      ] GC(189)   Merge Heap Roots: 0.0ms
[19.947s][info][gc,phases      ] GC(189)   Evacuate Collection Set: 20.6ms
[19.947s][info][gc,phases      ] GC(189)   Post Evacuate Collection Set: 0.2ms
[19.947s][info][gc,phases      ] GC(189)   Other: 0.1ms
[19.947s][info][gc,heap        ] GC(189) Eden regions: 67->0(58)
[19.947s][info][gc,heap        ] GC(189) Survivor regions: 4->9(9)
[19.947s][info][gc,heap        ] GC(189) Old regions: 322->330
[19.947s][info][gc,heap        ] GC(189) Archive regions: 0->0
[19.947s][info][gc,heap        ] GC(189) Humongous regions: 36->36
[19.947s][info][gc,metaspace   ] GC(189) Metaspace: 482K(640K)->482K(640K) NonClass: 447K(512K)->447K(512K) Class: 34K(128K)->34K(128K)
[19.947s][info][gc             ] GC(189) Pause Young (Concurrent Start) (G1 Evacuation Pause) 428M->374M(512M) 21.276ms
[19.947s][info][gc,cpu         ] GC(189) User=0.06s Sys=0.00s Real=0.02s
[19.947s][info][gc             ] GC(190) Concurrent Mark Cycle
[19.947s][info][gc,marking     ] GC(190) Concurrent Clear Claimed Marks
[19.947s][info][gc,marking     ] GC(190) Concurrent Clear Claimed Marks 0.019ms
[19.947s][info][gc,marking     ] GC(190) Concurrent Scan Root Regions
[19.956s][info][gc,marking     ] GC(190) Concurrent Scan Root Regions 9.571ms
[19.956s][info][gc,marking     ] GC(190) Concurrent Mark
[19.957s][info][gc,marking     ] GC(190) Concurrent Mark From Roots
[19.957s][info][gc,task        ] GC(190) Using 1 workers of 1 for marking
[20.008s][info][gc,start       ] GC(191) Pause Young (Normal) (G1 Evacuation Pause)
[20.009s][info][gc,task        ] GC(191) Using 4 workers of 4 for evacuation
[20.034s][info][gc,phases      ] GC(191)   Pre Evacuate Collection Set: 0.1ms
[20.035s][info][gc,phases      ] GC(191)   Merge Heap Roots: 0.1ms
[20.035s][info][gc,phases      ] GC(191)   Evacuate Collection Set: 25.5ms
[20.035s][info][gc,phases      ] GC(191)   Post Evacuate Collection Set: 0.2ms
[20.035s][info][gc,phases      ] GC(191)   Other: 0.1ms
[20.035s][info][gc,heap        ] GC(191) Eden regions: 58->0(50)
[20.035s][info][gc,heap        ] GC(191) Survivor regions: 9->9(9)
[20.035s][info][gc,heap        ] GC(191) Old regions: 330->342
[20.035s][info][gc,heap        ] GC(191) Archive regions: 0->0
[20.035s][info][gc,heap        ] GC(191) Humongous regions: 36->36
[20.035s][info][gc,metaspace   ] GC(191) Metaspace: 482K(640K)->482K(640K) NonClass: 447K(512K)->447K(512K) Class: 34K(128K)->34K(128K)
[20.035s][info][gc             ] GC(191) Pause Young (Normal) (G1 Evacuation Pause) 432M->386M(512M) 26.289ms
[20.035s][info][gc,cpu         ] GC(191) User=0.13s Sys=0.00s Real=0.03s
[20.085s][info][gc,start       ] GC(192) Pause Young (Normal) (G1 Evacuation Pause)
[20.085s][info][gc,task        ] GC(192) Using 4 workers of 4 for evacuation
[20.110s][info][gc,phases      ] GC(192)   Pre Evacuate Collection Set: 0.1ms
[20.110s][info][gc,phases      ] GC(192)   Merge Heap Roots: 0.1ms
[20.110s][info][gc,phases      ] GC(192)   Evacuate Collection Set: 24.2ms
[20.110s][info][gc,phases      ] GC(192)   Post Evacuate Collection Set: 0.2ms
[20.110s][info][gc,phases      ] GC(192)   Other: 0.1ms
[20.110s][info][gc,heap        ] GC(192) Eden regions: 50->0(42)
[20.110s][info][gc,heap        ] GC(192) Survivor regions: 9->8(8)
[20.110s][info][gc,heap        ] GC(192) Old regions: 342->354
[20.110s][info][gc,heap        ] GC(192) Archive regions: 0->0
[20.110s][info][gc,heap        ] GC(192) Humongous regions: 36->36
[20.110s][info][gc,metaspace   ] GC(192) Metaspace: 482K(640K)->482K(640K) NonClass: 447K(512K)->447K(512K) Class: 34K(128K)->34K(128K)
[20.110s][info][gc             ] GC(192) Pause Young (Normal) (G1 Evacuation Pause) 436M->397M(512M) 25.163ms
[20.110s][info][gc,cpu         ] GC(192) User=0.11s Sys=0.00s Real=0.02s
[20.160s][info][gc,start       ] GC(193) Pause Young (Normal) (G1 Evacuation Pause)
[20.160s][info][gc,task        ] GC(193) Using 4 workers of 4 for evacuation
[20.181s][info][gc,phases      ] GC(193)   Pre Evacuate Collection Set: 0.0ms
[20.181s][info][gc,phases      ] GC(193)   Merge Heap Roots: 0.1ms
[20.181s][info][gc,phases      ] GC(193)   Evacuate Collection Set: 20.7ms
[20.181s][info][gc,phases      ] GC(193)   Post Evacuate Collection Set: 0.2ms
[20.181s][info][gc,phases      ] GC(193)   Other: 0.1ms
[20.181s][info][gc,heap        ] GC(193) Eden regions: 42->0(36)
[20.181s][info][gc,heap        ] GC(193) Survivor regions: 8->7(7)
[20.181s][info][gc,heap        ] GC(193) Old regions: 354->364
[20.181s][info][gc,heap        ] GC(193) Archive regions: 0->0
[20.181s][info][gc,heap        ] GC(193) Humongous regions: 36->36
[20.182s][info][gc,metaspace   ] GC(193) Metaspace: 482K(640K)->482K(640K) NonClass: 447K(512K)->447K(512K) Class: 34K(128K)->34K(128K)
[20.182s][info][gc             ] GC(193) Pause Young (Normal) (G1 Evacuation Pause) 439M->406M(512M) 21.454ms
[20.182s][info][gc,cpu         ] GC(193) User=0.06s Sys=0.00s Real=0.02s
[20.222s][info][gc,start       ] GC(194) Pause Young (Normal) (G1 Evacuation Pause)
[20.222s][info][gc,task        ] GC(194) Using 4 workers of 4 for evacuation
[20.241s][info][gc,phases      ] GC(194)   Pre Evacuate Collection Set: 0.1ms
[20.241s][info][gc,phases      ] GC(194)   Merge Heap Roots: 0.1ms
[20.241s][info][gc,phases      ] GC(194)   Evacuate Collection Set: 18.7ms
[20.241s][info][gc,phases      ] GC(194)   Post Evacuate Collection Set: 0.2ms
[20.241s][info][gc,phases      ] GC(194)   Other: 0.2ms
[20.241s][info][gc,heap        ] GC(194) Eden regions: 36->0(30)
[20.241s][info][gc,heap        ] GC(194) Survivor regions: 7->6(6)
[20.242s][info][gc,heap        ] GC(194) Old regions: 364->373
[20.242s][info][gc,heap        ] GC(194) Archive regions: 0->0
[20.242s][info][gc,heap        ] GC(194) Humongous regions: 36->36
[20.242s][info][gc,metaspace   ] GC(194) Metaspace: 482K(640K)->482K(640K) NonClass: 447K(512K)->447K(512K) Class: 34K(128K)->34K(128K)
[20.242s][info][gc             ] GC(194) Pause Young (Normal) (G1 Evacuation Pause) 442M->414M(512M) 19.356ms
[20.242s][info][gc,cpu         ] GC(194) User=0.06s Sys=0.00s Real=0.02s
[20.277s][info][gc,start       ] GC(195) Pause Young (Normal) (G1 Evacuation Pause)
[20.277s][info][gc,task        ] GC(195) Using 4 workers of 4 for evacuation
[20.293s][info][gc,phases      ] GC(195)   Pre Evacuate Collection Set: 0.0ms
[20.293s][info][gc,phases      ] GC(195)   Merge Heap Roots: 0.0ms
[20.293s][info][gc,phases      ] GC(195)   Evacuate Collection Set: 15.3ms
[20.293s][info][gc,phases      ] GC(195)   Post Evacuate Collection Set: 0.2ms
[20.293s][info][gc,phases      ] GC(195)   Other: 0.1ms
[20.293s][info][gc,heap        ] GC(195) Eden regions: 30->0(26)
[20.293s][info][gc,heap        ] GC(195) Survivor regions: 6->5(5)
[20.293s][info][gc,heap        ] GC(195) Old regions: 373->381
[20.293s][info][gc,heap        ] GC(195) Archive regions: 0->0
[20.293s][info][gc,heap        ] GC(195) Humongous regions: 36->36
[20.293s][info][gc,metaspace   ] GC(195) Metaspace: 482K(640K)->482K(640K) NonClass: 447K(512K)->447K(512K) Class: 34K(128K)->34K(128K)
[20.293s][info][gc             ] GC(195) Pause Young (Normal) (G1 Evacuation Pause) 444M->421M(512M) 15.929ms
[20.293s][info][gc,cpu         ] GC(195) User=0.06s Sys=0.00s Real=0.02s
[20.322s][info][gc,start       ] GC(196) Pause Young (Normal) (G1 Evacuation Pause)
[20.322s][info][gc,task        ] GC(196) Using 4 workers of 4 for evacuation
[20.336s][info][gc,phases      ] GC(196)   Pre Evacuate Collection Set: 0.1ms
[20.336s][info][gc,phases      ] GC(196)   Merge Heap Roots: 0.0ms
[20.337s][info][gc,phases      ] GC(196)   Evacuate Collection Set: 14.1ms
[20.337s][info][gc,phases      ] GC(196)   Post Evacuate Collection Set: 0.2ms
[20.337s][info][gc,phases      ] GC(196)   Other: 0.1ms
[20.337s][info][gc,heap        ] GC(196) Eden regions: 26->0(21)
[20.337s][info][gc,heap        ] GC(196) Survivor regions: 5->4(4)
[20.337s][info][gc,heap        ] GC(196) Old regions: 381->388
[20.337s][info][gc,heap        ] GC(196) Archive regions: 0->0
[20.337s][info][gc,heap        ] GC(196) Humongous regions: 36->36
[20.337s][info][gc,metaspace   ] GC(196) Metaspace: 482K(640K)->482K(640K) NonClass: 447K(512K)->447K(512K) Class: 34K(128K)->34K(128K)
[20.337s][info][gc             ] GC(196) Pause Young (Normal) (G1 Evacuation Pause) 447M->427M(512M) 14.753ms
[20.337s][info][gc,cpu         ] GC(196) User=0.06s Sys=0.00s Real=0.01s
[20.361s][info][gc,start       ] GC(197) Pause Young (Normal) (G1 Evacuation Pause)
[20.361s][info][gc,task        ] GC(197) Using 4 workers of 4 for evacuation
[20.372s][info][gc,phases      ] GC(197)   Pre Evacuate Collection Set: 0.1ms
[20.373s][info][gc,phases      ] GC(197)   Merge Heap Roots: 0.0ms
[20.373s][info][gc,phases      ] GC(197)   Evacuate Collection Set: 10.9ms
[20.373s][info][gc,phases      ] GC(197)   Post Evacuate Collection Set: 0.3ms
[20.373s][info][gc,phases      ] GC(197)   Other: 0.1ms
[20.373s][info][gc,heap        ] GC(197) Eden regions: 21->0(21)
[20.373s][info][gc,heap        ] GC(197) Survivor regions: 4->4(4)
[20.373s][info][gc,heap        ] GC(197) Old regions: 388->393
[20.373s][info][gc,heap        ] GC(197) Archive regions: 0->0
[20.373s][info][gc,heap        ] GC(197) Humongous regions: 36->36
[20.373s][info][gc,metaspace   ] GC(197) Metaspace: 482K(640K)->482K(640K) NonClass: 447K(512K)->447K(512K) Class: 34K(128K)->34K(128K)
[20.373s][info][gc             ] GC(197) Pause Young (Normal) (G1 Evacuation Pause) 448M->432M(512M) 11.705ms
[20.373s][info][gc,cpu         ] GC(197) User=0.06s Sys=0.00s Real=0.01s
[20.393s][info][gc,start       ] GC(198) Pause Young (Normal) (G1 Evacuation Pause)
[20.394s][info][gc,task        ] GC(198) Using 4 workers of 4 for evacuation
[20.404s][info][gc,phases      ] GC(198)   Pre Evacuate Collection Set: 0.1ms
[20.404s][info][gc,phases      ] GC(198)   Merge Heap Roots: 0.0ms
[20.405s][info][gc,phases      ] GC(198)   Evacuate Collection Set: 10.6ms
[20.405s][info][gc,phases      ] GC(198)   Post Evacuate Collection Set: 0.2ms
[20.405s][info][gc,phases      ] GC(198)   Other: 0.1ms
[20.405s][info][gc,heap        ] GC(198) Eden regions: 21->0(21)
[20.405s][info][gc,heap        ] GC(198) Survivor regions: 4->4(4)
[20.405s][info][gc,heap        ] GC(198) Old regions: 393->398
[20.405s][info][gc,heap        ] GC(198) Archive regions: 0->0
[20.405s][info][gc,heap        ] GC(198) Humongous regions: 36->36
[20.405s][info][gc,metaspace   ] GC(198) Metaspace: 482K(640K)->482K(640K) NonClass: 447K(512K)->447K(512K) Class: 34K(128K)->34K(128K)
[20.405s][info][gc             ] GC(198) Pause Young (Normal) (G1 Evacuation Pause) 453M->437M(512M) 11.161ms
[20.405s][info][gc,cpu         ] GC(198) User=0.06s Sys=0.00s Real=0.01s
[20.428s][info][gc,start       ] GC(199) Pause Young (Normal) (G1 Evacuation Pause)
[20.428s][info][gc,task        ] GC(199) Using 4 workers of 4 for evacuation
[20.439s][info][gc,phases      ] GC(199)   Pre Evacuate Collection Set: 0.1ms
[20.439s][info][gc,phases      ] GC(199)   Merge Heap Roots: 0.0ms
[20.439s][info][gc,phases      ] GC(199)   Evacuate Collection Set: 10.9ms
[20.439s][info][gc,phases      ] GC(199)   Post Evacuate Collection Set: 0.2ms
[20.439s][info][gc,phases      ] GC(199)   Other: 0.2ms
[20.439s][info][gc,heap        ] GC(199) Eden regions: 21->0(21)
[20.439s][info][gc,heap        ] GC(199) Survivor regions: 4->4(4)
[20.439s][info][gc,heap        ] GC(199) Old regions: 398->403
[20.439s][info][gc,heap        ] GC(199) Archive regions: 0->0
[20.439s][info][gc,heap        ] GC(199) Humongous regions: 36->36
[20.439s][info][gc,metaspace   ] GC(199) Metaspace: 482K(640K)->482K(640K) NonClass: 447K(512K)->447K(512K) Class: 34K(128K)->34K(128K)
[20.439s][info][gc             ] GC(199) Pause Young (Normal) (G1 Evacuation Pause) 458M->442M(512M) 11.566ms
[20.439s][info][gc,cpu         ] GC(199) User=0.06s Sys=0.00s Real=0.01s
[20.462s][info][gc,start       ] GC(200) Pause Young (Normal) (G1 Evacuation Pause)
[20.462s][info][gc,task        ] GC(200) Using 4 workers of 4 for evacuation
[20.474s][info][gc,phases      ] GC(200)   Pre Evacuate Collection Set: 0.0ms
[20.474s][info][gc,phases      ] GC(200)   Merge Heap Roots: 0.0ms
[20.474s][info][gc,phases      ] GC(200)   Evacuate Collection Set: 11.4ms
[20.474s][info][gc,phases      ] GC(200)   Post Evacuate Collection Set: 0.2ms
[20.474s][info][gc,phases      ] GC(200)   Other: 0.1ms
[20.474s][info][gc,heap        ] GC(200) Eden regions: 21->0(21)
[20.474s][info][gc,heap        ] GC(200) Survivor regions: 4->4(4)
[20.474s][info][gc,heap        ] GC(200) Old regions: 403->407
[20.474s][info][gc,heap        ] GC(200) Archive regions: 0->0
[20.474s][info][gc,heap        ] GC(200) Humongous regions: 36->36
[20.474s][info][gc,metaspace   ] GC(200) Metaspace: 482K(640K)->482K(640K) NonClass: 447K(512K)->447K(512K) Class: 34K(128K)->34K(128K)
[20.474s][info][gc             ] GC(200) Pause Young (Normal) (G1 Evacuation Pause) 463M->446M(512M) 12.010ms
[20.474s][info][gc,cpu         ] GC(200) User=0.06s Sys=0.00s Real=0.01s
[20.496s][info][gc,start       ] GC(201) Pause Young (Normal) (G1 Evacuation Pause)
[20.496s][info][gc,task        ] GC(201) Using 4 workers of 4 for evacuation
[20.507s][info][gc,phases      ] GC(201)   Pre Evacuate Collection Set: 0.1ms
[20.508s][info][gc,phases      ] GC(201)   Merge Heap Roots: 0.0ms
[20.508s][info][gc,phases      ] GC(201)   Evacuate Collection Set: 10.6ms
[20.508s][info][gc,phases      ] GC(201)   Post Evacuate Collection Set: 0.2ms
[20.508s][info][gc,phases      ] GC(201)   Other: 0.1ms
[20.508s][info][gc,heap        ] GC(201) Eden regions: 21->0(21)
[20.508s][info][gc,heap        ] GC(201) Survivor regions: 4->4(4)
[20.508s][info][gc,heap        ] GC(201) Old regions: 407->412
[20.508s][info][gc,heap        ] GC(201) Archive regions: 0->0
[20.508s][info][gc,heap        ] GC(201) Humongous regions: 36->36
[20.508s][info][gc,metaspace   ] GC(201) Metaspace: 482K(640K)->482K(640K) NonClass: 447K(512K)->447K(512K) Class: 34K(128K)->34K(128K)
[20.508s][info][gc             ] GC(201) Pause Young (Normal) (G1 Evacuation Pause) 467M->451M(512M) 11.264ms
[20.508s][info][gc,cpu         ] GC(201) User=0.00s Sys=0.00s Real=0.01s
[20.524s][info][gc,marking     ] GC(190) Concurrent Mark From Roots 567.545ms
[20.524s][info][gc,marking     ] GC(190) Concurrent Preclean
[20.524s][info][gc,marking     ] GC(190) Concurrent Preclean 0.094ms
[20.524s][info][gc,start       ] GC(190) Pause Remark
[20.525s][info][gc             ] GC(190) Pause Remark 468M->259M(512M) 0.517ms
[20.525s][info][gc,cpu         ] GC(190) User=0.00s Sys=0.00s Real=0.00s
[20.525s][info][gc,marking     ] GC(190) Concurrent Mark 568.445ms
[20.525s][info][gc,marking     ] GC(190) Concurrent Rebuild Remembered Sets
[20.529s][info][gc,start       ] GC(202) Pause Young (Normal) (G1 Evacuation Pause)
[20.529s][info][gc,task        ] GC(202) Using 4 workers of 4 for evacuation
[20.540s][info][gc,phases      ] GC(202)   Pre Evacuate Collection Set: 0.1ms
[20.540s][info][gc,phases      ] GC(202)   Merge Heap Roots: 0.0ms
[20.540s][info][gc,phases      ] GC(202)   Evacuate Collection Set: 10.9ms
[20.540s][info][gc,phases      ] GC(202)   Post Evacuate Collection Set: 0.2ms
[20.540s][info][gc,phases      ] GC(202)   Other: 0.1ms
[20.540s][info][gc,heap        ] GC(202) Eden regions: 21->0(146)
[20.540s][info][gc,heap        ] GC(202) Survivor regions: 4->4(4)
[20.540s][info][gc,heap        ] GC(202) Old regions: 203->207
[20.540s][info][gc,heap        ] GC(202) Archive regions: 0->0
[20.540s][info][gc,heap        ] GC(202) Humongous regions: 36->36
[20.540s][info][gc,metaspace   ] GC(202) Metaspace: 482K(640K)->482K(640K) NonClass: 447K(512K)->447K(512K) Class: 34K(128K)->34K(128K)
[20.540s][info][gc             ] GC(202) Pause Young (Normal) (G1 Evacuation Pause) 263M->246M(512M) 11.565ms
[20.540s][info][gc,cpu         ] GC(202) User=0.00s Sys=0.00s Real=0.01s
[20.680s][info][gc,start       ] GC(203) Pause Young (Normal) (G1 Evacuation Pause)
[20.680s][info][gc,task        ] GC(203) Using 4 workers of 4 for evacuation
[20.705s][info][gc,phases      ] GC(203)   Pre Evacuate Collection Set: 0.1ms
[20.705s][info][gc,phases      ] GC(203)   Merge Heap Roots: 0.1ms
[20.705s][info][gc,phases      ] GC(203)   Evacuate Collection Set: 24.4ms
[20.705s][info][gc,phases      ] GC(203)   Post Evacuate Collection Set: 0.3ms
[20.705s][info][gc,phases      ] GC(203)   Other: 0.1ms
[20.705s][info][gc,heap        ] GC(203) Eden regions: 146->0(138)
[20.705s][info][gc,heap        ] GC(203) Survivor regions: 4->18(19)
[20.705s][info][gc,heap        ] GC(203) Old regions: 207->207
[20.705s][info][gc,heap        ] GC(203) Archive regions: 0->0
[20.705s][info][gc,heap        ] GC(203) Humongous regions: 36->36
[20.705s][info][gc,metaspace   ] GC(203) Metaspace: 482K(640K)->482K(640K) NonClass: 447K(512K)->447K(512K) Class: 34K(128K)->34K(128K)
[20.705s][info][gc             ] GC(203) Pause Young (Normal) (G1 Evacuation Pause) 392M->260M(512M) 25.297ms
[20.705s][info][gc,cpu         ] GC(203) User=0.13s Sys=0.00s Real=0.02s
[20.824s][info][gc,start       ] GC(204) Pause Young (Normal) (G1 Evacuation Pause)
[20.825s][info][gc,task        ] GC(204) Using 4 workers of 4 for evacuation
[20.883s][info][gc,phases      ] GC(204)   Pre Evacuate Collection Set: 0.1ms
[20.883s][info][gc,phases      ] GC(204)   Merge Heap Roots: 0.1ms
[20.883s][info][gc,phases      ] GC(204)   Evacuate Collection Set: 57.6ms
[20.883s][info][gc,phases      ] GC(204)   Post Evacuate Collection Set: 0.3ms
[20.883s][info][gc,phases      ] GC(204)   Other: 0.2ms
[20.883s][info][gc,heap        ] GC(204) Eden regions: 138->0(118)
[20.883s][info][gc,heap        ] GC(204) Survivor regions: 18->20(20)
[20.883s][info][gc,heap        ] GC(204) Old regions: 207->233
[20.883s][info][gc,heap        ] GC(204) Archive regions: 0->0
[20.883s][info][gc,heap        ] GC(204) Humongous regions: 36->36
[20.883s][info][gc,metaspace   ] GC(204) Metaspace: 482K(640K)->482K(640K) NonClass: 447K(512K)->447K(512K) Class: 34K(128K)->34K(128K)
[20.883s][info][gc             ] GC(204) Pause Young (Normal) (G1 Evacuation Pause) 398M->288M(512M) 58.595ms
[20.883s][info][gc,cpu         ] GC(204) User=0.16s Sys=0.00s Real=0.06s
[20.903s][info][gc,marking     ] GC(190) Concurrent Rebuild Remembered Sets 378.347ms
[20.903s][info][gc,start       ] GC(190) Pause Cleanup
[20.904s][info][gc             ] GC(190) Pause Cleanup 314M->314M(512M) 0.122ms
[20.904s][info][gc,cpu         ] GC(190) User=0.00s Sys=0.00s Real=0.00s
[20.904s][info][gc,marking     ] GC(190) Concurrent Cleanup for Next Mark
[20.904s][info][gc,marking     ] GC(190) Concurrent Cleanup for Next Mark 0.568ms
[20.904s][info][gc             ] GC(190) Concurrent Mark Cycle 957.507ms
[20.974s][info][gc,start       ] GC(205) Pause Young (Prepare Mixed) (G1 Evacuation Pause)
[20.975s][info][gc,task        ] GC(205) Using 4 workers of 4 for evacuation
[21.028s][info][gc,phases      ] GC(205)   Pre Evacuate Collection Set: 0.1ms
[21.028s][info][gc,phases      ] GC(205)   Merge Heap Roots: 0.1ms
[21.028s][info][gc,phases      ] GC(205)   Evacuate Collection Set: 53.2ms
[21.028s][info][gc,phases      ] GC(205)   Post Evacuate Collection Set: 0.3ms
[21.028s][info][gc,phases      ] GC(205)   Other: 0.2ms
[21.028s][info][gc,heap        ] GC(205) Eden regions: 118->0(7)
[21.028s][info][gc,heap        ] GC(205) Survivor regions: 20->18(18)
[21.028s][info][gc,heap        ] GC(205) Old regions: 233->260
[21.028s][info][gc,heap        ] GC(205) Archive regions: 0->0
[21.028s][info][gc,heap        ] GC(205) Humongous regions: 36->36
[21.029s][info][gc,metaspace   ] GC(205) Metaspace: 482K(640K)->482K(640K) NonClass: 447K(512K)->447K(512K) Class: 34K(128K)->34K(128K)
[21.029s][info][gc             ] GC(205) Pause Young (Prepare Mixed) (G1 Evacuation Pause) 406M->313M(512M) 54.104ms
[21.029s][info][gc,cpu         ] GC(205) User=0.23s Sys=0.00s Real=0.05s
[21.034s][info][gc,start       ] GC(206) Pause Young (Mixed) (G1 Evacuation Pause)
[21.034s][info][gc,task        ] GC(206) Using 4 workers of 4 for evacuation
[21.058s][info][gc,phases      ] GC(206)   Pre Evacuate Collection Set: 0.1ms
[21.058s][info][gc,phases      ] GC(206)   Merge Heap Roots: 0.1ms
[21.058s][info][gc,phases      ] GC(206)   Evacuate Collection Set: 23.8ms
[21.058s][info][gc,phases      ] GC(206)   Post Evacuate Collection Set: 0.3ms
[21.058s][info][gc,phases      ] GC(206)   Other: 0.1ms
[21.058s][info][gc,heap        ] GC(206) Eden regions: 7->0(100)
[21.059s][info][gc,heap        ] GC(206) Survivor regions: 18->2(4)
[21.059s][info][gc,heap        ] GC(206) Old regions: 260->277
[21.059s][info][gc,heap        ] GC(206) Archive regions: 0->0
[21.059s][info][gc,heap        ] GC(206) Humongous regions: 36->36
[21.059s][info][gc,metaspace   ] GC(206) Metaspace: 482K(640K)->482K(640K) NonClass: 447K(512K)->447K(512K) Class: 34K(128K)->34K(128K)
[21.059s][info][gc             ] GC(206) Pause Young (Mixed) (G1 Evacuation Pause) 320M->314M(512M) 24.531ms
[21.059s][info][gc,cpu         ] GC(206) User=0.06s Sys=0.00s Real=0.03s
[21.135s][info][gc,start       ] GC(207) Pause Young (Concurrent Start) (G1 Evacuation Pause)
[21.135s][info][gc,task        ] GC(207) Using 4 workers of 4 for evacuation
[21.163s][info][gc,phases      ] GC(207)   Pre Evacuate Collection Set: 0.1ms
[21.163s][info][gc,phases      ] GC(207)   Merge Heap Roots: 0.1ms
[21.163s][info][gc,phases      ] GC(207)   Evacuate Collection Set: 27.5ms
[21.163s][info][gc,phases      ] GC(207)   Post Evacuate Collection Set: 0.2ms
[21.163s][info][gc,phases      ] GC(207)   Other: 0.2ms
[21.163s][info][gc,heap        ] GC(207) Eden regions: 100->0(85)
[21.163s][info][gc,heap        ] GC(207) Survivor regions: 2->13(13)
[21.163s][info][gc,heap        ] GC(207) Old regions: 277->287
[21.163s][info][gc,heap        ] GC(207) Archive regions: 0->0
[21.164s][info][gc,heap        ] GC(207) Humongous regions: 36->36
[21.164s][info][gc,metaspace   ] GC(207) Metaspace: 482K(640K)->482K(640K) NonClass: 447K(512K)->447K(512K) Class: 34K(128K)->34K(128K)
[21.164s][info][gc             ] GC(207) Pause Young (Concurrent Start) (G1 Evacuation Pause) 414M->335M(512M) 28.334ms
[21.164s][info][gc,cpu         ] GC(207) User=0.13s Sys=0.00s Real=0.03s
[21.164s][info][gc             ] GC(208) Concurrent Mark Cycle
[21.164s][info][gc,marking     ] GC(208) Concurrent Clear Claimed Marks
[21.164s][info][gc,marking     ] GC(208) Concurrent Clear Claimed Marks 0.026ms
[21.164s][info][gc,marking     ] GC(208) Concurrent Scan Root Regions
[21.184s][info][gc,marking     ] GC(208) Concurrent Scan Root Regions 19.933ms
[21.184s][info][gc,marking     ] GC(208) Concurrent Mark
[21.184s][info][gc,marking     ] GC(208) Concurrent Mark From Roots
[21.184s][info][gc,task        ] GC(208) Using 1 workers of 1 for marking
[21.258s][info][gc,start       ] GC(209) Pause Young (Normal) (G1 Evacuation Pause)
[21.258s][info][gc,task        ] GC(209) Using 4 workers of 4 for evacuation
[21.297s][info][gc,phases      ] GC(209)   Pre Evacuate Collection Set: 0.0ms
[21.297s][info][gc,phases      ] GC(209)   Merge Heap Roots: 0.1ms
[21.297s][info][gc,phases      ] GC(209)   Evacuate Collection Set: 38.4ms
[21.297s][info][gc,phases      ] GC(209)   Post Evacuate Collection Set: 0.2ms
[21.297s][info][gc,phases      ] GC(209)   Other: 0.2ms
[21.297s][info][gc,heap        ] GC(209) Eden regions: 85->0(73)
[21.297s][info][gc,heap        ] GC(209) Survivor regions: 13->13(13)
[21.297s][info][gc,heap        ] GC(209) Old regions: 287->305
[21.297s][info][gc,heap        ] GC(209) Archive regions: 0->0
[21.297s][info][gc,heap        ] GC(209) Humongous regions: 36->36
[21.297s][info][gc,metaspace   ] GC(209) Metaspace: 482K(640K)->482K(640K) NonClass: 447K(512K)->447K(512K) Class: 34K(128K)->34K(128K)
[21.297s][info][gc             ] GC(209) Pause Young (Normal) (G1 Evacuation Pause) 420M->353M(512M) 39.224ms
[21.297s][info][gc,cpu         ] GC(209) User=0.19s Sys=0.00s Real=0.04s
[21.380s][info][gc,start       ] GC(210) Pause Young (Normal) (G1 Evacuation Pause)
[21.380s][info][gc,task        ] GC(210) Using 4 workers of 4 for evacuation
[21.415s][info][gc,phases      ] GC(210)   Pre Evacuate Collection Set: 0.1ms
[21.415s][info][gc,phases      ] GC(210)   Merge Heap Roots: 0.1ms
[21.415s][info][gc,phases      ] GC(210)   Evacuate Collection Set: 34.1ms
[21.415s][info][gc,phases      ] GC(210)   Post Evacuate Collection Set: 0.2ms
[21.415s][info][gc,phases      ] GC(210)   Other: 0.2ms
[21.415s][info][gc,heap        ] GC(210) Eden regions: 73->0(62)
[21.415s][info][gc,heap        ] GC(210) Survivor regions: 13->11(11)
[21.415s][info][gc,heap        ] GC(210) Old regions: 305->322
[21.415s][info][gc,heap        ] GC(210) Archive regions: 0->0
[21.415s][info][gc,heap        ] GC(210) Humongous regions: 36->36
[21.415s][info][gc,metaspace   ] GC(210) Metaspace: 482K(640K)->482K(640K) NonClass: 447K(512K)->447K(512K) Class: 34K(128K)->34K(128K)
[21.415s][info][gc             ] GC(210) Pause Young (Normal) (G1 Evacuation Pause) 426M->368M(512M) 34.841ms
[21.415s][info][gc,cpu         ] GC(210) User=0.13s Sys=0.00s Real=0.04s
[21.486s][info][gc,start       ] GC(211) Pause Young (Normal) (G1 Evacuation Pause)
[21.486s][info][gc,task        ] GC(211) Using 4 workers of 4 for evacuation
[21.516s][info][gc,phases      ] GC(211)   Pre Evacuate Collection Set: 0.0ms
[21.516s][info][gc,phases      ] GC(211)   Merge Heap Roots: 0.1ms
[21.516s][info][gc,phases      ] GC(211)   Evacuate Collection Set: 29.5ms
[21.516s][info][gc,phases      ] GC(211)   Post Evacuate Collection Set: 0.2ms
[21.516s][info][gc,phases      ] GC(211)   Other: 0.1ms
[21.517s][info][gc,heap        ] GC(211) Eden regions: 62->0(53)
[21.517s][info][gc,heap        ] GC(211) Survivor regions: 11->10(10)
[21.517s][info][gc,heap        ] GC(211) Old regions: 322->336
[21.517s][info][gc,heap        ] GC(211) Archive regions: 0->0
[21.517s][info][gc,heap        ] GC(211) Humongous regions: 36->36
[21.517s][info][gc,metaspace   ] GC(211) Metaspace: 482K(640K)->482K(640K) NonClass: 447K(512K)->447K(512K) Class: 34K(128K)->34K(128K)
[21.517s][info][gc             ] GC(211) Pause Young (Normal) (G1 Evacuation Pause) 430M->381M(512M) 30.226ms
[21.517s][info][gc,cpu         ] GC(211) User=0.09s Sys=0.00s Real=0.03s
[21.580s][info][gc,marking     ] GC(208) Concurrent Mark From Roots 395.860ms
[21.580s][info][gc,marking     ] GC(208) Concurrent Preclean
[21.580s][info][gc,marking     ] GC(208) Concurrent Preclean 0.072ms
[21.580s][info][gc,start       ] GC(208) Pause Remark
[21.580s][info][gc             ] GC(208) Pause Remark 433M->235M(512M) 0.463ms
[21.580s][info][gc,cpu         ] GC(208) User=0.00s Sys=0.00s Real=0.00s
[21.580s][info][gc,marking     ] GC(208) Concurrent Mark 396.678ms
[21.580s][info][gc,marking     ] GC(208) Concurrent Rebuild Remembered Sets
[21.582s][info][gc,start       ] GC(212) Pause Young (Normal) (G1 Evacuation Pause)
[21.582s][info][gc,task        ] GC(212) Using 4 workers of 4 for evacuation
[21.609s][info][gc,phases      ] GC(212)   Pre Evacuate Collection Set: 0.1ms
[21.609s][info][gc,phases      ] GC(212)   Merge Heap Roots: 0.1ms
[21.609s][info][gc,phases      ] GC(212)   Evacuate Collection Set: 26.8ms
[21.609s][info][gc,phases      ] GC(212)   Post Evacuate Collection Set: 0.2ms
[21.609s][info][gc,phases      ] GC(212)   Other: 0.1ms
[21.609s][info][gc,heap        ] GC(212) Eden regions: 53->0(181)
[21.609s][info][gc,heap        ] GC(212) Survivor regions: 10->8(8)
[21.609s][info][gc,heap        ] GC(212) Old regions: 138->152
[21.609s][info][gc,heap        ] GC(212) Archive regions: 0->0
[21.609s][info][gc,heap        ] GC(212) Humongous regions: 36->36
[21.609s][info][gc,metaspace   ] GC(212) Metaspace: 482K(640K)->482K(640K) NonClass: 447K(512K)->447K(512K) Class: 34K(128K)->34K(128K)
[21.609s][info][gc             ] GC(212) Pause Young (Normal) (G1 Evacuation Pause) 236M->195M(512M) 27.443ms
[21.609s][info][gc,cpu         ] GC(212) User=0.11s Sys=0.00s Real=0.03s
[21.761s][info][gc,start       ] GC(213) Pause Young (Normal) (G1 Evacuation Pause)
[21.761s][info][gc,task        ] GC(213) Using 4 workers of 4 for evacuation
[21.819s][info][gc,phases      ] GC(213)   Pre Evacuate Collection Set: 0.1ms
[21.819s][info][gc,phases      ] GC(213)   Merge Heap Roots: 0.1ms
[21.819s][info][gc,phases      ] GC(213)   Evacuate Collection Set: 56.9ms
[21.819s][info][gc,phases      ] GC(213)   Post Evacuate Collection Set: 0.2ms
[21.819s][info][gc,phases      ] GC(213)   Other: 0.1ms
[21.819s][info][gc,heap        ] GC(213) Eden regions: 181->0(156)
[21.819s][info][gc,heap        ] GC(213) Survivor regions: 8->24(24)
[21.819s][info][gc,heap        ] GC(213) Old regions: 152->173
[21.819s][info][gc,heap        ] GC(213) Archive regions: 0->0
[21.819s][info][gc,heap        ] GC(213) Humongous regions: 36->36
[21.819s][info][gc,metaspace   ] GC(213) Metaspace: 482K(640K)->482K(640K) NonClass: 447K(512K)->447K(512K) Class: 34K(128K)->34K(128K)
[21.819s][info][gc             ] GC(213) Pause Young (Normal) (G1 Evacuation Pause) 376M->232M(512M) 57.654ms
[21.819s][info][gc,cpu         ] GC(213) User=0.19s Sys=0.00s Real=0.06s
[21.859s][info][gc,marking     ] GC(208) Concurrent Rebuild Remembered Sets 278.975ms
[21.860s][info][gc,start       ] GC(208) Pause Cleanup
[21.860s][info][gc             ] GC(208) Pause Cleanup 280M->280M(512M) 0.144ms
[21.860s][info][gc,cpu         ] GC(208) User=0.00s Sys=0.00s Real=0.00s
[21.860s][info][gc,marking     ] GC(208) Concurrent Cleanup for Next Mark
[21.860s][info][gc,marking     ] GC(208) Concurrent Cleanup for Next Mark 0.527ms
[21.860s][info][gc             ] GC(208) Concurrent Mark Cycle 696.717ms
[21.946s][info][gc,start       ] GC(214) Pause Young (Prepare Mixed) (G1 Evacuation Pause)
[21.946s][info][gc,task        ] GC(214) Using 4 workers of 4 for evacuation
[21.962s][info][gc,phases      ] GC(214)   Pre Evacuate Collection Set: 0.1ms
[21.962s][info][gc,phases      ] GC(214)   Merge Heap Roots: 0.1ms
[21.962s][info][gc,phases      ] GC(214)   Evacuate Collection Set: 15.3ms
[21.962s][info][gc,phases      ] GC(214)   Post Evacuate Collection Set: 0.3ms
[21.962s][info][gc,phases      ] GC(214)   Other: 0.1ms
[21.962s][info][gc,heap        ] GC(214) Eden regions: 156->0(13)
[21.962s][info][gc,heap        ] GC(214) Survivor regions: 24->12(23)
[21.962s][info][gc,heap        ] GC(214) Old regions: 173->173
[21.962s][info][gc,heap        ] GC(214) Archive regions: 0->0
[21.962s][info][gc,heap        ] GC(214) Humongous regions: 36->36
[21.962s][info][gc,metaspace   ] GC(214) Metaspace: 482K(640K)->482K(640K) NonClass: 447K(512K)->447K(512K) Class: 34K(128K)->34K(128K)
[21.962s][info][gc             ] GC(214) Pause Young (Prepare Mixed) (G1 Evacuation Pause) 388M->220M(512M) 16.103ms
[21.962s][info][gc,cpu         ] GC(214) User=0.06s Sys=0.00s Real=0.02s
[21.973s][info][gc,start       ] GC(215) Pause Young (Mixed) (G1 Evacuation Pause)
[21.973s][info][gc,task        ] GC(215) Using 4 workers of 4 for evacuation
[21.990s][info][gc,phases      ] GC(215)   Pre Evacuate Collection Set: 0.0ms
[21.990s][info][gc,phases      ] GC(215)   Merge Heap Roots: 0.0ms
[21.990s][info][gc,phases      ] GC(215)   Evacuate Collection Set: 17.1ms
[21.990s][info][gc,phases      ] GC(215)   Post Evacuate Collection Set: 0.2ms
[21.990s][info][gc,phases      ] GC(215)   Other: 0.1ms
[21.990s][info][gc,heap        ] GC(215) Eden regions: 13->0(167)
[21.990s][info][gc,heap        ] GC(215) Survivor regions: 12->4(4)
[21.990s][info][gc,heap        ] GC(215) Old regions: 173->183
[21.990s][info][gc,heap        ] GC(215) Archive regions: 0->0
[21.990s][info][gc,heap        ] GC(215) Humongous regions: 36->36
[21.990s][info][gc,metaspace   ] GC(215) Metaspace: 482K(640K)->482K(640K) NonClass: 447K(512K)->447K(512K) Class: 34K(128K)->34K(128K)
[21.990s][info][gc             ] GC(215) Pause Young (Mixed) (G1 Evacuation Pause) 233M->222M(512M) 17.760ms
[21.990s][info][gc,cpu         ] GC(215) User=0.06s Sys=0.00s Real=0.02s
[22.063s][info][gc,heap,exit   ] Heap
[22.063s][info][gc,heap,exit   ]  garbage-first heap   total 524288K, used 316604K [0x00000000e0000000, 0x0000000100000000)
[22.063s][info][gc,heap,exit   ]   region size 1024K, 92 young (94208K), 4 survivors (4096K)
[22.063s][info][gc,heap,exit   ]  Metaspace       used 521K, committed 704K, reserved 1056768K
[22.063s][info][gc,heap,exit   ]   class space    used 38K, committed 128K, reserved 1048576K
