[0.013s][info][gc] Using G1
[0.021s][info][gc,init] Version: 17+35-LTS (release)
[0.021s][info][gc,init] CPUs: 4 total, 4 available
[0.021s][info][gc,init] Memory: 16282M
[0.021s][info][gc,init] Large Page Support: Disabled
[0.021s][info][gc,init] NUMA Support: Disabled
[0.021s][info][gc,init] Compressed Oops: Enabled (32-bit)
[0.021s][info][gc,init] Heap Region Size: 1M
[0.021s][info][gc,init] Heap Min Capacity: 768M
[0.021s][info][gc,init] Heap Initial Capacity: 768M
[0.021s][info][gc,init] Heap Max Capacity: 768M
[0.021s][info][gc,init] Pre-touch: Disabled
[0.021s][info][gc,init] Parallel Workers: 4
[0.021s][info][gc,init] Concurrent Workers: 1
[0.022s][info][gc,init] Concurrent Refinement Workers: 4
[0.022s][info][gc,init] Periodic GC: Disabled
[0.033s][info][gc,metaspace] CDS archive(s) mapped at: [0x0000000800000000-0x0000000800bc0000-0x0000000800bc0000), size 12320768, SharedBaseAddress: 0x0000000800000000, ArchiveRelocationMode: 0.
[0.033s][info][gc,metaspace] Compressed class space mapped at: 0x0000000800c00000-0x0000000840c00000, reserved size: 1073741824
[0.033s][info][gc,metaspace] Narrow klass base: 0x0000000800000000, Narrow klass shift: 0, Narrow klass range: 0x100000000
[0.213s][info][gc,start    ] GC(0) Pause Young (Normal) (G1 Evacuation Pause)
[0.214s][info][gc,task     ] GC(0) Using 4 workers of 4 for evacuation
[0.230s][info][gc,phases   ] GC(0)   Pre Evacuate Collection Set: 0.1ms
[0.230s][info][gc,phases   ] GC(0)   Merge Heap Roots: 0.1ms
[0.230s][info][gc,phases   ] GC(0)   Evacuate Collection Set: 15.9ms
[0.230s][info][gc,phases   ] GC(0)   Post Evacuate Collection Set: 0.3ms
[0.230s][info][gc,phases   ] GC(0)   Other: 0.4ms
[0.230s][info][gc,heap     ] GC(0) Eden regions: 38->0(33)
[0.230s][info][gc,heap     ] GC(0) Survivor regions: 0->5(5)
[0.230s][info][gc,heap     ] GC(0) Old regions: 0->4
[0.230s][info][gc,heap     ] GC(0) Archive regions: 0->0
[0.230s][info][gc,heap     ] GC(0) Humongous regions: 2->2
[0.230s][info][gc,metaspace] GC(0) Metaspace: 490K(640K)->490K(640K) NonClass: 452K(512K)->452K(512K) Class: 37K(128K)->37K(128K)
[0.230s][info][gc          ] GC(0) Pause Young (Normal) (G1 Evacuation Pause) 40M->10M(768M) 16.944ms
[0.230s][info][gc,cpu      ] GC(0) User=0.06s Sys=0.00s Real=0.02s
[0.246s][info][gc,start    ] GC(1) Pause Young (Normal) (G1 Evacuation Pause)
[0.246s][info][gc,task     ] GC(1) Using 4 workers of 4 for evacuation
[0.272s][info][gc,phases   ] GC(1)   Pre Evacuate Collection Set: 0.1ms
[0.272s][info][gc,phases   ] GC(1)   Merge Heap Roots: 0.1ms
[0.272s][info][gc,phases   ] GC(1)   Evacuate Collection Set: 25.7ms
[0.272s][info][gc,phases   ] GC(1)   Post Evacuate Collection Set: 0.2ms
[0.272s][info][gc,phases   ] GC(1)   Other: 0.1ms
[0.272s][info][gc,heap     ] GC(1) Eden regions: 33->0(33)
[0.272s][info][gc,heap     ] GC(1) Survivor regions: 5->5(5)
[0.272s][info][gc,heap     ] GC(1) Old regions: 4->10
[0.272s][info][gc,heap     ] GC(1) Archive regions: 0->0
[0.272s][info][gc,heap     ] GC(1) Humongous regions: 7->7
[0.272s][info][gc,metaspace] GC(1) Metaspace: 490K(640K)->490K(640K) NonClass: 452K(512K)->452K(512K) Class: 37K(128K)->37K(128K)
[0.272s][info][gc          ] GC(1) Pause Young (Normal) (G1 Evacuation Pause) 48M->22M(768M) 26.433ms
[0.272s][info][gc,cpu      ] GC(1) User=0.11s Sys=0.00s Real=0.03s
[0.313s][info][gc,start    ] GC(2) Pause Young (Normal) (G1 Evacuation Pause)
[0.313s][info][gc,task     ] GC(2) Using 4 workers of 4 for evacuation
[0.340s][info][gc,phases   ] GC(2)   Pre Evacuate Collection Set: 0.1ms
[0.340s][info][gc,phases   ] GC(2)   Merge Heap Roots: 0.1ms
[0.340s][info][gc,phases   ] GC(2)   Evacuate Collection Set: 26.9ms
[0.340s][info][gc,phases   ] GC(2)   Post Evacuate Collection Set: 0.2ms
[0.340s][info][gc,phases   ] GC(2)   Other: 0.2ms
[0.340s][info][gc,heap     ] GC(2) Eden regions: 33->0(35)
[0.341s][info][gc,heap     ] GC(2) Survivor regions: 5->5(5)
[0.341s][info][gc,heap     ] GC(2) Old regions: 10->17
[0.341s][info][gc,heap     ] GC(2) Archive regions: 0->0
[0.341s][info][gc,heap     ] GC(2) Humongous regions: 11->11
[0.341s][info][gc,metaspace] GC(2) Metaspace: 490K(640K)->490K(640K) NonClass: 452K(512K)->452K(512K) Class: 37K(128K)->37K(128K)
[0.341s][info][gc          ] GC(2) Pause Young (Normal) (G1 Evacuation Pause) 59M->33M(768M) 27.834ms
[0.341s][info][gc,cpu      ] GC(2) User=0.11s Sys=0.00s Real=0.03s
[0.373s][info][gc,start    ] GC(3) Pause Young (Normal) (G1 Evacuation Pause)
[0.373s][info][gc,task     ] GC(3) Using 4 workers of 4 for evacuation
[0.395s][info][gc,phases   ] GC(3)   Pre Evacuate Collection Set: 0.1ms
[0.396s][info][gc,phases   ] GC(3)   Merge Heap Roots: 0.1ms
[0.396s][info][gc,phases   ] GC(3)   Evacuate Collection Set: 22.4ms
[0.396s][info][gc,phases   ] GC(3)   Post Evacuate Collection Set: 0.2ms
[0.396s][info][gc,phases   ] GC(3)   Other: 0.2ms
[0.396s][info][gc,heap     ] GC(3) Eden regions: 35->0(52)
[0.396s][info][gc,heap     ] GC(3) Survivor regions: 5->5(5)
[0.396s][info][gc,heap     ] GC(3) Old regions: 17->25
[0.396s][info][gc,heap     ] GC(3) Archive regions: 0->0
[0.396s][info][gc,heap     ] GC(3) Humongous regions: 16->16
[0.396s][info][gc,metaspace] GC(3) Metaspace: 490K(640K)->490K(640K) NonClass: 452K(512K)->452K(512K) Class: 37K(128K)->37K(128K)
[0.396s][info][gc          ] GC(3) Pause Young (Normal) (G1 Evacuation Pause) 73M->45M(768M) 23.103ms
[0.396s][info][gc,cpu      ] GC(3) User=0.13s Sys=0.00s Real=0.02s
[0.455s][info][gc,start    ] GC(4) Pause Young (Normal) (G1 Evacuation Pause)
[0.455s][info][gc,task     ] GC(4) Using 4 workers of 4 for evacuation
[0.497s][info][gc,phases   ] GC(4)   Pre Evacuate Collection Set: 0.1ms
[0.497s][info][gc,phases   ] GC(4)   Merge Heap Roots: 0.1ms
[0.497s][info][gc,phases   ] GC(4)   Evacuate Collection Set: 41.1ms
[0.497s][info][gc,phases   ] GC(4)   Post Evacuate Collection Set: 0.2ms
[0.497s][info][gc,phases   ] GC(4)   Other: 0.2ms
[0.497s][info][gc,heap     ] GC(4) Eden regions: 52->0(64)
[0.497s][info][gc,heap     ] GC(4) Survivor regions: 5->8(8)
[0.497s][info][gc,heap     ] GC(4) Old regions: 25->33
[0.497s][info][gc,heap     ] GC(4) Archive regions: 0->0
[0.497s][info][gc,heap     ] GC(4) Humongous regions: 23->23
[0.497s][info][gc,metaspace] GC(4) Metaspace: 490K(640K)->490K(640K) NonClass: 452K(512K)->452K(512K) Class: 37K(128K)->37K(128K)
[0.497s][info][gc          ] GC(4) Pause Young (Normal) (G1 Evacuation Pause) 104M->64M(768M) 41.905ms
[0.497s][info][gc,cpu      ] GC(4) User=0.08s Sys=0.03s Real=0.04s
[0.552s][info][gc,start    ] GC(5) Pause Young (Normal) (G1 Evacuation Pause)
[0.552s][info][gc,task     ] GC(5) Using 4 workers of 4 for evacuation
[0.594s][info][gc,phases   ] GC(5)   Pre Evacuate Collection Set: 0.1ms
[0.594s][info][gc,phases   ] GC(5)   Merge Heap Roots: 0.1ms
[0.594s][info][gc,phases   ] GC(5)   Evacuate Collection Set: 41.9ms
[0.594s][info][gc,phases   ] GC(5)   Post Evacuate Collection Set: 0.3ms
[0.595s][info][gc,phases   ] GC(5)   Other: 0.2ms
[0.595s][info][gc,heap     ] GC(5) Eden regions: 64->0(72)
[0.595s][info][gc,heap     ] GC(5) Survivor regions: 8->9(9)
[0.595s][info][gc,heap     ] GC(5) Old regions: 33->46
[0.595s][info][gc,heap     ] GC(5) Archive regions: 0->0
[0.595s][info][gc,heap     ] GC(5) Humongous regions: 23->23
[0.595s][info][gc,metaspace] GC(5) Metaspace: 490K(640K)->490K(640K) NonClass: 452K(512K)->452K(512K) Class: 37K(128K)->37K(128K)
[0.595s][info][gc          ] GC(5) Pause Young (Normal) (G1 Evacuation Pause) 128M->77M(768M) 42.784ms
[0.595s][info][gc,cpu      ] GC(5) User=0.11s Sys=0.02s Real=0.04s
[0.666s][info][gc,start    ] GC(6) Pause Young (Normal) (G1 Evacuation Pause)
[0.667s][info][gc,task     ] GC(6) Using 4 workers of 4 for evacuation
[0.722s][info][gc,phases   ] GC(6)   Pre Evacuate Collection Set: 0.1ms
[0.722s][info][gc,phases   ] GC(6)   Merge Heap Roots: 0.1ms
[0.722s][info][gc,phases   ] GC(6)   Evacuate Collection Set: 55.2ms
[0.722s][info][gc,phases   ] GC(6)   Post Evacuate Collection Set: 0.2ms
[0.722s][info][gc,phases   ] GC(6)   Other: 0.2ms
[0.722s][info][gc,heap     ] GC(6) Eden regions: 72->0(85)
[0.723s][info][gc,heap     ] GC(6) Survivor regions: 9->11(11)
[0.723s][info][gc,heap     ] GC(6) Old regions: 46->59
[0.723s][info][gc,heap     ] GC(6) Archive regions: 0->0
[0.723s][info][gc,heap     ] GC(6) Humongous regions: 34->34
[0.723s][info][gc,metaspace] GC(6) Metaspace: 490K(640K)->490K(640K) NonClass: 452K(512K)->452K(512K) Class: 37K(128K)->37K(128K)
[0.723s][info][gc          ] GC(6) Pause Young (Normal) (G1 Evacuation Pause) 160M->103M(768M) 56.292ms
[0.723s][info][gc,cpu      ] GC(6) User=0.20s Sys=0.02s Real=0.06s
[0.793s][info][gc,start    ] GC(7) Pause Young (Normal) (G1 Evacuation Pause)
[0.793s][info][gc,task     ] GC(7) Using 4 workers of 4 for evacuation
[0.856s][info][gc,phases   ] GC(7)   Pre Evacuate Collection Set: 0.1ms
[0.856s][info][gc,phases   ] GC(7)   Merge Heap Roots: 0.1ms
[0.856s][info][gc,phases   ] GC(7)   Evacuate Collection Set: 62.3ms
[0.856s][info][gc,phases   ] GC(7)   Post Evacuate Collection Set: 0.2ms
[0.856s][info][gc,phases   ] GC(7)   Other: 0.2ms
[0.856s][info][gc,heap     ] GC(7) Eden regions: 85->0(99)
[0.856s][info][gc,heap     ] GC(7) Survivor regions: 11->12(12)
[0.856s][info][gc,heap     ] GC(7) Old regions: 59->76
[0.856s][info][gc,heap     ] GC(7) Archive regions: 0->0
[0.856s][info][gc,heap     ] GC(7) Humongous regions: 34->34
[0.856s][info][gc,metaspace] GC(7) Metaspace: 490K(640K)->490K(640K) NonClass: 452K(512K)->452K(512K) Class: 37K(128K)->37K(128K)
[0.856s][info][gc          ] GC(7) Pause Young (Normal) (G1 Evacuation Pause) 188M->121M(768M) 63.075ms
[0.856s][info][gc,cpu      ] GC(7) User=0.20s Sys=0.03s Real=0.06s
[0.961s][info][gc,start    ] GC(8) Pause Young (Normal) (G1 Evacuation Pause)
[0.961s][info][gc,task     ] GC(8) Using 4 workers of 4 for evacuation
[1.017s][info][gc,phases   ] GC(8)   Pre Evacuate Collection Set: 0.1ms
[1.017s][info][gc,phases   ] GC(8)   Merge Heap Roots: 0.1ms
[1.017s][info][gc,phases   ] GC(8)   Evacuate Collection Set: 55.6ms
[1.017s][info][gc,phases   ] GC(8)   Post Evacuate Collection Set: 0.3ms
[1.017s][info][gc,phases   ] GC(8)   Other: 0.2ms
[1.017s][info][gc,heap     ] GC(8) Eden regions: 99->0(117)
[1.017s][info][gc,heap     ] GC(8) Survivor regions: 12->14(14)
[1.017s][info][gc,heap     ] GC(8) Old regions: 76->95
[1.017s][info][gc,heap     ] GC(8) Archive regions: 0->0
[1.017s][info][gc,heap     ] GC(8) Humongous regions: 50->50
[1.017s][info][gc,metaspace] GC(8) Metaspace: 490K(640K)->490K(640K) NonClass: 452K(512K)->452K(512K) Class: 37K(128K)->37K(128K)
[1.017s][info][gc          ] GC(8) Pause Young (Normal) (G1 Evacuation Pause) 236M->158M(768M) 56.589ms
[1.017s][info][gc,cpu      ] GC(8) User=0.17s Sys=0.00s Real=0.06s
[1.111s][info][gc,start    ] GC(9) Pause Young (Normal) (G1 Evacuation Pause)
[1.111s][info][gc,task     ] GC(9) Using 4 workers of 4 for evacuation
[1.177s][info][gc,phases   ] GC(9)   Pre Evacuate Collection Set: 0.1ms
[1.177s][info][gc,phases   ] GC(9)   Merge Heap Roots: 0.1ms
[1.177s][info][gc,phases   ] GC(9)   Evacuate Collection Set: 65.4ms
[1.177s][info][gc,phases   ] GC(9)   Post Evacuate Collection Set: 0.2ms
[1.177s][info][gc,phases   ] GC(9)   Other: 0.2ms
[1.177s][info][gc,heap     ] GC(9) Eden regions: 117->0(137)
[1.177s][info][gc,heap     ] GC(9) Survivor regions: 14->17(17)
[1.177s][info][gc,heap     ] GC(9) Old regions: 95->116
[1.177s][info][gc,heap     ] GC(9) Archive regions: 0->0
[1.177s][info][gc,heap     ] GC(9) Humongous regions: 50->50
[1.177s][info][gc,metaspace] GC(9) Metaspace: 490K(640K)->490K(640K) NonClass: 452K(512K)->452K(512K) Class: 37K(128K)->37K(128K)
[1.177s][info][gc          ] GC(9) Pause Young (Normal) (G1 Evacuation Pause) 275M->183M(768M) 66.341ms
[1.177s][info][gc,cpu      ] GC(9) User=0.17s Sys=0.06s Real=0.07s
[1.308s][info][gc,start    ] GC(10) Pause Young (Normal) (G1 Evacuation Pause)
[1.308s][info][gc,task     ] GC(10) Using 4 workers of 4 for evacuation
[1.380s][info][gc,phases   ] GC(10)   Pre Evacuate Collection Set: 0.1ms
[1.380s][info][gc,phases   ] GC(10)   Merge Heap Roots: 0.1ms
[1.380s][info][gc,phases   ] GC(10)   Evacuate Collection Set: 71.4ms
[1.380s][info][gc,phases   ] GC(10)   Post Evacuate Collection Set: 0.3ms
[1.380s][info][gc,phases   ] GC(10)   Other: 0.2ms
[1.380s][info][gc,heap     ] GC(10) Eden regions: 137->0(152)
[1.380s][info][gc,heap     ] GC(10) Survivor regions: 17->20(20)
[1.380s][info][gc,heap     ] GC(10) Old regions: 116->142
[1.380s][info][gc,heap     ] GC(10) Archive regions: 0->0
[1.380s][info][gc,heap     ] GC(10) Humongous regions: 74->74
[1.380s][info][gc,metaspace] GC(10) Metaspace: 490K(640K)->490K(640K) NonClass: 452K(512K)->452K(512K) Class: 37K(128K)->37K(128K)
[1.380s][info][gc          ] GC(10) Pause Young (Normal) (G1 Evacuation Pause) 344M->236M(768M) 72.359ms
[1.381s][info][gc,cpu      ] GC(10) User=0.27s Sys=0.05s Real=0.07s
[1.497s][info][gc,start    ] GC(11) Pause Young (Normal) (G1 Evacuation Pause)
[1.497s][info][gc,task     ] GC(11) Using 4 workers of 4 for evacuation
[1.572s][info][gc,phases   ] GC(11)   Pre Evacuate Collection Set: 0.1ms
[1.572s][info][gc,phases   ] GC(11)   Merge Heap Roots: 0.1ms
[1.572s][info][gc,phases   ] GC(11)   Evacuate Collection Set: 74.9ms
[1.572s][info][gc,phases   ] GC(11)   Post Evacuate Collection Set: 0.3ms
[1.572s][info][gc,phases   ] GC(11)   Other: 0.2ms
[1.572s][info][gc,heap     ] GC(11) Eden regions: 152->0(174)
[1.572s][info][gc,heap     ] GC(11) Survivor regions: 20->22(22)
[1.573s][info][gc,heap     ] GC(11) Old regions: 142->172
[1.573s][info][gc,heap     ] GC(11) Archive regions: 0->0
[1.573s][info][gc,heap     ] GC(11) Humongous regions: 74->74
[1.573s][info][gc,metaspace] GC(11) Metaspace: 490K(640K)->490K(640K) NonClass: 452K(512K)->452K(512K) Class: 37K(128K)->37K(128K)
[1.573s][info][gc          ] GC(11) Pause Young (Normal) (G1 Evacuation Pause) 388M->267M(768M) 75.950ms
[1.573s][info][gc,cpu      ] GC(11) User=0.27s Sys=0.02s Real=0.08s
[1.764s][info][gc,start    ] GC(12) Pause Young (Normal) (G1 Evacuation Pause)
[1.764s][info][gc,task     ] GC(12) Using 4 workers of 4 for evacuation
[1.832s][info][gc,phases   ] GC(12)   Pre Evacuate Collection Set: 0.1ms
[1.832s][info][gc,phases   ] GC(12)   Merge Heap Roots: 0.1ms
[1.832s][info][gc,phases   ] GC(12)   Evacuate Collection Set: 67.2ms
[1.832s][info][gc,phases   ] GC(12)   Post Evacuate Collection Set: 0.3ms
[1.832s][info][gc,phases   ] GC(12)   Other: 0.2ms
[1.832s][info][gc,heap     ] GC(12) Eden regions: 174->0(204)
[1.832s][info][gc,heap     ] GC(12) Survivor regions: 22->22(25)
[1.832s][info][gc,heap     ] GC(12) Old regions: 172->195
[1.832s][info][gc,heap     ] GC(12) Archive regions: 0->0
[1.832s][info][gc,heap     ] GC(12) Humongous regions: 110->110
[1.832s][info][gc,metaspace] GC(12) Metaspace: 490K(640K)->490K(640K) NonClass: 452K(512K)->452K(512K) Class: 37K(128K)->37K(128K)
[1.832s][info][gc          ] GC(12) Pause Young (Normal) (G1 Evacuation Pause) 477M->326M(768M) 68.121ms
[1.832s][info][gc,cpu      ] GC(12) User=0.22s Sys=0.05s Real=0.07s
[1.993s][info][gc,start    ] GC(13) Pause Young (Normal) (G1 Evacuation Pause)
[1.993s][info][gc,task     ] GC(13) Using 4 workers of 4 for evacuation
[2.093s][info][gc,phases   ] GC(13)   Pre Evacuate Collection Set: 0.1ms
[2.093s][info][gc,phases   ] GC(13)   Merge Heap Roots: 0.1ms
[2.093s][info][gc,phases   ] GC(13)   Evacuate Collection Set: 99.6ms
[2.093s][info][gc,phases   ] GC(13)   Post Evacuate Collection Set: 0.3ms
[2.093s][info][gc,phases   ] GC(13)   Other: 0.2ms
[2.093s][info][gc,heap     ] GC(13) Eden regions: 204->0(207)
[2.093s][info][gc,heap     ] GC(13) Survivor regions: 22->29(29)
[2.093s][info][gc,heap     ] GC(13) Old regions: 195->229
[2.093s][info][gc,heap     ] GC(13) Archive regions: 0->0
[2.093s][info][gc,heap     ] GC(13) Humongous regions: 110->110
[2.093s][info][gc,metaspace] GC(13) Metaspace: 490K(640K)->490K(640K) NonClass: 452K(512K)->452K(512K) Class: 37K(128K)->37K(128K)
[2.093s][info][gc          ] GC(13) Pause Young (Normal) (G1 Evacuation Pause) 530M->367M(768M) 100.707ms
[2.093s][info][gc,cpu      ] GC(13) User=0.23s Sys=0.11s Real=0.10s
[2.296s][info][gc,start    ] GC(14) Pause Young (Normal) (G1 Evacuation Pause)
[2.296s][info][gc,task     ] GC(14) Using 4 workers of 4 for evacuation
[2.397s][info][gc,phases   ] GC(14)   Pre Evacuate Collection Set: 0.1ms
[2.397s][info][gc,phases   ] GC(14)   Merge Heap Roots: 0.1ms
[2.397s][info][gc,phases   ] GC(14)   Evacuate Collection Set: 99.8ms
[2.397s][info][gc,phases   ] GC(14)   Post Evacuate Collection Set: 0.3ms
[2.397s][info][gc,phases   ] GC(14)   Other: 0.2ms
[2.397s][info][gc,heap     ] GC(14) Eden regions: 207->0(186)
[2.397s][info][gc,heap     ] GC(14) Survivor regions: 29->30(30)
[2.397s][info][gc,heap     ] GC(14) Old regions: 229->271
[2.397s][info][gc,heap     ] GC(14) Archive regions: 0->0
[2.397s][info][gc,heap     ] GC(14) Humongous regions: 110->110
[2.397s][info][gc,metaspace] GC(14) Metaspace: 490K(640K)->490K(640K) NonClass: 452K(512K)->452K(512K) Class: 37K(128K)->37K(128K)
[2.397s][info][gc          ] GC(14) Pause Young (Normal) (G1 Evacuation Pause) 574M->410M(768M) 100.913ms
[2.397s][info][gc,cpu      ] GC(14) User=0.39s Sys=0.03s Real=0.10s
[2.567s][info][gc,start    ] GC(15) Pause Young (Concurrent Start) (G1 Evacuation Pause)
[2.567s][info][gc,task     ] GC(15) Using 4 workers of 4 for evacuation
[2.670s][info][gc,phases   ] GC(15)   Pre Evacuate Collection Set: 0.1ms
[2.671s][info][gc,phases   ] GC(15)   Merge Heap Roots: 0.1ms
[2.671s][info][gc,phases   ] GC(15)   Evacuate Collection Set: 103.1ms
[2.671s][info][gc,phases   ] GC(15)   Post Evacuate Collection Set: 0.3ms
[2.671s][info][gc,phases   ] GC(15)   Other: 0.3ms
[2.671s][info][gc,heap     ] GC(15) Eden regions: 186->0(166)
[2.671s][info][gc,heap     ] GC(15) Survivor regions: 30->27(27)
[2.671s][info][gc,heap     ] GC(15) Old regions: 271->311
[2.671s][info][gc,heap     ] GC(15) Archive regions: 0->0
[2.671s][info][gc,heap     ] GC(15) Humongous regions: 110->110
[2.671s][info][gc,metaspace] GC(15) Metaspace: 490K(640K)->490K(640K) NonClass: 452K(512K)->452K(512K) Class: 37K(128K)->37K(128K)
[2.671s][info][gc          ] GC(15) Pause Young (Concurrent Start) (G1 Evacuation Pause) 596M->448M(768M) 104.236ms
[2.671s][info][gc,cpu      ] GC(15) User=0.34s Sys=0.00s Real=0.10s
[2.671s][info][gc          ] GC(16) Concurrent Mark Cycle
[2.671s][info][gc,marking  ] GC(16) Concurrent Clear Claimed Marks
[2.671s][info][gc,marking  ] GC(16) Concurrent Clear Claimed Marks 0.038ms
[2.671s][info][gc,marking  ] GC(16) Concurrent Scan Root Regions
[2.732s][info][gc,marking  ] GC(16) Concurrent Scan Root Regions 61.210ms
[2.733s][info][gc,marking  ] GC(16) Concurrent Mark
[2.733s][info][gc,marking  ] GC(16) Concurrent Mark From Roots
[2.733s][info][gc,task     ] GC(16) Using 1 workers of 1 for marking
[2.943s][info][gc,start    ] GC(17) Pause Young (Normal) (G1 Evacuation Pause)
[2.943s][info][gc,task     ] GC(17) Using 4 workers of 4 for evacuation
[3.065s][info][gc,phases   ] GC(17)   Pre Evacuate Collection Set: 0.1ms
[3.065s][info][gc,phases   ] GC(17)   Merge Heap Roots: 0.1ms
[3.065s][info][gc,phases   ] GC(17)   Evacuate Collection Set: 121.0ms
[3.065s][info][gc,phases   ] GC(17)   Post Evacuate Collection Set: 0.3ms
[3.065s][info][gc,phases   ] GC(17)   Other: 0.2ms
[3.065s][info][gc,heap     ] GC(17) Eden regions: 166->0(143)
[3.065s][info][gc,heap     ] GC(17) Survivor regions: 27->25(25)
[3.065s][info][gc,heap     ] GC(17) Old regions: 311->348
[3.065s][info][gc,heap     ] GC(17) Archive regions: 0->0
[3.065s][info][gc,heap     ] GC(17) Humongous regions: 110->110
[3.065s][info][gc,metaspace] GC(17) Metaspace: 490K(640K)->490K(640K) NonClass: 452K(512K)->452K(512K) Class: 37K(128K)->37K(128K)
[3.065s][info][gc          ] GC(17) Pause Young (Normal) (G1 Evacuation Pause) 614M->482M(768M) 122.063ms
[3.065s][info][gc,cpu      ] GC(17) User=0.31s Sys=0.02s Real=0.12s
[3.224s][info][gc,marking  ] GC(16) Concurrent Mark From Roots 491.641ms
[3.224s][info][gc,marking  ] GC(16) Concurrent Preclean
[3.224s][info][gc,marking  ] GC(16) Concurrent Preclean 0.077ms
[3.224s][info][gc,start    ] GC(16) Pause Remark
[3.225s][info][gc          ] GC(16) Pause Remark 576M->312M(768M) 0.599ms
[3.225s][info][gc,cpu      ] GC(16) User=0.00s Sys=0.00s Real=0.00s
[3.225s][info][gc,marking  ] GC(16) Concurrent Mark 492.578ms
[3.225s][info][gc,marking  ] GC(16) Concurrent Rebuild Remembered Sets
[3.279s][info][gc,start    ] GC(18) Pause Young (Normal) (G1 Evacuation Pause)
[3.279s][info][gc,task     ] GC(18) Using 4 workers of 4 for evacuation
[3.358s][info][gc,phases   ] GC(18)   Pre Evacuate Collection Set: 0.1ms
[3.358s][info][gc,phases   ] GC(18)   Merge Heap Roots: 0.2ms
[3.358s][info][gc,phases   ] GC(18)   Evacuate Collection Set: 77.6ms
[3.358s][info][gc,phases   ] GC(18)   Post Evacuate Collection Set: 0.3ms
[3.358s][info][gc,phases   ] GC(18)   Other: 0.2ms
[3.358s][info][gc,heap     ] GC(18) Eden regions: 143->0(265)
[3.358s][info][gc,heap     ] GC(18) Survivor regions: 25->21(21)
[3.358s][info][gc,heap     ] GC(18) Old regions: 158->191
[3.358s][info][gc,heap     ] GC(18) Archive regions: 0->0
[3.358s][info][gc,heap     ] GC(18) Humongous regions: 36->36
[3.358s][info][gc,metaspace] GC(18) Metaspace: 490K(640K)->490K(640K) NonClass: 453K(512K)->453K(512K) Class: 37K(128K)->37K(128K)
[3.358s][info][gc          ] GC(18) Pause Young (Normal) (G1 Evacuation Pause) 361M->248M(768M) 78.765ms
[3.358s][info][gc,cpu      ] GC(18) User=0.27s Sys=0.00s Real=0.08s
[3.572s][info][gc,marking  ] GC(16) Concurrent Rebuild Remembered Sets 346.476ms
[3.572s][info][gc,start    ] GC(16) Pause Cleanup
[3.572s][info][gc          ] GC(16) Pause Cleanup 466M->466M(768M) 0.132ms
[3.572s][info][gc,cpu      ] GC(16) User=0.00s Sys=0.00s Real=0.00s
[3.572s][info][gc,marking  ] GC(16) Concurrent Cleanup for Next Mark
[3.579s][info][gc,marking  ] GC(16) Concurrent Cleanup for Next Mark 7.299ms
[3.579s][info][gc          ] GC(16) Concurrent Mark Cycle 908.253ms
[3.622s][info][gc,start    ] GC(19) Pause Young (Prepare Mixed) (G1 Evacuation Pause)
[3.622s][info][gc,task     ] GC(19) Using 4 workers of 4 for evacuation
[3.703s][info][gc,phases   ] GC(19)   Pre Evacuate Collection Set: 0.1ms
[3.703s][info][gc,phases   ] GC(19)   Merge Heap Roots: 0.1ms
[3.703s][info][gc,phases   ] GC(19)   Evacuate Collection Set: 80.2ms
[3.703s][info][gc,phases   ] GC(19)   Post Evacuate Collection Set: 0.3ms
[3.703s][info][gc,phases   ] GC(19)   Other: 0.2ms
[3.703s][info][gc,heap     ] GC(19) Eden regions: 265->0(2)
[3.703s][info][gc,heap     ] GC(19) Survivor regions: 21->36(36)
[3.703s][info][gc,heap     ] GC(19) Old regions: 191->205
[3.703s][info][gc,heap     ] GC(19) Archive regions: 0->0
[3.703s][info][gc,heap     ] GC(19) Humongous regions: 36->36
[3.703s][info][gc,metaspace] GC(19) Metaspace: 490K(640K)->490K(640K) NonClass: 453K(512K)->453K(512K) Class: 37K(128K)->37K(128K)
[3.703s][info][gc          ] GC(19) Pause Young (Prepare Mixed) (G1 Evacuation Pause) 513M->276M(768M) 81.221ms
[3.703s][info][gc,cpu      ] GC(19) User=0.25s Sys=0.00s Real=0.08s
[3.705s][info][gc,start    ] GC(20) Pause Young (Mixed) (G1 Evacuation Pause)
[3.705s][info][gc,task     ] GC(20) Using 4 workers of 4 for evacuation
[3.748s][info][gc,phases   ] GC(20)   Pre Evacuate Collection Set: 0.1ms
[3.748s][info][gc,phases   ] GC(20)   Merge Heap Roots: 0.1ms
[3.748s][info][gc,phases   ] GC(20)   Evacuate Collection Set: 42.7ms
[3.748s][info][gc,phases   ] GC(20)   Post Evacuate Collection Set: 0.3ms
[3.748s][info][gc,phases   ] GC(20)   Other: 0.2ms
[3.748s][info][gc,heap     ] GC(20) Eden regions: 2->0(286)
[3.748s][info][gc,heap     ] GC(20) Survivor regions: 36->2(5)
[3.748s][info][gc,heap     ] GC(20) Old regions: 205->240
[3.748s][info][gc,heap     ] GC(20) Archive regions: 0->0
[3.748s][info][gc,heap     ] GC(20) Humongous regions: 36->36
[3.748s][info][gc,metaspace] GC(20) Metaspace: 490K(640K)->490K(640K) NonClass: 453K(512K)->453K(512K) Class: 37K(128K)->37K(128K)
[3.748s][info][gc          ] GC(20) Pause Young (Mixed) (G1 Evacuation Pause) 278M->277M(768M) 43.519ms
[3.748s][info][gc,cpu      ] GC(20) User=0.14s Sys=0.00s Real=0.04s
[3.992s][info][gc,start    ] GC(21) Pause Young (Normal) (G1 Evacuation Pause)
[3.992s][info][gc,task     ] GC(21) Using 4 workers of 4 for evacuation
[4.072s][info][gc,phases   ] GC(21)   Pre Evacuate Collection Set: 0.1ms
[4.072s][info][gc,phases   ] GC(21)   Merge Heap Roots: 0.1ms
[4.072s][info][gc,phases   ] GC(21)   Evacuate Collection Set: 79.7ms
[4.072s][info][gc,phases   ] GC(21)   Post Evacuate Collection Set: 0.3ms
[4.072s][info][gc,phases   ] GC(21)   Other: 0.2ms
[4.072s][info][gc,heap     ] GC(21) Eden regions: 286->0(238)
[4.072s][info][gc,heap     ] GC(21) Survivor regions: 2->36(36)
[4.072s][info][gc,heap     ] GC(21) Old regions: 240->263
[4.073s][info][gc,heap     ] GC(21) Archive regions: 0->0
[4.073s][info][gc,heap     ] GC(21) Humongous regions: 36->36
[4.073s][info][gc,metaspace] GC(21) Metaspace: 490K(640K)->490K(640K) NonClass: 453K(512K)->453K(512K) Class: 37K(128K)->37K(128K)
[4.073s][info][gc          ] GC(21) Pause Young (Normal) (G1 Evacuation Pause) 563M->334M(768M) 80.780ms
[4.073s][info][gc,cpu      ] GC(21) User=0.30s Sys=0.00s Real=0.08s
[4.311s][info][gc,start    ] GC(22) Pause Young (Normal) (G1 Evacuation Pause)
[4.311s][info][gc,task     ] GC(22) Using 4 workers of 4 for evacuation
[4.415s][info][gc,phases   ] GC(22)   Pre Evacuate Collection Set: 0.1ms
[4.415s][info][gc,phases   ] GC(22)   Merge Heap Roots: 0.1ms
[4.415s][info][gc,phases   ] GC(22)   Evacuate Collection Set: 103.5ms
[4.415s][info][gc,phases   ] GC(22)   Post Evacuate Collection Set: 0.4ms
[4.415s][info][gc,phases   ] GC(22)   Other: 0.2ms
[4.415s][info][gc,heap     ] GC(22) Eden regions: 238->0(211)
[4.415s][info][gc,heap     ] GC(22) Survivor regions: 36->35(35)
[4.415s][info][gc,heap     ] GC(22) Old regions: 263->313
[4.415s][info][gc,heap     ] GC(22) Archive regions: 0->0
[4.415s][info][gc,heap     ] GC(22) Humongous regions: 36->36
[4.415s][info][gc,metaspace] GC(22) Metaspace: 490K(640K)->490K(640K) NonClass: 453K(512K)->453K(512K) Class: 37K(128K)->37K(128K)
[4.415s][info][gc          ] GC(22) Pause Young (Normal) (G1 Evacuation Pause) 572M->383M(768M) 104.526ms
[4.415s][info][gc,cpu      ] GC(22) User=0.44s Sys=0.00s Real=0.11s
[4.577s][info][gc,start    ] GC(23) Pause Young (Concurrent Start) (G1 Evacuation Pause)
[4.577s][info][gc,task     ] GC(23) Using 4 workers of 4 for evacuation
[4.692s][info][gc,phases   ] GC(23)   Pre Evacuate Collection Set: 0.1ms
[4.692s][info][gc,phases   ] GC(23)   Merge Heap Roots: 0.1ms
[4.692s][info][gc,phases   ] GC(23)   Evacuate Collection Set: 114.1ms
[4.692s][info][gc,phases   ] GC(23)   Post Evacuate Collection Set: 0.3ms
[4.692s][info][gc,phases   ] GC(23)   Other: 0.2ms
[4.692s][info][gc,heap     ] GC(23) Eden regions: 211->0(182)
[4.692s][info][gc,heap     ] GC(23) Survivor regions: 35->31(31)
[4.692s][info][gc,heap     ] GC(23) Old regions: 313->360
[4.692s][info][gc,heap     ] GC(23) Archive regions: 0->0
[4.692s][info][gc,heap     ] GC(23) Humongous regions: 36->36
[4.692s][info][gc,metaspace] GC(23) Metaspace: 490K(640K)->490K(640K) NonClass: 453K(512K)->453K(512K) Class: 37K(128K)->37K(128K)
[4.692s][info][gc          ] GC(23) Pause Young (Concurrent Start) (G1 Evacuation Pause) 594M->426M(768M) 115.097ms
[4.692s][info][gc,cpu      ] GC(23) User=0.44s Sys=0.00s Real=0.12s
[4.692s][info][gc          ] GC(24) Concurrent Mark Cycle
[4.692s][info][gc,marking  ] GC(24) Concurrent Clear Claimed Marks
[4.692s][info][gc,marking  ] GC(24) Concurrent Clear Claimed Marks 0.028ms
[4.692s][info][gc,marking  ] GC(24) Concurrent Scan Root Regions
[4.774s][info][gc,marking  ] GC(24) Concurrent Scan Root Regions 82.094ms
[4.775s][info][gc,marking  ] GC(24) Concurrent Mark
[4.775s][info][gc,marking  ] GC(24) Concurrent Mark From Roots
[4.775s][info][gc,task     ] GC(24) Using 1 workers of 1 for marking
[5.006s][info][gc,start    ] GC(25) Pause Young (Normal) (G1 Evacuation Pause)
[5.006s][info][gc,task     ] GC(25) Using 4 workers of 4 for evacuation
[5.048s][info][gc,phases   ] GC(25)   Pre Evacuate Collection Set: 0.1ms
[5.048s][info][gc,phases   ] GC(25)   Merge Heap Roots: 0.1ms
[5.048s][info][gc,phases   ] GC(25)   Evacuate Collection Set: 40.8ms
[5.048s][info][gc,phases   ] GC(25)   Post Evacuate Collection Set: 0.3ms
[5.048s][info][gc,phases   ] GC(25)   Other: 0.2ms
[5.048s][info][gc,heap     ] GC(25) Eden regions: 182->0(182)
[5.048s][info][gc,heap     ] GC(25) Survivor regions: 31->27(27)
[5.048s][info][gc,heap     ] GC(25) Old regions: 360->364
[5.048s][info][gc,heap     ] GC(25) Archive regions: 0->0
[5.048s][info][gc,heap     ] GC(25) Humongous regions: 36->36
[5.048s][info][gc,metaspace] GC(25) Metaspace: 490K(640K)->490K(640K) NonClass: 453K(512K)->453K(512K) Class: 37K(128K)->37K(128K)
[5.048s][info][gc          ] GC(25) Pause Young (Normal) (G1 Evacuation Pause) 608M->427M(768M) 41.641ms
[5.048s][info][gc,cpu      ] GC(25) User=0.13s Sys=0.00s Real=0.04s
[5.263s][info][gc,start    ] GC(26) Pause Young (Normal) (G1 Evacuation Pause)
[5.263s][info][gc,task     ] GC(26) Using 4 workers of 4 for evacuation
[5.351s][info][gc,phases   ] GC(26)   Pre Evacuate Collection Set: 0.1ms
[5.351s][info][gc,phases   ] GC(26)   Merge Heap Roots: 0.1ms
[5.351s][info][gc,phases   ] GC(26)   Evacuate Collection Set: 86.7ms
[5.351s][info][gc,phases   ] GC(26)   Post Evacuate Collection Set: 0.3ms
[5.351s][info][gc,phases   ] GC(26)   Other: 0.2ms
[5.351s][info][gc,heap     ] GC(26) Eden regions: 182->0(156)
[5.351s][info][gc,heap     ] GC(26) Survivor regions: 27->27(27)
[5.351s][info][gc,heap     ] GC(26) Old regions: 364->402
[5.351s][info][gc,heap     ] GC(26) Archive regions: 0->0
[5.351s][info][gc,heap     ] GC(26) Humongous regions: 36->36
[5.351s][info][gc,metaspace] GC(26) Metaspace: 490K(640K)->490K(640K) NonClass: 453K(512K)->453K(512K) Class: 37K(128K)->37K(128K)
[5.351s][info][gc          ] GC(26) Pause Young (Normal) (G1 Evacuation Pause) 609M->465M(768M) 87.713ms
[5.351s][info][gc,cpu      ] GC(26) User=0.36s Sys=0.00s Real=0.09s
[5.449s][info][gc,marking  ] GC(24) Concurrent Mark From Roots 674.832ms
[5.449s][info][gc,marking  ] GC(24) Concurrent Preclean
[5.450s][info][gc,marking  ] GC(24) Concurrent Preclean 0.111ms
[5.450s][info][gc,start    ] GC(24) Pause Remark
[5.450s][info][gc          ] GC(24) Pause Remark 535M->350M(768M) 0.772ms
[5.451s][info][gc,cpu      ] GC(24) User=0.00s Sys=0.00s Real=0.00s
[5.451s][info][gc,marking  ] GC(24) Concurrent Mark 676.056ms
[5.451s][info][gc,marking  ] GC(24) Concurrent Rebuild Remembered Sets
[5.535s][info][gc,start    ] GC(27) Pause Young (Normal) (G1 Evacuation Pause)
[5.535s][info][gc,task     ] GC(27) Using 4 workers of 4 for evacuation
[5.610s][info][gc,phases   ] GC(27)   Pre Evacuate Collection Set: 0.1ms
[5.610s][info][gc,phases   ] GC(27)   Merge Heap Roots: 0.1ms
[5.610s][info][gc,phases   ] GC(27)   Evacuate Collection Set: 74.3ms
[5.610s][info][gc,phases   ] GC(27)   Post Evacuate Collection Set: 0.3ms
[5.610s][info][gc,phases   ] GC(27)   Other: 0.2ms
[5.610s][info][gc,heap     ] GC(27) Eden regions: 156->0(260)
[5.610s][info][gc,heap     ] GC(27) Survivor regions: 27->23(23)
[5.610s][info][gc,heap     ] GC(27) Old regions: 217->253
[5.610s][info][gc,heap     ] GC(27) Archive regions: 0->0
[5.610s][info][gc,heap     ] GC(27) Humongous regions: 36->36
[5.610s][info][gc,metaspace] GC(27) Metaspace: 490K(640K)->490K(640K) NonClass: 453K(512K)->453K(512K) Class: 37K(128K)->37K(128K)
[5.610s][info][gc          ] GC(27) Pause Young (Normal) (G1 Evacuation Pause) 436M->312M(768M) 75.163ms
[5.610s][info][gc,cpu      ] GC(27) User=0.23s Sys=0.00s Real=0.08s
[5.845s][info][gc,start    ] GC(28) Pause Young (Normal) (G1 Evacuation Pause)
[5.845s][info][gc,task     ] GC(28) Using 4 workers of 4 for evacuation
[5.940s][info][gc,phases   ] GC(28)   Pre Evacuate Collection Set: 0.1ms
[5.940s][info][gc,phases   ] GC(28)   Merge Heap Roots: 0.1ms
[5.941s][info][gc,phases   ] GC(28)   Evacuate Collection Set: 94.3ms
[5.941s][info][gc,phases   ] GC(28)   Post Evacuate Collection Set: 0.3ms
[5.941s][info][gc,phases   ] GC(28)   Other: 0.2ms
[5.941s][info][gc,heap     ] GC(28) Eden regions: 260->0(225)
[5.941s][info][gc,heap     ] GC(28) Survivor regions: 23->36(36)
[5.941s][info][gc,heap     ] GC(28) Old regions: 253->293
[5.941s][info][gc,heap     ] GC(28) Archive regions: 0->0
[5.941s][info][gc,heap     ] GC(28) Humongous regions: 36->36
[5.941s][info][gc,metaspace] GC(28) Metaspace: 490K(640K)->490K(640K) NonClass: 453K(512K)->453K(512K) Class: 37K(128K)->37K(128K)
[5.941s][info][gc          ] GC(28) Pause Young (Normal) (G1 Evacuation Pause) 572M->365M(768M) 95.414ms
[5.941s][info][gc,cpu      ] GC(28) User=0.38s Sys=0.00s Real=0.09s
[5.966s][info][gc,marking  ] GC(24) Concurrent Rebuild Remembered Sets 515.561ms
[5.966s][info][gc,start    ] GC(24) Pause Cleanup
[5.966s][info][gc          ] GC(24) Pause Cleanup 396M->396M(768M) 0.135ms
[5.967s][info][gc,cpu      ] GC(24) User=0.00s Sys=0.00s Real=0.00s
[5.967s][info][gc,marking  ] GC(24) Concurrent Cleanup for Next Mark
[5.971s][info][gc,marking  ] GC(24) Concurrent Cleanup for Next Mark 4.848ms
[5.971s][info][gc          ] GC(24) Concurrent Mark Cycle 1279.189ms
[6.157s][info][gc,start    ] GC(29) Pause Young (Prepare Mixed) (G1 Evacuation Pause)
[6.157s][info][gc,task     ] GC(29) Using 4 workers of 4 for evacuation
[6.267s][info][gc,phases   ] GC(29)   Pre Evacuate Collection Set: 0.1ms
[6.267s][info][gc,phases   ] GC(29)   Merge Heap Roots: 0.1ms
[6.267s][info][gc,phases   ] GC(29)   Evacuate Collection Set: 109.5ms
[6.267s][info][gc,phases   ] GC(29)   Post Evacuate Collection Set: 0.4ms
[6.267s][info][gc,phases   ] GC(29)   Other: 0.2ms
[6.267s][info][gc,heap     ] GC(29) Eden regions: 225->0(5)
[6.267s][info][gc,heap     ] GC(29) Survivor regions: 36->33(33)
[6.267s][info][gc,heap     ] GC(29) Old regions: 293->342
[6.267s][info][gc,heap     ] GC(29) Archive regions: 0->0
[6.267s][info][gc,heap     ] GC(29) Humongous regions: 36->36
[6.267s][info][gc,metaspace] GC(29) Metaspace: 490K(640K)->490K(640K) NonClass: 453K(512K)->453K(512K) Class: 37K(128K)->37K(128K)
[6.267s][info][gc          ] GC(29) Pause Young (Prepare Mixed) (G1 Evacuation Pause) 590M->410M(768M) 110.501ms
[6.267s][info][gc,cpu      ] GC(29) User=0.39s Sys=0.00s Real=0.11s
[6.273s][info][gc,start    ] GC(30) Pause Young (Mixed) (G1 Evacuation Pause)
[6.273s][info][gc,task     ] GC(30) Using 4 workers of 4 for evacuation
[6.316s][info][gc,phases   ] GC(30)   Pre Evacuate Collection Set: 0.1ms
[6.316s][info][gc,phases   ] GC(30)   Merge Heap Roots: 0.1ms
[6.316s][info][gc,phases   ] GC(30)   Evacuate Collection Set: 42.2ms
[6.316s][info][gc,phases   ] GC(30)   Post Evacuate Collection Set: 0.3ms
[6.316s][info][gc,phases   ] GC(30)   Other: 0.1ms
[6.316s][info][gc,heap     ] GC(30) Eden regions: 5->0(191)
[6.316s][info][gc,heap     ] GC(30) Survivor regions: 33->2(5)
[6.316s][info][gc,heap     ] GC(30) Old regions: 342->375
[6.316s][info][gc,heap     ] GC(30) Archive regions: 0->0
[6.316s][info][gc,heap     ] GC(30) Humongous regions: 36->36
[6.316s][info][gc,metaspace] GC(30) Metaspace: 490K(640K)->490K(640K) NonClass: 453K(512K)->453K(512K) Class: 37K(128K)->37K(128K)
[6.316s][info][gc          ] GC(30) Pause Young (Mixed) (G1 Evacuation Pause) 415M->412M(768M) 42.880ms
[6.316s][info][gc,cpu      ] GC(30) User=0.17s Sys=0.00s Real=0.04s
[6.500s][info][gc,start    ] GC(31) Pause Young (Concurrent Start) (G1 Evacuation Pause)
[6.500s][info][gc,task     ] GC(31) Using 4 workers of 4 for evacuation
[6.544s][info][gc,phases   ] GC(31)   Pre Evacuate Collection Set: 0.1ms
[6.544s][info][gc,phases   ] GC(31)   Merge Heap Roots: 0.1ms
[6.544s][info][gc,phases   ] GC(31)   Evacuate Collection Set: 43.3ms
[6.544s][info][gc,phases   ] GC(31)   Post Evacuate Collection Set: 0.3ms
[6.544s][info][gc,phases   ] GC(31)   Other: 0.2ms
[6.544s][info][gc,heap     ] GC(31) Eden regions: 191->0(171)
[6.544s][info][gc,heap     ] GC(31) Survivor regions: 2->25(25)
[6.544s][info][gc,heap     ] GC(31) Old regions: 375->383
[6.544s][info][gc,heap     ] GC(31) Archive regions: 0->0
[6.544s][info][gc,heap     ] GC(31) Humongous regions: 36->36
[6.544s][info][gc,metaspace] GC(31) Metaspace: 490K(640K)->490K(640K) NonClass: 453K(512K)->453K(512K) Class: 37K(128K)->37K(128K)
[6.544s][info][gc          ] GC(31) Pause Young (Concurrent Start) (G1 Evacuation Pause) 603M->443M(768M) 44.176ms
[6.544s][info][gc,cpu      ] GC(31) User=0.19s Sys=0.00s Real=0.04s
[6.544s][info][gc          ] GC(32) Concurrent Mark Cycle
[6.544s][info][gc,marking  ] GC(32) Concurrent Clear Claimed Marks
[6.544s][info][gc,marking  ] GC(32) Concurrent Clear Claimed Marks 0.019ms
[6.544s][info][gc,marking  ] GC(32) Concurrent Scan Root Regions
[6.573s][info][gc,marking  ] GC(32) Concurrent Scan Root Regions 28.079ms
[6.573s][info][gc,marking  ] GC(32) Concurrent Mark
[6.573s][info][gc,marking  ] GC(32) Concurrent Mark From Roots
[6.573s][info][gc,task     ] GC(32) Using 1 workers of 1 for marking
[6.600s][info][gc,marking  ] GC(32) Concurrent Mark From Roots 27.097ms
[6.600s][info][gc,marking  ] GC(32) Concurrent Preclean
[6.600s][info][gc,marking  ] GC(32) Concurrent Preclean 0.069ms
[6.600s][info][gc,start    ] GC(32) Pause Remark
[6.600s][info][gc          ] GC(32) Pause Remark 495M->127M(768M) 0.448ms
[6.600s][info][gc,cpu      ] GC(32) User=0.00s Sys=0.00s Real=0.00s
[6.601s][info][gc,marking  ] GC(32) Concurrent Mark 27.901ms
[6.601s][info][gc,marking  ] GC(32) Concurrent Rebuild Remembered Sets
[6.635s][info][gc,marking  ] GC(32) Concurrent Rebuild Remembered Sets 34.364ms
[6.635s][info][gc,start    ] GC(32) Pause Cleanup
[6.635s][info][gc          ] GC(32) Pause Cleanup 169M->169M(768M) 0.130ms
[6.635s][info][gc,cpu      ] GC(32) User=0.00s Sys=0.00s Real=0.00s
[6.635s][info][gc,marking  ] GC(32) Concurrent Cleanup for Next Mark
[6.636s][info][gc,marking  ] GC(32) Concurrent Cleanup for Next Mark 0.706ms
[6.636s][info][gc          ] GC(32) Concurrent Mark Cycle 91.664ms
[6.695s][info][gc,start    ] GC(33) Pause Young (Normal) (G1 Evacuation Pause)
[6.695s][info][gc,task     ] GC(33) Using 4 workers of 4 for evacuation
[6.774s][info][gc,phases   ] GC(33)   Pre Evacuate Collection Set: 0.1ms
[6.774s][info][gc,phases   ] GC(33)   Merge Heap Roots: 0.1ms
[6.774s][info][gc,phases   ] GC(33)   Evacuate Collection Set: 78.8ms
[6.774s][info][gc,phases   ] GC(33)   Post Evacuate Collection Set: 0.3ms
[6.775s][info][gc,phases   ] GC(33)   Other: 0.1ms
[6.775s][info][gc,heap     ] GC(33) Eden regions: 171->0(403)
[6.775s][info][gc,heap     ] GC(33) Survivor regions: 25->25(25)
[6.775s][info][gc,heap     ] GC(33) Old regions: 15->50
[6.775s][info][gc,heap     ] GC(33) Archive regions: 0->0
[6.775s][info][gc,heap     ] GC(33) Humongous regions: 36->36
[6.775s][info][gc,metaspace] GC(33) Metaspace: 490K(640K)->490K(640K) NonClass: 453K(512K)->453K(512K) Class: 37K(128K)->37K(128K)
[6.775s][info][gc          ] GC(33) Pause Young (Normal) (G1 Evacuation Pause) 246M->110M(768M) 79.838ms
[6.775s][info][gc,cpu      ] GC(33) User=0.28s Sys=0.00s Real=0.08s
[7.116s][info][gc,start    ] GC(34) Pause Young (Normal) (G1 Evacuation Pause)
[7.116s][info][gc,task     ] GC(34) Using 4 workers of 4 for evacuation
[7.259s][info][gc,phases   ] GC(34)   Pre Evacuate Collection Set: 0.1ms
[7.259s][info][gc,phases   ] GC(34)   Merge Heap Roots: 0.2ms
[7.259s][info][gc,phases   ] GC(34)   Evacuate Collection Set: 141.9ms
[7.259s][info][gc,phases   ] GC(34)   Post Evacuate Collection Set: 0.6ms
[7.259s][info][gc,phases   ] GC(34)   Other: 0.2ms
[7.259s][info][gc,heap     ] GC(34) Eden regions: 403->0(331)
[7.259s][info][gc,heap     ] GC(34) Survivor regions: 25->54(54)
[7.259s][info][gc,heap     ] GC(34) Old regions: 50->102
[7.259s][info][gc,heap     ] GC(34) Archive regions: 0->0
[7.259s][info][gc,heap     ] GC(34) Humongous regions: 36->36
[7.259s][info][gc,metaspace] GC(34) Metaspace: 490K(640K)->490K(640K) NonClass: 453K(512K)->453K(512K) Class: 37K(128K)->37K(128K)
[7.260s][info][gc          ] GC(34) Pause Young (Normal) (G1 Evacuation Pause) 513M->192M(768M) 143.420ms
[7.260s][info][gc,cpu      ] GC(34) User=0.52s Sys=0.00s Real=0.14s
[7.584s][info][gc,start    ] GC(35) Pause Young (Normal) (G1 Evacuation Pause)
[7.584s][info][gc,task     ] GC(35) Using 4 workers of 4 for evacuation
[7.603s][info][gc,phases   ] GC(35)   Pre Evacuate Collection Set: 0.1ms
[7.603s][info][gc,phases   ] GC(35)   Merge Heap Roots: 0.1ms
[7.603s][info][gc,phases   ] GC(35)   Evacuate Collection Set: 18.9ms
[7.603s][info][gc,phases   ] GC(35)   Post Evacuate Collection Set: 0.3ms
[7.603s][info][gc,phases   ] GC(35)   Other: 0.2ms
[7.603s][info][gc,heap     ] GC(35) Eden regions: 331->0(377)
[7.603s][info][gc,heap     ] GC(35) Survivor regions: 54->13(49)
[7.603s][info][gc,heap     ] GC(35) Old regions: 102->102
[7.603s][info][gc,heap     ] GC(35) Archive regions: 0->0
[7.603s][info][gc,heap     ] GC(35) Humongous regions: 36->36
[7.603s][info][gc,metaspace] GC(35) Metaspace: 490K(640K)->490K(640K) NonClass: 453K(512K)->453K(512K) Class: 37K(128K)->37K(128K)
[7.603s][info][gc          ] GC(35) Pause Young (Normal) (G1 Evacuation Pause) 523M->150M(768M) 19.790ms
[7.603s][info][gc,cpu      ] GC(35) User=0.06s Sys=0.00s Real=0.02s
[7.936s][info][gc,start    ] GC(36) Pause Young (Normal) (G1 Evacuation Pause)
[7.936s][info][gc,task     ] GC(36) Using 4 workers of 4 for evacuation
[8.049s][info][gc,phases   ] GC(36)   Pre Evacuate Collection Set: 0.1ms
[8.050s][info][gc,phases   ] GC(36)   Merge Heap Roots: 0.1ms
[8.050s][info][gc,phases   ] GC(36)   Evacuate Collection Set: 112.3ms
[8.050s][info][gc,phases   ] GC(36)   Post Evacuate Collection Set: 0.4ms
[8.050s][info][gc,phases   ] GC(36)   Other: 0.2ms
[8.050s][info][gc,heap     ] GC(36) Eden regions: 377->0(323)
[8.050s][info][gc,heap     ] GC(36) Survivor regions: 13->49(49)
[8.050s][info][gc,heap     ] GC(36) Old regions: 102->141
[8.050s][info][gc,heap     ] GC(36) Archive regions: 0->0
[8.050s][info][gc,heap     ] GC(36) Humongous regions: 36->36
[8.050s][info][gc,metaspace] GC(36) Metaspace: 490K(640K)->490K(640K) NonClass: 453K(512K)->453K(512K) Class: 37K(128K)->37K(128K)
[8.050s][info][gc          ] GC(36) Pause Young (Normal) (G1 Evacuation Pause) 527M->226M(768M) 113.495ms
[8.050s][info][gc,cpu      ] GC(36) User=0.47s Sys=0.00s Real=0.11s
[8.324s][info][gc,start    ] GC(37) Pause Young (Normal) (G1 Evacuation Pause)
[8.324s][info][gc,task     ] GC(37) Using 4 workers of 4 for evacuation
[8.482s][info][gc,phases   ] GC(37)   Pre Evacuate Collection Set: 0.1ms
[8.482s][info][gc,phases   ] GC(37)   Merge Heap Roots: 0.2ms
[8.482s][info][gc,phases   ] GC(37)   Evacuate Collection Set: 157.2ms
[8.482s][info][gc,phases   ] GC(37)   Post Evacuate Collection Set: 0.5ms
[8.482s][info][gc,phases   ] GC(37)   Other: 0.2ms
[8.482s][info][gc,heap     ] GC(37) Eden regions: 323->0(276)
[8.482s][info][gc,heap     ] GC(37) Survivor regions: 49->47(47)
[8.482s][info][gc,heap     ] GC(37) Old regions: 141->209
[8.482s][info][gc,heap     ] GC(37) Archive regions: 0->0
[8.482s][info][gc,heap     ] GC(37) Humongous regions: 36->36
[8.482s][info][gc,metaspace] GC(37) Metaspace: 490K(640K)->490K(640K) NonClass: 453K(512K)->453K(512K) Class: 37K(128K)->37K(128K)
[8.482s][info][gc          ] GC(37) Pause Young (Normal) (G1 Evacuation Pause) 549M->292M(768M) 158.473ms
[8.482s][info][gc,cpu      ] GC(37) User=0.59s Sys=0.00s Real=0.16s
[8.718s][info][gc,start    ] GC(38) Pause Young (Normal) (G1 Evacuation Pause)
[8.718s][info][gc,task     ] GC(38) Using 4 workers of 4 for evacuation
[8.732s][info][gc,phases   ] GC(38)   Pre Evacuate Collection Set: 0.3ms
[8.732s][info][gc,phases   ] GC(38)   Merge Heap Roots: 0.4ms
[8.732s][info][gc,phases   ] GC(38)   Evacuate Collection Set: 12.2ms
[8.732s][info][gc,phases   ] GC(38)   Post Evacuate Collection Set: 0.4ms
[8.732s][info][gc,phases   ] GC(38)   Other: 0.3ms
[8.732s][info][gc,heap     ] GC(38) Eden regions: 276->0(319)
[8.732s][info][gc,heap     ] GC(38) Survivor regions: 47->6(41)
[8.732s][info][gc,heap     ] GC(38) Old regions: 209->210
[8.732s][info][gc,heap     ] GC(38) Archive regions: 0->0
[8.732s][info][gc,heap     ] GC(38) Humongous regions: 36->36
[8.732s][info][gc,metaspace] GC(38) Metaspace: 490K(640K)->490K(640K) NonClass: 453K(512K)->453K(512K) Class: 37K(128K)->37K(128K)
[8.732s][info][gc          ] GC(38) Pause Young (Normal) (G1 Evacuation Pause) 568M->251M(768M) 13.662ms
[8.732s][info][gc,cpu      ] GC(38) User=0.05s Sys=0.00s Real=0.01s
[8.993s][info][gc,start    ] GC(39) Pause Young (Normal) (G1 Evacuation Pause)
[8.993s][info][gc,task     ] GC(39) Using 4 workers of 4 for evacuation
[9.090s][info][gc,phases   ] GC(39)   Pre Evacuate Collection Set: 0.1ms
[9.090s][info][gc,phases   ] GC(39)   Merge Heap Roots: 0.1ms
[9.091s][info][gc,phases   ] GC(39)   Evacuate Collection Set: 96.3ms
[9.091s][info][gc,phases   ] GC(39)   Post Evacuate Collection Set: 0.5ms
[9.091s][info][gc,phases   ] GC(39)   Other: 0.2ms
[9.091s][info][gc,heap     ] GC(39) Eden regions: 319->0(264)
[9.091s][info][gc,heap     ] GC(39) Survivor regions: 6->41(41)
[9.091s][info][gc,heap     ] GC(39) Old regions: 210->239
[9.091s][info][gc,heap     ] GC(39) Archive regions: 0->0
[9.091s][info][gc,heap     ] GC(39) Humongous regions: 36->36
[9.091s][info][gc,metaspace] GC(39) Metaspace: 490K(640K)->490K(640K) NonClass: 453K(512K)->453K(512K) Class: 37K(128K)->37K(128K)
[9.091s][info][gc          ] GC(39) Pause Young (Normal) (G1 Evacuation Pause) 570M->315M(768M) 97.490ms
[9.091s][info][gc,cpu      ] GC(39) User=0.30s Sys=0.00s Real=0.10s
[9.298s][info][gc,start    ] GC(40) Pause Young (Normal) (G1 Evacuation Pause)
[9.298s][info][gc,task     ] GC(40) Using 4 workers of 4 for evacuation
[9.412s][info][gc,phases   ] GC(40)   Pre Evacuate Collection Set: 0.1ms
[9.412s][info][gc,phases   ] GC(40)   Merge Heap Roots: 0.2ms
[9.412s][info][gc,phases   ] GC(40)   Evacuate Collection Set: 113.2ms
[9.412s][info][gc,phases   ] GC(40)   Post Evacuate Collection Set: 0.4ms
[9.412s][info][gc,phases   ] GC(40)   Other: 0.2ms
[9.412s][info][gc,heap     ] GC(40) Eden regions: 264->0(222)
[9.412s][info][gc,heap     ] GC(40) Survivor regions: 41->39(39)
[9.412s][info][gc,heap     ] GC(40) Old regions: 239->295
[9.412s][info][gc,heap     ] GC(40) Archive regions: 0->0
[9.412s][info][gc,heap     ] GC(40) Humongous regions: 36->36
[9.412s][info][gc,metaspace] GC(40) Metaspace: 490K(640K)->490K(640K) NonClass: 453K(512K)->453K(512K) Class: 37K(128K)->37K(128K)
[9.412s][info][gc          ] GC(40) Pause Young (Normal) (G1 Evacuation Pause) 579M->369M(768M) 114.268ms
[9.413s][info][gc,cpu      ] GC(40) User=0.47s Sys=0.00s Real=0.11s
[9.583s][info][gc,start    ] GC(41) Pause Young (Normal) (G1 Evacuation Pause)
[9.583s][info][gc,task     ] GC(41) Using 4 workers of 4 for evacuation
[9.684s][info][gc,phases   ] GC(41)   Pre Evacuate Collection Set: 0.1ms
[9.684s][info][gc,phases   ] GC(41)   Merge Heap Roots: 0.1ms
[9.684s][info][gc,phases   ] GC(41)   Evacuate Collection Set: 100.1ms
[9.684s][info][gc,phases   ] GC(41)   Post Evacuate Collection Set: 0.3ms
[9.684s][info][gc,phases   ] GC(41)   Other: 0.2ms
[9.684s][info][gc,heap     ] GC(41) Eden regions: 222->0(188)
[9.684s][info][gc,heap     ] GC(41) Survivor regions: 39->33(33)
[9.684s][info][gc,heap     ] GC(41) Old regions: 295->347
[9.684s][info][gc,heap     ] GC(41) Archive regions: 0->0
[9.684s][info][gc,heap     ] GC(41) Humongous regions: 36->36
[9.684s][info][gc,metaspace] GC(41) Metaspace: 490K(640K)->490K(640K) NonClass: 453K(512K)->453K(512K) Class: 37K(128K)->37K(128K)
[9.684s][info][gc          ] GC(41) Pause Young (Normal) (G1 Evacuation Pause) 591M->415M(768M) 101.134ms
[9.684s][info][gc,cpu      ] GC(41) User=0.36s Sys=0.00s Real=0.10s
[9.833s][info][gc,start    ] GC(42) Pause Young (Concurrent Start) (G1 Evacuation Pause)
[9.833s][info][gc,task     ] GC(42) Using 4 workers of 4 for evacuation
[9.840s][info][gc,phases   ] GC(42)   Pre Evacuate Collection Set: 0.1ms
[9.840s][info][gc,phases   ] GC(42)   Merge Heap Roots: 0.1ms
[9.840s][info][gc,phases   ] GC(42)   Evacuate Collection Set: 6.5ms
[9.840s][info][gc,phases   ] GC(42)   Post Evacuate Collection Set: 0.3ms
[9.840s][info][gc,phases   ] GC(42)   Other: 0.2ms
[9.840s][info][gc,heap     ] GC(42) Eden regions: 188->0(221)
[9.840s][info][gc,heap     ] GC(42) Survivor regions: 33->3(28)
[9.840s][info][gc,heap     ] GC(42) Old regions: 347->347
[9.840s][info][gc,heap     ] GC(42) Archive regions: 0->0
[9.840s][info][gc,heap     ] GC(42) Humongous regions: 36->36
[9.840s][info][gc,metaspace] GC(42) Metaspace: 490K(640K)->490K(640K) NonClass: 453K(512K)->453K(512K) Class: 37K(128K)->37K(128K)
[9.840s][info][gc          ] GC(42) Pause Young (Concurrent Start) (G1 Evacuation Pause) 603M->386M(768M) 7.363ms
[9.840s][info][gc,cpu      ] GC(42) User=0.00s Sys=0.00s Real=0.01s
[9.840s][info][gc          ] GC(43) Concurrent Mark Cycle
[9.840s][info][gc,marking  ] GC(43) Concurrent Clear Claimed Marks
[9.840s][info][gc,marking  ] GC(43) Concurrent Clear Claimed Marks 0.018ms
[9.840s][info][gc,marking  ] GC(43) Concurrent Scan Root Regions
[9.841s][info][gc,marking  ] GC(43) Concurrent Scan Root Regions 1.100ms
[9.842s][info][gc,marking  ] GC(43) Concurrent Mark
[9.842s][info][gc,marking  ] GC(43) Concurrent Mark From Roots
[9.842s][info][gc,task     ] GC(43) Using 1 workers of 1 for marking
[9.863s][info][gc,marking  ] GC(43) Concurrent Mark From Roots 20.965ms
[9.863s][info][gc,marking  ] GC(43) Concurrent Preclean
[9.863s][info][gc,marking  ] GC(43) Concurrent Preclean 0.069ms
[9.863s][info][gc,start    ] GC(43) Pause Remark
[9.863s][info][gc          ] GC(43) Pause Remark 409M->69M(768M) 0.553ms
[9.863s][info][gc,cpu      ] GC(43) User=0.00s Sys=0.00s Real=0.00s
[9.863s][info][gc,marking  ] GC(43) Concurrent Mark 21.875ms
[9.863s][info][gc,marking  ] GC(43) Concurrent Rebuild Remembered Sets
[9.886s][info][gc,marking  ] GC(43) Concurrent Rebuild Remembered Sets 22.432ms
[9.886s][info][gc,start    ] GC(43) Pause Cleanup
[9.886s][info][gc          ] GC(43) Pause Cleanup 97M->97M(768M) 0.120ms
[9.886s][info][gc,cpu      ] GC(43) User=0.00s Sys=0.00s Real=0.00s
[9.886s][info][gc,marking  ] GC(43) Concurrent Cleanup for Next Mark
[9.887s][info][gc,marking  ] GC(43) Concurrent Cleanup for Next Mark 0.779ms
[9.887s][info][gc          ] GC(43) Concurrent Mark Cycle 46.765ms
[10.018s][info][gc,start    ] GC(44) Pause Young (Normal) (G1 Evacuation Pause)
[10.018s][info][gc,task     ] GC(44) Using 4 workers of 4 for evacuation
[10.077s][info][gc,phases   ] GC(44)   Pre Evacuate Collection Set: 0.1ms
[10.077s][info][gc,phases   ] GC(44)   Merge Heap Roots: 0.2ms
[10.077s][info][gc,phases   ] GC(44)   Evacuate Collection Set: 58.0ms
[10.077s][info][gc,phases   ] GC(44)   Post Evacuate Collection Set: 0.3ms
[10.077s][info][gc,phases   ] GC(44)   Other: 0.2ms
[10.077s][info][gc,heap     ] GC(44) Eden regions: 221->0(423)
[10.077s][info][gc,heap     ] GC(44) Survivor regions: 3->28(28)
[10.077s][info][gc,heap     ] GC(44) Old regions: 7->27
[10.077s][info][gc,heap     ] GC(44) Archive regions: 0->0
[10.077s][info][gc,heap     ] GC(44) Humongous regions: 36->36
[10.077s][info][gc,metaspace] GC(44) Metaspace: 490K(640K)->490K(640K) NonClass: 453K(512K)->453K(512K) Class: 37K(128K)->37K(128K)
[10.077s][info][gc          ] GC(44) Pause Young (Normal) (G1 Evacuation Pause) 267M->90M(768M) 58.962ms
[10.077s][info][gc,cpu      ] GC(44) User=0.16s Sys=0.00s Real=0.06s
[10.404s][info][gc,start    ] GC(45) Pause Young (Normal) (G1 Evacuation Pause)
[10.404s][info][gc,task     ] GC(45) Using 4 workers of 4 for evacuation
[10.545s][info][gc,phases   ] GC(45)   Pre Evacuate Collection Set: 0.1ms
[10.545s][info][gc,phases   ] GC(45)   Merge Heap Roots: 0.2ms
[10.545s][info][gc,phases   ] GC(45)   Evacuate Collection Set: 140.0ms
[10.545s][info][gc,phases   ] GC(45)   Post Evacuate Collection Set: 0.4ms
[10.545s][info][gc,phases   ] GC(45)   Other: 0.2ms
[10.545s][info][gc,heap     ] GC(45) Eden regions: 423->0(357)
[10.545s][info][gc,heap     ] GC(45) Survivor regions: 28->57(57)
[10.545s][info][gc,heap     ] GC(45) Old regions: 27->83
[10.545s][info][gc,heap     ] GC(45) Archive regions: 0->0
[10.545s][info][gc,heap     ] GC(45) Humongous regions: 36->36
[10.545s][info][gc,metaspace] GC(45) Metaspace: 491K(640K)->491K(640K) NonClass: 453K(512K)->453K(512K) Class: 37K(128K)->37K(128K)
[10.545s][info][gc          ] GC(45) Pause Young (Normal) (G1 Evacuation Pause) 513M->175M(768M) 141.203ms
[10.545s][info][gc,cpu      ] GC(45) User=0.50s Sys=0.00s Real=0.14s
[10.832s][info][gc,start    ] GC(46) Pause Young (Normal) (G1 Evacuation Pause)
[10.832s][info][gc,task     ] GC(46) Using 4 workers of 4 for evacuation
[10.837s][info][gc,phases   ] GC(46)   Pre Evacuate Collection Set: 0.1ms
[10.837s][info][gc,phases   ] GC(46)   Merge Heap Roots: 0.2ms
[10.837s][info][gc,phases   ] GC(46)   Evacuate Collection Set: 4.7ms
[10.837s][info][gc,phases   ] GC(46)   Post Evacuate Collection Set: 0.3ms
[10.837s][info][gc,phases   ] GC(46)   Other: 0.2ms
[10.837s][info][gc,heap     ] GC(46) Eden regions: 357->0(417)
[10.837s][info][gc,heap     ] GC(46) Survivor regions: 57->2(52)
[10.838s][info][gc,heap     ] GC(46) Old regions: 83->83
[10.838s][info][gc,heap     ] GC(46) Archive regions: 0->0
[10.838s][info][gc,heap     ] GC(46) Humongous regions: 36->36
[10.838s][info][gc,metaspace] GC(46) Metaspace: 491K(640K)->491K(640K) NonClass: 453K(512K)->453K(512K) Class: 37K(128K)->37K(128K)
[10.838s][info][gc          ] GC(46) Pause Young (Normal) (G1 Evacuation Pause) 532M->120M(768M) 5.665ms
[10.838s][info][gc,cpu      ] GC(46) User=0.00s Sys=0.00s Real=0.00s
[11.157s][info][gc,start    ] GC(47) Pause Young (Normal) (G1 Evacuation Pause)
[11.157s][info][gc,task     ] GC(47) Using 4 workers of 4 for evacuation
[11.283s][info][gc,phases   ] GC(47)   Pre Evacuate Collection Set: 0.1ms
[11.283s][info][gc,phases   ] GC(47)   Merge Heap Roots: 0.3ms
[11.283s][info][gc,phases   ] GC(47)   Evacuate Collection Set: 124.3ms
[11.283s][info][gc,phases   ] GC(47)   Post Evacuate Collection Set: 0.4ms
[11.283s][info][gc,phases   ] GC(47)   Other: 0.2ms
[11.283s][info][gc,heap     ] GC(47) Eden regions: 417->0(346)
[11.283s][info][gc,heap     ] GC(47) Survivor regions: 2->53(53)
[11.283s][info][gc,heap     ] GC(47) Old regions: 83->114
[11.283s][info][gc,heap     ] GC(47) Archive regions: 0->0
[11.283s][info][gc,heap     ] GC(47) Humongous regions: 36->36
[11.283s][info][gc,metaspace] GC(47) Metaspace: 491K(640K)->491K(640K) NonClass: 453K(512K)->453K(512K) Class: 37K(128K)->37K(128K)
[11.283s][info][gc          ] GC(47) Pause Young (Normal) (G1 Evacuation Pause) 537M->203M(768M) 125.511ms
[11.283s][info][gc,cpu      ] GC(47) User=0.42s Sys=0.00s Real=0.13s
[11.552s][info][gc,start    ] GC(48) Pause Young (Normal) (G1 Evacuation Pause)
[11.552s][info][gc,task     ] GC(48) Using 4 workers of 4 for evacuation
[11.701s][info][gc,phases   ] GC(48)   Pre Evacuate Collection Set: 0.1ms
[11.701s][info][gc,phases   ] GC(48)   Merge Heap Roots: 0.2ms
[11.701s][info][gc,phases   ] GC(48)   Evacuate Collection Set: 148.0ms
[11.701s][info][gc,phases   ] GC(48)   Post Evacuate Collection Set: 0.4ms
[11.701s][info][gc,phases   ] GC(48)   Other: 0.2ms
[11.701s][info][gc,heap     ] GC(48) Eden regions: 346->0(290)
[11.701s][info][gc,heap     ] GC(48) Survivor regions: 53->50(50)
[11.701s][info][gc,heap     ] GC(48) Old regions: 114->187
[11.701s][info][gc,heap     ] GC(48) Archive regions: 0->0
[11.701s][info][gc,heap     ] GC(48) Humongous regions: 36->36
[11.701s][info][gc,metaspace] GC(48) Metaspace: 491K(640K)->491K(640K) NonClass: 453K(512K)->453K(512K) Class: 37K(128K)->37K(128K)
[11.701s][info][gc          ] GC(48) Pause Young (Normal) (G1 Evacuation Pause) 549M->273M(768M) 149.040ms
[11.701s][info][gc,cpu      ] GC(48) User=0.52s Sys=0.00s Real=0.15s
[11.935s][info][gc,start    ] GC(49) Pause Young (Normal) (G1 Evacuation Pause)
[11.935s][info][gc,task     ] GC(49) Using 4 workers of 4 for evacuation
[11.954s][info][gc,phases   ] GC(49)   Pre Evacuate Collection Set: 0.1ms
[11.954s][info][gc,phases   ] GC(49)   Merge Heap Roots: 0.2ms
[11.954s][info][gc,phases   ] GC(49)   Evacuate Collection Set: 18.4ms
[11.954s][info][gc,phases   ] GC(49)   Post Evacuate Collection Set: 0.3ms
[11.954s][info][gc,phases   ] GC(49)   Other: 0.2ms
[11.954s][info][gc,heap     ] GC(49) Eden regions: 290->0(335)
[11.954s][info][gc,heap     ] GC(49) Survivor regions: 50->10(43)
[11.954s][info][gc,heap     ] GC(49) Old regions: 187->187
[11.954s][info][gc,heap     ] GC(49) Archive regions: 0->0
[11.954s][info][gc,heap     ] GC(49) Humongous regions: 36->36
[11.954s][info][gc,metaspace] GC(49) Metaspace: 491K(640K)->491K(640K) NonClass: 453K(512K)->453K(512K) Class: 37K(128K)->37K(128K)
[11.954s][info][gc          ] GC(49) Pause Young (Normal) (G1 Evacuation Pause) 563M->233M(768M) 19.353ms
[11.954s][info][gc,cpu      ] GC(49) User=0.03s Sys=0.00s Real=0.02s
[12.294s][info][gc,start    ] GC(50) Pause Young (Normal) (G1 Evacuation Pause)
[12.294s][info][gc,task     ] GC(50) Using 4 workers of 4 for evacuation
[12.391s][info][gc,phases   ] GC(50)   Pre Evacuate Collection Set: 0.1ms
[12.391s][info][gc,phases   ] GC(50)   Merge Heap Roots: 0.1ms
[12.391s][info][gc,phases   ] GC(50)   Evacuate Collection Set: 96.1ms
[12.391s][info][gc,phases   ] GC(50)   Post Evacuate Collection Set: 0.4ms
[12.391s][info][gc,phases   ] GC(50)   Other: 0.2ms
[12.391s][info][gc,heap     ] GC(50) Eden regions: 335->0(276)
[12.391s][info][gc,heap     ] GC(50) Survivor regions: 10->44(44)
[12.391s][info][gc,heap     ] GC(50) Old regions: 187->220
[12.391s][info][gc,heap     ] GC(50) Archive regions: 0->0
[12.391s][info][gc,heap     ] GC(50) Humongous regions: 36->36
[12.391s][info][gc,metaspace] GC(50) Metaspace: 491K(640K)->491K(640K) NonClass: 453K(512K)->453K(512K) Class: 37K(128K)->37K(128K)
[12.391s][info][gc          ] GC(50) Pause Young (Normal) (G1 Evacuation Pause) 568M->300M(768M) 97.161ms
[12.391s][info][gc,cpu      ] GC(50) User=0.34s Sys=0.00s Real=0.10s
[12.628s][info][gc,start    ] GC(51) Pause Young (Normal) (G1 Evacuation Pause)
[12.628s][info][gc,task     ] GC(51) Using 4 workers of 4 for evacuation
[12.757s][info][gc,phases   ] GC(51)   Pre Evacuate Collection Set: 0.1ms
[12.757s][info][gc,phases   ] GC(51)   Merge Heap Roots: 0.2ms
[12.757s][info][gc,phases   ] GC(51)   Evacuate Collection Set: 128.7ms
[12.757s][info][gc,phases   ] GC(51)   Post Evacuate Collection Set: 0.4ms
[12.757s][info][gc,phases   ] GC(51)   Other: 0.2ms
[12.757s][info][gc,heap     ] GC(51) Eden regions: 276->0(232)
[12.757s][info][gc,heap     ] GC(51) Survivor regions: 44->40(40)
[12.757s][info][gc,heap     ] GC(51) Old regions: 220->280
[12.757s][info][gc,heap     ] GC(51) Archive regions: 0->0
[12.757s][info][gc,heap     ] GC(51) Humongous regions: 36->36
[12.758s][info][gc,metaspace] GC(51) Metaspace: 491K(640K)->491K(640K) NonClass: 453K(512K)->453K(512K) Class: 37K(128K)->37K(128K)
[12.758s][info][gc          ] GC(51) Pause Young (Normal) (G1 Evacuation Pause) 576M->355M(768M) 129.930ms
[12.758s][info][gc,cpu      ] GC(51) User=0.44s Sys=0.00s Real=0.13s
[12.971s][info][gc,start    ] GC(52) Pause Young (Normal) (G1 Evacuation Pause)
[12.971s][info][gc,task     ] GC(52) Using 4 workers of 4 for evacuation
[13.075s][info][gc,phases   ] GC(52)   Pre Evacuate Collection Set: 0.1ms
[13.075s][info][gc,phases   ] GC(52)   Merge Heap Roots: 0.2ms
[13.075s][info][gc,phases   ] GC(52)   Evacuate Collection Set: 103.7ms
[13.075s][info][gc,phases   ] GC(52)   Post Evacuate Collection Set: 0.3ms
[13.075s][info][gc,phases   ] GC(52)   Other: 0.2ms
[13.075s][info][gc,heap     ] GC(52) Eden regions: 232->0(197)
[13.075s][info][gc,heap     ] GC(52) Survivor regions: 40->34(34)
[13.075s][info][gc,heap     ] GC(52) Old regions: 280->333
[13.075s][info][gc,heap     ] GC(52) Archive regions: 0->0
[13.075s][info][gc,heap     ] GC(52) Humongous regions: 36->36
[13.075s][info][gc,metaspace] GC(52) Metaspace: 491K(640K)->491K(640K) NonClass: 453K(512K)->453K(512K) Class: 37K(128K)->37K(128K)
[13.075s][info][gc          ] GC(52) Pause Young (Normal) (G1 Evacuation Pause) 587M->403M(768M) 104.826ms
[13.075s][info][gc,cpu      ] GC(52) User=0.36s Sys=0.00s Real=0.10s
[13.265s][info][gc,start    ] GC(53) Pause Young (Concurrent Start) (G1 Evacuation Pause)
[13.265s][info][gc,task     ] GC(53) Using 4 workers of 4 for evacuation
[13.289s][info][gc,phases   ] GC(53)   Pre Evacuate Collection Set: 0.1ms
[13.289s][info][gc,phases   ] GC(53)   Merge Heap Roots: 0.1ms
[13.289s][info][gc,phases   ] GC(53)   Evacuate Collection Set: 22.9ms
[13.289s][info][gc,phases   ] GC(53)   Post Evacuate Collection Set: 0.4ms
[13.289s][info][gc,phases   ] GC(53)   Other: 0.2ms
[13.289s][info][gc,heap     ] GC(53) Eden regions: 197->0(216)
[13.289s][info][gc,heap     ] GC(53) Survivor regions: 34->17(29)
[13.289s][info][gc,heap     ] GC(53) Old regions: 333->334
[13.289s][info][gc,heap     ] GC(53) Archive regions: 0->0
[13.289s][info][gc,heap     ] GC(53) Humongous regions: 36->36
[13.289s][info][gc,metaspace] GC(53) Metaspace: 491K(640K)->491K(640K) NonClass: 453K(512K)->453K(512K) Class: 37K(128K)->37K(128K)
[13.289s][info][gc          ] GC(53) Pause Young (Concurrent Start) (G1 Evacuation Pause) 600M->386M(768M) 24.038ms
[13.289s][info][gc,cpu      ] GC(53) User=0.13s Sys=0.00s Real=0.02s
[13.289s][info][gc          ] GC(54) Concurrent Mark Cycle
[13.289s][info][gc,marking  ] GC(54) Concurrent Clear Claimed Marks
[13.289s][info][gc,marking  ] GC(54) Concurrent Clear Claimed Marks 0.018ms
[13.290s][info][gc,marking  ] GC(54) Concurrent Scan Root Regions
[13.299s][info][gc,marking  ] GC(54) Concurrent Scan Root Regions 9.336ms
[13.299s][info][gc,marking  ] GC(54) Concurrent Mark
[13.299s][info][gc,marking  ] GC(54) Concurrent Mark From Roots
[13.299s][info][gc,task     ] GC(54) Using 1 workers of 1 for marking
[13.322s][info][gc,marking  ] GC(54) Concurrent Mark From Roots 23.142ms
[13.322s][info][gc,marking  ] GC(54) Concurrent Preclean
[13.322s][info][gc,marking  ] GC(54) Concurrent Preclean 0.069ms
[13.322s][info][gc,start    ] GC(54) Pause Remark
[13.323s][info][gc          ] GC(54) Pause Remark 417M->90M(768M) 0.447ms
[13.323s][info][gc,cpu      ] GC(54) User=0.00s Sys=0.00s Real=0.00s
[13.323s][info][gc,marking  ] GC(54) Concurrent Mark 23.924ms
[13.323s][info][gc,marking  ] GC(54) Concurrent Rebuild Remembered Sets
[13.351s][info][gc,marking  ] GC(54) Concurrent Rebuild Remembered Sets 27.827ms
[13.351s][info][gc,start    ] GC(54) Pause Cleanup
[13.351s][info][gc          ] GC(54) Pause Cleanup 122M->122M(768M) 0.149ms
[13.351s][info][gc,cpu      ] GC(54) User=0.00s Sys=0.00s Real=0.00s
[13.351s][info][gc,marking  ] GC(54) Concurrent Cleanup for Next Mark
[13.352s][info][gc,marking  ] GC(54) Concurrent Cleanup for Next Mark 0.773ms
[13.352s][info][gc          ] GC(54) Concurrent Mark Cycle 62.449ms
[13.468s][info][gc,start    ] GC(55) Pause Young (Normal) (G1 Evacuation Pause)
[13.468s][info][gc,task     ] GC(55) Using 4 workers of 4 for evacuation
[13.541s][info][gc,phases   ] GC(55)   Pre Evacuate Collection Set: 0.1ms
[13.541s][info][gc,phases   ] GC(55)   Merge Heap Roots: 0.2ms
[13.541s][info][gc,phases   ] GC(55)   Evacuate Collection Set: 72.2ms
[13.541s][info][gc,phases   ] GC(55)   Post Evacuate Collection Set: 0.3ms
[13.541s][info][gc,phases   ] GC(55)   Other: 0.2ms
[13.541s][info][gc,heap     ] GC(55) Eden regions: 216->0(413)
[13.541s][info][gc,heap     ] GC(55) Survivor regions: 17->30(30)
[13.541s][info][gc,heap     ] GC(55) Old regions: 7->36
[13.541s][info][gc,heap     ] GC(55) Archive regions: 0->0
[13.541s][info][gc,heap     ] GC(55) Humongous regions: 36->36
[13.541s][info][gc,metaspace] GC(55) Metaspace: 491K(640K)->491K(640K) NonClass: 453K(512K)->453K(512K) Class: 37K(128K)->37K(128K)
[13.541s][info][gc          ] GC(55) Pause Young (Normal) (G1 Evacuation Pause) 275M->102M(768M) 73.393ms
[13.541s][info][gc,cpu      ] GC(55) User=0.31s Sys=0.00s Real=0.07s
[13.883s][info][gc,start    ] GC(56) Pause Young (Normal) (G1 Evacuation Pause)
[13.883s][info][gc,task     ] GC(56) Using 4 workers of 4 for evacuation
[14.024s][info][gc,phases   ] GC(56)   Pre Evacuate Collection Set: 0.1ms
[14.024s][info][gc,phases   ] GC(56)   Merge Heap Roots: 0.2ms
[14.024s][info][gc,phases   ] GC(56)   Evacuate Collection Set: 139.6ms
[14.024s][info][gc,phases   ] GC(56)   Post Evacuate Collection Set: 0.4ms
[14.024s][info][gc,phases   ] GC(56)   Other: 0.2ms
[14.024s][info][gc,heap     ] GC(56) Eden regions: 413->0(349)
[14.024s][info][gc,heap     ] GC(56) Survivor regions: 30->56(56)
[14.024s][info][gc,heap     ] GC(56) Old regions: 36->94
[14.024s][info][gc,heap     ] GC(56) Archive regions: 0->0
[14.024s][info][gc,heap     ] GC(56) Humongous regions: 36->36
[14.024s][info][gc,metaspace] GC(56) Metaspace: 491K(640K)->491K(640K) NonClass: 453K(512K)->453K(512K) Class: 37K(128K)->37K(128K)
[14.024s][info][gc          ] GC(56) Pause Young (Normal) (G1 Evacuation Pause) 515M->185M(768M) 140.579ms
[14.024s][info][gc,cpu      ] GC(56) User=0.53s Sys=0.00s Real=0.14s
[14.324s][info][gc,start    ] GC(57) Pause Young (Normal) (G1 Evacuation Pause)
[14.324s][info][gc,task     ] GC(57) Using 4 workers of 4 for evacuation
[14.342s][info][gc,phases   ] GC(57)   Pre Evacuate Collection Set: 0.1ms
[14.342s][info][gc,phases   ] GC(57)   Merge Heap Roots: 0.2ms
[14.342s][info][gc,phases   ] GC(57)   Evacuate Collection Set: 17.1ms
[14.342s][info][gc,phases   ] GC(57)   Post Evacuate Collection Set: 0.3ms
[14.342s][info][gc,phases   ] GC(57)   Other: 0.2ms
[14.342s][info][gc,heap     ] GC(57) Eden regions: 349->0(401)
[14.342s][info][gc,heap     ] GC(57) Survivor regions: 56->11(51)
[14.342s][info][gc,heap     ] GC(57) Old regions: 94->94
[14.342s][info][gc,heap     ] GC(57) Archive regions: 0->0
[14.342s][info][gc,heap     ] GC(57) Humongous regions: 36->36
[14.342s][info][gc,metaspace] GC(57) Metaspace: 491K(640K)->491K(640K) NonClass: 453K(512K)->453K(512K) Class: 37K(128K)->37K(128K)
[14.342s][info][gc          ] GC(57) Pause Young (Normal) (G1 Evacuation Pause) 534M->140M(768M) 18.072ms
[14.342s][info][gc,cpu      ] GC(57) User=0.05s Sys=0.00s Real=0.02s
[14.648s][info][gc,start    ] GC(58) Pause Young (Normal) (G1 Evacuation Pause)
[14.648s][info][gc,task     ] GC(58) Using 4 workers of 4 for evacuation
[14.760s][info][gc,phases   ] GC(58)   Pre Evacuate Collection Set: 0.1ms
[14.760s][info][gc,phases   ] GC(58)   Merge Heap Roots: 0.2ms
[14.760s][info][gc,phases   ] GC(58)   Evacuate Collection Set: 111.4ms
[14.760s][info][gc,phases   ] GC(58)   Post Evacuate Collection Set: 0.4ms
[14.760s][info][gc,phases   ] GC(58)   Other: 0.2ms
[14.760s][info][gc,heap     ] GC(58) Eden regions: 401->0(332)
[14.760s][info][gc,heap     ] GC(58) Survivor regions: 11->52(52)
[14.760s][info][gc,heap     ] GC(58) Old regions: 94->133
[14.760s][info][gc,heap     ] GC(58) Archive regions: 0->0
[14.760s][info][gc,heap     ] GC(58) Humongous regions: 36->36
[14.760s][info][gc,metaspace] GC(58) Metaspace: 491K(640K)->491K(640K) NonClass: 453K(512K)->453K(512K) Class: 37K(128K)->37K(128K)
[14.760s][info][gc          ] GC(58) Pause Young (Normal) (G1 Evacuation Pause) 541M->220M(768M) 112.564ms
[14.760s][info][gc,cpu      ] GC(58) User=0.41s Sys=0.00s Real=0.11s
[15.046s][info][gc,start    ] GC(59) Pause Young (Normal) (G1 Evacuation Pause)
[15.046s][info][gc,task     ] GC(59) Using 4 workers of 4 for evacuation
[15.194s][info][gc,phases   ] GC(59)   Pre Evacuate Collection Set: 0.1ms
[15.194s][info][gc,phases   ] GC(59)   Merge Heap Roots: 0.2ms
[15.194s][info][gc,phases   ] GC(59)   Evacuate Collection Set: 147.5ms
[15.194s][info][gc,phases   ] GC(59)   Post Evacuate Collection Set: 0.4ms
[15.194s][info][gc,phases   ] GC(59)   Other: 0.2ms
[15.194s][info][gc,heap     ] GC(59) Eden regions: 332->0(279)
[15.194s][info][gc,heap     ] GC(59) Survivor regions: 52->48(48)
[15.194s][info][gc,heap     ] GC(59) Old regions: 133->204
[15.194s][info][gc,heap     ] GC(59) Archive regions: 0->0
[15.194s][info][gc,heap     ] GC(59) Humongous regions: 36->36
[15.194s][info][gc,metaspace] GC(59) Metaspace: 491K(640K)->491K(640K) NonClass: 453K(512K)->453K(512K) Class: 37K(128K)->37K(128K)
[15.195s][info][gc          ] GC(59) Pause Young (Normal) (G1 Evacuation Pause) 552M->287M(768M) 148.794ms
[15.195s][info][gc,cpu      ] GC(59) User=0.56s Sys=0.00s Real=0.15s
[15.413s][info][gc,start    ] GC(60) Pause Young (Normal) (G1 Evacuation Pause)
[15.413s][info][gc,task     ] GC(60) Using 4 workers of 4 for evacuation
[15.431s][info][gc,phases   ] GC(60)   Pre Evacuate Collection Set: 0.1ms
[15.431s][info][gc,phases   ] GC(60)   Merge Heap Roots: 0.2ms
[15.431s][info][gc,phases   ] GC(60)   Evacuate Collection Set: 17.1ms
[15.431s][info][gc,phases   ] GC(60)   Post Evacuate Collection Set: 0.5ms
[15.431s][info][gc,phases   ] GC(60)   Other: 0.1ms
[15.431s][info][gc,heap     ] GC(60) Eden regions: 279->0(321)
[15.431s][info][gc,heap     ] GC(60) Survivor regions: 48->11(41)
[15.431s][info][gc,heap     ] GC(60) Old regions: 204->204
[15.431s][info][gc,heap     ] GC(60) Archive regions: 0->0
[15.431s][info][gc,heap     ] GC(60) Humongous regions: 36->36
[15.432s][info][gc,metaspace] GC(60) Metaspace: 491K(640K)->491K(640K) NonClass: 453K(512K)->453K(512K) Class: 37K(128K)->37K(128K)
[15.432s][info][gc          ] GC(60) Pause Young (Normal) (G1 Evacuation Pause) 566M->250M(768M) 18.183ms
[15.432s][info][gc,cpu      ] GC(60) User=0.06s Sys=0.00s Real=0.02s
[15.715s][info][gc,start    ] GC(61) Pause Young (Normal) (G1 Evacuation Pause)
[15.715s][info][gc,task     ] GC(61) Using 4 workers of 4 for evacuation
[15.820s][info][gc,phases   ] GC(61)   Pre Evacuate Collection Set: 0.1ms
[15.820s][info][gc,phases   ] GC(61)   Merge Heap Roots: 0.2ms
[15.820s][info][gc,phases   ] GC(61)   Evacuate Collection Set: 104.2ms
[15.820s][info][gc,phases   ] GC(61)   Post Evacuate Collection Set: 0.4ms
[15.820s][info][gc,phases   ] GC(61)   Other: 0.2ms
[15.820s][info][gc,heap     ] GC(61) Eden regions: 321->0(265)
[15.820s][info][gc,heap     ] GC(61) Survivor regions: 11->42(42)
[15.821s][info][gc,heap     ] GC(61) Old regions: 204->237
[15.821s][info][gc,heap     ] GC(61) Archive regions: 0->0
[15.821s][info][gc,heap     ] GC(61) Humongous regions: 36->36
[15.821s][info][gc,metaspace] GC(61) Metaspace: 491K(640K)->491K(640K) NonClass: 453K(512K)->453K(512K) Class: 37K(128K)->37K(128K)
[15.821s][info][gc          ] GC(61) Pause Young (Normal) (G1 Evacuation Pause) 571M->314M(768M) 105.383ms
[15.821s][info][gc,cpu      ] GC(61) User=0.41s Sys=0.00s Real=0.11s
[16.027s][info][gc,start    ] GC(62) Pause Young (Normal) (G1 Evacuation Pause)
[16.028s][info][gc,task     ] GC(62) Using 4 workers of 4 for evacuation
[16.145s][info][gc,phases   ] GC(62)   Pre Evacuate Collection Set: 0.1ms
[16.145s][info][gc,phases   ] GC(62)   Merge Heap Roots: 0.2ms
[16.145s][info][gc,phases   ] GC(62)   Evacuate Collection Set: 116.5ms
[16.145s][info][gc,phases   ] GC(62)   Post Evacuate Collection Set: 0.3ms
[16.145s][info][gc,phases   ] GC(62)   Other: 0.2ms
[16.145s][info][gc,heap     ] GC(62) Eden regions: 265->0(223)
[16.145s][info][gc,heap     ] GC(62) Survivor regions: 42->39(39)
[16.145s][info][gc,heap     ] GC(62) Old regions: 237->294
[16.145s][info][gc,heap     ] GC(62) Archive regions: 0->0
[16.145s][info][gc,heap     ] GC(62) Humongous regions: 36->36
[16.145s][info][gc,metaspace] GC(62) Metaspace: 491K(640K)->491K(640K) NonClass: 453K(512K)->453K(512K) Class: 37K(128K)->37K(128K)
[16.145s][info][gc          ] GC(62) Pause Young (Normal) (G1 Evacuation Pause) 579M->368M(768M) 117.645ms
[16.145s][info][gc,cpu      ] GC(62) User=0.47s Sys=0.00s Real=0.12s
[16.343s][info][gc,start    ] GC(63) Pause Young (Normal) (G1 Evacuation Pause)
[16.344s][info][gc,task     ] GC(63) Using 4 workers of 4 for evacuation
[16.446s][info][gc,phases   ] GC(63)   Pre Evacuate Collection Set: 0.1ms
[16.446s][info][gc,phases   ] GC(63)   Merge Heap Roots: 0.1ms
[16.446s][info][gc,phases   ] GC(63)   Evacuate Collection Set: 102.2ms
[16.446s][info][gc,phases   ] GC(63)   Post Evacuate Collection Set: 0.3ms
[16.446s][info][gc,phases   ] GC(63)   Other: 0.2ms
[16.446s][info][gc,heap     ] GC(63) Eden regions: 223->0(189)
[16.447s][info][gc,heap     ] GC(63) Survivor regions: 39->33(33)
[16.447s][info][gc,heap     ] GC(63) Old regions: 294->346
[16.447s][info][gc,heap     ] GC(63) Archive regions: 0->0
[16.447s][info][gc,heap     ] GC(63) Humongous regions: 36->36
[16.447s][info][gc,metaspace] GC(63) Metaspace: 491K(640K)->491K(640K) NonClass: 453K(512K)->453K(512K) Class: 37K(128K)->37K(128K)
[16.447s][info][gc          ] GC(63) Pause Young (Normal) (G1 Evacuation Pause) 591M->414M(768M) 103.130ms
[16.447s][info][gc,cpu      ] GC(63) User=0.41s Sys=0.00s Real=0.10s
[16.594s][info][gc,start    ] GC(64) Pause Young (Concurrent Start) (G1 Evacuation Pause)
[16.594s][info][gc,task     ] GC(64) Using 4 workers of 4 for evacuation
[16.608s][info][gc,phases   ] GC(64)   Pre Evacuate Collection Set: 0.1ms
[16.608s][info][gc,phases   ] GC(64)   Merge Heap Roots: 0.1ms
[16.608s][info][gc,phases   ] GC(64)   Evacuate Collection Set: 13.9ms
[16.608s][info][gc,phases   ] GC(64)   Post Evacuate Collection Set: 0.3ms
[16.608s][info][gc,phases   ] GC(64)   Other: 0.2ms
[16.608s][info][gc,heap     ] GC(64) Eden regions: 189->0(215)
[16.608s][info][gc,heap     ] GC(64) Survivor regions: 33->10(28)
[16.608s][info][gc,heap     ] GC(64) Old regions: 346->346
[16.608s][info][gc,heap     ] GC(64) Archive regions: 0->0
[16.609s][info][gc,heap     ] GC(64) Humongous regions: 36->36
[16.609s][info][gc,metaspace] GC(64) Metaspace: 491K(640K)->491K(640K) NonClass: 453K(512K)->453K(512K) Class: 37K(128K)->37K(128K)
[16.609s][info][gc          ] GC(64) Pause Young (Concurrent Start) (G1 Evacuation Pause) 603M->391M(768M) 14.904ms
[16.609s][info][gc,cpu      ] GC(64) User=0.06s Sys=0.00s Real=0.02s
[16.609s][info][gc          ] GC(65) Concurrent Mark Cycle
[16.609s][info][gc,marking  ] GC(65) Concurrent Clear Claimed Marks
[16.609s][info][gc,marking  ] GC(65) Concurrent Clear Claimed Marks 0.018ms
[16.609s][info][gc,marking  ] GC(65) Concurrent Scan Root Regions
[16.617s][info][gc,marking  ] GC(65) Concurrent Scan Root Regions 8.341ms
[16.617s][info][gc,marking  ] GC(65) Concurrent Mark
[16.617s][info][gc,marking  ] GC(65) Concurrent Mark From Roots
[16.617s][info][gc,task     ] GC(65) Using 1 workers of 1 for marking
[16.642s][info][gc,marking  ] GC(65) Concurrent Mark From Roots 25.233ms
[16.642s][info][gc,marking  ] GC(65) Concurrent Preclean
[16.643s][info][gc,marking  ] GC(65) Concurrent Preclean 0.070ms
[16.643s][info][gc,start    ] GC(65) Pause Remark
[16.643s][info][gc          ] GC(65) Pause Remark 421M->82M(768M) 0.549ms
[16.643s][info][gc,cpu      ] GC(65) User=0.00s Sys=0.00s Real=0.00s
[16.643s][info][gc,marking  ] GC(65) Concurrent Mark 26.114ms
[16.643s][info][gc,marking  ] GC(65) Concurrent Rebuild Remembered Sets
[16.664s][info][gc,marking  ] GC(65) Concurrent Rebuild Remembered Sets 21.031ms
[16.664s][info][gc,start    ] GC(65) Pause Cleanup
[16.665s][info][gc          ] GC(65) Pause Cleanup 109M->109M(768M) 0.120ms
[16.665s][info][gc,cpu      ] GC(65) User=0.00s Sys=0.00s Real=0.00s
[16.665s][info][gc,marking  ] GC(65) Concurrent Cleanup for Next Mark
[16.665s][info][gc,marking  ] GC(65) Concurrent Cleanup for Next Mark 0.717ms
[16.665s][info][gc          ] GC(65) Concurrent Mark Cycle 56.766ms
[16.787s][info][gc,start    ] GC(66) Pause Young (Normal) (G1 Evacuation Pause)
[16.787s][info][gc,task     ] GC(66) Using 4 workers of 4 for evacuation
[16.854s][info][gc,phases   ] GC(66)   Pre Evacuate Collection Set: 0.1ms
[16.854s][info][gc,phases   ] GC(66)   Merge Heap Roots: 0.1ms
[16.854s][info][gc,phases   ] GC(66)   Evacuate Collection Set: 65.7ms
[16.854s][info][gc,phases   ] GC(66)   Post Evacuate Collection Set: 0.3ms
[16.854s][info][gc,phases   ] GC(66)   Other: 0.2ms
[16.854s][info][gc,heap     ] GC(66) Eden regions: 215->0(420)
[16.854s][info][gc,heap     ] GC(66) Survivor regions: 10->29(29)
[16.854s][info][gc,heap     ] GC(66) Old regions: 7->30
[16.854s][info][gc,heap     ] GC(66) Archive regions: 0->0
[16.854s][info][gc,heap     ] GC(66) Humongous regions: 36->36
[16.854s][info][gc,metaspace] GC(66) Metaspace: 491K(640K)->491K(640K) NonClass: 453K(512K)->453K(512K) Class: 37K(128K)->37K(128K)
[16.854s][info][gc          ] GC(66) Pause Young (Normal) (G1 Evacuation Pause) 267M->94M(768M) 66.818ms
[16.854s][info][gc,cpu      ] GC(66) User=0.23s Sys=0.00s Real=0.07s
[17.198s][info][gc,start    ] GC(67) Pause Young (Normal) (G1 Evacuation Pause)
[17.198s][info][gc,task     ] GC(67) Using 4 workers of 4 for evacuation
[17.346s][info][gc,phases   ] GC(67)   Pre Evacuate Collection Set: 0.1ms
[17.346s][info][gc,phases   ] GC(67)   Merge Heap Roots: 0.2ms
[17.346s][info][gc,phases   ] GC(67)   Evacuate Collection Set: 147.6ms
[17.347s][info][gc,phases   ] GC(67)   Post Evacuate Collection Set: 0.4ms
[17.347s][info][gc,phases   ] GC(67)   Other: 0.2ms
[17.347s][info][gc,heap     ] GC(67) Eden regions: 420->0(354)
[17.347s][info][gc,heap     ] GC(67) Survivor regions: 29->57(57)
[17.347s][info][gc,heap     ] GC(67) Old regions: 30->87
[17.347s][info][gc,heap     ] GC(67) Archive regions: 0->0
[17.347s][info][gc,heap     ] GC(67) Humongous regions: 36->36
[17.347s][info][gc,metaspace] GC(67) Metaspace: 491K(640K)->491K(640K) NonClass: 453K(512K)->453K(512K) Class: 37K(128K)->37K(128K)
[17.347s][info][gc          ] GC(67) Pause Young (Normal) (G1 Evacuation Pause) 514M->179M(768M) 148.735ms
[17.347s][info][gc,cpu      ] GC(67) User=0.58s Sys=0.00s Real=0.15s
[17.620s][info][gc,start    ] GC(68) Pause Young (Normal) (G1 Evacuation Pause)
[17.620s][info][gc,task     ] GC(68) Using 4 workers of 4 for evacuation
[17.633s][info][gc,phases   ] GC(68)   Pre Evacuate Collection Set: 0.1ms
[17.633s][info][gc,phases   ] GC(68)   Merge Heap Roots: 0.3ms
[17.633s][info][gc,phases   ] GC(68)   Evacuate Collection Set: 11.9ms
[17.633s][info][gc,phases   ] GC(68)   Post Evacuate Collection Set: 0.5ms
[17.633s][info][gc,phases   ] GC(68)   Other: 0.2ms
[17.633s][info][gc,heap     ] GC(68) Eden regions: 354->0(412)
[17.633s][info][gc,heap     ] GC(68) Survivor regions: 57->6(52)
[17.633s][info][gc,heap     ] GC(68) Old regions: 87->87
[17.633s][info][gc,heap     ] GC(68) Archive regions: 0->0
[17.633s][info][gc,heap     ] GC(68) Humongous regions: 36->36
[17.633s][info][gc,metaspace] GC(68) Metaspace: 491K(640K)->491K(640K) NonClass: 453K(512K)->453K(512K) Class: 37K(128K)->37K(128K)
[17.633s][info][gc          ] GC(68) Pause Young (Normal) (G1 Evacuation Pause) 533M->128M(768M) 13.065ms
[17.633s][info][gc,cpu      ] GC(68) User=0.06s Sys=0.00s Real=0.01s
[17.962s][info][gc,start    ] GC(69) Pause Young (Normal) (G1 Evacuation Pause)
[17.962s][info][gc,task     ] GC(69) Using 4 workers of 4 for evacuation
[18.071s][info][gc,phases   ] GC(69)   Pre Evacuate Collection Set: 0.1ms
[18.071s][info][gc,phases   ] GC(69)   Merge Heap Roots: 0.2ms
[18.071s][info][gc,phases   ] GC(69)   Evacuate Collection Set: 108.7ms
[18.071s][info][gc,phases   ] GC(69)   Post Evacuate Collection Set: 0.4ms
[18.071s][info][gc,phases   ] GC(69)   Other: 0.2ms
[18.071s][info][gc,heap     ] GC(69) Eden regions: 412->0(340)
[18.071s][info][gc,heap     ] GC(69) Survivor regions: 6->53(53)
[18.071s][info][gc,heap     ] GC(69) Old regions: 87->121
[18.072s][info][gc,heap     ] GC(69) Archive regions: 0->0
[18.072s][info][gc,heap     ] GC(69) Humongous regions: 36->36
[18.072s][info][gc,metaspace] GC(69) Metaspace: 491K(640K)->491K(640K) NonClass: 453K(512K)->453K(512K) Class: 37K(128K)->37K(128K)
[18.072s][info][gc          ] GC(69) Pause Young (Normal) (G1 Evacuation Pause) 540M->210M(768M) 109.739ms
[18.072s][info][gc,cpu      ] GC(69) User=0.41s Sys=0.00s Real=0.11s
[18.339s][info][gc,start    ] GC(70) Pause Young (Normal) (G1 Evacuation Pause)
[18.339s][info][gc,task     ] GC(70) Using 4 workers of 4 for evacuation
[18.498s][info][gc,phases   ] GC(70)   Pre Evacuate Collection Set: 0.1ms
[18.498s][info][gc,phases   ] GC(70)   Merge Heap Roots: 0.2ms
[18.498s][info][gc,phases   ] GC(70)   Evacuate Collection Set: 157.5ms
[18.498s][info][gc,phases   ] GC(70)   Post Evacuate Collection Set: 0.4ms
[18.498s][info][gc,phases   ] GC(70)   Other: 0.2ms
[18.498s][info][gc,heap     ] GC(70) Eden regions: 340->0(285)
[18.498s][info][gc,heap     ] GC(70) Survivor regions: 53->50(50)
[18.498s][info][gc,heap     ] GC(70) Old regions: 121->194
[18.498s][info][gc,heap     ] GC(70) Archive regions: 0->0
[18.498s][info][gc,heap     ] GC(70) Humongous regions: 36->36
[18.498s][info][gc,metaspace] GC(70) Metaspace: 491K(640K)->491K(640K) NonClass: 453K(512K)->453K(512K) Class: 37K(128K)->37K(128K)
[18.498s][info][gc          ] GC(70) Pause Young (Normal) (G1 Evacuation Pause) 550M->279M(768M) 158.651ms
[18.498s][info][gc,cpu      ] GC(70) User=0.56s Sys=0.00s Real=0.16s
[18.723s][info][gc,start    ] GC(71) Pause Young (Normal) (G1 Evacuation Pause)
[18.723s][info][gc,task     ] GC(71) Using 4 workers of 4 for evacuation
[18.740s][info][gc,phases   ] GC(71)   Pre Evacuate Collection Set: 0.1ms
[18.740s][info][gc,phases   ] GC(71)   Merge Heap Roots: 0.2ms
[18.740s][info][gc,phases   ] GC(71)   Evacuate Collection Set: 16.5ms
[18.740s][info][gc,phases   ] GC(71)   Post Evacuate Collection Set: 0.3ms
[18.740s][info][gc,phases   ] GC(71)   Other: 0.1ms
[18.740s][info][gc,heap     ] GC(71) Eden regions: 285->0(329)
[18.740s][info][gc,heap     ] GC(71) Survivor regions: 50->11(42)
[18.740s][info][gc,heap     ] GC(71) Old regions: 194->194
[18.740s][info][gc,heap     ] GC(71) Archive regions: 0->0
[18.740s][info][gc,heap     ] GC(71) Humongous regions: 36->36
[18.740s][info][gc,metaspace] GC(71) Metaspace: 491K(640K)->491K(640K) NonClass: 453K(512K)->453K(512K) Class: 37K(128K)->37K(128K)
[18.740s][info][gc          ] GC(71) Pause Young (Normal) (G1 Evacuation Pause) 564M->240M(768M) 17.376ms
[18.741s][info][gc,cpu      ] GC(71) User=0.06s Sys=0.00s Real=0.02s
[18.833s][info][gc,heap,exit] Heap
[18.833s][info][gc,heap,exit]  garbage-first heap   total 786432K, used 354818K [0x00000000d0000000, 0x0000000100000000)
[18.833s][info][gc,heap,exit]   region size 1024K, 118 young (120832K), 11 survivors (11264K)
[18.833s][info][gc,heap,exit]  Metaspace       used 536K, committed 704K, reserved 1056768K
[18.833s][info][gc,heap,exit]   class space    used 41K, committed 128K, reserved 1048576K
